--------- beginning of system
01-01 00:00:10.343   548   548 I vold    : Vold 3.0 (the awakening) firing up
01-01 00:00:10.347   548   548 V vold    : Detected support for: ext4 vfat
01-01 00:00:10.356   548   566 D vold    : e4crypt_init_user0
01-01 00:00:10.356   548   566 D vold    : e4crypt_prepare_user_storage for volume null, user 0, serial 0, flags 1
01-01 00:00:10.356   548   566 D vold    : Preparing: /data/system/users/0
01-01 00:00:10.373   548   566 D vold    : Preparing: /data/misc/profiles/cur/0
01-01 00:00:10.373   548   566 D vold    : Preparing: /data/system_de/0
01-01 00:00:10.375   548   566 D vold    : Preparing: /data/misc_de/0
01-01 00:00:10.375   548   566 D vold    : Preparing: /data/user_de/0
01-01 00:00:10.376   548   566 D vold    : e4crypt_unlock_user_key 0 serial=0 token_present=0
01-01 00:00:10.381   548   564 V vold    : /system/bin/sgdisk
01-01 00:00:10.381   548   564 V vold    :     --android-dump
01-01 00:00:10.381   548   564 V vold    :     /dev/block/vold/disk:8,0
01-01 00:00:10.484   548   564 V vold    : DISK mbr
01-01 00:00:10.484   548   564 V vold    : 
01-01 00:00:10.484   548   564 V vold    : PART 1 c
01-01 00:00:10.484   548   564 V vold    : 
01-01 00:00:10.489   548   564 D vold    : partition number is 12
01-01 00:00:12.539   657   657 I irsc_util: Starting irsc tool
01-01 00:00:12.561   657   657 I irsc_util: Num of entries:292
01-01 00:00:12.563   657   657 I irsc_util: Ending irsc tool
01-01 00:00:12.653   640   640 I android.hardware.wifi@1.0-service: Wifi Hal is booting up...
01-01 00:00:13.450   702   740 I QISL    : QSEE Interrupt Service Listener Thread is started
01-01 00:00:13.499   702   740 I QISL    : QSEE Interrupt Service Listener was activated successfully
01-01 00:00:14.240   816   816 I installd: installd firing up
01-01 00:00:14.685   833   833 I wificond: wificond is starting up...
01-01 00:00:14.685   833   833 I wificond: InitializeIcuOrDie...
01-01 00:00:14.685   833   833 I wificond: InitializeIcuOrDie finished...
01-01 00:00:14.707   833   833 I wificond: wifigbk_init...
01-01 00:00:14.755   583   583 D Zygote32Timing: PostZygoteInitGC took to complete: 37ms
01-01 00:00:14.756   583   583 D Zygote32Timing: ZygoteInit took to complete: 70ms
01-01 00:00:14.942   833   833 E wificond: Failed to get wiphy indices
01-01 00:00:15.306   582   582 D Zygote64Timing: BeginIcuCachePinning took to complete: 162ms
01-01 00:00:16.532   582   582 D Zygote64Timing: PreloadClasses took to complete: 1226ms
01-01 00:00:16.833   582   582 D Zygote64Timing: PreloadResources took to complete: 300ms
01-01 00:00:16.928   582   582 D Zygote64Timing: ZygotePreload took to complete: 1786ms
01-01 00:00:16.976   582   582 D Zygote64Timing: PostZygoteInitGC took to complete: 47ms
01-01 00:00:16.976   582   582 D Zygote64Timing: ZygoteInit took to complete: 1869ms
01-01 00:00:17.352  1158  1158 I SystemServer: InitBeforeStartServices
01-01 00:00:17.353  1158  1158 W SystemServer: System clock is before 1970; setting to 1970.
01-01 00:00:17.354  1158  1158 I SystemServer: Entered the Android system server!
01-01 00:00:17.641  1158  1158 D SystemServerTiming: InitBeforeStartServices took to complete: 289ms
01-01 00:00:17.642  1158  1158 I SystemServer: StartServices
01-01 00:00:17.642  1158  1158 I SystemServer: ConfigToolService
01-01 00:00:17.643  1158  1158 D SystemServerTiming: ConfigToolService took to complete: 2ms
01-01 00:00:17.643  1158  1158 I SystemServer: SystemLogToolService
01-01 00:00:17.644  1158  1158 D SystemServerTiming: SystemLogToolService took to complete: 1ms
01-01 00:00:17.645  1158  1158 I SystemServer: SystemHistoryLogToolService
01-01 00:00:17.646  1158  1158 D SystemServerTiming: SystemHistoryLogToolService took to complete: 1ms
01-01 00:00:17.646  1158  1158 I SystemServer: Reading configuration...
01-01 00:00:17.646  1158  1158 I SystemServer: ReadingSystemConfig
01-01 00:00:17.648  1158  1158 D SystemServerTiming: ReadingSystemConfig took to complete: 1ms
01-01 00:00:17.648  1158  1158 I SystemServer: StartInstaller
01-01 00:00:17.648  1158  1158 I SystemServiceManager: Starting com.android.server.pm.Installer
01-01 00:00:17.655  1158  1158 D SystemServerTiming: StartInstaller took to complete: 7ms
01-01 00:00:17.655  1158  1158 I SystemServer: DeviceIdentifiersPolicyService
01-01 00:00:17.655  1158  1158 I SystemServiceManager: Starting com.android.server.os.DeviceIdentifiersPolicyService
01-01 00:00:17.657  1158  1158 D SystemServerTiming: DeviceIdentifiersPolicyService took to complete: 3ms
01-01 00:00:17.657  1158  1158 I SystemServer: StartActivityManager
01-01 00:00:17.657  1158  1158 I SystemServiceManager: Starting com.android.server.am.ActivityManagerService$Lifecycle
01-01 00:00:17.662  1158  1188 D SystemServerInitThreadPool: Started executing ReadingSystemConfig
01-01 00:00:17.666  1158  1188 I SystemConfig: Removing unsupported features
01-01 00:00:17.708  1158  1188 I chatty  : uid=1000 system_server identical 20 lines
01-01 00:00:17.709  1158  1188 I SystemConfig: Removing unsupported features
01-01 00:00:17.711  1158  1158 I ActivityManager: Memory class: 256
01-01 00:00:17.714  1158  1191 I ServiceThread: Enabled StrictMode logging for ActivityManager looper.
01-01 00:00:17.715  1158  1192 I ServiceThread: Enabled StrictMode logging for android.ui looper.
01-01 00:00:17.718  1158  1188 I SystemConfig: Removing unsupported features
01-01 00:00:17.732  1158  1188 I chatty  : uid=1000 system_server identical 4 lines
01-01 00:00:17.734  1158  1188 I SystemConfig: Removing unsupported features
01-01 00:00:17.735  1158  1158 D BatteryStatsImpl: Reading daily items from /data/system/batterystats-daily.xml
01-01 00:00:17.735  1158  1188 I SystemConfig: Removing unsupported features
01-01 00:00:17.739  1158  1188 I chatty  : uid=1000 system_server identical 3 lines
01-01 00:00:17.743  1158  1188 I SystemConfig: Removing unsupported features
01-01 00:00:17.743  1158  1188 D SystemConfig: Removed unsupport feature android.hardware.camera.autofocus
01-01 00:00:17.743  1158  1188 D SystemConfig: Removed unsupport feature android.hardware.camera.front
01-01 00:00:17.743  1158  1188 D SystemConfig: Removed unsupport feature android.hardware.sensor.light
01-01 00:00:17.743  1158  1188 D SystemConfig: Removed unsupport feature android.hardware.camera
01-01 00:00:17.743  1158  1188 D SystemConfig: Removed unsupport feature android.hardware.camera.any
01-01 00:00:17.746  1158  1188 I SystemConfig: Removing unsupported features
01-01 00:00:17.766  1158  1188 I chatty  : uid=1000 system_server identical 6 lines
01-01 00:00:17.767  1158  1188 I SystemConfig: Removing unsupported features
01-01 00:00:17.769  1158  1188 D SystemServerInitThreadPool: Finished executing ReadingSystemConfig
01-01 00:00:17.786  1158  1195 E BatteryExternalStatsWorker: no controller energy info supplied for telephony
01-01 00:00:17.795  1158  1195 W KernelMemoryBandwidthStats: No kernel memory bandwidth stats available
01-01 00:00:17.910  1158  1158 I IntentFirewall: Read new rules (A:0 B:0 S:0)
01-01 00:00:17.917  1158  1204 I ServiceThread: Enabled StrictMode logging for android.display looper.
01-01 00:00:17.931  1158  1158 D AppOps  : AppOpsService published
01-01 00:00:17.931  1158  1158 D SystemServerTiming: StartActivityManager took to complete: 274ms
01-01 00:00:17.931  1158  1158 I SystemServer: StartPowerManager
01-01 00:00:17.931  1158  1158 I SystemServiceManager: Starting com.android.server.power.PowerManagerService
01-01 00:00:17.933  1158  1206 I ServiceThread: Enabled StrictMode logging for PowerManagerService looper.
01-01 00:00:17.974  1158  1158 D SystemServerTiming: StartPowerManager took to complete: 42ms
01-01 00:00:17.974  1158  1158 I SystemServer: InitPowerManagement
01-01 00:00:17.976  1158  1158 D SystemServerTiming: InitPowerManagement took to complete: 1ms
01-01 00:00:17.976  1158  1158 I SystemServer: StartRecoverySystemService
01-01 00:00:17.976  1158  1158 I SystemServiceManager: Starting com.android.server.RecoverySystemService
01-01 00:00:17.977  1158  1158 D SystemServerTiming: StartRecoverySystemService took to complete: 2ms
01-01 00:00:17.978  1158  1158 V RescueParty: Disabled because of active USB connection
01-01 00:00:17.978  1158  1158 I SystemServer: StartLightsService
01-01 00:00:17.978  1158  1158 I SystemServiceManager: Starting com.android.server.lights.LightsService
01-01 00:00:17.979  1158  1158 D SystemServerTiming: StartLightsService took to complete: 0ms
01-01 00:00:17.979  1158  1158 I SystemServer: StartDisplayManager
01-01 00:00:17.979  1158  1158 I SystemServiceManager: Starting com.android.server.display.DisplayManagerService
01-01 00:00:17.983  1158  1158 D SystemServerTiming: StartDisplayManager took to complete: 4ms
01-01 00:00:17.983  1158  1158 I SystemServer: WaitForDisplay
01-01 00:00:17.983  1158  1158 I SystemServiceManager: Starting phase 100
01-01 00:00:17.990  1158  1204 I DisplayManagerService: Display device added: DisplayDeviceInfo{"Built-in Screen": uniqueId="local:0", 1920 x 1080, modeId 1, defaultModeId 1, supportedModes [{id=1, width=1920, height=1080, fps=60.000004}], colorMode 0, supportedColorModes [0], HdrCapabilities android.view.Display$HdrCapabilities@1d6308, density 240, 216.746 x 216.0 dpi, appVsyncOff 1000000, presDeadline 16666666, touch INTERNAL, rotation 0, type BUILT_IN, state UNKNOWN, FLAG_DEFAULT_DISPLAY, FLAG_ROTATES_WITH_CONTENT, FLAG_SECURE, FLAG_SUPPORTS_PROTECTED_BUFFERS}
01-01 00:00:17.994  1158  1158 D SystemServerTiming: WaitForDisplay took to complete: 11ms
01-01 00:00:17.994  1158  1204 I DisplayManagerService: Display device changed state: "Built-in Screen", ON
01-01 00:00:17.995  1158  1158 I SystemServer: Regionalization Service
01-01 00:00:17.996  1158  1158 I SystemServer: StartPackageManagerService
01-01 00:00:18.033  1158  1158 D SELinuxMMAC: Using policy file /system/etc/selinux/plat_mac_permissions.xml
01-01 00:00:18.036  1158  1158 D SELinuxMMAC: Using policy file /vendor/etc/selinux/nonplat_mac_permissions.xml
01-01 00:00:18.078  1158  1205 W ProcessCpuTracker: Skipping unknown process pid 1200
01-01 00:00:18.338  1158  1218 I PackageParser: Skipping target and overlay pair com.qualcomm.location.XT and null: overlay ignored due to required system property: persist.vendor.overlay.izat.optin with value: rro
01-01 00:00:18.340  1158  1158 W PackageManager: Failed to parse /vendor/overlay/OptInAppOverlay: /vendor/overlay/OptInAppOverlay/OptInAppOverlay.apk (at Binary XML file line #11): null
01-01 00:00:18.359  1158  1158 W PackageManager: Failed to parse /system/framework/oat: Missing base APK in /system/framework/oat
01-01 00:00:18.359  1158  1158 W PackageManager: Failed to parse /system/framework/arm64: Missing base APK in /system/framework/arm64
01-01 00:00:18.365  1158  1158 W PackageManager: Failed to parse /system/framework/arm: Missing base APK in /system/framework/arm
01-01 00:00:18.851  1158  1158 I PackageManager: Finished scanning system apps. Time: 539 ms, packageCount: 144 , timePerPackage: 3 , cached: 144
01-01 00:00:18.891  1158  1158 I PackageManager: Finished scanning non-system apps. Time: 40 ms, packageCount: 3 , timePerPackage: 13 , cached: 1
01-01 00:00:18.894  1158  1158 E PackageManager: updateAllSharedLibrariesLPw failed: Package com.qualcomm.qcrilmsgtunnel requires unavailable shared library android.hidl.manager@1.0-java; failing!
01-01 00:00:18.894  1158  1158 E PackageManager: updateAllSharedLibrariesLPw failed: Package com.qualcomm.qti.uim requires unavailable shared library com.qualcomm.qti.uim.uimservicelibrary; failing!
01-01 00:00:18.902  1158  1158 I PackageManager: Time to scan packages: 0.59 seconds
01-01 00:00:18.906  1158  1158 V PackageManager: reconcileAppsData for null u0 0x3 migrateAppData=true
01-01 00:00:18.909  1158  1158 W PackageManager: Destroying /data/user/0/media due to: com.android.server.pm.PackageManagerException: Package media is unknown
01-01 00:00:19.143  1158  1158 V PackageManager: reconcileAppsData finished 27 packages
01-01 00:00:19.147  1158  1264 D SystemServerInitThreadPool: Started executing prepareAppData
01-01 00:00:19.318  1158  1158 D PackageManager: Ephemeral resolver not found with new action; try old one
01-01 00:00:19.318  1158  1158 D PackageManager: Ephemeral resolver NOT found; no matching intent filters
01-01 00:00:19.319  1158  1158 D PackageManager: Ephemeral installer not found with new action; try old one
01-01 00:00:19.319  1158  1158 D PackageManager: Clear ephemeral installer activity
01-01 00:00:19.497  1158  1158 D SystemServerTiming: StartPackageManagerService took to complete: 1500ms
01-01 00:00:19.497  1158  1158 I SystemServer: StartOtaDexOptService
01-01 00:00:19.499  1158  1158 D OTADexopt: No upgrade, skipping A/B artifacts check.
01-01 00:00:19.499  1158  1158 D SystemServerTiming: StartOtaDexOptService took to complete: 2ms
01-01 00:00:19.499  1158  1158 I SystemServer: StartUserManagerService
01-01 00:00:19.499  1158  1158 I SystemServiceManager: Starting com.android.server.pm.UserManagerService$LifeCycle
01-01 00:00:19.501  1158  1158 D SystemServerTiming: StartUserManagerService took to complete: 1ms
01-01 00:00:19.501  1158  1158 I SystemServer: InitAttributerCache
01-01 00:00:19.501  1158  1158 D SystemServerTiming: InitAttributerCache took to complete: 1ms
01-01 00:00:19.501  1158  1158 I SystemServer: SetSystemProcess
01-01 00:00:19.521  1158  1158 D SystemServerTiming: SetSystemProcess took to complete: 19ms
01-01 00:00:19.522  1158  1282 I ServiceThread: Enabled StrictMode logging for android.anim looper.
01-01 00:00:19.523  1158  1158 I SystemServer: StartOverlayManagerService
01-01 00:00:19.535  1158  1158 D SystemServerTiming: StartOverlayManagerService took to complete: 12ms
01-01 00:00:19.536  1158  1158 I SystemServer: StartDropBoxManager
01-01 00:00:19.536  1158  1158 I SystemServiceManager: Starting com.android.server.DropBoxManagerService
01-01 00:00:19.537  1158  1284 D SystemServerInitThreadPool: Started executing Init OverlayManagerService
01-01 00:00:19.543  1158  1158 D SystemServerTiming: StartDropBoxManager took to complete: 7ms
01-01 00:00:19.543  1158  1158 I SystemServer: StartBatteryService
01-01 00:00:19.544  1158  1158 I SystemServiceManager: Starting com.android.server.BatteryService
01-01 00:00:19.546  1158  1285 D SystemServerInitThreadPool: Started executing StartSensorService
01-01 00:00:19.548  1158  1158 D SystemServerTiming: StartBatteryService took to complete: 6ms
01-01 00:00:19.548  1158  1158 I SystemServer: StartUsageService
01-01 00:00:19.549  1158  1158 I SystemServiceManager: Starting com.android.server.usage.UsageStatsService
01-01 00:00:19.567  1158  1264 D SystemServerTimingAsync: AppDataFixup took to complete: 415ms
01-01 00:00:19.571  1158  1158 D SystemServerTiming: StartUsageService took to complete: 23ms
01-01 00:00:19.571  1158  1158 I SystemServer: StartWebViewUpdateService
01-01 00:00:19.581  1158  1158 I SystemServiceManager: Starting com.android.server.webkit.WebViewUpdateService
01-01 00:00:19.586  1158  1285 D SystemServerTimingAsync: StartSensorService took to complete: 40ms
01-01 00:00:19.586  1158  1285 D SystemServerInitThreadPool: Finished executing StartSensorService
01-01 00:00:19.593  1158  1158 D SystemServerTiming: StartWebViewUpdateService took to complete: 22ms
01-01 00:00:19.595  1158  1188 D SystemServerInitThreadPool: Started executing SecondaryZygotePreload
01-01 00:00:19.595  1158  1188 I SystemServer: SecondaryZygotePreload
01-01 00:00:19.596  1158  1158 I SystemServer: StartKeyAttestationApplicationIdProviderService
01-01 00:00:19.596   832  1031 I /system/bin/storaged: storaged: Start
01-01 00:00:19.601  1158  1158 D SystemServerTiming: StartKeyAttestationApplicationIdProviderService took to complete: 4ms
01-01 00:00:19.601  1158  1158 I SystemServer: StartKeyChainSystemService
01-01 00:00:19.601  1158  1158 I SystemServiceManager: Starting com.android.server.security.KeyChainSystemService
01-01 00:00:19.601  1158  1158 D SystemServerTiming: StartKeyChainSystemService took to complete: 1ms
01-01 00:00:19.602  1158  1158 I SystemServer: StartSchedulingPolicyService
01-01 00:00:19.603  1158  1158 D SystemServerTiming: StartSchedulingPolicyService took to complete: 1ms
01-01 00:00:19.603  1158  1158 I SystemServer: StartTelecomLoaderService
01-01 00:00:19.604  1158  1158 I SystemServiceManager: Starting com.android.server.telecom.TelecomLoaderService
01-01 00:00:19.604  1158  1158 D SystemServerTiming: StartTelecomLoaderService took to complete: 1ms
01-01 00:00:19.605  1158  1158 I SystemServer: StartTelephonyRegistry
01-01 00:00:19.620  1158  1158 D SystemServerTiming: StartTelephonyRegistry took to complete: 15ms
01-01 00:00:19.620  1158  1158 I SystemServer: StartEntropyMixer
01-01 00:00:19.623  1158  1158 I EntropyMixer: Writing entropy...
01-01 00:00:19.647  1158  1158 D SystemServerTiming: StartEntropyMixer took to complete: 26ms
01-01 00:00:19.647  1158  1158 I SystemServer: StartAccountManagerService
01-01 00:00:19.648  1158  1158 I SystemServiceManager: Starting com.android.server.accounts.AccountManagerService$Lifecycle
01-01 00:00:19.652   583   583 D ZygoteInitTiming_lazy: BeginIcuCachePinning took to complete: 34ms
01-01 00:00:19.673  1158  1158 D SystemServerTiming: StartAccountManagerService took to complete: 25ms
01-01 00:00:19.673  1158  1158 I SystemServer: StartContentService
01-01 00:00:19.673  1158  1158 I SystemServiceManager: Starting com.android.server.content.ContentService$Lifecycle
01-01 00:00:19.676  1158  1158 D SystemServerTiming: StartContentService took to complete: 4ms
01-01 00:00:19.676  1158  1158 I SystemServer: InstallSystemProviders
01-01 00:00:19.745  1158  1284 D SystemServerInitThreadPool: Finished executing Init OverlayManagerService
01-01 00:00:19.777  1158  1158 D SystemServerTiming: InstallSystemProviders took to complete: 100ms
01-01 00:00:19.777  1158  1158 I SystemServer: StartVibratorService
01-01 00:00:19.786  1158  1158 D SystemServerTiming: StartVibratorService took to complete: 9ms
01-01 00:00:19.786  1158  1158 I SystemServer: StartConsumerIrService
01-01 00:00:19.792  1158  1158 D SystemServerTiming: StartConsumerIrService took to complete: 5ms
01-01 00:00:19.792  1158  1158 I SystemServer: StartAlarmManagerService
01-01 00:00:19.792  1158  1158 I SystemServiceManager: Starting com.android.server.AlarmManagerService
01-01 00:00:19.850  1158  1158 D SystemServerTiming: StartAlarmManagerService took to complete: 58ms
01-01 00:00:19.850  1158  1158 I SystemServer: InitWatchdog
01-01 00:00:19.851  1158  1158 D SystemServerTiming: InitWatchdog took to complete: 1ms
01-01 00:00:19.851  1158  1158 I SystemServer: StartInputManagerService
01-01 00:00:19.852  1158  1158 I InputManager: Initializing input manager, mUseDevInputEventForAudioJack=false
01-01 00:00:19.854  1158  1158 D SystemServerTiming: StartInputManagerService took to complete: 3ms
01-01 00:00:19.854  1158  1158 I SystemServer: StartWindowManagerService
01-01 00:00:19.887  1158  1204 I WindowManager: No existing display settings /data/system/display_settings.xml; starting empty
01-01 00:00:20.012  1158  1192 V WindowManager: Broadcasting Intent for HDMI HPD :false
01-01 00:00:20.022  1158  1158 D SystemServerTiming: StartWindowManagerService took to complete: 168ms
01-01 00:00:20.022  1158  1158 I SystemServer: StartVrManagerService
01-01 00:00:20.022  1158  1285 D SystemServerInitThreadPool: Started executing StartHidlServices
01-01 00:00:20.022  1158  1158 I SystemServiceManager: Starting com.android.server.vr.VrManagerService
01-01 00:00:20.042  1158  1285 D SystemServerTimingAsync: StartHidlServices took to complete: 19ms
01-01 00:00:20.042  1158  1285 D SystemServerInitThreadPool: Finished executing StartHidlServices
01-01 00:00:20.044  1158  1158 D SystemServerTiming: StartVrManagerService took to complete: 22ms
01-01 00:00:20.044  1158  1158 I SystemServer: SetWindowManagerService
01-01 00:00:20.051  1158  1158 D SystemServerTiming: SetWindowManagerService took to complete: 6ms
01-01 00:00:20.051  1158  1158 I SystemServer: StartInputManager
01-01 00:00:20.051  1158  1158 I InputManager: Starting input manager
01-01 00:00:20.054  1158  1158 D SystemServerTiming: StartInputManager took to complete: 3ms
01-01 00:00:20.054  1158  1158 I SystemServer: DisplayManagerWindowManagerAndInputReady
01-01 00:00:20.062  1158  1158 D SystemServerTiming: DisplayManagerWindowManagerAndInputReady took to complete: 8ms
01-01 00:00:20.063  1158  1158 I SystemServer: StartBluetoothService
01-01 00:00:20.088  1158  1158 I SystemServiceManager: Starting com.android.server.BluetoothService
01-01 00:00:20.092  1158  1158 D BluetoothManagerService: Loading stored name and address
01-01 00:00:20.092  1158  1158 D BluetoothManagerService: Stored bluetooth Name=MBUX Rearseat,Address=00:9D:6B:17:03:4B
01-01 00:00:20.092  1158  1158 D BluetoothManagerService: Bluetooth persisted state: 1
01-01 00:00:20.092  1158  1158 D BluetoothManagerService: Startup: Bluetooth persisted state is ON.
01-01 00:00:20.093  1158  1158 D SystemServerTiming: StartBluetoothService took to complete: 28ms
01-01 00:00:20.093  1158  1158 I SystemServer: IpConnectivityMetrics
01-01 00:00:20.101  1158  1158 I SystemServiceManager: Starting com.android.server.connectivity.IpConnectivityMetrics
01-01 00:00:20.131  1158  1158 D SystemServerTiming: IpConnectivityMetrics took to complete: 37ms
01-01 00:00:20.131  1158  1158 I SystemServer: PinnerService
01-01 00:00:20.131  1158  1158 I SystemServiceManager: Starting com.android.server.PinnerService
01-01 00:00:20.133  1158  1158 D SystemServerTiming: PinnerService took to complete: 2ms
01-01 00:00:20.133  1158  1158 I SystemServer: StartInputMethodManagerLifecycle
01-01 00:00:20.133  1158  1158 I SystemServiceManager: Starting com.android.server.InputMethodManagerService$Lifecycle
01-01 00:00:20.173  1158  1158 D SystemServerTiming: StartInputMethodManagerLifecycle took to complete: 39ms
01-01 00:00:20.173  1158  1158 I SystemServer: StartAccessibilityManagerService
01-01 00:00:20.204  1158  1158 D SystemServerTiming: StartAccessibilityManagerService took to complete: 32ms
01-01 00:00:20.205  1158  1158 I SystemServer: MakeDisplayReady
01-01 00:00:20.209  1158  1158 I ActivityManager: Config changes=5df8 {1.0 ?mcc?mnc [en_US] ldltr sw720dp w1280dp h720dp 240dpi xlrg long land ?uimode ?night -touch -keyb/v/h -nav/h appBounds=Rect(0, 0 - 1920, 1080) s.2}
01-01 00:00:20.214  1158  1158 I ActivityManager: Override config changes=40007dfc {1.0 ?mcc?mnc [en_US] ldltr sw720dp w1280dp h720dp 240dpi xlrg long land ?uimode ?night -touch -keyb/v/h -nav/h appBounds=Rect(0, 0 - 1920, 1080) s.2} for displayId=0
01-01 00:00:20.268  1158  1158 I ActivityManager: Config changes=400 {1.0 ?mcc?mnc [en_US] ldltr sw720dp w1280dp h650dp 240dpi xlrg long land ?uimode ?night -touch -keyb/v/h -nav/h appBounds=Rect(0, 0 - 1920, 1080) s.3}
01-01 00:00:20.280  1158  1158 I ActivityManager: Override config changes=400 {1.0 ?mcc?mnc [en_US] ldltr sw720dp w1280dp h650dp 240dpi xlrg long land ?uimode ?night -touch -keyb/v/h -nav/h appBounds=Rect(0, 0 - 1920, 1080) s.3} for displayId=0
01-01 00:00:20.288  1158  1190 I UsageStatsService: User[0] Rollover scheduled @ 1970-01-02 00:00:18(86418312)
01-01 00:00:20.291  1158  1158 D SystemServerTiming: MakeDisplayReady took to complete: 86ms
01-01 00:00:20.291  1158  1158 I SystemServer: StartStorageManagerService
01-01 00:00:20.291  1158  1158 I SystemServiceManager: Starting com.android.server.StorageManagerService$Lifecycle
01-01 00:00:20.321  1158  1158 D SystemServerTiming: StartStorageManagerService took to complete: 29ms
01-01 00:00:20.321  1158  1158 I SystemServer: StartStorageStatsService
01-01 00:00:20.321  1158  1158 I SystemServiceManager: Starting com.android.server.usage.StorageStatsService$Lifecycle
01-01 00:00:20.348  1158  1158 D SystemServerTiming: StartStorageStatsService took to complete: 28ms
01-01 00:00:20.349  1158  1158 I SystemServer: StartUiModeManager
01-01 00:00:20.349  1158  1158 I SystemServiceManager: Starting com.android.server.UiModeManagerService
01-01 00:00:20.352  1158  1284 D SystemServerInitThreadPool: Started executing UiModeManager.onStart
01-01 00:00:20.353  1158  1284 I ActivityManager: Config changes=200 {1.0 ?mcc?mnc [en_US] ldltr sw720dp w1280dp h650dp 240dpi xlrg long land car -touch -keyb/v/h -nav/h appBounds=Rect(0, 0 - 1920, 1080) s.4}
01-01 00:00:20.355  1158  1326 D StorageManagerService: Thinking about init, mSystemReady=false, mDaemonConnected=true
01-01 00:00:20.355  1158  1326 D StorageManagerService: Thinking about reset, mSystemReady=false, mDaemonConnected=true
01-01 00:00:20.355  1158  1326 D StorageManagerService: Thinking about init, mSystemReady=false, mDaemonConnected=true
01-01 00:00:20.355  1158  1326 D StorageManagerService: Thinking about reset, mSystemReady=false, mDaemonConnected=true
01-01 00:00:20.356  1158  1326 D CryptdConnector: SND -> {1 cryptfs getfield SystemLocale}
01-01 00:00:20.358  1158  1284 I ActivityManager: Override config changes=200 {1.0 ?mcc?mnc [en_US] ldltr sw720dp w1280dp h650dp 240dpi xlrg long land car -touch -keyb/v/h -nav/h appBounds=Rect(0, 0 - 1920, 1080) s.4} for displayId=0
01-01 00:00:20.363  1158  1284 D SystemServerInitThreadPool: Finished executing UiModeManager.onStart
01-01 00:00:20.367  1158  1328 D CryptdConnector: RCV <- {200 1 -1}
01-01 00:00:20.377  1158  1158 D SystemServerTiming: StartUiModeManager took to complete: 28ms
01-01 00:00:20.377  1158  1158 I SystemServer: UpdatePackagesIfNeeded
01-01 00:00:20.377  1158  1158 D SystemServerTiming: UpdatePackagesIfNeeded took to complete: 0ms
01-01 00:00:20.377  1158  1158 I SystemServer: PerformFstrimIfNeeded
01-01 00:00:20.378  1158  1158 D SystemServerTiming: PerformFstrimIfNeeded took to complete: 1ms
01-01 00:00:20.379  1158  1158 I SystemServer: StartLockSettingsService
01-01 00:00:20.379  1158  1158 I SystemServiceManager: Starting com.android.server.locksettings.LockSettingsService$Lifecycle
01-01 00:00:20.385  1158  1326 W StorageManagerService: No primary storage mounted!
01-01 00:00:20.385  1158  1326 D VoldConnector: SND -> {1 asec list}
01-01 00:00:20.387  1158  1327 D VoldConnector: RCV <- {200 1 asec operation succeeded}
01-01 00:00:20.407  1158  1158 D SystemServerTiming: StartLockSettingsService took to complete: 28ms
01-01 00:00:20.407  1158  1158 I SystemServer: StartPersistentDataBlock
01-01 00:00:20.407  1158  1158 I SystemServiceManager: Starting com.android.server.PersistentDataBlockService
01-01 00:00:20.409  1158  1158 D SystemServerTiming: StartPersistentDataBlock took to complete: 1ms
01-01 00:00:20.409  1158  1285 D SystemServerInitThreadPool: Started executing PersistentDataBlockService.onStart
01-01 00:00:20.409  1158  1158 I SystemServer: StartOemLockService
01-01 00:00:20.409  1158  1158 I SystemServiceManager: Starting com.android.server.oemlock.OemLockService
01-01 00:00:20.417  1158  1158 I OemLock : OemLock HAL not present on device
01-01 00:00:20.417  1158  1158 I OemLock : Using persistent data block based lock
01-01 00:00:20.420  1158  1158 D SystemServerTiming: StartOemLockService took to complete: 11ms
01-01 00:00:20.421  1158  1158 I SystemServer: StartDeviceIdleController
01-01 00:00:20.425  1158  1158 I SystemServiceManager: Starting com.android.server.DeviceIdleController
01-01 00:00:20.517  1158  1316 I ActivityManager: Config changes=8 {1.0 ?mcc?mnc [en_US] ldltr sw720dp w1280dp h650dp 240dpi xlrg long land car finger -keyb/v/h -nav/h appBounds=Rect(0, 0 - 1920, 1080) s.5}
01-01 00:00:20.522  1158  1316 I ActivityManager: Override config changes=8 {1.0 ?mcc?mnc [en_US] ldltr sw720dp w1280dp h650dp 240dpi xlrg long land car finger -keyb/v/h -nav/h appBounds=Rect(0, 0 - 1920, 1080) s.5} for displayId=0
01-01 00:00:20.566   583   583 D ZygoteInitTiming_lazy: PreloadClasses took to complete: 914ms
01-01 00:00:20.623  1158  1285 E PersistentDataBlockService: not able to find package com.google.android.gms
01-01 00:00:20.623  1158  1285 E PersistentDataBlockService: android.content.pm.PackageManager$NameNotFoundException: com.google.android.gms
01-01 00:00:20.623  1158  1285 E PersistentDataBlockService: 	at android.app.ApplicationPackageManager.getPackageUidAsUser(ApplicationPackageManager.java:282)
01-01 00:00:20.623  1158  1285 E PersistentDataBlockService: 	at com.android.server.PersistentDataBlockService.getAllowedUid(PersistentDataBlockService.java:112)
01-01 00:00:20.623  1158  1285 E PersistentDataBlockService: 	at com.android.server.PersistentDataBlockService.lambda$-com_android_server_PersistentDataBlockService_5033(PersistentDataBlockService.java:125)
01-01 00:00:20.623  1158  1285 E PersistentDataBlockService: 	at com.android.server.-$Lambda$VaVGUZuNs2jqHMhhxPzwNl4zK-M.$m$3(Unknown Source:4)
01-01 00:00:20.623  1158  1285 E PersistentDataBlockService: 	at com.android.server.-$Lambda$VaVGUZuNs2jqHMhhxPzwNl4zK-M.run(Unknown Source:23)
01-01 00:00:20.623  1158  1285 E PersistentDataBlockService: 	at com.android.server.SystemServerInitThreadPool.lambda$-com_android_server_SystemServerInitThreadPool_2249(SystemServerInitThreadPool.java:64)
01-01 00:00:20.623  1158  1285 E PersistentDataBlockService: 	at com.android.server.-$Lambda$Ganck_s9Kl5o2K6eVDoQTKLc-6g.$m$2(Unknown Source:8)
01-01 00:00:20.623  1158  1285 E PersistentDataBlockService: 	at com.android.server.-$Lambda$Ganck_s9Kl5o2K6eVDoQTKLc-6g.run(Unknown Source:19)
01-01 00:00:20.623  1158  1285 E PersistentDataBlockService: 	at java.util.concurrent.Executors$RunnableAdapter.call(Executors.java:457)
01-01 00:00:20.623  1158  1285 E PersistentDataBlockService: 	at java.util.concurrent.FutureTask.run(FutureTask.java:266)
01-01 00:00:20.623  1158  1285 E PersistentDataBlockService: 	at java.util.concurrent.ThreadPoolExecutor.runWorker(ThreadPoolExecutor.java:1162)
01-01 00:00:20.623  1158  1285 E PersistentDataBlockService: 	at java.util.concurrent.ThreadPoolExecutor$Worker.run(ThreadPoolExecutor.java:636)
01-01 00:00:20.623  1158  1285 E PersistentDataBlockService: 	at com.android.internal.util.ConcurrentUtils$1$1.run(ConcurrentUtils.java:59)
01-01 00:00:20.624  1158  1285 E PersistentDataBlockService: partition not available?
01-01 00:00:20.624  1158  1285 E PersistentDataBlockService: java.io.FileNotFoundException: /dev/block/bootdevice/by-name/frp (No such file or directory)
01-01 00:00:20.624  1158  1285 E PersistentDataBlockService: 	at java.io.FileInputStream.open0(Native Method)
01-01 00:00:20.624  1158  1285 E PersistentDataBlockService: 	at java.io.FileInputStream.open(FileInputStream.java:200)
01-01 00:00:20.624  1158  1285 E PersistentDataBlockService: 	at java.io.FileInputStream.<init>(FileInputStream.java:150)
01-01 00:00:20.624  1158  1285 E PersistentDataBlockService: 	at com.android.server.PersistentDataBlockService.computeDigestLocked(PersistentDataBlockService.java:268)
01-01 00:00:20.624  1158  1285 E PersistentDataBlockService: 	at com.android.server.PersistentDataBlockService.enforceChecksumValidity(PersistentDataBlockService.java:227)
01-01 00:00:20.624  1158  1285 E PersistentDataBlockService: 	at com.android.server.PersistentDataBlockService.lambda$-com_android_server_PersistentDataBlockService_5033(PersistentDataBlockService.java:126)
01-01 00:00:20.624  1158  1285 E PersistentDataBlockService: 	at com.android.server.-$Lambda$VaVGUZuNs2jqHMhhxPzwNl4zK-M.$m$3(Unknown Source:4)
01-01 00:00:20.624  1158  1285 E PersistentDataBlockService: 	at com.android.server.-$Lambda$VaVGUZuNs2jqHMhhxPzwNl4zK-M.run(Unknown Source:23)
01-01 00:00:20.624  1158  1285 E PersistentDataBlockService: 	at com.android.server.SystemServerInitThreadPool.lambda$-com_android_server_SystemServerInitThreadPool_2249(SystemServerInitThreadPool.java:64)
01-01 00:00:20.624  1158  1285 E PersistentDataBlockService: 	at com.android.server.-$Lambda$Ganck_s9Kl5o2K6eVDoQTKLc-6g.$m$2(Unknown Source:8)
01-01 00:00:20.624  1158  1285 E PersistentDataBlockService: 	at com.android.server.-$Lambda$Ganck_s9Kl5o2K6eVDoQTKLc-6g.run(Unknown Source:19)
01-01 00:00:20.624  1158  1285 E PersistentDataBlockService: 	at java.util.concurrent.Executors$RunnableAdapter.call(Executors.java:457)
01-01 00:00:20.624  1158  1285 E PersistentDataBlockService: 	at java.util.concurrent.FutureTask.run(FutureTask.java:266)
01-01 00:00:20.624  1158  1285 E PersistentDataBlockService: 	at java.util.concurrent.ThreadPoolExecutor.runWorker(ThreadPoolExecutor.java:1162)
01-01 00:00:20.624  1158  1285 E PersistentDataBlockService: 	at java.util.concurrent.ThreadPoolExecutor$Worker.run(ThreadPoolExecutor.java:636)
01-01 00:00:20.624  1158  1285 E PersistentDataBlockService: 	at com.android.internal.util.ConcurrentUtils$1$1.run(ConcurrentUtils.java:59)
01-01 00:00:20.624  1158  1285 I PersistentDataBlockService: Formatting FRP partition...
01-01 00:00:20.624  1158  1285 E PersistentDataBlockService: partition not available?
01-01 00:00:20.624  1158  1285 E PersistentDataBlockService: java.io.FileNotFoundException: /dev/block/bootdevice/by-name/frp (Permission denied)
01-01 00:00:20.624  1158  1285 E PersistentDataBlockService: 	at java.io.FileOutputStream.open0(Native Method)
01-01 00:00:20.624  1158  1285 E PersistentDataBlockService: 	at java.io.FileOutputStream.open(FileOutputStream.java:287)
01-01 00:00:20.624  1158  1285 E PersistentDataBlockService: 	at java.io.FileOutputStream.<init>(FileOutputStream.java:223)
01-01 00:00:20.624  1158  1285 E PersistentDataBlockService: 	at java.io.FileOutputStream.<init>(FileOutputStream.java:171)
01-01 00:00:20.624  1158  1285 E PersistentDataBlockService: 	at com.android.server.PersistentDataBlockService.formatPartitionLocked(PersistentDataBlockService.java:310)
01-01 00:00:20.624  1158  1285 E PersistentDataBlockService: 	at com.android.server.PersistentDataBlockService.enforceChecksumValidity(PersistentDataBlockService.java:230)
01-01 00:00:20.624  1158  1285 E PersistentDataBlockService: 	at com.android.server.PersistentDataBlockService.lambda$-com_android_server_PersistentDataBlockService_5033(PersistentDataBlockService.java:126)
01-01 00:00:20.624  1158  1285 E PersistentDataBlockService: 	at com.android.server.-$Lambda$VaVGUZuNs2jqHMhhxPzwNl4zK-M.$m$3(Unknown Source:4)
01-01 00:00:20.624  1158  1285 E PersistentDataBlockService: 	at com.android.server.-$Lambda$VaVGUZuNs2jqHMhhxPzwNl4zK-M.run(Unknown Source:23)
01-01 00:00:20.624  1158  1285 E PersistentDataBlockService: 	at com.android.server.SystemServerInitThreadPool.lambda$-com_android_server_SystemServerInitThreadPool_2249(SystemServerInitThreadPool.java:64)
01-01 00:00:20.624  1158  1285 E PersistentDataBlockService: 	at com.android.server.-$Lambda$Ganck_s9Kl5o2K6eVDoQTKLc-6g.$m$2(Unknown Source:8)
01-01 00:00:20.624  1158  1285 E PersistentDataBlockService: 	at com.android.server.-$Lambda$Ganck_s9Kl5o2K6eVDoQTKLc-6g.run(Unknown Source:19)
01-01 00:00:20.624  1158  1285 E PersistentDataBlockService: 	at java.util.concurrent.Executors$RunnableAdapter.call(Executors.java:457)
01-01 00:00:20.624  1158  1285 E PersistentDataBlockService: 	at java.util.concurrent.FutureTask.run(FutureTask.java:266)
01-01 00:00:20.624  1158  1285 E PersistentDataBlockService: 	at java.util.concurrent.ThreadPoolExecutor.runWorker(ThreadPoolExecutor.java:1162)
01-01 00:00:20.624  1158  1285 E PersistentDataBlockService: 	at java.util.concurrent.ThreadPoolExecutor$Worker.run(ThreadPoolExecutor.java:636)
01-01 00:00:20.624  1158  1285 E PersistentDataBlockService: 	at com.android.internal.util.ConcurrentUtils$1$1.run(ConcurrentUtils.java:59)
01-01 00:00:20.625  1158  1285 E PersistentDataBlockService: partition not available
01-01 00:00:20.629  1158  1158 W SystemServiceManager: Service com.android.server.DeviceIdleController took 198 ms in onStart
01-01 00:00:20.629  1158  1158 D SystemServerTiming: StartDeviceIdleController took to complete: 209ms
01-01 00:00:20.630  1158  1158 I SystemServer: StartDevicePolicyManager
01-01 00:00:20.630  1158  1158 I SystemServiceManager: Starting com.android.server.devicepolicy.DevicePolicyManagerService$Lifecycle
01-01 00:00:20.634  1158  1326 W StorageManagerService: No primary storage mounted!
01-01 00:00:20.634  1158  1326 D VoldConnector: SND -> {2 asec list}
01-01 00:00:20.636  1158  1327 D VoldConnector: RCV <- {200 2 asec operation succeeded}
01-01 00:00:20.641  1158  1285 D SystemServerInitThreadPool: Finished executing PersistentDataBlockService.onStart
01-01 00:00:20.656  1158  1158 D SystemServerTiming: StartDevicePolicyManager took to complete: 27ms
01-01 00:00:20.656  1158  1158 I SystemServer: StartStatusBarManagerService
01-01 00:00:20.659  1158  1158 D SystemServerTiming: StartStatusBarManagerService took to complete: 2ms
01-01 00:00:20.659  1158  1158 I SystemServer: StartClipboardService
01-01 00:00:20.659  1158  1158 I SystemServiceManager: Starting com.android.server.clipboard.ClipboardService
01-01 00:00:20.662  1158  1158 D SystemServerTiming: StartClipboardService took to complete: 4ms
01-01 00:00:20.662  1158  1158 I SystemServer: StartNetworkManagementService
01-01 00:00:20.677  1158  1336 I NetworkManagement: onDaemonConnected()
01-01 00:00:20.680  1158  1158 D SystemServerTiming: StartNetworkManagementService took to complete: 18ms
01-01 00:00:20.680  1158  1158 I SystemServer: StartTextServicesManager
01-01 00:00:20.681  1158  1158 I SystemServiceManager: Starting com.android.server.TextServicesManagerService$Lifecycle
01-01 00:00:20.684  1158  1158 W TextServicesManagerService: no available spell checker services found
01-01 00:00:20.685  1158  1158 D SystemServerTiming: StartTextServicesManager took to complete: 4ms
01-01 00:00:20.685  1158  1158 I SystemServer: StartNetworkScoreService
01-01 00:00:20.688  1158  1158 D SystemServerTiming: StartNetworkScoreService took to complete: 2ms
01-01 00:00:20.688  1158  1158 I SystemServer: StartNetworkStatsService
01-01 00:00:20.710  1158  1158 D SystemServerTiming: StartNetworkStatsService took to complete: 21ms
01-01 00:00:20.710  1158  1158 I SystemServer: StartNetworkPolicyManagerService
01-01 00:00:20.745   583   583 D ZygoteInitTiming_lazy: PreloadResources took to complete: 180ms
01-01 00:00:20.779  1158  1340 I ServiceThread: Enabled StrictMode logging for NetworkPolicy.uid looper.
01-01 00:00:20.782  1158  1158 D SystemServerTiming: StartNetworkPolicyManagerService took to complete: 73ms
01-01 00:00:20.782  1158  1158 I SystemServer: StartWifi
01-01 00:00:20.807  1158  1158 I SystemServiceManager: Starting com.android.server.wifi.WifiService
01-01 00:00:20.979  1158  1264 D SystemServerTimingAsync: AppDataPrepare took to complete: 1412ms
01-01 00:00:20.979  1158  1264 I PackageManager: Deferred reconcileAppsData finished 120 packages
01-01 00:00:20.979  1158  1264 D SystemServerInitThreadPool: Finished executing prepareAppData
01-01 00:00:21.147  1158  1158 D WifiController: set mStaAndApConcurrency=true
01-01 00:00:21.152  1158  1158 D SystemServerTiming: StartWifi took to complete: 369ms
01-01 00:00:21.152  1158  1158 I SystemServer: StartWifiScanning
01-01 00:00:21.155  1158  1158 I SystemServiceManager: Starting com.android.server.wifi.scanner.WifiScanningService
01-01 00:00:21.163  1158  1158 D SystemServerTiming: StartWifiScanning took to complete: 10ms
01-01 00:00:21.163  1158  1158 I SystemServer: StartWifiRtt
01-01 00:00:21.164  1158  1158 I SystemServiceManager: Starting com.android.server.wifi.RttService
01-01 00:00:21.171  1158  1158 D SystemServerTiming: StartWifiRtt took to complete: 7ms
01-01 00:00:21.171  1158  1158 I SystemServer: No Wi-Fi Aware Service (Aware support Not Present)
01-01 00:00:21.171  1158  1158 I SystemServer: StartEthernet
01-01 00:00:21.172  1158  1158 I SystemServiceManager: Starting com.android.server.ethernet.EthernetService
01-01 00:00:21.182  1158  1158 D SystemServerTiming: StartEthernet took to complete: 10ms
01-01 00:00:21.182  1158  1158 I SystemServer: StartConnectivityService
01-01 00:00:21.191  1158  1188 D SystemServerTimingAsync: SecondaryZygotePreload took to complete: 1596ms
01-01 00:00:21.191  1158  1188 D SystemServerInitThreadPool: Finished executing SecondaryZygotePreload
01-01 00:00:21.195  1158  1158 D ConnectivityService: ConnectivityService starting up
01-01 00:00:21.202  1158  1158 D ConnectivityService: wifiOnly=true
01-01 00:00:21.202  1158  1158 D ConnectivityService: networkAttributes - ignoring mobile as this dev is wifiOnly 0
01-01 00:00:21.202  1158  1158 D ConnectivityService: networkAttributes - ignoring mobile as this dev is wifiOnly 2
01-01 00:00:21.202  1158  1158 D ConnectivityService: networkAttributes - ignoring mobile as this dev is wifiOnly 3
01-01 00:00:21.202  1158  1158 D ConnectivityService: networkAttributes - ignoring mobile as this dev is wifiOnly 4
01-01 00:00:21.202  1158  1158 D ConnectivityService: networkAttributes - ignoring mobile as this dev is wifiOnly 5
01-01 00:00:21.202  1158  1158 D ConnectivityService: networkAttributes - ignoring mobile as this dev is wifiOnly 10
01-01 00:00:21.202  1158  1158 D ConnectivityService: networkAttributes - ignoring mobile as this dev is wifiOnly 11
01-01 00:00:21.203  1158  1158 D ConnectivityService: networkAttributes - ignoring mobile as this dev is wifiOnly 12
01-01 00:00:21.203  1158  1158 D ConnectivityService: networkAttributes - ignoring mobile as this dev is wifiOnly 15
01-01 00:00:21.205  1158  1158 E ConnectivityService: Ignoring protectedNetwork 10
01-01 00:00:21.206  1158  1158 E ConnectivityService: Ignoring protectedNetwork 11
01-01 00:00:21.206  1158  1158 E ConnectivityService: Ignoring protectedNetwork 12
01-01 00:00:21.206  1158  1158 E ConnectivityService: Ignoring protectedNetwork 14
01-01 00:00:21.206  1158  1158 E ConnectivityService: Ignoring protectedNetwork 15
01-01 00:00:21.230  1158  1158 D SystemServerTiming: StartConnectivityService took to complete: 48ms
01-01 00:00:21.231  1158  1158 I SystemServer: StartNsdService
01-01 00:00:21.241  1158  1158 D NsdService: Network service discovery is enabled
01-01 00:00:21.246  1158  1158 D SystemServerTiming: StartNsdService took to complete: 15ms
01-01 00:00:21.246  1158  1158 I SystemServer: StartUpdateLockService
01-01 00:00:21.248  1158  1158 D SystemServerTiming: StartUpdateLockService took to complete: 3ms
01-01 00:00:21.248  1158  1158 I SystemServer: WaitForAsecScan
01-01 00:00:21.248  1158  1158 D SystemServerTiming: WaitForAsecScan took to complete: 0ms
01-01 00:00:21.248  1158  1158 I SystemServer: StartNotificationManager
01-01 00:00:21.249  1158  1158 I SystemServiceManager: Starting com.android.server.notification.NotificationManagerService
01-01 00:00:21.281  1158  1158 D ConditionProviders.SCP: new ScheduleConditionProvider()
01-01 00:00:21.294  1158  1158 D ZenLog  : config: readXml,ZenModeConfig[user=0,allowCalls=true,allowRepeatCallers=false,allowMessages=false,allowCallsFrom=contacts,allowMessagesFrom=contacts,allowReminders=true,allowEvents=true,allowWhenScreenOff=true,allowWhenScreenOn=true,automaticRules={EVENTS_DEFAULT_RULE=ZenRule[enabled=false,snoozing=false,name=Event,zenMode=ZEN_MODE_ALARMS,conditionId=condition://android/event?userId=-10000&calendar=&reply=1,condition=Condition[id=condition://android/event?userId=-10000&calendar=&reply=1,summary=...,line1=...,line2=...,icon=0,state=STATE_FALSE,flags=2],component=ComponentInfo{android/com.android.server.notification.EventConditionProvider},id=EVENTS_DEFAULT_RULE,creationTime=36939,enabler=null], SCHEDULED_DEFAULT_RULE_1=ZenRule[enabled=false,snoozing=false,name=Weeknight,zenMode=ZEN_MODE_ALARMS,conditionId=condition://android/schedule?days=1.2.3.4.5&start=22.0&end=7.0&exitAtAlarm=false,condition=Condition[id=condition://android/schedule?days=1.2.3.4.5&start=22.0&end=7.0&exitAtAlarm=false,summary=...,line1=...,line2=...,icon=0,state=STATE_TRUE,flags=2],component=ComponentInfo{android/com.android.server.notification.ScheduleConditionProvider},id=SCHEDULED_DEFAULT_RULE_1,creationTime=36938,enabler=null], SCHEDULED_DEFAULT_RULE_2=ZenRule[enabled=false,snoozing=false,name=Weekend,zenMode=ZEN_MODE_ALARMS,conditionId=condition://android/schedule?days=6.7&start=23.30&end=10.0&exitAtAlarm=false,condition=Condition[id=condition://android/schedule?days=6.7&start=23.30&end=10.0&exitAtAlarm=false,summary=...,line1=...,line2=...,icon=0,state=STATE_FALSE,flags=2],component=ComponentInfo{android/com.android.server.notification.ScheduleConditionProvider},id=SCHEDULED_DEFAULT_RULE_2,creationTime=36938,enabler=null]},manualRule=null],Diff[automaticRule[EVENTS_DEFAULT_RULE].condition:null->Condition[id=condition://android/event?userId=-10000&calendar=&reply=1,summary=...,line1=...,line2=...,icon=0,state=STATE_FALSE,flags=2],automaticRule[EVENTS_DEFAULT_RULE].creationTime:21274->36939,automaticRule[SCHEDULED_DEFAULT_RULE_1].condition:null->Condition[id=condition://android/schedule?days=1.2.3.4.5&start=22.0&end=7.0&exitAtAlarm=false,summary=...,line1=...,line2=...,icon=0,state=STATE_TRUE,flags=2],automaticRule[SCHEDULED_DEFAULT_RULE_1].creationTime:21274->36938,automaticRule[SCHEDULED_DEFAULT_RULE_2].condition:null->Condition[id=condition://android/schedule?days=6.7&start=23.30&end=10.0&exitAtAlarm=false,summary=...,line1=...,line2=...,icon=0,state=STATE_FALSE,flags=2],automaticRule[SCHEDULED_DEFAULT_RULE_2].creationTime:21274->36938]
01-01 00:00:21.299  1158  1158 I NotificationListeners: Read notification listener permissions from xml
01-01 00:00:21.300  1158  1158 I ConditionProviders: Read condition provider permissions from xml
01-01 00:00:21.300  1158  1158 I ConditionProviders: Read condition provider permissions from xml
01-01 00:00:21.300  1158  1158 D ZenLog  : set_zen_mode: off,init
01-01 00:00:21.309  1158  1158 W SystemServiceManager: Service com.android.server.notification.NotificationManagerService took 57 ms in onStart
01-01 00:00:21.312  1158  1158 D SystemServerTiming: StartNotificationManager took to complete: 63ms
01-01 00:00:21.312  1158  1158 I SystemServer: StartDeviceMonitor
01-01 00:00:21.312  1158  1158 I SystemServiceManager: Starting com.android.server.storage.DeviceStorageMonitorService
01-01 00:00:21.317  1158  1158 D SystemServerTiming: StartDeviceMonitor took to complete: 4ms
01-01 00:00:21.317  1158  1158 I SystemServer: StartLocationManagerService
01-01 00:00:21.320  1158  1158 D SystemServerTiming: StartLocationManagerService took to complete: 3ms
01-01 00:00:21.320  1158  1158 I SystemServer: StartCountryDetectorService
01-01 00:00:21.322  1158  1158 D SystemServerTiming: StartCountryDetectorService took to complete: 1ms
01-01 00:00:21.322  1158  1158 I SystemServer: StartSearchManagerService
01-01 00:00:21.322  1158  1158 I SystemServiceManager: Starting com.android.server.search.SearchManagerService$Lifecycle
01-01 00:00:21.325  1158  1158 D SystemServerTiming: StartSearchManagerService took to complete: 3ms
01-01 00:00:21.325  1158  1158 I SystemServer: StartWallpaperManagerService
01-01 00:00:21.325  1158  1158 I SystemServiceManager: Starting com.android.server.wallpaper.WallpaperManagerService$Lifecycle
01-01 00:00:21.329  1158  1158 I WallpaperManagerService: No static wallpaper imagery; defaults will be shown
01-01 00:00:21.332  1158  1158 D SystemServerTiming: StartWallpaperManagerService took to complete: 7ms
01-01 00:00:21.333  1158  1158 I SystemServer: StartAudioService
01-01 00:00:21.333  1158  1158 I SystemServiceManager: Starting com.android.server.audio.AudioService$Lifecycle
01-01 00:00:21.414  1158  1158 D SystemServerTiming: StartAudioService took to complete: 81ms
01-01 00:00:21.414  1158  1158 I SystemServer: StartDockObserver
01-01 00:00:21.414  1158  1158 I SystemServiceManager: Starting com.android.server.DockObserver
01-01 00:00:21.416  1158  1158 W DockObserver: This kernel does not have dock station support
01-01 00:00:21.419  1158  1158 D SystemServerTiming: StartDockObserver took to complete: 5ms
01-01 00:00:21.419  1158  1158 I SystemServer: StartWiredAccessoryManager
01-01 00:00:21.422  1158  1158 W WiredAccessoryManager: This kernel does not have usb audio support
01-01 00:00:21.426  1158  1158 W WiredAccessoryManager: This kernel does not have DP audio support
01-01 00:00:21.426  1158  1158 D SystemServerTiming: StartWiredAccessoryManager took to complete: 6ms
01-01 00:00:21.426  1158  1158 I SystemServer: StartUsbService
01-01 00:00:21.427  1158  1158 I SystemServiceManager: Starting com.android.server.usb.UsbService$Lifecycle
01-01 00:00:21.432  1158  1158 E UsbDeviceManager: failed to write to /sys/class/android_usb/android0/f_rndis/ethaddr
01-01 00:00:21.448  1158  1158 E UsbPortManager: connectToProxy: usb hal service not found. Did the service fail to start?
01-01 00:00:21.448  1158  1158 E UsbPortManager: java.util.NoSuchElementException
01-01 00:00:21.448  1158  1158 E UsbPortManager: 	at android.os.HwBinder.getService(Native Method)
01-01 00:00:21.448  1158  1158 E UsbPortManager: 	at android.hardware.usb.V1_0.IUsb.getService(IUsb.java:44)
01-01 00:00:21.448  1158  1158 E UsbPortManager: 	at com.android.server.usb.UsbPortManager.connectToProxy(UsbPortManager.java:524)
01-01 00:00:21.448  1158  1158 E UsbPortManager: 	at com.android.server.usb.UsbPortManager.<init>(UsbPortManager.java:130)
01-01 00:00:21.448  1158  1158 E UsbPortManager: 	at com.android.server.usb.UsbService.<init>(UsbService.java:132)
01-01 00:00:21.448  1158  1158 E UsbPortManager: 	at com.android.server.usb.UsbService$Lifecycle.onStart(UsbService.java:68)
01-01 00:00:21.448  1158  1158 E UsbPortManager: 	at com.android.server.SystemServiceManager.startService(SystemServiceManager.java:124)
01-01 00:00:21.448  1158  1158 E UsbPortManager: 	at com.android.server.SystemServiceManager.startService(SystemServiceManager.java:111)
01-01 00:00:21.448  1158  1158 E UsbPortManager: 	at com.android.server.SystemServiceManager.startService(SystemServiceManager.java:70)
