01-01 00:01:13.529  2002  2002 I chatty  : uid=1000(system) com.panasonic.dairse.lifecycle.lifecyclemanagerapp expire 100 lines
01-01 00:01:13.729   753   780 I sssv-lib: sendMsg enter
01-01 00:01:13.729   753   780 I sssv-lib: sendMsg complete.
01-01 00:01:13.757  1582  1950 I Connectivity_AIDL|AIDL_Handler.AIDL_Helpers.CanHelper: MBUX App Method: RetryDskRequestTimeout |Line No: 246 |Log Type: Information |Message: :in RetryDskRequestTimeout
01-01 00:01:13.758  1582  1950 I Connectivity_AIDL|AIDL_Handler.AIDL_Helpers.CanHelper: MBUX App Method: GetDynamicSecretKey |Line No: 388 |Log Type: Information |Message: :in GetDynamicSecretKey:, RetryDskRequest-Counter9
01-01 00:01:13.758  1582  1950 W Connectivity_AIDL|AIDL_Handler.AIDL_Helpers.CanHelper: MBUX App Method: GetDynamicSecretKey |Line No: 394 |Log Type: Warning |Message: :in GetDynamicSecretKey: RetryDskRequest-already active
01-01 00:01:13.758  1582  1950 I Connectivity_AIDL|AIDL_Handler.AIDL_Helpers.CanHelper: MBUX App Method: GetDynamicSecretKey |Line No: 408 |Log Type: Critical |Message: :RetryDskRequest-Counter:10
01-01 00:01:13.759  2042  2057 D CanService: Service getDynamic_secret() called.
01-01 00:01:13.759  2042  2057 D CanService: Calling CAN native service for retrieving HU wlan  details...
01-01 00:01:13.759   971  2834 D CanNativeService: DYNAMIC SECERET has been requested
01-01 00:01:13.759   971  2834 D CanNativeService: IPString =0.0.0.0
01-01 00:01:13.759   971  2834 D CanNativeService: PortString =00
01-01 00:01:13.760  2042  2057 D CanService: CAN getDynamicSecret listed.
01-01 00:01:13.760  2042  2057 D CanService: Sending callback for getDynamic_secret()
01-01 00:01:13.760  2042  2057 D CanService: Callback is not in list so added
01-01 00:01:13.761  2042  2057 D CanService: mHandler.obtainMessage and list size is11
01-01 00:01:13.761   971  2834 I CanNativeService: MCPU|SWR_INFRA-WLAN|SWR_INFRA-WLAN_003|API=readDSK|0|DSK msg requested
01-01 00:01:13.761   971  2834 D CanNativeService: dsk_status 0
01-01 00:01:13.761   971  2834 E CanNativeService: MCPU|SWR_INFRA-WLAN|SWR_INFRA-WLAN_003|API=readDSK|0|DSK is not received from Linux
01-01 00:01:13.762  2042  2060 E CANSERVICE: MCPU|SWR_INFRA-WLAN|SWR_INFRA-WLAN_003|API=getDynamic_secret|0|DSK is not available
01-01 00:01:13.762  2042  2060 D CanService: getDynamic_secret callback com.panasonic.dairse.can.apis.ICANServiceAsyncInterface$Stub$Proxy@628a599
01-01 00:01:13.763  1582  3720 I Connectivity_AIDL|AIDL_Handler.AIDL_Callbacks.CanServiceCallback: MBUX App Method: HandleCAN_Response |Line No: 24 |Log Type: Critical |Message: in::Response from CAN Service: RequestName:getDynamic_secret, ListSize:10, DskByteData received:True
01-01 00:01:13.764  1582  3720 I Connectivity_AIDL|AIDL_Handler.AIDL_Callbacks.CanServiceCallback: MBUX App Method: HandleCAN_Response |Line No: 46 |Log Type: Information |Message: ::TaskInit:getDynamic_secret
01-01 00:01:13.764  1582  1952 I Connectivity_AIDL|AIDL_Handler.AIDL_Callbacks.CanServiceCallback: MBUX App Method: HandleCAN_Response |Line No: 50 |Log Type: Information |Message: ::TaskStarted:getDynamic_secret
01-01 00:01:13.764  1582  1952 I Connectivity_AIDL|AIDL_Handler.AIDL_Helpers.CanHelper: MBUX App Method: _canServiceCallback_DskReceived |Line No: 498 |Log Type: Information |Message: in _canServiceCallback_DskReceived
01-01 00:01:13.765  1582  3720 I Connectivity_AIDL|AIDL_Handler.AIDL_Callbacks.CanServiceCallback: MBUX App Method: HandleCAN_Response |Line No: 65 |Log Type: Information |Message: out::Response from CAN Service:getDynamic_secret
01-01 00:01:13.766  1582  1952 I Connectivity_AIDL|AIDL_Handler.AIDL_Helpers.CanHelper: MBUX App Method: FoundCanDskData |Line No: 556 |Log Type: Information |Message: before:received Dsk List size:10
01-01 00:01:13.766  1582  1952 I Connectivity_AIDL|AIDL_Handler.AIDL_Helpers.CanHelper: MBUX App Method: FoundCanDskData |Line No: 558 |Log Type: Information |Message: before:received Dsk List from CAN AIDL Service:
01-01 00:01:13.766  1582  1952 I Connectivity_AIDL|AIDL_Handler.AIDL_Helpers.CanHelper: List[0]=FAILED
01-01 00:01:13.766  1582  1952 I Connectivity_AIDL|AIDL_Handler.AIDL_Helpers.CanHelper: List[1]=0.0.0.0
01-01 00:01:13.766  1582  1952 I Connectivity_AIDL|AIDL_Handler.AIDL_Helpers.CanHelper: List[2]=0
01-01 00:01:13.766  1582  1952 I Connectivity_AIDL|AIDL_Handler.AIDL_Helpers.CanHelper: List[3]=RSE_TYPE
01-01 00:01:13.766  1582  1952 I Connectivity_AIDL|AIDL_Handler.AIDL_Helpers.CanHelper: List[4]=NOTUSED
01-01 00:01:13.766  1582  1952 I Connectivity_AIDL|AIDL_Handler.AIDL_Helpers.CanHelper: List[5]=00:00:00:00:00:00
01-01 00:01:13.766  1582  1952 I Connectivity_AIDL|AIDL_Handler.AIDL_Helpers.CanHelper: List[6]=00:00:00:00:00:00
01-01 00:01:13.766  1582  1952 I Connectivity_AIDL|AIDL_Handler.AIDL_Helpers.CanHelper: List[7]=0.0.0.0
01-01 00:01:13.766  1582  1952 I Connectivity_AIDL|AIDL_Handler.AIDL_Helpers.CanHelper: List[8]=NOTUSED
01-01 00:01:13.766  1582  1952 I Connectivity_AIDL|AIDL_Handler.AIDL_Helpers.CanHelper: List[9]=d41d8cd98f00b204e9800998ecf8427e
01-01 00:01:13.766  1582  1952 W Connectivity_AIDL|AIDL_Handler.AIDL_Helpers.CanHelper: MBUX App Method: _canServiceCallback_DskReceived |Line No: 510 |Log Type: Critical |Message: :DSK Not Received/Corrupted DSK/Invalid DSK: _dskRequestCounter=10
01-01 00:01:13.766  1582  1952 I Connectivity_AIDL|AIDL_Handler.AIDL_Helpers.CanHelper: MBUX App Method: _canServiceCallback_DskReceived |Line No: 520 |Log Type: Critical |Message: 
01-01 00:01:13.766  1582  1952 I Connectivity_AIDL|AIDL_Handler.AIDL_Helpers.CanHelper: Started Retrying DskRequest-Counter:11
01-01 00:01:13.766  1582  1952 I Connectivity_AIDL|AIDL_Handler.AIDL_Callbacks.CanServiceCallback: MBUX App Method: HandleCAN_Response |Line No: 55 |Log Type: Information |Message: ::TaskCompleted:getDynamic_secret
01-01 00:01:14.561  2289  2307 I zygote64: Background concurrent copying GC freed 416834(12MB) AllocSpace objects, 2(104KB) LOS objects, 49% free, 15MB/30MB, paused 96us total 495.868ms
01-01 00:01:14.720  2002  2030 I chatty  : uid=1000(system) Thread-2 expire 27 lines
01-01 00:01:14.729   753   780 I sssv-lib: sendMsg enter
01-01 00:01:14.730   753   780 I sssv-lib: sendMsg complete.
01-01 00:01:15.730   753   780 I sssv-lib: sendMsg enter
01-01 00:01:15.730   753   780 I sssv-lib: sendMsg complete.
01-01 00:01:15.818  1582  2039 I Connectivity_AIDL|AIDL_Handler.AIDL_Helpers.LcmHelper: MBUX App Method: KeepAliveTest |Line No: 408 |Log Type: Critical |Message: ChildThread:MBUX-App HB Count: 20, ResponseCode: 0
01-01 00:01:16.188  1171  1446 I chatty  : uid=1000(system) Binder:1171_5 expire 15 lines
01-01 00:01:16.189  2203  2203 D HMI_SERVICE: USE_CASE_NA|FUN=StoragedJobIntentService::onCreate|1|init
01-01 00:01:16.193  2203  3364 D HMI_SERVICE: USE_CASE_NA|FUN=StoragedJobIntentService::onHandleIntent|1|ACTION_MONITOR_APPS
01-01 00:01:16.194  2203  3364 I HMI_SERVICE: USE_CASE_NA|FUN=StoragedJobIntentService::onHandleIntent|1|msg:storageType:64totalWriteValue652193735680
01-01 00:01:16.194  2203  3364 D HMI_SERVICE: USE_CASE_NA|FUN=StoragedJobIntentService::initMonitorApps|1|init
01-01 00:01:16.195  2203  3364 D HMI_SERVICE: USE_CASE_NA|FUN=EmmcUtils::getAppUid|1|uid:10027
01-01 00:01:16.196  2203  3364 D HMI_SERVICE: USE_CASE_NA|FUN=EmmcUtils::getAppUid|1|uid:10033
01-01 00:01:16.196  2659  3718 I chatty  : uid=1000(system) Binder:2659_5 expire 2 lines
01-01 00:01:16.197  2659  3718 W ContextImpl: Calling a method in the system process without a qualified user: android.app.ContextImpl.startService:1476 android.content.ContextWrapper.startService:650 com.panasonic.dairse.vcpupersistence.VCPUPersistenceService$1.executeLinuxCommand:392 com.panasonic.dairse.vcpupersistence.IVCPUPersistenceService$Stub.onTransact:437 android.os.Binder.execTransact:706 
01-01 00:01:16.202  2203  2203 D HMI_SERVICE: USE_CASE_NA|FUN=StoragedJobIntentService::onDestroy|1|init
01-01 00:01:16.204  2659  3839 I chatty  : uid=1000(system) com.panasonic.dairse.vcpupersistence expire 10 lines
01-01 00:01:16.215  2659  2693 I chatty  : uid=1000(system) .254.10.1:20500 expire 36 lines
01-01 00:01:16.221  2203  2203 D HMI_SERVICE: USE_CASE_NA|FUN=StoragedJobIntentService::onReceiveResult|1|received
01-01 00:01:16.222  2203  2203 D HMI_SERVICE: SWR_HMI_MF_001|FUN=StoragedJobIntentService::onReceiveResult|1|String::split initiated
01-01 00:01:16.223  2203  2203 D HMI_SERVICE: SWR_HMI_MF_001|FUN=StoragedJobIntentService::onReceiveResult|1|String::split initiated
01-01 00:01:16.223  2203  2203 D HMI_SERVICE: USE_CASE_NA|FUN=StoragedJobIntentService::doAppMonitor|1|init
01-01 00:01:16.223  2203  2203 D HMI_SERVICE: USE_CASE_NA|FUN=StoragedJobIntentService::lifeTimeMonitor|1|init
01-01 00:01:16.223  2203  2203 D HMI_SERVICE: USE_CASE_NA|FUN=StoragedJobIntentService::doAppMonitor|1|init
01-01 00:01:16.223  2203  2203 D HMI_SERVICE: USE_CASE_NA|FUN=StoragedJobIntentService::lifeTimeMonitor|1|init
01-01 00:01:16.223  2203  2203 D HMI_SERVICE: USE_CASE_NA|FUN=StoragedJobIntentService::doAppMonitor|1|init
01-01 00:01:16.223  2203  2203 D HMI_SERVICE: USE_CASE_NA|FUN=StoragedJobIntentService::lifeTimeMonitor|1|init
01-01 00:01:16.223  2203  2203 D HMI_SERVICE: USE_CASE_NA|FUN=StoragedJobIntentService::doAppMonitor|1|init
01-01 00:01:16.223  2203  2203 D HMI_SERVICE: USE_CASE_NA|FUN=StoragedJobIntentService::lifeTimeMonitorBaiduApps|1|init
01-01 00:01:16.223  2203  2203 D HMI_SERVICE: USE_CASE_NA|FUN=StoragedJobIntentService::onReceiveResult|1|continousWrite190807040
01-01 00:01:16.297  1171  1335 I chatty  : uid=1000(system) NetworkStats expire 1 line
01-01 00:01:16.309  1171  1337 I chatty  : uid=1000(system) NetworkPolicy expire 1 line
01-01 00:01:16.324  1171  1335 I ActivityManager: Start proc 3840:com.android.musicfx/u0a15 for broadcast com.android.musicfx/.Compatibility$Receiver
01-01 00:01:16.438  1171  1445 I chatty  : uid=1000(system) Binder:1171_4 expire 13 lines
01-01 00:01:16.474  3354  3354 I security: newuid:10062
01-01 00:01:16.476  3354  3354 I security_data: uid:10061|10062|10063|
01-01 00:01:16.479  3354  3354 D security_data: Native deamon enabled
01-01 00:01:16.479  3354  3354 I security_data: cmd:1 bandwidth enableMms 10061|10062|10063|
01-01 00:01:16.481   579   608 I         : current uid is :10061
01-01 00:01:16.481   579   608 I         : current uid is :10062
01-01 00:01:16.481   579   608 I         : current uid is :10063
01-01 00:01:16.482  3354  3354 I security_data: input:400 1 Bandwidth command failed
01-01 00:01:16.483  1171  1445 W BroadcastQueue: Background execution not allowed: receiving Intent { act=android.intent.action.PACKAGE_ADDED dat=package:com.github.uiautomator flg=0x4000010 (has extras) } to com.svox.pico/.VoiceDataInstallerReceiver
01-01 00:01:16.486  1171  1200 I chatty  : uid=1000(system) ActivityManager expire 6 lines
01-01 00:01:16.492  1171  2256 I chatty  : uid=1000(system) Binder:1171_B expire 18 lines
01-01 00:01:16.496  2494  2494 D MediaScannerReceiver: action: android.intent.action.MEDIA_SCANNER_SCAN_FILE path: /log/logger/logs/android/screenshots/19700101120059.png
01-01 00:01:16.509  1171  2266 I chatty  : uid=1000(system) Binder:1171_C expire 9 lines
01-01 00:01:16.581  3354  3354 I security: newuid:10063
01-01 00:01:16.582  3354  3354 I security_data: uid:10061|10062|10063|
01-01 00:01:16.585  3354  3354 D security_data: Native deamon enabled
01-01 00:01:16.585  3354  3354 I security_data: cmd:1 bandwidth enableMms 10061|10062|10063|
01-01 00:01:16.587   579   608 I         : current uid is :10061
01-01 00:01:16.587   579   608 I         : current uid is :10062
01-01 00:01:16.587   579   608 I         : current uid is :10063
01-01 00:01:16.616  3354  3354 I security_data: input:400 1 Bandwidth command failed
01-01 00:01:16.617  1171  1445 W BroadcastQueue: Background execution not allowed: receiving Intent { act=android.intent.action.PACKAGE_ADDED dat=package:com.github.uiautomator.test flg=0x4000010 (has extras) } to com.svox.pico/.VoiceDataInstallerReceiver
01-01 00:01:16.731   753   780 I sssv-lib: sendMsg enter
01-01 00:01:16.731   753   780 I sssv-lib: sendMsg complete.
01-01 00:01:17.328  2289  2296 I zygote64: Do partial code cache collection, code=55KB, data=35KB
01-01 00:01:17.328  2289  2296 I zygote64: After code cache collection, code=55KB, data=35KB
01-01 00:01:17.328  2289  2296 I zygote64: Increasing code cache capacity to 256KB
01-01 00:01:17.732   753   780 I sssv-lib: sendMsg enter
01-01 00:01:17.732   753   780 I sssv-lib: sendMsg complete.
01-01 00:01:18.016  2289  2307 I zygote64: Background concurrent copying GC freed 536623(14MB) AllocSpace objects, 0(0B) LOS objects, 49% free, 18MB/36MB, paused 87us total 597.730ms
01-01 00:01:18.367  2077  2077 E         : 
01-01 00:01:18.367  2077  2077 E         : Buffer Size = 1048576
01-01 00:01:18.368  2077  2077 E         : 
01-01 00:01:18.368  2077  2077 E         : <31>[   34.577106] logd: logdr: UID=0 GID=1000 PID=3245 b tail=0 logMask=1f pid=0 start=0ns timeout=0ns
01-01 00:01:18.368  2077  2077 E         : <6>[   34.962770] QSEECOM: scm_call_qcpe:429 : IN: 0x70000006, 0x8887, 0x20002, 0xfe812000, 0x58, 0xfe812000, 0x253e1f000
01-01 00:01:18.368  2077  2077 E         : <6>[   34.967624] QSEECOM: scm_call_qcpe:503 : OUT: 0x0, 0x0, 0xee01, 0x20002
01-01 00:01:18.368  2077  2077 E         : <14>[   36.121349] init: Uptime: 00036.121239 LocalTime: 01-01 00:00:40.716
01-01 00:01:18.368  2077  2077 E         : <14>[   36.121369] init: 
01-01 00:01:18.368  2077  2077 E         : <3>[   38.590129] subsys-restart: wait_for_err_ready(): [modem]: Error ready timed out
01-01 00:01:18.368  2077  2077 E         : <6>[   38.601343] pil-q6v5-mss 2080000.qcom,mss: MSS is shutting down
01-01 00:01:18.368  2077  2077 E         : <4>[   38.627194] pil-q6v5-mss 2080000.qcom,mss: Port 0000000000000000 halt timeout
01-01 00:01:18.368  2077  2077 E         : <4>[   38.659610] pil-q6v5-mss 2080000.qcom,mss: Port 0000000000000000 halt timeout
01-01 00:01:18.368  2077  2077 E         : <14>[   46.121726] init: Uptime: 00046.121630 LocalTime: 01-01 00:00:50.716
01-01 00:01:18.368  2077  2077 E         : <14>[   46.121748] init: 
01-01 00:01:18.368  2077  2077 E         : <6>[   51.687059] CFG80211-ERROR) wl_run_escan :  LEGACY E-SCAN START
01-01 00:01:18.368  2077  2077 E         : <6>[   51.713759] CFG80211-ERROR) wl_run_escan : LEGACY_SCAN sync ID: 4660, bssidx: 0
01-01 00:01:18.368  2077  2077 E         : <14>[   53.459578] init: processi
01-01 00:01:18.368  2077  2077 E         : USB Hub Detector 1.0
01-01 00:01:18.466  1582  1582 I Connectivity_AIDL|AIDL_Handler.AIDL_Helpers.LcmHelper: MBUX App Method: KeepAliveTest |Line No: 408 |Log Type: Critical |Message: MainThread:MBUX-App HB Count: 21, ResponseCode: 0
01-01 00:01:18.599   579  3775 W SocketClient: write error (Broken pipe)
01-01 00:01:18.599   579  3775 W DnsProxyListener: GetHostByAddrHandler: Error writing DNS result to client
01-01 00:01:18.733   753   780 I sssv-lib: sendMsg enter
01-01 00:01:18.733   753   780 I sssv-lib: sendMsg complete.
01-01 00:01:18.758  1582  1952 I Connectivity_AIDL|AIDL_Handler.AIDL_Helpers.CanHelper: MBUX App Method: RetryDskRequestTimeout |Line No: 246 |Log Type: Information |Message: :in RetryDskRequestTimeout
01-01 00:01:18.758  1582  1952 I Connectivity_AIDL|AIDL_Handler.AIDL_Helpers.CanHelper: MBUX App Method: GetDynamicSecretKey |Line No: 388 |Log Type: Information |Message: :in GetDynamicSecretKey:, RetryDskRequest-Counter10
01-01 00:01:18.758  1582  1952 W Connectivity_AIDL|AIDL_Handler.AIDL_Helpers.CanHelper: MBUX App Method: GetDynamicSecretKey |Line No: 394 |Log Type: Warning |Message: :in GetDynamicSecretKey: RetryDskRequest-already active
01-01 00:01:18.758  1582  1952 I Connectivity_AIDL|AIDL_Handler.AIDL_Helpers.CanHelper: MBUX App Method: GetDynamicSecretKey |Line No: 408 |Log Type: Critical |Message: :RetryDskRequest-Counter:11
01-01 00:01:18.759  2042  2057 D CanService: Service getDynamic_secret() called.
01-01 00:01:18.759  2042  2057 D CanService: Calling CAN native service for retrieving HU wlan  details...
01-01 00:01:18.759   971  2834 D CanNativeService: DYNAMIC SECERET has been requested
01-01 00:01:18.760   971  2834 D CanNativeService: IPString =0.0.0.0
01-01 00:01:18.760   971  2834 D CanNativeService: PortString =00
01-01 00:01:18.761  2042  2057 D CanService: CAN getDynamicSecret listed.
01-01 00:01:18.761  2042  2057 D CanService: Sending callback for getDynamic_secret()
01-01 00:01:18.761  2042  2057 D CanService: Callback is not in list so added
01-01 00:01:18.761  2042  2057 D CanService: mHandler.obtainMessage and list size is12
01-01 00:01:18.762   971  2834 I CanNativeService: MCPU|SWR_INFRA-WLAN|SWR_INFRA-WLAN_003|API=readDSK|0|DSK msg requested
01-01 00:01:18.762   971  2834 D CanNativeService: dsk_status 0
01-01 00:01:18.762   971  2834 E CanNativeService: MCPU|SWR_INFRA-WLAN|SWR_INFRA-WLAN_003|API=readDSK|0|DSK is not received from Linux
01-01 00:01:18.762  2042  2060 E CANSERVICE: MCPU|SWR_INFRA-WLAN|SWR_INFRA-WLAN_003|API=getDynamic_secret|0|DSK is not available
01-01 00:01:18.763  2042  2060 D CanService: getDynamic_secret callback com.panasonic.dairse.can.apis.ICANServiceAsyncInterface$Stub$Proxy@f19505e
01-01 00:01:18.764  1582  3720 I Connectivity_AIDL|AIDL_Handler.AIDL_Callbacks.CanServiceCallback: MBUX App Method: HandleCAN_Response |Line No: 24 |Log Type: Critical |Message: in::Response from CAN Service: RequestName:getDynamic_secret, ListSize:10, DskByteData received:True
01-01 00:01:18.764  1582  3720 I Connectivity_AIDL|AIDL_Handler.AIDL_Callbacks.CanServiceCallback: MBUX App Method: HandleCAN_Response |Line No: 46 |Log Type: Information |Message: ::TaskInit:getDynamic_secret
01-01 00:01:18.764  1582  1948 I Connectivity_AIDL|AIDL_Handler.AIDL_Callbacks.CanServiceCallback: MBUX App Method: HandleCAN_Response |Line No: 50 |Log Type: Information |Message: ::TaskStarted:getDynamic_secret
01-01 00:01:18.764  1582  1948 I Connectivity_AIDL|AIDL_Handler.AIDL_Helpers.CanHelper: MBUX App Method: _canServiceCallback_DskReceived |Line No: 498 |Log Type: Information |Message: in _canServiceCallback_DskReceived
01-01 00:01:18.766  1582  1948 I Connectivity_AIDL|AIDL_Handler.AIDL_Helpers.CanHelper: MBUX App Method: FoundCanDskData |Line No: 556 |Log Type: Information |Message: before:received Dsk List size:10
01-01 00:01:18.766  1582  1948 I Connectivity_AIDL|AIDL_Handler.AIDL_Helpers.CanHelper: MBUX App Method: FoundCanDskData |Line No: 558 |Log Type: Information |Message: before:received Dsk List from CAN AIDL Service:
01-01 00:01:18.766  1582  1948 I Connectivity_AIDL|AIDL_Handler.AIDL_Helpers.CanHelper: List[0]=FAILED
01-01 00:01:18.766  1582  1948 I Connectivity_AIDL|AIDL_Handler.AIDL_Helpers.CanHelper: List[1]=0.0.0.0
01-01 00:01:18.766  1582  1948 I Connectivity_AIDL|AIDL_Handler.AIDL_Helpers.CanHelper: List[2]=0
01-01 00:01:18.766  1582  1948 I Connectivity_AIDL|AIDL_Handler.AIDL_Helpers.CanHelper: List[3]=RSE_TYPE
01-01 00:01:18.766  1582  1948 I Connectivity_AIDL|AIDL_Handler.AIDL_Helpers.CanHelper: List[4]=NOTUSED
01-01 00:01:18.766  1582  1948 I Connectivity_AIDL|AIDL_Handler.AIDL_Helpers.CanHelper: List[5]=00:00:00:00:00:00
01-01 00:01:18.766  1582  1948 I Connectivity_AIDL|AIDL_Handler.AIDL_Helpers.CanHelper: List[6]=00:00:00:00:00:00
01-01 00:01:18.766  1582  1948 I Connectivity_AIDL|AIDL_Handler.AIDL_Helpers.CanHelper: List[7]=0.0.0.0
01-01 00:01:18.766  1582  1948 I Connectivity_AIDL|AIDL_Handler.AIDL_Helpers.CanHelper: List[8]=NOTUSED
01-01 00:01:18.766  1582  1948 I Connectivity_AIDL|AIDL_Handler.AIDL_Helpers.CanHelper: List[9]=d41d8cd98f00b204e9800998ecf8427e
01-01 00:01:18.766  1582  1948 W Connectivity_AIDL|AIDL_Handler.AIDL_Helpers.CanHelper: MBUX App Method: _canServiceCallback_DskReceived |Line No: 510 |Log Type: Critical |Message: :DSK Not Received/Corrupted DSK/Invalid DSK: _dskRequestCounter=11
01-01 00:01:18.766  1582  1948 I Connectivity_AIDL|AIDL_Handler.AIDL_Helpers.CanHelper: MBUX App Method: _canServiceCallback_DskReceived |Line No: 520 |Log Type: Critical |Message: 
01-01 00:01:18.766  1582  1948 I Connectivity_AIDL|AIDL_Handler.AIDL_Helpers.CanHelper: Started Retrying DskRequest-Counter:12
01-01 00:01:18.767  1582  1948 I Connectivity_AIDL|AIDL_Handler.AIDL_Callbacks.CanServiceCallback: MBUX App Method: HandleCAN_Response |Line No: 55 |Log Type: Information |Message: ::TaskCompleted:getDynamic_secret
01-01 00:01:18.767  1582  3720 I Connectivity_AIDL|AIDL_Handler.AIDL_Callbacks.CanServiceCallback: MBUX App Method: HandleCAN_Response |Line No: 65 |Log Type: Information |Message: out::Response from CAN Service:getDynamic_secret
01-01 00:01:19.452  3699  3864 D UIAutomatorStub: URI: /jsonrpc/0, Method: POST, Header: {content-length=177, remote-addr=127.0.0.1, http-client-ip=127.0.0.1, host=localhost:9009, connection=close, content-type=application/json, accept-encoding=identity, user-agent=Python-urllib/3.5}, params, {NanoHttpd.QUERY_STRING=null}, files: {postData={"jsonrpc": "2.0", "method": "exist", "params": [{"childOrSiblingSelector": [], "text": "Reconnect", "mask": 1, "childOrSibling": []}], "id": "2ad0a036a79352be4bd6cf9e05c44e0e"}}
01-01 00:01:19.734   753   780 I sssv-lib: sendMsg enter
01-01 00:01:19.734   753   780 I sssv-lib: sendMsg complete.
01-01 00:01:20.718     1   466 I init    : Uptime: 00076.122709 LocalTime: 01-01 00:01:20.718
01-01 00:01:20.734   753   780 I sssv-lib: sendMsg enter
01-01 00:01:20.734   753   780 I sssv-lib: sendMsg complete.
01-01 00:01:20.809  2289  2812 W LOGGERSERVICE: SWR_LOGGER_HV_MF_004|LoggerRequestProcessingService::zipDir|2|result = true
01-01 00:01:20.809   748   748 E         : LOGSVC|SWR_LOGGER_HV_MF_001|loggerservice::BnLoggerUtilityInterface::onTransact|2|Calling MSG: PID=2289, UID=1000
01-01 00:01:20.809   748   748 I         : LOGSVC|SWR_LOGGER_HV_MF_004|loggerservice::executecommand|2|mscriptMessage = cleanup afterzip
01-01 00:01:20.809   748   748 I         : LOGSVC|SWR_LOGGER_HV_MF_004|loggerservice::handleCleanupRqst|2|dltFunctionCheck = afterzip
01-01 00:01:20.861  1582  2039 I Connectivity_AIDL|AIDL_Handler.AIDL_Helpers.LcmHelper: MBUX App Method: KeepAliveTest |Line No: 408 |Log Type: Critical |Message: ChildThread:MBUX-App HB Count: 22, ResponseCode: 0
01-01 00:01:20.888   748   748 I         : LOGSVC|SWR_LOGGER_HV_MF_004|loggerservice::handleCleanupRqst|1| crash logs, tomstones and screenshot removed after zip
01-01 00:01:20.916   748   748 I         : LOGSVC|SWR_LOGGER_HV_MF_004|loggerservice::executecommand|1|Permission change Applied Recursively...
01-01 00:01:20.916  2289  2812 W LOGGERSERVICE: SWR_LOGGER_HV_MF_009|LoggerRequestProcessingService::executeUtilityCommand|1|result=cleanup afterzip
01-01 00:01:20.916  2289  2812 I LOGGERSERVICE: SWR_LOGGER_HV_MF_004|LoggerRequestProcessingService::exportLogsForLinuxReqst|1|result of main zipDir = true
01-01 00:01:20.916  2289  2812 I LOGGERSERVICE: SWR_LOGGER_HV_MF_004|LoggerRequestProcessingService::handleSeclinuxErrorTrigger|1|coreDumpEelResult = 0
01-01 00:01:20.916  2289  2812 I LOGGERSERVICE: SWR_LOGGER_HV_MF_004|LoggerRequestProcessingService::handleSeclinuxErrorTrigger|1|preAndroidLogstatus = true
01-01 00:01:20.916  2289  2812 I LOGGERSERVICE: SWR_LOGGER_HV_MF_004|LoggerRequestProcessingService::handleSeclinuxErrorTrigger|1|prevKernalStatus = false
01-01 00:01:20.917   748   748 E         : LOGSVC|SWR_LOGGER_HV_MF_001|loggerservice::BnLoggerUtilityInterface::onTransact|2|Calling MSG: PID=2289, UID=1000
01-01 00:01:20.917   748   748 I         : LOGSVC|SWR_LOGGER_HV_MF_004|loggerservice::executecommand|2|mscriptMessage = conswifi off
01-01 00:01:20.968   748   748 I         : LOGSVC|SWR_LOGGER_HV_MF_004|loggerservice::executecommand|1|Permission change Applied Recursively...
01-01 00:01:20.968  2289  2812 W LOGGERSERVICE: SWR_LOGGER_HV_MF_009|LoggerRequestProcessingService::executeUtilityCommand|1|result=conswifi off
01-01 00:01:20.968   748   748 E         : LOGSVC|SWR_LOGGER_HV_MF_001|loggerservice::BnLoggerUtilityInterface::onTransact|2|Calling MSG: PID=2289, UID=1000
01-01 00:01:20.968   748   748 I         : LOGSVC|SWR_LOGGER_HV_MF_004|loggerservice::executecommand|2|mscriptMessage = dlt on
01-01 00:01:21.016   748   748 I         : LOGSVC|SWR_LOGGER_HV_MF_009|loggerservice::handleDltCntrl|1|dlt logging on..
01-01 00:01:21.043   748   748 I         : LOGSVC|SWR_LOGGER_HV_MF_004|loggerservice::executecommand|1|Permission change Applied Recursively...
01-01 00:01:21.043  2289  2812 W LOGGERSERVICE: SWR_LOGGER_HV_MF_009|LoggerRequestProcessingService::executeUtilityCommand|1|result=dlt on
01-01 00:01:21.146  1171  1356 I chatty  : uid=1000(system) DeviceStorageMo expire 2 lines
01-01 00:01:21.735   753   780 I sssv-lib: sendMsg enter
01-01 00:01:21.735   753   780 I sssv-lib: sendMsg complete.
01-01 00:01:22.736   753   780 I sssv-lib: sendMsg enter
01-01 00:01:22.736   753   780 I sssv-lib: sendMsg complete.
01-01 00:01:23.369  2077  2077 E         : 
01-01 00:01:23.369  2077  2077 E         : Buffer Size = 1048576
01-01 00:01:23.370  2077  2077 E         : 
01-01 00:01:23.370  2077  2077 E         : <31>[   34.577106] logd: logdr: UID=0 GID=1000 PID=3245 b tail=0 logMask=1f pid=0 start=0ns timeout=0ns
01-01 00:01:23.370  2077  2077 E         : <6>[   34.962770] QSEECOM: scm_call_qcpe:429 : IN: 0x70000006, 0x8887, 0x20002, 0xfe812000, 0x58, 0xfe812000, 0x253e1f000
01-01 00:01:23.370  2077  2077 E         : <6>[   34.967624] QSEECOM: scm_call_qcpe:503 : OUT: 0x0, 0x0, 0xee01, 0x20002
01-01 00:01:23.370  2077  2077 E         : <14>[   36.121349] init: Uptime: 00036.121239 LocalTime: 01-01 00:00:40.716
01-01 00:01:23.370  2077  2077 E         : <14>[   36.121369] init: 
01-01 00:01:23.370  2077  2077 E         : <3>[   38.590129] subsys-restart: wait_for_err_ready(): [modem]: Error ready timed out
01-01 00:01:23.370  2077  2077 E         : <6>[   38.601343] pil-q6v5-mss 2080000.qcom,mss: MSS is shutting down
01-01 00:01:23.370  2077  2077 E         : <4>[   38.627194] pil-q6v5-mss 2080000.qcom,mss: Port 0000000000000000 halt timeout
01-01 00:01:23.370  2077  2077 E         : <4>[   38.659610] pil-q6v5-mss 2080000.qcom,mss: Port 0000000000000000 halt timeout
01-01 00:01:23.370  2077  2077 E         : <14>[   46.121726] init: Uptime: 00046.121630 LocalTime: 01-01 00:00:50.716
01-01 00:01:23.370  2077  2077 E         : <14>[   46.121748] init: 
01-01 00:01:23.370  2077  2077 E         : <6>[   51.687059] CFG80211-ERROR) wl_run_escan :  LEGACY E-SCAN START
01-01 00:01:23.370  2077  2077 E         : <6>[   51.713759] CFG80211-ERROR) wl_run_escan : LEGACY_SCAN sync ID: 4660, bssidx: 0
01-01 00:01:23.370  2077  2077 E         : <14>[   53.459578] init: processi
01-01 00:01:23.370  2077  2077 E         : USB Hub Detector 1.0
01-01 00:01:23.468  1582  1582 I Connectivity_AIDL|AIDL_Handler.AIDL_Helpers.LcmHelper: MBUX App Method: KeepAliveTest |Line No: 408 |Log Type: Critical |Message: MainThread:MBUX-App HB Count: 23, ResponseCode: 0
01-01 00:01:23.736   753   780 I sssv-lib: sendMsg enter
01-01 00:01:23.736   753   780 I sssv-lib: sendMsg complete.
01-01 00:01:23.758  1582  1950 I Connectivity_AIDL|AIDL_Handler.AIDL_Helpers.CanHelper: MBUX App Method: RetryDskRequestTimeout |Line No: 246 |Log Type: Information |Message: :in RetryDskRequestTimeout
01-01 00:01:23.758  1582  1950 I Connectivity_AIDL|AIDL_Handler.AIDL_Helpers.CanHelper: MBUX App Method: GetDynamicSecretKey |Line No: 388 |Log Type: Information |Message: :in GetDynamicSecretKey:, RetryDskRequest-Counter11
01-01 00:01:23.758  1582  1950 W Connectivity_AIDL|AIDL_Handler.AIDL_Helpers.CanHelper: MBUX App Method: GetDynamicSecretKey |Line No: 394 |Log Type: Warning |Message: :in GetDynamicSecretKey: RetryDskRequest-already active
01-01 00:01:23.758  1582  1950 I Connectivity_AIDL|AIDL_Handler.AIDL_Helpers.CanHelper: MBUX App Method: GetDynamicSecretKey |Line No: 408 |Log Type: Critical |Message: :RetryDskRequest-Counter:12
01-01 00:01:23.759  2042  2057 D CanService: Service getDynamic_secret() called.
01-01 00:01:23.759  2042  2057 D CanService: Calling CAN native service for retrieving HU wlan  details...
01-01 00:01:23.759   971  2834 D CanNativeService: DYNAMIC SECERET has been requested
01-01 00:01:23.759   971  2834 D CanNativeService: IPString =0.0.0.0
01-01 00:01:23.759   971  2834 D CanNativeService: PortString =00
01-01 00:01:23.759  2042  2057 D CanService: CAN getDynamicSecret listed.
01-01 00:01:23.759  2042  2057 D CanService: Sending callback for getDynamic_secret()
01-01 00:01:23.760  2042  2057 D CanService: Callback is not in list so added
01-01 00:01:23.760  2042  2057 D CanService: mHandler.obtainMessage and list size is13
01-01 00:01:23.760   971  2834 I CanNativeService: MCPU|SWR_INFRA-WLAN|SWR_INFRA-WLAN_003|API=readDSK|0|DSK msg requested
01-01 00:01:23.760   971  2834 D CanNativeService: dsk_status 0
01-01 00:01:23.760   971  2834 E CanNativeService: MCPU|SWR_INFRA-WLAN|SWR_INFRA-WLAN_003|API=readDSK|0|DSK is not received from Linux
01-01 00:01:23.761  2042  2060 E CANSERVICE: MCPU|SWR_INFRA-WLAN|SWR_INFRA-WLAN_003|API=getDynamic_secret|0|DSK is not available
01-01 00:01:23.761  2042  2060 D CanService: getDynamic_secret callback com.panasonic.dairse.can.apis.ICANServiceAsyncInterface$Stub$Proxy@af80c3f
01-01 00:01:23.762  1582  3720 I Connectivity_AIDL|AIDL_Handler.AIDL_Callbacks.CanServiceCallback: MBUX App Method: HandleCAN_Response |Line No: 24 |Log Type: Critical |Message: in::Response from CAN Service: RequestName:getDynamic_secret, ListSize:10, DskByteData received:True
01-01 00:01:23.762  1582  3720 I Connectivity_AIDL|AIDL_Handler.AIDL_Callbacks.CanServiceCallback: MBUX App Method: HandleCAN_Response |Line No: 46 |Log Type: Information |Message: ::TaskInit:getDynamic_secret
01-01 00:01:23.762  1582  1949 I Connectivity_AIDL|AIDL_Handler.AIDL_Callbacks.CanServiceCallback: MBUX App Method: HandleCAN_Response |Line No: 50 |Log Type: Information |Message: ::TaskStarted:getDynamic_secret
01-01 00:01:23.762  1582  3720 I Connectivity_AIDL|AIDL_Handler.AIDL_Callbacks.CanServiceCallback: MBUX App Method: HandleCAN_Response |Line No: 65 |Log Type: Information |Message: out::Response from CAN Service:getDynamic_secret
01-01 00:01:23.762  1582  1949 I Connectivity_AIDL|AIDL_Handler.AIDL_Helpers.CanHelper: MBUX App Method: _canServiceCallback_DskReceived |Line No: 498 |Log Type: Information |Message: in _canServiceCallback_DskReceived
01-01 00:01:23.764  1582  1949 I Connectivity_AIDL|AIDL_Handler.AIDL_Helpers.CanHelper: MBUX App Method: FoundCanDskData |Line No: 556 |Log Type: Information |Message: before:received Dsk List size:10
01-01 00:01:23.764  1582  1949 I Connectivity_AIDL|AIDL_Handler.AIDL_Helpers.CanHelper: MBUX App Method: FoundCanDskData |Line No: 558 |Log Type: Information |Message: before:received Dsk List from CAN AIDL Service:
01-01 00:01:23.764  1582  1949 I Connectivity_AIDL|AIDL_Handler.AIDL_Helpers.CanHelper: List[0]=FAILED
01-01 00:01:23.764  1582  1949 I Connectivity_AIDL|AIDL_Handler.AIDL_Helpers.CanHelper: List[1]=0.0.0.0
01-01 00:01:23.764  1582  1949 I Connectivity_AIDL|AIDL_Handler.AIDL_Helpers.CanHelper: List[2]=0
01-01 00:01:23.764  1582  1949 I Connectivity_AIDL|AIDL_Handler.AIDL_Helpers.CanHelper: List[3]=RSE_TYPE
01-01 00:01:23.764  1582  1949 I Connectivity_AIDL|AIDL_Handler.AIDL_Helpers.CanHelper: List[4]=NOTUSED
01-01 00:01:23.764  1582  1949 I Connectivity_AIDL|AIDL_Handler.AIDL_Helpers.CanHelper: List[5]=00:00:00:00:00:00
01-01 00:01:23.764  1582  1949 I Connectivity_AIDL|AIDL_Handler.AIDL_Helpers.CanHelper: List[6]=00:00:00:00:00:00
01-01 00:01:23.764  1582  1949 I Connectivity_AIDL|AIDL_Handler.AIDL_Helpers.CanHelper: List[7]=0.0.0.0
01-01 00:01:23.764  1582  1949 I Connectivity_AIDL|AIDL_Handler.AIDL_Helpers.CanHelper: List[8]=NOTUSED
01-01 00:01:23.764  1582  1949 I Connectivity_AIDL|AIDL_Handler.AIDL_Helpers.CanHelper: List[9]=d41d8cd98f00b204e9800998ecf8427e
01-01 00:01:23.764  1582  1949 W Connectivity_AIDL|AIDL_Handler.AIDL_Helpers.CanHelper: MBUX App Method: _canServiceCallback_DskReceived |Line No: 510 |Log Type: Critical |Message: :DSK Not Received/Corrupted DSK/Invalid DSK: _dskRequestCounter=12
01-01 00:01:23.764  1582  1949 I Connectivity_AIDL|AIDL_Handler.AIDL_Helpers.CanHelper: MBUX App Method: _canServiceCallback_DskReceived |Line No: 520 |Log Type: Critical |Message: 
01-01 00:01:23.764  1582  1949 I Connectivity_AIDL|AIDL_Handler.AIDL_Helpers.CanHelper: Started Retrying DskRequest-Counter:13
01-01 00:01:23.764  1582  1949 I Connectivity_AIDL|AIDL_Handler.AIDL_Callbacks.CanServiceCallback: MBUX App Method: HandleCAN_Response |Line No: 55 |Log Type: Information |Message: ::TaskCompleted:getDynamic_secret
01-01 00:01:24.737   753   780 I sssv-lib: sendMsg enter
01-01 00:01:24.737   753   780 I sssv-lib: sendMsg complete.
01-01 00:01:25.738   753   780 I sssv-lib: sendMsg enter
01-01 00:01:25.738   753   780 I sssv-lib: sendMsg complete.
01-01 00:01:25.877  1582  2039 I Connectivity_AIDL|AIDL_Handler.AIDL_Helpers.LcmHelper: MBUX App Method: KeepAliveTest |Line No: 408 |Log Type: Critical |Message: ChildThread:MBUX-App HB Count: 24, ResponseCode: 0
01-01 00:01:26.188  2203  2203 D HMI_SERVICE: USE_CASE_NA|FUN=StoragedJobIntentService::onCreate|1|init
01-01 00:01:26.191  2203  3564 D HMI_SERVICE: USE_CASE_NA|FUN=StoragedJobIntentService::onHandleIntent|1|ACTION_MONITOR_APPS
01-01 00:01:26.191  2203  3564 I HMI_SERVICE: USE_CASE_NA|FUN=StoragedJobIntentService::onHandleIntent|1|msg:storageType:64totalWriteValue652193735680
01-01 00:01:26.191  2203  3564 D HMI_SERVICE: USE_CASE_NA|FUN=StoragedJobIntentService::initMonitorApps|1|init
01-01 00:01:26.192  2203  3564 D HMI_SERVICE: USE_CASE_NA|FUN=EmmcUtils::getAppUid|1|uid:10027
01-01 00:01:26.193  2203  3564 D HMI_SERVICE: USE_CASE_NA|FUN=EmmcUtils::getAppUid|1|uid:10033
01-01 00:01:26.194  2659  3718 W ContextImpl: Calling a method in the system process without a qualified user: android.app.ContextImpl.startService:1476 android.content.ContextWrapper.startService:650 com.panasonic.dairse.vcpupersistence.VCPUPersistenceService$1.executeLinuxCommand:392 com.panasonic.dairse.vcpupersistence.IVCPUPersistenceService$Stub.onTransact:437 android.os.Binder.execTransact:706 
01-01 00:01:26.196  2203  2203 D HMI_SERVICE: USE_CASE_NA|FUN=StoragedJobIntentService::onDestroy|1|init
01-01 00:01:26.200  2659  3878 I chatty  : uid=1000(system) com.panasonic.dairse.vcpupersistence expire 10 lines
01-01 00:01:26.201  2659  2692 I chatty  : uid=1000(system) .254.10.1:20500 expire 18 lines
01-01 00:01:26.220  2203  2203 D HMI_SERVICE: USE_CASE_NA|FUN=StoragedJobIntentService::onReceiveResult|1|received
01-01 00:01:26.221  2203  2203 D HMI_SERVICE: SWR_HMI_MF_001|FUN=StoragedJobIntentService::onReceiveResult|1|String::split initiated
01-01 00:01:26.222  2203  2203 D HMI_SERVICE: SWR_HMI_MF_001|FUN=StoragedJobIntentService::onReceiveResult|1|String::split initiated
01-01 00:01:26.222  2203  2203 D HMI_SERVICE: USE_CASE_NA|FUN=StoragedJobIntentService::doAppMonitor|1|init
01-01 00:01:26.222  2203  2203 D HMI_SERVICE: USE_CASE_NA|FUN=StoragedJobIntentService::lifeTimeMonitor|1|init
01-01 00:01:26.222  2203  2203 D HMI_SERVICE: USE_CASE_NA|FUN=StoragedJobIntentService::doAppMonitor|1|init
01-01 00:01:26.222  2203  2203 D HMI_SERVICE: USE_CASE_NA|FUN=StoragedJobIntentService::lifeTimeMonitor|1|init
01-01 00:01:26.222  2203  2203 D HMI_SERVICE: USE_CASE_NA|FUN=StoragedJobIntentService::doAppMonitor|1|init
01-01 00:01:26.222  2203  2203 D HMI_SERVICE: USE_CASE_NA|FUN=StoragedJobIntentService::lifeTimeMonitor|1|init
01-01 00:01:26.223  2203  2203 D HMI_SERVICE: USE_CASE_NA|FUN=StoragedJobIntentService::doAppMonitor|1|init
01-01 00:01:26.223  2203  2203 D HMI_SERVICE: USE_CASE_NA|FUN=StoragedJobIntentService::lifeTimeMonitorBaiduApps|1|init
01-01 00:01:26.223  2203  2203 D HMI_SERVICE: USE_CASE_NA|FUN=StoragedJobIntentService::onReceiveResult|1|continousWrite208301056
01-01 00:01:26.738   753   780 I sssv-lib: sendMsg enter
01-01 00:01:26.739   753   780 I sssv-lib: sendMsg complete.
01-01 00:01:27.739   753   780 I sssv-lib: sendMsg enter
01-01 00:01:27.739   753   780 I sssv-lib: sendMsg complete.
01-01 00:01:28.370  2077  2077 E         : 
01-01 00:01:28.370  2077  2077 E         : Buffer Size = 1048576
01-01 00:01:28.371  2077  2077 E         : 
01-01 00:01:28.371  2077  2077 E         : <31>[   34.577106] logd: logdr: UID=0 GID=1000 PID=3245 b tail=0 logMask=1f pid=0 start=0ns timeout=0ns
01-01 00:01:28.371  2077  2077 E         : <6>[   34.962770] QSEECOM: scm_call_qcpe:429 : IN: 0x70000006, 0x8887, 0x20002, 0xfe812000, 0x58, 0xfe812000, 0x253e1f000
01-01 00:01:28.371  2077  2077 E         : <6>[   34.967624] QSEECOM: scm_call_qcpe:503 : OUT: 0x0, 0x0, 0xee01, 0x20002
01-01 00:01:28.371  2077  2077 E         : <14>[   36.121349] init: Uptime: 00036.121239 LocalTime: 01-01 00:00:40.716
01-01 00:01:28.371  2077  2077 E         : <14>[   36.121369] init: 
01-01 00:01:28.371  2077  2077 E         : <3>[   38.590129] subsys-restart: wait_for_err_ready(): [modem]: Error ready timed out
01-01 00:01:28.371  2077  2077 E         : <6>[   38.601343] pil-q6v5-mss 2080000.qcom,mss: MSS is shutting down
01-01 00:01:28.371  2077  2077 E         : <4>[   38.627194] pil-q6v5-mss 2080000.qcom,mss: Port 0000000000000000 halt timeout
01-01 00:01:28.371  2077  2077 E         : <4>[   38.659610] pil-q6v5-mss 2080000.qcom,mss: Port 0000000000000000 halt timeout
01-01 00:01:28.371  2077  2077 E         : <14>[   46.121726] init: Uptime: 00046.121630 LocalTime: 01-01 00:00:50.716
01-01 00:01:28.371  2077  2077 E         : <14>[   46.121748] init: 
01-01 00:01:28.371  2077  2077 E         : <6>[   51.687059] CFG80211-ERROR) wl_run_escan :  LEGACY E-SCAN START
01-01 00:01:28.371  2077  2077 E         : <6>[   51.713759] CFG80211-ERROR) wl_run_escan : LEGACY_SCAN sync ID: 4660, bssidx: 0
01-01 00:01:28.371  2077  2077 E         : <14>[   53.459578] init: processi
01-01 00:01:28.372  2077  2077 E         : USB Hub Detector 1.0
01-01 00:01:28.470  1582  1582 I Connectivity_AIDL|AIDL_Handler.AIDL_Helpers.LcmHelper: MBUX App Method: KeepAliveTest |Line No: 408 |Log Type: Critical |Message: MainThread:MBUX-App HB Count: 25, ResponseCode: 0
01-01 00:01:28.548  2002  2002 I chatty  : uid=1000(system) com.panasonic.dairse.lifecycle.lifecyclemanagerapp expire 108 lines
01-01 00:01:28.740   753   780 I sssv-lib: sendMsg enter
01-01 00:01:28.740   753   780 I sssv-lib: sendMsg complete.
01-01 00:01:28.758  1582  1948 I Connectivity_AIDL|AIDL_Handler.AIDL_Helpers.CanHelper: MBUX App Method: RetryDskRequestTimeout |Line No: 246 |Log Type: Information |Message: :in RetryDskRequestTimeout
01-01 00:01:28.758  1582  1948 I Connectivity_AIDL|AIDL_Handler.AIDL_Helpers.CanHelper: MBUX App Method: GetDynamicSecretKey |Line No: 388 |Log Type: Information |Message: :in GetDynamicSecretKey:, RetryDskRequest-Counter12
01-01 00:01:28.758  1582  1948 W Connectivity_AIDL|AIDL_Handler.AIDL_Helpers.CanHelper: MBUX App Method: GetDynamicSecretKey |Line No: 394 |Log Type: Warning |Message: :in GetDynamicSecretKey: RetryDskRequest-already active
01-01 00:01:28.758  1582  1948 I Connectivity_AIDL|AIDL_Handler.AIDL_Helpers.CanHelper: MBUX App Method: GetDynamicSecretKey |Line No: 408 |Log Type: Critical |Message: :RetryDskRequest-Counter:13
01-01 00:01:28.759  2042  2057 D CanService: Service getDynamic_secret() called.
01-01 00:01:28.759  2042  2057 D CanService: Calling CAN native service for retrieving HU wlan  details...
01-01 00:01:28.759   971  2834 D CanNativeService: DYNAMIC SECERET has been requested
01-01 00:01:28.759   971  2834 D CanNativeService: IPString =0.0.0.0
01-01 00:01:28.759   971  2834 D CanNativeService: PortString =00
01-01 00:01:28.759  2042  2057 D CanService: CAN getDynamicSecret listed.
01-01 00:01:28.759  2042  2057 D CanService: Sending callback for getDynamic_secret()
01-01 00:01:28.760  2042  2057 D CanService: Callback is not in list so added
01-01 00:01:28.760  2042  2057 D CanService: mHandler.obtainMessage and list size is14
01-01 00:01:28.761   971  2834 I CanNativeService: MCPU|SWR_INFRA-WLAN|SWR_INFRA-WLAN_003|API=readDSK|0|DSK msg requested
01-01 00:01:28.761   971  2834 D CanNativeService: dsk_status 0
01-01 00:01:28.761   971  2834 E CanNativeService: MCPU|SWR_INFRA-WLAN|SWR_INFRA-WLAN_003|API=readDSK|0|DSK is not received from Linux
01-01 00:01:28.761  2042  2060 E CANSERVICE: MCPU|SWR_INFRA-WLAN|SWR_INFRA-WLAN_003|API=getDynamic_secret|0|DSK is not available
01-01 00:01:28.761  2042  2060 D CanService: getDynamic_secret callback com.panasonic.dairse.can.apis.ICANServiceAsyncInterface$Stub$Proxy@712990c
01-01 00:01:28.762  1582  3720 I Connectivity_AIDL|AIDL_Handler.AIDL_Callbacks.CanServiceCallback: MBUX App Method: HandleCAN_Response |Line No: 24 |Log Type: Critical |Message: in::Response from CAN Service: RequestName:getDynamic_secret, ListSize:10, DskByteData received:True
01-01 00:01:28.762  1582  3720 I Connectivity_AIDL|AIDL_Handler.AIDL_Callbacks.CanServiceCallback: MBUX App Method: HandleCAN_Response |Line No: 46 |Log Type: Information |Message: ::TaskInit:getDynamic_secret
01-01 00:01:28.763  1582  3720 I Connectivity_AIDL|AIDL_Handler.AIDL_Callbacks.CanServiceCallback: MBUX App Method: HandleCAN_Response |Line No: 65 |Log Type: Information |Message: out::Response from CAN Service:getDynamic_secret
01-01 00:01:28.763  1582  1949 I Connectivity_AIDL|AIDL_Handler.AIDL_Callbacks.CanServiceCallback: MBUX App Method: HandleCAN_Response |Line No: 50 |Log Type: Information |Message: ::TaskStarted:getDynamic_secret
01-01 00:01:28.763  1582  1949 I Connectivity_AIDL|AIDL_Handler.AIDL_Helpers.CanHelper: MBUX App Method: _canServiceCallback_DskReceived |Line No: 498 |Log Type: Information |Message: in _canServiceCallback_DskReceived
01-01 00:01:28.764  1582  1949 I Connectivity_AIDL|AIDL_Handler.AIDL_Helpers.CanHelper: MBUX App Method: FoundCanDskData |Line No: 556 |Log Type: Information |Message: before:received Dsk List size:10
01-01 00:01:28.765  1582  1949 I Connectivity_AIDL|AIDL_Handler.AIDL_Helpers.CanHelper: MBUX App Method: FoundCanDskData |Line No: 558 |Log Type: Information |Message: before:received Dsk List from CAN AIDL Service:
01-01 00:01:28.765  1582  1949 I Connectivity_AIDL|AIDL_Handler.AIDL_Helpers.CanHelper: List[0]=FAILED
01-01 00:01:28.765  1582  1949 I Connectivity_AIDL|AIDL_Handler.AIDL_Helpers.CanHelper: List[1]=0.0.0.0
01-01 00:01:28.765  1582  1949 I Connectivity_AIDL|AIDL_Handler.AIDL_Helpers.CanHelper: List[2]=0
01-01 00:01:28.765  1582  1949 I Connectivity_AIDL|AIDL_Handler.AIDL_Helpers.CanHelper: List[3]=RSE_TYPE
01-01 00:01:28.765  1582  1949 I Connectivity_AIDL|AIDL_Handler.AIDL_Helpers.CanHelper: List[4]=NOTUSED
01-01 00:01:28.765  1582  1949 I Connectivity_AIDL|AIDL_Handler.AIDL_Helpers.CanHelper: List[5]=00:00:00:00:00:00
01-01 00:01:28.765  1582  1949 I Connectivity_AIDL|AIDL_Handler.AIDL_Helpers.CanHelper: List[6]=00:00:00:00:00:00
01-01 00:01:28.765  1582  1949 I Connectivity_AIDL|AIDL_Handler.AIDL_Helpers.CanHelper: List[7]=0.0.0.0
01-01 00:01:28.765  1582  1949 I Connectivity_AIDL|AIDL_Handler.AIDL_Helpers.CanHelper: List[8]=NOTUSED
01-01 00:01:28.765  1582  1949 I Connectivity_AIDL|AIDL_Handler.AIDL_Helpers.CanHelper: List[9]=d41d8cd98f00b204e9800998ecf8427e
01-01 00:01:28.765  1582  1949 W Connectivity_AIDL|AIDL_Handler.AIDL_Helpers.CanHelper: MBUX App Method: _canServiceCallback_DskReceived |Line No: 510 |Log Type: Critical |Message: :DSK Not Received/Corrupted DSK/Invalid DSK: _dskRequestCounter=13
01-01 00:01:28.765  1582  1949 I Connectivity_AIDL|AIDL_Handler.AIDL_Helpers.CanHelper: MBUX App Method: _canServiceCallback_DskReceived |Line No: 520 |Log Type: Critical |Message: 
01-01 00:01:28.765  1582  1949 I Connectivity_AIDL|AIDL_Handler.AIDL_Helpers.CanHelper: Started Retrying DskRequest-Counter:14
01-01 00:01:28.765  1582  1949 I Connectivity_AIDL|AIDL_Handler.AIDL_Callbacks.CanServiceCallback: MBUX App Method: HandleCAN_Response |Line No: 55 |Log Type: Information |Message: ::TaskCompleted:getDynamic_secret
01-01 00:01:29.485  3699  3879 D UIAutomatorStub: URI: /jsonrpc/0, Method: POST, Header: {content-length=177, remote-addr=127.0.0.1, http-client-ip=127.0.0.1, host=localhost:9009, connection=close, content-type=application/json, accept-encoding=identity, user-agent=Python-urllib/3.5}, params, {NanoHttpd.QUERY_STRING=null}, files: {postData={"jsonrpc": "2.0", "method": "exist", "params": [{"childOrSiblingSelector": [], "text": "Reconnect", "mask": 1, "childOrSibling": []}], "id": "d78ecc51c0a0240438602cb5637a54a0"}}
01-01 00:01:29.736  2002  2030 I chatty  : uid=1000(system) Thread-2 expire 27 lines
01-01 00:01:29.740  2002  2027 I chatty  : uid=1000(system) Profile Saver expire 2 lines
01-01 00:01:29.740   753   780 I sssv-lib: sendMsg enter
01-01 00:01:29.741   753   780 I sssv-lib: sendMsg complete.
01-01 00:01:30.718     1   466 I init    : Uptime: 00086.123014 LocalTime: 01-01 00:01:30.718
01-01 00:01:30.741   753   780 I sssv-lib: sendMsg enter
01-01 00:01:30.741   753   780 I sssv-lib: sendMsg complete.
01-01 00:01:30.917  1582  2039 I Connectivity_AIDL|AIDL_Handler.AIDL_Helpers.LcmHelper: MBUX App Method: KeepAliveTest |Line No: 408 |Log Type: Critical |Message: ChildThread:MBUX-App HB Count: 26, ResponseCode: 0
01-01 00:01:31.742   753   780 I sssv-lib: sendMsg enter
01-01 00:01:31.742   753   780 I sssv-lib: sendMsg complete.
01-01 00:01:32.742   753   780 I sssv-lib: sendMsg enter
01-01 00:01:32.742   753   780 I sssv-lib: sendMsg complete.
01-01 00:01:33.372  2077  2077 E         : 
01-01 00:01:33.372  2077  2077 E         : Buffer Size = 1048576
01-01 00:01:33.373  2077  2077 E         : 
01-01 00:01:33.373  2077  2077 E         : <31>[   34.577106] logd: logdr: UID=0 GID=1000 PID=3245 b tail=0 logMask=1f pid=0 start=0ns timeout=0ns
01-01 00:01:33.373  2077  2077 E         : <6>[   34.962770] QSEECOM: scm_call_qcpe:429 : IN: 0x70000006, 0x8887, 0x20002, 0xfe812000, 0x58, 0xfe812000, 0x253e1f000
01-01 00:01:33.373  2077  2077 E         : <6>[   34.967624] QSEECOM: scm_call_qcpe:503 : OUT: 0x0, 0x0, 0xee01, 0x20002
01-01 00:01:33.373  2077  2077 E         : <14>[   36.121349] init: Uptime: 00036.121239 LocalTime: 01-01 00:00:40.716
01-01 00:01:33.373  2077  2077 E         : <14>[   36.121369] init: 
01-01 00:01:33.373  2077  2077 E         : <3>[   38.590129] subsys-restart: wait_for_err_ready(): [modem]: Error ready timed out
01-01 00:01:33.373  2077  2077 E         : <6>[   38.601343] pil-q6v5-mss 2080000.qcom,mss: MSS is shutting down
01-01 00:01:33.373  2077  2077 E         : <4>[   38.627194] pil-q6v5-mss 2080000.qcom,mss: Port 0000000000000000 halt timeout
01-01 00:01:33.373  2077  2077 E         : <4>[   38.659610] pil-q6v5-mss 2080000.qcom,mss: Port 0000000000000000 halt timeout
01-01 00:01:33.373  2077  2077 E         : <14>[   46.121726] init: Uptime: 00046.121630 LocalTime: 01-01 00:00:50.716
01-01 00:01:33.373  2077  2077 E         : <14>[   46.121748] init: 
01-01 00:01:33.373  2077  2077 E         : <6>[   51.687059] CFG80211-ERROR) wl_run_escan :  LEGACY E-SCAN START
01-01 00:01:33.373  2077  2077 E         : <6>[   51.713759] CFG80211-ERROR) wl_run_escan : LEGACY_SCAN sync ID: 4660, bssidx: 0
01-01 00:01:33.373  2077  2077 E         : <14>[   53.459578] init: processi
01-01 00:01:33.373  2077  2077 E         : USB Hub Detector 1.0
01-01 00:01:33.472  1582  1582 I Connectivity_AIDL|AIDL_Handler.AIDL_Helpers.LcmHelper: MBUX App Method: KeepAliveTest |Line No: 408 |Log Type: Critical |Message: MainThread:MBUX-App HB Count: 27, ResponseCode: 0
01-01 00:01:33.743   753   780 I sssv-lib: sendMsg enter
01-01 00:01:33.743   753   780 I sssv-lib: sendMsg complete.
01-01 00:01:33.758  1582  1950 I Connectivity_AIDL|AIDL_Handler.AIDL_Helpers.CanHelper: MBUX App Method: RetryDskRequestTimeout |Line No: 246 |Log Type: Information |Message: :in RetryDskRequestTimeout
01-01 00:01:33.759  1582  1950 I Connectivity_AIDL|AIDL_Handler.AIDL_Helpers.CanHelper: MBUX App Method: GetDynamicSecretKey |Line No: 388 |Log Type: Information |Message: :in GetDynamicSecretKey:, RetryDskRequest-Counter13
01-01 00:01:33.759  1582  1950 W Connectivity_AIDL|AIDL_Handler.AIDL_Helpers.CanHelper: MBUX App Method: GetDynamicSecretKey |Line No: 394 |Log Type: Warning |Message: :in GetDynamicSecretKey: RetryDskRequest-already active
01-01 00:01:33.759  1582  1950 I Connectivity_AIDL|AIDL_Handler.AIDL_Helpers.CanHelper: MBUX App Method: GetDynamicSecretKey |Line No: 408 |Log Type: Critical |Message: :RetryDskRequest-Counter:14
01-01 00:01:33.759  2042  2057 D CanService: Service getDynamic_secret() called.
01-01 00:01:33.759  2042  2057 D CanService: Calling CAN native service for retrieving HU wlan  details...
01-01 00:01:33.760   971  2834 D CanNativeService: DYNAMIC SECERET has been requested
01-01 00:01:33.760   971  2834 D CanNativeService: IPString =0.0.0.0
01-01 00:01:33.760   971  2834 D CanNativeService: PortString =00
01-01 00:01:33.760  2042  2057 D CanService: CAN getDynamicSecret listed.
01-01 00:01:33.760  2042  2057 D CanService: Sending callback for getDynamic_secret()
01-01 00:01:33.760  2042  2057 D CanService: Callback is not in list so added
01-01 00:01:33.760  2042  2057 D CanService: mHandler.obtainMessage and list size is15
01-01 00:01:33.761   971  2834 I CanNativeService: MCPU|SWR_INFRA-WLAN|SWR_INFRA-WLAN_003|API=readDSK|0|DSK msg requested
01-01 00:01:33.761   971  2834 D CanNativeService: dsk_status 0
01-01 00:01:33.761   971  2834 E CanNativeService: MCPU|SWR_INFRA-WLAN|SWR_INFRA-WLAN_003|API=readDSK|0|DSK is not received from Linux
01-01 00:01:33.761  2042  2060 E CANSERVICE: MCPU|SWR_INFRA-WLAN|SWR_INFRA-WLAN_003|API=getDynamic_secret|0|DSK is not available
01-01 00:01:33.761  2042  2060 D CanService: getDynamic_secret callback com.panasonic.dairse.can.apis.ICANServiceAsyncInterface$Stub$Proxy@8d50255
