01-01 00:01:40.030  1566  1952 I Connectivity_AIDL|AIDL_Handler.AIDL_Helpers.CanHelper: MBUX App Method: _canServiceCallback_DskReceived |Line No: 498 |Log Type: Information |Message: in _canServiceCallback_DskReceived
01-01 00:01:40.031  1566  1952 I Connectivity_AIDL|AIDL_Handler.AIDL_Helpers.CanHelper: MBUX App Method: FoundCanDskData |Line No: 556 |Log Type: Information |Message: before:received Dsk List size:10
01-01 00:01:40.031  1566  1952 I Connectivity_AIDL|AIDL_Handler.AIDL_Helpers.CanHelper: MBUX App Method: FoundCanDskData |Line No: 558 |Log Type: Information |Message: before:received Dsk List from CAN AIDL Service:
01-01 00:01:40.031  1566  1952 I Connectivity_AIDL|AIDL_Handler.AIDL_Helpers.CanHelper: List[0]=FAILED
01-01 00:01:40.031  1566  1952 I Connectivity_AIDL|AIDL_Handler.AIDL_Helpers.CanHelper: List[1]=0.0.0.0
01-01 00:01:40.031  1566  1952 I Connectivity_AIDL|AIDL_Handler.AIDL_Helpers.CanHelper: List[2]=0
01-01 00:01:40.031  1566  1952 I Connectivity_AIDL|AIDL_Handler.AIDL_Helpers.CanHelper: List[3]=RSE_TYPE
01-01 00:01:40.031  1566  1952 I Connectivity_AIDL|AIDL_Handler.AIDL_Helpers.CanHelper: List[4]=NOTUSED
01-01 00:01:40.031  1566  1952 I Connectivity_AIDL|AIDL_Handler.AIDL_Helpers.CanHelper: List[5]=00:00:00:00:00:00
01-01 00:01:40.031  1566  1952 I Connectivity_AIDL|AIDL_Handler.AIDL_Helpers.CanHelper: List[6]=00:00:00:00:00:00
01-01 00:01:40.031  1566  1952 I Connectivity_AIDL|AIDL_Handler.AIDL_Helpers.CanHelper: List[7]=0.0.0.0
01-01 00:01:40.031  1566  1952 I Connectivity_AIDL|AIDL_Handler.AIDL_Helpers.CanHelper: List[8]=NOTUSED
01-01 00:01:40.031  1566  1952 I Connectivity_AIDL|AIDL_Handler.AIDL_Helpers.CanHelper: List[9]=d41d8cd98f00b204e9800998ecf8427e
01-01 00:01:40.031  1566  1952 W Connectivity_AIDL|AIDL_Handler.AIDL_Helpers.CanHelper: MBUX App Method: _canServiceCallback_DskReceived |Line No: 510 |Log Type: Critical |Message: :DSK Not Received/Corrupted DSK/Invalid DSK: _dskRequestCounter=15
01-01 00:01:40.031  1566  1952 I Connectivity_AIDL|AIDL_Handler.AIDL_Helpers.CanHelper: MBUX App Method: _canServiceCallback_DskReceived |Line No: 520 |Log Type: Critical |Message: 
01-01 00:01:40.031  1566  1952 I Connectivity_AIDL|AIDL_Handler.AIDL_Helpers.CanHelper: Started Retrying DskRequest-Counter:16
01-01 00:01:40.032  1566  1952 I Connectivity_AIDL|AIDL_Handler.AIDL_Callbacks.CanServiceCallback: MBUX App Method: HandleCAN_Response |Line No: 55 |Log Type: Information |Message: ::TaskCompleted:getDynamic_secret
01-01 00:01:40.032  1566  1645 I Connectivity_AIDL|AIDL_Handler.AIDL_Callbacks.CanServiceCallback: MBUX App Method: HandleCAN_Response |Line No: 65 |Log Type: Information |Message: out::Response from CAN Service:getDynamic_secret
01-01 00:01:40.074  2092  2092 E         : 
01-01 00:01:40.074  2092  2092 E         : Buffer Size = 1048576
01-01 00:01:40.075  2092  2092 E         : 
01-01 00:01:40.075  2092  2092 E         : <6>[   34.779058] QSEECOM: scm_call_qcpe:503 : OUT: 0x0, 0x0, 0xee01, 0x20002
01-01 00:01:40.075  2092  2092 E         : <31>[   34.925126] logd: logdr: UID=0 GID=1000 PID=2921 b tail=0 logMask=1f pid=0 start=0ns timeout=0ns
01-01 00:01:40.075  2092  2092 E         : <6>[   35.783951] QSEECOM: scm_call_qcpe:429 : IN: 0x70000006, 0x8887, 0x20002, 0xfe812000, 0x58, 0xfe812000, 0x2060e8000
01-01 00:01:40.075  2092  2092 E         : <6>[   35.792840] QSEECOM: scm_call_qcpe:503 : OUT: 0x0, 0x0, 0xee01, 0x20002
01-01 00:01:40.075  2092  2092 E         : <14>[   35.978166] init: Uptime: 00035.978051 LocalTime: 01-01 00:00:40.672
01-01 00:01:40.075  2092  2092 E         : <14>[   35.978185] init: 
01-01 00:01:40.075  2092  2092 E         : <6>[   36.797514] QSEECOM: scm_call_qcpe:429 : IN: 0x70000006, 0x8887, 0x20002, 0xfe812000, 0x58, 0xfe812000, 0x24d478000
01-01 00:01:40.075  2092  2092 E         : <6>[   36.803824] QSEECOM: scm_call_qcpe:503 : OUT: 0x0, 0x0, 0xee01, 0x20002
01-01 00:01:40.075  2092  2092 E         : <6>[   39.352587] CFG80211-ERROR) wl_run_escan :  LEGACY E-SCAN START
01-01 00:01:40.075  2092  2092 E         : <6>[   39.379328] CFG80211-ERROR) wl_run_escan : LEGACY_SCAN sync ID: 4660, bssidx: 0
01-01 00:01:40.075  2092  2092 E         : <3>[   41.290129] subsys-restart: wait_for_err_ready(): [modem]: Error ready timed out
01-01 00:01:40.075  2092  2092 E         : <6>[   41.301542] pil-q6v5-mss 2080000.qcom,mss: MSS is shutting down
01-01 00:01:40.075  2092  2092 E         : <4>[   41.326595] pil-q6v
01-01 00:01:40.075  2092  2092 E         : USB Hub Detector 1.0
01-01 00:01:40.642   762   781 I sssv-lib: sendMsg enter
01-01 00:01:40.642   762   781 I sssv-lib: sendMsg complete.
01-01 00:01:40.675     1   466 I init    : Uptime: 00095.980331 LocalTime: 01-01 00:01:40.675
01-01 00:01:41.643   762   781 I sssv-lib: sendMsg enter
01-01 00:01:41.643   762   781 I sssv-lib: sendMsg complete.
01-01 00:01:41.968  1997  1997 I chatty  : uid=1000(system) com.panasonic.dairse.lifecycle.lifecyclemanagerapp expire 4 lines
01-01 00:01:41.968  1997  2026 I chatty  : uid=1000(system) Thread-2 expire 14 lines
01-01 00:01:42.157  1997  2015 I chatty  : uid=1000(system) Binder:1997_2 expire 2 lines
01-01 00:01:42.158  1566  2033 I Connectivity_AIDL|AIDL_Handler.AIDL_Helpers.LcmHelper: MBUX App Method: KeepAliveTest |Line No: 408 |Log Type: Critical |Message: ChildThread:MBUX-App HB Count: 30, ResponseCode: 0
01-01 00:01:42.643   762   781 I sssv-lib: sendMsg enter
01-01 00:01:42.643   762   781 I sssv-lib: sendMsg complete.
01-01 00:01:43.644   762   781 I sssv-lib: sendMsg enter
01-01 00:01:43.644   762   781 I sssv-lib: sendMsg complete.
01-01 00:01:44.048  1163  1331 I WifiService: isScanAlwaysAvailable uid=1000
01-01 00:01:44.049  1163  1331 I WifiService: getWifiEnabledState uid=1000
01-01 00:01:44.049  1163  1163 D CompatibilityInfo: mCompatibilityFlags - 4
01-01 00:01:44.049  1163  1163 D CompatibilityInfo: applicationDensity - 240
01-01 00:01:44.049  1163  1163 D CompatibilityInfo: applicationScale - 1.0
01-01 00:01:44.052  1163  1163 D StorageManager: DAI: getStorageLowBytes: lowBytes=6132497940
01-01 00:01:44.054  1163  3858 D StorageManager: DAI: getStorageLowBytes: lowBytes=6132497940
01-01 00:01:44.645   762   781 I sssv-lib: sendMsg enter
01-01 00:01:44.645   762   781 I sssv-lib: sendMsg complete.
01-01 00:01:44.736  1566  1566 I Connectivity_AIDL|AIDL_Handler.AIDL_Helpers.LcmHelper: MBUX App Method: KeepAliveTest |Line No: 408 |Log Type: Critical |Message: MainThread:MBUX-App HB Count: 31, ResponseCode: 0
01-01 00:01:44.741  1997  1997 I chatty  : uid=1000(system) com.panasonic.dairse.lifecycle.lifecyclemanagerapp expire 23 lines
01-01 00:01:44.883  1163  3858 I BackgroundDexOptService: Pinning optimized code {}
01-01 00:01:44.884   843  1397 I LOWI-8.5.0.3.c: [LOWI-Scan] lowi_close_record:Scan completed in 82915ms and Recieved 1 APs scan results
01-01 00:01:44.884  1163  2273 D WificondControl: Scan result ready event
01-01 00:01:44.884   843   960 I LOWI-8.5.0.3.c: [LOWIUtils] responseToOutPostcard - TO: GTP-FDAL, FROM:   LOWI-SERVER, RESP:  LOWI_ASYNC_DISCOVERY_SCAN_RESULTS
01-01 00:01:44.885  1163  1331 I WifiService: isScanAlwaysAvailable uid=1000
01-01 00:01:44.885  1163  1331 I WifiService: getWifiEnabledState uid=1000
01-01 00:01:44.886   821   821 I wificond: Enters wifigbk_ageOutHistory
01-01 00:01:44.886   845  1004 W XTCC-6.1.2.10-a: [LOWIUtils] to_eScanTypeResponse - default case
01-01 00:01:44.886   845  1004 W XTCC-6.1.2.10-a: [WifiScanner] WiFi scan result : [1] AP's, async result: 1
01-01 00:01:44.887  1163  1331 I WifiService: isScanAlwaysAvailable uid=1000
01-01 00:01:44.887  1163  1331 I WifiService: getWifiEnabledState uid=1000
01-01 00:01:44.889  2149  2149 D HMI_SERVICE: USE_CASE_NA|FUN=HmiApplication| [action] android.net.wifi.SCAN_RESULTS
01-01 00:01:45.026  1566  2062 I Connectivity_AIDL|AIDL_Handler.AIDL_Helpers.CanHelper: MBUX App Method: RetryDskRequestTimeout |Line No: 246 |Log Type: Information |Message: :in RetryDskRequestTimeout
01-01 00:01:45.026  1566  2062 I Connectivity_AIDL|AIDL_Handler.AIDL_Helpers.CanHelper: MBUX App Method: GetDynamicSecretKey |Line No: 388 |Log Type: Information |Message: :in GetDynamicSecretKey:, RetryDskRequest-Counter15
01-01 00:01:45.026  1566  2062 W Connectivity_AIDL|AIDL_Handler.AIDL_Helpers.CanHelper: MBUX App Method: GetDynamicSecretKey |Line No: 394 |Log Type: Warning |Message: :in GetDynamicSecretKey: RetryDskRequest-already active
01-01 00:01:45.026  1566  2062 I Connectivity_AIDL|AIDL_Handler.AIDL_Helpers.CanHelper: MBUX App Method: GetDynamicSecretKey |Line No: 408 |Log Type: Critical |Message: :RetryDskRequest-Counter:16
01-01 00:01:45.027  2038  2054 D CanService: Service getDynamic_secret() called.
01-01 00:01:45.027  2038  2054 D CanService: Calling CAN native service for retrieving HU wlan  details...
01-01 00:01:45.027   973   985 D CanNativeService: DYNAMIC SECERET has been requested
01-01 00:01:45.027   973   985 D CanNativeService: IPString =0.0.0.0
01-01 00:01:45.027   973   985 D CanNativeService: PortString =00
01-01 00:01:45.028  2038  2054 D CanService: CAN getDynamicSecret listed.
01-01 00:01:45.028  2038  2054 D CanService: Sending callback for getDynamic_secret()
01-01 00:01:45.028  2038  2054 D CanService: Callback is not in list so added
01-01 00:01:45.028  2038  2054 D CanService: mHandler.obtainMessage and list size is17
01-01 00:01:45.028   973   985 I CanNativeService: MCPU|SWR_INFRA-WLAN|SWR_INFRA-WLAN_003|API=readDSK|0|DSK msg requested
01-01 00:01:45.028   973   985 D CanNativeService: dsk_status 0
01-01 00:01:45.029   973   985 E CanNativeService: MCPU|SWR_INFRA-WLAN|SWR_INFRA-WLAN_003|API=readDSK|0|DSK is not received from Linux
01-01 00:01:45.029  2038  2059 E CANSERVICE: MCPU|SWR_INFRA-WLAN|SWR_INFRA-WLAN_003|API=getDynamic_secret|0|DSK is not available
01-01 00:01:45.029  2038  2059 D CanService: getDynamic_secret callback com.panasonic.dairse.can.apis.ICANServiceAsyncInterface$Stub$Proxy@a6b2d5b
01-01 00:01:45.030  1566  1645 I Connectivity_AIDL|AIDL_Handler.AIDL_Callbacks.CanServiceCallback: MBUX App Method: HandleCAN_Response |Line No: 24 |Log Type: Critical |Message: in::Response from CAN Service: RequestName:getDynamic_secret, ListSize:10, DskByteData received:True
01-01 00:01:45.030  1566  1645 I Connectivity_AIDL|AIDL_Handler.AIDL_Callbacks.CanServiceCallback: MBUX App Method: HandleCAN_Response |Line No: 46 |Log Type: Information |Message: ::TaskInit:getDynamic_secret
01-01 00:01:45.030  1566  1645 I Connectivity_AIDL|AIDL_Handler.AIDL_Callbacks.CanServiceCallback: MBUX App Method: HandleCAN_Response |Line No: 65 |Log Type: Information |Message: out::Response from CAN Service:getDynamic_secret
01-01 00:01:45.030  1566  2062 I Connectivity_AIDL|AIDL_Handler.AIDL_Callbacks.CanServiceCallback: MBUX App Method: HandleCAN_Response |Line No: 50 |Log Type: Information |Message: ::TaskStarted:getDynamic_secret
01-01 00:01:45.030  1566  2062 I Connectivity_AIDL|AIDL_Handler.AIDL_Helpers.CanHelper: MBUX App Method: _canServiceCallback_DskReceived |Line No: 498 |Log Type: Information |Message: in _canServiceCallback_DskReceived
01-01 00:01:45.032  1566  2062 I Connectivity_AIDL|AIDL_Handler.AIDL_Helpers.CanHelper: MBUX App Method: FoundCanDskData |Line No: 556 |Log Type: Information |Message: before:received Dsk List size:10
01-01 00:01:45.032  1566  2062 I Connectivity_AIDL|AIDL_Handler.AIDL_Helpers.CanHelper: MBUX App Method: FoundCanDskData |Line No: 558 |Log Type: Information |Message: before:received Dsk List from CAN AIDL Service:
01-01 00:01:45.032  1566  2062 I Connectivity_AIDL|AIDL_Handler.AIDL_Helpers.CanHelper: List[0]=FAILED
01-01 00:01:45.032  1566  2062 I Connectivity_AIDL|AIDL_Handler.AIDL_Helpers.CanHelper: List[1]=0.0.0.0
01-01 00:01:45.032  1566  2062 I Connectivity_AIDL|AIDL_Handler.AIDL_Helpers.CanHelper: List[2]=0
01-01 00:01:45.032  1566  2062 I Connectivity_AIDL|AIDL_Handler.AIDL_Helpers.CanHelper: List[3]=RSE_TYPE
01-01 00:01:45.032  1566  2062 I Connectivity_AIDL|AIDL_Handler.AIDL_Helpers.CanHelper: List[4]=NOTUSED
01-01 00:01:45.032  1566  2062 I Connectivity_AIDL|AIDL_Handler.AIDL_Helpers.CanHelper: List[5]=00:00:00:00:00:00
01-01 00:01:45.032  1566  2062 I Connectivity_AIDL|AIDL_Handler.AIDL_Helpers.CanHelper: List[6]=00:00:00:00:00:00
01-01 00:01:45.032  1566  2062 I Connectivity_AIDL|AIDL_Handler.AIDL_Helpers.CanHelper: List[7]=0.0.0.0
01-01 00:01:45.032  1566  2062 I Connectivity_AIDL|AIDL_Handler.AIDL_Helpers.CanHelper: List[8]=NOTUSED
01-01 00:01:45.032  1566  2062 I Connectivity_AIDL|AIDL_Handler.AIDL_Helpers.CanHelper: List[9]=d41d8cd98f00b204e9800998ecf8427e
01-01 00:01:45.032  1566  2062 W Connectivity_AIDL|AIDL_Handler.AIDL_Helpers.CanHelper: MBUX App Method: _canServiceCallback_DskReceived |Line No: 510 |Log Type: Critical |Message: :DSK Not Received/Corrupted DSK/Invalid DSK: _dskRequestCounter=16
01-01 00:01:45.033  1566  2062 I Connectivity_AIDL|AIDL_Handler.AIDL_Helpers.CanHelper: MBUX App Method: _canServiceCallback_DskReceived |Line No: 520 |Log Type: Critical |Message: 
01-01 00:01:45.033  1566  2062 I Connectivity_AIDL|AIDL_Handler.AIDL_Helpers.CanHelper: Started Retrying DskRequest-Counter:17
01-01 00:01:45.033  1566  2062 I Connectivity_AIDL|AIDL_Handler.AIDL_Callbacks.CanServiceCallback: MBUX App Method: HandleCAN_Response |Line No: 55 |Log Type: Information |Message: ::TaskCompleted:getDynamic_secret
01-01 00:01:45.076  2092  2092 E         : 
01-01 00:01:45.076  2092  2092 E         : Buffer Size = 1048576
01-01 00:01:45.077  2092  2092 E         : 
01-01 00:01:45.077  2092  2092 E         : <6>[   34.779058] QSEECOM: scm_call_qcpe:503 : OUT: 0x0, 0x0, 0xee01, 0x20002
01-01 00:01:45.077  2092  2092 E         : <31>[   34.925126] logd: logdr: UID=0 GID=1000 PID=2921 b tail=0 logMask=1f pid=0 start=0ns timeout=0ns
01-01 00:01:45.077  2092  2092 E         : <6>[   35.783951] QSEECOM: scm_call_qcpe:429 : IN: 0x70000006, 0x8887, 0x20002, 0xfe812000, 0x58, 0xfe812000, 0x2060e8000
01-01 00:01:45.077  2092  2092 E         : <6>[   35.792840] QSEECOM: scm_call_qcpe:503 : OUT: 0x0, 0x0, 0xee01, 0x20002
01-01 00:01:45.077  2092  2092 E         : <14>[   35.978166] init: Uptime: 00035.978051 LocalTime: 01-01 00:00:40.672
01-01 00:01:45.077  2092  2092 E         : <14>[   35.978185] init: 
01-01 00:01:45.077  2092  2092 E         : <6>[   36.797514] QSEECOM: scm_call_qcpe:429 : IN: 0x70000006, 0x8887, 0x20002, 0xfe812000, 0x58, 0xfe812000, 0x24d478000
01-01 00:01:45.077  2092  2092 E         : <6>[   36.803824] QSEECOM: scm_call_qcpe:503 : OUT: 0x0, 0x0, 0xee01, 0x20002
01-01 00:01:45.077  2092  2092 E         : <6>[   39.352587] CFG80211-ERROR) wl_run_escan :  LEGACY E-SCAN START
01-01 00:01:45.077  2092  2092 E         : <6>[   39.379328] CFG80211-ERROR) wl_run_escan : LEGACY_SCAN sync ID: 4660, bssidx: 0
01-01 00:01:45.077  2092  2092 E         : <3>[   41.290129] subsys-restart: wait_for_err_ready(): [modem]: Error ready timed out
01-01 00:01:45.077  2092  2092 E         : <6>[   41.301542] pil-q6v5-mss 2080000.qcom,mss: MSS is shutting down
01-01 00:01:45.077  2092  2092 E         : <4>[   41.326595] pil-q6v
01-01 00:01:45.077  2092  2092 E         : USB Hub Detector 1.0
01-01 00:01:45.645   762   781 I sssv-lib: sendMsg enter
01-01 00:01:45.645   762   781 I sssv-lib: sendMsg complete.
01-01 00:01:46.646   762   781 I sssv-lib: sendMsg enter
01-01 00:01:46.646   762   781 I sssv-lib: sendMsg complete.
01-01 00:01:46.973  1997  2026 I chatty  : uid=1000(system) Thread-2 expire 4 lines
01-01 00:01:47.160  1997  2015 I chatty  : uid=1000(system) Binder:1997_2 expire 1 line
01-01 00:01:47.161  1566  2033 I Connectivity_AIDL|AIDL_Handler.AIDL_Helpers.LcmHelper: MBUX App Method: KeepAliveTest |Line No: 408 |Log Type: Critical |Message: ChildThread:MBUX-App HB Count: 32, ResponseCode: 0
01-01 00:01:47.646   762   781 I sssv-lib: sendMsg enter
01-01 00:01:47.647   762   781 I sssv-lib: sendMsg complete.
01-01 00:01:47.744  1997  1997 I chatty  : uid=1000(system) com.panasonic.dairse.lifecycle.lifecyclemanagerapp expire 41 lines
01-01 00:01:48.647   762   781 I sssv-lib: sendMsg enter
01-01 00:01:48.647   762   781 I sssv-lib: sendMsg complete.
01-01 00:01:49.493  1163  2273 D CompatibilityInfo: mCompatibilityFlags - 4
01-01 00:01:49.493  1163  2273 D CompatibilityInfo: applicationDensity - 240
01-01 00:01:49.493  1163  2273 D CompatibilityInfo: applicationScale - 1.0
01-01 00:01:49.495  2149  2149 D HMI_SERVICE: USE_CASE_NA|FUN=StoragedJobIntentService::onCreate|1|init
01-01 00:01:49.497  2149  3367 D HMI_SERVICE: USE_CASE_NA|FUN=StoragedJobIntentService::onHandleIntent|1|ACTION_MONITOR_APPS
01-01 00:01:49.497  2149  3367 I HMI_SERVICE: USE_CASE_NA|FUN=StoragedJobIntentService::onHandleIntent|1|msg:storageType:64totalWriteValue652193735680
01-01 00:01:49.498  2149  3367 D HMI_SERVICE: USE_CASE_NA|FUN=StoragedJobIntentService::initMonitorApps|1|init
01-01 00:01:49.498  2149  3367 D HMI_SERVICE: USE_CASE_NA|FUN=EmmcUtils::getAppUid|1|uid:10027
01-01 00:01:49.499  2149  3367 D HMI_SERVICE: USE_CASE_NA|FUN=EmmcUtils::getAppUid|1|uid:10033
01-01 00:01:49.499  2565  2587 I chatty  : uid=1000(system) Binder:2565_3 expire 1 line
01-01 00:01:44.886   821   821 I wificond: Enters wifigbk_ageOutHistory
01-01 00:01:49.500  2565  2587 W ContextImpl: Calling a method in the system process without a qualified user: android.app.ContextImpl.startService:1476 android.content.ContextWrapper.startService:650 com.panasonic.dairse.vcpupersistence.VCPUPersistenceService$1.executeLinuxCommand:392 com.panasonic.dairse.vcpupersistence.IVCPUPersistenceService$Stub.onTransact:437 android.os.Binder.execTransact:706 
01-01 00:01:49.501  2149  2149 D HMI_SERVICE: USE_CASE_NA|FUN=StoragedJobIntentService::onDestroy|1|init
01-01 00:01:49.502  1163  2273 D CompatibilityInfo: mCompatibilityFlags - 4
01-01 00:01:49.502  1163  2273 D CompatibilityInfo: applicationDensity - 240
01-01 00:01:49.502  1163  2273 D CompatibilityInfo: applicationScale - 1.0
01-01 00:01:49.505  2565  3861 I chatty  : uid=1000(system) com.panasonic.dairse.vcpupersistence expire 10 lines
01-01 00:01:49.506  2565  2604 I chatty  : uid=1000(system) .254.10.1:20500 expire 9 lines
01-01 00:01:49.593  3754  3862 D UIAutomatorStub: URI: /jsonrpc/0, Method: POST, Header: {content-length=177, remote-addr=127.0.0.1, http-client-ip=127.0.0.1, host=localhost:9009, connection=close, content-type=application/json, accept-encoding=identity, user-agent=Python-urllib/3.5}, params, {NanoHttpd.QUERY_STRING=null}, files: {postData={"params": [{"childOrSiblingSelector": [], "text": "Reconnect", "mask": 1, "childOrSibling": []}], "jsonrpc": "2.0", "id": "fcdac5375c5e102c886f30c8220d2f2a", "method": "exist"}}
01-01 00:01:49.607  2565  2605 I chatty  : uid=1000(system) .254.10.1:20500 expire 18 lines
01-01 00:01:49.611  2149  2149 D HMI_SERVICE: USE_CASE_NA|FUN=StoragedJobIntentService::onReceiveResult|1|received
01-01 00:01:49.612  2149  2149 D HMI_SERVICE: SWR_HMI_MF_001|FUN=StoragedJobIntentService::onReceiveResult|1|String::split initiated
01-01 00:01:49.612  2149  2149 I chatty  : uid=1000(system) com.panasonic.dairse.service.hmi identical 3 lines
01-01 00:01:49.613  2149  2149 D HMI_SERVICE: SWR_HMI_MF_001|FUN=StoragedJobIntentService::onReceiveResult|1|String::split initiated
01-01 00:01:49.613  2149  2149 D HMI_SERVICE: USE_CASE_NA|FUN=StoragedJobIntentService::doAppMonitor|1|init
01-01 00:01:49.613  2149  2149 D HMI_SERVICE: USE_CASE_NA|FUN=StoragedJobIntentService::lifeTimeMonitor|1|init
01-01 00:01:49.613  2149  2149 D HMI_SERVICE: USE_CASE_NA|FUN=StoragedJobIntentService::doAppMonitor|1|init
01-01 00:01:49.613  2149  2149 D HMI_SERVICE: USE_CASE_NA|FUN=StoragedJobIntentService::lifeTimeMonitor|1|init
01-01 00:01:49.613  2149  2149 D HMI_SERVICE: USE_CASE_NA|FUN=StoragedJobIntentService::doAppMonitor|1|init
01-01 00:01:49.613  2149  2149 D HMI_SERVICE: USE_CASE_NA|FUN=StoragedJobIntentService::lifeTimeMonitor|1|init
01-01 00:01:49.613  2149  2149 D HMI_SERVICE: USE_CASE_NA|FUN=StoragedJobIntentService::doAppMonitor|1|init
01-01 00:01:49.613  2149  2149 D HMI_SERVICE: USE_CASE_NA|FUN=StoragedJobIntentService::lifeTimeMonitorBaiduApps|1|init
01-01 00:01:49.613  2149  2149 D HMI_SERVICE: USE_CASE_NA|FUN=StoragedJobIntentService::onReceiveResult|1|continousWrite209038336
01-01 00:01:49.648   762   781 I sssv-lib: sendMsg enter
01-01 00:01:49.648   762   781 I sssv-lib: sendMsg complete.
01-01 00:01:49.737  1997  2015 I chatty  : uid=1000(system) Binder:1997_2 expire 2 lines
01-01 00:01:49.737  1566  1566 I Connectivity_AIDL|AIDL_Handler.AIDL_Helpers.LcmHelper: MBUX App Method: KeepAliveTest |Line No: 408 |Log Type: Critical |Message: MainThread:MBUX-App HB Count: 33, ResponseCode: 0
01-01 00:01:50.026  1566  2062 I Connectivity_AIDL|AIDL_Handler.AIDL_Helpers.CanHelper: MBUX App Method: RetryDskRequestTimeout |Line No: 246 |Log Type: Information |Message: :in RetryDskRequestTimeout
01-01 00:01:50.026  1566  2062 I Connectivity_AIDL|AIDL_Handler.AIDL_Helpers.CanHelper: MBUX App Method: GetDynamicSecretKey |Line No: 388 |Log Type: Information |Message: :in GetDynamicSecretKey:, RetryDskRequest-Counter16
01-01 00:01:50.026  1566  2062 W Connectivity_AIDL|AIDL_Handler.AIDL_Helpers.CanHelper: MBUX App Method: GetDynamicSecretKey |Line No: 394 |Log Type: Warning |Message: :in GetDynamicSecretKey: RetryDskRequest-already active
01-01 00:01:50.026  1566  2062 I Connectivity_AIDL|AIDL_Handler.AIDL_Helpers.CanHelper: MBUX App Method: GetDynamicSecretKey |Line No: 408 |Log Type: Critical |Message: :RetryDskRequest-Counter:17
01-01 00:01:50.027  2038  2054 D CanService: Service getDynamic_secret() called.
01-01 00:01:50.027  2038  2054 D CanService: Calling CAN native service for retrieving HU wlan  details...
01-01 00:01:50.027   973   985 D CanNativeService: DYNAMIC SECERET has been requested
01-01 00:01:50.027   973   985 D CanNativeService: IPString =0.0.0.0
01-01 00:01:50.027   973   985 D CanNativeService: PortString =00
01-01 00:01:50.027  2038  2054 D CanService: CAN getDynamicSecret listed.
01-01 00:01:50.027  2038  2054 D CanService: Sending callback for getDynamic_secret()
01-01 00:01:50.027  2038  2054 D CanService: Callback is not in list so added
01-01 00:01:50.027  2038  2054 D CanService: mHandler.obtainMessage and list size is18
01-01 00:01:50.028   973   985 I CanNativeService: MCPU|SWR_INFRA-WLAN|SWR_INFRA-WLAN_003|API=readDSK|0|DSK msg requested
01-01 00:01:50.028   973   985 D CanNativeService: dsk_status 0
01-01 00:01:50.028   973   985 E CanNativeService: MCPU|SWR_INFRA-WLAN|SWR_INFRA-WLAN_003|API=readDSK|0|DSK is not received from Linux
01-01 00:01:50.028  2038  2059 E CANSERVICE: MCPU|SWR_INFRA-WLAN|SWR_INFRA-WLAN_003|API=getDynamic_secret|0|DSK is not available
01-01 00:01:50.028  2038  2059 D CanService: getDynamic_secret callback com.panasonic.dairse.can.apis.ICANServiceAsyncInterface$Stub$Proxy@6d639f8
01-01 00:01:50.029  1566  1645 I Connectivity_AIDL|AIDL_Handler.AIDL_Callbacks.CanServiceCallback: MBUX App Method: HandleCAN_Response |Line No: 24 |Log Type: Critical |Message: in::Response from CAN Service: RequestName:getDynamic_secret, ListSize:10, DskByteData received:True
01-01 00:01:50.030  1566  1645 I Connectivity_AIDL|AIDL_Handler.AIDL_Callbacks.CanServiceCallback: MBUX App Method: HandleCAN_Response |Line No: 46 |Log Type: Information |Message: ::TaskInit:getDynamic_secret
01-01 00:01:50.030  1566  1949 I Connectivity_AIDL|AIDL_Handler.AIDL_Callbacks.CanServiceCallback: MBUX App Method: HandleCAN_Response |Line No: 50 |Log Type: Information |Message: ::TaskStarted:getDynamic_secret
01-01 00:01:50.030  1566  1949 I Connectivity_AIDL|AIDL_Handler.AIDL_Helpers.CanHelper: MBUX App Method: _canServiceCallback_DskReceived |Line No: 498 |Log Type: Information |Message: in _canServiceCallback_DskReceived
01-01 00:01:50.030  1566  1645 I Connectivity_AIDL|AIDL_Handler.AIDL_Callbacks.CanServiceCallback: MBUX App Method: HandleCAN_Response |Line No: 65 |Log Type: Information |Message: out::Response from CAN Service:getDynamic_secret
01-01 00:01:50.032  1566  1949 I Connectivity_AIDL|AIDL_Handler.AIDL_Helpers.CanHelper: MBUX App Method: FoundCanDskData |Line No: 556 |Log Type: Information |Message: before:received Dsk List size:10
01-01 00:01:50.032  1566  1949 I Connectivity_AIDL|AIDL_Handler.AIDL_Helpers.CanHelper: MBUX App Method: FoundCanDskData |Line No: 558 |Log Type: Information |Message: before:received Dsk List from CAN AIDL Service:
01-01 00:01:50.032  1566  1949 I Connectivity_AIDL|AIDL_Handler.AIDL_Helpers.CanHelper: List[0]=FAILED
01-01 00:01:50.032  1566  1949 I Connectivity_AIDL|AIDL_Handler.AIDL_Helpers.CanHelper: List[1]=0.0.0.0
01-01 00:01:50.032  1566  1949 I Connectivity_AIDL|AIDL_Handler.AIDL_Helpers.CanHelper: List[2]=0
01-01 00:01:50.032  1566  1949 I Connectivity_AIDL|AIDL_Handler.AIDL_Helpers.CanHelper: List[3]=RSE_TYPE
01-01 00:01:50.032  1566  1949 I Connectivity_AIDL|AIDL_Handler.AIDL_Helpers.CanHelper: List[4]=NOTUSED
01-01 00:01:50.032  1566  1949 I Connectivity_AIDL|AIDL_Handler.AIDL_Helpers.CanHelper: List[5]=00:00:00:00:00:00
01-01 00:01:50.032  1566  1949 I Connectivity_AIDL|AIDL_Handler.AIDL_Helpers.CanHelper: List[6]=00:00:00:00:00:00
01-01 00:01:50.032  1566  1949 I Connectivity_AIDL|AIDL_Handler.AIDL_Helpers.CanHelper: List[7]=0.0.0.0
01-01 00:01:50.032  1566  1949 I Connectivity_AIDL|AIDL_Handler.AIDL_Helpers.CanHelper: List[8]=NOTUSED
01-01 00:01:50.032  1566  1949 I Connectivity_AIDL|AIDL_Handler.AIDL_Helpers.CanHelper: List[9]=d41d8cd98f00b204e9800998ecf8427e
01-01 00:01:50.032  1566  1949 W Connectivity_AIDL|AIDL_Handler.AIDL_Helpers.CanHelper: MBUX App Method: _canServiceCallback_DskReceived |Line No: 510 |Log Type: Critical |Message: :DSK Not Received/Corrupted DSK/Invalid DSK: _dskRequestCounter=17
01-01 00:01:50.032  1566  1949 I Connectivity_AIDL|AIDL_Handler.AIDL_Helpers.CanHelper: MBUX App Method: _canServiceCallback_DskReceived |Line No: 520 |Log Type: Critical |Message: 
01-01 00:01:50.032  1566  1949 I Connectivity_AIDL|AIDL_Handler.AIDL_Helpers.CanHelper: Started Retrying DskRequest-Counter:18
01-01 00:01:50.032  1566  1949 I Connectivity_AIDL|AIDL_Handler.AIDL_Callbacks.CanServiceCallback: MBUX App Method: HandleCAN_Response |Line No: 55 |Log Type: Information |Message: ::TaskCompleted:getDynamic_secret
01-01 00:01:50.077  2092  2092 E         : 
01-01 00:01:50.077  2092  2092 E         : Buffer Size = 1048576
01-01 00:01:50.078  2092  2092 E         : 
01-01 00:01:50.078  2092  2092 E         : <6>[   34.779058] QSEECOM: scm_call_qcpe:503 : OUT: 0x0, 0x0, 0xee01, 0x20002
01-01 00:01:50.078  2092  2092 E         : <31>[   34.925126] logd: logdr: UID=0 GID=1000 PID=2921 b tail=0 logMask=1f pid=0 start=0ns timeout=0ns
01-01 00:01:50.078  2092  2092 E         : <6>[   35.783951] QSEECOM: scm_call_qcpe:429 : IN: 0x70000006, 0x8887, 0x20002, 0xfe812000, 0x58, 0xfe812000, 0x2060e8000
01-01 00:01:50.078  2092  2092 E         : <6>[   35.792840] QSEECOM: scm_call_qcpe:503 : OUT: 0x0, 0x0, 0xee01, 0x20002
01-01 00:01:50.078  2092  2092 E         : <14>[   35.978166] init: Uptime: 00035.978051 LocalTime: 01-01 00:00:40.672
01-01 00:01:50.078  2092  2092 E         : <14>[   35.978185] init: 
01-01 00:01:50.078  2092  2092 E         : <6>[   36.797514] QSEECOM: scm_call_qcpe:429 : IN: 0x70000006, 0x8887, 0x20002, 0xfe812000, 0x58, 0xfe812000, 0x24d478000
01-01 00:01:50.078  2092  2092 E         : <6>[   36.803824] QSEECOM: scm_call_qcpe:503 : OUT: 0x0, 0x0, 0xee01, 0x20002
01-01 00:01:50.078  2092  2092 E         : <6>[   39.352587] CFG80211-ERROR) wl_run_escan :  LEGACY E-SCAN START
01-01 00:01:50.078  2092  2092 E         : <6>[   39.379328] CFG80211-ERROR) wl_run_escan : LEGACY_SCAN sync ID: 4660, bssidx: 0
01-01 00:01:50.078  2092  2092 E         : <3>[   41.290129] subsys-restart: wait_for_err_ready(): [modem]: Error ready timed out
01-01 00:01:50.078  2092  2092 E         : <6>[   41.301542] pil-q6v5-mss 2080000.qcom,mss: MSS is shutting down
01-01 00:01:50.078  2092  2092 E         : <4>[   41.326595] pil-q6v
01-01 00:01:50.078  2092  2092 E         : USB Hub Detector 1.0
01-01 00:01:50.648   762   781 I sssv-lib: sendMsg enter
01-01 00:01:50.648   762   781 I sssv-lib: sendMsg complete.
01-01 00:01:50.675     1   466 I init    : Uptime: 00105.980719 LocalTime: 01-01 00:01:50.675
01-01 00:01:51.649   762   781 I sssv-lib: sendMsg enter
01-01 00:01:51.649   762   781 I sssv-lib: sendMsg complete.
01-01 00:01:51.983  1997  2026 I chatty  : uid=1000(system) Thread-2 expire 9 lines
01-01 00:01:52.003  1997  2002 I chatty  : uid=1000(system) Jit thread pool expire 3 lines
01-01 00:01:52.163  1566  2033 I Connectivity_AIDL|AIDL_Handler.AIDL_Helpers.LcmHelper: MBUX App Method: KeepAliveTest |Line No: 408 |Log Type: Critical |Message: ChildThread:MBUX-App HB Count: 34, ResponseCode: 0
01-01 00:01:52.649   762   781 I sssv-lib: sendMsg enter
01-01 00:01:52.650   762   781 I sssv-lib: sendMsg complete.
01-01 00:01:53.650   762   781 I sssv-lib: sendMsg enter
01-01 00:01:53.650   762   781 I sssv-lib: sendMsg complete.
01-01 00:01:53.751  1997  1997 I chatty  : uid=1000(system) com.panasonic.dairse.lifecycle.lifecyclemanagerapp expire 37 lines
01-01 00:01:54.651   762   781 I sssv-lib: sendMsg enter
01-01 00:01:54.651   762   781 I sssv-lib: sendMsg complete.
01-01 00:01:54.742  1997  2015 I chatty  : uid=1000(system) Binder:1997_2 expire 1 line
01-01 00:01:54.742  1566  1566 I Connectivity_AIDL|AIDL_Handler.AIDL_Helpers.LcmHelper: MBUX App Method: KeepAliveTest |Line No: 408 |Log Type: Critical |Message: MainThread:MBUX-App HB Count: 35, ResponseCode: 0
01-01 00:01:55.026  1566  1952 I Connectivity_AIDL|AIDL_Handler.AIDL_Helpers.CanHelper: MBUX App Method: RetryDskRequestTimeout |Line No: 246 |Log Type: Information |Message: :in RetryDskRequestTimeout
01-01 00:01:55.026  1566  1952 I Connectivity_AIDL|AIDL_Handler.AIDL_Helpers.CanHelper: MBUX App Method: GetDynamicSecretKey |Line No: 388 |Log Type: Information |Message: :in GetDynamicSecretKey:, RetryDskRequest-Counter17
01-01 00:01:55.026  1566  1952 W Connectivity_AIDL|AIDL_Handler.AIDL_Helpers.CanHelper: MBUX App Method: GetDynamicSecretKey |Line No: 394 |Log Type: Warning |Message: :in GetDynamicSecretKey: RetryDskRequest-already active
01-01 00:01:55.026  1566  1952 I Connectivity_AIDL|AIDL_Handler.AIDL_Helpers.CanHelper: MBUX App Method: GetDynamicSecretKey |Line No: 408 |Log Type: Critical |Message: :RetryDskRequest-Counter:18
01-01 00:01:55.027  2038  2054 D CanService: Service getDynamic_secret() called.
01-01 00:01:55.027  2038  2054 D CanService: Calling CAN native service for retrieving HU wlan  details...
01-01 00:01:55.027   973   985 D CanNativeService: DYNAMIC SECERET has been requested
01-01 00:01:55.027   973   985 D CanNativeService: IPString =0.0.0.0
01-01 00:01:55.027   973   985 D CanNativeService: PortString =00
01-01 00:01:55.027  2038  2054 D CanService: CAN getDynamicSecret listed.
01-01 00:01:55.027  2038  2054 D CanService: Sending callback for getDynamic_secret()
01-01 00:01:55.028  2038  2054 D CanService: Callback is not in list so added
01-01 00:01:55.028  2038  2054 D CanService: mHandler.obtainMessage and list size is19
01-01 00:01:55.028   973   985 I CanNativeService: MCPU|SWR_INFRA-WLAN|SWR_INFRA-WLAN_003|API=readDSK|0|DSK msg requested
01-01 00:01:55.028   973   985 D CanNativeService: dsk_status 0
01-01 00:01:55.028   973   985 E CanNativeService: MCPU|SWR_INFRA-WLAN|SWR_INFRA-WLAN_003|API=readDSK|0|DSK is not received from Linux
01-01 00:01:55.028  2038  2059 E CANSERVICE: MCPU|SWR_INFRA-WLAN|SWR_INFRA-WLAN_003|API=getDynamic_secret|0|DSK is not available
01-01 00:01:55.028  2038  2059 D CanService: getDynamic_secret callback com.panasonic.dairse.can.apis.ICANServiceAsyncInterface$Stub$Proxy@cb06ed1
01-01 00:01:55.029  1566  1645 I Connectivity_AIDL|AIDL_Handler.AIDL_Callbacks.CanServiceCallback: MBUX App Method: HandleCAN_Response |Line No: 24 |Log Type: Critical |Message: in::Response from CAN Service: RequestName:getDynamic_secret, ListSize:10, DskByteData received:True
01-01 00:01:55.029  1566  1645 I Connectivity_AIDL|AIDL_Handler.AIDL_Callbacks.CanServiceCallback: MBUX App Method: HandleCAN_Response |Line No: 46 |Log Type: Information |Message: ::TaskInit:getDynamic_secret
01-01 00:01:55.030  1566  1949 I Connectivity_AIDL|AIDL_Handler.AIDL_Callbacks.CanServiceCallback: MBUX App Method: HandleCAN_Response |Line No: 50 |Log Type: Information |Message: ::TaskStarted:getDynamic_secret
01-01 00:01:55.030  1566  1949 I Connectivity_AIDL|AIDL_Handler.AIDL_Helpers.CanHelper: MBUX App Method: _canServiceCallback_DskReceived |Line No: 498 |Log Type: Information |Message: in _canServiceCallback_DskReceived
01-01 00:01:55.030  1566  1645 I Connectivity_AIDL|AIDL_Handler.AIDL_Callbacks.CanServiceCallback: MBUX App Method: HandleCAN_Response |Line No: 65 |Log Type: Information |Message: out::Response from CAN Service:getDynamic_secret
01-01 00:01:55.031  1566  1949 I Connectivity_AIDL|AIDL_Handler.AIDL_Helpers.CanHelper: MBUX App Method: FoundCanDskData |Line No: 556 |Log Type: Information |Message: before:received Dsk List size:10
01-01 00:01:55.031  1566  1949 I Connectivity_AIDL|AIDL_Handler.AIDL_Helpers.CanHelper: MBUX App Method: FoundCanDskData |Line No: 558 |Log Type: Information |Message: before:received Dsk List from CAN AIDL Service:
01-01 00:01:55.031  1566  1949 I Connectivity_AIDL|AIDL_Handler.AIDL_Helpers.CanHelper: List[0]=FAILED
01-01 00:01:55.031  1566  1949 I Connectivity_AIDL|AIDL_Handler.AIDL_Helpers.CanHelper: List[1]=0.0.0.0
01-01 00:01:55.031  1566  1949 I Connectivity_AIDL|AIDL_Handler.AIDL_Helpers.CanHelper: List[2]=0
01-01 00:01:55.031  1566  1949 I Connectivity_AIDL|AIDL_Handler.AIDL_Helpers.CanHelper: List[3]=RSE_TYPE
01-01 00:01:55.031  1566  1949 I Connectivity_AIDL|AIDL_Handler.AIDL_Helpers.CanHelper: List[4]=NOTUSED
01-01 00:01:55.031  1566  1949 I Connectivity_AIDL|AIDL_Handler.AIDL_Helpers.CanHelper: List[5]=00:00:00:00:00:00
01-01 00:01:55.031  1566  1949 I Connectivity_AIDL|AIDL_Handler.AIDL_Helpers.CanHelper: List[6]=00:00:00:00:00:00
01-01 00:01:55.031  1566  1949 I Connectivity_AIDL|AIDL_Handler.AIDL_Helpers.CanHelper: List[7]=0.0.0.0
01-01 00:01:55.031  1566  1949 I Connectivity_AIDL|AIDL_Handler.AIDL_Helpers.CanHelper: List[8]=NOTUSED
01-01 00:01:55.031  1566  1949 I Connectivity_AIDL|AIDL_Handler.AIDL_Helpers.CanHelper: List[9]=d41d8cd98f00b204e9800998ecf8427e
01-01 00:01:55.031  1566  1949 W Connectivity_AIDL|AIDL_Handler.AIDL_Helpers.CanHelper: MBUX App Method: _canServiceCallback_DskReceived |Line No: 510 |Log Type: Critical |Message: :DSK Not Received/Corrupted DSK/Invalid DSK: _dskRequestCounter=18
01-01 00:01:55.031  1566  1949 I Connectivity_AIDL|AIDL_Handler.AIDL_Helpers.CanHelper: MBUX App Method: _canServiceCallback_DskReceived |Line No: 520 |Log Type: Critical |Message: 
01-01 00:01:55.031  1566  1949 I Connectivity_AIDL|AIDL_Handler.AIDL_Helpers.CanHelper: Started Retrying DskRequest-Counter:19
01-01 00:01:55.031  1566  1949 I Connectivity_AIDL|AIDL_Handler.AIDL_Callbacks.CanServiceCallback: MBUX App Method: HandleCAN_Response |Line No: 55 |Log Type: Information |Message: ::TaskCompleted:getDynamic_secret
01-01 00:01:55.079  2092  2092 E         : 
01-01 00:01:55.079  2092  2092 E         : Buffer Size = 1048576
01-01 00:01:55.080  2092  2092 E         : 
01-01 00:01:55.080  2092  2092 E         : <6>[   34.779058] QSEECOM: scm_call_qcpe:503 : OUT: 0x0, 0x0, 0xee01, 0x20002
01-01 00:01:55.080  2092  2092 E         : <31>[   34.925126] logd: logdr: UID=0 GID=1000 PID=2921 b tail=0 logMask=1f pid=0 start=0ns timeout=0ns
01-01 00:01:55.080  2092  2092 E         : <6>[   35.783951] QSEECOM: scm_call_qcpe:429 : IN: 0x70000006, 0x8887, 0x20002, 0xfe812000, 0x58, 0xfe812000, 0x2060e8000
01-01 00:01:55.080  2092  2092 E         : <6>[   35.792840] QSEECOM: scm_call_qcpe:503 : OUT: 0x0, 0x0, 0xee01, 0x20002
01-01 00:01:55.080  2092  2092 E         : <14>[   35.978166] init: Uptime: 00035.978051 LocalTime: 01-01 00:00:40.672
01-01 00:01:55.080  2092  2092 E         : <14>[   35.978185] init: 
01-01 00:01:55.080  2092  2092 E         : <6>[   36.797514] QSEECOM: scm_call_qcpe:429 : IN: 0x70000006, 0x8887, 0x20002, 0xfe812000, 0x58, 0xfe812000, 0x24d478000
01-01 00:01:55.080  2092  2092 E         : <6>[   36.803824] QSEECOM: scm_call_qcpe:503 : OUT: 0x0, 0x0, 0xee01, 0x20002
01-01 00:01:55.080  2092  2092 E         : <6>[   39.352587] CFG80211-ERROR) wl_run_escan :  LEGACY E-SCAN START
01-01 00:01:55.080  2092  2092 E         : <6>[   39.379328] CFG80211-ERROR) wl_run_escan : LEGACY_SCAN sync ID: 4660, bssidx: 0
01-01 00:01:55.080  2092  2092 E         : <3>[   41.290129] subsys-restart: wait_for_err_ready(): [modem]: Error ready timed out
01-01 00:01:55.080  2092  2092 E         : <6>[   41.301542] pil-q6v5-mss 2080000.qcom,mss: MSS is shutting down
01-01 00:01:55.080  2092  2092 E         : <4>[   41.326595] pil-q6v
01-01 00:01:55.080  2092  2092 E         : USB Hub Detector 1.0
01-01 00:01:55.651   762   781 I sssv-lib: sendMsg enter
01-01 00:01:55.651   762   781 I sssv-lib: sendMsg complete.
01-01 00:01:56.652   762   781 I sssv-lib: sendMsg enter
01-01 00:01:56.652   762   781 I sssv-lib: sendMsg complete.
01-01 00:01:56.987  1997  2026 I chatty  : uid=1000(system) Thread-2 expire 9 lines
01-01 00:01:57.181  1997  2015 I chatty  : uid=1000(system) Binder:1997_2 expire 2 lines
01-01 00:01:57.181  1566  2033 I Connectivity_AIDL|AIDL_Handler.AIDL_Helpers.LcmHelper: MBUX App Method: KeepAliveTest |Line No: 408 |Log Type: Critical |Message: ChildThread:MBUX-App HB Count: 36, ResponseCode: 0
01-01 00:01:57.652   762   781 I sssv-lib: sendMsg enter
01-01 00:01:57.652   762   781 I sssv-lib: sendMsg complete.
01-01 00:01:58.653   762   781 I sssv-lib: sendMsg enter
01-01 00:01:58.653   762   781 I sssv-lib: sendMsg complete.
01-01 00:01:59.492  1163  2273 D CompatibilityInfo: mCompatibilityFlags - 4
01-01 00:01:59.493  1163  2273 D CompatibilityInfo: applicationDensity - 240
01-01 00:01:59.493  1163  2273 D CompatibilityInfo: applicationScale - 1.0
01-01 00:01:59.494  2149  2149 D HMI_SERVICE: USE_CASE_NA|FUN=StoragedJobIntentService::onCreate|1|init
01-01 00:01:59.497  2149  3517 D HMI_SERVICE: USE_CASE_NA|FUN=StoragedJobIntentService::onHandleIntent|1|ACTION_MONITOR_APPS
01-01 00:01:59.497  2149  3517 I HMI_SERVICE: USE_CASE_NA|FUN=StoragedJobIntentService::onHandleIntent|1|msg:storageType:64totalWriteValue652193735680
01-01 00:01:59.497  2149  3517 D HMI_SERVICE: USE_CASE_NA|FUN=StoragedJobIntentService::initMonitorApps|1|init
01-01 00:01:59.497  2149  3517 D HMI_SERVICE: USE_CASE_NA|FUN=EmmcUtils::getAppUid|1|uid:10027
01-01 00:01:59.498  2149  3517 D HMI_SERVICE: USE_CASE_NA|FUN=EmmcUtils::getAppUid|1|uid:10033
01-01 00:01:59.499  2565  2587 I chatty  : uid=1000(system) Binder:2565_3 expire 1 line
01-01 00:01:59.500  2149  2149 D HMI_SERVICE: USE_CASE_NA|FUN=StoragedJobIntentService::onDestroy|1|init
01-01 00:01:59.502  1163  2273 D CompatibilityInfo: mCompatibilityFlags - 4
01-01 00:01:59.502  1163  2273 D CompatibilityInfo: applicationDensity - 240
01-01 00:01:59.502  1163  2273 D CompatibilityInfo: applicationScale - 1.0
01-01 00:01:59.504  2565  3863 I chatty  : uid=1000(system) com.panasonic.dairse.vcpupersistence expire 10 lines
01-01 00:01:59.505  2565  2604 I chatty  : uid=1000(system) .254.10.1:20500 expire 9 lines
01-01 00:01:59.515  2565  2605 I chatty  : uid=1000(system) .254.10.1:20500 expire 16 lines
01-01 00:01:59.518  2565  2605 W ANDR_PERSISTENCY_CLIENT: SWR_PERSISTENCE_HV_LA_MF_0005|FUN=TCPHandler:: handleInBoundData |2| remove key 
01-01 00:01:59.518  2565  2605 W ANDR_PERSISTENCY_CLIENT: SWR_PERSISTENCE_HV_LA_MF_0005|FUN=TCPHandler::sendResponseToSettings|2|msg:send=3822
01-01 00:01:59.519  2149  2149 D HMI_SERVICE: USE_CASE_NA|FUN=StoragedJobIntentService::onReceiveResult|1|received
01-01 00:01:59.519  2149  2149 D HMI_SERVICE: SWR_HMI_MF_001|FUN=StoragedJobIntentService::onReceiveResult|1|String::split initiated
01-01 00:01:59.520  2149  2149 I chatty  : uid=1000(system) com.panasonic.dairse.service.hmi identical 3 lines
01-01 00:01:59.520  2149  2149 D HMI_SERVICE: SWR_HMI_MF_001|FUN=StoragedJobIntentService::onReceiveResult|1|String::split initiated
01-01 00:01:59.520  2149  2149 D HMI_SERVICE: USE_CASE_NA|FUN=StoragedJobIntentService::doAppMonitor|1|init
01-01 00:01:59.520  2149  2149 D HMI_SERVICE: USE_CASE_NA|FUN=StoragedJobIntentService::lifeTimeMonitor|1|init
01-01 00:01:59.520  2149  2149 D HMI_SERVICE: USE_CASE_NA|FUN=StoragedJobIntentService::doAppMonitor|1|init
01-01 00:01:59.520  2149  2149 D HMI_SERVICE: USE_CASE_NA|FUN=StoragedJobIntentService::lifeTimeMonitor|1|init
01-01 00:01:59.520  2149  2149 D HMI_SERVICE: USE_CASE_NA|FUN=StoragedJobIntentService::doAppMonitor|1|init
01-01 00:01:59.520  2149  2149 D HMI_SERVICE: USE_CASE_NA|FUN=StoragedJobIntentService::lifeTimeMonitor|1|init
01-01 00:01:59.520  2149  2149 D HMI_SERVICE: USE_CASE_NA|FUN=StoragedJobIntentService::doAppMonitor|1|init
01-01 00:01:59.520  2149  2149 D HMI_SERVICE: USE_CASE_NA|FUN=StoragedJobIntentService::lifeTimeMonitorBaiduApps|1|init
01-01 00:01:59.520  2149  2149 D HMI_SERVICE: USE_CASE_NA|FUN=StoragedJobIntentService::onReceiveResult|1|continousWrite209214464
01-01 00:01:59.587  1997  1997 I chatty  : uid=1000(system) com.panasonic.dairse.lifecycle.lifecyclemanagerapp expire 25 lines
01-01 00:01:59.624  3754  3864 D UIAutomatorStub: URI: /jsonrpc/0, Method: POST, Header: {content-length=177, remote-addr=127.0.0.1, http-client-ip=127.0.0.1, host=localhost:9009, connection=close, content-type=application/json, accept-encoding=identity, user-agent=Python-urllib/3.5}, params, {NanoHttpd.QUERY_STRING=null}, files: {postData={"params": [{"childOrSiblingSelector": [], "text": "Reconnect", "mask": 1, "childOrSibling": []}], "jsonrpc": "2.0", "id": "6936c70c9a227b256aca15d6b0a70184", "method": "exist"}}
01-01 00:01:59.654   762   781 I sssv-lib: sendMsg enter
01-01 00:01:59.654   762   781 I sssv-lib: sendMsg complete.
01-01 00:01:59.744  1566  1566 I Connectivity_AIDL|AIDL_Handler.AIDL_Helpers.LcmHelper: MBUX App Method: KeepAliveTest |Line No: 408 |Log Type: Critical |Message: MainThread:MBUX-App HB Count: 37, ResponseCode: 0
01-01 00:02:00.002  1419  1419 D KeyguardUpdateMonitor: received broadcast android.intent.action.TIME_TICK
01-01 00:02:00.003  1419  1419 D KeyguardUpdateMonitor: handleTimeUpdate
01-01 00:02:00.009  1419  1419 W SYSTEM_UI: SWR_SYSTEM_UI_008|FUN=CollapsedStatusBarFragment::AndroidEventReceiver | getAction |1|Broadcast action:android.intent.action.TIME_TICK received
01-01 00:02:00.010  1419  1419 W SYSTEM_UI - CI07.3: className -> CollapsedStatusBarFragment | functionName -> setTime | value -> Setting the time to textView
01-01 00:02:00.010  1419  1419 W SYSTEM_UI: SWR_SYSTEM_UI_008|FUN=CollapsedStatusBarFragment::getTime |1|Get current time.
01-01 00:02:00.026  1566  1949 I Connectivity_AIDL|AIDL_Handler.AIDL_Helpers.CanHelper: MBUX App Method: RetryDskRequestTimeout |Line No: 246 |Log Type: Information |Message: :in RetryDskRequestTimeout
01-01 00:02:00.026  1566  1949 I Connectivity_AIDL|AIDL_Handler.AIDL_Helpers.CanHelper: MBUX App Method: GetDynamicSecretKey |Line No: 388 |Log Type: Information |Message: :in GetDynamicSecretKey:, RetryDskRequest-Counter18
01-01 00:02:00.026  1566  1949 W Connectivity_AIDL|AIDL_Handler.AIDL_Helpers.CanHelper: MBUX App Method: GetDynamicSecretKey |Line No: 394 |Log Type: Warning |Message: :in GetDynamicSecretKey: RetryDskRequest-already active
01-01 00:02:00.027  1566  1949 I Connectivity_AIDL|AIDL_Handler.AIDL_Helpers.CanHelper: MBUX App Method: GetDynamicSecretKey |Line No: 408 |Log Type: Critical |Message: :RetryDskRequest-Counter:19
01-01 00:02:00.027  2038  2054 D CanService: Service getDynamic_secret() called.
01-01 00:02:00.027  2038  2054 D CanService: Calling CAN native service for retrieving HU wlan  details...
01-01 00:02:00.027   973   985 D CanNativeService: DYNAMIC SECERET has been requested
01-01 00:02:00.027   973   985 D CanNativeService: IPString =0.0.0.0
01-01 00:02:00.028   973   985 D CanNativeService: PortString =00
01-01 00:02:00.028  2038  2054 D CanService: CAN getDynamicSecret listed.
01-01 00:02:00.028  2038  2054 D CanService: Sending callback for getDynamic_secret()
01-01 00:02:00.028  2038  2054 D CanService: Callback is not in list so added
01-01 00:02:00.028  2038  2054 D CanService: mHandler.obtainMessage and list size is20
01-01 00:02:00.029   973   985 I CanNativeService: MCPU|SWR_INFRA-WLAN|SWR_INFRA-WLAN_003|API=readDSK|0|DSK msg requested
01-01 00:02:00.029  1566  1949 I Connectivity_AIDL|AIDL_Handler.Utils.RseTimer: MBUX App Method: StopTimer |Line No: 53 |Log Type: Information |Message: DskRequestRetryTimer:StopTimer
01-01 00:02:00.029   973   985 D CanNativeService: dsk_status 0
01-01 00:02:00.029   973   985 E CanNativeService: MCPU|SWR_INFRA-WLAN|SWR_INFRA-WLAN_003|API=readDSK|0|DSK is not received from Linux
01-01 00:02:00.029  2038  2059 E CANSERVICE: MCPU|SWR_INFRA-WLAN|SWR_INFRA-WLAN_003|API=getDynamic_secret|0|DSK is not available
01-01 00:02:00.029  2038  2059 D CanService: getDynamic_secret callback com.panasonic.dairse.can.apis.ICANServiceAsyncInterface$Stub$Proxy@f890d36
01-01 00:02:00.029  1566  1949 W Connectivity_AIDL|AIDL_Handler.AIDL_Helpers.CanHelper: MBUX App Method: StopRetryDskRequestTimer |Line No: 262 |Log Type: Warning |Message: :in StopRetryDskRequestTimer
01-01 00:02:00.030  1566  1645 I Connectivity_AIDL|AIDL_Handler.AIDL_Callbacks.CanServiceCallback: MBUX App Method: HandleCAN_Response |Line No: 24 |Log Type: Critical |Message: in::Response from CAN Service: RequestName:getDynamic_secret, ListSize:10, DskByteData received:True
01-01 00:02:00.030  1566  1645 I Connectivity_AIDL|AIDL_Handler.AIDL_Callbacks.CanServiceCallback: MBUX App Method: HandleCAN_Response |Line No: 46 |Log Type: Information |Message: ::TaskInit:getDynamic_secret
01-01 00:02:00.031  1566  1952 I Connectivity_AIDL|AIDL_Handler.AIDL_Callbacks.CanServiceCallback: MBUX App Method: HandleCAN_Response |Line No: 50 |Log Type: Information |Message: ::TaskStarted:getDynamic_secret
01-01 00:02:00.031  1566  1952 I Connectivity_AIDL|AIDL_Handler.AIDL_Helpers.CanHelper: MBUX App Method: _canServiceCallback_DskReceived |Line No: 498 |Log Type: Information |Message: in _canServiceCallback_DskReceived
01-01 00:02:00.032  1566  1952 I Connectivity_AIDL|AIDL_Handler.AIDL_Helpers.CanHelper: MBUX App Method: FoundCanDskData |Line No: 556 |Log Type: Information |Message: before:received Dsk List size:10
01-01 00:02:00.032  1566  1952 I Connectivity_AIDL|AIDL_Handler.AIDL_Helpers.CanHelper: MBUX App Method: FoundCanDskData |Line No: 558 |Log Type: Information |Message: before:received Dsk List from CAN AIDL Service:
01-01 00:02:00.032  1566  1952 I Connectivity_AIDL|AIDL_Handler.AIDL_Helpers.CanHelper: List[0]=FAILED
01-01 00:02:00.032  1566  1952 I Connectivity_AIDL|AIDL_Handler.AIDL_Helpers.CanHelper: List[1]=0.0.0.0
01-01 00:02:00.032  1566  1952 I Connectivity_AIDL|AIDL_Handler.AIDL_Helpers.CanHelper: List[2]=0
01-01 00:02:00.032  1566  1952 I Connectivity_AIDL|AIDL_Handler.AIDL_Helpers.CanHelper: List[3]=RSE_TYPE
01-01 00:02:00.032  1566  1952 I Connectivity_AIDL|AIDL_Handler.AIDL_Helpers.CanHelper: List[4]=NOTUSED
01-01 00:02:00.032  1566  1952 I Connectivity_AIDL|AIDL_Handler.AIDL_Helpers.CanHelper: List[5]=00:00:00:00:00:00
01-01 00:02:00.032  1566  1952 I Connectivity_AIDL|AIDL_Handler.AIDL_Helpers.CanHelper: List[6]=00:00:00:00:00:00
01-01 00:02:00.032  1566  1952 I Connectivity_AIDL|AIDL_Handler.AIDL_Helpers.CanHelper: List[7]=0.0.0.0
01-01 00:02:00.032  1566  1952 I Connectivity_AIDL|AIDL_Handler.AIDL_Helpers.CanHelper: List[8]=NOTUSED
01-01 00:02:00.032  1566  1952 I Connectivity_AIDL|AIDL_Handler.AIDL_Helpers.CanHelper: List[9]=d41d8cd98f00b204e9800998ecf8427e
01-01 00:02:00.032  1566  1952 W Connectivity_AIDL|AIDL_Handler.AIDL_Helpers.CanHelper: MBUX App Method: _canServiceCallback_DskReceived |Line No: 510 |Log Type: Critical |Message: :DSK Not Received/Corrupted DSK/Invalid DSK: _dskRequestCounter=19
01-01 00:02:00.033  1566  1645 I Connectivity_AIDL|AIDL_Handler.AIDL_Callbacks.CanServiceCallback: MBUX App Method: HandleCAN_Response |Line No: 65 |Log Type: Information |Message: out::Response from CAN Service:getDynamic_secret
01-01 00:02:00.034  1566  1952 I Connectivity_AIDL|AIDL_Handler.AIDL_Helpers.CanHelper: MBUX App Method: InvalidateRetryCanDskRequest |Line No: 731 |Log Type: Information |Message: in InvalidateRetryCanDskRequest:
01-01 00:02:00.034  1566  1952 E Connectivity_AIDL|AIDL_Handler.AIDL_Helpers.CanHelper: MBUX App Method: OnStopRetryDskRequest |Line No: 271 |Log Type: Error |Message: :AIDL_AOA_CanResultStatus:Failed
01-01 00:02:00.037  1566  1952 I Connectivity_AIDL|AIDL_Handler.AidlHandler: MBUX App Method: Instance_DskReceivedInstance_AOA_AIDL_DskStatus |Line No: 535 |Log Type: Information |Message: :Received Status DSK:Failed,ReadFromExernal:False
01-01 00:02:00.038  1566  1952 I Connectivity_AIDL|AIDL_Handler.AidlHandler: MBUX App Method: OnAidlAoaDskStatus |Line No: 778 |Log Type: Critical |Message: :NotifyDskStatus :Failed, message:Unable to get DSK. Please check the CAN Connection.
01-01 00:02:00.042  1566  1952 I Connectivity|Main.TabMain: MBUX App Method: TA_CONNECT_STATE_DSK_STATUS_Failed |Line No: 495 |Log Type: Critical |Message: DSK Received Status: Failed
01-01 00:02:00.042  1566  1952 E Connectivity|Main.TabMain: MBUX App Method: OnAoaAidlDskReceived |Line No: 506 |Log Type: Critical |Message: Gate 3 Failure:DSK Receive Status Failed
01-01 00:02:00.044  1566  1952 I Connectivity|Main.TabMain: MBUX App Method: StopGlobalTimer |Line No: 870 |Log Type: Information |Message: Stopped Global Timer
