01-01 00:01:06.317  3699  3715 I zygote64:   at void android.app.Instrumentation$InstrumentationThread.run() (Instrumentation.java:2113)
01-01 00:01:06.317  3699  3715 I zygote64: Caused by: java.lang.ClassNotFoundException: Didn't find class "org.springframework.remoting.support.UrlBasedRemoteAccessor" on path: DexPathList[[zip file "/system/framework/android.test.runner.jar", zip file "/system/framework/android.test.mock.jar", zip file "/data/app/com.github.uiautomator.test-XD-RmM46AIw6nPRwTNSwWQ==/base.apk", zip file "/data/app/com.github.uiautomator-3GZDNt_L2Cf47S9BQ1ms3A==/base.apk"],nativeLibraryDirectories=[/data/app/com.github.uiautomator.test-XD-RmM46AIw6nPRwTNSwWQ==/lib/arm64, /data/app/com.github.uiautomator-3GZDNt_L2Cf47S9BQ1ms3A==/lib/arm64, /system/lib64, /vendor/lib64]]
01-01 00:01:06.317  3699  3715 I zygote64:   at java.lang.Class dalvik.system.BaseDexClassLoader.findClass(java.lang.String) (BaseDexClassLoader.java:125)
01-01 00:01:06.317  3699  3715 I zygote64:   at java.lang.Class java.lang.ClassLoader.loadClass(java.lang.String, boolean) (ClassLoader.java:379)
01-01 00:01:06.317  3699  3715 I zygote64:   at java.lang.Class java.lang.ClassLoader.loadClass(java.lang.String) (ClassLoader.java:312)
01-01 00:01:06.317  3699  3715 I zygote64:   at java.lang.Class java.lang.Class.classForName(java.lang.String, boolean, java.lang.ClassLoader) (Class.java:-2)
01-01 00:01:06.317  3699  3715 I zygote64:   at java.lang.Class java.lang.Class.forName(java.lang.String, boolean, java.lang.ClassLoader) (Class.java:453)
01-01 00:01:06.317  3699  3715 I zygote64:   at void android.support.test.internal.runner.TestLoader.doCreateRunner(java.lang.String, boolean) (TestLoader.java:72)
01-01 00:01:06.317  3699  3715 I zygote64:   at java.util.List android.support.test.internal.runner.TestLoader.getRunnersFor(java.util.Collection, boolean) (TestLoader.java:104)
01-01 00:01:06.317  3699  3715 I zygote64:   at org.junit.runner.Request android.support.test.internal.runner.TestRequestBuilder.build() (TestRequestBuilder.java:789)
01-01 00:01:06.317  3699  3715 I zygote64:   at org.junit.runner.Request android.support.test.runner.AndroidJUnitRunner.buildRequest(android.support.test.internal.runner.RunnerArgs, android.os.Bundle) (AndroidJUnitRunner.java:539)
01-01 00:01:06.317  3699  3715 I zygote64:   at void android.support.test.runner.AndroidJUnitRunner.onStart() (AndroidJUnitRunner.java:382)
01-01 00:01:06.317  3699  3715 I zygote64:   at void android.app.Instrumentation$InstrumentationThread.run() (Instrumentation.java:2113)
01-01 00:01:06.317  3699  3715 I zygote64: 
01-01 00:01:06.317  3699  3715 E TestLoader: Could not find class: com.googlecode.jsonrpc4j.spring.JsonProxyFactoryBean
01-01 00:01:06.318  3699  3715 I zygote64: Rejecting re-init on previously-failed class java.lang.Class<com.googlecode.jsonrpc4j.spring.AbstractJsonServiceExporter>: java.lang.NoClassDefFoundError: Failed resolution of: Lorg/springframework/remoting/support/RemoteExporter;
01-01 00:01:06.318  3699  3715 I zygote64:   at java.lang.Class java.lang.Class.classForName(java.lang.String, boolean, java.lang.ClassLoader) (Class.java:-2)
01-01 00:01:06.318  3699  3715 I zygote64:   at java.lang.Class java.lang.Class.forName(java.lang.String, boolean, java.lang.ClassLoader) (Class.java:453)
01-01 00:01:06.318  3699  3715 I zygote64:   at void android.support.test.internal.runner.TestLoader.doCreateRunner(java.lang.String, boolean) (TestLoader.java:72)
01-01 00:01:06.318  3699  3715 I zygote64:   at java.util.List android.support.test.internal.runner.TestLoader.getRunnersFor(java.util.Collection, boolean) (TestLoader.java:104)
01-01 00:01:06.318  3699  3715 I zygote64:   at org.junit.runner.Request android.support.test.internal.runner.TestRequestBuilder.build() (TestRequestBuilder.java:789)
01-01 00:01:06.318  3699  3715 I zygote64:   at org.junit.runner.Request android.support.test.runner.AndroidJUnitRunner.buildRequest(android.support.test.internal.runner.RunnerArgs, android.os.Bundle) (AndroidJUnitRunner.java:539)
01-01 00:01:06.318  3699  3715 I zygote64:   at void android.support.test.runner.AndroidJUnitRunner.onStart() (AndroidJUnitRunner.java:382)
01-01 00:01:06.318  3699  3715 I zygote64:   at void android.app.Instrumentation$InstrumentationThread.run() (Instrumentation.java:2113)
01-01 00:01:06.318  3699  3715 I zygote64: Caused by: java.lang.ClassNotFoundException: Didn't find class "org.springframework.remoting.support.RemoteExporter" on path: DexPathList[[zip file "/system/framework/android.test.runner.jar", zip file "/system/framework/android.test.mock.jar", zip file "/data/app/com.github.uiautomator.test-XD-RmM46AIw6nPRwTNSwWQ==/base.apk", zip file "/data/app/com.github.uiautomator-3GZDNt_L2Cf47S9BQ1ms3A==/base.apk"],nativeLibraryDirectories=[/data/app/com.github.uiautomator.test-XD-RmM46AIw6nPRwTNSwWQ==/lib/arm64, /data/app/com.github.uiautomator-3GZDNt_L2Cf47S9BQ1ms3A==/lib/arm64, /system/lib64, /vendor/lib64]]
01-01 00:01:06.318  3699  3715 I zygote64:   at java.lang.Class dalvik.system.BaseDexClassLoader.findClass(java.lang.String) (BaseDexClassLoader.java:125)
01-01 00:01:06.318  3699  3715 I zygote64:   at java.lang.Class java.lang.ClassLoader.loadClass(java.lang.String, boolean) (ClassLoader.java:379)
01-01 00:01:06.318  3699  3715 I zygote64:   at java.lang.Class java.lang.ClassLoader.loadClass(java.lang.String) (ClassLoader.java:312)
01-01 00:01:06.318  3699  3715 I zygote64:   at java.lang.Class java.lang.Class.classForName(java.lang.String, boolean, java.lang.ClassLoader) (Class.java:-2)
01-01 00:01:06.318  3699  3715 I zygote64:   at java.lang.Class java.lang.Class.forName(java.lang.String, boolean, java.lang.ClassLoader) (Class.java:453)
01-01 00:01:06.318  3699  3715 I zygote64:   at void android.support.test.internal.runner.TestLoader.doCreateRunner(java.lang.String, boolean) (TestLoader.java:72)
01-01 00:01:06.318  3699  3715 I zygote64:   at java.util.List android.support.test.internal.runner.TestLoader.getRunnersFor(java.util.Collection, boolean) (TestLoader.java:104)
01-01 00:01:06.318  3699  3715 I zygote64:   at org.junit.runner.Request android.support.test.internal.runner.TestRequestBuilder.build() (TestRequestBuilder.java:789)
01-01 00:01:06.318  3699  3715 I zygote64:   at org.junit.runner.Request android.support.test.runner.AndroidJUnitRunner.buildRequest(android.support.test.internal.runner.RunnerArgs, android.os.Bundle) (AndroidJUnitRunner.java:539)
01-01 00:01:06.318  3699  3715 I zygote64:   at void android.support.test.runner.AndroidJUnitRunner.onStart() (AndroidJUnitRunner.java:382)
01-01 00:01:06.318  3699  3715 I zygote64:   at void android.app.Instrumentation$InstrumentationThread.run() (Instrumentation.java:2113)
01-01 00:01:06.318  3699  3715 I zygote64: 
01-01 00:01:06.318  3699  3715 I zygote64: Rejecting re-init on previously-failed class java.lang.Class<com.googlecode.jsonrpc4j.spring.JsonServiceExporter>: java.lang.NoClassDefFoundError: Failed resolution of: Lorg/springframework/remoting/support/RemoteExporter;
01-01 00:01:06.318  3699  3715 I zygote64:   at java.lang.Class java.lang.Class.classForName(java.lang.String, boolean, java.lang.ClassLoader) (Class.java:-2)
01-01 00:01:06.318  3699  3715 I zygote64:   at java.lang.Class java.lang.Class.forName(java.lang.String, boolean, java.lang.ClassLoader) (Class.java:453)
01-01 00:01:06.318  3699  3715 I zygote64:   at void android.support.test.internal.runner.TestLoader.doCreateRunner(java.lang.String, boolean) (TestLoader.java:72)
01-01 00:01:06.318  3699  3715 I zygote64:   at java.util.List android.support.test.internal.runner.TestLoader.getRunnersFor(java.util.Collection, boolean) (TestLoader.java:104)
01-01 00:01:06.318  3699  3715 I zygote64:   at org.junit.runner.Request android.support.test.internal.runner.TestRequestBuilder.build() (TestRequestBuilder.java:789)
01-01 00:01:06.318  3699  3715 I zygote64:   at org.junit.runner.Request android.support.test.runner.AndroidJUnitRunner.buildRequest(android.support.test.internal.runner.RunnerArgs, android.os.Bundle) (AndroidJUnitRunner.java:539)
01-01 00:01:06.318  3699  3715 I zygote64:   at void android.support.test.runner.AndroidJUnitRunner.onStart() (AndroidJUnitRunner.java:382)
01-01 00:01:06.318  3699  3715 I zygote64:   at void android.app.Instrumentation$InstrumentationThread.run() (Instrumentation.java:2113)
01-01 00:01:06.318  3699  3715 I zygote64: Caused by: java.lang.ClassNotFoundException: Didn't find class "org.springframework.remoting.support.RemoteExporter" on path: DexPathList[[zip file "/system/framework/android.test.runner.jar", zip file "/system/framework/android.test.mock.jar", zip file "/data/app/com.github.uiautomator.test-XD-RmM46AIw6nPRwTNSwWQ==/base.apk", zip file "/data/app/com.github.uiautomator-3GZDNt_L2Cf47S9BQ1ms3A==/base.apk"],nativeLibraryDirectories=[/data/app/com.github.uiautomator.test-XD-RmM46AIw6nPRwTNSwWQ==/lib/arm64, /data/app/com.github.uiautomator-3GZDNt_L2Cf47S9BQ1ms3A==/lib/arm64, /system/lib64, /vendor/lib64]]
01-01 00:01:06.318  3699  3715 I zygote64:   at java.lang.Class dalvik.system.BaseDexClassLoader.findClass(java.lang.String) (BaseDexClassLoader.java:125)
01-01 00:01:06.318  3699  3715 I zygote64:   at java.lang.Class java.lang.ClassLoader.loadClass(java.lang.String, boolean) (ClassLoader.java:379)
01-01 00:01:06.318  3699  3715 I zygote64:   at java.lang.Class java.lang.ClassLoader.loadClass(java.lang.String) (ClassLoader.java:312)
01-01 00:01:06.319  3699  3715 I zygote64:   at java.lang.Class java.lang.Class.classForName(java.lang.String, boolean, java.lang.ClassLoader) (Class.java:-2)
01-01 00:01:06.319  3699  3715 I zygote64:   at java.lang.Class java.lang.Class.forName(java.lang.String, boolean, java.lang.ClassLoader) (Class.java:453)
01-01 00:01:06.319  3699  3715 I zygote64:   at void android.support.test.internal.runner.TestLoader.doCreateRunner(java.lang.String, boolean) (TestLoader.java:72)
01-01 00:01:06.319  3699  3715 I zygote64:   at java.util.List android.support.test.internal.runner.TestLoader.getRunnersFor(java.util.Collection, boolean) (TestLoader.java:104)
01-01 00:01:06.319  3699  3715 I zygote64:   at org.junit.runner.Request android.support.test.internal.runner.TestRequestBuilder.build() (TestRequestBuilder.java:789)
01-01 00:01:06.319  3699  3715 I zygote64:   at org.junit.runner.Request android.support.test.runner.AndroidJUnitRunner.buildRequest(android.support.test.internal.runner.RunnerArgs, android.os.Bundle) (AndroidJUnitRunner.java:539)
01-01 00:01:06.319  3699  3715 I zygote64:   at void android.support.test.runner.AndroidJUnitRunner.onStart() (AndroidJUnitRunner.java:382)
01-01 00:01:06.319  3699  3715 I zygote64:   at void android.app.Instrumentation$InstrumentationThread.run() (Instrumentation.java:2113)
01-01 00:01:06.319  3699  3715 I zygote64: 
01-01 00:01:06.319  3699  3715 E TestLoader: Could not find class: com.googlecode.jsonrpc4j.spring.JsonServiceExporter
01-01 00:01:06.319  3699  3715 I zygote64: Rejecting re-init on previously-failed class java.lang.Class<com.googlecode.jsonrpc4j.spring.AbstractJsonServiceExporter>: java.lang.NoClassDefFoundError: Failed resolution of: Lorg/springframework/remoting/support/RemoteExporter;
01-01 00:01:06.319  3699  3715 I zygote64:   at java.lang.Class java.lang.Class.classForName(java.lang.String, boolean, java.lang.ClassLoader) (Class.java:-2)
01-01 00:01:06.319  3699  3715 I zygote64:   at java.lang.Class java.lang.Class.forName(java.lang.String, boolean, java.lang.ClassLoader) (Class.java:453)
01-01 00:01:06.319  3699  3715 I zygote64:   at void android.support.test.internal.runner.TestLoader.doCreateRunner(java.lang.String, boolean) (TestLoader.java:72)
01-01 00:01:06.319  3699  3715 I zygote64:   at java.util.List android.support.test.internal.runner.TestLoader.getRunnersFor(java.util.Collection, boolean) (TestLoader.java:104)
01-01 00:01:06.319  3699  3715 I zygote64:   at org.junit.runner.Request android.support.test.internal.runner.TestRequestBuilder.build() (TestRequestBuilder.java:789)
01-01 00:01:06.319  3699  3715 I zygote64:   at org.junit.runner.Request android.support.test.runner.AndroidJUnitRunner.buildRequest(android.support.test.internal.runner.RunnerArgs, android.os.Bundle) (AndroidJUnitRunner.java:539)
01-01 00:01:06.319  3699  3715 I zygote64:   at void android.support.test.runner.AndroidJUnitRunner.onStart() (AndroidJUnitRunner.java:382)
01-01 00:01:06.319  3699  3715 I zygote64:   at void android.app.Instrumentation$InstrumentationThread.run() (Instrumentation.java:2113)
01-01 00:01:06.319  3699  3715 I zygote64: Caused by: java.lang.ClassNotFoundException: Didn't find class "org.springframework.remoting.support.RemoteExporter" on path: DexPathList[[zip file "/system/framework/android.test.runner.jar", zip file "/system/framework/android.test.mock.jar", zip file "/data/app/com.github.uiautomator.test-XD-RmM46AIw6nPRwTNSwWQ==/base.apk", zip file "/data/app/com.github.uiautomator-3GZDNt_L2Cf47S9BQ1ms3A==/base.apk"],nativeLibraryDirectories=[/data/app/com.github.uiautomator.test-XD-RmM46AIw6nPRwTNSwWQ==/lib/arm64, /data/app/com.github.uiautomator-3GZDNt_L2Cf47S9BQ1ms3A==/lib/arm64, /system/lib64, /vendor/lib64]]
01-01 00:01:06.319  3699  3715 I zygote64:   at java.lang.Class dalvik.system.BaseDexClassLoader.findClass(java.lang.String) (BaseDexClassLoader.java:125)
01-01 00:01:06.320  3699  3715 I zygote64:   at java.lang.Class java.lang.ClassLoader.loadClass(java.lang.String, boolean) (ClassLoader.java:379)
01-01 00:01:06.320  3699  3715 I zygote64:   at java.lang.Class java.lang.ClassLoader.loadClass(java.lang.String) (ClassLoader.java:312)
01-01 00:01:06.320  3699  3715 I zygote64:   at java.lang.Class java.lang.Class.classForName(java.lang.String, boolean, java.lang.ClassLoader) (Class.java:-2)
01-01 00:01:06.320  3699  3715 I zygote64:   at java.lang.Class java.lang.Class.forName(java.lang.String, boolean, java.lang.ClassLoader) (Class.java:453)
01-01 00:01:06.320  3699  3715 I zygote64:   at void android.support.test.internal.runner.TestLoader.doCreateRunner(java.lang.String, boolean) (TestLoader.java:72)
01-01 00:01:06.320  3699  3715 I zygote64:   at java.util.List android.support.test.internal.runner.TestLoader.getRunnersFor(java.util.Collection, boolean) (TestLoader.java:104)
01-01 00:01:06.320  3699  3715 I zygote64:   at org.junit.runner.Request android.support.test.internal.runner.TestRequestBuilder.build() (TestRequestBuilder.java:789)
01-01 00:01:06.320  3699  3715 I zygote64:   at org.junit.runner.Request android.support.test.runner.AndroidJUnitRunner.buildRequest(android.support.test.internal.runner.RunnerArgs, android.os.Bundle) (AndroidJUnitRunner.java:539)
01-01 00:01:06.320  3699  3715 I zygote64:   at void android.support.test.runner.AndroidJUnitRunner.onStart() (AndroidJUnitRunner.java:382)
01-01 00:01:06.320  3699  3715 I zygote64:   at void android.app.Instrumentation$InstrumentationThread.run() (Instrumentation.java:2113)
01-01 00:01:06.320  3699  3715 I zygote64: 
01-01 00:01:06.320  3699  3715 I zygote64: Rejecting re-init on previously-failed class java.lang.Class<com.googlecode.jsonrpc4j.spring.JsonStreamServiceExporter>: java.lang.NoClassDefFoundError: Failed resolution of: Lorg/springframework/remoting/support/RemoteExporter;
01-01 00:01:06.320  3699  3715 I zygote64:   at java.lang.Class java.lang.Class.classForName(java.lang.String, boolean, java.lang.ClassLoader) (Class.java:-2)
01-01 00:01:06.320  3699  3715 I zygote64:   at java.lang.Class java.lang.Class.forName(java.lang.String, boolean, java.lang.ClassLoader) (Class.java:453)
01-01 00:01:06.320  3699  3715 I zygote64:   at void android.support.test.internal.runner.TestLoader.doCreateRunner(java.lang.String, boolean) (TestLoader.java:72)
01-01 00:01:06.320  3699  3715 I zygote64:   at java.util.List android.support.test.internal.runner.TestLoader.getRunnersFor(java.util.Collection, boolean) (TestLoader.java:104)
01-01 00:01:06.320  3699  3715 I zygote64:   at org.junit.runner.Request android.support.test.internal.runner.TestRequestBuilder.build() (TestRequestBuilder.java:789)
01-01 00:01:06.320  3699  3715 I zygote64:   at org.junit.runner.Request android.support.test.runner.AndroidJUnitRunner.buildRequest(android.support.test.internal.runner.RunnerArgs, android.os.Bundle) (AndroidJUnitRunner.java:539)
01-01 00:01:06.320  3699  3715 I zygote64:   at void android.support.test.runner.AndroidJUnitRunner.onStart() (AndroidJUnitRunner.java:382)
01-01 00:01:06.320  3699  3715 I zygote64:   at void android.app.Instrumentation$InstrumentationThread.run() (Instrumentation.java:2113)
01-01 00:01:06.320  3699  3715 I zygote64: Caused by: java.lang.ClassNotFoundException: Didn't find class "org.springframework.remoting.support.RemoteExporter" on path: DexPathList[[zip file "/system/framework/android.test.runner.jar", zip file "/system/framework/android.test.mock.jar", zip file "/data/app/com.github.uiautomator.test-XD-RmM46AIw6nPRwTNSwWQ==/base.apk", zip file "/data/app/com.github.uiautomator-3GZDNt_L2Cf47S9BQ1ms3A==/base.apk"],nativeLibraryDirectories=[/data/app/com.github.uiautomator.test-XD-RmM46AIw6nPRwTNSwWQ==/lib/arm64, /data/app/com.github.uiautomator-3GZDNt_L2Cf47S9BQ1ms3A==/lib/arm64, /system/lib64, /vendor/lib64]]
01-01 00:01:06.320  3699  3715 I zygote64:   at java.lang.Class dalvik.system.BaseDexClassLoader.findClass(java.lang.String) (BaseDexClassLoader.java:125)
01-01 00:01:06.320  3699  3715 I zygote64:   at java.lang.Class java.lang.ClassLoader.loadClass(java.lang.String, boolean) (ClassLoader.java:379)
01-01 00:01:06.320  3699  3715 I zygote64:   at java.lang.Class java.lang.ClassLoader.loadClass(java.lang.String) (ClassLoader.java:312)
01-01 00:01:06.320  3699  3715 I zygote64:   at java.lang.Class java.lang.Class.classForName(java.lang.String, boolean, java.lang.ClassLoader) (Class.java:-2)
01-01 00:01:06.320  3699  3715 I zygote64:   at java.lang.Class java.lang.Class.forName(java.lang.String, boolean, java.lang.ClassLoader) (Class.java:453)
01-01 00:01:06.320  3699  3715 I zygote64:   at void android.support.test.internal.runner.TestLoader.doCreateRunner(java.lang.String, boolean) (TestLoader.java:72)
01-01 00:01:06.320  3699  3715 I zygote64:   at java.util.List android.support.test.internal.runner.TestLoader.getRunnersFor(java.util.Collection, boolean) (TestLoader.java:104)
01-01 00:01:06.320  3699  3715 I zygote64:   at org.junit.runner.Request android.support.test.internal.runner.TestRequestBuilder.build() (TestRequestBuilder.java:789)
01-01 00:01:06.320  3699  3715 I zygote64:   at org.junit.runner.Request android.support.test.runner.AndroidJUnitRunner.buildRequest(android.support.test.internal.runner.RunnerArgs, android.os.Bundle) (AndroidJUnitRunner.java:539)
01-01 00:01:06.320  3699  3715 I zygote64:   at void android.support.test.runner.AndroidJUnitRunner.onStart() (AndroidJUnitRunner.java:382)
01-01 00:01:06.320  3699  3715 I zygote64:   at void android.app.Instrumentation$InstrumentationThread.run() (Instrumentation.java:2113)
01-01 00:01:06.320  3699  3715 I zygote64: 
01-01 00:01:06.321  3699  3715 E TestLoader: Could not find class: com.googlecode.jsonrpc4j.spring.JsonStreamServiceExporter
01-01 00:01:06.358  3699  3715 D TestExecutor: Adding listener android.support.test.internal.runner.listener.LogRunListener
01-01 00:01:06.358  3699  3715 D TestExecutor: Adding listener android.support.test.internal.runner.listener.InstrumentationResultPrinter
01-01 00:01:06.358  3699  3715 D TestExecutor: Adding listener android.support.test.internal.runner.listener.ActivityFinisherRunListener
01-01 00:01:06.361  3699  3715 I TestRunner: run started: 2 tests
01-01 00:01:06.363  3699  3715 I TestRunner: started: testApplicationTestCaseSetUpProperly(com.github.uiautomator.ApplicationTest)
01-01 00:01:06.367  3699  3699 I MonitoringInstr: Activities that are still in CREATED to STOPPED: 0
01-01 00:01:06.368  3699  3715 I TestRunner: finished: testApplicationTestCaseSetUpProperly(com.github.uiautomator.ApplicationTest)
01-01 00:01:06.371  3699  3699 I MonitoringInstr: Activities that are still in CREATED to STOPPED: 0
01-01 00:01:06.376  3699  3715 I TestRunner: started: testUIAutomatorStub(com.github.uiautomator.stub.Stub)
01-01 00:01:06.378  3699  3699 I MonitoringInstr: Activities that are still in CREATED to STOPPED: 0
01-01 00:01:06.724   753   780 I sssv-lib: sendMsg enter
01-01 00:01:06.724   753   780 I sssv-lib: sendMsg complete.
01-01 00:01:07.194   748   748 I         : LOGSVC|SWR_LOGGER_HV_MF_004|loggerservice::handleScreenshotRqst|2|signal executed = timeout 8 screencap -p  /log/logger/logs/android/screenshots/19700101120059.png
01-01 00:01:07.222   748   748 I         : LOGSVC|SWR_LOGGER_HV_MF_004|loggerservice::executecommand|1|Permission change Applied Recursively...
01-01 00:01:07.223   748   748 E         : LOGSVC|SWR_LOGGER_HV_MF_001|loggerservice::BnLoggerUtilityInterface::onTransact|2|Calling MSG: PID=2289, UID=1000
01-01 00:01:07.223   748   748 I         : LOGSVC|SWR_LOGGER_HV_MF_004|loggerservice::executecommand|2|mscriptMessage = dlt copy
01-01 00:01:07.724   753   780 I sssv-lib: sendMsg enter
01-01 00:01:07.725   753   780 I sssv-lib: sendMsg complete.
01-01 00:01:07.984   748   748 I         : LOGSVC|SWR_LOGGER_HV_MF_009|loggerservice::handleDltCntrl|1|dlt logs updated at EMMC..
01-01 00:01:08.011   748   748 I         : LOGSVC|SWR_LOGGER_HV_MF_004|loggerservice::executecommand|1|Permission change Applied Recursively...
01-01 00:01:08.012  2289  2812 I chatty  : uid=1000(system) com.panasonic.dairse.logger.loggerapp expire 16 lines
01-01 00:01:08.012   748   748 E         : LOGSVC|SWR_LOGGER_HV_MF_001|loggerservice::BnLoggerUtilityInterface::onTransact|2|Calling MSG: PID=2289, UID=1000
01-01 00:01:08.012   748   748 I         : LOGSVC|SWR_LOGGER_HV_MF_004|loggerservice::executecommand|2|mscriptMessage = error copy
01-01 00:01:08.012   748   748 W         : LOGSVC|SWR_LOGGER_HV_MF_001|loggerservice::handleErrorRequest|1|Collecting Config Details Of The System..
01-01 00:01:08.128   748   748 W         : LOGSVC|SWR_LOGGER_HV_MF_001|loggerservice::handleErrorRequest|1|Successfully Collected Config Details Of The System.
01-01 00:01:08.230   748   748 W         : LOGSVC|SWR_LOGGER_HV_MF_004|loggerservice::collectStorageInfo|1|Collecting storage details of the system..
01-01 00:01:08.305   840   840 I Atfwd_Daemon: 
01-01 00:01:08.305   840   840 I Atfwd_Daemon:  Out of sleep...
01-01 00:01:08.305   840   840 I Atfwd_Daemon: 
01-01 00:01:08.305   840   840 I Atfwd_Daemon: 
01-01 00:01:08.305   840   840 I Atfwd_Daemon:  TrtyInit: retryCnt: 5
01-01 00:01:08.363   748   748 W         : LOGSVC|SWR_LOGGER_HV_MF_004|loggerservice::collectStorageInfo|1|Successfully Collected Config Details Of The System.
01-01 00:01:08.364  2077  2077 E         : 
01-01 00:01:08.364  2077  2077 E         : Buffer Size = 1048576
01-01 00:01:08.365  2077  2077 E         : 
01-01 00:01:08.365  2077  2077 E         : <31>[   34.577106] logd: logdr: UID=0 GID=1000 PID=3245 b tail=0 logMask=1f pid=0 start=0ns timeout=0ns
01-01 00:01:08.365  2077  2077 E         : <6>[   34.962770] QSEECOM: scm_call_qcpe:429 : IN: 0x70000006, 0x8887, 0x20002, 0xfe812000, 0x58, 0xfe812000, 0x253e1f000
01-01 00:01:08.365  2077  2077 E         : <6>[   34.967624] QSEECOM: scm_call_qcpe:503 : OUT: 0x0, 0x0, 0xee01, 0x20002
01-01 00:01:08.365  2077  2077 E         : <14>[   36.121349] init: Uptime: 00036.121239 LocalTime: 01-01 00:00:40.716
01-01 00:01:08.365  2077  2077 E         : <14>[   36.121369] init: 
01-01 00:01:08.365  2077  2077 E         : <3>[   38.590129] subsys-restart: wait_for_err_ready(): [modem]: Error ready timed out
01-01 00:01:08.365  2077  2077 E         : <6>[   38.601343] pil-q6v5-mss 2080000.qcom,mss: MSS is shutting down
01-01 00:01:08.365  2077  2077 E         : <4>[   38.627194] pil-q6v5-mss 2080000.qcom,mss: Port 0000000000000000 halt timeout
01-01 00:01:08.365  2077  2077 E         : <4>[   38.659610] pil-q6v5-mss 2080000.qcom,mss: Port 0000000000000000 halt timeout
01-01 00:01:08.365  2077  2077 E         : <14>[   46.121726] init: Uptime: 00046.121630 LocalTime: 01-01 00:00:50.716
01-01 00:01:08.365  2077  2077 E         : <14>[   46.121748] init: 
01-01 00:01:08.365  2077  2077 E         : <6>[   51.687059] CFG80211-ERROR) wl_run_escan :  LEGACY E-SCAN START
01-01 00:01:08.365  2077  2077 E         : <6>[   51.713759] CFG80211-ERROR) wl_run_escan : LEGACY_SCAN sync ID: 4660, bssidx: 0
01-01 00:01:08.365  2077  2077 E         : <14>[   53.459578] init: processi
01-01 00:01:08.365  2077  2077 E         : USB Hub Detector 1.0
01-01 00:01:08.390   748   748 I         : LOGSVC|SWR_LOGGER_HV_MF_004|loggerservice::executecommand|1|Permission change Applied Recursively...
01-01 00:01:08.391   748   748 E         : LOGSVC|SWR_LOGGER_HV_MF_001|loggerservice::BnLoggerUtilityInterface::onTransact|2|Calling MSG: PID=2289, UID=1000
01-01 00:01:08.391   748   748 I         : LOGSVC|SWR_LOGGER_HV_MF_004|loggerservice::executecommand|2|mscriptMessage = networklog on
01-01 00:01:08.391   748   748 I         : LOGSVC|SWR_LOGGER_HV_MF_004|loggerservice::handleNetworkLogRequest|2|dltFunctionCheck = on
01-01 00:01:08.456  2002  2025 I chatty  : uid=1000(system) Binder:2002_3 expire 11 lines
01-01 00:01:08.457  1582  1582 I Connectivity_AIDL|AIDL_Handler.AIDL_Helpers.LcmHelper: MBUX App Method: KeepAliveTest |Line No: 408 |Log Type: Critical |Message: MainThread:MBUX-App HB Count: 17, ResponseCode: 0
01-01 00:01:08.725   753   780 I sssv-lib: sendMsg enter
01-01 00:01:08.725   753   780 I sssv-lib: sendMsg complete.
01-01 00:01:08.757  1582  1952 I Connectivity_AIDL|AIDL_Handler.AIDL_Helpers.CanHelper: MBUX App Method: RetryDskRequestTimeout |Line No: 246 |Log Type: Information |Message: :in RetryDskRequestTimeout
01-01 00:01:08.758  1582  1952 I Connectivity_AIDL|AIDL_Handler.AIDL_Helpers.CanHelper: MBUX App Method: GetDynamicSecretKey |Line No: 388 |Log Type: Information |Message: :in GetDynamicSecretKey:, RetryDskRequest-Counter8
01-01 00:01:08.758  1582  1952 W Connectivity_AIDL|AIDL_Handler.AIDL_Helpers.CanHelper: MBUX App Method: GetDynamicSecretKey |Line No: 394 |Log Type: Warning |Message: :in GetDynamicSecretKey: RetryDskRequest-already active
01-01 00:01:08.758  1582  1952 I Connectivity_AIDL|AIDL_Handler.AIDL_Helpers.CanHelper: MBUX App Method: GetDynamicSecretKey |Line No: 408 |Log Type: Critical |Message: :RetryDskRequest-Counter:9
01-01 00:01:08.758  2042  2057 D CanService: Service getDynamic_secret() called.
01-01 00:01:08.758  2042  2057 D CanService: Calling CAN native service for retrieving HU wlan  details...
01-01 00:01:08.759   971  2834 D CanNativeService: DYNAMIC SECERET has been requested
01-01 00:01:08.759   971  2834 D CanNativeService: IPString =0.0.0.0
01-01 00:01:08.759   971  2834 D CanNativeService: PortString =00
01-01 00:01:08.759  2042  2057 D CanService: CAN getDynamicSecret listed.
01-01 00:01:08.759  2042  2057 D CanService: Sending callback for getDynamic_secret()
01-01 00:01:08.760  2042  2057 D CanService: Callback is not in list so added
01-01 00:01:08.760  2042  2057 D CanService: mHandler.obtainMessage and list size is10
01-01 00:01:08.760   971  2834 I CanNativeService: MCPU|SWR_INFRA-WLAN|SWR_INFRA-WLAN_003|API=readDSK|0|DSK msg requested
01-01 00:01:08.760   971  2834 D CanNativeService: dsk_status 0
01-01 00:01:08.760   971  2834 E CanNativeService: MCPU|SWR_INFRA-WLAN|SWR_INFRA-WLAN_003|API=readDSK|0|DSK is not received from Linux
01-01 00:01:08.760  2042  2060 E CANSERVICE: MCPU|SWR_INFRA-WLAN|SWR_INFRA-WLAN_003|API=getDynamic_secret|0|DSK is not available
01-01 00:01:08.760  2042  2060 D CanService: getDynamic_secret callback com.panasonic.dairse.can.apis.ICANServiceAsyncInterface$Stub$Proxy@4156ee0
01-01 00:01:08.761  1582  3720 I Connectivity_AIDL|AIDL_Handler.AIDL_Callbacks.CanServiceCallback: MBUX App Method: HandleCAN_Response |Line No: 24 |Log Type: Critical |Message: in::Response from CAN Service: RequestName:getDynamic_secret, ListSize:10, DskByteData received:True
01-01 00:01:08.762  1582  3720 I Connectivity_AIDL|AIDL_Handler.AIDL_Callbacks.CanServiceCallback: MBUX App Method: HandleCAN_Response |Line No: 46 |Log Type: Information |Message: ::TaskInit:getDynamic_secret
01-01 00:01:08.762  1582  3720 I Connectivity_AIDL|AIDL_Handler.AIDL_Callbacks.CanServiceCallback: MBUX App Method: HandleCAN_Response |Line No: 65 |Log Type: Information |Message: out::Response from CAN Service:getDynamic_secret
01-01 00:01:08.762  1582  1948 I Connectivity_AIDL|AIDL_Handler.AIDL_Callbacks.CanServiceCallback: MBUX App Method: HandleCAN_Response |Line No: 50 |Log Type: Information |Message: ::TaskStarted:getDynamic_secret
01-01 00:01:08.762  1582  1948 I Connectivity_AIDL|AIDL_Handler.AIDL_Helpers.CanHelper: MBUX App Method: _canServiceCallback_DskReceived |Line No: 498 |Log Type: Information |Message: in _canServiceCallback_DskReceived
01-01 00:01:08.763  1582  1948 I Connectivity_AIDL|AIDL_Handler.AIDL_Helpers.CanHelper: MBUX App Method: FoundCanDskData |Line No: 556 |Log Type: Information |Message: before:received Dsk List size:10
01-01 00:01:08.764  1582  1948 I Connectivity_AIDL|AIDL_Handler.AIDL_Helpers.CanHelper: MBUX App Method: FoundCanDskData |Line No: 558 |Log Type: Information |Message: before:received Dsk List from CAN AIDL Service:
01-01 00:01:08.764  1582  1948 I Connectivity_AIDL|AIDL_Handler.AIDL_Helpers.CanHelper: List[0]=FAILED
01-01 00:01:08.764  1582  1948 I Connectivity_AIDL|AIDL_Handler.AIDL_Helpers.CanHelper: List[1]=0.0.0.0
01-01 00:01:08.764  1582  1948 I Connectivity_AIDL|AIDL_Handler.AIDL_Helpers.CanHelper: List[2]=0
01-01 00:01:08.764  1582  1948 I Connectivity_AIDL|AIDL_Handler.AIDL_Helpers.CanHelper: List[3]=RSE_TYPE
01-01 00:01:08.764  1582  1948 I Connectivity_AIDL|AIDL_Handler.AIDL_Helpers.CanHelper: List[4]=NOTUSED
01-01 00:01:08.764  1582  1948 I Connectivity_AIDL|AIDL_Handler.AIDL_Helpers.CanHelper: List[5]=00:00:00:00:00:00
01-01 00:01:08.764  1582  1948 I Connectivity_AIDL|AIDL_Handler.AIDL_Helpers.CanHelper: List[6]=00:00:00:00:00:00
01-01 00:01:08.764  1582  1948 I Connectivity_AIDL|AIDL_Handler.AIDL_Helpers.CanHelper: List[7]=0.0.0.0
01-01 00:01:08.764  1582  1948 I Connectivity_AIDL|AIDL_Handler.AIDL_Helpers.CanHelper: List[8]=NOTUSED
01-01 00:01:08.764  1582  1948 I Connectivity_AIDL|AIDL_Handler.AIDL_Helpers.CanHelper: List[9]=d41d8cd98f00b204e9800998ecf8427e
01-01 00:01:08.764  1582  1948 W Connectivity_AIDL|AIDL_Handler.AIDL_Helpers.CanHelper: MBUX App Method: _canServiceCallback_DskReceived |Line No: 510 |Log Type: Critical |Message: :DSK Not Received/Corrupted DSK/Invalid DSK: _dskRequestCounter=9
01-01 00:01:08.764  1582  1948 I Connectivity_AIDL|AIDL_Handler.AIDL_Helpers.CanHelper: MBUX App Method: _canServiceCallback_DskReceived |Line No: 520 |Log Type: Critical |Message: 
01-01 00:01:08.764  1582  1948 I Connectivity_AIDL|AIDL_Handler.AIDL_Helpers.CanHelper: Started Retrying DskRequest-Counter:10
01-01 00:01:08.764  1582  1952 I Connectivity_AIDL|AIDL_Handler.AIDL_Callbacks.CanServiceCallback: MBUX App Method: HandleCAN_Response |Line No: 55 |Log Type: Information |Message: ::TaskCompleted:getDynamic_secret
01-01 00:01:09.231  3699  3776 D UIAutomatorStub: URI: /jsonrpc/0, Method: POST, Header: {content-length=78, remote-addr=127.0.0.1, http-client-ip=127.0.0.1, host=localhost:9009, connection=close, content-type=application/json, accept-encoding=identity, user-agent=Python-urllib/3.5}, params, {NanoHttpd.QUERY_STRING=null}, files: {postData={"jsonrpc": "2.0", "method": "ping", "id": "6ed77ef75c048b027d1f849051cfde99"}}
01-01 00:01:09.305   840   840 I Atfwd_Daemon: qmi_client_init_instance status retry : 5
01-01 00:01:09.305   840   840 I Atfwd_Daemon: 
01-01 00:01:09.305   840   840 I Atfwd_Daemon:  qmi_client_init_instance....
01-01 00:01:09.309   840   840 I Atfwd_Daemon: qmi_client_init_instance status: -3, num_retries: 6, retryCnt: 5
01-01 00:01:09.310   840   840 I Atfwd_Daemon: result : -3 	 ,Init step :1 	 ,qmiErrorCode: 0
01-01 00:01:09.310   840   840 I Atfwd_Daemon: 
01-01 00:01:09.310   840   840 I Atfwd_Daemon:  Sleeping...
01-01 00:01:09.334  3699  3777 D UIAutomatorStub: URI: /jsonrpc/0, Method: POST, Header: {content-length=78, remote-addr=127.0.0.1, http-client-ip=127.0.0.1, host=localhost:9009, connection=close, content-type=application/json, accept-encoding=identity, user-agent=Python-urllib/3.5}, params, {NanoHttpd.QUERY_STRING=null}, files: {postData={"jsonrpc": "2.0", "method": "ping", "id": "6b60bb725527dbc773fc77da807386de"}}
01-01 00:01:09.344  3699  3778 D UIAutomatorStub: URI: /jsonrpc/0, Method: POST, Header: {content-length=177, remote-addr=127.0.0.1, http-client-ip=127.0.0.1, host=localhost:9009, connection=close, content-type=application/json, accept-encoding=identity, user-agent=Python-urllib/3.5}, params, {NanoHttpd.QUERY_STRING=null}, files: {postData={"jsonrpc": "2.0", "method": "exist", "params": [{"childOrSiblingSelector": [], "text": "Reconnect", "mask": 1, "childOrSibling": []}], "id": "93106df795dbc610d3101546cc050c4e"}}
01-01 00:01:09.726   753   780 I sssv-lib: sendMsg enter
01-01 00:01:09.726   753   780 I sssv-lib: sendMsg complete.
01-01 00:01:10.717     1   466 I init    : Uptime: 00066.122396 LocalTime: 01-01 00:01:10.717
01-01 00:01:10.727   753   780 I sssv-lib: sendMsg enter
01-01 00:01:10.727   753   780 I sssv-lib: sendMsg complete.
01-01 00:01:10.807  1582  2039 I Connectivity_AIDL|AIDL_Handler.AIDL_Helpers.LcmHelper: MBUX App Method: KeepAliveTest |Line No: 408 |Log Type: Critical |Message: ChildThread:MBUX-App HB Count: 18, ResponseCode: 0
01-01 00:01:11.727   753   780 I sssv-lib: sendMsg enter
01-01 00:01:11.727   753   780 I sssv-lib: sendMsg complete.
01-01 00:01:11.823   748   748 I         : LOGSVC|SWR_LOGGER_HV_MF_004|loggerservice::executecommand|1|Permission change Applied Recursively...
01-01 00:01:11.824   748   748 E         : LOGSVC|SWR_LOGGER_HV_MF_001|loggerservice::BnLoggerUtilityInterface::onTransact|2|Calling MSG: PID=2289, UID=1000
01-01 00:01:11.824   748   748 I         : LOGSVC|SWR_LOGGER_HV_MF_004|loggerservice::executecommand|2|mscriptMessage = linuxvm_log copy
01-01 00:01:12.395   748   748 I         : LOGSVC|SWR_LOGGER_HV_MF_004|loggerservice::executecommand|1|Permission change Applied Recursively...
01-01 00:01:12.395   748   748 E         : LOGSVC|SWR_LOGGER_HV_MF_001|loggerservice::BnLoggerUtilityInterface::onTransact|2|Calling MSG: PID=2289, UID=1000
01-01 00:01:12.396   748   748 I         : LOGSVC|SWR_LOGGER_HV_MF_004|loggerservice::executecommand|2|mscriptMessage = lk copy
01-01 00:01:12.531   748   748 I         : LOGSVC|SWR_LOGGER_HV_MF_004|loggerservice::executecommand|1|Permission change Applied Recursively...
01-01 00:01:12.563  2289  2812 I LOGGERSERVICE: SWR_LOGGER_HV_MF_004|LoggerRequestProcessingService::setUpSpaceForNewZip|1|FirstModifiedFile=RSEL_0894_19700101_120050_SYS_179_mUnknownRsn.zip
01-01 00:01:12.568  2289  2812 I LOGGERSERVICE: SWR_LOGGER_HV_MF_004|LoggerRequestProcessingService::setUpSpaceForNewZip|1|spaceCreatedResult = true
01-01 00:01:12.581  2289  2812 W LOGGERSERVICE: SWR_LOGGER_HV_MF_007|LoggerRequestProcessingService::getFileSize|1|result = 260724471
01-01 00:01:12.582  2289  2812 I LOGGERSERVICE: SWR_LOGGER_HV_MF_004|LoggerRequestProcessingService::setUpSpaceInLogPartition|1|LOOP logPartitionSize =260724471
01-01 00:01:12.582  2289  2812 I LOGGERSERVICE: SWR_LOGGER_HV_MF_004|LoggerRequestProcessingService::setUpSpaceInLogPartition|1|LOOP updatedLogPartitionSize =300724471
01-01 00:01:12.584  2289  2812 I LOGGERSERVICE: SWR_LOGGER_HV_MF_004|LoggerRequestProcessingService::setUpSpaceForNewZip|1|FirstModifiedFile=RSEL_0893_19700101_120055_SYS_178_SECLINUX_PERF.zip
01-01 00:01:12.584  2289  2812 I LOGGERSERVICE: SWR_LOGGER_HV_MF_004|LoggerRequestProcessingService::setUpSpaceForNewZip|1|spaceCreatedResult = true
01-01 00:01:12.597  2289  2812 W LOGGERSERVICE: SWR_LOGGER_HV_MF_007|LoggerRequestProcessingService::getFileSize|1|result = 253446357
01-01 00:01:12.597  2289  2812 I LOGGERSERVICE: SWR_LOGGER_HV_MF_004|LoggerRequestProcessingService::setUpSpaceInLogPartition|1|LOOP logPartitionSize =253446357
01-01 00:01:12.597  2289  2812 I LOGGERSERVICE: SWR_LOGGER_HV_MF_004|LoggerRequestProcessingService::setUpSpaceInLogPartition|1|LOOP updatedLogPartitionSize =293446357
01-01 00:01:12.597  2289  2812 I LOGGERSERVICE: SWR_LOGGER_HV_MF_004|LoggerRequestProcessingService::handleSeclinuxErrorTrigger|1|isSpaceExist = true
01-01 00:01:12.597  2289  2812 I LOGGERSERVICE: SWR_LOGGER_HV_MF_004|LoggerRequestProcessingService::getLogCount|1|logNumber894
01-01 00:01:12.597  2289  2812 I LOGGERSERVICE: SWR_LOGGER_HV_MF_004|LoggerRequestProcessingService::getLogCount|1|logNumber895
01-01 00:01:12.598  2289  2812 I LOGGERSERVICE: SWR_LOGGER_HV_MF_004|LoggerRequestProcessingService::getLogCount|1|logNumber895
01-01 00:01:12.598  2289  2812 I LOGGERSERVICE: SWR_LOGGER_HV_MF_004|LoggerRequestProcessingService::generateExportFileName|1|zipName = 0895_19700101_120112_SYS_179_SECLINUX_PERF
01-01 00:01:12.598  2289  2812 I LOGGERSERVICE: SWR_LOGGER_HV_MF_004|LoggerRequestProcessingService::exportLogsForLinuxReqst|1|mCurrentLogPath=/log/logger; generatedZipName=RSEL_0895_19700101_120112_SYS_179_SECLINUX_PERF.zip
01-01 00:01:12.599   675  1273 D EXTDiagnosticsService: ExtDiagnosticsService::onTransact(1) 10
01-01 00:01:12.599   675  1273 D ProxyServiceInterface: ENTER: bool icc::Client::send(const uint8_t *, size_t)
01-01 00:01:12.599   675  1273 D         : Enqueue: sem count = 1
01-01 00:01:12.599   675  1273 D ProxyServiceInterface: EXIT : bool icc::Client::send(const uint8_t *, size_t)
01-01 00:01:12.599   675  1273 D EXTDiagnosticsService: Send ExtBufferWrapper for readDataById id=0xa
01-01 00:01:12.670   675  1272 I libivmtransceiver: [/dev/vchar-icc] Total data size = 63 | Data message received  - size = 58 | sequence number = 20 
01-01 00:01:12.670   675  1272 D         : Enqueue: sem count = 1
01-01 00:01:12.670   675  1272 D ProxyServiceInterface: ENTER: virtual void icc::ServiceInterface::receivecb(const uint8_t *, size_t)
01-01 00:01:12.670   675  1272 D ProxyServiceInterface: Receive DATA message from Proxy server... 
01-01 00:01:12.670   675  1272 D ProxyServiceInterface: ENTER: bool icc::ServiceInterface::processIccData(proxyMsg_t *)
01-01 00:01:12.670   675  1272 D ProxyServiceInterface: ENTER: void icc::Client::AddProcess(const uint8_t *, size_t)
01-01 00:01:12.670   675  1272 D         : Enqueue: sem count = 1
01-01 00:01:12.670   675  1272 D ProxyServiceInterface: EXIT : void icc::Client::AddProcess(const uint8_t *, size_t)
01-01 00:01:12.670   675  1272 D ProxyServiceInterface: EXIT : bool icc::ServiceInterface::processIccData(proxyMsg_t *)
01-01 00:01:12.670   675  1272 D ProxyServiceInterface: EXIT : virtual void icc::ServiceInterface::receivecb(const uint8_t *, size_t)
01-01 00:01:12.670   675   741 I EXTDiagnosticsService: MCPU|ExtDiagnostics||API=Process|0|size=54
01-01 00:01:12.670   675   741 D EXTDiagnosticsService: DEV: diagtype 0x52
01-01 00:01:12.670   675   741 D EXTDiagnosticsService: DEV: message type 0x02
01-01 00:01:12.670   675   741 D EXTDiagnosticsService: DEV: commnad type 0x02
01-01 00:01:12.670   675   741 D EXTDiagnosticsService: DEV: command 0x0a
01-01 00:01:12.670   675   741 D EXTDiagnosticsService: DEV: response 0x00
01-01 00:01:12.670   675   741 D EXTDiagnosticsService: DEV: size 0x30
01-01 00:01:12.670   675   741 D ProxyServiceInterface: Process data bret = 1 
01-01 00:01:12.671  2289  2812 W LOGGERSERVICE: SWR_LOGGER_HV_MF_002|LoggerMainService::getPropValue|1|key = ro.build.date.utc value = 1586153194
01-01 00:01:12.672  2289  2812 W LOGGERSERVICE: SWR_LOGGER_HV_MF_004|LoggerRequestProcessingService::zipDir|1|buildDate = 1586153194
01-01 00:01:12.672  2289  2812 W LOGGERSERVICE: SWR_LOGGER_HV_MF_004|LoggerRequestProcessingService::zipDir|1|tempHwBytes = PA1704L0000000
01-01 00:01:12.672  2289  2812 W LOGGERSERVICE: SWR_LOGGER_HV_MF_004|LoggerRequestProcessingService::zipDir|1|zipFileName = /log/logger/export/RSEL_0895_19700101_120112_SYS_179_SECLINUX_PERF.zip dir = /log/logger/logs exportType = Trigger_LinuxPerformance
01-01 00:01:12.672  2289  2812 W LOGGERSERVICE: ZipArchive::zip|targetPath = /log/logger/logs destinationFilePath = /log/logger/export/RSEL_0895_19700101_120112_SYS_179_SECLINUX_PERF.zip password = 9486f50b295f59e3dcb69bd80dd98d47a4fa83a93c95dc096e1929c8293c565d
01-01 00:01:12.728   753   780 I sssv-lib: sendMsg enter
01-01 00:01:12.728   753   780 I sssv-lib: sendMsg complete.
01-01 00:01:12.730   675  1272 I libivmtransceiver: [/dev/vchar-icc] Total data size = 10 | Data message received  - size = 5 | sequence number = 21 
01-01 00:01:12.730   675  1272 D         : Enqueue: sem count = 1
01-01 00:01:12.730   675  1272 D ProxyServiceInterface: ENTER: virtual void icc::ServiceInterface::receivecb(const uint8_t *, size_t)
01-01 00:01:12.730   675  1272 D ProxyServiceInterface: Receive DATA message from Proxy server... 
01-01 00:01:12.730   675  1272 D ProxyServiceInterface: ENTER: bool icc::ServiceInterface::processIccData(proxyMsg_t *)
01-01 00:01:12.730   675  1272 D ProxyServiceInterface: ENTER: void icc::Client::AddProcess(const uint8_t *, size_t)
01-01 00:01:12.730   675  1272 D         : Enqueue: sem count = 1
01-01 00:01:12.730   675  1272 D ProxyServiceInterface: EXIT : void icc::Client::AddProcess(const uint8_t *, size_t)
01-01 00:01:12.730   675  1272 D ProxyServiceInterface: EXIT : bool icc::ServiceInterface::processIccData(proxyMsg_t *)
01-01 00:01:12.730   675  1272 D ProxyServiceInterface: EXIT : virtual void icc::ServiceInterface::receivecb(const uint8_t *, size_t)
01-01 00:01:12.730   675   739 D LoggerService: ENTER: virtual bool LoggerService::Process(uint8_t *, size_t, size_t)
01-01 00:01:12.730   675   739 I LoggerService: IDLE: VNCPU_LOG_DATA_IND message received
01-01 00:01:12.730   675   739 I LoggerService: MCPU|SWR_LOGGER_OS|SWR_LOGGER_OS_001|API=processLogDataFrame|0|VNCPU Log Ind 145 is received
01-01 00:01:12.730   675   739 D ProxyServiceInterface: ENTER: bool icc::Client::send(const uint8_t *, size_t)
01-01 00:01:12.730   675   739 D         : Enqueue: sem count = 1
01-01 00:01:12.730   675   739 D ProxyServiceInterface: EXIT : bool icc::Client::send(const uint8_t *, size_t)
01-01 00:01:12.730   675   739 D LoggerService: set LoggerService::current_time = 72 (times are in seconds since the Epoch, 1970-01-01 00:00:00 +0000 (UTC).)
01-01 00:01:12.730   675   739 I LoggerService: State transaction IDLE -> TRANSACTION_ON
01-01 00:01:12.730   675   739 D LoggerService: EXIT : virtual bool LoggerService::Process(uint8_t *, size_t, size_t)
01-01 00:01:12.730   675   739 D ProxyServiceInterface: Process data bret = 1 
01-01 00:01:12.742   675  1272 I libivmtransceiver: [/dev/vchar-icc] Total data size = 18 | Data message received  - size = 13 | sequence number = 22 
01-01 00:01:12.742   675  1272 D         : Enqueue: sem count = 1
01-01 00:01:12.742   675  1272 D ProxyServiceInterface: ENTER: virtual void icc::ServiceInterface::receivecb(const uint8_t *, size_t)
01-01 00:01:12.742   675  1272 D ProxyServiceInterface: ENTER: bool icc::ServiceInterface::processClientMgmt(proxyMsg_t *)
01-01 00:01:12.742   675  1272 D ProxyServiceInterface: mgmtProxyMsg.header.channel = 255
01-01 00:01:12.742   675  1272 D ProxyServiceInterface: mgmtProxyMsg.header.src = 16
01-01 00:01:12.742   675  1272 D ProxyServiceInterface: mgmtProxyMsg.header.length = 9
01-01 00:01:12.742   675  1272 D ProxyServiceInterface: ENTER: void icc::Client::TriggerTxComplete(uint8_t *const, bool)
01-01 00:01:12.742   675  1272 D         : Enqueue: sem count = 1
01-01 00:01:12.742   675  1272 D ProxyServiceInterface: EXIT : void icc::Client::TriggerTxComplete(uint8_t *const, bool)
01-01 00:01:12.742   675  1272 D ProxyServiceInterface: EXIT : bool icc::ServiceInterface::processClientMgmt(proxyMsg_t *)
01-01 00:01:12.742   675   740 D ProxyServiceInterface: ENTER: virtual void icc::Client::txComplete(const uint8_t *, bool)
01-01 00:01:12.742   675  1272 D ProxyServiceInterface: EXIT : virtual void icc::ServiceInterface::receivecb(const uint8_t *, size_t)
01-01 00:01:12.742   675   740 D ProxyServiceInterface: Result = 1
01-01 00:01:12.742   675   740 D ProxyServiceInterface: EXIT : virtual void icc::Client::txComplete(const uint8_t *, bool)
01-01 00:01:12.806   675  1272 I libivmtransceiver: [/dev/vchar-icc] Total data size = 160 | Data message received  - size = 155 | sequence number = 23 
01-01 00:01:12.806   675  1272 D         : Enqueue: sem count = 1
01-01 00:01:12.806   675  1272 D ProxyServiceInterface: ENTER: virtual void icc::ServiceInterface::receivecb(const uint8_t *, size_t)
01-01 00:01:12.806   675  1272 D ProxyServiceInterface: Receive DATA message from Proxy server... 
01-01 00:01:12.806   675  1272 D ProxyServiceInterface: ENTER: bool icc::ServiceInterface::processIccData(proxyMsg_t *)
01-01 00:01:12.807   675  1272 D ProxyServiceInterface: ENTER: void icc::Client::AddProcess(const uint8_t *, size_t)
01-01 00:01:12.807   675  1272 D         : Enqueue: sem count = 1
01-01 00:01:12.807   675  1272 D ProxyServiceInterface: EXIT : void icc::Client::AddProcess(const uint8_t *, size_t)
01-01 00:01:12.807   675  1272 D ProxyServiceInterface: EXIT : bool icc::ServiceInterface::processIccData(proxyMsg_t *)
01-01 00:01:12.807   675  1272 D ProxyServiceInterface: EXIT : virtual void icc::ServiceInterface::receivecb(const uint8_t *, size_t)
01-01 00:01:12.807   675   739 D LoggerService: ENTER: virtual bool LoggerService::Process(uint8_t *, size_t, size_t)
01-01 00:01:12.807   675   739 D LoggerService: set LoggerService::current_time = 72 (times are in seconds since the Epoch, 1970-01-01 00:00:00 +0000 (UTC).)
01-01 00:01:12.807   675   739 I LoggerService: TRANSACTION_ON: VNCPU_LOG_DATA_RSP message received
01-01 00:01:12.807   675   739 I LoggerService: MCPU|SWR_LOGGER_OS|SWR_LOGGER_OS_002|API=processLogDataFrame|0|VNCPU_LOG_DATA_RSP
01-01 00:01:12.807   675   739 D LoggerService: ENTER: Logger::ReturnCode LoggerService::processLogDataResponse(Logger::ResponseFrame *, size_t)
01-01 00:01:12.807   675   739 D LoggerService:      Frame header raw = 7920093 
01-01 00:01:12.807   675   739 D LoggerService:      Frame sequence = 7 
01-01 00:01:12.807   675   739 D LoggerService:      Frame lenls = 146 
01-01 00:01:12.807   675   739 D LoggerService:      Frame lenhs = 0 
01-01 00:01:12.807   675   739 D LoggerService:      Frame type = 1 
01-01 00:01:12.807   675   739 D LoggerService:      Frame more = 0 
01-01 00:01:12.807   675   739 D LoggerService: len 146 msg[ 1/1/19 1:1:1|Icc Tx.ClientId 6: 52 2 2 a 0 30, 31 36 37 39 30 31 33 35 
01-01 00:01:12.807   675   739 D LoggerService:  ]
01-01 00:01:12.807   675   739 D LoggerService:  
01-01 00:01:12.807   675   739 I LoggerService: MCPU|SWR_LOGGER_OS|SWR_LOGGER_OS_002|API=processLogDataResponse|0| size=151
01-01 00:01:12.807   675   739 D CicularBuffer: ENTER: opsy::buffer::ReturnCode opsy::buffer::Circular::Add(const void *, ssize_t)
01-01 00:01:12.807   675   739 D CicularBuffer: front = 0 rear = 7  size = 146 Available = 15155
01-01 00:01:12.807   675   739 D CicularBuffer: EXIT : opsy::buffer::ReturnCode opsy::buffer::Circular::Add(const void *, ssize_t)
01-01 00:01:12.807   675   739 D LoggerService: EXIT : Logger::ReturnCode LoggerService::processLogDataResponse(Logger::ResponseFrame *, size_t)
01-01 00:01:12.807   675   739 I LoggerService: State transaction TRANSACTION_ON -> IDLE
01-01 00:01:12.807   675   739 D LoggerService: EXIT : virtual bool LoggerService::Process(uint8_t *, size_t, size_t)
01-01 00:01:12.808   675   739 D ProxyServiceInterface: Process data bret = 1 
01-01 00:01:13.366  2077  2077 E         : 
01-01 00:01:13.366  2077  2077 E         : Buffer Size = 1048576
01-01 00:01:13.367  2077  2077 E         : 
01-01 00:01:13.367  2077  2077 E         : <31>[   34.577106] logd: logdr: UID=0 GID=1000 PID=3245 b tail=0 logMask=1f pid=0 start=0ns timeout=0ns
01-01 00:01:13.367  2077  2077 E         : <6>[   34.962770] QSEECOM: scm_call_qcpe:429 : IN: 0x70000006, 0x8887, 0x20002, 0xfe812000, 0x58, 0xfe812000, 0x253e1f000
01-01 00:01:13.367  2077  2077 E         : <6>[   34.967624] QSEECOM: scm_call_qcpe:503 : OUT: 0x0, 0x0, 0xee01, 0x20002
01-01 00:01:13.367  2077  2077 E         : <14>[   36.121349] init: Uptime: 00036.121239 LocalTime: 01-01 00:00:40.716
01-01 00:01:13.367  2077  2077 E         : <14>[   36.121369] init: 
01-01 00:01:13.367  2077  2077 E         : <3>[   38.590129] subsys-restart: wait_for_err_ready(): [modem]: Error ready timed out
01-01 00:01:13.367  2077  2077 E         : <6>[   38.601343] pil-q6v5-mss 2080000.qcom,mss: MSS is shutting down
01-01 00:01:13.367  2077  2077 E         : <4>[   38.627194] pil-q6v5-mss 2080000.qcom,mss: Port 0000000000000000 halt timeout
01-01 00:01:13.367  2077  2077 E         : <4>[   38.659610] pil-q6v5-mss 2080000.qcom,mss: Port 0000000000000000 halt timeout
01-01 00:01:13.367  2077  2077 E         : <14>[   46.121726] init: Uptime: 00046.121630 LocalTime: 01-01 00:00:50.716
01-01 00:01:13.367  2077  2077 E         : <14>[   46.121748] init: 
01-01 00:01:13.367  2077  2077 E         : <6>[   51.687059] CFG80211-ERROR) wl_run_escan :  LEGACY E-SCAN START
01-01 00:01:13.367  2077  2077 E         : <6>[   51.713759] CFG80211-ERROR) wl_run_escan : LEGACY_SCAN sync ID: 4660, bssidx: 0
01-01 00:01:13.367  2077  2077 E         : <14>[   53.459578] init: processi
01-01 00:01:13.367  2077  2077 E         : USB Hub Detector 1.0
01-01 00:01:13.459  1582  1582 I Connectivity_AIDL|AIDL_Handler.AIDL_Helpers.LcmHelper: MBUX App Method: KeepAliveTest |Line No: 408 |Log Type: Critical |Message: MainThread:MBUX-App HB Count: 19, ResponseCode: 0
