01-01 00:07:56.907  1164  1194 I ActivityManager: Waited long enough for: ServiceRecord{cb092e1 u0 com.opensynergy.automotive.swdlservice/.SwdlService}
01-01 00:07:57.040  1164  1194 I ActivityManager: Waited long enough for: ServiceRecord{ef54806 u0 com.opensynergy.hdmi/.HdmiService}
01-01 00:07:57.235  1164  1194 I ActivityManager: Waited long enough for: ServiceRecord{dd611d5 u0 com.qti.csm/.securityLog.RunTask}
01-01 00:07:57.424  1164  1194 I ActivityManager: Waited long enough for: ServiceRecord{98d7590 u0 com.qualcomm.atfwd/.AtFwdService}
01-01 00:07:57.467   731   762 I sssv-lib: sendMsg enter
01-01 00:07:57.467   731   762 I sssv-lib: sendMsg complete.
01-01 00:07:57.536  1164  3603 D CompatibilityInfo: mCompatibilityFlags - 4
01-01 00:07:57.536  1164  3603 D CompatibilityInfo: applicationDensity - 240
01-01 00:07:57.536  1164  3603 D CompatibilityInfo: applicationScale - 1.0
01-01 00:07:57.692  2793  2967 W UFO     : httpURLConnSender exp!
01-01 00:07:57.772  2146  2146 E         : 
01-01 00:07:57.772  2146  2146 E         : Buffer Size = 1048576
01-01 00:07:57.773  2146  2146 E         : 
01-01 00:07:57.773  2146  2146 E         : <31>[   39.896512] logd: logdr: UID=0 GID=1000 PID=3394 b tail=0 logMask=1f pid=0 start=0ns timeout=0ns
01-01 00:07:57.773  2146  2146 E         : <3>[   41.340864] subsys-restart: wait_for_err_ready(): [modem]: Error ready timed out
01-01 00:07:57.773  2146  2146 E         : <6>[   41.352270] pil-q6v5-mss 2080000.qcom,mss: MSS is shutting down
01-01 00:07:57.773  2146  2146 E         : <4>[   41.377315] pil-q6v5-mss 2080000.qcom,mss: Port 0000000000000000 halt timeout
01-01 00:07:57.773  2146  2146 E         : <4>[   41.409854] pil-q6v5-mss 2080000.qcom,mss: Port 0000000000000000 halt timeout
01-01 00:07:57.773  2146  2146 E         : <14>[   45.911415] init: Uptime: 00045.911262 LocalTime: 01-01 00:07:50.420
01-01 00:07:57.773  2146  2146 E         : <14>[   45.911440] init: 
01-01 00:07:57.773  2146  2146 E         : 
01-01 00:07:57.773  2146  2146 E         : USB Hub Detector 1.0
01-01 00:07:58.202  2322  2348 I chatty  : uid=1000(system) HeapTaskDaemon expire 3 lines
01-01 00:07:58.468   731   762 I sssv-lib: sendMsg enter
01-01 00:07:58.468   731   762 I sssv-lib: sendMsg complete.
01-01 00:07:58.500  2048  3385 I chatty  : uid=1000(system) Binder:2048_4 expire 10 lines
01-01 00:07:58.500  1624  1624 I Connectivity_AIDL|AIDL_Handler.AIDL_Helpers.LcmHelper: MBUX App Method: KeepAliveTest |Line No: 408 |Log Type: Critical |Message: MainThread:MBUX-App HB Count: 13, ResponseCode: 0
01-01 00:07:58.712  2793  2905 D UEStatPoster: statistic key: 020103
01-01 00:07:58.712  2793  2905 D UEStatPoster: :{"020103":["478712"]}
01-01 00:07:58.712  2793  2905 D BaseStatisticsManager: addStatisticsLog:type=useraction_appsearch_tablet:values=[{"020103":["478712"]}]
01-01 00:07:58.712  2793  2905 D BaseStatisticsManager: addStatisticsLog:mIsUploadEnabled=true
01-01 00:07:58.720  2793  2905 D UEStatPoster: statistic key: 020105
01-01 00:07:58.720  2793  2905 D UEStatPoster: :{"020105":["478720"]}
01-01 00:07:58.720  2793  2905 D BaseStatisticsManager: addStatisticsLog:type=useraction_appsearch_tablet:values=[{"020105":["478720"]}]
01-01 00:07:58.720  2793  2905 D BaseStatisticsManager: addStatisticsLog:mIsUploadEnabled=true
01-01 00:07:58.722  2793  2897 D UEStatPoster: :{"020108":["478721","failed","20056","benzupstate","Thiruvananthapuram","2G",null]}
01-01 00:07:58.722  2793  2897 D BaseStatisticsManager: addStatisticsLog:type=useraction_appsearch_tablet:values=[{"020108":["478721","failed","20056","benzupstate","Thiruvananthapuram","2G",null]}]
01-01 00:07:58.722  2793  2897 D BaseStatisticsManager: addStatisticsLog:mIsUploadEnabled=true
01-01 00:07:58.882  1624  1954 I Connectivity_AIDL|AIDL_Handler.AIDL_Helpers.CanHelper: MBUX App Method: RetryDskRequestTimeout |Line No: 246 |Log Type: Information |Message: :in RetryDskRequestTimeout
01-01 00:07:58.883  1624  1954 I Connectivity_AIDL|AIDL_Handler.AIDL_Helpers.CanHelper: MBUX App Method: GetDynamicSecretKey |Line No: 388 |Log Type: Information |Message: :in GetDynamicSecretKey:, RetryDskRequest-Counter6
01-01 00:07:58.883  1624  1954 W Connectivity_AIDL|AIDL_Handler.AIDL_Helpers.CanHelper: MBUX App Method: GetDynamicSecretKey |Line No: 394 |Log Type: Warning |Message: :in GetDynamicSecretKey: RetryDskRequest-already active
01-01 00:07:58.883  1624  1954 I Connectivity_AIDL|AIDL_Handler.AIDL_Helpers.CanHelper: MBUX App Method: GetDynamicSecretKey |Line No: 408 |Log Type: Critical |Message: :RetryDskRequest-Counter:7
01-01 00:07:58.884   984  2103 D CanNativeService: DYNAMIC SECERET has been requested
01-01 00:07:58.884   984  2103 D CanNativeService: IPString =0.0.0.0
01-01 00:07:58.884   984  2103 D CanNativeService: PortString =00
01-01 00:07:58.885   984  2103 I CanNativeService: MCPU|SWR_INFRA-WLAN|SWR_INFRA-WLAN_003|API=readDSK|0|DSK msg requested
01-01 00:07:58.885   984  2103 D CanNativeService: dsk_status 0
01-01 00:07:58.886   984  2103 E CanNativeService: MCPU|SWR_INFRA-WLAN|SWR_INFRA-WLAN_003|API=readDSK|0|DSK is not received from Linux
01-01 00:07:58.887  1624  3386 I Connectivity_AIDL|AIDL_Handler.AIDL_Callbacks.CanServiceCallback: MBUX App Method: HandleCAN_Response |Line No: 24 |Log Type: Critical |Message: in::Response from CAN Service: RequestName:getDynamic_secret, ListSize:10, DskByteData received:True
01-01 00:07:58.887  1624  3386 I Connectivity_AIDL|AIDL_Handler.AIDL_Callbacks.CanServiceCallback: MBUX App Method: HandleCAN_Response |Line No: 46 |Log Type: Information |Message: ::TaskInit:getDynamic_secret
01-01 00:07:58.887  1624  3386 I Connectivity_AIDL|AIDL_Handler.AIDL_Callbacks.CanServiceCallback: MBUX App Method: HandleCAN_Response |Line No: 65 |Log Type: Information |Message: out::Response from CAN Service:getDynamic_secret
01-01 00:07:58.887  1624  1957 I Connectivity_AIDL|AIDL_Handler.AIDL_Callbacks.CanServiceCallback: MBUX App Method: HandleCAN_Response |Line No: 50 |Log Type: Information |Message: ::TaskStarted:getDynamic_secret
01-01 00:07:58.887  1624  1957 I Connectivity_AIDL|AIDL_Handler.AIDL_Helpers.CanHelper: MBUX App Method: _canServiceCallback_DskReceived |Line No: 498 |Log Type: Information |Message: in _canServiceCallback_DskReceived
01-01 00:07:58.889  1624  1957 I Connectivity_AIDL|AIDL_Handler.AIDL_Helpers.CanHelper: MBUX App Method: FoundCanDskData |Line No: 556 |Log Type: Information |Message: before:received Dsk List size:10
01-01 00:07:58.889  1624  1957 I Connectivity_AIDL|AIDL_Handler.AIDL_Helpers.CanHelper: MBUX App Method: FoundCanDskData |Line No: 558 |Log Type: Information |Message: before:received Dsk List from CAN AIDL Service:
01-01 00:07:58.889  1624  1957 I Connectivity_AIDL|AIDL_Handler.AIDL_Helpers.CanHelper: List[0]=FAILED
01-01 00:07:58.889  1624  1957 I Connectivity_AIDL|AIDL_Handler.AIDL_Helpers.CanHelper: List[1]=0.0.0.0
01-01 00:07:58.889  1624  1957 I Connectivity_AIDL|AIDL_Handler.AIDL_Helpers.CanHelper: List[2]=0
01-01 00:07:58.889  1624  1957 I Connectivity_AIDL|AIDL_Handler.AIDL_Helpers.CanHelper: List[3]=RSE_TYPE
01-01 00:07:58.889  1624  1957 I Connectivity_AIDL|AIDL_Handler.AIDL_Helpers.CanHelper: List[4]=NOTUSED
01-01 00:07:58.889  1624  1957 I Connectivity_AIDL|AIDL_Handler.AIDL_Helpers.CanHelper: List[5]=00:00:00:00:00:00
01-01 00:07:58.889  1624  1957 I Connectivity_AIDL|AIDL_Handler.AIDL_Helpers.CanHelper: List[6]=00:00:00:00:00:00
01-01 00:07:58.889  1624  1957 I Connectivity_AIDL|AIDL_Handler.AIDL_Helpers.CanHelper: List[7]=0.0.0.0
01-01 00:07:58.889  1624  1957 I Connectivity_AIDL|AIDL_Handler.AIDL_Helpers.CanHelper: List[8]=NOTUSED
01-01 00:07:58.889  1624  1957 I Connectivity_AIDL|AIDL_Handler.AIDL_Helpers.CanHelper: List[9]=d41d8cd98f00b204e9800998ecf8427e
01-01 00:07:58.889  1624  1957 W Connectivity_AIDL|AIDL_Handler.AIDL_Helpers.CanHelper: MBUX App Method: _canServiceCallback_DskReceived |Line No: 510 |Log Type: Critical |Message: :DSK Not Received/Corrupted DSK/Invalid DSK: _dskRequestCounter=7
01-01 00:07:58.889  1624  1957 I Connectivity_AIDL|AIDL_Handler.AIDL_Helpers.CanHelper: MBUX App Method: _canServiceCallback_DskReceived |Line No: 520 |Log Type: Critical |Message: 
01-01 00:07:58.889  1624  1957 I Connectivity_AIDL|AIDL_Handler.AIDL_Helpers.CanHelper: Started Retrying DskRequest-Counter:8
01-01 00:07:58.889  1624  1957 I Connectivity_AIDL|AIDL_Handler.AIDL_Callbacks.CanServiceCallback: MBUX App Method: HandleCAN_Response |Line No: 55 |Log Type: Information |Message: ::TaskCompleted:getDynamic_secret
01-01 00:07:59.338   951  1031 W XTCC-6.1.2.10-a: [FDAL_ZPP_MGR] RequestNewZppFix: Getting ZPP
01-01 00:07:59.338   951  1031 E LocSvc_api_v02: locClientSendReq:2080]: invalid handle 
01-01 00:07:59.338   951  1031 E LocSvc_IzatApiV02: sendBestAvailablePosReq:1020]: error! status = 10, zpp_ind.status = 0
01-01 00:07:59.338   951  1031 W XTCC-6.1.2.10-a: [FDAL_ZPP_MGR] RequestNewZppFix 0.000000 0.000000 0.000000: ZPP Return Flag 0x0
01-01 00:07:59.338   951  1031 W XTCC-6.1.2.10-a: [FDAL_ZPP_MGR] RequestNewZppFix Expand the HEPE of previous ZPP fix. Not done
01-01 00:07:59.439   576  3535 W SocketClient: write error (Broken pipe)
01-01 00:07:59.439   576  3535 W DnsProxyListener: GetHostByAddrHandler: Error writing DNS result to client
01-01 00:07:59.468   731   762 I sssv-lib: sendMsg enter
01-01 00:07:59.469   731   762 I sssv-lib: sendMsg complete.
01-01 00:07:59.587  1164  1303 W ActivityManager: Background start not allowed: service Intent { act=com.android.providers.tv.intent.CLEAN_UP_EPG_DATA flg=0x4 cmp=com.android.providers.tv/.EpgDataCleanupService (has extras) } to com.android.providers.tv/.EpgDataCleanupService from pid=-1 uid=10023 pkg=com.android.providers.tv
01-01 00:07:59.589  1164  1346 I WifiService: isScanAlwaysAvailable uid=1000
01-01 00:07:59.589  1164  1346 I WifiService: getWifiEnabledState uid=1000
01-01 00:08:00.001  1445  1445 D KeyguardUpdateMonitor: received broadcast android.intent.action.TIME_TICK
01-01 00:08:00.001  1445  1445 D KeyguardUpdateMonitor: handleTimeUpdate
01-01 00:08:00.015  1445  1445 W SYSTEM_UI: SWR_SYSTEM_UI_008|FUN=CollapsedStatusBarFragment::AndroidEventReceiver | getAction |1|Broadcast action:android.intent.action.TIME_TICK received
01-01 00:08:00.015  1445  1445 W SYSTEM_UI - CI07.3: className -> CollapsedStatusBarFragment | functionName -> setTime | value -> Setting the time to textView
01-01 00:08:00.016  1445  1445 W SYSTEM_UI: SWR_SYSTEM_UI_008|FUN=CollapsedStatusBarFragment::getTime |1|Get current time.
01-01 00:08:00.388   951  1031 W XTCC-6.1.2.10-a: [FDAL_LOC_API] retryIfNeeded: Max Injection Retry Count reached. Assuming LP is unsupported
01-01 00:08:00.421     1   465 I init    : Uptime: 00055.911772 LocalTime: 01-01 00:08:00.421
01-01 00:08:00.430   949  1456 I LOWI-8.5.0.3.c: [LOWI-Scan] lowi_close_record:Scan completed in 38290ms and Recieved 1 APs scan results
01-01 00:08:00.430   949   964 I LOWI-8.5.0.3.c: [LOWIUtils] responseToOutPostcard - TO: GTP-FDAL, FROM:   LOWI-SERVER, RESP:  LOWI_ASYNC_DISCOVERY_SCAN_RESULTS
01-01 00:08:00.430  1164  3603 D WificondControl: Scan result ready event
01-01 00:08:00.431   951  1031 W XTCC-6.1.2.10-a: [LOWIUtils] to_eScanTypeResponse - default case
01-01 00:08:00.431   951  1031 W XTCC-6.1.2.10-a: [WifiScanner] WiFi scan result : [1] AP's, async result: 1
01-01 00:08:00.431   829   829 I wificond: Enters wifigbk_ageOutHistory
01-01 00:08:00.431  1164  1346 I WifiService: isScanAlwaysAvailable uid=1000
01-01 00:08:00.431  1164  1346 I WifiService: getWifiEnabledState uid=1000
01-01 00:08:00.432  1164  1346 I WifiService: isScanAlwaysAvailable uid=1000
01-01 00:08:00.432  1164  1346 I WifiService: getWifiEnabledState uid=1000
01-01 00:08:00.469   731   762 I sssv-lib: sendMsg enter
01-01 00:08:00.469   731   762 I sssv-lib: sendMsg complete.
01-01 00:08:00.721  1624  2077 I Connectivity_AIDL|AIDL_Handler.AIDL_Helpers.LcmHelper: MBUX App Method: KeepAliveTest |Line No: 408 |Log Type: Critical |Message: ChildThread:MBUX-App HB Count: 14, ResponseCode: 0
01-01 00:08:01.127  2322  2334 I chatty  : uid=1000(system) Jit thread pool expire 3 lines
01-01 00:08:01.470   731   762 I sssv-lib: sendMsg enter
01-01 00:08:01.470   731   762 I sssv-lib: sendMsg complete.
01-01 00:08:01.581  2048  2048 I chatty  : uid=1000(system) com.panasonic.dairse.lifecycle.lifecyclemanagerapp expire 77 lines
01-01 00:08:02.133  1164  3603 D CompatibilityInfo: mCompatibilityFlags - 4
01-01 00:08:02.134  1164  3603 D CompatibilityInfo: applicationDensity - 240
01-01 00:08:02.134  1164  3603 D CompatibilityInfo: applicationScale - 1.0
01-01 00:08:02.139  2240  2544 I chatty  : uid=1000(system) AsyncTask #1 expire 10 lines
01-01 00:08:00.432   829   829 I wificond: Enters wifigbk_ageOutHistory
01-01 00:08:02.142  2726  2739 W ContextImpl: Calling a method in the system process without a qualified user: android.app.ContextImpl.startService:1476 android.content.ContextWrapper.startService:650 com.panasonic.dairse.vcpupersistence.VCPUPersistenceService$1.executeLinuxCommand:392 com.panasonic.dairse.vcpupersistence.IVCPUPersistenceService$Stub.onTransact:437 android.os.Binder.execTransact:706 
01-01 00:08:02.145  1164  3603 D CompatibilityInfo: mCompatibilityFlags - 4
01-01 00:08:02.145  1164  3603 D CompatibilityInfo: applicationDensity - 240
01-01 00:08:02.145  1164  3603 D CompatibilityInfo: applicationScale - 1.0
01-01 00:08:02.147  2240  2240 I chatty  : uid=1000(system) com.panasonic.dairse.service.hmi expire 28 lines
01-01 00:08:02.150  2726  3695 I chatty  : uid=1000(system) com.panasonic.dairse.vcpupersistence expire 10 lines
01-01 00:08:02.385  1164  1194 I ActivityManager: Waited long enough for: ServiceRecord{9f3f99f u0 com.qualcomm.qti.callenhancement/.CallEnhancementService}
01-01 00:08:02.471   731   762 I sssv-lib: sendMsg enter
01-01 00:08:02.471   731   762 I sssv-lib: sendMsg complete.
01-01 00:08:02.773  2146  2146 E         : 
01-01 00:08:02.773  2146  2146 E         : Buffer Size = 1048576
01-01 00:08:02.774  2146  2146 E         : 
01-01 00:08:02.774  2146  2146 E         : <31>[   39.896512] logd: logdr: UID=0 GID=1000 PID=3394 b tail=0 logMask=1f pid=0 start=0ns timeout=0ns
01-01 00:08:02.774  2146  2146 E         : <3>[   41.340864] subsys-restart: wait_for_err_ready(): [modem]: Error ready timed out
01-01 00:08:02.774  2146  2146 E         : <6>[   41.352270] pil-q6v5-mss 2080000.qcom,mss: MSS is shutting down
01-01 00:08:02.774  2146  2146 E         : <4>[   41.377315] pil-q6v5-mss 2080000.qcom,mss: Port 0000000000000000 halt timeout
01-01 00:08:02.774  2146  2146 E         : <4>[   41.409854] pil-q6v5-mss 2080000.qcom,mss: Port 0000000000000000 halt timeout
01-01 00:08:02.774  2146  2146 E         : <14>[   45.911415] init: Uptime: 00045.911262 LocalTime: 01-01 00:07:50.420
01-01 00:08:02.774  2146  2146 E         : <14>[   45.911440] init: 
01-01 00:08:02.774  2146  2146 E         : <6>[   55.081340] CFG80211-ERROR) wl_run_escan :  LEGACY E-SCAN START
01-01 00:08:02.774  2146  2146 E         : <6>[   55.108984] CFG80211-ERROR) wl_run_escan : LEGACY_SCAN sync ID: 4660, bssidx: 0
01-01 00:08:02.774  2146  2146 E         : <14>[   55.911882] init: Uptime: 00055.911772 LocalTime: 01-01 00:08:00.421
01-01 00:08:02.774  2146  2146 E         : <14>[   55.911906] init: 
01-01 00:08:02.774  2146  2146 E         : 
01-01 00:08:02.774  2146  2146 E         : USB Hub Detector 1.0
01-01 00:08:03.078  2322  2322 I chatty  : uid=1000(system) com.panasonic.dairse.logger.loggerapp expire 1 line
01-01 00:08:03.461  1164  1332 D SntpClient: request time failed: java.net.UnknownHostException: Unable to resolve host "time.android.com": No address associated with hostname
01-01 00:08:03.471   731   762 I sssv-lib: sendMsg enter
01-01 00:08:03.471   731   762 I sssv-lib: sendMsg complete.
01-01 00:08:03.482  1164  1335 D SntpClient: request time failed: java.net.UnknownHostException: Unable to resolve host "time.android.com": No address associated with hostname
01-01 00:08:03.486  1164  1332 D SntpClient: request time failed: java.net.UnknownHostException: Unable to resolve host "time.android.com": No address associated with hostname
01-01 00:08:03.495  1164  1335 D SntpClient: request time failed: java.net.UnknownHostException: Unable to resolve host "time.android.com": No address associated with hostname
01-01 00:08:03.507  1624  1624 I Connectivity_AIDL|AIDL_Handler.AIDL_Helpers.LcmHelper: MBUX App Method: KeepAliveTest |Line No: 408 |Log Type: Critical |Message: MainThread:MBUX-App HB Count: 15, ResponseCode: 0
01-01 00:08:03.883  1624  1952 I Connectivity_AIDL|AIDL_Handler.AIDL_Helpers.CanHelper: MBUX App Method: RetryDskRequestTimeout |Line No: 246 |Log Type: Information |Message: :in RetryDskRequestTimeout
01-01 00:08:03.883  1624  1952 I Connectivity_AIDL|AIDL_Handler.AIDL_Helpers.CanHelper: MBUX App Method: GetDynamicSecretKey |Line No: 388 |Log Type: Information |Message: :in GetDynamicSecretKey:, RetryDskRequest-Counter7
01-01 00:08:03.883  1624  1952 W Connectivity_AIDL|AIDL_Handler.AIDL_Helpers.CanHelper: MBUX App Method: GetDynamicSecretKey |Line No: 394 |Log Type: Warning |Message: :in GetDynamicSecretKey: RetryDskRequest-already active
01-01 00:08:03.883  1624  1952 I Connectivity_AIDL|AIDL_Handler.AIDL_Helpers.CanHelper: MBUX App Method: GetDynamicSecretKey |Line No: 408 |Log Type: Critical |Message: :RetryDskRequest-Counter:8
01-01 00:08:03.884   984  2103 D CanNativeService: DYNAMIC SECERET has been requested
01-01 00:08:03.884   984  2103 D CanNativeService: IPString =0.0.0.0
01-01 00:08:03.884   984  2103 D CanNativeService: PortString =00
01-01 00:08:03.885   984  2103 I CanNativeService: MCPU|SWR_INFRA-WLAN|SWR_INFRA-WLAN_003|API=readDSK|0|DSK msg requested
01-01 00:08:03.885   984  2103 D CanNativeService: dsk_status 0
01-01 00:08:03.885   984  2103 E CanNativeService: MCPU|SWR_INFRA-WLAN|SWR_INFRA-WLAN_003|API=readDSK|0|DSK is not received from Linux
01-01 00:08:03.887  1624  3386 I Connectivity_AIDL|AIDL_Handler.AIDL_Callbacks.CanServiceCallback: MBUX App Method: HandleCAN_Response |Line No: 24 |Log Type: Critical |Message: in::Response from CAN Service: RequestName:getDynamic_secret, ListSize:10, DskByteData received:True
01-01 00:08:03.887  1624  3386 I Connectivity_AIDL|AIDL_Handler.AIDL_Callbacks.CanServiceCallback: MBUX App Method: HandleCAN_Response |Line No: 46 |Log Type: Information |Message: ::TaskInit:getDynamic_secret
01-01 00:08:03.887  1624  1954 I Connectivity_AIDL|AIDL_Handler.AIDL_Callbacks.CanServiceCallback: MBUX App Method: HandleCAN_Response |Line No: 50 |Log Type: Information |Message: ::TaskStarted:getDynamic_secret
01-01 00:08:03.887  1624  1954 I Connectivity_AIDL|AIDL_Handler.AIDL_Helpers.CanHelper: MBUX App Method: _canServiceCallback_DskReceived |Line No: 498 |Log Type: Information |Message: in _canServiceCallback_DskReceived
01-01 00:08:03.888  1624  3386 I Connectivity_AIDL|AIDL_Handler.AIDL_Callbacks.CanServiceCallback: MBUX App Method: HandleCAN_Response |Line No: 65 |Log Type: Information |Message: out::Response from CAN Service:getDynamic_secret
01-01 00:08:03.889  1624  1954 I Connectivity_AIDL|AIDL_Handler.AIDL_Helpers.CanHelper: MBUX App Method: FoundCanDskData |Line No: 556 |Log Type: Information |Message: before:received Dsk List size:10
01-01 00:08:03.889  1624  1954 I Connectivity_AIDL|AIDL_Handler.AIDL_Helpers.CanHelper: MBUX App Method: FoundCanDskData |Line No: 558 |Log Type: Information |Message: before:received Dsk List from CAN AIDL Service:
01-01 00:08:03.889  1624  1954 I Connectivity_AIDL|AIDL_Handler.AIDL_Helpers.CanHelper: List[0]=FAILED
01-01 00:08:03.889  1624  1954 I Connectivity_AIDL|AIDL_Handler.AIDL_Helpers.CanHelper: List[1]=0.0.0.0
01-01 00:08:03.889  1624  1954 I Connectivity_AIDL|AIDL_Handler.AIDL_Helpers.CanHelper: List[2]=0
01-01 00:08:03.889  1624  1954 I Connectivity_AIDL|AIDL_Handler.AIDL_Helpers.CanHelper: List[3]=RSE_TYPE
01-01 00:08:03.889  1624  1954 I Connectivity_AIDL|AIDL_Handler.AIDL_Helpers.CanHelper: List[4]=NOTUSED
01-01 00:08:03.889  1624  1954 I Connectivity_AIDL|AIDL_Handler.AIDL_Helpers.CanHelper: List[5]=00:00:00:00:00:00
01-01 00:08:03.889  1624  1954 I Connectivity_AIDL|AIDL_Handler.AIDL_Helpers.CanHelper: List[6]=00:00:00:00:00:00
01-01 00:08:03.889  1624  1954 I Connectivity_AIDL|AIDL_Handler.AIDL_Helpers.CanHelper: List[7]=0.0.0.0
01-01 00:08:03.889  1624  1954 I Connectivity_AIDL|AIDL_Handler.AIDL_Helpers.CanHelper: List[8]=NOTUSED
01-01 00:08:03.889  1624  1954 I Connectivity_AIDL|AIDL_Handler.AIDL_Helpers.CanHelper: List[9]=d41d8cd98f00b204e9800998ecf8427e
01-01 00:08:03.889  1624  1954 W Connectivity_AIDL|AIDL_Handler.AIDL_Helpers.CanHelper: MBUX App Method: _canServiceCallback_DskReceived |Line No: 510 |Log Type: Critical |Message: :DSK Not Received/Corrupted DSK/Invalid DSK: _dskRequestCounter=8
01-01 00:08:03.889  1624  1954 I Connectivity_AIDL|AIDL_Handler.AIDL_Helpers.CanHelper: MBUX App Method: _canServiceCallback_DskReceived |Line No: 520 |Log Type: Critical |Message: 
01-01 00:08:03.889  1624  1954 I Connectivity_AIDL|AIDL_Handler.AIDL_Helpers.CanHelper: Started Retrying DskRequest-Counter:9
01-01 00:08:03.889  1624  1954 I Connectivity_AIDL|AIDL_Handler.AIDL_Callbacks.CanServiceCallback: MBUX App Method: HandleCAN_Response |Line No: 55 |Log Type: Information |Message: ::TaskCompleted:getDynamic_secret
01-01 00:08:03.963   725  1599 E         : LOGSVC|SWR_LOGGER_HV_MF_001|loggerservice::BnLoggerUtilityInterface::onTransact|2|Calling MSG: PID=2322, UID=1000
01-01 00:08:03.963   725  1599 I         : LOGSVC|SWR_LOGGER_HV_MF_004|loggerservice::executecommand|2|mscriptMessage = cleanup afterzip
01-01 00:08:03.963   725  1599 I         : LOGSVC|SWR_LOGGER_HV_MF_004|loggerservice::handleCleanupRqst|2|dltFunctionCheck = afterzip
01-01 00:08:04.042   725  1599 I         : LOGSVC|SWR_LOGGER_HV_MF_004|loggerservice::handleCleanupRqst|1| crash logs, tomstones and screenshot removed after zip
01-01 00:08:04.070   725  1599 I         : LOGSVC|SWR_LOGGER_HV_MF_004|loggerservice::executecommand|1|Permission change Applied Recursively...
01-01 00:08:04.070   725  1599 E         : LOGSVC|SWR_LOGGER_HV_MF_001|loggerservice::BnLoggerUtilityInterface::onTransact|2|Calling MSG: PID=2322, UID=1000
01-01 00:08:04.070   725  1599 I         : LOGSVC|SWR_LOGGER_HV_MF_004|loggerservice::executecommand|2|mscriptMessage = conswifi off
01-01 00:08:04.122   725  1599 I         : LOGSVC|SWR_LOGGER_HV_MF_004|loggerservice::executecommand|1|Permission change Applied Recursively...
01-01 00:08:04.122   725  1599 E         : LOGSVC|SWR_LOGGER_HV_MF_001|loggerservice::BnLoggerUtilityInterface::onTransact|2|Calling MSG: PID=2322, UID=1000
01-01 00:08:04.122   725  1599 I         : LOGSVC|SWR_LOGGER_HV_MF_004|loggerservice::executecommand|2|mscriptMessage = dlt on
01-01 00:08:04.170   725  1599 I         : LOGSVC|SWR_LOGGER_HV_MF_009|loggerservice::handleDltCntrl|1|dlt logging on..
01-01 00:08:04.197   725  1599 I         : LOGSVC|SWR_LOGGER_HV_MF_004|loggerservice::executecommand|1|Permission change Applied Recursively...
01-01 00:08:04.197   725  1599 E         : LOGSVC|SWR_LOGGER_HV_MF_001|loggerservice::BnLoggerUtilityInterface::onTransact|2|Calling MSG: PID=2322, UID=1000
01-01 00:08:04.197   725  1599 I         : LOGSVC|SWR_LOGGER_HV_MF_004|loggerservice::executecommand|2|mscriptMessage = dlt copy
01-01 00:08:04.472   731   762 I sssv-lib: sendMsg enter
01-01 00:08:04.472   731   762 I sssv-lib: sendMsg complete.
01-01 00:08:04.916   725  1599 I         : LOGSVC|SWR_LOGGER_HV_MF_009|loggerservice::handleDltCntrl|1|dlt logs updated at EMMC..
01-01 00:08:04.943   725  1599 I         : LOGSVC|SWR_LOGGER_HV_MF_004|loggerservice::executecommand|1|Permission change Applied Recursively...
01-01 00:08:04.948   725  1599 E         : LOGSVC|SWR_LOGGER_HV_MF_001|loggerservice::BnLoggerUtilityInterface::onTransact|2|Calling MSG: PID=2322, UID=1000
01-01 00:08:04.948   725  1599 I         : LOGSVC|SWR_LOGGER_HV_MF_004|loggerservice::executecommand|2|mscriptMessage = dlt off
01-01 00:08:04.996   725  1599 I         : LOGSVC|SWR_LOGGER_HV_MF_009|loggerservice::handleDltCntrl|1|dlt logging off..
01-01 00:08:05.024   725  1599 I         : LOGSVC|SWR_LOGGER_HV_MF_004|loggerservice::executecommand|1|Permission change Applied Recursively...
01-01 00:08:05.025   725  1599 E         : LOGSVC|SWR_LOGGER_HV_MF_001|loggerservice::BnLoggerUtilityInterface::onTransact|2|Calling MSG: PID=2322, UID=1000
01-01 00:08:05.025   725  1599 I         : LOGSVC|SWR_LOGGER_HV_MF_004|loggerservice::executecommand|2|mscriptMessage = screenshot 19700101120805.png
01-01 00:08:05.182  3726  3726 W ADebug  : Failed to get property persist.sys.media.traces
01-01 00:08:05.472   731   762 I sssv-lib: sendMsg enter
01-01 00:08:05.473   731   762 I sssv-lib: sendMsg complete.
01-01 00:08:05.763  1624  2077 I Connectivity_AIDL|AIDL_Handler.AIDL_Helpers.LcmHelper: MBUX App Method: KeepAliveTest |Line No: 408 |Log Type: Critical |Message: ChildThread:MBUX-App HB Count: 16, ResponseCode: 0
01-01 00:08:06.146  3338  3729 D UIAutomatorStub: URI: /jsonrpc/0, Method: POST, Header: {content-length=177, remote-addr=127.0.0.1, http-client-ip=127.0.0.1, host=localhost:9009, connection=close, content-type=application/json, accept-encoding=identity, user-agent=Python-urllib/3.5}, params, {NanoHttpd.QUERY_STRING=null}, files: {postData={"id": "796fbd3914738ae2f4613e6b13c6e180", "jsonrpc": "2.0", "method": "exist", "params": [{"childOrSibling": [], "mask": 1, "childOrSiblingSelector": [], "text": "Reconnect"}]}}
01-01 00:08:06.473   731   762 I sssv-lib: sendMsg enter
01-01 00:08:06.473   731   762 I sssv-lib: sendMsg complete.
01-01 00:08:07.231  1164  1194 I ActivityManager: Waited long enough for: ServiceRecord{4054120 u0 com.qualcomm.qti.modemtestmode/.MbnSystemService}
01-01 00:08:07.454  1164  1194 I ActivityManager: Waited long enough for: ServiceRecord{591f013 u0 com.qualcomm.simcontacts/.SimContactsService}
01-01 00:08:07.474   731   762 I sssv-lib: sendMsg enter
01-01 00:08:07.474   731   762 I sssv-lib: sendMsg complete.
01-01 00:08:07.775  2146  2146 E         : 
01-01 00:08:07.775  2146  2146 E         : Buffer Size = 1048576
01-01 00:08:07.775  2146  2146 E         : 
01-01 00:08:07.775  2146  2146 E         : <31>[   39.896512] logd: logdr: UID=0 GID=1000 PID=3394 b tail=0 logMask=1f pid=0 start=0ns timeout=0ns
01-01 00:08:07.775  2146  2146 E         : <3>[   41.340864] subsys-restart: wait_for_err_ready(): [modem]: Error ready timed out
01-01 00:08:07.775  2146  2146 E         : <6>[   41.352270] pil-q6v5-mss 2080000.qcom,mss: MSS is shutting down
01-01 00:08:07.775  2146  2146 E         : <4>[   41.377315] pil-q6v5-mss 2080000.qcom,mss: Port 0000000000000000 halt timeout
01-01 00:08:07.775  2146  2146 E         : <4>[   41.409854] pil-q6v5-mss 2080000.qcom,mss: Port 0000000000000000 halt timeout
01-01 00:08:07.775  2146  2146 E         : <14>[   45.911415] init: Uptime: 00045.911262 LocalTime: 01-01 00:07:50.420
01-01 00:08:07.775  2146  2146 E         : <14>[   45.911440] init: 
01-01 00:08:07.775  2146  2146 E         : <6>[   55.081340] CFG80211-ERROR) wl_run_escan :  LEGACY E-SCAN START
01-01 00:08:07.775  2146  2146 E         : <6>[   55.108984] CFG80211-ERROR) wl_run_escan : LEGACY_SCAN sync ID: 4660, bssidx: 0
01-01 00:08:07.775  2146  2146 E         : <14>[   55.911882] init: Uptime: 00055.911772 LocalTime: 01-01 00:08:00.421
01-01 00:08:07.775  2146  2146 E         : <14>[   55.911906] init: 
01-01 00:08:07.775  2146  2146 E         : <14>[   59.585755] init: processing action (dairse.logger.loggerapp.conswifilogsvc.status=disable) from (/vendor/etc/init/hw/init.target.rc:452)
01-01 00:08:07.775  2146  2146 E         : <6>[   60.746018] QSEECOM: scm_call_qcpe:429 : IN: 0x4200010a, 0x2, 0x0, 0xd, 0x0, 0x0, 
01-01 00:08:07.775  2146  2146 E         : USB Hub Detector 1.0
01-01 00:08:07.802  2048  2070 I chatty  : uid=1000(system) Thread-2 expire 27 lines
01-01 00:08:08.081  1164  1194 D CompatibilityInfo: mCompatibilityFlags - 4
01-01 00:08:08.081  1164  1194 D CompatibilityInfo: applicationDensity - 240
01-01 00:08:08.081  1164  1194 D CompatibilityInfo: applicationScale - 1.0
01-01 00:08:08.085  1164  2306 D StorageManager: DAI: getStorageLowBytes: lowBytes=6132497940
01-01 00:08:08.086  2594  2594 D MediaScannerReceiver: action: android.intent.action.MEDIA_SCANNER_SCAN_FILE path: /log/logger/logs/android/screenshots/19700101120805.png
01-01 00:08:08.097   725  1599 I         : LOGSVC|SWR_LOGGER_HV_MF_004|loggerservice::handleScreenshotRqst|2|signal executed = timeout 8 screencap -p  /log/logger/logs/android/screenshots/19700101120805.png
01-01 00:08:08.124   725  1599 I         : LOGSVC|SWR_LOGGER_HV_MF_004|loggerservice::executecommand|1|Permission change Applied Recursively...
01-01 00:08:08.125  2322  2731 W LOGGERSERVICE: SWR_LOGGER_HV_MF_009|LoggerRequestProcessingService::executeUtilityCommand|1|result=screenshot 19700101120805.png
01-01 00:08:08.125   725  1599 E         : LOGSVC|SWR_LOGGER_HV_MF_001|loggerservice::BnLoggerUtilityInterface::onTransact|2|Calling MSG: PID=2322, UID=1000
01-01 00:08:08.125   725  1599 I         : LOGSVC|SWR_LOGGER_HV_MF_004|loggerservice::executecommand|2|mscriptMessage = dlt copy
01-01 00:08:08.474   731   762 I sssv-lib: sendMsg enter
01-01 00:08:08.474   731   762 I sssv-lib: sendMsg complete.
01-01 00:08:08.510  1624  1624 I Connectivity_AIDL|AIDL_Handler.AIDL_Helpers.LcmHelper: MBUX App Method: KeepAliveTest |Line No: 408 |Log Type: Critical |Message: MainThread:MBUX-App HB Count: 17, ResponseCode: 0
01-01 00:08:08.722   849   849 I Atfwd_Daemon: 
01-01 00:08:08.722   849   849 I Atfwd_Daemon:  Out of sleep...
01-01 00:08:08.722   849   849 I Atfwd_Daemon: 
01-01 00:08:08.722   849   849 I Atfwd_Daemon: 
01-01 00:08:08.722   849   849 I Atfwd_Daemon:  TrtyInit: retryCnt: 5
01-01 00:08:08.883  1624  1957 I Connectivity_AIDL|AIDL_Handler.AIDL_Helpers.CanHelper: MBUX App Method: RetryDskRequestTimeout |Line No: 246 |Log Type: Information |Message: :in RetryDskRequestTimeout
01-01 00:08:08.883  1624  1957 I Connectivity_AIDL|AIDL_Handler.AIDL_Helpers.CanHelper: MBUX App Method: GetDynamicSecretKey |Line No: 388 |Log Type: Information |Message: :in GetDynamicSecretKey:, RetryDskRequest-Counter8
01-01 00:08:08.883  1624  1957 W Connectivity_AIDL|AIDL_Handler.AIDL_Helpers.CanHelper: MBUX App Method: GetDynamicSecretKey |Line No: 394 |Log Type: Warning |Message: :in GetDynamicSecretKey: RetryDskRequest-already active
01-01 00:08:08.883  1624  1957 I Connectivity_AIDL|AIDL_Handler.AIDL_Helpers.CanHelper: MBUX App Method: GetDynamicSecretKey |Line No: 408 |Log Type: Critical |Message: :RetryDskRequest-Counter:9
01-01 00:08:08.884  2080  2095 I chatty  : uid=1000(system) Binder:2080_3 expire 11 lines
01-01 00:08:08.884   984  2103 D CanNativeService: DYNAMIC SECERET has been requested
01-01 00:08:08.884   984  2103 D CanNativeService: IPString =0.0.0.0
01-01 00:08:08.884   984  2103 D CanNativeService: PortString =00
01-01 00:08:08.885   984  2103 I CanNativeService: MCPU|SWR_INFRA-WLAN|SWR_INFRA-WLAN_003|API=readDSK|0|DSK msg requested
01-01 00:08:08.885   984  2103 D CanNativeService: dsk_status 0
01-01 00:08:08.885   984  2103 E CanNativeService: MCPU|SWR_INFRA-WLAN|SWR_INFRA-WLAN_003|API=readDSK|0|DSK is not received from Linux
01-01 00:08:08.887  1624  3386 I Connectivity_AIDL|AIDL_Handler.AIDL_Callbacks.CanServiceCallback: MBUX App Method: HandleCAN_Response |Line No: 24 |Log Type: Critical |Message: in::Response from CAN Service: RequestName:getDynamic_secret, ListSize:10, DskByteData received:True
01-01 00:08:08.887  1624  3386 I Connectivity_AIDL|AIDL_Handler.AIDL_Callbacks.CanServiceCallback: MBUX App Method: HandleCAN_Response |Line No: 46 |Log Type: Information |Message: ::TaskInit:getDynamic_secret
01-01 00:08:08.887  1624  1952 I Connectivity_AIDL|AIDL_Handler.AIDL_Callbacks.CanServiceCallback: MBUX App Method: HandleCAN_Response |Line No: 50 |Log Type: Information |Message: ::TaskStarted:getDynamic_secret
01-01 00:08:08.887  1624  1952 I Connectivity_AIDL|AIDL_Handler.AIDL_Helpers.CanHelper: MBUX App Method: _canServiceCallback_DskReceived |Line No: 498 |Log Type: Information |Message: in _canServiceCallback_DskReceived
01-01 00:08:08.888  1624  3386 I Connectivity_AIDL|AIDL_Handler.AIDL_Callbacks.CanServiceCallback: MBUX App Method: HandleCAN_Response |Line No: 65 |Log Type: Information |Message: out::Response from CAN Service:getDynamic_secret
01-01 00:08:08.889  1624  1952 I Connectivity_AIDL|AIDL_Handler.AIDL_Helpers.CanHelper: MBUX App Method: FoundCanDskData |Line No: 556 |Log Type: Information |Message: before:received Dsk List size:10
01-01 00:08:08.889  1624  1952 I Connectivity_AIDL|AIDL_Handler.AIDL_Helpers.CanHelper: MBUX App Method: FoundCanDskData |Line No: 558 |Log Type: Information |Message: before:received Dsk List from CAN AIDL Service:
01-01 00:08:08.889  1624  1952 I Connectivity_AIDL|AIDL_Handler.AIDL_Helpers.CanHelper: List[0]=FAILED
01-01 00:08:08.889  1624  1952 I Connectivity_AIDL|AIDL_Handler.AIDL_Helpers.CanHelper: List[1]=0.0.0.0
01-01 00:08:08.889  1624  1952 I Connectivity_AIDL|AIDL_Handler.AIDL_Helpers.CanHelper: List[2]=0
01-01 00:08:08.889  1624  1952 I Connectivity_AIDL|AIDL_Handler.AIDL_Helpers.CanHelper: List[3]=RSE_TYPE
01-01 00:08:08.889  1624  1952 I Connectivity_AIDL|AIDL_Handler.AIDL_Helpers.CanHelper: List[4]=NOTUSED
01-01 00:08:08.889  1624  1952 I Connectivity_AIDL|AIDL_Handler.AIDL_Helpers.CanHelper: List[5]=00:00:00:00:00:00
01-01 00:08:08.889  1624  1952 I Connectivity_AIDL|AIDL_Handler.AIDL_Helpers.CanHelper: List[6]=00:00:00:00:00:00
01-01 00:08:08.889  1624  1952 I Connectivity_AIDL|AIDL_Handler.AIDL_Helpers.CanHelper: List[7]=0.0.0.0
01-01 00:08:08.889  1624  1952 I Connectivity_AIDL|AIDL_Handler.AIDL_Helpers.CanHelper: List[8]=NOTUSED
01-01 00:08:08.889  1624  1952 I Connectivity_AIDL|AIDL_Handler.AIDL_Helpers.CanHelper: List[9]=d41d8cd98f00b204e9800998ecf8427e
01-01 00:08:08.889  1624  1952 W Connectivity_AIDL|AIDL_Handler.AIDL_Helpers.CanHelper: MBUX App Method: _canServiceCallback_DskReceived |Line No: 510 |Log Type: Critical |Message: :DSK Not Received/Corrupted DSK/Invalid DSK: _dskRequestCounter=9
01-01 00:08:08.889  1624  1952 I Connectivity_AIDL|AIDL_Handler.AIDL_Helpers.CanHelper: MBUX App Method: _canServiceCallback_DskReceived |Line No: 520 |Log Type: Critical |Message: 
01-01 00:08:08.889  1624  1952 I Connectivity_AIDL|AIDL_Handler.AIDL_Helpers.CanHelper: Started Retrying DskRequest-Counter:10
01-01 00:08:08.889  1624  1952 I Connectivity_AIDL|AIDL_Handler.AIDL_Callbacks.CanServiceCallback: MBUX App Method: HandleCAN_Response |Line No: 55 |Log Type: Information |Message: ::TaskCompleted:getDynamic_secret
01-01 00:08:08.922   725  1599 I         : LOGSVC|SWR_LOGGER_HV_MF_009|loggerservice::handleDltCntrl|1|dlt logs updated at EMMC..
01-01 00:08:08.949   725  1599 I         : LOGSVC|SWR_LOGGER_HV_MF_004|loggerservice::executecommand|1|Permission change Applied Recursively...
01-01 00:08:08.950  2322  2731 W LOGGERSERVICE: SWR_LOGGER_HV_MF_009|LoggerRequestProcessingService::executeUtilityCommand|1|result=dlt copy
01-01 00:08:08.950   725  1599 E         : LOGSVC|SWR_LOGGER_HV_MF_001|loggerservice::BnLoggerUtilityInterface::onTransact|2|Calling MSG: PID=2322, UID=1000
01-01 00:08:08.950   725  1599 I         : LOGSVC|SWR_LOGGER_HV_MF_004|loggerservice::executecommand|2|mscriptMessage = error copy
01-01 00:08:08.950   725  1599 W         : LOGSVC|SWR_LOGGER_HV_MF_001|loggerservice::handleErrorRequest|1|Collecting Config Details Of The System..
01-01 00:08:09.072   725  1599 W         : LOGSVC|SWR_LOGGER_HV_MF_001|loggerservice::handleErrorRequest|1|Successfully Collected Config Details Of The System.
01-01 00:08:09.174   725  1599 W         : LOGSVC|SWR_LOGGER_HV_MF_004|loggerservice::collectStorageInfo|1|Collecting storage details of the system..
01-01 00:08:09.307   725  1599 W         : LOGSVC|SWR_LOGGER_HV_MF_004|loggerservice::collectStorageInfo|1|Successfully Collected Config Details Of The System.
01-01 00:08:09.335   725  1599 I         : LOGSVC|SWR_LOGGER_HV_MF_004|loggerservice::executecommand|1|Permission change Applied Recursively...
01-01 00:08:09.335  2322  2731 W LOGGERSERVICE: SWR_LOGGER_HV_MF_009|LoggerRequestProcessingService::executeUtilityCommand|1|result=error copy
01-01 00:08:09.335   725  1599 E         : LOGSVC|SWR_LOGGER_HV_MF_001|loggerservice::BnLoggerUtilityInterface::onTransact|2|Calling MSG: PID=2322, UID=1000
01-01 00:08:09.335   725  1599 I         : LOGSVC|SWR_LOGGER_HV_MF_004|loggerservice::executecommand|2|mscriptMessage = networklog on
01-01 00:08:09.335   725  1599 I         : LOGSVC|SWR_LOGGER_HV_MF_004|loggerservice::handleNetworkLogRequest|2|dltFunctionCheck = on
01-01 00:08:09.475   731   762 I sssv-lib: sendMsg enter
01-01 00:08:09.475   731   762 I sssv-lib: sendMsg complete.
01-01 00:08:09.722   849   849 I Atfwd_Daemon: qmi_client_init_instance status retry : 5
01-01 00:08:09.722   849   849 I Atfwd_Daemon: 
01-01 00:08:09.722   849   849 I Atfwd_Daemon:  qmi_client_init_instance....
01-01 00:08:09.726   849   849 I Atfwd_Daemon: qmi_client_init_instance status: -3, num_retries: 6, retryCnt: 5
01-01 00:08:09.726   849   849 I Atfwd_Daemon: result : -3 	 ,Init step :1 	 ,qmiErrorCode: 0
01-01 00:08:09.726   849   849 I Atfwd_Daemon: 
01-01 00:08:09.726   849   849 I Atfwd_Daemon:  Sleeping...
01-01 00:08:10.421     1   465 I init    : Uptime: 00065.912235 LocalTime: 01-01 00:08:10.421
01-01 00:08:10.475   731   762 I sssv-lib: sendMsg enter
01-01 00:08:10.476   731   762 I sssv-lib: sendMsg complete.
01-01 00:08:10.779  1624  2077 I Connectivity_AIDL|AIDL_Handler.AIDL_Helpers.LcmHelper: MBUX App Method: KeepAliveTest |Line No: 408 |Log Type: Critical |Message: ChildThread:MBUX-App HB Count: 18, ResponseCode: 0
01-01 00:08:11.476   731   762 I sssv-lib: sendMsg enter
01-01 00:08:11.476   731   762 I sssv-lib: sendMsg complete.
01-01 00:08:12.133  1164  2306 D CompatibilityInfo: mCompatibilityFlags - 4
01-01 00:08:12.134  1164  2306 D CompatibilityInfo: applicationDensity - 240
01-01 00:08:12.134  1164  2306 D CompatibilityInfo: applicationScale - 1.0
01-01 00:08:12.137  2240  3260 I chatty  : uid=1000(system) AsyncTask #2 expire 5 lines
01-01 00:08:12.140  2726  2767 I chatty  : uid=1000(system) Binder:2726_4 expire 2 lines
01-01 00:08:12.140  2726  2767 W ContextImpl: Calling a method in the system process without a qualified user: android.app.ContextImpl.startService:1476 android.content.ContextWrapper.startService:650 com.panasonic.dairse.vcpupersistence.VCPUPersistenceService$1.executeLinuxCommand:392 com.panasonic.dairse.vcpupersistence.IVCPUPersistenceService$Stub.onTransact:437 android.os.Binder.execTransact:706 
01-01 00:08:12.142  1164  3603 D CompatibilityInfo: mCompatibilityFlags - 4
01-01 00:08:12.142  1164  3603 D CompatibilityInfo: applicationDensity - 240
01-01 00:08:12.143  1164  3603 D CompatibilityInfo: applicationScale - 1.0
01-01 00:08:12.144  2726  3788 I chatty  : uid=1000(system) com.panasonic.dairse.vcpupersistence expire 10 lines
01-01 00:08:12.146  2726  2777 I chatty  : uid=1000(system) .254.10.1:20500 expire 18 lines
01-01 00:08:12.157  2726  2778 I chatty  : uid=1000(system) .254.10.1:20500 expire 36 lines
01-01 00:08:12.477   731   762 I sssv-lib: sendMsg enter
01-01 00:08:12.477   731   762 I sssv-lib: sendMsg complete.
01-01 00:08:12.772   725  1599 I         : LOGSVC|SWR_LOGGER_HV_MF_004|loggerservice::executecommand|1|Permission change Applied Recursively...
01-01 00:08:12.773  2322  2731 W LOGGERSERVICE: SWR_LOGGER_HV_MF_009|LoggerRequestProcessingService::executeUtilityCommand|1|result=networklog on
01-01 00:08:12.773  2322  2731 I LOGGERSERVICE: SWR_LOGGER_HV_MF_009|LoggerRequestProcessingService::handleSeclinuxErrorTrigger|1|LoggerMainService.isExportProgressing = true
01-01 00:08:12.773   725  1599 E         : LOGSVC|SWR_LOGGER_HV_MF_001|loggerservice::BnLoggerUtilityInterface::onTransact|2|Calling MSG: PID=2322, UID=1000
01-01 00:08:12.773   725  1599 I         : LOGSVC|SWR_LOGGER_HV_MF_004|loggerservice::executecommand|2|mscriptMessage = linuxvm_log copy
01-01 00:08:12.776  2146  2146 E         : 
01-01 00:08:12.776  2146  2146 E         : Buffer Size = 1048576
01-01 00:08:12.777  2146  2146 E         : 
01-01 00:08:12.777  2146  2146 E         : <31>[   39.896512] logd: logdr: UID=0 GID=1000 PID=3394 b tail=0 logMask=1f pid=0 start=0ns timeout=0ns
01-01 00:08:12.777  2146  2146 E         : <3>[   41.340864] subsys-restart: wait_for_err_ready(): [modem]: Error ready timed out
01-01 00:08:12.777  2146  2146 E         : <6>[   41.352270] pil-q6v5-mss 2080000.qcom,mss: MSS is shutting down
01-01 00:08:12.777  2146  2146 E         : <4>[   41.377315] pil-q6v5-mss 2080000.qcom,mss: Port 0000000000000000 halt timeout
01-01 00:08:12.777  2146  2146 E         : <4>[   41.409854] pil-q6v5-mss 2080000.qcom,mss: Port 0000000000000000 halt timeout
01-01 00:08:12.777  2146  2146 E         : <14>[   45.911415] init: Uptime: 00045.911262 LocalTime: 01-01 00:07:50.420
01-01 00:08:12.777  2146  2146 E         : <14>[   45.911440] init: 
01-01 00:08:12.777  2146  2146 E         : <6>[   55.081340] CFG80211-ERROR) wl_run_escan :  LEGACY E-SCAN START
01-01 00:08:12.777  2146  2146 E         : <6>[   55.108984] CFG80211-ERROR) wl_run_escan : LEGACY_SCAN sync ID: 4660, bssidx: 0
01-01 00:08:12.777  2146  2146 E         : <14>[   55.911882] init: Uptime: 00055.911772 LocalTime: 01-01 00:08:00.421
01-01 00:08:12.777  2146  2146 E         : <14>[   55.911906] init: 
01-01 00:08:12.777  2146  2146 E         : <14>[   59.585755] init: processing action (dairse.logger.loggerapp.conswifilogsvc.status=disable) from (/vendor/etc/init/hw/init.target.rc:452)
01-01 00:08:12.777  2146  2146 E         : <6>[   60.746018] QSEECOM: scm_call_qcpe:429 : IN: 0x4200010a, 0x2, 0x0, 0xd, 0x0, 0x0, 
01-01 00:08:12.777  2146  2146 E         : USB Hub Detector 1.0
01-01 00:08:12.805  2048  2048 I chatty  : uid=1000(system) com.panasonic.dairse.lifecycle.lifecyclemanagerapp expire 153 lines
01-01 00:08:13.360   725  1599 I         : LOGSVC|SWR_LOGGER_HV_MF_004|loggerservice::executecommand|1|Permission change Applied Recursively...
01-01 00:08:13.360  2322  2731 W LOGGERSERVICE: SWR_LOGGER_HV_MF_009|LoggerRequestProcessingService::executeUtilityCommand|1|result=linuxvm_log copy
01-01 00:08:13.361   725  1599 E         : LOGSVC|SWR_LOGGER_HV_MF_001|loggerservice::BnLoggerUtilityInterface::onTransact|2|Calling MSG: PID=2322, UID=1000
01-01 00:08:13.361   725  1599 I         : LOGSVC|SWR_LOGGER_HV_MF_004|loggerservice::executecommand|2|mscriptMessage = lk copy
01-01 00:08:13.448   725  1599 I         : LOGSVC|SWR_LOGGER_HV_MF_004|loggerservice::executecommand|1|Permission change Applied Recursively...
01-01 00:08:13.448  2322  2731 W LOGGERSERVICE: SWR_LOGGER_HV_MF_009|LoggerRequestProcessingService::executeUtilityCommand|1|result=lk copy
01-01 00:08:13.448  2322  2731 I LOGGERSERVICE: SWR_LOGGER_HV_MF_004|LoggerRequestProcessingService::handleSeclinuxErrorTrigger|1|triggertype = Trigger_LinuxPerformance
01-01 00:08:13.448  2322  2731 I LOGGERSERVICE: SWR_LOGGER_HV_MF_004|LoggerRequestProcessingService::setUpSpaceInLogPartition|1|CALCULATING /log DIRECTORY SIZE...
01-01 00:08:13.462  2322  2731 W LOGGERSERVICE: SWR_LOGGER_HV_MF_007|LoggerRequestProcessingService::getFileSize|1|result = 264971811
01-01 00:08:13.462  2322  2731 I LOGGERSERVICE: SWR_LOGGER_HV_MF_004|LoggerRequestProcessingService::setUpSpaceInLogPartition|1|logPartitionSize =264971811
01-01 00:08:13.462  2322  2731 I LOGGERSERVICE: SWR_LOGGER_HV_MF_004|LoggerRequestProcessingService::setUpSpaceInLogPartition|1|updatedLogPartitionSize =304971811
01-01 00:08:13.464  2322  2731 I LOGGERSERVICE: SWR_LOGGER_HV_MF_004|LoggerRequestProcessingService::setUpSpaceForNewZip|1|FirstModifiedFile=RSEL_0432_19700101_120058_SYS_74_SECLINUX_PERF.zip
01-01 00:08:13.464  2322  2731 I LOGGERSERVICE: SWR_LOGGER_HV_MF_004|LoggerRequestProcessingService::setUpSpaceForNewZip|1|spaceCreatedResult = true
01-01 00:08:13.477  2322  2731 W LOGGERSERVICE: SWR_LOGGER_HV_MF_007|LoggerRequestProcessingService::getFileSize|1|result = 255567888
01-01 00:08:13.477  2322  2731 I LOGGERSERVICE: SWR_LOGGER_HV_MF_004|LoggerRequestProcessingService::setUpSpaceInLogPartition|1|LOOP logPartitionSize =255567888
01-01 00:08:13.477  2322  2731 I LOGGERSERVICE: SWR_LOGGER_HV_MF_004|LoggerRequestProcessingService::setUpSpaceInLogPartition|1|LOOP updatedLogPartitionSize =295567888
01-01 00:08:13.477  2322  2731 I LOGGERSERVICE: SWR_LOGGER_HV_MF_004|LoggerRequestProcessingService::handleSeclinuxErrorTrigger|1|isSpaceExist = true
01-01 00:08:13.477   731   762 I sssv-lib: sendMsg enter
01-01 00:08:13.477  2322  2731 I LOGGERSERVICE: SWR_LOGGER_HV_MF_004|LoggerRequestProcessingService::getLogCount|1|logNumber433
01-01 00:08:13.477   731   762 I sssv-lib: sendMsg complete.
01-01 00:08:13.477  2322  2731 I LOGGERSERVICE: SWR_LOGGER_HV_MF_004|LoggerRequestProcessingService::getLogCount|1|logNumber434
01-01 00:08:13.478  2322  2731 I LOGGERSERVICE: SWR_LOGGER_HV_MF_004|LoggerRequestProcessingService::getLogCount|1|logNumber434
01-01 00:08:13.478  2322  2731 I LOGGERSERVICE: SWR_LOGGER_HV_MF_004|LoggerRequestProcessingService::generateExportFileName|1|zipName = 0434_19700101_120813_SYS_75_SECLINUX_PERF
01-01 00:08:13.478  2322  2731 I LOGGERSERVICE: SWR_LOGGER_HV_MF_004|LoggerRequestProcessingService::exportLogsForLinuxReqst|1|mCurrentLogPath=/log/logger; generatedZipName=RSEL_0434_19700101_120813_SYS_75_SECLINUX_PERF.zip
01-01 00:08:13.516  1624  1624 I Connectivity_AIDL|AIDL_Handler.AIDL_Helpers.LcmHelper: MBUX App Method: KeepAliveTest |Line No: 408 |Log Type: Critical |Message: MainThread:MBUX-App HB Count: 19, ResponseCode: 0
01-01 00:08:13.549   677  1281 I chatty  : uid=1000(system) /system/bin/icc_service expire 10 lines
01-01 00:08:13.549   677   768 I chatty  : uid=1000(system) /system/bin/icc_service expire 2 lines
01-01 00:08:13.550   677   768 I LoggerService: MCPU|SWR_LOGGER_OS|SWR_LOGGER_OS_001|API=processLogDataFrame|0|VNCPU Log Ind 145 is received
01-01 00:08:13.550   677   768 D ProxyServiceInterface: ENTER: bool icc::Client::send(const uint8_t *, size_t)
01-01 00:08:13.550   677   768 D         : Enqueue: sem count = 2
01-01 00:08:13.550   677   768 D ProxyServiceInterface: EXIT : bool icc::Client::send(const uint8_t *, size_t)
01-01 00:08:13.550   677   768 D LoggerService: set LoggerService::current_time = 493 (times are in seconds since the Epoch, 1970-01-01 00:00:00 +0000 (UTC).)
01-01 00:08:13.550   677   768 I LoggerService: State transaction IDLE -> TRANSACTION_ON
01-01 00:08:13.550   677   768 D LoggerService: EXIT : virtual bool LoggerService::Process(uint8_t *, size_t, size_t)
01-01 00:08:13.550   677   768 D ProxyServiceInterface: Process data bret = 1 
01-01 00:08:13.562   677  1281 I libivmtransceiver: [/dev/vchar-icc] Total data size = 18 | Data message received  - size = 13 | sequence number = 21 
01-01 00:08:13.562   677  1281 D         : Enqueue: sem count = 1
01-01 00:08:13.562   677  1281 D ProxyServiceInterface: ENTER: virtual void icc::ServiceInterface::receivecb(const uint8_t *, size_t)
01-01 00:08:13.562   677  1281 D ProxyServiceInterface: ENTER: bool icc::ServiceInterface::processClientMgmt(proxyMsg_t *)
01-01 00:08:13.562   677  1281 D ProxyServiceInterface: mgmtProxyMsg.header.channel = 255
01-01 00:08:13.562   677  1281 D ProxyServiceInterface: mgmtProxyMsg.header.src = 16
01-01 00:08:13.562   677  1281 D ProxyServiceInterface: mgmtProxyMsg.header.length = 9
01-01 00:08:13.562   677  1281 D ProxyServiceInterface: ENTER: void icc::Client::TriggerTxComplete(uint8_t *const, bool)
01-01 00:08:13.562   677  1281 D         : Enqueue: sem count = 1
01-01 00:08:13.562   677  1281 D ProxyServiceInterface: EXIT : void icc::Client::TriggerTxComplete(uint8_t *const, bool)
01-01 00:08:13.562   677  1281 D ProxyServiceInterface: EXIT : bool icc::ServiceInterface::processClientMgmt(proxyMsg_t *)
01-01 00:08:13.562   677  1281 D ProxyServiceInterface: EXIT : virtual void icc::ServiceInterface::receivecb(const uint8_t *, size_t)
01-01 00:08:13.562   677   769 D ProxyServiceInterface: ENTER: virtual void icc::Client::txComplete(const uint8_t *, bool)
01-01 00:08:13.562   677   769 D ProxyServiceInterface: Result = 1
01-01 00:08:13.562   677   769 D ProxyServiceInterface: EXIT : virtual void icc::Client::txComplete(const uint8_t *, bool)
01-01 00:08:13.619   677  1281 I libivmtransceiver: [/dev/vchar-icc] Total data size = 63 | Data message received  - size = 58 | sequence number = 22 
01-01 00:08:13.620   677  1281 D         : Enqueue: sem count = 1
01-01 00:08:13.620   677  1281 D ProxyServiceInterface: ENTER: virtual void icc::ServiceInterface::receivecb(const uint8_t *, size_t)
01-01 00:08:13.620   677  1281 D ProxyServiceInterface: Receive DATA message from Proxy server... 
01-01 00:08:13.620   677  1281 D ProxyServiceInterface: ENTER: bool icc::ServiceInterface::processIccData(proxyMsg_t *)
01-01 00:08:13.620   677  1281 D ProxyServiceInterface: ENTER: void icc::Client::AddProcess(const uint8_t *, size_t)
01-01 00:08:13.620   677  1281 D         : Enqueue: sem count = 1
01-01 00:08:13.620   677  1281 D ProxyServiceInterface: EXIT : void icc::Client::AddProcess(const uint8_t *, size_t)
01-01 00:08:13.620   677  1281 D ProxyServiceInterface: EXIT : bool icc::ServiceInterface::processIccData(proxyMsg_t *)
01-01 00:08:13.620   677  1281 D ProxyServiceInterface: EXIT : virtual void icc::ServiceInterface::receivecb(const uint8_t *, size_t)
01-01 00:08:13.620   677   770 I EXTDiagnosticsService: MCPU|ExtDiagnostics||API=Process|0|size=54
01-01 00:08:13.620   677   770 D EXTDiagnosticsService: DEV: diagtype 0x52
01-01 00:08:13.620   677   770 D EXTDiagnosticsService: DEV: message type 0x02
