01-01 00:00:35.438  2362  2589 D MediaProvider: object removed 10907
01-01 00:00:35.438  2362  2589 D MediaProvider: object removed 10908
01-01 00:00:35.438  2362  2589 D MediaProvider: object removed 10909
01-01 00:00:35.438  1160  1614 W ActivityManager: Unable to start service Intent { act=android.car.ICar pkg=com.android.car } U=0: not found
01-01 00:00:35.438  2362  2589 D MediaProvider: object removed 10910
01-01 00:00:35.438  2362  2589 D MediaProvider: object removed 10911
01-01 00:00:35.438  2362  2589 D MediaProvider: object removed 10912
01-01 00:00:35.438  2362  2589 D MediaProvider: object removed 10913
01-01 00:00:35.438  2362  2589 D MediaProvider: object removed 10914
01-01 00:00:35.438  2362  2589 D MediaProvider: object removed 10915
01-01 00:00:35.438  2362  2589 D MediaProvider: object removed 10916
01-01 00:00:35.438  2362  2589 D MediaProvider: object removed 10917
01-01 00:00:35.438  2362  2589 D MediaProvider: object removed 10918
01-01 00:00:35.438  2362  2589 D MediaProvider: object removed 10919
01-01 00:00:35.439  2362  2589 D MediaProvider: object removed 10920
01-01 00:00:35.439  2362  2589 D MediaProvider: object removed 10921
01-01 00:00:35.439  2362  2589 D MediaProvider: object removed 10922
01-01 00:00:35.439  2362  2589 D MediaProvider: object removed 10923
01-01 00:00:35.439  2362  2589 D MediaProvider: object removed 10924
01-01 00:00:35.439  2362  2589 D MediaProvider: object removed 10925
01-01 00:00:35.439  2362  2589 D MediaProvider: object removed 10926
01-01 00:00:35.439  2362  2589 D MediaProvider: object removed 10927
01-01 00:00:35.439  2362  2589 D MediaProvider: object removed 10928
01-01 00:00:35.439  2362  2589 D MediaProvider: object removed 10929
01-01 00:00:35.439  2362  2589 D MediaProvider: object removed 10930
01-01 00:00:35.439  2362  2589 D MediaProvider: object removed 10931
01-01 00:00:35.439  2362  2589 D MediaProvider: object removed 10932
01-01 00:00:35.440  2362  2589 D MediaProvider: object removed 10933
01-01 00:00:35.440  2362  2589 D MediaProvider: object removed 10934
01-01 00:00:35.440  2362  2589 D MediaProvider: object removed 10935
01-01 00:00:35.444  2362  2589 D MediaProvider: object removed 10936
01-01 00:00:35.444  2362  2589 D MediaProvider: object removed 10937
01-01 00:00:35.445  2362  2589 D MediaProvider: object removed 10938
01-01 00:00:35.445  2362  2589 D MediaProvider: object removed 10939
01-01 00:00:35.445  2362  2589 D MediaProvider: object removed 10940
01-01 00:00:35.445  2362  2589 D MediaProvider: object removed 10941
01-01 00:00:35.445  2362  2589 D MediaProvider: object removed 10942
01-01 00:00:35.445  2362  2589 D MediaProvider: object removed 10943
01-01 00:00:35.445  2362  2589 D MediaProvider: object removed 10944
01-01 00:00:35.448  2251  2251 I VvmSimStateTracker: android.intent.action.BOOT_COMPLETED
01-01 00:00:35.453  2251  2251 D ImsResolver: maybeAddedImsService, packageName: null
01-01 00:00:35.455  2251  2251 D ImsResolver: ImsService added to cache: ComponentInfo{org.codeaurora.ims/org.codeaurora.ims.ImsService} with features: [0, 1]
01-01 00:00:35.456  2251  2251 I ImsResolver: Adding newly added ImsService to cache: ComponentInfo{org.codeaurora.ims/org.codeaurora.ims.ImsService}
01-01 00:00:35.467  2251  2251 I ImsResolver: Binding ImsService: ComponentInfo{org.codeaurora.ims/org.codeaurora.ims.ImsService} with features: [Pair{0 0}, Pair{0 1}]
01-01 00:00:35.468  2251  2251 I ImsServiceController: Binding ImsService:ComponentInfo{org.codeaurora.ims/org.codeaurora.ims.ImsService}
01-01 00:00:35.475  1160  1641 I ActivityManager: Start proc 3003:com.android.providers.calendar/u0a4 for broadcast com.android.providers.calendar/.CalendarReceiver
01-01 00:00:35.477  1160  1603 I chatty  : uid=1000(system) Binder:1160_6 expire 18 lines
01-01 00:00:35.492  2251  2964 D BluetoothHeadset: Proxy object connected
01-01 00:00:35.520  1413  1413 V KeyguardUpdateMonitor: onSubscriptionInfoChanged()
01-01 00:00:35.523  1559  1638 I QCNEJ   : |CORE| phoneCount: 1
01-01 00:00:35.525  1413  1413 V KeyguardUpdateMonitor: onSubscriptionInfoChanged: list is null
01-01 00:00:35.546  1413  1413 D KeyguardUpdateMonitor: received broadcast android.intent.action.SERVICE_STATE
01-01 00:00:35.546  1413  1413 V KeyguardUpdateMonitor: action android.intent.action.SERVICE_STATE serviceState={mVoiceRegState=1(OUT_OF_SERVICE), mDataRegState=1(OUT_OF_SERVICE), mVoiceRoamingType=home, mDataRoamingType=home, mVoiceOperatorAlphaLong=null, mVoiceOperatorAlphaShort=null, mDataOperatorAlphaLong=null, mDataOperatorAlphaShort=null, isManualNetworkSelection=false(automatic), mRilVoiceRadioTechnology=0(Unknown), mRilDataRadioTechnology=0(Unknown), mCssIndicator=unsupported, mNetworkId=-1, mSystemId=-1, mCdmaRoamingIndicator=-1, mCdmaDefaultRoamingIndicator=-1, mIsEmergencyOnly=false, mIsDataRoamingFromRegistration=false, mIsUsingCarrierAggregation=false, mLteEarfcnRsrpBoost=0} subId=2147483643 phoneId=0
01-01 00:00:35.547  1413  1413 D KeyguardUpdateMonitor: handleServiceStateChange(subId=2147483643, phoneId=0, serviceState={mVoiceRegState=1(OUT_OF_SERVICE), mDataRegState=1(OUT_OF_SERVICE), mVoiceRoamingType=home, mDataRoamingType=home, mVoiceOperatorAlphaLong=null, mVoiceOperatorAlphaShort=null, mDataOperatorAlphaLong=null, mDataOperatorAlphaShort=null, isManualNetworkSelection=false(automatic), mRilVoiceRadioTechnology=0(Unknown), mRilDataRadioTechnology=0(Unknown), mCssIndicator=unsupported, mNetworkId=-1, mSystemId=-1, mCdmaRoamingIndicator=-1, mCdmaDefaultRoamingIndicator=-1, mIsEmergencyOnly=false, mIsDataRoamingFromRegistration=false, mIsUsingCarrierAggregation=false, mLteEarfcnRsrpBoost=0}
01-01 00:00:35.547  2251  2251 D ServiceStateProvider: subId=2147483643
01-01 00:00:35.562  3003  3003 I zygote64: The ClassLoaderContext is a special shared library.
01-01 00:00:35.571  3003  3003 I zygote64: The ClassLoaderContext is a special shared library.
01-01 00:00:35.578  2362  2589 D MediaProvider: object removed 10945
01-01 00:00:35.597  1559  1638 W QCNEJ   : |CORE| notifyWwanStatusChanged failed
01-01 00:00:35.597  1559  1638 W QCNEJ   : |CORE| notifyRatConnectionStatusChanged failed
01-01 00:00:35.627  2362  2589 D MediaProvider: object removed 10946
01-01 00:00:35.627  2362  2589 D MediaProvider: object removed 10947
01-01 00:00:35.627  2362  2589 D MediaProvider: object removed 10948
01-01 00:00:35.627  2362  2589 D MediaProvider: object removed 10949
01-01 00:00:35.627  2362  2589 D MediaProvider: object removed 10950
01-01 00:00:35.627  2362  2589 D MediaProvider: object removed 10951
01-01 00:00:35.628  2362  2589 D MediaProvider: object removed 10952
01-01 00:00:35.628  2362  2589 D MediaProvider: object removed 10953
01-01 00:00:35.629  2362  2589 D MediaProvider: object removed 10954
01-01 00:00:35.629  2362  2589 D MediaProvider: object removed 10955
01-01 00:00:35.629  2362  2589 D MediaProvider: object removed 10956
01-01 00:00:35.629  2362  2589 D MediaProvider: object removed 10957
01-01 00:00:35.629  2362  2589 D MediaProvider: object removed 10958
01-01 00:00:35.629  2362  2589 D MediaProvider: object removed 10959
01-01 00:00:35.629  2362  2589 D MediaProvider: object removed 10960
01-01 00:00:35.629  2362  2589 D MediaProvider: object removed 10961
01-01 00:00:35.629  2362  2589 D MediaProvider: object removed 10962
01-01 00:00:35.629  2362  2589 D MediaProvider: object removed 10963
01-01 00:00:35.629  2362  2589 D MediaProvider: object removed 10964
01-01 00:00:35.629  2362  2589 D MediaProvider: object removed 10965
01-01 00:00:35.629  2362  2589 D MediaProvider: object removed 10966
01-01 00:00:35.630  2362  2589 D MediaProvider: object removed 10967
01-01 00:00:35.630  2362  2589 D MediaProvider: object removed 10968
01-01 00:00:35.630  2362  2589 D MediaProvider: object removed 10969
01-01 00:00:35.630  2362  2589 D MediaProvider: object removed 10970
01-01 00:00:35.630  2362  2589 D MediaProvider: object removed 10971
01-01 00:00:35.630  2362  2589 D MediaProvider: object removed 10972
01-01 00:00:35.630  2362  2589 D MediaProvider: object removed 10973
01-01 00:00:35.630  2362  2589 D MediaProvider: object removed 10974
01-01 00:00:35.630  2362  2589 D MediaProvider: object removed 10975
01-01 00:00:35.630  2362  2589 D MediaProvider: object removed 10976
01-01 00:00:35.630  2362  2589 D MediaProvider: object removed 10977
01-01 00:00:35.630  2362  2589 D MediaProvider: object removed 10978
01-01 00:00:35.630  2362  2589 D MediaProvider: object removed 10979
01-01 00:00:35.631  2362  2589 D MediaProvider: object removed 10980
01-01 00:00:35.631  2362  2589 D MediaProvider: object removed 10981
01-01 00:00:35.631  2362  2589 D MediaProvider: object removed 10982
01-01 00:00:35.631  2362  2589 D MediaProvider: object removed 10983
01-01 00:00:35.631  2362  2589 D MediaProvider: object removed 10984
01-01 00:00:35.631  2362  2589 D MediaProvider: object removed 10985
01-01 00:00:35.631  2362  2589 D MediaProvider: object removed 10986
01-01 00:00:35.631  2362  2589 D MediaProvider: object removed 10987
01-01 00:00:35.631  2362  2589 D MediaProvider: object removed 10988
01-01 00:00:35.631  2362  2589 D MediaProvider: object removed 10989
01-01 00:00:35.631  2362  2589 D MediaProvider: object removed 10990
01-01 00:00:35.631  2362  2589 D MediaProvider: object removed 10991
01-01 00:00:35.632  2362  2589 D MediaProvider: object removed 10992
01-01 00:00:35.632  2362  2589 D MediaProvider: object removed 10993
01-01 00:00:35.632  2362  2589 D MediaProvider: object removed 10994
01-01 00:00:35.632  2362  2589 D MediaProvider: object removed 10995
01-01 00:00:35.671  1559  1638 W QCNEJ   : |CORE| notifyWwanStatusChanged failed
01-01 00:00:35.671  1559  1638 W QCNEJ   : |CORE| notifyRatConnectionStatusChanged failed
01-01 00:00:35.681  3003  3003 I CalendarProvider2: Created com.android.providers.calendar.CalendarAlarmManager@366eb61(com.android.providers.calendar.CalendarProvider2@c8ff686)
01-01 00:00:35.693  2362  2589 D MediaProvider: object removed 10996
01-01 00:00:35.703  2362  2589 D MediaProvider: object removed 10997
01-01 00:00:35.703  2362  2589 D MediaProvider: object removed 10998
01-01 00:00:35.703  2362  2589 D MediaProvider: object removed 10999
01-01 00:00:35.703  2362  2589 D MediaProvider: object removed 11000
01-01 00:00:35.703  2362  2589 D MediaProvider: object removed 11001
01-01 00:00:35.703  2362  2589 D MediaProvider: object removed 11002
01-01 00:00:35.724  2362  2589 D MediaProvider: object removed 11003
01-01 00:00:35.724  2362  2589 D MediaProvider: object removed 11004
01-01 00:00:35.724  2362  2589 D MediaProvider: object removed 11005
01-01 00:00:35.724  2362  2589 D MediaProvider: object removed 11006
01-01 00:00:35.724  2362  2589 D MediaProvider: object removed 11007
01-01 00:00:35.724  2362  2589 D MediaProvider: object removed 11008
01-01 00:00:35.724  2362  2589 D MediaProvider: object removed 11009
01-01 00:00:35.724  2362  2589 D MediaProvider: object removed 11010
01-01 00:00:35.724  2362  2589 D MediaProvider: object removed 11011
01-01 00:00:35.725  2362  2589 D MediaProvider: object removed 11012
01-01 00:00:35.725  2362  2589 D MediaProvider: object removed 11013
01-01 00:00:35.725  2362  2589 D MediaProvider: object removed 11014
01-01 00:00:35.725  2362  2589 D MediaProvider: object removed 11015
01-01 00:00:35.725  2362  2589 D MediaProvider: object removed 11016
01-01 00:00:35.725  2362  2589 D MediaProvider: object removed 11017
01-01 00:00:35.725  2362  2589 D MediaProvider: object removed 11018
01-01 00:00:35.725  2362  2589 D MediaProvider: object removed 11019
01-01 00:00:35.725  2362  2589 D MediaProvider: object removed 11020
01-01 00:00:35.725  2362  2589 D MediaProvider: object removed 11021
01-01 00:00:35.725  2362  2589 D MediaProvider: object removed 11022
01-01 00:00:35.725  2362  2589 D MediaProvider: object removed 11023
01-01 00:00:35.725  2362  2589 D MediaProvider: object removed 11024
01-01 00:00:35.726  2362  2589 D MediaProvider: object removed 11025
01-01 00:00:35.726  2362  2589 D MediaProvider: object removed 11026
01-01 00:00:35.726  2362  2589 D MediaProvider: object removed 11027
01-01 00:00:35.726  2362  2589 D MediaProvider: object removed 11028
01-01 00:00:35.726  2362  2589 D MediaProvider: object removed 11029
01-01 00:00:35.726  2362  2589 D MediaProvider: object removed 11030
01-01 00:00:35.726  2362  2589 D MediaProvider: object removed 11031
01-01 00:00:35.726  2362  2589 D MediaProvider: object removed 11032
01-01 00:00:35.726  2362  2589 D MediaProvider: object removed 11033
01-01 00:00:35.726  2362  2589 D MediaProvider: object removed 11034
01-01 00:00:35.726  2362  2589 D MediaProvider: object removed 11035
01-01 00:00:35.726  2362  2589 D MediaProvider: object removed 11036
01-01 00:00:35.726  2362  2589 D MediaProvider: object removed 11037
01-01 00:00:35.726  2362  2589 D MediaProvider: object removed 11038
01-01 00:00:35.727  2362  2589 D MediaProvider: object removed 11039
01-01 00:00:35.727  2362  2589 D MediaProvider: object removed 11040
01-01 00:00:35.727  2362  2589 D MediaProvider: object removed 11041
01-01 00:00:35.727  2362  2589 D MediaProvider: object removed 11042
01-01 00:00:35.727  2362  2589 D MediaProvider: object removed 11043
01-01 00:00:35.727  2362  2589 D MediaProvider: object removed 11044
01-01 00:00:35.727  2362  2589 D MediaProvider: object removed 11045
01-01 00:00:35.748  2268  2466 W ContextImpl: Calling a method in the system process without a qualified user: android.app.ContextImpl.startService:1476 android.content.ContextWrapper.startService:650 com.panasonic.dairse.logger.loggerapp.LoggerMainService.stopSTartupLogCollection:995 com.panasonic.dairse.logger.loggerapp.LoggerMainService.handleInitConfigData:957 com.panasonic.dairse.logger.loggerapp.LoggerMainService.processReqFrame:605 
01-01 00:00:35.754  2268  2466 W ContextImpl: Calling a method in the system process without a qualified user: android.app.ContextImpl.startService:1476 android.content.ContextWrapper.startService:650 com.panasonic.dairse.logger.loggerapp.LoggerMainService.handleInitConfigData:974 com.panasonic.dairse.logger.loggerapp.LoggerMainService.processReqFrame:605 com.panasonic.dairse.logger.loggerapp.LoggerMainService.receiveDataFromIGC:1624 
01-01 00:00:35.760  2268  3037 W ContextImpl: Calling a method in the system process without a qualified user: android.app.ContextImpl.startService:1476 android.content.ContextWrapper.startService:650 com.panasonic.dairse.logger.loggerapp.services.LoggerEventService.stopSTartupLogCollection:159 com.panasonic.dairse.logger.loggerapp.services.LoggerEventService.onHandleIntent:146 android.app.IntentService$ServiceHandler.handleMessage:76 
01-01 00:00:35.767  1738  1833 D VariantCodeReader: Binding is done - Service connected (4)
01-01 00:00:35.769  2212  2418 I chatty  : uid=1000(system) Binder:2212_3 expire 2 lines
01-01 00:00:35.769  1738  1833 I VariantCodeReader: Variant Code Data: [6, -104, -111, 0, 124, 0, 0]
01-01 00:00:35.769  1738  1833 I VariantCodeReader: Market = 4, in getLanguageInfoForCurrentMarket
01-01 00:00:35.770  1738  1833 I VariantCodeReader: Invoking marketInfoReceiver
01-01 00:00:35.770  1738  1833 I LatinIME: Market info received in LatinIME onCreate
01-01 00:00:35.770  1738  1833 I RichInputMethodManager: RichInputMethodManager is initialized
01-01 00:00:35.770  1738  1833 I SubtypeLocaleUtils: Getting market info from SubtypeLocaleUtils
01-01 00:00:35.770  1738  1833 I SubtypeLocaleUtils: Layout Sets: [arabic, bulgarian, qwertz, qwerty, nordic, qwerty, qwerty, nordic, azerty, qwertz, hebrew, qwertz, qwerty, korean, nordic, chunjin, qwerty, qwerty, qwerty, east_slavic, qwerty, qwerty, spanish, nordic, qwerty, east_slavic, stroke, pinyin, zhuyin, cangjie, pinyin_10key, azerty, qwerty, qwerty, japanese, japanese_10key, qwerty, qwerty, thai, qwerty]
01-01 00:00:35.770  1738  1833 I SubtypeLocaleUtils: Display Names: [Arabic, Bulgarian, Croatian, Czech, Danish, Dutch, English UK, Finnish, French, German, Hebrew, Hungarian, Italian, Korean, Chunjin, Norwegian, Polish, Portuguese, Romanian, Russian, Serbian, Slovak, Spanish, Swedish, Turkish, Ukrainian, Chinese-Stroke, Chinese-Pinyin, Chinese-Zhuyin, Chinese-Cangjie, Chinese-Pinyin-10key, French, Portuguese(BR), English(US), Japanese, Japanese-10Key, Indonesian, Malay (Malaysia), Thai, Vietnamese]
01-01 00:00:35.772  2268  3037 I chatty  : uid=1000(system) com.panasonic.dairse.logger.loggerapp expire 1 line
01-01 00:00:35.773  2268  3037 W ContextImpl: Calling a method in the system process without a qualified user: android.app.ContextImpl.startService:1476 android.content.ContextWrapper.startService:650 com.panasonic.dairse.logger.loggerapp.services.LoggerEventService.setupConfigData:295 com.panasonic.dairse.logger.loggerapp.services.LoggerEventService.onHandleIntent:95 android.app.IntentService$ServiceHandler.handleMessage:76 
01-01 00:00:35.775  1559  1638 W QCNEJ   : |CORE| notifyWwanStatusChanged failed
01-01 00:00:35.775  1559  1638 W QCNEJ   : |CORE| notifyRatConnectionStatusChanged failed
01-01 00:00:35.809  1738  1833 I Settings: Getting market info from Settings
01-01 00:00:35.809  1738  1833 I Settings: Languages: [ar:arabic:AsciiCapable, bg:bulgarian:AsciiCapable, hr:qwertz:AsciiCapable, cs:qwerty:AsciiCapable, da:nordic:AsciiCapable, nl:qwerty:AsciiCapable, en_GB:qwerty:AsciiCapable, fi:nordic:AsciiCapable, fr:azerty:AsciiCapable, de:qwertz:AsciiCapable, iw:hebrew:AsciiCapable, hu:qwertz:AsciiCapable, it:qwerty:AsciiCapable, ko:korean:AsciiCapable, nb:nordic:AsciiCapable, ko_chunjin:chunjin:AsciiCapable, pl:qwerty:AsciiCapable, pt_PT:qwerty:AsciiCapable, ro:qwerty:AsciiCapable, ru:east_slavic:AsciiCapable, sr_rs:qwerty:AsciiCapable, sk:qwerty:AsciiCapable, es:spanish:AsciiCapable, sv:nordic:AsciiCapable, tr:qwerty:AsciiCapable, uk:east_slavic:AsciiCapable, Chinese-Stroke:stroke:AsciiCapable, zh_HANS:pinyin:AsciiCapable, zh_HANT:zhuyin:AsciiCapable, Chinese-Cangjie:cangjie:AsciiCapable, Chinese-Pinyin-10key:pinyin_10key:AsciiCapable, fr_CA:azerty:AsciiCapable, pt_BR:qwerty:AsciiCapable, en_US:qwerty:AsciiCapable, ja:japanese:AsciiCapable, ja_10key:japanese_10key:AsciiCapable, in:qwerty:AsciiCapable, ms_MY:qwerty:AsciiCapable, th:thai:AsciiCapable, vi:qwerty:AsciiCapable]
01-01 00:00:35.858  1160  1389 I ActivityManager: Start proc 3044:com.android.providers.tv/u0a23 for broadcast com.android.providers.tv/.BootCompletedReceiver
01-01 00:00:35.883  1559  1638 W QCNEJ   : |CORE| notifyWwanStatusChanged failed
01-01 00:00:35.883  1559  1638 W QCNEJ   : |CORE| notifyRatConnectionStatusChanged failed
01-01 00:00:35.891  1738  1833 I VariantCodeReader: Current market is: 4
01-01 00:00:35.918  2251  2251 I ImsExternalCallTracker: handleVideoCapabilitiesChanged : isVideoCapable = false
01-01 00:00:35.918  2251  2251 D ImsExternalCallTracker: refreshCallPullState
01-01 00:00:35.928  2251  2251 D PhoneSwitcherNetworkRequstListener: got request NetworkRequest [ BACKGROUND_REQUEST id=2, [ Transports: CELLULAR Capabilities: INTERNET&NOT_RESTRICTED&TRUSTED&NOT_VPN] ] with score 0
01-01 00:00:35.928  2251  2251 D PhoneSwitcherNetworkRequstListener: got request NetworkRequest [ TRACK_DEFAULT id=3, [ Capabilities: INTERNET&NOT_RESTRICTED&TRUSTED&NOT_VPN] ] with score 20
01-01 00:00:35.928  2251  2251 D PhoneSwitcherNetworkRequstListener: got request NetworkRequest [ TRACK_DEFAULT id=7, [ Capabilities: INTERNET&NOT_RESTRICTED&TRUSTED&NOT_VPN] ] with score 20
01-01 00:00:35.928  2251  2251 D PhoneSwitcherNetworkRequstListener: got request NetworkRequest [ REQUEST id=1, [ Capabilities: INTERNET&NOT_RESTRICTED&TRUSTED&NOT_VPN] ] with score 20
01-01 00:00:35.930  2251  2251 D TelephonyDebugService: TelephonyDebugService()
01-01 00:00:35.939  1160  1389 W ActivityManager: Unable to start service Intent { act=android.car.ICar pkg=com.android.car } U=0: not found
01-01 00:00:35.945  2362  2589 D MediaProvider: object removed 11046
01-01 00:00:35.946  2362  2589 D MediaProvider: object removed 11047
01-01 00:00:35.946  2362  2589 D MediaProvider: object removed 11048
01-01 00:00:35.946  2362  2589 D MediaProvider: object removed 11049
01-01 00:00:35.946  2362  2589 D MediaProvider: object removed 11050
01-01 00:00:35.946  2362  2589 D MediaProvider: object removed 11051
01-01 00:00:35.946  2362  2589 D MediaProvider: object removed 11052
01-01 00:00:35.946  2362  2589 D MediaProvider: object removed 11053
01-01 00:00:35.946  2362  2589 D MediaProvider: object removed 11054
01-01 00:00:35.953  2362  2589 D MediaProvider: object removed 11055
01-01 00:00:35.953  2362  2589 D MediaProvider: object removed 11056
01-01 00:00:35.953  2362  2589 D MediaProvider: object removed 11057
01-01 00:00:35.953  2362  2589 D MediaProvider: object removed 11058
01-01 00:00:35.953  2362  2589 D MediaProvider: object removed 11059
01-01 00:00:35.953  2362  2589 D MediaProvider: object removed 11060
01-01 00:00:35.953  2362  2589 D MediaProvider: object removed 11061
01-01 00:00:35.953  2362  2589 D MediaProvider: object removed 11062
01-01 00:00:35.953  2362  2589 D MediaProvider: object removed 11063
01-01 00:00:35.953  2362  2589 D MediaProvider: object removed 11064
01-01 00:00:35.961  2362  2589 D MediaProvider: object removed 11065
01-01 00:00:35.961  2362  2589 D MediaProvider: object removed 11066
01-01 00:00:35.961  2362  2589 D MediaProvider: object removed 11067
01-01 00:00:35.961  2362  2589 D MediaProvider: object removed 11068
01-01 00:00:35.962  2362  2589 D MediaProvider: object removed 11069
01-01 00:00:35.962  2362  2589 D MediaProvider: object removed 11070
01-01 00:00:35.962  2362  2589 D MediaProvider: object removed 11071
01-01 00:00:35.962  2362  2589 D MediaProvider: object removed 11072
01-01 00:00:35.962  2362  2589 D MediaProvider: object removed 11073
01-01 00:00:35.962  2362  2589 D MediaProvider: object removed 11074
01-01 00:00:35.962  2362  2589 D MediaProvider: object removed 11075
01-01 00:00:35.962  2362  2589 D MediaProvider: object removed 11076
01-01 00:00:35.962  2362  2589 D MediaProvider: object removed 11077
01-01 00:00:35.962  2251  2251 D CarrierConfigLoader: mHandler: 12 phoneId: 0
01-01 00:00:35.963  2362  2589 D MediaProvider: object removed 11078
01-01 00:00:35.963  2362  2589 D MediaProvider: object removed 11079
01-01 00:00:35.964  2362  2589 D MediaProvider: object removed 11080
01-01 00:00:35.964  2362  2589 D MediaProvider: object removed 11081
01-01 00:00:35.964  2362  2589 D MediaProvider: object removed 11082
01-01 00:00:35.964  2362  2589 D MediaProvider: object removed 11083
01-01 00:00:35.964  2362  2589 D MediaProvider: object removed 11084
01-01 00:00:35.964  2362  2589 D MediaProvider: object removed 11085
01-01 00:00:35.964  2362  2589 D MediaProvider: object removed 11086
01-01 00:00:35.964  2362  2589 D MediaProvider: object removed 11087
01-01 00:00:35.964  2362  2589 D MediaProvider: object removed 11088
01-01 00:00:35.964  2362  2589 D MediaProvider: object removed 11089
01-01 00:00:35.965  2362  2589 D MediaProvider: object removed 11090
01-01 00:00:35.965  2362  2589 D MediaProvider: object removed 11091
01-01 00:00:35.965  2362  2589 D MediaProvider: object removed 11092
01-01 00:00:35.965  2362  2589 D MediaProvider: object removed 11093
01-01 00:00:35.965  2362  2589 D MediaProvider: object removed 11094
01-01 00:00:35.965  2362  2589 D MediaProvider: object removed 11095
01-01 00:00:35.965  2362  2589 D MediaProvider: object removed 11096
01-01 00:00:35.965  2362  2589 D MediaProvider: object removed 11097
01-01 00:00:35.965  2362  2589 D MediaProvider: object removed 11098
01-01 00:00:35.965  2362  2589 D MediaProvider: object removed 11099
01-01 00:00:35.965  2362  2589 D MediaProvider: object removed 11100
01-01 00:00:35.965  2362  2589 D MediaProvider: object removed 11101
01-01 00:00:35.965  2362  2589 D MediaProvider: object removed 11102
01-01 00:00:35.965  2362  2589 D MediaProvider: object removed 11103
01-01 00:00:35.966  2362  2589 D MediaProvider: object removed 11104
01-01 00:00:35.966  2362  2589 D MediaProvider: object removed 11105
01-01 00:00:35.966  2362  2589 D MediaProvider: object removed 11106
01-01 00:00:35.966  2362  2589 D MediaProvider: object removed 11107
01-01 00:00:35.966  2362  2589 D MediaProvider: object removed 11108
01-01 00:00:35.966  2362  2589 D MediaProvider: object removed 11109
01-01 00:00:35.966  2362  2589 D MediaProvider: object removed 11110
01-01 00:00:35.966  2362  2589 D MediaProvider: object removed 11111
01-01 00:00:35.966  2362  2589 D MediaProvider: object removed 11112
01-01 00:00:35.966  2362  2589 D MediaProvider: object removed 11113
01-01 00:00:35.966  2362  2589 D MediaProvider: object removed 11114
01-01 00:00:35.966  2362  2589 D MediaProvider: object removed 11115
01-01 00:00:35.966  2362  2589 D MediaProvider: object removed 11116
01-01 00:00:35.966  2362  2589 D MediaProvider: object removed 11117
01-01 00:00:35.966  2362  2589 D MediaProvider: object removed 11118
01-01 00:00:35.966  2362  2589 D MediaProvider: object removed 11119
01-01 00:00:35.967  2362  2589 D MediaProvider: object removed 11120
01-01 00:00:35.967  2362  2589 D MediaProvider: object removed 11121
01-01 00:00:35.967  2362  2589 D MediaProvider: object removed 11122
01-01 00:00:35.967  2362  2589 D MediaProvider: object removed 11123
01-01 00:00:35.967  2362  2589 D MediaProvider: object removed 11124
01-01 00:00:35.967  2362  2589 D MediaProvider: object removed 11125
01-01 00:00:35.967  2362  2589 D MediaProvider: object removed 11126
01-01 00:00:35.967  2362  2589 D MediaProvider: object removed 11127
01-01 00:00:35.967  2362  2589 D MediaProvider: object removed 11128
01-01 00:00:35.996  2251  2251 W zygote64: ClassLoaderContext classpath element mismatch for position 0. expected=/vendor/framework/qti-vzw-ims-internal.jar, found=/system/vendor/framework/qti-vzw-ims-internal.jar (PCL[/vendor/framework/qti-vzw-ims-internal.jar*2906324531] | PCL[/system/vendor/framework/qti-vzw-ims-internal.jar*2906324531])
01-01 00:00:36.033  2251  2251 I QImsService: ImsService : ImsService created!
01-01 00:00:36.056  2251  2251 I com.android.phone: Looking for service android.hidl.manager@1.0::IServiceManager/default
01-01 00:00:36.060  2251  2251 I com.android.phone: Starting thread pool.
01-01 00:00:36.062  2251  2251 I QImsService: ImsSubController : onServiceDown :: phoneId=0
01-01 00:00:36.063  2251  2251 I QImsService: ImsServiceSub : onStackConfigChanged :: activeStacks[0]=false
01-01 00:00:36.063  2251  2251 I QImsService: ImsServiceSub : [phoneId=0] Constructor :: Registering with Sub Controller.
01-01 00:00:36.082  2251  2251 I QImsService: ImsServiceStateReceiver : updateHDIcon isVideo : false isVoice : false phoneId: 0 show HD Icon: true
01-01 00:00:36.084  2251  2251 E QImsService: ImsSenderRxr : mImsRadio is null. Can't sendREQUEST_QUERY_SERVICE_STATUS to QCRIL
01-01 00:00:36.084  2251  2251 I QImsService: IFRequest : [0000]< REQUEST_QUERY_SERVICE_STATUS error: 1
01-01 00:00:36.085  2251  2251 I QImsService: ImsService : setupImsSubscriptionMap :: numSlots=1
01-01 00:00:36.091  2251  2251 D         : JNI_OnLoad
01-01 00:00:36.091  2251  2251 D         : JvmPtr initialized to 478885369088
01-01 00:00:36.091  2251  2251 D ims_media_jni: register_ims_media
01-01 00:00:36.108   741  1122 I         : LOGSVC|SWR_LOGGER_HV_MF_004|loggerservice::executecommand|1|Permission change Applied Recursively...
01-01 00:00:36.110   741  1122 E         : LOGSVC|SWR_LOGGER_HV_MF_001|loggerservice::BnLoggerUtilityInterface::onTransact|2|Calling MSG: PID=2268, UID=1000
01-01 00:00:36.110   741  1122 I         : LOGSVC|SWR_LOGGER_HV_MF_004|loggerservice::executecommand|2|mscriptMessage = lk copy
01-01 00:00:36.121   741   776 W         : LOGSVC|SWR_LOGGER_HV_MF_001|main::startuplogThreadFn|1|The /log/logger/logs/android/startup/StartupRseLogs file synced
01-01 00:00:36.166   741   776 W         : LOGSVC|SWR_LOGGER_HV_MF_001|main::startuplogThreadFn|1|The /log/logger/logs/android/startup/StartupRseLogs file synced
01-01 00:00:36.188  2362  2589 V MediaProvider: pruneThumbnails 
01-01 00:00:36.192  2362  2589 V MediaProvider: /pruneDeadThumbnailFiles... 
01-01 00:00:36.199  2362  2589 D RegionalizationEnvironment: load packages for Carrier!
01-01 00:00:36.201   741   776 W         : LOGSVC|SWR_LOGGER_HV_MF_001|main::startuplogThreadFn|1|The /log/logger/logs/android/startup/StartupRseLogs file synced
01-01 00:00:36.210  2251  2251 D VideoCall_ImsMedia: Registering for Media Listener
01-01 00:00:36.212  2362  2589 D RegionalizationEnvironment: loadExcludedApps!
01-01 00:00:36.213  2362  2589 D RegionalizationEnvironment: load excluded apps for /vendor/package/Default
01-01 00:00:36.213  2251  2251 E QImsService: ImsServiceSub : ImsServiceClassTracker not found.
01-01 00:00:36.219  2427  2427 D QcrilMsgTunnelIfaceManager: handleMessage what = 1
01-01 00:00:36.221  2427  2427 I QcrilOemhookMsgTunnel: [0]invokeOemRilRequestRaw: serial=1000 length=16
01-01 00:00:36.221  2427  2427 E QcrilOemhookMsgTunnel: [0]oemHookService is not running.
01-01 00:00:36.223  2427  2427 E QcRilRequest: [1000] < OEM_HOOK_RAW error: com.android.internal.telephony.CommandException: RADIO_NOT_AVAILABLE
01-01 00:00:36.223  2427  2427 D QcrilMsgTunnelIfaceManager: handleMessage what = 2
01-01 00:00:36.224  2362  2589 V RegionalizationEnvironment: Package Directoriy(2):/vendor/package/Default
01-01 00:00:36.227  2427  2427 D QcrilMsgTunnelIfaceManager: handleMessage what = 1
01-01 00:00:36.228  2427  2427 I QcrilOemhookMsgTunnel: [0]invokeOemRilRequestRaw: serial=1001 length=16
01-01 00:00:36.228  2427  2427 E QcrilOemhookMsgTunnel: [0]oemHookService is not running.
01-01 00:00:36.228  2427  2427 E QcRilRequest: [1001] < OEM_HOOK_RAW error: com.android.internal.telephony.CommandException: RADIO_NOT_AVAILABLE
01-01 00:00:36.229  2427  2427 D QcrilMsgTunnelIfaceManager: handleMessage what = 2
01-01 00:00:36.235   741   776 W         : LOGSVC|SWR_LOGGER_HV_MF_001|main::startuplogThreadFn|1|The /log/logger/logs/android/startup/StartupRseLogs file synced
01-01 00:00:36.236  2251  2251 D PhoneUtils: Logical Modem id:  phoneId: 0
01-01 00:00:36.236  2251  2251 D PhoneUtils: Returning default phone id
01-01 00:00:36.239  2251  2251 E PhoneInterfaceManager: [PhoneIntfMgr] getIccId: No UICC
01-01 00:00:36.243   741  1122 I         : LOGSVC|SWR_LOGGER_HV_MF_004|loggerservice::executecommand|1|Permission change Applied Recursively...
01-01 00:00:36.244   741  1122 E         : LOGSVC|SWR_LOGGER_HV_MF_001|loggerservice::BnLoggerUtilityInterface::onTransact|2|Calling MSG: PID=2268, UID=1000
01-01 00:00:36.244   741  1122 I         : LOGSVC|SWR_LOGGER_HV_MF_004|loggerservice::executecommand|2|mscriptMessage = dlt update
01-01 00:00:36.256  2251  2251 D OpenGLRenderer: HWUI GL Pipeline
01-01 00:00:36.261  1160  1389 W Telecom : : registerPhoneAccount not allowed on non-voice capable device.: TSI.rPA@AA4
01-01 00:00:36.262  2251  2251 I TelecomFramework: AccountEntry: Registered phoneAccount: [[ ] PhoneAccount: ComponentInfo{com.android.phone/com.android.services.telephony.TelephonyConnectionService}, [e0184adedf913b076626646d3f52c3b49c39ad6d], UserHandle{0} Capabilities: CallProvider EmergOnly MultiUser PlaceEmerg SimSub  Audio Routes: BESW Schemes: tel voicemail  Extras: Bundle[{android.telecom.extra.SUPPORTS_VIDEO_CALLING_FALLBACK=false}] GroupId: [da39a3ee5e6b4b0d3255bfef95601890afd80709]] with handle: ComponentInfo{com.android.phone/com.android.services.telephony.TelephonyConnectionService}, [e0184adedf913b076626646d3f52c3b49c39ad6d], UserHandle{0}
01-01 00:00:36.263  2251  2251 I TelecomFramework: PstnIncomingCallNotifier: Registering: Handler (com.qualcomm.qti.internal.telephony.QtiGsmCdmaPhone) {cd676ef}
01-01 00:00:36.272  2427  2427 D QcrilMsgTunnelIfaceManager: handleMessage what = 1
01-01 00:00:36.273  2427  2427 I QcrilOemhookMsgTunnel: [0]invokeOemRilRequestRaw: serial=1002 length=24
01-01 00:00:36.274  2427  2427 E QcrilOemhookMsgTunnel: [0]oemHookService is not running.
01-01 00:00:36.274  2427  2427 E QcRilRequest: [1002] < OEM_HOOK_RAW error: com.android.internal.telephony.CommandException: RADIO_NOT_AVAILABLE
01-01 00:00:36.274  2427  2427 D QcrilMsgTunnelIfaceManager: handleMessage what = 2
01-01 00:00:36.278   741   776 W         : LOGSVC|SWR_LOGGER_HV_MF_001|main::startuplogThreadFn|1|The /log/logger/logs/android/startup/StartupRseLogs file synced
01-01 00:00:36.282  2427  2427 D QcrilMsgTunnelIfaceManager: handleMessage what = 1
01-01 00:00:36.283  2427  2427 I QcrilOemhookMsgTunnel: [0]invokeOemRilRequestRaw: serial=1003 length=24
01-01 00:00:36.283  2427  2427 E QcrilOemhookMsgTunnel: [0]oemHookService is not running.
01-01 00:00:36.283  2427  2427 E QcRilRequest: [1003] < OEM_HOOK_RAW error: com.android.internal.telephony.CommandException: RADIO_NOT_AVAILABLE
01-01 00:00:36.283  2427  2427 D QcrilMsgTunnelIfaceManager: handleMessage what = 2
01-01 00:00:36.289  2427  2427 D QcrilMsgTunnelIfaceManager: handleMessage what = 1
01-01 00:00:36.295  2427  2427 I QcrilOemhookMsgTunnel: [0]invokeOemRilRequestRaw: serial=1004 length=24
01-01 00:00:36.295  2427  2427 E QcrilOemhookMsgTunnel: [0]oemHookService is not running.
01-01 00:00:36.295  2427  2427 E QcRilRequest: [1004] < OEM_HOOK_RAW error: com.android.internal.telephony.CommandException: RADIO_NOT_AVAILABLE
01-01 00:00:36.295  2427  2427 D QcrilMsgTunnelIfaceManager: handleMessage what = 2
01-01 00:00:36.301  2427  2427 D QcrilMsgTunnelIfaceManager: handleMessage what = 1
01-01 00:00:36.302  2427  2427 I QcrilOemhookMsgTunnel: [0]invokeOemRilRequestRaw: serial=1005 length=24
01-01 00:00:36.303  2427  2427 E QcrilOemhookMsgTunnel: [0]oemHookService is not running.
01-01 00:00:36.303  2427  2427 E QcRilRequest: [1005] < OEM_HOOK_RAW error: com.android.internal.telephony.CommandException: RADIO_NOT_AVAILABLE
01-01 00:00:36.303  2427  2427 D QcrilMsgTunnelIfaceManager: handleMessage what = 2
01-01 00:00:36.309  2427  2427 D QcrilMsgTunnelIfaceManager: handleMessage what = 1
01-01 00:00:36.309  2427  2427 I QcrilOemhookMsgTunnel: [0]invokeOemRilRequestRaw: serial=1006 length=24
01-01 00:00:36.310  2427  2427 E QcrilOemhookMsgTunnel: [0]oemHookService is not running.
01-01 00:00:36.310  2427  2427 E QcRilRequest: [1006] < OEM_HOOK_RAW error: com.android.internal.telephony.CommandException: RADIO_NOT_AVAILABLE
01-01 00:00:36.310  2427  2427 D QcrilMsgTunnelIfaceManager: handleMessage what = 2
01-01 00:00:36.319   741   776 W         : LOGSVC|SWR_LOGGER_HV_MF_001|main::startuplogThreadFn|1|The /log/logger/logs/android/startup/StartupRseLogs file synced
01-01 00:00:36.323  2251  2251 I QImsService: ImsSubControllerHandler : Message received: what = 4
01-01 00:00:36.324  2251  2251 I QImsService: ImsServiceSubHandler : Message received: what = 5
01-01 00:00:36.324  2251  2251 I QImsService: ImsServiceSubHandler : Received event: EVENT_GET_STATUS_UPDATE
01-01 00:00:36.324  2251  2251 E QImsService: ImsServiceSubHandler : IMS Service Status Update failed!
01-01 00:00:36.345  2251  3090 D SIP     : [SipPreferences] isReceivingCallsEnabled, option not set; use default value, exception: android.provider.Settings$SettingNotFoundException: sip_receive_calls
01-01 00:00:36.352  2251  2251 D QtiCarrierConfigHelper: WARNING, no carrier configs on phone Id: 0
01-01 00:00:36.352  2251  2251 I ImsServiceController: Granting Runtime permissions to:ComponentInfo{org.codeaurora.ims/org.codeaurora.ims.ImsService}
01-01 00:00:36.353  2251  2251 D ImsServiceController: ImsService(ComponentInfo{org.codeaurora.ims/org.codeaurora.ims.ImsService}): onServiceConnected with binder: android.telephony.ims.ImsService$1@478d3bf
01-01 00:00:36.356  2251  2251 I ImsServiceController: notifyImsFeatureStatus: slot=0, feature=0, status=0
01-01 00:00:36.356  2251  2251 I ImsResolver: ImsServiceController added on slot: 0 with feature: 0 using package: ComponentInfo{org.codeaurora.ims/org.codeaurora.ims.ImsService}
01-01 00:00:36.357  2251  2251 I ImsServiceController: notifyImsFeatureStatus: slot=0, feature=1, status=0
01-01 00:00:36.357  2251  2251 I ImsResolver: ImsServiceController added on slot: 0 with feature: 1 using package: ComponentInfo{org.codeaurora.ims/org.codeaurora.ims.ImsService}
01-01 00:00:36.358  2251  2251 I ImsExternalCallTracker: handleVideoCapabilitiesChanged : isVideoCapable = false
01-01 00:00:36.358  2251  2251 D ImsExternalCallTracker: refreshCallPullState
01-01 00:00:36.358  2251  2251 I TelecomFramework: PstnPhoneCapabilitiesNotifier: handleVideoCapabilitesChanged. Video capability - false
01-01 00:00:36.359   741   776 W         : LOGSVC|SWR_LOGGER_HV_MF_001|main::startuplogThreadFn|1|The /log/logger/logs/android/startup/StartupRseLogs file synced
01-01 00:00:36.359  2251  2251 E PhoneInterfaceManager: [PhoneIntfMgr] getIccId: No UICC
01-01 00:00:36.365  2251  2251 I ImsServiceProxy: getFeatureStatus - returning 0
01-01 00:00:36.375  1160  1389 I ActivityManager: Start proc 3092:com.opensynergy.automotive.swdlservice/1000 for broadcast com.opensynergy.automotive.swdlservice/.SwdlReceiver
01-01 00:00:36.378  1160  1389 W Telecom : : registerPhoneAccount not allowed on non-voice capable device.: TSI.rPA@ABI
01-01 00:00:36.403   741   776 W         : LOGSVC|SWR_LOGGER_HV_MF_001|main::startuplogThreadFn|1|The /log/logger/logs/android/startup/StartupRseLogs file synced
01-01 00:00:36.416   754   760 I sssv-lib: sendMsg enter
01-01 00:00:36.416   754   760 I sssv-lib: sendMsg complete.
01-01 00:00:36.441  1160  1641 W ActivityManager: Unable to start service Intent { act=android.car.ICar pkg=com.android.car } U=0: not found
01-01 00:00:36.484  2251  2251 I ImsServiceProxy: getFeatureStatus - returning cached: 0
01-01 00:00:36.542  3092  3092 D SwdlReceiver: SwdlReceiver created.
01-01 00:00:36.542  3092  3092 D SwdlReceiver: Broadcast message received.
01-01 00:00:36.543  3092  3092 W ContextImpl: Calling a method in the system process without a qualified user: android.app.ContextImpl.startService:1476 android.content.ContextWrapper.startService:650 android.content.ContextWrapper.startService:650 com.opensynergy.automotive.swdlservice.SwdlReceiver.onReceive:29 android.app.ActivityThread.handleReceiver:3190 
01-01 00:00:36.548  3092  3092 D SwdlService: Java Swdl Service created.
01-01 00:00:36.560  1160  1641 I ActivityManager: Start proc 3114:com.opensynergy.hdmi/1000 for broadcast com.opensynergy.hdmi/.HdmiListener
01-01 00:00:36.633  3114  3114 D HdmiListener: onReceive action android.intent.action.BOOT_COMPLETED
01-01 00:00:36.633  3114  3114 D HdmiListener: BOOT_COMPLETED
01-01 00:00:36.634  3114  3114 I HdmiListener: Starting service @ 31920
01-01 00:00:36.635  3114  3114 W ContextImpl: Calling a method in the system process without a qualified user: android.app.ContextImpl.startService:1476 android.content.ContextWrapper.startService:650 android.content.ContextWrapper.startService:650 com.opensynergy.hdmi.HdmiListener.onReceive:28 android.app.ActivityThread.handleReceiver:3190 
01-01 00:00:36.640  2452  2452 I com.panasonic.dairse.brightness.BrightService: Starting Brightness Service on boot event.
01-01 00:00:36.641  2452  2452 W ContextImpl: Calling a method in the system process without a qualified user: android.app.ContextImpl.startService:1476 android.content.ContextWrapper.startService:650 android.content.ContextWrapper.startService:650 com.panasonic.dairse.brightness.BrightBootReceiver.onReceive:19 android.app.ActivityThread.handleReceiver:3190 
01-01 00:00:36.641  3114  3114 D HdmiService: Kernel have HDMI-in switch
01-01 00:00:36.641  3114  3114 D HdmiService: Kernel have HDMI-in-audio switch
01-01 00:00:36.641  3114  3114 D HdmiService: Kernel have HDMI-in-sof switch
01-01 00:00:36.641  3114  3114 V HdmiService: init()
01-01 00:00:36.642  2452  2452 D com.panasonic.dairse.brightness.BrightService: Starting service.
01-01 00:00:36.645  2212  2212 W ContextImpl: Calling a method in the system process without a qualified user: android.app.ContextImpl.startService:1476 android.content.ContextWrapper.startService:650 com.panasonic.dairse.service.hmi.emmc.EmmcBootCompleteReceiver.doWriteSurveillance:61 com.panasonic.dairse.service.hmi.emmc.EmmcBootCompleteReceiver.onReceive:45 android.app.ActivityThread.handleReceiver:3190 
01-01 00:00:36.653  2212  3131 I chatty  : uid=1000(system) com.panasonic.dairse.service.hmi expire 1 line
01-01 00:00:36.671  1160  1389 I ActivityManager: Start proc 3132:com.qti.csm/1000 for broadcast com.qti.csm/.securityLog.SystemInfo
01-01 00:00:36.696  2452  2452 D com.panasonic.dairse.brightness.BrightService: Using default configuration for C1. Failed to parse /vendor/etc/bright/c1.curve. /vendor/etc/bright/c1.curve (No such file or directory)
01-01 00:00:36.697  2452  2452 D com.panasonic.dairse.brightness.BrightService: Using default configuration for C2. Failed to parse /vendor/etc/bright/c2.curve. /vendor/etc/bright/c2.curve (No such file or directory)
01-01 00:00:36.698  2452  2452 D com.panasonic.dairse.brightness.BrightService: Using default configuration for C3. Failed to parse /vendor/etc/bright/c3.curve. /vendor/etc/bright/c3.curve (No such file or directory)
01-01 00:00:36.698  2452  2452 D com.panasonic.dairse.brightness.BrightService: Using default configuration for C5. Failed to parse /vendor/etc/bright/c5.curve. /vendor/etc/bright/c5.curve (No such file or directory)
01-01 00:00:36.699  2452  2452 D com.panasonic.dairse.brightness.BrightService: Using default configuration for C6. Failed to parse /persist/c6.curve. /persist/c6.curve (No such file or directory)
01-01 00:00:36.699  2452  2452 D com.panasonic.dairse.brightness.BrightService: Using default configuration for D1. Failed to parse /vendor/etc/bright/d1.damping. /vendor/etc/bright/d1.damping (No such file or directory)
01-01 00:00:36.700  2452  2452 D com.panasonic.dairse.brightness.BrightService: Using default configuration for D2. Failed to parse /vendor/etc/bright/d2.damping. /vendor/etc/bright/d2.damping (No such file or directory)
01-01 00:00:36.702  2212  3148 I chatty  : uid=1000(system) AsyncTask #2 expire 8 lines
01-01 00:00:36.703  2452  2452 D com.panasonic.dairse.brightness.BrightService: Using default configuration for factory max PWM. Failed to parse /data/display_brightness/brightness_pwm.txt. /data/display_brightness/brightness_pwm.txt (No such file or directory)
01-01 00:00:36.706  2731  2792 W ContextImpl: Calling a method in the system process without a qualified user: android.app.ContextImpl.startService:1476 android.content.ContextWrapper.startService:650 com.panasonic.dairse.vcpupersistence.VCPUPersistenceService$1.executeLinuxCommand:392 com.panasonic.dairse.vcpupersistence.IVCPUPersistenceService$Stub.onTransact:437 android.os.Binder.execTransact:706 
01-01 00:00:36.712  2731  3151 I chatty  : uid=1000(system) com.panasonic.dairse.vcpupersistence expire 10 lines
01-01 00:00:36.780  2362  2589 W MediaScanner: Error opening directory '/oem/media/', skipping: No such file or directory.
01-01 00:00:36.780  2362  2589 W MediaScanner: Error opening directory '/vendor/package/Default/system/media/', skipping: No such file or directory.
01-01 00:00:36.818  3132  3132 I SystemInfo: boot
01-01 00:00:36.839  3132  3132 I Settings: update
01-01 00:00:36.844  3132  3132 W ContextImpl: Calling a method in the system process without a qualified user: android.app.ContextImpl.startService:1476 android.content.ContextWrapper.startService:650 android.content.ContextWrapper.startService:650 com.qti.csm.securityLog.Settings.updateTask:103 com.qti.csm.securityLog.SystemInfo.onReceive:24 
01-01 00:00:36.860  3132  3132 I security_data: uid:10061|10062|10063|
01-01 00:00:36.860  2362  2589 V MediaProvider: pruneThumbnails 
01-01 00:00:36.862  3132  3132 D security_data: Native deamon enabled
01-01 00:00:36.863  3132  3132 I security_data: cmd:1 bandwidth enableMms 10061|10062|10063|
01-01 00:00:36.863  2362  2589 V MediaProvider: /pruneDeadThumbnailFiles... 
01-01 00:00:36.866   570   598 W IptablesRestoreController: iptables-restore process 584 terminated status=512
01-01 00:00:36.866   570   598 E IptablesRestoreController: iptables error:
01-01 00:00:36.866   570   598 E IptablesRestoreController: ------- COMMAND -------
01-01 00:00:36.866   570   598 E IptablesRestoreController: *filter
01-01 00:00:36.866   570   598 E IptablesRestoreController: -D OUTPUT -j blacklist-mms
01-01 00:00:36.866   570   598 E IptablesRestoreController: :blacklist-mms - [0:0]
01-01 00:00:36.866   570   598 E IptablesRestoreController: COMMIT
01-01 00:00:36.866   570   598 E IptablesRestoreController: 
01-01 00:00:36.866   570   598 E IptablesRestoreController: -------  ERROR -------
01-01 00:00:36.866   570   598 E IptablesRestoreController: iptables-restore v1.6.1: Couldn't find target `blacklist-mms'
01-01 00:00:36.866   570   598 E IptablesRestoreController: 
01-01 00:00:36.866   570   598 E IptablesRestoreController: Error occurred at line: 308
01-01 00:00:36.866   570   598 E IptablesRestoreController: Try `iptables-restore -h' or 'iptables-restore --help' for more information.
01-01 00:00:36.866   570   598 E IptablesRestoreController: ----------------------
01-01 00:00:36.866   570   598 I         : current uid is :10061
01-01 00:00:36.866   570   598 I         : current uid is :10062
01-01 00:00:36.866   570   598 I         : current uid is :10063
01-01 00:00:36.880  3132  3132 I security_data: input:400 1 Bandwidth command failed
01-01 00:00:36.881  1160  1607 I BroadcastQueue: Delay finish: com.qti.csm/.securityLog.SystemInfo
01-01 00:00:36.911   741   776 W         : LOGSVC|SWR_LOGGER_HV_MF_001|main::startuplogThreadFn|1|The /log/logger/logs/android/startup/StartupRseLogs file synced
01-01 00:00:36.911   918   991 W XTCC-6.1.2.10-a: [FDAL_ZPP_MGR] RequestNewZppFix: Getting ZPP
01-01 00:00:36.912   918   991 E LocSvc_api_v02: locClientSendReq:2080]: invalid handle 
01-01 00:00:36.912   918   991 E LocSvc_IzatApiV02: sendBestAvailablePosReq:1020]: error! status = 10, zpp_ind.status = 0
01-01 00:00:36.912   918   991 W XTCC-6.1.2.10-a: [FDAL_ZPP_MGR] RequestNewZppFix 0.000000 0.000000 0.000000: ZPP Return Flag 0x0
01-01 00:00:36.912   918   991 W XTCC-6.1.2.10-a: [FDAL_ZPP_MGR] RequestNewZppFix Expand the HEPE of previous ZPP fix. Not done
01-01 00:00:36.933   741  1122 I         : LOGSVC|SWR_LOGGER_HV_MF_009|loggerservice::handleDltCntrl|1|Dlt logs updated at TEMP path From EMMC..
01-01 00:00:36.939   741   776 W         : LOGSVC|SWR_LOGGER_HV_MF_001|main::startuplogThreadFn|1|The /log/logger/logs/android/startup/StartupRseLogs file synced
01-01 00:00:36.947  1160  1641 W ActivityManager: Unable to start service Intent { act=android.car.ICar pkg=com.android.car } U=0: not found
01-01 00:00:36.959   741  1122 I         : LOGSVC|SWR_LOGGER_HV_MF_009|loggerservice::handleDltCntrl|1|Existing Conswifi logs cleared from TEMP path..
01-01 00:00:36.967   741   776 W         : LOGSVC|SWR_LOGGER_HV_MF_001|main::startuplogThreadFn|1|The /log/logger/logs/android/startup/StartupRseLogs file synced
01-01 00:00:37.314   741  1122 I chatty  : uid=0(root) Binder:741_3 expire 6 lines
01-01 00:00:37.513  2100  2100 I chatty  : uid=0(root) /vendor/bin/tabridge expire 8 lines
01-01 00:00:37.858   741   776 I chatty  : uid=0(root) /system/bin/logsvc expire 2 lines
01-01 00:00:37.894   741  1122 I chatty  : uid=0(root) Binder:741_3 expire 14 lines
01-01 00:00:37.928   741   776 I chatty  : uid=0(root) /system/bin/logsvc expire 2 lines
01-01 00:00:37.937  1575  1575 I chatty  : uid=10027(com.daimler.rse.ntg6) expire 1 line
01-01 00:00:37.959   741   741 I chatty  : uid=0(root) /system/bin/logsvc expire 8 lines
01-01 00:00:38.074  2102  2102 I chatty  : uid=0(root) reportInvalidUS expire 3 lines
01-01 00:00:38.085   741   741 I chatty  : uid=0(root) /system/bin/logsvc expire 9 lines
01-01 00:00:38.298  1575  1906 I chatty  : uid=10027(com.daimler.rse.ntg6) Thread Pool Wor expire 4 lines
01-01 00:00:38.299  2018  2048 I chatty  : uid=1000(system) Binder:2018_3 expire 23 lines
01-01 00:00:38.299   853  2049 I chatty  : uid=0(root) Binder:853_2 expire 3 lines
01-01 00:00:38.300   741   741 I chatty  : uid=0(root) /system/bin/logsvc expire 2 lines
01-01 00:00:38.301   853  2049 I chatty  : uid=0(root) Binder:853_2 expire 3 lines
01-01 00:00:38.301  2018  2044 I chatty  : uid=1000(system) CANServiceThrea expire 7 lines
01-01 00:00:38.302  1575  2053 I chatty  : uid=10027(com.daimler.rse.ntg6) Binder:1575_3 expire 3 lines
01-01 00:00:38.303  1575  1972 I chatty  : uid=10027(com.daimler.rse.ntg6) Thread Pool Wor expire 6 lines
01-01 00:00:38.305  1575  2047 I chatty  : uid=10027(com.daimler.rse.ntg6) Thread Pool Wor expire 1 line
01-01 00:00:38.418   754   760 I chatty  : uid=0(root) /system/bin/sssv_client expire 2 lines
01-01 00:00:38.453  1413  1413 W CAR.L   : cannot bind to car service after max retry
01-01 00:00:38.453  1413  1413 E CarVolumeDialogController: Car service is disconnected
01-01 00:00:38.470   741   741 I chatty  : uid=0(root) /system/bin/logsvc expire 4 lines
01-01 00:00:38.534  2100  2100 I chatty  : uid=0(root) /vendor/bin/tabridge expire 3 lines
01-01 00:00:38.550   741   741 I chatty  : uid=0(root) /system/bin/logsvc expire 1 line
01-01 00:00:38.553  2100  2100 I chatty  : uid=0(root) /vendor/bin/tabridge expire 5 lines
01-01 00:00:38.581   741   741 I chatty  : uid=0(root) /system/bin/logsvc expire 17 lines
01-01 00:00:38.898   741   741 E         : LOGSVC|SWR_LOGGER_HV_MF_001|loggerservice::BnLoggerUtilityInterface::onTransact|2|Calling MSG: PID=2268, UID=1000
01-01 00:00:38.899   741   741 I         : LOGSVC|SWR_LOGGER_HV_MF_004|loggerservice::executecommand|2|mscriptMessage = dltlog init V
01-01 00:00:38.899   741   741 W         : LOGSVC|SWR_LOGGER_HV_MF_009|loggerservice::startLogFeeders|2|logFeedersEnableStatus = FALSE
