01-01 00:00:33.109  2149  2427 W ContextImpl: Calling a method in the system process without a qualified user: android.app.ContextImpl.bindService:1556 android.content.ContextWrapper.bindService:684 com.panasonic.dairse.service.hmi.masterdata.SettingsServiceHandler.initBrightService:653 com.panasonic.dairse.service.hmi.masterdata.SettingsServiceHandler.loadInitialData:564 com.panasonic.dairse.service.hmi.services.HmiService$SettingsAsyncTaskHdlr.doInBackground:171 
01-01 00:00:33.140  1163  1588 W ActivityManager: Unable to start service Intent { act=android.car.ICar pkg=com.android.car } U=0: not found
01-01 00:00:33.183  1163  1588 I ActivityManager: Start proc 2442:com.panasonic.dairse.brightness/1000 for service com.panasonic.dairse.brightness/.BrightService
01-01 00:00:33.473  1163  1588 I ActivityManager: Start proc 2483:com.qualcomm.qcrilmsgtunnel/1001 for service com.qualcomm.qcrilmsgtunnel/.QcrilMsgTunnelService
01-01 00:00:33.584  1163  2492 W ActivityManager: Unable to start service Intent { act=android.intent.action.BOOT_COMPLETED cmp=com.qualcomm.location.XT/.XTSrv } U=0: not found
01-01 00:00:33.643  1163  1588 W ActivityManager: Unable to start service Intent { act=android.car.ICar pkg=com.android.car } U=0: not found
01-01 00:00:33.771  1997  1997 W ContextImpl: Calling a method in the system process without a qualified user: android.app.ContextImpl.startService:1476 android.content.ContextWrapper.startService:650 com.panasonic.dairse.lifecycle.lifecyclemanagerapp.LifeCycleManagerService.stopMusicPauseService:3817 com.panasonic.dairse.lifecycle.lifecyclemanagerapp.LifeCycleManagerService.doPreExecutionActionsForEvent:952 com.panasonic.dairse.lifecycle.lifecyclemanagerapp.LifeCycleManagerService$6.handleMessage:575 
01-01 00:00:34.151  1163  1490 W ActivityManager: Unable to start service Intent { act=android.car.ICar pkg=com.android.car } U=0: not found
01-01 00:00:34.296  1997  1997 W ContextImpl: Calling a method in the system process without a qualified user: android.app.ContextImpl.sendBroadcast:981 android.content.ContextWrapper.sendBroadcast:442 com.panasonic.dairse.lifecycle.lifecyclemanagerapp.LifeCycleManagerService.sendBroadcastToComponents:1067 com.panasonic.dairse.lifecycle.lifecyclemanagerapp.LifeCycleManagerService$6.handleMessage:648 android.os.Handler.dispatchMessage:106 
01-01 00:00:34.340  2149  2149 W ContextImpl: Calling a method in the system process without a qualified user: android.app.ContextImpl.bindService:1556 android.content.ContextWrapper.bindService:684 com.panasonic.dairse.service.hmi.masterdata.SettingsServiceHandler.initVCPUPersistence:288 com.panasonic.dairse.service.hmi.support.HmiApplication.startVCPUService:968 com.panasonic.dairse.service.hmi.services.HmiService$SettingsAsyncTaskHdlr.onPostExecute:184 
01-01 00:00:34.358  1163  1490 I ActivityManager: Start proc 2565:com.panasonic.dairse.vcpupersistence/1000 for service com.panasonic.dairse.vcpupersistence/.VCPUPersistenceService
01-01 00:00:34.500  2565  2565 W ContextImpl: Calling a method in the system process without a qualified user: android.app.ContextImpl.startService:1476 android.content.ContextWrapper.startService:650 com.panasonic.dairse.vcpupersistence.PersistenceApplication.startSyncNVMService:119 com.panasonic.dairse.vcpupersistence.PersistenceApplication.onCreate:97 android.app.Instrumentation.callApplicationOnCreate:1126 
01-01 00:00:34.547  2149  2149 W ContextImpl: Calling a method in the system process without a qualified user: android.app.ContextImpl.startService:1476 android.content.ContextWrapper.startService:650 com.panasonic.dairse.service.hmi.support.HmiApplication.startVariantService:774 com.panasonic.dairse.service.hmi.masterdata.SettingsServiceHandler$1.onServiceConnected:274 android.app.LoadedApk$ServiceDispatcher.doConnected:1652 
01-01 00:00:34.547  2565  2586 W ContextImpl: Calling a method in the system process without a qualified user: android.app.ContextImpl.startService:1476 android.content.ContextWrapper.startService:650 com.panasonic.dairse.vcpupersistence.VCPUPersistenceService$1.getLinuxMainDetails:314 com.panasonic.dairse.vcpupersistence.IVCPUPersistenceService$Stub.onTransact:326 android.os.Binder.execTransact:706 
01-01 00:00:34.654  1163  1490 W ActivityManager: Unable to start service Intent { act=android.car.ICar pkg=com.android.car } U=0: not found
01-01 00:00:34.665  2565  2598 W ContextImpl: Calling a method in the system process without a qualified user: android.app.ContextImpl.startService:1476 android.content.ContextWrapper.startService:650 com.panasonic.dairse.vcpupersistence.VCPUPersistenceService$1.getAudioParamDetails:324 com.panasonic.dairse.vcpupersistence.IVCPUPersistenceService$Stub.onTransact:339 android.os.Binder.execTransact:706 
01-01 00:00:34.693  2149  2149 W ContextImpl: Calling a method in the system process without a qualified user: android.app.ContextImpl.startService:1476 android.content.ContextWrapper.startService:650 com.panasonic.dairse.service.hmi.support.HmiApplication.startBaiduBackgroundService:854 com.panasonic.dairse.service.hmi.variantcoding.VariantCodeHandler.handleChinaVariant:1495 com.panasonic.dairse.service.hmi.variantcoding.VariantCodeHandler.readStartupVCPUMainData:514 
01-01 00:00:34.724  1163  1601 I ActivityManager: Start proc 2610:com.baidu.appsearch.tablet/1000 for service com.baidu.appsearch.tablet/com.baidu.appsearch.BackgroundService
01-01 00:00:34.726  2149  2149 W ContextImpl: Calling a method in the system process without a qualified user: android.app.ContextImpl.startService:1476 android.content.ContextWrapper.startService:650 com.panasonic.dairse.service.hmi.support.HmiApplication.startHmi2LauncherService:868 com.panasonic.dairse.service.hmi.variantcoding.VariantCodeHandler.handleChinaVariant:1496 com.panasonic.dairse.service.hmi.variantcoding.VariantCodeHandler.readStartupVCPUMainData:514 
01-01 00:00:34.778  1163  1601 I ActivityManager: Start proc 2619:com.panasonic.hmi2appdrawer/1000 for service com.panasonic.hmi2appdrawer/.service.HMI2LauncherService
01-01 00:00:34.779  1163  1601 W ActivityManager: Slow operation: 51ms so far, now at startProcess: starting to update pids map
01-01 00:00:34.779  1163  1601 W ActivityManager: Slow operation: 51ms so far, now at startProcess: done updating pids map
01-01 00:00:34.779  1163  1601 W ActivityManager: Slow operation: 51ms so far, now at startProcess: done starting proc!
01-01 00:00:34.970  2149  2149 W ContextImpl: Calling a method in the system process without a qualified user: android.app.ContextImpl.bindService:1556 android.content.ContextWrapper.bindService:684 com.panasonic.dairse.service.hmi.support.HmiApplication.initEngInterface:756 com.panasonic.dairse.service.hmi.variantcoding.VariantCodeHandler.readStartupVCPUMainData:623 com.panasonic.dairse.service.hmi.masterdata.SettingsServiceHandler.handleLinuxMainDetails:342 
01-01 00:00:35.007  1163  1601 I ActivityManager: Start proc 2649:com.panasonic.dairse/1000 for service com.panasonic.dairse/.userdata.EngModeService
01-01 00:00:35.102  2565  2598 W ContextImpl: Calling a method in the system process without a qualified user: android.app.ContextImpl.startService:1476 android.content.ContextWrapper.startService:650 com.panasonic.dairse.vcpupersistence.VCPUPersistenceService$1.getAudioHandlingDetails:333 com.panasonic.dairse.vcpupersistence.IVCPUPersistenceService$Stub.onTransact:352 android.os.Binder.execTransact:706 
01-01 00:00:35.165  1163  1601 W ActivityManager: Unable to start service Intent { act=android.car.ICar pkg=com.android.car } U=0: not found
01-01 00:00:35.195  2565  2586 W ContextImpl: Calling a method in the system process without a qualified user: android.app.ContextImpl.startService:1476 android.content.ContextWrapper.startService:650 com.panasonic.dairse.vcpupersistence.VCPUPersistenceService$1.getLinuxRSETypeDetails:343 com.panasonic.dairse.vcpupersistence.IVCPUPersistenceService$Stub.onTransact:365 android.os.Binder.execTransact:706 
01-01 00:00:35.286  2122  2359 W ContextImpl: Calling a method in the system process without a qualified user: android.app.ContextImpl.startService:1476 android.content.ContextWrapper.startService:650 com.panasonic.dairse.logger.loggerapp.LoggerMainService.handleStartupPullCompleted:823 com.panasonic.dairse.logger.loggerapp.LoggerMainService.processReqFrame:609 com.panasonic.dairse.logger.loggerapp.LoggerMainService.receiveDataFromIGC:1624 
01-01 00:00:35.299  2122  2359 W ContextImpl: Calling a method in the system process without a qualified user: android.app.ContextImpl.startService:1476 android.content.ContextWrapper.startService:650 com.panasonic.dairse.logger.loggerapp.LoggerMainService.updateVolatileLogs:342 com.panasonic.dairse.logger.loggerapp.LoggerMainService.handleInitConfigData:952 com.panasonic.dairse.logger.loggerapp.LoggerMainService.processReqFrame:605 
01-01 00:00:35.314  2565  2586 W ContextImpl: Calling a method in the system process without a qualified user: android.app.ContextImpl.startService:1476 android.content.ContextWrapper.startService:650 com.panasonic.dairse.vcpupersistence.VCPUPersistenceService$1.getLinuxBluetoothDetails:352 com.panasonic.dairse.vcpupersistence.IVCPUPersistenceService$Stub.onTransact:378 android.os.Binder.execTransact:706 
01-01 00:00:35.327  2122  2680 W ContextImpl: Calling a method in the system process without a qualified user: android.app.ContextImpl.startService:1476 android.content.ContextWrapper.startService:650 com.panasonic.dairse.logger.loggerapp.services.LoggerEventService.makeLogSnapShot:272 com.panasonic.dairse.logger.loggerapp.services.LoggerEventService.onHandleIntent:128 android.app.IntentService$ServiceHandler.handleMessage:76 
01-01 00:00:35.356  2122  2680 W ContextImpl: Calling a method in the system process without a qualified user: android.app.ContextImpl.startService:1476 android.content.ContextWrapper.startService:650 com.panasonic.dairse.logger.loggerapp.services.LoggerEventService.updateVolatileLogs:178 com.panasonic.dairse.logger.loggerapp.services.LoggerEventService.onHandleIntent:140 android.app.IntentService$ServiceHandler.handleMessage:76 
01-01 00:00:35.412  2565  2586 W ContextImpl: Calling a method in the system process without a qualified user: android.app.ContextImpl.startService:1476 android.content.ContextWrapper.startService:650 com.panasonic.dairse.vcpupersistence.VCPUPersistenceService$1.getLinuxBrowserDetails:361 com.panasonic.dairse.vcpupersistence.IVCPUPersistenceService$Stub.onTransact:391 android.os.Binder.execTransact:706 
01-01 00:00:35.458  2610  2672 W ContextImpl: Calling a method in the system process without a qualified user: android.app.ContextImpl.startService:1476 android.content.ContextWrapper.startService:650 com.baidu.appsearch.util.ab.a:0 com.baidu.appsearch.download.UpdateReceiver$1.run:243 java.util.concurrent.ThreadPoolExecutor.runWorker:1162 
01-01 00:00:35.498  2610  2679 W ContextImpl: Calling a method in the system process without a qualified user: android.app.ContextImpl.startService:1476 android.content.ContextWrapper.startService:650 com.baidu.appsearch.util.ab.a:0 com.baidu.appsearch.downloads.DownloadManager.setup:66 com.baidu.appsearch.downloads.DownloadManager.<init>:83 
01-01 00:00:35.508  2565  2586 W ContextImpl: Calling a method in the system process without a qualified user: android.app.ContextImpl.startService:1476 android.content.ContextWrapper.startService:650 com.panasonic.dairse.vcpupersistence.VCPUPersistenceService$1.getLinuxWifiDetails:371 com.panasonic.dairse.vcpupersistence.IVCPUPersistenceService$Stub.onTransact:404 android.os.Binder.execTransact:706 
01-01 00:00:35.601  1163  1601 D WifiService: setWifiEnabled: true pid=2149, uid=1000, package=com.panasonic.dairse.service.hmi
01-01 00:00:35.603  1163  1601 I WifiService: WifiService trying to set country code to AE with persist set to true
01-01 00:00:35.645  1163  1601 D WifiService: setWifiEnabled: false pid=2149, uid=1000, package=com.panasonic.dairse.service.hmi
01-01 00:00:35.647  1163  1601 D WifiService: setWifiEnabled: true pid=2149, uid=1000, package=com.panasonic.dairse.service.hmi
01-01 00:00:35.649  1163  1601 I chatty  : uid=1000(system) Binder:1163_9 identical 1 line
01-01 00:00:35.653  1163  1601 D WifiService: setWifiEnabled: true pid=2149, uid=1000, package=com.panasonic.dairse.service.hmi
01-01 00:00:35.667  1163  1601 W ActivityManager: Unable to start service Intent { act=android.car.ICar pkg=com.android.car } U=0: not found
01-01 00:00:36.168  1163  1589 W ActivityManager: Unable to start service Intent { act=android.car.ICar pkg=com.android.car } U=0: not found
01-01 00:00:36.239   643   643 I android.hardware.wifi@1.0-service: Legacy HAL stop complete callback received
01-01 00:00:36.315  2122  2359 W ContextImpl: Calling a method in the system process without a qualified user: android.app.ContextImpl.startService:1476 android.content.ContextWrapper.startService:650 com.panasonic.dairse.logger.loggerapp.LoggerMainService.stopSTartupLogCollection:995 com.panasonic.dairse.logger.loggerapp.LoggerMainService.handleInitConfigData:957 com.panasonic.dairse.logger.loggerapp.LoggerMainService.processReqFrame:605 
01-01 00:00:36.321  2122  2359 W ContextImpl: Calling a method in the system process without a qualified user: android.app.ContextImpl.startService:1476 android.content.ContextWrapper.startService:650 com.panasonic.dairse.logger.loggerapp.LoggerMainService.handleInitConfigData:974 com.panasonic.dairse.logger.loggerapp.LoggerMainService.processReqFrame:605 com.panasonic.dairse.logger.loggerapp.LoggerMainService.receiveDataFromIGC:1624 
01-01 00:00:36.335  2122  2762 W ContextImpl: Calling a method in the system process without a qualified user: android.app.ContextImpl.startService:1476 android.content.ContextWrapper.startService:650 com.panasonic.dairse.logger.loggerapp.services.LoggerEventService.stopSTartupLogCollection:159 com.panasonic.dairse.logger.loggerapp.services.LoggerEventService.onHandleIntent:146 android.app.IntentService$ServiceHandler.handleMessage:76 
01-01 00:00:36.341  2122  2762 W ContextImpl: Calling a method in the system process without a qualified user: android.app.ContextImpl.startService:1476 android.content.ContextWrapper.startService:650 com.panasonic.dairse.logger.loggerapp.services.LoggerEventService.setupConfigData:295 com.panasonic.dairse.logger.loggerapp.services.LoggerEventService.onHandleIntent:95 android.app.IntentService$ServiceHandler.handleMessage:76 
01-01 00:00:36.514   643   643 I android.hardware.wifi@1.0-service: Wifi HAL stopped
01-01 00:00:36.516   821   821 I wificond: Unsubscribe scan result for interface with index: 7
01-01 00:00:36.519  1163  1197 E BatteryExternalStatsWorker: no controller energy info supplied for wifi
01-01 00:00:36.523  1163  1197 E BatteryExternalStatsWorker: no controller energy info supplied for wifi
01-01 00:00:36.671  1163  1589 W ActivityManager: Unable to start service Intent { act=android.car.ICar pkg=com.android.car } U=0: not found
01-01 00:00:37.027   643   643 I android.hardware.wifi@1.0-service: Wifi HAL started
01-01 00:00:37.173  1163  1589 W ActivityManager: Unable to start service Intent { act=android.car.ICar pkg=com.android.car } U=0: not found
01-01 00:00:37.280   821   821 I wificond: create scanner for interface with index: 7
01-01 00:00:37.280   821   821 I wificond: subscribe scan result for interface with index: 7
01-01 00:00:37.281   821   821 E wificond: No Offload Service available
01-01 00:00:37.281   821   821 I wificond: Offload HAL not supported 
01-01 00:00:37.590  1163  1197 E BatteryExternalStatsWorker: no controller energy info supplied for wifi
01-01 00:00:37.598  1163  1197 E BatteryExternalStatsWorker: no controller energy info supplied for wifi
01-01 00:00:37.615  1163  1207 W ProcessCpuTracker: Skipping unknown process pid 2823
01-01 00:00:37.616  1163  1207 W ProcessCpuTracker: Skipping unknown process pid 2824
01-01 00:00:37.675  1163  1589 W ActivityManager: Unable to start service Intent { act=android.car.ICar pkg=com.android.car } U=0: not found
01-01 00:00:38.678  1163  1589 I chatty  : uid=1000(system) Binder:1163_8 identical 2 lines
01-01 00:00:39.180  1163  1589 W ActivityManager: Unable to start service Intent { act=android.car.ICar pkg=com.android.car } U=0: not found
01-01 00:00:40.514  2122  2359 W ContextImpl: Calling a method in the system process without a qualified user: android.app.ContextImpl.startService:1476 android.content.ContextWrapper.startService:650 com.panasonic.dairse.logger.loggerapp.LoggerMainService.handleSeclinuxPerfRequest:735 com.panasonic.dairse.logger.loggerapp.LoggerMainService.processReqFrame:650 com.panasonic.dairse.logger.loggerapp.LoggerMainService.receiveDataFromIGC:1624 
01-01 00:00:40.519  2122  2923 W ContextImpl: Calling a method in the system process without a qualified user: android.app.ContextImpl.startService:1476 android.content.ContextWrapper.startService:650 com.panasonic.dairse.logger.loggerapp.services.LoggerEventService.handleSeclinuxErrorRequest:242 com.panasonic.dairse.logger.loggerapp.services.LoggerEventService.onHandleIntent:137 android.app.IntentService$ServiceHandler.handleMessage:76 
01-01 00:00:44.005  2308  2308 W ContextImpl: Calling a method in the system process without a qualified user: android.app.ContextImpl.startService:1476 android.content.ContextWrapper.startService:650 android.content.ContextWrapper.startService:650 com.opensynergy.automotive.candiagnostics.DiagOpBootReceiver.onReceive:27 android.app.ActivityThread.handleReceiver:3190 
01-01 00:00:44.016  1163  1334 D ConnectivityService: Got NetworkFactory Messenger for WIFI
01-01 00:00:44.016  1163  1334 D ConnectivityService: Got NetworkFactory Messenger for WIFI_UT
01-01 00:00:44.027  2308  2308 W ContextImpl: Calling a method in the system process without a qualified user: android.app.ContextImpl.bindService:1556 android.content.ContextWrapper.bindService:684 com.opensynergy.automotive.candiagnostics.DiagOperationsBluetooth.init:130 com.opensynergy.automotive.candiagnostics.DiagOperations.onCreate:145 android.app.ActivityThread.handleCreateService:3342 
01-01 00:00:44.033  1163  1589 I ActivityManager: Start proc 3011:android.process.media/u0a8 for broadcast com.android.providers.downloads/.DownloadReceiver
01-01 00:00:44.035  1163  1207 W ProcessCpuTracker: Skipping unknown process pid 3006
01-01 00:00:44.036  1163  1207 W ProcessCpuTracker: Skipping unknown process pid 3007
01-01 00:00:44.051  2308  2308 W ContextImpl: Calling a method in the system process without a qualified user: android.app.ContextImpl.bindService:1556 android.content.ContextWrapper.bindService:684 com.opensynergy.automotive.candiagnostics.FactoryCommands.init:24 com.opensynergy.automotive.candiagnostics.DiagOperations.onCreate:150 android.app.ActivityThread.handleCreateService:3342 
01-01 00:00:44.055  2308  2308 W ContextImpl: Calling a method in the system process without a qualified user: android.app.ContextImpl.bindService:1556 android.content.ContextWrapper.bindService:684 com.opensynergy.automotive.candiagnostics.DiagOperationsDisplay.initBrightnessService:47 com.opensynergy.automotive.candiagnostics.DiagOperations.onCreate:151 android.app.ActivityThread.handleCreateService:3342 
01-01 00:00:44.063  2308  2308 W ContextImpl: Calling a method in the system process without a qualified user: android.app.ContextImpl.bindService:1556 android.content.ContextWrapper.bindService:684 com.opensynergy.automotive.candiagnostics.DiagOperationsBrowser.initConnection:50 com.opensynergy.automotive.candiagnostics.DiagOperations.onStartCommand:131 android.app.ActivityThread.handleServiceArgs:3477 
01-01 00:00:44.097  1163  1601 I ActivityManager: Start proc 3028:com.panasonic.browser/u0a33 for service com.panasonic.browser/.BrowserServiceForDiag
--------- beginning of main
01-01 00:00:44.135  2308  2308 D DIAG_OPERATIONS: onServiceConnected success
01-01 00:00:44.135  2308  2308 D DIAG_OPERATIONS: serviceConnection.onServiceConnected end
01-01 00:00:44.135  2308  2308 D DIAG_OPERATIONS: FactoryCommands serviceConnection.onServiceConnected invoked
01-01 00:00:44.136  2308  2308 D DIAG_OPERATIONS: FactoryCommands onServiceConnected success
01-01 00:00:44.136  2308  2308 D DIAG_OPERATIONS: FactoryCommands serviceConnection.onServiceConnected end
01-01 00:00:44.136  2308  2308 D DIAG_OPERATIONS: SWR_DIAG_MF_001|DiagOperationsDisplay::onServiceConnected|0|brightnessService Connected
01-01 00:00:44.151  2092  2092 I ServiceManager: Waiting for service com.panasonic.dairse.reportinvalidusb.usbHubDetected...
01-01 00:00:44.194  1163  1601 D StorageManager: DAI: getStorageLowBytes: lowBytes=6132497940
01-01 00:00:44.219  1163  1601 D StorageManager: DAI: getStorageLowBytes: lowBytes=6132497940
01-01 00:00:44.221  1163  1589 D StorageManager: DAI: getStorageLowBytes: lowBytes=6132497940
01-01 00:00:44.251  2092  2092 I ServiceManager: Waiting for service com.panasonic.dairse.reportinvalidusb.usbHubDetected...
01-01 00:00:44.274  3028  3028 E BrServiceForDiag: onBind: registered receiver
01-01 00:00:44.279  2308  2308 D DIAG_OPERATIONS: SWR_DIAG_MF_001|DiagOperationsBrowser::initConnection|0|IBrowserServiceForDiag Service Connected
01-01 00:00:44.321  3011  3011 D MediaScannerReceiver: action: android.intent.action.MEDIA_MOUNTED path: /storage/emulated/0
01-01 00:00:44.352  2092  2092 I ServiceManager: Waiting for service com.panasonic.dairse.reportinvalidusb.usbHubDetected...
01-01 00:00:44.452  2092  2092 I ServiceManager: Waiting for service com.panasonic.dairse.reportinvalidusb.usbHubDetected...
01-01 00:00:44.479  3011  3011 D MediaScannerReceiver: action: android.intent.action.MEDIA_MOUNTED path: /storage/30B2-17E5
01-01 00:00:44.498  1163  1601 I ActivityManager: Start proc 3072:com.qualcomm.qti.qmmi/1000 for broadcast com.qualcomm.qti.qmmi/.framework.QmmiReceiver
01-01 00:00:44.553  2092  2092 I ServiceManager: Waiting for service com.panasonic.dairse.reportinvalidusb.usbHubDetected...
01-01 00:00:44.601   762   781 I sssv-lib: sendMsg enter
01-01 00:00:44.601   762   781 I sssv-lib: sendMsg complete.
01-01 00:00:44.616  3072  3072 I zygote64: The ClassLoaderContext is a special shared library.
01-01 00:00:44.653  2092  2092 I ServiceManager: Waiting for service com.panasonic.dairse.reportinvalidusb.usbHubDetected...
01-01 00:00:44.682  3072  3072 I Qmmi    : [Utils.java] [getSystemProperties] ro.bootmode=unknown
01-01 00:00:44.683  3072  3072 I Qmmi    : [QmmiReceiver.java] [onReceive] bootmode:unknown
01-01 00:00:44.688  1566  1566 I chatty  : uid=10027(com.daimler.rse.ntg6) expire 1 line
01-01 00:00:44.708  1555  1639 W QCNEJ   : |CORE| notifyScreenStateChanged failed
01-01 00:00:44.754  2092  2092 I ServiceManager: Waiting for service com.panasonic.dairse.reportinvalidusb.usbHubDetected...
01-01 00:00:44.813  1419  1419 W PackageManager: Failure retrieving resources for com.panasonic.hmi2appdrawer: Drawable com.panasonic.hmi2appdrawer:mipmap/ic_launcher with resource ID #0x7f030000
01-01 00:00:44.826  1419  1419 D KeyguardUpdateMonitor: received broadcast android.intent.action.BOOT_COMPLETED
01-01 00:00:44.833  1163  3093 I chatty  : uid=1000 system_server expire 1 line
01-01 00:00:44.847  1163  1601 I ActivityManager: Start proc 3094:com.panasonic.dairse.reportinvalidusb/1000 for broadcast com.panasonic.dairse.reportinvalidusb/.ReporterReceiver
01-01 00:00:44.854  2092  2092 I ServiceManager: Waiting for service com.panasonic.dairse.reportinvalidusb.usbHubDetected...
01-01 00:00:44.863  1163  3093 I BootReceiver: Copying audit failures to DropBox
01-01 00:00:44.864  1163  3093 I BootReceiver: Checking for fsck errors
01-01 00:00:44.865  1163  3093 I BootReceiver: file system unclean shutdown, fs_stat:0x9
01-01 00:00:44.866  1163  3093 I BootReceiver: fs_stat, partition:userdata stat:0x9
01-01 00:00:44.866  1163  3093 I BootReceiver: fs_stat, partition:dsp_a stat:0x3
01-01 00:00:44.883   843  1397 I LOWI-8.5.0.3.c: [LOWI-Scan] lowi_close_record:Scan completed in 22914ms and Recieved 1 APs scan results
01-01 00:00:44.884   843   960 I LOWI-8.5.0.3.c: [LOWIUtils] responseToOutPostcard - TO: GTP-FDAL, FROM:   LOWI-SERVER, RESP:  LOWI_ASYNC_DISCOVERY_SCAN_RESULTS
01-01 00:00:44.885   821   821 I wificond: Enters wifigbk_ageOutHistory
01-01 00:00:44.886   845  1004 W XTCC-6.1.2.10-a: [LOWIUtils] to_eScanTypeResponse - default case
01-01 00:00:44.886   845  1004 W XTCC-6.1.2.10-a: [WifiScanner] WiFi scan result : [1] AP's, async result: 1
01-01 00:00:44.892  2149  2149 I chatty  : uid=1000(system) com.panasonic.dairse.service.hmi expire 77 lines
01-01 00:00:44.955  2092  2092 I ServiceManager: Waiting for service com.panasonic.dairse.reportinvalidusb.usbHubDetected...
01-01 00:00:44.960  3094  3094 D com.panasonic.dairse.reportinvalidusb.ReporterReceiver: onReceive: ACTION_BOOT_COMPLETED
01-01 00:00:44.886   821   821 I wificond: Enters wifigbk_ageOutHistory
01-01 00:00:44.961  3094  3094 W ContextImpl: Calling a method in the system process without a qualified user: android.app.ContextImpl.startService:1476 android.content.ContextWrapper.startService:650 android.content.ContextWrapper.startService:650 com.panasonic.dairse.reportinvalidusb.ReporterReceiver.onReceive:36 android.app.ActivityThread.handleReceiver:3190 
01-01 00:00:44.964  3094  3094 W ContextImpl: Calling a method in the system process without a qualified user: android.app.ContextImpl.startService:1476 android.content.ContextWrapper.startService:650 android.content.ContextWrapper.startService:650 com.panasonic.dairse.reportinvalidusb.ReporterReceiver.onReceive:37 android.app.ActivityThread.handleReceiver:3190 
01-01 00:00:44.967  3094  3094 D com.panasonic.dairse.reportinvalidusb.ReporterReceiver: onReceive: DetectInvalidUSB Service
01-01 00:00:44.982  1163  1601 I ActivityManager: Start proc 3110:com.qti.diagservices/1000 for broadcast com.qti.diagservices/.Diag_OnBoot
01-01 00:00:44.986  3094  3094 E InvalidUSBService: onCreate
01-01 00:00:45.024  1566  2062 I chatty  : uid=10027(com.daimler.rse.ntg6) expire 4 lines
01-01 00:00:45.025  2038  2054 I chatty  : uid=1000(system) Binder:2038_3 expire 17 lines
01-01 00:00:45.025   973   985 D CanNativeService: DYNAMIC SECERET has been requested
01-01 00:00:45.025   973   985 D CanNativeService: IPString =0.0.0.0
01-01 00:00:45.025   973   985 D CanNativeService: PortString =00
01-01 00:00:45.027   973   985 I CanNativeService: MCPU|SWR_INFRA-WLAN|SWR_INFRA-WLAN_003|API=readDSK|0|DSK msg requested
01-01 00:00:45.027   973   985 D CanNativeService: dsk_status 0
01-01 00:00:45.027   973   985 E CanNativeService: MCPU|SWR_INFRA-WLAN|SWR_INFRA-WLAN_003|API=readDSK|0|DSK is not received from Linux
01-01 00:00:45.027  2038  2059 I chatty  : uid=1000(system) CANServiceThrea expire 4 lines
01-01 00:00:45.028  1566  1598 I chatty  : uid=10027(com.daimler.rse.ntg6) Binder:1566_1 expire 2 lines
01-01 00:00:45.028  1566  1951 I chatty  : uid=10027(com.daimler.rse.ntg6) expire 2 lines
01-01 00:00:45.029  1566  1598 I Connectivity_AIDL|AIDL_Handler.AIDL_Callbacks.CanServiceCallback: MBUX App Method: HandleCAN_Response |Line No: 65 |Log Type: Information |Message: out::Response from CAN Service:getDynamic_secret
01-01 00:00:45.030  1566  1951 I Connectivity_AIDL|AIDL_Handler.AIDL_Helpers.CanHelper: MBUX App Method: FoundCanDskData |Line No: 556 |Log Type: Information |Message: before:received Dsk List size:10
01-01 00:00:45.030  1566  1951 I Connectivity_AIDL|AIDL_Handler.AIDL_Helpers.CanHelper: MBUX App Method: FoundCanDskData |Line No: 558 |Log Type: Information |Message: before:received Dsk List from CAN AIDL Service:
01-01 00:00:45.030  1566  1951 I Connectivity_AIDL|AIDL_Handler.AIDL_Helpers.CanHelper: List[0]=FAILED
01-01 00:00:45.030  1566  1951 I Connectivity_AIDL|AIDL_Handler.AIDL_Helpers.CanHelper: List[1]=0.0.0.0
01-01 00:00:45.030  1566  1951 I Connectivity_AIDL|AIDL_Handler.AIDL_Helpers.CanHelper: List[2]=0
01-01 00:00:45.030  1566  1951 I Connectivity_AIDL|AIDL_Handler.AIDL_Helpers.CanHelper: List[3]=RSE_TYPE
01-01 00:00:45.030  1566  1951 I Connectivity_AIDL|AIDL_Handler.AIDL_Helpers.CanHelper: List[4]=NOTUSED
01-01 00:00:45.030  1566  1951 I Connectivity_AIDL|AIDL_Handler.AIDL_Helpers.CanHelper: List[5]=00:00:00:00:00:00
01-01 00:00:45.030  1566  1951 I Connectivity_AIDL|AIDL_Handler.AIDL_Helpers.CanHelper: List[6]=00:00:00:00:00:00
01-01 00:00:45.030  1566  1951 I Connectivity_AIDL|AIDL_Handler.AIDL_Helpers.CanHelper: List[7]=0.0.0.0
01-01 00:00:45.030  1566  1951 I Connectivity_AIDL|AIDL_Handler.AIDL_Helpers.CanHelper: List[8]=NOTUSED
01-01 00:00:45.030  1566  1951 I Connectivity_AIDL|AIDL_Handler.AIDL_Helpers.CanHelper: List[9]=d41d8cd98f00b204e9800998ecf8427e
01-01 00:00:45.030  1566  1951 W Connectivity_AIDL|AIDL_Handler.AIDL_Helpers.CanHelper: MBUX App Method: _canServiceCallback_DskReceived |Line No: 510 |Log Type: Critical |Message: :DSK Not Received/Corrupted DSK/Invalid DSK: _dskRequestCounter=4
01-01 00:00:45.030  1566  1951 I Connectivity_AIDL|AIDL_Handler.AIDL_Helpers.CanHelper: MBUX App Method: _canServiceCallback_DskReceived |Line No: 520 |Log Type: Critical |Message: 
01-01 00:00:45.030  1566  1951 I Connectivity_AIDL|AIDL_Handler.AIDL_Helpers.CanHelper: Started Retrying DskRequest-Counter:5
01-01 00:00:45.031  1566  1951 I Connectivity_AIDL|AIDL_Handler.AIDL_Callbacks.CanServiceCallback: MBUX App Method: HandleCAN_Response |Line No: 55 |Log Type: Information |Message: ::TaskCompleted:getDynamic_secret
01-01 00:00:45.056  2092  2092 E         : bindertest client is starting.....
01-01 00:00:45.056  2092  2092 E         : 
01-01 00:00:45.056  2092  2092 E         : Buffer Size = 1048576
01-01 00:00:45.057  2092  2092 E         : 
01-01 00:00:45.057  2092  2092 E         : <6>[   34.779058] QSEECOM: scm_call_qcpe:503 : OUT: 0x0, 0x0, 0xee01, 0x20002
01-01 00:00:45.057  2092  2092 E         : <31>[   34.925126] logd: logdr: UID=0 GID=1000 PID=2921 b tail=0 logMask=1f pid=0 start=0ns timeout=0ns
01-01 00:00:45.057  2092  2092 E         : <6>[   35.783951] QSEECOM: scm_call_qcpe:429 : IN: 0x70000006, 0x8887, 0x20002, 0xfe812000, 0x58, 0xfe812000, 0x2060e8000
01-01 00:00:45.057  2092  2092 E         : <6>[   35.792840] QSEECOM: scm_call_qcpe:503 : OUT: 0x0, 0x0, 0xee01, 0x20002
01-01 00:00:45.057  2092  2092 E         : <14>[   35.978166] init: Uptime: 00035.978051 LocalTime: 01-01 00:00:40.672
01-01 00:00:45.057  2092  2092 E         : <14>[   35.978185] init: 
01-01 00:00:45.057  2092  2092 E         : <6>[   36.797514] QSEECOM: scm_call_qcpe:429 : IN: 0x70000006, 0x8887, 0x20002, 0xfe812000, 0x58, 0xfe812000, 0x24d478000
01-01 00:00:45.057  2092  2092 E         : <6>[   36.803824] QSEECOM: scm_call_qcpe:503 : OUT: 0x0, 0x0, 0xee01, 0x20002
01-01 00:00:45.057  2092  2092 E         : <6>[   39.352587] CFG80211-ERROR) wl_run_escan :  LEGACY E-SCAN START
01-01 00:00:45.057  2092  2092 E         : <6>[   39.379328] CFG80211-ERROR) wl_run_escan : LEGACY_SCAN sync ID: 4660, bssidx: 0
01-01 00:00:45.057  2092  2092 E         : 
01-01 00:00:45.057  2092  2092 E         : USB Hub Detector 1.0
01-01 00:00:45.064  3110  3110 W ContextImpl: Calling a method in the system process without a qualified user: android.app.ContextImpl.startService:1476 android.content.ContextWrapper.startService:650 android.content.ContextWrapper.startService:650 com.qti.diagservices.Diag_OnBoot.onReceive:47 android.app.ActivityThread.handleReceiver:3190 
01-01 00:00:45.067  3110  3110 D Diag_OnBoot: Started Successfully
01-01 00:00:45.070  1555  1639 W QCNEJ   : |CORE| Phone id invalid or Service State available
01-01 00:00:45.071  1555  1639 W QCNEJ   : |CORE| notifyMobileDataEnabledChanged failed
01-01 00:00:45.072  3110  3110 E DiagJNIInterface: Trying to load libDiagService
01-01 00:00:45.074  1163  1163 I Telecom : DefaultDialerCache: Refreshing default dialer for user 0: now null: DDC.oR@AAw
01-01 00:00:45.090  1163  1163 I ActivityManager: Start proc 3129:com.android.cellbroadcastreceiver/u0a9 for broadcast com.android.cellbroadcastreceiver/.CellBroadcastReceiver
01-01 00:00:45.106  1163  3127 I ActivityManager: Start proc 3135:android.process.acore/u0a2 for content provider com.android.providers.contacts/.CallLogProvider
01-01 00:00:45.115  3110  3110 I Diag_Lib: Diag_LSM_Init call succeeded
01-01 00:00:45.198  3129  3129 D CellBroadcastReceiver: onReceive Intent { act=android.intent.action.BOOT_COMPLETED flg=0x9000010 cmp=com.android.cellbroadcastreceiver/.CellBroadcastReceiver (has extras) }
01-01 00:00:45.200  3129  3129 D CellBroadcastReceiver: Start Cell Broadcast configuration.
01-01 00:00:45.208  3129  3129 D CellBroadcastReceiver: Default interval 0 did not change.
01-01 00:00:45.212  1406  1406 I SystemBroadcastReceiver: Boot has been completed
01-01 00:00:45.212  1406  1406 I SystemBroadcastReceiver: toggleAppIcon() : FLAG_SYSTEM = true
01-01 00:00:45.223  3129  3163 D CellBroadcastSettings: subId: -1
01-01 00:00:45.223  3129  3163 D CellBroadcastSettings: value: false
01-01 00:00:45.232  1163  1588 I ActivityManager: Start proc 3165:com.android.managedprovisioning/u0a13 for broadcast com.android.managedprovisioning/.preprovisioning.BootReminder
01-01 00:00:45.283  3135  3135 I ContactsPerf: VoicemailContentProvider.onCreate start
01-01 00:00:45.289  3135  3135 I ContactsPerf: VoicemailContentProvider.onCreate finish
01-01 00:00:45.301  3135  3171 D ContactsDatabaseHelper: WAL enabled for contacts2.db: true
01-01 00:00:45.367  1163  1589 I ActivityManager: Start proc 3185:com.android.onetimeinitializer/u0a14 for broadcast com.android.onetimeinitializer/.OneTimeInitializerReceiver
01-01 00:00:45.407  3135  3171 I ContactLocale: AddressBook Labels [[en_GB]]: [, A, B, C, D, E, F, G, H, I, J, K, L, M, N, O, P, Q, R, S, T, U, V, W, X, Y, Z, , , , , , , , , , , , , , , , , , , , , , , , , , , , , , , , , , , , , , , , , , , , , , , , , , , , , , , , , , , , , , , , , , , , , , , , , , , , , , , , , , , , , , , , , , , , , , , , , , , , , , , , , , , , , , , , , , , , , , , , , , , , , , , , , , , , , , , , , , , , , , , , , , , , , , , , , , , , , , , , , , , , , , , , , , , , , , , , , , , , , , , , , , , #, ]
01-01 00:00:45.429  3135  3171 D ContactsDatabaseHelper: WAL enabled for profile.db: false
01-01 00:00:45.450  3185  3185 V OneTimeInitializerReceiver: OneTimeInitializerReceiver.onReceive
01-01 00:00:45.479  1163  1589 I ActivityManager: Start proc 3203:com.android.packageinstaller/1000 for broadcast com.android.packageinstaller/.TemporaryFileManager
01-01 00:00:45.589  2267  2267 I zygote64: The ClassLoaderContext is a special shared library.
01-01 00:00:45.602   762   781 I sssv-lib: sendMsg enter
01-01 00:00:45.602   762   781 I sssv-lib: sendMsg complete.
01-01 00:00:45.603  2267  2267 I ImsResolver: Initializing cache and binding.
01-01 00:00:45.622  2267  2267 I com.android.phone: Looking for service android.hidl.manager@1.0::IServiceManager/default
01-01 00:00:45.624  2267  2267 I com.android.phone: Starting thread pool.
01-01 00:00:45.717  1163  1589 I ActivityManager: Start proc 3224:com.android.smspush/u0a51 for service com.android.smspush/.WapPushManager
01-01 00:00:45.885  2267  2267 D QtiRilInterface: instance = com.qualcomm.qti.internal.telephony.QtiRilInterface@959d491
01-01 00:00:46.007  2267  2267 I SystemConfig: Removing unsupported features
01-01 00:00:46.033  2267  2267 I chatty  : uid=1001(radio) com.android.phone identical 31 lines
01-01 00:00:46.034  2267  2267 I SystemConfig: Removing unsupported features
01-01 00:00:46.034  2267  2267 D SystemConfig: Removed unsupport feature android.hardware.camera.autofocus
01-01 00:00:46.034  2267  2267 D SystemConfig: Removed unsupport feature android.hardware.camera.front
01-01 00:00:46.034  2267  2267 D SystemConfig: Removed unsupport feature android.hardware.sensor.light
01-01 00:00:46.034  2267  2267 D SystemConfig: Removed unsupport feature android.hardware.camera
01-01 00:00:46.034  2267  2267 D SystemConfig: Removed unsupport feature android.hardware.camera.any
01-01 00:00:46.036  2267  2267 I SystemConfig: Removing unsupported features
01-01 00:00:46.058  2267  2267 D ImsExternalCallTracker: Registering: Handler (com.android.internal.telephony.imsphone.ImsPhone) {a5e8cd0}
01-01 00:00:46.064  2080  2098 E PerMgrSrv: power on modem failed /dev/subsys_modem: Connection timed out
01-01 00:00:46.066  2080  2098 D PerMgrSrv: modem new state: is off-line
01-01 00:00:46.078  1419  1419 D KeyguardUpdateMonitor: received broadcast android.intent.action.SERVICE_STATE
01-01 00:00:46.079  1419  1419 V KeyguardUpdateMonitor: action android.intent.action.SERVICE_STATE serviceState={mVoiceRegState=1(OUT_OF_SERVICE), mDataRegState=1(OUT_OF_SERVICE), mVoiceRoamingType=home, mDataRoamingType=home, mVoiceOperatorAlphaLong=null, mVoiceOperatorAlphaShort=null, mDataOperatorAlphaLong=null, mDataOperatorAlphaShort=null, isManualNetworkSelection=false(automatic), mRilVoiceRadioTechnology=0(Unknown), mRilDataRadioTechnology=0(Unknown), mCssIndicator=unsupported, mNetworkId=0, mSystemId=0, mCdmaRoamingIndicator=0, mCdmaDefaultRoamingIndicator=0, mIsEmergencyOnly=false, mIsDataRoamingFromRegistration=false, mIsUsingCarrierAggregation=false, mLteEarfcnRsrpBoost=0} subId=2147483643 phoneId=0
01-01 00:00:46.080  1419  1419 D KeyguardUpdateMonitor: handleServiceStateChange(subId=2147483643, phoneId=0, serviceState={mVoiceRegState=1(OUT_OF_SERVICE), mDataRegState=1(OUT_OF_SERVICE), mVoiceRoamingType=home, mDataRoamingType=home, mVoiceOperatorAlphaLong=null, mVoiceOperatorAlphaShort=null, mDataOperatorAlphaLong=null, mDataOperatorAlphaShort=null, isManualNetworkSelection=false(automatic), mRilVoiceRadioTechnology=0(Unknown), mRilDataRadioTechnology=0(Unknown), mCssIndicator=unsupported, mNetworkId=0, mSystemId=0, mCdmaRoamingIndicator=0, mCdmaDefaultRoamingIndicator=0, mIsEmergencyOnly=false, mIsDataRoamingFromRegistration=false, mIsUsingCarrierAggregation=false, mLteEarfcnRsrpBoost=0}
01-01 00:00:46.088  2267  2267 D PhoneSwitcherNetworkRequstListener: Registering NetworkFactory
01-01 00:00:46.041  2267  2267 I chatty  : uid=1001(radio) com.android.phone identical 6 lines
01-01 00:00:46.042  2267  2267 I SystemConfig: Removing unsupported features
01-01 00:00:46.089  1163  1334 D ConnectivityService: Got NetworkFactory Messenger for PhoneSwitcherNetworkRequstListener
01-01 00:00:46.094  2267  2267 D QtiRilInterface: instance = com.qualcomm.qti.internal.telephony.QtiRilInterface@959d491
01-01 00:00:46.110  1163  1334 D ConnectivityService: Got NetworkFactory Messenger for TelephonyNetworkFactory[0]
01-01 00:00:46.112  2267  2267 I chatty  : uid=1001(radio) com.android.phone identical 1 line
01-01 00:00:46.113  2267  2267 D QtiRilInterface: instance = com.qualcomm.qti.internal.telephony.QtiRilInterface@959d491
01-01 00:00:46.139  2267  2267 D CarrierConfigLoader: CarrierConfigLoader has started
01-01 00:00:46.167  2267  2267 W ImsPhoneCallTracker: ImsManager is null when setting TTY mode
01-01 00:00:46.168  2267  2267 I TelecomFramework: TtyManager: updateUiTtyMode -1 -> 0
01-01 00:00:46.180  2267  2267 I VvmSimStateTracker: android.intent.action.BOOT_COMPLETED
01-01 00:00:46.186  2267  2267 D ImsResolver: maybeAddedImsService, packageName: null
01-01 00:00:46.187  2267  2267 D ImsResolver: ImsService added to cache: ComponentInfo{org.codeaurora.ims/org.codeaurora.ims.ImsService} with features: [0, 1]
01-01 00:00:46.188  2267  2267 I ImsResolver: Adding newly added ImsService to cache: ComponentInfo{org.codeaurora.ims/org.codeaurora.ims.ImsService}
01-01 00:00:46.191  2267  2267 I ImsResolver: Binding ImsService: ComponentInfo{org.codeaurora.ims/org.codeaurora.ims.ImsService} with features: [Pair{0 0}, Pair{0 1}]
01-01 00:00:46.192  2267  2267 I ImsServiceController: Binding ImsService:ComponentInfo{org.codeaurora.ims/org.codeaurora.ims.ImsService}
01-01 00:00:46.196  1163  1589 I ActivityManager: Start proc 3251:com.android.providers.calendar/u0a4 for broadcast com.android.providers.calendar/.CalendarReceiver
01-01 00:00:46.198  1163  1601 I chatty  : uid=1000(system) Binder:1163_9 expire 23 lines
01-01 00:00:46.226  1419  1419 V KeyguardUpdateMonitor: onSubscriptionInfoChanged()
01-01 00:00:46.228  1555  1639 I QCNEJ   : |CORE| phoneCount: 1
01-01 00:00:46.233  1419  1419 V KeyguardUpdateMonitor: onSubscriptionInfoChanged: list is null
01-01 00:00:46.244  2267  2288 D BluetoothHeadset: Proxy object connected
01-01 00:00:46.250  1419  1419 D KeyguardUpdateMonitor: received broadcast android.intent.action.SERVICE_STATE
01-01 00:00:46.251  2267  2267 D ServiceStateProvider: subId=2147483643
01-01 00:00:46.251  1419  1419 V KeyguardUpdateMonitor: action android.intent.action.SERVICE_STATE serviceState={mVoiceRegState=1(OUT_OF_SERVICE), mDataRegState=1(OUT_OF_SERVICE), mVoiceRoamingType=home, mDataRoamingType=home, mVoiceOperatorAlphaLong=null, mVoiceOperatorAlphaShort=null, mDataOperatorAlphaLong=null, mDataOperatorAlphaShort=null, isManualNetworkSelection=false(automatic), mRilVoiceRadioTechnology=0(Unknown), mRilDataRadioTechnology=0(Unknown), mCssIndicator=unsupported, mNetworkId=-1, mSystemId=-1, mCdmaRoamingIndicator=-1, mCdmaDefaultRoamingIndicator=-1, mIsEmergencyOnly=false, mIsDataRoamingFromRegistration=false, mIsUsingCarrierAggregation=false, mLteEarfcnRsrpBoost=0} subId=2147483643 phoneId=0
01-01 00:00:46.251  1419  1419 D KeyguardUpdateMonitor: handleServiceStateChange(subId=2147483643, phoneId=0, serviceState={mVoiceRegState=1(OUT_OF_SERVICE), mDataRegState=1(OUT_OF_SERVICE), mVoiceRoamingType=home, mDataRoamingType=home, mVoiceOperatorAlphaLong=null, mVoiceOperatorAlphaShort=null, mDataOperatorAlphaLong=null, mDataOperatorAlphaShort=null, isManualNetworkSelection=false(automatic), mRilVoiceRadioTechnology=0(Unknown), mRilDataRadioTechnology=0(Unknown), mCssIndicator=unsupported, mNetworkId=-1, mSystemId=-1, mCdmaRoamingIndicator=-1, mCdmaDefaultRoamingIndicator=-1, mIsEmergencyOnly=false, mIsDataRoamingFromRegistration=false, mIsUsingCarrierAggregation=false, mLteEarfcnRsrpBoost=0}
01-01 00:00:46.274  1163  1589 I chatty  : uid=1000(system) Binder:1163_8 expire 42 lines
01-01 00:00:46.277  1163  1173 I chatty  : uid=1000(system) HeapTaskDaemon expire 1 line
01-01 00:00:46.303  1555  1639 W QCNEJ   : |CORE| notifyWwanStatusChanged failed
01-01 00:00:46.303  1555  1639 W QCNEJ   : |CORE| notifyRatConnectionStatusChanged failed
01-01 00:00:46.324  3251  3251 I zygote64: The ClassLoaderContext is a special shared library.
01-01 00:00:46.333  3251  3251 I zygote64: The ClassLoaderContext is a special shared library.
01-01 00:00:46.361  1555  1639 W QCNEJ   : |CORE| notifyWwanStatusChanged failed
01-01 00:00:46.361  1555  1639 W QCNEJ   : |CORE| notifyRatConnectionStatusChanged failed
01-01 00:00:46.403  3251  3251 I CalendarProvider2: Created com.android.providers.calendar.CalendarAlarmManager@366eb61(com.android.providers.calendar.CalendarProvider2@c8ff686)
01-01 00:00:46.432  1555  1639 W QCNEJ   : |CORE| notifyWwanStatusChanged failed
01-01 00:00:46.432  1555  1639 W QCNEJ   : |CORE| notifyRatConnectionStatusChanged failed
01-01 00:00:46.490  1163  1601 I ActivityManager: Start proc 3271:com.android.providers.tv/u0a23 for broadcast com.android.providers.tv/.BootCompletedReceiver
01-01 00:00:46.519  1555  1639 W QCNEJ   : |CORE| notifyWwanStatusChanged failed
01-01 00:00:46.520  1555  1639 W QCNEJ   : |CORE| notifyRatConnectionStatusChanged failed
01-01 00:00:46.524  1163  1588 I chatty  : uid=1000(system) Binder:1163_7 expire 10 lines
01-01 00:00:46.563  2267  2267 I ImsExternalCallTracker: handleVideoCapabilitiesChanged : isVideoCapable = false
01-01 00:00:46.563  2267  2267 D ImsExternalCallTracker: refreshCallPullState
01-01 00:00:46.572  2267  2267 D PhoneSwitcherNetworkRequstListener: got request NetworkRequest [ BACKGROUND_REQUEST id=2, [ Transports: CELLULAR Capabilities: INTERNET&NOT_RESTRICTED&TRUSTED&NOT_VPN] ] with score 0
01-01 00:00:46.572  2267  2267 D PhoneSwitcherNetworkRequstListener: got request NetworkRequest [ REQUEST id=1, [ Capabilities: INTERNET&NOT_RESTRICTED&TRUSTED&NOT_VPN] ] with score 20
01-01 00:00:46.572  2267  2267 D PhoneSwitcherNetworkRequstListener: got request NetworkRequest [ TRACK_DEFAULT id=7, [ Capabilities: INTERNET&NOT_RESTRICTED&TRUSTED&NOT_VPN] ] with score 20
01-01 00:00:46.572  2267  2267 D PhoneSwitcherNetworkRequstListener: got request NetworkRequest [ TRACK_DEFAULT id=3, [ Capabilities: INTERNET&NOT_RESTRICTED&TRUSTED&NOT_VPN] ] with score 20
01-01 00:00:46.574  2267  2267 D TelephonyDebugService: TelephonyDebugService()
01-01 00:00:46.589  2267  2267 D CarrierConfigLoader: mHandler: 12 phoneId: 0
01-01 00:00:46.603   762   781 I sssv-lib: sendMsg enter
01-01 00:00:46.603   762   781 I sssv-lib: sendMsg complete.
01-01 00:00:46.747  2267  2267 W zygote64: ClassLoaderContext classpath element mismatch for position 0. expected=/vendor/framework/qti-vzw-ims-internal.jar, found=/system/vendor/framework/qti-vzw-ims-internal.jar (PCL[/vendor/framework/qti-vzw-ims-internal.jar*2906324531] | PCL[/system/vendor/framework/qti-vzw-ims-internal.jar*2906324531])
01-01 00:00:46.836  1566  2033 I Connectivity_AIDL|AIDL_Handler.AIDL_Helpers.LcmHelper: MBUX App Method: KeepAliveTest |Line No: 408 |Log Type: Critical |Message: ChildThread:MBUX-App HB Count: 8, ResponseCode: 0
01-01 00:00:46.907  1997  1997 I chatty  : uid=1000(system) com.panasonic.dairse.lifecycle.lifecyclemanagerapp expire 79 lines
01-01 00:00:46.907  1997  2026 I chatty  : uid=1000(system) Thread-2 expire 27 lines
01-01 00:00:46.948  2267  2267 I QImsService: ImsService : ImsService created!
01-01 00:00:47.072  2267  2267 I com.android.phone: Looking for service android.hidl.manager@1.0::IServiceManager/default
01-01 00:00:47.072  3271  3290 D SharedPreferencesImpl: Time required to fsync /data/user/0/com.android.providers.tv/shared_prefs/com.android.providers.tv_preferences.xml: [<1: 0, <2: 0, <4: 0, <8: 0, <16: 0, <32: 0, <64: 0, <128: 0, <256: 0, <512: 1, <1024: 0, <2048: 0, <4096: 0, <8192: 0, <16384: 0, >=16384: 0]
01-01 00:00:47.074  2267  2267 I com.android.phone: Starting thread pool.
01-01 00:00:47.077  1163  1490 I chatty  : uid=1000(system) Binder:1163_5 expire 45 lines
01-01 00:00:47.077  2267  2267 I QImsService: ImsSubController : onServiceDown :: phoneId=0
01-01 00:00:47.079  2267  2267 I QImsService: ImsServiceSub : onStackConfigChanged :: activeStacks[0]=false
01-01 00:00:47.079  2267  2267 I QImsService: ImsServiceSub : [phoneId=0] Constructor :: Registering with Sub Controller.
01-01 00:00:47.090  2267  2267 I QImsService: ImsServiceStateReceiver : updateHDIcon isVideo : false isVoice : false phoneId: 0 show HD Icon: true
01-01 00:00:47.092  2267  2267 E QImsService: ImsSenderRxr : mImsRadio is null. Can't sendREQUEST_QUERY_SERVICE_STATUS to QCRIL
01-01 00:00:47.092  2267  2267 I QImsService: IFRequest : [0000]< REQUEST_QUERY_SERVICE_STATUS error: 1
01-01 00:00:47.092  2267  2267 I QImsService: ImsService : setupImsSubscriptionMap :: numSlots=1
01-01 00:00:47.097  2267  2267 D         : JNI_OnLoad
01-01 00:00:47.097  2267  2267 D         : JvmPtr initialized to 538578703616
01-01 00:00:47.097  2267  2267 D ims_media_jni: register_ims_media
01-01 00:00:47.179  2267  2267 D VideoCall_ImsMedia: Registering for Media Listener
01-01 00:00:47.182  2267  2267 E QImsService: ImsServiceSub : ImsServiceClassTracker not found.
01-01 00:00:47.188  2483  2483 D QcrilMsgTunnelIfaceManager: handleMessage what = 1
01-01 00:00:47.190  2483  2483 I QcrilOemhookMsgTunnel: [0]invokeOemRilRequestRaw: serial=1000 length=16
01-01 00:00:47.190  2483  2483 E QcrilOemhookMsgTunnel: [0]oemHookService is not running.
01-01 00:00:47.191  2483  2483 E QcRilRequest: [1000] < OEM_HOOK_RAW error: com.android.internal.telephony.CommandException: RADIO_NOT_AVAILABLE
01-01 00:00:47.191  2483  2483 D QcrilMsgTunnelIfaceManager: handleMessage what = 2
01-01 00:00:47.193  2483  2483 D QcrilMsgTunnelIfaceManager: handleMessage what = 1
01-01 00:00:47.193  2483  2483 I QcrilOemhookMsgTunnel: [0]invokeOemRilRequestRaw: serial=1001 length=16
01-01 00:00:47.193  2483  2483 E QcrilOemhookMsgTunnel: [0]oemHookService is not running.
01-01 00:00:47.194  2483  2483 E QcRilRequest: [1001] < OEM_HOOK_RAW error: com.android.internal.telephony.CommandException: RADIO_NOT_AVAILABLE
01-01 00:00:47.194  2483  2483 D QcrilMsgTunnelIfaceManager: handleMessage what = 2
01-01 00:00:47.198  2483  2483 D QcrilMsgTunnelIfaceManager: handleMessage what = 1
01-01 00:00:47.198  2483  2483 I QcrilOemhookMsgTunnel: [0]invokeOemRilRequestRaw: serial=1002 length=24
01-01 00:00:47.199  2483  2483 E QcrilOemhookMsgTunnel: [0]oemHookService is not running.
01-01 00:00:47.199  2483  2483 E QcRilRequest: [1002] < OEM_HOOK_RAW error: com.android.internal.telephony.CommandException: RADIO_NOT_AVAILABLE
01-01 00:00:47.199  2483  2483 D QcrilMsgTunnelIfaceManager: handleMessage what = 2
01-01 00:00:47.202  2267  2267 D PhoneUtils: Logical Modem id:  phoneId: 0
01-01 00:00:47.202  2267  2267 D PhoneUtils: Returning default phone id
01-01 00:00:47.204  2267  2267 E PhoneInterfaceManager: [PhoneIntfMgr] getIccId: No UICC
01-01 00:00:47.221  2267  2267 D OpenGLRenderer: HWUI GL Pipeline
01-01 00:00:47.226  1163  1490 W Telecom : : registerPhoneAccount not allowed on non-voice capable device.: TSI.rPA@ABA
