01-01 00:00:55.499  2002  2002 I LCMANDR : SWR_OOB_HV_MF_009|FUN=ResourceMonitoringService::movingCpuAverage|2|Cpu moving average of core  1 is21.017038
01-01 00:00:55.499  2002  2002 I LCMANDR : SWR_OOB_HV_MF_009|FUN=ResourceMonitoringService::movingCpuAverage|2|Cpu moving average of core  2 is78.49469
01-01 00:00:55.499  2002  2002 D LCMANDR : SWR_OOB_HV_MF_009|FUN=ResourceMonitoringService::movingCpuAverage|2|Exiting VAL = 45.02191
01-01 00:00:55.715   753   780 I sssv-lib: sendMsg enter
01-01 00:00:55.715   753   780 I sssv-lib: sendMsg complete.
01-01 00:00:55.749  2002  2023 D LCMANDR : SWR_OOB_HV_MF_009|FUN=LifeCycleManagerService::LifeCycle_ReportCompStatus|GOT ALIVENESS SIGNAL FROM DAIAPP : [0]; HB Counter = [ 12 ]; STATUS INFO = [ 0 ]
01-01 00:00:55.749  1582  2039 I Connectivity_AIDL|AIDL_Handler.AIDL_Helpers.LcmHelper: MBUX App Method: KeepAliveTest |Line No: 408 |Log Type: Critical |Message: ChildThread:MBUX-App HB Count: 12, ResponseCode: 0
01-01 00:00:56.188  1171  2245 D CompatibilityInfo: mCompatibilityFlags - 4
01-01 00:00:56.189  1171  2245 D CompatibilityInfo: applicationDensity - 240
01-01 00:00:56.189  1171  2245 D CompatibilityInfo: applicationScale - 1.0
01-01 00:00:56.194  2203  3564 I chatty  : uid=1000(system) AsyncTask #3 expire 5 lines
01-01 00:00:56.196  2659  2671 I chatty  : uid=1000(system) Binder:2659_1 expire 1 line
01-01 00:00:56.196  2659  2671 W ContextImpl: Calling a method in the system process without a qualified user: android.app.ContextImpl.startService:1476 android.content.ContextWrapper.startService:650 com.panasonic.dairse.vcpupersistence.VCPUPersistenceService$1.executeLinuxCommand:392 com.panasonic.dairse.vcpupersistence.IVCPUPersistenceService$Stub.onTransact:437 android.os.Binder.execTransact:706 
01-01 00:00:56.198  2203  2203 I chatty  : uid=1000(system) com.panasonic.dairse.service.hmi expire 8 lines
01-01 00:00:56.199  1171  2256 D CompatibilityInfo: mCompatibilityFlags - 4
01-01 00:00:56.199  1171  2256 D CompatibilityInfo: applicationDensity - 240
01-01 00:00:56.199  1171  2256 D CompatibilityInfo: applicationScale - 1.0
01-01 00:00:56.202  2659  3565 I chatty  : uid=1000(system) com.panasonic.dairse.vcpupersistence expire 10 lines
01-01 00:00:56.203  2659  2692 I chatty  : uid=1000(system) .254.10.1:20500 expire 9 lines
01-01 00:00:56.215  2659  2693 I chatty  : uid=1000(system) .254.10.1:20500 expire 31 lines
01-01 00:00:56.220  2203  2203 D HMI_SERVICE: USE_CASE_NA|FUN=StoragedJobIntentService::lifeTimeMonitor|1|init
01-01 00:00:56.220  2203  2203 D HMI_SERVICE: USE_CASE_NA|FUN=StoragedJobIntentService::doAppMonitor|1|init
01-01 00:00:56.220  2203  2203 D HMI_SERVICE: USE_CASE_NA|FUN=StoragedJobIntentService::lifeTimeMonitor|1|init
01-01 00:00:56.220  2203  2203 D HMI_SERVICE: USE_CASE_NA|FUN=StoragedJobIntentService::doAppMonitor|1|init
01-01 00:00:56.220  2203  2203 D HMI_SERVICE: USE_CASE_NA|FUN=StoragedJobIntentService::lifeTimeMonitor|1|init
01-01 00:00:56.220  2203  2203 D HMI_SERVICE: USE_CASE_NA|FUN=StoragedJobIntentService::doAppMonitor|1|init
01-01 00:00:56.220  2203  2203 D HMI_SERVICE: USE_CASE_NA|FUN=StoragedJobIntentService::lifeTimeMonitorBaiduApps|1|init
01-01 00:00:56.220  2203  2203 D HMI_SERVICE: USE_CASE_NA|FUN=StoragedJobIntentService::onReceiveResult|1|continousWrite141407232
01-01 00:00:56.280  1171  1304 W ActivityManager: Background start not allowed: service Intent { act=com.android.providers.tv.intent.CLEAN_UP_EPG_DATA flg=0x4 cmp=com.android.providers.tv/.EpgDataCleanupService (has extras) } to com.android.providers.tv/.EpgDataCleanupService from pid=-1 uid=10023 pkg=com.android.providers.tv
01-01 00:00:56.281  1171  1345 I WifiService: isScanAlwaysAvailable uid=1000
01-01 00:00:56.281  1171  1345 I WifiService: getWifiEnabledState uid=1000
01-01 00:00:56.370  1171  2294 D CompatibilityInfo: mCompatibilityFlags - 4
01-01 00:00:56.370  1171  2294 D CompatibilityInfo: applicationDensity - 240
01-01 00:00:56.370  1171  2294 D CompatibilityInfo: applicationScale - 1.0
01-01 00:00:56.715   753   780 I sssv-lib: sendMsg enter
01-01 00:00:56.715   753   780 I sssv-lib: sendMsg complete.
01-01 00:00:56.823  2289  2307 I chatty  : uid=1000(system) HeapTaskDaemon expire 1 line
01-01 00:00:57.117   907  1432 I LOWI-8.5.0.3.c: [LOWI-Scan] lowi_close_record:Scan completed in 35100ms and Recieved 1 APs scan results
01-01 00:00:57.118   907   966 I LOWI-8.5.0.3.c: [LOWIUtils] responseToOutPostcard - TO: GTP-FDAL, FROM:   LOWI-SERVER, RESP:  LOWI_ASYNC_DISCOVERY_SCAN_RESULTS
01-01 00:00:57.118  1171  2256 D WificondControl: Scan result ready event
01-01 00:00:57.119  1171  1345 I WifiService: isScanAlwaysAvailable uid=1000
01-01 00:00:57.119  1171  1345 I WifiService: getWifiEnabledState uid=1000
01-01 00:00:57.120   909  1013 W XTCC-6.1.2.10-a: [LOWIUtils] to_eScanTypeResponse - default case
01-01 00:00:57.120   909  1013 W XTCC-6.1.2.10-a: [WifiScanner] WiFi scan result : [1] AP's, async result: 1
01-01 00:00:57.120   824   824 I wificond: Enters wifigbk_ageOutHistory
01-01 00:00:57.122  1171  1345 I WifiService: isScanAlwaysAvailable uid=1000
01-01 00:00:57.122  1171  1345 I WifiService: getWifiEnabledState uid=1000
01-01 00:00:57.126  2203  2203 D HMI_SERVICE: USE_CASE_NA|FUN=HmiApplication| [action] android.net.wifi.SCAN_RESULTS
01-01 00:00:57.121   824   824 I wificond: Enters wifigbk_ageOutHistory
01-01 00:00:57.485  1171  2256 I ActivityManager: Force stopping com.github.uiautomator appid=10062 user=0: from pid 3573
01-01 00:00:57.490  2261  2261 E PhoneInterfaceManager: [PhoneIntfMgr] getCarrierPackageNamesForIntent: No UICC
01-01 00:00:57.490  2261  2261 D CarrierSvcBindHelper: No carrier app for: 0
01-01 00:00:57.716   753   780 I sssv-lib: sendMsg enter
01-01 00:00:57.716   753   780 I sssv-lib: sendMsg complete.
01-01 00:00:57.921  2289  2812 I chatty  : uid=1000(system) com.panasonic.dairse.logger.loggerapp expire 13 lines
01-01 00:00:57.921   748   748 E         : LOGSVC|SWR_LOGGER_HV_MF_001|loggerservice::BnLoggerUtilityInterface::onTransact|2|Calling MSG: PID=2289, UID=1000
01-01 00:00:57.921   748   748 I         : LOGSVC|SWR_LOGGER_HV_MF_004|loggerservice::executecommand|2|mscriptMessage = cleanup afterzip
01-01 00:00:57.922   748   748 I         : LOGSVC|SWR_LOGGER_HV_MF_004|loggerservice::handleCleanupRqst|2|dltFunctionCheck = afterzip
01-01 00:00:58.000   748   748 I         : LOGSVC|SWR_LOGGER_HV_MF_004|loggerservice::handleCleanupRqst|1| crash logs, tomstones and screenshot removed after zip
01-01 00:00:58.028   748   748 I         : LOGSVC|SWR_LOGGER_HV_MF_004|loggerservice::executecommand|1|Permission change Applied Recursively...
01-01 00:00:58.029   748   748 E         : LOGSVC|SWR_LOGGER_HV_MF_001|loggerservice::BnLoggerUtilityInterface::onTransact|2|Calling MSG: PID=2289, UID=1000
01-01 00:00:58.029   748   748 I         : LOGSVC|SWR_LOGGER_HV_MF_004|loggerservice::executecommand|2|mscriptMessage = conswifi off
01-01 00:00:58.083   748   748 I         : LOGSVC|SWR_LOGGER_HV_MF_004|loggerservice::executecommand|1|Permission change Applied Recursively...
01-01 00:00:58.084   748   748 E         : LOGSVC|SWR_LOGGER_HV_MF_001|loggerservice::BnLoggerUtilityInterface::onTransact|2|Calling MSG: PID=2289, UID=1000
01-01 00:00:58.084   748   748 I         : LOGSVC|SWR_LOGGER_HV_MF_004|loggerservice::executecommand|2|mscriptMessage = dlt on
01-01 00:00:58.132   748   748 I         : LOGSVC|SWR_LOGGER_HV_MF_009|loggerservice::handleDltCntrl|1|dlt logging on..
01-01 00:00:58.160   748   748 I         : LOGSVC|SWR_LOGGER_HV_MF_004|loggerservice::executecommand|1|Permission change Applied Recursively...
01-01 00:00:58.160   748   748 E         : LOGSVC|SWR_LOGGER_HV_MF_001|loggerservice::BnLoggerUtilityInterface::onTransact|2|Calling MSG: PID=2289, UID=1000
01-01 00:00:58.160   748   748 I         : LOGSVC|SWR_LOGGER_HV_MF_004|loggerservice::executecommand|2|mscriptMessage = dlt copy
01-01 00:00:58.350  2002  2002 I chatty  : uid=1000(system) com.panasonic.dairse.lifecycle.lifecyclemanagerapp expire 108 lines
01-01 00:00:58.361  2077  2077 E         : 
01-01 00:00:58.361  2077  2077 E         : Buffer Size = 1048576
01-01 00:00:58.362  2077  2077 E         : 
01-01 00:00:58.362  2077  2077 E         : <31>[   34.577106] logd: logdr: UID=0 GID=1000 PID=3245 b tail=0 logMask=1f pid=0 start=0ns timeout=0ns
01-01 00:00:58.362  2077  2077 E         : <6>[   34.962770] QSEECOM: scm_call_qcpe:429 : IN: 0x70000006, 0x8887, 0x20002, 0xfe812000, 0x58, 0xfe812000, 0x253e1f000
01-01 00:00:58.362  2077  2077 E         : <6>[   34.967624] QSEECOM: scm_call_qcpe:503 : OUT: 0x0, 0x0, 0xee01, 0x20002
01-01 00:00:58.362  2077  2077 E         : <14>[   36.121349] init: Uptime: 00036.121239 LocalTime: 01-01 00:00:40.716
01-01 00:00:58.362  2077  2077 E         : <14>[   36.121369] init: 
01-01 00:00:58.362  2077  2077 E         : <3>[   38.590129] subsys-restart: wait_for_err_ready(): [modem]: Error ready timed out
01-01 00:00:58.362  2077  2077 E         : <6>[   38.601343] pil-q6v5-mss 2080000.qcom,mss: MSS is shutting down
01-01 00:00:58.362  2077  2077 E         : <4>[   38.627194] pil-q6v5-mss 2080000.qcom,mss: Port 0000000000000000 halt timeout
01-01 00:00:58.362  2077  2077 E         : <4>[   38.659610] pil-q6v5-mss 2080000.qcom,mss: Port 0000000000000000 halt timeout
01-01 00:00:58.362  2077  2077 E         : <14>[   46.121726] init: Uptime: 00046.121630 LocalTime: 01-01 00:00:50.716
01-01 00:00:58.362  2077  2077 E         : <14>[   46.121748] init: 
01-01 00:00:58.362  2077  2077 E         : <6>[   51.687059] CFG80211-ERROR) wl_run_escan :  LEGACY E-SCAN START
01-01 00:00:58.362  2077  2077 E         : <6>[   51.713759] CFG80211-ERROR) wl_run_escan : LEGACY_SCAN sync ID: 4660, bssidx: 0
01-01 00:00:58.362  2077  2077 E         : <14>[   53.459578] init: processi
01-01 00:00:58.362  2077  2077 E         : USB Hub Detector 1.0
01-01 00:00:58.451  2002  2023 I chatty  : uid=1000(system) Binder:2002_2 expire 4 lines
01-01 00:00:58.452  1582  1582 I Connectivity_AIDL|AIDL_Handler.AIDL_Helpers.LcmHelper: MBUX App Method: KeepAliveTest |Line No: 408 |Log Type: Critical |Message: MainThread:MBUX-App HB Count: 13, ResponseCode: 0
01-01 00:00:58.663  3599  3599 W ADebug  : Failed to get property persist.sys.media.traces
01-01 00:00:58.685  3599  3599 D AndroidRuntime: >>>>>> START com.android.internal.os.RuntimeInit uid 2000 <<<<<<
01-01 00:00:58.717   753   780 I sssv-lib: sendMsg enter
01-01 00:00:58.717   753   780 I sssv-lib: sendMsg complete.
01-01 00:00:58.757  1582  1948 I Connectivity_AIDL|AIDL_Handler.AIDL_Helpers.CanHelper: MBUX App Method: RetryDskRequestTimeout |Line No: 246 |Log Type: Information |Message: :in RetryDskRequestTimeout
01-01 00:00:58.757  1582  1948 I Connectivity_AIDL|AIDL_Handler.AIDL_Helpers.CanHelper: MBUX App Method: GetDynamicSecretKey |Line No: 388 |Log Type: Information |Message: :in GetDynamicSecretKey:, RetryDskRequest-Counter6
01-01 00:00:58.757  1582  1948 W Connectivity_AIDL|AIDL_Handler.AIDL_Helpers.CanHelper: MBUX App Method: GetDynamicSecretKey |Line No: 394 |Log Type: Warning |Message: :in GetDynamicSecretKey: RetryDskRequest-already active
01-01 00:00:58.757  1582  1948 I Connectivity_AIDL|AIDL_Handler.AIDL_Helpers.CanHelper: MBUX App Method: GetDynamicSecretKey |Line No: 408 |Log Type: Critical |Message: :RetryDskRequest-Counter:7
01-01 00:00:58.758  2042  2057 D CanService: Service getDynamic_secret() called.
01-01 00:00:58.758  2042  2057 D CanService: Calling CAN native service for retrieving HU wlan  details...
01-01 00:00:58.759   971  2834 D CanNativeService: DYNAMIC SECERET has been requested
01-01 00:00:58.759   971  2834 D CanNativeService: IPString =0.0.0.0
01-01 00:00:58.759   971  2834 D CanNativeService: PortString =00
01-01 00:00:58.759  2042  2057 D CanService: CAN getDynamicSecret listed.
01-01 00:00:58.759  2042  2057 D CanService: Sending callback for getDynamic_secret()
01-01 00:00:58.759  2042  2057 D CanService: Callback is not in list so added
01-01 00:00:58.759  2042  2057 D CanService: mHandler.obtainMessage and list size is8
01-01 00:00:58.760   971  2834 I CanNativeService: MCPU|SWR_INFRA-WLAN|SWR_INFRA-WLAN_003|API=readDSK|0|DSK msg requested
01-01 00:00:58.760   971  2834 D CanNativeService: dsk_status 0
01-01 00:00:58.760   971  2834 E CanNativeService: MCPU|SWR_INFRA-WLAN|SWR_INFRA-WLAN_003|API=readDSK|0|DSK is not received from Linux
01-01 00:00:58.760  2042  2060 E CANSERVICE: MCPU|SWR_INFRA-WLAN|SWR_INFRA-WLAN_003|API=getDynamic_secret|0|DSK is not available
01-01 00:00:58.760  2042  2060 D CanService: getDynamic_secret callback com.panasonic.dairse.can.apis.ICANServiceAsyncInterface$Stub$Proxy@264f512
01-01 00:00:58.761  1582  1619 I Connectivity_AIDL|AIDL_Handler.AIDL_Callbacks.CanServiceCallback: MBUX App Method: HandleCAN_Response |Line No: 24 |Log Type: Critical |Message: in::Response from CAN Service: RequestName:getDynamic_secret, ListSize:10, DskByteData received:True
01-01 00:00:58.762  1582  1619 I Connectivity_AIDL|AIDL_Handler.AIDL_Callbacks.CanServiceCallback: MBUX App Method: HandleCAN_Response |Line No: 46 |Log Type: Information |Message: ::TaskInit:getDynamic_secret
01-01 00:00:58.762  1582  1949 I Connectivity_AIDL|AIDL_Handler.AIDL_Callbacks.CanServiceCallback: MBUX App Method: HandleCAN_Response |Line No: 50 |Log Type: Information |Message: ::TaskStarted:getDynamic_secret
01-01 00:00:58.762  1582  1949 I Connectivity_AIDL|AIDL_Handler.AIDL_Helpers.CanHelper: MBUX App Method: _canServiceCallback_DskReceived |Line No: 498 |Log Type: Information |Message: in _canServiceCallback_DskReceived
01-01 00:00:58.763  1582  1949 I Connectivity_AIDL|AIDL_Handler.AIDL_Helpers.CanHelper: MBUX App Method: FoundCanDskData |Line No: 556 |Log Type: Information |Message: before:received Dsk List size:10
01-01 00:00:58.763  1582  1949 I Connectivity_AIDL|AIDL_Handler.AIDL_Helpers.CanHelper: MBUX App Method: FoundCanDskData |Line No: 558 |Log Type: Information |Message: before:received Dsk List from CAN AIDL Service:
01-01 00:00:58.763  1582  1949 I Connectivity_AIDL|AIDL_Handler.AIDL_Helpers.CanHelper: List[0]=FAILED
01-01 00:00:58.763  1582  1949 I Connectivity_AIDL|AIDL_Handler.AIDL_Helpers.CanHelper: List[1]=0.0.0.0
01-01 00:00:58.763  1582  1949 I Connectivity_AIDL|AIDL_Handler.AIDL_Helpers.CanHelper: List[2]=0
01-01 00:00:58.763  1582  1949 I Connectivity_AIDL|AIDL_Handler.AIDL_Helpers.CanHelper: List[3]=RSE_TYPE
01-01 00:00:58.763  1582  1949 I Connectivity_AIDL|AIDL_Handler.AIDL_Helpers.CanHelper: List[4]=NOTUSED
01-01 00:00:58.763  1582  1949 I Connectivity_AIDL|AIDL_Handler.AIDL_Helpers.CanHelper: List[5]=00:00:00:00:00:00
01-01 00:00:58.763  1582  1949 I Connectivity_AIDL|AIDL_Handler.AIDL_Helpers.CanHelper: List[6]=00:00:00:00:00:00
01-01 00:00:58.763  1582  1949 I Connectivity_AIDL|AIDL_Handler.AIDL_Helpers.CanHelper: List[7]=0.0.0.0
01-01 00:00:58.763  1582  1949 I Connectivity_AIDL|AIDL_Handler.AIDL_Helpers.CanHelper: List[8]=NOTUSED
01-01 00:00:58.763  1582  1949 I Connectivity_AIDL|AIDL_Handler.AIDL_Helpers.CanHelper: List[9]=d41d8cd98f00b204e9800998ecf8427e
01-01 00:00:58.764  1582  1949 W Connectivity_AIDL|AIDL_Handler.AIDL_Helpers.CanHelper: MBUX App Method: _canServiceCallback_DskReceived |Line No: 510 |Log Type: Critical |Message: :DSK Not Received/Corrupted DSK/Invalid DSK: _dskRequestCounter=7
01-01 00:00:58.764  1582  1949 I Connectivity_AIDL|AIDL_Handler.AIDL_Helpers.CanHelper: MBUX App Method: _canServiceCallback_DskReceived |Line No: 520 |Log Type: Critical |Message: 
01-01 00:00:58.764  1582  1949 I Connectivity_AIDL|AIDL_Handler.AIDL_Helpers.CanHelper: Started Retrying DskRequest-Counter:8
01-01 00:00:58.764  1582  1949 I Connectivity_AIDL|AIDL_Handler.AIDL_Callbacks.CanServiceCallback: MBUX App Method: HandleCAN_Response |Line No: 55 |Log Type: Information |Message: ::TaskCompleted:getDynamic_secret
01-01 00:00:58.765  1582  1619 I Connectivity_AIDL|AIDL_Handler.AIDL_Callbacks.CanServiceCallback: MBUX App Method: HandleCAN_Response |Line No: 65 |Log Type: Information |Message: out::Response from CAN Service:getDynamic_secret
01-01 00:00:58.871  3599  3599 I app_process: The ClassLoaderContext is a special shared library.
01-01 00:00:58.917  3599  3599 E System  : Unable to open boot classpath entry: /system/framework/android.car.jar
01-01 00:00:58.917  3599  3599 E System  : java.io.FileNotFoundException: File doesn't exist: /system/framework/android.car.jar
01-01 00:00:58.917  3599  3599 E System  : 	at java.util.zip.ZipFile.<init>(ZipFile.java:212)
01-01 00:00:58.917  3599  3599 E System  : 	at java.util.zip.ZipFile.<init>(ZipFile.java:149)
01-01 00:00:58.917  3599  3599 E System  : 	at java.util.jar.JarFile.<init>(JarFile.java:160)
01-01 00:00:58.917  3599  3599 E System  : 	at java.util.jar.JarFile.<init>(JarFile.java:97)
01-01 00:00:58.917  3599  3599 E System  : 	at libcore.io.ClassPathURLStreamHandler.<init>(ClassPathURLStreamHandler.java:47)
01-01 00:00:58.917  3599  3599 E System  : 	at java.lang.VMClassLoader.createBootClassPathUrlHandlers(VMClassLoader.java:49)
01-01 00:00:58.917  3599  3599 E System  : 	at java.lang.VMClassLoader.<clinit>(VMClassLoader.java:32)
01-01 00:00:58.917  3599  3599 E System  : 	at java.lang.BootClassLoader.findResource(ClassLoader.java:1360)
01-01 00:00:58.917  3599  3599 E System  : 	at java.lang.BootClassLoader.getResource(ClassLoader.java:1406)
01-01 00:00:58.917  3599  3599 E System  : 	at java.lang.ClassLoader.getResourceAsStream(ClassLoader.java:987)
01-01 00:00:58.917  3599  3599 E System  : 	at java.lang.Class.getResourceAsStream(Class.java:2211)
01-01 00:00:58.917  3599  3599 E System  : 	at java.util.logging.LogManager.readConfiguration(LogManager.java:1297)
01-01 00:00:58.917  3599  3599 E System  : 	at java.util.logging.LogManager$3.run(LogManager.java:390)
01-01 00:00:58.917  3599  3599 E System  : 	at java.util.logging.LogManager$3.run(LogManager.java:388)
01-01 00:00:58.917  3599  3599 E System  : 	at java.security.AccessController.doPrivileged(AccessController.java:69)
01-01 00:00:58.917  3599  3599 E System  : 	at java.util.logging.LogManager.readPrimordialConfiguration(LogManager.java:387)
01-01 00:00:58.917  3599  3599 E System  : 	at java.util.logging.LogManager.-wrap5(Unknown Source:0)
01-01 00:00:58.917  3599  3599 E System  : 	at java.util.logging.LogManager$2.run(LogManager.java:336)
01-01 00:00:58.917  3599  3599 E System  : 	at java.security.AccessController.doPrivileged(AccessController.java:43)
01-01 00:00:58.917  3599  3599 E System  : 	at java.util.logging.LogManager.ensureLogManagerInitialized(LogManager.java:329)
01-01 00:00:58.917  3599  3599 E System  : 	at java.util.logging.LogManager.getLogManager(LogManager.java:369)
01-01 00:00:58.917  3599  3599 E System  : 	at java.util.logging.Logger.demandLogger(Logger.java:449)
01-01 00:00:58.917  3599  3599 E System  : 	at java.util.logging.Logger.getLogger(Logger.java:505)
01-01 00:00:58.917  3599  3599 E System  : 	at android.icu.util.TimeZone.<clinit>(TimeZone.java:95)
01-01 00:00:58.917  3599  3599 E System  : 	at java.util.TimeZone.setDefault(TimeZone.java:746)
01-01 00:00:58.917  3599  3599 E System  : 	at com.android.internal.os.RuntimeInit.commonInit(RuntimeInit.java:192)
01-01 00:00:58.917  3599  3599 E System  : 	at com.android.internal.os.RuntimeInit.main(RuntimeInit.java:316)
01-01 00:00:58.923  3599  3599 D AndroidRuntime: Calling main entry com.android.commands.pm.Pm
01-01 00:00:58.930  3599  3599 D         : Environment::getOverlayDir() = /vendor/package/Default/system/vendor/overlay
01-01 00:00:58.933  3609  3609 E asset   : setgid: Operation not permitted
01-01 00:00:58.967  1171  2256 D StorageManager: DAI: getStorageLowBytes: lowBytes=6132497940
01-01 00:00:58.967  1171  2256 D StorageManager: DAI: getStorageFullBytes: fullBytes=5110414950
01-01 00:00:59.022   748   748 I         : LOGSVC|SWR_LOGGER_HV_MF_009|loggerservice::handleDltCntrl|1|dlt logs updated at EMMC..
01-01 00:00:59.050   748   748 I         : LOGSVC|SWR_LOGGER_HV_MF_004|loggerservice::executecommand|1|Permission change Applied Recursively...
01-01 00:00:59.054   748   748 E         : LOGSVC|SWR_LOGGER_HV_MF_001|loggerservice::BnLoggerUtilityInterface::onTransact|2|Calling MSG: PID=2289, UID=1000
01-01 00:00:59.054   748   748 I         : LOGSVC|SWR_LOGGER_HV_MF_004|loggerservice::executecommand|2|mscriptMessage = dlt off
01-01 00:00:59.103   748   748 I         : LOGSVC|SWR_LOGGER_HV_MF_009|loggerservice::handleDltCntrl|1|dlt logging off..
01-01 00:00:59.131   748   748 I         : LOGSVC|SWR_LOGGER_HV_MF_004|loggerservice::executecommand|1|Permission change Applied Recursively...
01-01 00:00:59.131   748   748 E         : LOGSVC|SWR_LOGGER_HV_MF_001|loggerservice::BnLoggerUtilityInterface::onTransact|2|Calling MSG: PID=2289, UID=1000
01-01 00:00:59.132   748   748 I         : LOGSVC|SWR_LOGGER_HV_MF_004|loggerservice::executecommand|2|mscriptMessage = screenshot 19700101120059.png
01-01 00:00:59.132   909  1013 W XTCC-6.1.2.10-a: [FDAL_ZPP_MGR] RequestNewZppFix: Getting ZPP
01-01 00:00:59.133   909  1013 E LocSvc_api_v02: locClientSendReq:2080]: invalid handle 
01-01 00:00:59.133   909  1013 E LocSvc_IzatApiV02: sendBestAvailablePosReq:1020]: error! status = 10, zpp_ind.status = 0
01-01 00:00:59.133   909  1013 W XTCC-6.1.2.10-a: [FDAL_ZPP_MGR] RequestNewZppFix 0.000000 0.000000 0.000000: ZPP Return Flag 0x0
01-01 00:00:59.133   909  1013 W XTCC-6.1.2.10-a: [FDAL_ZPP_MGR] RequestNewZppFix Expand the HEPE of previous ZPP fix. Not done
01-01 00:00:59.152  1171  2256 D StorageManager: DAI: getStorageLowBytes: lowBytes=6132497940
01-01 00:00:59.153  1171  2256 D StorageManager: DAI: getStorageFullBytes: fullBytes=5110414950
01-01 00:00:59.239  1171  2245 D StorageManager: DAI: getStorageLowBytes: lowBytes=6132497940
01-01 00:00:59.239  1171  2245 D StorageManager: DAI: getStorageFullBytes: fullBytes=5110414950
01-01 00:00:59.295  3623  3623 W ADebug  : Failed to get property persist.sys.media.traces
01-01 00:00:59.314  1171  2245 D StorageManager: DAI: getStorageLowBytes: lowBytes=6132497940
01-01 00:00:59.412  1171  1220 I ActivityManager: Start proc 3627:com.android.defcontainer/u0a6 for service com.android.defcontainer/.DefaultContainerService
01-01 00:00:59.433  1171  2245 D CompatibilityInfo: mCompatibilityFlags - 4
01-01 00:00:59.433  1171  2245 D CompatibilityInfo: applicationDensity - 240
01-01 00:00:59.433  1171  2245 D CompatibilityInfo: applicationScale - 1.0
01-01 00:00:59.436  1171  2245 D CompatibilityInfo: mCompatibilityFlags - 4
01-01 00:00:59.436  1171  2245 D CompatibilityInfo: applicationDensity - 240
01-01 00:00:59.436  1171  2245 D CompatibilityInfo: applicationScale - 1.0
01-01 00:00:59.495  1171  1220 D StorageManager: DAI: getStorageLowBytes: lowBytes=6132497940
01-01 00:00:59.495  1171  1220 D StorageManager: DAI: getStorageFullBytes: fullBytes=5110414950
01-01 00:00:59.585  1171  1200 I ActivityManager: Force stopping com.github.uiautomator appid=10062 user=-1: installPackageLI
01-01 00:00:59.705  2002  2030 I chatty  : uid=1000(system) Thread-2 expire 27 lines
01-01 00:00:59.707  1171  1220 I PackageManager: Package com.github.uiautomator codePath changed from /data/app/com.github.uiautomator-z2WSwlxMwLBBW_u2fkF2jQ== to /data/app/com.github.uiautomator-3GZDNt_L2Cf47S9BQ1ms3A==; Retaining data and using new
01-01 00:00:59.708  1171  1220 W PackageManager: Code path for com.github.uiautomator changing from /data/app/com.github.uiautomator-z2WSwlxMwLBBW_u2fkF2jQ== to /data/app/com.github.uiautomator-3GZDNt_L2Cf47S9BQ1ms3A==
01-01 00:00:59.708  1171  1220 W PackageManager: Resource path for com.github.uiautomator changing from /data/app/com.github.uiautomator-z2WSwlxMwLBBW_u2fkF2jQ== to /data/app/com.github.uiautomator-3GZDNt_L2Cf47S9BQ1ms3A==
01-01 00:00:59.717   753   780 I sssv-lib: sendMsg enter
01-01 00:00:59.718   753   780 I sssv-lib: sendMsg complete.
01-01 00:00:59.982  1171  1220 I PackageManager.DexOptimizer: Running dexopt (dexoptNeeded=1) on: /data/app/com.github.uiautomator-3GZDNt_L2Cf47S9BQ1ms3A==/base.apk pkg=com.github.uiautomator isa=arm64 dexoptFlags=boot_complete,public target-filter=quicken oatDir=/data/app/com.github.uiautomator-3GZDNt_L2Cf47S9BQ1ms3A==/oat sharedLibraries=PCL[]
01-01 00:01:00.003  1424  1424 D KeyguardUpdateMonitor: received broadcast android.intent.action.TIME_TICK
01-01 00:01:00.003  1424  1424 D KeyguardUpdateMonitor: handleTimeUpdate
01-01 00:01:00.021  1424  1424 W SYSTEM_UI: SWR_SYSTEM_UI_008|FUN=CollapsedStatusBarFragment::AndroidEventReceiver | getAction |1|Broadcast action:android.intent.action.TIME_TICK received
01-01 00:01:00.021  1424  1424 W SYSTEM_UI - CI07.3: className -> CollapsedStatusBarFragment | functionName -> setTime | value -> Setting the time to textView
01-01 00:01:00.023  1424  1424 W SYSTEM_UI: SWR_SYSTEM_UI_008|FUN=CollapsedStatusBarFragment::getTime |1|Get current time.
01-01 00:01:00.026  3646  3646 I dex2oat : /system/bin/dex2oat --input-vdex-fd=-1 --output-vdex-fd=10 --compiler-filter=quicken --classpath-dir=/data/app/com.github.uiautomator-3GZDNt_L2Cf47S9BQ1ms3A== --class-loader-context=PCL[]
01-01 00:01:00.195   909  1013 W XTCC-6.1.2.10-a: [FDAL_LOC_API] retryIfNeeded: Max Injection Retry Count reached. Assuming LP is unsupported
01-01 00:01:00.717     1   466 I init    : Uptime: 00056.122024 LocalTime: 01-01 00:01:00.717
01-01 00:01:00.719   753   780 I sssv-lib: sendMsg enter
01-01 00:01:00.719   753   780 I sssv-lib: sendMsg complete.
01-01 00:01:00.790  1582  2039 I Connectivity_AIDL|AIDL_Handler.AIDL_Helpers.LcmHelper: MBUX App Method: KeepAliveTest |Line No: 408 |Log Type: Critical |Message: ChildThread:MBUX-App HB Count: 14, ResponseCode: 0
01-01 00:01:00.830  2289  2289 I chatty  : uid=1000(system) com.panasonic.dairse.logger.loggerapp expire 1 line
01-01 00:01:01.444  1171  1200 I ActivityManager: Waited long enough for: ServiceRecord{58749fc u0 com.qti.csm/.securityLog.RunTask}
01-01 00:01:01.720   753   780 I sssv-lib: sendMsg enter
01-01 00:01:01.720   753   780 I sssv-lib: sendMsg complete.
01-01 00:01:01.878  3646  3646 I dex2oat : dex2oat took 1.853s (2.791s cpu) (threads: 4) arena alloc=4KB (4472B) java alloc=3MB (3207032B) native alloc=4MB (4346464B) free=1899KB (1944992B)
01-01 00:01:01.893  1171  1220 D PackageManager: Ephemeral installer not found with new action; try old one
01-01 00:01:01.893  1171  1220 D PackageManager: Clear ephemeral installer activity
01-01 00:01:02.080  1171  1220 I zygote64: Explicit concurrent copying GC freed 53767(2MB) AllocSpace objects, 11(476KB) LOS objects, 42% free, 9MB/15MB, paused 199us total 183.415ms
01-01 00:01:02.085   813  1263 E         : Couldn't opendir /data/app/vmdl88463262.tmp: No such file or directory
01-01 00:01:02.086   813  1263 E installd: Failed to delete /data/app/vmdl88463262.tmp: No such file or directory
01-01 00:01:02.088  1171  1220 I ActivityManager: Force stopping com.github.uiautomator appid=10062 user=0: pkg removed
01-01 00:01:02.090  3599  3599 I Pm      : Package com.github.uiautomator installed in 3164 ms
01-01 00:01:02.106  2716  2716 W HMI2APPDRAWER - CI07.1: className -> HMI2LauncherService | functionName -> NotifyInstallUninstall onReceive() | value -> onReceive Install/Un-Install Broadcast Event
01-01 00:01:02.106  1383  1383 D Avrcp   : AvrcpServiceBroadcastReceiver-> Action: android.intent.action.PACKAGE_REMOVED
01-01 00:01:02.110  1171  1322 I InputReader: Reconfiguring input devices.  changes=0x00000010
01-01 00:01:02.112  3599  3599 I app_process: System.exit called, status: 0
01-01 00:01:02.112  3599  3599 I AndroidRuntime: VM exiting with result code 0.
01-01 00:01:02.119  2710  2836 W ContextImpl: Calling a method in the system process without a qualified user: android.app.ContextImpl.startService:1476 android.content.ContextWrapper.startService:650 com.baidu.appsearch.util.ab.a:0 com.baidu.appsearch.download.UpdateReceiver$1.run:243 java.util.concurrent.ThreadPoolExecutor.runWorker:1162 
01-01 00:01:02.140  1171  1171 D CompatibilityInfo: mCompatibilityFlags - 4
01-01 00:01:02.140  1171  1171 D CompatibilityInfo: applicationDensity - 240
01-01 00:01:02.140  1171  1171 D CompatibilityInfo: applicationScale - 1.0
01-01 00:01:02.145  1171  1220 D CompatibilityInfo: mCompatibilityFlags - 4
01-01 00:01:02.145  1171  1220 D CompatibilityInfo: applicationDensity - 240
01-01 00:01:02.145  1171  1220 D CompatibilityInfo: applicationScale - 1.0
01-01 00:01:02.150  1171  1322 I InputReader: Reconfiguring input devices.  changes=0x00000010
01-01 00:01:02.151  1383  1383 D Avrcp   : AvrcpServiceBroadcastReceiver-> Action: android.intent.action.PACKAGE_ADDED
01-01 00:01:02.151  1383  1383 D Avrcp   : AvrcpServiceBroadcastReceiver-> packageName: com.github.uiautomator
01-01 00:01:02.151  1383  1383 D Avrcp   : packageName: com.github.uiautomator removed: false
01-01 00:01:02.153  2716  2716 W HMI2APPDRAWER - CI07.1: className -> HMI2LauncherService | functionName -> NotifyInstallUninstall onReceive() | value -> onReceive Install/Un-Install Broadcast Event
01-01 00:01:02.153  2716  2716 W HMI2APPDRAWER: SWR_BAIDU_HMI_0003|FUN=HMI2LauncherService::BroadcastReceiver::onReceive|1|onReceive receives the PACKAGE_ADDED intent after app installation.
01-01 00:01:02.154  1383  1383 D Avrcp   : isBrowsableListUpdated: false
01-01 00:01:02.159  2710  2813 W ContextImpl: Calling a method in the system process without a qualified user: android.app.ContextImpl.startService:1476 android.content.ContextWrapper.startService:650 com.baidu.appsearch.util.ab.a:0 com.baidu.appsearch.download.UpdateReceiver$1.run:243 java.util.concurrent.ThreadPoolExecutor.runWorker:1162 
01-01 00:01:02.161  2716  2716 W HMI2APPDRAWER - CI07.1: className -> HMI2LauncherService | functionName -> NotifyInstallUninstall onReceive() | value ->  installed package uid  -> 10062
01-01 00:01:02.171  2261  2261 D ImsResolver: maybeAddedImsService, packageName: com.github.uiautomator
01-01 00:01:02.176  2261  2261 E PhoneInterfaceManager: [PhoneIntfMgr] getCarrierPackageNamesForIntent: No UICC
01-01 00:01:02.176  2261  2261 D CarrierSvcBindHelper: No carrier app for: 0
01-01 00:01:02.177  2261  2261 E PhoneInterfaceManager: [PhoneIntfMgr] getCarrierPackageNamesForIntent: No UICC
01-01 00:01:02.177  2261  2261 D CarrierSvcBindHelper: No carrier app for: 0
01-01 00:01:02.203  1171  1322 I InputReader: Reconfiguring input devices.  changes=0x00000010
01-01 00:01:02.217  2261  2261 D CarrierConfigLoader: mHandler: 9 phoneId: 0
01-01 00:01:02.229  1171  1171 I Telecom : DefaultDialerCache: Refreshing default dialer for user 0: now null: DDC.oR@ABg
01-01 00:01:02.229  2203  2203 W HMI_SERVICE: USE_CASE_NA|FUN=HmiApplication|doNormalPkgList:NORMAL APP:com.github.uiautomator
01-01 00:01:02.229  2203  2203 W HMI_SERVICE: USE_CASE_NA|FUN=HmiApplication|doNormalPkgList:NORMAL APP10062
01-01 00:01:02.229  2203  2203 W HMI_SERVICE: USE_CASE_NA|FUN=HmiApplication|doNormalPkgList:NORMAL APP:com.github.uiautomator.test
01-01 00:01:02.229  2203  2203 W HMI_SERVICE: USE_CASE_NA|FUN=HmiApplication|doNormalPkgList:NORMAL APP10063
01-01 00:01:02.229  2203  2203 W HMI_SERVICE: USE_CASE_NA|FUN=HmiApplication|doNormalPkgList:NORMAL APP:com.android.chrome
01-01 00:01:02.229  2203  2203 W HMI_SERVICE: USE_CASE_NA|FUN=HmiApplication|doNormalPkgList:NORMAL APP10061
01-01 00:01:02.246  1171  1199 W TextServicesManagerService: no available spell checker services found
01-01 00:01:02.262  1171  1199 W Searchables: No global search activity found
01-01 00:01:02.274  1171  1199 W VoiceInteractionManagerService: no available voice recognition services found for user 0
01-01 00:01:02.270  1171  1199 W Searchables: No global search activity found
01-01 00:01:02.282  2203  2203 W HMI_SERVICE: USE_CASE_NA|FUN=HmiApplication|doNormalPkgList:NORMAL APP:com.github.uiautomator
01-01 00:01:02.283  2203  2203 W HMI_SERVICE: USE_CASE_NA|FUN=HmiApplication|doNormalPkgList:NORMAL APP10062
01-01 00:01:02.283  2203  2203 W HMI_SERVICE: USE_CASE_NA|FUN=HmiApplication|doNormalPkgList:NORMAL APP:com.github.uiautomator.test
01-01 00:01:02.283  2203  2203 W HMI_SERVICE: USE_CASE_NA|FUN=HmiApplication|doNormalPkgList:NORMAL APP10063
01-01 00:01:02.283  2203  2203 W HMI_SERVICE: USE_CASE_NA|FUN=HmiApplication|doNormalPkgList:NORMAL APP:com.android.chrome
01-01 00:01:02.283  2203  2203 W HMI_SERVICE: USE_CASE_NA|FUN=HmiApplication|doNormalPkgList:NORMAL APP10061
01-01 00:01:02.721   753   780 I sssv-lib: sendMsg enter
01-01 00:01:02.721   753   780 I sssv-lib: sendMsg complete.
01-01 00:01:02.972  3666  3666 W ADebug  : Failed to get property persist.sys.media.traces
01-01 00:01:02.994  3666  3666 D AndroidRuntime: >>>>>> START com.android.internal.os.RuntimeInit uid 2000 <<<<<<
01-01 00:01:03.130  3666  3666 I app_process: The ClassLoaderContext is a special shared library.
01-01 00:01:03.177  3666  3666 E System  : Unable to open boot classpath entry: /system/framework/android.car.jar
01-01 00:01:03.178  3666  3666 E System  : java.io.FileNotFoundException: File doesn't exist: /system/framework/android.car.jar
01-01 00:01:03.178  3666  3666 E System  : 	at java.util.zip.ZipFile.<init>(ZipFile.java:212)
01-01 00:01:03.178  3666  3666 E System  : 	at java.util.zip.ZipFile.<init>(ZipFile.java:149)
01-01 00:01:03.178  3666  3666 E System  : 	at java.util.jar.JarFile.<init>(JarFile.java:160)
01-01 00:01:03.178  3666  3666 E System  : 	at java.util.jar.JarFile.<init>(JarFile.java:97)
01-01 00:01:03.178  3666  3666 E System  : 	at libcore.io.ClassPathURLStreamHandler.<init>(ClassPathURLStreamHandler.java:47)
01-01 00:01:03.178  3666  3666 E System  : 	at java.lang.VMClassLoader.createBootClassPathUrlHandlers(VMClassLoader.java:49)
01-01 00:01:03.178  3666  3666 E System  : 	at java.lang.VMClassLoader.<clinit>(VMClassLoader.java:32)
01-01 00:01:03.178  3666  3666 E System  : 	at java.lang.BootClassLoader.findResource(ClassLoader.java:1360)
01-01 00:01:03.178  3666  3666 E System  : 	at java.lang.BootClassLoader.getResource(ClassLoader.java:1406)
01-01 00:01:03.178  3666  3666 E System  : 	at java.lang.ClassLoader.getResourceAsStream(ClassLoader.java:987)
01-01 00:01:03.178  3666  3666 E System  : 	at java.lang.Class.getResourceAsStream(Class.java:2211)
01-01 00:01:03.178  3666  3666 E System  : 	at java.util.logging.LogManager.readConfiguration(LogManager.java:1297)
01-01 00:01:03.178  3666  3666 E System  : 	at java.util.logging.LogManager$3.run(LogManager.java:390)
01-01 00:01:03.178  3666  3666 E System  : 	at java.util.logging.LogManager$3.run(LogManager.java:388)
01-01 00:01:03.178  3666  3666 E System  : 	at java.security.AccessController.doPrivileged(AccessController.java:69)
01-01 00:01:03.178  3666  3666 E System  : 	at java.util.logging.LogManager.readPrimordialConfiguration(LogManager.java:387)
01-01 00:01:03.178  3666  3666 E System  : 	at java.util.logging.LogManager.-wrap5(Unknown Source:0)
01-01 00:01:03.178  3666  3666 E System  : 	at java.util.logging.LogManager$2.run(LogManager.java:336)
01-01 00:01:03.178  3666  3666 E System  : 	at java.security.AccessController.doPrivileged(AccessController.java:43)
01-01 00:01:03.178  3666  3666 E System  : 	at java.util.logging.LogManager.ensureLogManagerInitialized(LogManager.java:329)
01-01 00:01:03.178  3666  3666 E System  : 	at java.util.logging.LogManager.getLogManager(LogManager.java:369)
01-01 00:01:03.178  3666  3666 E System  : 	at java.util.logging.Logger.demandLogger(Logger.java:449)
01-01 00:01:03.178  3666  3666 E System  : 	at java.util.logging.Logger.getLogger(Logger.java:505)
01-01 00:01:03.178  3666  3666 E System  : 	at android.icu.util.TimeZone.<clinit>(TimeZone.java:95)
01-01 00:01:03.178  3666  3666 E System  : 	at java.util.TimeZone.setDefault(TimeZone.java:746)
01-01 00:01:03.178  3666  3666 E System  : 	at com.android.internal.os.RuntimeInit.commonInit(RuntimeInit.java:192)
01-01 00:01:03.178  3666  3666 E System  : 	at com.android.internal.os.RuntimeInit.main(RuntimeInit.java:316)
01-01 00:01:03.184  3666  3666 D AndroidRuntime: Calling main entry com.android.commands.pm.Pm
01-01 00:01:03.189  3666  3666 D         : Environment::getOverlayDir() = /vendor/package/Default/system/vendor/overlay
01-01 00:01:03.193  3676  3676 E asset   : setgid: Operation not permitted
01-01 00:01:03.223  1171  1599 D StorageManager: DAI: getStorageLowBytes: lowBytes=6132497940
01-01 00:01:03.224  1171  1599 D StorageManager: DAI: getStorageFullBytes: fullBytes=5110414950
01-01 00:01:03.287  1171  1599 D StorageManager: DAI: getStorageLowBytes: lowBytes=6132497940
01-01 00:01:03.287  1171  1599 D StorageManager: DAI: getStorageFullBytes: fullBytes=5110414950
01-01 00:01:03.304  1171  1200 I ActivityManager: Waited long enough for: ServiceRecord{efb9732 u0 com.qualcomm.atfwd/.AtFwdService}
01-01 00:01:03.362  2077  2077 E         : 
01-01 00:01:03.362  2077  2077 E         : Buffer Size = 1048576
01-01 00:01:03.363  2077  2077 E         : 
01-01 00:01:03.363  2077  2077 E         : <31>[   34.577106] logd: logdr: UID=0 GID=1000 PID=3245 b tail=0 logMask=1f pid=0 start=0ns timeout=0ns
01-01 00:01:03.363  2077  2077 E         : <6>[   34.962770] QSEECOM: scm_call_qcpe:429 : IN: 0x70000006, 0x8887, 0x20002, 0xfe812000, 0x58, 0xfe812000, 0x253e1f000
01-01 00:01:03.363  2077  2077 E         : <6>[   34.967624] QSEECOM: scm_call_qcpe:503 : OUT: 0x0, 0x0, 0xee01, 0x20002
01-01 00:01:03.363  2077  2077 E         : <14>[   36.121349] init: Uptime: 00036.121239 LocalTime: 01-01 00:00:40.716
01-01 00:01:03.363  2077  2077 E         : <14>[   36.121369] init: 
01-01 00:01:03.363  2077  2077 E         : <3>[   38.590129] subsys-restart: wait_for_err_ready(): [modem]: Error ready timed out
01-01 00:01:03.363  2077  2077 E         : <6>[   38.601343] pil-q6v5-mss 2080000.qcom,mss: MSS is shutting down
01-01 00:01:03.363  2077  2077 E         : <4>[   38.627194] pil-q6v5-mss 2080000.qcom,mss: Port 0000000000000000 halt timeout
01-01 00:01:03.363  2077  2077 E         : <4>[   38.659610] pil-q6v5-mss 2080000.qcom,mss: Port 0000000000000000 halt timeout
01-01 00:01:03.363  2077  2077 E         : <14>[   46.121726] init: Uptime: 00046.121630 LocalTime: 01-01 00:00:50.716
01-01 00:01:03.363  2077  2077 E         : <14>[   46.121748] init: 
01-01 00:01:03.363  2077  2077 E         : <6>[   51.687059] CFG80211-ERROR) wl_run_escan :  LEGACY E-SCAN START
01-01 00:01:03.363  2077  2077 E         : <6>[   51.713759] CFG80211-ERROR) wl_run_escan : LEGACY_SCAN sync ID: 4660, bssidx: 0
01-01 00:01:03.363  2077  2077 E         : <14>[   53.459578] init: processi
01-01 00:01:03.363  2077  2077 E         : USB Hub Detector 1.0
01-01 00:01:03.372  1171  1599 D StorageManager: DAI: getStorageLowBytes: lowBytes=6132497940
01-01 00:01:03.372  1171  1599 D StorageManager: DAI: getStorageFullBytes: fullBytes=5110414950
01-01 00:01:03.435  1171  1599 D StorageManager: DAI: getStorageLowBytes: lowBytes=6132497940
01-01 00:01:03.454  1582  1582 I Connectivity_AIDL|AIDL_Handler.AIDL_Helpers.LcmHelper: MBUX App Method: KeepAliveTest |Line No: 408 |Log Type: Critical |Message: MainThread:MBUX-App HB Count: 15, ResponseCode: 0
01-01 00:01:03.530  1171  1200 I ActivityManager: Waited long enough for: ServiceRecord{e7abd18 u0 com.qualcomm.qti.callenhancement/.CallEnhancementService}
01-01 00:01:03.548  1171  1220 D StorageManager: DAI: getStorageLowBytes: lowBytes=6132497940
01-01 00:01:03.548  1171  1220 D StorageManager: DAI: getStorageFullBytes: fullBytes=5110414950
01-01 00:01:03.616  1171  1200 I ActivityManager: Force stopping com.github.uiautomator.test appid=10063 user=-1: installPackageLI
01-01 00:01:03.721   753   780 I sssv-lib: sendMsg enter
01-01 00:01:03.721   753   780 I sssv-lib: sendMsg complete.
01-01 00:01:03.757  1582  1949 I Connectivity_AIDL|AIDL_Handler.AIDL_Helpers.CanHelper: MBUX App Method: RetryDskRequestTimeout |Line No: 246 |Log Type: Information |Message: :in RetryDskRequestTimeout
01-01 00:01:03.757  1582  1949 I Connectivity_AIDL|AIDL_Handler.AIDL_Helpers.CanHelper: MBUX App Method: GetDynamicSecretKey |Line No: 388 |Log Type: Information |Message: :in GetDynamicSecretKey:, RetryDskRequest-Counter7
01-01 00:01:03.757  1582  1949 W Connectivity_AIDL|AIDL_Handler.AIDL_Helpers.CanHelper: MBUX App Method: GetDynamicSecretKey |Line No: 394 |Log Type: Warning |Message: :in GetDynamicSecretKey: RetryDskRequest-already active
01-01 00:01:03.758  1582  1949 I Connectivity_AIDL|AIDL_Handler.AIDL_Helpers.CanHelper: MBUX App Method: GetDynamicSecretKey |Line No: 408 |Log Type: Critical |Message: :RetryDskRequest-Counter:8
01-01 00:01:03.758  2042  2057 D CanService: Service getDynamic_secret() called.
01-01 00:01:03.758  2042  2057 D CanService: Calling CAN native service for retrieving HU wlan  details...
01-01 00:01:03.759   971  2834 D CanNativeService: DYNAMIC SECERET has been requested
01-01 00:01:03.759   971  2834 D CanNativeService: IPString =0.0.0.0
01-01 00:01:03.759   971  2834 D CanNativeService: PortString =00
01-01 00:01:03.759  2042  2057 D CanService: CAN getDynamicSecret listed.
01-01 00:01:03.759  2042  2057 D CanService: Sending callback for getDynamic_secret()
01-01 00:01:03.759  2042  2057 D CanService: Callback is not in list so added
01-01 00:01:03.759  2042  2057 D CanService: mHandler.obtainMessage and list size is9
01-01 00:01:03.760   971  2834 I CanNativeService: MCPU|SWR_INFRA-WLAN|SWR_INFRA-WLAN_003|API=readDSK|0|DSK msg requested
01-01 00:01:03.760   971  2834 D CanNativeService: dsk_status 0
01-01 00:01:03.760   971  2834 E CanNativeService: MCPU|SWR_INFRA-WLAN|SWR_INFRA-WLAN_003|API=readDSK|0|DSK is not received from Linux
01-01 00:01:03.760  2042  2060 E CANSERVICE: MCPU|SWR_INFRA-WLAN|SWR_INFRA-WLAN_003|API=getDynamic_secret|0|DSK is not available
01-01 00:01:03.761  2042  2060 D CanService: getDynamic_secret callback com.panasonic.dairse.can.apis.ICANServiceAsyncInterface$Stub$Proxy@59404e3
01-01 00:01:03.762  1582  1619 I Connectivity_AIDL|AIDL_Handler.AIDL_Callbacks.CanServiceCallback: MBUX App Method: HandleCAN_Response |Line No: 24 |Log Type: Critical |Message: in::Response from CAN Service: RequestName:getDynamic_secret, ListSize:10, DskByteData received:True
01-01 00:01:03.762  1582  1619 I Connectivity_AIDL|AIDL_Handler.AIDL_Callbacks.CanServiceCallback: MBUX App Method: HandleCAN_Response |Line No: 46 |Log Type: Information |Message: ::TaskInit:getDynamic_secret
01-01 00:01:03.762  1582  1950 I Connectivity_AIDL|AIDL_Handler.AIDL_Callbacks.CanServiceCallback: MBUX App Method: HandleCAN_Response |Line No: 50 |Log Type: Information |Message: ::TaskStarted:getDynamic_secret
01-01 00:01:03.762  1582  1950 I Connectivity_AIDL|AIDL_Handler.AIDL_Helpers.CanHelper: MBUX App Method: _canServiceCallback_DskReceived |Line No: 498 |Log Type: Information |Message: in _canServiceCallback_DskReceived
01-01 00:01:03.763  1582  1619 I Connectivity_AIDL|AIDL_Handler.AIDL_Callbacks.CanServiceCallback: MBUX App Method: HandleCAN_Response |Line No: 65 |Log Type: Information |Message: out::Response from CAN Service:getDynamic_secret
01-01 00:01:03.764  1582  1950 I Connectivity_AIDL|AIDL_Handler.AIDL_Helpers.CanHelper: MBUX App Method: FoundCanDskData |Line No: 556 |Log Type: Information |Message: before:received Dsk List size:10
01-01 00:01:03.764  1582  1950 I Connectivity_AIDL|AIDL_Handler.AIDL_Helpers.CanHelper: MBUX App Method: FoundCanDskData |Line No: 558 |Log Type: Information |Message: before:received Dsk List from CAN AIDL Service:
01-01 00:01:03.764  1582  1950 I Connectivity_AIDL|AIDL_Handler.AIDL_Helpers.CanHelper: List[0]=FAILED
01-01 00:01:03.764  1582  1950 I Connectivity_AIDL|AIDL_Handler.AIDL_Helpers.CanHelper: List[1]=0.0.0.0
01-01 00:01:03.764  1582  1950 I Connectivity_AIDL|AIDL_Handler.AIDL_Helpers.CanHelper: List[2]=0
01-01 00:01:03.764  1582  1950 I Connectivity_AIDL|AIDL_Handler.AIDL_Helpers.CanHelper: List[3]=RSE_TYPE
01-01 00:01:03.764  1582  1950 I Connectivity_AIDL|AIDL_Handler.AIDL_Helpers.CanHelper: List[4]=NOTUSED
01-01 00:01:03.764  1582  1950 I Connectivity_AIDL|AIDL_Handler.AIDL_Helpers.CanHelper: List[5]=00:00:00:00:00:00
01-01 00:01:03.764  1582  1950 I Connectivity_AIDL|AIDL_Handler.AIDL_Helpers.CanHelper: List[6]=00:00:00:00:00:00
01-01 00:01:03.764  1582  1950 I Connectivity_AIDL|AIDL_Handler.AIDL_Helpers.CanHelper: List[7]=0.0.0.0
01-01 00:01:03.764  1582  1950 I Connectivity_AIDL|AIDL_Handler.AIDL_Helpers.CanHelper: List[8]=NOTUSED
01-01 00:01:03.764  1582  1950 I Connectivity_AIDL|AIDL_Handler.AIDL_Helpers.CanHelper: List[9]=d41d8cd98f00b204e9800998ecf8427e
01-01 00:01:03.764  1582  1950 W Connectivity_AIDL|AIDL_Handler.AIDL_Helpers.CanHelper: MBUX App Method: _canServiceCallback_DskReceived |Line No: 510 |Log Type: Critical |Message: :DSK Not Received/Corrupted DSK/Invalid DSK: _dskRequestCounter=8
01-01 00:01:03.764  1582  1950 I Connectivity_AIDL|AIDL_Handler.AIDL_Helpers.CanHelper: MBUX App Method: _canServiceCallback_DskReceived |Line No: 520 |Log Type: Critical |Message: 
01-01 00:01:03.764  1582  1950 I Connectivity_AIDL|AIDL_Handler.AIDL_Helpers.CanHelper: Started Retrying DskRequest-Counter:9
01-01 00:01:03.764  1582  1948 I Connectivity_AIDL|AIDL_Handler.AIDL_Callbacks.CanServiceCallback: MBUX App Method: HandleCAN_Response |Line No: 55 |Log Type: Information |Message: ::TaskCompleted:getDynamic_secret
01-01 00:01:03.799  1171  1220 I PackageManager: Package com.github.uiautomator.test codePath changed from /data/app/com.github.uiautomator.test-_cFPcbbWjI4P_atAWQkXtw== to /data/app/com.github.uiautomator.test-XD-RmM46AIw6nPRwTNSwWQ==; Retaining data and using new
01-01 00:01:03.800  1171  1220 W PackageManager: Code path for com.github.uiautomator.test changing from /data/app/com.github.uiautomator.test-_cFPcbbWjI4P_atAWQkXtw== to /data/app/com.github.uiautomator.test-XD-RmM46AIw6nPRwTNSwWQ==
01-01 00:01:03.800  1171  1220 W PackageManager: Resource path for com.github.uiautomator.test changing from /data/app/com.github.uiautomator.test-_cFPcbbWjI4P_atAWQkXtw== to /data/app/com.github.uiautomator.test-XD-RmM46AIw6nPRwTNSwWQ==
01-01 00:01:03.863  1171  1200 I ActivityManager: Waited long enough for: ServiceRecord{90a8006 u0 com.qualcomm.qti.modemtestmode/.MbnSystemService}
01-01 00:01:04.057  1171  1220 I PackageManager.DexOptimizer: Running dexopt (dexoptNeeded=1) on: /data/app/com.github.uiautomator.test-XD-RmM46AIw6nPRwTNSwWQ==/base.apk pkg=com.github.uiautomator.test isa=arm64 dexoptFlags=boot_complete,debuggable,public target-filter=quicken oatDir=/data/app/com.github.uiautomator.test-XD-RmM46AIw6nPRwTNSwWQ==/oat sharedLibraries=PCL[/system/framework/android.test.mock.jar:/system/framework/android.test.runner.jar]
01-01 00:01:04.098  3680  3680 I dex2oat : /system/bin/dex2oat --input-vdex-fd=-1 --output-vdex-fd=10 --compiler-filter=quicken --debuggable --classpath-dir=/data/app/com.github.uiautomator.test-XD-RmM46AIw6nPRwTNSwWQ== --class-loader-context=PCL[/system/framework/android.test.mock.jar:/system/framework/android.test.runner.jar]
01-01 00:01:04.102  3680  3680 W dex2oat : Could not reserve sentinel fault page
01-01 00:01:04.157  1171  1200 I ActivityManager: Waited long enough for: ServiceRecord{e300e51 u0 com.qualcomm.simcontacts/.SimContactsService}
01-01 00:01:04.722   753   780 I sssv-lib: sendMsg enter
01-01 00:01:04.722   753   780 I sssv-lib: sendMsg complete.
01-01 00:01:04.841  3680  3680 I dex2oat : dex2oat took 743.907ms (1.432s cpu) (threads: 4) arena alloc=7KB (7392B) java alloc=1351KB (1384272B) native alloc=2MB (2794176B) free=2MB (2448704B)
01-01 00:01:04.852  1171  1220 D PackageManager: Ephemeral installer not found with new action; try old one
01-01 00:01:04.852  1171  1220 D PackageManager: Clear ephemeral installer activity
01-01 00:01:05.010  1171  1220 I zygote64: Explicit concurrent copying GC freed 108001(4MB) AllocSpace objects, 28(1328KB) LOS objects, 42% free, 9MB/16MB, paused 196us total 157.228ms
01-01 00:01:05.014   813  1263 E         : Couldn't opendir /data/app/vmdl848667655.tmp: No such file or directory
01-01 00:01:05.015   813  1263 E installd: Failed to delete /data/app/vmdl848667655.tmp: No such file or directory
01-01 00:01:05.016  1171  1220 I ActivityManager: Force stopping com.github.uiautomator.test appid=10063 user=0: pkg removed
01-01 00:01:05.018  3666  3666 I Pm      : Package com.github.uiautomator.test installed in 1831 ms
01-01 00:01:05.024  1171  1220 D CompatibilityInfo: mCompatibilityFlags - 4
01-01 00:01:05.024  1171  1220 D CompatibilityInfo: applicationDensity - 240
01-01 00:01:05.024  1171  1220 D CompatibilityInfo: applicationScale - 1.0
01-01 00:01:05.035  2710  2813 W ContextImpl: Calling a method in the system process without a qualified user: android.app.ContextImpl.startService:1476 android.content.ContextWrapper.startService:650 com.baidu.appsearch.util.ab.a:0 com.baidu.appsearch.download.UpdateReceiver$1.run:243 java.util.concurrent.ThreadPoolExecutor.runWorker:1162 
01-01 00:01:05.036  1383  1383 D Avrcp   : AvrcpServiceBroadcastReceiver-> Action: android.intent.action.PACKAGE_REMOVED
01-01 00:01:05.036  2716  2716 W HMI2APPDRAWER - CI07.1: className -> HMI2LauncherService | functionName -> NotifyInstallUninstall onReceive() | value -> onReceive Install/Un-Install Broadcast Event
01-01 00:01:05.037  2716  2716 W HMI2APPDRAWER - CI07.1: className -> HMI2LauncherService | functionName -> NotifyInstallUninstall onReceive() | value -> onReceive Install/Un-Install Broadcast Event
01-01 00:01:05.037  2716  2716 W HMI2APPDRAWER: SWR_BAIDU_HMI_0003|FUN=HMI2LauncherService::BroadcastReceiver::onReceive|1|onReceive receives the PACKAGE_ADDED intent after app installation.
01-01 00:01:05.038  3666  3666 I app_process: System.exit called, status: 0
01-01 00:01:05.038  3666  3666 I AndroidRuntime: VM exiting with result code 0.
01-01 00:01:05.039  1383  1383 D Avrcp   : AvrcpServiceBroadcastReceiver-> Action: android.intent.action.PACKAGE_ADDED
