01-01 01:11:52.271  2145  2145 D HMI_SERVICE: USE_CASE_NA|FUN=HmiApplication| [action] android.net.wifi.supplicant.STATE_CHANGE
01-01 01:11:52.274  3739  3739 E HMI2-SETTINGS - CI08.4: className -> WifiActivity | functionName -> mWifiScanReceiver -> onReceive | error ->intent_action:android.net.wifi.STATE_CHANGE
01-01 01:11:52.274  3739  3739 W HMI2-SETTINGS - CI08.4: className -> WifiActivity | functionName -> handleNetworkStateChanged | value -> detailedState->AUTHENTICATING
01-01 01:11:52.275  1151  1539 I WifiService: getConfiguredNetworks uid=1000
01-01 01:11:52.275  1392  1392 W SYSTEM_UI: SWR_SYSTEM_UI_008|FUN=CollapsedStatusBarFragment::AndroidEventReceiver | getAction |1|Broadcast action:android.net.wifi.STATE_CHANGE received
01-01 01:11:52.275  1392  1392 W SYSTEM_UI - CI07.3: className -> CollapsedStatusBarFragment | functionName -> AndroidEventReceiver | onReceive -->  | value -> Wifi connection status--> false
01-01 01:11:52.275  1392  1392 W SYSTEM_UI: SWR_SYSTEM_UI_008|FUN=CollapsedStatusBarFragment::isConnected |1|Wifi connection status--> false
01-01 01:11:52.275  1392  1392 W SYSTEM_UI - CI07.3: className -> CollapsedStatusBarFragment | functionName -> updateHermsDataType | value -> Update Herms Data Type :: networkType --> 0
01-01 01:11:52.275  1392  1392 W SYSTEM_UI - CI07.3: className -> CollapsedStatusBarFragment | functionName -> updateHermsDataType | value -> Update Herms Data Type :: isWebsiteSecure --> false
01-01 01:11:52.275  1392  1392 W SYSTEM_UI - CI07.3: className -> CollapsedStatusBarFragment | functionName -> updateHermsDataType | value -> Update Herms Data Type :: connection status --> 1
01-01 01:11:52.275  1392  1392 W SYSTEM_UI - CI07.3: className -> CollapsedStatusBarFragment | functionName -> updateHermsDataType | value -> Update Herms Data Type :: data Transfer --> false
01-01 01:11:52.275  1392  1392 W SYSTEM_UI - CI07.3: className -> CollapsedStatusBarFragment | functionName -> updateHermsDataType | value -> Update Herms Data Type :: wifiConnectionStatus --> false
01-01 01:11:52.275  1392  1392 W SYSTEM_UI - CI07.3: className -> CollapsedStatusBarFragment | functionName -> updateHermsDataType | value -> path 2
01-01 01:11:52.275  1392  1392 W SYSTEM_UI - CI07.3: className -> CollapsedStatusBarFragment | functionName -> updateHermsDataType | value -> path 3
01-01 01:11:52.275  1508  1601 W QCNEJ   : |CORE| notifyWifiStatusChanged failed
01-01 01:11:52.275  1508  1601 W QCNEJ   : |CORE| notifyRatConnectionStatusChanged failed
01-01 01:11:52.276  3739  3739 W HMI2-SETTINGS - CI08.4: className -> WifiActivity | functionName -> getConfig: success-> | value -> "RSE_Test"
01-01 01:11:52.276  3739  3739 W HMI2-SETTINGS - CI08.4: className -> WifiActivity | functionName -> getConnectSummary | value -> getConnectSummaryID: 193 SSID: "RSE_Test" PROVIDER-NAME: null BSSID: null FQDN: null PRIO: 0 HIDDEN: false
01-01 01:11:52.276  3739  3739 W HMI2-SETTINGS - CI08.4:  NetworkSelectionStatus NETWORK_SELECTION_ENABLED
01-01 01:11:52.276  3739  3739 W HMI2-SETTINGS - CI08.4:  hasEverConnected: false
01-01 01:11:52.276  3739  3739 W HMI2-SETTINGS - CI08.4:  KeyMgmt: WPA_PSK Protocols: WPA RSN
01-01 01:11:52.276  3739  3739 W HMI2-SETTINGS - CI08.4:  AuthAlgorithms: OPEN
01-01 01:11:52.276  3739  3739 W HMI2-SETTINGS - CI08.4:  PairwiseCiphers: TKIP CCMP
01-01 01:11:52.276  3739  3739 W HMI2-SETTINGS - CI08.4:  GroupCiphers: TKIP CCMP
01-01 01:11:52.276  3739  3739 W HMI2-SETTINGS - CI08.4:  PSK: *
01-01 01:11:52.276  3739  3739 W HMI2-SETTINGS - CI08.4: 
01-01 01:11:52.276  3739  3739 W HMI2-SETTINGS - CI08.4:  sim_num 
01-01 01:11:52.276  3739  3739 W HMI2-SETTINGS - CI08.4: Enterprise config:
01-01 01:11:52.276  3739  3739 W HMI2-SETTINGS - CI08.4: IP config:
01-01 01:11:52.276  3739  3739 W HMI2-SETTINGS - CI08.4: IP assignment: DHCP
01-01 01:11:52.276  3739  3739 W HMI2-SETTINGS - CI08.4: Proxy settings: NONE
01-01 01:11:52.276  3739  3739 W HMI2-SETTINGS - CI08.4:  cuid=1000 cname=android.uid.system:1000 luid=1000 lname=android.uid.system:1000 lcuid=1000 userApproved=USER_UNSPECIFIED noInternetAccessExpected=false roamingFailureBlackListTimeMilli: 1000
01-01 01:11:52.276  3739  3739 W HMI2-SETTINGS - CI08.4: recentFailure: Association Rejection code: 0
01-01 01:11:52.276  3739  3739 W HMI2-SETTINGS - CI08.4: ShareThisAp: false
01-01 01:11:52.276  3739  3739 W HMI2-SETTINGS - CI08.4: className -> WifiActivity | functionName -> getConnectSummary : | value ->  Saved
01-01 01:11:52.277  2145  2145 D HMI_SERVICE: USE_CASE_NA|FUN=HmiApplication| [action] android.net.wifi.STATE_CHANGE
01-01 01:11:52.277  2145  2145 D HMI_SERVICE: USE_CASE_NA|FUN=HmiApplication| [action] android.net.wifi.supplicant.STATE_CHANGE
01-01 01:11:52.305  3023  3023 E wpa_supplicant: Notifying state change event to hidl control: 8
01-01 01:11:52.306  3023  3023 I wpa_supplicant: wlan0: WPA: Key negotiation completed with ec:58:ea:f6:10:88 [PTK=CCMP GTK=CCMP]
01-01 01:11:52.307  3023  3023 I wpa_supplicant: wlan0: CTRL-EVENT-CONNECTED - Connection to ec:58:ea:f6:10:88 completed [id=0 id_str=%7B%22configKey%22%3A%22%5C%22RSE_Test%5C%22WPA_PSK%22%2C%22creatorUid%22%3A%221000%22%7D]
01-01 01:11:52.307  3023  3023 E wpa_supplicant: Notifying state change event to hidl control: 9
01-01 01:11:52.308  2145  2145 D HMI_SERVICE: USE_CASE_NA|FUN=HmiApplication| [action] android.net.wifi.supplicant.STATE_CHANGE
01-01 01:11:52.309   921  1439 I LOWI-8.5.0.3.c: [LOWI-Scan] get_intf_mode: WLAN interface type 2, err 0
01-01 01:11:52.311  2145  2145 D HMI_SERVICE: USE_CASE_NA|FUN=HmiApplication| [action] android.net.wifi.STATE_CHANGE
01-01 01:11:52.311  1392  1392 W SYSTEM_UI: SWR_SYSTEM_UI_008|FUN=CollapsedStatusBarFragment::AndroidEventReceiver | getAction |1|Broadcast action:android.net.wifi.STATE_CHANGE received
01-01 01:11:52.311  1392  1392 W SYSTEM_UI - CI07.3: className -> CollapsedStatusBarFragment | functionName -> AndroidEventReceiver | onReceive -->  | value -> Wifi connection status--> false
01-01 01:11:52.311  1508  1601 W QCNEJ   : |CORE| notifyWifiStatusChanged failed
01-01 01:11:52.311  1392  1392 W SYSTEM_UI: SWR_SYSTEM_UI_008|FUN=CollapsedStatusBarFragment::isConnected |1|Wifi connection status--> false
01-01 01:11:52.311  1392  1392 W SYSTEM_UI - CI07.3: className -> CollapsedStatusBarFragment | functionName -> updateHermsDataType | value -> Update Herms Data Type :: networkType --> 0
01-01 01:11:52.311  1392  1392 W SYSTEM_UI - CI07.3: className -> CollapsedStatusBarFragment | functionName -> updateHermsDataType | value -> Update Herms Data Type :: isWebsiteSecure --> false
01-01 01:11:52.311  1392  1392 W SYSTEM_UI - CI07.3: className -> CollapsedStatusBarFragment | functionName -> updateHermsDataType | value -> Update Herms Data Type :: connection status --> 1
01-01 01:11:52.311  1508  1601 W QCNEJ   : |CORE| notifyRatConnectionStatusChanged failed
01-01 01:11:52.311  1392  1392 W SYSTEM_UI - CI07.3: className -> CollapsedStatusBarFragment | functionName -> updateHermsDataType | value -> Update Herms Data Type :: data Transfer --> false
01-01 01:11:52.311  1392  1392 W SYSTEM_UI - CI07.3: className -> CollapsedStatusBarFragment | functionName -> updateHermsDataType | value -> Update Herms Data Type :: wifiConnectionStatus --> false
01-01 01:11:52.311  1392  1392 W SYSTEM_UI - CI07.3: className -> CollapsedStatusBarFragment | functionName -> updateHermsDataType | value -> path 2
01-01 01:11:52.311  1151  1317 D WifiConfiguration: configKey: false
01-01 01:11:52.311  1392  1392 W SYSTEM_UI - CI07.3: className -> CollapsedStatusBarFragment | functionName -> updateHermsDataType | value -> path 3
01-01 01:11:52.311  1151  1317 D WifiConfiguration: configKey: false
01-01 01:11:52.312  3739  3739 E HMI2-SETTINGS - CI08.4: className -> WifiActivity | functionName -> mWifiScanReceiver -> onReceive | error ->intent_action:android.net.wifi.STATE_CHANGE
01-01 01:11:52.312  3739  3739 W HMI2-SETTINGS - CI08.4: className -> WifiActivity | functionName -> handleNetworkStateChanged | value -> detailedState->AUTHENTICATING
01-01 01:11:52.313  1151  1539 I WifiService: getConfiguredNetworks uid=1000
01-01 01:11:52.316  1508  1601 W QCNEJ   : |CORE| notifyWifiStatusChanged failed
01-01 01:11:52.316  1508  1601 W QCNEJ   : |CORE| notifyRatConnectionStatusChanged failed
01-01 01:11:52.317  1392  1392 W SYSTEM_UI: SWR_SYSTEM_UI_008|FUN=CollapsedStatusBarFragment::AndroidEventReceiver | getAction |1|Broadcast action:android.net.wifi.STATE_CHANGE received
01-01 01:11:52.317  1392  1392 W SYSTEM_UI - CI07.3: className -> CollapsedStatusBarFragment | functionName -> AndroidEventReceiver | onReceive -->  | value -> Wifi connection status--> false
01-01 01:11:52.317  1392  1392 W SYSTEM_UI: SWR_SYSTEM_UI_008|FUN=CollapsedStatusBarFragment::isConnected |1|Wifi connection status--> false
01-01 01:11:52.317  1392  1392 W SYSTEM_UI - CI07.3: className -> CollapsedStatusBarFragment | functionName -> updateHermsDataType | value -> Update Herms Data Type :: networkType --> 0
01-01 01:11:52.317  1392  1392 W SYSTEM_UI - CI07.3: className -> CollapsedStatusBarFragment | functionName -> updateHermsDataType | value -> Update Herms Data Type :: isWebsiteSecure --> false
01-01 01:11:52.317  1392  1392 W SYSTEM_UI - CI07.3: className -> CollapsedStatusBarFragment | functionName -> updateHermsDataType | value -> Update Herms Data Type :: connection status --> 1
01-01 01:11:52.317  1392  1392 W SYSTEM_UI - CI07.3: className -> CollapsedStatusBarFragment | functionName -> updateHermsDataType | value -> Update Herms Data Type :: data Transfer --> false
01-01 01:11:52.317  1392  1392 W SYSTEM_UI - CI07.3: className -> CollapsedStatusBarFragment | functionName -> updateHermsDataType | value -> Update Herms Data Type :: wifiConnectionStatus --> false
01-01 01:11:52.317  1392  1392 W SYSTEM_UI - CI07.3: className -> CollapsedStatusBarFragment | functionName -> updateHermsDataType | value -> path 2
01-01 01:11:52.317  1392  1392 W SYSTEM_UI - CI07.3: className -> CollapsedStatusBarFragment | functionName -> updateHermsDataType | value -> path 3
01-01 01:11:52.317  2145  2145 D HMI_SERVICE: USE_CASE_NA|FUN=HmiApplication| [action] android.net.wifi.STATE_CHANGE
01-01 01:11:52.265   808   808 I wificond: Enters wifigbk_ageOutHistory
01-01 01:11:52.319  1151  1317 D ConnectivityService: registerNetworkAgent NetworkAgentInfo{ ni{[type: WIFI[], state: CONNECTING/CONNECTING, reason: (unspecified), extra: "RSE_Test", failover: false, available: true, roaming: false]}  network{487}  nethandle{2091665509086}  lp{{LinkAddresses: []  Routes: [] DnsAddresses: [] Domains: null MTU: 0}}  nc{[ Transports: WIFI Capabilities: NOT_METERED&INTERNET&NOT_RESTRICTED&TRUSTED&NOT_VPN LinkUpBandwidth>=1048576Kbps LinkDnBandwidth>=1048576Kbps]}  Score{20}  everValidated{false}  lastValidated{false}  created{false} lingering{false} explicitlySelected{false} acceptUnvalidated{false} everCaptivePortalDetected{false} lastCaptivePortalDetected{false} clat{null} }
01-01 01:11:52.320  1151  1325 D ConnectivityService: NetworkAgentInfo [WIFI () - 487] EVENT_NETWORK_INFO_CHANGED, going from null to CONNECTING
01-01 01:11:52.323  2145  2145 D HMI_SERVICE: USE_CASE_NA|FUN=HmiApplication| [action] android.net.wifi.STATE_CHANGE
01-01 01:11:52.323  1392  1392 W SYSTEM_UI: SWR_SYSTEM_UI_008|FUN=CollapsedStatusBarFragment::AndroidEventReceiver | getAction |1|Broadcast action:android.net.wifi.STATE_CHANGE received
01-01 01:11:52.324  1392  1392 W SYSTEM_UI - CI07.3: className -> CollapsedStatusBarFragment | functionName -> AndroidEventReceiver | onReceive -->  | value -> Wifi connection status--> false
01-01 01:11:52.324  1392  1392 W SYSTEM_UI: SWR_SYSTEM_UI_008|FUN=CollapsedStatusBarFragment::isConnected |1|Wifi connection status--> false
01-01 01:11:52.324  1392  1392 W SYSTEM_UI - CI07.3: className -> CollapsedStatusBarFragment | functionName -> updateHermsDataType | value -> Update Herms Data Type :: networkType --> 0
01-01 01:11:52.324  1392  1392 W SYSTEM_UI - CI07.3: className -> CollapsedStatusBarFragment | functionName -> updateHermsDataType | value -> Update Herms Data Type :: isWebsiteSecure --> false
01-01 01:11:52.324  1392  1392 W SYSTEM_UI - CI07.3: className -> CollapsedStatusBarFragment | functionName -> updateHermsDataType | value -> Update Herms Data Type :: connection status --> 1
01-01 01:11:52.324  1392  1392 W SYSTEM_UI - CI07.3: className -> CollapsedStatusBarFragment | functionName -> updateHermsDataType | value -> Update Herms Data Type :: data Transfer --> false
01-01 01:11:52.324  1392  1392 W SYSTEM_UI - CI07.3: className -> CollapsedStatusBarFragment | functionName -> updateHermsDataType | value -> Update Herms Data Type :: wifiConnectionStatus --> false
01-01 01:11:52.324  1392  1392 W SYSTEM_UI - CI07.3: className -> CollapsedStatusBarFragment | functionName -> updateHermsDataType | value -> path 2
01-01 01:11:52.324  1392  1392 W SYSTEM_UI - CI07.3: className -> CollapsedStatusBarFragment | functionName -> updateHermsDataType | value -> path 3
01-01 01:11:52.322  1508  1601 W QCNEJ   : |CORE| notifyWifiStatusChanged failed
01-01 01:11:52.324  1508  1601 W QCNEJ   : |CORE| notifyRatConnectionStatusChanged failed
01-01 01:11:52.327  1151  1317 E SupplicantStaIfaceHal: ISupplicantStaIface.setBtCoexistenceMode failed: FAILURE_UNKNOWN, 
01-01 01:11:52.327   625   625 D WifiHAL : Getting APF capabilities, halHandle = 0x7f734319a0
01-01 01:11:52.327   625   625 I WifiHAL : 
01-01 01:11:52.327   625   625 I WifiHAL : createRequest: APF get capabilities request
01-01 01:11:52.327   625   625 I WifiHAL : Request Response failed for APF, result = -95
01-01 01:11:52.328  1151  1317 E WifiVendorHal: getApfCapabilities(l.1623) failed {.code = ERROR_UNKNOWN, .description = errno: -95 (Unknown error -95)}
01-01 01:11:52.331  3739  3739 W HMI2-SETTINGS - CI08.4: className -> WifiActivity | functionName -> getConfig: success-> | value -> "RSE_Test"
01-01 01:11:52.331  3739  3739 W HMI2-SETTINGS - CI08.4: className -> WifiActivity | functionName -> getConnectSummary | value -> getConnectSummaryID: 193 SSID: "RSE_Test" PROVIDER-NAME: null BSSID: null FQDN: null PRIO: 0 HIDDEN: false
01-01 01:11:52.331  3739  3739 W HMI2-SETTINGS - CI08.4:  NetworkSelectionStatus NETWORK_SELECTION_ENABLED
01-01 01:11:52.331  3739  3739 W HMI2-SETTINGS - CI08.4:  hasEverConnected: false
01-01 01:11:52.331  3739  3739 W HMI2-SETTINGS - CI08.4:  KeyMgmt: WPA_PSK Protocols: WPA RSN
01-01 01:11:52.331  3739  3739 W HMI2-SETTINGS - CI08.4:  AuthAlgorithms: OPEN
01-01 01:11:52.331  3739  3739 W HMI2-SETTINGS - CI08.4:  PairwiseCiphers: TKIP CCMP
01-01 01:11:52.331  3739  3739 W HMI2-SETTINGS - CI08.4:  GroupCiphers: TKIP CCMP
01-01 01:11:52.331  3739  3739 W HMI2-SETTINGS - CI08.4:  PSK: *
01-01 01:11:52.331  3739  3739 W HMI2-SETTINGS - CI08.4: 
01-01 01:11:52.331  3739  3739 W HMI2-SETTINGS - CI08.4:  sim_num 
01-01 01:11:52.331  3739  3739 W HMI2-SETTINGS - CI08.4: Enterprise config:
01-01 01:11:52.331  3739  3739 W HMI2-SETTINGS - CI08.4: IP config:
01-01 01:11:52.331  3739  3739 W HMI2-SETTINGS - CI08.4: IP assignment: DHCP
01-01 01:11:52.331  3739  3739 W HMI2-SETTINGS - CI08.4: Proxy settings: NONE
01-01 01:11:52.331  3739  3739 W HMI2-SETTINGS - CI08.4:  cuid=1000 cname=android.uid.system:1000 luid=1000 lname=android.uid.system:1000 lcuid=1000 userApproved=USER_UNSPECIFIED noInternetAccessExpected=false roamingFailureBlackListTimeMilli: 1000
01-01 01:11:52.331  3739  3739 W HMI2-SETTINGS - CI08.4: recentFailure: Association Rejection code: 0
01-01 01:11:52.331  3739  3739 W HMI2-SETTINGS - CI08.4: ShareThisAp: false
01-01 01:11:52.331  3739  3739 W HMI2-SETTINGS - CI08.4: className -> WifiActivity | functionName -> getConnectSummary : | value ->  Saved
01-01 01:11:52.335  3739  3739 E HMI2-SETTINGS - CI08.4: className -> WifiActivity | functionName -> mWifiScanReceiver -> onReceive | error ->intent_action:android.net.wifi.STATE_CHANGE
01-01 01:11:52.335  3739  3739 W HMI2-SETTINGS - CI08.4: className -> WifiActivity | functionName -> handleNetworkStateChanged | value -> detailedState->CONNECTING
01-01 01:11:52.335  1151  2264 I WifiService: getConfiguredNetworks uid=1000
01-01 01:11:52.342  1151  1317 E WifiVendorHal: configureNeighborDiscoveryOffload(l.2366) failed {.code = ERROR_UNKNOWN, .description = errno: -95 (Unknown error -95)}
01-01 01:11:52.343  2145  2145 D HMI_SERVICE: USE_CASE_NA|FUN=HmiApplication| [action] android.net.wifi.supplicant.STATE_CHANGE
01-01 01:11:52.347  3739  3739 W HMI2-SETTINGS - CI08.4: className -> WifiActivity | functionName -> getConfig: success-> | value -> "RSE_Test"
01-01 01:11:52.347  3739  3739 W HMI2-SETTINGS - CI08.4: className -> WifiActivity | functionName -> getConnectSummary | value -> getConnectSummaryID: 193 SSID: "RSE_Test" PROVIDER-NAME: null BSSID: null FQDN: null PRIO: 0 HIDDEN: false
01-01 01:11:52.347  3739  3739 W HMI2-SETTINGS - CI08.4:  NetworkSelectionStatus NETWORK_SELECTION_ENABLED
01-01 01:11:52.347  3739  3739 W HMI2-SETTINGS - CI08.4:  hasEverConnected: false
01-01 01:11:52.347  3739  3739 W HMI2-SETTINGS - CI08.4:  KeyMgmt: WPA_PSK Protocols: WPA RSN
01-01 01:11:52.347  3739  3739 W HMI2-SETTINGS - CI08.4:  AuthAlgorithms: OPEN
01-01 01:11:52.347  3739  3739 W HMI2-SETTINGS - CI08.4:  PairwiseCiphers: TKIP CCMP
01-01 01:11:52.347  3739  3739 W HMI2-SETTINGS - CI08.4:  GroupCiphers: TKIP CCMP
01-01 01:11:52.347  3739  3739 W HMI2-SETTINGS - CI08.4:  PSK: *
01-01 01:11:52.347  3739  3739 W HMI2-SETTINGS - CI08.4: 
01-01 01:11:52.347  3739  3739 W HMI2-SETTINGS - CI08.4:  sim_num 
01-01 01:11:52.347  3739  3739 W HMI2-SETTINGS - CI08.4: Enterprise config:
01-01 01:11:52.347  3739  3739 W HMI2-SETTINGS - CI08.4: IP config:
01-01 01:11:52.347  3739  3739 W HMI2-SETTINGS - CI08.4: IP assignment: DHCP
01-01 01:11:52.347  3739  3739 W HMI2-SETTINGS - CI08.4: Proxy settings: NONE
01-01 01:11:52.347  3739  3739 W HMI2-SETTINGS - CI08.4:  cuid=1000 cname=android.uid.system:1000 luid=1000 lname=android.uid.system:1000 lcuid=1000 userApproved=USER_UNSPECIFIED noInternetAccessExpected=false roamingFailureBlackListTimeMilli: 1000
01-01 01:11:52.347  3739  3739 W HMI2-SETTINGS - CI08.4: recentFailure: Association Rejection code: 0
01-01 01:11:52.347  3739  3739 W HMI2-SETTINGS - CI08.4: ShareThisAp: false
01-01 01:11:52.347  3739  3739 W HMI2-SETTINGS - CI08.4: className -> WifiActivity | functionName -> getConnectSummary : | value ->  Saved
01-01 01:11:52.347  3739  3739 E HMI2-SETTINGS - CI08.4: className -> WifiActivity | functionName -> mWifiScanReceiver -> onReceive | error ->intent_action:android.net.wifi.STATE_CHANGE
01-01 01:11:52.347  3739  3739 W HMI2-SETTINGS - CI08.4: className -> WifiActivity | functionName -> handleNetworkStateChanged | value -> detailedState->OBTAINING_IPADDR
01-01 01:11:52.348  1151  8140 I WifiService: getConfiguredNetworks uid=1000
01-01 01:11:52.352  3739  3739 W HMI2-SETTINGS - CI08.4: className -> WifiActivity | functionName -> getConfig: success-> | value -> "RSE_Test"
01-01 01:11:52.352  3739  3739 W HMI2-SETTINGS - CI08.4: className -> WifiActivity | functionName -> getConnectSummary | value -> getConnectSummaryID: 193 SSID: "RSE_Test" PROVIDER-NAME: null BSSID: null FQDN: null PRIO: 0 HIDDEN: false
01-01 01:11:52.352  3739  3739 W HMI2-SETTINGS - CI08.4:  NetworkSelectionStatus NETWORK_SELECTION_ENABLED
01-01 01:11:52.352  3739  3739 W HMI2-SETTINGS - CI08.4:  hasEverConnected: false
01-01 01:11:52.352  3739  3739 W HMI2-SETTINGS - CI08.4:  KeyMgmt: WPA_PSK Protocols: WPA RSN
01-01 01:11:52.352  3739  3739 W HMI2-SETTINGS - CI08.4:  AuthAlgorithms: OPEN
01-01 01:11:52.352  3739  3739 W HMI2-SETTINGS - CI08.4:  PairwiseCiphers: TKIP CCMP
01-01 01:11:52.352  3739  3739 W HMI2-SETTINGS - CI08.4:  GroupCiphers: TKIP CCMP
01-01 01:11:52.352  3739  3739 W HMI2-SETTINGS - CI08.4:  PSK: *
01-01 01:11:52.352  3739  3739 W HMI2-SETTINGS - CI08.4: 
01-01 01:11:52.352  3739  3739 W HMI2-SETTINGS - CI08.4:  sim_num 
01-01 01:11:52.352  3739  3739 W HMI2-SETTINGS - CI08.4: Enterprise config:
01-01 01:11:52.352  3739  3739 W HMI2-SETTINGS - CI08.4: IP config:
01-01 01:11:52.352  3739  3739 W HMI2-SETTINGS - CI08.4: IP assignment: DHCP
01-01 01:11:52.352  3739  3739 W HMI2-SETTINGS - CI08.4: Proxy settings: NONE
01-01 01:11:52.352  3739  3739 W HMI2-SETTINGS - CI08.4:  cuid=1000 cname=android.uid.system:1000 luid=1000 lname=android.uid.system:1000 lcuid=1000 userApproved=USER_UNSPECIFIED noInternetAccessExpected=false roamingFailureBlackListTimeMilli: 1000
01-01 01:11:52.352  3739  3739 W HMI2-SETTINGS - CI08.4: recentFailure: Association Rejection code: 0
01-01 01:11:52.352  3739  3739 W HMI2-SETTINGS - CI08.4: ShareThisAp: false
01-01 01:11:52.352  3739  3739 W HMI2-SETTINGS - CI08.4: className -> WifiActivity | functionName -> getConnectSummary : | value ->  Saved
01-01 01:11:52.375  1151 21471 D DhcpClient: Receive thread started
01-01 01:11:52.451  1151  1317 E SupplicantStaIfaceHal: ISupplicantStaIface.setBtCoexistenceMode failed: FAILURE_UNKNOWN, 
01-01 01:11:52.459  1151 21469 D DhcpClient: Broadcasting DHCPDISCOVER
01-01 01:11:52.468  1151 21471 D DhcpClient: Received packet: 00:9d:6b:17:da:19 OFFER, ip /192.168.0.61, mask /255.255.255.0, DNS servers: /8.8.8.8 , gateways [/192.168.0.1] lease time 691200, domain null
01-01 01:11:52.469  1151 21469 D DhcpClient: server address: 192.168.0.1 client address: 192.168.0.61/24 iface: wlan0 rapid commit: false
01-01 01:11:52.469  1151 21469 D DhcpClient: Got pending lease: IP address 192.168.0.61/24 Gateway 192.168.0.1  DNS servers: [ 8.8.8.8 ] Domains  DHCP server /192.168.0.1 Vendor info null lease 691200 seconds
01-01 01:11:52.469  1151 21469 D DhcpClient: Broadcasting DHCPREQUEST ciaddr=0.0.0.0 request=192.168.0.61 serverid=192.168.0.1
01-01 01:11:52.692  1933  1933 D LCMANDR : SWR_OOB_HV_MF_009|FUN=LifeCycleManagerService::getDAIAppAlivenessStatus|Aliveness:: DAIAPP HB DIFF = 2 [ DaimlerAppHBCounter ] = 1708[ DaimlerAppHBCounterOld ] = 1706
01-01 01:11:52.692  1933  1933 I LCMANDR : SWR_OOB_HV_MF_009|FUN=LifeCycleManagerService::getDAIAppAlivenessStatus|Aliveness::ANDROID HB IS VALID... setting OLD VAL, and resetting Fail Counter
01-01 01:11:52.695  1933  1933 I LCMANDR : SWR_OOB_HV_MF_009|FUN=LifeCycleManagerService::getDAIPID|DAIMLER APP(com.daimler.rse.ntg6) PID is [ 1519 ]
01-01 01:11:52.695  1933  1933 I LCMANDR : SWR_OOB_HV_MF_009|FUN=LifeCycleManagerService::getDAIAPPStatus|Aliveness::SAME PID! DAIAPP is not restarted
01-01 01:11:52.695  1933  1933 W LCMANDR : SWR_OOB_HV_MF_009|FUN=LifeCycleManagerService::getDAIAppAlivenessStatus|Aliveness::Status to send id : ALIVE
01-01 01:11:52.695  1933  1933 D LCMANDR : SWR_OOB_HV_MF_005|FUN=LifeCycleManagerService::sendPacketToLnx|data = [B@1ec5739
01-01 01:11:52.695  1933  1933 D LCMANDR : SWR_OOB_HV_MF_009|FUN=LifeCycleManagerService::postAppsStatusInfo|Setting AppPacket info
01-01 01:11:52.695  1933  1933 I LCMANDR : SWR_OOB_HV_MF_009|FUN=AlivenessMonitoring::getRunningApps| packet sent
01-01 01:11:52.695  1933  1956 D LCMANDR : SWR_OOB_HV_MF_010|FUN=LifeCycleManagerService::RseNodeStateManagement|SEND_IGC_CB
01-01 01:11:52.695  1933  1956 I LCMANDR : SWR_OOB_HV_MF_005|FUN=LifeCycleManagerService::igcsendData|Call hit in RSENodeStateManagement::igcsendData
01-01 01:11:52.695  1933  1956 I LCMANDR : SWR_OOB_HV_MF_005|FUN=LifeCycleManagerService::igcsendData|SEND DATA LEN is : 15
01-01 01:11:52.695  1933  1956 I LCMANDR : SWR_OOB_HV_MF_007|FUN=LifeCycleManagerService::sendPacketFromIntentService|Package to send : [ 65, 0, 0, 0, 9, 0, 2, 0, 1, 0, 5, 65, 65, 0, 0, ]
01-01 01:11:52.696  1933  1956 I IGC     :  IGC::sendData ==> [ 65, 0, 0, 0, 9, 0, 2, 0, 1, 0, 5, 65, 65, 0, 0,  ]
01-01 01:11:52.696  1933  1956 I IGC     :  Igc::sendData data size is :: 15
01-01 01:11:52.696  1933  1956 D         : Enqueue: sem count = 0
01-01 01:11:52.696  1933  1956 I LCMANDR : SWR_OOB_HV_MF_007|FUN=LifeCycleManagerService::sendPacketFromIntentService|Sending Data to Linux is successful( [65, 0, 0, 0, 9, 0, 2, 0, 1, 0, 5, 65, 65, 0, 0] )
01-01 01:11:52.696  1933  1956 I LCMANDR : SWR_OOB_HV_MF_005|FUN=LifeCycleManagerService::igcsendData| DATA SEND SUCCESSFULLY 
01-01 01:11:53.038   729   748 I sssv-lib: sendMsg enter
01-01 01:11:53.038   729   748 I sssv-lib: sendMsg complete.
01-01 01:11:53.048   635   635 E ANDR-PERF-TARGET: Error: Invalid logical cluster id 0
01-01 01:11:53.048   635   635 E ANDR-PERF-MPCTL: invalid request, no optimizations performed
01-01 01:11:53.064   635   635 E ANDR-PERF-TARGET: Error: Invalid logical cluster id 0
01-01 01:11:53.064   635   635 E ANDR-PERF-MPCTL: invalid request, no optimizations performed
01-01 01:11:53.081   635   635 E ANDR-PERF-TARGET: Error: Invalid logical cluster id 0
01-01 01:11:53.081   635   635 E ANDR-PERF-MPCTL: invalid request, no optimizations performed
01-01 01:11:53.098   635   635 E ANDR-PERF-TARGET: Error: Invalid logical cluster id 0
01-01 01:11:53.098   635   635 E ANDR-PERF-MPCTL: invalid request, no optimizations performed
01-01 01:11:53.098   635   635 E ANDR-PERF-TARGET: Error: Invalid logical cluster id 0
01-01 01:11:53.098   635   635 E ANDR-PERF-MPCTL: invalid request, no optimizations performed
01-01 01:11:53.114   635   635 E ANDR-PERF-TARGET: Error: Invalid logical cluster id 0
01-01 01:11:53.115   635   635 E ANDR-PERF-MPCTL: invalid request, no optimizations performed
01-01 01:11:53.131   635   635 E ANDR-PERF-TARGET: Error: Invalid logical cluster id 0
01-01 01:11:53.131   635   635 E ANDR-PERF-MPCTL: invalid request, no optimizations performed
01-01 01:11:53.148   635   635 E ANDR-PERF-TARGET: Error: Invalid logical cluster id 0
01-01 01:11:53.148   635   635 E ANDR-PERF-MPCTL: invalid request, no optimizations performed
01-01 01:11:53.148  1933  1957 D LCMANDR : SWR_OOB_HV_MF_009|FUN=LifeCycleManagerService::LifeCycle_ReportCompStatus|GOT ALIVENESS SIGNAL FROM DAIAPP : [0]; HB Counter = [ 1709 ]; STATUS INFO = [ 0 ]
01-01 01:11:53.148  1519  1519 I Connectivity_AIDL|AIDL_Handler.AIDL_Helpers.LcmHelper: MBUX App Method: KeepAliveTest |Line No: 408 |Log Type: Critical |Message: MainThread:MBUX-App HB Count: 1711, ResponseCode: 0
01-01 01:11:53.165   635   635 E ANDR-PERF-TARGET: Error: Invalid logical cluster id 0
01-01 01:11:53.165   635   635 E ANDR-PERF-MPCTL: invalid request, no optimizations performed
01-01 01:11:53.181   635   635 E ANDR-PERF-TARGET: Error: Invalid logical cluster id 0
01-01 01:11:53.181   635   635 E ANDR-PERF-MPCTL: invalid request, no optimizations performed
01-01 01:11:53.198   635   635 E ANDR-PERF-TARGET: Error: Invalid logical cluster id 0
01-01 01:11:53.198   635   635 E ANDR-PERF-MPCTL: invalid request, no optimizations performed
01-01 01:11:53.215   635   635 E ANDR-PERF-TARGET: Error: Invalid logical cluster id 0
01-01 01:11:53.215   635   635 E ANDR-PERF-MPCTL: invalid request, no optimizations performed
01-01 01:11:53.231   635   635 E ANDR-PERF-TARGET: Error: Invalid logical cluster id 0
01-01 01:11:53.232   635   635 E ANDR-PERF-MPCTL: invalid request, no optimizations performed
01-01 01:11:53.248   635   635 E ANDR-PERF-TARGET: Error: Invalid logical cluster id 0
01-01 01:11:53.248   635   635 E ANDR-PERF-MPCTL: invalid request, no optimizations performed
01-01 01:11:53.265   635   635 E ANDR-PERF-TARGET: Error: Invalid logical cluster id 0
01-01 01:11:53.265   635   635 E ANDR-PERF-MPCTL: invalid request, no optimizations performed
01-01 01:11:53.282   635   635 E ANDR-PERF-TARGET: Error: Invalid logical cluster id 0
01-01 01:11:53.282   635   635 E ANDR-PERF-MPCTL: invalid request, no optimizations performed
01-01 01:11:53.290  3675 21465 W InteractionController: runAndwaitForEvents timed out waiting for events
01-01 01:11:53.291  3675 21465 D InteractionController: Vertical scrollSwipe reached scroll end: false
01-01 01:11:53.291  3675 21465 D UiScrollable: scrollBackward() on selector = UiSelector[SCROLLABLE=true]
01-01 01:11:53.298   635   635 E ANDR-PERF-TARGET: Error: Invalid logical cluster id 0
01-01 01:11:53.298   635   635 E ANDR-PERF-MPCTL: invalid request, no optimizations performed
01-01 01:11:53.315   635   635 E ANDR-PERF-TARGET: Error: Invalid logical cluster id 0
01-01 01:11:53.315   635   635 E ANDR-PERF-MPCTL: invalid request, no optimizations performed
01-01 01:11:53.332   635   635 E ANDR-PERF-TARGET: Error: Invalid logical cluster id 0
01-01 01:11:53.332   635   635 E ANDR-PERF-MPCTL: invalid request, no optimizations performed
01-01 01:11:53.348   635   635 E ANDR-PERF-TARGET: Error: Invalid logical cluster id 0
01-01 01:11:53.348   635   635 E ANDR-PERF-MPCTL: invalid request, no optimizations performed
01-01 01:11:53.365   635   635 E ANDR-PERF-TARGET: Error: Invalid logical cluster id 0
01-01 01:11:53.365   635   635 E ANDR-PERF-MPCTL: invalid request, no optimizations performed
01-01 01:11:53.382   635   635 E ANDR-PERF-TARGET: Error: Invalid logical cluster id 0
01-01 01:11:53.382   635   635 E ANDR-PERF-MPCTL: invalid request, no optimizations performed
01-01 01:11:53.399   635   635 E ANDR-PERF-TARGET: Error: Invalid logical cluster id 0
01-01 01:11:53.399   635   635 E ANDR-PERF-MPCTL: invalid request, no optimizations performed
01-01 01:11:53.415   635   635 E ANDR-PERF-TARGET: Error: Invalid logical cluster id 0
01-01 01:11:53.415   635   635 E ANDR-PERF-MPCTL: invalid request, no optimizations performed
01-01 01:11:53.432   635   635 E ANDR-PERF-TARGET: Error: Invalid logical cluster id 0
01-01 01:11:53.432   635   635 E ANDR-PERF-MPCTL: invalid request, no optimizations performed
01-01 01:11:53.449   635   635 E ANDR-PERF-TARGET: Error: Invalid logical cluster id 0
01-01 01:11:53.449   635   635 E ANDR-PERF-MPCTL: invalid request, no optimizations performed
01-01 01:11:53.465   635   635 E ANDR-PERF-TARGET: Error: Invalid logical cluster id 0
01-01 01:11:53.465   635   635 E ANDR-PERF-MPCTL: invalid request, no optimizations performed
01-01 01:11:53.482   635   635 E ANDR-PERF-TARGET: Error: Invalid logical cluster id 0
01-01 01:11:53.482   635   635 E ANDR-PERF-MPCTL: invalid request, no optimizations performed
01-01 01:11:53.924  3675 21465 I QueryController: Matched selector: UiSelector[SCROLLABLE=true] <<==>> [android.view.accessibility.AccessibilityNodeInfo@45c5210; boundsInParent: Rect(0, 8 - 1332, 897); boundsInScreen: Rect(305, 172 - 1637, 1061); packageName: com.panasonic.hmi2settings; className: android.widget.ScrollView; text: null; error: null; maxTextLength: -1; contentDescription: null; viewIdResName: com.panasonic.hmi2settings:id/scrollWifi; checkable: false; checked: false; focusable: true; focused: false; selected: false; clickable: false; longClickable: false; contextClickable: false; enabled: true; password: false; scrollable: true; importantForAccessibility: true; actions: [AccessibilityAction: ACTION_FOCUS - null, AccessibilityAction: ACTION_SELECT - null, AccessibilityAction: ACTION_CLEAR_SELECTION - null, AccessibilityAction: ACTION_ACCESSIBILITY_FOCUS - null, AccessibilityAction: ACTION_SCROLL_FORWARD - null, AccessibilityAction: ACTION_SCROLL_BACKWARD - null, AccessibilityAction: ACTION_SHOW_ON_SCREEN - null]]
01-01 01:11:53.924  3675 21465 D UiScrollable: scrollToBegining() using vertical scroll
01-01 01:11:53.924  3675 21465 D InteractionController: scrollSwipe (971, 260, 971, 973, 55)
01-01 01:11:53.950   635   635 E ANDR-PERF-TARGET: Error: Invalid logical cluster id 0
01-01 01:11:53.950   635   635 E ANDR-PERF-MPCTL: invalid request, no optimizations performed
01-01 01:11:53.967   635   635 E ANDR-PERF-TARGET: Error: Invalid logical cluster id 0
01-01 01:11:53.967   635   635 E ANDR-PERF-MPCTL: invalid request, no optimizations performed
01-01 01:11:53.983   635   635 E ANDR-PERF-TARGET: Error: Invalid logical cluster id 0
01-01 01:11:53.983   635   635 E ANDR-PERF-MPCTL: invalid request, no optimizations performed
01-01 01:11:53.996  1933  1957 D LCMANDR : SWR_OOB_HV_MF_009|FUN=LifeCycleManagerService::LifeCycle_ReportCompStatus|GOT ALIVENESS SIGNAL FROM DAIAPP : [0]; HB Counter = [ 1710 ]; STATUS INFO = [ 0 ]
01-01 01:11:53.996  1519  1964 I Connectivity_AIDL|AIDL_Handler.AIDL_Helpers.LcmHelper: MBUX App Method: KeepAliveTest |Line No: 408 |Log Type: Critical |Message: ChildThread:MBUX-App HB Count: 1712, ResponseCode: 0
01-01 01:11:54.000   635   635 E ANDR-PERF-TARGET: Error: Invalid logical cluster id 0
01-01 01:11:54.000   635   635 E ANDR-PERF-MPCTL: invalid request, no optimizations performed
01-01 01:11:54.017   635   635 E ANDR-PERF-TARGET: Error: Invalid logical cluster id 0
01-01 01:11:54.017   635   635 E ANDR-PERF-MPCTL: invalid request, no optimizations performed
01-01 01:11:54.033   635   635 E ANDR-PERF-TARGET: Error: Invalid logical cluster id 0
01-01 01:11:54.034   635   635 E ANDR-PERF-MPCTL: invalid request, no optimizations performed
01-01 01:11:54.039   729   748 I sssv-lib: sendMsg enter
01-01 01:11:54.039   729   748 I sssv-lib: sendMsg complete.
01-01 01:11:54.050   635   635 E ANDR-PERF-TARGET: Error: Invalid logical cluster id 0
01-01 01:11:54.050   635   635 E ANDR-PERF-MPCTL: invalid request, no optimizations performed
01-01 01:11:54.067   635   635 E ANDR-PERF-TARGET: Error: Invalid logical cluster id 0
01-01 01:11:54.067   635   635 E ANDR-PERF-MPCTL: invalid request, no optimizations performed
01-01 01:11:54.084   635   635 E ANDR-PERF-TARGET: Error: Invalid logical cluster id 0
01-01 01:11:54.084   635   635 E ANDR-PERF-MPCTL: invalid request, no optimizations performed
01-01 01:11:54.100   635   635 E ANDR-PERF-TARGET: Error: Invalid logical cluster id 0
01-01 01:11:54.100   635   635 E ANDR-PERF-MPCTL: invalid request, no optimizations performed
01-01 01:11:54.117   635   635 E ANDR-PERF-TARGET: Error: Invalid logical cluster id 0
01-01 01:11:54.117   635   635 E ANDR-PERF-MPCTL: invalid request, no optimizations performed
01-01 01:11:54.134   635   635 E ANDR-PERF-TARGET: Error: Invalid logical cluster id 0
01-01 01:11:54.134   635   635 E ANDR-PERF-MPCTL: invalid request, no optimizations performed
01-01 01:11:54.150   635   635 E ANDR-PERF-TARGET: Error: Invalid logical cluster id 0
01-01 01:11:54.150   635   635 E ANDR-PERF-MPCTL: invalid request, no optimizations performed
01-01 01:11:54.167   635   635 E ANDR-PERF-TARGET: Error: Invalid logical cluster id 0
01-01 01:11:54.167   635   635 E ANDR-PERF-MPCTL: invalid request, no optimizations performed
01-01 01:11:54.184   635   635 E ANDR-PERF-TARGET: Error: Invalid logical cluster id 0
01-01 01:11:54.184   635   635 E ANDR-PERF-MPCTL: invalid request, no optimizations performed
01-01 01:11:54.200   635   635 E ANDR-PERF-TARGET: Error: Invalid logical cluster id 0
01-01 01:11:54.201   635   635 E ANDR-PERF-MPCTL: invalid request, no optimizations performed
01-01 01:11:54.206  1151  8140 D CompatibilityInfo: mCompatibilityFlags - 4
01-01 01:11:54.206  1151  8140 D CompatibilityInfo: applicationDensity - 240
01-01 01:11:54.206  1151  8140 D CompatibilityInfo: applicationScale - 1.0
01-01 01:11:54.209  2145  2145 D HMI_SERVICE: USE_CASE_NA|FUN=StoragedJobIntentService::onCreate|1|init
01-01 01:11:54.212  2145  2462 D HMI_SERVICE: USE_CASE_NA|FUN=StoragedJobIntentService::onHandleIntent|1|ACTION_MONITOR_APPS
01-01 01:11:54.212  2145  2462 I HMI_SERVICE: USE_CASE_NA|FUN=StoragedJobIntentService::onHandleIntent|1|msg:storageType:64totalWriteValue371974144
01-01 01:11:54.212  2145  2462 D HMI_SERVICE: USE_CASE_NA|FUN=StoragedJobIntentService::initMonitorApps|1|init
01-01 01:11:54.213  2145  2462 D HMI_SERVICE: USE_CASE_NA|FUN=EmmcUtils::getAppUid|1|uid:10027
01-01 01:11:54.214  2145  2462 D HMI_SERVICE: USE_CASE_NA|FUN=EmmcUtils::getAppUid|1|uid:10033
01-01 01:11:54.215  2677  2690 W ANDR_PERSISTENCY_CLIENT: SWR_PERSISTENCE_HV_LA_MF_0003|FUN=VCPUPersistenceService::executeLinuxCommand|0| init 
01-01 01:11:54.215  2677  2690 W ContextImpl: Calling a method in the system process without a qualified user: android.app.ContextImpl.startService:1476 android.content.ContextWrapper.startService:650 com.panasonic.dairse.vcpupersistence.VCPUPersistenceService$1.executeLinuxCommand:392 com.panasonic.dairse.vcpupersistence.IVCPUPersistenceService$Stub.onTransact:437 android.os.Binder.execTransact:706 
01-01 01:11:54.217  2145  2145 D HMI_SERVICE: USE_CASE_NA|FUN=StoragedJobIntentService::onDestroy|1|init
01-01 01:11:54.217   635   635 E ANDR-PERF-TARGET: Error: Invalid logical cluster id 0
01-01 01:11:54.217   635   635 E ANDR-PERF-MPCTL: invalid request, no optimizations performed
01-01 01:11:54.220  1151  2264 D CompatibilityInfo: mCompatibilityFlags - 4
01-01 01:11:54.222  1151  2264 D CompatibilityInfo: applicationDensity - 240
01-01 01:11:54.222  1151  2264 D CompatibilityInfo: applicationScale - 1.0
01-01 01:11:54.226  2677 21472 W ANDR_PERSISTENCY_CLIENT: SWR_PERSISTENCE_HV_LA_MF_0004|FUN=UT_VCPUService:: onHandleIntent |2| [action] 16
01-01 01:11:54.227  2677 21472 W ANDR_PERSISTENCY_CLIENT: SWR_PERSISTENCE_HV_LA_MF_0003|FUN=PersConnHandler:: executeLinuxCommand |2| [id] execute_procedure
01-01 01:11:54.227  2677 21472 W ANDR_PERSISTENCY_CLIENT: SWR_PERSISTENCE_HV_LA_MF_0005|FUN=TCPHandler:: getInstance |2|msg: invoked 
01-01 01:11:54.229  2677 21472 W ANDR_PERSISTENCY_CLIENT: SWR_PERSISTENCE_HV_LA_MF_0005|FUN=TCPHandler::sendWriteRequestToPersistenceLinux|2|key= 0commandKey= 5 data= [99, 97, 116, 32, 47, 112, 114, 111, 99, 47, 100, 105, 115, 107, 115, 116, 97, 116, 115]
01-01 01:11:54.229  2677 21472 W ANDR_PERSISTENCY_CLIENT: SWR_PERSISTENCE_HV_LA_MF_0005|FUN=TCPHandler:: getUID |2|msg: invoked 
01-01 01:11:54.229  2677 21472 W ANDR_PERSISTENCY_CLIENT: SWR_PERSISTENCE_HV_LA_MF_0005|FUN=TCPHandler:: setAction |2|msg:setAction=1
01-01 01:11:54.229  2677 21472 W ANDR_PERSISTENCY_CLIENT: SWR_PERSISTENCE_HV_LA_MF_0005|FUN=TCPHandler:: setUID |2|msg:uid=4
01-01 01:11:54.230  2677 21472 W ANDR_PERSISTENCY_CLIENT: SWR_PERSISTENCE_HV_LA_MF_0005|FUN=TCPHandler:: setKey |2|msg:uid=4
01-01 01:11:54.230  2677 21472 W ANDR_PERSISTENCY_CLIENT: SWR_PERSISTENCE_HV_LA_MF_0005|FUN=TCPHandler::setCommandKey|2|msg:commandKey=5
01-01 01:11:54.230  2677 21472 W ANDR_PERSISTENCY_CLIENT: SWR_PERSISTENCE_HV_LA_MF_0005|FUN=TCPHandler::sendWriteRequestToPersistenceLinux|2|listKey=4_5;keyString=0x00;key=0;command=cat /proc/diskstats
01-01 01:11:54.230  2677  2725 W ANDR_PERSISTENCY_CLIENT: SWR_PERSISTENCE_HV_LA_MF_0005|FUN=TCPHandler:: getAction |2|msg:getAction=1
01-01 01:11:54.231  2677  2725 W ANDR_PERSISTENCY_CLIENT: SWR_PERSISTENCE_HV_LA_MF_0005|FUN=TCPHandler:: sender:ACTION_REQUEST |2|msg:condition 
01-01 01:11:54.231  2677  2725 W ANDR_PERSISTENCY_CLIENT: SWR_PERSISTENCE_HV_LA_MF_0005|FUN=TCPHandler:: getWrappedData |2|msg: msg com.panasonic.dairse.vcpupersistence.TCPHandler$Message@e64d02a
01-01 01:11:54.231  2677  2725 W ANDR_PERSISTENCY_CLIENT: SWR_PERSISTENCE_HV_LA_MF_0005|FUN=TCPHandler::getCommandKey|2|msg:commandKey=5
01-01 01:11:54.231  2677  2725 W ANDR_PERSISTENCY_CLIENT: SWR_PERSISTENCE_HV_LA_MF_0005|FUN=TCPHandler:: intToBytes |2| data 19
01-01 01:11:54.231  2677  2725 W ANDR_PERSISTENCY_CLIENT: SWR_PERSISTENCE_HV_LA_MF_0005|FUN=TCPHandler:: intToBytes |2| data 31
01-01 01:11:54.231  2677  2725 W ANDR_PERSISTENCY_CLIENT: SWR_PERSISTENCE_HV_LA_MF_0005|FUN=TCPHandler:: getUID |2|msg:uid=4
01-01 01:11:54.231  2677  2725 W ANDR_PERSISTENCY_CLIENT: SWR_PERSISTENCE_HV_LA_MF_0005|FUN=TCPHandler::start|2|msg:sender::msg=[0, 0, 0, 31, 1, 4, 5, 4, 48, 120, 48, 48, 0, 0, 0, 19, 99, 97, 116, 32, 47, 112, 114, 111, 99, 47, 100, 105, 115, 107, 115, 116, 97, 116, 115]
01-01 01:11:54.231  2677  2725 W ANDR_PERSISTENCY_CLIENT: SWR_PERSISTENCE_HV_LA_MF_0005|FUN=TCPHandler:: sender : Thread.interrupted() |2|msg:condition 
01-01 01:11:54.234   635   635 E ANDR-PERF-TARGET: Error: Invalid logical cluster id 0
01-01 01:11:54.234   635   635 E ANDR-PERF-MPCTL: invalid request, no optimizations performed
01-01 01:11:54.241  2677  2726 W ANDR_PERSISTENCY_CLIENT: SWR_PERSISTENCE_HV_LA_MF_0005|FUN=TCPHandler::start|2|msg:receiver::run: size of totalLength 4
01-01 01:11:54.241  2677  2726 W ANDR_PERSISTENCY_CLIENT: SWR_PERSISTENCE_HV_LA_MF_0005|FUN=TCPHandler::start|2|msg:receiver::run: totalLength is > 0
01-01 01:11:54.241  2677  2726 W ANDR_PERSISTENCY_CLIENT: SWR_PERSISTENCE_HV_LA_MF_0005|FUN=TCPHandler::start|2|msg:receiver::response length= 3849
01-01 01:11:54.241  2677  2726 W ANDR_PERSISTENCY_CLIENT: SWR_PERSISTENCE_HV_LA_MF_0005|FUN=TCPHandler::handleInBoundData|2|message=[0, 4, 5, 0, 0, 0, 15, 1, 32, 50, 53, 51, 32, 32, 32, 32, 32, 32, 32, 48, 32, 122, 114, 97, 109, 48, 32, 48, 32, 48, 32, 48, 32, 48, 32, 48, 32, 48, 32, 48, 32, 48, 32, 48, 32, 48, 32, 48, 10, 32, 50, 53, 51, 32, 32, 32, 32, 32, 32, 32, 49, 32, 122, 114, 97, 109, 49, 32, 48, 32, 48, 32, 48, 32, 48, 32, 48, 32, 48, 32, 48, 32, 48, 32, 48, 32, 48, 32, 48, 10, 32, 50, 53, 51, 32, 32, 32, 32, 32, 32, 32, 50, 32, 122, 114, 97, 109, 50, 32, 48, 32, 48, 32, 48, 32, 48, 32, 48, 32, 48, 32, 48, 32, 48, 32, 48, 32, 48, 32, 48, 10, 32, 50, 53, 51, 32, 32, 32, 32, 32, 32, 32, 51, 32, 122, 114, 97, 109, 51, 32, 48, 32, 48, 32, 48, 32, 48, 32, 48, 32, 48, 32, 48, 32, 48, 32, 48, 32, 48, 32, 48, 10, 32, 49, 55, 57, 32, 32, 32, 32, 32, 32, 32, 48, 32, 109, 109, 99, 98, 108, 107, 48, 32, 49, 52, 53, 56, 49, 32, 51, 51, 52, 32, 51, 52, 56, 54, 57, 55, 57, 32, 50, 51, 51, 55, 50, 32, 56, 50, 51, 51, 55, 32, 49, 50, 48, 57, 53, 50, 52, 32, 49, 53, 48, 57, 54, 53, 52, 32, 57, 50, 54, 51, 50, 32, 48, 32, 56, 54, 55, 54, 48, 32, 49, 49, 53, 56, 56, 56, 10, 32, 49, 55, 57, 32, 32, 32, 32, 32, 32, 32, 49, 32, 109, 109, 99, 98, 108, 107, 48, 112, 49, 32, 49, 32, 48, 32, 49, 54, 32, 48, 32, 48, 32, 48, 32, 48, 32, 48, 32, 48, 32, 48, 32, 48, 10, 32, 49, 55, 57, 32, 32, 32, 32, 32, 32, 32, 50, 32, 109, 109, 99, 98, 108, 107, 48, 112, 50, 32, 57, 32, 48, 32, 52, 54, 52, 32, 52, 32, 48, 32, 48, 32, 48, 32, 48, 32, 48, 32, 52, 32, 52, 10, 32, 49, 55, 57, 32, 32, 32, 32, 32, 32, 32, 51, 32, 109, 109, 99, 98, 108, 107, 48, 112, 51, 32, 57, 32, 48, 32, 52, 54, 52, 32, 52, 32, 48, 32, 48, 32, 48, 32, 48, 32, 48, 32, 52, 32, 52, 10, 32, 49, 55, 57, 32, 32, 32, 32, 32, 32, 32, 52, 32, 109, 109, 99, 98, 108, 107, 48, 112, 52, 32, 50, 51, 32, 48, 32, 51, 56, 48, 56, 32, 54, 56, 32, 48, 32, 48, 32, 48, 32, 48, 32, 48, 32, 53, 54, 32, 54, 56, 10, 32, 49, 55, 57, 32, 32, 32, 32, 32, 32, 32, 53, 32, 109, 109, 99, 98, 108, 107, 48, 112, 53, 32, 49, 54, 32, 48, 32, 53, 55, 54, 32, 53, 50, 32, 51, 32, 48, 32, 50, 52, 32, 48, 32, 48, 32, 53, 50, 32, 53, 50, 10, 32, 49, 55, 57, 32, 32, 32, 32, 32, 32, 32, 54, 32, 109, 109, 99, 98, 108, 107, 48, 112, 54, 32, 49, 51, 32, 48, 32, 52, 57, 54, 32, 52, 32, 54, 32, 48, 32, 52, 56, 32, 52, 32, 48, 32, 56, 32, 56, 10, 32, 49, 55, 57, 32, 32, 32, 32, 32, 32, 32, 55, 32, 109, 109, 99, 98, 108, 107, 48, 112, 55, 32, 49, 54, 32, 48, 32, 49, 50, 56, 32, 48, 32, 48, 32, 48, 32, 48, 32, 48, 32, 48, 32, 48, 32, 48, 10, 32, 49, 55, 57, 32, 32, 32, 32, 32, 32, 32, 56, 32, 109, 109, 99, 98, 108, 107, 48, 112, 56, 32, 49, 48, 32, 48, 32, 52, 55, 50, 32, 52, 32, 48, 32, 48, 32, 48, 32, 48, 32, 48, 32, 52, 32, 52, 10, 32, 49, 55, 57, 32, 32, 32, 32, 32, 32, 32, 57, 32, 109, 109, 99, 98, 108, 107, 48, 112, 57, 32, 55, 53, 32, 48, 32, 56, 53, 56, 32, 49, 50, 32, 48, 32, 48, 32, 48, 32, 48, 32, 48, 32, 49, 50, 32, 49, 50, 10, 32, 49, 55, 57, 32, 32, 32, 32, 32, 32, 49, 48, 32, 109, 109, 99, 98, 108, 107, 48, 112, 49, 48, 32, 49, 48, 32, 48, 32, 52, 55, 50, 32, 48, 32, 48, 32, 48, 32, 48, 32, 48, 32, 48, 32, 48, 32, 48, 10, 32, 49, 55, 57, 32, 32, 32, 32, 32, 32, 49, 49, 32, 109, 109, 99, 98, 108, 107, 48, 112, 49, 49, 32, 49, 32, 48, 32, 56, 32, 48, 32, 48, 32, 48, 32, 48, 32, 48, 32, 48, 32, 48, 32, 48, 10, 32, 49, 55, 57, 32, 32, 32, 32, 32, 32, 49, 50, 32, 109, 109, 99, 98, 108, 107, 48, 112, 49, 50, 32, 51, 48, 32, 48, 32, 50, 52, 48, 32, 52, 32, 48, 32, 48, 32, 48, 32, 48, 32, 48, 32, 52, 32, 52, 10, 32, 49, 55, 57, 32, 32, 32, 32, 32, 32, 49, 51, 32, 109, 109, 99, 98, 108, 107, 48, 112, 49, 51, 32, 51, 48, 32, 48, 32, 50, 52, 48, 32, 56, 32, 48, 32, 48, 32, 48, 32, 48, 32, 48, 32, 56, 32, 56, 10, 32, 49, 55, 57, 32, 32, 32, 32, 32, 32, 49, 52, 32, 109, 109, 99, 98, 108, 107, 48, 112, 49, 52, 32, 51, 48, 32, 48, 32, 50, 52, 48, 32, 52, 32, 48, 32, 48, 32, 48, 32, 48, 32, 48, 32, 52, 32, 52, 10, 32, 49, 55, 57, 32, 32, 32, 32, 32, 32, 49, 53, 32, 109, 109, 99, 98, 108, 107, 48, 112, 49, 53, 32, 51, 48, 32, 48, 32,
01-01 01:11:54.242  2677  2726 W ANDR_PERSISTENCY_CLIENT: SWR_PERSISTENCE_HV_LA_MF_0005|FUN=TCPHandler::handleInBoundData|2|msg:response listKey=4_5
01-01 01:11:54.242  2677  2726 W ANDR_PERSISTENCY_CLIENT: SWR_PERSISTENCE_HV_LA_MF_0005|FUN=TCPHandler::handleInBoundData|2|msg:TCPHandler.handleInBoundData success response=0
01-01 01:11:54.242  2677  2726 W ANDR_PERSISTENCY_CLIENT: SWR_PERSISTENCE_HV_LA_MF_0005|FUN=TCPHandler::handleInBoundData|2|msg: containsKey ListKey
01-01 01:11:54.242  2677  2726 W ANDR_PERSISTENCY_CLIENT: SWR_PERSISTENCE_HV_LA_MF_0005|FUN=TCPHandler::sendResponseToSettings|2|message=[0, 4, 5, 0, 0, 0, 15, 1, 32, 50, 53, 51, 32, 32, 32, 32, 32, 32, 32, 48, 32, 122, 114, 97, 109, 48, 32, 48, 32, 48, 32, 48, 32, 48, 32, 48, 32, 48, 32, 48, 32, 48, 32, 48, 32, 48, 32, 48, 10, 32, 50, 53, 51, 32, 32, 32, 32, 32, 32, 32, 49, 32, 122, 114, 97, 109, 49, 32, 48, 32, 48, 32, 48, 32, 48, 32, 48, 32, 48, 32, 48, 32, 48, 32, 48, 32, 48, 32, 48, 10, 32, 50, 53, 51, 32, 32, 32, 32, 32, 32, 32, 50, 32, 122, 114, 97, 109, 50, 32, 48, 32, 48, 32, 48, 32, 48, 32, 48, 32, 48, 32, 48, 32, 48, 32, 48, 32, 48, 32, 48, 10, 32, 50, 53, 51, 32, 32, 32, 32, 32, 32, 32, 51, 32, 122, 114, 97, 109, 51, 32, 48, 32, 48, 32, 48, 32, 48, 32, 48, 32, 48, 32, 48, 32, 48, 32, 48, 32, 48, 32, 48, 10, 32, 49, 55, 57, 32, 32, 32, 32, 32, 32, 32, 48, 32, 109, 109, 99, 98, 108, 107, 48, 32, 49, 52, 53, 56, 49, 32, 51, 51, 52, 32, 51, 52, 56, 54, 57, 55, 57, 32, 50, 51, 51, 55, 50, 32, 56, 50, 51, 51, 55, 32, 49, 50, 48, 57, 53, 50, 52, 32, 49, 53, 48, 57, 54, 53, 52, 32, 57, 50, 54, 51, 50, 32, 48, 32, 56, 54, 55, 54, 48, 32, 49, 49, 53, 56, 56, 56, 10, 32, 49, 55, 57, 32, 32, 32, 32, 32, 32, 32, 49, 32, 109, 109, 99, 98, 108, 107, 48, 112, 49, 32, 49, 32, 48, 32, 49, 54, 32, 48, 32, 48, 32, 48, 32, 48, 32, 48, 32, 48, 32, 48, 32, 48, 10, 32, 49, 55, 57, 32, 32, 32, 32, 32, 32, 32, 50, 32, 109, 109, 99, 98, 108, 107, 48, 112, 50, 32, 57, 32, 48, 32, 52, 54, 52, 32, 52, 32, 48, 32, 48, 32, 48, 32, 48, 32, 48, 32, 52, 32, 52, 10, 32, 49, 55, 57, 32, 32, 32, 32, 32, 32, 32, 51, 32, 109, 109, 99, 98, 108, 107, 48, 112, 51, 32, 57, 32, 48, 32, 52, 54, 52, 32, 52, 32, 48, 32, 48, 32, 48, 32, 48, 32, 48, 32, 52, 32, 52, 10, 32, 49, 55, 57, 32, 32, 32, 32, 32, 32, 32, 52, 32, 109, 109, 99, 98, 108, 107, 48, 112, 52, 32, 50, 51, 32, 48, 32, 51, 56, 48, 56, 32, 54, 56, 32, 48, 32, 48, 32, 48, 32, 48, 32, 48, 32, 53, 54, 32, 54, 56, 10, 32, 49, 55, 57, 32, 32, 32, 32, 32, 32, 32, 53, 32, 109, 109, 99, 98, 108, 107, 48, 112, 53, 32, 49, 54, 32, 48, 32, 53, 55, 54, 32, 53, 50, 32, 51, 32, 48, 32, 50, 52, 32, 48, 32, 48, 32, 53, 50, 32, 53, 50, 10, 32, 49, 55, 57, 32, 32, 32, 32, 32, 32, 32, 54, 32, 109, 109, 99, 98, 108, 107, 48, 112, 54, 32, 49, 51, 32, 48, 32, 52, 57, 54, 32, 52, 32, 54, 32, 48, 32, 52, 56, 32, 52, 32, 48, 32, 56, 32, 56, 10, 32, 49, 55, 57, 32, 32, 32, 32, 32, 32, 32, 55, 32, 109, 109, 99, 98, 108, 107, 48, 112, 55, 32, 49, 54, 32, 48, 32, 49, 50, 56, 32, 48, 32, 48, 32, 48, 32, 48, 32, 48, 32, 48, 32, 48, 32, 48, 10, 32, 49, 55, 57, 32, 32, 32, 32, 32, 32, 32, 56, 32, 109, 109, 99, 98, 108, 107, 48, 112, 56, 32, 49, 48, 32, 48, 32, 52, 55, 50, 32, 52, 32, 48, 32, 48, 32, 48, 32, 48, 32, 48, 32, 52, 32, 52, 10, 32, 49, 55, 57, 32, 32, 32, 32, 32, 32, 32, 57, 32, 109, 109, 99, 98, 108, 107, 48, 112, 57, 32, 55, 53, 32, 48, 32, 56, 53, 56, 32, 49, 50, 32, 48, 32, 48, 32, 48, 32, 48, 32, 48, 32, 49, 50, 32, 49, 50, 10, 32, 49, 55, 57, 32, 32, 32, 32, 32, 32, 49, 48, 32, 109, 109, 99, 98, 108, 107, 48, 112, 49, 48, 32, 49, 48, 32, 48, 32, 52, 55, 50, 32, 48, 32, 48, 32, 48, 32, 48, 32, 48, 32, 48, 32, 48, 32, 48, 10, 32, 49, 55, 57, 32, 32, 32, 32, 32, 32, 49, 49, 32, 109, 109, 99, 98, 108, 107, 48, 112, 49, 49, 32, 49, 32, 48, 32, 56, 32, 48, 32, 48, 32, 48, 32, 48, 32, 48, 32, 48, 32, 48, 32, 48, 10, 32, 49, 55, 57, 32, 32, 32, 32, 32, 32, 49, 50, 32, 109, 109, 99, 98, 108, 107, 48, 112, 49, 50, 32, 51, 48, 32, 48, 32, 50, 52, 48, 32, 52, 32, 48, 32, 48, 32, 48, 32, 48, 32, 48, 32, 52, 32, 52, 10, 32, 49, 55, 57, 32, 32, 32, 32, 32, 32, 49, 51, 32, 109, 109, 99, 98, 108, 107, 48, 112, 49, 51, 32, 51, 48, 32, 48, 32, 50, 52, 48, 32, 56, 32, 48, 32, 48, 32, 48, 32, 48, 32, 48, 32, 56, 32, 56, 10, 32, 49, 55, 57, 32, 32, 32, 32, 32, 32, 49, 52, 32, 109, 109, 99, 98, 108, 107, 48, 112, 49, 52, 32, 51, 48, 32, 48, 32, 50, 52, 48, 32, 52, 32, 48, 32, 48, 32, 48, 32, 48, 32, 48, 32, 52, 32, 52, 10, 32, 49, 55, 57, 32, 32, 32, 32, 32, 32, 49, 53, 32, 109, 109, 99, 98, 108, 107, 48, 112, 49, 53, 32, 51, 48, 32, 48
01-01 01:11:54.243  2677  2726 W ANDR_PERSISTENCY_CLIENT: SWR_PERSISTENCE_HV_LA_MF_0005|FUN=TCPHandler::sendResponseToSettings|2|;success=truelength 3849
01-01 01:11:54.243  2677  2726 W ANDR_PERSISTENCY_CLIENT: SWR_PERSISTENCE_HV_LA_MF_0005|FUN=TCPHandler::sendResponseToSettings|2| length>8
01-01 01:11:54.243  2677  2726 W ANDR_PERSISTENCY_CLIENT: SWR_PERSISTENCE_HV_LA_MF_0005|FUN=TCPHandler:: bytesToInt |2| data [B@f02bbb8
01-01 01:11:54.243  2677  2726 W ANDR_PERSISTENCY_CLIENT: SWR_PERSISTENCE_HV_LA_MF_0005|FUN=TCPHandler::sendResponseToSettings|2| dataLength 3841
01-01 01:11:54.243  2677  2726 W ANDR_PERSISTENCY_CLIENT: SWR_PERSISTENCE_HV_LA_MF_0005|FUN=TCPHandler::sendResponseToSettings|2| dataLength > 0 
01-01 01:11:54.243  2677  2726 W ANDR_PERSISTENCY_CLIENT: SWR_PERSISTENCE_HV_LA_MF_0005|FUN=TCPHandler::sendResponseToSettings|2| dataLength [B@1ac2d91
