01-01 00:40:54.835  3739  3739 V Activity: onSaveInstanceState com.panasonic.hmi2settings.activity.WifiManagerActivity@200cf74: Bundle[{android:viewHierarchyState=Bundle[{android:views={16908290=android.view.AbsSavedState$1@499b012, 2131427430=android.view.AbsSavedState$1@499b012, 2131427431=android.view.AbsSavedState$1@499b012, 2131427450=android.view.AbsSavedState$1@499b012, 2131427452=android.view.AbsSavedState$1@499b012, 2131427460=android.view.AbsSavedState$1@499b012, 2131427507=android.view.AbsSavedState$1@499b012, 2131427508=android.view.AbsSavedState$1@499b012, 2131427509=android.view.AbsSavedState$1@499b012, 2131427510=android.view.AbsSavedState$1@499b012, 2131427511=android.view.AbsSavedState$1@499b012, 2131427512=android.view.AbsSavedState$1@499b012, 2131427513=android.view.AbsSavedState$1@499b012, 2131427514=android.view.AbsSavedState$1@499b012}}], android:lastAutofillId=1073741823, android:fragments=android.app.FragmentManagerState@e161a17}]
01-01 00:40:54.835  3739  3739 V Activity: onStop com.panasonic.hmi2settings.activity.WifiManagerActivity@200cf74
01-01 00:40:54.840  1392  1392 W SYSTEM_UI - CI07.3: className -> NotificationUIService | functionName -> populateValidNotifications | value -> NOTIFICATION_INFO || packageName --> android | notificationTitle --> Connect to open WiFi network | notificationText --> HP-Print-DB-LaserJet Pro MFP | postedTime --> 2454507 | notificationId --> 17303299 | notificationFlag --> 256 | isClearable --> true | isOngoing --> false | notificationPriority --> 0 | notificationChannelImportance --> 2
01-01 00:40:54.841  1392  1392 W SYSTEM_UI - CI07.3: className -> NotificationUIService | functionName -> populateValidNotifications | value -> Notification entry not valid. System notification.
01-01 00:40:54.841  1392  1392 W SYSTEM_UI - CI07.3: className -> NotificationUIService | functionName -> populateValidNotifications | value -> NOTIFICATION_INFO || packageName --> android | notificationTitle --> USB debugging connected | notificationText --> Tap to disable USB debugging. | postedTime --> 19764 | notificationId --> 26 | notificationFlag --> 2 | isClearable --> false | isOngoing --> true | notificationPriority --> 0 | notificationChannelImportance --> 2
01-01 00:40:54.844  1392  1392 W SYSTEM_UI - CI07.3: className -> NotificationUIService | functionName -> populateValidNotifications | value -> Notification entry not valid. System notification.
01-01 00:40:54.844  1392  1392 W SYSTEM_UI - CI07.3: className -> NotificationUIService | functionName -> populateValidNotifications | value -> NOTIFICATION_INFO || packageName --> android | notificationTitle --> USB charging this device | notificationText --> Tap for more options. | postedTime --> 19755 | notificationId --> 32 | notificationFlag --> 2 | isClearable --> false | isOngoing --> true | notificationPriority --> 0 | notificationChannelImportance --> 1
01-01 00:40:54.845  1392  1392 W SYSTEM_UI - CI07.3: className -> NotificationUIService | functionName -> populateValidNotifications | value -> Notification entry not valid. System notification.
01-01 00:40:54.845  1392  1392 W SYSTEM_UI: SWR_SYSTEM_UI_003|FUN=NotificationUIService::notifyStatusLineNotifications|1|statusLineNotificationPackages size --> 0
01-01 00:40:54.846  1392  1392 W SYSTEM_UI - CI07.3: className -> NotificationUIService | functionName -> updateData | value -> passed
01-01 00:40:54.846  1392  1392 W SYSTEM_UI: SWR_BAIDU_HMI_0023 SWR_SYSTEM_UI_003 SWR_SYSTEM_UI_004|FUN=NotificationUIService::updateData|1|Received notifications from Android framework
01-01 00:40:54.846  1392  1392 W SYSTEM_UI - CI07.3: className -> NotificationUIService | functionName -> refresh | value -> updateData value --> []
01-01 00:40:54.846  1392  1392 W SYSTEM_UI: SWR_SYSTEM_UI_007|FUN=CollapsedStatusBarFragment::getAction |1|Broadcast action --> STATUS_UPDATE_ACTION
01-01 00:40:54.846  1392  1392 W SYSTEM_UI: SWR_SYSTEM_UI_007|FUN=CollapsedStatusBarFragment::getIntExtra |1|NotifySystemUpdates dataType --> 102
01-01 00:40:54.846  1392  1392 W SYSTEM_UI - CI07.3: className -> CollapsedStatusBarFragment | functionName -> NotifySystemUpdates | onReceive -->  | value -> DATATYPE_NOTIFICATION: 0
01-01 00:40:54.846  1392  1392 W SYSTEM_UI: SWR_SYSTEM_UI_003|FUN=CollapsedStatusBarFragment::NotifySystemUpdates | onREeceive|1|DATATYPE_NOTIFICATION: 0
01-01 00:40:54.872  1933  1933 W LCMANDR : SWR_OOB_HV_MF_009|FUN=MonitoringTimer::checkStatus|memoryInfo.availMem[MB] = 4929
01-01 00:40:54.958  1151  1162 I zygote64: NativeAlloc concurrent copying GC freed 170544(7MB) AllocSpace objects, 49(2MB) LOS objects, 42% free, 14MB/25MB, paused 191us total 143.974ms
01-01 00:40:55.045   729   748 I sssv-lib: sendMsg enter
01-01 00:40:55.045   729   748 I sssv-lib: sendMsg complete.
01-01 00:40:55.297  1933  1933 D LCMANDR : SWR_OOB_HV_MF_009|FUN=LifeCycleManagerService::getDAIAppAlivenessStatus|Aliveness:: DAIAPP HB DIFF = 2 [ DaimlerAppHBCounter ] = 968[ DaimlerAppHBCounterOld ] = 966
01-01 00:40:55.297  1933  1933 I LCMANDR : SWR_OOB_HV_MF_009|FUN=LifeCycleManagerService::getDAIAppAlivenessStatus|Aliveness::ANDROID HB IS VALID... setting OLD VAL, and resetting Fail Counter
01-01 00:40:55.300  1933  1933 I LCMANDR : SWR_OOB_HV_MF_009|FUN=LifeCycleManagerService::getDAIPID|DAIMLER APP(com.daimler.rse.ntg6) PID is [ 1519 ]
01-01 00:40:55.300  1933  1933 I LCMANDR : SWR_OOB_HV_MF_009|FUN=LifeCycleManagerService::getDAIAPPStatus|Aliveness::SAME PID! DAIAPP is not restarted
01-01 00:40:55.300  1933  1933 W LCMANDR : SWR_OOB_HV_MF_009|FUN=LifeCycleManagerService::getDAIAppAlivenessStatus|Aliveness::Status to send id : ALIVE
01-01 00:40:55.300  1933  1933 D LCMANDR : SWR_OOB_HV_MF_005|FUN=LifeCycleManagerService::sendPacketToLnx|data = [B@729e562
01-01 00:40:55.300  1933  1933 D LCMANDR : SWR_OOB_HV_MF_009|FUN=LifeCycleManagerService::postAppsStatusInfo|Setting AppPacket info
01-01 00:40:55.300  1933  1933 I LCMANDR : SWR_OOB_HV_MF_009|FUN=AlivenessMonitoring::getRunningApps| packet sent
01-01 00:40:55.300  1933  1956 D LCMANDR : SWR_OOB_HV_MF_010|FUN=LifeCycleManagerService::RseNodeStateManagement|SEND_IGC_CB
01-01 00:40:55.300  1933  1956 I LCMANDR : SWR_OOB_HV_MF_005|FUN=LifeCycleManagerService::igcsendData|Call hit in RSENodeStateManagement::igcsendData
01-01 00:40:55.300  1933  1956 I LCMANDR : SWR_OOB_HV_MF_005|FUN=LifeCycleManagerService::igcsendData|SEND DATA LEN is : 15
01-01 00:40:55.300  1933  1956 I LCMANDR : SWR_OOB_HV_MF_007|FUN=LifeCycleManagerService::sendPacketFromIntentService|Package to send : [ 65, 0, 0, 0, 9, 0, 2, 0, 1, 0, 5, 65, 65, 0, 0, ]
01-01 00:40:55.300  1933  1956 I IGC     :  IGC::sendData ==> [ 65, 0, 0, 0, 9, 0, 2, 0, 1, 0, 5, 65, 65, 0, 0,  ]
01-01 00:40:55.300  1933  1956 I IGC     :  Igc::sendData data size is :: 15
01-01 00:40:55.300  1933  1956 D         : Enqueue: sem count = 1
01-01 00:40:55.300  1933  1956 I LCMANDR : SWR_OOB_HV_MF_007|FUN=LifeCycleManagerService::sendPacketFromIntentService|Sending Data to Linux is successful( [65, 0, 0, 0, 9, 0, 2, 0, 1, 0, 5, 65, 65, 0, 0] )
01-01 00:40:55.301  1933  1956 I LCMANDR : SWR_OOB_HV_MF_005|FUN=LifeCycleManagerService::igcsendData| DATA SEND SUCCESSFULLY 
01-01 00:40:55.376  1933  1933 I LCMANDR : SWR_OOB_HV_MF_009|FUN=ResourceMonitoringService::movingMemoryAverage|2|Moving memory average :28.443695
01-01 00:40:55.376  1933  1933 W LCMANDR : SWR_OOB_HV_MF_009|FUN=ResourceMonitoringService::getCpuUsageStatistic|Moving MEM AVG :::::::::28.443695
01-01 00:40:55.378  1933  1933 W LCMANDR : SWR_OOB_HV_MF_009|FUN=ResourceMonitoringService::getCpuUsageStatistic|2|Total cpu usage :33.560863
01-01 00:40:55.378  1933  1933 I LCMANDR : SWR_OOB_HV_MF_009|FUN=ResourceMonitoringService::getCpuUsageStatistic|Cpu usage of core  0 is33.564014
01-01 00:40:55.378  1933  1933 I LCMANDR : SWR_OOB_HV_MF_009|FUN=ResourceMonitoringService::getCpuUsageStatistic|Cpu usage of core  1 is31.649832
01-01 00:40:55.378  1933  1933 I LCMANDR : SWR_OOB_HV_MF_009|FUN=ResourceMonitoringService::getCpuUsageStatistic|Cpu usage of core  2 is35.49488
01-01 00:40:55.378  1933  1933 I LCMANDR : ResourceMonitoringService::movingCpuAverage()
01-01 00:40:55.378  1933  1933 I LCMANDR : SWR_OOB_HV_MF_009|FUN=ResourceMonitoringService::movingCpuAverage|2|Moving window average of CPU 25.290539
01-01 00:40:55.378  1933  1933 I LCMANDR : SWR_OOB_HV_MF_009|FUN=ResourceMonitoringService::movingCpuAverage|2|Cpu moving average of core  0 is27.285145
01-01 00:40:55.378  1933  1933 I LCMANDR : SWR_OOB_HV_MF_009|FUN=ResourceMonitoringService::movingCpuAverage|2|Cpu moving average of core  1 is23.255816
01-01 00:40:55.378  1933  1933 I LCMANDR : SWR_OOB_HV_MF_009|FUN=ResourceMonitoringService::movingCpuAverage|2|Cpu moving average of core  2 is25.32603
01-01 00:40:55.378  1933  1933 D LCMANDR : SWR_OOB_HV_MF_009|FUN=ResourceMonitoringService::movingCpuAverage|2|Exiting VAL = 25.290539
01-01 00:40:55.441  1151  1416 D WificondControl: Scan result ready event
01-01 00:40:55.442   921  1439 I LOWI-8.5.0.3.c: [LOWI-Scan] lowi_close_record:Scan completed in 2435481ms and Recieved 44 APs scan results
01-01 00:40:55.442  1151  1323 I WifiService: isScanAlwaysAvailable uid=1000
01-01 00:40:55.442  1151  1323 I WifiService: getWifiEnabledState uid=1000
01-01 00:40:55.443   921   961 I LOWI-8.5.0.3.c: [LOWIUtils] responseToOutPostcard - TO: GTP-FDAL, FROM:   LOWI-SERVER, RESP:  LOWI_ASYNC_DISCOVERY_SCAN_RESULTS
01-01 00:40:55.444   808   808 I wificond: Enters wifigbk_ageOutHistory
01-01 00:40:55.449   924   979 W XTCC-6.1.2.10-a: [LOWIUtils] to_eScanTypeResponse - default case
01-01 00:40:55.449   924   979 W XTCC-6.1.2.10-a: [WifiScanner] WiFi scan result : [44] AP's, async result: 1
01-01 00:40:55.450  1151  1323 D WificondScannerImpl: Filtering out 1 scan results.
01-01 00:40:55.450  1151  1323 I WifiService: isScanAlwaysAvailable uid=1000
01-01 00:40:55.450  1151  1323 I WifiService: getWifiEnabledState uid=1000
01-01 00:40:55.455  1151  1317 D ScanResultUtil: isScanResultForWapiPskNetwork: false
01-01 00:40:55.457  1151  1317 I chatty  : uid=1000(system) WifiStateMachin identical 60 lines
01-01 00:40:55.457  1151  1317 D ScanResultUtil: isScanResultForWapiPskNetwork: false
01-01 00:40:55.457  2145  2145 D HMI_SERVICE: USE_CASE_NA|FUN=HmiApplication| [action] android.net.wifi.SCAN_RESULTS
01-01 00:40:55.458  3739  3739 E HMI2-SETTINGS - CI08.4: className -> WifiActivity | functionName -> mWifiScanReceiver -> onReceive | error ->intent_action:android.net.wifi.SCAN_RESULTS
01-01 00:40:55.458  1151  1416 I WifiService: getWifiEnabledState uid=1000
01-01 00:40:55.459  1151  1416 I WifiService: getConfiguredNetworks uid=1000
01-01 00:40:55.459  1151  1317 W WifiConfigManager: Looking up network with invalid networkId -1
01-01 00:40:55.463  1151  1317 D ScanResultUtil: isScanResultForWapiPskNetwork: false
01-01 00:40:55.465  1151  1317 I chatty  : uid=1000(system) WifiStateMachin identical 31 lines
01-01 00:40:55.465  1151  1317 D ScanResultUtil: isScanResultForWapiPskNetwork: false
01-01 00:40:55.465  3739  3739 W HMI2-SETTINGS: SWR_BAIDU_HMI_0027|SWR_BAIDU_HMI_0015|FUN=WifiActivity::getScanResults|1|Get list of available wifi hotspots.
01-01 00:40:55.471  3739  3739 W HMI2-SETTINGS - CI08.4: className -> WifiActivity | functionName -> isWapiVariantBlocked | value -> security_type:2
01-01 00:40:55.471  3739  3739 W HMI2-SETTINGS - CI08.4: className -> WifiActivity | functionName -> isInConnected | value -> | ACSIA_CORP3|0|2
01-01 00:40:55.471  3739  3739 W HMI2-SETTINGS - CI08.4: className -> WifiActivity | functionName -> isWapiVariantBlocked | value -> security_type:2
01-01 00:40:55.471  3739  3739 W HMI2-SETTINGS - CI08.4: className -> WifiActivity | functionName -> isInConnected | value -> |ACSIA_CORP1|0|2
01-01 00:40:55.471  3739  3739 W HMI2-SETTINGS - CI08.4: className -> WifiActivity | functionName -> isWapiVariantBlocked | value -> security_type:2
01-01 00:40:55.471  3739  3739 W HMI2-SETTINGS - CI08.4: className -> WifiActivity | functionName -> isInConnected | value -> |ACSIA_Management|0|2
01-01 00:40:55.472  3739  3739 W HMI2-SETTINGS - CI08.4: className -> WifiActivity | functionName -> isWapiVariantBlocked | value -> security_type:2
01-01 00:40:55.472  3739  3739 W HMI2-SETTINGS - CI08.4: className -> WifiActivity | functionName -> isInConnected | value -> |ACSIA_GUEST1|0|2
01-01 00:40:55.472  3739  3739 W HMI2-SETTINGS - CI08.4: className -> WifiActivity | functionName -> isWapiVariantBlocked | value -> security_type:2
01-01 00:40:55.472  3739  3739 W HMI2-SETTINGS - CI08.4: className -> WifiActivity | functionName -> isInConnected | value -> |ACSIA_CORP2|0|2
01-01 00:40:55.472  3739  3739 W HMI2-SETTINGS - CI08.4: className -> WifiActivity | functionName -> isWapiVariantBlocked | value -> security_type:2
01-01 00:40:55.472  3739  3739 W HMI2-SETTINGS - CI08.4: className -> WifiActivity | functionName -> isInConnected | value -> |ACSIA_DEV|0|2
01-01 00:40:55.472  3739  3739 W HMI2-SETTINGS - CI08.4: className -> WifiActivity | functionName -> isWapiVariantBlocked | value -> security_type:2
01-01 00:40:55.472  3739  3739 W HMI2-SETTINGS - CI08.4: className -> WifiActivity | functionName -> isInConnected | value -> |RSE_Test|0|2
01-01 00:40:55.472  3739  3739 W HMI2-SETTINGS - CI08.4: className -> WifiActivity | functionName -> isWapiVariantBlocked | value -> security_type:2
01-01 00:40:55.472  3739  3739 W HMI2-SETTINGS - CI08.4: className -> WifiActivity | functionName -> isInConnected | value -> |Secure|0|2
01-01 00:40:55.472  3739  3739 W HMI2-SETTINGS - CI08.4: className -> WifiActivity | functionName -> isWapiVariantBlocked | value -> security_type:2
01-01 00:40:55.472  3739  3739 W HMI2-SETTINGS - CI08.4: className -> WifiActivity | functionName -> isInConnected | value -> |NETGEAR66-5G|0|2
01-01 00:40:55.472  3739  3739 W HMI2-SETTINGS - CI08.4: className -> WifiActivity | functionName -> isWapiVariantBlocked | value -> security_type:2
01-01 00:40:55.472  3739  3739 W HMI2-SETTINGS - CI08.4: className -> WifiActivity | functionName -> isInConnected | value -> |ACSIA_CORP1|0|2
01-01 00:40:55.472  3739  3739 W HMI2-SETTINGS - CI08.4: className -> WifiActivity | functionName -> isWapiVariantBlocked | value -> security_type:2
01-01 00:40:55.472  3739  3739 W HMI2-SETTINGS - CI08.4: className -> WifiActivity | functionName -> isInConnected | value -> |ACSIA_GUEST1|0|2
01-01 00:40:55.472  3739  3739 W HMI2-SETTINGS - CI08.4: className -> WifiActivity | functionName -> isWapiVariantBlocked | value -> security_type:2
01-01 00:40:55.472  3739  3739 W HMI2-SETTINGS - CI08.4: className -> WifiActivity | functionName -> isInConnected | value -> | ACSIA_CORP3|0|2
01-01 00:40:55.472  3739  3739 W HMI2-SETTINGS - CI08.4: className -> WifiActivity | functionName -> isWapiVariantBlocked | value -> security_type:2
01-01 00:40:55.472  3739  3739 W HMI2-SETTINGS - CI08.4: className -> WifiActivity | functionName -> isInConnected | value -> |RSE_Test|0|2
01-01 00:40:55.472  3739  3739 W HMI2-SETTINGS - CI08.4: className -> WifiActivity | functionName -> isWapiVariantBlocked | value -> security_type:2
01-01 00:40:55.472  3739  3739 W HMI2-SETTINGS - CI08.4: className -> WifiActivity | functionName -> isInConnected | value -> |ACSIA_DEV|0|2
01-01 00:40:55.472  3739  3739 W HMI2-SETTINGS - CI08.4: className -> WifiActivity | functionName -> isWapiVariantBlocked | value -> security_type:2
01-01 00:40:55.472  3739  3739 W HMI2-SETTINGS - CI08.4: className -> WifiActivity | functionName -> isInConnected | value -> |ACSIA_CORP2|0|2
01-01 00:40:55.472  3739  3739 W HMI2-SETTINGS - CI08.4: className -> WifiActivity | functionName -> isWapiVariantBlocked | value -> security_type:2
01-01 00:40:55.472  3739  3739 W HMI2-SETTINGS - CI08.4: className -> WifiActivity | functionName -> isInConnected | value -> |ACSIA_Management|0|2
01-01 00:40:55.472  3739  3739 W HMI2-SETTINGS - CI08.4: className -> WifiActivity | functionName -> isWapiVariantBlocked | value -> security_type:2
01-01 00:40:55.472  3739  3739 W HMI2-SETTINGS - CI08.4: className -> WifiActivity | functionName -> isInConnected | value -> |HUWIFI|0|2
01-01 00:40:55.472  3739  3739 W HMI2-SETTINGS - CI08.4: className -> WifiActivity | functionName -> isWapiVariantBlocked | value -> security_type:2
01-01 00:40:55.472  3739  3739 W HMI2-SETTINGS - CI08.4: className -> WifiActivity | functionName -> isInConnected | value -> |DIRECT-vQINLT044msmJ|0|2
01-01 00:40:55.472  3739  3739 W HMI2-SETTINGS - CI08.4: className -> WifiActivity | functionName -> isWapiVariantBlocked | value -> security_type:2
01-01 00:40:55.472  3739  3739 W HMI2-SETTINGS - CI08.4: className -> WifiActivity | functionName -> isInConnected | value -> |DIRECT-DMATCLWI2064msNL|0|2
01-01 00:40:55.472  3739  3739 W HMI2-SETTINGS - CI08.4: className -> WifiActivity | functionName -> isWapiVariantBlocked | value -> security_type:2
01-01 00:40:55.473  3739  3739 W HMI2-SETTINGS - CI08.4: className -> WifiActivity | functionName -> isInConnected | value -> |AUTOMATION_TEST|0|2
01-01 00:40:55.473  3739  3739 W HMI2-SETTINGS - CI08.4: className -> WifiActivity | functionName -> isWapiVariantBlocked | value -> security_type:2
01-01 00:40:55.473  3739  3739 W HMI2-SETTINGS - CI08.4: className -> WifiActivity | functionName -> isInConnected | value -> |ACSIA_CORP1|0|2
01-01 00:40:55.473  3739  3739 W HMI2-SETTINGS - CI08.4: className -> WifiActivity | functionName -> isWapiVariantBlocked | value -> security_type:2
01-01 00:40:55.473  3739  3739 W HMI2-SETTINGS - CI08.4: className -> WifiActivity | functionName -> isInConnected | value -> |ACSIA_GUEST1|0|2
01-01 00:40:55.473  3739  3739 W HMI2-SETTINGS - CI08.4: className -> WifiActivity | functionName -> isWapiVariantBlocked | value -> security_type:2
01-01 00:40:55.473  3739  3739 W HMI2-SETTINGS - CI08.4: className -> WifiActivity | functionName -> isInConnected | value -> |ACSIA_DEV|0|2
01-01 00:40:55.473  3739  3739 W HMI2-SETTINGS - CI08.4: className -> WifiActivity | functionName -> isWapiVariantBlocked | value -> security_type:2
01-01 00:40:55.473  3739  3739 W HMI2-SETTINGS - CI08.4: className -> WifiActivity | functionName -> isInConnected | value -> |ACSIA_CORP2|0|2
01-01 00:40:55.473  3739  3739 W HMI2-SETTINGS - CI08.4: className -> WifiActivity | functionName -> isWapiVariantBlocked | value -> security_type:2
01-01 00:40:55.473  3739  3739 W HMI2-SETTINGS - CI08.4: className -> WifiActivity | functionName -> isInConnected | value -> | ACSIA_CORP3|0|2
01-01 00:40:55.473  3739  3739 W HMI2-SETTINGS - CI08.4: className -> WifiActivity | functionName -> isWapiVariantBlocked | value -> security_type:2
01-01 00:40:55.473  3739  3739 W HMI2-SETTINGS - CI08.4: className -> WifiActivity | functionName -> isInConnected | value -> |RSE_Test|0|2
01-01 00:40:55.473  3739  3739 W HMI2-SETTINGS - CI08.4: className -> WifiActivity | functionName -> isWapiVariantBlocked | value -> security_type:2
01-01 00:40:55.473  3739  3739 W HMI2-SETTINGS - CI08.4: className -> WifiActivity | functionName -> isInConnected | value -> |ACSIA_Management|0|2
01-01 00:40:55.473  3739  3739 W HMI2-SETTINGS - CI08.4: className -> WifiActivity | functionName -> isWapiVariantBlocked | value -> security_type:2
01-01 00:40:55.473  3739  3739 W HMI2-SETTINGS - CI08.4: className -> WifiActivity | functionName -> isInConnected | value -> |MB Hotspot 61185|0|2
01-01 00:40:55.473  3739  3739 W HMI2-SETTINGS - CI08.4: className -> WifiActivity | functionName -> isWapiVariantBlocked | value -> security_type:0
01-01 00:40:55.473  3739  3739 W HMI2-SETTINGS - CI08.4: className -> WifiActivity | functionName -> isInConnected | value -> |HP-Print-DB-LaserJet Pro MFP|0|0
01-01 00:40:55.473  3739  3739 W HMI2-SETTINGS - CI08.4: className -> WifiActivity | functionName -> handleAllAvailNetwork | value -> savedNetwork ->0
01-01 00:40:55.473  3739  3739 W HMI2-SETTINGS - CI08.4: className -> WifiActivity | functionName -> handleAllAvailNetwork | value -> presentVisibleNetwork ->29
01-01 00:40:55.477  3739  3739 W HMI2-SETTINGS - CI08.4: className -> WifiActivity | functionName -> handleIfWifiAvailableNetworks: config is  | value -> null
01-01 00:40:55.510  3675 13663 D UIAutomatorStub: URI: /jsonrpc/0, Method: POST, Header: {content-length=274, remote-addr=127.0.0.1, http-client-ip=127.0.0.1, host=localhost:9009, content-type=application/json, connection=close, accept-encoding=identity, user-agent=Python-urllib/2.7}, params, {NanoHttpd.QUERY_STRING=null}, files: {postData={"params": [{"childOrSiblingSelector": [], "scrollable": true, "mask": 16384, "childOrSibling": []}, {"childOrSiblingSelector": [], "text": "RSE_Test", "mask": 1, "childOrSibling": []}, true], "jsonrpc": "2.0", "method": "scrollTo", "id": "3fe8d8a80b1d93d4190bbdf61258b55e"}}
01-01 00:40:56.050   729   748 I sssv-lib: sendMsg enter
01-01 00:40:56.050   729   748 I sssv-lib: sendMsg complete.
01-01 00:40:56.146  3675 13663 D UiScrollable: scrollToBeginning() on selector = UiSelector[SCROLLABLE=true]
01-01 00:40:56.146  3675 13663 D UiScrollable: scrollBackward() on selector = UiSelector[SCROLLABLE=true]
01-01 00:40:56.153  3675 13663 I QueryController: Matched selector: UiSelector[SCROLLABLE=true] <<==>> [android.view.accessibility.AccessibilityNodeInfo@26f7381; boundsInParent: Rect(0, 0 - 1332, 889); boundsInScreen: Rect(305, 172 - 1637, 1061); packageName: com.panasonic.hmi2settings; className: android.widget.ScrollView; text: null; error: null; maxTextLength: -1; contentDescription: null; viewIdResName: com.panasonic.hmi2settings:id/scrollWifi; checkable: false; checked: false; focusable: true; focused: false; selected: false; clickable: false; longClickable: false; contextClickable: false; enabled: true; password: false; scrollable: true; importantForAccessibility: true; actions: [AccessibilityAction: ACTION_FOCUS - null, AccessibilityAction: ACTION_SELECT - null, AccessibilityAction: ACTION_CLEAR_SELECTION - null, AccessibilityAction: ACTION_ACCESSIBILITY_FOCUS - null, AccessibilityAction: ACTION_SCROLL_FORWARD - null, AccessibilityAction: ACTION_SHOW_ON_SCREEN - null]]
01-01 00:40:56.153  3675 13663 D UiScrollable: scrollToBegining() using vertical scroll
01-01 00:40:56.153  3675 13663 D InteractionController: scrollSwipe (971, 260, 971, 973, 55)
01-01 00:40:56.357   625   625 D WifiHAL : Start get packet fate command
01-01 00:40:56.357   625   625 D WifiHAL : createRequest Get Tx packet fate request
01-01 00:40:56.357   625   625 E WifiHAL : Failed to register get pkt fate response; result = -95
01-01 00:40:56.357  1151  1317 E WifiVendorHal: getTxPktFates(l.2067) failed {.code = ERROR_UNKNOWN, .description = errno: -95 (Unknown error -95)}
01-01 00:40:56.358   625   625 D WifiHAL : Start get packet fate command
01-01 00:40:56.358   625   625 D WifiHAL : createRequest Get Rx packet fate request
01-01 00:40:56.358   625   625 E WifiHAL : Failed to register get pkt fate response; result = -95
01-01 00:40:56.359  1151  1317 E WifiVendorHal: getRxPktFates(l.2107) failed {.code = ERROR_UNKNOWN, .description = errno: -95 (Unknown error -95)}
01-01 00:40:56.427   625   625 D WifiHAL : Start get packet fate command
01-01 00:40:56.427   625   625 D WifiHAL : createRequest Get Tx packet fate request
01-01 00:40:56.427   625   625 E WifiHAL : Failed to register get pkt fate response; result = -95
01-01 00:40:56.427  1151  1317 E WifiVendorHal: getTxPktFates(l.2067) failed {.code = ERROR_UNKNOWN, .description = errno: -95 (Unknown error -95)}
01-01 00:40:56.428   625   625 D WifiHAL : Start get packet fate command
01-01 00:40:56.428   625   625 D WifiHAL : createRequest Get Rx packet fate request
01-01 00:40:56.429   625   625 E WifiHAL : Failed to register get pkt fate response; result = -95
01-01 00:40:56.431  1151  1317 E WifiVendorHal: getRxPktFates(l.2107) failed {.code = ERROR_UNKNOWN, .description = errno: -95 (Unknown error -95)}
01-01 00:40:56.514  1933  1957 D LCMANDR : SWR_OOB_HV_MF_009|FUN=LifeCycleManagerService::LifeCycle_ReportCompStatus|GOT ALIVENESS SIGNAL FROM DAIAPP : [0]; HB Counter = [ 969 ]; STATUS INFO = [ 0 ]
01-01 00:40:56.515  1519  1964 I Connectivity_AIDL|AIDL_Handler.AIDL_Helpers.LcmHelper: MBUX App Method: KeepAliveTest |Line No: 408 |Log Type: Critical |Message: ChildThread:MBUX-App HB Count: 971, ResponseCode: 0
01-01 00:40:56.997   635   635 E ANDR-PERF-TARGET: Error: Invalid logical cluster id 0
01-01 00:40:56.997   635   635 E ANDR-PERF-MPCTL: invalid request, no optimizations performed
01-01 00:40:57.014   635   635 E ANDR-PERF-TARGET: Error: Invalid logical cluster id 0
01-01 00:40:57.014   635   635 E ANDR-PERF-MPCTL: invalid request, no optimizations performed
01-01 00:40:57.030   635   635 E ANDR-PERF-TARGET: Error: Invalid logical cluster id 0
01-01 00:40:57.030   635   635 E ANDR-PERF-MPCTL: invalid request, no optimizations performed
01-01 00:40:57.047   635   635 E ANDR-PERF-TARGET: Error: Invalid logical cluster id 0
01-01 00:40:57.047   635   635 E ANDR-PERF-MPCTL: invalid request, no optimizations performed
01-01 00:40:57.051   729   748 I sssv-lib: sendMsg enter
01-01 00:40:57.051   729   748 I sssv-lib: sendMsg complete.
01-01 00:40:57.064   635   635 E ANDR-PERF-TARGET: Error: Invalid logical cluster id 0
01-01 00:40:57.064   635   635 E ANDR-PERF-MPCTL: invalid request, no optimizations performed
01-01 00:40:57.064   635   635 E ANDR-PERF-TARGET: Error: Invalid logical cluster id 0
01-01 00:40:57.064   635   635 E ANDR-PERF-MPCTL: invalid request, no optimizations performed
01-01 00:40:57.080   635   635 E ANDR-PERF-TARGET: Error: Invalid logical cluster id 0
01-01 00:40:57.080   635   635 E ANDR-PERF-MPCTL: invalid request, no optimizations performed
01-01 00:40:57.097   635   635 E ANDR-PERF-TARGET: Error: Invalid logical cluster id 0
01-01 00:40:57.097   635   635 E ANDR-PERF-MPCTL: invalid request, no optimizations performed
01-01 00:40:57.114   635   635 E ANDR-PERF-TARGET: Error: Invalid logical cluster id 0
01-01 00:40:57.114   635   635 E ANDR-PERF-MPCTL: invalid request, no optimizations performed
01-01 00:40:57.130   635   635 E ANDR-PERF-TARGET: Error: Invalid logical cluster id 0
01-01 00:40:57.131   635   635 E ANDR-PERF-MPCTL: invalid request, no optimizations performed
01-01 00:40:57.147   635   635 E ANDR-PERF-TARGET: Error: Invalid logical cluster id 0
01-01 00:40:57.147   635   635 E ANDR-PERF-MPCTL: invalid request, no optimizations performed
01-01 00:40:57.164   635   635 E ANDR-PERF-TARGET: Error: Invalid logical cluster id 0
01-01 00:40:57.164   635   635 E ANDR-PERF-MPCTL: invalid request, no optimizations performed
01-01 00:40:57.181   635   635 E ANDR-PERF-TARGET: Error: Invalid logical cluster id 0
01-01 00:40:57.181   635   635 E ANDR-PERF-MPCTL: invalid request, no optimizations performed
01-01 00:40:57.197   635   635 E ANDR-PERF-TARGET: Error: Invalid logical cluster id 0
01-01 00:40:57.197   635   635 E ANDR-PERF-MPCTL: invalid request, no optimizations performed
01-01 00:40:57.214   635   635 E ANDR-PERF-TARGET: Error: Invalid logical cluster id 0
01-01 00:40:57.214   635   635 E ANDR-PERF-MPCTL: invalid request, no optimizations performed
01-01 00:40:57.231   635   635 E ANDR-PERF-TARGET: Error: Invalid logical cluster id 0
01-01 00:40:57.231   635   635 E ANDR-PERF-MPCTL: invalid request, no optimizations performed
01-01 00:40:57.247   635   635 E ANDR-PERF-TARGET: Error: Invalid logical cluster id 0
01-01 00:40:57.248   635   635 E ANDR-PERF-MPCTL: invalid request, no optimizations performed
01-01 00:40:57.258  3675 13663 W InteractionController: runAndwaitForEvents timed out waiting for events
01-01 00:40:57.264   635   635 E ANDR-PERF-TARGET: Error: Invalid logical cluster id 0
01-01 00:40:57.264   635   635 E ANDR-PERF-MPCTL: invalid request, no optimizations performed
01-01 00:40:57.266  3675 13663 D UiScrollable: scrollForward() on selector = UiSelector[SCROLLABLE=true]
01-01 00:40:57.275  3675 13663 I QueryController: Matched selector: UiSelector[SCROLLABLE=true] <<==>> [android.view.accessibility.AccessibilityNodeInfo@26f7381; boundsInParent: Rect(0, 0 - 1332, 889); boundsInScreen: Rect(305, 172 - 1637, 1061); packageName: com.panasonic.hmi2settings; className: android.widget.ScrollView; text: null; error: null; maxTextLength: -1; contentDescription: null; viewIdResName: com.panasonic.hmi2settings:id/scrollWifi; checkable: false; checked: false; focusable: true; focused: false; selected: false; clickable: false; longClickable: false; contextClickable: false; enabled: true; password: false; scrollable: true; importantForAccessibility: true; actions: [AccessibilityAction: ACTION_FOCUS - null, AccessibilityAction: ACTION_SELECT - null, AccessibilityAction: ACTION_CLEAR_SELECTION - null, AccessibilityAction: ACTION_ACCESSIBILITY_FOCUS - null, AccessibilityAction: ACTION_SCROLL_FORWARD - null, AccessibilityAction: ACTION_SHOW_ON_SCREEN - null]]
01-01 00:40:57.275  3675 13663 D InteractionController: scrollSwipe (971, 973, 971, 260, 55)
01-01 00:40:57.281   635   635 E ANDR-PERF-TARGET: Error: Invalid logical cluster id 0
01-01 00:40:57.281   635   635 E ANDR-PERF-MPCTL: invalid request, no optimizations performed
01-01 00:40:57.297   635   635 E ANDR-PERF-TARGET: Error: Invalid logical cluster id 0
01-01 00:40:57.298   635   635 E ANDR-PERF-MPCTL: invalid request, no optimizations performed
01-01 00:40:57.314   635   635 E ANDR-PERF-TARGET: Error: Invalid logical cluster id 0
01-01 00:40:57.314   635   635 E ANDR-PERF-MPCTL: invalid request, no optimizations performed
01-01 00:40:57.331   635   635 E ANDR-PERF-TARGET: Error: Invalid logical cluster id 0
01-01 00:40:57.331   635   635 E ANDR-PERF-MPCTL: invalid request, no optimizations performed
01-01 00:40:57.348   635   635 E ANDR-PERF-TARGET: Error: Invalid logical cluster id 0
01-01 00:40:57.348   635   635 E ANDR-PERF-MPCTL: invalid request, no optimizations performed
01-01 00:40:57.364   635   635 E ANDR-PERF-TARGET: Error: Invalid logical cluster id 0
01-01 00:40:57.364   635   635 E ANDR-PERF-MPCTL: invalid request, no optimizations performed
01-01 00:40:57.381   635   635 E ANDR-PERF-TARGET: Error: Invalid logical cluster id 0
01-01 00:40:57.381   635   635 E ANDR-PERF-MPCTL: invalid request, no optimizations performed
01-01 00:40:57.398   635   635 E ANDR-PERF-TARGET: Error: Invalid logical cluster id 0
01-01 00:40:57.398   635   635 E ANDR-PERF-MPCTL: invalid request, no optimizations performed
01-01 00:40:57.414   635   635 E ANDR-PERF-TARGET: Error: Invalid logical cluster id 0
01-01 00:40:57.415   635   635 E ANDR-PERF-MPCTL: invalid request, no optimizations performed
01-01 00:40:57.431   635   635 E ANDR-PERF-TARGET: Error: Invalid logical cluster id 0
01-01 00:40:57.431   635   635 E ANDR-PERF-MPCTL: invalid request, no optimizations performed
01-01 00:40:57.448   635   635 E ANDR-PERF-TARGET: Error: Invalid logical cluster id 0
01-01 00:40:57.448   635   635 E ANDR-PERF-MPCTL: invalid request, no optimizations performed
01-01 00:40:57.465   635   635 E ANDR-PERF-TARGET: Error: Invalid logical cluster id 0
01-01 00:40:57.465   635   635 E ANDR-PERF-MPCTL: invalid request, no optimizations performed
01-01 00:40:57.481   635   635 E ANDR-PERF-TARGET: Error: Invalid logical cluster id 0
01-01 00:40:57.481   635   635 E ANDR-PERF-MPCTL: invalid request, no optimizations performed
01-01 00:40:57.498   635   635 E ANDR-PERF-TARGET: Error: Invalid logical cluster id 0
01-01 00:40:57.498   635   635 E ANDR-PERF-MPCTL: invalid request, no optimizations performed
01-01 00:40:57.515   635   635 E ANDR-PERF-TARGET: Error: Invalid logical cluster id 0
01-01 00:40:57.515   635   635 E ANDR-PERF-MPCTL: invalid request, no optimizations performed
01-01 00:40:57.531   635   635 E ANDR-PERF-TARGET: Error: Invalid logical cluster id 0
01-01 00:40:57.531   635   635 E ANDR-PERF-MPCTL: invalid request, no optimizations performed
01-01 00:40:57.548   635   635 E ANDR-PERF-TARGET: Error: Invalid logical cluster id 0
01-01 00:40:57.548   635   635 E ANDR-PERF-MPCTL: invalid request, no optimizations performed
01-01 00:40:57.565   635   635 E ANDR-PERF-TARGET: Error: Invalid logical cluster id 0
01-01 00:40:57.565   635   635 E ANDR-PERF-MPCTL: invalid request, no optimizations performed
01-01 00:40:57.581   635   635 E ANDR-PERF-TARGET: Error: Invalid logical cluster id 0
01-01 00:40:57.581   635   635 E ANDR-PERF-MPCTL: invalid request, no optimizations performed
01-01 00:40:57.598   635   635 E ANDR-PERF-TARGET: Error: Invalid logical cluster id 0
01-01 00:40:57.598   635   635 E ANDR-PERF-MPCTL: invalid request, no optimizations performed
01-01 00:40:57.615   635   635 E ANDR-PERF-TARGET: Error: Invalid logical cluster id 0
01-01 00:40:57.615   635   635 E ANDR-PERF-MPCTL: invalid request, no optimizations performed
01-01 00:40:57.632   635   635 E ANDR-PERF-TARGET: Error: Invalid logical cluster id 0
01-01 00:40:57.632   635   635 E ANDR-PERF-MPCTL: invalid request, no optimizations performed
01-01 00:40:57.648   635   635 E ANDR-PERF-TARGET: Error: Invalid logical cluster id 0
01-01 00:40:57.648   635   635 E ANDR-PERF-MPCTL: invalid request, no optimizations performed
01-01 00:40:57.665   635   635 E ANDR-PERF-TARGET: Error: Invalid logical cluster id 0
01-01 00:40:57.665   635   635 E ANDR-PERF-MPCTL: invalid request, no optimizations performed
01-01 00:40:57.682   635   635 E ANDR-PERF-TARGET: Error: Invalid logical cluster id 0
01-01 00:40:57.682   635   635 E ANDR-PERF-MPCTL: invalid request, no optimizations performed
01-01 00:40:57.698   635   635 E ANDR-PERF-TARGET: Error: Invalid logical cluster id 0
01-01 00:40:57.698   635   635 E ANDR-PERF-MPCTL: invalid request, no optimizations performed
01-01 00:40:57.715   635   635 E ANDR-PERF-TARGET: Error: Invalid logical cluster id 0
01-01 00:40:57.715   635   635 E ANDR-PERF-MPCTL: invalid request, no optimizations performed
01-01 00:40:57.732   635   635 E ANDR-PERF-TARGET: Error: Invalid logical cluster id 0
01-01 00:40:57.732   635   635 E ANDR-PERF-MPCTL: invalid request, no optimizations performed
01-01 00:40:57.748   635   635 E ANDR-PERF-TARGET: Error: Invalid logical cluster id 0
01-01 00:40:57.748   635   635 E ANDR-PERF-MPCTL: invalid request, no optimizations performed
01-01 00:40:57.765   635   635 E ANDR-PERF-TARGET: Error: Invalid logical cluster id 0
01-01 00:40:57.765   635   635 E ANDR-PERF-MPCTL: invalid request, no optimizations performed
01-01 00:40:57.782   635   635 E ANDR-PERF-TARGET: Error: Invalid logical cluster id 0
01-01 00:40:57.782   635   635 E ANDR-PERF-MPCTL: invalid request, no optimizations performed
01-01 00:40:57.799   635   635 E ANDR-PERF-TARGET: Error: Invalid logical cluster id 0
01-01 00:40:57.799   635   635 E ANDR-PERF-MPCTL: invalid request, no optimizations performed
01-01 00:40:57.815   635   635 E ANDR-PERF-TARGET: Error: Invalid logical cluster id 0
01-01 00:40:57.815   635   635 E ANDR-PERF-MPCTL: invalid request, no optimizations performed
01-01 00:40:57.832   635   635 E ANDR-PERF-TARGET: Error: Invalid logical cluster id 0
01-01 00:40:57.832   635   635 E ANDR-PERF-MPCTL: invalid request, no optimizations performed
01-01 00:40:57.849   635   635 E ANDR-PERF-TARGET: Error: Invalid logical cluster id 0
01-01 00:40:57.849   635   635 E ANDR-PERF-MPCTL: invalid request, no optimizations performed
01-01 00:40:57.865   635   635 E ANDR-PERF-TARGET: Error: Invalid logical cluster id 0
01-01 00:40:57.865   635   635 E ANDR-PERF-MPCTL: invalid request, no optimizations performed
01-01 00:40:57.882   635   635 E ANDR-PERF-TARGET: Error: Invalid logical cluster id 0
01-01 00:40:57.882   635   635 E ANDR-PERF-MPCTL: invalid request, no optimizations performed
01-01 00:40:57.899   635   635 E ANDR-PERF-TARGET: Error: Invalid logical cluster id 0
01-01 00:40:57.899   635   635 E ANDR-PERF-MPCTL: invalid request, no optimizations performed
01-01 00:40:57.915   635   635 E ANDR-PERF-TARGET: Error: Invalid logical cluster id 0
01-01 00:40:57.916   635   635 E ANDR-PERF-MPCTL: invalid request, no optimizations performed
01-01 00:40:57.932   635   635 E ANDR-PERF-TARGET: Error: Invalid logical cluster id 0
01-01 00:40:57.932   635   635 E ANDR-PERF-MPCTL: invalid request, no optimizations performed
01-01 00:40:57.949   635   635 E ANDR-PERF-TARGET: Error: Invalid logical cluster id 0
01-01 00:40:57.949   635   635 E ANDR-PERF-MPCTL: invalid request, no optimizations performed
01-01 00:40:57.966   635   635 E ANDR-PERF-TARGET: Error: Invalid logical cluster id 0
01-01 00:40:57.966   635   635 E ANDR-PERF-MPCTL: invalid request, no optimizations performed
01-01 00:40:57.982   635   635 E ANDR-PERF-TARGET: Error: Invalid logical cluster id 0
01-01 00:40:57.982   635   635 E ANDR-PERF-MPCTL: invalid request, no optimizations performed
01-01 00:40:57.999   635   635 E ANDR-PERF-TARGET: Error: Invalid logical cluster id 0
01-01 00:40:57.999   635   635 E ANDR-PERF-MPCTL: invalid request, no optimizations performed
01-01 00:40:58.016   635   635 E ANDR-PERF-TARGET: Error: Invalid logical cluster id 0
01-01 00:40:58.016   635   635 E ANDR-PERF-MPCTL: invalid request, no optimizations performed
01-01 00:40:58.032   635   635 E ANDR-PERF-TARGET: Error: Invalid logical cluster id 0
01-01 00:40:58.032   635   635 E ANDR-PERF-MPCTL: invalid request, no optimizations performed
01-01 00:40:58.049   635   635 E ANDR-PERF-TARGET: Error: Invalid logical cluster id 0
01-01 00:40:58.049   635   635 E ANDR-PERF-MPCTL: invalid request, no optimizations performed
01-01 00:40:58.052   729   748 I sssv-lib: sendMsg enter
01-01 00:40:58.052   729   748 I sssv-lib: sendMsg complete.
01-01 00:40:58.066   635   635 E ANDR-PERF-TARGET: Error: Invalid logical cluster id 0
01-01 00:40:58.066   635   635 E ANDR-PERF-MPCTL: invalid request, no optimizations performed
01-01 00:40:58.083   635   635 E ANDR-PERF-TARGET: Error: Invalid logical cluster id 0
01-01 00:40:58.083   635   635 E ANDR-PERF-MPCTL: invalid request, no optimizations performed
01-01 00:40:58.099   635   635 E ANDR-PERF-TARGET: Error: Invalid logical cluster id 0
01-01 00:40:58.099   635   635 E ANDR-PERF-MPCTL: invalid request, no optimizations performed
01-01 00:40:58.116   635   635 E ANDR-PERF-TARGET: Error: Invalid logical cluster id 0
01-01 00:40:58.116   635   635 E ANDR-PERF-MPCTL: invalid request, no optimizations performed
01-01 00:40:58.133   635   635 E ANDR-PERF-TARGET: Error: Invalid logical cluster id 0
01-01 00:40:58.133   635   635 E ANDR-PERF-MPCTL: invalid request, no optimizations performed
01-01 00:40:58.149   635   635 E ANDR-PERF-TARGET: Error: Invalid logical cluster id 0
01-01 00:40:58.149   635   635 E ANDR-PERF-MPCTL: invalid request, no optimizations performed
01-01 00:40:58.166   635   635 E ANDR-PERF-TARGET: Error: Invalid logical cluster id 0
01-01 00:40:58.166   635   635 E ANDR-PERF-MPCTL: invalid request, no optimizations performed
01-01 00:40:58.183   635   635 E ANDR-PERF-TARGET: Error: Invalid logical cluster id 0
01-01 00:40:58.183   635   635 E ANDR-PERF-MPCTL: invalid request, no optimizations performed
01-01 00:40:58.183   635   635 E ANDR-PERF-TARGET: Error: Invalid logical cluster id 0
01-01 00:40:58.183   635   635 E ANDR-PERF-MPCTL: invalid request, no optimizations performed
01-01 00:40:58.199   635   635 E ANDR-PERF-TARGET: Error: Invalid logical cluster id 0
01-01 00:40:58.200   635   635 E ANDR-PERF-MPCTL: invalid request, no optimizations performed
01-01 00:40:58.216   635   635 E ANDR-PERF-TARGET: Error: Invalid logical cluster id 0
01-01 00:40:58.216   635   635 E ANDR-PERF-MPCTL: invalid request, no optimizations performed
01-01 00:40:58.233   635   635 E ANDR-PERF-TARGET: Error: Invalid logical cluster id 0
01-01 00:40:58.233   635   635 E ANDR-PERF-MPCTL: invalid request, no optimizations performed
01-01 00:40:58.249   635   635 E ANDR-PERF-TARGET: Error: Invalid logical cluster id 0
01-01 00:40:58.250   635   635 E ANDR-PERF-MPCTL: invalid request, no optimizations performed
01-01 00:40:58.266   635   635 E ANDR-PERF-TARGET: Error: Invalid logical cluster id 0
01-01 00:40:58.266   635   635 E ANDR-PERF-MPCTL: invalid request, no optimizations performed
01-01 00:40:58.283   635   635 E ANDR-PERF-TARGET: Error: Invalid logical cluster id 0
01-01 00:40:58.283   635   635 E ANDR-PERF-MPCTL: invalid request, no optimizations performed
01-01 00:40:58.300   635   635 E ANDR-PERF-TARGET: Error: Invalid logical cluster id 0
01-01 00:40:58.300   635   635 E ANDR-PERF-MPCTL: invalid request, no optimizations performed
01-01 00:40:58.316   635   635 E ANDR-PERF-TARGET: Error: Invalid logical cluster id 0
01-01 00:40:58.316   635   635 E ANDR-PERF-MPCTL: invalid request, no optimizations performed
01-01 00:40:58.333   635   635 E ANDR-PERF-TARGET: Error: Invalid logical cluster id 0
01-01 00:40:58.333   635   635 E ANDR-PERF-MPCTL: invalid request, no optimizations performed
01-01 00:40:58.350   635   635 E ANDR-PERF-TARGET: Error: Invalid logical cluster id 0
01-01 00:40:58.350   635   635 E ANDR-PERF-MPCTL: invalid request, no optimizations performed
01-01 00:40:58.366   635   635 E ANDR-PERF-TARGET: Error: Invalid logical cluster id 0
01-01 00:40:58.366   635   635 E ANDR-PERF-MPCTL: invalid request, no optimizations performed
01-01 00:40:58.376  3675 13663 W InteractionController: runAndwaitForEvents timed out waiting for events
01-01 00:40:58.377  3675 13663 D InteractionController: Vertical scrollSwipe reached scroll end: false
01-01 00:40:58.379  1933  1933 I LCMANDR : SWR_OOB_HV_MF_009|FUN=ResourceMonitoringService::movingMemoryAverage|2|Moving memory average :28.469885
01-01 00:40:58.380  1933  1933 W LCMANDR : SWR_OOB_HV_MF_009|FUN=ResourceMonitoringService::getCpuUsageStatistic|Moving MEM AVG :::::::::28.469885
01-01 00:40:58.381  1933  1933 W LCMANDR : SWR_OOB_HV_MF_009|FUN=ResourceMonitoringService::getCpuUsageStatistic|2|Total cpu usage :28.45805
01-01 00:40:58.381  1933  1933 I LCMANDR : SWR_OOB_HV_MF_009|FUN=ResourceMonitoringService::getCpuUsageStatistic|Cpu usage of core  0 is32.16783
01-01 00:40:58.381  1933  1933 I LCMANDR : SWR_OOB_HV_MF_009|FUN=ResourceMonitoringService::getCpuUsageStatistic|Cpu usage of core  1 is25.347221
01-01 00:40:58.381  1933  1933 I LCMANDR : SWR_OOB_HV_MF_009|FUN=ResourceMonitoringService::getCpuUsageStatistic|Cpu usage of core  2 is27.92208
01-01 00:40:58.381  1933  1933 I LCMANDR : ResourceMonitoringService::movingCpuAverage()
01-01 00:40:58.381  1933  1933 I LCMANDR : SWR_OOB_HV_MF_009|FUN=ResourceMonitoringService::movingCpuAverage|2|Moving window average of CPU 23.678003
01-01 00:40:58.381  1933  1933 I LCMANDR : SWR_OOB_HV_MF_009|FUN=ResourceMonitoringService::movingCpuAverage|2|Cpu moving average of core  0 is25.356342
01-01 00:40:58.381  1933  1933 I LCMANDR : SWR_OOB_HV_MF_009|FUN=ResourceMonitoringService::movingCpuAverage|2|Cpu moving average of core  1 is20.98962
01-01 00:40:58.381  1933  1933 I LCMANDR : SWR_OOB_HV_MF_009|FUN=ResourceMonitoringService::movingCpuAverage|2|Cpu moving average of core  2 is24.67757
01-01 00:40:58.381  1933  1933 D LCMANDR : SWR_OOB_HV_MF_009|FUN=ResourceMonitoringService::movingCpuAverage|2|Exiting VAL = 23.678003
01-01 00:40:58.383   635   635 E ANDR-PERF-TARGET: Error: Invalid logical cluster id 0
01-01 00:40:58.383   635   635 E ANDR-PERF-MPCTL: invalid request, no optimizations performed
01-01 00:40:58.400   635   635 E ANDR-PERF-TARGET: Error: Invalid logical cluster id 0
01-01 00:40:58.400   635   635 E ANDR-PERF-MPCTL: invalid request, no optimizations performed
01-01 00:40:58.416   635   635 E ANDR-PERF-TARGET: Error: Invalid logical cluster id 0
01-01 00:40:58.417   635   635 E ANDR-PERF-MPCTL: invalid request, no optimizations performed
01-01 00:40:58.433   635   635 E ANDR-PERF-TARGET: Error: Invalid logical cluster id 0
01-01 00:40:58.433   635   635 E ANDR-PERF-MPCTL: invalid request, no optimizations performed
01-01 00:40:58.436  2054  2054 E         : 
01-01 00:40:58.436  2054  2054 E         : Buffer Size = 1048576
01-01 00:40:58.450   635   635 E ANDR-PERF-TARGET: Error: Invalid logical cluster id 0
01-01 00:40:58.450   635   635 E ANDR-PERF-MPCTL: invalid request, no optimizations performed
01-01 00:40:58.462  2054  2054 E         : 
01-01 00:40:58.462  2054  2054 E         : <6>[ 2132.859021] QSEECOM: scm_call_qcpe:429 : IN: 0x42000d0a, 0x3, 0x0, 0x89d6, 0x7cc, 0x0, 0x0
01-01 00:40:58.462  2054  2054 E         : <6>[ 2132.861113] QSEECOM: scm_call_qcpe:503 : OUT: 0x0, 0x0, 0x0, 0x0
01-01 00:40:58.462  2054  2054 E         : <6>[ 2132.872666] QSEECOM: scm_call_qcpe:429 : IN: 0x42000d0a, 0x3, 0x0, 0x3550, 0x79b, 0x0, 0x0
01-01 00:40:58.462  2054  2054 E         : <6>[ 2132.873853] QSEECOM: scm_call_qcpe:503 : OUT: 0x0, 0x0, 0x0, 0x0
01-01 00:40:58.462  2054  2054 E         : <6>[ 2132.878236] CFG80211-ERROR) wl_notify_connect_status : wl_bss_connect_done succeeded with ec:58:ea:f6:10:88
01-01 00:40:58.462  2054  2054 E         : <6>[ 2132.889441] QSEECOM: scm_call_qcpe:429 : IN: 0x42000d0a, 0x3, 0x0, 0x4185, 0x790, 0x0, 0x0
01-01 00:40:58.462  2054  2054 E         : <6>[ 2132.890743] QSEECOM: scm_call_qcpe:503 : OUT: 0x0, 0x0, 0x0, 0x0
01-01 00:40:58.462  2054  2054 E         : <6>[ 2132.904824] QSEECOM: scm_call_qcpe:429 : IN: 0x42000d0a, 0x3, 0x0, 0x3c19, 0x7b5, 0x0, 0x0
01-01 00:40:58.462  2054  2054 E         : <6>[ 2132.905895] QSEECOM: scm_call_qcpe:503 : OUT: 0x0, 0x0, 0x0, 0x0
01-01 00:40:58.462  2054  2054 E         : <6>[ 2132.922570] QSEECOM: scm_call_qcpe:429 : IN: 0x42000d0a, 0x3, 0x0, 0x4553, 0x7a2, 0x0, 0x0
01-01 00:40:58.462  2054  2054 E         : <6>[ 2132.924520] QSEECOM: scm_call_qcpe:503 : OUT: 0x0, 0x0, 0x0, 0x0
01-01 00:40:58.462  2054  2054 E         : <6>[ 2132.938243] QSEECOM: scm_call_qcpe:429 : IN: 0x42000d0a, 0x3, 
01-01 00:40:58.465  2054  2054 E         : USB Hub Detector 1.0
01-01 00:40:58.467   635   635 E ANDR-PERF-TARGET: Error: Invalid logical cluster id 0
01-01 00:40:58.467   635   635 E ANDR-PERF-MPCTL: invalid request, no optimizations performed
01-01 00:40:58.483   635   635 E ANDR-PERF-TARGET: Error: Invalid logical cluster id 0
01-01 00:40:58.483   635   635 E ANDR-PERF-MPCTL: invalid request, no optimizations performed
01-01 00:40:58.500   635   635 E ANDR-PERF-TARGET: Error: Invalid logical cluster id 0
01-01 00:40:58.500   635   635 E ANDR-PERF-MPCTL: invalid request, no optimizations performed
01-01 00:40:58.517   635   635 E ANDR-PERF-TARGET: Error: Invalid logical cluster id 0
01-01 00:40:58.517   635   635 E ANDR-PERF-MPCTL: invalid request, no optimizations performed
01-01 00:40:58.533   635   635 E ANDR-PERF-TARGET: Error: Invalid logical cluster id 0
01-01 00:40:58.534   635   635 E ANDR-PERF-MPCTL: invalid request, no optimizations performed
01-01 00:40:58.550   635   635 E ANDR-PERF-TARGET: Error: Invalid logical cluster id 0
01-01 00:40:58.550   635   635 E ANDR-PERF-MPCTL: invalid request, no optimizations performed
01-01 00:40:58.738     1   452 I init    : Uptime: 02454.875320 LocalTime: 01-01 00:40:58.738
01-01 00:40:59.055   729   748 I sssv-lib: sendMsg enter
01-01 00:40:59.055   729   748 I sssv-lib: sendMsg complete.
01-01 00:40:59.063  3675 13663 I QueryController: Matched selector: UiSelector[SCROLLABLE=true, CHILD=UiSelector[TEXT=RSE_Test]] <<==>> [android.view.accessibility.AccessibilityNodeInfo@27166c6; boundsInParent: Rect(0, 0 - 1078, 77); boundsInScreen: Rect(354, 494 - 1431, 571); packageName: com.panasonic.hmi2settings; className: android.widget.TextView; text: RSE_Test; error: null; maxTextLength: -1; contentDescription: null; viewIdResName: com.panasonic.hmi2settings:id/wifiName; checkable: false; checked: false; focusable: false; focused: false; selected: false; clickable: false; longClickable: false; contextClickable: false; enabled: true; password: false; scrollable: false; importantForAccessibility: true; actions: [AccessibilityAction: ACTION_SELECT - null, AccessibilityAction: ACTION_CLEAR_SELECTION - null, AccessibilityAction: ACTION_ACCESSIBILITY_FOCUS - null, AccessibilityAction: ACTION_NEXT_AT_MOVEMENT_GRANULARITY - null, AccessibilityAction: ACTION_PREVIOUS_AT_MOVEMENT_GRANULARITY - null, AccessibilityAction: ACTION_SET_SELECTION - null, AccessibilityAction: ACTION_SHOW_ON_SCREEN - null]]
01-01 00:40:59.072  3675 13664 D UIAutomatorStub: URI: /jsonrpc/0, Method: POST, Header: {content-length=176, remote-addr=127.0.0.1, http-client-ip=127.0.0.1, host=localhost:9009, content-type=application/json, connection=close, accept-encoding=identity, user-agent=Python-urllib/2.7}, params, {NanoHttpd.QUERY_STRING=null}, files: {postData={"params": [{"childOrSiblingSelector": [], "text": "RSE_Test", "mask": 1, "childOrSibling": []}], "jsonrpc": "2.0", "method": "click", "id": "26639d3ec58849261613c8cfcab6139f"}}
01-01 00:40:59.134  3739  3739 W HMI2-SETTINGS - CI08.4: className -> WifiAdapter | functionName -> onBindViewHolder | value -> allWifiList.get(position).getSecurityType() : wifiNametrue
01-01 00:40:59.134  3739  3739 W HMI2-SETTINGS - CI08.4: className -> WifiActivity | functionName -> onWifiClick | value -> getSecurityType ->true
01-01 00:40:59.142  3675 13665 D UIAutomatorStub: URI: /jsonrpc/0, Method: POST, Header: {content-length=213, remote-addr=127.0.0.1, http-client-ip=127.0.0.1, host=localhost:9009, content-type=application/json, connection=close, accept-encoding=identity, user-agent=Python-urllib/2.7}, params, {NanoHttpd.QUERY_STRING=null}, files: {postData={"params": [{"childOrSiblingSelector": [], "className": "android.widget.EditText", "mask": 16, "childOrSibling": []}, "Secure7@55"], "jsonrpc": "2.0", "method": "setText", "id": "64e45f551dea44da7ee8a566ccbe33f8"}}
