01-01 01:04:34.232  2677  2726 W ANDR_PERSISTENCY_CLIENT: SWR_PERSISTENCE_HV_LA_MF_0005|FUN=TCPHandler::sendResponseToSettings|2|message=[0, 36, 5, 0, 0, 0, 15, 0, 32, 50, 53, 51, 32, 32, 32, 32, 32, 32, 32, 48, 32, 122, 114, 97, 109, 48, 32, 48, 32, 48, 32, 48, 32, 48, 32, 48, 32, 48, 32, 48, 32, 48, 32, 48, 32, 48, 32, 48, 10, 32, 50, 53, 51, 32, 32, 32, 32, 32, 32, 32, 49, 32, 122, 114, 97, 109, 49, 32, 48, 32, 48, 32, 48, 32, 48, 32, 48, 32, 48, 32, 48, 32, 48, 32, 48, 32, 48, 32, 48, 10, 32, 50, 53, 51, 32, 32, 32, 32, 32, 32, 32, 50, 32, 122, 114, 97, 109, 50, 32, 48, 32, 48, 32, 48, 32, 48, 32, 48, 32, 48, 32, 48, 32, 48, 32, 48, 32, 48, 32, 48, 10, 32, 50, 53, 51, 32, 32, 32, 32, 32, 32, 32, 51, 32, 122, 114, 97, 109, 51, 32, 48, 32, 48, 32, 48, 32, 48, 32, 48, 32, 48, 32, 48, 32, 48, 32, 48, 32, 48, 32, 48, 10, 32, 49, 55, 57, 32, 32, 32, 32, 32, 32, 32, 48, 32, 109, 109, 99, 98, 108, 107, 48, 32, 49, 52, 53, 56, 49, 32, 51, 51, 52, 32, 51, 52, 56, 54, 57, 55, 57, 32, 50, 51, 51, 55, 50, 32, 55, 52, 51, 54, 50, 32, 49, 48, 57, 49, 52, 57, 56, 32, 49, 51, 56, 50, 53, 54, 54, 32, 56, 52, 53, 53, 54, 32, 48, 32, 55, 57, 54, 52, 56, 32, 49, 48, 55, 56, 49, 50, 10, 32, 49, 55, 57, 32, 32, 32, 32, 32, 32, 32, 49, 32, 109, 109, 99, 98, 108, 107, 48, 112, 49, 32, 49, 32, 48, 32, 49, 54, 32, 48, 32, 48, 32, 48, 32, 48, 32, 48, 32, 48, 32, 48, 32, 48, 10, 32, 49, 55, 57, 32, 32, 32, 32, 32, 32, 32, 50, 32, 109, 109, 99, 98, 108, 107, 48, 112, 50, 32, 57, 32, 48, 32, 52, 54, 52, 32, 52, 32, 48, 32, 48, 32, 48, 32, 48, 32, 48, 32, 52, 32, 52, 10, 32, 49, 55, 57, 32, 32, 32, 32, 32, 32, 32, 51, 32, 109, 109, 99, 98, 108, 107, 48, 112, 51, 32, 57, 32, 48, 32, 52, 54, 52, 32, 52, 32, 48, 32, 48, 32, 48, 32, 48, 32, 48, 32, 52, 32, 52, 10, 32, 49, 55, 57, 32, 32, 32, 32, 32, 32, 32, 52, 32, 109, 109, 99, 98, 108, 107, 48, 112, 52, 32, 50, 51, 32, 48, 32, 51, 56, 48, 56, 32, 54, 56, 32, 48, 32, 48, 32, 48, 32, 48, 32, 48, 32, 53, 54, 32, 54, 56, 10, 32, 49, 55, 57, 32, 32, 32, 32, 32, 32, 32, 53, 32, 109, 109, 99, 98, 108, 107, 48, 112, 53, 32, 49, 54, 32, 48, 32, 53, 55, 54, 32, 53, 50, 32, 51, 32, 48, 32, 50, 52, 32, 48, 32, 48, 32, 53, 50, 32, 53, 50, 10, 32, 49, 55, 57, 32, 32, 32, 32, 32, 32, 32, 54, 32, 109, 109, 99, 98, 108, 107, 48, 112, 54, 32, 49, 51, 32, 48, 32, 52, 57, 54, 32, 52, 32, 54, 32, 48, 32, 52, 56, 32, 52, 32, 48, 32, 56, 32, 56, 10, 32, 49, 55, 57, 32, 32, 32, 32, 32, 32, 32, 55, 32, 109, 109, 99, 98, 108, 107, 48, 112, 55, 32, 49, 54, 32, 48, 32, 49, 50, 56, 32, 48, 32, 48, 32, 48, 32, 48, 32, 48, 32, 48, 32, 48, 32, 48, 10, 32, 49, 55, 57, 32, 32, 32, 32, 32, 32, 32, 56, 32, 109, 109, 99, 98, 108, 107, 48, 112, 56, 32, 49, 48, 32, 48, 32, 52, 55, 50, 32, 52, 32, 48, 32, 48, 32, 48, 32, 48, 32, 48, 32, 52, 32, 52, 10, 32, 49, 55, 57, 32, 32, 32, 32, 32, 32, 32, 57, 32, 109, 109, 99, 98, 108, 107, 48, 112, 57, 32, 55, 53, 32, 48, 32, 56, 53, 56, 32, 49, 50, 32, 48, 32, 48, 32, 48, 32, 48, 32, 48, 32, 49, 50, 32, 49, 50, 10, 32, 49, 55, 57, 32, 32, 32, 32, 32, 32, 49, 48, 32, 109, 109, 99, 98, 108, 107, 48, 112, 49, 48, 32, 49, 48, 32, 48, 32, 52, 55, 50, 32, 48, 32, 48, 32, 48, 32, 48, 32, 48, 32, 48, 32, 48, 32, 48, 10, 32, 49, 55, 57, 32, 32, 32, 32, 32, 32, 49, 49, 32, 109, 109, 99, 98, 108, 107, 48, 112, 49, 49, 32, 49, 32, 48, 32, 56, 32, 48, 32, 48, 32, 48, 32, 48, 32, 48, 32, 48, 32, 48, 32, 48, 10, 32, 49, 55, 57, 32, 32, 32, 32, 32, 32, 49, 50, 32, 109, 109, 99, 98, 108, 107, 48, 112, 49, 50, 32, 51, 48, 32, 48, 32, 50, 52, 48, 32, 52, 32, 48, 32, 48, 32, 48, 32, 48, 32, 48, 32, 52, 32, 52, 10, 32, 49, 55, 57, 32, 32, 32, 32, 32, 32, 49, 51, 32, 109, 109, 99, 98, 108, 107, 48, 112, 49, 51, 32, 51, 48, 32, 48, 32, 50, 52, 48, 32, 56, 32, 48, 32, 48, 32, 48, 32, 48, 32, 48, 32, 56, 32, 56, 10, 32, 49, 55, 57, 32, 32, 32, 32, 32, 32, 49, 52, 32, 109, 109, 99, 98, 108, 107, 48, 112, 49, 52, 32, 51, 48, 32, 48, 32, 50, 52, 48, 32, 52, 32, 48, 32, 48, 32, 48, 32, 48, 32, 48, 32, 52, 32, 52, 10, 32, 49, 55, 57, 32, 32, 32, 32, 32, 32, 49, 53, 32, 109, 109, 99, 98, 108, 107, 48, 112, 49, 53, 32, 51, 48, 32, 4
01-01 01:04:34.232  2677  2726 W ANDR_PERSISTENCY_CLIENT: SWR_PERSISTENCE_HV_LA_MF_0005|FUN=TCPHandler::sendResponseToSettings|2|;success=truelength 3848
01-01 01:04:34.232  2677  2726 W ANDR_PERSISTENCY_CLIENT: SWR_PERSISTENCE_HV_LA_MF_0005|FUN=TCPHandler::sendResponseToSettings|2| length>8
01-01 01:04:34.232  2677  2726 W ANDR_PERSISTENCY_CLIENT: SWR_PERSISTENCE_HV_LA_MF_0005|FUN=TCPHandler:: bytesToInt |2| data [B@e68f7a1
01-01 01:04:34.232  2677  2726 W ANDR_PERSISTENCY_CLIENT: SWR_PERSISTENCE_HV_LA_MF_0005|FUN=TCPHandler::sendResponseToSettings|2| dataLength 3840
01-01 01:04:34.232  2677  2726 W ANDR_PERSISTENCY_CLIENT: SWR_PERSISTENCE_HV_LA_MF_0005|FUN=TCPHandler::sendResponseToSettings|2| dataLength > 0 
01-01 01:04:34.232  2677  2726 W ANDR_PERSISTENCY_CLIENT: SWR_PERSISTENCE_HV_LA_MF_0005|FUN=TCPHandler::sendResponseToSettings|2| dataLength [B@5aaadc6
01-01 01:04:34.233  2677  2726 W ANDR_PERSISTENCY_CLIENT: SWR_PERSISTENCE_HV_LA_MF_0005|FUN=TCPHandler::sendResponseToSettings 2|2|msg:dataString= 253       0 zram0 0 0 0 0 0 0 0 0 0 0 0
01-01 01:04:34.233  2677  2726 W ANDR_PERSISTENCY_CLIENT:  253       1 zram1 0 0 0 0 0 0 0 0 0 0 0
01-01 01:04:34.233  2677  2726 W ANDR_PERSISTENCY_CLIENT:  253       2 zram2 0 0 0 0 0 0 0 0 0 0 0
01-01 01:04:34.233  2677  2726 W ANDR_PERSISTENCY_CLIENT:  253       3 zram3 0 0 0 0 0 0 0 0 0 0 0
01-01 01:04:34.233  2677  2726 W ANDR_PERSISTENCY_CLIENT:  179       0 mmcblk0 14581 334 3486979 23372 74362 1091498 1382566 84556 0 79648 107812
01-01 01:04:34.233  2677  2726 W ANDR_PERSISTENCY_CLIENT:  179       1 mmcblk0p1 1 0 16 0 0 0 0 0 0 0 0
01-01 01:04:34.233  2677  2726 W ANDR_PERSISTENCY_CLIENT:  179       2 mmcblk0p2 9 0 464 4 0 0 0 0 0 4 4
01-01 01:04:34.233  2677  2726 W ANDR_PERSISTENCY_CLIENT:  179       3 mmcblk0p3 9 0 464 4 0 0 0 0 0 4 4
01-01 01:04:34.233  2677  2726 W ANDR_PERSISTENCY_CLIENT:  179       4 mmcblk0p4 23 0 3808 68 0 0 0 0 0 56 68
01-01 01:04:34.233  2677  2726 W ANDR_PERSISTENCY_CLIENT:  179       5 mmcblk0p5 16 0 576 52 3 0 24 0 0 52 52
01-01 01:04:34.233  2677  2726 W ANDR_PERSISTENCY_CLIENT:  179       6 mmcblk0p6 13 0 496 4 6 0 48 4 0 8 8
01-01 01:04:34.233  2677  2726 W ANDR_PERSISTENCY_CLIENT:  179       7 mmcblk0p7 16 0 128 0 0 0 0 0 0 0 0
01-01 01:04:34.233  2677  2726 W ANDR_PERSISTENCY_CLIENT:  179       8 mmcblk0p8 10 0 472 4 0 0 0 0 0 4 4
01-01 01:04:34.233  2677  2726 W ANDR_PERSISTENCY_CLIENT:  179       9 mmcblk0p9 75 0 858 12 0 0 0 0 0 12 12
01-01 01:04:34.233  2677  2726 W ANDR_PERSISTENCY_CLIENT:  179      10 mmcblk0p10 10 0 472 0 0 0 0 0 0 0 0
01-01 01:04:34.233  2677  2726 W ANDR_PERSISTENCY_CLIENT:  179      11 mmcblk0p11 1 0 8 0 0 0 0 0 0 0 0
01-01 01:04:34.233  2677  2726 W ANDR_PERSISTENCY_CLIENT:  179      12 mmcblk0p12 30 0 240 4 0 0 0 0 0 4 4
01-01 01:04:34.233  2677  2726 W ANDR_PERSISTENCY_CLIENT:  179      13 mmcblk0p13 30 0 240 8 0 0 0 0 0 8 8
01-01 01:04:34.233  2677  2726 W ANDR_PERSISTENCY_CLIENT:  179      14 mmcblk0p14 30 0 240 4 0 0 0 0 0 4 4
01-01 01:04:34.233  2677  2726 W ANDR_PERSISTENCY_CLIENT:  179      15 mmcblk0p15 30 0 240 0 0 0 0 0 0 0 0
01-01 01:04:34.233  2677  2726 W ANDR_PERSISTENCY_CLIENT:  179      16 mmcblk0p16 20 0 160 4 0 0 0 0 0 4 4
01-01 01:04:34.233  2677  2726 W ANDR_PERSISTENCY_CLIENT:  179      17 mmcblk0p17 20 0 160 8 0 0 0 0 0 8 8
01-01 01:04:34.233  2677  2726 W ANDR_PERSISTENCY_CLIENT:  179      18 mmcblk0p18 20 0 160 8 0 0 0 0 0 8 8
01-01 01:04:34.233  2677  2726 W ANDR_PERSISTENCY_CLIENT:  179      19 mmcblk0p19 20 0 160 0 0 0 0 0 0 0 0
01-01 01:04:34.233  2677  2726 W ANDR_PERSISTENCY_CLIENT:  179      20 mmcblk0p20 20 0 160 0 0 0 0 0 0 0 0
01-01 01:04:34.233  2677  2726 W ANDR_PERSISTENCY_CLIENT:  179      21 mmcblk0p21 20 0 160 4 0 0 0 0 0 4 4
01-01 01:04:34.233  2677  2726 W ANDR_PERSISTENCY_CLIENT:  179      22 mmcblk0p22 9 0 464 0 0 0 0 0 0 0 0
01-01 01:04:34.233  2677  2726 W ANDR_PERSISTENCY_CLIENT:  179      23 mmcblk0p23 18 0 144 0 0 0 0 0 0 0 0
01-01 01:04:34.233  2677  2726 W ANDR_PERSISTENCY_CLIENT:  179      24 mmcblk0p24 18 0 144 4 0 0 0 0 0 4 4
01-01 01:04:34.233  2677  2726 W ANDR_PERSISTENCY_CLIENT:  179      25 mmcblk0p25 22 0 176 4 0 0 0 0 0 4 4
01-01 01:04:34.233  2677  2726 W ANDR_PERSISTENCY_CLIENT:  179      26 mmcblk0p26 22 0 176 0 0 0 0 0 0 0 0
01-01 01:04:34.233  2677  2726 W ANDR_PERSISTENCY_CLIENT:  179      27 mmcblk0p27 40 0 4128 32 0 0 0 0 0 24 32
01-01 01:04:34.233  2677  2726 W ANDR_PERSISTENCY_CLIENT:  179      28 mmcblk0p28 40 0 4128 64 0 0 0 0 0 40 64
01-01 01:04:34.233  2677  2726 W ANDR_PERSISTENCY_CLIENT:  179      29 mmcblk0p29 17 0 4008 40 0 0 0 0 0 24 40
01-01 01:04:34.233  2677  2726 W ANDR_PERSISTENCY_CLIENT:  179      30 mmcblk0p30 4965 3 1997096 9172 0 0 0 0 0 6920 9168
01-01 01:04:34.233  2677  2726 W ANDR_PERSISTENCY_CLIENT:  179      31 mmcblk0p31 17 0 4008 36 0 0 0 0 0 20 36
01-01 01:04:34.233  2677  2726 W ANDR_PERSISTENCY_CLIENT:  259       0 mmcblk0p32 1390 0 348344 1740 0 0 0 0 0 1504 1732
01-01 01:04:34.233  2677  2726 W ANDR_PERSISTENCY_CLIENT:  259       1 mmcblk0p33 20 0 160 28 0 0 0 0 0 28 28
01-01 01:04:34.233  2677  2726 W ANDR_PERSISTENCY_CLIENT:  259       2 mmcblk0p34 20 0 160 20 0 0 0 0 0 20 20
01-01 01:04:34.233  2677  2726 W ANDR_PERSISTENCY_CLIENT:  259       3 mmcblk0p35 18 0 144 16 0 0 0 0 0 16 16
01-01 01:04:34.233  2677  2726 W ANDR_PERSISTENCY_CLIENT:  259       4 mmcblk0p36 18 0 144 8 0 0 0 0 0 8 8
01-01 01:04:34.233  2677  2726 W ANDR_PERSISTENCY_CLIENT:  259       5 mmcblk0p37 20 0 160 0 0 0 0 0 0 0 0
01-01 01:04:34.233  2677  2726 W ANDR_PERSISTENCY_CLIENT:  259       6 mmcblk0p38 20 0 160 0 0 0 0 0 0 0 0
01-01 01:04:34.233  2677  2726 W ANDR_PERSISTENCY_CLIENT:  259       7 mmcblk0p39 17 0 4008 12 0 0 0 0 0 8 12
01-01 01:04:34.233  2677  2726 W ANDR_PERSISTENCY_CLIENT:  259       8 mmcblk0p40 188 0 151072 516 0 0 0 0 0 464 516
01-01 01:04:34.233  2677  2726 W ANDR_PERSISTENCY_CLIENT:  259       9 mmcblk0p41 11 0 2000 12 0 0 0 0 0 8 12
01-01 01:04:34.233  2677  2726 W ANDR_PERSISTENCY_CLIENT:  259      10 mmcblk0p42 25 0 5152 28 0 0 0 0 0 16 28
01-01 01:04:34.233  2677  2726 W ANDR_PERSISTENCY_CLIENT:  259      11 mmcblk0p43 22 0 176 8 0 0 0 0 0 8 8
01-01 01:04:34.233  2677  2726 W ANDR_PERSISTENCY_CLIENT:  259      12 mmcblk0p44 32 0 1136 12 0 0 0 0 0 12 12
01-01 01:04:34.233  2677  2726 W ANDR_PERSISTENCY_CLIENT:  259      13 mmcblk0p45 1 0 2 0 0 0 0 0 0 0 0
01-01 01:04:34.233  2677  2726 W ANDR_PERSISTENCY_CLIENT:  259      14 mmcblk0p46 18 0 144 4 0 0 0 0 0 4 4
01-01 01:04:34.233  2677  2726 W ANDR_PERSISTENCY_CLIENT:  259      15 mmcblk0p47 18 0 144 0 0 0 0 0 0 0 0
01-01 01:04:34.233  2677  2726 W ANDR_PERSISTENCY_CLIENT:  259      16 mmcblk0p48 2 0 4 4 0 0 0 0 0 4 4
01-01 01:04:34.233  2677  2726 W ANDR_PERSISTENCY_CLIENT:  259      17 mmcblk0p49 11 0 2000 8 0 0 0 0 0 4 8
01-01 01:04:34.233  2677  2726 W ANDR_PERSISTENCY_CLIENT:  259      18 mmcblk0p50 22 0 176 0 0 0 0 0 0 0 0
01-01 01:04:34.233  2677  2726 W ANDR_PERSISTENCY_CLIENT:  259      19 mmcblk0p51 18 0 144 0 0 0 0 0 0 0 0
01-01 01:04:34.233  2677  2726 W ANDR_PERSISTENCY_CLIENT:  259      20 mmcblk0p52 3 0 168 4 0 0 0 0 0 4 4
01-01 01:04:34.233  2677  2726 W ANDR_PERSISTENCY_CLIENT:  259      21 mmcblk0p53 9 0 1256 0 0 0 0 0 0 0 0
01-01 01:04:34.233  2677  2726 W ANDR_PERSISTENCY_CLIENT:  259      22 mmcblk0p54 32 0 256 20 0 0 0 0 0 20 20
01-01 01:04:34.233  2677  2726 W ANDR_PERSISTENCY_CLIENT:  259      23 mmcblk0p55 20 0 2064 24 0 0 0 0 0 16 24
01-01 01:04:34.233  2677  2726 W ANDR_PERSISTENCY_CLIENT:  259      24 mmcblk0p56 2830 171 264518 6904 1724 939 39960 2212 0 4000 9120
01-01 01:04:34.233  2677  2726 W ANDR_PERSISTENCY_CLIENT:  259      25 mmcblk0p57 23 0 2504 16 9 8 136 16 0 28 32
01-01 01:04:34.233  2677  2726 W ANDR_PERSISTENCY_CLIENT:  259      26 mmcblk0p58 230 0 61056 296 1480 22536 192128 6396 0 4656 6688
01-01 01:04:34.233  2677  2726 W ANDR_PERSISTENCY_CLIENT:  259      27 mmcblk0p59 523 157 28472 336 261 241 44756 1948 0 584 2284
01-01 01:04:34.233  2677  2726 W ANDR_PERSISTENCY_CLIENT:  259      28 mmcblk0p60 1 0 2 0 0 0 0 0 0 0 0
01-01 01:04:34.233  2677  2726 W ANDR_PERSISTENCY_CLIENT:  259      29 mmcblk0p61 5 0 432 8 0 0 0 0 0 8 8
01-01 01:04:34.233  2677  2726 W ANDR_PERSISTENCY_CLIENT:  259      30 mmcblk0p62 12 2 106 32 0 0 0 0 0 32 32
01-01 01:04:34.233  2677  2726 W ANDR_PERSISTENCY_CLIENT:  259      31 mmcblk0p63 18 0 144 4 0 0 0 0 0 4 4
01-01 01:04:34.233  2677  2726 W ANDR_PERSISTENCY_CLIENT:  259      32 mmcblk0p64 18 0 144 4 0 0 0 0 0 4 4
01-01 01:04:34.233  2677  2726 W ANDR_PERSISTENCY_CLIENT:  259      33 mmcblk0p65 20 0 160 8 0 0 0 0 0 0 0
01-01 01:04:34.233  2677  2726 W ANDR_PERSISTENCY_CLIENT:  259      34 mmcblk0p66 30 0 240 0 0 0 0 0 0 0 0
01-01 01:04:34.233  2677  2726 W ANDR_PERSISTENCY_CLIENT:  259      35 mmcblk0p67 224 0 5722 116 85 109 1576 72 0 124 188
01-01 01:04:34.233  2677  2726 W ANDR_PERSISTENCY_CLIENT:  259      36 mmcblk0p68 3071 1 578631 3620 35406 1067631 1103394 54024 0 46064 57572
01-01 01:04:34.233  2677  2726 W ANDR_PERSISTENCY_CLIENT:  179      32 mmcblk0rpmb 4 0 32 0 0 0 0 0 0 0 0
01-01 01:04:34.233  2677  2726 W ANDR_PERSISTENCY_CLIENT: ;command=cat /proc/diskstats
01-01 01:04:34.233  2677  2726 W ANDR_PERSISTENCY_CLIENT: SWR_PERSISTENCE_HV_LA_MF_0005|FUN=TCPHandler::handleInBoundData|2|msg:command=cat /proc/diskstats
01-01 01:04:34.233  2677  2726 W ANDR_PERSISTENCY_CLIENT: SWR_PERSISTENCE_HV_LA_MF_0005|FUN=TCPHandler:: handleInBoundData |2| remove key 
01-01 01:04:34.233  2677  2726 W ANDR_PERSISTENCY_CLIENT: SWR_PERSISTENCE_HV_LA_MF_0005|FUN=TCPHandler::sendResponseToSettings|2|msg:send=3840
01-01 01:04:34.233  2145  2145 D HMI_SERVICE: USE_CASE_NA|FUN=StoragedJobIntentService::onReceiveResult|1|received
01-01 01:04:34.235  2145  2145 D HMI_SERVICE: USE_CASE_NA|FUN=StoragedJobIntentService::doAppMonitor|1|init
01-01 01:04:34.235  2145  2145 D HMI_SERVICE: USE_CASE_NA|FUN=StoragedJobIntentService::lifeTimeMonitor|1|init
01-01 01:04:34.235  2145  2145 D HMI_SERVICE: USE_CASE_NA|FUN=StoragedJobIntentService::doAppMonitor|1|init
01-01 01:04:34.235  2145  2145 D HMI_SERVICE: USE_CASE_NA|FUN=StoragedJobIntentService::lifeTimeMonitor|1|init
01-01 01:04:34.235  2145  2145 D HMI_SERVICE: USE_CASE_NA|FUN=StoragedJobIntentService::doAppMonitor|1|init
01-01 01:04:34.235  2145  2145 D HMI_SERVICE: USE_CASE_NA|FUN=StoragedJobIntentService::lifeTimeMonitor|1|init
01-01 01:04:34.235  2145  2145 D HMI_SERVICE: USE_CASE_NA|FUN=StoragedJobIntentService::doAppMonitor|1|init
01-01 01:04:34.235  2145  2145 D HMI_SERVICE: USE_CASE_NA|FUN=StoragedJobIntentService::lifeTimeMonitorBaiduApps|1|init
01-01 01:04:34.235  2145  2145 D HMI_SERVICE: USE_CASE_NA|FUN=StoragedJobIntentService::onReceiveResult|1|continousWrite707873792
01-01 01:04:34.236   635   635 E ANDR-PERF-TARGET: Error: Invalid logical cluster id 0
01-01 01:04:34.236   635   635 E ANDR-PERF-MPCTL: invalid request, no optimizations performed
01-01 01:04:34.253   635   635 E ANDR-PERF-TARGET: Error: Invalid logical cluster id 0
01-01 01:04:34.253   635   635 E ANDR-PERF-MPCTL: invalid request, no optimizations performed
01-01 01:04:34.270   635   635 E ANDR-PERF-TARGET: Error: Invalid logical cluster id 0
01-01 01:04:34.270   635   635 E ANDR-PERF-MPCTL: invalid request, no optimizations performed
01-01 01:04:34.286   635   635 E ANDR-PERF-TARGET: Error: Invalid logical cluster id 0
01-01 01:04:34.286   635   635 E ANDR-PERF-MPCTL: invalid request, no optimizations performed
01-01 01:04:34.303   635   635 E ANDR-PERF-TARGET: Error: Invalid logical cluster id 0
01-01 01:04:34.303   635   635 E ANDR-PERF-MPCTL: invalid request, no optimizations performed
01-01 01:04:34.320   635   635 E ANDR-PERF-TARGET: Error: Invalid logical cluster id 0
01-01 01:04:34.320   635   635 E ANDR-PERF-MPCTL: invalid request, no optimizations performed
01-01 01:04:34.336   635   635 E ANDR-PERF-TARGET: Error: Invalid logical cluster id 0
01-01 01:04:34.337   635   635 E ANDR-PERF-MPCTL: invalid request, no optimizations performed
01-01 01:04:34.353   635   635 E ANDR-PERF-TARGET: Error: Invalid logical cluster id 0
01-01 01:04:34.353   635   635 E ANDR-PERF-MPCTL: invalid request, no optimizations performed
01-01 01:04:34.370   635   635 E ANDR-PERF-TARGET: Error: Invalid logical cluster id 0
01-01 01:04:34.370   635   635 E ANDR-PERF-MPCTL: invalid request, no optimizations performed
01-01 01:04:34.387   635   635 E ANDR-PERF-TARGET: Error: Invalid logical cluster id 0
01-01 01:04:34.387   635   635 E ANDR-PERF-MPCTL: invalid request, no optimizations performed
01-01 01:04:34.403   635   635 E ANDR-PERF-TARGET: Error: Invalid logical cluster id 0
01-01 01:04:34.403   635   635 E ANDR-PERF-MPCTL: invalid request, no optimizations performed
01-01 01:04:34.418  3675 19641 W InteractionController: runAndwaitForEvents timed out waiting for events
01-01 01:04:34.420   635   635 E ANDR-PERF-TARGET: Error: Invalid logical cluster id 0
01-01 01:04:34.420   635   635 E ANDR-PERF-MPCTL: invalid request, no optimizations performed
01-01 01:04:34.432  3675 19641 D UiScrollable: scrollForward() on selector = UiSelector[SCROLLABLE=true]
01-01 01:04:34.437   635   635 E ANDR-PERF-TARGET: Error: Invalid logical cluster id 0
01-01 01:04:34.437   635   635 E ANDR-PERF-MPCTL: invalid request, no optimizations performed
01-01 01:04:34.440  3675 19641 I QueryController: Matched selector: UiSelector[SCROLLABLE=true] <<==>> [android.view.accessibility.AccessibilityNodeInfo@3ec2075; boundsInParent: Rect(0, 0 - 1332, 889); boundsInScreen: Rect(305, 172 - 1637, 1061); packageName: com.panasonic.hmi2settings; className: android.widget.ScrollView; text: null; error: null; maxTextLength: -1; contentDescription: null; viewIdResName: com.panasonic.hmi2settings:id/scrollWifi; checkable: false; checked: false; focusable: true; focused: false; selected: false; clickable: false; longClickable: false; contextClickable: false; enabled: true; password: false; scrollable: true; importantForAccessibility: true; actions: [AccessibilityAction: ACTION_FOCUS - null, AccessibilityAction: ACTION_SELECT - null, AccessibilityAction: ACTION_CLEAR_SELECTION - null, AccessibilityAction: ACTION_ACCESSIBILITY_FOCUS - null, AccessibilityAction: ACTION_SCROLL_FORWARD - null, AccessibilityAction: ACTION_SHOW_ON_SCREEN - null]]
01-01 01:04:34.440  3675 19641 D InteractionController: scrollSwipe (971, 973, 971, 260, 55)
01-01 01:04:34.453   635   635 E ANDR-PERF-TARGET: Error: Invalid logical cluster id 0
01-01 01:04:34.453   635   635 E ANDR-PERF-MPCTL: invalid request, no optimizations performed
01-01 01:04:34.470   635   635 E ANDR-PERF-TARGET: Error: Invalid logical cluster id 0
01-01 01:04:34.470   635   635 E ANDR-PERF-MPCTL: invalid request, no optimizations performed
01-01 01:04:34.487   635   635 E ANDR-PERF-TARGET: Error: Invalid logical cluster id 0
01-01 01:04:34.487   635   635 E ANDR-PERF-MPCTL: invalid request, no optimizations performed
01-01 01:04:34.503   635   635 E ANDR-PERF-TARGET: Error: Invalid logical cluster id 0
01-01 01:04:34.503   635   635 E ANDR-PERF-MPCTL: invalid request, no optimizations performed
01-01 01:04:34.520   635   635 E ANDR-PERF-TARGET: Error: Invalid logical cluster id 0
01-01 01:04:34.520   635   635 E ANDR-PERF-MPCTL: invalid request, no optimizations performed
01-01 01:04:34.537   635   635 E ANDR-PERF-TARGET: Error: Invalid logical cluster id 0
01-01 01:04:34.537   635   635 E ANDR-PERF-MPCTL: invalid request, no optimizations performed
01-01 01:04:34.551   729   748 I sssv-lib: sendMsg enter
01-01 01:04:34.551   729   748 I sssv-lib: sendMsg complete.
01-01 01:04:34.554   635   635 E ANDR-PERF-TARGET: Error: Invalid logical cluster id 0
01-01 01:04:34.554   635   635 E ANDR-PERF-MPCTL: invalid request, no optimizations performed
01-01 01:04:34.570   635   635 E ANDR-PERF-TARGET: Error: Invalid logical cluster id 0
01-01 01:04:34.570   635   635 E ANDR-PERF-MPCTL: invalid request, no optimizations performed
01-01 01:04:34.587   635   635 E ANDR-PERF-TARGET: Error: Invalid logical cluster id 0
01-01 01:04:34.587   635   635 E ANDR-PERF-MPCTL: invalid request, no optimizations performed
01-01 01:04:34.604   635   635 E ANDR-PERF-TARGET: Error: Invalid logical cluster id 0
01-01 01:04:34.604   635   635 E ANDR-PERF-MPCTL: invalid request, no optimizations performed
01-01 01:04:34.620   635   635 E ANDR-PERF-TARGET: Error: Invalid logical cluster id 0
01-01 01:04:34.620   635   635 E ANDR-PERF-MPCTL: invalid request, no optimizations performed
01-01 01:04:34.637   635   635 E ANDR-PERF-TARGET: Error: Invalid logical cluster id 0
01-01 01:04:34.637   635   635 E ANDR-PERF-MPCTL: invalid request, no optimizations performed
01-01 01:04:34.654   635   635 E ANDR-PERF-TARGET: Error: Invalid logical cluster id 0
01-01 01:04:34.654   635   635 E ANDR-PERF-MPCTL: invalid request, no optimizations performed
01-01 01:04:34.671   635   635 E ANDR-PERF-TARGET: Error: Invalid logical cluster id 0
01-01 01:04:34.671   635   635 E ANDR-PERF-MPCTL: invalid request, no optimizations performed
01-01 01:04:34.687   635   635 E ANDR-PERF-TARGET: Error: Invalid logical cluster id 0
01-01 01:04:34.687   635   635 E ANDR-PERF-MPCTL: invalid request, no optimizations performed
01-01 01:04:34.704   635   635 E ANDR-PERF-TARGET: Error: Invalid logical cluster id 0
01-01 01:04:34.704   635   635 E ANDR-PERF-MPCTL: invalid request, no optimizations performed
01-01 01:04:34.721   635   635 E ANDR-PERF-TARGET: Error: Invalid logical cluster id 0
01-01 01:04:34.721   635   635 E ANDR-PERF-MPCTL: invalid request, no optimizations performed
01-01 01:04:34.737   635   635 E ANDR-PERF-TARGET: Error: Invalid logical cluster id 0
01-01 01:04:34.737   635   635 E ANDR-PERF-MPCTL: invalid request, no optimizations performed
01-01 01:04:34.754   635   635 E ANDR-PERF-TARGET: Error: Invalid logical cluster id 0
01-01 01:04:34.754   635   635 E ANDR-PERF-MPCTL: invalid request, no optimizations performed
01-01 01:04:34.771   635   635 E ANDR-PERF-TARGET: Error: Invalid logical cluster id 0
01-01 01:04:34.771   635   635 E ANDR-PERF-MPCTL: invalid request, no optimizations performed
01-01 01:04:34.787   635   635 E ANDR-PERF-TARGET: Error: Invalid logical cluster id 0
01-01 01:04:34.787   635   635 E ANDR-PERF-MPCTL: invalid request, no optimizations performed
01-01 01:04:34.804   635   635 E ANDR-PERF-TARGET: Error: Invalid logical cluster id 0
01-01 01:04:34.804   635   635 E ANDR-PERF-MPCTL: invalid request, no optimizations performed
01-01 01:04:34.821   635   635 E ANDR-PERF-TARGET: Error: Invalid logical cluster id 0
01-01 01:04:34.821   635   635 E ANDR-PERF-MPCTL: invalid request, no optimizations performed
01-01 01:04:34.837   635   635 E ANDR-PERF-TARGET: Error: Invalid logical cluster id 0
01-01 01:04:34.838   635   635 E ANDR-PERF-MPCTL: invalid request, no optimizations performed
01-01 01:04:34.854   635   635 E ANDR-PERF-TARGET: Error: Invalid logical cluster id 0
01-01 01:04:34.854   635   635 E ANDR-PERF-MPCTL: invalid request, no optimizations performed
01-01 01:04:34.871   635   635 E ANDR-PERF-TARGET: Error: Invalid logical cluster id 0
01-01 01:04:34.871   635   635 E ANDR-PERF-MPCTL: invalid request, no optimizations performed
01-01 01:04:34.874  1933  1933 W LCMANDR : SWR_OOB_HV_MF_009|FUN=MonitoringTimer::checkStatus|memoryInfo.availMem[MB] = 4616
01-01 01:04:34.888   635   635 E ANDR-PERF-TARGET: Error: Invalid logical cluster id 0
01-01 01:04:34.888   635   635 E ANDR-PERF-MPCTL: invalid request, no optimizations performed
01-01 01:04:34.904   635   635 E ANDR-PERF-TARGET: Error: Invalid logical cluster id 0
01-01 01:04:34.904   635   635 E ANDR-PERF-MPCTL: invalid request, no optimizations performed
01-01 01:04:34.921   635   635 E ANDR-PERF-TARGET: Error: Invalid logical cluster id 0
01-01 01:04:34.921   635   635 E ANDR-PERF-MPCTL: invalid request, no optimizations performed
01-01 01:04:34.938   635   635 E ANDR-PERF-TARGET: Error: Invalid logical cluster id 0
01-01 01:04:34.938   635   635 E ANDR-PERF-MPCTL: invalid request, no optimizations performed
01-01 01:04:34.954   635   635 E ANDR-PERF-TARGET: Error: Invalid logical cluster id 0
01-01 01:04:34.954   635   635 E ANDR-PERF-MPCTL: invalid request, no optimizations performed
01-01 01:04:34.971   635   635 E ANDR-PERF-TARGET: Error: Invalid logical cluster id 0
01-01 01:04:34.971   635   635 E ANDR-PERF-MPCTL: invalid request, no optimizations performed
01-01 01:04:34.988   635   635 E ANDR-PERF-TARGET: Error: Invalid logical cluster id 0
01-01 01:04:34.988   635   635 E ANDR-PERF-MPCTL: invalid request, no optimizations performed
01-01 01:04:35.005   635   635 E ANDR-PERF-TARGET: Error: Invalid logical cluster id 0
01-01 01:04:35.005   635   635 E ANDR-PERF-MPCTL: invalid request, no optimizations performed
01-01 01:04:35.021   635   635 E ANDR-PERF-TARGET: Error: Invalid logical cluster id 0
01-01 01:04:35.021   635   635 E ANDR-PERF-MPCTL: invalid request, no optimizations performed
01-01 01:04:35.038   635   635 E ANDR-PERF-TARGET: Error: Invalid logical cluster id 0
01-01 01:04:35.038   635   635 E ANDR-PERF-MPCTL: invalid request, no optimizations performed
01-01 01:04:35.055   635   635 E ANDR-PERF-TARGET: Error: Invalid logical cluster id 0
01-01 01:04:35.055   635   635 E ANDR-PERF-MPCTL: invalid request, no optimizations performed
01-01 01:04:35.071   635   635 E ANDR-PERF-TARGET: Error: Invalid logical cluster id 0
01-01 01:04:35.072   635   635 E ANDR-PERF-MPCTL: invalid request, no optimizations performed
01-01 01:04:35.088   635   635 E ANDR-PERF-TARGET: Error: Invalid logical cluster id 0
01-01 01:04:35.088   635   635 E ANDR-PERF-MPCTL: invalid request, no optimizations performed
01-01 01:04:35.105   635   635 E ANDR-PERF-TARGET: Error: Invalid logical cluster id 0
01-01 01:04:35.105   635   635 E ANDR-PERF-MPCTL: invalid request, no optimizations performed
01-01 01:04:35.121   635   635 E ANDR-PERF-TARGET: Error: Invalid logical cluster id 0
01-01 01:04:35.122   635   635 E ANDR-PERF-MPCTL: invalid request, no optimizations performed
01-01 01:04:35.138   635   635 E ANDR-PERF-TARGET: Error: Invalid logical cluster id 0
01-01 01:04:35.138   635   635 E ANDR-PERF-MPCTL: invalid request, no optimizations performed
01-01 01:04:35.155   635   635 E ANDR-PERF-TARGET: Error: Invalid logical cluster id 0
01-01 01:04:35.155   635   635 E ANDR-PERF-MPCTL: invalid request, no optimizations performed
01-01 01:04:35.172   635   635 E ANDR-PERF-TARGET: Error: Invalid logical cluster id 0
01-01 01:04:35.172   635   635 E ANDR-PERF-MPCTL: invalid request, no optimizations performed
01-01 01:04:35.188   635   635 E ANDR-PERF-TARGET: Error: Invalid logical cluster id 0
01-01 01:04:35.188   635   635 E ANDR-PERF-MPCTL: invalid request, no optimizations performed
01-01 01:04:35.205   635   635 E ANDR-PERF-TARGET: Error: Invalid logical cluster id 0
01-01 01:04:35.205   635   635 E ANDR-PERF-MPCTL: invalid request, no optimizations performed
01-01 01:04:35.222   635   635 E ANDR-PERF-TARGET: Error: Invalid logical cluster id 0
01-01 01:04:35.222   635   635 E ANDR-PERF-MPCTL: invalid request, no optimizations performed
01-01 01:04:35.238   635   635 E ANDR-PERF-TARGET: Error: Invalid logical cluster id 0
01-01 01:04:35.238   635   635 E ANDR-PERF-MPCTL: invalid request, no optimizations performed
01-01 01:04:35.255   635   635 E ANDR-PERF-TARGET: Error: Invalid logical cluster id 0
01-01 01:04:35.255   635   635 E ANDR-PERF-MPCTL: invalid request, no optimizations performed
01-01 01:04:35.272   635   635 E ANDR-PERF-TARGET: Error: Invalid logical cluster id 0
01-01 01:04:35.272   635   635 E ANDR-PERF-MPCTL: invalid request, no optimizations performed
01-01 01:04:35.288   635   635 E ANDR-PERF-TARGET: Error: Invalid logical cluster id 0
01-01 01:04:35.289   635   635 E ANDR-PERF-MPCTL: invalid request, no optimizations performed
01-01 01:04:35.305   635   635 E ANDR-PERF-TARGET: Error: Invalid logical cluster id 0
01-01 01:04:35.305   635   635 E ANDR-PERF-MPCTL: invalid request, no optimizations performed
01-01 01:04:35.322   635   635 E ANDR-PERF-TARGET: Error: Invalid logical cluster id 0
01-01 01:04:35.322   635   635 E ANDR-PERF-MPCTL: invalid request, no optimizations performed
01-01 01:04:35.339   635   635 E ANDR-PERF-TARGET: Error: Invalid logical cluster id 0
01-01 01:04:35.339   635   635 E ANDR-PERF-MPCTL: invalid request, no optimizations performed
01-01 01:04:35.355   635   635 E ANDR-PERF-TARGET: Error: Invalid logical cluster id 0
01-01 01:04:35.355   635   635 E ANDR-PERF-MPCTL: invalid request, no optimizations performed
01-01 01:04:35.357   635   635 E ANDR-PERF-TARGET: Error: Invalid logical cluster id 0
01-01 01:04:35.357   635   635 E ANDR-PERF-MPCTL: invalid request, no optimizations performed
01-01 01:04:35.372   635   635 E ANDR-PERF-TARGET: Error: Invalid logical cluster id 0
01-01 01:04:35.372   635   635 E ANDR-PERF-MPCTL: invalid request, no optimizations performed
01-01 01:04:35.389   635   635 E ANDR-PERF-TARGET: Error: Invalid logical cluster id 0
01-01 01:04:35.389   635   635 E ANDR-PERF-MPCTL: invalid request, no optimizations performed
01-01 01:04:35.405   635   635 E ANDR-PERF-TARGET: Error: Invalid logical cluster id 0
01-01 01:04:35.406   635   635 E ANDR-PERF-MPCTL: invalid request, no optimizations performed
01-01 01:04:35.422   635   635 E ANDR-PERF-TARGET: Error: Invalid logical cluster id 0
01-01 01:04:35.422   635   635 E ANDR-PERF-MPCTL: invalid request, no optimizations performed
01-01 01:04:35.439   635   635 E ANDR-PERF-TARGET: Error: Invalid logical cluster id 0
01-01 01:04:35.439   635   635 E ANDR-PERF-MPCTL: invalid request, no optimizations performed
01-01 01:04:35.455   635   635 E ANDR-PERF-TARGET: Error: Invalid logical cluster id 0
01-01 01:04:35.456   635   635 E ANDR-PERF-MPCTL: invalid request, no optimizations performed
01-01 01:04:35.456  1519  3582 D CinemoMediaEngine: L1 01:04:35.456 Z8 T3582 NmeVfsUPNP [0000007E5658CE00]->Wait() returned due to timeout
01-01 01:04:35.456  1519  3582 D CinemoMediaEngine: L1 01:04:35.456 Z8 T3582 NmeVfsUPNP [0000007E5658CE00]->CheckTimeouts()
01-01 01:04:35.456  1519  3582 V CinemoMediaEngine: L0 01:04:35.456 Z8 T3582 NmeHTTPConnectionTracker RequestStart(): 1 pending, 1 open connections
01-01 01:04:35.456  1519  3582 V CinemoMediaEngine: L0 01:04:35.456 Z8 T3582 NmeHTTPConnectionTracker RequestFinished(): 0 pending, 1 open connections
01-01 01:04:35.456  1519  3582 V CinemoMediaEngine: L0 01:04:35.456 Z8 T3582 NmeHTTPConnectionTracker No available connection found for 127.0.0.1:55566, creating a new connection.
01-01 01:04:35.457  1519  3582 V CinemoMediaEngine: L0 01:04:35.457 Z8 T3582 NmeHTTPConnectionTracker RequestStart(): 1 pending, 2 open connections
01-01 01:04:35.457  1519  3582 D CinemoMediaEngine: L1 01:04:35.457 Z8 T3582 NmeHTTP InitConnect(127.0.0.1:55566)
01-01 01:04:35.458  1519  3582 D CinemoMediaEngine: L1 01:04:35.458 Z8 T3582 NmeSock CreateInternal(TCP, IPv4, socket: 784)
01-01 01:04:35.459  1519  3582 V CinemoMediaEngine: L0 01:04:35.459 Z8 T3582 NmeHTTP InitConnect(127.0.0.1:55566), peer: 127.0.0.1:40394
01-01 01:04:35.459  1519  3582 D CinemoMediaEngine: L1 01:04:35.459 Z8 T3582 NmeHTTP InitConnect(127.0.0.1:55566)
01-01 01:04:35.459  1519  3582 V CinemoMediaEngine: L0 01:04:35.459 Z8 T3582 NmeSock Delete(), socket: 784, IPv4, TCP, timeout: 30000
01-01 01:04:35.460  1519  3582 D CinemoMediaEngine: L1 01:04:35.460 Z8 T3582 NmeSock CreateInternal(TCP, IPv4, socket: 784)
01-01 01:04:35.463  1519  3582 V CinemoMediaEngine: L0 01:04:35.463 Z8 T3582 NmeHTTP InitConnect(127.0.0.1:55566), peer: 127.0.0.1:40396
01-01 01:04:35.464  1519  3582 V CinemoMediaEngine: L0 01:04:35.464 Z8 T3582 NmeHTTPConnectionTracker RequestFinished(): 0 pending, 2 open connections
01-01 01:04:35.464  1519  3582 D CinemoMediaEngine: L1 01:04:35.464 Z8 T3582 NmeVfsUPNP [0000007E5658CE00]->Wait()
01-01 01:04:35.472   635   635 E ANDR-PERF-TARGET: Error: Invalid logical cluster id 0
01-01 01:04:35.472   635   635 E ANDR-PERF-MPCTL: invalid request, no optimizations performed
01-01 01:04:35.489   635   635 E ANDR-PERF-TARGET: Error: Invalid logical cluster id 0
01-01 01:04:35.489   635   635 E ANDR-PERF-MPCTL: invalid request, no optimizations performed
01-01 01:04:35.506   635   635 E ANDR-PERF-TARGET: Error: Invalid logical cluster id 0
01-01 01:04:35.506   635   635 E ANDR-PERF-MPCTL: invalid request, no optimizations performed
01-01 01:04:35.522   635   635 E ANDR-PERF-TARGET: Error: Invalid logical cluster id 0
01-01 01:04:35.522   635   635 E ANDR-PERF-MPCTL: invalid request, no optimizations performed
01-01 01:04:35.539   635   635 E ANDR-PERF-TARGET: Error: Invalid logical cluster id 0
01-01 01:04:35.539   635   635 E ANDR-PERF-MPCTL: invalid request, no optimizations performed
01-01 01:04:35.549  3675 19641 W InteractionController: runAndwaitForEvents timed out waiting for events
01-01 01:04:35.549  3675 19641 D InteractionController: Vertical scrollSwipe reached scroll end: false
01-01 01:04:35.552   729   748 I sssv-lib: sendMsg enter
01-01 01:04:35.552   729   748 I sssv-lib: sendMsg complete.
01-01 01:04:35.556   635   635 E ANDR-PERF-TARGET: Error: Invalid logical cluster id 0
01-01 01:04:35.556   635   635 E ANDR-PERF-MPCTL: invalid request, no optimizations performed
01-01 01:04:35.573   635   635 E ANDR-PERF-TARGET: Error: Invalid logical cluster id 0
01-01 01:04:35.573   635   635 E ANDR-PERF-MPCTL: invalid request, no optimizations performed
01-01 01:04:35.589   635   635 E ANDR-PERF-TARGET: Error: Invalid logical cluster id 0
01-01 01:04:35.589   635   635 E ANDR-PERF-MPCTL: invalid request, no optimizations performed
01-01 01:04:35.606   635   635 E ANDR-PERF-TARGET: Error: Invalid logical cluster id 0
01-01 01:04:35.606   635   635 E ANDR-PERF-MPCTL: invalid request, no optimizations performed
01-01 01:04:35.623   635   635 E ANDR-PERF-TARGET: Error: Invalid logical cluster id 0
01-01 01:04:35.623   635   635 E ANDR-PERF-MPCTL: invalid request, no optimizations performed
01-01 01:04:35.639   635   635 E ANDR-PERF-TARGET: Error: Invalid logical cluster id 0
01-01 01:04:35.639   635   635 E ANDR-PERF-MPCTL: invalid request, no optimizations performed
01-01 01:04:35.656   635   635 E ANDR-PERF-TARGET: Error: Invalid logical cluster id 0
01-01 01:04:35.656   635   635 E ANDR-PERF-MPCTL: invalid request, no optimizations performed
01-01 01:04:35.673   635   635 E ANDR-PERF-TARGET: Error: Invalid logical cluster id 0
01-01 01:04:35.673   635   635 E ANDR-PERF-MPCTL: invalid request, no optimizations performed
01-01 01:04:35.690   635   635 E ANDR-PERF-TARGET: Error: Invalid logical cluster id 0
01-01 01:04:35.690   635   635 E ANDR-PERF-MPCTL: invalid request, no optimizations performed
01-01 01:04:35.706   635   635 E ANDR-PERF-TARGET: Error: Invalid logical cluster id 0
01-01 01:04:35.706   635   635 E ANDR-PERF-MPCTL: invalid request, no optimizations performed
01-01 01:04:35.723   635   635 E ANDR-PERF-TARGET: Error: Invalid logical cluster id 0
01-01 01:04:35.723   635   635 E ANDR-PERF-MPCTL: invalid request, no optimizations performed
01-01 01:04:35.740   635   635 E ANDR-PERF-TARGET: Error: Invalid logical cluster id 0
01-01 01:04:35.740   635   635 E ANDR-PERF-MPCTL: invalid request, no optimizations performed
01-01 01:04:35.886  1519  3627 D CinemoMediaEngine: L1 01:04:35.886 Z5 T3627 NmeVfsUPNP [0000007E52153700]->Wait() returned due to timeout
01-01 01:04:35.886  1519  3627 D CinemoMediaEngine: L1 01:04:35.886 Z5 T3627 NmeVfsUPNP [0000007E52153700]->CheckTimeouts()
01-01 01:04:35.886  1519  3627 V CinemoMediaEngine: L0 01:04:35.886 Z5 T3627 NmeHTTPConnectionTracker RequestStart(): 1 pending, 2 open connections
01-01 01:04:35.886  1519  3627 V CinemoMediaEngine: L0 01:04:35.886 Z5 T3627 NmeHTTPConnectionTracker RequestFinished(): 0 pending, 2 open connections
01-01 01:04:35.886  1519  3627 V CinemoMediaEngine: L0 01:04:35.886 Z5 T3627 NmeHTTPConnectionTracker Found and reusing an existing connection to 127.0.0.1:55566, source 127.0.0.1:40396
01-01 01:04:35.886  1519  3627 V CinemoMediaEngine: L0 01:04:35.886 Z5 T3627 NmeHTTPConnectionTracker RequestStart(): 1 pending, 2 open connections
01-01 01:04:35.887  1519  3627 V CinemoMediaEngine: L0 01:04:35.887 Z5 T3627 NmeHTTPConnectionTracker RequestFinished(): 0 pending, 2 open connections
01-01 01:04:35.887  1519  3627 D CinemoMediaEngine: L1 01:04:35.887 Z5 T3627 NmeVfsUPNP [0000007E52153700]->Wait()
01-01 01:04:35.954  1519  3633 D CinemoMediaEngine: L1 01:04:35.954 Z6 T3633 NmeVfsUPNP [0000007E6D528700]->Wait() returned due to timeout
01-01 01:04:35.954  1519  3633 D CinemoMediaEngine: L1 01:04:35.954 Z6 T3633 NmeVfsUPNP [0000007E6D528700]->CheckTimeouts()
01-01 01:04:35.954  1519  3633 V CinemoMediaEngine: L0 01:04:35.954 Z6 T3633 NmeHTTPConnectionTracker RequestStart(): 1 pending, 2 open connections
01-01 01:04:35.954  1519  3633 V CinemoMediaEngine: L0 01:04:35.954 Z6 T3633 NmeHTTPConnectionTracker RequestFinished(): 0 pending, 2 open connections
01-01 01:04:35.954  1519  3633 V CinemoMediaEngine: L0 01:04:35.954 Z6 T3633 NmeHTTPConnectionTracker Found and reusing an existing connection to 127.0.0.1:55566, source 127.0.0.1:40396
01-01 01:04:35.954  1519  3633 V CinemoMediaEngine: L0 01:04:35.954 Z6 T3633 NmeHTTPConnectionTracker RequestStart(): 1 pending, 2 open connections
01-01 01:04:35.955  1519  3633 V CinemoMediaEngine: L0 01:04:35.955 Z6 T3633 NmeHTTPConnectionTracker RequestFinished(): 0 pending, 2 open connections
01-01 01:04:35.955  1519  3633 D CinemoMediaEngine: L1 01:04:35.955 Z6 T3633 NmeVfsUPNP [0000007E6D528700]->Wait()
01-01 01:04:35.969  1519  3640 D CinemoMediaEngine: L1 01:04:35.969 Z7 T3640 NmeVfsUPNP [0000007E52156100]->Wait() returned due to timeout
01-01 01:04:35.970  1519  3640 D CinemoMediaEngine: L1 01:04:35.970 Z7 T3640 NmeVfsUPNP [0000007E52156100]->CheckTimeouts()
01-01 01:04:35.970  1519  3640 V CinemoMediaEngine: L0 01:04:35.970 Z7 T3640 NmeHTTPConnectionTracker RequestStart(): 1 pending, 2 open connections
01-01 01:04:35.970  1519  3640 V CinemoMediaEngine: L0 01:04:35.970 Z7 T3640 NmeHTTPConnectionTracker RequestFinished(): 0 pending, 2 open connections
01-01 01:04:35.970  1519  3640 V CinemoMediaEngine: L0 01:04:35.970 Z7 T3640 NmeHTTPConnectionTracker Found and reusing an existing connection to 127.0.0.1:55566, source 127.0.0.1:40396
01-01 01:04:35.970  1519  3640 V CinemoMediaEngine: L0 01:04:35.970 Z7 T3640 NmeHTTPConnectionTracker RequestStart(): 1 pending, 2 open connections
01-01 01:04:35.971  1519  3640 V CinemoMediaEngine: L0 01:04:35.971 Z7 T3640 NmeHTTPConnectionTracker RequestFinished(): 0 pending, 2 open connections
01-01 01:04:35.971  1519  3640 D CinemoMediaEngine: L1 01:04:35.971 Z7 T3640 NmeVfsUPNP [0000007E52156100]->Wait()
01-01 01:04:36.272  3675 19641 I QueryController: Matched selector: UiSelector[SCROLLABLE=true, CHILD=UiSelector[TEXT=RSE_Test]] <<==>> [android.view.accessibility.AccessibilityNodeInfo@3ed1837; boundsInParent: Rect(0, 0 - 1078, 77); boundsInScreen: Rect(354, 481 - 1431, 558); packageName: com.panasonic.hmi2settings; className: android.widget.TextView; text: RSE_Test; error: null; maxTextLength: -1; contentDescription: null; viewIdResName: com.panasonic.hmi2settings:id/wifiName; checkable: false; checked: false; focusable: false; focused: false; selected: false; clickable: false; longClickable: false; contextClickable: false; enabled: true; password: false; scrollable: false; importantForAccessibility: true; actions: [AccessibilityAction: ACTION_SELECT - null, AccessibilityAction: ACTION_CLEAR_SELECTION - null, AccessibilityAction: ACTION_ACCESSIBILITY_FOCUS - null, AccessibilityAction: ACTION_NEXT_AT_MOVEMENT_GRANULARITY - null, AccessibilityAction: ACTION_PREVIOUS_AT_MOVEMENT_GRANULARITY - null, AccessibilityAction: ACTION_SET_SELECTION - null, AccessibilityAction: ACTION_SHOW_ON_SCREEN - null]]
01-01 01:04:36.282  3675 19643 D UIAutomatorStub: URI: /jsonrpc/0, Method: POST, Header: {content-length=176, remote-addr=127.0.0.1, http-client-ip=127.0.0.1, host=localhost:9009, content-type=application/json, connection=close, accept-encoding=identity, user-agent=Python-urllib/2.7}, params, {NanoHttpd.QUERY_STRING=null}, files: {postData={"params": [{"childOrSiblingSelector": [], "text": "RSE_Test", "mask": 1, "childOrSibling": []}], "jsonrpc": "2.0", "method": "click", "id": "b1219869c96eab5124901ddceb510077"}}
01-01 01:04:36.343  3739  3739 W HMI2-SETTINGS - CI08.4: className -> WifiAdapter | functionName -> onBindViewHolder | value -> allWifiList.get(position).getSecurityType() : wifiNametrue
01-01 01:04:36.343  3739  3739 W HMI2-SETTINGS - CI08.4: className -> WifiActivity | functionName -> onWifiClick | value -> getSecurityType ->true
01-01 01:04:36.352  3675 19644 D UIAutomatorStub: URI: /jsonrpc/0, Method: POST, Header: {content-length=213, remote-addr=127.0.0.1, http-client-ip=127.0.0.1, host=localhost:9009, content-type=application/json, connection=close, accept-encoding=identity, user-agent=Python-urllib/2.7}, params, {NanoHttpd.QUERY_STRING=null}, files: {postData={"params": [{"childOrSiblingSelector": [], "className": "android.widget.EditText", "mask": 16, "childOrSibling": []}, "Secure7@55"], "jsonrpc": "2.0", "method": "setText", "id": "356e08970a124c44c25f0dc85dda3175"}}
01-01 01:04:36.355  3739  3739 D View    : setSystemUiVisibility: creating intent for action ACTION_ACTIVITY_FULLSCREEN
01-01 01:04:36.355  3739  3739 W ContextImpl: Calling a method in the system process without a qualified user: android.app.ContextImpl.startService:1476 android.content.ContextWrapper.startService:650 android.view.View.setSystemUiVisibility:22653 com.panasonic.hmi2settings.activity.WifiActivity.connectToWifi:1215 com.panasonic.hmi2settings.activity.WifiActivity.onWifiClick:522 
01-01 01:04:36.357  1151  2264 D CompatibilityInfo: mCompatibilityFlags - 4
01-01 01:04:36.357  1151  2264 D CompatibilityInfo: applicationDensity - 240
01-01 01:04:36.357  1151  2264 D CompatibilityInfo: applicationScale - 1.0
01-01 01:04:36.357  3739  3739 D View    : setSystemUiVisibility: startService done
01-01 01:04:36.357   635   635 E ANDR-PERF-TARGET: Error: Invalid logical cluster id 0
01-01 01:04:36.357   635   635 E ANDR-PERF-MPCTL: invalid request, no optimizations performed
01-01 01:04:36.362  1151  2264 D WindowManager: addToDisplay >>> FLAG_FULLSCREEN not set in WindowManager.LayoutParams
01-01 01:04:36.362  1151  2264 D WindowManager: startStatusReceiverServiceOnFlagSet: creating intent for action ACTION_ACTIVITY_FULLSCREEN
01-01 01:04:36.362  1151  2264 W ContextImpl: Calling a method in the system process without a qualified user: android.app.ContextImpl.startService:1476 com.android.server.wm.Session.startStatusReceiverServiceOnFlagSet:762 com.android.server.wm.Session.addToDisplay:217 android.view.IWindowSession$Stub.onTransact:124 com.android.server.wm.Session.onTransact:166 
01-01 01:04:36.362  1392  1392 W SYSTEM_UI: SWR_SYSTEM_UI_007|FUN=CollapsedStatusBarFragment::getAction |1|Broadcast action --> STATUS_UPDATE_ACTION
01-01 01:04:36.363  1151  2264 D WindowManager: startStatusReceiverServiceOnFlagSet: startService done
01-01 01:04:36.363  1392  1392 W SYSTEM_UI: SWR_SYSTEM_UI_007|FUN=CollapsedStatusBarFragment::getIntExtra |1|NotifySystemUpdates dataType --> 101
01-01 01:04:36.363  1392  1392 W SYSTEM_UI - CI07.3: className -> CollapsedStatusBarFragment | functionName -> NotifySystemUpdates | onReceive -->  | value -> FULLSCREEN MODE CHANGED | isFullScreenStatus --> false | fullScreenPackage -->com.panasonic.hmi2settings | fullscreenLastShownPackage -->null | topActivityPackage --> com.panasonic.hmi2settings
01-01 01:04:36.363  1392  1392 W SYSTEM_UI - CI07.3: className -> CollapsedStatusBarFragment | functionName -> NotifySystemUpdates | onReceive -->  | value -> Fullscreen mode changed --> path 5
01-01 01:04:36.367  3739  3739 W HMI2-SETTINGS: SWR_BAIDU_HMI_0015|FUN=WifiActivity::addView|0|Display password enter dialog with addView method.
01-01 01:04:36.367  3739  3739 W HMI2-SETTINGS: SWR_BAIDU_HMI_0027|FUN=WifiActivity::addView|0|Display password enter dialog with addView method.
01-01 01:04:36.368  3739  3739 W HMI2-SETTINGS - CI08.4: className -> WifiActivity | functionName -> setOnFocusChangeListener :   | value -> hasFocus:true
01-01 01:04:36.370  1392  1392 W SYSTEM_UI: SWR_SYSTEM_UI_007|FUN=CollapsedStatusBarFragment::getAction |1|Broadcast action --> STATUS_UPDATE_ACTION
01-01 01:04:36.370  1392  1392 W SYSTEM_UI: SWR_SYSTEM_UI_007|FUN=CollapsedStatusBarFragment::getIntExtra |1|NotifySystemUpdates dataType --> 101
01-01 01:04:36.370  1392  1392 W SYSTEM_UI - CI07.3: className -> CollapsedStatusBarFragment | functionName -> NotifySystemUpdates | onReceive -->  | value -> FULLSCREEN MODE CHANGED | isFullScreenStatus --> false | fullScreenPackage -->com.panasonic.hmi2settings | fullscreenLastShownPackage -->null | topActivityPackage --> com.panasonic.hmi2settings
01-01 01:04:36.370  1392  1392 W SYSTEM_UI - CI07.3: className -> CollapsedStatusBarFragment | functionName -> NotifySystemUpdates | onReceive -->  | value -> Fullscreen mode changed --> path 5
01-01 01:04:36.372  1151  2264 D mEnabledInputMethodsStrCache: com.android.inputmethods.latin/.LatinIME
01-01 01:04:36.372  1151  2264 D systemLanguageCode: en__GB
01-01 01:04:36.372  1151  2264 D mEnabledInputMethodsStrCache: com.android.inputmethods.latin/.LatinIME
01-01 01:04:36.373  1151  2234 D mEnabledInputMethodsStrCache: com.android.inputmethods.latin/.LatinIME
01-01 01:04:36.373  1151  2234 D systemLanguageCode: en__GB
01-01 01:04:36.373  1151  2234 D mEnabledInputMethodsStrCache: com.android.inputmethods.latin/.LatinIME
01-01 01:04:36.376  1151  2234 D mEnabledInputMethodsStrCache: com.android.inputmethods.latin/.LatinIME
01-01 01:04:36.376  1151  2234 D systemLanguageCode: en__GB
01-01 01:04:36.376  1151  2234 D mEnabledInputMethodsStrCache: com.android.inputmethods.latin/.LatinIME
01-01 01:04:36.377  1151  2234 D mEnabledInputMethodsStrCache: com.android.inputmethods.latin/.LatinIME
01-01 01:04:36.377  1151  2234 D systemLanguageCode: en__GB
01-01 01:04:36.377  1151  2234 D mEnabledInputMethodsStrCache: com.android.inputmethods.latin/.LatinIME
01-01 01:04:36.377  1151  2234 D mEnabledInputMethodsStrCache: com.android.inputmethods.latin/.LatinIME
01-01 01:04:36.377  1151  2234 D systemLanguageCode: en__GB
01-01 01:04:36.377  1151  2234 D mEnabledInputMethodsStrCache: com.android.inputmethods.latin/.LatinIME
01-01 01:04:36.377  1151  2234 D mEnabledInputMethodsStrCache: com.android.inputmethods.latin/.LatinIME
01-01 01:04:36.377  1151  2234 D systemLanguageCode: en__GB
01-01 01:04:36.378  1151  2234 D mEnabledInputMethodsStrCache: com.android.inputmethods.latin/.LatinIME
01-01 01:04:36.378  1379  1379 I LatinIME: SWR_HMISERVICE_SPELLER_MF_001||FUN=onStartInputViewInternal || 1 || Starting input. Cursor position = -1,-1
01-01 01:04:36.381  1151  2264 D WindowManager: relayout packageName=com.panasonic.hmi2settings::session=Session{c47ecfc 3739:1000}::window=android.view.IWindow$Stub$Proxy@f3cade9::attrs.flags=1000100
01-01 01:04:36.381  1151  2264 D WindowManager: relayout >>> FLAG_FULLSCREEN not set in WindowManager.LayoutParams
01-01 01:04:36.381  1151  2264 D WindowManager: startStatusReceiverServiceOnFlagSet: creating intent for action ACTION_ACTIVITY_FULLSCREEN
01-01 01:04:36.382  1151  2264 W ContextImpl: Calling a method in the system process without a qualified user: android.app.ContextImpl.startService:1476 com.android.server.wm.Session.startStatusReceiverServiceOnFlagSet:762 com.android.server.wm.Session.relayout:276 android.view.IWindowSession$Stub.onTransact:286 com.android.server.wm.Session.onTransact:166 
01-01 01:04:36.382  1151  2264 D CompatibilityInfo: mCompatibilityFlags - 4
01-01 01:04:36.382  1151  2264 D CompatibilityInfo: applicationDensity - 240
01-01 01:04:36.382  1151  2264 D CompatibilityInfo: applicationScale - 1.0
01-01 01:04:36.383  1151  2264 D WindowManager: startStatusReceiverServiceOnFlagSet: startService done
01-01 01:04:36.396  1392  1392 W SYSTEM_UI: SWR_SYSTEM_UI_007|FUN=CollapsedStatusBarFragment::getAction |1|Broadcast action --> STATUS_UPDATE_ACTION
01-01 01:04:36.396  1392  1392 W SYSTEM_UI: SWR_SYSTEM_UI_007|FUN=CollapsedStatusBarFragment::getIntExtra |1|NotifySystemUpdates dataType --> 101
01-01 01:04:36.396  1392  1392 W SYSTEM_UI - CI07.3: className -> CollapsedStatusBarFragment | functionName -> NotifySystemUpdates | onReceive -->  | value -> FULLSCREEN MODE CHANGED | isFullScreenStatus --> false | fullScreenPackage -->com.panasonic.hmi2settings | fullscreenLastShownPackage -->null | topActivityPackage --> com.panasonic.hmi2settings
01-01 01:04:36.396  1392  1392 W SYSTEM_UI - CI07.3: className -> CollapsedStatusBarFragment | functionName -> NotifySystemUpdates | onReceive -->  | value -> Fullscreen mode changed --> path 5
01-01 01:04:36.411  3675 19644 W ByMatcher: Node returned null child: android.view.accessibility.AccessibilityNodeInfo@7442; boundsInParent: Rect(0, 0 - 1920, 104); boundsInScreen: Rect(0, 0 - 1920, 104); packageName: com.android.systemui; className: android.widget.FrameLayout; text: null; error: null; maxTextLength: -1; contentDescription: null; viewIdResName: null; checkable: false; checked: false; focusable: false; focused: false; selected: false; clickable: false; longClickable: false; contextClickable: false; enabled: true; password: false; scrollable: false; importantForAccessibility: true; actions: [AccessibilityAction: ACTION_SELECT - null, AccessibilityAction: ACTION_CLEAR_SELECTION - null, AccessibilityAction: ACTION_ACCESSIBILITY_FOCUS - null, AccessibilityAction: ACTION_SHOW_ON_SCREEN - null]
01-01 01:04:36.411  3675 19644 W ByMatcher: Skipping null child (0 of 4)
01-01 01:04:36.412  3675 19644 W ByMatcher: Skipping null child (1 of 4)
