01-01 00:31:34.661   921  1439 I LOWI-8.5.0.3.c: [LOWI-Scan] lowi_close_record:Scan completed in 1874700ms and Recieved 43 APs scan results
01-01 00:31:34.664   921   961 I LOWI-8.5.0.3.c: [LOWIUtils] responseToOutPostcard - TO: GTP-FDAL, FROM:   LOWI-SERVER, RESP:  LOWI_ASYNC_DISCOVERY_SCAN_RESULTS
01-01 00:31:34.666  1151  1323 D WificondScannerImpl: Filtering out 2 scan results.
01-01 00:31:34.667  1151  1323 I WifiService: isScanAlwaysAvailable uid=1000
01-01 00:31:34.667  1151  1323 I WifiService: getWifiEnabledState uid=1000
01-01 00:31:34.669   924   979 W XTCC-6.1.2.10-a: [LOWIUtils] to_eScanTypeResponse - default case
01-01 00:31:34.669   924   979 W XTCC-6.1.2.10-a: [WifiScanner] WiFi scan result : [43] AP's, async result: 1
01-01 00:31:34.670  1151  1317 D ScanResultUtil: isScanResultForWapiPskNetwork: false
01-01 00:31:34.671  1151  1317 I chatty  : uid=1000(system) WifiStateMachin identical 26 lines
01-01 00:31:34.671  1151  1317 D ScanResultUtil: isScanResultForWapiPskNetwork: false
01-01 00:31:34.671  2145  2145 D HMI_SERVICE: USE_CASE_NA|FUN=HmiApplication| [action] android.net.wifi.SCAN_RESULTS
01-01 00:31:34.671  1151  1317 D ScanResultUtil: isScanResultForWapiPskNetwork: false
01-01 00:31:34.671  1151  1317 I chatty  : uid=1000(system) WifiStateMachin identical 5 lines
01-01 00:31:34.671  1151  1317 D ScanResultUtil: isScanResultForWapiPskNetwork: false
01-01 00:31:34.671  3739  3739 E HMI2-SETTINGS - CI08.4: className -> WifiActivity | functionName -> mWifiScanReceiver -> onReceive | error ->intent_action:android.net.wifi.SCAN_RESULTS
01-01 00:31:34.671  1151  1317 D ScanResultUtil: isScanResultForWapiPskNetwork: false
01-01 00:31:34.671  1151  1317 I chatty  : uid=1000(system) WifiStateMachin identical 12 lines
01-01 00:31:34.671  1151  1317 D ScanResultUtil: isScanResultForWapiPskNetwork: false
01-01 00:31:34.671  1151 10154 I WifiService: getWifiEnabledState uid=1000
01-01 00:31:34.671  1151  1317 D ScanResultUtil: isScanResultForWapiPskNetwork: false
01-01 00:31:34.672  1151  1317 I chatty  : uid=1000(system) WifiStateMachin identical 11 lines
01-01 00:31:34.672  1151  1317 D ScanResultUtil: isScanResultForWapiPskNetwork: false
01-01 00:31:34.673  1151  1317 W WifiConfigManager: Looking up network with invalid networkId -1
01-01 00:31:34.673  1151 10154 I WifiService: getConfiguredNetworks uid=1000
01-01 00:31:34.675  1151  1317 D ScanResultUtil: isScanResultForWapiPskNetwork: false
01-01 00:31:34.676  1151  1317 I chatty  : uid=1000(system) WifiStateMachin identical 32 lines
01-01 00:31:34.676  1151  1317 D ScanResultUtil: isScanResultForWapiPskNetwork: false
01-01 00:31:34.677  3739  3739 W HMI2-SETTINGS: SWR_BAIDU_HMI_0027|SWR_BAIDU_HMI_0015|FUN=WifiActivity::getScanResults|1|Get list of available wifi hotspots.
01-01 00:31:34.684  3739  3739 W HMI2-SETTINGS - CI08.4: className -> WifiActivity | functionName -> isWapiVariantBlocked | value -> security_type:2
01-01 00:31:34.684  3739  3739 W HMI2-SETTINGS - CI08.4: className -> WifiActivity | functionName -> isInConnected | value -> |ACSIA_CORP1|0|2
01-01 00:31:34.684  3739  3739 W HMI2-SETTINGS - CI08.4: className -> WifiActivity | functionName -> isWapiVariantBlocked | value -> security_type:2
01-01 00:31:34.684  3739  3739 W HMI2-SETTINGS - CI08.4: className -> WifiActivity | functionName -> isInConnected | value -> |ACSIA_Management|0|2
01-01 00:31:34.684  3739  3739 W HMI2-SETTINGS - CI08.4: className -> WifiActivity | functionName -> isWapiVariantBlocked | value -> security_type:2
01-01 00:31:34.684  3739  3739 W HMI2-SETTINGS - CI08.4: className -> WifiActivity | functionName -> isInConnected | value -> |ACSIA_GUEST1|0|2
01-01 00:31:34.685  3739  3739 W HMI2-SETTINGS - CI08.4: className -> WifiActivity | functionName -> isWapiVariantBlocked | value -> security_type:2
01-01 00:31:34.685  3739  3739 W HMI2-SETTINGS - CI08.4: className -> WifiActivity | functionName -> isInConnected | value -> |ACSIA_CORP2|0|2
01-01 00:31:34.685  3739  3739 W HMI2-SETTINGS - CI08.4: className -> WifiActivity | functionName -> isWapiVariantBlocked | value -> security_type:2
01-01 00:31:34.685  3739  3739 W HMI2-SETTINGS - CI08.4: className -> WifiActivity | functionName -> isInConnected | value -> |ACSIA_DEV|0|2
01-01 00:31:34.685  3739  3739 W HMI2-SETTINGS - CI08.4: className -> WifiActivity | functionName -> isWapiVariantBlocked | value -> security_type:2
01-01 00:31:34.685  3739  3739 W HMI2-SETTINGS - CI08.4: className -> WifiActivity | functionName -> isInConnected | value -> |RSE_Test|0|2
01-01 00:31:34.685  3739  3739 W HMI2-SETTINGS - CI08.4: className -> WifiActivity | functionName -> isWapiVariantBlocked | value -> security_type:2
01-01 00:31:34.685  3739  3739 W HMI2-SETTINGS - CI08.4: className -> WifiActivity | functionName -> isInConnected | value -> | ACSIA_CORP3|0|2
01-01 00:31:34.685  3739  3739 W HMI2-SETTINGS - CI08.4: className -> WifiActivity | functionName -> isWapiVariantBlocked | value -> security_type:2
01-01 00:31:34.685  3739  3739 W HMI2-SETTINGS - CI08.4: className -> WifiActivity | functionName -> isInConnected | value -> |Secure|0|2
01-01 00:31:34.685  3739  3739 W HMI2-SETTINGS - CI08.4: className -> WifiActivity | functionName -> isWapiVariantBlocked | value -> security_type:2
01-01 00:31:34.685  3739  3739 W HMI2-SETTINGS - CI08.4: className -> WifiActivity | functionName -> isInConnected | value -> |NETGEAR66-5G|0|2
01-01 00:31:34.685  3739  3739 W HMI2-SETTINGS - CI08.4: className -> WifiActivity | functionName -> isWapiVariantBlocked | value -> security_type:2
01-01 00:31:34.685  3739  3739 W HMI2-SETTINGS - CI08.4: className -> WifiActivity | functionName -> isInConnected | value -> |ACSIA_CORP1|0|2
01-01 00:31:34.685  3739  3739 W HMI2-SETTINGS - CI08.4: className -> WifiActivity | functionName -> isWapiVariantBlocked | value -> security_type:2
01-01 00:31:34.685  3739  3739 W HMI2-SETTINGS - CI08.4: className -> WifiActivity | functionName -> isInConnected | value -> |ACSIA_GUEST1|0|2
01-01 00:31:34.685  3739  3739 W HMI2-SETTINGS - CI08.4: className -> WifiActivity | functionName -> isWapiVariantBlocked | value -> security_type:2
01-01 00:31:34.685  3739  3739 W HMI2-SETTINGS - CI08.4: className -> WifiActivity | functionName -> isInConnected | value -> |ACSIA_DEV|0|2
01-01 00:31:34.685  3739  3739 W HMI2-SETTINGS - CI08.4: className -> WifiActivity | functionName -> isWapiVariantBlocked | value -> security_type:2
01-01 00:31:34.685  3739  3739 W HMI2-SETTINGS - CI08.4: className -> WifiActivity | functionName -> isInConnected | value -> |ACSIA_CORP2|0|2
01-01 00:31:34.685  3739  3739 W HMI2-SETTINGS - CI08.4: className -> WifiActivity | functionName -> isWapiVariantBlocked | value -> security_type:2
01-01 00:31:34.685  3739  3739 W HMI2-SETTINGS - CI08.4: className -> WifiActivity | functionName -> isInConnected | value -> |ACSIA_Management|0|2
01-01 00:31:34.685  3739  3739 W HMI2-SETTINGS - CI08.4: className -> WifiActivity | functionName -> isWapiVariantBlocked | value -> security_type:2
01-01 00:31:34.685  3739  3739 W HMI2-SETTINGS - CI08.4: className -> WifiActivity | functionName -> isInConnected | value -> | ACSIA_CORP3|0|2
01-01 00:31:34.685  3739  3739 W HMI2-SETTINGS - CI08.4: className -> WifiActivity | functionName -> isWapiVariantBlocked | value -> security_type:2
01-01 00:31:34.685  3739  3739 W HMI2-SETTINGS - CI08.4: className -> WifiActivity | functionName -> isInConnected | value -> |RSE_Test|0|2
01-01 00:31:34.685  3739  3739 W HMI2-SETTINGS - CI08.4: className -> WifiActivity | functionName -> isWapiVariantBlocked | value -> security_type:2
01-01 00:31:34.685  3739  3739 W HMI2-SETTINGS - CI08.4: className -> WifiActivity | functionName -> isInConnected | value -> |DIRECT-YOATLP042msDU|0|2
01-01 00:31:34.685  3739  3739 W HMI2-SETTINGS - CI08.4: className -> WifiActivity | functionName -> isWapiVariantBlocked | value -> security_type:2
01-01 00:31:34.685  3739  3739 W HMI2-SETTINGS - CI08.4: className -> WifiActivity | functionName -> isInConnected | value -> |HUWIFI|0|2
01-01 00:31:34.685  3739  3739 W HMI2-SETTINGS - CI08.4: className -> WifiActivity | functionName -> isWapiVariantBlocked | value -> security_type:2
01-01 00:31:34.685  3739  3739 W HMI2-SETTINGS - CI08.4: className -> WifiActivity | functionName -> isInConnected | value -> |DIRECT-DMATCLWI2064msNL|0|2
01-01 00:31:34.685  3739  3739 W HMI2-SETTINGS - CI08.4: className -> WifiActivity | functionName -> isWapiVariantBlocked | value -> security_type:2
01-01 00:31:34.685  3739  3739 W HMI2-SETTINGS - CI08.4: className -> WifiActivity | functionName -> isInConnected | value -> |DIRECT-vQINLT044msmJ|0|2
01-01 00:31:34.685  3739  3739 W HMI2-SETTINGS - CI08.4: className -> WifiActivity | functionName -> isWapiVariantBlocked | value -> security_type:2
01-01 00:31:34.685  3739  3739 W HMI2-SETTINGS - CI08.4: className -> WifiActivity | functionName -> isInConnected | value -> |ACSIA_CORP1|0|2
01-01 00:31:34.685  3739  3739 W HMI2-SETTINGS - CI08.4: className -> WifiActivity | functionName -> isWapiVariantBlocked | value -> security_type:2
01-01 00:31:34.685  3739  3739 W HMI2-SETTINGS - CI08.4: className -> WifiActivity | functionName -> isInConnected | value -> |ACSIA_GUEST1|0|2
01-01 00:31:34.685  3739  3739 W HMI2-SETTINGS - CI08.4: className -> WifiActivity | functionName -> isWapiVariantBlocked | value -> security_type:2
01-01 00:31:34.686  3739  3739 W HMI2-SETTINGS - CI08.4: className -> WifiActivity | functionName -> isInConnected | value -> |ACSIA_DEV|0|2
01-01 00:31:34.686  3739  3739 W HMI2-SETTINGS - CI08.4: className -> WifiActivity | functionName -> isWapiVariantBlocked | value -> security_type:2
01-01 00:31:34.686  3739  3739 W HMI2-SETTINGS - CI08.4: className -> WifiActivity | functionName -> isInConnected | value -> |RSE_Test|0|2
01-01 00:31:34.686  3739  3739 W HMI2-SETTINGS - CI08.4: className -> WifiActivity | functionName -> isWapiVariantBlocked | value -> security_type:2
01-01 00:31:34.686  3739  3739 W HMI2-SETTINGS - CI08.4: className -> WifiActivity | functionName -> isInConnected | value -> |ACSIA_CORP2|0|2
01-01 00:31:34.686  3739  3739 W HMI2-SETTINGS - CI08.4: className -> WifiActivity | functionName -> isWapiVariantBlocked | value -> security_type:2
01-01 00:31:34.686  3739  3739 W HMI2-SETTINGS - CI08.4: className -> WifiActivity | functionName -> isInConnected | value -> | ACSIA_CORP3|0|2
01-01 00:31:34.686  3739  3739 W HMI2-SETTINGS - CI08.4: className -> WifiActivity | functionName -> isWapiVariantBlocked | value -> security_type:2
01-01 00:31:34.686  3739  3739 W HMI2-SETTINGS - CI08.4: className -> WifiActivity | functionName -> isInConnected | value -> |ACSIA_Management|0|2
01-01 00:31:34.686  3739  3739 W HMI2-SETTINGS - CI08.4: className -> WifiActivity | functionName -> isWapiVariantBlocked | value -> security_type:2
01-01 00:31:34.686  3739  3739 W HMI2-SETTINGS - CI08.4: className -> WifiActivity | functionName -> isInConnected | value -> |AUTOMATION_TEST|0|2
01-01 00:31:34.686  3739  3739 W HMI2-SETTINGS - CI08.4: className -> WifiActivity | functionName -> isWapiVariantBlocked | value -> security_type:2
01-01 00:31:34.686  3739  3739 W HMI2-SETTINGS - CI08.4: className -> WifiActivity | functionName -> isInConnected | value -> |MB Hotspot 61185|0|2
01-01 00:31:34.686  3739  3739 W HMI2-SETTINGS - CI08.4: className -> WifiActivity | functionName -> isWapiVariantBlocked | value -> security_type:0
01-01 00:31:34.686  3739  3739 W HMI2-SETTINGS - CI08.4: className -> WifiActivity | functionName -> isInConnected | value -> |HP-Print-DB-LaserJet Pro MFP|0|0
01-01 00:31:34.686  3739  3739 W HMI2-SETTINGS - CI08.4: className -> WifiActivity | functionName -> handleAllAvailNetwork | value -> savedNetwork ->0
01-01 00:31:34.686  3739  3739 W HMI2-SETTINGS - CI08.4: className -> WifiActivity | functionName -> handleAllAvailNetwork | value -> presentVisibleNetwork ->30
01-01 00:31:34.690  3739  3739 W HMI2-SETTINGS - CI08.4: className -> WifiActivity | functionName -> handleIfWifiAvailableNetworks: config is  | value -> null
01-01 00:31:34.709  3675 11299 D UIAutomatorStub: URI: /jsonrpc/0, Method: POST, Header: {content-length=274, remote-addr=127.0.0.1, http-client-ip=127.0.0.1, host=localhost:9009, content-type=application/json, connection=close, accept-encoding=identity, user-agent=Python-urllib/2.7}, params, {NanoHttpd.QUERY_STRING=null}, files: {postData={"params": [{"childOrSiblingSelector": [], "scrollable": true, "mask": 16384, "childOrSibling": []}, {"childOrSiblingSelector": [], "text": "RSE_Test", "mask": 1, "childOrSibling": []}, true], "jsonrpc": "2.0", "method": "scrollTo", "id": "ea3b6fbb48b07584670e16298fe57e88"}}
01-01 00:31:34.872  1933  1933 W LCMANDR : SWR_OOB_HV_MF_009|FUN=MonitoringTimer::checkStatus|memoryInfo.availMem[MB] = 4898
01-01 00:31:35.026  2054  2054 E         : 
01-01 00:31:35.026  2054  2054 E         : Buffer Size = 1048576
01-01 00:31:35.050  2054  2054 E         : 
01-01 00:31:35.050  2054  2054 E         : <6>[ 1555.806970] QSEECOM: scm_call_qcpe:429 : IN: 0x42000d0a, 0x3, 0x0, 0x4403, 0x74c, 0x0, 0x0
01-01 00:31:35.050  2054  2054 E         : <6>[ 1555.808249] QSEECOM: scm_call_qcpe:503 : OUT: 0x0, 0x0, 0x0, 0x0
01-01 00:31:35.050  2054  2054 E         : <6>[ 1555.823222] QSEECOM: scm_call_qcpe:429 : IN: 0x42000d0a, 0x3, 0x0, 0x3f81, 0x754, 0x0, 0x0
01-01 00:31:35.050  2054  2054 E         : <6>[ 1555.824121] QSEECOM: scm_call_qcpe:503 : OUT: 0x0, 0x0, 0x0, 0x0
01-01 00:31:35.050  2054  2054 E         : <6>[ 1555.839437] QSEECOM: scm_call_qcpe:429 : IN: 0x42000d0a, 0x3, 0x0, 0x3f55, 0x75c, 0x0, 0x0
01-01 00:31:35.050  2054  2054 E         : <6>[ 1555.840715] QSEECOM: scm_call_qcpe:503 : OUT: 0x0, 0x0, 0x0, 0x0
01-01 00:31:35.050  2054  2054 E         : <6>[ 1555.856173] QSEECOM: scm_call_qcpe:429 : IN: 0x42000d0a, 0x3, 0x0, 0x415e, 0x74d, 0x0, 0x0
01-01 00:31:35.050  2054  2054 E         : <6>[ 1555.857976] QSEECOM: scm_call_qcpe:503 : OUT: 0x0, 0x1, 0x0, 0x0
01-01 00:31:35.050  2054  2054 E         : <6>[ 1555.872846] QSEECOM: scm_call_qcpe:429 : IN: 0x42000d0a, 0x3, 0x0, 0x4120, 0x761, 0x0, 0x0
01-01 00:31:35.050  2054  2054 E         : <6>[ 1555.874127] QSEECOM: scm_call_qcpe:503 : OUT: 0x0, 0x0, 0x0, 0x0
01-01 00:31:35.050  2054  2054 E         : <6>[ 1555.890098] QSEECOM: scm_call_qcpe:429 : IN: 0x42000d0a, 0x3, 0x0, 0x4362, 0x75b, 0x0, 0x0
01-01 00:31:35.050  2054  2054 E         : <6>[ 1555.891337] QSEECOM: scm_call_qcpe:503 : OUT: 0x0, 0x0, 0x0, 0x0
01-01 00:31:35.050  2054  2054 E         : <6>[ 1555.9073
01-01 00:31:35.054  2054  2054 E         : USB Hub Detector 1.0
01-01 00:31:35.374  3675 11299 D UiScrollable: scrollToBeginning() on selector = UiSelector[SCROLLABLE=true]
01-01 00:31:35.374  3675 11299 D UiScrollable: scrollBackward() on selector = UiSelector[SCROLLABLE=true]
01-01 00:31:35.380  3675 11299 I QueryController: Matched selector: UiSelector[SCROLLABLE=true] <<==>> [android.view.accessibility.AccessibilityNodeInfo@1dc2327; boundsInParent: Rect(0, 0 - 1332, 889); boundsInScreen: Rect(305, 172 - 1637, 1061); packageName: com.panasonic.hmi2settings; className: android.widget.ScrollView; text: null; error: null; maxTextLength: -1; contentDescription: null; viewIdResName: com.panasonic.hmi2settings:id/scrollWifi; checkable: false; checked: false; focusable: true; focused: false; selected: false; clickable: false; longClickable: false; contextClickable: false; enabled: true; password: false; scrollable: true; importantForAccessibility: true; actions: [AccessibilityAction: ACTION_FOCUS - null, AccessibilityAction: ACTION_SELECT - null, AccessibilityAction: ACTION_CLEAR_SELECTION - null, AccessibilityAction: ACTION_ACCESSIBILITY_FOCUS - null, AccessibilityAction: ACTION_SCROLL_FORWARD - null, AccessibilityAction: ACTION_SHOW_ON_SCREEN - null]]
01-01 00:31:35.381  3675 11299 D UiScrollable: scrollToBegining() using vertical scroll
01-01 00:31:35.381  3675 11299 D InteractionController: scrollSwipe (971, 260, 971, 973, 55)
01-01 00:31:35.434   729   748 I sssv-lib: sendMsg enter
01-01 00:31:35.434   729   748 I sssv-lib: sendMsg complete.
01-01 00:31:36.235   635   635 E ANDR-PERF-TARGET: Error: Invalid logical cluster id 0
01-01 00:31:36.235   635   635 E ANDR-PERF-MPCTL: invalid request, no optimizations performed
01-01 00:31:36.252   635   635 E ANDR-PERF-TARGET: Error: Invalid logical cluster id 0
01-01 00:31:36.252   635   635 E ANDR-PERF-MPCTL: invalid request, no optimizations performed
01-01 00:31:36.268   635   635 E ANDR-PERF-TARGET: Error: Invalid logical cluster id 0
01-01 00:31:36.268   635   635 E ANDR-PERF-MPCTL: invalid request, no optimizations performed
01-01 00:31:36.285   635   635 E ANDR-PERF-TARGET: Error: Invalid logical cluster id 0
01-01 00:31:36.285   635   635 E ANDR-PERF-MPCTL: invalid request, no optimizations performed
01-01 00:31:36.302   635   635 E ANDR-PERF-TARGET: Error: Invalid logical cluster id 0
01-01 00:31:36.302   635   635 E ANDR-PERF-MPCTL: invalid request, no optimizations performed
01-01 00:31:36.302   635   635 E ANDR-PERF-TARGET: Error: Invalid logical cluster id 0
01-01 00:31:36.302   635   635 E ANDR-PERF-MPCTL: invalid request, no optimizations performed
01-01 00:31:36.318   635   635 E ANDR-PERF-TARGET: Error: Invalid logical cluster id 0
01-01 00:31:36.318   635   635 E ANDR-PERF-MPCTL: invalid request, no optimizations performed
01-01 00:31:36.335   635   635 E ANDR-PERF-TARGET: Error: Invalid logical cluster id 0
01-01 00:31:36.335   635   635 E ANDR-PERF-MPCTL: invalid request, no optimizations performed
01-01 00:31:36.352   635   635 E ANDR-PERF-TARGET: Error: Invalid logical cluster id 0
01-01 00:31:36.352   635   635 E ANDR-PERF-MPCTL: invalid request, no optimizations performed
01-01 00:31:36.369   635   635 E ANDR-PERF-TARGET: Error: Invalid logical cluster id 0
01-01 00:31:36.369   635   635 E ANDR-PERF-MPCTL: invalid request, no optimizations performed
01-01 00:31:36.385   635   635 E ANDR-PERF-TARGET: Error: Invalid logical cluster id 0
01-01 00:31:36.385   635   635 E ANDR-PERF-MPCTL: invalid request, no optimizations performed
01-01 00:31:36.402   635   635 E ANDR-PERF-TARGET: Error: Invalid logical cluster id 0
01-01 00:31:36.402   635   635 E ANDR-PERF-MPCTL: invalid request, no optimizations performed
01-01 00:31:36.419   635   635 E ANDR-PERF-TARGET: Error: Invalid logical cluster id 0
01-01 00:31:36.419   635   635 E ANDR-PERF-MPCTL: invalid request, no optimizations performed
01-01 00:31:36.435   729   748 I sssv-lib: sendMsg enter
01-01 00:31:36.435   729   748 I sssv-lib: sendMsg complete.
01-01 00:31:36.435   635   635 E ANDR-PERF-TARGET: Error: Invalid logical cluster id 0
01-01 00:31:36.436   635   635 E ANDR-PERF-MPCTL: invalid request, no optimizations performed
01-01 00:31:36.452   635   635 E ANDR-PERF-TARGET: Error: Invalid logical cluster id 0
01-01 00:31:36.452   635   635 E ANDR-PERF-MPCTL: invalid request, no optimizations performed
01-01 00:31:36.469   635   635 E ANDR-PERF-TARGET: Error: Invalid logical cluster id 0
01-01 00:31:36.469   635   635 E ANDR-PERF-MPCTL: invalid request, no optimizations performed
01-01 00:31:36.485   635   635 E ANDR-PERF-TARGET: Error: Invalid logical cluster id 0
01-01 00:31:36.486   635   635 E ANDR-PERF-MPCTL: invalid request, no optimizations performed
01-01 00:31:36.496  3675 11299 W InteractionController: runAndwaitForEvents timed out waiting for events
01-01 00:31:36.502   635   635 E ANDR-PERF-TARGET: Error: Invalid logical cluster id 0
01-01 00:31:36.502   635   635 E ANDR-PERF-MPCTL: invalid request, no optimizations performed
01-01 00:31:36.505  3675 11299 D UiScrollable: scrollForward() on selector = UiSelector[SCROLLABLE=true]
01-01 00:31:36.513  3675 11299 I QueryController: Matched selector: UiSelector[SCROLLABLE=true] <<==>> [android.view.accessibility.AccessibilityNodeInfo@1dc2327; boundsInParent: Rect(0, 0 - 1332, 889); boundsInScreen: Rect(305, 172 - 1637, 1061); packageName: com.panasonic.hmi2settings; className: android.widget.ScrollView; text: null; error: null; maxTextLength: -1; contentDescription: null; viewIdResName: com.panasonic.hmi2settings:id/scrollWifi; checkable: false; checked: false; focusable: true; focused: false; selected: false; clickable: false; longClickable: false; contextClickable: false; enabled: true; password: false; scrollable: true; importantForAccessibility: true; actions: [AccessibilityAction: ACTION_FOCUS - null, AccessibilityAction: ACTION_SELECT - null, AccessibilityAction: ACTION_CLEAR_SELECTION - null, AccessibilityAction: ACTION_ACCESSIBILITY_FOCUS - null, AccessibilityAction: ACTION_SCROLL_FORWARD - null, AccessibilityAction: ACTION_SHOW_ON_SCREEN - null]]
01-01 00:31:36.513  3675 11299 D InteractionController: scrollSwipe (971, 973, 971, 260, 55)
01-01 00:31:36.519   635   635 E ANDR-PERF-TARGET: Error: Invalid logical cluster id 0
01-01 00:31:36.519   635   635 E ANDR-PERF-MPCTL: invalid request, no optimizations performed
01-01 00:31:36.536   635   635 E ANDR-PERF-TARGET: Error: Invalid logical cluster id 0
01-01 00:31:36.536   635   635 E ANDR-PERF-MPCTL: invalid request, no optimizations performed
01-01 00:31:36.552   635   635 E ANDR-PERF-TARGET: Error: Invalid logical cluster id 0
01-01 00:31:36.552   635   635 E ANDR-PERF-MPCTL: invalid request, no optimizations performed
01-01 00:31:36.569   635   635 E ANDR-PERF-TARGET: Error: Invalid logical cluster id 0
01-01 00:31:36.569   635   635 E ANDR-PERF-MPCTL: invalid request, no optimizations performed
01-01 00:31:36.586   635   635 E ANDR-PERF-TARGET: Error: Invalid logical cluster id 0
01-01 00:31:36.586   635   635 E ANDR-PERF-MPCTL: invalid request, no optimizations performed
01-01 00:31:36.602   635   635 E ANDR-PERF-TARGET: Error: Invalid logical cluster id 0
01-01 00:31:36.603   635   635 E ANDR-PERF-MPCTL: invalid request, no optimizations performed
01-01 00:31:36.614  1933  1933 I LCMANDR : SWR_OOB_HV_MF_009|FUN=ResourceMonitoringService::movingMemoryAverage|2|Moving memory average :28.922882
01-01 00:31:36.614  1933  1933 W LCMANDR : SWR_OOB_HV_MF_009|FUN=ResourceMonitoringService::getCpuUsageStatistic|Moving MEM AVG :::::::::28.922882
01-01 00:31:36.615  1933  1933 W LCMANDR : SWR_OOB_HV_MF_009|FUN=ResourceMonitoringService::getCpuUsageStatistic|2|Total cpu usage :31.475029
01-01 00:31:36.615  1933  1933 I LCMANDR : SWR_OOB_HV_MF_009|FUN=ResourceMonitoringService::getCpuUsageStatistic|Cpu usage of core  0 is34.628975
01-01 00:31:36.615  1933  1933 I LCMANDR : SWR_OOB_HV_MF_009|FUN=ResourceMonitoringService::getCpuUsageStatistic|Cpu usage of core  1 is28.671328
01-01 00:31:36.615  1933  1933 I LCMANDR : SWR_OOB_HV_MF_009|FUN=ResourceMonitoringService::getCpuUsageStatistic|Cpu usage of core  2 is31.164383
01-01 00:31:36.615  1933  1933 I LCMANDR : ResourceMonitoringService::movingCpuAverage()
01-01 00:31:36.615  1933  1933 I LCMANDR : SWR_OOB_HV_MF_009|FUN=ResourceMonitoringService::movingCpuAverage|2|Moving window average of CPU 22.260365
01-01 00:31:36.615  1933  1933 I LCMANDR : SWR_OOB_HV_MF_009|FUN=ResourceMonitoringService::movingCpuAverage|2|Cpu moving average of core  0 is24.059462
01-01 00:31:36.615  1933  1933 I LCMANDR : SWR_OOB_HV_MF_009|FUN=ResourceMonitoringService::movingCpuAverage|2|Cpu moving average of core  1 is20.240515
01-01 00:31:36.615  1933  1933 I LCMANDR : SWR_OOB_HV_MF_009|FUN=ResourceMonitoringService::movingCpuAverage|2|Cpu moving average of core  2 is22.464573
01-01 00:31:36.615  1933  1933 D LCMANDR : SWR_OOB_HV_MF_009|FUN=ResourceMonitoringService::movingCpuAverage|2|Exiting VAL = 22.260365
01-01 00:31:36.619   635   635 E ANDR-PERF-TARGET: Error: Invalid logical cluster id 0
01-01 00:31:36.619   635   635 E ANDR-PERF-MPCTL: invalid request, no optimizations performed
01-01 00:31:36.636   635   635 E ANDR-PERF-TARGET: Error: Invalid logical cluster id 0
01-01 00:31:36.636   635   635 E ANDR-PERF-MPCTL: invalid request, no optimizations performed
01-01 00:31:36.653   635   635 E ANDR-PERF-TARGET: Error: Invalid logical cluster id 0
01-01 00:31:36.653   635   635 E ANDR-PERF-MPCTL: invalid request, no optimizations performed
01-01 00:31:36.669   635   635 E ANDR-PERF-TARGET: Error: Invalid logical cluster id 0
01-01 00:31:36.669   635   635 E ANDR-PERF-MPCTL: invalid request, no optimizations performed
01-01 00:31:36.686   635   635 E ANDR-PERF-TARGET: Error: Invalid logical cluster id 0
01-01 00:31:36.686   635   635 E ANDR-PERF-MPCTL: invalid request, no optimizations performed
01-01 00:31:36.697   625   625 D WifiHAL : Start get packet fate command
01-01 00:31:36.697   625   625 D WifiHAL : createRequest Get Tx packet fate request
01-01 00:31:36.697   625   625 E WifiHAL : Failed to register get pkt fate response; result = -95
01-01 00:31:36.697  1151  1317 E WifiVendorHal: getTxPktFates(l.2067) failed {.code = ERROR_UNKNOWN, .description = errno: -95 (Unknown error -95)}
01-01 00:31:36.698   625   625 D WifiHAL : Start get packet fate command
01-01 00:31:36.698   625   625 D WifiHAL : createRequest Get Rx packet fate request
01-01 00:31:36.698   625   625 E WifiHAL : Failed to register get pkt fate response; result = -95
01-01 00:31:36.699  1151  1317 E WifiVendorHal: getRxPktFates(l.2107) failed {.code = ERROR_UNKNOWN, .description = errno: -95 (Unknown error -95)}
01-01 00:31:36.703   635   635 E ANDR-PERF-TARGET: Error: Invalid logical cluster id 0
01-01 00:31:36.703   635   635 E ANDR-PERF-MPCTL: invalid request, no optimizations performed
01-01 00:31:36.719   635   635 E ANDR-PERF-TARGET: Error: Invalid logical cluster id 0
01-01 00:31:36.720   635   635 E ANDR-PERF-MPCTL: invalid request, no optimizations performed
01-01 00:31:36.736   635   635 E ANDR-PERF-TARGET: Error: Invalid logical cluster id 0
01-01 00:31:36.736   635   635 E ANDR-PERF-MPCTL: invalid request, no optimizations performed
01-01 00:31:36.746   625   625 D WifiHAL : Start get packet fate command
01-01 00:31:36.746   625   625 D WifiHAL : createRequest Get Tx packet fate request
01-01 00:31:36.747   625   625 E WifiHAL : Failed to register get pkt fate response; result = -95
01-01 00:31:36.747  1151  1317 E WifiVendorHal: getTxPktFates(l.2067) failed {.code = ERROR_UNKNOWN, .description = errno: -95 (Unknown error -95)}
01-01 00:31:36.748   625   625 D WifiHAL : Start get packet fate command
01-01 00:31:36.748   625   625 D WifiHAL : createRequest Get Rx packet fate request
01-01 00:31:36.748   625   625 E WifiHAL : Failed to register get pkt fate response; result = -95
01-01 00:31:36.749  1151  1317 E WifiVendorHal: getRxPktFates(l.2107) failed {.code = ERROR_UNKNOWN, .description = errno: -95 (Unknown error -95)}
01-01 00:31:36.753   635   635 E ANDR-PERF-TARGET: Error: Invalid logical cluster id 0
01-01 00:31:36.753   635   635 E ANDR-PERF-MPCTL: invalid request, no optimizations performed
01-01 00:31:36.770   635   635 E ANDR-PERF-TARGET: Error: Invalid logical cluster id 0
01-01 00:31:36.770   635   635 E ANDR-PERF-MPCTL: invalid request, no optimizations performed
01-01 00:31:36.786   635   635 E ANDR-PERF-TARGET: Error: Invalid logical cluster id 0
01-01 00:31:36.786   635   635 E ANDR-PERF-MPCTL: invalid request, no optimizations performed
01-01 00:31:36.803   635   635 E ANDR-PERF-TARGET: Error: Invalid logical cluster id 0
01-01 00:31:36.803   635   635 E ANDR-PERF-MPCTL: invalid request, no optimizations performed
01-01 00:31:36.820   635   635 E ANDR-PERF-TARGET: Error: Invalid logical cluster id 0
01-01 00:31:36.820   635   635 E ANDR-PERF-MPCTL: invalid request, no optimizations performed
01-01 00:31:36.836   635   635 E ANDR-PERF-TARGET: Error: Invalid logical cluster id 0
01-01 00:31:36.837   635   635 E ANDR-PERF-MPCTL: invalid request, no optimizations performed
01-01 00:31:36.853   635   635 E ANDR-PERF-TARGET: Error: Invalid logical cluster id 0
01-01 00:31:36.853   635   635 E ANDR-PERF-MPCTL: invalid request, no optimizations performed
01-01 00:31:36.870   635   635 E ANDR-PERF-TARGET: Error: Invalid logical cluster id 0
01-01 00:31:36.870   635   635 E ANDR-PERF-MPCTL: invalid request, no optimizations performed
01-01 00:31:36.887   635   635 E ANDR-PERF-TARGET: Error: Invalid logical cluster id 0
01-01 00:31:36.887   635   635 E ANDR-PERF-MPCTL: invalid request, no optimizations performed
01-01 00:31:36.903   635   635 E ANDR-PERF-TARGET: Error: Invalid logical cluster id 0
01-01 00:31:36.904   635   635 E ANDR-PERF-MPCTL: invalid request, no optimizations performed
01-01 00:31:36.920   635   635 E ANDR-PERF-TARGET: Error: Invalid logical cluster id 0
01-01 00:31:36.920   635   635 E ANDR-PERF-MPCTL: invalid request, no optimizations performed
01-01 00:31:36.937   635   635 E ANDR-PERF-TARGET: Error: Invalid logical cluster id 0
01-01 00:31:36.937   635   635 E ANDR-PERF-MPCTL: invalid request, no optimizations performed
01-01 00:31:36.953   635   635 E ANDR-PERF-TARGET: Error: Invalid logical cluster id 0
01-01 00:31:36.953   635   635 E ANDR-PERF-MPCTL: invalid request, no optimizations performed
01-01 00:31:36.970   635   635 E ANDR-PERF-TARGET: Error: Invalid logical cluster id 0
01-01 00:31:36.970   635   635 E ANDR-PERF-MPCTL: invalid request, no optimizations performed
01-01 00:31:36.987   635   635 E ANDR-PERF-TARGET: Error: Invalid logical cluster id 0
01-01 00:31:36.987   635   635 E ANDR-PERF-MPCTL: invalid request, no optimizations performed
01-01 00:31:37.003   635   635 E ANDR-PERF-TARGET: Error: Invalid logical cluster id 0
01-01 00:31:37.004   635   635 E ANDR-PERF-MPCTL: invalid request, no optimizations performed
01-01 00:31:37.020   635   635 E ANDR-PERF-TARGET: Error: Invalid logical cluster id 0
01-01 00:31:37.020   635   635 E ANDR-PERF-MPCTL: invalid request, no optimizations performed
01-01 00:31:37.037   635   635 E ANDR-PERF-TARGET: Error: Invalid logical cluster id 0
01-01 00:31:37.037   635   635 E ANDR-PERF-MPCTL: invalid request, no optimizations performed
01-01 00:31:37.054   635   635 E ANDR-PERF-TARGET: Error: Invalid logical cluster id 0
01-01 00:31:37.054   635   635 E ANDR-PERF-MPCTL: invalid request, no optimizations performed
01-01 00:31:37.070   635   635 E ANDR-PERF-TARGET: Error: Invalid logical cluster id 0
01-01 00:31:37.070   635   635 E ANDR-PERF-MPCTL: invalid request, no optimizations performed
01-01 00:31:37.087   635   635 E ANDR-PERF-TARGET: Error: Invalid logical cluster id 0
01-01 00:31:37.087   635   635 E ANDR-PERF-MPCTL: invalid request, no optimizations performed
01-01 00:31:37.104   635   635 E ANDR-PERF-TARGET: Error: Invalid logical cluster id 0
01-01 00:31:37.104   635   635 E ANDR-PERF-MPCTL: invalid request, no optimizations performed
01-01 00:31:37.120   635   635 E ANDR-PERF-TARGET: Error: Invalid logical cluster id 0
01-01 00:31:37.120   635   635 E ANDR-PERF-MPCTL: invalid request, no optimizations performed
01-01 00:31:37.137   635   635 E ANDR-PERF-TARGET: Error: Invalid logical cluster id 0
01-01 00:31:37.137   635   635 E ANDR-PERF-MPCTL: invalid request, no optimizations performed
01-01 00:31:37.154   635   635 E ANDR-PERF-TARGET: Error: Invalid logical cluster id 0
01-01 00:31:37.154   635   635 E ANDR-PERF-MPCTL: invalid request, no optimizations performed
01-01 00:31:37.170   635   635 E ANDR-PERF-TARGET: Error: Invalid logical cluster id 0
01-01 00:31:37.171   635   635 E ANDR-PERF-MPCTL: invalid request, no optimizations performed
01-01 00:31:37.187   635   635 E ANDR-PERF-TARGET: Error: Invalid logical cluster id 0
01-01 00:31:37.187   635   635 E ANDR-PERF-MPCTL: invalid request, no optimizations performed
01-01 00:31:37.204   635   635 E ANDR-PERF-TARGET: Error: Invalid logical cluster id 0
01-01 00:31:37.204   635   635 E ANDR-PERF-MPCTL: invalid request, no optimizations performed
01-01 00:31:37.221   635   635 E ANDR-PERF-TARGET: Error: Invalid logical cluster id 0
01-01 00:31:37.221   635   635 E ANDR-PERF-MPCTL: invalid request, no optimizations performed
01-01 00:31:37.237   635   635 E ANDR-PERF-TARGET: Error: Invalid logical cluster id 0
01-01 00:31:37.237   635   635 E ANDR-PERF-MPCTL: invalid request, no optimizations performed
01-01 00:31:37.254   635   635 E ANDR-PERF-TARGET: Error: Invalid logical cluster id 0
01-01 00:31:37.254   635   635 E ANDR-PERF-MPCTL: invalid request, no optimizations performed
01-01 00:31:37.271   635   635 E ANDR-PERF-TARGET: Error: Invalid logical cluster id 0
01-01 00:31:37.271   635   635 E ANDR-PERF-MPCTL: invalid request, no optimizations performed
01-01 00:31:37.287   635   635 E ANDR-PERF-TARGET: Error: Invalid logical cluster id 0
01-01 00:31:37.287   635   635 E ANDR-PERF-MPCTL: invalid request, no optimizations performed
01-01 00:31:37.304   635   635 E ANDR-PERF-TARGET: Error: Invalid logical cluster id 0
01-01 00:31:37.304   635   635 E ANDR-PERF-MPCTL: invalid request, no optimizations performed
01-01 00:31:37.321   635   635 E ANDR-PERF-TARGET: Error: Invalid logical cluster id 0
01-01 00:31:37.321   635   635 E ANDR-PERF-MPCTL: invalid request, no optimizations performed
01-01 00:31:37.337   635   635 E ANDR-PERF-TARGET: Error: Invalid logical cluster id 0
01-01 00:31:37.338   635   635 E ANDR-PERF-MPCTL: invalid request, no optimizations performed
01-01 00:31:37.354   635   635 E ANDR-PERF-TARGET: Error: Invalid logical cluster id 0
01-01 00:31:37.354   635   635 E ANDR-PERF-MPCTL: invalid request, no optimizations performed
01-01 00:31:37.371   635   635 E ANDR-PERF-TARGET: Error: Invalid logical cluster id 0
01-01 00:31:37.371   635   635 E ANDR-PERF-MPCTL: invalid request, no optimizations performed
01-01 00:31:37.388   635   635 E ANDR-PERF-TARGET: Error: Invalid logical cluster id 0
01-01 00:31:37.388   635   635 E ANDR-PERF-MPCTL: invalid request, no optimizations performed
01-01 00:31:37.405   635   635 E ANDR-PERF-TARGET: Error: Invalid logical cluster id 0
01-01 00:31:37.405   635   635 E ANDR-PERF-MPCTL: invalid request, no optimizations performed
01-01 00:31:37.421   635   635 E ANDR-PERF-TARGET: Error: Invalid logical cluster id 0
01-01 00:31:37.421   635   635 E ANDR-PERF-MPCTL: invalid request, no optimizations performed
01-01 00:31:37.422   635   635 E ANDR-PERF-TARGET: Error: Invalid logical cluster id 0
01-01 00:31:37.422   635   635 E ANDR-PERF-MPCTL: invalid request, no optimizations performed
01-01 00:31:37.438   729   748 I sssv-lib: sendMsg enter
01-01 00:31:37.438   729   748 I sssv-lib: sendMsg complete.
01-01 00:31:37.438   635   635 E ANDR-PERF-TARGET: Error: Invalid logical cluster id 0
01-01 00:31:37.438   635   635 E ANDR-PERF-MPCTL: invalid request, no optimizations performed
01-01 00:31:37.455   635   635 E ANDR-PERF-TARGET: Error: Invalid logical cluster id 0
01-01 00:31:37.455   635   635 E ANDR-PERF-MPCTL: invalid request, no optimizations performed
01-01 00:31:37.471   635   635 E ANDR-PERF-TARGET: Error: Invalid logical cluster id 0
01-01 00:31:37.471   635   635 E ANDR-PERF-MPCTL: invalid request, no optimizations performed
01-01 00:31:37.488   635   635 E ANDR-PERF-TARGET: Error: Invalid logical cluster id 0
01-01 00:31:37.488   635   635 E ANDR-PERF-MPCTL: invalid request, no optimizations performed
01-01 00:31:37.505   635   635 E ANDR-PERF-TARGET: Error: Invalid logical cluster id 0
01-01 00:31:37.505   635   635 E ANDR-PERF-MPCTL: invalid request, no optimizations performed
01-01 00:31:37.521   635   635 E ANDR-PERF-TARGET: Error: Invalid logical cluster id 0
01-01 00:31:37.521   635   635 E ANDR-PERF-MPCTL: invalid request, no optimizations performed
01-01 00:31:37.538   635   635 E ANDR-PERF-TARGET: Error: Invalid logical cluster id 0
01-01 00:31:37.538   635   635 E ANDR-PERF-MPCTL: invalid request, no optimizations performed
01-01 00:31:37.555   635   635 E ANDR-PERF-TARGET: Error: Invalid logical cluster id 0
01-01 00:31:37.555   635   635 E ANDR-PERF-MPCTL: invalid request, no optimizations performed
01-01 00:31:37.571   635   635 E ANDR-PERF-TARGET: Error: Invalid logical cluster id 0
01-01 00:31:37.571   635   635 E ANDR-PERF-MPCTL: invalid request, no optimizations performed
01-01 00:31:37.588   635   635 E ANDR-PERF-TARGET: Error: Invalid logical cluster id 0
01-01 00:31:37.588   635   635 E ANDR-PERF-MPCTL: invalid request, no optimizations performed
01-01 00:31:37.605   635   635 E ANDR-PERF-TARGET: Error: Invalid logical cluster id 0
01-01 00:31:37.605   635   635 E ANDR-PERF-MPCTL: invalid request, no optimizations performed
01-01 00:31:37.618  3675 11299 W InteractionController: runAndwaitForEvents timed out waiting for events
01-01 00:31:37.618  3675 11299 D InteractionController: Vertical scrollSwipe reached scroll end: false
01-01 00:31:37.622   635   635 E ANDR-PERF-TARGET: Error: Invalid logical cluster id 0
01-01 00:31:37.622   635   635 E ANDR-PERF-MPCTL: invalid request, no optimizations performed
01-01 00:31:37.638   635   635 E ANDR-PERF-TARGET: Error: Invalid logical cluster id 0
01-01 00:31:37.638   635   635 E ANDR-PERF-MPCTL: invalid request, no optimizations performed
01-01 00:31:37.655   635   635 E ANDR-PERF-TARGET: Error: Invalid logical cluster id 0
01-01 00:31:37.655   635   635 E ANDR-PERF-MPCTL: invalid request, no optimizations performed
01-01 00:31:37.672   635   635 E ANDR-PERF-TARGET: Error: Invalid logical cluster id 0
01-01 00:31:37.672   635   635 E ANDR-PERF-MPCTL: invalid request, no optimizations performed
01-01 00:31:37.688   635   635 E ANDR-PERF-TARGET: Error: Invalid logical cluster id 0
01-01 00:31:37.688   635   635 E ANDR-PERF-MPCTL: invalid request, no optimizations performed
01-01 00:31:37.705   635   635 E ANDR-PERF-TARGET: Error: Invalid logical cluster id 0
01-01 00:31:37.705   635   635 E ANDR-PERF-MPCTL: invalid request, no optimizations performed
01-01 00:31:37.722   635   635 E ANDR-PERF-TARGET: Error: Invalid logical cluster id 0
01-01 00:31:37.722   635   635 E ANDR-PERF-MPCTL: invalid request, no optimizations performed
01-01 00:31:37.739   635   635 E ANDR-PERF-TARGET: Error: Invalid logical cluster id 0
01-01 00:31:37.739   635   635 E ANDR-PERF-MPCTL: invalid request, no optimizations performed
01-01 00:31:37.755   635   635 E ANDR-PERF-TARGET: Error: Invalid logical cluster id 0
01-01 00:31:37.755   635   635 E ANDR-PERF-MPCTL: invalid request, no optimizations performed
01-01 00:31:37.772   635   635 E ANDR-PERF-TARGET: Error: Invalid logical cluster id 0
01-01 00:31:37.772   635   635 E ANDR-PERF-MPCTL: invalid request, no optimizations performed
01-01 00:31:37.789   635   635 E ANDR-PERF-TARGET: Error: Invalid logical cluster id 0
01-01 00:31:37.789   635   635 E ANDR-PERF-MPCTL: invalid request, no optimizations performed
01-01 00:31:37.805   635   635 E ANDR-PERF-TARGET: Error: Invalid logical cluster id 0
01-01 00:31:37.806   635   635 E ANDR-PERF-MPCTL: invalid request, no optimizations performed
01-01 00:31:37.822   635   635 E ANDR-PERF-TARGET: Error: Invalid logical cluster id 0
01-01 00:31:37.822   635   635 E ANDR-PERF-MPCTL: invalid request, no optimizations performed
01-01 00:31:38.009  1933  1957 D LCMANDR : SWR_OOB_HV_MF_009|FUN=LifeCycleManagerService::LifeCycle_ReportCompStatus|GOT ALIVENESS SIGNAL FROM DAIAPP : [0]; HB Counter = [ 746 ]; STATUS INFO = [ 0 ]
01-01 00:31:38.010  1519  1519 I Connectivity_AIDL|AIDL_Handler.AIDL_Helpers.LcmHelper: MBUX App Method: KeepAliveTest |Line No: 408 |Log Type: Critical |Message: MainThread:MBUX-App HB Count: 748, ResponseCode: 0
01-01 00:31:38.323  3675 11299 I QueryController: Matched selector: UiSelector[SCROLLABLE=true, CHILD=UiSelector[TEXT=RSE_Test]] <<==>> [android.view.accessibility.AccessibilityNodeInfo@1de3fb7; boundsInParent: Rect(0, 0 - 1078, 77); boundsInScreen: Rect(354, 478 - 1431, 555); packageName: com.panasonic.hmi2settings; className: android.widget.TextView; text: RSE_Test; error: null; maxTextLength: -1; contentDescription: null; viewIdResName: com.panasonic.hmi2settings:id/wifiName; checkable: false; checked: false; focusable: false; focused: false; selected: false; clickable: false; longClickable: false; contextClickable: false; enabled: true; password: false; scrollable: false; importantForAccessibility: true; actions: [AccessibilityAction: ACTION_SELECT - null, AccessibilityAction: ACTION_CLEAR_SELECTION - null, AccessibilityAction: ACTION_ACCESSIBILITY_FOCUS - null, AccessibilityAction: ACTION_NEXT_AT_MOVEMENT_GRANULARITY - null, AccessibilityAction: ACTION_PREVIOUS_AT_MOVEMENT_GRANULARITY - null, AccessibilityAction: ACTION_SET_SELECTION - null, AccessibilityAction: ACTION_SHOW_ON_SCREEN - null]]
01-01 00:31:38.332  3675 11300 D UIAutomatorStub: URI: /jsonrpc/0, Method: POST, Header: {content-length=176, remote-addr=127.0.0.1, http-client-ip=127.0.0.1, host=localhost:9009, content-type=application/json, connection=close, accept-encoding=identity, user-agent=Python-urllib/2.7}, params, {NanoHttpd.QUERY_STRING=null}, files: {postData={"params": [{"childOrSiblingSelector": [], "text": "RSE_Test", "mask": 1, "childOrSibling": []}], "jsonrpc": "2.0", "method": "click", "id": "173f805523a18bcefb3e731f2ffa1359"}}
01-01 00:31:38.391  3739  3739 W HMI2-SETTINGS - CI08.4: className -> WifiAdapter | functionName -> onBindViewHolder | value -> allWifiList.get(position).getSecurityType() : wifiNametrue
01-01 00:31:38.392  3739  3739 W HMI2-SETTINGS - CI08.4: className -> WifiActivity | functionName -> onWifiClick | value -> getSecurityType ->true
01-01 00:31:38.400  3675 11301 D UIAutomatorStub: URI: /jsonrpc/0, Method: POST, Header: {content-length=213, remote-addr=127.0.0.1, http-client-ip=127.0.0.1, host=localhost:9009, content-type=application/json, connection=close, accept-encoding=identity, user-agent=Python-urllib/2.7}, params, {NanoHttpd.QUERY_STRING=null}, files: {postData={"params": [{"childOrSiblingSelector": [], "className": "android.widget.EditText", "mask": 16, "childOrSibling": []}, "Secure7@55"], "jsonrpc": "2.0", "method": "setText", "id": "2dc12ad9eedaf6fbde60c64156d21db4"}}
01-01 00:31:38.404  3739  3739 D View    : setSystemUiVisibility: creating intent for action ACTION_ACTIVITY_FULLSCREEN
01-01 00:31:38.405  3739  3739 W ContextImpl: Calling a method in the system process without a qualified user: android.app.ContextImpl.startService:1476 android.content.ContextWrapper.startService:650 android.view.View.setSystemUiVisibility:22653 com.panasonic.hmi2settings.activity.WifiActivity.connectToWifi:1215 com.panasonic.hmi2settings.activity.WifiActivity.onWifiClick:522 
01-01 00:31:38.406   635   635 E ANDR-PERF-TARGET: Error: Invalid logical cluster id 0
01-01 00:31:38.406   635   635 E ANDR-PERF-MPCTL: invalid request, no optimizations performed
01-01 00:31:38.408  1151  1550 D CompatibilityInfo: mCompatibilityFlags - 4
01-01 00:31:38.408  1151  1550 D CompatibilityInfo: applicationDensity - 240
01-01 00:31:38.408  1151  1550 D CompatibilityInfo: applicationScale - 1.0
01-01 00:31:38.410  3739  3739 D View    : setSystemUiVisibility: startService done
01-01 00:31:38.414  1151  1550 D WindowManager: addToDisplay >>> FLAG_FULLSCREEN not set in WindowManager.LayoutParams
01-01 00:31:38.414  1151  1550 D WindowManager: startStatusReceiverServiceOnFlagSet: creating intent for action ACTION_ACTIVITY_FULLSCREEN
01-01 00:31:38.415  1151  1550 W ContextImpl: Calling a method in the system process without a qualified user: android.app.ContextImpl.startService:1476 com.android.server.wm.Session.startStatusReceiverServiceOnFlagSet:762 com.android.server.wm.Session.addToDisplay:217 android.view.IWindowSession$Stub.onTransact:124 com.android.server.wm.Session.onTransact:166 
01-01 00:31:38.415  1151  1550 D WindowManager: startStatusReceiverServiceOnFlagSet: startService done
01-01 00:31:38.416  1392  1392 W SYSTEM_UI: SWR_SYSTEM_UI_007|FUN=CollapsedStatusBarFragment::getAction |1|Broadcast action --> STATUS_UPDATE_ACTION
01-01 00:31:38.416  1392  1392 W SYSTEM_UI: SWR_SYSTEM_UI_007|FUN=CollapsedStatusBarFragment::getIntExtra |1|NotifySystemUpdates dataType --> 101
01-01 00:31:38.416  1392  1392 W SYSTEM_UI - CI07.3: className -> CollapsedStatusBarFragment | functionName -> NotifySystemUpdates | onReceive -->  | value -> FULLSCREEN MODE CHANGED | isFullScreenStatus --> false | fullScreenPackage -->com.panasonic.hmi2settings | fullscreenLastShownPackage -->null | topActivityPackage --> com.panasonic.hmi2settings
01-01 00:31:38.416  1392  1392 W SYSTEM_UI - CI07.3: className -> CollapsedStatusBarFragment | functionName -> NotifySystemUpdates | onReceive -->  | value -> Fullscreen mode changed --> path 5
01-01 00:31:38.419  3739  3739 W HMI2-SETTINGS: SWR_BAIDU_HMI_0015|FUN=WifiActivity::addView|0|Display password enter dialog with addView method.
01-01 00:31:38.420  3739  3739 W HMI2-SETTINGS: SWR_BAIDU_HMI_0027|FUN=WifiActivity::addView|0|Display password enter dialog with addView method.
01-01 00:31:38.420  1392  1392 W SYSTEM_UI: SWR_SYSTEM_UI_007|FUN=CollapsedStatusBarFragment::getAction |1|Broadcast action --> STATUS_UPDATE_ACTION
01-01 00:31:38.421  3739  3739 W HMI2-SETTINGS - CI08.4: className -> WifiActivity | functionName -> setOnFocusChangeListener :   | value -> hasFocus:true
01-01 00:31:38.422  1151  1416 D mEnabledInputMethodsStrCache: com.android.inputmethods.latin/.LatinIME
01-01 00:31:38.422  1151  1416 D systemLanguageCode: en__GB
01-01 00:31:38.423  1151  1416 D mEnabledInputMethodsStrCache: com.android.inputmethods.latin/.LatinIME
01-01 00:31:38.420  1392  1392 W SYSTEM_UI: SWR_SYSTEM_UI_007|FUN=CollapsedStatusBarFragment::getIntExtra |1|NotifySystemUpdates dataType --> 101
01-01 00:31:38.423  1392  1392 W SYSTEM_UI - CI07.3: className -> CollapsedStatusBarFragment | functionName -> NotifySystemUpdates | onReceive -->  | value -> FULLSCREEN MODE CHANGED | isFullScreenStatus --> false | fullScreenPackage -->com.panasonic.hmi2settings | fullscreenLastShownPackage -->null | topActivityPackage --> com.panasonic.hmi2settings
01-01 00:31:38.423  1392  1392 W SYSTEM_UI - CI07.3: className -> CollapsedStatusBarFragment | functionName -> NotifySystemUpdates | onReceive -->  | value -> Fullscreen mode changed --> path 5
01-01 00:31:38.433  1151 10154 D mEnabledInputMethodsStrCache: com.android.inputmethods.latin/.LatinIME
01-01 00:31:38.433  1151 10154 D systemLanguageCode: en__GB
01-01 00:31:38.433  1151 10154 D mEnabledInputMethodsStrCache: com.android.inputmethods.latin/.LatinIME
01-01 00:31:38.433  1151  1416 D WindowManager: relayout packageName=com.panasonic.hmi2settings::session=Session{c47ecfc 3739:1000}::window=android.view.IWindow$Stub$Proxy@daead45::attrs.flags=1000100
01-01 00:31:38.433  1151  1416 D WindowManager: relayout >>> FLAG_FULLSCREEN not set in WindowManager.LayoutParams
01-01 00:31:38.433  1151  1416 D WindowManager: startStatusReceiverServiceOnFlagSet: creating intent for action ACTION_ACTIVITY_FULLSCREEN
01-01 00:31:38.433  1151  1416 W ContextImpl: Calling a method in the system process without a qualified user: android.app.ContextImpl.startService:1476 com.android.server.wm.Session.startStatusReceiverServiceOnFlagSet:762 com.android.server.wm.Session.relayout:276 android.view.IWindowSession$Stub.onTransact:286 com.android.server.wm.Session.onTransact:166 
01-01 00:31:38.434  1151  1416 D CompatibilityInfo: mCompatibilityFlags - 4
01-01 00:31:38.434  1151  1416 D CompatibilityInfo: applicationDensity - 240
01-01 00:31:38.434  1151  1416 D CompatibilityInfo: applicationScale - 1.0
01-01 00:31:38.435  1151  1416 D WindowManager: startStatusReceiverServiceOnFlagSet: startService done
01-01 00:31:38.438   729   748 I sssv-lib: sendMsg enter
01-01 00:31:38.439   729   748 I sssv-lib: sendMsg complete.
01-01 00:31:38.439  1151  1550 D mEnabledInputMethodsStrCache: com.android.inputmethods.latin/.LatinIME
01-01 00:31:38.439  1151  1550 D systemLanguageCode: en__GB
01-01 00:31:38.439  1151  1550 D mEnabledInputMethodsStrCache: com.android.inputmethods.latin/.LatinIME
01-01 00:31:38.440  1151  1553 D mEnabledInputMethodsStrCache: com.android.inputmethods.latin/.LatinIME
01-01 00:31:38.440  1151  1553 D systemLanguageCode: en__GB
01-01 00:31:38.440  1151  1553 D mEnabledInputMethodsStrCache: com.android.inputmethods.latin/.LatinIME
01-01 00:31:38.442  1151  1550 D mEnabledInputMethodsStrCache: com.android.inputmethods.latin/.LatinIME
01-01 00:31:38.442  1151  1550 D systemLanguageCode: en__GB
01-01 00:31:38.442  1151  1550 D mEnabledInputMethodsStrCache: com.android.inputmethods.latin/.LatinIME
01-01 00:31:38.442  1151  1550 D mEnabledInputMethodsStrCache: com.android.inputmethods.latin/.LatinIME
01-01 00:31:38.442  1151  1550 D systemLanguageCode: en__GB
01-01 00:31:38.442  1151  1550 D mEnabledInputMethodsStrCache: com.android.inputmethods.latin/.LatinIME
01-01 00:31:38.442  1379  1379 I LatinIME: SWR_HMISERVICE_SPELLER_MF_001||FUN=onStartInputViewInternal || 1 || Starting input. Cursor position = -1,-1
01-01 00:31:38.443  1392  1392 W SYSTEM_UI: SWR_SYSTEM_UI_007|FUN=CollapsedStatusBarFragment::getAction |1|Broadcast action --> STATUS_UPDATE_ACTION
01-01 00:31:38.444  1392  1392 W SYSTEM_UI: SWR_SYSTEM_UI_007|FUN=CollapsedStatusBarFragment::getIntExtra |1|NotifySystemUpdates dataType --> 101
01-01 00:31:38.444  1392  1392 W SYSTEM_UI - CI07.3: className -> CollapsedStatusBarFragment | functionName -> NotifySystemUpdates | onReceive -->  | value -> FULLSCREEN MODE CHANGED | isFullScreenStatus --> false | fullScreenPackage -->com.panasonic.hmi2settings | fullscreenLastShownPackage -->null | topActivityPackage --> com.panasonic.hmi2settings
01-01 00:31:38.444  1392  1392 W SYSTEM_UI - CI07.3: className -> CollapsedStatusBarFragment | functionName -> NotifySystemUpdates | onReceive -->  | value -> Fullscreen mode changed --> path 5
