01-01 00:46:00.779  3739  3739 W HMI2-SETTINGS - CI08.4: className -> WifiActivity | functionName -> isInConnected | value -> |RSE_Test|0|2
01-01 00:46:00.779  3739  3739 W HMI2-SETTINGS - CI08.4: className -> WifiActivity | functionName -> isWapiVariantBlocked | value -> security_type:2
01-01 00:46:00.779  3739  3739 W HMI2-SETTINGS - CI08.4: className -> WifiActivity | functionName -> isInConnected | value -> |MB Hotspot 61185|0|2
01-01 00:46:00.779  3739  3739 W HMI2-SETTINGS - CI08.4: className -> WifiActivity | functionName -> isWapiVariantBlocked | value -> security_type:0
01-01 00:46:00.779  3739  3739 W HMI2-SETTINGS - CI08.4: className -> WifiActivity | functionName -> isInConnected | value -> |HP-Print-DB-LaserJet Pro MFP|0|0
01-01 00:46:00.779  3739  3739 W HMI2-SETTINGS - CI08.4: className -> WifiActivity | functionName -> handleAllAvailNetwork | value -> savedNetwork ->0
01-01 00:46:00.779  3739  3739 W HMI2-SETTINGS - CI08.4: className -> WifiActivity | functionName -> handleAllAvailNetwork | value -> presentVisibleNetwork ->29
01-01 00:46:00.782  3739  3739 W HMI2-SETTINGS - CI08.4: className -> WifiActivity | functionName -> handleIfWifiAvailableNetworks: config is  | value -> null
01-01 00:46:00.782  3739  3739 W HMI2-SETTINGS - CI08.4: className -> WifiActivity | functionName -> forceScan | value -> entry
01-01 00:46:00.782  1151  8140 I WifiService: startScan uid=1000
01-01 00:46:00.783  1151  1323 I WifiService: isScanAlwaysAvailable uid=1000
01-01 00:46:00.783  1151  1323 I WifiService: getWifiEnabledState uid=1000
01-01 00:46:00.786  1151  2233 D WindowManager: addToDisplay >>> FLAG_FULLSCREEN not set in WindowManager.LayoutParams
01-01 00:46:00.786  1151  2233 D WindowManager: startStatusReceiverServiceOnFlagSet: creating intent for action ACTION_ACTIVITY_FULLSCREEN
01-01 00:46:00.787  1151  2233 W ContextImpl: Calling a method in the system process without a qualified user: android.app.ContextImpl.startService:1476 com.android.server.wm.Session.startStatusReceiverServiceOnFlagSet:762 com.android.server.wm.Session.addToDisplay:217 android.view.IWindowSession$Stub.onTransact:124 com.android.server.wm.Session.onTransact:166 
01-01 00:46:00.787  1151  2233 D CompatibilityInfo: mCompatibilityFlags - 4
01-01 00:46:00.787  1151  2233 D CompatibilityInfo: applicationDensity - 240
01-01 00:46:00.787  1151  2233 D CompatibilityInfo: applicationScale - 1.0
01-01 00:46:00.788  1151  2233 D WindowManager: startStatusReceiverServiceOnFlagSet: startService done
01-01 00:46:00.792  1392  1392 W SYSTEM_UI: SWR_SYSTEM_UI_007|FUN=CollapsedStatusBarFragment::getAction |1|Broadcast action --> STATUS_UPDATE_ACTION
01-01 00:46:00.792  1392  1392 W SYSTEM_UI: SWR_SYSTEM_UI_007|FUN=CollapsedStatusBarFragment::getIntExtra |1|NotifySystemUpdates dataType --> 101
01-01 00:46:00.792  1392  1392 W SYSTEM_UI - CI07.3: className -> CollapsedStatusBarFragment | functionName -> NotifySystemUpdates | onReceive -->  | value -> FULLSCREEN MODE CHANGED | isFullScreenStatus --> false | fullScreenPackage -->com.panasonic.hmi2settings | fullscreenLastShownPackage -->null | topActivityPackage --> com.panasonic.hmi2settings
01-01 00:46:00.792  1392  1392 W SYSTEM_UI - CI07.3: className -> CollapsedStatusBarFragment | functionName -> NotifySystemUpdates | onReceive -->  | value -> Fullscreen mode changed --> path 5
01-01 00:46:00.793  3739  3739 E HMI2-SETTINGS - CI08.4: className -> WifiActivity | functionName -> mWifiScanReceiver -> onReceive | error ->intent_action:android.net.wifi.STATE_CHANGE
01-01 00:46:00.793  3739  3739 W HMI2-SETTINGS - CI08.4: className -> WifiActivity | functionName -> handleNetworkStateChanged | value -> detailedState->DISCONNECTED
01-01 00:46:00.793  3739  3739 W HMI2-SETTINGS - CI08.4: className -> WifiActivity | functionName -> handleNetworkStateChanged: config is | value ->  null
01-01 00:46:00.793  3739  3739 E HMI2-SETTINGS - CI08.4: className -> WifiActivity | functionName -> mWifiScanReceiver -> onReceive | error ->intent_action:android.net.wifi.WIFI_STATE_CHANGED
01-01 00:46:00.793  3739  3739 W HMI2-SETTINGS - CI08.4: className -> WifiActivity | functionName -> handleWifiStateChanged | value -> state = 3
01-01 00:46:00.794  1151  8140 I WifiService: getWifiEnabledState uid=1000
01-01 00:46:00.795  3739  3739 W HMI2-SETTINGS: SWR_BAIDU_HMI_0020|FUN=WifiActivity::handleConnectedNetworkVisibility|0|getWifiStat::true
01-01 00:46:00.798  1151  2264 I WifiService: getConfiguredNetworks uid=1000
01-01 00:46:00.799  3739  3739 W HMI2-SETTINGS: SWR_BAIDU_HMI_0027|SWR_BAIDU_HMI_0015|FUN=WifiActivity::getScanResults|1|Get list of available wifi hotspots.
01-01 00:46:00.818  3739  3739 W HMI2-SETTINGS - CI08.4: className -> WifiActivity | functionName -> isWapiVariantBlocked | value -> security_type:2
01-01 00:46:00.818  3739  3739 W HMI2-SETTINGS - CI08.4: className -> WifiActivity | functionName -> isInConnected | value -> | ACSIA_CORP3|0|2
01-01 00:46:00.818  3739  3739 W HMI2-SETTINGS - CI08.4: className -> WifiActivity | functionName -> isWapiVariantBlocked | value -> security_type:2
01-01 00:46:00.818  3739  3739 W HMI2-SETTINGS - CI08.4: className -> WifiActivity | functionName -> isInConnected | value -> |ACSIA_Management|0|2
01-01 00:46:00.818  3739  3739 W HMI2-SETTINGS - CI08.4: className -> WifiActivity | functionName -> isWapiVariantBlocked | value -> security_type:2
01-01 00:46:00.819  3739  3739 W HMI2-SETTINGS - CI08.4: className -> WifiActivity | functionName -> isInConnected | value -> |ACSIA_GUEST1|0|2
01-01 00:46:00.819  3739  3739 W HMI2-SETTINGS - CI08.4: className -> WifiActivity | functionName -> isWapiVariantBlocked | value -> security_type:2
01-01 00:46:00.819  3739  3739 W HMI2-SETTINGS - CI08.4: className -> WifiActivity | functionName -> isInConnected | value -> |ACSIA_CORP2|0|2
01-01 00:46:00.819  3739  3739 W HMI2-SETTINGS - CI08.4: className -> WifiActivity | functionName -> isWapiVariantBlocked | value -> security_type:2
01-01 00:46:00.819  3739  3739 W HMI2-SETTINGS - CI08.4: className -> WifiActivity | functionName -> isInConnected | value -> |ACSIA_DEV|0|2
01-01 00:46:00.819  3739  3739 W HMI2-SETTINGS - CI08.4: className -> WifiActivity | functionName -> isWapiVariantBlocked | value -> security_type:2
01-01 00:46:00.819  3739  3739 W HMI2-SETTINGS - CI08.4: className -> WifiActivity | functionName -> isInConnected | value -> |RSE_Test|0|2
01-01 00:46:00.819  3739  3739 W HMI2-SETTINGS - CI08.4: className -> WifiActivity | functionName -> isWapiVariantBlocked | value -> security_type:2
01-01 00:46:00.819  3739  3739 W HMI2-SETTINGS - CI08.4: className -> WifiActivity | functionName -> isInConnected | value -> |ACSIA_CORP1|0|2
01-01 00:46:00.819  3739  3739 W HMI2-SETTINGS - CI08.4: className -> WifiActivity | functionName -> isWapiVariantBlocked | value -> security_type:2
01-01 00:46:00.819  3739  3739 W HMI2-SETTINGS - CI08.4: className -> WifiActivity | functionName -> isInConnected | value -> |NETGEAR66-5G|0|2
01-01 00:46:00.819  3739  3739 W HMI2-SETTINGS - CI08.4: className -> WifiActivity | functionName -> isWapiVariantBlocked | value -> security_type:2
01-01 00:46:00.819  3739  3739 W HMI2-SETTINGS - CI08.4: className -> WifiActivity | functionName -> isInConnected | value -> |ACSIA_CORP1|0|2
01-01 00:46:00.819  3739  3739 W HMI2-SETTINGS - CI08.4: className -> WifiActivity | functionName -> isWapiVariantBlocked | value -> security_type:2
01-01 00:46:00.819  3739  3739 W HMI2-SETTINGS - CI08.4: className -> WifiActivity | functionName -> isInConnected | value -> |Secure|0|2
01-01 00:46:00.819  3739  3739 W HMI2-SETTINGS - CI08.4: className -> WifiActivity | functionName -> isWapiVariantBlocked | value -> security_type:2
01-01 00:46:00.819  3739  3739 W HMI2-SETTINGS - CI08.4: className -> WifiActivity | functionName -> isInConnected | value -> |ACSIA_GUEST1|0|2
01-01 00:46:00.819  3739  3739 W HMI2-SETTINGS - CI08.4: className -> WifiActivity | functionName -> isWapiVariantBlocked | value -> security_type:2
01-01 00:46:00.819  3739  3739 W HMI2-SETTINGS - CI08.4: className -> WifiActivity | functionName -> isInConnected | value -> |ACSIA_DEV|0|2
01-01 00:46:00.819  3739  3739 W HMI2-SETTINGS - CI08.4: className -> WifiActivity | functionName -> isWapiVariantBlocked | value -> security_type:2
01-01 00:46:00.819  3739  3739 W HMI2-SETTINGS - CI08.4: className -> WifiActivity | functionName -> isInConnected | value -> |ACSIA_CORP2|0|2
01-01 00:46:00.819  3739  3739 W HMI2-SETTINGS - CI08.4: className -> WifiActivity | functionName -> isWapiVariantBlocked | value -> security_type:2
01-01 00:46:00.819  3739  3739 W HMI2-SETTINGS - CI08.4: className -> WifiActivity | functionName -> isInConnected | value -> |ACSIA_Management|0|2
01-01 00:46:00.819  3739  3739 W HMI2-SETTINGS - CI08.4: className -> WifiActivity | functionName -> isWapiVariantBlocked | value -> security_type:2
01-01 00:46:00.819  3739  3739 W HMI2-SETTINGS - CI08.4: className -> WifiActivity | functionName -> isInConnected | value -> | ACSIA_CORP3|0|2
01-01 00:46:00.819  3739  3739 W HMI2-SETTINGS - CI08.4: className -> WifiActivity | functionName -> isWapiVariantBlocked | value -> security_type:2
01-01 00:46:00.819  3739  3739 W HMI2-SETTINGS - CI08.4: className -> WifiActivity | functionName -> isInConnected | value -> |RSE_Test|0|2
01-01 00:46:00.819  3739  3739 W HMI2-SETTINGS - CI08.4: className -> WifiActivity | functionName -> isWapiVariantBlocked | value -> security_type:2
01-01 00:46:00.819  3739  3739 W HMI2-SETTINGS - CI08.4: className -> WifiActivity | functionName -> isInConnected | value -> |HUWIFI|0|2
01-01 00:46:00.819  3739  3739 W HMI2-SETTINGS - CI08.4: className -> WifiActivity | functionName -> isWapiVariantBlocked | value -> security_type:2
01-01 00:46:00.819  3739  3739 W HMI2-SETTINGS - CI08.4: className -> WifiActivity | functionName -> isInConnected | value -> |DIRECT-vQINLT044msmJ|0|2
01-01 00:46:00.819  3739  3739 W HMI2-SETTINGS - CI08.4: className -> WifiActivity | functionName -> isWapiVariantBlocked | value -> security_type:2
01-01 00:46:00.819  3739  3739 W HMI2-SETTINGS - CI08.4: className -> WifiActivity | functionName -> isInConnected | value -> |DIRECT-DMATCLWI2064msNL|0|2
01-01 00:46:00.819  3739  3739 W HMI2-SETTINGS - CI08.4: className -> WifiActivity | functionName -> isWapiVariantBlocked | value -> security_type:2
01-01 00:46:00.819  3739  3739 W HMI2-SETTINGS - CI08.4: className -> WifiActivity | functionName -> isInConnected | value -> |AUTOMATION_TEST|0|2
01-01 00:46:00.819  3739  3739 W HMI2-SETTINGS - CI08.4: className -> WifiActivity | functionName -> isWapiVariantBlocked | value -> security_type:2
01-01 00:46:00.820  3739  3739 W HMI2-SETTINGS - CI08.4: className -> WifiActivity | functionName -> isInConnected | value -> |ACSIA_CORP1|0|2
01-01 00:46:00.820  3739  3739 W HMI2-SETTINGS - CI08.4: className -> WifiActivity | functionName -> isWapiVariantBlocked | value -> security_type:2
01-01 00:46:00.820  3739  3739 W HMI2-SETTINGS - CI08.4: className -> WifiActivity | functionName -> isInConnected | value -> |ACSIA_GUEST1|0|2
01-01 00:46:00.820  3739  3739 W HMI2-SETTINGS - CI08.4: className -> WifiActivity | functionName -> isWapiVariantBlocked | value -> security_type:2
01-01 00:46:00.820  3739  3739 W HMI2-SETTINGS - CI08.4: className -> WifiActivity | functionName -> isInConnected | value -> |ACSIA_DEV|0|2
01-01 00:46:00.820  3739  3739 W HMI2-SETTINGS - CI08.4: className -> WifiActivity | functionName -> isWapiVariantBlocked | value -> security_type:2
01-01 00:46:00.820  3739  3739 W HMI2-SETTINGS - CI08.4: className -> WifiActivity | functionName -> isInConnected | value -> |ACSIA_CORP2|0|2
01-01 00:46:00.820  3739  3739 W HMI2-SETTINGS - CI08.4: className -> WifiActivity | functionName -> isWapiVariantBlocked | value -> security_type:2
01-01 00:46:00.820  3739  3739 W HMI2-SETTINGS - CI08.4: className -> WifiActivity | functionName -> isInConnected | value -> | ACSIA_CORP3|0|2
01-01 00:46:00.820  3739  3739 W HMI2-SETTINGS - CI08.4: className -> WifiActivity | functionName -> isWapiVariantBlocked | value -> security_type:2
01-01 00:46:00.820  3739  3739 W HMI2-SETTINGS - CI08.4: className -> WifiActivity | functionName -> isInConnected | value -> |ACSIA_Management|0|2
01-01 00:46:00.820  3739  3739 W HMI2-SETTINGS - CI08.4: className -> WifiActivity | functionName -> isWapiVariantBlocked | value -> security_type:2
01-01 00:46:00.820  3739  3739 W HMI2-SETTINGS - CI08.4: className -> WifiActivity | functionName -> isInConnected | value -> |RSE_Test|0|2
01-01 00:46:00.820  3739  3739 W HMI2-SETTINGS - CI08.4: className -> WifiActivity | functionName -> isWapiVariantBlocked | value -> security_type:2
01-01 00:46:00.820  3739  3739 W HMI2-SETTINGS - CI08.4: className -> WifiActivity | functionName -> isInConnected | value -> |MB Hotspot 61185|0|2
01-01 00:46:00.820  3739  3739 W HMI2-SETTINGS - CI08.4: className -> WifiActivity | functionName -> isWapiVariantBlocked | value -> security_type:0
01-01 00:46:00.820  3739  3739 W HMI2-SETTINGS - CI08.4: className -> WifiActivity | functionName -> isInConnected | value -> |HP-Print-DB-LaserJet Pro MFP|0|0
01-01 00:46:00.820  3739  3739 W HMI2-SETTINGS - CI08.4: className -> WifiActivity | functionName -> handleAllAvailNetwork | value -> savedNetwork ->0
01-01 00:46:00.820  3739  3739 W HMI2-SETTINGS - CI08.4: className -> WifiActivity | functionName -> handleAllAvailNetwork | value -> presentVisibleNetwork ->29
01-01 00:46:00.821  3739  3739 W HMI2-SETTINGS - CI08.4: className -> WifiActivity | functionName -> handleIfWifiAvailableNetworks: config is  | value -> null
01-01 00:46:00.821  1151  8140 I WifiService: startScan uid=1000
01-01 00:46:00.873  1151  2264 D WindowManager: relayout packageName=com.panasonic.hmi2settings::session=Session{c47ecfc 3739:1000}::window=android.view.IWindow$Stub$Proxy@b23db04::attrs.flags=1010300
01-01 00:46:00.873  1151  2264 D WindowManager: relayout >>> FLAG_FULLSCREEN not set in WindowManager.LayoutParams
01-01 00:46:00.873  1151  2264 D WindowManager: startStatusReceiverServiceOnFlagSet: creating intent for action ACTION_ACTIVITY_FULLSCREEN
01-01 00:46:00.873  1151  2264 W ContextImpl: Calling a method in the system process without a qualified user: android.app.ContextImpl.startService:1476 com.android.server.wm.Session.startStatusReceiverServiceOnFlagSet:762 com.android.server.wm.Session.relayout:276 android.view.IWindowSession$Stub.onTransact:286 com.android.server.wm.Session.onTransact:166 
01-01 00:46:00.874  1151  2264 D CompatibilityInfo: mCompatibilityFlags - 4
01-01 00:46:00.874  1151  2264 D CompatibilityInfo: applicationDensity - 240
01-01 00:46:00.874  1151  2264 D CompatibilityInfo: applicationScale - 1.0
01-01 00:46:00.875  1151  2264 D WindowManager: startStatusReceiverServiceOnFlagSet: startService done
01-01 00:46:00.877  1392  1392 W SYSTEM_UI: SWR_SYSTEM_UI_007|FUN=CollapsedStatusBarFragment::getAction |1|Broadcast action --> STATUS_UPDATE_ACTION
01-01 00:46:00.878  1392  1392 W SYSTEM_UI: SWR_SYSTEM_UI_007|FUN=CollapsedStatusBarFragment::getIntExtra |1|NotifySystemUpdates dataType --> 101
01-01 00:46:00.878  1392  1392 W SYSTEM_UI - CI07.3: className -> CollapsedStatusBarFragment | functionName -> NotifySystemUpdates | onReceive -->  | value -> FULLSCREEN MODE CHANGED | isFullScreenStatus --> false | fullScreenPackage -->com.panasonic.hmi2settings | fullscreenLastShownPackage -->null | topActivityPackage --> com.panasonic.hmi2settings
01-01 00:46:00.878  1392  1392 W SYSTEM_UI - CI07.3: className -> CollapsedStatusBarFragment | functionName -> NotifySystemUpdates | onReceive -->  | value -> Fullscreen mode changed --> path 5
01-01 00:46:00.942  1392  6197 D CommandQueue: animate_trace: appTransitionStarting; duration=0;hardcoded forced=false to false
01-01 00:46:00.954  1392  6197 D CommandQueue: animate_trace: appTransitionFinished
01-01 00:46:00.957  1151  1192 I ActivityManager: Displayed com.panasonic.hmi2settings/.activity.WifiActivity: +235ms
01-01 00:46:00.959  1151  1192 E ANDR-PERF-JNI: Iop tryGetService failed
01-01 00:46:00.969  1151  8140 D WindowManager: relayout packageName=com.panasonic.hmi2settings::session=Session{c47ecfc 3739:1000}::window=android.view.IWindow$Stub$Proxy@d28f1b3::attrs.flags=null
01-01 00:46:00.969  1151  8140 D WindowManager: relayout >>> FLAG_FULLSCREEN not set in WindowManager.LayoutParams
01-01 00:46:00.969  1151  8140 D WindowManager: startStatusReceiverServiceOnFlagSet: creating intent for action ACTION_ACTIVITY_FULLSCREEN
01-01 00:46:00.970  1151  8140 W ContextImpl: Calling a method in the system process without a qualified user: android.app.ContextImpl.startService:1476 com.android.server.wm.Session.startStatusReceiverServiceOnFlagSet:762 com.android.server.wm.Session.relayout:276 android.view.IWindowSession$Stub.onTransact:286 com.android.server.wm.Session.onTransact:166 
01-01 00:46:00.971  1151  8140 D CompatibilityInfo: mCompatibilityFlags - 4
01-01 00:46:00.971  1151  8140 D CompatibilityInfo: applicationDensity - 240
01-01 00:46:00.971  1151  8140 D CompatibilityInfo: applicationScale - 1.0
01-01 00:46:00.973  1151  8140 D WindowManager: startStatusReceiverServiceOnFlagSet: startService done
01-01 00:46:00.978  1392  1392 W SYSTEM_UI: SWR_SYSTEM_UI_007|FUN=CollapsedStatusBarFragment::getAction |1|Broadcast action --> STATUS_UPDATE_ACTION
01-01 00:46:00.978  1392  1392 W SYSTEM_UI: SWR_SYSTEM_UI_007|FUN=CollapsedStatusBarFragment::getIntExtra |1|NotifySystemUpdates dataType --> 101
01-01 00:46:00.979  1392  1392 W SYSTEM_UI - CI07.3: className -> CollapsedStatusBarFragment | functionName -> NotifySystemUpdates | onReceive -->  | value -> FULLSCREEN MODE CHANGED | isFullScreenStatus --> false | fullScreenPackage -->com.panasonic.hmi2settings | fullscreenLastShownPackage -->null | topActivityPackage --> com.panasonic.hmi2settings
01-01 00:46:00.979  1392  1392 W SYSTEM_UI - CI07.3: className -> CollapsedStatusBarFragment | functionName -> NotifySystemUpdates | onReceive -->  | value -> Fullscreen mode changed --> path 5
01-01 00:46:00.989  1151  8140 D ActivityTrigger: ActivityTrigger activityStopTrigger 
01-01 00:46:00.991  3739  3739 V Activity: back_button: onSaveInstanceState entry:com.panasonic.hmi2settings.activity.WifiManagerActivity@200cf74
01-01 00:46:00.991  3739  3739 V Activity: onSaveInstanceState com.panasonic.hmi2settings.activity.WifiManagerActivity@200cf74: Bundle[{android:viewHierarchyState=Bundle[{android:views={16908290=android.view.AbsSavedState$1@499b012, 2131427430=android.view.AbsSavedState$1@499b012, 2131427431=android.view.AbsSavedState$1@499b012, 2131427450=android.view.AbsSavedState$1@499b012, 2131427452=android.view.AbsSavedState$1@499b012, 2131427460=android.view.AbsSavedState$1@499b012, 2131427507=android.view.AbsSavedState$1@499b012, 2131427508=android.view.AbsSavedState$1@499b012, 2131427509=android.view.AbsSavedState$1@499b012, 2131427510=android.view.AbsSavedState$1@499b012, 2131427511=android.view.AbsSavedState$1@499b012, 2131427512=android.view.AbsSavedState$1@499b012, 2131427513=android.view.AbsSavedState$1@499b012, 2131427514=android.view.AbsSavedState$1@499b012}}], android:lastAutofillId=1073741823, android:fragments=android.app.FragmentManagerState@6ce223b}]
01-01 00:46:00.992  3739  3739 V Activity: onStop com.panasonic.hmi2settings.activity.WifiManagerActivity@200cf74
01-01 00:46:01.148  1151  1162 I zygote64: NativeAlloc concurrent copying GC freed 190544(7MB) AllocSpace objects, 41(2MB) LOS objects, 42% free, 14MB/25MB, paused 202us total 154.461ms
01-01 00:46:01.382   729   748 I sssv-lib: sendMsg enter
01-01 00:46:01.382   729   748 I sssv-lib: sendMsg complete.
01-01 00:46:01.619   921  1439 I LOWI-8.5.0.3.c: [LOWI-Scan] lowi_close_record:Scan completed in 2741658ms and Recieved 47 APs scan results
01-01 00:46:01.620  1151  2233 D WificondControl: Scan result ready event
01-01 00:46:01.620  1151  1323 I WifiService: isScanAlwaysAvailable uid=1000
01-01 00:46:01.620  1151  1323 I WifiService: getWifiEnabledState uid=1000
01-01 00:46:01.621   921   961 I LOWI-8.5.0.3.c: [LOWIUtils] responseToOutPostcard - TO: GTP-FDAL, FROM:   LOWI-SERVER, RESP:  LOWI_ASYNC_DISCOVERY_SCAN_RESULTS
01-01 00:46:01.622   808   808 I wificond: Enters wifigbk_ageOutHistory
01-01 00:46:01.627   924   979 W XTCC-6.1.2.10-a: [LOWIUtils] to_eScanTypeResponse - default case
01-01 00:46:01.627   924   979 W XTCC-6.1.2.10-a: [WifiScanner] WiFi scan result : [47] AP's, async result: 1
01-01 00:46:01.629  1151  1323 D WificondScannerImpl: Filtering out 2 scan results.
01-01 00:46:01.629  1151  1323 I WifiService: isScanAlwaysAvailable uid=1000
01-01 00:46:01.630  1151  1323 I WifiService: getWifiEnabledState uid=1000
01-01 00:46:01.634  2145  2145 D HMI_SERVICE: USE_CASE_NA|FUN=HmiApplication| [action] android.net.wifi.SCAN_RESULTS
01-01 00:46:01.634  3739  3739 E HMI2-SETTINGS - CI08.4: className -> WifiActivity | functionName -> mWifiScanReceiver -> onReceive | error ->intent_action:android.net.wifi.SCAN_RESULTS
01-01 00:46:01.634  1151  1317 D ScanResultUtil: isScanResultForWapiPskNetwork: false
01-01 00:46:01.634  1151  1317 I chatty  : uid=1000(system) WifiStateMachin identical 4 lines
01-01 00:46:01.634  1151  1317 D ScanResultUtil: isScanResultForWapiPskNetwork: false
01-01 00:46:01.634  1151  2233 I WifiService: getWifiEnabledState uid=1000
01-01 00:46:01.634  1151  1317 D ScanResultUtil: isScanResultForWapiPskNetwork: false
01-01 00:46:01.635  1151  1317 I chatty  : uid=1000(system) WifiStateMachin identical 41 lines
01-01 00:46:01.635  1151  1317 D ScanResultUtil: isScanResultForWapiPskNetwork: false
01-01 00:46:01.635  1151  2233 I WifiService: getConfiguredNetworks uid=1000
01-01 00:46:01.635  1151  1317 D ScanResultUtil: isScanResultForWapiPskNetwork: false
01-01 00:46:01.636  1151  1317 I chatty  : uid=1000(system) WifiStateMachin identical 11 lines
01-01 00:46:01.636  1151  1317 D ScanResultUtil: isScanResultForWapiPskNetwork: false
01-01 00:46:01.636  1151  1317 W WifiConfigManager: Looking up network with invalid networkId -1
01-01 00:46:01.640  1151  1317 D ScanResultUtil: isScanResultForWapiPskNetwork: false
01-01 00:46:01.642  1151  1317 I chatty  : uid=1000(system) WifiStateMachin identical 31 lines
01-01 00:46:01.642  1151  1317 D ScanResultUtil: isScanResultForWapiPskNetwork: false
01-01 00:46:01.643  3739  3739 W HMI2-SETTINGS: SWR_BAIDU_HMI_0027|SWR_BAIDU_HMI_0015|FUN=WifiActivity::getScanResults|1|Get list of available wifi hotspots.
01-01 00:46:01.649  3739  3739 W HMI2-SETTINGS - CI08.4: className -> WifiActivity | functionName -> isWapiVariantBlocked | value -> security_type:2
01-01 00:46:01.649  3739  3739 W HMI2-SETTINGS - CI08.4: className -> WifiActivity | functionName -> isInConnected | value -> |ACSIA_CORP1|0|2
01-01 00:46:01.649  3739  3739 W HMI2-SETTINGS - CI08.4: className -> WifiActivity | functionName -> isWapiVariantBlocked | value -> security_type:2
01-01 00:46:01.650  3739  3739 W HMI2-SETTINGS - CI08.4: className -> WifiActivity | functionName -> isInConnected | value -> |ACSIA_Management|0|2
01-01 00:46:01.650  3739  3739 W HMI2-SETTINGS - CI08.4: className -> WifiActivity | functionName -> isWapiVariantBlocked | value -> security_type:2
01-01 00:46:01.650  3739  3739 W HMI2-SETTINGS - CI08.4: className -> WifiActivity | functionName -> isInConnected | value -> |ACSIA_GUEST1|0|2
01-01 00:46:01.650  3739  3739 W HMI2-SETTINGS - CI08.4: className -> WifiActivity | functionName -> isWapiVariantBlocked | value -> security_type:2
01-01 00:46:01.650  3739  3739 W HMI2-SETTINGS - CI08.4: className -> WifiActivity | functionName -> isInConnected | value -> |ACSIA_CORP2|0|2
01-01 00:46:01.650  3739  3739 W HMI2-SETTINGS - CI08.4: className -> WifiActivity | functionName -> isWapiVariantBlocked | value -> security_type:2
01-01 00:46:01.650  3739  3739 W HMI2-SETTINGS - CI08.4: className -> WifiActivity | functionName -> isInConnected | value -> |ACSIA_DEV|0|2
01-01 00:46:01.650  3739  3739 W HMI2-SETTINGS - CI08.4: className -> WifiActivity | functionName -> isWapiVariantBlocked | value -> security_type:2
01-01 00:46:01.650  3739  3739 W HMI2-SETTINGS - CI08.4: className -> WifiActivity | functionName -> isInConnected | value -> |RSE_Test|0|2
01-01 00:46:01.650  3739  3739 W HMI2-SETTINGS - CI08.4: className -> WifiActivity | functionName -> isWapiVariantBlocked | value -> security_type:2
01-01 00:46:01.650  3739  3739 W HMI2-SETTINGS - CI08.4: className -> WifiActivity | functionName -> isInConnected | value -> | ACSIA_CORP3|0|2
01-01 00:46:01.650  3739  3739 W HMI2-SETTINGS - CI08.4: className -> WifiActivity | functionName -> isWapiVariantBlocked | value -> security_type:2
01-01 00:46:01.650  3739  3739 W HMI2-SETTINGS - CI08.4: className -> WifiActivity | functionName -> isInConnected | value -> |Secure|0|2
01-01 00:46:01.650  3739  3739 W HMI2-SETTINGS - CI08.4: className -> WifiActivity | functionName -> isWapiVariantBlocked | value -> security_type:2
01-01 00:46:01.650  3739  3739 W HMI2-SETTINGS - CI08.4: className -> WifiActivity | functionName -> isInConnected | value -> |NETGEAR66-5G|0|2
01-01 00:46:01.650  3739  3739 W HMI2-SETTINGS - CI08.4: className -> WifiActivity | functionName -> isWapiVariantBlocked | value -> security_type:2
01-01 00:46:01.650  3739  3739 W HMI2-SETTINGS - CI08.4: className -> WifiActivity | functionName -> isInConnected | value -> | ACSIA_CORP3|0|2
01-01 00:46:01.650  3739  3739 W HMI2-SETTINGS - CI08.4: className -> WifiActivity | functionName -> isWapiVariantBlocked | value -> security_type:2
01-01 00:46:01.650  3739  3739 W HMI2-SETTINGS - CI08.4: className -> WifiActivity | functionName -> isInConnected | value -> |ACSIA_CORP1|0|2
01-01 00:46:01.650  3739  3739 W HMI2-SETTINGS - CI08.4: className -> WifiActivity | functionName -> isWapiVariantBlocked | value -> security_type:2
01-01 00:46:01.650  3739  3739 W HMI2-SETTINGS - CI08.4: className -> WifiActivity | functionName -> isInConnected | value -> |ACSIA_GUEST1|0|2
01-01 00:46:01.650  3739  3739 W HMI2-SETTINGS - CI08.4: className -> WifiActivity | functionName -> isWapiVariantBlocked | value -> security_type:2
01-01 00:46:01.650  3739  3739 W HMI2-SETTINGS - CI08.4: className -> WifiActivity | functionName -> isInConnected | value -> |ACSIA_CORP2|0|2
01-01 00:46:01.650  3739  3739 W HMI2-SETTINGS - CI08.4: className -> WifiActivity | functionName -> isWapiVariantBlocked | value -> security_type:2
01-01 00:46:01.650  3739  3739 W HMI2-SETTINGS - CI08.4: className -> WifiActivity | functionName -> isInConnected | value -> |ACSIA_Management|0|2
01-01 00:46:01.650  3739  3739 W HMI2-SETTINGS - CI08.4: className -> WifiActivity | functionName -> isWapiVariantBlocked | value -> security_type:2
01-01 00:46:01.650  3739  3739 W HMI2-SETTINGS - CI08.4: className -> WifiActivity | functionName -> isInConnected | value -> |RSE_Test|0|2
01-01 00:46:01.650  3739  3739 W HMI2-SETTINGS - CI08.4: className -> WifiActivity | functionName -> isWapiVariantBlocked | value -> security_type:2
01-01 00:46:01.650  3739  3739 W HMI2-SETTINGS - CI08.4: className -> WifiActivity | functionName -> isInConnected | value -> |ACSIA_DEV|0|2
01-01 00:46:01.650  3739  3739 W HMI2-SETTINGS - CI08.4: className -> WifiActivity | functionName -> isWapiVariantBlocked | value -> security_type:2
01-01 00:46:01.650  3739  3739 W HMI2-SETTINGS - CI08.4: className -> WifiActivity | functionName -> isInConnected | value -> |HUWIFI|0|2
01-01 00:46:01.650  3739  3739 W HMI2-SETTINGS - CI08.4: className -> WifiActivity | functionName -> isWapiVariantBlocked | value -> security_type:2
01-01 00:46:01.650  3739  3739 W HMI2-SETTINGS - CI08.4: className -> WifiActivity | functionName -> isInConnected | value -> |DIRECT-vQINLT044msmJ|0|2
01-01 00:46:01.650  3739  3739 W HMI2-SETTINGS - CI08.4: className -> WifiActivity | functionName -> isWapiVariantBlocked | value -> security_type:2
01-01 00:46:01.650  3739  3739 W HMI2-SETTINGS - CI08.4: className -> WifiActivity | functionName -> isInConnected | value -> |DIRECT-DMATCLWI2064msNL|0|2
01-01 00:46:01.650  3739  3739 W HMI2-SETTINGS - CI08.4: className -> WifiActivity | functionName -> isWapiVariantBlocked | value -> security_type:2
01-01 00:46:01.651  3739  3739 W HMI2-SETTINGS - CI08.4: className -> WifiActivity | functionName -> isInConnected | value -> |ACSIA_CORP1|0|2
01-01 00:46:01.651  3739  3739 W HMI2-SETTINGS - CI08.4: className -> WifiActivity | functionName -> isWapiVariantBlocked | value -> security_type:2
01-01 00:46:01.651  3739  3739 W HMI2-SETTINGS - CI08.4: className -> WifiActivity | functionName -> isInConnected | value -> |ACSIA_GUEST1|0|2
01-01 00:46:01.651  3739  3739 W HMI2-SETTINGS - CI08.4: className -> WifiActivity | functionName -> isWapiVariantBlocked | value -> security_type:2
01-01 00:46:01.651  3739  3739 W HMI2-SETTINGS - CI08.4: className -> WifiActivity | functionName -> isInConnected | value -> |ACSIA_DEV|0|2
01-01 00:46:01.651  3739  3739 W HMI2-SETTINGS - CI08.4: className -> WifiActivity | functionName -> isWapiVariantBlocked | value -> security_type:2
01-01 00:46:01.651  3739  3739 W HMI2-SETTINGS - CI08.4: className -> WifiActivity | functionName -> isInConnected | value -> |ACSIA_CORP2|0|2
01-01 00:46:01.651  3739  3739 W HMI2-SETTINGS - CI08.4: className -> WifiActivity | functionName -> isWapiVariantBlocked | value -> security_type:2
01-01 00:46:01.651  3739  3739 W HMI2-SETTINGS - CI08.4: className -> WifiActivity | functionName -> isInConnected | value -> | ACSIA_CORP3|0|2
01-01 00:46:01.651  3739  3739 W HMI2-SETTINGS - CI08.4: className -> WifiActivity | functionName -> isWapiVariantBlocked | value -> security_type:2
01-01 00:46:01.651  3739  3739 W HMI2-SETTINGS - CI08.4: className -> WifiActivity | functionName -> isInConnected | value -> |ACSIA_Management|0|2
01-01 00:46:01.651  3739  3739 W HMI2-SETTINGS - CI08.4: className -> WifiActivity | functionName -> isWapiVariantBlocked | value -> security_type:2
01-01 00:46:01.651  3739  3739 W HMI2-SETTINGS - CI08.4: className -> WifiActivity | functionName -> isInConnected | value -> |RSE_Test|0|2
01-01 00:46:01.651  3739  3739 W HMI2-SETTINGS - CI08.4: className -> WifiActivity | functionName -> isWapiVariantBlocked | value -> security_type:2
01-01 00:46:01.651  3739  3739 W HMI2-SETTINGS - CI08.4: className -> WifiActivity | functionName -> isInConnected | value -> |AUTOMATION_TEST|0|2
01-01 00:46:01.651  3739  3739 W HMI2-SETTINGS - CI08.4: className -> WifiActivity | functionName -> isWapiVariantBlocked | value -> security_type:0
01-01 00:46:01.651  3739  3739 W HMI2-SETTINGS - CI08.4: className -> WifiActivity | functionName -> isInConnected | value -> |HP-Print-DB-LaserJet Pro MFP|0|0
01-01 00:46:01.651  3739  3739 W HMI2-SETTINGS - CI08.4: className -> WifiActivity | functionName -> isWapiVariantBlocked | value -> security_type:2
01-01 00:46:01.651  3739  3739 W HMI2-SETTINGS - CI08.4: className -> WifiActivity | functionName -> isInConnected | value -> |MB Hotspot 61185|0|2
01-01 00:46:01.651  3739  3739 W HMI2-SETTINGS - CI08.4: className -> WifiActivity | functionName -> handleAllAvailNetwork | value -> savedNetwork ->0
01-01 00:46:01.651  3739  3739 W HMI2-SETTINGS - CI08.4: className -> WifiActivity | functionName -> handleAllAvailNetwork | value -> presentVisibleNetwork ->29
01-01 00:46:01.656  3739  3739 W HMI2-SETTINGS - CI08.4: className -> WifiActivity | functionName -> handleIfWifiAvailableNetworks: config is  | value -> null
01-01 00:46:01.687  3675 14931 D UIAutomatorStub: URI: /jsonrpc/0, Method: POST, Header: {content-length=274, remote-addr=127.0.0.1, http-client-ip=127.0.0.1, host=localhost:9009, content-type=application/json, connection=close, accept-encoding=identity, user-agent=Python-urllib/2.7}, params, {NanoHttpd.QUERY_STRING=null}, files: {postData={"params": [{"childOrSiblingSelector": [], "scrollable": true, "mask": 16384, "childOrSibling": []}, {"childOrSiblingSelector": [], "text": "RSE_Test", "mask": 1, "childOrSibling": []}, true], "jsonrpc": "2.0", "method": "scrollTo", "id": "4895846aa75686e700a0e33a54f17b1d"}}
01-01 00:46:01.818  1933  1933 I LCMANDR : SWR_OOB_HV_MF_009|FUN=ResourceMonitoringService::movingMemoryAverage|2|Moving memory average :29.740631
01-01 00:46:01.818  1933  1933 W LCMANDR : SWR_OOB_HV_MF_009|FUN=ResourceMonitoringService::getCpuUsageStatistic|Moving MEM AVG :::::::::29.740631
01-01 00:46:01.820  1933  1933 W LCMANDR : SWR_OOB_HV_MF_009|FUN=ResourceMonitoringService::getCpuUsageStatistic|2|Total cpu usage :30.101467
01-01 00:46:01.820  1933  1933 I LCMANDR : SWR_OOB_HV_MF_009|FUN=ResourceMonitoringService::getCpuUsageStatistic|Cpu usage of core  0 is32.781456
01-01 00:46:01.820  1933  1933 I LCMANDR : SWR_OOB_HV_MF_009|FUN=ResourceMonitoringService::getCpuUsageStatistic|Cpu usage of core  1 is25.684933
01-01 00:46:01.820  1933  1933 I LCMANDR : SWR_OOB_HV_MF_009|FUN=ResourceMonitoringService::getCpuUsageStatistic|Cpu usage of core  2 is31.740614
01-01 00:46:01.820  1933  1933 I LCMANDR : ResourceMonitoringService::movingCpuAverage()
01-01 00:46:01.820  1933  1933 I LCMANDR : SWR_OOB_HV_MF_009|FUN=ResourceMonitoringService::movingCpuAverage|2|Moving window average of CPU 26.18826
01-01 00:46:01.820  1933  1933 I LCMANDR : SWR_OOB_HV_MF_009|FUN=ResourceMonitoringService::movingCpuAverage|2|Cpu moving average of core  0 is27.13829
01-01 00:46:01.820  1933  1933 I LCMANDR : SWR_OOB_HV_MF_009|FUN=ResourceMonitoringService::movingCpuAverage|2|Cpu moving average of core  1 is22.124344
01-01 00:46:01.820  1933  1933 I LCMANDR : SWR_OOB_HV_MF_009|FUN=ResourceMonitoringService::movingCpuAverage|2|Cpu moving average of core  2 is29.21965
01-01 00:46:01.820  1933  1933 D LCMANDR : SWR_OOB_HV_MF_009|FUN=ResourceMonitoringService::movingCpuAverage|2|Exiting VAL = 26.18826
01-01 00:46:02.330  3675 14931 D UiScrollable: scrollToBeginning() on selector = UiSelector[SCROLLABLE=true]
01-01 00:46:02.331  3675 14931 D UiScrollable: scrollBackward() on selector = UiSelector[SCROLLABLE=true]
01-01 00:46:02.338  3675 14931 I QueryController: Matched selector: UiSelector[SCROLLABLE=true] <<==>> [android.view.accessibility.AccessibilityNodeInfo@2be5f5b; boundsInParent: Rect(0, 0 - 1332, 889); boundsInScreen: Rect(305, 172 - 1637, 1061); packageName: com.panasonic.hmi2settings; className: android.widget.ScrollView; text: null; error: null; maxTextLength: -1; contentDescription: null; viewIdResName: com.panasonic.hmi2settings:id/scrollWifi; checkable: false; checked: false; focusable: true; focused: false; selected: false; clickable: false; longClickable: false; contextClickable: false; enabled: true; password: false; scrollable: true; importantForAccessibility: true; actions: [AccessibilityAction: ACTION_FOCUS - null, AccessibilityAction: ACTION_SELECT - null, AccessibilityAction: ACTION_CLEAR_SELECTION - null, AccessibilityAction: ACTION_ACCESSIBILITY_FOCUS - null, AccessibilityAction: ACTION_SCROLL_FORWARD - null, AccessibilityAction: ACTION_SHOW_ON_SCREEN - null]]
01-01 00:46:02.338  3675 14931 D UiScrollable: scrollToBegining() using vertical scroll
01-01 00:46:02.338  3675 14931 D InteractionController: scrollSwipe (971, 260, 971, 973, 55)
01-01 00:46:02.382   729   748 I sssv-lib: sendMsg enter
01-01 00:46:02.383   729   748 I sssv-lib: sendMsg complete.
01-01 00:46:02.517   625   625 D WifiHAL : Start get packet fate command
01-01 00:46:02.517   625   625 D WifiHAL : createRequest Get Tx packet fate request
01-01 00:46:02.517   625   625 E WifiHAL : Failed to register get pkt fate response; result = -95
01-01 00:46:02.518  1151  1317 E WifiVendorHal: getTxPktFates(l.2067) failed {.code = ERROR_UNKNOWN, .description = errno: -95 (Unknown error -95)}
01-01 00:46:02.518   625   625 D WifiHAL : Start get packet fate command
01-01 00:46:02.518   625   625 D WifiHAL : createRequest Get Rx packet fate request
01-01 00:46:02.518   625   625 E WifiHAL : Failed to register get pkt fate response; result = -95
01-01 00:46:02.519  1151  1317 E WifiVendorHal: getRxPktFates(l.2107) failed {.code = ERROR_UNKNOWN, .description = errno: -95 (Unknown error -95)}
01-01 00:46:02.576   625   625 D WifiHAL : Start get packet fate command
01-01 00:46:02.577   625   625 D WifiHAL : createRequest Get Tx packet fate request
01-01 00:46:02.577   625   625 E WifiHAL : Failed to register get pkt fate response; result = -95
01-01 00:46:02.578  1151  1317 E WifiVendorHal: getTxPktFates(l.2067) failed {.code = ERROR_UNKNOWN, .description = errno: -95 (Unknown error -95)}
01-01 00:46:02.578   625   625 D WifiHAL : Start get packet fate command
01-01 00:46:02.578   625   625 D WifiHAL : createRequest Get Rx packet fate request
01-01 00:46:02.578   625   625 E WifiHAL : Failed to register get pkt fate response; result = -95
01-01 00:46:02.579  1151  1317 E WifiVendorHal: getRxPktFates(l.2107) failed {.code = ERROR_UNKNOWN, .description = errno: -95 (Unknown error -95)}
01-01 00:46:02.607  1933  1957 D LCMANDR : SWR_OOB_HV_MF_009|FUN=LifeCycleManagerService::LifeCycle_ReportCompStatus|GOT ALIVENESS SIGNAL FROM DAIAPP : [0]; HB Counter = [ 1091 ]; STATUS INFO = [ 0 ]
01-01 00:46:02.607  1519  1964 I Connectivity_AIDL|AIDL_Handler.AIDL_Helpers.LcmHelper: MBUX App Method: KeepAliveTest |Line No: 408 |Log Type: Critical |Message: ChildThread:MBUX-App HB Count: 1093, ResponseCode: 0
01-01 00:46:03.185   635   635 E ANDR-PERF-TARGET: Error: Invalid logical cluster id 0
01-01 00:46:03.185   635   635 E ANDR-PERF-MPCTL: invalid request, no optimizations performed
01-01 00:46:03.201   635   635 E ANDR-PERF-TARGET: Error: Invalid logical cluster id 0
01-01 00:46:03.201   635   635 E ANDR-PERF-MPCTL: invalid request, no optimizations performed
01-01 00:46:03.218   635   635 E ANDR-PERF-TARGET: Error: Invalid logical cluster id 0
01-01 00:46:03.218   635   635 E ANDR-PERF-MPCTL: invalid request, no optimizations performed
01-01 00:46:03.235   635   635 E ANDR-PERF-TARGET: Error: Invalid logical cluster id 0
01-01 00:46:03.235   635   635 E ANDR-PERF-MPCTL: invalid request, no optimizations performed
01-01 00:46:03.251   635   635 E ANDR-PERF-TARGET: Error: Invalid logical cluster id 0
01-01 00:46:03.252   635   635 E ANDR-PERF-MPCTL: invalid request, no optimizations performed
01-01 00:46:03.252   635   635 E ANDR-PERF-TARGET: Error: Invalid logical cluster id 0
01-01 00:46:03.252   635   635 E ANDR-PERF-MPCTL: invalid request, no optimizations performed
01-01 00:46:03.268   635   635 E ANDR-PERF-TARGET: Error: Invalid logical cluster id 0
01-01 00:46:03.268   635   635 E ANDR-PERF-MPCTL: invalid request, no optimizations performed
01-01 00:46:03.285   635   635 E ANDR-PERF-TARGET: Error: Invalid logical cluster id 0
01-01 00:46:03.285   635   635 E ANDR-PERF-MPCTL: invalid request, no optimizations performed
01-01 00:46:03.301   635   635 E ANDR-PERF-TARGET: Error: Invalid logical cluster id 0
01-01 00:46:03.302   635   635 E ANDR-PERF-MPCTL: invalid request, no optimizations performed
01-01 00:46:03.318   635   635 E ANDR-PERF-TARGET: Error: Invalid logical cluster id 0
01-01 00:46:03.318   635   635 E ANDR-PERF-MPCTL: invalid request, no optimizations performed
01-01 00:46:03.335   635   635 E ANDR-PERF-TARGET: Error: Invalid logical cluster id 0
01-01 00:46:03.335   635   635 E ANDR-PERF-MPCTL: invalid request, no optimizations performed
01-01 00:46:03.352   635   635 E ANDR-PERF-TARGET: Error: Invalid logical cluster id 0
01-01 00:46:03.352   635   635 E ANDR-PERF-MPCTL: invalid request, no optimizations performed
01-01 00:46:03.368   635   635 E ANDR-PERF-TARGET: Error: Invalid logical cluster id 0
01-01 00:46:03.368   635   635 E ANDR-PERF-MPCTL: invalid request, no optimizations performed
01-01 00:46:03.384   729   748 I sssv-lib: sendMsg enter
01-01 00:46:03.384   729   748 I sssv-lib: sendMsg complete.
01-01 00:46:03.385   635   635 E ANDR-PERF-TARGET: Error: Invalid logical cluster id 0
01-01 00:46:03.385   635   635 E ANDR-PERF-MPCTL: invalid request, no optimizations performed
01-01 00:46:03.402   635   635 E ANDR-PERF-TARGET: Error: Invalid logical cluster id 0
01-01 00:46:03.402   635   635 E ANDR-PERF-MPCTL: invalid request, no optimizations performed
01-01 00:46:03.418   635   635 E ANDR-PERF-TARGET: Error: Invalid logical cluster id 0
01-01 00:46:03.419   635   635 E ANDR-PERF-MPCTL: invalid request, no optimizations performed
01-01 00:46:03.435   635   635 E ANDR-PERF-TARGET: Error: Invalid logical cluster id 0
01-01 00:46:03.435   635   635 E ANDR-PERF-MPCTL: invalid request, no optimizations performed
01-01 00:46:03.444  3675 14931 W InteractionController: runAndwaitForEvents timed out waiting for events
01-01 00:46:03.451  3675 14931 D UiScrollable: scrollForward() on selector = UiSelector[SCROLLABLE=true]
01-01 00:46:03.452   635   635 E ANDR-PERF-TARGET: Error: Invalid logical cluster id 0
01-01 00:46:03.452   635   635 E ANDR-PERF-MPCTL: invalid request, no optimizations performed
01-01 00:46:03.459  3675 14931 I QueryController: Matched selector: UiSelector[SCROLLABLE=true] <<==>> [android.view.accessibility.AccessibilityNodeInfo@2be5f5b; boundsInParent: Rect(0, 0 - 1332, 889); boundsInScreen: Rect(305, 172 - 1637, 1061); packageName: com.panasonic.hmi2settings; className: android.widget.ScrollView; text: null; error: null; maxTextLength: -1; contentDescription: null; viewIdResName: com.panasonic.hmi2settings:id/scrollWifi; checkable: false; checked: false; focusable: true; focused: false; selected: false; clickable: false; longClickable: false; contextClickable: false; enabled: true; password: false; scrollable: true; importantForAccessibility: true; actions: [AccessibilityAction: ACTION_FOCUS - null, AccessibilityAction: ACTION_SELECT - null, AccessibilityAction: ACTION_CLEAR_SELECTION - null, AccessibilityAction: ACTION_ACCESSIBILITY_FOCUS - null, AccessibilityAction: ACTION_SCROLL_FORWARD - null, AccessibilityAction: ACTION_SHOW_ON_SCREEN - null]]
01-01 00:46:03.459  3675 14931 D InteractionController: scrollSwipe (971, 973, 971, 260, 55)
01-01 00:46:03.469   635   635 E ANDR-PERF-TARGET: Error: Invalid logical cluster id 0
01-01 00:46:03.469   635   635 E ANDR-PERF-MPCTL: invalid request, no optimizations performed
01-01 00:46:03.485   635   635 E ANDR-PERF-TARGET: Error: Invalid logical cluster id 0
01-01 00:46:03.485   635   635 E ANDR-PERF-MPCTL: invalid request, no optimizations performed
01-01 00:46:03.502   635   635 E ANDR-PERF-TARGET: Error: Invalid logical cluster id 0
01-01 00:46:03.502   635   635 E ANDR-PERF-MPCTL: invalid request, no optimizations performed
01-01 00:46:03.519   635   635 E ANDR-PERF-TARGET: Error: Invalid logical cluster id 0
01-01 00:46:03.519   635   635 E ANDR-PERF-MPCTL: invalid request, no optimizations performed
01-01 00:46:03.535   635   635 E ANDR-PERF-TARGET: Error: Invalid logical cluster id 0
01-01 00:46:03.535   635   635 E ANDR-PERF-MPCTL: invalid request, no optimizations performed
01-01 00:46:03.552   635   635 E ANDR-PERF-TARGET: Error: Invalid logical cluster id 0
01-01 00:46:03.552   635   635 E ANDR-PERF-MPCTL: invalid request, no optimizations performed
01-01 00:46:03.569   635   635 E ANDR-PERF-TARGET: Error: Invalid logical cluster id 0
01-01 00:46:03.569   635   635 E ANDR-PERF-MPCTL: invalid request, no optimizations performed
01-01 00:46:03.585   635   635 E ANDR-PERF-TARGET: Error: Invalid logical cluster id 0
01-01 00:46:03.586   635   635 E ANDR-PERF-MPCTL: invalid request, no optimizations performed
01-01 00:46:03.602   635   635 E ANDR-PERF-TARGET: Error: Invalid logical cluster id 0
01-01 00:46:03.602   635   635 E ANDR-PERF-MPCTL: invalid request, no optimizations performed
01-01 00:46:03.619   635   635 E ANDR-PERF-TARGET: Error: Invalid logical cluster id 0
01-01 00:46:03.619   635   635 E ANDR-PERF-MPCTL: invalid request, no optimizations performed
01-01 00:46:03.636   635   635 E ANDR-PERF-TARGET: Error: Invalid logical cluster id 0
01-01 00:46:03.636   635   635 E ANDR-PERF-MPCTL: invalid request, no optimizations performed
01-01 00:46:03.652   635   635 E ANDR-PERF-TARGET: Error: Invalid logical cluster id 0
01-01 00:46:03.652   635   635 E ANDR-PERF-MPCTL: invalid request, no optimizations performed
01-01 00:46:03.669   635   635 E ANDR-PERF-TARGET: Error: Invalid logical cluster id 0
01-01 00:46:03.669   635   635 E ANDR-PERF-MPCTL: invalid request, no optimizations performed
01-01 00:46:03.686   635   635 E ANDR-PERF-TARGET: Error: Invalid logical cluster id 0
01-01 00:46:03.686   635   635 E ANDR-PERF-MPCTL: invalid request, no optimizations performed
01-01 00:46:03.702   635   635 E ANDR-PERF-TARGET: Error: Invalid logical cluster id 0
01-01 00:46:03.703   635   635 E ANDR-PERF-MPCTL: invalid request, no optimizations performed
01-01 00:46:03.719   635   635 E ANDR-PERF-TARGET: Error: Invalid logical cluster id 0
01-01 00:46:03.719   635   635 E ANDR-PERF-MPCTL: invalid request, no optimizations performed
01-01 00:46:03.736   635   635 E ANDR-PERF-TARGET: Error: Invalid logical cluster id 0
01-01 00:46:03.736   635   635 E ANDR-PERF-MPCTL: invalid request, no optimizations performed
01-01 00:46:03.752   635   635 E ANDR-PERF-TARGET: Error: Invalid logical cluster id 0
01-01 00:46:03.753   635   635 E ANDR-PERF-MPCTL: invalid request, no optimizations performed
01-01 00:46:03.769   635   635 E ANDR-PERF-TARGET: Error: Invalid logical cluster id 0
01-01 00:46:03.769   635   635 E ANDR-PERF-MPCTL: invalid request, no optimizations performed
01-01 00:46:03.786   635   635 E ANDR-PERF-TARGET: Error: Invalid logical cluster id 0
01-01 00:46:03.786   635   635 E ANDR-PERF-MPCTL: invalid request, no optimizations performed
01-01 00:46:03.803   635   635 E ANDR-PERF-TARGET: Error: Invalid logical cluster id 0
01-01 00:46:03.803   635   635 E ANDR-PERF-MPCTL: invalid request, no optimizations performed
01-01 00:46:03.819   635   635 E ANDR-PERF-TARGET: Error: Invalid logical cluster id 0
01-01 00:46:03.819   635   635 E ANDR-PERF-MPCTL: invalid request, no optimizations performed
01-01 00:46:03.836   635   635 E ANDR-PERF-TARGET: Error: Invalid logical cluster id 0
01-01 00:46:03.836   635   635 E ANDR-PERF-MPCTL: invalid request, no optimizations performed
01-01 00:46:03.853   635   635 E ANDR-PERF-TARGET: Error: Invalid logical cluster id 0
01-01 00:46:03.853   635   635 E ANDR-PERF-MPCTL: invalid request, no optimizations performed
01-01 00:46:03.869   635   635 E ANDR-PERF-TARGET: Error: Invalid logical cluster id 0
01-01 00:46:03.869   635   635 E ANDR-PERF-MPCTL: invalid request, no optimizations performed
01-01 00:46:03.886   635   635 E ANDR-PERF-TARGET: Error: Invalid logical cluster id 0
01-01 00:46:03.886   635   635 E ANDR-PERF-MPCTL: invalid request, no optimizations performed
01-01 00:46:03.903   635   635 E ANDR-PERF-TARGET: Error: Invalid logical cluster id 0
01-01 00:46:03.903   635   635 E ANDR-PERF-MPCTL: invalid request, no optimizations performed
01-01 00:46:03.920   635   635 E ANDR-PERF-TARGET: Error: Invalid logical cluster id 0
01-01 00:46:03.920   635   635 E ANDR-PERF-MPCTL: invalid request, no optimizations performed
01-01 00:46:03.936   635   635 E ANDR-PERF-TARGET: Error: Invalid logical cluster id 0
01-01 00:46:03.936   635   635 E ANDR-PERF-MPCTL: invalid request, no optimizations performed
01-01 00:46:03.953   635   635 E ANDR-PERF-TARGET: Error: Invalid logical cluster id 0
01-01 00:46:03.953   635   635 E ANDR-PERF-MPCTL: invalid request, no optimizations performed
01-01 00:46:03.970   635   635 E ANDR-PERF-TARGET: Error: Invalid logical cluster id 0
01-01 00:46:03.970   635   635 E ANDR-PERF-MPCTL: invalid request, no optimizations performed
01-01 00:46:03.986   635   635 E ANDR-PERF-TARGET: Error: Invalid logical cluster id 0
01-01 00:46:03.986   635   635 E ANDR-PERF-MPCTL: invalid request, no optimizations performed
01-01 00:46:04.003   635   635 E ANDR-PERF-TARGET: Error: Invalid logical cluster id 0
01-01 00:46:04.003   635   635 E ANDR-PERF-MPCTL: invalid request, no optimizations performed
01-01 00:46:04.020   635   635 E ANDR-PERF-TARGET: Error: Invalid logical cluster id 0
01-01 00:46:04.020   635   635 E ANDR-PERF-MPCTL: invalid request, no optimizations performed
01-01 00:46:04.037   635   635 E ANDR-PERF-TARGET: Error: Invalid logical cluster id 0
01-01 00:46:04.037   635   635 E ANDR-PERF-MPCTL: invalid request, no optimizations performed
01-01 00:46:04.053   635   635 E ANDR-PERF-TARGET: Error: Invalid logical cluster id 0
01-01 00:46:04.054   635   635 E ANDR-PERF-MPCTL: invalid request, no optimizations performed
01-01 00:46:04.070   635   635 E ANDR-PERF-TARGET: Error: Invalid logical cluster id 0
01-01 00:46:04.070   635   635 E ANDR-PERF-MPCTL: invalid request, no optimizations performed
01-01 00:46:04.103   635   635 E ANDR-PERF-TARGET: Error: Invalid logical cluster id 0
01-01 00:46:04.103   635   635 E ANDR-PERF-MPCTL: invalid request, no optimizations performed
01-01 00:46:04.120   635   635 E ANDR-PERF-TARGET: Error: Invalid logical cluster id 0
01-01 00:46:04.120   635   635 E ANDR-PERF-MPCTL: invalid request, no optimizations performed
01-01 00:46:04.137   635   635 E ANDR-PERF-TARGET: Error: Invalid logical cluster id 0
01-01 00:46:04.137   635   635 E ANDR-PERF-MPCTL: invalid request, no optimizations performed
01-01 00:46:04.153   635   635 E ANDR-PERF-TARGET: Error: Invalid logical cluster id 0
01-01 00:46:04.154   635   635 E ANDR-PERF-MPCTL: invalid request, no optimizations performed
01-01 00:46:04.164  1151  2233 D CompatibilityInfo: mCompatibilityFlags - 4
01-01 00:46:04.164  1151  2233 D CompatibilityInfo: applicationDensity - 240
01-01 00:46:04.164  1151  2233 D CompatibilityInfo: applicationScale - 1.0
01-01 00:46:04.165  2145  2145 D HMI_SERVICE: USE_CASE_NA|FUN=StoragedJobIntentService::onCreate|1|init
01-01 00:46:04.168  2145  9112 D HMI_SERVICE: USE_CASE_NA|FUN=StoragedJobIntentService::onHandleIntent|1|ACTION_MONITOR_APPS
