01-01 00:06:59.363   921   961 I LOWI-8.5.0.3.c: [LOWIUtils] responseToOutPostcard - TO: GTP-FDAL, FROM:   LOWI-SERVER, RESP:  LOWI_ASYNC_DISCOVERY_SCAN_RESULTS
01-01 00:06:59.363  3739  3739 E HMI2-SETTINGS - CI08.4: className -> WifiActivity | functionName -> mWifiScanReceiver -> onReceive | error ->intent_action:android.net.wifi.STATE_CHANGE
01-01 00:06:59.364  3739  3739 W HMI2-SETTINGS - CI08.4: className -> WifiActivity | functionName -> handleNetworkStateChanged | value -> detailedState->CONNECTING
01-01 00:06:59.364  1508  1601 W QCNEJ   : |CORE| notifyWifiStatusChanged failed
01-01 00:06:59.364  1508  1601 W QCNEJ   : |CORE| notifyRatConnectionStatusChanged failed
01-01 00:06:59.365  1151  1422 I WifiService: getConfiguredNetworks uid=1000
01-01 00:06:59.365   635   635 E ANDR-PERF-TARGET: Error: Invalid logical cluster id 0
01-01 00:06:59.365   635   635 E ANDR-PERF-MPCTL: invalid request, no optimizations performed
01-01 00:06:59.370  1151  1317 D WifiConfiguration: configKey: false
01-01 00:06:59.370   924   979 W XTCC-6.1.2.10-a: [LOWIUtils] to_eScanTypeResponse - default case
01-01 00:06:59.371   924   979 W XTCC-6.1.2.10-a: [WifiScanner] WiFi scan result : [42] AP's, async result: 1
01-01 00:06:59.372  2145  2145 D HMI_SERVICE: USE_CASE_NA|FUN=HmiApplication| [action] android.net.wifi.supplicant.STATE_CHANGE
01-01 00:06:59.372  3739  3739 W HMI2-SETTINGS - CI08.4: className -> WifiActivity | functionName -> getConfig: success-> | value -> "RSE_Test"
01-01 00:06:59.372  3739  3739 W HMI2-SETTINGS - CI08.4: className -> WifiActivity | functionName -> getConnectSummary | value -> getConnectSummaryID: 12 SSID: "RSE_Test" PROVIDER-NAME: null BSSID: null FQDN: null PRIO: 0 HIDDEN: false
01-01 00:06:59.372  3739  3739 W HMI2-SETTINGS - CI08.4:  NetworkSelectionStatus NETWORK_SELECTION_ENABLED
01-01 00:06:59.372  3739  3739 W HMI2-SETTINGS - CI08.4:  hasEverConnected: false
01-01 00:06:59.372  3739  3739 W HMI2-SETTINGS - CI08.4:  KeyMgmt: WPA_PSK Protocols: WPA RSN
01-01 00:06:59.372  3739  3739 W HMI2-SETTINGS - CI08.4:  AuthAlgorithms: OPEN
01-01 00:06:59.372  3739  3739 W HMI2-SETTINGS - CI08.4:  PairwiseCiphers: TKIP CCMP
01-01 00:06:59.372  3739  3739 W HMI2-SETTINGS - CI08.4:  GroupCiphers: TKIP CCMP
01-01 00:06:59.372  3739  3739 W HMI2-SETTINGS - CI08.4:  PSK: *
01-01 00:06:59.372  3739  3739 W HMI2-SETTINGS - CI08.4: 
01-01 00:06:59.372  3739  3739 W HMI2-SETTINGS - CI08.4:  sim_num 
01-01 00:06:59.372  3739  3739 W HMI2-SETTINGS - CI08.4: Enterprise config:
01-01 00:06:59.372  3739  3739 W HMI2-SETTINGS - CI08.4: IP config:
01-01 00:06:59.372  3739  3739 W HMI2-SETTINGS - CI08.4: IP assignment: DHCP
01-01 00:06:59.372  3739  3739 W HMI2-SETTINGS - CI08.4: Proxy settings: NONE
01-01 00:06:59.372  3739  3739 W HMI2-SETTINGS - CI08.4:  cuid=1000 cname=android.uid.system:1000 luid=1000 lname=android.uid.system:1000 lcuid=1000 userApproved=USER_UNSPECIFIED noInternetAccessExpected=false roamingFailureBlackListTimeMilli: 1000
01-01 00:06:59.372  3739  3739 W HMI2-SETTINGS - CI08.4: recentFailure: Association Rejection code: 1
01-01 00:06:59.372  3739  3739 W HMI2-SETTINGS - CI08.4: ShareThisAp: false
01-01 00:06:59.372  3739  3739 W HMI2-SETTINGS - CI08.4: className -> WifiActivity | functionName -> getConnectSummary : | value ->  Saved
01-01 00:06:59.382   635   635 E ANDR-PERF-TARGET: Error: Invalid logical cluster id 0
01-01 00:06:59.382   635   635 E ANDR-PERF-MPCTL: invalid request, no optimizations performed
01-01 00:06:59.398   635   635 E ANDR-PERF-TARGET: Error: Invalid logical cluster id 0
01-01 00:06:59.399   635   635 E ANDR-PERF-MPCTL: invalid request, no optimizations performed
01-01 00:06:59.415   635   635 E ANDR-PERF-TARGET: Error: Invalid logical cluster id 0
01-01 00:06:59.415   635   635 E ANDR-PERF-MPCTL: invalid request, no optimizations performed
01-01 00:06:59.432   635   635 E ANDR-PERF-TARGET: Error: Invalid logical cluster id 0
01-01 00:06:59.432   635   635 E ANDR-PERF-MPCTL: invalid request, no optimizations performed
01-01 00:06:59.449   635   635 E ANDR-PERF-TARGET: Error: Invalid logical cluster id 0
01-01 00:06:59.449   635   635 E ANDR-PERF-MPCTL: invalid request, no optimizations performed
01-01 00:06:59.452  3023  3023 E wpa_supplicant: Notifying state change event to hidl control: 6
01-01 00:06:59.452  3023  3023 I wpa_supplicant: wlan0: Associated with 8c:fe:74:fe:95:38
01-01 00:06:59.456  2145  2145 D HMI_SERVICE: USE_CASE_NA|FUN=HmiApplication| [action] android.net.wifi.supplicant.STATE_CHANGE
01-01 00:06:59.465   635   635 E ANDR-PERF-TARGET: Error: Invalid logical cluster id 0
01-01 00:06:59.465   635   635 E ANDR-PERF-MPCTL: invalid request, no optimizations performed
01-01 00:06:59.482   635   635 E ANDR-PERF-TARGET: Error: Invalid logical cluster id 0
01-01 00:06:59.482   635   635 E ANDR-PERF-MPCTL: invalid request, no optimizations performed
01-01 00:06:59.499   635   635 E ANDR-PERF-TARGET: Error: Invalid logical cluster id 0
01-01 00:06:59.499   635   635 E ANDR-PERF-MPCTL: invalid request, no optimizations performed
01-01 00:06:59.515   635   635 E ANDR-PERF-TARGET: Error: Invalid logical cluster id 0
01-01 00:06:59.516   635   635 E ANDR-PERF-MPCTL: invalid request, no optimizations performed
01-01 00:06:59.532   635   635 E ANDR-PERF-TARGET: Error: Invalid logical cluster id 0
01-01 00:06:59.532   635   635 E ANDR-PERF-MPCTL: invalid request, no optimizations performed
01-01 00:06:59.549   635   635 E ANDR-PERF-TARGET: Error: Invalid logical cluster id 0
01-01 00:06:59.549   635   635 E ANDR-PERF-MPCTL: invalid request, no optimizations performed
01-01 00:06:59.565   635   635 E ANDR-PERF-TARGET: Error: Invalid logical cluster id 0
01-01 00:06:59.566   635   635 E ANDR-PERF-MPCTL: invalid request, no optimizations performed
01-01 00:06:59.582   635   635 E ANDR-PERF-TARGET: Error: Invalid logical cluster id 0
01-01 00:06:59.582   635   635 E ANDR-PERF-MPCTL: invalid request, no optimizations performed
01-01 00:06:59.599   635   635 E ANDR-PERF-TARGET: Error: Invalid logical cluster id 0
01-01 00:06:59.599   635   635 E ANDR-PERF-MPCTL: invalid request, no optimizations performed
01-01 00:06:59.616   635   635 E ANDR-PERF-TARGET: Error: Invalid logical cluster id 0
01-01 00:06:59.616   635   635 E ANDR-PERF-MPCTL: invalid request, no optimizations performed
01-01 00:06:59.632   635   635 E ANDR-PERF-TARGET: Error: Invalid logical cluster id 0
01-01 00:06:59.632   635   635 E ANDR-PERF-MPCTL: invalid request, no optimizations performed
01-01 00:06:59.649   635   635 E ANDR-PERF-TARGET: Error: Invalid logical cluster id 0
01-01 00:06:59.649   635   635 E ANDR-PERF-MPCTL: invalid request, no optimizations performed
01-01 00:06:59.650  3023  3023 E wpa_supplicant: Notifying state change event to hidl control: 7
01-01 00:06:59.655  1392  1392 W SYSTEM_UI: SWR_SYSTEM_UI_008|FUN=CollapsedStatusBarFragment::AndroidEventReceiver | getAction |1|Broadcast action:android.net.wifi.STATE_CHANGE received
01-01 00:06:59.655  1392  1392 W SYSTEM_UI - CI07.3: className -> CollapsedStatusBarFragment | functionName -> AndroidEventReceiver | onReceive -->  | value -> Wifi connection status--> false
01-01 00:06:59.656  1392  1392 W SYSTEM_UI: SWR_SYSTEM_UI_008|FUN=CollapsedStatusBarFragment::isConnected |1|Wifi connection status--> false
01-01 00:06:59.656  1392  1392 W SYSTEM_UI - CI07.3: className -> CollapsedStatusBarFragment | functionName -> updateHermsDataType | value -> Update Herms Data Type :: networkType --> 0
01-01 00:06:59.656  1392  1392 W SYSTEM_UI - CI07.3: className -> CollapsedStatusBarFragment | functionName -> updateHermsDataType | value -> Update Herms Data Type :: isWebsiteSecure --> false
01-01 00:06:59.656  1392  1392 W SYSTEM_UI - CI07.3: className -> CollapsedStatusBarFragment | functionName -> updateHermsDataType | value -> Update Herms Data Type :: connection status --> 1
01-01 00:06:59.656  1392  1392 W SYSTEM_UI - CI07.3: className -> CollapsedStatusBarFragment | functionName -> updateHermsDataType | value -> Update Herms Data Type :: data Transfer --> false
01-01 00:06:59.656  1392  1392 W SYSTEM_UI - CI07.3: className -> CollapsedStatusBarFragment | functionName -> updateHermsDataType | value -> Update Herms Data Type :: wifiConnectionStatus --> false
01-01 00:06:59.656  1392  1392 W SYSTEM_UI - CI07.3: className -> CollapsedStatusBarFragment | functionName -> updateHermsDataType | value -> path 2
01-01 00:06:59.656  1392  1392 W SYSTEM_UI - CI07.3: className -> CollapsedStatusBarFragment | functionName -> updateHermsDataType | value -> path 3
01-01 00:06:59.659  2145  2145 D HMI_SERVICE: USE_CASE_NA|FUN=HmiApplication| [action] android.net.wifi.STATE_CHANGE
01-01 00:06:59.659  1508  1601 W QCNEJ   : |CORE| notifyWifiStatusChanged failed
01-01 00:06:59.659  1508  1601 W QCNEJ   : |CORE| notifyRatConnectionStatusChanged failed
01-01 00:06:59.662  3739  3739 E HMI2-SETTINGS - CI08.4: className -> WifiActivity | functionName -> mWifiScanReceiver -> onReceive | error ->intent_action:android.net.wifi.STATE_CHANGE
01-01 00:06:59.662  3739  3739 W HMI2-SETTINGS - CI08.4: className -> WifiActivity | functionName -> handleNetworkStateChanged | value -> detailedState->CONNECTING
01-01 00:06:59.662  1151  1422 I WifiService: getConfiguredNetworks uid=1000
01-01 00:06:59.663  1392  1392 W SYSTEM_UI: SWR_SYSTEM_UI_008|FUN=CollapsedStatusBarFragment::AndroidEventReceiver | getAction |1|Broadcast action:android.net.wifi.STATE_CHANGE received
01-01 00:06:59.663  1392  1392 W SYSTEM_UI - CI07.3: className -> CollapsedStatusBarFragment | functionName -> AndroidEventReceiver | onReceive -->  | value -> Wifi connection status--> false
01-01 00:06:59.663  1392  1392 W SYSTEM_UI: SWR_SYSTEM_UI_008|FUN=CollapsedStatusBarFragment::isConnected |1|Wifi connection status--> false
01-01 00:06:59.663  1392  1392 W SYSTEM_UI - CI07.3: className -> CollapsedStatusBarFragment | functionName -> updateHermsDataType | value -> Update Herms Data Type :: networkType --> 0
01-01 00:06:59.663  1392  1392 W SYSTEM_UI - CI07.3: className -> CollapsedStatusBarFragment | functionName -> updateHermsDataType | value -> Update Herms Data Type :: isWebsiteSecure --> false
01-01 00:06:59.663  1392  1392 W SYSTEM_UI - CI07.3: className -> CollapsedStatusBarFragment | functionName -> updateHermsDataType | value -> Update Herms Data Type :: connection status --> 1
01-01 00:06:59.663  1392  1392 W SYSTEM_UI - CI07.3: className -> CollapsedStatusBarFragment | functionName -> updateHermsDataType | value -> Update Herms Data Type :: data Transfer --> false
01-01 00:06:59.663  1392  1392 W SYSTEM_UI - CI07.3: className -> CollapsedStatusBarFragment | functionName -> updateHermsDataType | value -> Update Herms Data Type :: wifiConnectionStatus --> false
01-01 00:06:59.663  1392  1392 W SYSTEM_UI - CI07.3: className -> CollapsedStatusBarFragment | functionName -> updateHermsDataType | value -> path 2
01-01 00:06:59.664  1392  1392 W SYSTEM_UI - CI07.3: className -> CollapsedStatusBarFragment | functionName -> updateHermsDataType | value -> path 3
01-01 00:06:59.664  2145  2145 D HMI_SERVICE: USE_CASE_NA|FUN=HmiApplication| [action] android.net.wifi.STATE_CHANGE
01-01 00:06:59.664  1508  1601 W QCNEJ   : |CORE| notifyWifiStatusChanged failed
01-01 00:06:59.664  1508  1601 W QCNEJ   : |CORE| notifyRatConnectionStatusChanged failed
01-01 00:06:59.666  2145  2145 D HMI_SERVICE: USE_CASE_NA|FUN=HmiApplication| [action] android.net.wifi.supplicant.STATE_CHANGE
01-01 00:06:59.666  3739  3739 W HMI2-SETTINGS - CI08.4: className -> WifiActivity | functionName -> getConfig: success-> | value -> "RSE_Test"
01-01 00:06:59.666   635   635 E ANDR-PERF-TARGET: Error: Invalid logical cluster id 0
01-01 00:06:59.666   635   635 E ANDR-PERF-MPCTL: invalid request, no optimizations performed
01-01 00:06:59.666  3739  3739 W HMI2-SETTINGS - CI08.4: className -> WifiActivity | functionName -> getConnectSummary | value -> getConnectSummaryID: 12 SSID: "RSE_Test" PROVIDER-NAME: null BSSID: null FQDN: null PRIO: 0 HIDDEN: false
01-01 00:06:59.666  3739  3739 W HMI2-SETTINGS - CI08.4:  NetworkSelectionStatus NETWORK_SELECTION_ENABLED
01-01 00:06:59.666  3739  3739 W HMI2-SETTINGS - CI08.4:  hasEverConnected: false
01-01 00:06:59.666  3739  3739 W HMI2-SETTINGS - CI08.4:  KeyMgmt: WPA_PSK Protocols: WPA RSN
01-01 00:06:59.666  3739  3739 W HMI2-SETTINGS - CI08.4:  AuthAlgorithms: OPEN
01-01 00:06:59.666  3739  3739 W HMI2-SETTINGS - CI08.4:  PairwiseCiphers: TKIP CCMP
01-01 00:06:59.666  3739  3739 W HMI2-SETTINGS - CI08.4:  GroupCiphers: TKIP CCMP
01-01 00:06:59.666  3739  3739 W HMI2-SETTINGS - CI08.4:  PSK: *
01-01 00:06:59.666  3739  3739 W HMI2-SETTINGS - CI08.4: 
01-01 00:06:59.666  3739  3739 W HMI2-SETTINGS - CI08.4:  sim_num 
01-01 00:06:59.666  3739  3739 W HMI2-SETTINGS - CI08.4: Enterprise config:
01-01 00:06:59.666  3739  3739 W HMI2-SETTINGS - CI08.4: IP config:
01-01 00:06:59.666  3739  3739 W HMI2-SETTINGS - CI08.4: IP assignment: DHCP
01-01 00:06:59.666  3739  3739 W HMI2-SETTINGS - CI08.4: Proxy settings: NONE
01-01 00:06:59.666  3739  3739 W HMI2-SETTINGS - CI08.4:  cuid=1000 cname=android.uid.system:1000 luid=1000 lname=android.uid.system:1000 lcuid=1000 userApproved=USER_UNSPECIFIED noInternetAccessExpected=false roamingFailureBlackListTimeMilli: 1000
01-01 00:06:59.666  3739  3739 W HMI2-SETTINGS - CI08.4: recentFailure: Association Rejection code: 1
01-01 00:06:59.666  3739  3739 W HMI2-SETTINGS - CI08.4: ShareThisAp: false
01-01 00:06:59.666  3739  3739 W HMI2-SETTINGS - CI08.4: className -> WifiActivity | functionName -> getConnectSummary : | value ->  Saved
01-01 00:06:59.666  3739  3739 E HMI2-SETTINGS - CI08.4: className -> WifiActivity | functionName -> mWifiScanReceiver -> onReceive | error ->intent_action:android.net.wifi.STATE_CHANGE
01-01 00:06:59.667  3739  3739 W HMI2-SETTINGS - CI08.4: className -> WifiActivity | functionName -> handleNetworkStateChanged | value -> detailedState->AUTHENTICATING
01-01 00:06:59.667  1151  1422 I WifiService: getConfiguredNetworks uid=1000
01-01 00:06:59.668  3023  3023 E wpa_supplicant: Notifying state change event to hidl control: 8
01-01 00:06:59.669  3739  3739 W HMI2-SETTINGS - CI08.4: className -> WifiActivity | functionName -> getConfig: success-> | value -> "RSE_Test"
01-01 00:06:59.669  3739  3739 W HMI2-SETTINGS - CI08.4: className -> WifiActivity | functionName -> getConnectSummary | value -> getConnectSummaryID: 12 SSID: "RSE_Test" PROVIDER-NAME: null BSSID: null FQDN: null PRIO: 0 HIDDEN: false
01-01 00:06:59.669  3739  3739 W HMI2-SETTINGS - CI08.4:  NetworkSelectionStatus NETWORK_SELECTION_ENABLED
01-01 00:06:59.669  3739  3739 W HMI2-SETTINGS - CI08.4:  hasEverConnected: false
01-01 00:06:59.669  3739  3739 W HMI2-SETTINGS - CI08.4:  KeyMgmt: WPA_PSK Protocols: WPA RSN
01-01 00:06:59.669  3739  3739 W HMI2-SETTINGS - CI08.4:  AuthAlgorithms: OPEN
01-01 00:06:59.669  3739  3739 W HMI2-SETTINGS - CI08.4:  PairwiseCiphers: TKIP CCMP
01-01 00:06:59.669  3739  3739 W HMI2-SETTINGS - CI08.4:  GroupCiphers: TKIP CCMP
01-01 00:06:59.669  3739  3739 W HMI2-SETTINGS - CI08.4:  PSK: *
01-01 00:06:59.669  3739  3739 W HMI2-SETTINGS - CI08.4: 
01-01 00:06:59.669  3739  3739 W HMI2-SETTINGS - CI08.4:  sim_num 
01-01 00:06:59.669  3739  3739 W HMI2-SETTINGS - CI08.4: Enterprise config:
01-01 00:06:59.669  3739  3739 W HMI2-SETTINGS - CI08.4: IP config:
01-01 00:06:59.669  3739  3739 W HMI2-SETTINGS - CI08.4: IP assignment: DHCP
01-01 00:06:59.669  3739  3739 W HMI2-SETTINGS - CI08.4: Proxy settings: NONE
01-01 00:06:59.669  3739  3739 W HMI2-SETTINGS - CI08.4:  cuid=1000 cname=android.uid.system:1000 luid=1000 lname=android.uid.system:1000 lcuid=1000 userApproved=USER_UNSPECIFIED noInternetAccessExpected=false roamingFailureBlackListTimeMilli: 1000
01-01 00:06:59.669  3739  3739 W HMI2-SETTINGS - CI08.4: recentFailure: Association Rejection code: 1
01-01 00:06:59.669  3739  3739 W HMI2-SETTINGS - CI08.4: ShareThisAp: false
01-01 00:06:59.669  3739  3739 W HMI2-SETTINGS - CI08.4: className -> WifiActivity | functionName -> getConnectSummary : | value ->  Saved
01-01 00:06:59.670  3023  3023 I wpa_supplicant: wlan0: WPA: Key negotiation completed with 8c:fe:74:fe:95:38 [PTK=CCMP GTK=CCMP]
01-01 00:06:59.670  3023  3023 I wpa_supplicant: wlan0: CTRL-EVENT-CONNECTED - Connection to 8c:fe:74:fe:95:38 completed [id=0 id_str=%7B%22configKey%22%3A%22%5C%22RSE_Test%5C%22WPA_PSK%22%2C%22creatorUid%22%3A%221000%22%7D]
01-01 00:06:59.671  3023  3023 E wpa_supplicant: Notifying state change event to hidl control: 9
01-01 00:06:59.677   921  1439 I LOWI-8.5.0.3.c: [LOWI-Scan] get_intf_mode: WLAN interface type 2, err 0
01-01 00:06:59.678  1508  1601 W QCNEJ   : |CORE| notifyWifiStatusChanged failed
01-01 00:06:59.678  2145  2145 D HMI_SERVICE: USE_CASE_NA|FUN=HmiApplication| [action] android.net.wifi.supplicant.STATE_CHANGE
01-01 00:06:59.678  1508  1601 W QCNEJ   : |CORE| notifyRatConnectionStatusChanged failed
01-01 00:06:59.675  1151  1317 D WifiConfiguration: configKey: false
01-01 00:06:59.679  1151  1317 D WifiConfiguration: configKey: false
01-01 00:06:59.681  1392  1392 W SYSTEM_UI: SWR_SYSTEM_UI_008|FUN=CollapsedStatusBarFragment::AndroidEventReceiver | getAction |1|Broadcast action:android.net.wifi.STATE_CHANGE received
01-01 00:06:59.681  1392  1392 W SYSTEM_UI - CI07.3: className -> CollapsedStatusBarFragment | functionName -> AndroidEventReceiver | onReceive -->  | value -> Wifi connection status--> false
01-01 00:06:59.681  1392  1392 W SYSTEM_UI: SWR_SYSTEM_UI_008|FUN=CollapsedStatusBarFragment::isConnected |1|Wifi connection status--> false
01-01 00:06:59.681  1392  1392 W SYSTEM_UI - CI07.3: className -> CollapsedStatusBarFragment | functionName -> updateHermsDataType | value -> Update Herms Data Type :: networkType --> 0
01-01 00:06:59.681  1392  1392 W SYSTEM_UI - CI07.3: className -> CollapsedStatusBarFragment | functionName -> updateHermsDataType | value -> Update Herms Data Type :: isWebsiteSecure --> false
01-01 00:06:59.681  1392  1392 W SYSTEM_UI - CI07.3: className -> CollapsedStatusBarFragment | functionName -> updateHermsDataType | value -> Update Herms Data Type :: connection status --> 1
01-01 00:06:59.682  1392  1392 W SYSTEM_UI - CI07.3: className -> CollapsedStatusBarFragment | functionName -> updateHermsDataType | value -> Update Herms Data Type :: data Transfer --> false
01-01 00:06:59.682  1392  1392 W SYSTEM_UI - CI07.3: className -> CollapsedStatusBarFragment | functionName -> updateHermsDataType | value -> Update Herms Data Type :: wifiConnectionStatus --> false
01-01 00:06:59.682  1392  1392 W SYSTEM_UI - CI07.3: className -> CollapsedStatusBarFragment | functionName -> updateHermsDataType | value -> path 2
01-01 00:06:59.682  1392  1392 W SYSTEM_UI - CI07.3: className -> CollapsedStatusBarFragment | functionName -> updateHermsDataType | value -> path 3
01-01 00:06:59.682   635   635 E ANDR-PERF-TARGET: Error: Invalid logical cluster id 0
01-01 00:06:59.683   635   635 E ANDR-PERF-MPCTL: invalid request, no optimizations performed
01-01 00:06:59.684  2145  2145 D HMI_SERVICE: USE_CASE_NA|FUN=HmiApplication| [action] android.net.wifi.STATE_CHANGE
01-01 00:06:59.685  3739  3739 E HMI2-SETTINGS - CI08.4: className -> WifiActivity | functionName -> mWifiScanReceiver -> onReceive | error ->intent_action:android.net.wifi.STATE_CHANGE
01-01 00:06:59.686  3739  3739 W HMI2-SETTINGS - CI08.4: className -> WifiActivity | functionName -> handleNetworkStateChanged | value -> detailedState->AUTHENTICATING
01-01 00:06:59.686  1151  1422 I WifiService: getConfiguredNetworks uid=1000
01-01 00:06:59.687  1508  1601 W QCNEJ   : |CORE| notifyWifiStatusChanged failed
01-01 00:06:59.688  1508  1601 W QCNEJ   : |CORE| notifyRatConnectionStatusChanged failed
01-01 00:06:59.688  2145  2145 D HMI_SERVICE: USE_CASE_NA|FUN=HmiApplication| [action] android.net.wifi.STATE_CHANGE
01-01 00:06:59.689  1392  1392 W SYSTEM_UI: SWR_SYSTEM_UI_008|FUN=CollapsedStatusBarFragment::AndroidEventReceiver | getAction |1|Broadcast action:android.net.wifi.STATE_CHANGE received
01-01 00:06:59.689  1392  1392 W SYSTEM_UI - CI07.3: className -> CollapsedStatusBarFragment | functionName -> AndroidEventReceiver | onReceive -->  | value -> Wifi connection status--> false
01-01 00:06:59.689  1392  1392 W SYSTEM_UI: SWR_SYSTEM_UI_008|FUN=CollapsedStatusBarFragment::isConnected |1|Wifi connection status--> false
01-01 00:06:59.689  1392  1392 W SYSTEM_UI - CI07.3: className -> CollapsedStatusBarFragment | functionName -> updateHermsDataType | value -> Update Herms Data Type :: networkType --> 0
01-01 00:06:59.689  1392  1392 W SYSTEM_UI - CI07.3: className -> CollapsedStatusBarFragment | functionName -> updateHermsDataType | value -> Update Herms Data Type :: isWebsiteSecure --> false
01-01 00:06:59.689  1392  1392 W SYSTEM_UI - CI07.3: className -> CollapsedStatusBarFragment | functionName -> updateHermsDataType | value -> Update Herms Data Type :: connection status --> 1
01-01 00:06:59.689  1392  1392 W SYSTEM_UI - CI07.3: className -> CollapsedStatusBarFragment | functionName -> updateHermsDataType | value -> Update Herms Data Type :: data Transfer --> false
01-01 00:06:59.689  1392  1392 W SYSTEM_UI - CI07.3: className -> CollapsedStatusBarFragment | functionName -> updateHermsDataType | value -> Update Herms Data Type :: wifiConnectionStatus --> false
01-01 00:06:59.689  1392  1392 W SYSTEM_UI - CI07.3: className -> CollapsedStatusBarFragment | functionName -> updateHermsDataType | value -> path 2
01-01 00:06:59.689  1392  1392 W SYSTEM_UI - CI07.3: className -> CollapsedStatusBarFragment | functionName -> updateHermsDataType | value -> path 3
01-01 00:06:59.452   808   808 I wificond: Enters wifigbk_ageOutHistory
01-01 00:06:59.691  1151  1317 D ConnectivityService: registerNetworkAgent NetworkAgentInfo{ ni{[type: WIFI[], state: CONNECTING/CONNECTING, reason: (unspecified), extra: "RSE_Test", failover: false, available: true, roaming: false]}  network{125}  nethandle{536887347934}  lp{{LinkAddresses: []  Routes: [] DnsAddresses: [] Domains: null MTU: 0}}  nc{[ Transports: WIFI Capabilities: NOT_METERED&INTERNET&NOT_RESTRICTED&TRUSTED&NOT_VPN LinkUpBandwidth>=1048576Kbps LinkDnBandwidth>=1048576Kbps]}  Score{20}  everValidated{false}  lastValidated{false}  created{false} lingering{false} explicitlySelected{false} acceptUnvalidated{false} everCaptivePortalDetected{false} lastCaptivePortalDetected{false} clat{null} }
01-01 00:06:59.692  1151  1325 D ConnectivityService: NetworkAgentInfo [WIFI () - 125] EVENT_NETWORK_INFO_CHANGED, going from null to CONNECTING
01-01 00:06:59.698  1392  1392 W SYSTEM_UI: SWR_SYSTEM_UI_008|FUN=CollapsedStatusBarFragment::AndroidEventReceiver | getAction |1|Broadcast action:android.net.wifi.STATE_CHANGE received
01-01 00:06:59.698  1392  1392 W SYSTEM_UI - CI07.3: className -> CollapsedStatusBarFragment | functionName -> AndroidEventReceiver | onReceive -->  | value -> Wifi connection status--> false
01-01 00:06:59.698  1392  1392 W SYSTEM_UI: SWR_SYSTEM_UI_008|FUN=CollapsedStatusBarFragment::isConnected |1|Wifi connection status--> false
01-01 00:06:59.698  2145  2145 D HMI_SERVICE: USE_CASE_NA|FUN=HmiApplication| [action] android.net.wifi.STATE_CHANGE
01-01 00:06:59.698  1392  1392 W SYSTEM_UI - CI07.3: className -> CollapsedStatusBarFragment | functionName -> updateHermsDataType | value -> Update Herms Data Type :: networkType --> 0
01-01 00:06:59.698  1392  1392 W SYSTEM_UI - CI07.3: className -> CollapsedStatusBarFragment | functionName -> updateHermsDataType | value -> Update Herms Data Type :: isWebsiteSecure --> false
01-01 00:06:59.698  1392  1392 W SYSTEM_UI - CI07.3: className -> CollapsedStatusBarFragment | functionName -> updateHermsDataType | value -> Update Herms Data Type :: connection status --> 1
01-01 00:06:59.698  1392  1392 W SYSTEM_UI - CI07.3: className -> CollapsedStatusBarFragment | functionName -> updateHermsDataType | value -> Update Herms Data Type :: data Transfer --> false
01-01 00:06:59.698  1392  1392 W SYSTEM_UI - CI07.3: className -> CollapsedStatusBarFragment | functionName -> updateHermsDataType | value -> Update Herms Data Type :: wifiConnectionStatus --> false
01-01 00:06:59.698  1392  1392 W SYSTEM_UI - CI07.3: className -> CollapsedStatusBarFragment | functionName -> updateHermsDataType | value -> path 2
01-01 00:06:59.698  1392  1392 W SYSTEM_UI - CI07.3: className -> CollapsedStatusBarFragment | functionName -> updateHermsDataType | value -> path 3
01-01 00:06:59.699  1508  1601 W QCNEJ   : |CORE| notifyWifiStatusChanged failed
01-01 00:06:59.699  1508  1601 W QCNEJ   : |CORE| notifyRatConnectionStatusChanged failed
01-01 00:06:59.699   635   635 E ANDR-PERF-TARGET: Error: Invalid logical cluster id 0
01-01 00:06:59.699   635   635 E ANDR-PERF-MPCTL: invalid request, no optimizations performed
01-01 00:06:59.703  1151  1317 E SupplicantStaIfaceHal: ISupplicantStaIface.setBtCoexistenceMode failed: FAILURE_UNKNOWN, 
01-01 00:06:59.704   625   625 D WifiHAL : Getting APF capabilities, halHandle = 0x7f734319a0
01-01 00:06:59.704   625   625 I WifiHAL : 
01-01 00:06:59.704   625   625 I WifiHAL : createRequest: APF get capabilities request
01-01 00:06:59.704   625   625 I WifiHAL : Request Response failed for APF, result = -95
01-01 00:06:59.705  1151  1317 E WifiVendorHal: getApfCapabilities(l.1623) failed {.code = ERROR_UNKNOWN, .description = errno: -95 (Unknown error -95)}
01-01 00:06:59.712  1508  1601 W QCNEJ   : |CORE| notifyWifiStatusChanged failed
01-01 00:06:59.712  2145  2145 D HMI_SERVICE: USE_CASE_NA|FUN=HmiApplication| [action] android.net.wifi.RSSI_CHANGED
01-01 00:06:59.713  1151  1317 E WifiVendorHal: configureNeighborDiscoveryOffload(l.2366) failed {.code = ERROR_UNKNOWN, .description = errno: -95 (Unknown error -95)}
01-01 00:06:59.713  3739  3739 W HMI2-SETTINGS - CI08.4: className -> WifiActivity | functionName -> getConfig: success-> | value -> "RSE_Test"
01-01 00:06:59.714  3739  3739 W HMI2-SETTINGS - CI08.4: className -> WifiActivity | functionName -> getConnectSummary | value -> getConnectSummaryID: 12 SSID: "RSE_Test" PROVIDER-NAME: null BSSID: null FQDN: null PRIO: 0 HIDDEN: false
01-01 00:06:59.714  3739  3739 W HMI2-SETTINGS - CI08.4:  NetworkSelectionStatus NETWORK_SELECTION_ENABLED
01-01 00:06:59.714  3739  3739 W HMI2-SETTINGS - CI08.4:  hasEverConnected: false
01-01 00:06:59.714  3739  3739 W HMI2-SETTINGS - CI08.4:  KeyMgmt: WPA_PSK Protocols: WPA RSN
01-01 00:06:59.714  3739  3739 W HMI2-SETTINGS - CI08.4:  AuthAlgorithms: OPEN
01-01 00:06:59.714  3739  3739 W HMI2-SETTINGS - CI08.4:  PairwiseCiphers: TKIP CCMP
01-01 00:06:59.714  3739  3739 W HMI2-SETTINGS - CI08.4:  GroupCiphers: TKIP CCMP
01-01 00:06:59.714  3739  3739 W HMI2-SETTINGS - CI08.4:  PSK: *
01-01 00:06:59.714  3739  3739 W HMI2-SETTINGS - CI08.4: 
01-01 00:06:59.714  3739  3739 W HMI2-SETTINGS - CI08.4:  sim_num 
01-01 00:06:59.714  3739  3739 W HMI2-SETTINGS - CI08.4: Enterprise config:
01-01 00:06:59.714  3739  3739 W HMI2-SETTINGS - CI08.4: IP config:
01-01 00:06:59.714  3739  3739 W HMI2-SETTINGS - CI08.4: IP assignment: DHCP
01-01 00:06:59.714  3739  3739 W HMI2-SETTINGS - CI08.4: Proxy settings: NONE
01-01 00:06:59.714  3739  3739 W HMI2-SETTINGS - CI08.4:  cuid=1000 cname=android.uid.system:1000 luid=1000 lname=android.uid.system:1000 lcuid=1000 userApproved=USER_UNSPECIFIED noInternetAccessExpected=false roamingFailureBlackListTimeMilli: 1000
01-01 00:06:59.714  3739  3739 W HMI2-SETTINGS - CI08.4: recentFailure: Association Rejection code: 0
01-01 00:06:59.714  3739  3739 W HMI2-SETTINGS - CI08.4: ShareThisAp: false
01-01 00:06:59.714  3739  3739 W HMI2-SETTINGS - CI08.4: className -> WifiActivity | functionName -> getConnectSummary : | value ->  Saved
01-01 00:06:59.714  3739  3739 E HMI2-SETTINGS - CI08.4: className -> WifiActivity | functionName -> mWifiScanReceiver -> onReceive | error ->intent_action:android.net.wifi.STATE_CHANGE
01-01 00:06:59.714  3739  3739 W HMI2-SETTINGS - CI08.4: className -> WifiActivity | functionName -> handleNetworkStateChanged | value -> detailedState->CONNECTING
01-01 00:06:59.715  1151  1539 I WifiService: getConfiguredNetworks uid=1000
01-01 00:06:59.721  2145  2145 D HMI_SERVICE: USE_CASE_NA|FUN=HmiApplication| [action] android.net.wifi.supplicant.STATE_CHANGE
01-01 00:06:59.721  3739  3739 W HMI2-SETTINGS - CI08.4: className -> WifiActivity | functionName -> getConfig: success-> | value -> "RSE_Test"
01-01 00:06:59.722  3739  3739 W HMI2-SETTINGS - CI08.4: className -> WifiActivity | functionName -> getConnectSummary | value -> getConnectSummaryID: 12 SSID: "RSE_Test" PROVIDER-NAME: null BSSID: null FQDN: null PRIO: 0 HIDDEN: false
01-01 00:06:59.722  3739  3739 W HMI2-SETTINGS - CI08.4:  NetworkSelectionStatus NETWORK_SELECTION_ENABLED
01-01 00:06:59.722  3739  3739 W HMI2-SETTINGS - CI08.4:  hasEverConnected: false
01-01 00:06:59.722  3739  3739 W HMI2-SETTINGS - CI08.4:  KeyMgmt: WPA_PSK Protocols: WPA RSN
01-01 00:06:59.722  3739  3739 W HMI2-SETTINGS - CI08.4:  AuthAlgorithms: OPEN
01-01 00:06:59.722  3739  3739 W HMI2-SETTINGS - CI08.4:  PairwiseCiphers: TKIP CCMP
01-01 00:06:59.722  3739  3739 W HMI2-SETTINGS - CI08.4:  GroupCiphers: TKIP CCMP
01-01 00:06:59.722  3739  3739 W HMI2-SETTINGS - CI08.4:  PSK: *
01-01 00:06:59.722  3739  3739 W HMI2-SETTINGS - CI08.4: 
01-01 00:06:59.722  3739  3739 W HMI2-SETTINGS - CI08.4:  sim_num 
01-01 00:06:59.722  3739  3739 W HMI2-SETTINGS - CI08.4: Enterprise config:
01-01 00:06:59.722  3739  3739 W HMI2-SETTINGS - CI08.4: IP config:
01-01 00:06:59.722  3739  3739 W HMI2-SETTINGS - CI08.4: IP assignment: DHCP
01-01 00:06:59.722  3739  3739 W HMI2-SETTINGS - CI08.4: Proxy settings: NONE
01-01 00:06:59.722  3739  3739 W HMI2-SETTINGS - CI08.4:  cuid=1000 cname=android.uid.system:1000 luid=1000 lname=android.uid.system:1000 lcuid=1000 userApproved=USER_UNSPECIFIED noInternetAccessExpected=false roamingFailureBlackListTimeMilli: 1000
01-01 00:06:59.722  3739  3739 W HMI2-SETTINGS - CI08.4: recentFailure: Association Rejection code: 0
01-01 00:06:59.722  3739  3739 W HMI2-SETTINGS - CI08.4: ShareThisAp: false
01-01 00:06:59.722  3739  3739 W HMI2-SETTINGS - CI08.4: className -> WifiActivity | functionName -> getConnectSummary : | value ->  Saved
01-01 00:06:59.725  3739  3739 E HMI2-SETTINGS - CI08.4: className -> WifiActivity | functionName -> mWifiScanReceiver -> onReceive | error ->intent_action:android.net.wifi.STATE_CHANGE
01-01 00:06:59.725  3739  3739 W HMI2-SETTINGS - CI08.4: className -> WifiActivity | functionName -> handleNetworkStateChanged | value -> detailedState->OBTAINING_IPADDR
01-01 00:06:59.725  1151  1539 I WifiService: getConfiguredNetworks uid=1000
01-01 00:06:59.728  3739  3739 W HMI2-SETTINGS - CI08.4: className -> WifiActivity | functionName -> getConfig: success-> | value -> "RSE_Test"
01-01 00:06:59.728  3739  3739 W HMI2-SETTINGS - CI08.4: className -> WifiActivity | functionName -> getConnectSummary | value -> getConnectSummaryID: 12 SSID: "RSE_Test" PROVIDER-NAME: null BSSID: null FQDN: null PRIO: 0 HIDDEN: false
01-01 00:06:59.728  3739  3739 W HMI2-SETTINGS - CI08.4:  NetworkSelectionStatus NETWORK_SELECTION_ENABLED
01-01 00:06:59.728  3739  3739 W HMI2-SETTINGS - CI08.4:  hasEverConnected: false
01-01 00:06:59.728  3739  3739 W HMI2-SETTINGS - CI08.4:  KeyMgmt: WPA_PSK Protocols: WPA RSN
01-01 00:06:59.728  3739  3739 W HMI2-SETTINGS - CI08.4:  AuthAlgorithms: OPEN
01-01 00:06:59.728  3739  3739 W HMI2-SETTINGS - CI08.4:  PairwiseCiphers: TKIP CCMP
01-01 00:06:59.728  3739  3739 W HMI2-SETTINGS - CI08.4:  GroupCiphers: TKIP CCMP
01-01 00:06:59.728  3739  3739 W HMI2-SETTINGS - CI08.4:  PSK: *
01-01 00:06:59.728  3739  3739 W HMI2-SETTINGS - CI08.4: 
01-01 00:06:59.728  3739  3739 W HMI2-SETTINGS - CI08.4:  sim_num 
01-01 00:06:59.728  3739  3739 W HMI2-SETTINGS - CI08.4: Enterprise config:
01-01 00:06:59.728  3739  3739 W HMI2-SETTINGS - CI08.4: IP config:
01-01 00:06:59.728  3739  3739 W HMI2-SETTINGS - CI08.4: IP assignment: DHCP
01-01 00:06:59.728  3739  3739 W HMI2-SETTINGS - CI08.4: Proxy settings: NONE
01-01 00:06:59.728  3739  3739 W HMI2-SETTINGS - CI08.4:  cuid=1000 cname=android.uid.system:1000 luid=1000 lname=android.uid.system:1000 lcuid=1000 userApproved=USER_UNSPECIFIED noInternetAccessExpected=false roamingFailureBlackListTimeMilli: 1000
01-01 00:06:59.728  3739  3739 W HMI2-SETTINGS - CI08.4: recentFailure: Association Rejection code: 0
01-01 00:06:59.728  3739  3739 W HMI2-SETTINGS - CI08.4: ShareThisAp: false
01-01 00:06:59.728  3739  3739 W HMI2-SETTINGS - CI08.4: className -> WifiActivity | functionName -> getConnectSummary : | value ->  Saved
01-01 00:06:59.733   635   635 E ANDR-PERF-TARGET: Error: Invalid logical cluster id 0
01-01 00:06:59.733   635   635 E ANDR-PERF-MPCTL: invalid request, no optimizations performed
01-01 00:06:59.750   635   635 E ANDR-PERF-TARGET: Error: Invalid logical cluster id 0
01-01 00:06:59.750   635   635 E ANDR-PERF-MPCTL: invalid request, no optimizations performed
01-01 00:06:59.766   635   635 E ANDR-PERF-TARGET: Error: Invalid logical cluster id 0
01-01 00:06:59.766   635   635 E ANDR-PERF-MPCTL: invalid request, no optimizations performed
01-01 00:06:59.775  1151  4961 D DhcpClient: Receive thread started
01-01 00:06:59.783   635   635 E ANDR-PERF-TARGET: Error: Invalid logical cluster id 0
01-01 00:06:59.783   635   635 E ANDR-PERF-MPCTL: invalid request, no optimizations performed
01-01 00:06:59.799   635   635 E ANDR-PERF-TARGET: Error: Invalid logical cluster id 0
01-01 00:06:59.800   635   635 E ANDR-PERF-MPCTL: invalid request, no optimizations performed
01-01 00:06:59.816   635   635 E ANDR-PERF-TARGET: Error: Invalid logical cluster id 0
01-01 00:06:59.816   635   635 E ANDR-PERF-MPCTL: invalid request, no optimizations performed
01-01 00:06:59.833   635   635 E ANDR-PERF-TARGET: Error: Invalid logical cluster id 0
01-01 00:06:59.833   635   635 E ANDR-PERF-MPCTL: invalid request, no optimizations performed
01-01 00:06:59.844   729   748 I sssv-lib: sendMsg enter
01-01 00:06:59.844   729   748 I sssv-lib: sendMsg complete.
01-01 00:06:59.850   635   635 E ANDR-PERF-TARGET: Error: Invalid logical cluster id 0
01-01 00:06:59.850   635   635 E ANDR-PERF-MPCTL: invalid request, no optimizations performed
01-01 00:06:59.851  1151  1317 E SupplicantStaIfaceHal: ISupplicantStaIface.setBtCoexistenceMode failed: FAILURE_UNKNOWN, 
01-01 00:06:59.861  1151  4959 D DhcpClient: Broadcasting DHCPDISCOVER
01-01 00:06:59.866   635   635 E ANDR-PERF-TARGET: Error: Invalid logical cluster id 0
01-01 00:06:59.866   635   635 E ANDR-PERF-MPCTL: invalid request, no optimizations performed
01-01 00:06:59.871  1151  4961 D DhcpClient: Received packet: 00:9d:6b:17:da:19 OFFER, ip /192.168.0.61, mask /255.255.255.0, DNS servers: /8.8.8.8 , gateways [/192.168.0.1] lease time 691200, domain null
01-01 00:06:59.871  1151  4959 D DhcpClient: server address: 192.168.0.1 client address: 192.168.0.61/24 iface: wlan0 rapid commit: false
01-01 00:06:59.871  1151  4959 D DhcpClient: Got pending lease: IP address 192.168.0.61/24 Gateway 192.168.0.1  DNS servers: [ 8.8.8.8 ] Domains  DHCP server /192.168.0.1 Vendor info null lease 691200 seconds
01-01 00:06:59.872  1151  4959 D DhcpClient: Broadcasting DHCPREQUEST ciaddr=0.0.0.0 request=192.168.0.61 serverid=192.168.0.1
01-01 00:06:59.881  1151  4961 D DhcpClient: Received packet: 00:9d:6b:17:da:19 ACK: your new IP /192.168.0.61, netmask /255.255.255.0, gateways [/192.168.0.1] DNS servers: /8.8.8.8 , lease time 691200
01-01 00:06:59.881  1151  4959 D DhcpClient: Confirmed lease: IP address 192.168.0.61/24 Gateway 192.168.0.1  DNS servers: [ 8.8.8.8 ] Domains  DHCP server /192.168.0.1 Vendor info null lease 691200 seconds
01-01 00:06:59.883   635   635 E ANDR-PERF-TARGET: Error: Invalid logical cluster id 0
01-01 00:06:59.883   635   635 E ANDR-PERF-MPCTL: invalid request, no optimizations performed
01-01 00:06:59.887  1151  1317 E SupplicantStaIfaceHal: ISupplicantStaIface.setBtCoexistenceMode failed: FAILURE_UNKNOWN, 
01-01 00:06:59.890  1508  1601 W QCNEJ   : |CORE| notifyWifiStatusChanged failed
01-01 00:06:59.890  1508  1601 W QCNEJ   : |CORE| notifyRatConnectionStatusChanged failed
01-01 00:06:59.890  1392  1392 W SYSTEM_UI: SWR_SYSTEM_UI_008|FUN=CollapsedStatusBarFragment::AndroidEventReceiver | getAction |1|Broadcast action:android.net.wifi.STATE_CHANGE received
01-01 00:06:59.891  1392  1392 W SYSTEM_UI - CI07.3: className -> CollapsedStatusBarFragment | functionName -> AndroidEventReceiver | onReceive -->  | value -> Wifi connection status--> false
01-01 00:06:59.891  1392  1392 W SYSTEM_UI: SWR_SYSTEM_UI_008|FUN=CollapsedStatusBarFragment::isConnected |1|Wifi connection status--> false
01-01 00:06:59.891  1392  1392 W SYSTEM_UI - CI07.3: className -> CollapsedStatusBarFragment | functionName -> updateHermsDataType | value -> Update Herms Data Type :: networkType --> 0
01-01 00:06:59.891  1392  1392 W SYSTEM_UI - CI07.3: className -> CollapsedStatusBarFragment | functionName -> updateHermsDataType | value -> Update Herms Data Type :: isWebsiteSecure --> false
01-01 00:06:59.891  3739  3739 E HMI2-SETTINGS - CI08.4: className -> WifiActivity | functionName -> mWifiScanReceiver -> onReceive | error ->intent_action:android.net.wifi.STATE_CHANGE
01-01 00:06:59.891  1392  1392 W SYSTEM_UI - CI07.3: className -> CollapsedStatusBarFragment | functionName -> updateHermsDataType | value -> Update Herms Data Type :: connection status --> 1
01-01 00:06:59.891  1392  1392 W SYSTEM_UI - CI07.3: className -> CollapsedStatusBarFragment | functionName -> updateHermsDataType | value -> Update Herms Data Type :: data Transfer --> false
01-01 00:06:59.891  1392  1392 W SYSTEM_UI - CI07.3: className -> CollapsedStatusBarFragment | functionName -> updateHermsDataType | value -> Update Herms Data Type :: wifiConnectionStatus --> false
01-01 00:06:59.891  1392  1392 W SYSTEM_UI - CI07.3: className -> CollapsedStatusBarFragment | functionName -> updateHermsDataType | value -> path 2
01-01 00:06:59.891  1392  1392 W SYSTEM_UI - CI07.3: className -> CollapsedStatusBarFragment | functionName -> updateHermsDataType | value -> path 3
01-01 00:06:59.891  3739  3739 W HMI2-SETTINGS - CI08.4: className -> WifiActivity | functionName -> handleNetworkStateChanged | value -> detailedState->OBTAINING_IPADDR
01-01 00:06:59.891  2145  2145 D HMI_SERVICE: USE_CASE_NA|FUN=HmiApplication| [action] android.net.wifi.STATE_CHANGE
01-01 00:06:59.891  1151  1539 I WifiService: getConfiguredNetworks uid=1000
01-01 00:06:59.894  3739  3739 W HMI2-SETTINGS - CI08.4: className -> WifiActivity | functionName -> getConfig: success-> | value -> "RSE_Test"
01-01 00:06:59.894  3739  3739 W HMI2-SETTINGS - CI08.4: className -> WifiActivity | functionName -> getConnectSummary | value -> getConnectSummaryID: 12 SSID: "RSE_Test" PROVIDER-NAME: null BSSID: null FQDN: null PRIO: 0 HIDDEN: false
01-01 00:06:59.894  3739  3739 W HMI2-SETTINGS - CI08.4:  NetworkSelectionStatus NETWORK_SELECTION_ENABLED
01-01 00:06:59.894  3739  3739 W HMI2-SETTINGS - CI08.4:  hasEverConnected: false
01-01 00:06:59.894  3739  3739 W HMI2-SETTINGS - CI08.4:  KeyMgmt: WPA_PSK Protocols: WPA RSN
01-01 00:06:59.894  3739  3739 W HMI2-SETTINGS - CI08.4:  AuthAlgorithms: OPEN
01-01 00:06:59.894  3739  3739 W HMI2-SETTINGS - CI08.4:  PairwiseCiphers: TKIP CCMP
01-01 00:06:59.894  3739  3739 W HMI2-SETTINGS - CI08.4:  GroupCiphers: TKIP CCMP
01-01 00:06:59.894  3739  3739 W HMI2-SETTINGS - CI08.4:  PSK: *
01-01 00:06:59.894  3739  3739 W HMI2-SETTINGS - CI08.4: 
01-01 00:06:59.894  3739  3739 W HMI2-SETTINGS - CI08.4:  sim_num 
01-01 00:06:59.894  3739  3739 W HMI2-SETTINGS - CI08.4: Enterprise config:
01-01 00:06:59.894  3739  3739 W HMI2-SETTINGS - CI08.4: IP config:
01-01 00:06:59.894  3739  3739 W HMI2-SETTINGS - CI08.4: IP assignment: DHCP
01-01 00:06:59.894  3739  3739 W HMI2-SETTINGS - CI08.4: Proxy settings: NONE
01-01 00:06:59.894  3739  3739 W HMI2-SETTINGS - CI08.4:  cuid=1000 cname=android.uid.system:1000 luid=1000 lname=android.uid.system:1000 lcuid=1000 userApproved=USER_UNSPECIFIED noInternetAccessExpected=false roamingFailureBlackListTimeMilli: 1000
01-01 00:06:59.894  3739  3739 W HMI2-SETTINGS - CI08.4: recentFailure: Association Rejection code: 0
01-01 00:06:59.894  3739  3739 W HMI2-SETTINGS - CI08.4: ShareThisAp: false
01-01 00:06:59.894  3739  3739 W HMI2-SETTINGS - CI08.4: className -> WifiActivity | functionName -> getConnectSummary : | value ->  Saved
01-01 00:06:59.896   561   604 D CommandListener: Setting iface cfg
01-01 00:06:59.900   635   635 E ANDR-PERF-TARGET: Error: Invalid logical cluster id 0
01-01 00:06:59.900   635   635 E ANDR-PERF-MPCTL: invalid request, no optimizations performed
01-01 00:06:59.901  1151  4959 D DhcpClient: Scheduling renewal in 345599s
01-01 00:06:59.901  1151  4959 D DhcpClient: Scheduling rebind in 604799s
01-01 00:06:59.901  1151  4959 D DhcpClient: Scheduling expiry in 691199s
01-01 00:06:59.901  1151  1317 D WifiConfiguration: configKey: false
01-01 00:06:59.901  1151  1317 D WifiStateMachine: WifiStateMachine: handleSuccessfulIpConfiguration and no scan results"RSE_Test"WPA_PSK
01-01 00:06:59.902  1151  1325 D ConnectivityService: NetworkAgentInfo [WIFI () - 125] EVENT_NETWORK_INFO_CHANGED, going from CONNECTING to CONNECTED
01-01 00:06:59.903  1151  1325 D ConnectivityService: Adding iface wlan0 to network 125
01-01 00:06:59.906  1508  1601 W QCNEJ   : |CORE| notifyWifiStatusChanged failed
01-01 00:06:59.906  2145  2145 D HMI_SERVICE: USE_CASE_NA|FUN=HmiApplication| [action] android.net.wifi.RSSI_CHANGED
01-01 00:06:59.911  3739  3739 E HMI2-SETTINGS - CI08.4: className -> WifiActivity | functionName -> mWifiScanReceiver -> onReceive | error ->intent_action:android.net.wifi.STATE_CHANGE
01-01 00:06:59.911  1392  1392 W SYSTEM_UI: SWR_SYSTEM_UI_008|FUN=CollapsedStatusBarFragment::AndroidEventReceiver | getAction |1|Broadcast action:android.net.wifi.STATE_CHANGE received
01-01 00:06:59.911  1392  1392 W SYSTEM_UI - CI07.3: className -> CollapsedStatusBarFragment | functionName -> AndroidEventReceiver | onReceive -->  | value -> Wifi connection status--> true
01-01 00:06:59.911  1392  1392 W SYSTEM_UI: SWR_SYSTEM_UI_008|FUN=CollapsedStatusBarFragment::isConnected |1|Wifi connection status--> true
01-01 00:06:59.911  1392  1392 W SYSTEM_UI - CI07.3: className -> CollapsedStatusBarFragment | functionName -> updateHermsDataType | value -> Update Herms Data Type :: networkType --> 0
01-01 00:06:59.911  1392  1392 W SYSTEM_UI - CI07.3: className -> CollapsedStatusBarFragment | functionName -> updateHermsDataType | value -> Update Herms Data Type :: isWebsiteSecure --> false
01-01 00:06:59.911  1392  1392 W SYSTEM_UI - CI07.3: className -> CollapsedStatusBarFragment | functionName -> updateHermsDataType | value -> Update Herms Data Type :: connection status --> 1
01-01 00:06:59.911  1392  1392 W SYSTEM_UI - CI07.3: className -> CollapsedStatusBarFragment | functionName -> updateHermsDataType | value -> Update Herms Data Type :: data Transfer --> false
01-01 00:06:59.911  1392  1392 W SYSTEM_UI - CI07.3: className -> CollapsedStatusBarFragment | functionName -> updateHermsDataType | value -> Update Herms Data Type :: wifiConnectionStatus --> true
01-01 00:06:59.911  1392  1392 W SYSTEM_UI - CI07.3: className -> CollapsedStatusBarFragment | functionName -> updateHermsDataType | value -> path 1
01-01 00:06:59.912  1151  1168 I WifiService: getWifiEnabledState uid=1000
01-01 00:06:59.912  1508  1601 W QCNEJ   : |CORE| notifyWifiStatusChanged failed
01-01 00:06:59.912  1508  1601 W QCNEJ   : |CORE| notifyRatConnectionStatusChanged failed
01-01 00:06:59.914  3739  3739 W HMI2-SETTINGS: SWR_BAIDU_HMI_0020|FUN=WifiActivity::handleConnectedNetworkVisibility|0|getWifiStat::true
01-01 00:06:59.915  2145  2145 D HMI_SERVICE: USE_CASE_NA|FUN=HmiApplication| [action] android.net.wifi.STATE_CHANGE
01-01 00:06:59.917   635   635 E ANDR-PERF-TARGET: Error: Invalid logical cluster id 0
01-01 00:06:59.917   635   635 E ANDR-PERF-MPCTL: invalid request, no optimizations performed
01-01 00:06:59.916  2145  2145 D HmiApplication: DetailedState:Connected
01-01 00:06:59.917  2145  2145 D HMI_SERVICE: USE_CASE_NA|FUN=HmiApplication| hasInternetConnection init 
01-01 00:06:59.918  1392  1392 D PhoneStatusBarView: status_line: onPanelCollapsed
01-01 00:06:59.918  1151  1168 I WifiService: getConfiguredNetworks uid=1000
01-01 00:06:59.922  1151  1325 D ConnectivityService: Setting DNS servers for network 125 to [/8.8.8.8]
01-01 00:06:59.924  2145  2145 E Internet Available: hasInternetConnection_
01-01 00:06:59.924  2145  2145 E Internet Available: Internet Available2
01-01 00:06:59.924  2145  2145 W HMI_SERVICE: USE_CASE_NA|FUN=HmiApplication:: executeLinuxCmdConnectionB2C : |0| [command] 3
01-01 00:06:59.924  2145  2145 D HMI_SERVICE: USE_CASE_NA|FUN=HmiApplication::runCommandToShell invoked |1|command=setdns 1010 192.168.220.145
01-01 00:06:59.925  2677  2720 W ANDR_PERSISTENCY_CLIENT: SWR_PERSISTENCE_HV_LA_MF_0003|FUN=VCPUPersistenceService::executeLinuxBackgroundCommand |0|msg: [param] [3] [commandParam] 3
01-01 00:06:59.925  2677  2720 W ANDR_PERSISTENCY_CLIENT: SWR_PERSISTENCE_HV_LA_MF_0005|FUN=TCPHandler:: getInstance |2|msg: invoked 
01-01 00:06:59.925  2677  2720 W ANDR_PERSISTENCY_CLIENT: SWR_PERSISTENCE_HV_LA_MF_0005|FUN=TCPHandler:: sendWriteRequestToPersistenceLinuxInt |2|data= [3]key= 0 commandKey= 10
01-01 00:06:59.925  2677  2720 W ANDR_PERSISTENCY_CLIENT: SWR_PERSISTENCE_HV_LA_MF_0005|FUN=TCPHandler:: getUID |2|msg: invoked 
01-01 00:06:59.925  2677  2720 W ANDR_PERSISTENCY_CLIENT: SWR_PERSISTENCE_HV_LA_MF_0005|FUN=TCPHandler:: setAction |2|msg:setAction=1
01-01 00:06:59.925  2677  2720 W ANDR_PERSISTENCY_CLIENT: SWR_PERSISTENCE_HV_LA_MF_0005|FUN=TCPHandler:: setUID |2|msg:uid=33
01-01 00:06:59.925  2677  2720 W ANDR_PERSISTENCY_CLIENT: SWR_PERSISTENCE_HV_LA_MF_0005|FUN=TCPHandler:: setKey |2|msg:uid=33
01-01 00:06:59.925  2677  2720 W ANDR_PERSISTENCY_CLIENT: SWR_PERSISTENCE_HV_LA_MF_0005|FUN=TCPHandler::setCommandKey|2|msg:commandKey=10
01-01 00:06:59.925  2677  2720 W ANDR_PERSISTENCY_CLIENT: SWR_PERSISTENCE_HV_LA_MF_0005|FUN=TCPHandler:: registerCallBack |2|invoked 
01-01 00:06:59.925  2677  2720 W ANDR_PERSISTENCY_CLIENT: SWR_PERSISTENCE_HV_LA_MF_0005|FUN=TCPHandler::start|2|msg: byteArrayToInt : b [3]
01-01 00:06:59.925  2677  2720 W ANDR_PERSISTENCY_CLIENT: SWR_PERSISTENCE_HV_LA_MF_0005|FUN=TCPHandler::sendWriteRequestToPersistenceLinuxInt|2|listKey=33_10;keyString=0x00;key=0;command=3
01-01 00:06:59.926  2677  2725 W ANDR_PERSISTENCY_CLIENT: SWR_PERSISTENCE_HV_LA_MF_0005|FUN=TCPHandler:: getAction |2|msg:getAction=1
01-01 00:06:59.926  2677  2725 W ANDR_PERSISTENCY_CLIENT: SWR_PERSISTENCE_HV_LA_MF_0005|FUN=TCPHandler:: sender:ACTION_REQUEST |2|msg:condition 
01-01 00:06:59.926  2677  2725 W ANDR_PERSISTENCY_CLIENT: SWR_PERSISTENCE_HV_LA_MF_0005|FUN=TCPHandler:: getWrappedData |2|msg: msg com.panasonic.dairse.vcpupersistence.TCPHandler$Message@a319dda
01-01 00:06:59.926  2677  2725 W ANDR_PERSISTENCY_CLIENT: SWR_PERSISTENCE_HV_LA_MF_0005|FUN=TCPHandler::getCommandKey|2|msg:commandKey=10
01-01 00:06:59.926  2677  2725 W ANDR_PERSISTENCY_CLIENT: SWR_PERSISTENCE_HV_LA_MF_0005|FUN=TCPHandler:: intToBytes |2| data 1
01-01 00:06:59.926  2677  2725 W ANDR_PERSISTENCY_CLIENT: SWR_PERSISTENCE_HV_LA_MF_0005|FUN=TCPHandler:: intToBytes |2| data 13
01-01 00:06:59.926  2677  2725 W ANDR_PERSISTENCY_CLIENT: SWR_PERSISTENCE_HV_LA_MF_0005|FUN=TCPHandler:: getUID |2|msg:uid=33
01-01 00:06:59.926  2145  2145 D HMI_SERVICE: USE_CASE_NA|FUN=HmiApplication::runCommandToShell|1| executeCommand has been initiated to run linux command 
01-01 00:06:59.926  2677  2725 W ANDR_PERSISTENCY_CLIENT: SWR_PERSISTENCE_HV_LA_MF_0005|FUN=TCPHandler::start|2|msg:sender::msg=[0, 0, 0, 13, 1, 33, 10, 4, 48, 120, 48, 48, 0, 0, 0, 1, 3]
01-01 00:06:59.926  2677  2725 W ANDR_PERSISTENCY_CLIENT: SWR_PERSISTENCE_HV_LA_MF_0005|FUN=TCPHandler:: sender : Thread.interrupted() |2|msg:condition 
01-01 00:06:59.926  2052  4490 E         : Calling MSG: PID=2145, UID=1000
01-01 00:06:59.926  2052  4490 E         : ExecutecommandbuildTypePropuserdebug...
01-01 00:06:59.926  2052  4490 E         : ExecutecommandForIRunCommandsetdns 1010 192.168.220.145...
01-01 00:06:59.926  1151  1317 D WifiConfiguration: configKey: false
01-01 00:06:59.928  1151  1325 I Nat464Xlat: Android Xlat is disabled
01-01 00:06:59.933   635   635 E ANDR-PERF-TARGET: Error: Invalid logical cluster id 0
01-01 00:06:59.933   635   635 E ANDR-PERF-MPCTL: invalid request, no optimizations performed
01-01 00:06:59.935  2677  2726 W ANDR_PERSISTENCY_CLIENT: SWR_PERSISTENCE_HV_LA_MF_0005|FUN=TCPHandler::start|2|msg:receiver::run: size of totalLength 4
01-01 00:06:59.935  2677  2726 W ANDR_PERSISTENCY_CLIENT: SWR_PERSISTENCE_HV_LA_MF_0005|FUN=TCPHandler::start|2|msg:receiver::run: totalLength is > 0
01-01 00:06:59.935  2677  2726 W ANDR_PERSISTENCY_CLIENT: SWR_PERSISTENCE_HV_LA_MF_0005|FUN=TCPHandler::start|2|msg:receiver::response length= 12
01-01 00:06:59.935  2677  2726 W ANDR_PERSISTENCY_CLIENT: SWR_PERSISTENCE_HV_LA_MF_0005|FUN=TCPHandler::handleInBoundData|2|message=[0, 33, 10, 0, 0, 0, 0, 4, 1, 0, 0, 0]
01-01 00:06:59.935  2677  2726 W ANDR_PERSISTENCY_CLIENT: SWR_PERSISTENCE_HV_LA_MF_0005|FUN=TCPHandler::handleInBoundData|2|msg:response listKey=33_10
01-01 00:06:59.935  2677  2726 W ANDR_PERSISTENCY_CLIENT: SWR_PERSISTENCE_HV_LA_MF_0005|FUN=TCPHandler::handleInBoundData|2|msg:TCPHandler.handleInBoundData success response=0
01-01 00:06:59.936  2677  2726 W ANDR_PERSISTENCY_CLIENT: SWR_PERSISTENCE_HV_LA_MF_0005|FUN=TCPHandler::isB2cResponce|2|msg: message [0, 33, 10, 0, 0, 0, 0, 4, 1, 0, 0, 0]
01-01 00:06:59.936  2677  2726 W ANDR_PERSISTENCY_CLIENT: SWR_PERSISTENCE_HV_LA_MF_0005|FUN=TCPHandler::handleInBoundData|2|msg:  isB2cResponce
