01-01 00:39:06.035  3739  3739 W HMI2-SETTINGS - CI08.4: className -> WifiActivity | functionName -> handleAllAvailNetwork | value -> savedNetwork ->0
01-01 00:39:06.035  3739  3739 W HMI2-SETTINGS - CI08.4: className -> WifiActivity | functionName -> handleAllAvailNetwork | value -> presentVisibleNetwork ->30
01-01 00:39:06.035  1392  1392 W SYSTEM_UI - CI07.3: className -> NotificationUIService | functionName -> onStartCommand | value -> onStartCommand NotificationServiceListenerACTION_NOTIFICATION_UPDATE
01-01 00:39:06.035  1392  1392 W SYSTEM_UI - CI07.3: className -> NotificationUIService | functionName -> onStartCommand | value -> ActionName --> ACTION_NOTIFICATION_UPDATE
01-01 00:39:06.038  1933  1957 D LCMANDR : SWR_OOB_HV_MF_009|FUN=LifeCycleManagerService::LifeCycle_ReportCompStatus|GOT ALIVENESS SIGNAL FROM DAIAPP : [0]; HB Counter = [ 925 ]; STATUS INFO = [ 0 ]
01-01 00:39:06.038  3739  3739 W HMI2-SETTINGS - CI08.4: className -> WifiActivity | functionName -> handleIfWifiAvailableNetworks: config is  | value -> null
01-01 00:39:06.038  1519  1964 I Connectivity_AIDL|AIDL_Handler.AIDL_Helpers.LcmHelper: MBUX App Method: KeepAliveTest |Line No: 408 |Log Type: Critical |Message: ChildThread:MBUX-App HB Count: 927, ResponseCode: 0
01-01 00:39:06.048  1392  1392 D ScrimController: animate_trace: updateScrims entry
01-01 00:39:06.048  1392  1392 D ScrimController: animate_trace: setScrimBehindAlpha :hardcoding alpha=0.0 to 0
01-01 00:39:06.048  1392  1392 D ScrimController: animate_trace: setScrimInFrontAlpha :hardcoding alpha=0.0 to 0
01-01 00:39:06.060   625   625 D WifiHAL : Start get packet fate command
01-01 00:39:06.060   625   625 D WifiHAL : createRequest Get Tx packet fate request
01-01 00:39:06.060   625   625 E WifiHAL : Failed to register get pkt fate response; result = -95
01-01 00:39:06.060  3675 13205 D UIAutomatorStub: URI: /jsonrpc/0, Method: POST, Header: {content-length=274, remote-addr=127.0.0.1, http-client-ip=127.0.0.1, host=localhost:9009, content-type=application/json, connection=close, accept-encoding=identity, user-agent=Python-urllib/2.7}, params, {NanoHttpd.QUERY_STRING=null}, files: {postData={"params": [{"childOrSiblingSelector": [], "scrollable": true, "mask": 16384, "childOrSibling": []}, {"childOrSiblingSelector": [], "text": "RSE_Test", "mask": 1, "childOrSibling": []}, true], "jsonrpc": "2.0", "method": "scrollTo", "id": "38034c6d55b33aa2c7cbe523ba94b936"}}
01-01 00:39:06.062  1151  1317 E WifiVendorHal: getTxPktFates(l.2067) failed {.code = ERROR_UNKNOWN, .description = errno: -95 (Unknown error -95)}
01-01 00:39:06.062   625   625 D WifiHAL : Start get packet fate command
01-01 00:39:06.062   625   625 D WifiHAL : createRequest Get Rx packet fate request
01-01 00:39:06.062   625   625 E WifiHAL : Failed to register get pkt fate response; result = -95
01-01 00:39:06.063  1151  1317 E WifiVendorHal: getRxPktFates(l.2107) failed {.code = ERROR_UNKNOWN, .description = errno: -95 (Unknown error -95)}
01-01 00:39:06.087  1392 13137 W SYSTEM_UI - CI07.3: className -> NotificationUIService | functionName -> FilterTask | doInBackground | value -> doInBackground
01-01 00:39:06.087  1392 13137 W SYSTEM_UI - CI07.3: className -> NotificationUIService | functionName -> populateValidNotifications | value -> NOTIFICATION_INFO || packageName --> android | notificationTitle --> USB debugging connected | notificationText --> Tap to disable USB debugging. | postedTime --> 19764 | notificationId --> 26 | notificationFlag --> 2 | isClearable --> false | isOngoing --> true | notificationPriority --> 0 | notificationChannelImportance --> 2
01-01 00:39:06.088  1392 13137 W SYSTEM_UI - CI07.3: className -> NotificationUIService | functionName -> populateValidNotifications | value -> Notification entry not valid. System notification.
01-01 00:39:06.088  1392 13137 W SYSTEM_UI - CI07.3: className -> NotificationUIService | functionName -> populateValidNotifications | value -> NOTIFICATION_INFO || packageName --> android | notificationTitle --> USB charging this device | notificationText --> Tap for more options. | postedTime --> 19755 | notificationId --> 32 | notificationFlag --> 2 | isClearable --> false | isOngoing --> true | notificationPriority --> 0 | notificationChannelImportance --> 1
01-01 00:39:06.089  1392 13137 W SYSTEM_UI - CI07.3: className -> NotificationUIService | functionName -> populateValidNotifications | value -> Notification entry not valid. System notification.
01-01 00:39:06.089  1392 13137 W SYSTEM_UI: SWR_SYSTEM_UI_003|FUN=NotificationUIService::notifyStatusLineNotifications|1|statusLineNotificationPackages size --> 0
01-01 00:39:06.089  1392 13137 W SYSTEM_UI - CI07.3: className -> NotificationUIService | functionName -> updateData | value -> passed
01-01 00:39:06.089  1392 13137 W SYSTEM_UI: SWR_BAIDU_HMI_0023 SWR_SYSTEM_UI_003 SWR_SYSTEM_UI_004|FUN=NotificationUIService::updateData|1|Received notifications from Android framework
01-01 00:39:06.089  1392 13137 W SYSTEM_UI - CI07.3: className -> NotificationUIService | functionName -> FilterTask | doInBackground | value -> updateData value --> []
01-01 00:39:06.090  1392  1392 W SYSTEM_UI: SWR_SYSTEM_UI_007|FUN=CollapsedStatusBarFragment::getAction |1|Broadcast action --> STATUS_UPDATE_ACTION
01-01 00:39:06.090  1392  1392 W SYSTEM_UI: SWR_SYSTEM_UI_007|FUN=CollapsedStatusBarFragment::getIntExtra |1|NotifySystemUpdates dataType --> 102
01-01 00:39:06.090  1392  1392 W SYSTEM_UI - CI07.3: className -> CollapsedStatusBarFragment | functionName -> NotifySystemUpdates | onReceive -->  | value -> DATATYPE_NOTIFICATION: 0
01-01 00:39:06.090  1392  1392 W SYSTEM_UI: SWR_SYSTEM_UI_003|FUN=CollapsedStatusBarFragment::NotifySystemUpdates | onREeceive|1|DATATYPE_NOTIFICATION: 0
01-01 00:39:06.090  1392  1392 W SYSTEM_UI - CI07.3: className -> NotificationUIService | functionName -> FilterTask | onPostExecute | value -> stateWindow --> -1
01-01 00:39:06.090  1392  1392 W SYSTEM_UI - CI07.3: className -> NotificationUIService | functionName -> showHeadsUpNotification | value -> headsup disabled
01-01 00:39:06.116   625   625 D WifiHAL : Start get packet fate command
01-01 00:39:06.117   625   625 D WifiHAL : createRequest Get Tx packet fate request
01-01 00:39:06.117   625   625 E WifiHAL : Failed to register get pkt fate response; result = -95
01-01 00:39:06.118  1151  1317 E WifiVendorHal: getTxPktFates(l.2067) failed {.code = ERROR_UNKNOWN, .description = errno: -95 (Unknown error -95)}
01-01 00:39:06.118   625   625 D WifiHAL : Start get packet fate command
01-01 00:39:06.118   625   625 D WifiHAL : createRequest Get Rx packet fate request
01-01 00:39:06.118   625   625 E WifiHAL : Failed to register get pkt fate response; result = -95
01-01 00:39:06.119  1151  1317 E WifiVendorHal: getRxPktFates(l.2107) failed {.code = ERROR_UNKNOWN, .description = errno: -95 (Unknown error -95)}
01-01 00:39:06.191  1392  1392 W SYSTEM_UI - CI07.3: className -> NotificationUIService | functionName -> populateValidNotifications | value -> NOTIFICATION_INFO || packageName --> android | notificationTitle --> USB debugging connected | notificationText --> Tap to disable USB debugging. | postedTime --> 19764 | notificationId --> 26 | notificationFlag --> 2 | isClearable --> false | isOngoing --> true | notificationPriority --> 0 | notificationChannelImportance --> 2
01-01 00:39:06.192  1392  1392 W SYSTEM_UI - CI07.3: className -> NotificationUIService | functionName -> populateValidNotifications | value -> Notification entry not valid. System notification.
01-01 00:39:06.192  1392  1392 W SYSTEM_UI - CI07.3: className -> NotificationUIService | functionName -> populateValidNotifications | value -> NOTIFICATION_INFO || packageName --> android | notificationTitle --> USB charging this device | notificationText --> Tap for more options. | postedTime --> 19755 | notificationId --> 32 | notificationFlag --> 2 | isClearable --> false | isOngoing --> true | notificationPriority --> 0 | notificationChannelImportance --> 1
01-01 00:39:06.193  1392  1392 W SYSTEM_UI - CI07.3: className -> NotificationUIService | functionName -> populateValidNotifications | value -> Notification entry not valid. System notification.
01-01 00:39:06.193  1392  1392 W SYSTEM_UI: SWR_SYSTEM_UI_003|FUN=NotificationUIService::notifyStatusLineNotifications|1|statusLineNotificationPackages size --> 0
01-01 00:39:06.193  1392  1392 W SYSTEM_UI - CI07.3: className -> NotificationUIService | functionName -> updateData | value -> passed
01-01 00:39:06.193  1392  1392 W SYSTEM_UI: SWR_BAIDU_HMI_0023 SWR_SYSTEM_UI_003 SWR_SYSTEM_UI_004|FUN=NotificationUIService::updateData|1|Received notifications from Android framework
01-01 00:39:06.193  1392  1392 W SYSTEM_UI - CI07.3: className -> NotificationUIService | functionName -> refresh | value -> updateData value --> []
01-01 00:39:06.193  1392  1392 W SYSTEM_UI: SWR_SYSTEM_UI_007|FUN=CollapsedStatusBarFragment::getAction |1|Broadcast action --> STATUS_UPDATE_ACTION
01-01 00:39:06.194  1392  1392 W SYSTEM_UI: SWR_SYSTEM_UI_007|FUN=CollapsedStatusBarFragment::getIntExtra |1|NotifySystemUpdates dataType --> 102
01-01 00:39:06.194  1392  1392 W SYSTEM_UI - CI07.3: className -> CollapsedStatusBarFragment | functionName -> NotifySystemUpdates | onReceive -->  | value -> DATATYPE_NOTIFICATION: 0
01-01 00:39:06.194  1392  1392 W SYSTEM_UI: SWR_SYSTEM_UI_003|FUN=CollapsedStatusBarFragment::NotifySystemUpdates | onREeceive|1|DATATYPE_NOTIFICATION: 0
01-01 00:39:06.724  3675 13205 D UiScrollable: scrollToBeginning() on selector = UiSelector[SCROLLABLE=true]
01-01 00:39:06.724  3675 13205 D UiScrollable: scrollBackward() on selector = UiSelector[SCROLLABLE=true]
01-01 00:39:06.730  3675 13205 I QueryController: Matched selector: UiSelector[SCROLLABLE=true] <<==>> [android.view.accessibility.AccessibilityNodeInfo@2535ea8; boundsInParent: Rect(0, 0 - 1332, 889); boundsInScreen: Rect(305, 172 - 1637, 1061); packageName: com.panasonic.hmi2settings; className: android.widget.ScrollView; text: null; error: null; maxTextLength: -1; contentDescription: null; viewIdResName: com.panasonic.hmi2settings:id/scrollWifi; checkable: false; checked: false; focusable: true; focused: false; selected: false; clickable: false; longClickable: false; contextClickable: false; enabled: true; password: false; scrollable: true; importantForAccessibility: true; actions: [AccessibilityAction: ACTION_FOCUS - null, AccessibilityAction: ACTION_SELECT - null, AccessibilityAction: ACTION_CLEAR_SELECTION - null, AccessibilityAction: ACTION_ACCESSIBILITY_FOCUS - null, AccessibilityAction: ACTION_SCROLL_FORWARD - null, AccessibilityAction: ACTION_SHOW_ON_SCREEN - null]]
01-01 00:39:06.731  3675 13205 D UiScrollable: scrollToBegining() using vertical scroll
01-01 00:39:06.731  3675 13205 D InteractionController: scrollSwipe (971, 260, 971, 973, 55)
01-01 00:39:06.939   729   748 I sssv-lib: sendMsg enter
01-01 00:39:06.939   729   748 I sssv-lib: sendMsg complete.
01-01 00:39:07.228  1933  1933 I LCMANDR : SWR_OOB_HV_MF_009|FUN=ResourceMonitoringService::movingMemoryAverage|2|Moving memory average :30.24938
01-01 00:39:07.228  1933  1933 W LCMANDR : SWR_OOB_HV_MF_009|FUN=ResourceMonitoringService::getCpuUsageStatistic|Moving MEM AVG :::::::::30.24938
01-01 00:39:07.229  1933  1933 W LCMANDR : SWR_OOB_HV_MF_009|FUN=ResourceMonitoringService::getCpuUsageStatistic|2|Total cpu usage :28.103838
01-01 00:39:07.229  1933  1933 I LCMANDR : SWR_OOB_HV_MF_009|FUN=ResourceMonitoringService::getCpuUsageStatistic|Cpu usage of core  0 is29.411766
01-01 00:39:07.229  1933  1933 I LCMANDR : SWR_OOB_HV_MF_009|FUN=ResourceMonitoringService::getCpuUsageStatistic|Cpu usage of core  1 is25.51724
01-01 00:39:07.229  1933  1933 I LCMANDR : SWR_OOB_HV_MF_009|FUN=ResourceMonitoringService::getCpuUsageStatistic|Cpu usage of core  2 is29.31596
01-01 00:39:07.230  1933  1933 I LCMANDR : ResourceMonitoringService::movingCpuAverage()
01-01 00:39:07.230  1933  1933 I LCMANDR : SWR_OOB_HV_MF_009|FUN=ResourceMonitoringService::movingCpuAverage|2|Moving window average of CPU 23.693241
01-01 00:39:07.230  1933  1933 I LCMANDR : SWR_OOB_HV_MF_009|FUN=ResourceMonitoringService::movingCpuAverage|2|Cpu moving average of core  0 is23.273876
01-01 00:39:07.230  1933  1933 I LCMANDR : SWR_OOB_HV_MF_009|FUN=ResourceMonitoringService::movingCpuAverage|2|Cpu moving average of core  1 is20.74722
01-01 00:39:07.230  1933  1933 I LCMANDR : SWR_OOB_HV_MF_009|FUN=ResourceMonitoringService::movingCpuAverage|2|Cpu moving average of core  2 is27.001348
01-01 00:39:07.230  1933  1933 D LCMANDR : SWR_OOB_HV_MF_009|FUN=ResourceMonitoringService::movingCpuAverage|2|Exiting VAL = 23.693241
01-01 00:39:07.574   635   635 E ANDR-PERF-TARGET: Error: Invalid logical cluster id 0
01-01 00:39:07.574   635   635 E ANDR-PERF-MPCTL: invalid request, no optimizations performed
01-01 00:39:07.591   635   635 E ANDR-PERF-TARGET: Error: Invalid logical cluster id 0
01-01 00:39:07.591   635   635 E ANDR-PERF-MPCTL: invalid request, no optimizations performed
01-01 00:39:07.607   635   635 E ANDR-PERF-TARGET: Error: Invalid logical cluster id 0
01-01 00:39:07.608   635   635 E ANDR-PERF-MPCTL: invalid request, no optimizations performed
01-01 00:39:07.624   635   635 E ANDR-PERF-TARGET: Error: Invalid logical cluster id 0
01-01 00:39:07.624   635   635 E ANDR-PERF-MPCTL: invalid request, no optimizations performed
01-01 00:39:07.641   635   635 E ANDR-PERF-TARGET: Error: Invalid logical cluster id 0
01-01 00:39:07.641   635   635 E ANDR-PERF-MPCTL: invalid request, no optimizations performed
01-01 00:39:07.658   635   635 E ANDR-PERF-TARGET: Error: Invalid logical cluster id 0
01-01 00:39:07.658   635   635 E ANDR-PERF-MPCTL: invalid request, no optimizations performed
01-01 00:39:07.658   635   635 E ANDR-PERF-TARGET: Error: Invalid logical cluster id 0
01-01 00:39:07.658   635   635 E ANDR-PERF-MPCTL: invalid request, no optimizations performed
01-01 00:39:07.674   635   635 E ANDR-PERF-TARGET: Error: Invalid logical cluster id 0
01-01 00:39:07.674   635   635 E ANDR-PERF-MPCTL: invalid request, no optimizations performed
01-01 00:39:07.691   635   635 E ANDR-PERF-TARGET: Error: Invalid logical cluster id 0
01-01 00:39:07.691   635   635 E ANDR-PERF-MPCTL: invalid request, no optimizations performed
01-01 00:39:07.708   635   635 E ANDR-PERF-TARGET: Error: Invalid logical cluster id 0
01-01 00:39:07.708   635   635 E ANDR-PERF-MPCTL: invalid request, no optimizations performed
01-01 00:39:07.724   635   635 E ANDR-PERF-TARGET: Error: Invalid logical cluster id 0
01-01 00:39:07.724   635   635 E ANDR-PERF-MPCTL: invalid request, no optimizations performed
01-01 00:39:07.741   635   635 E ANDR-PERF-TARGET: Error: Invalid logical cluster id 0
01-01 00:39:07.741   635   635 E ANDR-PERF-MPCTL: invalid request, no optimizations performed
01-01 00:39:07.758   635   635 E ANDR-PERF-TARGET: Error: Invalid logical cluster id 0
01-01 00:39:07.758   635   635 E ANDR-PERF-MPCTL: invalid request, no optimizations performed
01-01 00:39:07.774   635   635 E ANDR-PERF-TARGET: Error: Invalid logical cluster id 0
01-01 00:39:07.775   635   635 E ANDR-PERF-MPCTL: invalid request, no optimizations performed
01-01 00:39:07.784  2054  2054 E         : 
01-01 00:39:07.784  2054  2054 E         : Buffer Size = 1048576
01-01 00:39:07.791   635   635 E ANDR-PERF-TARGET: Error: Invalid logical cluster id 0
01-01 00:39:07.791   635   635 E ANDR-PERF-MPCTL: invalid request, no optimizations performed
01-01 00:39:07.808   635   635 E ANDR-PERF-TARGET: Error: Invalid logical cluster id 0
01-01 00:39:07.808   635   635 E ANDR-PERF-MPCTL: invalid request, no optimizations performed
01-01 00:39:07.808  2054  2054 E         : 
01-01 00:39:07.808  2054  2054 E         : <6>[ 2022.425515] QSEECOM: scm_call_qcpe:503 : OUT: 0x0, 0x0, 0x0, 0x0
01-01 00:39:07.808  2054  2054 E         : <6>[ 2022.515101] QSEECOM: scm_call_qcpe:429 : IN: 0x42000d07, 0x0, 0x0, 0x0, 0x0, 0x0, 0x0
01-01 00:39:07.808  2054  2054 E         : <6>[ 2022.516958] QSEECOM: scm_call_qcpe:503 : OUT: 0x0, 0x0, 0x0, 0x0
01-01 00:39:07.808  2054  2054 E         : <6>[ 2022.529017] QSEECOM: scm_call_qcpe:429 : IN: 0x4200010a, 0x2, 0x0, 0xd, 0x0, 0x0, 0x0
01-01 00:39:07.808  2054  2054 E         : <6>[ 2022.531176] QSEECOM: scm_call_qcpe:503 : OUT: 0x0, 0x0, 0x0, 0x0
01-01 00:39:07.808  2054  2054 E         : <6>[ 2022.614403] QSEECOM: scm_call_qcpe:429 : IN: 0x42000d07, 0x0, 0x0, 0x0, 0x0, 0x0, 0x0
01-01 00:39:07.808  2054  2054 E         : <6>[ 2022.615659] QSEECOM: scm_call_qcpe:503 : OUT: 0x0, 0x0, 0x0, 0x0
01-01 00:39:07.808  2054  2054 E         : <6>[ 2022.890909] QSEECOM: scm_call_qcpe:429 : IN: 0x4200010a, 0x2, 0x0, 0xd, 0x0, 0x0, 0x0
01-01 00:39:07.808  2054  2054 E         : <6>[ 2022.892850] QSEECOM: scm_call_qcpe:503 : OUT: 0x0, 0x0, 0x0, 0x0
01-01 00:39:07.808  2054  2054 E         : <6>[ 2022.974165] QSEECOM: scm_call_qcpe:429 : IN: 0x42000d07, 0x0, 0x0, 0x0, 0x0, 0x0, 0x0
01-01 00:39:07.808  2054  2054 E         : <6>[ 2022.975289] QSEECOM: scm_call_qcpe:503 : OUT: 0x0, 0x0, 0x0, 0x0
01-01 00:39:07.808  2054  2054 E         : <6>[ 2023.387578] QSEECOM: scm_call_qcpe:429 : IN: 0x4200010a, 0x2, 0x0, 0xd, 0x0, 0x0, 0x0
01-01 00:39:07.808  2054  2054 E         : <6>[ 2023.388683] QSEECOM: scm_call_qcpe:503
01-01 00:39:07.812  2054  2054 E         : USB Hub Detector 1.0
01-01 00:39:07.825   635   635 E ANDR-PERF-TARGET: Error: Invalid logical cluster id 0
01-01 00:39:07.825   635   635 E ANDR-PERF-MPCTL: invalid request, no optimizations performed
01-01 00:39:07.841   635   635 E ANDR-PERF-TARGET: Error: Invalid logical cluster id 0
01-01 00:39:07.841   635   635 E ANDR-PERF-MPCTL: invalid request, no optimizations performed
01-01 00:39:07.852  3675 13205 W InteractionController: runAndwaitForEvents timed out waiting for events
01-01 00:39:07.858   635   635 E ANDR-PERF-TARGET: Error: Invalid logical cluster id 0
01-01 00:39:07.858   635   635 E ANDR-PERF-MPCTL: invalid request, no optimizations performed
01-01 00:39:07.860  3675 13205 D UiScrollable: scrollForward() on selector = UiSelector[SCROLLABLE=true]
01-01 00:39:07.868  3675 13205 I QueryController: Matched selector: UiSelector[SCROLLABLE=true] <<==>> [android.view.accessibility.AccessibilityNodeInfo@2535ea8; boundsInParent: Rect(0, 0 - 1332, 889); boundsInScreen: Rect(305, 172 - 1637, 1061); packageName: com.panasonic.hmi2settings; className: android.widget.ScrollView; text: null; error: null; maxTextLength: -1; contentDescription: null; viewIdResName: com.panasonic.hmi2settings:id/scrollWifi; checkable: false; checked: false; focusable: true; focused: false; selected: false; clickable: false; longClickable: false; contextClickable: false; enabled: true; password: false; scrollable: true; importantForAccessibility: true; actions: [AccessibilityAction: ACTION_FOCUS - null, AccessibilityAction: ACTION_SELECT - null, AccessibilityAction: ACTION_CLEAR_SELECTION - null, AccessibilityAction: ACTION_ACCESSIBILITY_FOCUS - null, AccessibilityAction: ACTION_SCROLL_FORWARD - null, AccessibilityAction: ACTION_SHOW_ON_SCREEN - null]]
01-01 00:39:07.868  3675 13205 D InteractionController: scrollSwipe (971, 973, 971, 260, 55)
01-01 00:39:07.875   635   635 E ANDR-PERF-TARGET: Error: Invalid logical cluster id 0
01-01 00:39:07.875   635   635 E ANDR-PERF-MPCTL: invalid request, no optimizations performed
01-01 00:39:07.892   635   635 E ANDR-PERF-TARGET: Error: Invalid logical cluster id 0
01-01 00:39:07.892   635   635 E ANDR-PERF-MPCTL: invalid request, no optimizations performed
01-01 00:39:07.908   635   635 E ANDR-PERF-TARGET: Error: Invalid logical cluster id 0
01-01 00:39:07.908   635   635 E ANDR-PERF-MPCTL: invalid request, no optimizations performed
01-01 00:39:07.925   635   635 E ANDR-PERF-TARGET: Error: Invalid logical cluster id 0
01-01 00:39:07.925   635   635 E ANDR-PERF-MPCTL: invalid request, no optimizations performed
01-01 00:39:07.941   729   748 I sssv-lib: sendMsg enter
01-01 00:39:07.941   729   748 I sssv-lib: sendMsg complete.
01-01 00:39:07.942   635   635 E ANDR-PERF-TARGET: Error: Invalid logical cluster id 0
01-01 00:39:07.942   635   635 E ANDR-PERF-MPCTL: invalid request, no optimizations performed
01-01 00:39:07.958   635   635 E ANDR-PERF-TARGET: Error: Invalid logical cluster id 0
01-01 00:39:07.959   635   635 E ANDR-PERF-MPCTL: invalid request, no optimizations performed
01-01 00:39:07.975   635   635 E ANDR-PERF-TARGET: Error: Invalid logical cluster id 0
01-01 00:39:07.975   635   635 E ANDR-PERF-MPCTL: invalid request, no optimizations performed
01-01 00:39:07.992   635   635 E ANDR-PERF-TARGET: Error: Invalid logical cluster id 0
01-01 00:39:07.992   635   635 E ANDR-PERF-MPCTL: invalid request, no optimizations performed
01-01 00:39:08.008   635   635 E ANDR-PERF-TARGET: Error: Invalid logical cluster id 0
01-01 00:39:08.008   635   635 E ANDR-PERF-MPCTL: invalid request, no optimizations performed
01-01 00:39:08.025   635   635 E ANDR-PERF-TARGET: Error: Invalid logical cluster id 0
01-01 00:39:08.025   635   635 E ANDR-PERF-MPCTL: invalid request, no optimizations performed
01-01 00:39:08.042   635   635 E ANDR-PERF-TARGET: Error: Invalid logical cluster id 0
01-01 00:39:08.042   635   635 E ANDR-PERF-MPCTL: invalid request, no optimizations performed
01-01 00:39:08.058   635   635 E ANDR-PERF-TARGET: Error: Invalid logical cluster id 0
01-01 00:39:08.059   635   635 E ANDR-PERF-MPCTL: invalid request, no optimizations performed
01-01 00:39:08.075   635   635 E ANDR-PERF-TARGET: Error: Invalid logical cluster id 0
01-01 00:39:08.075   635   635 E ANDR-PERF-MPCTL: invalid request, no optimizations performed
01-01 00:39:08.092   635   635 E ANDR-PERF-TARGET: Error: Invalid logical cluster id 0
01-01 00:39:08.092   635   635 E ANDR-PERF-MPCTL: invalid request, no optimizations performed
01-01 00:39:08.109   635   635 E ANDR-PERF-TARGET: Error: Invalid logical cluster id 0
01-01 00:39:08.109   635   635 E ANDR-PERF-MPCTL: invalid request, no optimizations performed
01-01 00:39:08.125   635   635 E ANDR-PERF-TARGET: Error: Invalid logical cluster id 0
01-01 00:39:08.125   635   635 E ANDR-PERF-MPCTL: invalid request, no optimizations performed
01-01 00:39:08.142   635   635 E ANDR-PERF-TARGET: Error: Invalid logical cluster id 0
01-01 00:39:08.142   635   635 E ANDR-PERF-MPCTL: invalid request, no optimizations performed
01-01 00:39:08.159   635   635 E ANDR-PERF-TARGET: Error: Invalid logical cluster id 0
01-01 00:39:08.159   635   635 E ANDR-PERF-MPCTL: invalid request, no optimizations performed
01-01 00:39:08.175   635   635 E ANDR-PERF-TARGET: Error: Invalid logical cluster id 0
01-01 00:39:08.176   635   635 E ANDR-PERF-MPCTL: invalid request, no optimizations performed
01-01 00:39:08.192   635   635 E ANDR-PERF-TARGET: Error: Invalid logical cluster id 0
01-01 00:39:08.192   635   635 E ANDR-PERF-MPCTL: invalid request, no optimizations performed
01-01 00:39:08.209   635   635 E ANDR-PERF-TARGET: Error: Invalid logical cluster id 0
01-01 00:39:08.209   635   635 E ANDR-PERF-MPCTL: invalid request, no optimizations performed
01-01 00:39:08.226   635   635 E ANDR-PERF-TARGET: Error: Invalid logical cluster id 0
01-01 00:39:08.226   635   635 E ANDR-PERF-MPCTL: invalid request, no optimizations performed
01-01 00:39:08.242   635   635 E ANDR-PERF-TARGET: Error: Invalid logical cluster id 0
01-01 00:39:08.242   635   635 E ANDR-PERF-MPCTL: invalid request, no optimizations performed
01-01 00:39:08.259   635   635 E ANDR-PERF-TARGET: Error: Invalid logical cluster id 0
01-01 00:39:08.259   635   635 E ANDR-PERF-MPCTL: invalid request, no optimizations performed
01-01 00:39:08.276   635   635 E ANDR-PERF-TARGET: Error: Invalid logical cluster id 0
01-01 00:39:08.276   635   635 E ANDR-PERF-MPCTL: invalid request, no optimizations performed
01-01 00:39:08.292   635   635 E ANDR-PERF-TARGET: Error: Invalid logical cluster id 0
01-01 00:39:08.292   635   635 E ANDR-PERF-MPCTL: invalid request, no optimizations performed
01-01 00:39:08.309   635   635 E ANDR-PERF-TARGET: Error: Invalid logical cluster id 0
01-01 00:39:08.309   635   635 E ANDR-PERF-MPCTL: invalid request, no optimizations performed
01-01 00:39:08.326   635   635 E ANDR-PERF-TARGET: Error: Invalid logical cluster id 0
01-01 00:39:08.326   635   635 E ANDR-PERF-MPCTL: invalid request, no optimizations performed
01-01 00:39:08.343   635   635 E ANDR-PERF-TARGET: Error: Invalid logical cluster id 0
01-01 00:39:08.343   635   635 E ANDR-PERF-MPCTL: invalid request, no optimizations performed
01-01 00:39:08.359   635   635 E ANDR-PERF-TARGET: Error: Invalid logical cluster id 0
01-01 00:39:08.359   635   635 E ANDR-PERF-MPCTL: invalid request, no optimizations performed
01-01 00:39:08.376   635   635 E ANDR-PERF-TARGET: Error: Invalid logical cluster id 0
01-01 00:39:08.376   635   635 E ANDR-PERF-MPCTL: invalid request, no optimizations performed
01-01 00:39:08.393   635   635 E ANDR-PERF-TARGET: Error: Invalid logical cluster id 0
01-01 00:39:08.393   635   635 E ANDR-PERF-MPCTL: invalid request, no optimizations performed
01-01 00:39:08.409   635   635 E ANDR-PERF-TARGET: Error: Invalid logical cluster id 0
01-01 00:39:08.409   635   635 E ANDR-PERF-MPCTL: invalid request, no optimizations performed
01-01 00:39:08.426   635   635 E ANDR-PERF-TARGET: Error: Invalid logical cluster id 0
01-01 00:39:08.426   635   635 E ANDR-PERF-MPCTL: invalid request, no optimizations performed
01-01 00:39:08.443   635   635 E ANDR-PERF-TARGET: Error: Invalid logical cluster id 0
01-01 00:39:08.443   635   635 E ANDR-PERF-MPCTL: invalid request, no optimizations performed
01-01 00:39:08.460   635   635 E ANDR-PERF-TARGET: Error: Invalid logical cluster id 0
01-01 00:39:08.460   635   635 E ANDR-PERF-MPCTL: invalid request, no optimizations performed
01-01 00:39:08.476   635   635 E ANDR-PERF-TARGET: Error: Invalid logical cluster id 0
01-01 00:39:08.476   635   635 E ANDR-PERF-MPCTL: invalid request, no optimizations performed
01-01 00:39:08.493   635   635 E ANDR-PERF-TARGET: Error: Invalid logical cluster id 0
01-01 00:39:08.493   635   635 E ANDR-PERF-MPCTL: invalid request, no optimizations performed
01-01 00:39:08.510   635   635 E ANDR-PERF-TARGET: Error: Invalid logical cluster id 0
01-01 00:39:08.510   635   635 E ANDR-PERF-MPCTL: invalid request, no optimizations performed
01-01 00:39:08.526   635   635 E ANDR-PERF-TARGET: Error: Invalid logical cluster id 0
01-01 00:39:08.526   635   635 E ANDR-PERF-MPCTL: invalid request, no optimizations performed
01-01 00:39:08.543   635   635 E ANDR-PERF-TARGET: Error: Invalid logical cluster id 0
01-01 00:39:08.543   635   635 E ANDR-PERF-MPCTL: invalid request, no optimizations performed
01-01 00:39:08.560   635   635 E ANDR-PERF-TARGET: Error: Invalid logical cluster id 0
01-01 00:39:08.560   635   635 E ANDR-PERF-MPCTL: invalid request, no optimizations performed
01-01 00:39:08.576   635   635 E ANDR-PERF-TARGET: Error: Invalid logical cluster id 0
01-01 00:39:08.577   635   635 E ANDR-PERF-MPCTL: invalid request, no optimizations performed
01-01 00:39:08.593   635   635 E ANDR-PERF-TARGET: Error: Invalid logical cluster id 0
01-01 00:39:08.593   635   635 E ANDR-PERF-MPCTL: invalid request, no optimizations performed
01-01 00:39:08.610   635   635 E ANDR-PERF-TARGET: Error: Invalid logical cluster id 0
01-01 00:39:08.610   635   635 E ANDR-PERF-MPCTL: invalid request, no optimizations performed
01-01 00:39:08.627   635   635 E ANDR-PERF-TARGET: Error: Invalid logical cluster id 0
01-01 00:39:08.627   635   635 E ANDR-PERF-MPCTL: invalid request, no optimizations performed
01-01 00:39:08.643   635   635 E ANDR-PERF-TARGET: Error: Invalid logical cluster id 0
01-01 00:39:08.643   635   635 E ANDR-PERF-MPCTL: invalid request, no optimizations performed
01-01 00:39:08.660   635   635 E ANDR-PERF-TARGET: Error: Invalid logical cluster id 0
01-01 00:39:08.660   635   635 E ANDR-PERF-MPCTL: invalid request, no optimizations performed
01-01 00:39:08.677   635   635 E ANDR-PERF-TARGET: Error: Invalid logical cluster id 0
01-01 00:39:08.677   635   635 E ANDR-PERF-MPCTL: invalid request, no optimizations performed
01-01 00:39:08.710   635   635 E ANDR-PERF-TARGET: Error: Invalid logical cluster id 0
01-01 00:39:08.710   635   635 E ANDR-PERF-MPCTL: invalid request, no optimizations performed
01-01 00:39:08.727   635   635 E ANDR-PERF-TARGET: Error: Invalid logical cluster id 0
01-01 00:39:08.727   635   635 E ANDR-PERF-MPCTL: invalid request, no optimizations performed
01-01 00:39:08.734     1   452 I init    : Uptime: 02344.871175 LocalTime: 01-01 00:39:08.734
01-01 00:39:08.744   635   635 E ANDR-PERF-TARGET: Error: Invalid logical cluster id 0
01-01 00:39:08.744   635   635 E ANDR-PERF-MPCTL: invalid request, no optimizations performed
01-01 00:39:08.760   635   635 E ANDR-PERF-TARGET: Error: Invalid logical cluster id 0
01-01 00:39:08.760   635   635 E ANDR-PERF-MPCTL: invalid request, no optimizations performed
01-01 00:39:08.777   635   635 E ANDR-PERF-TARGET: Error: Invalid logical cluster id 0
01-01 00:39:08.777   635   635 E ANDR-PERF-MPCTL: invalid request, no optimizations performed
01-01 00:39:08.794   635   635 E ANDR-PERF-TARGET: Error: Invalid logical cluster id 0
01-01 00:39:08.794   635   635 E ANDR-PERF-MPCTL: invalid request, no optimizations performed
01-01 00:39:08.794   635   635 E ANDR-PERF-TARGET: Error: Invalid logical cluster id 0
01-01 00:39:08.794   635   635 E ANDR-PERF-MPCTL: invalid request, no optimizations performed
01-01 00:39:08.810   635   635 E ANDR-PERF-TARGET: Error: Invalid logical cluster id 0
01-01 00:39:08.810   635   635 E ANDR-PERF-MPCTL: invalid request, no optimizations performed
01-01 00:39:08.826   635   635 E ANDR-PERF-TARGET: Error: Invalid logical cluster id 0
01-01 00:39:08.827   635   635 E ANDR-PERF-MPCTL: invalid request, no optimizations performed
01-01 00:39:08.843   635   635 E ANDR-PERF-TARGET: Error: Invalid logical cluster id 0
01-01 00:39:08.843   635   635 E ANDR-PERF-MPCTL: invalid request, no optimizations performed
01-01 00:39:08.860   635   635 E ANDR-PERF-TARGET: Error: Invalid logical cluster id 0
01-01 00:39:08.860   635   635 E ANDR-PERF-MPCTL: invalid request, no optimizations performed
01-01 00:39:08.877   635   635 E ANDR-PERF-TARGET: Error: Invalid logical cluster id 0
01-01 00:39:08.877   635   635 E ANDR-PERF-MPCTL: invalid request, no optimizations performed
01-01 00:39:08.894   635   635 E ANDR-PERF-TARGET: Error: Invalid logical cluster id 0
01-01 00:39:08.894   635   635 E ANDR-PERF-MPCTL: invalid request, no optimizations performed
01-01 00:39:08.910   635   635 E ANDR-PERF-TARGET: Error: Invalid logical cluster id 0
01-01 00:39:08.910   635   635 E ANDR-PERF-MPCTL: invalid request, no optimizations performed
01-01 00:39:08.927   635   635 E ANDR-PERF-TARGET: Error: Invalid logical cluster id 0
01-01 00:39:08.927   635   635 E ANDR-PERF-MPCTL: invalid request, no optimizations performed
01-01 00:39:08.934  1933  1957 D LCMANDR : SWR_OOB_HV_MF_009|FUN=LifeCycleManagerService::LifeCycle_ReportCompStatus|GOT ALIVENESS SIGNAL FROM DAIAPP : [0]; HB Counter = [ 926 ]; STATUS INFO = [ 0 ]
01-01 00:39:08.935  1519  1519 I Connectivity_AIDL|AIDL_Handler.AIDL_Helpers.LcmHelper: MBUX App Method: KeepAliveTest |Line No: 408 |Log Type: Critical |Message: MainThread:MBUX-App HB Count: 928, ResponseCode: 0
01-01 00:39:08.942   729   748 I sssv-lib: sendMsg enter
01-01 00:39:08.942   729   748 I sssv-lib: sendMsg complete.
01-01 00:39:08.944   635   635 E ANDR-PERF-TARGET: Error: Invalid logical cluster id 0
01-01 00:39:08.944   635   635 E ANDR-PERF-MPCTL: invalid request, no optimizations performed
01-01 00:39:08.960   635   635 E ANDR-PERF-TARGET: Error: Invalid logical cluster id 0
01-01 00:39:08.960   635   635 E ANDR-PERF-MPCTL: invalid request, no optimizations performed
01-01 00:39:08.977   635   635 E ANDR-PERF-TARGET: Error: Invalid logical cluster id 0
01-01 00:39:08.977   635   635 E ANDR-PERF-MPCTL: invalid request, no optimizations performed
01-01 00:39:08.988  3675 13205 W InteractionController: runAndwaitForEvents timed out waiting for events
01-01 00:39:08.988  3675 13205 D InteractionController: Vertical scrollSwipe reached scroll end: false
01-01 00:39:08.994   635   635 E ANDR-PERF-TARGET: Error: Invalid logical cluster id 0
01-01 00:39:08.994   635   635 E ANDR-PERF-MPCTL: invalid request, no optimizations performed
01-01 00:39:09.010   635   635 E ANDR-PERF-TARGET: Error: Invalid logical cluster id 0
01-01 00:39:09.010   635   635 E ANDR-PERF-MPCTL: invalid request, no optimizations performed
01-01 00:39:09.027   635   635 E ANDR-PERF-TARGET: Error: Invalid logical cluster id 0
01-01 00:39:09.027   635   635 E ANDR-PERF-MPCTL: invalid request, no optimizations performed
01-01 00:39:09.044   635   635 E ANDR-PERF-TARGET: Error: Invalid logical cluster id 0
01-01 00:39:09.044   635   635 E ANDR-PERF-MPCTL: invalid request, no optimizations performed
01-01 00:39:09.060   635   635 E ANDR-PERF-TARGET: Error: Invalid logical cluster id 0
01-01 00:39:09.061   635   635 E ANDR-PERF-MPCTL: invalid request, no optimizations performed
01-01 00:39:09.077   635   635 E ANDR-PERF-TARGET: Error: Invalid logical cluster id 0
01-01 00:39:09.077   635   635 E ANDR-PERF-MPCTL: invalid request, no optimizations performed
01-01 00:39:09.094   635   635 E ANDR-PERF-TARGET: Error: Invalid logical cluster id 0
01-01 00:39:09.094   635   635 E ANDR-PERF-MPCTL: invalid request, no optimizations performed
01-01 00:39:09.111   635   635 E ANDR-PERF-TARGET: Error: Invalid logical cluster id 0
01-01 00:39:09.111   635   635 E ANDR-PERF-MPCTL: invalid request, no optimizations performed
01-01 00:39:09.127   635   635 E ANDR-PERF-TARGET: Error: Invalid logical cluster id 0
01-01 00:39:09.127   635   635 E ANDR-PERF-MPCTL: invalid request, no optimizations performed
01-01 00:39:09.144   635   635 E ANDR-PERF-TARGET: Error: Invalid logical cluster id 0
01-01 00:39:09.144   635   635 E ANDR-PERF-MPCTL: invalid request, no optimizations performed
01-01 00:39:09.161   635   635 E ANDR-PERF-TARGET: Error: Invalid logical cluster id 0
01-01 00:39:09.161   635   635 E ANDR-PERF-MPCTL: invalid request, no optimizations performed
01-01 00:39:09.177   635   635 E ANDR-PERF-TARGET: Error: Invalid logical cluster id 0
01-01 00:39:09.177   635   635 E ANDR-PERF-MPCTL: invalid request, no optimizations performed
01-01 00:39:09.194   635   635 E ANDR-PERF-TARGET: Error: Invalid logical cluster id 0
01-01 00:39:09.194   635   635 E ANDR-PERF-MPCTL: invalid request, no optimizations performed
01-01 00:39:09.211   635   635 E ANDR-PERF-TARGET: Error: Invalid logical cluster id 0
01-01 00:39:09.211   635   635 E ANDR-PERF-MPCTL: invalid request, no optimizations performed
01-01 00:39:09.227   635   635 E ANDR-PERF-TARGET: Error: Invalid logical cluster id 0
01-01 00:39:09.228   635   635 E ANDR-PERF-MPCTL: invalid request, no optimizations performed
01-01 00:39:09.244   635   635 E ANDR-PERF-TARGET: Error: Invalid logical cluster id 0
01-01 00:39:09.244   635   635 E ANDR-PERF-MPCTL: invalid request, no optimizations performed
01-01 00:39:09.790  3675 13205 I QueryController: Matched selector: UiSelector[SCROLLABLE=true, CHILD=UiSelector[TEXT=RSE_Test]] <<==>> [android.view.accessibility.AccessibilityNodeInfo@25555ae; boundsInParent: Rect(0, 0 - 1078, 77); boundsInScreen: Rect(354, 433 - 1431, 510); packageName: com.panasonic.hmi2settings; className: android.widget.TextView; text: RSE_Test; error: null; maxTextLength: -1; contentDescription: null; viewIdResName: com.panasonic.hmi2settings:id/wifiName; checkable: false; checked: false; focusable: false; focused: false; selected: false; clickable: false; longClickable: false; contextClickable: false; enabled: true; password: false; scrollable: false; importantForAccessibility: true; actions: [AccessibilityAction: ACTION_SELECT - null, AccessibilityAction: ACTION_CLEAR_SELECTION - null, AccessibilityAction: ACTION_ACCESSIBILITY_FOCUS - null, AccessibilityAction: ACTION_NEXT_AT_MOVEMENT_GRANULARITY - null, AccessibilityAction: ACTION_PREVIOUS_AT_MOVEMENT_GRANULARITY - null, AccessibilityAction: ACTION_SET_SELECTION - null, AccessibilityAction: ACTION_SHOW_ON_SCREEN - null]]
01-01 00:39:09.800  3675 13206 D UIAutomatorStub: URI: /jsonrpc/0, Method: POST, Header: {content-length=176, remote-addr=127.0.0.1, http-client-ip=127.0.0.1, host=localhost:9009, content-type=application/json, connection=close, accept-encoding=identity, user-agent=Python-urllib/2.7}, params, {NanoHttpd.QUERY_STRING=null}, files: {postData={"params": [{"childOrSiblingSelector": [], "text": "RSE_Test", "mask": 1, "childOrSibling": []}], "jsonrpc": "2.0", "method": "click", "id": "d4be613821f09574d3b00ef7aff7c18e"}}
01-01 00:39:09.864  3739  3739 W HMI2-SETTINGS - CI08.4: className -> WifiAdapter | functionName -> onBindViewHolder | value -> allWifiList.get(position).getSecurityType() : wifiNametrue
01-01 00:39:09.864  3739  3739 W HMI2-SETTINGS - CI08.4: className -> WifiActivity | functionName -> onWifiClick | value -> getSecurityType ->true
01-01 00:39:09.864  3675 13207 D UIAutomatorStub: URI: /jsonrpc/0, Method: POST, Header: {content-length=213, remote-addr=127.0.0.1, http-client-ip=127.0.0.1, host=localhost:9009, content-type=application/json, connection=close, accept-encoding=identity, user-agent=Python-urllib/2.7}, params, {NanoHttpd.QUERY_STRING=null}, files: {postData={"params": [{"childOrSiblingSelector": [], "className": "android.widget.EditText", "mask": 16, "childOrSibling": []}, "Secure7@55"], "jsonrpc": "2.0", "method": "setText", "id": "edfedbee7e325f81b138afb7827e6e43"}}
01-01 00:39:09.879   635   635 E ANDR-PERF-TARGET: Error: Invalid logical cluster id 0
01-01 00:39:09.879   635   635 E ANDR-PERF-MPCTL: invalid request, no optimizations performed
01-01 00:39:09.899  3739  3739 D View    : setSystemUiVisibility: creating intent for action ACTION_ACTIVITY_FULLSCREEN
01-01 00:39:09.899  3739  3739 W ContextImpl: Calling a method in the system process without a qualified user: android.app.ContextImpl.startService:1476 android.content.ContextWrapper.startService:650 android.view.View.setSystemUiVisibility:22653 com.panasonic.hmi2settings.activity.WifiActivity.connectToWifi:1215 com.panasonic.hmi2settings.activity.WifiActivity.onWifiClick:522 
01-01 00:39:09.901  1151  2233 D CompatibilityInfo: mCompatibilityFlags - 4
01-01 00:39:09.901  1151  2233 D CompatibilityInfo: applicationDensity - 240
01-01 00:39:09.901  1151  2233 D CompatibilityInfo: applicationScale - 1.0
01-01 00:39:09.901  3739  3739 D View    : setSystemUiVisibility: startService done
01-01 00:39:09.907  1392  1392 W SYSTEM_UI: SWR_SYSTEM_UI_007|FUN=CollapsedStatusBarFragment::getAction |1|Broadcast action --> STATUS_UPDATE_ACTION
01-01 00:39:09.907  1392  1392 W SYSTEM_UI: SWR_SYSTEM_UI_007|FUN=CollapsedStatusBarFragment::getIntExtra |1|NotifySystemUpdates dataType --> 101
01-01 00:39:09.907  1392  1392 W SYSTEM_UI - CI07.3: className -> CollapsedStatusBarFragment | functionName -> NotifySystemUpdates | onReceive -->  | value -> FULLSCREEN MODE CHANGED | isFullScreenStatus --> false | fullScreenPackage -->com.panasonic.hmi2settings | fullscreenLastShownPackage -->null | topActivityPackage --> com.panasonic.hmi2settings
01-01 00:39:09.907  1392  1392 W SYSTEM_UI - CI07.3: className -> CollapsedStatusBarFragment | functionName -> NotifySystemUpdates | onReceive -->  | value -> Fullscreen mode changed --> path 5
01-01 00:39:09.909  1151  1538 D WindowManager: addToDisplay >>> FLAG_FULLSCREEN not set in WindowManager.LayoutParams
01-01 00:39:09.909  1151  1538 D WindowManager: startStatusReceiverServiceOnFlagSet: creating intent for action ACTION_ACTIVITY_FULLSCREEN
01-01 00:39:09.909  1151  1538 W ContextImpl: Calling a method in the system process without a qualified user: android.app.ContextImpl.startService:1476 com.android.server.wm.Session.startStatusReceiverServiceOnFlagSet:762 com.android.server.wm.Session.addToDisplay:217 android.view.IWindowSession$Stub.onTransact:124 com.android.server.wm.Session.onTransact:166 
01-01 00:39:09.910  1151  1538 D CompatibilityInfo: mCompatibilityFlags - 4
01-01 00:39:09.910  1151  1538 D CompatibilityInfo: applicationDensity - 240
01-01 00:39:09.910  1151  1538 D CompatibilityInfo: applicationScale - 1.0
01-01 00:39:09.911  1151  1538 D WindowManager: startStatusReceiverServiceOnFlagSet: startService done
01-01 00:39:09.915  3739  3739 W HMI2-SETTINGS: SWR_BAIDU_HMI_0015|FUN=WifiActivity::addView|0|Display password enter dialog with addView method.
01-01 00:39:09.915  3739  3739 W HMI2-SETTINGS: SWR_BAIDU_HMI_0027|FUN=WifiActivity::addView|0|Display password enter dialog with addView method.
01-01 00:39:09.916  3739  3739 W HMI2-SETTINGS - CI08.4: className -> WifiActivity | functionName -> setOnFocusChangeListener :   | value -> hasFocus:true
01-01 00:39:09.919  1392  1392 W SYSTEM_UI: SWR_SYSTEM_UI_007|FUN=CollapsedStatusBarFragment::getAction |1|Broadcast action --> STATUS_UPDATE_ACTION
01-01 00:39:09.919  1392  1392 W SYSTEM_UI: SWR_SYSTEM_UI_007|FUN=CollapsedStatusBarFragment::getIntExtra |1|NotifySystemUpdates dataType --> 101
01-01 00:39:09.919  1392  1392 W SYSTEM_UI - CI07.3: className -> CollapsedStatusBarFragment | functionName -> NotifySystemUpdates | onReceive -->  | value -> FULLSCREEN MODE CHANGED | isFullScreenStatus --> false | fullScreenPackage -->com.panasonic.hmi2settings | fullscreenLastShownPackage -->null | topActivityPackage --> com.panasonic.hmi2settings
01-01 00:39:09.919  1392  1392 W SYSTEM_UI - CI07.3: className -> CollapsedStatusBarFragment | functionName -> NotifySystemUpdates | onReceive -->  | value -> Fullscreen mode changed --> path 5
01-01 00:39:09.920  1151  4493 D mEnabledInputMethodsStrCache: com.android.inputmethods.latin/.LatinIME
01-01 00:39:09.920  1151  4493 D systemLanguageCode: en__GB
01-01 00:39:09.920  1151  4493 D mEnabledInputMethodsStrCache: com.android.inputmethods.latin/.LatinIME
01-01 00:39:09.922  1151  1538 D mEnabledInputMethodsStrCache: com.android.inputmethods.latin/.LatinIME
01-01 00:39:09.922  1151  1538 D systemLanguageCode: en__GB
01-01 00:39:09.922  1151  1538 D mEnabledInputMethodsStrCache: com.android.inputmethods.latin/.LatinIME
01-01 00:39:09.925  1151  4493 D mEnabledInputMethodsStrCache: com.android.inputmethods.latin/.LatinIME
01-01 00:39:09.925  1151  4493 D systemLanguageCode: en__GB
01-01 00:39:09.925  1151  4493 D mEnabledInputMethodsStrCache: com.android.inputmethods.latin/.LatinIME
01-01 00:39:09.927  1151  4493 D mEnabledInputMethodsStrCache: com.android.inputmethods.latin/.LatinIME
01-01 00:39:09.927  1151  4493 D systemLanguageCode: en__GB
01-01 00:39:09.927  1151  4493 D mEnabledInputMethodsStrCache: com.android.inputmethods.latin/.LatinIME
01-01 00:39:09.929  1151  1538 D mEnabledInputMethodsStrCache: com.android.inputmethods.latin/.LatinIME
01-01 00:39:09.929  1151  1538 D systemLanguageCode: en__GB
01-01 00:39:09.929  1151  1538 D mEnabledInputMethodsStrCache: com.android.inputmethods.latin/.LatinIME
01-01 00:39:09.930  1151  1538 D mEnabledInputMethodsStrCache: com.android.inputmethods.latin/.LatinIME
01-01 00:39:09.930  1151  1538 D systemLanguageCode: en__GB
01-01 00:39:09.930  1151  1538 D mEnabledInputMethodsStrCache: com.android.inputmethods.latin/.LatinIME
01-01 00:39:09.931  1151  1538 D WindowManager: relayout packageName=com.panasonic.hmi2settings::session=Session{c47ecfc 3739:1000}::window=android.view.IWindow$Stub$Proxy@3d88b83::attrs.flags=1000100
01-01 00:39:09.932  1151  1538 D WindowManager: relayout >>> FLAG_FULLSCREEN not set in WindowManager.LayoutParams
01-01 00:39:09.932  1151  1538 D WindowManager: startStatusReceiverServiceOnFlagSet: creating intent for action ACTION_ACTIVITY_FULLSCREEN
01-01 00:39:09.932  1151  1538 W ContextImpl: Calling a method in the system process without a qualified user: android.app.ContextImpl.startService:1476 com.android.server.wm.Session.startStatusReceiverServiceOnFlagSet:762 com.android.server.wm.Session.relayout:276 android.view.IWindowSession$Stub.onTransact:286 com.android.server.wm.Session.onTransact:166 
01-01 00:39:09.932  1379  1379 I LatinIME: SWR_HMISERVICE_SPELLER_MF_001||FUN=onStartInputViewInternal || 1 || Starting input. Cursor position = -1,-1
01-01 00:39:09.933  1151  1538 D CompatibilityInfo: mCompatibilityFlags - 4
01-01 00:39:09.933  1151  1538 D CompatibilityInfo: applicationDensity - 240
01-01 00:39:09.933  1151  1538 D CompatibilityInfo: applicationScale - 1.0
01-01 00:39:09.933  1151  1538 D WindowManager: startStatusReceiverServiceOnFlagSet: startService done
01-01 00:39:09.938  1392  1392 W SYSTEM_UI: SWR_SYSTEM_UI_007|FUN=CollapsedStatusBarFragment::getAction |1|Broadcast action --> STATUS_UPDATE_ACTION
01-01 00:39:09.938  1392  1392 W SYSTEM_UI: SWR_SYSTEM_UI_007|FUN=CollapsedStatusBarFragment::getIntExtra |1|NotifySystemUpdates dataType --> 101
01-01 00:39:09.938  1392  1392 W SYSTEM_UI - CI07.3: className -> CollapsedStatusBarFragment | functionName -> NotifySystemUpdates | onReceive -->  | value -> FULLSCREEN MODE CHANGED | isFullScreenStatus --> false | fullScreenPackage -->com.panasonic.hmi2settings | fullscreenLastShownPackage -->null | topActivityPackage --> com.panasonic.hmi2settings
01-01 00:39:09.938  1392  1392 W SYSTEM_UI - CI07.3: className -> CollapsedStatusBarFragment | functionName -> NotifySystemUpdates | onReceive -->  | value -> Fullscreen mode changed --> path 5
01-01 00:39:09.942   729   748 I sssv-lib: sendMsg enter
01-01 00:39:09.942   729   748 I sssv-lib: sendMsg complete.
01-01 00:39:09.963  3675 13207 W ByMatcher: Node returned null child: android.view.accessibility.AccessibilityNodeInfo@7442; boundsInParent: Rect(0, 0 - 1920, 104); boundsInScreen: Rect(0, 0 - 1920, 104); packageName: com.android.systemui; className: android.widget.FrameLayout; text: null; error: null; maxTextLength: -1; contentDescription: null; viewIdResName: null; checkable: false; checked: false; focusable: false; focused: false; selected: false; clickable: false; longClickable: false; contextClickable: false; enabled: true; password: false; scrollable: false; importantForAccessibility: true; actions: [AccessibilityAction: ACTION_SELECT - null, AccessibilityAction: ACTION_CLEAR_SELECTION - null, AccessibilityAction: ACTION_ACCESSIBILITY_FOCUS - null, AccessibilityAction: ACTION_SHOW_ON_SCREEN - null]
01-01 00:39:09.963  3675 13207 W ByMatcher: Skipping null child (0 of 4)
01-01 00:39:09.964  3675 13207 W ByMatcher: Skipping null child (1 of 4)
01-01 00:39:09.965  3675 13207 W ByMatcher: Skipping null child (2 of 4)
01-01 00:39:09.965  3675 13207 W ByMatcher: Skipping null child (3 of 4)
01-01 00:39:09.966  3675 13207 W ByMatcher: Node returned null child: android.view.accessibility.AccessibilityNodeInfo@7442; boundsInParent: Rect(0, 0 - 1920, 104); boundsInScreen: Rect(0, 0 - 1920, 104); packageName: com.android.systemui; className: android.widget.FrameLayout; text: null; error: null; maxTextLength: -1; contentDescription: null; viewIdResName: null; checkable: false; checked: false; focusable: false; focused: false; selected: false; clickable: false; longClickable: false; contextClickable: false; enabled: true; password: false; scrollable: false; importantForAccessibility: true; actions: [AccessibilityAction: ACTION_SELECT - null, AccessibilityAction: ACTION_CLEAR_SELECTION - null, AccessibilityAction: ACTION_ACCESSIBILITY_FOCUS - null, AccessibilityAction: ACTION_SHOW_ON_SCREEN - null]
01-01 00:39:09.966  3675 13207 W ByMatcher: Skipping null child (0 of 4)
01-01 00:39:09.972  3675 13207 W ByMatcher: Skipping null child (1 of 4)
01-01 00:39:09.973  3675 13207 W ByMatcher: Skipping null child (2 of 4)
01-01 00:39:09.974  3675 13207 W ByMatcher: Skipping null child (3 of 4)
01-01 00:39:09.982  3675 13207 W ByMatcher: Node returned null child: android.view.accessibility.AccessibilityNodeInfo@80006f2c; boundsInParent: Rect(0, 0 - 1920, 1080); boundsInScreen: Rect(0, 0 - 1920, 1080); packageName: com.panasonic.hmi2settings; className: android.widget.FrameLayout; text: null; error: null; maxTextLength: -1; contentDescription: null; viewIdResName: null; checkable: false; checked: false; focusable: false; focused: false; selected: false; clickable: false; longClickable: false; contextClickable: false; enabled: true; password: false; scrollable: false; importantForAccessibility: true; actions: [AccessibilityAction: ACTION_SELECT - null, AccessibilityAction: ACTION_CLEAR_SELECTION - null, AccessibilityAction: ACTION_ACCESSIBILITY_FOCUS - null, AccessibilityAction: ACTION_SHOW_ON_SCREEN - null]
01-01 00:39:09.982  3675 13207 W ByMatcher: Skipping null child (0 of 1)
01-01 00:39:09.983  3675 13207 W ByMatcher: Node returned null child: android.view.accessibility.AccessibilityNodeInfo@80006f2c; boundsInParent: Rect(0, 0 - 1920, 1080); boundsInScreen: Rect(0, 0 - 1920, 1080); packageName: com.panasonic.hmi2settings; className: android.widget.FrameLayout; text: null; error: null; maxTextLength: -1; contentDescription: null; viewIdResName: null; checkable: false; checked: false; focusable: false; focused: false; selected: false; clickable: false; longClickable: false; contextClickable: false; enabled: true; password: false; scrollable: false; importantForAccessibility: true; actions: [AccessibilityAction: ACTION_SELECT - null, AccessibilityAction: ACTION_CLEAR_SELECTION - null, AccessibilityAction: ACTION_ACCESSIBILITY_FOCUS - null, AccessibilityAction: ACTION_SHOW_ON_SCREEN - null]
01-01 00:39:09.983  3675 13207 W ByMatcher: Skipping null child (0 of 1)
01-01 00:39:10.015  1379  1379 I InputAttributes: InputType.TYPE_NULL is specified
01-01 00:39:10.019  1151  2233 D mEnabledInputMethodsStrCache: com.android.inputmethods.latin/.LatinIME
01-01 00:39:10.019  1151  2233 D systemLanguageCode: en__GB
