01-01 01:04:54.337  1392  1392 W SYSTEM_UI - CI07.3: className -> CollapsedStatusBarFragment | functionName -> NotifySystemUpdates | onReceive -->  | value -> FULLSCREEN MODE CHANGED | isFullScreenStatus --> false | fullScreenPackage -->com.panasonic.hmi2settings | fullscreenLastShownPackage -->null | topActivityPackage --> com.panasonic.hmi2settings
01-01 01:04:54.337  1392  1392 W SYSTEM_UI - CI07.3: className -> CollapsedStatusBarFragment | functionName -> NotifySystemUpdates | onReceive -->  | value -> Fullscreen mode changed --> path 5
01-01 01:04:54.341  1151  1179 D ActivityTrigger: ActivityTrigger activityStopTrigger 
01-01 01:04:54.343  3739  3739 V Activity: back_button: onSaveInstanceState entry:com.panasonic.hmi2settings.activity.WifiManagerActivity@200cf74
01-01 01:04:54.343  3739  3739 V Activity: onSaveInstanceState com.panasonic.hmi2settings.activity.WifiManagerActivity@200cf74: Bundle[{android:viewHierarchyState=Bundle[{android:views={16908290=android.view.AbsSavedState$1@499b012, 2131427430=android.view.AbsSavedState$1@499b012, 2131427431=android.view.AbsSavedState$1@499b012, 2131427450=android.view.AbsSavedState$1@499b012, 2131427452=android.view.AbsSavedState$1@499b012, 2131427460=android.view.AbsSavedState$1@499b012, 2131427507=android.view.AbsSavedState$1@499b012, 2131427508=android.view.AbsSavedState$1@499b012, 2131427509=android.view.AbsSavedState$1@499b012, 2131427510=android.view.AbsSavedState$1@499b012, 2131427511=android.view.AbsSavedState$1@499b012, 2131427512=android.view.AbsSavedState$1@499b012, 2131427513=android.view.AbsSavedState$1@499b012, 2131427514=android.view.AbsSavedState$1@499b012}}], android:lastAutofillId=1073741823, android:fragments=android.app.FragmentManagerState@187cc02}]
01-01 01:04:54.344  3739  3739 V Activity: onStop com.panasonic.hmi2settings.activity.WifiManagerActivity@200cf74
01-01 01:04:54.364  1392  1392 W SYSTEM_UI - CI07.3: className -> NotificationUIService | functionName -> populateValidNotifications | value -> NOTIFICATION_INFO || packageName --> android | notificationTitle --> Connect to open WiFi network | notificationText --> HP-Print-DB-LaserJet Pro MFP | postedTime --> 3894022 | notificationId --> 17303299 | notificationFlag --> 256 | isClearable --> true | isOngoing --> false | notificationPriority --> 0 | notificationChannelImportance --> 2
01-01 01:04:54.365  1392  1392 W SYSTEM_UI - CI07.3: className -> NotificationUIService | functionName -> populateValidNotifications | value -> Notification entry not valid. System notification.
01-01 01:04:54.365  1392  1392 W SYSTEM_UI - CI07.3: className -> NotificationUIService | functionName -> populateValidNotifications | value -> NOTIFICATION_INFO || packageName --> android | notificationTitle --> USB debugging connected | notificationText --> Tap to disable USB debugging. | postedTime --> 19764 | notificationId --> 26 | notificationFlag --> 2 | isClearable --> false | isOngoing --> true | notificationPriority --> 0 | notificationChannelImportance --> 2
01-01 01:04:54.366  1392  1392 W SYSTEM_UI - CI07.3: className -> NotificationUIService | functionName -> populateValidNotifications | value -> Notification entry not valid. System notification.
01-01 01:04:54.366  1392  1392 W SYSTEM_UI - CI07.3: className -> NotificationUIService | functionName -> populateValidNotifications | value -> NOTIFICATION_INFO || packageName --> android | notificationTitle --> USB charging this device | notificationText --> Tap for more options. | postedTime --> 19755 | notificationId --> 32 | notificationFlag --> 2 | isClearable --> false | isOngoing --> true | notificationPriority --> 0 | notificationChannelImportance --> 1
01-01 01:04:54.366  1392  1392 W SYSTEM_UI - CI07.3: className -> NotificationUIService | functionName -> populateValidNotifications | value -> Notification entry not valid. System notification.
01-01 01:04:54.366  1392  1392 W SYSTEM_UI: SWR_SYSTEM_UI_003|FUN=NotificationUIService::notifyStatusLineNotifications|1|statusLineNotificationPackages size --> 0
01-01 01:04:54.367  1392  1392 W SYSTEM_UI - CI07.3: className -> NotificationUIService | functionName -> updateData | value -> passed
01-01 01:04:54.367  1392  1392 W SYSTEM_UI: SWR_BAIDU_HMI_0023 SWR_SYSTEM_UI_003 SWR_SYSTEM_UI_004|FUN=NotificationUIService::updateData|1|Received notifications from Android framework
01-01 01:04:54.367  1392  1392 W SYSTEM_UI - CI07.3: className -> NotificationUIService | functionName -> refresh | value -> updateData value --> []
01-01 01:04:54.367  1392  1392 W SYSTEM_UI: SWR_SYSTEM_UI_007|FUN=CollapsedStatusBarFragment::getAction |1|Broadcast action --> STATUS_UPDATE_ACTION
01-01 01:04:54.367  1392  1392 W SYSTEM_UI: SWR_SYSTEM_UI_007|FUN=CollapsedStatusBarFragment::getIntExtra |1|NotifySystemUpdates dataType --> 102
01-01 01:04:54.367  1392  1392 W SYSTEM_UI - CI07.3: className -> CollapsedStatusBarFragment | functionName -> NotifySystemUpdates | onReceive -->  | value -> DATATYPE_NOTIFICATION: 0
01-01 01:04:54.367  1392  1392 W SYSTEM_UI: SWR_SYSTEM_UI_003|FUN=CollapsedStatusBarFragment::NotifySystemUpdates | onREeceive|1|DATATYPE_NOTIFICATION: 0
01-01 01:04:54.455  1933  1933 I LCMANDR : SWR_OOB_HV_MF_009|FUN=ResourceMonitoringService::movingMemoryAverage|2|Moving memory average :32.521027
01-01 01:04:54.455  1933  1933 W LCMANDR : SWR_OOB_HV_MF_009|FUN=ResourceMonitoringService::getCpuUsageStatistic|Moving MEM AVG :::::::::32.521027
01-01 01:04:54.456  1933  1933 W LCMANDR : SWR_OOB_HV_MF_009|FUN=ResourceMonitoringService::getCpuUsageStatistic|2|Total cpu usage :35.802467
01-01 01:04:54.456  1933  1933 I LCMANDR : SWR_OOB_HV_MF_009|FUN=ResourceMonitoringService::getCpuUsageStatistic|Cpu usage of core  0 is35.03401
01-01 01:04:54.456  1933  1933 I LCMANDR : SWR_OOB_HV_MF_009|FUN=ResourceMonitoringService::getCpuUsageStatistic|Cpu usage of core  1 is31.56146
01-01 01:04:54.456  1933  1933 I LCMANDR : SWR_OOB_HV_MF_009|FUN=ResourceMonitoringService::getCpuUsageStatistic|Cpu usage of core  2 is40.87838
01-01 01:04:54.456  1933  1933 I LCMANDR : ResourceMonitoringService::movingCpuAverage()
01-01 01:04:54.456  1933  1933 I LCMANDR : SWR_OOB_HV_MF_009|FUN=ResourceMonitoringService::movingCpuAverage|2|Moving window average of CPU 29.319004
01-01 01:04:54.456  1933  1933 I LCMANDR : SWR_OOB_HV_MF_009|FUN=ResourceMonitoringService::movingCpuAverage|2|Cpu moving average of core  0 is28.437506
01-01 01:04:54.456  1933  1933 I LCMANDR : SWR_OOB_HV_MF_009|FUN=ResourceMonitoringService::movingCpuAverage|2|Cpu moving average of core  1 is24.423344
01-01 01:04:54.456  1933  1933 I LCMANDR : SWR_OOB_HV_MF_009|FUN=ResourceMonitoringService::movingCpuAverage|2|Cpu moving average of core  2 is34.98062
01-01 01:04:54.456  1933  1933 D LCMANDR : SWR_OOB_HV_MF_009|FUN=ResourceMonitoringService::movingCpuAverage|2|Exiting VAL = 29.319004
01-01 01:04:54.571   729   748 I sssv-lib: sendMsg enter
01-01 01:04:54.571   729   748 I sssv-lib: sendMsg complete.
01-01 01:04:54.601  1151  1162 I zygote64: NativeAlloc concurrent copying GC freed 193274(8MB) AllocSpace objects, 52(2MB) LOS objects, 42% free, 15MB/27MB, paused 174us total 137.284ms
01-01 01:04:54.872  1933  1933 W LCMANDR : SWR_OOB_HV_MF_009|FUN=MonitoringTimer::checkStatus|memoryInfo.availMem[MB] = 4779
01-01 01:04:54.941  1151  2229 D WificondControl: Scan result ready event
01-01 01:04:54.942  1151  1323 I WifiService: isScanAlwaysAvailable uid=1000
01-01 01:04:54.942  1151  1323 I WifiService: getWifiEnabledState uid=1000
01-01 01:04:54.943   808   808 I wificond: Enters wifigbk_ageOutHistory
01-01 01:04:54.945   921  1439 I LOWI-8.5.0.3.c: [LOWI-Scan] lowi_close_record:Scan completed in 3874984ms and Recieved 42 APs scan results
01-01 01:04:54.947   921   961 I LOWI-8.5.0.3.c: [LOWIUtils] responseToOutPostcard - TO: GTP-FDAL, FROM:   LOWI-SERVER, RESP:  LOWI_ASYNC_DISCOVERY_SCAN_RESULTS
01-01 01:04:54.948  1151  1323 D WificondScannerImpl: Filtering out 3 scan results.
01-01 01:04:54.948  1151  1323 I WifiService: isScanAlwaysAvailable uid=1000
01-01 01:04:54.948  1151  1323 I WifiService: getWifiEnabledState uid=1000
01-01 01:04:54.948   625   625 D WifiHAL : Start get packet fate command
01-01 01:04:54.948   625   625 D WifiHAL : createRequest Get Tx packet fate request
01-01 01:04:54.949   625   625 E WifiHAL : Failed to register get pkt fate response; result = -95
01-01 01:04:54.949  1151  1317 E WifiVendorHal: getTxPktFates(l.2067) failed {.code = ERROR_UNKNOWN, .description = errno: -95 (Unknown error -95)}
01-01 01:04:54.950   625   625 D WifiHAL : Start get packet fate command
01-01 01:04:54.950   625   625 D WifiHAL : createRequest Get Rx packet fate request
01-01 01:04:54.950   625   625 E WifiHAL : Failed to register get pkt fate response; result = -95
01-01 01:04:54.951  1151  1317 E WifiVendorHal: getRxPktFates(l.2107) failed {.code = ERROR_UNKNOWN, .description = errno: -95 (Unknown error -95)}
01-01 01:04:54.952  2145  2145 D HMI_SERVICE: USE_CASE_NA|FUN=HmiApplication| [action] android.net.wifi.SCAN_RESULTS
01-01 01:04:54.952  3739  3739 E HMI2-SETTINGS - CI08.4: className -> WifiActivity | functionName -> mWifiScanReceiver -> onReceive | error ->intent_action:android.net.wifi.SCAN_RESULTS
01-01 01:04:54.952   924   979 W XTCC-6.1.2.10-a: [LOWIUtils] to_eScanTypeResponse - default case
01-01 01:04:54.953   924   979 W XTCC-6.1.2.10-a: [WifiScanner] WiFi scan result : [42] AP's, async result: 1
01-01 01:04:54.953  1151  2229 I WifiService: getWifiEnabledState uid=1000
01-01 01:04:54.954  1151  2234 I WifiService: getConfiguredNetworks uid=1000
01-01 01:04:54.961  1151  1317 D ScanResultUtil: isScanResultForWapiPskNetwork: false
01-01 01:04:54.962  1151  1317 I chatty  : uid=1000(system) WifiStateMachin identical 58 lines
01-01 01:04:54.962  1151  1317 D ScanResultUtil: isScanResultForWapiPskNetwork: false
01-01 01:04:54.963  1151  1317 W WifiConfigManager: Looking up network with invalid networkId -1
01-01 01:04:54.964  1151  1317 D ScanResultUtil: isScanResultForWapiPskNetwork: false
01-01 01:04:54.966  1151  1317 I chatty  : uid=1000(system) WifiStateMachin identical 31 lines
01-01 01:04:54.966  1151  1317 D ScanResultUtil: isScanResultForWapiPskNetwork: false
01-01 01:04:54.967  3739  3739 W HMI2-SETTINGS: SWR_BAIDU_HMI_0027|SWR_BAIDU_HMI_0015|FUN=WifiActivity::getScanResults|1|Get list of available wifi hotspots.
01-01 01:04:54.972  3739  3739 W HMI2-SETTINGS - CI08.4: className -> WifiActivity | functionName -> isWapiVariantBlocked | value -> security_type:2
01-01 01:04:54.972  3739  3739 W HMI2-SETTINGS - CI08.4: className -> WifiActivity | functionName -> isInConnected | value -> | ACSIA_CORP3|0|2
01-01 01:04:54.972  3739  3739 W HMI2-SETTINGS - CI08.4: className -> WifiActivity | functionName -> isWapiVariantBlocked | value -> security_type:2
01-01 01:04:54.972  3739  3739 W HMI2-SETTINGS - CI08.4: className -> WifiActivity | functionName -> isInConnected | value -> |ACSIA_Management|0|2
01-01 01:04:54.972  3739  3739 W HMI2-SETTINGS - CI08.4: className -> WifiActivity | functionName -> isWapiVariantBlocked | value -> security_type:2
01-01 01:04:54.972  3739  3739 W HMI2-SETTINGS - CI08.4: className -> WifiActivity | functionName -> isInConnected | value -> |ACSIA_GUEST1|0|2
01-01 01:04:54.972  3739  3739 W HMI2-SETTINGS - CI08.4: className -> WifiActivity | functionName -> isWapiVariantBlocked | value -> security_type:2
01-01 01:04:54.972  3739  3739 W HMI2-SETTINGS - CI08.4: className -> WifiActivity | functionName -> isInConnected | value -> |ACSIA_CORP2|0|2
01-01 01:04:54.972  3739  3739 W HMI2-SETTINGS - CI08.4: className -> WifiActivity | functionName -> isWapiVariantBlocked | value -> security_type:2
01-01 01:04:54.973  3739  3739 W HMI2-SETTINGS - CI08.4: className -> WifiActivity | functionName -> isInConnected | value -> |ACSIA_DEV|0|2
01-01 01:04:54.973  3739  3739 W HMI2-SETTINGS - CI08.4: className -> WifiActivity | functionName -> isWapiVariantBlocked | value -> security_type:2
01-01 01:04:54.973  3739  3739 W HMI2-SETTINGS - CI08.4: className -> WifiActivity | functionName -> isInConnected | value -> |ACSIA_CORP1|0|2
01-01 01:04:54.973  3739  3739 W HMI2-SETTINGS - CI08.4: className -> WifiActivity | functionName -> isWapiVariantBlocked | value -> security_type:2
01-01 01:04:54.973  3739  3739 W HMI2-SETTINGS - CI08.4: className -> WifiActivity | functionName -> isInConnected | value -> |RSE_Test|0|2
01-01 01:04:54.973  3739  3739 W HMI2-SETTINGS - CI08.4: className -> WifiActivity | functionName -> isWapiVariantBlocked | value -> security_type:2
01-01 01:04:54.973  3739  3739 W HMI2-SETTINGS - CI08.4: className -> WifiActivity | functionName -> isInConnected | value -> |Secure|0|2
01-01 01:04:54.973  3739  3739 W HMI2-SETTINGS - CI08.4: className -> WifiActivity | functionName -> isWapiVariantBlocked | value -> security_type:2
01-01 01:04:54.973  3739  3739 W HMI2-SETTINGS - CI08.4: className -> WifiActivity | functionName -> isInConnected | value -> |NETGEAR66-5G|0|2
01-01 01:04:54.973  3739  3739 W HMI2-SETTINGS - CI08.4: className -> WifiActivity | functionName -> isWapiVariantBlocked | value -> security_type:2
01-01 01:04:54.973  3739  3739 W HMI2-SETTINGS - CI08.4: className -> WifiActivity | functionName -> isInConnected | value -> |ACSIA_CORP1|0|2
01-01 01:04:54.973  3739  3739 W HMI2-SETTINGS - CI08.4: className -> WifiActivity | functionName -> isWapiVariantBlocked | value -> security_type:2
01-01 01:04:54.973  3739  3739 W HMI2-SETTINGS - CI08.4: className -> WifiActivity | functionName -> isInConnected | value -> |ACSIA_GUEST1|0|2
01-01 01:04:54.973  3739  3739 W HMI2-SETTINGS - CI08.4: className -> WifiActivity | functionName -> isWapiVariantBlocked | value -> security_type:2
01-01 01:04:54.973  3739  3739 W HMI2-SETTINGS - CI08.4: className -> WifiActivity | functionName -> isInConnected | value -> |ACSIA_CORP2|0|2
01-01 01:04:54.973  3739  3739 W HMI2-SETTINGS - CI08.4: className -> WifiActivity | functionName -> isWapiVariantBlocked | value -> security_type:2
01-01 01:04:54.973  3739  3739 W HMI2-SETTINGS - CI08.4: className -> WifiActivity | functionName -> isInConnected | value -> |ACSIA_DEV|0|2
01-01 01:04:54.973  3739  3739 W HMI2-SETTINGS - CI08.4: className -> WifiActivity | functionName -> isWapiVariantBlocked | value -> security_type:2
01-01 01:04:54.973  3739  3739 W HMI2-SETTINGS - CI08.4: className -> WifiActivity | functionName -> isInConnected | value -> |ACSIA_Management|0|2
01-01 01:04:54.973  3739  3739 W HMI2-SETTINGS - CI08.4: className -> WifiActivity | functionName -> isWapiVariantBlocked | value -> security_type:2
01-01 01:04:54.973  3739  3739 W HMI2-SETTINGS - CI08.4: className -> WifiActivity | functionName -> isInConnected | value -> | ACSIA_CORP3|0|2
01-01 01:04:54.973  3739  3739 W HMI2-SETTINGS - CI08.4: className -> WifiActivity | functionName -> isWapiVariantBlocked | value -> security_type:2
01-01 01:04:54.973  3739  3739 W HMI2-SETTINGS - CI08.4: className -> WifiActivity | functionName -> isInConnected | value -> |RSE_Test|0|2
01-01 01:04:54.973  3739  3739 W HMI2-SETTINGS - CI08.4: className -> WifiActivity | functionName -> isWapiVariantBlocked | value -> security_type:2
01-01 01:04:54.973  3739  3739 W HMI2-SETTINGS - CI08.4: className -> WifiActivity | functionName -> isInConnected | value -> |HUWIFI|0|2
01-01 01:04:54.973  3739  3739 W HMI2-SETTINGS - CI08.4: className -> WifiActivity | functionName -> isWapiVariantBlocked | value -> security_type:2
01-01 01:04:54.973  3739  3739 W HMI2-SETTINGS - CI08.4: className -> WifiActivity | functionName -> isInConnected | value -> |DIRECT-vQINLT044msmJ|0|2
01-01 01:04:54.973  3739  3739 W HMI2-SETTINGS - CI08.4: className -> WifiActivity | functionName -> isWapiVariantBlocked | value -> security_type:2
01-01 01:04:54.973  3739  3739 W HMI2-SETTINGS - CI08.4: className -> WifiActivity | functionName -> isInConnected | value -> |DIRECT-DMATCLWI2064msNL|0|2
01-01 01:04:54.973  3739  3739 W HMI2-SETTINGS - CI08.4: className -> WifiActivity | functionName -> isWapiVariantBlocked | value -> security_type:2
01-01 01:04:54.973  3739  3739 W HMI2-SETTINGS - CI08.4: className -> WifiActivity | functionName -> isInConnected | value -> |AUTOMATION_TEST|0|2
01-01 01:04:54.973  3739  3739 W HMI2-SETTINGS - CI08.4: className -> WifiActivity | functionName -> isWapiVariantBlocked | value -> security_type:2
01-01 01:04:54.973  3739  3739 W HMI2-SETTINGS - CI08.4: className -> WifiActivity | functionName -> isInConnected | value -> |ACSIA_CORP1|0|2
01-01 01:04:54.973  3739  3739 W HMI2-SETTINGS - CI08.4: className -> WifiActivity | functionName -> isWapiVariantBlocked | value -> security_type:2
01-01 01:04:54.974  3739  3739 W HMI2-SETTINGS - CI08.4: className -> WifiActivity | functionName -> isInConnected | value -> |ACSIA_GUEST1|0|2
01-01 01:04:54.974  3739  3739 W HMI2-SETTINGS - CI08.4: className -> WifiActivity | functionName -> isWapiVariantBlocked | value -> security_type:2
01-01 01:04:54.974  3739  3739 W HMI2-SETTINGS - CI08.4: className -> WifiActivity | functionName -> isInConnected | value -> |ACSIA_DEV|0|2
01-01 01:04:54.974  3739  3739 W HMI2-SETTINGS - CI08.4: className -> WifiActivity | functionName -> isWapiVariantBlocked | value -> security_type:2
01-01 01:04:54.974  3739  3739 W HMI2-SETTINGS - CI08.4: className -> WifiActivity | functionName -> isInConnected | value -> | ACSIA_CORP3|0|2
01-01 01:04:54.974  3739  3739 W HMI2-SETTINGS - CI08.4: className -> WifiActivity | functionName -> isWapiVariantBlocked | value -> security_type:2
01-01 01:04:54.974  3739  3739 W HMI2-SETTINGS - CI08.4: className -> WifiActivity | functionName -> isInConnected | value -> |ACSIA_CORP2|0|2
01-01 01:04:54.974  3739  3739 W HMI2-SETTINGS - CI08.4: className -> WifiActivity | functionName -> isWapiVariantBlocked | value -> security_type:2
01-01 01:04:54.974  3739  3739 W HMI2-SETTINGS - CI08.4: className -> WifiActivity | functionName -> isInConnected | value -> |ACSIA_Management|0|2
01-01 01:04:54.974  3739  3739 W HMI2-SETTINGS - CI08.4: className -> WifiActivity | functionName -> isWapiVariantBlocked | value -> security_type:2
01-01 01:04:54.974  3739  3739 W HMI2-SETTINGS - CI08.4: className -> WifiActivity | functionName -> isInConnected | value -> |RSE_Test|0|2
01-01 01:04:54.974  3739  3739 W HMI2-SETTINGS - CI08.4: className -> WifiActivity | functionName -> isWapiVariantBlocked | value -> security_type:2
01-01 01:04:54.974  3739  3739 W HMI2-SETTINGS - CI08.4: className -> WifiActivity | functionName -> isInConnected | value -> |MB Hotspot 61185|0|2
01-01 01:04:54.974  3739  3739 W HMI2-SETTINGS - CI08.4: className -> WifiActivity | functionName -> isWapiVariantBlocked | value -> security_type:0
01-01 01:04:54.974  3739  3739 W HMI2-SETTINGS - CI08.4: className -> WifiActivity | functionName -> isInConnected | value -> |HP-Print-DB-LaserJet Pro MFP|0|0
01-01 01:04:54.974  3739  3739 W HMI2-SETTINGS - CI08.4: className -> WifiActivity | functionName -> handleAllAvailNetwork | value -> savedNetwork ->0
01-01 01:04:54.974  3739  3739 W HMI2-SETTINGS - CI08.4: className -> WifiActivity | functionName -> handleAllAvailNetwork | value -> presentVisibleNetwork ->29
01-01 01:04:54.976  3739  3739 W HMI2-SETTINGS - CI08.4: className -> WifiActivity | functionName -> handleIfWifiAvailableNetworks: config is  | value -> null
01-01 01:04:54.982  3675 19736 D UIAutomatorStub: URI: /jsonrpc/0, Method: POST, Header: {content-length=274, remote-addr=127.0.0.1, http-client-ip=127.0.0.1, host=localhost:9009, content-type=application/json, connection=close, accept-encoding=identity, user-agent=Python-urllib/2.7}, params, {NanoHttpd.QUERY_STRING=null}, files: {postData={"params": [{"childOrSiblingSelector": [], "scrollable": true, "mask": 16384, "childOrSibling": []}, {"childOrSiblingSelector": [], "text": "RSE_Test", "mask": 1, "childOrSibling": []}, true], "jsonrpc": "2.0", "method": "scrollTo", "id": "3e3445a5d7655653294b63b5e43d95d2"}}
01-01 01:04:55.026   625   625 D WifiHAL : Start get packet fate command
01-01 01:04:55.026   625   625 D WifiHAL : createRequest Get Tx packet fate request
01-01 01:04:55.027   625   625 E WifiHAL : Failed to register get pkt fate response; result = -95
01-01 01:04:55.027  1151  1317 E WifiVendorHal: getTxPktFates(l.2067) failed {.code = ERROR_UNKNOWN, .description = errno: -95 (Unknown error -95)}
01-01 01:04:55.028   625   625 D WifiHAL : Start get packet fate command
01-01 01:04:55.028   625   625 D WifiHAL : createRequest Get Rx packet fate request
01-01 01:04:55.028   625   625 E WifiHAL : Failed to register get pkt fate response; result = -95
01-01 01:04:55.030  1151  1317 E WifiVendorHal: getRxPktFates(l.2107) failed {.code = ERROR_UNKNOWN, .description = errno: -95 (Unknown error -95)}
01-01 01:04:55.572   729   748 I sssv-lib: sendMsg enter
01-01 01:04:55.572   729   748 I sssv-lib: sendMsg complete.
01-01 01:04:55.648  3675 19736 D UiScrollable: scrollToBeginning() on selector = UiSelector[SCROLLABLE=true]
01-01 01:04:55.649  3675 19736 D UiScrollable: scrollBackward() on selector = UiSelector[SCROLLABLE=true]
01-01 01:04:55.655  3675 19736 I QueryController: Matched selector: UiSelector[SCROLLABLE=true] <<==>> [android.view.accessibility.AccessibilityNodeInfo@3f21fd4; boundsInParent: Rect(0, 0 - 1332, 889); boundsInScreen: Rect(305, 172 - 1637, 1061); packageName: com.panasonic.hmi2settings; className: android.widget.ScrollView; text: null; error: null; maxTextLength: -1; contentDescription: null; viewIdResName: com.panasonic.hmi2settings:id/scrollWifi; checkable: false; checked: false; focusable: true; focused: false; selected: false; clickable: false; longClickable: false; contextClickable: false; enabled: true; password: false; scrollable: true; importantForAccessibility: true; actions: [AccessibilityAction: ACTION_FOCUS - null, AccessibilityAction: ACTION_SELECT - null, AccessibilityAction: ACTION_CLEAR_SELECTION - null, AccessibilityAction: ACTION_ACCESSIBILITY_FOCUS - null, AccessibilityAction: ACTION_SCROLL_FORWARD - null, AccessibilityAction: ACTION_SHOW_ON_SCREEN - null]]
01-01 01:04:55.655  3675 19736 D UiScrollable: scrollToBegining() using vertical scroll
01-01 01:04:55.655  3675 19736 D InteractionController: scrollSwipe (971, 260, 971, 973, 55)
01-01 01:04:56.502   635   635 E ANDR-PERF-TARGET: Error: Invalid logical cluster id 0
01-01 01:04:56.502   635   635 E ANDR-PERF-MPCTL: invalid request, no optimizations performed
01-01 01:04:56.518   635   635 E ANDR-PERF-TARGET: Error: Invalid logical cluster id 0
01-01 01:04:56.518   635   635 E ANDR-PERF-MPCTL: invalid request, no optimizations performed
01-01 01:04:56.535   635   635 E ANDR-PERF-TARGET: Error: Invalid logical cluster id 0
01-01 01:04:56.535   635   635 E ANDR-PERF-MPCTL: invalid request, no optimizations performed
01-01 01:04:56.552   635   635 E ANDR-PERF-TARGET: Error: Invalid logical cluster id 0
01-01 01:04:56.552   635   635 E ANDR-PERF-MPCTL: invalid request, no optimizations performed
01-01 01:04:56.568   635   635 E ANDR-PERF-TARGET: Error: Invalid logical cluster id 0
01-01 01:04:56.568   635   635 E ANDR-PERF-MPCTL: invalid request, no optimizations performed
01-01 01:04:56.569   635   635 E ANDR-PERF-TARGET: Error: Invalid logical cluster id 0
01-01 01:04:56.569   635   635 E ANDR-PERF-MPCTL: invalid request, no optimizations performed
01-01 01:04:56.573   729   748 I sssv-lib: sendMsg enter
01-01 01:04:56.573   729   748 I sssv-lib: sendMsg complete.
01-01 01:04:56.585   635   635 E ANDR-PERF-TARGET: Error: Invalid logical cluster id 0
01-01 01:04:56.585   635   635 E ANDR-PERF-MPCTL: invalid request, no optimizations performed
01-01 01:04:56.602   635   635 E ANDR-PERF-TARGET: Error: Invalid logical cluster id 0
01-01 01:04:56.602   635   635 E ANDR-PERF-MPCTL: invalid request, no optimizations performed
01-01 01:04:56.618   635   635 E ANDR-PERF-TARGET: Error: Invalid logical cluster id 0
01-01 01:04:56.619   635   635 E ANDR-PERF-MPCTL: invalid request, no optimizations performed
01-01 01:04:56.635   635   635 E ANDR-PERF-TARGET: Error: Invalid logical cluster id 0
01-01 01:04:56.635   635   635 E ANDR-PERF-MPCTL: invalid request, no optimizations performed
01-01 01:04:56.652   635   635 E ANDR-PERF-TARGET: Error: Invalid logical cluster id 0
01-01 01:04:56.652   635   635 E ANDR-PERF-MPCTL: invalid request, no optimizations performed
01-01 01:04:56.668   635   635 E ANDR-PERF-TARGET: Error: Invalid logical cluster id 0
01-01 01:04:56.669   635   635 E ANDR-PERF-MPCTL: invalid request, no optimizations performed
01-01 01:04:56.685   635   635 E ANDR-PERF-TARGET: Error: Invalid logical cluster id 0
01-01 01:04:56.685   635   635 E ANDR-PERF-MPCTL: invalid request, no optimizations performed
01-01 01:04:56.702   635   635 E ANDR-PERF-TARGET: Error: Invalid logical cluster id 0
01-01 01:04:56.702   635   635 E ANDR-PERF-MPCTL: invalid request, no optimizations performed
01-01 01:04:56.719   635   635 E ANDR-PERF-TARGET: Error: Invalid logical cluster id 0
01-01 01:04:56.719   635   635 E ANDR-PERF-MPCTL: invalid request, no optimizations performed
01-01 01:04:56.735   635   635 E ANDR-PERF-TARGET: Error: Invalid logical cluster id 0
01-01 01:04:56.735   635   635 E ANDR-PERF-MPCTL: invalid request, no optimizations performed
01-01 01:04:56.752   635   635 E ANDR-PERF-TARGET: Error: Invalid logical cluster id 0
01-01 01:04:56.752   635   635 E ANDR-PERF-MPCTL: invalid request, no optimizations performed
01-01 01:04:56.763  3675 19736 W InteractionController: runAndwaitForEvents timed out waiting for events
01-01 01:04:56.769   635   635 E ANDR-PERF-TARGET: Error: Invalid logical cluster id 0
01-01 01:04:56.769   635   635 E ANDR-PERF-MPCTL: invalid request, no optimizations performed
01-01 01:04:56.772  3675 19736 D UiScrollable: scrollForward() on selector = UiSelector[SCROLLABLE=true]
01-01 01:04:56.780  3675 19736 I QueryController: Matched selector: UiSelector[SCROLLABLE=true] <<==>> [android.view.accessibility.AccessibilityNodeInfo@3f21fd4; boundsInParent: Rect(0, 0 - 1332, 889); boundsInScreen: Rect(305, 172 - 1637, 1061); packageName: com.panasonic.hmi2settings; className: android.widget.ScrollView; text: null; error: null; maxTextLength: -1; contentDescription: null; viewIdResName: com.panasonic.hmi2settings:id/scrollWifi; checkable: false; checked: false; focusable: true; focused: false; selected: false; clickable: false; longClickable: false; contextClickable: false; enabled: true; password: false; scrollable: true; importantForAccessibility: true; actions: [AccessibilityAction: ACTION_FOCUS - null, AccessibilityAction: ACTION_SELECT - null, AccessibilityAction: ACTION_CLEAR_SELECTION - null, AccessibilityAction: ACTION_ACCESSIBILITY_FOCUS - null, AccessibilityAction: ACTION_SCROLL_FORWARD - null, AccessibilityAction: ACTION_SHOW_ON_SCREEN - null]]
01-01 01:04:56.780  3675 19736 D InteractionController: scrollSwipe (971, 973, 971, 260, 55)
01-01 01:04:56.785   635   635 E ANDR-PERF-TARGET: Error: Invalid logical cluster id 0
01-01 01:04:56.786   635   635 E ANDR-PERF-MPCTL: invalid request, no optimizations performed
01-01 01:04:56.802   635   635 E ANDR-PERF-TARGET: Error: Invalid logical cluster id 0
01-01 01:04:56.802   635   635 E ANDR-PERF-MPCTL: invalid request, no optimizations performed
01-01 01:04:56.819   635   635 E ANDR-PERF-TARGET: Error: Invalid logical cluster id 0
01-01 01:04:56.819   635   635 E ANDR-PERF-MPCTL: invalid request, no optimizations performed
01-01 01:04:56.836   635   635 E ANDR-PERF-TARGET: Error: Invalid logical cluster id 0
01-01 01:04:56.836   635   635 E ANDR-PERF-MPCTL: invalid request, no optimizations performed
01-01 01:04:56.852   635   635 E ANDR-PERF-TARGET: Error: Invalid logical cluster id 0
01-01 01:04:56.852   635   635 E ANDR-PERF-MPCTL: invalid request, no optimizations performed
01-01 01:04:56.869   635   635 E ANDR-PERF-TARGET: Error: Invalid logical cluster id 0
01-01 01:04:56.869   635   635 E ANDR-PERF-MPCTL: invalid request, no optimizations performed
01-01 01:04:56.886   635   635 E ANDR-PERF-TARGET: Error: Invalid logical cluster id 0
01-01 01:04:56.886   635   635 E ANDR-PERF-MPCTL: invalid request, no optimizations performed
01-01 01:04:56.902   635   635 E ANDR-PERF-TARGET: Error: Invalid logical cluster id 0
01-01 01:04:56.902   635   635 E ANDR-PERF-MPCTL: invalid request, no optimizations performed
01-01 01:04:56.919   635   635 E ANDR-PERF-TARGET: Error: Invalid logical cluster id 0
01-01 01:04:56.919   635   635 E ANDR-PERF-MPCTL: invalid request, no optimizations performed
01-01 01:04:56.936   635   635 E ANDR-PERF-TARGET: Error: Invalid logical cluster id 0
01-01 01:04:56.936   635   635 E ANDR-PERF-MPCTL: invalid request, no optimizations performed
01-01 01:04:56.952   635   635 E ANDR-PERF-TARGET: Error: Invalid logical cluster id 0
01-01 01:04:56.953   635   635 E ANDR-PERF-MPCTL: invalid request, no optimizations performed
01-01 01:04:56.969   635   635 E ANDR-PERF-TARGET: Error: Invalid logical cluster id 0
01-01 01:04:56.969   635   635 E ANDR-PERF-MPCTL: invalid request, no optimizations performed
01-01 01:04:56.986   635   635 E ANDR-PERF-TARGET: Error: Invalid logical cluster id 0
01-01 01:04:56.986   635   635 E ANDR-PERF-MPCTL: invalid request, no optimizations performed
01-01 01:04:57.003   635   635 E ANDR-PERF-TARGET: Error: Invalid logical cluster id 0
01-01 01:04:57.003   635   635 E ANDR-PERF-MPCTL: invalid request, no optimizations performed
01-01 01:04:57.019   635   635 E ANDR-PERF-TARGET: Error: Invalid logical cluster id 0
01-01 01:04:57.019   635   635 E ANDR-PERF-MPCTL: invalid request, no optimizations performed
01-01 01:04:57.036   635   635 E ANDR-PERF-TARGET: Error: Invalid logical cluster id 0
01-01 01:04:57.036   635   635 E ANDR-PERF-MPCTL: invalid request, no optimizations performed
01-01 01:04:57.053   635   635 E ANDR-PERF-TARGET: Error: Invalid logical cluster id 0
01-01 01:04:57.053   635   635 E ANDR-PERF-MPCTL: invalid request, no optimizations performed
01-01 01:04:57.069   635   635 E ANDR-PERF-TARGET: Error: Invalid logical cluster id 0
01-01 01:04:57.069   635   635 E ANDR-PERF-MPCTL: invalid request, no optimizations performed
01-01 01:04:57.086   635   635 E ANDR-PERF-TARGET: Error: Invalid logical cluster id 0
01-01 01:04:57.086   635   635 E ANDR-PERF-MPCTL: invalid request, no optimizations performed
01-01 01:04:57.103   635   635 E ANDR-PERF-TARGET: Error: Invalid logical cluster id 0
01-01 01:04:57.103   635   635 E ANDR-PERF-MPCTL: invalid request, no optimizations performed
01-01 01:04:57.119   635   635 E ANDR-PERF-TARGET: Error: Invalid logical cluster id 0
01-01 01:04:57.120   635   635 E ANDR-PERF-MPCTL: invalid request, no optimizations performed
01-01 01:04:57.136   635   635 E ANDR-PERF-TARGET: Error: Invalid logical cluster id 0
01-01 01:04:57.136   635   635 E ANDR-PERF-MPCTL: invalid request, no optimizations performed
01-01 01:04:57.153   635   635 E ANDR-PERF-TARGET: Error: Invalid logical cluster id 0
01-01 01:04:57.153   635   635 E ANDR-PERF-MPCTL: invalid request, no optimizations performed
01-01 01:04:57.170   635   635 E ANDR-PERF-TARGET: Error: Invalid logical cluster id 0
01-01 01:04:57.170   635   635 E ANDR-PERF-MPCTL: invalid request, no optimizations performed
01-01 01:04:57.172  1933  1933 D LCMANDR : SWR_OOB_HV_MF_009|FUN=LifeCycleManagerService::getDAIAppAlivenessStatus|Aliveness:: DAIAPP HB DIFF = 2 [ DaimlerAppHBCounter ] = 1542[ DaimlerAppHBCounterOld ] = 1540
01-01 01:04:57.172  1933  1933 I LCMANDR : SWR_OOB_HV_MF_009|FUN=LifeCycleManagerService::getDAIAppAlivenessStatus|Aliveness::ANDROID HB IS VALID... setting OLD VAL, and resetting Fail Counter
01-01 01:04:57.175  1933  1933 I LCMANDR : SWR_OOB_HV_MF_009|FUN=LifeCycleManagerService::getDAIPID|DAIMLER APP(com.daimler.rse.ntg6) PID is [ 1519 ]
01-01 01:04:57.175  1933  1933 I LCMANDR : SWR_OOB_HV_MF_009|FUN=LifeCycleManagerService::getDAIAPPStatus|Aliveness::SAME PID! DAIAPP is not restarted
01-01 01:04:57.175  1933  1933 W LCMANDR : SWR_OOB_HV_MF_009|FUN=LifeCycleManagerService::getDAIAppAlivenessStatus|Aliveness::Status to send id : ALIVE
01-01 01:04:57.175  1933  1933 D LCMANDR : SWR_OOB_HV_MF_005|FUN=LifeCycleManagerService::sendPacketToLnx|data = [B@5c137c2
01-01 01:04:57.175  1933  1933 D LCMANDR : SWR_OOB_HV_MF_009|FUN=LifeCycleManagerService::postAppsStatusInfo|Setting AppPacket info
01-01 01:04:57.175  1933  1933 I LCMANDR : SWR_OOB_HV_MF_009|FUN=AlivenessMonitoring::getRunningApps| packet sent
01-01 01:04:57.175  1933  1956 D LCMANDR : SWR_OOB_HV_MF_010|FUN=LifeCycleManagerService::RseNodeStateManagement|SEND_IGC_CB
01-01 01:04:57.175  1933  1956 I LCMANDR : SWR_OOB_HV_MF_005|FUN=LifeCycleManagerService::igcsendData|Call hit in RSENodeStateManagement::igcsendData
01-01 01:04:57.175  1933  1956 I LCMANDR : SWR_OOB_HV_MF_005|FUN=LifeCycleManagerService::igcsendData|SEND DATA LEN is : 15
01-01 01:04:57.175  1933  1956 I LCMANDR : SWR_OOB_HV_MF_007|FUN=LifeCycleManagerService::sendPacketFromIntentService|Package to send : [ 65, 0, 0, 0, 9, 0, 2, 0, 1, 0, 5, 65, 65, 0, 0, ]
01-01 01:04:57.175  1933  1956 I IGC     :  IGC::sendData ==> [ 65, 0, 0, 0, 9, 0, 2, 0, 1, 0, 5, 65, 65, 0, 0,  ]
01-01 01:04:57.176  1933  1956 I IGC     :  Igc::sendData data size is :: 15
01-01 01:04:57.176  1933  1956 D         : Enqueue: sem count = 1
01-01 01:04:57.176  1933  1956 I LCMANDR : SWR_OOB_HV_MF_007|FUN=LifeCycleManagerService::sendPacketFromIntentService|Sending Data to Linux is successful( [65, 0, 0, 0, 9, 0, 2, 0, 1, 0, 5, 65, 65, 0, 0] )
01-01 01:04:57.176  1933  1956 I LCMANDR : SWR_OOB_HV_MF_005|FUN=LifeCycleManagerService::igcsendData| DATA SEND SUCCESSFULLY 
01-01 01:04:57.186   635   635 E ANDR-PERF-TARGET: Error: Invalid logical cluster id 0
01-01 01:04:57.186   635   635 E ANDR-PERF-MPCTL: invalid request, no optimizations performed
01-01 01:04:57.203   635   635 E ANDR-PERF-TARGET: Error: Invalid logical cluster id 0
01-01 01:04:57.203   635   635 E ANDR-PERF-MPCTL: invalid request, no optimizations performed
01-01 01:04:57.220   635   635 E ANDR-PERF-TARGET: Error: Invalid logical cluster id 0
01-01 01:04:57.220   635   635 E ANDR-PERF-MPCTL: invalid request, no optimizations performed
01-01 01:04:57.236   635   635 E ANDR-PERF-TARGET: Error: Invalid logical cluster id 0
01-01 01:04:57.237   635   635 E ANDR-PERF-MPCTL: invalid request, no optimizations performed
01-01 01:04:57.253   635   635 E ANDR-PERF-TARGET: Error: Invalid logical cluster id 0
01-01 01:04:57.253   635   635 E ANDR-PERF-MPCTL: invalid request, no optimizations performed
01-01 01:04:57.264  1933  1957 D LCMANDR : SWR_OOB_HV_MF_009|FUN=LifeCycleManagerService::LifeCycle_ReportCompStatus|GOT ALIVENESS SIGNAL FROM DAIAPP : [0]; HB Counter = [ 1543 ]; STATUS INFO = [ 0 ]
01-01 01:04:57.264  1519  1519 I Connectivity_AIDL|AIDL_Handler.AIDL_Helpers.LcmHelper: MBUX App Method: KeepAliveTest |Line No: 408 |Log Type: Critical |Message: MainThread:MBUX-App HB Count: 1545, ResponseCode: 0
01-01 01:04:57.270   635   635 E ANDR-PERF-TARGET: Error: Invalid logical cluster id 0
01-01 01:04:57.270   635   635 E ANDR-PERF-MPCTL: invalid request, no optimizations performed
01-01 01:04:57.287   635   635 E ANDR-PERF-TARGET: Error: Invalid logical cluster id 0
01-01 01:04:57.287   635   635 E ANDR-PERF-MPCTL: invalid request, no optimizations performed
01-01 01:04:57.303   635   635 E ANDR-PERF-TARGET: Error: Invalid logical cluster id 0
01-01 01:04:57.303  1933  1957 D LCMANDR : SWR_OOB_HV_MF_009|FUN=LifeCycleManagerService::LifeCycle_ReportCompStatus|GOT ALIVENESS SIGNAL FROM DAIAPP : [0]; HB Counter = [ 1544 ]; STATUS INFO = [ 0 ]
01-01 01:04:57.303   635   635 E ANDR-PERF-MPCTL: invalid request, no optimizations performed
01-01 01:04:57.306  1519  1964 I Connectivity_AIDL|AIDL_Handler.AIDL_Helpers.LcmHelper: MBUX App Method: KeepAliveTest |Line No: 408 |Log Type: Critical |Message: ChildThread:MBUX-App HB Count: 1546, ResponseCode: 0
01-01 01:04:57.320   635   635 E ANDR-PERF-TARGET: Error: Invalid logical cluster id 0
01-01 01:04:57.320   635   635 E ANDR-PERF-MPCTL: invalid request, no optimizations performed
01-01 01:04:57.337   635   635 E ANDR-PERF-TARGET: Error: Invalid logical cluster id 0
01-01 01:04:57.337   635   635 E ANDR-PERF-MPCTL: invalid request, no optimizations performed
01-01 01:04:57.353   635   635 E ANDR-PERF-TARGET: Error: Invalid logical cluster id 0
01-01 01:04:57.353   635   635 E ANDR-PERF-MPCTL: invalid request, no optimizations performed
01-01 01:04:57.370   635   635 E ANDR-PERF-TARGET: Error: Invalid logical cluster id 0
01-01 01:04:57.370   635   635 E ANDR-PERF-MPCTL: invalid request, no optimizations performed
01-01 01:04:57.387   635   635 E ANDR-PERF-TARGET: Error: Invalid logical cluster id 0
01-01 01:04:57.387   635   635 E ANDR-PERF-MPCTL: invalid request, no optimizations performed
01-01 01:04:57.401  2054  2054 E         : 
01-01 01:04:57.401  2054  2054 E         : Buffer Size = 1048576
01-01 01:04:57.407   635   635 E ANDR-PERF-TARGET: Error: Invalid logical cluster id 0
01-01 01:04:57.407   635   635 E ANDR-PERF-MPCTL: invalid request, no optimizations performed
01-01 01:04:57.420   635   635 E ANDR-PERF-TARGET: Error: Invalid logical cluster id 0
01-01 01:04:57.420   635   635 E ANDR-PERF-MPCTL: invalid request, no optimizations performed
01-01 01:04:57.429  2054  2054 E         : 
01-01 01:04:57.429  2054  2054 E         : <6>[ 3553.318218] QSEECOM: scm_call_qcpe:503 : OUT: 0x0, 0x0, 0x0, 0x0
01-01 01:04:57.429  2054  2054 E         : <6>[ 3553.333866] QSEECOM: scm_call_qcpe:429 : IN: 0x42000d0a, 0x3, 0x0, 0x413c, 0x7d3, 0x0, 0x0
01-01 01:04:57.429  2054  2054 E         : <6>[ 3553.335002] QSEECOM: scm_call_qcpe:503 : OUT: 0x0, 0x0, 0x0, 0x0
01-01 01:04:57.429  2054  2054 E         : <6>[ 3553.349825] QSEECOM: scm_call_qcpe:429 : IN: 0x42000d0a, 0x3, 0x0, 0x3e57, 0x7cb, 0x0, 0x0
01-01 01:04:57.429  2054  2054 E         : <6>[ 3553.351595] QSEECOM: scm_call_qcpe:503 : OUT: 0x0, 0x0, 0x0, 0x0
01-01 01:04:57.429  2054  2054 E         : <6>[ 3553.366544] QSEECOM: scm_call_qcpe:429 : IN: 0x42000d0a, 0x3, 0x0, 0x414f, 0x7e1, 0x0, 0x0
01-01 01:04:57.429  2054  2054 E         : <6>[ 3553.367648] QSEECOM: scm_call_qcpe:503 : OUT: 0x0, 0x0, 0x0, 0x0
01-01 01:04:57.429  2054  2054 E         : <6>[ 3553.383426] QSEECOM: scm_call_qcpe:429 : IN: 0x42000d0a, 0x3, 0x0, 0x41ef, 0x7e4, 0x0, 0x0
01-01 01:04:57.429  2054  2054 E         : <6>[ 3553.384659] QSEECOM: scm_call_qcpe:503 : OUT: 0x0, 0x1, 0x0, 0x0
01-01 01:04:57.429  2054  2054 E         : <6>[ 3553.400774] QSEECOM: scm_call_qcpe:429 : IN: 0x42000d0a, 0x3, 0x0, 0x43c4, 0x7e1, 0x0, 0x0
01-01 01:04:57.429  2054  2054 E         : <6>[ 3553.402871] QSEECOM: scm_call_qcpe:503 : OUT: 0x0, 0x0, 0x0, 0x0
01-01 01:04:57.429  2054  2054 E         : <6>[ 3553.417392] QSEECOM: scm_call_qcpe:429 : IN: 0x42000d0a, 0x3, 0x0, 0x40ec, 0x7e3, 0x0, 0x0
01-01 01:04:57.429  2054  2054 E         : <6>[ 3553.4186
01-01 01:04:57.432  2054  2054 E         : USB Hub Detector 1.0
01-01 01:04:57.454   635   635 E ANDR-PERF-TARGET: Error: Invalid logical cluster id 0
01-01 01:04:57.454   635   635 E ANDR-PERF-MPCTL: invalid request, no optimizations performed
01-01 01:04:57.458  1933  1933 I LCMANDR : SWR_OOB_HV_MF_009|FUN=ResourceMonitoringService::movingMemoryAverage|2|Moving memory average :32.09692
01-01 01:04:57.458  1933  1933 W LCMANDR : SWR_OOB_HV_MF_009|FUN=ResourceMonitoringService::getCpuUsageStatistic|Moving MEM AVG :::::::::32.09692
01-01 01:04:57.459  1933  1933 W LCMANDR : SWR_OOB_HV_MF_009|FUN=ResourceMonitoringService::getCpuUsageStatistic|2|Total cpu usage :25.810184
01-01 01:04:57.459  1933  1933 I LCMANDR : SWR_OOB_HV_MF_009|FUN=ResourceMonitoringService::getCpuUsageStatistic|Cpu usage of core  0 is27.598566
01-01 01:04:57.459  1933  1933 I LCMANDR : SWR_OOB_HV_MF_009|FUN=ResourceMonitoringService::getCpuUsageStatistic|Cpu usage of core  1 is22.535212
01-01 01:04:57.459  1933  1933 I LCMANDR : SWR_OOB_HV_MF_009|FUN=ResourceMonitoringService::getCpuUsageStatistic|Cpu usage of core  2 is27.242523
01-01 01:04:57.459  1933  1933 I LCMANDR : ResourceMonitoringService::movingCpuAverage()
01-01 01:04:57.459  1933  1933 I LCMANDR : SWR_OOB_HV_MF_009|FUN=ResourceMonitoringService::movingCpuAverage|2|Moving window average of CPU 27.316204
01-01 01:04:57.459  1933  1933 I LCMANDR : SWR_OOB_HV_MF_009|FUN=ResourceMonitoringService::movingCpuAverage|2|Cpu moving average of core  0 is25.943752
01-01 01:04:57.459  1933  1933 I LCMANDR : SWR_OOB_HV_MF_009|FUN=ResourceMonitoringService::movingCpuAverage|2|Cpu moving average of core  1 is21.890911
01-01 01:04:57.459  1933  1933 I LCMANDR : SWR_OOB_HV_MF_009|FUN=ResourceMonitoringService::movingCpuAverage|2|Cpu moving average of core  2 is33.956635
01-01 01:04:57.459  1933  1933 D LCMANDR : SWR_OOB_HV_MF_009|FUN=ResourceMonitoringService::movingCpuAverage|2|Exiting VAL = 27.316204
01-01 01:04:57.470   635   635 E ANDR-PERF-TARGET: Error: Invalid logical cluster id 0
01-01 01:04:57.470   635   635 E ANDR-PERF-MPCTL: invalid request, no optimizations performed
01-01 01:04:57.487   635   635 E ANDR-PERF-TARGET: Error: Invalid logical cluster id 0
01-01 01:04:57.487   635   635 E ANDR-PERF-MPCTL: invalid request, no optimizations performed
01-01 01:04:57.504   635   635 E ANDR-PERF-TARGET: Error: Invalid logical cluster id 0
01-01 01:04:57.504   635   635 E ANDR-PERF-MPCTL: invalid request, no optimizations performed
01-01 01:04:57.520   635   635 E ANDR-PERF-TARGET: Error: Invalid logical cluster id 0
01-01 01:04:57.520   635   635 E ANDR-PERF-MPCTL: invalid request, no optimizations performed
01-01 01:04:57.537   635   635 E ANDR-PERF-TARGET: Error: Invalid logical cluster id 0
01-01 01:04:57.537   635   635 E ANDR-PERF-MPCTL: invalid request, no optimizations performed
01-01 01:04:57.554   635   635 E ANDR-PERF-TARGET: Error: Invalid logical cluster id 0
01-01 01:04:57.554   635   635 E ANDR-PERF-MPCTL: invalid request, no optimizations performed
01-01 01:04:57.570   635   635 E ANDR-PERF-TARGET: Error: Invalid logical cluster id 0
01-01 01:04:57.571   635   635 E ANDR-PERF-MPCTL: invalid request, no optimizations performed
01-01 01:04:57.574   729   748 I sssv-lib: sendMsg enter
01-01 01:04:57.574   729   748 I sssv-lib: sendMsg complete.
01-01 01:04:57.587   635   635 E ANDR-PERF-TARGET: Error: Invalid logical cluster id 0
01-01 01:04:57.587   635   635 E ANDR-PERF-MPCTL: invalid request, no optimizations performed
01-01 01:04:57.604   635   635 E ANDR-PERF-TARGET: Error: Invalid logical cluster id 0
01-01 01:04:57.604   635   635 E ANDR-PERF-MPCTL: invalid request, no optimizations performed
01-01 01:04:57.621   635   635 E ANDR-PERF-TARGET: Error: Invalid logical cluster id 0
01-01 01:04:57.621   635   635 E ANDR-PERF-MPCTL: invalid request, no optimizations performed
01-01 01:04:57.637   635   635 E ANDR-PERF-TARGET: Error: Invalid logical cluster id 0
01-01 01:04:57.637   635   635 E ANDR-PERF-MPCTL: invalid request, no optimizations performed
01-01 01:04:57.654   635   635 E ANDR-PERF-TARGET: Error: Invalid logical cluster id 0
01-01 01:04:57.654   635   635 E ANDR-PERF-MPCTL: invalid request, no optimizations performed
01-01 01:04:57.671   635   635 E ANDR-PERF-TARGET: Error: Invalid logical cluster id 0
01-01 01:04:57.671   635   635 E ANDR-PERF-MPCTL: invalid request, no optimizations performed
01-01 01:04:57.687   635   635 E ANDR-PERF-TARGET: Error: Invalid logical cluster id 0
01-01 01:04:57.687   635   635 E ANDR-PERF-MPCTL: invalid request, no optimizations performed
01-01 01:04:57.704   635   635 E ANDR-PERF-TARGET: Error: Invalid logical cluster id 0
01-01 01:04:57.704   635   635 E ANDR-PERF-MPCTL: invalid request, no optimizations performed
01-01 01:04:57.721   635   635 E ANDR-PERF-TARGET: Error: Invalid logical cluster id 0
01-01 01:04:57.721   635   635 E ANDR-PERF-MPCTL: invalid request, no optimizations performed
01-01 01:04:57.721   635   635 E ANDR-PERF-TARGET: Error: Invalid logical cluster id 0
01-01 01:04:57.721   635   635 E ANDR-PERF-MPCTL: invalid request, no optimizations performed
01-01 01:04:57.737   635   635 E ANDR-PERF-TARGET: Error: Invalid logical cluster id 0
01-01 01:04:57.738   635   635 E ANDR-PERF-MPCTL: invalid request, no optimizations performed
01-01 01:04:57.754   635   635 E ANDR-PERF-TARGET: Error: Invalid logical cluster id 0
01-01 01:04:57.754   635   635 E ANDR-PERF-MPCTL: invalid request, no optimizations performed
01-01 01:04:57.771   635   635 E ANDR-PERF-TARGET: Error: Invalid logical cluster id 0
01-01 01:04:57.771   635   635 E ANDR-PERF-MPCTL: invalid request, no optimizations performed
01-01 01:04:57.788   635   635 E ANDR-PERF-TARGET: Error: Invalid logical cluster id 0
01-01 01:04:57.788   635   635 E ANDR-PERF-MPCTL: invalid request, no optimizations performed
01-01 01:04:57.804   635   635 E ANDR-PERF-TARGET: Error: Invalid logical cluster id 0
01-01 01:04:57.804   635   635 E ANDR-PERF-MPCTL: invalid request, no optimizations performed
01-01 01:04:57.821   635   635 E ANDR-PERF-TARGET: Error: Invalid logical cluster id 0
01-01 01:04:57.821   635   635 E ANDR-PERF-MPCTL: invalid request, no optimizations performed
01-01 01:04:57.838   635   635 E ANDR-PERF-TARGET: Error: Invalid logical cluster id 0
01-01 01:04:57.838   635   635 E ANDR-PERF-MPCTL: invalid request, no optimizations performed
01-01 01:04:57.854   635   635 E ANDR-PERF-TARGET: Error: Invalid logical cluster id 0
01-01 01:04:57.855   635   635 E ANDR-PERF-MPCTL: invalid request, no optimizations performed
01-01 01:04:57.871   635   635 E ANDR-PERF-TARGET: Error: Invalid logical cluster id 0
01-01 01:04:57.871   635   635 E ANDR-PERF-MPCTL: invalid request, no optimizations performed
01-01 01:04:57.888   635   635 E ANDR-PERF-TARGET: Error: Invalid logical cluster id 0
01-01 01:04:57.888   635   635 E ANDR-PERF-MPCTL: invalid request, no optimizations performed
01-01 01:04:57.904   635   635 E ANDR-PERF-TARGET: Error: Invalid logical cluster id 0
01-01 01:04:57.905   635   635 E ANDR-PERF-MPCTL: invalid request, no optimizations performed
01-01 01:04:57.915  3675 19736 W InteractionController: runAndwaitForEvents timed out waiting for events
01-01 01:04:57.916  3675 19736 D InteractionController: Vertical scrollSwipe reached scroll end: false
01-01 01:04:57.921   635   635 E ANDR-PERF-TARGET: Error: Invalid logical cluster id 0
01-01 01:04:57.921   635   635 E ANDR-PERF-MPCTL: invalid request, no optimizations performed
01-01 01:04:57.938   635   635 E ANDR-PERF-TARGET: Error: Invalid logical cluster id 0
01-01 01:04:57.938   635   635 E ANDR-PERF-MPCTL: invalid request, no optimizations performed
01-01 01:04:57.955   635   635 E ANDR-PERF-TARGET: Error: Invalid logical cluster id 0
01-01 01:04:57.955   635   635 E ANDR-PERF-MPCTL: invalid request, no optimizations performed
01-01 01:04:57.971   635   635 E ANDR-PERF-TARGET: Error: Invalid logical cluster id 0
01-01 01:04:57.971   635   635 E ANDR-PERF-MPCTL: invalid request, no optimizations performed
01-01 01:04:57.988   635   635 E ANDR-PERF-TARGET: Error: Invalid logical cluster id 0
01-01 01:04:57.988   635   635 E ANDR-PERF-MPCTL: invalid request, no optimizations performed
01-01 01:04:58.005   635   635 E ANDR-PERF-TARGET: Error: Invalid logical cluster id 0
01-01 01:04:58.005   635   635 E ANDR-PERF-MPCTL: invalid request, no optimizations performed
01-01 01:04:58.021   635   635 E ANDR-PERF-TARGET: Error: Invalid logical cluster id 0
01-01 01:04:58.021   635   635 E ANDR-PERF-MPCTL: invalid request, no optimizations performed
01-01 01:04:58.038   635   635 E ANDR-PERF-TARGET: Error: Invalid logical cluster id 0
01-01 01:04:58.038   635   635 E ANDR-PERF-MPCTL: invalid request, no optimizations performed
01-01 01:04:58.055   635   635 E ANDR-PERF-TARGET: Error: Invalid logical cluster id 0
01-01 01:04:58.055   635   635 E ANDR-PERF-MPCTL: invalid request, no optimizations performed
01-01 01:04:58.072   635   635 E ANDR-PERF-TARGET: Error: Invalid logical cluster id 0
01-01 01:04:58.072   635   635 E ANDR-PERF-MPCTL: invalid request, no optimizations performed
01-01 01:04:58.088   635   635 E ANDR-PERF-TARGET: Error: Invalid logical cluster id 0
01-01 01:04:58.088   635   635 E ANDR-PERF-MPCTL: invalid request, no optimizations performed
01-01 01:04:58.105   635   635 E ANDR-PERF-TARGET: Error: Invalid logical cluster id 0
01-01 01:04:58.105   635   635 E ANDR-PERF-MPCTL: invalid request, no optimizations performed
01-01 01:04:58.575   729   748 I sssv-lib: sendMsg enter
01-01 01:04:58.575   729   748 I sssv-lib: sendMsg complete.
01-01 01:04:58.610  3675 19736 I QueryController: Matched selector: UiSelector[SCROLLABLE=true, CHILD=UiSelector[TEXT=RSE_Test]] <<==>> [android.view.accessibility.AccessibilityNodeInfo@3f4221d; boundsInParent: Rect(0, 0 - 1078, 77); boundsInScreen: Rect(354, 489 - 1431, 566); packageName: com.panasonic.hmi2settings; className: android.widget.TextView; text: RSE_Test; error: null; maxTextLength: -1; contentDescription: null; viewIdResName: com.panasonic.hmi2settings:id/wifiName; checkable: false; checked: false; focusable: false; focused: false; selected: false; clickable: false; longClickable: false; contextClickable: false; enabled: true; password: false; scrollable: false; importantForAccessibility: true; actions: [AccessibilityAction: ACTION_SELECT - null, AccessibilityAction: ACTION_CLEAR_SELECTION - null, AccessibilityAction: ACTION_ACCESSIBILITY_FOCUS - null, AccessibilityAction: ACTION_NEXT_AT_MOVEMENT_GRANULARITY - null, AccessibilityAction: ACTION_PREVIOUS_AT_MOVEMENT_GRANULARITY - null, AccessibilityAction: ACTION_SET_SELECTION - null, AccessibilityAction: ACTION_SHOW_ON_SCREEN - null]]
