01-01 01:08:10.133  3675 20546 W ByMatcher: Node returned null child: android.view.accessibility.AccessibilityNodeInfo@424fa96; boundsInParent: Rect(0, 0 - 1300, 131); boundsInScreen: Rect(310, 479 - 1610, 610); packageName: com.panasonic.hmi2settings; className: android.widget.RelativeLayout; text: null; error: null; maxTextLength: -1; contentDescription: null; viewIdResName: com.panasonic.hmi2settings:id/wifiRootLayout; checkable: false; checked: false; focusable: true; focused: false; selected: false; clickable: true; longClickable: false; contextClickable: false; enabled: true; password: false; scrollable: false; importantForAccessibility: true; actions: [AccessibilityAction: ACTION_FOCUS - null, AccessibilityAction: ACTION_SELECT - null, AccessibilityAction: ACTION_CLEAR_SELECTION - null, AccessibilityAction: ACTION_CLICK - null, AccessibilityAction: ACTION_ACCESSIBILITY_FOCUS - null, AccessibilityAction: ACTION_SHOW_ON_SCREEN - null]
01-01 01:08:10.133  3675 20546 W ByMatcher: Skipping null child (0 of 2)
01-01 01:08:10.135  1379  1379 I InputAttributes: InputType.TYPE_NULL is specified
01-01 01:08:10.135  3675 20546 W ByMatcher: Skipping null child (1 of 2)
01-01 01:08:10.135  3675 20546 W ByMatcher: Node returned null child: android.view.accessibility.AccessibilityNodeInfo@424fe57; boundsInParent: Rect(0, 0 - 1300, 131); boundsInScreen: Rect(310, 610 - 1610, 741); packageName: com.panasonic.hmi2settings; className: android.widget.RelativeLayout; text: null; error: null; maxTextLength: -1; contentDescription: null; viewIdResName: com.panasonic.hmi2settings:id/wifiRootLayout; checkable: false; checked: false; focusable: true; focused: false; selected: false; clickable: true; longClickable: false; contextClickable: false; enabled: true; password: false; scrollable: false; importantForAccessibility: true; actions: [AccessibilityAction: ACTION_FOCUS - null, AccessibilityAction: ACTION_SELECT - null, AccessibilityAction: ACTION_CLEAR_SELECTION - null, AccessibilityAction: ACTION_CLICK - null, AccessibilityAction: ACTION_ACCESSIBILITY_FOCUS - null, AccessibilityAction: ACTION_SHOW_ON_SCREEN - null]
01-01 01:08:10.135  3675 20546 W ByMatcher: Skipping null child (0 of 2)
01-01 01:08:10.136  3675 20546 W ByMatcher: Skipping null child (1 of 2)
01-01 01:08:10.137  1151  2234 D mEnabledInputMethodsStrCache: com.android.inputmethods.latin/.LatinIME
01-01 01:08:10.137  1151  2234 D systemLanguageCode: en__GB
01-01 01:08:10.137  1151  2234 D mEnabledInputMethodsStrCache: com.android.inputmethods.latin/.LatinIME
01-01 01:08:10.137  3675 20546 W ByMatcher: Node returned null child: android.view.accessibility.AccessibilityNodeInfo@4250218; boundsInParent: Rect(0, 0 - 1300, 131); boundsInScreen: Rect(310, 741 - 1610, 872); packageName: com.panasonic.hmi2settings; className: android.widget.RelativeLayout; text: null; error: null; maxTextLength: -1; contentDescription: null; viewIdResName: com.panasonic.hmi2settings:id/wifiRootLayout; checkable: false; checked: false; focusable: true; focused: false; selected: false; clickable: true; longClickable: false; contextClickable: false; enabled: true; password: false; scrollable: false; importantForAccessibility: true; actions: [AccessibilityAction: ACTION_FOCUS - null, AccessibilityAction: ACTION_SELECT - null, AccessibilityAction: ACTION_CLEAR_SELECTION - null, AccessibilityAction: ACTION_CLICK - null, AccessibilityAction: ACTION_ACCESSIBILITY_FOCUS - null, AccessibilityAction: ACTION_SHOW_ON_SCREEN - null]
01-01 01:08:10.137  3675 20546 W ByMatcher: Skipping null child (0 of 2)
01-01 01:08:10.138  3675 20546 W ByMatcher: Skipping null child (1 of 2)
01-01 01:08:10.139  3675 20546 W ByMatcher: Node returned null child: android.view.accessibility.AccessibilityNodeInfo@42505d9; boundsInParent: Rect(0, 0 - 1300, 131); boundsInScreen: Rect(310, 872 - 1610, 1003); packageName: com.panasonic.hmi2settings; className: android.widget.RelativeLayout; text: null; error: null; maxTextLength: -1; contentDescription: null; viewIdResName: com.panasonic.hmi2settings:id/wifiRootLayout; checkable: false; checked: false; focusable: true; focused: false; selected: false; clickable: true; longClickable: false; contextClickable: false; enabled: true; password: false; scrollable: false; importantForAccessibility: true; actions: [AccessibilityAction: ACTION_FOCUS - null, AccessibilityAction: ACTION_SELECT - null, AccessibilityAction: ACTION_CLEAR_SELECTION - null, AccessibilityAction: ACTION_CLICK - null, AccessibilityAction: ACTION_ACCESSIBILITY_FOCUS - null, AccessibilityAction: ACTION_SHOW_ON_SCREEN - null]
01-01 01:08:10.139  3675 20546 W ByMatcher: Skipping null child (0 of 2)
01-01 01:08:10.139  3675 20546 W ByMatcher: Skipping null child (1 of 2)
01-01 01:08:10.139  1379  1379 V KeyboardState: onLoadKeyboard: [keyboard=UNSHIFTED shift=RELEASING symbol=RELEASING switch=ALPHA] autoCapsFlags=none recapitalizeMode=undefined
01-01 01:08:10.139  1379  1379 D KeyboardState: setAlphabetKeyboard: [keyboard=UNSHIFTED shift=RELEASING symbol=RELEASING switch=ALPHA] autoCapsFlags=none recapitalizeMode=undefined
01-01 01:08:10.139  1379  1379 D KeyboardSwitcher: setAlphabetKeyboard
01-01 01:08:10.140  3675 20546 W ByMatcher: Node returned null child: android.view.accessibility.AccessibilityNodeInfo@425099a; boundsInParent: Rect(0, 0 - 1300, 131); boundsInScreen: Rect(310, 1003 - 1610, 1061); packageName: com.panasonic.hmi2settings; className: android.widget.RelativeLayout; text: null; error: null; maxTextLength: -1; contentDescription: null; viewIdResName: com.panasonic.hmi2settings:id/wifiRootLayout; checkable: false; checked: false; focusable: true; focused: false; selected: false; clickable: true; longClickable: false; contextClickable: false; enabled: true; password: false; scrollable: false; importantForAccessibility: true; actions: [AccessibilityAction: ACTION_FOCUS - null, AccessibilityAction: ACTION_SELECT - null, AccessibilityAction: ACTION_CLEAR_SELECTION - null, AccessibilityAction: ACTION_CLICK - null, AccessibilityAction: ACTION_ACCESSIBILITY_FOCUS - null, AccessibilityAction: ACTION_SHOW_ON_SCREEN - null]
01-01 01:08:10.140  3675 20546 W ByMatcher: Skipping null child (0 of 2)
01-01 01:08:10.141  3675 20546 W ByMatcher: Skipping null child (1 of 2)
01-01 01:08:10.143  3675 20546 W ByMatcher: Node returned null child: android.view.accessibility.AccessibilityNodeInfo@424ef53; boundsInParent: Rect(0, 0 - 1300, 131); boundsInScreen: Rect(310, 172 - 1610, 217); packageName: com.panasonic.hmi2settings; className: android.widget.RelativeLayout; text: null; error: null; maxTextLength: -1; contentDescription: null; viewIdResName: com.panasonic.hmi2settings:id/wifiRootLayout; checkable: false; checked: false; focusable: true; focused: false; selected: false; clickable: true; longClickable: false; contextClickable: false; enabled: true; password: false; scrollable: false; importantForAccessibility: true; actions: [AccessibilityAction: ACTION_FOCUS - null, AccessibilityAction: ACTION_SELECT - null, AccessibilityAction: ACTION_CLEAR_SELECTION - null, AccessibilityAction: ACTION_CLICK - null, AccessibilityAction: ACTION_ACCESSIBILITY_FOCUS - null, AccessibilityAction: ACTION_SHOW_ON_SCREEN - null]
01-01 01:08:10.143  3675 20546 W ByMatcher: Skipping null child (0 of 2)
01-01 01:08:10.144  1151  8140 D mEnabledInputMethodsStrCache: com.android.inputmethods.latin/.LatinIME
01-01 01:08:10.145  1151  8140 D systemLanguageCode: en__GB
01-01 01:08:10.145  1151  8140 D mEnabledInputMethodsStrCache: com.android.inputmethods.latin/.LatinIME
01-01 01:08:10.145  3675 20546 W ByMatcher: Skipping null child (1 of 2)
01-01 01:08:10.146  1379  1379 D KeyboardSwitcher: requestUpdatingShiftState:  autoCapsFlags=none recapitalizeMode=undefined
01-01 01:08:10.146  1379  1379 D KeyboardState: onUpdateShiftState: [keyboard=UNSHIFTED shift=RELEASING symbol=RELEASING switch=ALPHA] autoCapsFlags=none recapitalizeMode=undefined
01-01 01:08:10.146  1379  1379 D KeyboardState: setShifted: shiftMode=UNSHIFT [keyboard=UNSHIFTED shift=RELEASING symbol=RELEASING switch=ALPHA]
01-01 01:08:10.146  3675 20546 W ByMatcher: Node returned null child: android.view.accessibility.AccessibilityNodeInfo@424f314; boundsInParent: Rect(0, 0 - 1300, 131); boundsInScreen: Rect(310, 217 - 1610, 348); packageName: com.panasonic.hmi2settings; className: android.widget.RelativeLayout; text: null; error: null; maxTextLength: -1; contentDescription: null; viewIdResName: com.panasonic.hmi2settings:id/wifiRootLayout; checkable: false; checked: false; focusable: true; focused: false; selected: false; clickable: true; longClickable: false; contextClickable: false; enabled: true; password: false; scrollable: false; importantForAccessibility: true; actions: [AccessibilityAction: ACTION_FOCUS - null, AccessibilityAction: ACTION_SELECT - null, AccessibilityAction: ACTION_CLEAR_SELECTION - null, AccessibilityAction: ACTION_CLICK - null, AccessibilityAction: ACTION_ACCESSIBILITY_FOCUS - null, AccessibilityAction: ACTION_SHOW_ON_SCREEN - null]
01-01 01:08:10.146  3675 20546 W ByMatcher: Skipping null child (0 of 2)
01-01 01:08:10.146  1151  8140 D mEnabledInputMethodsStrCache: com.android.inputmethods.latin/.LatinIME
01-01 01:08:10.146  1151  8140 D systemLanguageCode: en__GB
01-01 01:08:10.147  1151  8140 D mEnabledInputMethodsStrCache: com.android.inputmethods.latin/.LatinIME
01-01 01:08:10.148  1151  8140 D mEnabledInputMethodsStrCache: com.android.inputmethods.latin/.LatinIME
01-01 01:08:10.148  3675 20546 W ByMatcher: Skipping null child (1 of 2)
01-01 01:08:10.148  1151  8140 D systemLanguageCode: en__GB
01-01 01:08:10.148  1151  8140 D mEnabledInputMethodsStrCache: com.android.inputmethods.latin/.LatinIME
01-01 01:08:10.149  3675 20546 W ByMatcher: Node returned null child: android.view.accessibility.AccessibilityNodeInfo@4249cbd; boundsInParent: Rect(0, 0 - 1318, 1965); boundsInScreen: Rect(305, 172 - 1623, 1061); packageName: com.panasonic.hmi2settings; className: android.support.v7.widget.RecyclerView; text: null; error: null; maxTextLength: -1; contentDescription: null; viewIdResName: com.panasonic.hmi2settings:id/availableWifiConnectionList; checkable: false; checked: false; focusable: true; focused: true; selected: false; clickable: false; longClickable: false; contextClickable: false; enabled: true; password: false; scrollable: false; importantForAccessibility: true; actions: [AccessibilityAction: ACTION_CLEAR_FOCUS - null, AccessibilityAction: ACTION_SELECT - null, AccessibilityAction: ACTION_CLEAR_SELECTION - null, AccessibilityAction: ACTION_ACCESSIBILITY_FOCUS - null, AccessibilityAction: ACTION_SHOW_ON_SCREEN - null]
01-01 01:08:10.149  3675 20546 W ByMatcher: Skipping null child (6 of 15)
01-01 01:08:10.149  1379  1379 I NuanceUtil: Language text: en_GB, Language code: 5
01-01 01:08:10.149  1379  1379 I NuanceLog: Active Language: ET9LIDEnglish_UK
01-01 01:08:10.150  3675 20546 W ByMatcher: Skipping null child (7 of 15)
01-01 01:08:10.150  1379  1379 I NuanceLog: Active LDB: /system/etc/RSESpeller/configs/LDBs/v13.1.0/englishuk/ENubUNUK_xt9_ALM3.ldb
01-01 01:08:10.152  1379  1379 I LatinIME: Nuance API Initialized successfully
01-01 01:08:10.153  1379  1379 I LatinIME: Suggestion strip view visibility gone
01-01 01:08:10.154  1151  1538 D mEnabledInputMethodsStrCache: com.android.inputmethods.latin/.LatinIME
01-01 01:08:10.154  1151  1538 D systemLanguageCode: en__GB
01-01 01:08:10.154  1151  1538 D mEnabledInputMethodsStrCache: com.android.inputmethods.latin/.LatinIME
01-01 01:08:10.154  1151  1538 D mEnabledInputMethodsStrCache: com.android.inputmethods.latin/.LatinIME
01-01 01:08:10.154  1151  1538 D systemLanguageCode: en__GB
01-01 01:08:10.154  1151  1538 D mEnabledInputMethodsStrCache: com.android.inputmethods.latin/.LatinIME
01-01 01:08:10.155  1151  1538 D mEnabledInputMethodsStrCache: com.android.inputmethods.latin/.LatinIME
01-01 01:08:10.155  1151  1538 D systemLanguageCode: en__GB
01-01 01:08:10.155  1151  1538 D mEnabledInputMethodsStrCache: com.android.inputmethods.latin/.LatinIME
01-01 01:08:10.155  1151  1538 D mEnabledInputMethodsStrCache: com.android.inputmethods.latin/.LatinIME
01-01 01:08:10.155  3675 20546 W ByMatcher: Skipping null child (8 of 15)
01-01 01:08:10.155  1151  1538 D systemLanguageCode: en__GB
01-01 01:08:10.155  1151  1538 D mEnabledInputMethodsStrCache: com.android.inputmethods.latin/.LatinIME
01-01 01:08:10.157  1151  1538 D WindowManager: relayout packageName=com.android.inputmethods.latin::session=Session{ca2ba78 1379:1000}::window=android.view.IWindow$Stub$Proxy@2fe49cb::attrs.flags=800108
01-01 01:08:10.157  1151  1538 D WindowManager: relayout >>> FLAG_FULLSCREEN not set in WindowManager.LayoutParams
01-01 01:08:10.157  1151  1538 D WindowManager: startStatusReceiverServiceOnFlagSet: creating intent for action ACTION_ACTIVITY_FULLSCREEN
01-01 01:08:10.157  1151  1538 W ContextImpl: Calling a method in the system process without a qualified user: android.app.ContextImpl.startService:1476 com.android.server.wm.Session.startStatusReceiverServiceOnFlagSet:762 com.android.server.wm.Session.relayout:276 android.view.IWindowSession$Stub.onTransact:286 com.android.server.wm.Session.onTransact:166 
01-01 01:08:10.158  1151  1538 D CompatibilityInfo: mCompatibilityFlags - 4
01-01 01:08:10.158  1151  1538 D CompatibilityInfo: applicationDensity - 240
01-01 01:08:10.158  1151  1538 D CompatibilityInfo: applicationScale - 1.0
01-01 01:08:10.159  3675 20546 W ByMatcher: Skipping null child (9 of 15)
01-01 01:08:10.160  3675 20546 W ByMatcher: Skipping null child (10 of 15)
01-01 01:08:10.160  1151  1538 D WindowManager: startStatusReceiverServiceOnFlagSet: startService done
01-01 01:08:10.162  3675 20546 W ByMatcher: Skipping null child (11 of 15)
01-01 01:08:10.163  3675 20546 W ByMatcher: Skipping null child (12 of 15)
01-01 01:08:10.164  3675 20546 W ByMatcher: Skipping null child (13 of 15)
01-01 01:08:10.166  1392  1392 W SYSTEM_UI: SWR_SYSTEM_UI_007|FUN=CollapsedStatusBarFragment::getAction |1|Broadcast action --> STATUS_UPDATE_ACTION
01-01 01:08:10.166  1392  1392 W SYSTEM_UI: SWR_SYSTEM_UI_007|FUN=CollapsedStatusBarFragment::getIntExtra |1|NotifySystemUpdates dataType --> 101
01-01 01:08:10.167  1392  1392 W SYSTEM_UI - CI07.3: className -> CollapsedStatusBarFragment | functionName -> NotifySystemUpdates | onReceive -->  | value -> FULLSCREEN MODE CHANGED | isFullScreenStatus --> false | fullScreenPackage -->com.android.inputmethods.latin | fullscreenLastShownPackage -->null | topActivityPackage --> com.panasonic.hmi2settings
01-01 01:08:10.167  1392  1392 W SYSTEM_UI - CI07.3: className -> CollapsedStatusBarFragment | functionName -> NotifySystemUpdates | onReceive -->  | value -> Fullscreen mode changed --> path 0
01-01 01:08:10.167  3675 20546 W ByMatcher: Skipping null child (14 of 15)
01-01 01:08:10.168  3675 20546 W ByMatcher: Node returned null child: android.view.accessibility.AccessibilityNodeInfo@424d50c; boundsInParent: Rect(0, 0 - 1318, 2121); boundsInScreen: Rect(305, 172 - 1623, 1061); packageName: com.panasonic.hmi2settings; className: android.widget.LinearLayout; text: null; error: null; maxTextLength: -1; contentDescription: null; viewIdResName: null; checkable: false; checked: false; focusable: false; focused: false; selected: false; clickable: false; longClickable: false; contextClickable: false; enabled: true; password: false; scrollable: false; importantForAccessibility: false; actions: [AccessibilityAction: ACTION_SELECT - null, AccessibilityAction: ACTION_CLEAR_SELECTION - null, AccessibilityAction: ACTION_ACCESSIBILITY_FOCUS - null, AccessibilityAction: ACTION_SHOW_ON_SCREEN - null]
01-01 01:08:10.169  3675 20546 W ByMatcher: Skipping null child (1 of 2)
01-01 01:08:10.170  3675 20546 W ByMatcher: Node returned null child: android.view.accessibility.AccessibilityNodeInfo@424bac5; boundsInParent: Rect(0, 0 - 1637, 965); boundsInScreen: Rect(0, 104 - 1637, 1069); packageName: com.panasonic.hmi2settings; className: android.widget.RelativeLayout; text: null; error: null; maxTextLength: -1; contentDescription: null; viewIdResName: null; checkable: false; checked: false; focusable: false; focused: false; selected: false; clickable: false; longClickable: false; contextClickable: false; enabled: true; password: false; scrollable: false; importantForAccessibility: false; actions: [AccessibilityAction: ACTION_SELECT - null, AccessibilityAction: ACTION_CLEAR_SELECTION - null, AccessibilityAction: ACTION_ACCESSIBILITY_FOCUS - null, AccessibilityAction: ACTION_SHOW_ON_SCREEN - null]
01-01 01:08:10.170  3675 20546 W ByMatcher: Skipping null child (1 of 3)
01-01 01:08:10.172  3675 20546 W ByMatcher: Skipping null child (2 of 3)
01-01 01:08:10.186  1151 10154 D mEnabledInputMethodsStrCache: com.android.inputmethods.latin/.LatinIME
01-01 01:08:10.188  1151 10154 D systemLanguageCode: en__GB
01-01 01:08:10.188  1151 10154 D mEnabledInputMethodsStrCache: com.android.inputmethods.latin/.LatinIME
01-01 01:08:10.190  1151  1538 D mEnabledInputMethodsStrCache: com.android.inputmethods.latin/.LatinIME
01-01 01:08:10.190  1151  1538 D systemLanguageCode: en__GB
01-01 01:08:10.190  1151  1538 D mEnabledInputMethodsStrCache: com.android.inputmethods.latin/.LatinIME
01-01 01:08:10.191  1151  1538 D mEnabledInputMethodsStrCache: com.android.inputmethods.latin/.LatinIME
01-01 01:08:10.191  1151  1538 D systemLanguageCode: en__GB
01-01 01:08:10.191  1151  1538 D mEnabledInputMethodsStrCache: com.android.inputmethods.latin/.LatinIME
01-01 01:08:10.194  1151 10154 D mEnabledInputMethodsStrCache: com.android.inputmethods.latin/.LatinIME
01-01 01:08:10.194  1151 10154 D systemLanguageCode: en__GB
01-01 01:08:10.194  1151 10154 D mEnabledInputMethodsStrCache: com.android.inputmethods.latin/.LatinIME
01-01 01:08:10.194  1151 10154 D mEnabledInputMethodsStrCache: com.android.inputmethods.latin/.LatinIME
01-01 01:08:10.194  1151 10154 D systemLanguageCode: en__GB
01-01 01:08:10.194  1151 10154 D mEnabledInputMethodsStrCache: com.android.inputmethods.latin/.LatinIME
01-01 01:08:10.195  1379  1379 I LatinIME: SWR_HMISERVICE_SPELLER_MF_001||FUN=onStartInputViewInternal || 1 || Starting input. Cursor position = 0,0
01-01 01:08:10.214  1151 10154 D mEnabledInputMethodsStrCache: com.android.inputmethods.latin/.LatinIME
01-01 01:08:10.214  1151 10154 D systemLanguageCode: en__GB
01-01 01:08:10.214  1151 10154 D mEnabledInputMethodsStrCache: com.android.inputmethods.latin/.LatinIME
01-01 01:08:10.216  1379  1379 V KeyboardState: onLoadKeyboard: [keyboard=UNSHIFTED shift=RELEASING symbol=RELEASING switch=ALPHA] autoCapsFlags=none recapitalizeMode=undefined
01-01 01:08:10.216  1379  1379 D KeyboardState: setAlphabetKeyboard: [keyboard=UNSHIFTED shift=RELEASING symbol=RELEASING switch=ALPHA] autoCapsFlags=none recapitalizeMode=undefined
01-01 01:08:10.216  1379  1379 D KeyboardSwitcher: setAlphabetKeyboard
01-01 01:08:10.217  1151 10154 D mEnabledInputMethodsStrCache: com.android.inputmethods.latin/.LatinIME
01-01 01:08:10.217  1151 10154 D systemLanguageCode: en__GB
01-01 01:08:10.217  1151 10154 D mEnabledInputMethodsStrCache: com.android.inputmethods.latin/.LatinIME
01-01 01:08:10.218  1379  1379 D KeyboardSwitcher: requestUpdatingShiftState:  autoCapsFlags=none recapitalizeMode=undefined
01-01 01:08:10.218  1379  1379 D KeyboardState: onUpdateShiftState: [keyboard=UNSHIFTED shift=RELEASING symbol=RELEASING switch=ALPHA] autoCapsFlags=none recapitalizeMode=undefined
01-01 01:08:10.218  1379  1379 D KeyboardState: setShifted: shiftMode=UNSHIFT [keyboard=UNSHIFTED shift=RELEASING symbol=RELEASING switch=ALPHA]
01-01 01:08:10.219  1151  1538 D mEnabledInputMethodsStrCache: com.android.inputmethods.latin/.LatinIME
01-01 01:08:10.219  1151  1538 D systemLanguageCode: en__GB
01-01 01:08:10.219  1151  1538 D mEnabledInputMethodsStrCache: com.android.inputmethods.latin/.LatinIME
01-01 01:08:10.219  1151  1538 D mEnabledInputMethodsStrCache: com.android.inputmethods.latin/.LatinIME
01-01 01:08:10.219  1151  1538 D systemLanguageCode: en__GB
01-01 01:08:10.219  1151  1538 D mEnabledInputMethodsStrCache: com.android.inputmethods.latin/.LatinIME
01-01 01:08:10.221  1379  1379 I NuanceUtil: Language text: en_GB, Language code: 5
01-01 01:08:10.221  1379  1379 I NuanceLog: Active Language: ET9LIDEnglish_UK
01-01 01:08:10.221  1379  1379 I NuanceLog: Active LDB: /system/etc/RSESpeller/configs/LDBs/v13.1.0/englishuk/ENubUNUK_xt9_ALM3.ldb
01-01 01:08:10.221  1379  1379 I LatinIME: Nuance API Initialized successfully
01-01 01:08:10.222  1379  1379 I LatinIME: Suggestion strip view visibility gone
01-01 01:08:10.223  1151  1538 D mEnabledInputMethodsStrCache: com.android.inputmethods.latin/.LatinIME
01-01 01:08:10.223  1151  1538 D systemLanguageCode: en__GB
01-01 01:08:10.223  1151  1538 D mEnabledInputMethodsStrCache: com.android.inputmethods.latin/.LatinIME
01-01 01:08:10.223  1151  1538 D mEnabledInputMethodsStrCache: com.android.inputmethods.latin/.LatinIME
01-01 01:08:10.223  1151  1538 D systemLanguageCode: en__GB
01-01 01:08:10.223  1151  1538 D mEnabledInputMethodsStrCache: com.android.inputmethods.latin/.LatinIME
01-01 01:08:10.785   729   748 I sssv-lib: sendMsg enter
01-01 01:08:10.785   729   748 I sssv-lib: sendMsg complete.
01-01 01:08:11.096  1151  1538 D mEnabledInputMethodsStrCache: com.android.inputmethods.latin/.LatinIME
01-01 01:08:11.096  3739  3739 W HMI2-SETTINGS - CI08.4: className -> WifiActivity | functionName -> setOnFocusChangeListener :   | value -> hasFocus:false
01-01 01:08:11.096  1151  1538 D systemLanguageCode: en__GB
01-01 01:08:11.097  1151  1538 D mEnabledInputMethodsStrCache: com.android.inputmethods.latin/.LatinIME
01-01 01:08:11.097  1151  1538 D mEnabledInputMethodsStrCache: com.android.inputmethods.latin/.LatinIME
01-01 01:08:11.097  1151  1538 D systemLanguageCode: en__GB
01-01 01:08:11.097  1151  1538 D mEnabledInputMethodsStrCache: com.android.inputmethods.latin/.LatinIME
01-01 01:08:11.097  3739  3739 W HMI2-SETTINGS - CI08.4: className -> WifiActivity | functionName -> setOnFocusChangeListener :   | value -> hasFocus:true
01-01 01:08:11.618  1151  8140 D mEnabledInputMethodsStrCache: com.android.inputmethods.latin/.LatinIME
01-01 01:08:11.618  1151  8140 D systemLanguageCode: en__GB
01-01 01:08:11.618  1151  8140 D mEnabledInputMethodsStrCache: com.android.inputmethods.latin/.LatinIME
01-01 01:08:11.620  1151  8140 D mEnabledInputMethodsStrCache: com.android.inputmethods.latin/.LatinIME
01-01 01:08:11.620  1151  8140 D systemLanguageCode: en__GB
01-01 01:08:11.620  1151  8140 D mEnabledInputMethodsStrCache: com.android.inputmethods.latin/.LatinIME
01-01 01:08:11.621  1151 10154 D mEnabledInputMethodsStrCache: com.android.inputmethods.latin/.LatinIME
01-01 01:08:11.621  1151 10154 D systemLanguageCode: en__GB
01-01 01:08:11.621  1151 10154 D mEnabledInputMethodsStrCache: com.android.inputmethods.latin/.LatinIME
01-01 01:08:11.622  1151 10154 D mEnabledInputMethodsStrCache: com.android.inputmethods.latin/.LatinIME
01-01 01:08:11.622  1151 10154 D systemLanguageCode: en__GB
01-01 01:08:11.622  1151 10154 D mEnabledInputMethodsStrCache: com.android.inputmethods.latin/.LatinIME
01-01 01:08:11.622  1151 10154 D mEnabledInputMethodsStrCache: com.android.inputmethods.latin/.LatinIME
01-01 01:08:11.622  1151 10154 D systemLanguageCode: en__GB
01-01 01:08:11.622  1151 10154 D mEnabledInputMethodsStrCache: com.android.inputmethods.latin/.LatinIME
01-01 01:08:11.623  1151  1538 D mEnabledInputMethodsStrCache: com.android.inputmethods.latin/.LatinIME
01-01 01:08:11.623  1151  1538 D systemLanguageCode: en__GB
01-01 01:08:11.623  1151  1538 D mEnabledInputMethodsStrCache: com.android.inputmethods.latin/.LatinIME
01-01 01:08:11.624  1379  1379 I LatinIME: SWR_HMISERVICE_SPELLER_MF_001||FUN=onStartInputViewInternal || 1 || Starting input. Cursor position = 0,0
01-01 01:08:11.640  3675 20551 D UIAutomatorStub: URI: /jsonrpc/0, Method: POST, Header: {content-length=170, remote-addr=127.0.0.1, http-client-ip=127.0.0.1, host=localhost:9009, content-type=application/json, connection=close, accept-encoding=identity, user-agent=Python-urllib/2.7}, params, {NanoHttpd.QUERY_STRING=null}, files: {postData={"params": [{"childOrSiblingSelector": [], "text": "OK", "mask": 1, "childOrSibling": []}], "jsonrpc": "2.0", "method": "click", "id": "a1554da543bf5643ffdd95868da4d6ca"}}
01-01 01:08:11.649  1379  1379 D KeyboardState: onResetKeyboardStateToAlphabet: [keyboard=UNSHIFTED shift=RELEASING symbol=RELEASING switch=ALPHA] autoCapsFlags=none recapitalizeMode=undefined
01-01 01:08:11.649  1379  1379 D KeyboardState: resetKeyboardStateToAlphabet: [keyboard=UNSHIFTED shift=RELEASING symbol=RELEASING switch=ALPHA] autoCapsFlags=none recapitalizeMode=undefined
01-01 01:08:11.649  1379  1379 D KeyboardSwitcher: requestUpdatingShiftState:  autoCapsFlags=none recapitalizeMode=undefined
01-01 01:08:11.649  1379  1379 D KeyboardState: onUpdateShiftState: [keyboard=UNSHIFTED shift=RELEASING symbol=RELEASING switch=ALPHA] autoCapsFlags=none recapitalizeMode=undefined
01-01 01:08:11.649  1379  1379 D KeyboardState: setShifted: shiftMode=UNSHIFT [keyboard=UNSHIFTED shift=RELEASING symbol=RELEASING switch=ALPHA]
01-01 01:08:11.650  1151  1538 D mEnabledInputMethodsStrCache: com.android.inputmethods.latin/.LatinIME
01-01 01:08:11.650  1151  1538 D systemLanguageCode: en__GB
01-01 01:08:11.650  1151  1538 D mEnabledInputMethodsStrCache: com.android.inputmethods.latin/.LatinIME
01-01 01:08:11.651  1151  1538 D mEnabledInputMethodsStrCache: com.android.inputmethods.latin/.LatinIME
01-01 01:08:11.651  1151  1538 D systemLanguageCode: en__GB
01-01 01:08:11.651  1151  1538 D mEnabledInputMethodsStrCache: com.android.inputmethods.latin/.LatinIME
01-01 01:08:11.652  1379  1379 I NuanceUtil: Language text: en_GB, Language code: 5
01-01 01:08:11.652  1379  1379 I NuanceLog: Active Language: ET9LIDEnglish_UK
01-01 01:08:11.652  1379  1379 I NuanceLog: Active LDB: /system/etc/RSESpeller/configs/LDBs/v13.1.0/englishuk/ENubUNUK_xt9_ALM3.ldb
01-01 01:08:11.652  1379  1379 I LatinIME: Nuance API Initialized successfully
01-01 01:08:11.652  1379  1379 I LatinIME: Suggestion strip view visibility gone
01-01 01:08:11.653  1151  1538 D mEnabledInputMethodsStrCache: com.android.inputmethods.latin/.LatinIME
01-01 01:08:11.653  1151  1538 D systemLanguageCode: en__GB
01-01 01:08:11.653  1151  1538 D mEnabledInputMethodsStrCache: com.android.inputmethods.latin/.LatinIME
01-01 01:08:11.653  1151  1538 D mEnabledInputMethodsStrCache: com.android.inputmethods.latin/.LatinIME
01-01 01:08:11.653  1151  1538 D systemLanguageCode: en__GB
01-01 01:08:11.653  1151  1538 D mEnabledInputMethodsStrCache: com.android.inputmethods.latin/.LatinIME
01-01 01:08:11.786   729   748 I sssv-lib: sendMsg enter
01-01 01:08:11.786   729   748 I sssv-lib: sendMsg complete.
01-01 01:08:12.215  3739  3739 W HMI2-SETTINGS - CI08.4: className -> WifiActivity | functionName -> handlePassOkClick:  | value -> handlePassOkClick with ssid :RSE_Test enter callFromdialogButton
01-01 01:08:12.216  3675 20552 D UIAutomatorStub: URI: /jsonrpc/0, Method: POST, Header: {content-length=274, remote-addr=127.0.0.1, http-client-ip=127.0.0.1, host=localhost:9009, content-type=application/json, connection=close, accept-encoding=identity, user-agent=Python-urllib/2.7}, params, {NanoHttpd.QUERY_STRING=null}, files: {postData={"params": [{"childOrSiblingSelector": [], "scrollable": true, "mask": 16384, "childOrSibling": []}, {"childOrSiblingSelector": [], "text": "RSE_Test", "mask": 1, "childOrSibling": []}, true], "jsonrpc": "2.0", "method": "scrollTo", "id": "f21d232802898588832e7310d49c27f7"}}
01-01 01:08:12.218  3739  3739 W HMI2-SETTINGS - CI08.4: className -> WifiActivity | functionName -> hideSoftKeyboard | value -> hideSoftInputFromWindow id=true
01-01 01:08:12.218  1379  1379 E LatinIME: hideWindow Called
01-01 01:08:12.224  1151  2264 I WifiService: getWifiEnabledState uid=1000
01-01 01:08:12.225  3739  3739 W HMI2-SETTINGS - CI08.4: className -> WifiActivity | functionName -> removePassEnterWindow : callFrom  | value -> connectToWifi_isPasswordValid
01-01 01:08:12.238  1151  2264 D WindowManager: relayout packageName=com.android.inputmethods.latin::session=Session{ca2ba78 1379:1000}::window=android.view.IWindow$Stub$Proxy@aae4454::attrs.flags=800108
01-01 01:08:12.238  1151  2264 D WindowManager: relayout >>> FLAG_FULLSCREEN not set in WindowManager.LayoutParams
01-01 01:08:12.238  1151  2264 D WindowManager: startStatusReceiverServiceOnFlagSet: creating intent for action ACTION_ACTIVITY_FULLSCREEN
01-01 01:08:12.239  1151  2264 W ContextImpl: Calling a method in the system process without a qualified user: android.app.ContextImpl.startService:1476 com.android.server.wm.Session.startStatusReceiverServiceOnFlagSet:762 com.android.server.wm.Session.relayout:276 android.view.IWindowSession$Stub.onTransact:286 com.android.server.wm.Session.onTransact:166 
01-01 01:08:12.239  1151  2264 D CompatibilityInfo: mCompatibilityFlags - 4
01-01 01:08:12.240  3739  3739 W HMI2-SETTINGS: SWR_BAIDU_HMI_0015|FUN=WifiActivity::finallyConnect|0|networkSSID::RSE_Test|NotOpen|isWapiConnect:false
01-01 01:08:12.240  1151  2264 D CompatibilityInfo: applicationDensity - 240
01-01 01:08:12.240  1151  2264 D CompatibilityInfo: applicationScale - 1.0
01-01 01:08:12.240  1151  2264 D WindowManager: startStatusReceiverServiceOnFlagSet: startService done
01-01 01:08:12.242  1151  1538 I WifiService: addOrUpdateNetwork uid=1000
01-01 01:08:12.242  1151  1538 I addOrUpdateNetwork:  uid = 1000 SSID "RSE_Test" nid=-1
01-01 01:08:12.242  1151  1317 D WifiConfiguration: configKey: false
01-01 01:08:12.242  1151  1317 D WifiConfiguration: configKey: false
01-01 01:08:12.242  1151  1317 E WifiConfigManager: Cannot find network with networkId -1 or configKey "RSE_Test"WPA_PSK
01-01 01:08:12.243  1151  1317 D WifiConfiguration: configKey: false
01-01 01:08:12.243  1151  1317 E WifiConfigManager: Cannot find network with configKey "RSE_Test"WPA_PSK
01-01 01:08:12.245  1151  1317 D WifiConfiguration: configKey: false
01-01 01:08:12.246  1392  1392 W SYSTEM_UI: SWR_SYSTEM_UI_007|FUN=CollapsedStatusBarFragment::getAction |1|Broadcast action --> STATUS_UPDATE_ACTION
01-01 01:08:12.246  1392  1392 W SYSTEM_UI: SWR_SYSTEM_UI_007|FUN=CollapsedStatusBarFragment::getIntExtra |1|NotifySystemUpdates dataType --> 101
01-01 01:08:12.246  1392  1392 W SYSTEM_UI - CI07.3: className -> CollapsedStatusBarFragment | functionName -> NotifySystemUpdates | onReceive -->  | value -> FULLSCREEN MODE CHANGED | isFullScreenStatus --> false | fullScreenPackage -->com.android.inputmethods.latin | fullscreenLastShownPackage -->null | topActivityPackage --> com.panasonic.hmi2settings
01-01 01:08:12.246  1392  1392 W SYSTEM_UI - CI07.3: className -> CollapsedStatusBarFragment | functionName -> NotifySystemUpdates | onReceive -->  | value -> Fullscreen mode changed --> path 0
01-01 01:08:12.248  1151  1317 D WifiConfiguration: configKey: false
01-01 01:08:12.271  1151  1317 D WifiConfigStore: Writing to stores completed in 22 ms.
01-01 01:08:12.271  1151  1317 D WifiConfiguration: configKey: false
01-01 01:08:12.272  3739  3739 W HMI2-SETTINGS: SWR_BAIDU_HMI_0015|FUN=WifiActivity::addNetwork|0|Getting network id with addNetwork method.
01-01 01:08:12.272  3739  3739 W HMI2-SETTINGS - CI08.4: className -> WifiActivity | functionName -> connectNewNetwork : | value ->  addNetwork success netId->183
01-01 01:08:12.272  1151  1538 I WifiService: enableNetwork uid=1000 disableOthers=true
01-01 01:08:12.272  1151  1317 D WifiStateMachine: connectToUserSelectNetwork netId 183, uid 1000, forceReconnect = false
01-01 01:08:12.274  1151  1317 D WifiConfiguration: configKey: false
01-01 01:08:12.275  1151  1317 I chatty  : uid=1000(system) WifiStateMachin identical 1 line
01-01 01:08:12.276  1151  1317 D WifiConfiguration: configKey: false
01-01 01:08:12.295  1151  1317 D WifiConfigStore: Writing to stores completed in 19 ms.
01-01 01:08:12.297  1151  1317 D WifiConfiguration: configKey: false
01-01 01:08:12.298  1151  1317 I chatty  : uid=1000(system) WifiStateMachin identical 1 line
01-01 01:08:12.298  1151  1317 D WifiConfiguration: configKey: false
01-01 01:08:12.298  1151  1317 D WifiStateMachine: CMD_START_CONNECT sup state DisconnectedState my state DisconnectedState nid=183 roam=false
01-01 01:08:12.299  3739  3739 W HMI2-SETTINGS - CI08.4: className -> WifiActivity | functionName -> connectNewNetwork :  | value -> enable success netId->183
01-01 01:08:12.299  1151  8140 I WifiService: getWifiServiceMessenger uid=1000
01-01 01:08:12.301   808   808 W wificond: Scan is not started. Ignore abort request
01-01 01:08:12.301  3739  3739 W HMI2-SETTINGS: SWR_BAIDU_HMI_0015|SWR_BAIDU_HMI_0027|FUN=WifiActivity::connect|0|Connected to new network
01-01 01:08:12.301  3739  3739 W HMI2-SETTINGS - CI08.4: className -> WifiActivity | functionName -> finallyConnect : ssid-> | value -> "RSE_Test"|isClickedForConnection:false
01-01 01:08:12.301  1151  1316 D WifiService: CONNECT  nid=183 uid=1000 name=android.uid.system:1000
01-01 01:08:12.301  1151  1316 D WifiService: Connect with networkId 183
01-01 01:08:12.301  1151  1316 D WifiService: New client listening to asynchronous messages
01-01 01:08:12.302  1151  1317 D WifiConfiguration: configKey: false
01-01 01:08:12.302  1151  1317 D SupplicantStaIfaceHal: connectToNetwork "RSE_Test"WPA_PSK
01-01 01:08:12.303  3023  3023 E wpa_supplicant: Deregistering network from hidl control: 0
01-01 01:08:12.303  1151  1317 I SupplicantStaIfaceHal: addSupplicantStaNetwork via HIDL
01-01 01:08:12.303  3023  3023 E wpa_supplicant: Registering network to hidl control: 0
01-01 01:08:12.312  1151  1317 D WifiConfiguration: configKey: false
01-01 01:08:12.314  3023  3023 E wpa_supplicant: Notifying state change event to hidl control: 3
01-01 01:08:12.314  1151  1317 D WifiStateMachine: processMessage:  connect success 
01-01 01:08:12.314  1151  1317 D WifiStateMachine: processMessage: connect over
01-01 01:08:12.314  1151  1317 D WifiConfiguration: configKey: false
01-01 01:08:12.315  1151  1317 D WifiStateMachine: connectToUserSelectNetwork netId 183, uid 1000, forceReconnect = false
01-01 01:08:12.315  1151  1317 D WifiConfiguration: configKey: false
01-01 01:08:12.316  1151  1317 I chatty  : uid=1000(system) WifiStateMachin identical 1 line
01-01 01:08:12.317  1151  1317 D WifiConfiguration: configKey: false
01-01 01:08:12.340  1151  1317 D WifiConfigStore: Writing to stores completed in 23 ms.
01-01 01:08:12.341  1151  1317 D WifiConfiguration: configKey: false
01-01 01:08:12.342  1151  1317 D WifiConfiguration: configKey: false
01-01 01:08:12.342  3739  3757 E HMI2-SETTINGS - CI08.4: className -> WifiActivity | functionName -> mConnectListener | error ->onSuccess
01-01 01:08:12.345  1508  1601 W QCNEJ   : |CORE| notifyWifiStatusChanged failed
01-01 01:08:12.345  1508  1601 W QCNEJ   : |CORE| notifyRatConnectionStatusChanged failed
01-01 01:08:12.346  2145  2145 D HMI_SERVICE: USE_CASE_NA|FUN=HmiApplication| [action] android.net.wifi.STATE_CHANGE
01-01 01:08:12.346  2145  2145 D HmiApplication: DetailedState:DISCONNECTED
01-01 01:08:12.346  2145  2145 W HMI_SERVICE: USE_CASE_NA|FUN=HmiApplication|executeLinuxCmdB2C command:6|isFromCManager:true
01-01 01:08:12.348  2677  2691 W ANDR_PERSISTENCY_CLIENT: SWR_PERSISTENCE_HV_LA_MF_0003|FUN=VCPUPersistenceService::executeLinuxBackgroundCommand |0|msg: param [6]
01-01 01:08:12.348  2677  2691 W ANDR_PERSISTENCY_CLIENT: SWR_PERSISTENCE_HV_LA_MF_0005|FUN=TCPHandler:: getInstance |2|msg: invoked 
01-01 01:08:12.348  2677  2691 W ANDR_PERSISTENCY_CLIENT: SWR_PERSISTENCE_HV_LA_MF_0005|FUN=TCPHandler:: sendWriteRequestToPersistenceLinuxInt |2|data= [6]key= 0 commandKey= 10
01-01 01:08:12.348  2677  2691 W ANDR_PERSISTENCY_CLIENT: SWR_PERSISTENCE_HV_LA_MF_0005|FUN=TCPHandler:: getUID |2|msg: invoked 
01-01 01:08:12.348  2677  2691 W ANDR_PERSISTENCY_CLIENT: SWR_PERSISTENCE_HV_LA_MF_0005|FUN=TCPHandler:: setAction |2|msg:setAction=1
01-01 01:08:12.348  2677  2691 W ANDR_PERSISTENCY_CLIENT: SWR_PERSISTENCE_HV_LA_MF_0005|FUN=TCPHandler:: setUID |2|msg:uid=-108
01-01 01:08:12.348  1392  1392 W SYSTEM_UI: SWR_SYSTEM_UI_008|FUN=CollapsedStatusBarFragment::AndroidEventReceiver | getAction |1|Broadcast action:android.net.wifi.STATE_CHANGE received
01-01 01:08:12.348  1392  1392 W SYSTEM_UI - CI07.3: className -> CollapsedStatusBarFragment | functionName -> AndroidEventReceiver | onReceive -->  | value -> Wifi connection status--> false
01-01 01:08:12.348  1392  1392 W SYSTEM_UI: SWR_SYSTEM_UI_008|FUN=CollapsedStatusBarFragment::isConnected |1|Wifi connection status--> false
01-01 01:08:12.348  1392  1392 W SYSTEM_UI - CI07.3: className -> CollapsedStatusBarFragment | functionName -> updateHermsDataType | value -> Update Herms Data Type :: networkType --> 0
01-01 01:08:12.348  1392  1392 W SYSTEM_UI - CI07.3: className -> CollapsedStatusBarFragment | functionName -> updateHermsDataType | value -> Update Herms Data Type :: isWebsiteSecure --> false
01-01 01:08:12.348  1392  1392 W SYSTEM_UI - CI07.3: className -> CollapsedStatusBarFragment | functionName -> updateHermsDataType | value -> Update Herms Data Type :: connection status --> 1
01-01 01:08:12.348  1392  1392 W SYSTEM_UI - CI07.3: className -> CollapsedStatusBarFragment | functionName -> updateHermsDataType | value -> Update Herms Data Type :: data Transfer --> false
01-01 01:08:12.348  1392  1392 W SYSTEM_UI - CI07.3: className -> CollapsedStatusBarFragment | functionName -> updateHermsDataType | value -> Update Herms Data Type :: wifiConnectionStatus --> false
01-01 01:08:12.348  1392  1392 W SYSTEM_UI - CI07.3: className -> CollapsedStatusBarFragment | functionName -> updateHermsDataType | value -> path 2
01-01 01:08:12.348  1392  1392 W SYSTEM_UI - CI07.3: className -> CollapsedStatusBarFragment | functionName -> updateHermsDataType | value -> path 3
01-01 01:08:12.349  2677  2691 W ANDR_PERSISTENCY_CLIENT: SWR_PERSISTENCE_HV_LA_MF_0005|FUN=TCPHandler:: setKey |2|msg:uid=-108
01-01 01:08:12.349  2677  2691 W ANDR_PERSISTENCY_CLIENT: SWR_PERSISTENCE_HV_LA_MF_0005|FUN=TCPHandler::setCommandKey|2|msg:commandKey=10
01-01 01:08:12.349  2677  2691 W ANDR_PERSISTENCY_CLIENT: SWR_PERSISTENCE_HV_LA_MF_0005|FUN=TCPHandler:: registerCallBack |2|invoked 
01-01 01:08:12.349  2677  2691 W ANDR_PERSISTENCY_CLIENT: SWR_PERSISTENCE_HV_LA_MF_0005|FUN=TCPHandler::start|2|msg: byteArrayToInt : b [6]
01-01 01:08:12.350  2677  2691 W ANDR_PERSISTENCY_CLIENT: SWR_PERSISTENCE_HV_LA_MF_0005|FUN=TCPHandler::sendWriteRequestToPersistenceLinuxInt|2|listKey=-108_10;keyString=0x00;key=0;command=6
01-01 01:08:12.350  2677  2725 W ANDR_PERSISTENCY_CLIENT: SWR_PERSISTENCE_HV_LA_MF_0005|FUN=TCPHandler:: getAction |2|msg:getAction=1
01-01 01:08:12.350  2677  2725 W ANDR_PERSISTENCY_CLIENT: SWR_PERSISTENCE_HV_LA_MF_0005|FUN=TCPHandler:: sender:ACTION_REQUEST |2|msg:condition 
01-01 01:08:12.350  2677  2725 W ANDR_PERSISTENCY_CLIENT: SWR_PERSISTENCE_HV_LA_MF_0005|FUN=TCPHandler:: getWrappedData |2|msg: msg com.panasonic.dairse.vcpupersistence.TCPHandler$Message@fe8a21d
01-01 01:08:12.350  2677  2725 W ANDR_PERSISTENCY_CLIENT: SWR_PERSISTENCE_HV_LA_MF_0005|FUN=TCPHandler::getCommandKey|2|msg:commandKey=10
01-01 01:08:12.350  2677  2725 W ANDR_PERSISTENCY_CLIENT: SWR_PERSISTENCE_HV_LA_MF_0005|FUN=TCPHandler:: intToBytes |2| data 1
01-01 01:08:12.350  2677  2725 W ANDR_PERSISTENCY_CLIENT: SWR_PERSISTENCE_HV_LA_MF_0005|FUN=TCPHandler:: intToBytes |2| data 13
01-01 01:08:12.350  2677  2725 W ANDR_PERSISTENCY_CLIENT: SWR_PERSISTENCE_HV_LA_MF_0005|FUN=TCPHandler:: getUID |2|msg:uid=-108
01-01 01:08:12.350  2677  2725 W ANDR_PERSISTENCY_CLIENT: SWR_PERSISTENCE_HV_LA_MF_0005|FUN=TCPHandler::start|2|msg:sender::msg=[0, 0, 0, 13, 1, -108, 10, 4, 48, 120, 48, 48, 0, 0, 0, 1, 6]
01-01 01:08:12.350  2677  2725 W ANDR_PERSISTENCY_CLIENT: SWR_PERSISTENCE_HV_LA_MF_0005|FUN=TCPHandler:: sender : Thread.interrupted() |2|msg:condition 
01-01 01:08:12.353  2677  2726 W ANDR_PERSISTENCY_CLIENT: SWR_PERSISTENCE_HV_LA_MF_0005|FUN=TCPHandler::start|2|msg:receiver::run: size of totalLength 4
01-01 01:08:12.353  2677  2726 W ANDR_PERSISTENCY_CLIENT: SWR_PERSISTENCE_HV_LA_MF_0005|FUN=TCPHandler::start|2|msg:receiver::run: totalLength is > 0
01-01 01:08:12.353  2677  2726 W ANDR_PERSISTENCY_CLIENT: SWR_PERSISTENCE_HV_LA_MF_0005|FUN=TCPHandler::start|2|msg:receiver::response length= 12
01-01 01:08:12.353  2677  2726 W ANDR_PERSISTENCY_CLIENT: SWR_PERSISTENCE_HV_LA_MF_0005|FUN=TCPHandler::handleInBoundData|2|message=[0, -108, 10, 0, 0, 0, 0, 4, 1, 0, 0, 0]
01-01 01:08:12.353  2677  2726 W ANDR_PERSISTENCY_CLIENT: SWR_PERSISTENCE_HV_LA_MF_0005|FUN=TCPHandler::handleInBoundData|2|msg:response listKey=-108_10
01-01 01:08:12.353  2677  2726 W ANDR_PERSISTENCY_CLIENT: SWR_PERSISTENCE_HV_LA_MF_0005|FUN=TCPHandler::handleInBoundData|2|msg:TCPHandler.handleInBoundData success response=0
01-01 01:08:12.353  2677  2726 W ANDR_PERSISTENCY_CLIENT: SWR_PERSISTENCE_HV_LA_MF_0005|FUN=TCPHandler::isB2cResponce|2|msg: message [0, -108, 10, 0, 0, 0, 0, 4, 1, 0, 0, 0]
01-01 01:08:12.353  2677  2726 W ANDR_PERSISTENCY_CLIENT: SWR_PERSISTENCE_HV_LA_MF_0005|FUN=TCPHandler::handleInBoundData|2|msg:  isB2cResponce
01-01 01:08:12.353  2677  2726 W ANDR_PERSISTENCY_CLIENT: SWR_PERSISTENCE_HV_LA_MF_0005|FUN=TCPHandler::sendResponse|2|msg:send Response using IVCPUServiceCallBack=[0, -108, 10, 0, 0, 0, 0, 4, 1, 0, 0, 0]
01-01 01:08:12.354  2677  2726 W ANDR_PERSISTENCY_CLIENT: SWR_PERSISTENCE_HV_LA_MF_0005|FUN=TCPHandler::sendResponse|2|msg:send Response using IVCPUServiceCallBack=[0, -108, 10, 0, 0, 0, 0, 4, 1, 0, 0, 0]
01-01 01:08:12.354  1508  1601 W QCNEJ   : |CORE| notifyWifiStatusChanged failed
01-01 01:08:12.354  1508  1601 W QCNEJ   : |CORE| notifyRatConnectionStatusChanged failed
01-01 01:08:12.354  2145  4306 W HMI_SERVICE: USE_CASE_NA|FUN=HmiApplication|executeLinuxCmdConnection responseData:[0, -108, 10, 0, 0, 0, 0, 4, 1, 0, 0, 0]
01-01 01:08:12.354  2145  4306 W HMI_SERVICE: USE_CASE_NA|FUN=HmiApplication|executeLinuxCmdConnection responseData=not valid:16777216
01-01 01:08:12.354  2145  4306 W HMI_SERVICE: USE_CASE_NA|FUN=HmiApplication|executeLinuxCmdConnection responseReturnData=
01-01 01:08:12.354  2145  4306 W HMI_SERVICE: USE_CASE_NA|FUN=HmiApplication|executeLinuxCmdB2C response=true
01-01 01:08:12.354  2145  2145 D HMI_SERVICE: USE_CASE_NA|FUN=HmiApplication| [action] android.net.wifi.STATE_CHANGE
01-01 01:08:12.355  1151  1317 D WifiStateMachine: CMD_START_CONNECT sup state DisconnectedState my state DisconnectedState nid=183 roam=false
01-01 01:08:12.355  1392  1392 W SYSTEM_UI: SWR_SYSTEM_UI_008|FUN=CollapsedStatusBarFragment::AndroidEventReceiver | getAction |1|Broadcast action:android.net.wifi.STATE_CHANGE received
01-01 01:08:12.355  1392  1392 W SYSTEM_UI - CI07.3: className -> CollapsedStatusBarFragment | functionName -> AndroidEventReceiver | onReceive -->  | value -> Wifi connection status--> false
01-01 01:08:12.355  1392  1392 W SYSTEM_UI: SWR_SYSTEM_UI_008|FUN=CollapsedStatusBarFragment::isConnected |1|Wifi connection status--> false
01-01 01:08:12.356  1392  1392 W SYSTEM_UI - CI07.3: className -> CollapsedStatusBarFragment | functionName -> updateHermsDataType | value -> Update Herms Data Type :: networkType --> 0
01-01 01:08:12.356  1392  1392 W SYSTEM_UI - CI07.3: className -> CollapsedStatusBarFragment | functionName -> updateHermsDataType | value -> Update Herms Data Type :: isWebsiteSecure --> false
01-01 01:08:12.356  1392  1392 W SYSTEM_UI - CI07.3: className -> CollapsedStatusBarFragment | functionName -> updateHermsDataType | value -> Update Herms Data Type :: connection status --> 1
01-01 01:08:12.356  1392  1392 W SYSTEM_UI - CI07.3: className -> CollapsedStatusBarFragment | functionName -> updateHermsDataType | value -> Update Herms Data Type :: data Transfer --> false
01-01 01:08:12.356  1392  1392 W SYSTEM_UI - CI07.3: className -> CollapsedStatusBarFragment | functionName -> updateHermsDataType | value -> Update Herms Data Type :: wifiConnectionStatus --> false
01-01 01:08:12.356  1392  1392 W SYSTEM_UI - CI07.3: className -> CollapsedStatusBarFragment | functionName -> updateHermsDataType | value -> path 2
01-01 01:08:12.356  1392  1392 W SYSTEM_UI - CI07.3: className -> CollapsedStatusBarFragment | functionName -> updateHermsDataType | value -> path 3
01-01 01:08:12.356   808   808 W wificond: Scan is not started. Ignore abort request
01-01 01:08:12.357  1151  1317 D WifiConfiguration: configKey: false
01-01 01:08:12.357  1151  1317 D SupplicantStaIfaceHal: connectToNetwork "RSE_Test"WPA_PSK
01-01 01:08:12.357  1151  1317 D SupplicantStaIfaceHal: Network is already saved, will not trigger remove and add operation.
01-01 01:08:12.357  1151  1317 D WifiStateMachine: processMessage:  connect success 
01-01 01:08:12.357  1151  1317 D WifiStateMachine: processMessage: connect over
01-01 01:08:12.358  1151  1317 D WifiConfiguration: configKey: false
01-01 01:08:12.359  2145  2145 D HMI_SERVICE: USE_CASE_NA|FUN=HmiApplication| [action] android.net.wifi.supplicant.STATE_CHANGE
01-01 01:08:12.382  3739  3739 E HMI2-SETTINGS - CI08.4: className -> WifiActivity | functionName -> mWifiScanReceiver -> onReceive | error ->intent_action:android.net.wifi.CONFIGURED_NETWORKS_CHANGE
01-01 01:08:12.383  1151  1538 I WifiService: getWifiEnabledState uid=1000
01-01 01:08:12.386  3739  3739 W HMI2-SETTINGS: SWR_BAIDU_HMI_0020|FUN=WifiActivity::handleConnectedNetworkVisibility|0|getWifiStat::true
01-01 01:08:12.387  1151  1538 I WifiService: getConfiguredNetworks uid=1000
01-01 01:08:12.388  3739  3739 W HMI2-SETTINGS - CI08.4: className -> WifiActivity | functionName -> getSavedNetworkList | value -> config.netID ->183
01-01 01:08:12.388  3739  3739 W HMI2-SETTINGS - CI08.4: className -> WifiActivity | functionName -> getSavedNetworkList | value -> config.SSID ->"RSE_Test"
01-01 01:08:12.388  3739  3739 W HMI2-SETTINGS - CI08.4: className -> WifiActivity | functionName -> getSavedNetworkList | value -> config.BSSID ->null
01-01 01:08:12.388  3739  3739 W HMI2-SETTINGS: SWR_BAIDU_HMI_0027|SWR_BAIDU_HMI_0015|FUN=WifiActivity::getScanResults|1|Get list of available wifi hotspots.
01-01 01:08:12.396  3739  3739 W HMI2-SETTINGS - CI08.4: className -> WifiActivity | functionName -> isWapiVariantBlocked | value -> security_type:2
01-01 01:08:12.396  3739  3739 W HMI2-SETTINGS - CI08.4: className -> WifiActivity | functionName -> isInConnected | value -> | ACSIA_CORP3|0|2
01-01 01:08:12.396  3739  3739 W HMI2-SETTINGS - CI08.4: className -> WifiActivity | functionName -> isWapiVariantBlocked | value -> security_type:2
01-01 01:08:12.396  3739  3739 W HMI2-SETTINGS - CI08.4: className -> WifiActivity | functionName -> isInConnected | value -> |ACSIA_Management|0|2
01-01 01:08:12.396  3739  3739 W HMI2-SETTINGS - CI08.4: className -> WifiActivity | functionName -> isWapiVariantBlocked | value -> security_type:2
01-01 01:08:12.396  3739  3739 W HMI2-SETTINGS - CI08.4: className -> WifiActivity | functionName -> isInConnected | value -> |ACSIA_CORP2|0|2
01-01 01:08:12.396  3739  3739 W HMI2-SETTINGS - CI08.4: className -> WifiActivity | functionName -> isWapiVariantBlocked | value -> security_type:2
01-01 01:08:12.396  3739  3739 W HMI2-SETTINGS - CI08.4: className -> WifiActivity | functionName -> isInConnected | value -> |NETGEAR66-5G|0|2
01-01 01:08:12.396  3739  3739 W HMI2-SETTINGS - CI08.4: className -> WifiActivity | functionName -> isWapiVariantBlocked | value -> security_type:2
01-01 01:08:12.396  3739  3739 W HMI2-SETTINGS - CI08.4: className -> WifiActivity | functionName -> isInConnected | value -> |Secure|0|2
01-01 01:08:12.396  3739  3739 W HMI2-SETTINGS - CI08.4: className -> WifiActivity | functionName -> isWapiVariantBlocked | value -> security_type:2
01-01 01:08:12.396  3739  3739 W HMI2-SETTINGS - CI08.4: className -> WifiActivity | functionName -> isInConnected | value -> |ACSIA_GUEST1|0|2
01-01 01:08:12.396  3739  3739 W HMI2-SETTINGS - CI08.4: className -> WifiActivity | functionName -> isWapiVariantBlocked | value -> security_type:2
01-01 01:08:12.397  3739  3739 W HMI2-SETTINGS - CI08.4: className -> WifiActivity | functionName -> isInConnected | value -> |ACSIA_DEV|0|2
01-01 01:08:12.397  3739  3739 W HMI2-SETTINGS - CI08.4: className -> WifiActivity | functionName -> isWapiVariantBlocked | value -> security_type:2
01-01 01:08:12.397  3739  3739 W HMI2-SETTINGS - CI08.4: className -> WifiActivity | functionName -> isInConnected | value -> | ACSIA_CORP3|0|2
01-01 01:08:12.397  3739  3739 W HMI2-SETTINGS - CI08.4: className -> WifiActivity | functionName -> isWapiVariantBlocked | value -> security_type:2
01-01 01:08:12.397  3739  3739 W HMI2-SETTINGS - CI08.4: className -> WifiActivity | functionName -> isInConnected | value -> |RSE_Test|0|2
01-01 01:08:12.397  3739  3739 W HMI2-SETTINGS - CI08.4: className -> WifiActivity | functionName -> isWapiVariantBlocked | value -> security_type:2
01-01 01:08:12.397  3739  3739 W HMI2-SETTINGS - CI08.4: className -> WifiActivity | functionName -> isInConnected | value -> |ACSIA_CORP1|0|2
01-01 01:08:12.397  3739  3739 W HMI2-SETTINGS - CI08.4: className -> WifiActivity | functionName -> isWapiVariantBlocked | value -> security_type:2
01-01 01:08:12.397  3739  3739 W HMI2-SETTINGS - CI08.4: className -> WifiActivity | functionName -> isInConnected | value -> |ACSIA_Management|0|2
01-01 01:08:12.397  3739  3739 W HMI2-SETTINGS - CI08.4: className -> WifiActivity | functionName -> isWapiVariantBlocked | value -> security_type:2
01-01 01:08:12.397  3739  3739 W HMI2-SETTINGS - CI08.4: className -> WifiActivity | functionName -> isInConnected | value -> |ACSIA_CORP2|0|2
