01-01 00:27:43.354  1379  1379 D KeyboardSwitcher: requestUpdatingShiftState:  autoCapsFlags=none recapitalizeMode=undefined
01-01 00:27:43.354  1379  1379 D KeyboardState: onUpdateShiftState: [keyboard=UNSHIFTED shift=RELEASING symbol=RELEASING switch=ALPHA] autoCapsFlags=none recapitalizeMode=undefined
01-01 00:27:43.354  1379  1379 D KeyboardState: setShifted: shiftMode=UNSHIFT [keyboard=UNSHIFTED shift=RELEASING symbol=RELEASING switch=ALPHA]
01-01 00:27:43.354  1151 10154 D mEnabledInputMethodsStrCache: com.android.inputmethods.latin/.LatinIME
01-01 00:27:43.354  1151 10154 D systemLanguageCode: en__GB
01-01 00:27:43.354  1151 10154 D mEnabledInputMethodsStrCache: com.android.inputmethods.latin/.LatinIME
01-01 00:27:43.355  1151 10154 D mEnabledInputMethodsStrCache: com.android.inputmethods.latin/.LatinIME
01-01 00:27:43.355  1151 10154 D systemLanguageCode: en__GB
01-01 00:27:43.356  1151 10154 D mEnabledInputMethodsStrCache: com.android.inputmethods.latin/.LatinIME
01-01 00:27:43.356  1379  1379 I NuanceUtil: Language text: en_GB, Language code: 5
01-01 00:27:43.356  1379  1379 I NuanceLog: Active Language: ET9LIDEnglish_UK
01-01 00:27:43.356  1379  1379 I NuanceLog: Active LDB: /system/etc/RSESpeller/configs/LDBs/v13.1.0/englishuk/ENubUNUK_xt9_ALM3.ldb
01-01 00:27:43.356  1379  1379 I LatinIME: Nuance API Initialized successfully
01-01 00:27:43.357  1379  1379 I LatinIME: Suggestion strip view visibility gone
01-01 00:27:43.361  1151 10154 D mEnabledInputMethodsStrCache: com.android.inputmethods.latin/.LatinIME
01-01 00:27:43.361  1151 10154 D systemLanguageCode: en__GB
01-01 00:27:43.362  1151 10154 D mEnabledInputMethodsStrCache: com.android.inputmethods.latin/.LatinIME
01-01 00:27:43.362  1151 10154 D mEnabledInputMethodsStrCache: com.android.inputmethods.latin/.LatinIME
01-01 00:27:43.363  1151 10154 D systemLanguageCode: en__GB
01-01 00:27:43.363  1151 10154 D mEnabledInputMethodsStrCache: com.android.inputmethods.latin/.LatinIME
01-01 00:27:43.364  1151  1168 D mEnabledInputMethodsStrCache: com.android.inputmethods.latin/.LatinIME
01-01 00:27:43.364  1151  1168 D systemLanguageCode: en__GB
01-01 00:27:43.364  1151  1168 D mEnabledInputMethodsStrCache: com.android.inputmethods.latin/.LatinIME
01-01 00:27:43.364  1151  1168 D mEnabledInputMethodsStrCache: com.android.inputmethods.latin/.LatinIME
01-01 00:27:43.364  1151  1168 D systemLanguageCode: en__GB
01-01 00:27:43.365  1151  1168 D mEnabledInputMethodsStrCache: com.android.inputmethods.latin/.LatinIME
01-01 00:27:43.366  1151  1168 D WindowManager: relayout packageName=com.android.inputmethods.latin::session=Session{ca2ba78 1379:1000}::window=android.view.IWindow$Stub$Proxy@6bc0c59::attrs.flags=800108
01-01 00:27:43.366  1151  1168 D WindowManager: relayout >>> FLAG_FULLSCREEN not set in WindowManager.LayoutParams
01-01 00:27:43.366  1151  1168 D WindowManager: startStatusReceiverServiceOnFlagSet: creating intent for action ACTION_ACTIVITY_FULLSCREEN
01-01 00:27:43.367  1151  1168 W ContextImpl: Calling a method in the system process without a qualified user: android.app.ContextImpl.startService:1476 com.android.server.wm.Session.startStatusReceiverServiceOnFlagSet:762 com.android.server.wm.Session.relayout:276 android.view.IWindowSession$Stub.onTransact:286 com.android.server.wm.Session.onTransact:166 
01-01 00:27:43.367  1151  1168 D CompatibilityInfo: mCompatibilityFlags - 4
01-01 00:27:43.367  1151  1168 D CompatibilityInfo: applicationDensity - 240
01-01 00:27:43.367  1151  1168 D CompatibilityInfo: applicationScale - 1.0
01-01 00:27:43.368  1151  1168 D WindowManager: startStatusReceiverServiceOnFlagSet: startService done
01-01 00:27:43.371  1392  1392 W SYSTEM_UI: SWR_SYSTEM_UI_007|FUN=CollapsedStatusBarFragment::getAction |1|Broadcast action --> STATUS_UPDATE_ACTION
01-01 00:27:43.372  1392  1392 W SYSTEM_UI: SWR_SYSTEM_UI_007|FUN=CollapsedStatusBarFragment::getIntExtra |1|NotifySystemUpdates dataType --> 101
01-01 00:27:43.372  1392  1392 W SYSTEM_UI - CI07.3: className -> CollapsedStatusBarFragment | functionName -> NotifySystemUpdates | onReceive -->  | value -> FULLSCREEN MODE CHANGED | isFullScreenStatus --> false | fullScreenPackage -->com.android.inputmethods.latin | fullscreenLastShownPackage -->null | topActivityPackage --> com.panasonic.hmi2settings
01-01 00:27:43.372  1392  1392 W SYSTEM_UI - CI07.3: className -> CollapsedStatusBarFragment | functionName -> NotifySystemUpdates | onReceive -->  | value -> Fullscreen mode changed --> path 0
01-01 00:27:43.385  1151  1168 D mEnabledInputMethodsStrCache: com.android.inputmethods.latin/.LatinIME
01-01 00:27:43.386  1151  1168 D systemLanguageCode: en__GB
01-01 00:27:43.386  1151  1168 D mEnabledInputMethodsStrCache: com.android.inputmethods.latin/.LatinIME
01-01 00:27:43.387  1151 10154 D mEnabledInputMethodsStrCache: com.android.inputmethods.latin/.LatinIME
01-01 00:27:43.387  1151 10154 D systemLanguageCode: en__GB
01-01 00:27:43.387  1151 10154 D mEnabledInputMethodsStrCache: com.android.inputmethods.latin/.LatinIME
01-01 00:27:43.388  1151  2264 D mEnabledInputMethodsStrCache: com.android.inputmethods.latin/.LatinIME
01-01 00:27:43.388  1151  2264 D systemLanguageCode: en__GB
01-01 00:27:43.388  1151  2264 D mEnabledInputMethodsStrCache: com.android.inputmethods.latin/.LatinIME
01-01 00:27:43.388  1151 10154 D mEnabledInputMethodsStrCache: com.android.inputmethods.latin/.LatinIME
01-01 00:27:43.389  1151 10154 D systemLanguageCode: en__GB
01-01 00:27:43.389  1151 10154 D mEnabledInputMethodsStrCache: com.android.inputmethods.latin/.LatinIME
01-01 00:27:43.389  1151 10154 D mEnabledInputMethodsStrCache: com.android.inputmethods.latin/.LatinIME
01-01 00:27:43.389  1151 10154 D systemLanguageCode: en__GB
01-01 00:27:43.389  1151 10154 D mEnabledInputMethodsStrCache: com.android.inputmethods.latin/.LatinIME
01-01 00:27:43.389  1379  1379 I LatinIME: SWR_HMISERVICE_SPELLER_MF_001||FUN=onStartInputViewInternal || 1 || Starting input. Cursor position = 0,0
01-01 00:27:43.412  1151  2264 D mEnabledInputMethodsStrCache: com.android.inputmethods.latin/.LatinIME
01-01 00:27:43.412  1151  2264 D systemLanguageCode: en__GB
01-01 00:27:43.412  1151  2264 D mEnabledInputMethodsStrCache: com.android.inputmethods.latin/.LatinIME
01-01 00:27:43.414  1379  1379 V KeyboardState: onLoadKeyboard: [keyboard=UNSHIFTED shift=RELEASING symbol=RELEASING switch=ALPHA] autoCapsFlags=none recapitalizeMode=undefined
01-01 00:27:43.414  1379  1379 D KeyboardState: setAlphabetKeyboard: [keyboard=UNSHIFTED shift=RELEASING symbol=RELEASING switch=ALPHA] autoCapsFlags=none recapitalizeMode=undefined
01-01 00:27:43.414  1379  1379 D KeyboardSwitcher: setAlphabetKeyboard
01-01 00:27:43.415  1151  2264 D mEnabledInputMethodsStrCache: com.android.inputmethods.latin/.LatinIME
01-01 00:27:43.415  1151  2264 D systemLanguageCode: en__GB
01-01 00:27:43.415  1151  2264 D mEnabledInputMethodsStrCache: com.android.inputmethods.latin/.LatinIME
01-01 00:27:43.416  1379  1379 D KeyboardSwitcher: requestUpdatingShiftState:  autoCapsFlags=none recapitalizeMode=undefined
01-01 00:27:43.416  1379  1379 D KeyboardState: onUpdateShiftState: [keyboard=UNSHIFTED shift=RELEASING symbol=RELEASING switch=ALPHA] autoCapsFlags=none recapitalizeMode=undefined
01-01 00:27:43.416  1379  1379 D KeyboardState: setShifted: shiftMode=UNSHIFT [keyboard=UNSHIFTED shift=RELEASING symbol=RELEASING switch=ALPHA]
01-01 00:27:43.416  1151  2264 D mEnabledInputMethodsStrCache: com.android.inputmethods.latin/.LatinIME
01-01 00:27:43.417  1151  2264 D systemLanguageCode: en__GB
01-01 00:27:43.417  1151  2264 D mEnabledInputMethodsStrCache: com.android.inputmethods.latin/.LatinIME
01-01 00:27:43.417  1151 10154 D mEnabledInputMethodsStrCache: com.android.inputmethods.latin/.LatinIME
01-01 00:27:43.417  1151 10154 D systemLanguageCode: en__GB
01-01 00:27:43.418  1151 10154 D mEnabledInputMethodsStrCache: com.android.inputmethods.latin/.LatinIME
01-01 00:27:43.418  1379  1379 I NuanceUtil: Language text: en_GB, Language code: 5
01-01 00:27:43.418  1379  1379 I NuanceLog: Active Language: ET9LIDEnglish_UK
01-01 00:27:43.418  1379  1379 I NuanceLog: Active LDB: /system/etc/RSESpeller/configs/LDBs/v13.1.0/englishuk/ENubUNUK_xt9_ALM3.ldb
01-01 00:27:43.418  1379  1379 I LatinIME: Nuance API Initialized successfully
01-01 00:27:43.419  1379  1379 I LatinIME: Suggestion strip view visibility gone
01-01 00:27:43.421  1151 10154 D mEnabledInputMethodsStrCache: com.android.inputmethods.latin/.LatinIME
01-01 00:27:43.421  1151 10154 D systemLanguageCode: en__GB
01-01 00:27:43.421  1151 10154 D mEnabledInputMethodsStrCache: com.android.inputmethods.latin/.LatinIME
01-01 00:27:43.421  1151 10154 D mEnabledInputMethodsStrCache: com.android.inputmethods.latin/.LatinIME
01-01 00:27:43.421  1151 10154 D systemLanguageCode: en__GB
01-01 00:27:43.421  1151 10154 D mEnabledInputMethodsStrCache: com.android.inputmethods.latin/.LatinIME
01-01 00:27:43.444  1933  1957 D LCMANDR : SWR_OOB_HV_MF_009|FUN=LifeCycleManagerService::LifeCycle_ReportCompStatus|GOT ALIVENESS SIGNAL FROM DAIAPP : [0]; HB Counter = [ 653 ]; STATUS INFO = [ 0 ]
01-01 00:27:43.444  1519  1964 I Connectivity_AIDL|AIDL_Handler.AIDL_Helpers.LcmHelper: MBUX App Method: KeepAliveTest |Line No: 408 |Log Type: Critical |Message: ChildThread:MBUX-App HB Count: 655, ResponseCode: 0
01-01 00:27:43.603  2054  2054 E         : 
01-01 00:27:43.603  2054  2054 E         : Buffer Size = 1048576
01-01 00:27:43.627  2054  2054 E         : 
01-01 00:27:43.627  2054  2054 E         : <6>[ 1317.086324] QSEECOM: scm_call_qcpe:503 : OUT: 0x0, 0x0, 0x0, 0x0
01-01 00:27:43.627  2054  2054 E         : <6>[ 1317.101369] QSEECOM: scm_call_qcpe:429 : IN: 0x42000d0a, 0x3, 0x0, 0x42b9, 0x762, 0x0, 0x0
01-01 00:27:43.627  2054  2054 E         : <6>[ 1317.102501] QSEECOM: scm_call_qcpe:503 : OUT: 0x0, 0x0, 0x0, 0x0
01-01 00:27:43.627  2054  2054 E         : <6>[ 1317.117435] QSEECOM: scm_call_qcpe:429 : IN: 0x42000d0a, 0x3, 0x0, 0x3ec3, 0x771, 0x0, 0x0
01-01 00:27:43.627  2054  2054 E         : <6>[ 1317.118478] QSEECOM: scm_call_qcpe:503 : OUT: 0x0, 0x0, 0x0, 0x0
01-01 00:27:43.627  2054  2054 E         : <6>[ 1317.134217] QSEECOM: scm_call_qcpe:429 : IN: 0x42000d0a, 0x3, 0x0, 0x4190, 0x784, 0x0, 0x0
01-01 00:27:43.627  2054  2054 E         : <6>[ 1317.135952] QSEECOM: scm_call_qcpe:503 : OUT: 0x0, 0x0, 0x0, 0x0
01-01 00:27:43.627  2054  2054 E         : <6>[ 1317.150455] QSEECOM: scm_call_qcpe:429 : IN: 0x42000d0a, 0x3, 0x0, 0x3f6b, 0x775, 0x0, 0x0
01-01 00:27:43.627  2054  2054 E         : <6>[ 1317.151567] QSEECOM: scm_call_qcpe:503 : OUT: 0x0, 0x1, 0x0, 0x0
01-01 00:27:43.627  2054  2054 E         : <6>[ 1317.167545] QSEECOM: scm_call_qcpe:429 : IN: 0x42000d0a, 0x3, 0x0, 0x42c4, 0x77d, 0x0, 0x0
01-01 00:27:43.627  2054  2054 E         : <6>[ 1317.168778] QSEECOM: scm_call_qcpe:503 : OUT: 0x0, 0x0, 0x0, 0x0
01-01 00:27:43.627  2054  2054 E         : <6>[ 1317.183981] QSEECOM: scm_call_qcpe:429 : IN: 0x42000d0a, 0x3, 0x0, 0x4030, 0x767, 0x0, 0x0
01-01 00:27:43.627  2054  2054 E         : <6>[ 1317.1851
01-01 00:27:43.631  2054  2054 E         : USB Hub Detector 1.0
01-01 00:27:44.145  1151 10154 D CompatibilityInfo: mCompatibilityFlags - 4
01-01 00:27:44.145  1151 10154 D CompatibilityInfo: applicationDensity - 240
01-01 00:27:44.145  1151 10154 D CompatibilityInfo: applicationScale - 1.0
01-01 00:27:44.146  2145  2145 D HMI_SERVICE: USE_CASE_NA|FUN=StoragedJobIntentService::onCreate|1|init
01-01 00:27:44.149  2145 10175 D HMI_SERVICE: USE_CASE_NA|FUN=StoragedJobIntentService::onHandleIntent|1|ACTION_MONITOR_APPS
01-01 00:27:44.149  2145 10175 I HMI_SERVICE: USE_CASE_NA|FUN=StoragedJobIntentService::onHandleIntent|1|msg:storageType:64totalWriteValue371974144
01-01 00:27:44.149  2145 10175 D HMI_SERVICE: USE_CASE_NA|FUN=StoragedJobIntentService::initMonitorApps|1|init
01-01 00:27:44.150  2145 10175 D HMI_SERVICE: USE_CASE_NA|FUN=EmmcUtils::getAppUid|1|uid:10027
01-01 00:27:44.151  2145 10175 D HMI_SERVICE: USE_CASE_NA|FUN=EmmcUtils::getAppUid|1|uid:10033
01-01 00:27:44.152  2677  2691 W ANDR_PERSISTENCY_CLIENT: SWR_PERSISTENCE_HV_LA_MF_0003|FUN=VCPUPersistenceService::executeLinuxCommand|0| init 
01-01 00:27:44.152  2677  2691 W ContextImpl: Calling a method in the system process without a qualified user: android.app.ContextImpl.startService:1476 android.content.ContextWrapper.startService:650 com.panasonic.dairse.vcpupersistence.VCPUPersistenceService$1.executeLinuxCommand:392 com.panasonic.dairse.vcpupersistence.IVCPUPersistenceService$Stub.onTransact:437 android.os.Binder.execTransact:706 
01-01 00:27:44.153   729   748 I sssv-lib: sendMsg enter
01-01 00:27:44.153   729   748 I sssv-lib: sendMsg complete.
01-01 00:27:44.154  2145  2145 D HMI_SERVICE: USE_CASE_NA|FUN=StoragedJobIntentService::onDestroy|1|init
01-01 00:27:44.156  1151 10154 D CompatibilityInfo: mCompatibilityFlags - 4
01-01 00:27:44.156  1151 10154 D CompatibilityInfo: applicationDensity - 240
01-01 00:27:44.156  1151 10154 D CompatibilityInfo: applicationScale - 1.0
01-01 00:27:44.159  2677 10289 W ANDR_PERSISTENCY_CLIENT: SWR_PERSISTENCE_HV_LA_MF_0004|FUN=UT_VCPUService:: onHandleIntent |2| [action] 16
01-01 00:27:44.159  2677 10289 W ANDR_PERSISTENCY_CLIENT: SWR_PERSISTENCE_HV_LA_MF_0003|FUN=PersConnHandler:: executeLinuxCommand |2| [id] execute_procedure
01-01 00:27:44.159  2677 10289 W ANDR_PERSISTENCY_CLIENT: SWR_PERSISTENCE_HV_LA_MF_0005|FUN=TCPHandler:: getInstance |2|msg: invoked 
01-01 00:27:44.159  2677 10289 W ANDR_PERSISTENCY_CLIENT: SWR_PERSISTENCE_HV_LA_MF_0005|FUN=TCPHandler::sendWriteRequestToPersistenceLinux|2|key= 0commandKey= 5 data= [99, 97, 116, 32, 47, 112, 114, 111, 99, 47, 100, 105, 115, 107, 115, 116, 97, 116, 115]
01-01 00:27:44.159  2677 10289 W ANDR_PERSISTENCY_CLIENT: SWR_PERSISTENCE_HV_LA_MF_0005|FUN=TCPHandler:: getUID |2|msg: invoked 
01-01 00:27:44.159  2677 10289 W ANDR_PERSISTENCY_CLIENT: SWR_PERSISTENCE_HV_LA_MF_0005|FUN=TCPHandler:: setAction |2|msg:setAction=1
01-01 00:27:44.159  2677 10289 W ANDR_PERSISTENCY_CLIENT: SWR_PERSISTENCE_HV_LA_MF_0005|FUN=TCPHandler:: setUID |2|msg:uid=-90
01-01 00:27:44.160  2677 10289 W ANDR_PERSISTENCY_CLIENT: SWR_PERSISTENCE_HV_LA_MF_0005|FUN=TCPHandler:: setKey |2|msg:uid=-90
01-01 00:27:44.160  2677 10289 W ANDR_PERSISTENCY_CLIENT: SWR_PERSISTENCE_HV_LA_MF_0005|FUN=TCPHandler::setCommandKey|2|msg:commandKey=5
01-01 00:27:44.160  2677 10289 W ANDR_PERSISTENCY_CLIENT: SWR_PERSISTENCE_HV_LA_MF_0005|FUN=TCPHandler::sendWriteRequestToPersistenceLinux|2|listKey=-90_5;keyString=0x00;key=0;command=cat /proc/diskstats
01-01 00:27:44.160  2677  2725 W ANDR_PERSISTENCY_CLIENT: SWR_PERSISTENCE_HV_LA_MF_0005|FUN=TCPHandler:: getAction |2|msg:getAction=1
01-01 00:27:44.160  2677  2725 W ANDR_PERSISTENCY_CLIENT: SWR_PERSISTENCE_HV_LA_MF_0005|FUN=TCPHandler:: sender:ACTION_REQUEST |2|msg:condition 
01-01 00:27:44.160  2677  2725 W ANDR_PERSISTENCY_CLIENT: SWR_PERSISTENCE_HV_LA_MF_0005|FUN=TCPHandler:: getWrappedData |2|msg: msg com.panasonic.dairse.vcpupersistence.TCPHandler$Message@6b55311
01-01 00:27:44.160  2677  2725 W ANDR_PERSISTENCY_CLIENT: SWR_PERSISTENCE_HV_LA_MF_0005|FUN=TCPHandler::getCommandKey|2|msg:commandKey=5
01-01 00:27:44.160  2677  2725 W ANDR_PERSISTENCY_CLIENT: SWR_PERSISTENCE_HV_LA_MF_0005|FUN=TCPHandler:: intToBytes |2| data 19
01-01 00:27:44.160  2677  2725 W ANDR_PERSISTENCY_CLIENT: SWR_PERSISTENCE_HV_LA_MF_0005|FUN=TCPHandler:: intToBytes |2| data 31
01-01 00:27:44.160  2677  2725 W ANDR_PERSISTENCY_CLIENT: SWR_PERSISTENCE_HV_LA_MF_0005|FUN=TCPHandler:: getUID |2|msg:uid=-90
01-01 00:27:44.160  2677  2725 W ANDR_PERSISTENCY_CLIENT: SWR_PERSISTENCE_HV_LA_MF_0005|FUN=TCPHandler::start|2|msg:sender::msg=[0, 0, 0, 31, 1, -90, 5, 4, 48, 120, 48, 48, 0, 0, 0, 19, 99, 97, 116, 32, 47, 112, 114, 111, 99, 47, 100, 105, 115, 107, 115, 116, 97, 116, 115]
01-01 00:27:44.160  2677  2725 W ANDR_PERSISTENCY_CLIENT: SWR_PERSISTENCE_HV_LA_MF_0005|FUN=TCPHandler:: sender : Thread.interrupted() |2|msg:condition 
01-01 00:27:44.170  2677  2726 W ANDR_PERSISTENCY_CLIENT: SWR_PERSISTENCE_HV_LA_MF_0005|FUN=TCPHandler::start|2|msg:receiver::run: size of totalLength 4
01-01 00:27:44.170  2677  2726 W ANDR_PERSISTENCY_CLIENT: SWR_PERSISTENCE_HV_LA_MF_0005|FUN=TCPHandler::start|2|msg:receiver::run: totalLength is > 0
01-01 00:27:44.170  2677  2726 W ANDR_PERSISTENCY_CLIENT: SWR_PERSISTENCE_HV_LA_MF_0005|FUN=TCPHandler::start|2|msg:receiver::response length= 3841
01-01 00:27:44.171  2677  2726 W ANDR_PERSISTENCY_CLIENT: SWR_PERSISTENCE_HV_LA_MF_0005|FUN=TCPHandler::handleInBoundData|2|message=[0, -90, 5, 0, 0, 0, 14, -7, 32, 50, 53, 51, 32, 32, 32, 32, 32, 32, 32, 48, 32, 122, 114, 97, 109, 48, 32, 48, 32, 48, 32, 48, 32, 48, 32, 48, 32, 48, 32, 48, 32, 48, 32, 48, 32, 48, 32, 48, 10, 32, 50, 53, 51, 32, 32, 32, 32, 32, 32, 32, 49, 32, 122, 114, 97, 109, 49, 32, 48, 32, 48, 32, 48, 32, 48, 32, 48, 32, 48, 32, 48, 32, 48, 32, 48, 32, 48, 32, 48, 10, 32, 50, 53, 51, 32, 32, 32, 32, 32, 32, 32, 50, 32, 122, 114, 97, 109, 50, 32, 48, 32, 48, 32, 48, 32, 48, 32, 48, 32, 48, 32, 48, 32, 48, 32, 48, 32, 48, 32, 48, 10, 32, 50, 53, 51, 32, 32, 32, 32, 32, 32, 32, 51, 32, 122, 114, 97, 109, 51, 32, 48, 32, 48, 32, 48, 32, 48, 32, 48, 32, 48, 32, 48, 32, 48, 32, 48, 32, 48, 32, 48, 10, 32, 49, 55, 57, 32, 32, 32, 32, 32, 32, 32, 48, 32, 109, 109, 99, 98, 108, 107, 48, 32, 49, 52, 53, 51, 53, 32, 50, 55, 54, 32, 51, 52, 56, 51, 56, 56, 51, 32, 50, 50, 57, 48, 52, 32, 51, 52, 50, 52, 54, 32, 52, 57, 54, 49, 50, 48, 32, 55, 52, 52, 53, 52, 50, 32, 52, 51, 48, 48, 56, 32, 48, 32, 52, 51, 49, 53, 54, 32, 54, 53, 56, 51, 54, 10, 32, 49, 55, 57, 32, 32, 32, 32, 32, 32, 32, 49, 32, 109, 109, 99, 98, 108, 107, 48, 112, 49, 32, 49, 32, 48, 32, 49, 54, 32, 48, 32, 48, 32, 48, 32, 48, 32, 48, 32, 48, 32, 48, 32, 48, 10, 32, 49, 55, 57, 32, 32, 32, 32, 32, 32, 32, 50, 32, 109, 109, 99, 98, 108, 107, 48, 112, 50, 32, 57, 32, 48, 32, 52, 54, 52, 32, 52, 32, 48, 32, 48, 32, 48, 32, 48, 32, 48, 32, 52, 32, 52, 10, 32, 49, 55, 57, 32, 32, 32, 32, 32, 32, 32, 51, 32, 109, 109, 99, 98, 108, 107, 48, 112, 51, 32, 57, 32, 48, 32, 52, 54, 52, 32, 52, 32, 48, 32, 48, 32, 48, 32, 48, 32, 48, 32, 52, 32, 52, 10, 32, 49, 55, 57, 32, 32, 32, 32, 32, 32, 32, 52, 32, 109, 109, 99, 98, 108, 107, 48, 112, 52, 32, 50, 51, 32, 48, 32, 51, 56, 48, 56, 32, 54, 56, 32, 48, 32, 48, 32, 48, 32, 48, 32, 48, 32, 53, 54, 32, 54, 56, 10, 32, 49, 55, 57, 32, 32, 32, 32, 32, 32, 32, 53, 32, 109, 109, 99, 98, 108, 107, 48, 112, 53, 32, 49, 54, 32, 48, 32, 53, 55, 54, 32, 53, 50, 32, 51, 32, 48, 32, 50, 52, 32, 48, 32, 48, 32, 53, 50, 32, 53, 50, 10, 32, 49, 55, 57, 32, 32, 32, 32, 32, 32, 32, 54, 32, 109, 109, 99, 98, 108, 107, 48, 112, 54, 32, 49, 51, 32, 48, 32, 52, 57, 54, 32, 52, 32, 54, 32, 48, 32, 52, 56, 32, 52, 32, 48, 32, 56, 32, 56, 10, 32, 49, 55, 57, 32, 32, 32, 32, 32, 32, 32, 55, 32, 109, 109, 99, 98, 108, 107, 48, 112, 55, 32, 49, 54, 32, 48, 32, 49, 50, 56, 32, 48, 32, 48, 32, 48, 32, 48, 32, 48, 32, 48, 32, 48, 32, 48, 10, 32, 49, 55, 57, 32, 32, 32, 32, 32, 32, 32, 56, 32, 109, 109, 99, 98, 108, 107, 48, 112, 56, 32, 49, 48, 32, 48, 32, 52, 55, 50, 32, 52, 32, 48, 32, 48, 32, 48, 32, 48, 32, 48, 32, 52, 32, 52, 10, 32, 49, 55, 57, 32, 32, 32, 32, 32, 32, 32, 57, 32, 109, 109, 99, 98, 108, 107, 48, 112, 57, 32, 55, 53, 32, 48, 32, 56, 53, 56, 32, 49, 50, 32, 48, 32, 48, 32, 48, 32, 48, 32, 48, 32, 49, 50, 32, 49, 50, 10, 32, 49, 55, 57, 32, 32, 32, 32, 32, 32, 49, 48, 32, 109, 109, 99, 98, 108, 107, 48, 112, 49, 48, 32, 49, 48, 32, 48, 32, 52, 55, 50, 32, 48, 32, 48, 32, 48, 32, 48, 32, 48, 32, 48, 32, 48, 32, 48, 10, 32, 49, 55, 57, 32, 32, 32, 32, 32, 32, 49, 49, 32, 109, 109, 99, 98, 108, 107, 48, 112, 49, 49, 32, 49, 32, 48, 32, 56, 32, 48, 32, 48, 32, 48, 32, 48, 32, 48, 32, 48, 32, 48, 32, 48, 10, 32, 49, 55, 57, 32, 32, 32, 32, 32, 32, 49, 50, 32, 109, 109, 99, 98, 108, 107, 48, 112, 49, 50, 32, 51, 48, 32, 48, 32, 50, 52, 48, 32, 52, 32, 48, 32, 48, 32, 48, 32, 48, 32, 48, 32, 52, 32, 52, 10, 32, 49, 55, 57, 32, 32, 32, 32, 32, 32, 49, 51, 32, 109, 109, 99, 98, 108, 107, 48, 112, 49, 51, 32, 51, 48, 32, 48, 32, 50, 52, 48, 32, 56, 32, 48, 32, 48, 32, 48, 32, 48, 32, 48, 32, 56, 32, 56, 10, 32, 49, 55, 57, 32, 32, 32, 32, 32, 32, 49, 52, 32, 109, 109, 99, 98, 108, 107, 48, 112, 49, 52, 32, 51, 48, 32, 48, 32, 50, 52, 48, 32, 52, 32, 48, 32, 48, 32, 48, 32, 48, 32, 48, 32, 52, 32, 52, 10, 32, 49, 55, 57, 32, 32, 32, 32, 32, 32, 49, 53, 32, 109, 109, 99, 98, 108, 107, 48, 112, 49, 53, 32, 51, 48, 32, 48, 32, 50, 52, 
01-01 00:27:44.171  2677  2726 W ANDR_PERSISTENCY_CLIENT: SWR_PERSISTENCE_HV_LA_MF_0005|FUN=TCPHandler::handleInBoundData|2|msg:response listKey=-90_5
01-01 00:27:44.171  2677  2726 W ANDR_PERSISTENCY_CLIENT: SWR_PERSISTENCE_HV_LA_MF_0005|FUN=TCPHandler::handleInBoundData|2|msg:TCPHandler.handleInBoundData success response=0
01-01 00:27:44.171  2677  2726 W ANDR_PERSISTENCY_CLIENT: SWR_PERSISTENCE_HV_LA_MF_0005|FUN=TCPHandler::handleInBoundData|2|msg: containsKey ListKey
01-01 00:27:44.171  2677  2726 W ANDR_PERSISTENCY_CLIENT: SWR_PERSISTENCE_HV_LA_MF_0005|FUN=TCPHandler::sendResponseToSettings|2|message=[0, -90, 5, 0, 0, 0, 14, -7, 32, 50, 53, 51, 32, 32, 32, 32, 32, 32, 32, 48, 32, 122, 114, 97, 109, 48, 32, 48, 32, 48, 32, 48, 32, 48, 32, 48, 32, 48, 32, 48, 32, 48, 32, 48, 32, 48, 32, 48, 10, 32, 50, 53, 51, 32, 32, 32, 32, 32, 32, 32, 49, 32, 122, 114, 97, 109, 49, 32, 48, 32, 48, 32, 48, 32, 48, 32, 48, 32, 48, 32, 48, 32, 48, 32, 48, 32, 48, 32, 48, 10, 32, 50, 53, 51, 32, 32, 32, 32, 32, 32, 32, 50, 32, 122, 114, 97, 109, 50, 32, 48, 32, 48, 32, 48, 32, 48, 32, 48, 32, 48, 32, 48, 32, 48, 32, 48, 32, 48, 32, 48, 10, 32, 50, 53, 51, 32, 32, 32, 32, 32, 32, 32, 51, 32, 122, 114, 97, 109, 51, 32, 48, 32, 48, 32, 48, 32, 48, 32, 48, 32, 48, 32, 48, 32, 48, 32, 48, 32, 48, 32, 48, 10, 32, 49, 55, 57, 32, 32, 32, 32, 32, 32, 32, 48, 32, 109, 109, 99, 98, 108, 107, 48, 32, 49, 52, 53, 51, 53, 32, 50, 55, 54, 32, 51, 52, 56, 51, 56, 56, 51, 32, 50, 50, 57, 48, 52, 32, 51, 52, 50, 52, 54, 32, 52, 57, 54, 49, 50, 48, 32, 55, 52, 52, 53, 52, 50, 32, 52, 51, 48, 48, 56, 32, 48, 32, 52, 51, 49, 53, 54, 32, 54, 53, 56, 51, 54, 10, 32, 49, 55, 57, 32, 32, 32, 32, 32, 32, 32, 49, 32, 109, 109, 99, 98, 108, 107, 48, 112, 49, 32, 49, 32, 48, 32, 49, 54, 32, 48, 32, 48, 32, 48, 32, 48, 32, 48, 32, 48, 32, 48, 32, 48, 10, 32, 49, 55, 57, 32, 32, 32, 32, 32, 32, 32, 50, 32, 109, 109, 99, 98, 108, 107, 48, 112, 50, 32, 57, 32, 48, 32, 52, 54, 52, 32, 52, 32, 48, 32, 48, 32, 48, 32, 48, 32, 48, 32, 52, 32, 52, 10, 32, 49, 55, 57, 32, 32, 32, 32, 32, 32, 32, 51, 32, 109, 109, 99, 98, 108, 107, 48, 112, 51, 32, 57, 32, 48, 32, 52, 54, 52, 32, 52, 32, 48, 32, 48, 32, 48, 32, 48, 32, 48, 32, 52, 32, 52, 10, 32, 49, 55, 57, 32, 32, 32, 32, 32, 32, 32, 52, 32, 109, 109, 99, 98, 108, 107, 48, 112, 52, 32, 50, 51, 32, 48, 32, 51, 56, 48, 56, 32, 54, 56, 32, 48, 32, 48, 32, 48, 32, 48, 32, 48, 32, 53, 54, 32, 54, 56, 10, 32, 49, 55, 57, 32, 32, 32, 32, 32, 32, 32, 53, 32, 109, 109, 99, 98, 108, 107, 48, 112, 53, 32, 49, 54, 32, 48, 32, 53, 55, 54, 32, 53, 50, 32, 51, 32, 48, 32, 50, 52, 32, 48, 32, 48, 32, 53, 50, 32, 53, 50, 10, 32, 49, 55, 57, 32, 32, 32, 32, 32, 32, 32, 54, 32, 109, 109, 99, 98, 108, 107, 48, 112, 54, 32, 49, 51, 32, 48, 32, 52, 57, 54, 32, 52, 32, 54, 32, 48, 32, 52, 56, 32, 52, 32, 48, 32, 56, 32, 56, 10, 32, 49, 55, 57, 32, 32, 32, 32, 32, 32, 32, 55, 32, 109, 109, 99, 98, 108, 107, 48, 112, 55, 32, 49, 54, 32, 48, 32, 49, 50, 56, 32, 48, 32, 48, 32, 48, 32, 48, 32, 48, 32, 48, 32, 48, 32, 48, 10, 32, 49, 55, 57, 32, 32, 32, 32, 32, 32, 32, 56, 32, 109, 109, 99, 98, 108, 107, 48, 112, 56, 32, 49, 48, 32, 48, 32, 52, 55, 50, 32, 52, 32, 48, 32, 48, 32, 48, 32, 48, 32, 48, 32, 52, 32, 52, 10, 32, 49, 55, 57, 32, 32, 32, 32, 32, 32, 32, 57, 32, 109, 109, 99, 98, 108, 107, 48, 112, 57, 32, 55, 53, 32, 48, 32, 56, 53, 56, 32, 49, 50, 32, 48, 32, 48, 32, 48, 32, 48, 32, 48, 32, 49, 50, 32, 49, 50, 10, 32, 49, 55, 57, 32, 32, 32, 32, 32, 32, 49, 48, 32, 109, 109, 99, 98, 108, 107, 48, 112, 49, 48, 32, 49, 48, 32, 48, 32, 52, 55, 50, 32, 48, 32, 48, 32, 48, 32, 48, 32, 48, 32, 48, 32, 48, 32, 48, 10, 32, 49, 55, 57, 32, 32, 32, 32, 32, 32, 49, 49, 32, 109, 109, 99, 98, 108, 107, 48, 112, 49, 49, 32, 49, 32, 48, 32, 56, 32, 48, 32, 48, 32, 48, 32, 48, 32, 48, 32, 48, 32, 48, 32, 48, 10, 32, 49, 55, 57, 32, 32, 32, 32, 32, 32, 49, 50, 32, 109, 109, 99, 98, 108, 107, 48, 112, 49, 50, 32, 51, 48, 32, 48, 32, 50, 52, 48, 32, 52, 32, 48, 32, 48, 32, 48, 32, 48, 32, 48, 32, 52, 32, 52, 10, 32, 49, 55, 57, 32, 32, 32, 32, 32, 32, 49, 51, 32, 109, 109, 99, 98, 108, 107, 48, 112, 49, 51, 32, 51, 48, 32, 48, 32, 50, 52, 48, 32, 56, 32, 48, 32, 48, 32, 48, 32, 48, 32, 48, 32, 56, 32, 56, 10, 32, 49, 55, 57, 32, 32, 32, 32, 32, 32, 49, 52, 32, 109, 109, 99, 98, 108, 107, 48, 112, 49, 52, 32, 51, 48, 32, 48, 32, 50, 52, 48, 32, 52, 32, 48, 32, 48, 32, 48, 32, 48, 32, 48, 32, 52, 32, 52, 10, 32, 49, 55, 57, 32, 32, 32, 32, 32, 32, 49, 53, 32, 109, 109, 99, 98, 108, 107, 48, 112, 49, 53, 32, 51, 48, 32, 48, 32, 50,
01-01 00:27:44.171  2677  2726 W ANDR_PERSISTENCY_CLIENT: SWR_PERSISTENCE_HV_LA_MF_0005|FUN=TCPHandler::sendResponseToSettings|2|;success=truelength 3841
01-01 00:27:44.171  2677  2726 W ANDR_PERSISTENCY_CLIENT: SWR_PERSISTENCE_HV_LA_MF_0005|FUN=TCPHandler::sendResponseToSettings|2| length>8
01-01 00:27:44.172  2677  2726 W ANDR_PERSISTENCY_CLIENT: SWR_PERSISTENCE_HV_LA_MF_0005|FUN=TCPHandler:: bytesToInt |2| data [B@af56277
01-01 00:27:44.172  2677  2726 W ANDR_PERSISTENCY_CLIENT: SWR_PERSISTENCE_HV_LA_MF_0005|FUN=TCPHandler::sendResponseToSettings|2| dataLength 3833
01-01 00:27:44.172  2677  2726 W ANDR_PERSISTENCY_CLIENT: SWR_PERSISTENCE_HV_LA_MF_0005|FUN=TCPHandler::sendResponseToSettings|2| dataLength > 0 
01-01 00:27:44.172  2677  2726 W ANDR_PERSISTENCY_CLIENT: SWR_PERSISTENCE_HV_LA_MF_0005|FUN=TCPHandler::sendResponseToSettings|2| dataLength [B@d855ee4
01-01 00:27:44.172  2677  2726 W ANDR_PERSISTENCY_CLIENT: SWR_PERSISTENCE_HV_LA_MF_0005|FUN=TCPHandler::sendResponseToSettings 2|2|msg:dataString= 253       0 zram0 0 0 0 0 0 0 0 0 0 0 0
01-01 00:27:44.172  2677  2726 W ANDR_PERSISTENCY_CLIENT:  253       1 zram1 0 0 0 0 0 0 0 0 0 0 0
01-01 00:27:44.172  2677  2726 W ANDR_PERSISTENCY_CLIENT:  253       2 zram2 0 0 0 0 0 0 0 0 0 0 0
01-01 00:27:44.172  2677  2726 W ANDR_PERSISTENCY_CLIENT:  253       3 zram3 0 0 0 0 0 0 0 0 0 0 0
01-01 00:27:44.172  2677  2726 W ANDR_PERSISTENCY_CLIENT:  179       0 mmcblk0 14535 276 3483883 22904 34246 496120 744542 43008 0 43156 65836
01-01 00:27:44.172  2677  2726 W ANDR_PERSISTENCY_CLIENT:  179       1 mmcblk0p1 1 0 16 0 0 0 0 0 0 0 0
01-01 00:27:44.172  2677  2726 W ANDR_PERSISTENCY_CLIENT:  179       2 mmcblk0p2 9 0 464 4 0 0 0 0 0 4 4
01-01 00:27:44.172  2677  2726 W ANDR_PERSISTENCY_CLIENT:  179       3 mmcblk0p3 9 0 464 4 0 0 0 0 0 4 4
01-01 00:27:44.172  2677  2726 W ANDR_PERSISTENCY_CLIENT:  179       4 mmcblk0p4 23 0 3808 68 0 0 0 0 0 56 68
01-01 00:27:44.172  2677  2726 W ANDR_PERSISTENCY_CLIENT:  179       5 mmcblk0p5 16 0 576 52 3 0 24 0 0 52 52
01-01 00:27:44.172  2677  2726 W ANDR_PERSISTENCY_CLIENT:  179       6 mmcblk0p6 13 0 496 4 6 0 48 4 0 8 8
01-01 00:27:44.172  2677  2726 W ANDR_PERSISTENCY_CLIENT:  179       7 mmcblk0p7 16 0 128 0 0 0 0 0 0 0 0
01-01 00:27:44.172  2677  2726 W ANDR_PERSISTENCY_CLIENT:  179       8 mmcblk0p8 10 0 472 4 0 0 0 0 0 4 4
01-01 00:27:44.172  2677  2726 W ANDR_PERSISTENCY_CLIENT:  179       9 mmcblk0p9 75 0 858 12 0 0 0 0 0 12 12
01-01 00:27:44.172  2677  2726 W ANDR_PERSISTENCY_CLIENT:  179      10 mmcblk0p10 10 0 472 0 0 0 0 0 0 0 0
01-01 00:27:44.172  2677  2726 W ANDR_PERSISTENCY_CLIENT:  179      11 mmcblk0p11 1 0 8 0 0 0 0 0 0 0 0
01-01 00:27:44.172  2677  2726 W ANDR_PERSISTENCY_CLIENT:  179      12 mmcblk0p12 30 0 240 4 0 0 0 0 0 4 4
01-01 00:27:44.172  2677  2726 W ANDR_PERSISTENCY_CLIENT:  179      13 mmcblk0p13 30 0 240 8 0 0 0 0 0 8 8
01-01 00:27:44.172  2677  2726 W ANDR_PERSISTENCY_CLIENT:  179      14 mmcblk0p14 30 0 240 4 0 0 0 0 0 4 4
01-01 00:27:44.172  2677  2726 W ANDR_PERSISTENCY_CLIENT:  179      15 mmcblk0p15 30 0 240 0 0 0 0 0 0 0 0
01-01 00:27:44.172  2677  2726 W ANDR_PERSISTENCY_CLIENT:  179      16 mmcblk0p16 20 0 160 4 0 0 0 0 0 4 4
01-01 00:27:44.172  2677  2726 W ANDR_PERSISTENCY_CLIENT:  179      17 mmcblk0p17 20 0 160 8 0 0 0 0 0 8 8
01-01 00:27:44.172  2677  2726 W ANDR_PERSISTENCY_CLIENT:  179      18 mmcblk0p18 20 0 160 8 0 0 0 0 0 8 8
01-01 00:27:44.172  2677  2726 W ANDR_PERSISTENCY_CLIENT:  179      19 mmcblk0p19 20 0 160 0 0 0 0 0 0 0 0
01-01 00:27:44.172  2677  2726 W ANDR_PERSISTENCY_CLIENT:  179      20 mmcblk0p20 20 0 160 0 0 0 0 0 0 0 0
01-01 00:27:44.172  2677  2726 W ANDR_PERSISTENCY_CLIENT:  179      21 mmcblk0p21 20 0 160 4 0 0 0 0 0 4 4
01-01 00:27:44.172  2677  2726 W ANDR_PERSISTENCY_CLIENT:  179      22 mmcblk0p22 9 0 464 0 0 0 0 0 0 0 0
01-01 00:27:44.172  2677  2726 W ANDR_PERSISTENCY_CLIENT:  179      23 mmcblk0p23 18 0 144 0 0 0 0 0 0 0 0
01-01 00:27:44.172  2677  2726 W ANDR_PERSISTENCY_CLIENT:  179      24 mmcblk0p24 18 0 144 4 0 0 0 0 0 4 4
01-01 00:27:44.172  2677  2726 W ANDR_PERSISTENCY_CLIENT:  179      25 mmcblk0p25 22 0 176 4 0 0 0 0 0 4 4
01-01 00:27:44.172  2677  2726 W ANDR_PERSISTENCY_CLIENT:  179      26 mmcblk0p26 22 0 176 0 0 0 0 0 0 0 0
01-01 00:27:44.172  2677  2726 W ANDR_PERSISTENCY_CLIENT:  179      27 mmcblk0p27 40 0 4128 32 0 0 0 0 0 24 32
01-01 00:27:44.172  2677  2726 W ANDR_PERSISTENCY_CLIENT:  179      28 mmcblk0p28 40 0 4128 64 0 0 0 0 0 40 64
01-01 00:27:44.172  2677  2726 W ANDR_PERSISTENCY_CLIENT:  179      29 mmcblk0p29 17 0 4008 40 0 0 0 0 0 24 40
01-01 00:27:44.172  2677  2726 W ANDR_PERSISTENCY_CLIENT:  179      30 mmcblk0p30 4965 3 1997096 9172 0 0 0 0 0 6920 9168
01-01 00:27:44.172  2677  2726 W ANDR_PERSISTENCY_CLIENT:  179      31 mmcblk0p31 17 0 4008 36 0 0 0 0 0 20 36
01-01 00:27:44.172  2677  2726 W ANDR_PERSISTENCY_CLIENT:  259       0 mmcblk0p32 1390 0 348344 1740 0 0 0 0 0 1504 1732
01-01 00:27:44.172  2677  2726 W ANDR_PERSISTENCY_CLIENT:  259       1 mmcblk0p33 20 0 160 28 0 0 0 0 0 28 28
01-01 00:27:44.172  2677  2726 W ANDR_PERSISTENCY_CLIENT:  259       2 mmcblk0p34 20 0 160 20 0 0 0 0 0 20 20
01-01 00:27:44.172  2677  2726 W ANDR_PERSISTENCY_CLIENT:  259       3 mmcblk0p35 18 0 144 16 0 0 0 0 0 16 16
01-01 00:27:44.172  2677  2726 W ANDR_PERSISTENCY_CLIENT:  259       4 mmcblk0p36 18 0 144 8 0 0 0 0 0 8 8
01-01 00:27:44.172  2677  2726 W ANDR_PERSISTENCY_CLIENT:  259       5 mmcblk0p37 20 0 160 0 0 0 0 0 0 0 0
01-01 00:27:44.172  2677  2726 W ANDR_PERSISTENCY_CLIENT:  259       6 mmcblk0p38 20 0 160 0 0 0 0 0 0 0 0
01-01 00:27:44.172  2677  2726 W ANDR_PERSISTENCY_CLIENT:  259       7 mmcblk0p39 17 0 4008 12 0 0 0 0 0 8 12
01-01 00:27:44.172  2677  2726 W ANDR_PERSISTENCY_CLIENT:  259       8 mmcblk0p40 188 0 151072 516 0 0 0 0 0 464 516
01-01 00:27:44.172  2677  2726 W ANDR_PERSISTENCY_CLIENT:  259       9 mmcblk0p41 11 0 2000 12 0 0 0 0 0 8 12
01-01 00:27:44.172  2677  2726 W ANDR_PERSISTENCY_CLIENT:  259      10 mmcblk0p42 25 0 5152 28 0 0 0 0 0 16 28
01-01 00:27:44.172  2677  2726 W ANDR_PERSISTENCY_CLIENT:  259      11 mmcblk0p43 22 0 176 8 0 0 0 0 0 8 8
01-01 00:27:44.172  2677  2726 W ANDR_PERSISTENCY_CLIENT:  259      12 mmcblk0p44 32 0 1136 12 0 0 0 0 0 12 12
01-01 00:27:44.172  2677  2726 W ANDR_PERSISTENCY_CLIENT:  259      13 mmcblk0p45 1 0 2 0 0 0 0 0 0 0 0
01-01 00:27:44.172  2677  2726 W ANDR_PERSISTENCY_CLIENT:  259      14 mmcblk0p46 18 0 144 4 0 0 0 0 0 4 4
01-01 00:27:44.172  2677  2726 W ANDR_PERSISTENCY_CLIENT:  259      15 mmcblk0p47 18 0 144 0 0 0 0 0 0 0 0
01-01 00:27:44.172  2677  2726 W ANDR_PERSISTENCY_CLIENT:  259      16 mmcblk0p48 2 0 4 4 0 0 0 0 0 4 4
01-01 00:27:44.172  2677  2726 W ANDR_PERSISTENCY_CLIENT:  259      17 mmcblk0p49 11 0 2000 8 0 0 0 0 0 4 8
01-01 00:27:44.172  2677  2726 W ANDR_PERSISTENCY_CLIENT:  259      18 mmcblk0p50 22 0 176 0 0 0 0 0 0 0 0
01-01 00:27:44.172  2677  2726 W ANDR_PERSISTENCY_CLIENT:  259      19 mmcblk0p51 18 0 144 0 0 0 0 0 0 0 0
01-01 00:27:44.172  2677  2726 W ANDR_PERSISTENCY_CLIENT:  259      20 mmcblk0p52 3 0 168 4 0 0 0 0 0 4 4
01-01 00:27:44.172  2677  2726 W ANDR_PERSISTENCY_CLIENT:  259      21 mmcblk0p53 9 0 1256 0 0 0 0 0 0 0 0
01-01 00:27:44.172  2677  2726 W ANDR_PERSISTENCY_CLIENT:  259      22 mmcblk0p54 32 0 256 20 0 0 0 0 0 20 20
01-01 00:27:44.172  2677  2726 W ANDR_PERSISTENCY_CLIENT:  259      23 mmcblk0p55 20 0 2064 24 0 0 0 0 0 16 24
01-01 00:27:44.172  2677  2726 W ANDR_PERSISTENCY_CLIENT:  259      24 mmcblk0p56 2789 113 261462 6436 759 416 17360 976 0 2756 7412
01-01 00:27:44.172  2677  2726 W ANDR_PERSISTENCY_CLIENT:  259      25 mmcblk0p57 23 0 2504 16 9 8 136 16 0 28 32
01-01 00:27:44.172  2677  2726 W ANDR_PERSISTENCY_CLIENT:  259      26 mmcblk0p58 230 0 61056 296 1471 22463 191472 6380 0 4640 6672
01-01 00:27:44.172  2677  2726 W ANDR_PERSISTENCY_CLIENT:  259      27 mmcblk0p59 523 157 28472 336 261 241 44756 1948 0 584 2284
01-01 00:27:44.172  2677  2726 W ANDR_PERSISTENCY_CLIENT:  259      28 mmcblk0p60 1 0 2 0 0 0 0 0 0 0 0
01-01 00:27:44.172  2677  2726 W ANDR_PERSISTENCY_CLIENT:  259      29 mmcblk0p61 5 0 432 8 0 0 0 0 0 8 8
01-01 00:27:44.172  2677  2726 W ANDR_PERSISTENCY_CLIENT:  259      30 mmcblk0p62 12 2 106 32 0 0 0 0 0 32 32
01-01 00:27:44.172  2677  2726 W ANDR_PERSISTENCY_CLIENT:  259      31 mmcblk0p63 18 0 144 4 0 0 0 0 0 4 4
01-01 00:27:44.172  2677  2726 W ANDR_PERSISTENCY_CLIENT:  259      32 mmcblk0p64 18 0 144 4 0 0 0 0 0 4 4
01-01 00:27:44.172  2677  2726 W ANDR_PERSISTENCY_CLIENT:  259      33 mmcblk0p65 20 0 160 8 0 0 0 0 0 0 0
01-01 00:27:44.172  2677  2726 W ANDR_PERSISTENCY_CLIENT:  259      34 mmcblk0p66 30 0 240 0 0 0 0 0 0 0 0
01-01 00:27:44.172  2677  2726 W ANDR_PERSISTENCY_CLIENT:  259      35 mmcblk0p67 224 0 5722 116 85 109 1576 72 0 124 188
01-01 00:27:44.172  2677  2726 W ANDR_PERSISTENCY_CLIENT:  259      36 mmcblk0p68 3066 1 578591 3620 15420 472849 488626 24048 0 21108 27628
01-01 00:27:44.172  2677  2726 W ANDR_PERSISTENCY_CLIENT:  179      32 mmcblk0rpmb 4 0 32 0 0 0 0 0 0 0 0
01-01 00:27:44.172  2677  2726 W ANDR_PERSISTENCY_CLIENT: ;command=cat /proc/diskstats
01-01 00:27:44.172  2677  2726 W ANDR_PERSISTENCY_CLIENT: SWR_PERSISTENCE_HV_LA_MF_0005|FUN=TCPHandler::handleInBoundData|2|msg:command=cat /proc/diskstats
01-01 00:27:44.172  2677  2726 W ANDR_PERSISTENCY_CLIENT: SWR_PERSISTENCE_HV_LA_MF_0005|FUN=TCPHandler:: handleInBoundData |2| remove key 
01-01 00:27:44.172  2677  2726 W ANDR_PERSISTENCY_CLIENT: SWR_PERSISTENCE_HV_LA_MF_0005|FUN=TCPHandler::sendResponseToSettings|2|msg:send=3833
01-01 00:27:44.173  2145  2145 D HMI_SERVICE: USE_CASE_NA|FUN=StoragedJobIntentService::onReceiveResult|1|received
01-01 00:27:44.174  2145  2145 D HMI_SERVICE: USE_CASE_NA|FUN=StoragedJobIntentService::doAppMonitor|1|init
01-01 00:27:44.174  2145  2145 D HMI_SERVICE: USE_CASE_NA|FUN=StoragedJobIntentService::lifeTimeMonitor|1|init
01-01 00:27:44.174  2145  2145 D HMI_SERVICE: USE_CASE_NA|FUN=StoragedJobIntentService::doAppMonitor|1|init
01-01 00:27:44.174  2145  2145 D HMI_SERVICE: USE_CASE_NA|FUN=StoragedJobIntentService::lifeTimeMonitor|1|init
01-01 00:27:44.174  2145  2145 D HMI_SERVICE: USE_CASE_NA|FUN=StoragedJobIntentService::doAppMonitor|1|init
01-01 00:27:44.174  2145  2145 D HMI_SERVICE: USE_CASE_NA|FUN=StoragedJobIntentService::lifeTimeMonitor|1|init
01-01 00:27:44.174  2145  2145 D HMI_SERVICE: USE_CASE_NA|FUN=StoragedJobIntentService::doAppMonitor|1|init
01-01 00:27:44.174  2145  2145 D HMI_SERVICE: USE_CASE_NA|FUN=StoragedJobIntentService::lifeTimeMonitorBaiduApps|1|init
01-01 00:27:44.174  2145  2145 D HMI_SERVICE: USE_CASE_NA|FUN=StoragedJobIntentService::onReceiveResult|1|continousWrite381205504
01-01 00:27:44.261  1933  1933 D LCMANDR : SWR_OOB_HV_MF_009|FUN=LifeCycleManagerService::getDAIAppAlivenessStatus|Aliveness:: DAIAPP HB DIFF = 2 [ DaimlerAppHBCounter ] = 653[ DaimlerAppHBCounterOld ] = 651
01-01 00:27:44.261  1933  1933 I LCMANDR : SWR_OOB_HV_MF_009|FUN=LifeCycleManagerService::getDAIAppAlivenessStatus|Aliveness::ANDROID HB IS VALID... setting OLD VAL, and resetting Fail Counter
01-01 00:27:44.263  1933  1933 I LCMANDR : SWR_OOB_HV_MF_009|FUN=LifeCycleManagerService::getDAIPID|DAIMLER APP(com.daimler.rse.ntg6) PID is [ 1519 ]
01-01 00:27:44.263  1933  1933 I LCMANDR : SWR_OOB_HV_MF_009|FUN=LifeCycleManagerService::getDAIAPPStatus|Aliveness::SAME PID! DAIAPP is not restarted
01-01 00:27:44.263  1933  1933 W LCMANDR : SWR_OOB_HV_MF_009|FUN=LifeCycleManagerService::getDAIAppAlivenessStatus|Aliveness::Status to send id : ALIVE
01-01 00:27:44.263  1933  1933 D LCMANDR : SWR_OOB_HV_MF_005|FUN=LifeCycleManagerService::sendPacketToLnx|data = [B@33affd0
01-01 00:27:44.264  1933  1933 D LCMANDR : SWR_OOB_HV_MF_009|FUN=LifeCycleManagerService::postAppsStatusInfo|Setting AppPacket info
01-01 00:27:44.264  1933  1933 I LCMANDR : SWR_OOB_HV_MF_009|FUN=AlivenessMonitoring::getRunningApps| packet sent
01-01 00:27:44.264  1933  1956 D LCMANDR : SWR_OOB_HV_MF_010|FUN=LifeCycleManagerService::RseNodeStateManagement|SEND_IGC_CB
01-01 00:27:44.264  1933  1956 I LCMANDR : SWR_OOB_HV_MF_005|FUN=LifeCycleManagerService::igcsendData|Call hit in RSENodeStateManagement::igcsendData
01-01 00:27:44.264  1933  1956 I LCMANDR : SWR_OOB_HV_MF_005|FUN=LifeCycleManagerService::igcsendData|SEND DATA LEN is : 15
01-01 00:27:44.264  1933  1956 I LCMANDR : SWR_OOB_HV_MF_007|FUN=LifeCycleManagerService::sendPacketFromIntentService|Package to send : [ 65, 0, 0, 0, 9, 0, 2, 0, 1, 0, 5, 65, 65, 0, 0, ]
01-01 00:27:44.264  1933  1956 I IGC     :  IGC::sendData ==> [ 65, 0, 0, 0, 9, 0, 2, 0, 1, 0, 5, 65, 65, 0, 0,  ]
01-01 00:27:44.264  1933  1956 I IGC     :  Igc::sendData data size is :: 15
01-01 00:27:44.264  1933  1956 D         : Enqueue: sem count = 1
01-01 00:27:44.264  1933  1956 I LCMANDR : SWR_OOB_HV_MF_007|FUN=LifeCycleManagerService::sendPacketFromIntentService|Sending Data to Linux is successful( [65, 0, 0, 0, 9, 0, 2, 0, 1, 0, 5, 65, 65, 0, 0] )
01-01 00:27:44.264  1933  1956 I LCMANDR : SWR_OOB_HV_MF_005|FUN=LifeCycleManagerService::igcsendData| DATA SEND SUCCESSFULLY 
01-01 00:27:44.282  3675 10284 I QueryController: Matched selector: UiSelector[CLASS=android.widget.EditText] <<==>> [android.view.accessibility.AccessibilityNodeInfo@19d72f3; boundsInParent: Rect(0, 7 - 1241, 137); boundsInScreen: Rect(339, 225 - 1580, 355); packageName: com.panasonic.hmi2settings; className: android.widget.EditText; text: null; error: null; maxTextLength: 63; contentDescription: null; viewIdResName: com.panasonic.hmi2settings:id/textPassword; checkable: false; checked: false; focusable: true; focused: true; selected: false; clickable: true; longClickable: false; contextClickable: false; enabled: true; password: false; scrollable: false; importantForAccessibility: true; actions: [AccessibilityAction: ACTION_CLEAR_FOCUS - null, AccessibilityAction: ACTION_SELECT - null, AccessibilityAction: ACTION_CLEAR_SELECTION - null, AccessibilityAction: ACTION_CLICK - null, AccessibilityAction: ACTION_ACCESSIBILITY_FOCUS - null, AccessibilityAction: ACTION_SET_TEXT - null, AccessibilityAction: ACTION_SHOW_ON_SCREEN - null]]
01-01 00:27:44.286  1151  1168 D mEnabledInputMethodsStrCache: com.android.inputmethods.latin/.LatinIME
01-01 00:27:44.286  1151  1168 D systemLanguageCode: en__GB
01-01 00:27:44.286  1151  1168 D mEnabledInputMethodsStrCache: com.android.inputmethods.latin/.LatinIME
01-01 00:27:44.286  1151  1416 D mEnabledInputMethodsStrCache: com.android.inputmethods.latin/.LatinIME
01-01 00:27:44.286  1151  1416 D systemLanguageCode: en__GB
01-01 00:27:44.286  1151  1416 D mEnabledInputMethodsStrCache: com.android.inputmethods.latin/.LatinIME
01-01 00:27:44.287  1151  1416 D mEnabledInputMethodsStrCache: com.android.inputmethods.latin/.LatinIME
01-01 00:27:44.287  1151  1416 D systemLanguageCode: en__GB
01-01 00:27:44.287  1151  1416 D mEnabledInputMethodsStrCache: com.android.inputmethods.latin/.LatinIME
01-01 00:27:44.288  1151  2264 D mEnabledInputMethodsStrCache: com.android.inputmethods.latin/.LatinIME
01-01 00:27:44.288  1151  2264 D systemLanguageCode: en__GB
01-01 00:27:44.288  1151  2264 D mEnabledInputMethodsStrCache: com.android.inputmethods.latin/.LatinIME
01-01 00:27:44.290  1151  2264 D mEnabledInputMethodsStrCache: com.android.inputmethods.latin/.LatinIME
01-01 00:27:44.290  1151  2264 D systemLanguageCode: en__GB
01-01 00:27:44.290  1151  2264 D mEnabledInputMethodsStrCache: com.android.inputmethods.latin/.LatinIME
01-01 00:27:44.290  1151  2264 D mEnabledInputMethodsStrCache: com.android.inputmethods.latin/.LatinIME
01-01 00:27:44.290  1151  2264 D systemLanguageCode: en__GB
01-01 00:27:44.290  1151  2264 D mEnabledInputMethodsStrCache: com.android.inputmethods.latin/.LatinIME
01-01 00:27:44.290  1379  1379 I LatinIME: SWR_HMISERVICE_SPELLER_MF_001||FUN=onStartInputViewInternal || 1 || Starting input. Cursor position = 0,0
01-01 00:27:44.300  3675 10290 D UIAutomatorStub: URI: /jsonrpc/0, Method: POST, Header: {content-length=170, remote-addr=127.0.0.1, http-client-ip=127.0.0.1, host=localhost:9009, content-type=application/json, connection=close, accept-encoding=identity, user-agent=Python-urllib/2.7}, params, {NanoHttpd.QUERY_STRING=null}, files: {postData={"params": [{"childOrSiblingSelector": [], "text": "OK", "mask": 1, "childOrSibling": []}], "jsonrpc": "2.0", "method": "click", "id": "7d21133fa3663d4cb03a5ca2f738142b"}}
01-01 00:27:44.314  1379  1379 D KeyboardState: onResetKeyboardStateToAlphabet: [keyboard=UNSHIFTED shift=RELEASING symbol=RELEASING switch=ALPHA] autoCapsFlags=none recapitalizeMode=undefined
01-01 00:27:44.314  1379  1379 D KeyboardState: resetKeyboardStateToAlphabet: [keyboard=UNSHIFTED shift=RELEASING symbol=RELEASING switch=ALPHA] autoCapsFlags=none recapitalizeMode=undefined
01-01 00:27:44.314  1379  1379 D KeyboardSwitcher: requestUpdatingShiftState:  autoCapsFlags=none recapitalizeMode=undefined
01-01 00:27:44.314  1379  1379 D KeyboardState: onUpdateShiftState: [keyboard=UNSHIFTED shift=RELEASING symbol=RELEASING switch=ALPHA] autoCapsFlags=none recapitalizeMode=undefined
01-01 00:27:44.314  1379  1379 D KeyboardState: setShifted: shiftMode=UNSHIFT [keyboard=UNSHIFTED shift=RELEASING symbol=RELEASING switch=ALPHA]
01-01 00:27:44.314  1151  1168 D mEnabledInputMethodsStrCache: com.android.inputmethods.latin/.LatinIME
01-01 00:27:44.315  1151  1168 D systemLanguageCode: en__GB
01-01 00:27:44.315  1151  1168 D mEnabledInputMethodsStrCache: com.android.inputmethods.latin/.LatinIME
01-01 00:27:44.317  1151  2264 D mEnabledInputMethodsStrCache: com.android.inputmethods.latin/.LatinIME
01-01 00:27:44.317  1151  2264 D systemLanguageCode: en__GB
01-01 00:27:44.317  1151  2264 D mEnabledInputMethodsStrCache: com.android.inputmethods.latin/.LatinIME
01-01 00:27:44.318  1379  1379 I NuanceUtil: Language text: en_GB, Language code: 5
01-01 00:27:44.318  1379  1379 I NuanceLog: Active Language: ET9LIDEnglish_UK
01-01 00:27:44.318  1379  1379 I NuanceLog: Active LDB: /system/etc/RSESpeller/configs/LDBs/v13.1.0/englishuk/ENubUNUK_xt9_ALM3.ldb
01-01 00:27:44.319  1379  1379 I LatinIME: Nuance API Initialized successfully
01-01 00:27:44.319  1379  1379 I LatinIME: Suggestion strip view visibility gone
01-01 00:27:44.320  1151  2264 D mEnabledInputMethodsStrCache: com.android.inputmethods.latin/.LatinIME
01-01 00:27:44.320  1151  2264 D systemLanguageCode: en__GB
01-01 00:27:44.320  1151  2264 D mEnabledInputMethodsStrCache: com.android.inputmethods.latin/.LatinIME
01-01 00:27:44.321  1151  2264 D mEnabledInputMethodsStrCache: com.android.inputmethods.latin/.LatinIME
01-01 00:27:44.321  1151  2264 D systemLanguageCode: en__GB
01-01 00:27:44.321  1151  2264 D mEnabledInputMethodsStrCache: com.android.inputmethods.latin/.LatinIME
01-01 00:27:44.839  3675 10291 D UIAutomatorStub: URI: /jsonrpc/0, Method: POST, Header: {content-length=274, remote-addr=127.0.0.1, http-client-ip=127.0.0.1, host=localhost:9009, content-type=application/json, connection=close, accept-encoding=identity, user-agent=Python-urllib/2.7}, params, {NanoHttpd.QUERY_STRING=null}, files: {postData={"params": [{"childOrSiblingSelector": [], "scrollable": true, "mask": 16384, "childOrSibling": []}, {"childOrSiblingSelector": [], "text": "RSE_Test", "mask": 1, "childOrSibling": []}, true], "jsonrpc": "2.0", "method": "scrollTo", "id": "e0b39bb3fb2f78878e3c4ddf49e7f069"}}
01-01 00:27:44.847  3739  3739 W HMI2-SETTINGS - CI08.4: className -> WifiActivity | functionName -> handlePassOkClick:  | value -> handlePassOkClick with ssid :RSE_Test enter callFromdialogButton
01-01 00:27:44.850  3739  3739 W HMI2-SETTINGS - CI08.4: className -> WifiActivity | functionName -> hideSoftKeyboard | value -> hideSoftInputFromWindow id=true
01-01 00:27:44.852  1379  1379 E LatinIME: hideWindow Called
01-01 00:27:44.859  1151  1168 I WifiService: getWifiEnabledState uid=1000
01-01 00:27:44.859  3739  3739 W HMI2-SETTINGS - CI08.4: className -> WifiActivity | functionName -> removePassEnterWindow : callFrom  | value -> connectToWifi_isPasswordValid
01-01 00:27:44.864  3739  3739 W HMI2-SETTINGS: SWR_BAIDU_HMI_0015|FUN=WifiActivity::finallyConnect|0|networkSSID::RSE_Test|NotOpen|isWapiConnect:false
01-01 00:27:44.865  1151  1168 I WifiService: addOrUpdateNetwork uid=1000
01-01 00:27:44.865  1151  1168 I addOrUpdateNetwork:  uid = 1000 SSID "RSE_Test" nid=-1
01-01 00:27:44.866  1151  1317 D WifiConfiguration: configKey: false
01-01 00:27:44.866  1151  2264 D WindowManager: relayout packageName=com.android.inputmethods.latin::session=Session{ca2ba78 1379:1000}::window=android.view.IWindow$Stub$Proxy@8c1c0f7::attrs.flags=800108
01-01 00:27:44.866  1151  2264 D WindowManager: relayout >>> FLAG_FULLSCREEN not set in WindowManager.LayoutParams
01-01 00:27:44.866  1151  2264 D WindowManager: startStatusReceiverServiceOnFlagSet: creating intent for action ACTION_ACTIVITY_FULLSCREEN
01-01 00:27:44.866  1151  1317 D WifiConfiguration: configKey: false
01-01 00:27:44.866  1151  1317 E WifiConfigManager: Cannot find network with networkId -1 or configKey "RSE_Test"WPA_PSK
01-01 00:27:44.866  1151  2264 W ContextImpl: Calling a method in the system process without a qualified user: android.app.ContextImpl.startService:1476 com.android.server.wm.Session.startStatusReceiverServiceOnFlagSet:762 com.android.server.wm.Session.relayout:276 android.view.IWindowSession$Stub.onTransact:286 com.android.server.wm.Session.onTransact:166 
01-01 00:27:44.866  1151  1317 D WifiConfiguration: configKey: false
01-01 00:27:44.866  1151  1317 E WifiConfigManager: Cannot find network with configKey "RSE_Test"WPA_PSK
01-01 00:27:44.868  1151  2264 D CompatibilityInfo: mCompatibilityFlags - 4
01-01 00:27:44.868  1151  2264 D CompatibilityInfo: applicationDensity - 240
01-01 00:27:44.868  1151  2264 D CompatibilityInfo: applicationScale - 1.0
01-01 00:27:44.869  1151  1317 D WifiConfiguration: configKey: false
01-01 00:27:44.871  1151  2264 D WindowManager: startStatusReceiverServiceOnFlagSet: startService done
01-01 00:27:44.873  1151  1317 D WifiConfiguration: configKey: false
01-01 00:27:44.873  1933  1933 W LCMANDR : SWR_OOB_HV_MF_009|FUN=MonitoringTimer::checkStatus|memoryInfo.availMem[MB] = 4974
01-01 00:27:44.876  1392  1392 W SYSTEM_UI: SWR_SYSTEM_UI_007|FUN=CollapsedStatusBarFragment::getAction |1|Broadcast action --> STATUS_UPDATE_ACTION
01-01 00:27:44.876  1392  1392 W SYSTEM_UI: SWR_SYSTEM_UI_007|FUN=CollapsedStatusBarFragment::getIntExtra |1|NotifySystemUpdates dataType --> 101
01-01 00:27:44.876  1392  1392 W SYSTEM_UI - CI07.3: className -> CollapsedStatusBarFragment | functionName -> NotifySystemUpdates | onReceive -->  | value -> FULLSCREEN MODE CHANGED | isFullScreenStatus --> false | fullScreenPackage -->com.android.inputmethods.latin | fullscreenLastShownPackage -->null | topActivityPackage --> com.panasonic.hmi2settings
01-01 00:27:44.876  1392  1392 W SYSTEM_UI - CI07.3: className -> CollapsedStatusBarFragment | functionName -> NotifySystemUpdates | onReceive -->  | value -> Fullscreen mode changed --> path 0
01-01 00:27:44.941  1151  1317 D WifiConfigStore: Writing to stores completed in 67 ms.
01-01 00:27:44.942  1151  1317 D WifiConfiguration: configKey: false
01-01 00:27:44.942  3739  3739 W HMI2-SETTINGS: SWR_BAIDU_HMI_0015|FUN=WifiActivity::addNetwork|0|Getting network id with addNetwork method.
01-01 00:27:44.942  3739  3739 W HMI2-SETTINGS - CI08.4: className -> WifiActivity | functionName -> connectNewNetwork : | value ->  addNetwork success netId->70
01-01 00:27:44.942  1151  1168 I WifiService: enableNetwork uid=1000 disableOthers=true
01-01 00:27:44.943  1151  1317 D WifiStateMachine: connectToUserSelectNetwork netId 70, uid 1000, forceReconnect = false
01-01 00:27:44.943  1151  1317 D WifiConfiguration: configKey: false
01-01 00:27:44.944  1151  1317 I chatty  : uid=1000(system) WifiStateMachin identical 1 line
01-01 00:27:44.947  1151  1317 D WifiConfiguration: configKey: false
01-01 00:27:44.965  1151  1317 D WifiConfigStore: Writing to stores completed in 17 ms.
01-01 00:27:44.966  1151  1317 D WifiConfiguration: configKey: false
01-01 00:27:44.967  1151  1317 D WifiConfiguration: configKey: false
01-01 00:27:44.968  3739  3739 W HMI2-SETTINGS - CI08.4: className -> WifiActivity | functionName -> connectNewNetwork :  | value -> enable success netId->70
01-01 00:27:44.968  1151  1317 D WifiConfiguration: configKey: false
01-01 00:27:44.968  1151  2264 I WifiService: getWifiServiceMessenger uid=1000
01-01 00:27:44.969  1151  1317 D WifiStateMachine: CMD_START_CONNECT sup state DisconnectedState my state DisconnectedState nid=70 roam=false
01-01 00:27:44.969  3739  3739 W HMI2-SETTINGS: SWR_BAIDU_HMI_0015|SWR_BAIDU_HMI_0027|FUN=WifiActivity::connect|0|Connected to new network
