01-01 00:42:25.973  3739  3739 W HMI2-SETTINGS - CI08.4:  cuid=1000 cname=android.uid.system:1000 luid=1000 lname=android.uid.system:1000 lcuid=1000 userApproved=USER_UNSPECIFIED noInternetAccessExpected=false roamingFailureBlackListTimeMilli: 1000
01-01 00:42:25.973  3739  3739 W HMI2-SETTINGS - CI08.4: recentFailure: Association Rejection code: 0
01-01 00:42:25.973  3739  3739 W HMI2-SETTINGS - CI08.4: ShareThisAp: false
01-01 00:42:25.973  3739  3739 W HMI2-SETTINGS - CI08.4: className -> WifiActivity | functionName -> getConnectSummary : | value ->  Saved
01-01 00:42:25.973  3739  3739 E HMI2-SETTINGS - CI08.4: className -> WifiActivity | functionName -> mWifiScanReceiver -> onReceive | error ->intent_action:android.net.wifi.STATE_CHANGE
01-01 00:42:25.973  3739  3739 W HMI2-SETTINGS - CI08.4: className -> WifiActivity | functionName -> handleNetworkStateChanged | value -> detailedState->DISCONNECTED
01-01 00:42:25.974  1151  2233 I WifiService: getConfiguredNetworks uid=1000
01-01 00:42:25.977  3739  3739 W HMI2-SETTINGS - CI08.4: className -> WifiActivity | functionName -> getConfig: success-> | value -> "RSE_Test"
01-01 00:42:25.977  3739  3739 W HMI2-SETTINGS - CI08.4: className -> WifiActivity | functionName -> getConnectSummary | value -> getConnectSummaryID: 111 SSID: "RSE_Test" PROVIDER-NAME: null BSSID: null FQDN: null PRIO: 0 HIDDEN: false
01-01 00:42:25.977  3739  3739 W HMI2-SETTINGS - CI08.4:  NetworkSelectionStatus NETWORK_SELECTION_ENABLED
01-01 00:42:25.977  3739  3739 W HMI2-SETTINGS - CI08.4:  hasEverConnected: false
01-01 00:42:25.977  3739  3739 W HMI2-SETTINGS - CI08.4:  KeyMgmt: WPA_PSK Protocols: WPA RSN
01-01 00:42:25.977  3739  3739 W HMI2-SETTINGS - CI08.4:  AuthAlgorithms: OPEN
01-01 00:42:25.977  3739  3739 W HMI2-SETTINGS - CI08.4:  PairwiseCiphers: TKIP CCMP
01-01 00:42:25.977  3739  3739 W HMI2-SETTINGS - CI08.4:  GroupCiphers: TKIP CCMP
01-01 00:42:25.977  3739  3739 W HMI2-SETTINGS - CI08.4:  PSK: *
01-01 00:42:25.977  3739  3739 W HMI2-SETTINGS - CI08.4: 
01-01 00:42:25.977  3739  3739 W HMI2-SETTINGS - CI08.4:  sim_num 
01-01 00:42:25.977  3739  3739 W HMI2-SETTINGS - CI08.4: Enterprise config:
01-01 00:42:25.977  3739  3739 W HMI2-SETTINGS - CI08.4: IP config:
01-01 00:42:25.977  3739  3739 W HMI2-SETTINGS - CI08.4: IP assignment: DHCP
01-01 00:42:25.977  3739  3739 W HMI2-SETTINGS - CI08.4: Proxy settings: NONE
01-01 00:42:25.977  3739  3739 W HMI2-SETTINGS - CI08.4:  cuid=1000 cname=android.uid.system:1000 luid=1000 lname=android.uid.system:1000 lcuid=1000 userApproved=USER_UNSPECIFIED noInternetAccessExpected=false roamingFailureBlackListTimeMilli: 1000
01-01 00:42:25.977  3739  3739 W HMI2-SETTINGS - CI08.4: recentFailure: Association Rejection code: 0
01-01 00:42:25.977  3739  3739 W HMI2-SETTINGS - CI08.4: ShareThisAp: false
01-01 00:42:25.977  3739  3739 W HMI2-SETTINGS - CI08.4: className -> WifiActivity | functionName -> getConnectSummary : | value ->  Saved
01-01 00:42:25.977  3739  3739 E HMI2-SETTINGS - CI08.4: className -> WifiActivity | functionName -> mWifiScanReceiver -> onReceive | error ->intent_action:android.net.wifi.STATE_CHANGE
01-01 00:42:25.977  3739  3739 W HMI2-SETTINGS - CI08.4: className -> WifiActivity | functionName -> handleNetworkStateChanged | value -> detailedState->SCANNING
01-01 00:42:25.978  1151  2229 I WifiService: getConfiguredNetworks uid=1000
01-01 00:42:25.981  3739  3739 W HMI2-SETTINGS - CI08.4: className -> WifiActivity | functionName -> getConfig: success-> | value -> "RSE_Test"
01-01 00:42:25.981  3739  3739 W HMI2-SETTINGS - CI08.4: className -> WifiActivity | functionName -> getConnectSummary | value -> getConnectSummaryID: 111 SSID: "RSE_Test" PROVIDER-NAME: null BSSID: null FQDN: null PRIO: 0 HIDDEN: false
01-01 00:42:25.981  3739  3739 W HMI2-SETTINGS - CI08.4:  NetworkSelectionStatus NETWORK_SELECTION_ENABLED
01-01 00:42:25.981  3739  3739 W HMI2-SETTINGS - CI08.4:  hasEverConnected: false
01-01 00:42:25.981  3739  3739 W HMI2-SETTINGS - CI08.4:  KeyMgmt: WPA_PSK Protocols: WPA RSN
01-01 00:42:25.981  3739  3739 W HMI2-SETTINGS - CI08.4:  AuthAlgorithms: OPEN
01-01 00:42:25.981  3739  3739 W HMI2-SETTINGS - CI08.4:  PairwiseCiphers: TKIP CCMP
01-01 00:42:25.981  3739  3739 W HMI2-SETTINGS - CI08.4:  GroupCiphers: TKIP CCMP
01-01 00:42:25.981  3739  3739 W HMI2-SETTINGS - CI08.4:  PSK: *
01-01 00:42:25.981  3739  3739 W HMI2-SETTINGS - CI08.4: 
01-01 00:42:25.981  3739  3739 W HMI2-SETTINGS - CI08.4:  sim_num 
01-01 00:42:25.981  3739  3739 W HMI2-SETTINGS - CI08.4: Enterprise config:
01-01 00:42:25.981  3739  3739 W HMI2-SETTINGS - CI08.4: IP config:
01-01 00:42:25.981  3739  3739 W HMI2-SETTINGS - CI08.4: IP assignment: DHCP
01-01 00:42:25.981  3739  3739 W HMI2-SETTINGS - CI08.4: Proxy settings: NONE
01-01 00:42:25.981  3739  3739 W HMI2-SETTINGS - CI08.4:  cuid=1000 cname=android.uid.system:1000 luid=1000 lname=android.uid.system:1000 lcuid=1000 userApproved=USER_UNSPECIFIED noInternetAccessExpected=false roamingFailureBlackListTimeMilli: 1000
01-01 00:42:25.981  3739  3739 W HMI2-SETTINGS - CI08.4: recentFailure: Association Rejection code: 0
01-01 00:42:25.981  3739  3739 W HMI2-SETTINGS - CI08.4: ShareThisAp: false
01-01 00:42:25.981  3739  3739 W HMI2-SETTINGS - CI08.4: className -> WifiActivity | functionName -> getConnectSummary : | value ->  Saved
01-01 00:42:26.159   729   748 I sssv-lib: sendMsg enter
01-01 00:42:26.159   729   748 I sssv-lib: sendMsg complete.
01-01 00:42:26.186  3675 14026 D UiScrollable: scrollToBeginning() on selector = UiSelector[SCROLLABLE=true]
01-01 00:42:26.187  3675 14026 D UiScrollable: scrollBackward() on selector = UiSelector[SCROLLABLE=true]
01-01 00:42:26.637  3675 14026 I QueryController: Matched selector: UiSelector[SCROLLABLE=true] <<==>> [android.view.accessibility.AccessibilityNodeInfo@286bccd; boundsInParent: Rect(0, 782 - 1332, 1671); boundsInScreen: Rect(305, 172 - 1637, 1061); packageName: com.panasonic.hmi2settings; className: android.widget.ScrollView; text: null; error: null; maxTextLength: -1; contentDescription: null; viewIdResName: com.panasonic.hmi2settings:id/scrollWifi; checkable: false; checked: false; focusable: true; focused: false; selected: false; clickable: false; longClickable: false; contextClickable: false; enabled: true; password: false; scrollable: true; importantForAccessibility: true; actions: [AccessibilityAction: ACTION_FOCUS - null, AccessibilityAction: ACTION_SELECT - null, AccessibilityAction: ACTION_CLEAR_SELECTION - null, AccessibilityAction: ACTION_ACCESSIBILITY_FOCUS - null, AccessibilityAction: ACTION_SCROLL_FORWARD - null, AccessibilityAction: ACTION_SCROLL_BACKWARD - null, AccessibilityAction: ACTION_SHOW_ON_SCREEN - null]]
01-01 00:42:26.637  3675 14026 D UiScrollable: scrollToBegining() using vertical scroll
01-01 00:42:26.637  3675 14026 D InteractionController: scrollSwipe (971, 260, 971, 973, 55)
01-01 00:42:26.693   808   808 I wificond: Received external scan result notification from kernel.
01-01 00:42:26.694  3023  3023 I wpa_supplicant: CTRL-EVENT-SCAN-RESULTS Scan completed in 0.808174 seconds
01-01 00:42:26.694  1151  2229 D WificondControl: Scan result ready event
01-01 00:42:26.695  3023  3023 I wpa_supplicant: wlan0: Trying to associate with SSID 'RSE_Test'
01-01 00:42:26.695  3023  3023 E wpa_supplicant: Notifying state change event to hidl control: 5
01-01 00:42:26.695   808   808 I wificond: Enters wifigbk_ageOutHistory
01-01 00:42:26.696  1151  1323 W AlarmManager: Unrecognized alarm listener com.android.server.wifi.scanner.WificondScannerImpl$3@207a0a6
01-01 00:42:26.696  1151  1323 I WifiService: isScanAlwaysAvailable uid=1000
01-01 00:42:26.696  1151  1323 I WifiService: getWifiEnabledState uid=1000
01-01 00:42:26.697   921  1439 I LOWI-8.5.0.3.c: [LOWI-Scan] lowi_close_record:Scan completed in 2526736ms and Recieved 47 APs scan results
01-01 00:42:26.701   921   961 I LOWI-8.5.0.3.c: [LOWIUtils] responseToOutPostcard - TO: GTP-FDAL, FROM:   LOWI-SERVER, RESP:  LOWI_ASYNC_DISCOVERY_SCAN_RESULTS
01-01 00:42:26.705  1151  1317 D WifiConfiguration: configKey: false
01-01 00:42:26.706   924   979 W XTCC-6.1.2.10-a: [LOWIUtils] to_eScanTypeResponse - default case
01-01 00:42:26.706   924   979 W XTCC-6.1.2.10-a: [WifiScanner] WiFi scan result : [47] AP's, async result: 1
01-01 00:42:26.709  3739  3739 E HMI2-SETTINGS - CI08.4: className -> WifiActivity | functionName -> mWifiScanReceiver -> onReceive | error ->intent_action:android.net.wifi.STATE_CHANGE
01-01 00:42:26.709  1508  1601 W QCNEJ   : |CORE| notifyWifiStatusChanged failed
01-01 00:42:26.709  1508  1601 W QCNEJ   : |CORE| notifyRatConnectionStatusChanged failed
01-01 00:42:26.709  1392  1392 W SYSTEM_UI: SWR_SYSTEM_UI_008|FUN=CollapsedStatusBarFragment::AndroidEventReceiver | getAction |1|Broadcast action:android.net.wifi.STATE_CHANGE received
01-01 00:42:26.709  3739  3739 W HMI2-SETTINGS - CI08.4: className -> WifiActivity | functionName -> handleNetworkStateChanged | value -> detailedState->CONNECTING
01-01 00:42:26.709  1392  1392 W SYSTEM_UI - CI07.3: className -> CollapsedStatusBarFragment | functionName -> AndroidEventReceiver | onReceive -->  | value -> Wifi connection status--> false
01-01 00:42:26.709  1392  1392 W SYSTEM_UI: SWR_SYSTEM_UI_008|FUN=CollapsedStatusBarFragment::isConnected |1|Wifi connection status--> false
01-01 00:42:26.709  1392  1392 W SYSTEM_UI - CI07.3: className -> CollapsedStatusBarFragment | functionName -> updateHermsDataType | value -> Update Herms Data Type :: networkType --> 0
01-01 00:42:26.709  1151  2229 I WifiService: getConfiguredNetworks uid=1000
01-01 00:42:26.710  2145  2145 D HMI_SERVICE: USE_CASE_NA|FUN=HmiApplication| [action] android.net.wifi.STATE_CHANGE
01-01 00:42:26.712  3739  3739 W HMI2-SETTINGS - CI08.4: className -> WifiActivity | functionName -> getConfig: success-> | value -> "RSE_Test"
01-01 00:42:26.712  3739  3739 W HMI2-SETTINGS - CI08.4: className -> WifiActivity | functionName -> getConnectSummary | value -> getConnectSummaryID: 111 SSID: "RSE_Test" PROVIDER-NAME: null BSSID: null FQDN: null PRIO: 0 HIDDEN: false
01-01 00:42:26.712  3739  3739 W HMI2-SETTINGS - CI08.4:  NetworkSelectionStatus NETWORK_SELECTION_ENABLED
01-01 00:42:26.712  3739  3739 W HMI2-SETTINGS - CI08.4:  hasEverConnected: false
01-01 00:42:26.712  3739  3739 W HMI2-SETTINGS - CI08.4:  KeyMgmt: WPA_PSK Protocols: WPA RSN
01-01 00:42:26.712  3739  3739 W HMI2-SETTINGS - CI08.4:  AuthAlgorithms: OPEN
01-01 00:42:26.712  3739  3739 W HMI2-SETTINGS - CI08.4:  PairwiseCiphers: TKIP CCMP
01-01 00:42:26.712  3739  3739 W HMI2-SETTINGS - CI08.4:  GroupCiphers: TKIP CCMP
01-01 00:42:26.712  3739  3739 W HMI2-SETTINGS - CI08.4:  PSK: *
01-01 00:42:26.712  3739  3739 W HMI2-SETTINGS - CI08.4: 
01-01 00:42:26.712  3739  3739 W HMI2-SETTINGS - CI08.4:  sim_num 
01-01 00:42:26.712  3739  3739 W HMI2-SETTINGS - CI08.4: Enterprise config:
01-01 00:42:26.712  3739  3739 W HMI2-SETTINGS - CI08.4: IP config:
01-01 00:42:26.712  3739  3739 W HMI2-SETTINGS - CI08.4: IP assignment: DHCP
01-01 00:42:26.712  3739  3739 W HMI2-SETTINGS - CI08.4: Proxy settings: NONE
01-01 00:42:26.712  3739  3739 W HMI2-SETTINGS - CI08.4:  cuid=1000 cname=android.uid.system:1000 luid=1000 lname=android.uid.system:1000 lcuid=1000 userApproved=USER_UNSPECIFIED noInternetAccessExpected=false roamingFailureBlackListTimeMilli: 1000
01-01 00:42:26.712  3739  3739 W HMI2-SETTINGS - CI08.4: recentFailure: Association Rejection code: 0
01-01 00:42:26.712  3739  3739 W HMI2-SETTINGS - CI08.4: ShareThisAp: false
01-01 00:42:26.712  3739  3739 W HMI2-SETTINGS - CI08.4: className -> WifiActivity | functionName -> getConnectSummary : | value ->  Saved
01-01 00:42:26.712  1392  1392 W SYSTEM_UI - CI07.3: className -> CollapsedStatusBarFragment | functionName -> updateHermsDataType | value -> Update Herms Data Type :: isWebsiteSecure --> false
01-01 00:42:26.713  1392  1392 W SYSTEM_UI - CI07.3: className -> CollapsedStatusBarFragment | functionName -> updateHermsDataType | value -> Update Herms Data Type :: connection status --> 1
01-01 00:42:26.713  1392  1392 W SYSTEM_UI - CI07.3: className -> CollapsedStatusBarFragment | functionName -> updateHermsDataType | value -> Update Herms Data Type :: data Transfer --> false
01-01 00:42:26.713  1392  1392 W SYSTEM_UI - CI07.3: className -> CollapsedStatusBarFragment | functionName -> updateHermsDataType | value -> Update Herms Data Type :: wifiConnectionStatus --> false
01-01 00:42:26.713  1392  1392 W SYSTEM_UI - CI07.3: className -> CollapsedStatusBarFragment | functionName -> updateHermsDataType | value -> path 2
01-01 00:42:26.713  1392  1392 W SYSTEM_UI - CI07.3: className -> CollapsedStatusBarFragment | functionName -> updateHermsDataType | value -> path 3
01-01 00:42:26.714  2145  2145 D HMI_SERVICE: USE_CASE_NA|FUN=HmiApplication| [action] android.net.wifi.supplicant.STATE_CHANGE
01-01 00:42:26.783  3023  3023 E wpa_supplicant: Notifying state change event to hidl control: 6
01-01 00:42:26.783  3023  3023 I wpa_supplicant: wlan0: Associated with ec:58:ea:f6:10:88
01-01 00:42:26.784  3023  3023 E wpa_supplicant: Notifying state change event to hidl control: 7
01-01 00:42:26.786  2145  2145 D HMI_SERVICE: USE_CASE_NA|FUN=HmiApplication| [action] android.net.wifi.supplicant.STATE_CHANGE
01-01 00:42:26.789  2145  2145 D HMI_SERVICE: USE_CASE_NA|FUN=HmiApplication| [action] android.net.wifi.STATE_CHANGE
01-01 00:42:26.790  1392  1392 W SYSTEM_UI: SWR_SYSTEM_UI_008|FUN=CollapsedStatusBarFragment::AndroidEventReceiver | getAction |1|Broadcast action:android.net.wifi.STATE_CHANGE received
01-01 00:42:26.790  3739  3739 E HMI2-SETTINGS - CI08.4: className -> WifiActivity | functionName -> mWifiScanReceiver -> onReceive | error ->intent_action:android.net.wifi.STATE_CHANGE
01-01 00:42:26.790  3739  3739 W HMI2-SETTINGS - CI08.4: className -> WifiActivity | functionName -> handleNetworkStateChanged | value -> detailedState->AUTHENTICATING
01-01 00:42:26.790  1392  1392 W SYSTEM_UI - CI07.3: className -> CollapsedStatusBarFragment | functionName -> AndroidEventReceiver | onReceive -->  | value -> Wifi connection status--> false
01-01 00:42:26.790  1392  1392 W SYSTEM_UI: SWR_SYSTEM_UI_008|FUN=CollapsedStatusBarFragment::isConnected |1|Wifi connection status--> false
01-01 00:42:26.790  1392  1392 W SYSTEM_UI - CI07.3: className -> CollapsedStatusBarFragment | functionName -> updateHermsDataType | value -> Update Herms Data Type :: networkType --> 0
01-01 00:42:26.790  1392  1392 W SYSTEM_UI - CI07.3: className -> CollapsedStatusBarFragment | functionName -> updateHermsDataType | value -> Update Herms Data Type :: isWebsiteSecure --> false
01-01 00:42:26.790  1392  1392 W SYSTEM_UI - CI07.3: className -> CollapsedStatusBarFragment | functionName -> updateHermsDataType | value -> Update Herms Data Type :: connection status --> 1
01-01 00:42:26.790  1392  1392 W SYSTEM_UI - CI07.3: className -> CollapsedStatusBarFragment | functionName -> updateHermsDataType | value -> Update Herms Data Type :: data Transfer --> false
01-01 00:42:26.790  1392  1392 W SYSTEM_UI - CI07.3: className -> CollapsedStatusBarFragment | functionName -> updateHermsDataType | value -> Update Herms Data Type :: wifiConnectionStatus --> false
01-01 00:42:26.790  1392  1392 W SYSTEM_UI - CI07.3: className -> CollapsedStatusBarFragment | functionName -> updateHermsDataType | value -> path 2
01-01 00:42:26.790  1151  2233 I WifiService: getConfiguredNetworks uid=1000
01-01 00:42:26.790  1392  1392 W SYSTEM_UI - CI07.3: className -> CollapsedStatusBarFragment | functionName -> updateHermsDataType | value -> path 3
01-01 00:42:26.791  1508  1601 W QCNEJ   : |CORE| notifyWifiStatusChanged failed
01-01 00:42:26.791  1508  1601 W QCNEJ   : |CORE| notifyRatConnectionStatusChanged failed
01-01 00:42:26.791  2145  2145 D HMI_SERVICE: USE_CASE_NA|FUN=HmiApplication| [action] android.net.wifi.supplicant.STATE_CHANGE
01-01 00:42:26.792  3739  3739 W HMI2-SETTINGS - CI08.4: className -> WifiActivity | functionName -> getConfig: success-> | value -> "RSE_Test"
01-01 00:42:26.792  3739  3739 W HMI2-SETTINGS - CI08.4: className -> WifiActivity | functionName -> getConnectSummary | value -> getConnectSummaryID: 111 SSID: "RSE_Test" PROVIDER-NAME: null BSSID: null FQDN: null PRIO: 0 HIDDEN: false
01-01 00:42:26.792  3739  3739 W HMI2-SETTINGS - CI08.4:  NetworkSelectionStatus NETWORK_SELECTION_ENABLED
01-01 00:42:26.792  3739  3739 W HMI2-SETTINGS - CI08.4:  hasEverConnected: false
01-01 00:42:26.792  3739  3739 W HMI2-SETTINGS - CI08.4:  KeyMgmt: WPA_PSK Protocols: WPA RSN
01-01 00:42:26.792  3739  3739 W HMI2-SETTINGS - CI08.4:  AuthAlgorithms: OPEN
01-01 00:42:26.792  3739  3739 W HMI2-SETTINGS - CI08.4:  PairwiseCiphers: TKIP CCMP
01-01 00:42:26.792  3739  3739 W HMI2-SETTINGS - CI08.4:  GroupCiphers: TKIP CCMP
01-01 00:42:26.792  3739  3739 W HMI2-SETTINGS - CI08.4:  PSK: *
01-01 00:42:26.792  3739  3739 W HMI2-SETTINGS - CI08.4: 
01-01 00:42:26.792  3739  3739 W HMI2-SETTINGS - CI08.4:  sim_num 
01-01 00:42:26.792  3739  3739 W HMI2-SETTINGS - CI08.4: Enterprise config:
01-01 00:42:26.792  3739  3739 W HMI2-SETTINGS - CI08.4: IP config:
01-01 00:42:26.792  3739  3739 W HMI2-SETTINGS - CI08.4: IP assignment: DHCP
01-01 00:42:26.792  3739  3739 W HMI2-SETTINGS - CI08.4: Proxy settings: NONE
01-01 00:42:26.792  3739  3739 W HMI2-SETTINGS - CI08.4:  cuid=1000 cname=android.uid.system:1000 luid=1000 lname=android.uid.system:1000 lcuid=1000 userApproved=USER_UNSPECIFIED noInternetAccessExpected=false roamingFailureBlackListTimeMilli: 1000
01-01 00:42:26.792  3739  3739 W HMI2-SETTINGS - CI08.4: recentFailure: Association Rejection code: 0
01-01 00:42:26.792  3739  3739 W HMI2-SETTINGS - CI08.4: ShareThisAp: false
01-01 00:42:26.792  3739  3739 W HMI2-SETTINGS - CI08.4: className -> WifiActivity | functionName -> getConnectSummary : | value ->  Saved
01-01 00:42:26.805  3023  3023 E wpa_supplicant: Notifying state change event to hidl control: 8
01-01 00:42:26.806  3023  3023 I wpa_supplicant: wlan0: WPA: Key negotiation completed with ec:58:ea:f6:10:88 [PTK=CCMP GTK=CCMP]
01-01 00:42:26.806  3023  3023 I wpa_supplicant: wlan0: CTRL-EVENT-CONNECTED - Connection to ec:58:ea:f6:10:88 completed [id=0 id_str=%7B%22configKey%22%3A%22%5C%22RSE_Test%5C%22WPA_PSK%22%2C%22creatorUid%22%3A%221000%22%7D]
01-01 00:42:26.807  3023  3023 E wpa_supplicant: Notifying state change event to hidl control: 9
01-01 00:42:26.807  2145  2145 D HMI_SERVICE: USE_CASE_NA|FUN=HmiApplication| [action] android.net.wifi.supplicant.STATE_CHANGE
01-01 00:42:26.809   921  1439 I LOWI-8.5.0.3.c: [LOWI-Scan] get_intf_mode: WLAN interface type 2, err 0
01-01 00:42:26.809  1151  1317 D WifiConfiguration: configKey: false
01-01 00:42:26.809  1151  1317 D WifiConfiguration: configKey: false
01-01 00:42:26.812  1508  1601 W QCNEJ   : |CORE| notifyWifiStatusChanged failed
01-01 00:42:26.812  1508  1601 W QCNEJ   : |CORE| notifyRatConnectionStatusChanged failed
01-01 00:42:26.813  1392  1392 W SYSTEM_UI: SWR_SYSTEM_UI_008|FUN=CollapsedStatusBarFragment::AndroidEventReceiver | getAction |1|Broadcast action:android.net.wifi.STATE_CHANGE received
01-01 00:42:26.813  1392  1392 W SYSTEM_UI - CI07.3: className -> CollapsedStatusBarFragment | functionName -> AndroidEventReceiver | onReceive -->  | value -> Wifi connection status--> false
01-01 00:42:26.813  2145  2145 D HMI_SERVICE: USE_CASE_NA|FUN=HmiApplication| [action] android.net.wifi.STATE_CHANGE
01-01 00:42:26.813  1392  1392 W SYSTEM_UI: SWR_SYSTEM_UI_008|FUN=CollapsedStatusBarFragment::isConnected |1|Wifi connection status--> false
01-01 00:42:26.814  1392  1392 W SYSTEM_UI - CI07.3: className -> CollapsedStatusBarFragment | functionName -> updateHermsDataType | value -> Update Herms Data Type :: networkType --> 0
01-01 00:42:26.814  1392  1392 W SYSTEM_UI - CI07.3: className -> CollapsedStatusBarFragment | functionName -> updateHermsDataType | value -> Update Herms Data Type :: isWebsiteSecure --> false
01-01 00:42:26.814  1392  1392 W SYSTEM_UI - CI07.3: className -> CollapsedStatusBarFragment | functionName -> updateHermsDataType | value -> Update Herms Data Type :: connection status --> 1
01-01 00:42:26.814  1392  1392 W SYSTEM_UI - CI07.3: className -> CollapsedStatusBarFragment | functionName -> updateHermsDataType | value -> Update Herms Data Type :: data Transfer --> false
01-01 00:42:26.814  1392  1392 W SYSTEM_UI - CI07.3: className -> CollapsedStatusBarFragment | functionName -> updateHermsDataType | value -> Update Herms Data Type :: wifiConnectionStatus --> false
01-01 00:42:26.814  1392  1392 W SYSTEM_UI - CI07.3: className -> CollapsedStatusBarFragment | functionName -> updateHermsDataType | value -> path 2
01-01 00:42:26.814  1392  1392 W SYSTEM_UI - CI07.3: className -> CollapsedStatusBarFragment | functionName -> updateHermsDataType | value -> path 3
01-01 00:42:26.816  2145  2145 D HMI_SERVICE: USE_CASE_NA|FUN=HmiApplication| [action] android.net.wifi.STATE_CHANGE
01-01 00:42:26.816  3739  3739 E HMI2-SETTINGS - CI08.4: className -> WifiActivity | functionName -> mWifiScanReceiver -> onReceive | error ->intent_action:android.net.wifi.STATE_CHANGE
01-01 00:42:26.816  1392  1392 W SYSTEM_UI: SWR_SYSTEM_UI_008|FUN=CollapsedStatusBarFragment::AndroidEventReceiver | getAction |1|Broadcast action:android.net.wifi.STATE_CHANGE received
01-01 00:42:26.817  3739  3739 W HMI2-SETTINGS - CI08.4: className -> WifiActivity | functionName -> handleNetworkStateChanged | value -> detailedState->AUTHENTICATING
01-01 00:42:26.817  1392  1392 W SYSTEM_UI - CI07.3: className -> CollapsedStatusBarFragment | functionName -> AndroidEventReceiver | onReceive -->  | value -> Wifi connection status--> false
01-01 00:42:26.817  1392  1392 W SYSTEM_UI: SWR_SYSTEM_UI_008|FUN=CollapsedStatusBarFragment::isConnected |1|Wifi connection status--> false
01-01 00:42:26.817  1151  2229 I WifiService: getConfiguredNetworks uid=1000
01-01 00:42:26.817  1392  1392 W SYSTEM_UI - CI07.3: className -> CollapsedStatusBarFragment | functionName -> updateHermsDataType | value -> Update Herms Data Type :: networkType --> 0
01-01 00:42:26.817  1392  1392 W SYSTEM_UI - CI07.3: className -> CollapsedStatusBarFragment | functionName -> updateHermsDataType | value -> Update Herms Data Type :: isWebsiteSecure --> false
01-01 00:42:26.817  1508  1601 W QCNEJ   : |CORE| notifyWifiStatusChanged failed
01-01 00:42:26.817  1392  1392 W SYSTEM_UI - CI07.3: className -> CollapsedStatusBarFragment | functionName -> updateHermsDataType | value -> Update Herms Data Type :: connection status --> 1
01-01 00:42:26.817  1508  1601 W QCNEJ   : |CORE| notifyRatConnectionStatusChanged failed
01-01 00:42:26.817  1392  1392 W SYSTEM_UI - CI07.3: className -> CollapsedStatusBarFragment | functionName -> updateHermsDataType | value -> Update Herms Data Type :: data Transfer --> false
01-01 00:42:26.817  1392  1392 W SYSTEM_UI - CI07.3: className -> CollapsedStatusBarFragment | functionName -> updateHermsDataType | value -> Update Herms Data Type :: wifiConnectionStatus --> false
01-01 00:42:26.817  1392  1392 W SYSTEM_UI - CI07.3: className -> CollapsedStatusBarFragment | functionName -> updateHermsDataType | value -> path 2
01-01 00:42:26.817  1392  1392 W SYSTEM_UI - CI07.3: className -> CollapsedStatusBarFragment | functionName -> updateHermsDataType | value -> path 3
01-01 00:42:26.782   808   808 I wificond: Enters wifigbk_ageOutHistory
01-01 00:42:26.819  1151  1317 D ConnectivityService: registerNetworkAgent NetworkAgentInfo{ ni{[type: WIFI[], state: CONNECTING/CONNECTING, reason: (unspecified), extra: "RSE_Test", failover: false, available: true, roaming: false]}  network{323}  nethandle{1387290872542}  lp{{LinkAddresses: []  Routes: [] DnsAddresses: [] Domains: null MTU: 0}}  nc{[ Transports: WIFI Capabilities: NOT_METERED&INTERNET&NOT_RESTRICTED&TRUSTED&NOT_VPN LinkUpBandwidth>=1048576Kbps LinkDnBandwidth>=1048576Kbps]}  Score{20}  everValidated{false}  lastValidated{false}  created{false} lingering{false} explicitlySelected{false} acceptUnvalidated{false} everCaptivePortalDetected{false} lastCaptivePortalDetected{false} clat{null} }
01-01 00:42:26.819  1151  1325 D ConnectivityService: NetworkAgentInfo [WIFI () - 323] EVENT_NETWORK_INFO_CHANGED, going from null to CONNECTING
01-01 00:42:26.823  2145  2145 D HMI_SERVICE: USE_CASE_NA|FUN=HmiApplication| [action] android.net.wifi.STATE_CHANGE
01-01 00:42:26.823  1508  1601 W QCNEJ   : |CORE| notifyWifiStatusChanged failed
01-01 00:42:26.823  1508  1601 W QCNEJ   : |CORE| notifyRatConnectionStatusChanged failed
01-01 00:42:26.825  1392  1392 W SYSTEM_UI: SWR_SYSTEM_UI_008|FUN=CollapsedStatusBarFragment::AndroidEventReceiver | getAction |1|Broadcast action:android.net.wifi.STATE_CHANGE received
01-01 00:42:26.825  1392  1392 W SYSTEM_UI - CI07.3: className -> CollapsedStatusBarFragment | functionName -> AndroidEventReceiver | onReceive -->  | value -> Wifi connection status--> false
01-01 00:42:26.825  1392  1392 W SYSTEM_UI: SWR_SYSTEM_UI_008|FUN=CollapsedStatusBarFragment::isConnected |1|Wifi connection status--> false
01-01 00:42:26.825  1392  1392 W SYSTEM_UI - CI07.3: className -> CollapsedStatusBarFragment | functionName -> updateHermsDataType | value -> Update Herms Data Type :: networkType --> 0
01-01 00:42:26.825  1392  1392 W SYSTEM_UI - CI07.3: className -> CollapsedStatusBarFragment | functionName -> updateHermsDataType | value -> Update Herms Data Type :: isWebsiteSecure --> false
01-01 00:42:26.825  1392  1392 W SYSTEM_UI - CI07.3: className -> CollapsedStatusBarFragment | functionName -> updateHermsDataType | value -> Update Herms Data Type :: connection status --> 1
01-01 00:42:26.825  1392  1392 W SYSTEM_UI - CI07.3: className -> CollapsedStatusBarFragment | functionName -> updateHermsDataType | value -> Update Herms Data Type :: data Transfer --> false
01-01 00:42:26.825  1392  1392 W SYSTEM_UI - CI07.3: className -> CollapsedStatusBarFragment | functionName -> updateHermsDataType | value -> Update Herms Data Type :: wifiConnectionStatus --> false
01-01 00:42:26.825  1392  1392 W SYSTEM_UI - CI07.3: className -> CollapsedStatusBarFragment | functionName -> updateHermsDataType | value -> path 2
01-01 00:42:26.825  1392  1392 W SYSTEM_UI - CI07.3: className -> CollapsedStatusBarFragment | functionName -> updateHermsDataType | value -> path 3
01-01 00:42:26.826  1151  1317 E SupplicantStaIfaceHal: ISupplicantStaIface.setBtCoexistenceMode failed: FAILURE_UNKNOWN, 
01-01 00:42:26.827   625   625 D WifiHAL : Getting APF capabilities, halHandle = 0x7f734319a0
01-01 00:42:26.827   625   625 I WifiHAL : 
01-01 00:42:26.827   625   625 I WifiHAL : createRequest: APF get capabilities request
01-01 00:42:26.827   625   625 I WifiHAL : Request Response failed for APF, result = -95
01-01 00:42:26.829  1151  1317 E WifiVendorHal: getApfCapabilities(l.1623) failed {.code = ERROR_UNKNOWN, .description = errno: -95 (Unknown error -95)}
01-01 00:42:26.836  3739  3739 W HMI2-SETTINGS - CI08.4: className -> WifiActivity | functionName -> getConfig: success-> | value -> "RSE_Test"
01-01 00:42:26.836  3739  3739 W HMI2-SETTINGS - CI08.4: className -> WifiActivity | functionName -> getConnectSummary | value -> getConnectSummaryID: 111 SSID: "RSE_Test" PROVIDER-NAME: null BSSID: null FQDN: null PRIO: 0 HIDDEN: false
01-01 00:42:26.836  3739  3739 W HMI2-SETTINGS - CI08.4:  NetworkSelectionStatus NETWORK_SELECTION_ENABLED
01-01 00:42:26.836  3739  3739 W HMI2-SETTINGS - CI08.4:  hasEverConnected: false
01-01 00:42:26.836  3739  3739 W HMI2-SETTINGS - CI08.4:  KeyMgmt: WPA_PSK Protocols: WPA RSN
01-01 00:42:26.836  3739  3739 W HMI2-SETTINGS - CI08.4:  AuthAlgorithms: OPEN
01-01 00:42:26.836  3739  3739 W HMI2-SETTINGS - CI08.4:  PairwiseCiphers: TKIP CCMP
01-01 00:42:26.836  3739  3739 W HMI2-SETTINGS - CI08.4:  GroupCiphers: TKIP CCMP
01-01 00:42:26.836  3739  3739 W HMI2-SETTINGS - CI08.4:  PSK: *
01-01 00:42:26.836  3739  3739 W HMI2-SETTINGS - CI08.4: 
01-01 00:42:26.836  3739  3739 W HMI2-SETTINGS - CI08.4:  sim_num 
01-01 00:42:26.836  3739  3739 W HMI2-SETTINGS - CI08.4: Enterprise config:
01-01 00:42:26.836  3739  3739 W HMI2-SETTINGS - CI08.4: IP config:
01-01 00:42:26.836  3739  3739 W HMI2-SETTINGS - CI08.4: IP assignment: DHCP
01-01 00:42:26.836  3739  3739 W HMI2-SETTINGS - CI08.4: Proxy settings: NONE
01-01 00:42:26.836  3739  3739 W HMI2-SETTINGS - CI08.4:  cuid=1000 cname=android.uid.system:1000 luid=1000 lname=android.uid.system:1000 lcuid=1000 userApproved=USER_UNSPECIFIED noInternetAccessExpected=false roamingFailureBlackListTimeMilli: 1000
01-01 00:42:26.836  3739  3739 W HMI2-SETTINGS - CI08.4: recentFailure: Association Rejection code: 0
01-01 00:42:26.836  3739  3739 W HMI2-SETTINGS - CI08.4: ShareThisAp: false
01-01 00:42:26.836  3739  3739 W HMI2-SETTINGS - CI08.4: className -> WifiActivity | functionName -> getConnectSummary : | value ->  Saved
01-01 00:42:26.837  3739  3739 E HMI2-SETTINGS - CI08.4: className -> WifiActivity | functionName -> mWifiScanReceiver -> onReceive | error ->intent_action:android.net.wifi.STATE_CHANGE
01-01 00:42:26.837  3739  3739 W HMI2-SETTINGS - CI08.4: className -> WifiActivity | functionName -> handleNetworkStateChanged | value -> detailedState->CONNECTING
01-01 00:42:26.837  1151  1416 I WifiService: getConfiguredNetworks uid=1000
01-01 00:42:26.838  1151  1317 E WifiVendorHal: configureNeighborDiscoveryOffload(l.2366) failed {.code = ERROR_UNKNOWN, .description = errno: -95 (Unknown error -95)}
01-01 00:42:26.840  2145  2145 D HMI_SERVICE: USE_CASE_NA|FUN=HmiApplication| [action] android.net.wifi.supplicant.STATE_CHANGE
01-01 00:42:26.845  3739  3739 W HMI2-SETTINGS - CI08.4: className -> WifiActivity | functionName -> getConfig: success-> | value -> "RSE_Test"
01-01 00:42:26.845  3739  3739 W HMI2-SETTINGS - CI08.4: className -> WifiActivity | functionName -> getConnectSummary | value -> getConnectSummaryID: 111 SSID: "RSE_Test" PROVIDER-NAME: null BSSID: null FQDN: null PRIO: 0 HIDDEN: false
01-01 00:42:26.845  3739  3739 W HMI2-SETTINGS - CI08.4:  NetworkSelectionStatus NETWORK_SELECTION_ENABLED
01-01 00:42:26.845  3739  3739 W HMI2-SETTINGS - CI08.4:  hasEverConnected: false
01-01 00:42:26.845  3739  3739 W HMI2-SETTINGS - CI08.4:  KeyMgmt: WPA_PSK Protocols: WPA RSN
01-01 00:42:26.845  3739  3739 W HMI2-SETTINGS - CI08.4:  AuthAlgorithms: OPEN
01-01 00:42:26.845  3739  3739 W HMI2-SETTINGS - CI08.4:  PairwiseCiphers: TKIP CCMP
01-01 00:42:26.845  3739  3739 W HMI2-SETTINGS - CI08.4:  GroupCiphers: TKIP CCMP
01-01 00:42:26.845  3739  3739 W HMI2-SETTINGS - CI08.4:  PSK: *
01-01 00:42:26.845  3739  3739 W HMI2-SETTINGS - CI08.4: 
01-01 00:42:26.845  3739  3739 W HMI2-SETTINGS - CI08.4:  sim_num 
01-01 00:42:26.845  3739  3739 W HMI2-SETTINGS - CI08.4: Enterprise config:
01-01 00:42:26.845  3739  3739 W HMI2-SETTINGS - CI08.4: IP config:
01-01 00:42:26.845  3739  3739 W HMI2-SETTINGS - CI08.4: IP assignment: DHCP
01-01 00:42:26.845  3739  3739 W HMI2-SETTINGS - CI08.4: Proxy settings: NONE
01-01 00:42:26.845  3739  3739 W HMI2-SETTINGS - CI08.4:  cuid=1000 cname=android.uid.system:1000 luid=1000 lname=android.uid.system:1000 lcuid=1000 userApproved=USER_UNSPECIFIED noInternetAccessExpected=false roamingFailureBlackListTimeMilli: 1000
01-01 00:42:26.845  3739  3739 W HMI2-SETTINGS - CI08.4: recentFailure: Association Rejection code: 0
01-01 00:42:26.845  3739  3739 W HMI2-SETTINGS - CI08.4: ShareThisAp: false
01-01 00:42:26.845  3739  3739 W HMI2-SETTINGS - CI08.4: className -> WifiActivity | functionName -> getConnectSummary : | value ->  Saved
01-01 00:42:26.845  3739  3739 E HMI2-SETTINGS - CI08.4: className -> WifiActivity | functionName -> mWifiScanReceiver -> onReceive | error ->intent_action:android.net.wifi.STATE_CHANGE
01-01 00:42:26.845  3739  3739 W HMI2-SETTINGS - CI08.4: className -> WifiActivity | functionName -> handleNetworkStateChanged | value -> detailedState->OBTAINING_IPADDR
01-01 00:42:26.846  1151  2229 I WifiService: getConfiguredNetworks uid=1000
01-01 00:42:26.847  3739  3739 W HMI2-SETTINGS - CI08.4: className -> WifiActivity | functionName -> getConfig: success-> | value -> "RSE_Test"
01-01 00:42:26.847  3739  3739 W HMI2-SETTINGS - CI08.4: className -> WifiActivity | functionName -> getConnectSummary | value -> getConnectSummaryID: 111 SSID: "RSE_Test" PROVIDER-NAME: null BSSID: null FQDN: null PRIO: 0 HIDDEN: false
01-01 00:42:26.847  3739  3739 W HMI2-SETTINGS - CI08.4:  NetworkSelectionStatus NETWORK_SELECTION_ENABLED
01-01 00:42:26.847  3739  3739 W HMI2-SETTINGS - CI08.4:  hasEverConnected: false
01-01 00:42:26.847  3739  3739 W HMI2-SETTINGS - CI08.4:  KeyMgmt: WPA_PSK Protocols: WPA RSN
01-01 00:42:26.847  3739  3739 W HMI2-SETTINGS - CI08.4:  AuthAlgorithms: OPEN
01-01 00:42:26.847  3739  3739 W HMI2-SETTINGS - CI08.4:  PairwiseCiphers: TKIP CCMP
01-01 00:42:26.847  3739  3739 W HMI2-SETTINGS - CI08.4:  GroupCiphers: TKIP CCMP
01-01 00:42:26.847  3739  3739 W HMI2-SETTINGS - CI08.4:  PSK: *
01-01 00:42:26.847  3739  3739 W HMI2-SETTINGS - CI08.4: 
01-01 00:42:26.847  3739  3739 W HMI2-SETTINGS - CI08.4:  sim_num 
01-01 00:42:26.847  3739  3739 W HMI2-SETTINGS - CI08.4: Enterprise config:
01-01 00:42:26.847  3739  3739 W HMI2-SETTINGS - CI08.4: IP config:
01-01 00:42:26.847  3739  3739 W HMI2-SETTINGS - CI08.4: IP assignment: DHCP
01-01 00:42:26.847  3739  3739 W HMI2-SETTINGS - CI08.4: Proxy settings: NONE
01-01 00:42:26.847  3739  3739 W HMI2-SETTINGS - CI08.4:  cuid=1000 cname=android.uid.system:1000 luid=1000 lname=android.uid.system:1000 lcuid=1000 userApproved=USER_UNSPECIFIED noInternetAccessExpected=false roamingFailureBlackListTimeMilli: 1000
01-01 00:42:26.847  3739  3739 W HMI2-SETTINGS - CI08.4: recentFailure: Association Rejection code: 0
01-01 00:42:26.847  3739  3739 W HMI2-SETTINGS - CI08.4: ShareThisAp: false
01-01 00:42:26.847  3739  3739 W HMI2-SETTINGS - CI08.4: className -> WifiActivity | functionName -> getConnectSummary : | value ->  Saved
01-01 00:42:26.859  1933  1957 D LCMANDR : SWR_OOB_HV_MF_009|FUN=LifeCycleManagerService::LifeCycle_ReportCompStatus|GOT ALIVENESS SIGNAL FROM DAIAPP : [0]; HB Counter = [ 1005 ]; STATUS INFO = [ 0 ]
01-01 00:42:26.861  1519  1964 I Connectivity_AIDL|AIDL_Handler.AIDL_Helpers.LcmHelper: MBUX App Method: KeepAliveTest |Line No: 408 |Log Type: Critical |Message: ChildThread:MBUX-App HB Count: 1007, ResponseCode: 0
01-01 00:42:26.905  1151 14033 D DhcpClient: Receive thread started
01-01 00:42:26.983  1151  1317 E SupplicantStaIfaceHal: ISupplicantStaIface.setBtCoexistenceMode failed: FAILURE_UNKNOWN, 
01-01 00:42:26.990  1151 14031 D DhcpClient: Broadcasting DHCPDISCOVER
01-01 00:42:27.004  1151 14033 D DhcpClient: Received packet: 00:9d:6b:17:da:19 OFFER, ip /192.168.0.61, mask /255.255.255.0, DNS servers: /8.8.8.8 , gateways [/192.168.0.1] lease time 691200, domain null
01-01 00:42:27.004  1151 14031 D DhcpClient: server address: 192.168.0.1 client address: 192.168.0.61/24 iface: wlan0 rapid commit: false
01-01 00:42:27.004  1151 14031 D DhcpClient: Got pending lease: IP address 192.168.0.61/24 Gateway 192.168.0.1  DNS servers: [ 8.8.8.8 ] Domains  DHCP server /192.168.0.1 Vendor info null lease 691200 seconds
01-01 00:42:27.005  1151 14031 D DhcpClient: Broadcasting DHCPREQUEST ciaddr=0.0.0.0 request=192.168.0.61 serverid=192.168.0.1
01-01 00:42:27.160   729   748 I sssv-lib: sendMsg enter
01-01 00:42:27.160   729   748 I sssv-lib: sendMsg complete.
01-01 00:42:27.545   635   635 E ANDR-PERF-TARGET: Error: Invalid logical cluster id 0
01-01 00:42:27.545   635   635 E ANDR-PERF-MPCTL: invalid request, no optimizations performed
01-01 00:42:27.562   635   635 E ANDR-PERF-TARGET: Error: Invalid logical cluster id 0
01-01 00:42:27.562   635   635 E ANDR-PERF-MPCTL: invalid request, no optimizations performed
01-01 00:42:27.579   635   635 E ANDR-PERF-TARGET: Error: Invalid logical cluster id 0
01-01 00:42:27.579   635   635 E ANDR-PERF-MPCTL: invalid request, no optimizations performed
01-01 00:42:27.595   635   635 E ANDR-PERF-TARGET: Error: Invalid logical cluster id 0
01-01 00:42:27.596   635   635 E ANDR-PERF-MPCTL: invalid request, no optimizations performed
01-01 00:42:27.596   635   635 E ANDR-PERF-TARGET: Error: Invalid logical cluster id 0
01-01 00:42:27.596   635   635 E ANDR-PERF-MPCTL: invalid request, no optimizations performed
01-01 00:42:27.612   635   635 E ANDR-PERF-TARGET: Error: Invalid logical cluster id 0
01-01 00:42:27.612   635   635 E ANDR-PERF-MPCTL: invalid request, no optimizations performed
01-01 00:42:27.629   635   635 E ANDR-PERF-TARGET: Error: Invalid logical cluster id 0
01-01 00:42:27.629   635   635 E ANDR-PERF-MPCTL: invalid request, no optimizations performed
01-01 00:42:27.646   635   635 E ANDR-PERF-TARGET: Error: Invalid logical cluster id 0
01-01 00:42:27.646   635   635 E ANDR-PERF-MPCTL: invalid request, no optimizations performed
01-01 00:42:27.662   635   635 E ANDR-PERF-TARGET: Error: Invalid logical cluster id 0
01-01 00:42:27.662   635   635 E ANDR-PERF-MPCTL: invalid request, no optimizations performed
01-01 00:42:27.679   635   635 E ANDR-PERF-TARGET: Error: Invalid logical cluster id 0
01-01 00:42:27.679   635   635 E ANDR-PERF-MPCTL: invalid request, no optimizations performed
01-01 00:42:27.696   635   635 E ANDR-PERF-TARGET: Error: Invalid logical cluster id 0
01-01 00:42:27.696   635   635 E ANDR-PERF-MPCTL: invalid request, no optimizations performed
01-01 00:42:27.712   635   635 E ANDR-PERF-TARGET: Error: Invalid logical cluster id 0
01-01 00:42:27.712   635   635 E ANDR-PERF-MPCTL: invalid request, no optimizations performed
01-01 00:42:27.729   635   635 E ANDR-PERF-TARGET: Error: Invalid logical cluster id 0
01-01 00:42:27.729   635   635 E ANDR-PERF-MPCTL: invalid request, no optimizations performed
01-01 00:42:27.746   635   635 E ANDR-PERF-TARGET: Error: Invalid logical cluster id 0
01-01 00:42:27.746   635   635 E ANDR-PERF-MPCTL: invalid request, no optimizations performed
01-01 00:42:27.763   635   635 E ANDR-PERF-TARGET: Error: Invalid logical cluster id 0
01-01 00:42:27.763   635   635 E ANDR-PERF-MPCTL: invalid request, no optimizations performed
01-01 00:42:27.779   635   635 E ANDR-PERF-TARGET: Error: Invalid logical cluster id 0
01-01 00:42:27.779   635   635 E ANDR-PERF-MPCTL: invalid request, no optimizations performed
01-01 00:42:27.790  3675 14026 W InteractionController: runAndwaitForEvents timed out waiting for events
01-01 00:42:27.790  3675 14026 D InteractionController: Vertical scrollSwipe reached scroll end: false
01-01 00:42:27.790  3675 14026 D UiScrollable: scrollBackward() on selector = UiSelector[SCROLLABLE=true]
01-01 00:42:27.796   635   635 E ANDR-PERF-TARGET: Error: Invalid logical cluster id 0
01-01 00:42:27.796   635   635 E ANDR-PERF-MPCTL: invalid request, no optimizations performed
01-01 00:42:27.813   635   635 E ANDR-PERF-TARGET: Error: Invalid logical cluster id 0
01-01 00:42:27.813   635   635 E ANDR-PERF-MPCTL: invalid request, no optimizations performed
01-01 00:42:27.829   635   635 E ANDR-PERF-TARGET: Error: Invalid logical cluster id 0
01-01 00:42:27.829   635   635 E ANDR-PERF-MPCTL: invalid request, no optimizations performed
01-01 00:42:27.846   635   635 E ANDR-PERF-TARGET: Error: Invalid logical cluster id 0
01-01 00:42:27.846   635   635 E ANDR-PERF-MPCTL: invalid request, no optimizations performed
01-01 00:42:27.863   635   635 E ANDR-PERF-TARGET: Error: Invalid logical cluster id 0
01-01 00:42:27.863   635   635 E ANDR-PERF-MPCTL: invalid request, no optimizations performed
01-01 00:42:27.879   635   635 E ANDR-PERF-TARGET: Error: Invalid logical cluster id 0
01-01 00:42:27.880   635   635 E ANDR-PERF-MPCTL: invalid request, no optimizations performed
01-01 00:42:27.896   635   635 E ANDR-PERF-TARGET: Error: Invalid logical cluster id 0
01-01 00:42:27.896   635   635 E ANDR-PERF-MPCTL: invalid request, no optimizations performed
01-01 00:42:27.913   635   635 E ANDR-PERF-TARGET: Error: Invalid logical cluster id 0
01-01 00:42:27.913   635   635 E ANDR-PERF-MPCTL: invalid request, no optimizations performed
01-01 00:42:27.930   635   635 E ANDR-PERF-TARGET: Error: Invalid logical cluster id 0
01-01 00:42:27.930   635   635 E ANDR-PERF-MPCTL: invalid request, no optimizations performed
01-01 00:42:27.946   635   635 E ANDR-PERF-TARGET: Error: Invalid logical cluster id 0
01-01 00:42:27.946   635   635 E ANDR-PERF-MPCTL: invalid request, no optimizations performed
01-01 00:42:27.963   635   635 E ANDR-PERF-TARGET: Error: Invalid logical cluster id 0
01-01 00:42:27.963   635   635 E ANDR-PERF-MPCTL: invalid request, no optimizations performed
01-01 00:42:27.980   635   635 E ANDR-PERF-TARGET: Error: Invalid logical cluster id 0
01-01 00:42:27.980   635   635 E ANDR-PERF-MPCTL: invalid request, no optimizations performed
01-01 00:42:27.996   635   635 E ANDR-PERF-TARGET: Error: Invalid logical cluster id 0
01-01 00:42:27.996   635   635 E ANDR-PERF-MPCTL: invalid request, no optimizations performed
01-01 00:42:28.013   635   635 E ANDR-PERF-TARGET: Error: Invalid logical cluster id 0
01-01 00:42:28.013   635   635 E ANDR-PERF-MPCTL: invalid request, no optimizations performed
01-01 00:42:28.030   635   635 E ANDR-PERF-TARGET: Error: Invalid logical cluster id 0
01-01 00:42:28.030   635   635 E ANDR-PERF-MPCTL: invalid request, no optimizations performed
01-01 00:42:28.046   635   635 E ANDR-PERF-TARGET: Error: Invalid logical cluster id 0
01-01 00:42:28.047   635   635 E ANDR-PERF-MPCTL: invalid request, no optimizations performed
01-01 00:42:28.063   635   635 E ANDR-PERF-TARGET: Error: Invalid logical cluster id 0
01-01 00:42:28.063   635   635 E ANDR-PERF-MPCTL: invalid request, no optimizations performed
01-01 00:42:28.080   635   635 E ANDR-PERF-TARGET: Error: Invalid logical cluster id 0
01-01 00:42:28.080   635   635 E ANDR-PERF-MPCTL: invalid request, no optimizations performed
01-01 00:42:28.097   635   635 E ANDR-PERF-TARGET: Error: Invalid logical cluster id 0
01-01 00:42:28.097   635   635 E ANDR-PERF-MPCTL: invalid request, no optimizations performed
01-01 00:42:28.114   635   635 E ANDR-PERF-TARGET: Error: Invalid logical cluster id 0
01-01 00:42:28.114   635   635 E ANDR-PERF-MPCTL: invalid request, no optimizations performed
01-01 00:42:28.130   635   635 E ANDR-PERF-TARGET: Error: Invalid logical cluster id 0
01-01 00:42:28.130   635   635 E ANDR-PERF-MPCTL: invalid request, no optimizations performed
01-01 00:42:28.147   635   635 E ANDR-PERF-TARGET: Error: Invalid logical cluster id 0
01-01 00:42:28.147   635   635 E ANDR-PERF-MPCTL: invalid request, no optimizations performed
01-01 00:42:28.160   729   748 I sssv-lib: sendMsg enter
01-01 00:42:28.160   729   748 I sssv-lib: sendMsg complete.
01-01 00:42:28.163   635   635 E ANDR-PERF-TARGET: Error: Invalid logical cluster id 0
01-01 00:42:28.164   635   635 E ANDR-PERF-MPCTL: invalid request, no optimizations performed
01-01 00:42:28.180   635   635 E ANDR-PERF-TARGET: Error: Invalid logical cluster id 0
01-01 00:42:28.180   635   635 E ANDR-PERF-MPCTL: invalid request, no optimizations performed
01-01 00:42:28.197   635   635 E ANDR-PERF-TARGET: Error: Invalid logical cluster id 0
01-01 00:42:28.197   635   635 E ANDR-PERF-MPCTL: invalid request, no optimizations performed
01-01 00:42:28.213   635   635 E ANDR-PERF-TARGET: Error: Invalid logical cluster id 0
01-01 00:42:28.214   635   635 E ANDR-PERF-MPCTL: invalid request, no optimizations performed
01-01 00:42:28.230   635   635 E ANDR-PERF-TARGET: Error: Invalid logical cluster id 0
01-01 00:42:28.230   635   635 E ANDR-PERF-MPCTL: invalid request, no optimizations performed
01-01 00:42:28.247   635   635 E ANDR-PERF-TARGET: Error: Invalid logical cluster id 0
01-01 00:42:28.247   635   635 E ANDR-PERF-MPCTL: invalid request, no optimizations performed
01-01 00:42:28.264   635   635 E ANDR-PERF-TARGET: Error: Invalid logical cluster id 0
01-01 00:42:28.264   635   635 E ANDR-PERF-MPCTL: invalid request, no optimizations performed
01-01 00:42:28.280   635   635 E ANDR-PERF-TARGET: Error: Invalid logical cluster id 0
01-01 00:42:28.280   635   635 E ANDR-PERF-MPCTL: invalid request, no optimizations performed
01-01 00:42:28.297   635   635 E ANDR-PERF-TARGET: Error: Invalid logical cluster id 0
01-01 00:42:28.297   635   635 E ANDR-PERF-MPCTL: invalid request, no optimizations performed
01-01 00:42:28.314   635   635 E ANDR-PERF-TARGET: Error: Invalid logical cluster id 0
01-01 00:42:28.314   635   635 E ANDR-PERF-MPCTL: invalid request, no optimizations performed
01-01 00:42:28.330   635   635 E ANDR-PERF-TARGET: Error: Invalid logical cluster id 0
01-01 00:42:28.331   635   635 E ANDR-PERF-MPCTL: invalid request, no optimizations performed
01-01 00:42:28.347   635   635 E ANDR-PERF-TARGET: Error: Invalid logical cluster id 0
01-01 00:42:28.347   635   635 E ANDR-PERF-MPCTL: invalid request, no optimizations performed
01-01 00:42:28.364   635   635 E ANDR-PERF-TARGET: Error: Invalid logical cluster id 0
01-01 00:42:28.364   635   635 E ANDR-PERF-MPCTL: invalid request, no optimizations performed
01-01 00:42:28.381   635   635 E ANDR-PERF-TARGET: Error: Invalid logical cluster id 0
01-01 00:42:28.381   635   635 E ANDR-PERF-MPCTL: invalid request, no optimizations performed
01-01 00:42:28.397   635   635 E ANDR-PERF-TARGET: Error: Invalid logical cluster id 0
01-01 00:42:28.397   635   635 E ANDR-PERF-MPCTL: invalid request, no optimizations performed
01-01 00:42:28.414   635   635 E ANDR-PERF-TARGET: Error: Invalid logical cluster id 0
01-01 00:42:28.414   635   635 E ANDR-PERF-MPCTL: invalid request, no optimizations performed
01-01 00:42:28.431   635   635 E ANDR-PERF-TARGET: Error: Invalid logical cluster id 0
01-01 00:42:28.431   635   635 E ANDR-PERF-MPCTL: invalid request, no optimizations performed
01-01 00:42:28.439  3675 14026 I QueryController: Matched selector: UiSelector[SCROLLABLE=true] <<==>> [android.view.accessibility.AccessibilityNodeInfo@286bccd; boundsInParent: Rect(0, 0 - 1332, 889); boundsInScreen: Rect(305, 172 - 1637, 1061); packageName: com.panasonic.hmi2settings; className: android.widget.ScrollView; text: null; error: null; maxTextLength: -1; contentDescription: null; viewIdResName: com.panasonic.hmi2settings:id/scrollWifi; checkable: false; checked: false; focusable: true; focused: false; selected: false; clickable: false; longClickable: false; contextClickable: false; enabled: true; password: false; scrollable: true; importantForAccessibility: true; actions: [AccessibilityAction: ACTION_FOCUS - null, AccessibilityAction: ACTION_SELECT - null, AccessibilityAction: ACTION_CLEAR_SELECTION - null, AccessibilityAction: ACTION_ACCESSIBILITY_FOCUS - null, AccessibilityAction: ACTION_SCROLL_FORWARD - null, AccessibilityAction: ACTION_SHOW_ON_SCREEN - null]]
01-01 00:42:28.439  3675 14026 D UiScrollable: scrollToBegining() using vertical scroll
01-01 00:42:28.439  3675 14026 D InteractionController: scrollSwipe (971, 260, 971, 973, 55)
01-01 00:42:28.447   635   635 E ANDR-PERF-TARGET: Error: Invalid logical cluster id 0
01-01 00:42:28.447   635   635 E ANDR-PERF-MPCTL: invalid request, no optimizations performed
01-01 00:42:28.464   635   635 E ANDR-PERF-TARGET: Error: Invalid logical cluster id 0
01-01 00:42:28.464   635   635 E ANDR-PERF-MPCTL: invalid request, no optimizations performed
01-01 00:42:28.481   635   635 E ANDR-PERF-TARGET: Error: Invalid logical cluster id 0
01-01 00:42:28.481   635   635 E ANDR-PERF-MPCTL: invalid request, no optimizations performed
01-01 00:42:28.498   635   635 E ANDR-PERF-TARGET: Error: Invalid logical cluster id 0
01-01 00:42:28.498   635   635 E ANDR-PERF-MPCTL: invalid request, no optimizations performed
01-01 00:42:28.514   635   635 E ANDR-PERF-TARGET: Error: Invalid logical cluster id 0
01-01 00:42:28.514   635   635 E ANDR-PERF-MPCTL: invalid request, no optimizations performed
01-01 00:42:28.520  1933  1933 I LCMANDR : SWR_OOB_HV_MF_009|FUN=ResourceMonitoringService::movingMemoryAverage|2|Moving memory average :28.646408
01-01 00:42:28.520  1933  1933 W LCMANDR : SWR_OOB_HV_MF_009|FUN=ResourceMonitoringService::getCpuUsageStatistic|Moving MEM AVG :::::::::28.646408
01-01 00:42:28.521  1933  1933 W LCMANDR : SWR_OOB_HV_MF_009|FUN=ResourceMonitoringService::getCpuUsageStatistic|2|Total cpu usage :31.60855
01-01 00:42:28.521  1933  1933 I LCMANDR : SWR_OOB_HV_MF_009|FUN=ResourceMonitoringService::getCpuUsageStatistic|Cpu usage of core  0 is35.57047
01-01 00:42:28.522  1933  1933 I LCMANDR : SWR_OOB_HV_MF_009|FUN=ResourceMonitoringService::getCpuUsageStatistic|Cpu usage of core  1 is30.375427
01-01 00:42:28.522  1933  1933 I LCMANDR : SWR_OOB_HV_MF_009|FUN=ResourceMonitoringService::getCpuUsageStatistic|Cpu usage of core  2 is28.85906
01-01 00:42:28.522  1933  1933 I LCMANDR : ResourceMonitoringService::movingCpuAverage()
01-01 00:42:28.522  1933  1933 I LCMANDR : SWR_OOB_HV_MF_009|FUN=ResourceMonitoringService::movingCpuAverage|2|Moving window average of CPU 29.39677
01-01 00:42:28.522  1933  1933 I LCMANDR : SWR_OOB_HV_MF_009|FUN=ResourceMonitoringService::movingCpuAverage|2|Cpu moving average of core  0 is31.02329
01-01 00:42:28.522  1933  1933 I LCMANDR : SWR_OOB_HV_MF_009|FUN=ResourceMonitoringService::movingCpuAverage|2|Cpu moving average of core  1 is26.103642
01-01 00:42:28.522  1933  1933 I LCMANDR : SWR_OOB_HV_MF_009|FUN=ResourceMonitoringService::movingCpuAverage|2|Cpu moving average of core  2 is31.034168
01-01 00:42:28.522  1933  1933 D LCMANDR : SWR_OOB_HV_MF_009|FUN=ResourceMonitoringService::movingCpuAverage|2|Exiting VAL = 29.39677
01-01 00:42:28.531   635   635 E ANDR-PERF-TARGET: Error: Invalid logical cluster id 0
01-01 00:42:28.531   635   635 E ANDR-PERF-MPCTL: invalid request, no optimizations performed
01-01 00:42:28.548   635   635 E ANDR-PERF-TARGET: Error: Invalid logical cluster id 0
