01-01 00:18:59.173  1519  1519 I Main|HMI_Common.Fragments.SettingsFragments.SettingsBaseFragment: MBUX App Method: OnCreateView |Line No: 71 |Log Type: Information |Message: _islanguagechanged: False
01-01 00:18:59.178  1519  1519 I HomeScreen|HMI_Common.Activities.SettingsBaseActivity: MBUX App Method: HandleClimateControlsVisibility |Line No: 324 |Log Type: Information |Message: md59d95dbab71941e137ef724fbceda5f0e.SettingsBaseActivity@5c4a1c1 BaseActivity.statusLine HandleClimateControlsVisibility isViewVisible : False
01-01 00:18:59.178  1519  1519 I Media|HMI_Common.Activities.SettingsBaseActivity: MBUX App Method: HandleVisibilityForStatusLine |Line No: 496 |Log Type: Information |Message: BaseActivity, HandleVisibilityForStatusLine visibility : True Activity Name:md59d95dbab71941e137ef724fbceda5f0e.SettingsBaseActivity@5c4a1c1
01-01 00:18:59.180  1519  1519 V Activity: onResume md59d95dbab71941e137ef724fbceda5f0e.SettingsBaseActivity@5c4a1c1
01-01 00:18:59.182  1151  1550 D CompatibilityInfo: mCompatibilityFlags - 4
01-01 00:18:59.182  1151  1550 D CompatibilityInfo: applicationDensity - 240
01-01 00:18:59.182  1151  1550 D CompatibilityInfo: applicationScale - 1.0
01-01 00:18:59.183  1519  1519 D Activity: onStart: startService done
01-01 00:18:59.183  1519  1519 I HomeScreen|HMI_Common.Activities.SettingsBaseActivity: MBUX App Method: OnResume |Line No: 240 |Log Type: Information |Message: BaseActivity OnResume called
01-01 00:18:59.185  1519  1519 I VolumeControl|HMI_Common.HMIBackend.VolumeControl.VolumeControlBackend: MBUX App Method: GetEntertainmentVolumeGroupStatus |Line No: 215 |Log Type: Critical |Message: VolumeControlBackend GetEntertainmentVolumeGroupStatus() called VolumeControlApplication Instance ==  
01-01 00:18:59.185  1519  1519 I VolumeControl|HMI_Common.HMIBackend.VolumeControl.VolumeControlBackend: MBUX App Method: GetEntertainmentVolumeGroupStatus |Line No: 220 |Log Type: Critical |Message: VolumeControlBackend GetEntertainmentVolumeGroupStatus() ::: VolumeControlApplication Instance is Null - Volume Control Functionality will not work!!!!!!!
01-01 00:18:59.185  1519  1519 I VolumeControl|HMI_Common.Activities.SettingsBaseActivity: MBUX App Method: GetCurrentForegroundVolumeGroup |Line No: 1377 |Log Type: Critical |Message: VolumeControl GetCurrentForegroundVolumeGroup Called : VolumeControlBackend Instance = HMI_Common.HMIBackend.VolumeControl.VolumeControlBackend isEntertainmentInForeground = False
01-01 00:18:59.185  1519  1519 I BaseScreen|HMI_Common.Activities.SettingsBaseActivity: MBUX App Method: EnableAppropriateView |Line No: 810 |Log Type: Information |Message: BaseActivity EnableAppropriateView() Called  isViewEnabled = True desiredView = android.widget.ImageView{23595b9 VFED..C.. ......I. 0,0-0,0 #7f090561 app:id/VolumePanelImageView}
01-01 00:18:59.185  1519  1519 I VolumeControl|HMI_Common.Activities.SettingsBaseActivity: MBUX App Method: HandleSendToCabinAudioVisibility |Line No: 451 |Log Type: Information |Message: VolumeControl HandleSendToCabinAudioVisibility() Called
01-01 00:18:59.185  1519  1519 I VolumeControl|HMI_Common.Activities.SettingsBaseActivity: MBUX App Method: HandleSendToCabinAudioVisibility |Line No: 458 |Log Type: Information |Message: VolumeControl HandleSendToCabinAudioVisibility() isPlayerCurrentStreamingSource = False
01-01 00:18:59.185  1519  1519 I HomeScreen|HMI_Common.Activities.SettingsBaseActivity: MBUX App Method: HandleSendToCabinAudioVisibility |Line No: 479 |Log Type: Information |Message: VolumeControl handleSendToCabinAudioVisibility:TV or Tuner ready
01-01 00:18:59.186  1392  1392 W SYSTEM_UI: SWR_SYSTEM_UI_007|FUN=CollapsedStatusBarFragment::getAction |1|Broadcast action --> STATUS_UPDATE_ACTION
01-01 00:18:59.186  1392  1392 W SYSTEM_UI: SWR_SYSTEM_UI_007|FUN=CollapsedStatusBarFragment::getIntExtra |1|NotifySystemUpdates dataType --> 100
01-01 00:18:59.186  1392  1392 W SYSTEM_UI: SWR_SYSTEM_UI_006|FUN=CollapsedStatusBarFragment::NotifySystemUpdates | onReceive --> |1|TOP ACTIVITY CHANGED | package --> com.daimler.rse.ntg6 | class --> md59d95dbab71941e137ef724fbceda5f0e.SettingsBaseActivity
01-01 00:18:59.186  1392  1392 W SYSTEM_UI - CI07.3: className -> CollapsedStatusBarFragment | functionName -> NotifySystemUpdates | onReceive -->  | value -> TOP ACTIVITY CHANGED | package --> com.daimler.rse.ntg6 | class --> md59d95dbab71941e137ef724fbceda5f0e.SettingsBaseActivity
01-01 00:18:59.186  1519  1519 I VolumeControl|HMI_Common.Activities.SettingsBaseActivity: MBUX App Method: UpdateSendToCabinAudioIcon |Line No: 206 |Log Type: Critical |Message: VolumeControl InitializeSendToCabinAudioFalse
01-01 00:18:59.187  1519  1519 I VolumeControl|HMI_Common.HMIBackend.VolumeControl.VolumeControlBackend: MBUX App Method: GetMuteStates |Line No: 194 |Log Type: Critical |Message: VolumeControlBackend GetMuteStates() called CabinAudioMuteStatus == False
01-01 00:18:59.188  1519  1519 I Connectivity_AIDL|HMI_Common.RsePlatformInterface.ParentalControlImpl: MBUX App Method: UnSubscribeToParentalControlEvents |Line No: 121 |Log Type: Information |Message: UnSubscribeToParentalControlEvents = 
01-01 00:18:59.188  1519  1519 I Connectivity_AIDL|HMI_Common.RsePlatformInterface.ParentalControlImpl: MBUX App Method: .ctor |Line No: 32 |Log Type: Critical |Message: ParentalControlImpl Constructor
01-01 00:18:59.188  1519  1519 I Connectivity_AIDL|HMI_Common.RsePlatformInterface.ParentalControlImpl: MBUX App Method: GetParentalControlApplication |Line No: 89 |Log Type: Critical |Message: GetParentalControlApplication : 
01-01 00:18:59.188  1519  1519 I Connectivity_AIDL|HMI_Common.RsePlatformInterface.ParentalControlImpl: MBUX App Method: SubscribeToParentalControlEvents |Line No: 96 |Log Type: Information |Message: SubscribeToParentalControlEvents isDemoMode = True
01-01 00:18:59.188  1519  1519 I HomeScreen|HMI_Common.Activities.SettingsBaseActivity: MBUX App Method: UpdateNavigationETAInfo |Line No: 113 |Log Type: Critical |Message: UpdateNavigationETAInfo, subtitle text : 
01-01 00:18:59.188  1519  1519 I HomeScreen|HMI_Common.Activities.SettingsBaseActivity: MBUX App Method: IsETAInfoToBeDisplayed |Line No: 128 |Log Type: Information |Message: Navigation, IsETAInfoToBeDisplayed etaInfoText: 
01-01 00:18:59.192  1519  1519 I TelephonyRse|HMI_Common.Activities.SettingsBaseActivity: MBUX App Method: HandlestatusLineNetworkSignalStrength |Line No: 944 |Log Type: Information |Message: BaseActivity StatusLine:HandlestatusLineNetworkSignalStrength deviceList size :
01-01 00:18:59.192  1519  1519 I TelephonyRse|HMI_Common.Activities.SettingsBaseActivity: MBUX App Method: HandlestatusLineNetworkSignalStrength |Line No: 966 |Log Type: Information |Message: BaseActivity StatusLine:HandlestatusLineNetworkSignalStrength deviceList size empty:
01-01 00:18:59.193  1519  1519 I TelephonyRse|HMI_Common.Activities.SettingsBaseActivity: MBUX App Method: HandlestatusLinePhoneBatteryLevelVisibility |Line No: 1063 |Log Type: Information |Message: BaseActivity StatusLine:HandlestatusLinePhoneBatteryLevelVisibility deviceList size :
01-01 00:18:59.193  1519  1519 I TelephonyRse|HMI_Common.Activities.SettingsBaseActivity: MBUX App Method: HandlestatusLinePhoneBatteryLevelVisibility |Line No: 1086 |Log Type: Information |Message: BaseActivity StatusLine:HandlestatusLineNetworkSignalStrength deviceList size empty:
01-01 00:18:59.198  1151  1550 D WindowManager: addToDisplay >>> FLAG_FULLSCREEN set in WindowManager.LayoutParams
01-01 00:18:59.198  1151  1550 D WindowManager: startStatusReceiverServiceOnFlagSet: creating intent for action ACTION_ACTIVITY_FULLSCREEN
01-01 00:18:59.199  1151  1550 W ContextImpl: Calling a method in the system process without a qualified user: android.app.ContextImpl.startService:1476 com.android.server.wm.Session.startStatusReceiverServiceOnFlagSet:762 com.android.server.wm.Session.addToDisplay:214 android.view.IWindowSession$Stub.onTransact:124 com.android.server.wm.Session.onTransact:166 
01-01 00:18:59.200  1151  1550 D CompatibilityInfo: mCompatibilityFlags - 4
01-01 00:18:59.200  1151  1550 D CompatibilityInfo: applicationDensity - 240
01-01 00:18:59.200  1151  1550 D CompatibilityInfo: applicationScale - 1.0
01-01 00:18:59.200  1151  1550 D WindowManager: startStatusReceiverServiceOnFlagSet: startService done
01-01 00:18:59.207  1392  1392 W SYSTEM_UI: SWR_SYSTEM_UI_007|FUN=CollapsedStatusBarFragment::getAction |1|Broadcast action --> STATUS_UPDATE_ACTION
01-01 00:18:59.207  1392  1392 W SYSTEM_UI: SWR_SYSTEM_UI_007|FUN=CollapsedStatusBarFragment::getIntExtra |1|NotifySystemUpdates dataType --> 101
01-01 00:18:59.207  1392  1392 W SYSTEM_UI - CI07.3: className -> CollapsedStatusBarFragment | functionName -> NotifySystemUpdates | onReceive -->  | value -> FULLSCREEN MODE CHANGED | isFullScreenStatus --> true | fullScreenPackage -->com.daimler.rse.ntg6 | fullscreenLastShownPackage -->null | topActivityPackage --> com.daimler.rse.ntg6
01-01 00:18:59.207  1392  1392 W SYSTEM_UI - CI07.3: className -> CollapsedStatusBarFragment | functionName -> NotifySystemUpdates | onReceive -->  | value -> Fullscreen mode changed --> path 1
01-01 00:18:59.208  1392  1392 W SYSTEM_UI - CI07.3: className -> CollapsedStatusBarFragment | functionName -> NotifySystemUpdates | onReceive -->  | value -> Fullscreen mode changed --> path 3
01-01 00:18:59.213  1151  1550 D WindowManager: relayout packageName=com.daimler.rse.ntg6::session=Session{6485514 1519:u0a10027}::window=android.view.IWindow$Stub$Proxy@95728d::attrs.flags=81810500
01-01 00:18:59.213  1151  1550 D WindowManager: relayout >>> FLAG_FULLSCREEN set in WindowManager.LayoutParams
01-01 00:18:59.213  1151  1550 D WindowManager: startStatusReceiverServiceOnFlagSet: creating intent for action ACTION_ACTIVITY_FULLSCREEN
01-01 00:18:59.213  1151  1550 W ContextImpl: Calling a method in the system process without a qualified user: android.app.ContextImpl.startService:1476 com.android.server.wm.Session.startStatusReceiverServiceOnFlagSet:762 com.android.server.wm.Session.relayout:273 android.view.IWindowSession$Stub.onTransact:286 com.android.server.wm.Session.onTransact:166 
01-01 00:18:59.214  1151  1550 D CompatibilityInfo: mCompatibilityFlags - 4
01-01 00:18:59.214  1151  1550 D CompatibilityInfo: applicationDensity - 240
01-01 00:18:59.214  1151  1550 D CompatibilityInfo: applicationScale - 1.0
01-01 00:18:59.215  1151  1550 D WindowManager: startStatusReceiverServiceOnFlagSet: startService done
01-01 00:18:59.216  1392  1392 W SYSTEM_UI: SWR_SYSTEM_UI_007|FUN=CollapsedStatusBarFragment::getAction |1|Broadcast action --> STATUS_UPDATE_ACTION
01-01 00:18:59.216  1392  1392 W SYSTEM_UI: SWR_SYSTEM_UI_007|FUN=CollapsedStatusBarFragment::getIntExtra |1|NotifySystemUpdates dataType --> 101
01-01 00:18:59.216  1392  1392 W SYSTEM_UI - CI07.3: className -> CollapsedStatusBarFragment | functionName -> NotifySystemUpdates | onReceive -->  | value -> FULLSCREEN MODE CHANGED | isFullScreenStatus --> true | fullScreenPackage -->com.daimler.rse.ntg6 | fullscreenLastShownPackage -->null | topActivityPackage --> com.daimler.rse.ntg6
01-01 00:18:59.216  1392  1392 W SYSTEM_UI - CI07.3: className -> CollapsedStatusBarFragment | functionName -> NotifySystemUpdates | onReceive -->  | value -> Fullscreen mode changed --> path 1
01-01 00:18:59.217  1392  1392 W SYSTEM_UI - CI07.3: className -> CollapsedStatusBarFragment | functionName -> NotifySystemUpdates | onReceive -->  | value -> Fullscreen mode changed --> path 3
01-01 00:18:59.251  1392  1896 D CommandQueue: animate_trace: appTransitionStarting; duration=0;hardcoded forced=false to false
01-01 00:18:59.252  1392  1896 D CommandQueue: animate_trace: appTransitionFinished
01-01 00:18:59.255  1151  1192 I ActivityManager: Displayed com.daimler.rse.ntg6/md59d95dbab71941e137ef724fbceda5f0e.SettingsBaseActivity: +253ms
01-01 00:18:59.256  1151  1192 E ANDR-PERF-JNI: Iop tryGetService failed
01-01 00:18:59.266  1151  1550 D WindowManager: relayout packageName=com.daimler.rse.ntg6::session=Session{6485514 1519:u0a10027}::window=android.view.IWindow$Stub$Proxy@fa6b190::attrs.flags=null
01-01 00:18:59.266  1151  1550 D WindowManager: relayout >>> FLAG_FULLSCREEN not set in WindowManager.LayoutParams
01-01 00:18:59.266  1151  1550 D WindowManager: startStatusReceiverServiceOnFlagSet: creating intent for action ACTION_ACTIVITY_FULLSCREEN
01-01 00:18:59.267  1151  1550 W ContextImpl: Calling a method in the system process without a qualified user: android.app.ContextImpl.startService:1476 com.android.server.wm.Session.startStatusReceiverServiceOnFlagSet:762 com.android.server.wm.Session.relayout:276 android.view.IWindowSession$Stub.onTransact:286 com.android.server.wm.Session.onTransact:166 
01-01 00:18:59.268  1151  1550 D CompatibilityInfo: mCompatibilityFlags - 4
01-01 00:18:59.268  1151  1550 D CompatibilityInfo: applicationDensity - 240
01-01 00:18:59.268  1151  1550 D CompatibilityInfo: applicationScale - 1.0
01-01 00:18:59.268  1151  1550 D WindowManager: startStatusReceiverServiceOnFlagSet: startService done
01-01 00:18:59.271  1392  1392 W SYSTEM_UI: SWR_SYSTEM_UI_007|FUN=CollapsedStatusBarFragment::getAction |1|Broadcast action --> STATUS_UPDATE_ACTION
01-01 00:18:59.271  1392  1392 W SYSTEM_UI: SWR_SYSTEM_UI_007|FUN=CollapsedStatusBarFragment::getIntExtra |1|NotifySystemUpdates dataType --> 101
01-01 00:18:59.271  1392  1392 W SYSTEM_UI - CI07.3: className -> CollapsedStatusBarFragment | functionName -> NotifySystemUpdates | onReceive -->  | value -> FULLSCREEN MODE CHANGED | isFullScreenStatus --> false | fullScreenPackage -->com.daimler.rse.ntg6 | fullscreenLastShownPackage -->null | topActivityPackage --> com.daimler.rse.ntg6
01-01 00:18:59.271  1392  1392 W SYSTEM_UI - CI07.3: className -> CollapsedStatusBarFragment | functionName -> NotifySystemUpdates | onReceive -->  | value -> Fullscreen mode changed --> path 5
01-01 00:18:59.279  1151  1550 D ActivityTrigger: ActivityTrigger activityStopTrigger 
01-01 00:18:59.280  1519  1519 V Activity: back_button: onSaveInstanceState entry:md59d95dbab71941e137ef724fbceda5f0e.MainOverlayActivity@bc363e0
01-01 00:18:59.282  1519  1519 V Activity: onSaveInstanceState md59d95dbab71941e137ef724fbceda5f0e.MainOverlayActivity@bc363e0: Bundle[{android:viewHierarchyState=Bundle[{android:views={16908290=android.view.AbsSavedState$1@4f57e89, 2131296420=android.view.AbsSavedState$1@4f57e89, 2131296421=android.widget.ProgressBar$SavedState@4fda7d0, 2131296422=android.view.AbsSavedState$1@4f57e89, 2131296424=android.view.AbsSavedState$1@4f57e89, 2131296425=android.view.AbsSavedState$1@4f57e89, 2131296426=FragmentPager.SavedState{40203c9 position=6}, 2131296427=android.view.AbsSavedState$1@4f57e89, 2131296649=android.view.AbsSavedState$1@4f57e89, 2131296650=android.view.AbsSavedState$1@4f57e89, 2131296651=android.view.AbsSavedState$1@4f57e89, 2131296652=android.view.AbsSavedState$1@4f57e89, 2131296653=android.view.AbsSavedState$1@4f57e89, 2131296654=CompoundButton.SavedState{8790ace checked=true}, 2131296940=android.view.AbsSavedState$1@4f57e89, 2131296941=android.view.AbsSavedState$1@4f57e89, 2131296942=android.view.AbsSavedState$1@4f57e89, 2131296943=android.view.AbsSavedState$1@4f57e89, 2131297117=android.view.AbsSavedState$1@4f57e89, 2131297185=android.view.AbsSavedState$1@4f57e89, 2131297186=android.view.AbsSavedState$1@4f57e89, 2131297187=android.view.AbsSavedState$1@4f57e89, 2131297188=android.view.AbsSavedState$1@4f57e89, 2131297298=android.view.AbsSavedState$1@4f57e89, 2131297299=android.view.AbsSavedState$1@4f57e89, 2131297303=android.view.AbsSavedState$1@4f57e89, 2131297304=android.view.AbsSavedState$1@4f57e89, 2131297338=android.view.AbsSavedState$1@4f57e89, 2131297339=android.view.AbsSavedState$1@4f57e89, 2131297340=android.view.AbsSavedState$1@4f57e89, 2131297341=android.view.AbsSavedState$1@4f57e89, 2131297447=android.view.AbsSavedState$1@4f57e89, 2131297456=android.view.AbsSavedState$1@4f57e89, 2131297457=android.view.AbsSavedState$1@4f57e89, 2131297458=android.view.AbsSavedState$1@4f57e89, 2131297459=android.view.AbsSavedState$1@4f57e89, 2131297460=android.view.AbsSavedState$1@4f57e89, 2131297461=android.view.AbsSavedState$1@4f57e89, 2131297462=android.view.AbsSavedState$1@4f57e89, 2131297463=android.view.AbsSavedState$1@4f57e89, 2131297464=android.view.AbsSavedState$1@4f57e89, 2131297465=android.view.AbsSavedState$1@4f57e89, 2131297466=android.view.AbsSavedState$1@4f57e89, 2131297467=android.view.AbsSavedState$1@4f57e89, 2131297468=android.view.AbsSavedState$1@4f57e89, 2131297469=android.view.AbsSavedState$1@4f57e89, 2131297551=android.view.AbsSavedState$1@4f57e89, 2131297617=android.view.AbsSavedState$1@4f57e89, 2131297618=android.view.AbsSavedState$1@4f57e89, 2131297619=android.view.AbsSavedState$1@4f57e89, 2131297620=android.widget.ProgressBar$SavedState@6288def, 2131297621=android.view.AbsSavedState$1@4f57e89, 2131297622=android.view.AbsSavedState$1@4f57e89, 2131297623=android.widget.ProgressBar$SavedState@5d70fc, 2131297624=android.view.AbsSavedState$1@4f57e89, 2131297625=android.view.AbsSavedState$1@4f57e89, 2131297626=android.view.AbsSavedState$1@4f57e89, 2131297627=android.view.AbsSavedState$1@4f57e89, 2131297633=android.view.AbsSavedState$1@4f57e89}, android:focusedViewId=2131296426}], remote=false, android:support:fragments=android.support.v4.app.FragmentManagerState@f1e1385, check=true, media=true, tuner=true, android:lastAutofillId=1073741824, android:fragments=android.app.FragmentManagerState@79f05da}]
01-01 00:18:59.283  1519  1519 I HomeScreen|HMI_Common.Activities.MainOverlayActivity: MBUX App Method: OnStop |Line No: 345 |Log Type: Information |Message: OnStop() BaseActivity
01-01 00:18:59.283  1519  1519 V Activity: onStop md59d95dbab71941e137ef724fbceda5f0e.MainOverlayActivity@bc363e0
01-01 00:18:59.544  1933  1933 I LCMANDR : SWR_OOB_HV_MF_009|FUN=ResourceMonitoringService::movingMemoryAverage|2|Moving memory average :27.859858
01-01 00:18:59.544  1933  1933 W LCMANDR : SWR_OOB_HV_MF_009|FUN=ResourceMonitoringService::getCpuUsageStatistic|Moving MEM AVG :::::::::27.859858
01-01 00:18:59.545  1933  1933 W LCMANDR : SWR_OOB_HV_MF_009|FUN=ResourceMonitoringService::getCpuUsageStatistic|2|Total cpu usage :40.782124
01-01 00:18:59.545  1933  1933 I LCMANDR : SWR_OOB_HV_MF_009|FUN=ResourceMonitoringService::getCpuUsageStatistic|Cpu usage of core  0 is39.799328
01-01 00:18:59.545  1933  1933 I LCMANDR : SWR_OOB_HV_MF_009|FUN=ResourceMonitoringService::getCpuUsageStatistic|Cpu usage of core  1 is34.57627
01-01 00:18:59.545  1933  1933 I LCMANDR : SWR_OOB_HV_MF_009|FUN=ResourceMonitoringService::getCpuUsageStatistic|Cpu usage of core  2 is47.840534
01-01 00:18:59.545  1933  1933 I LCMANDR : ResourceMonitoringService::movingCpuAverage()
01-01 00:18:59.546  1933  1933 I LCMANDR : SWR_OOB_HV_MF_009|FUN=ResourceMonitoringService::movingCpuAverage|2|Moving window average of CPU 26.265259
01-01 00:18:59.546  1933  1933 I LCMANDR : SWR_OOB_HV_MF_009|FUN=ResourceMonitoringService::movingCpuAverage|2|Cpu moving average of core  0 is27.477264
01-01 00:18:59.546  1933  1933 I LCMANDR : SWR_OOB_HV_MF_009|FUN=ResourceMonitoringService::movingCpuAverage|2|Cpu moving average of core  1 is24.341854
01-01 00:18:59.546  1933  1933 I LCMANDR : SWR_OOB_HV_MF_009|FUN=ResourceMonitoringService::movingCpuAverage|2|Cpu moving average of core  2 is26.995275
01-01 00:18:59.546  1933  1933 D LCMANDR : SWR_OOB_HV_MF_009|FUN=ResourceMonitoringService::movingCpuAverage|2|Exiting VAL = 26.265259
01-01 00:18:59.584   729   748 I sssv-lib: sendMsg enter
01-01 00:18:59.585   729   748 I sssv-lib: sendMsg complete.
01-01 00:18:59.984  3675  8067 D UIAutomatorStub: URI: /jsonrpc/0, Method: POST, Header: {content-length=173, remote-addr=127.0.0.1, http-client-ip=127.0.0.1, host=localhost:9009, content-type=application/json, connection=close, accept-encoding=identity, user-agent=Python-urllib/2.7}, params, {NanoHttpd.QUERY_STRING=null}, files: {postData={"params": [{"childOrSiblingSelector": [], "text": "WI-FI", "mask": 1, "childOrSibling": []}], "jsonrpc": "2.0", "method": "exist", "id": "404161b36baaf6a1c30df1e376aefef7"}}
01-01 00:19:00.002  1392  1392 D KeyguardUpdateMonitor: received broadcast android.intent.action.TIME_TICK
01-01 00:19:00.004  1392  1392 D KeyguardUpdateMonitor: handleTimeUpdate
01-01 00:19:00.007  3675  8068 D UIAutomatorStub: URI: /jsonrpc/0, Method: POST, Header: {content-length=173, remote-addr=127.0.0.1, http-client-ip=127.0.0.1, host=localhost:9009, content-type=application/json, connection=close, accept-encoding=identity, user-agent=Python-urllib/2.7}, params, {NanoHttpd.QUERY_STRING=null}, files: {postData={"params": [{"childOrSiblingSelector": [], "text": "WI-FI", "mask": 1, "childOrSibling": []}], "jsonrpc": "2.0", "method": "click", "id": "a268ff50fa52eaef02ae01fc0fc949f9"}}
01-01 00:19:00.010  1392  1392 D PhoneStatusBarView: status_line: onPanelCollapsed
01-01 00:19:00.016  1392  1392 W SYSTEM_UI: SWR_SYSTEM_UI_008|FUN=CollapsedStatusBarFragment::AndroidEventReceiver | getAction |1|Broadcast action:android.intent.action.TIME_TICK received
01-01 00:19:00.016  1392  1392 W SYSTEM_UI - CI07.3: className -> CollapsedStatusBarFragment | functionName -> setTime | value -> Setting the time to textView
01-01 00:19:00.016  1392  1392 W SYSTEM_UI: SWR_SYSTEM_UI_008|FUN=CollapsedStatusBarFragment::getTime |1|Get current time.
01-01 00:19:00.426  2054  2054 E         : 
01-01 00:19:00.426  2054  2054 E         : Buffer Size = 1048576
01-01 00:19:00.450  2054  2054 E         : 
01-01 00:19:00.450  2054  2054 E         : 
01-01 00:19:00.450  2054  2054 E         : <6>[  796.181464] dhd_prot_flow_ring_create: Send Flow Create Req flow ID 40 for peer ff:ff:ff:ff:ff:ff prio 0 ifindex 0
01-01 00:19:00.450  2054  2054 E         : <6>[  796.181619] dhd_prot_flow_ring_create_response_process: Flow Create Response status = 0 Flow 40
01-01 00:19:00.450  2054  2054 E         : <6>[  796.192477] QSEECOM: scm_call_qcpe:429 : IN: 0x42000d0a, 0x3, 0x0, 0x3bad, 0x79c, 0x0, 0x0
01-01 00:19:00.450  2054  2054 E         : <6>[  796.193570] DHCP[wlan0] - OFFER [RX]
01-01 00:19:00.450  2054  2054 E         : <6>[  796.194196] QSEECOM: scm_call_qcpe:503 : OUT: 0x0, 0x0, 0x0, 0x0
01-01 00:19:00.450  2054  2054 E         : <6>[  796.195398] DHCP[wlan0] - REQUEST [TX]
01-01 00:19:00.450  2054  2054 E         : <6>[  796.207195] DHCP[wlan0] - ACK [RX]
01-01 00:19:00.450  2054  2054 E         : <6>[  796.209677] QSEECOM: scm_call_qcpe:429 : IN: 0x42000d0a, 0x3, 0x0, 0x4335, 0x79e, 0x0, 0x0
01-01 00:19:00.450  2054  2054 E         : <6>[  796.211686] QSEECOM: scm_call_qcpe:503 : OUT: 0x0, 0x0, 0x0, 0x0
01-01 00:19:00.450  2054  2054 E         : <6>[  796.228623] QSEECOM: scm_call_qcpe:429 : IN: 0x42000d0a, 0x3, 0x0, 0x4a00, 0x7bc, 0x0, 0x0
01-01 00:19:00.450  2054  2054 E         : <6>[  796.232401] QSEECOM: scm_call_qcpe:503 : OUT: 0x0, 0x0, 0x0, 0x0
01-01 00:19:00.450  2054  2054 E         : <6>[  796.247368] QSEECOM: scm_call_qcpe:429 : IN: 0x42000d0a, 0x3, 0x0, 0x4933, 0x7af, 0x0, 0x0
01-01 00:19:00.450  2054  2054 E         : <6>[  796.250979] QSEECOM: scm_call_qcpe:503 : OUT: 0x0, 0x0, 0x0, 0
01-01 00:19:00.453  2054  2054 E         : USB Hub Detector 1.0
01-01 00:19:00.533  1519  1519 I Connectivity_AIDL|HMI_Common.Fragments.SettingsFragments.SettingsBaseFragment: MBUX App Method: LinkOutWifiSettings |Line No: 331 |Log Type: Information |Message: in::LinkOutWifiSettings()
01-01 00:19:00.534  1151  2263 I ActivityManager: START u0 {act=android.intent.action.MAIN cmp=com.panasonic.hmi2settings/.activity.WifiManagerActivity} from uid 10027
01-01 00:19:00.535  1151  2263 W ActivityManager: startActivity called from non-Activity context; forcing Intent.FLAG_ACTIVITY_NEW_TASK for: Intent { act=android.intent.action.MAIN cmp=com.panasonic.hmi2settings/.activity.WifiManagerActivity }
01-01 00:19:00.538  1151  2263 D ActivityTrigger: activityResumeTrigger: The activity in ApplicationInfo{5e1ff91 com.panasonic.hmi2settings} is now in focus and seems to be in full-screen mode
01-01 00:19:00.538  1151  2263 E ActivityTrigger: activityResumeTrigger: not whiteListedcom.panasonic.hmi2settings/com.panasonic.hmi2settings.activity.WifiManagerActivity/27
01-01 00:19:00.538  1151  2263 D ActivityTrigger: ActivityTrigger activityPauseTrigger 
01-01 00:19:00.539  1151  2263 D CompatibilityInfo: mCompatibilityFlags - 4
01-01 00:19:00.539  1151  2263 D CompatibilityInfo: applicationDensity - 240
01-01 00:19:00.540  1151  2263 D CompatibilityInfo: applicationScale - 1.0
01-01 00:19:00.540  1151  2263 D ActivityTrigger: activityResumeTrigger: The activity in ApplicationInfo{5e1ff91 com.panasonic.hmi2settings} is now in focus and seems to be in full-screen mode
01-01 00:19:00.540  1151  2263 E ActivityTrigger: activityResumeTrigger: not whiteListedcom.panasonic.hmi2settings/com.panasonic.hmi2settings.activity.WifiManagerActivity/27
01-01 00:19:00.545  1519  1519 V Activity: onPause md59d95dbab71941e137ef724fbceda5f0e.SettingsBaseActivity@5c4a1c1
01-01 00:19:00.550  1151  1539 D ActivityTrigger: activityResumeTrigger: The activity in ApplicationInfo{5e1ff91 com.panasonic.hmi2settings} is now in focus and seems to be in full-screen mode
01-01 00:19:00.550  1151  1539 E ActivityTrigger: activityResumeTrigger: not whiteListedcom.panasonic.hmi2settings/com.panasonic.hmi2settings.activity.WifiManagerActivity/27
01-01 00:19:00.552  3675  8069 D UIAutomatorStub: URI: /jsonrpc/0, Method: POST, Header: {content-length=187, remote-addr=127.0.0.1, http-client-ip=127.0.0.1, host=localhost:9009, content-type=application/json, connection=close, accept-encoding=identity, user-agent=Python-urllib/2.7}, params, {NanoHttpd.QUERY_STRING=null}, files: {postData={"params": [{"childOrSiblingSelector": [], "text": "Internet settings", "mask": 1, "childOrSibling": []}], "jsonrpc": "2.0", "method": "objInfo", "id": "a5a5467c3e8aaf2b688358d6d760b86f"}}
01-01 00:19:00.563  1151  2263 D WindowManager: relayout packageName=com.panasonic.hmi2settings::session=Session{c47ecfc 3739:1000}::window=android.view.IWindow$Stub$Proxy@59572af::attrs.flags=null
01-01 00:19:00.564  1151  2263 D WindowManager: relayout >>> FLAG_FULLSCREEN not set in WindowManager.LayoutParams
01-01 00:19:00.564  1151  2263 D WindowManager: startStatusReceiverServiceOnFlagSet: creating intent for action ACTION_ACTIVITY_FULLSCREEN
01-01 00:19:00.564  1151  2263 W ContextImpl: Calling a method in the system process without a qualified user: android.app.ContextImpl.startService:1476 com.android.server.wm.Session.startStatusReceiverServiceOnFlagSet:762 com.android.server.wm.Session.relayout:276 android.view.IWindowSession$Stub.onTransact:286 com.android.server.wm.Session.onTransact:166 
01-01 00:19:00.571  1519  1519 V Activity: onTrimMemory md59d95dbab71941e137ef724fbceda5f0e.SettingsBaseActivity@5c4a1c1: 20
01-01 00:19:00.571  1519  1519 V Activity: onTrimMemory md59d95dbab71941e137ef724fbceda5f0e.MainOverlayActivity@bc363e0: 20
01-01 00:19:00.571  1519  1519 V Activity: onTrimMemory com.daimler.rse.ntg6.StartUpActivity@6d639f8: 20
01-01 00:19:00.572  1151  2263 D CompatibilityInfo: mCompatibilityFlags - 4
01-01 00:19:00.572  1151  2263 D CompatibilityInfo: applicationDensity - 240
01-01 00:19:00.572  1151  2263 D CompatibilityInfo: applicationScale - 1.0
01-01 00:19:00.572  1151  2263 D WindowManager: startStatusReceiverServiceOnFlagSet: startService done
01-01 00:19:00.578  3739  3739 V Activity: onStart com.panasonic.hmi2settings.activity.WifiManagerActivity@200cf74
01-01 00:19:00.578  3739  3739 V Activity: onResume com.panasonic.hmi2settings.activity.WifiManagerActivity@200cf74
01-01 00:19:00.585  3739  3739 W ContextImpl: Calling a method in the system process without a qualified user: android.app.ContextImpl.startService:1476 android.content.ContextWrapper.startService:650 android.app.Activity.onResume:1329 android.support.v4.app.FragmentActivity.onResume:451 com.panasonic.hmi2settings.activity.BaseActivity.onResume:65 
01-01 00:19:00.585  1392  1392 W SYSTEM_UI: SWR_SYSTEM_UI_007|FUN=CollapsedStatusBarFragment::getAction |1|Broadcast action --> STATUS_UPDATE_ACTION
01-01 00:19:00.585  1392  1392 W SYSTEM_UI: SWR_SYSTEM_UI_007|FUN=CollapsedStatusBarFragment::getIntExtra |1|NotifySystemUpdates dataType --> 101
01-01 00:19:00.585  1392  1392 W SYSTEM_UI - CI07.3: className -> CollapsedStatusBarFragment | functionName -> NotifySystemUpdates | onReceive -->  | value -> FULLSCREEN MODE CHANGED | isFullScreenStatus --> false | fullScreenPackage -->com.panasonic.hmi2settings | fullscreenLastShownPackage -->null | topActivityPackage --> com.daimler.rse.ntg6
01-01 00:19:00.585  1392  1392 W SYSTEM_UI - CI07.3: className -> CollapsedStatusBarFragment | functionName -> NotifySystemUpdates | onReceive -->  | value -> Fullscreen mode changed --> path 0
01-01 00:19:00.586   729   748 I sssv-lib: sendMsg enter
01-01 00:19:00.586   729   748 I sssv-lib: sendMsg complete.
01-01 00:19:00.588  3739  3739 D Activity: onStart: startService done
01-01 00:19:00.588  3739  3739 W HMI2-SETTINGS - CI08.4: className -> BaseActivity | functionName -> onResume | value -> onResume
01-01 00:19:00.589  3739  3739 W HMI2-SETTINGS - CI08.4: className -> BaseActivity | functionName -> registerIntentFilter | value -> Register IntentFilter
01-01 00:19:00.590  3739  3739 W HMI2-SETTINGS - CI08.4: className -> WifiManagerActivity | functionName -> isWifiVariantsEnabled  | value -> entry
01-01 00:19:00.590  3739  3739 W HMI2-SETTINGS - CI08.4: className -> WifiManagerActivity | functionName -> isWifiVariantsEnabled  | value -> mainData ->TRUE|wifiData ->TRUE
01-01 00:19:00.591  1151  2263 I WifiService: getWifiEnabledState uid=1000
01-01 00:19:00.591  3739  3739 W HMI2-SETTINGS - CI08.4: className -> WifiManagerActivity | functionName -> handleConnectedNetworkVisibility | value -> WifiEnabled is true
01-01 00:19:00.591  3739  3739 W HMI2-SETTINGS: SWR_BAIDU_HMI_0014|FUN=WifiManagerActivity::handleWifiButtonStat|0|wifiStat::true
01-01 00:19:00.591  3739  3739 W HMI2-SETTINGS - CI08.4: className -> WifiManagerActivity | functionName -> handleSwitching | value -> WifiEnabled is true
01-01 00:19:00.594  1392  1392 W SYSTEM_UI: SWR_SYSTEM_UI_007|FUN=CollapsedStatusBarFragment::getAction |1|Broadcast action --> STATUS_UPDATE_ACTION
01-01 00:19:00.594  1392  1392 W SYSTEM_UI: SWR_SYSTEM_UI_007|FUN=CollapsedStatusBarFragment::getIntExtra |1|NotifySystemUpdates dataType --> 100
01-01 00:19:00.594  1392  1392 W SYSTEM_UI: SWR_SYSTEM_UI_006|FUN=CollapsedStatusBarFragment::NotifySystemUpdates | onReceive --> |1|TOP ACTIVITY CHANGED | package --> com.panasonic.hmi2settings | class --> com.panasonic.hmi2settings.activity.WifiManagerActivity
01-01 00:19:00.595  1392  1392 W SYSTEM_UI - CI07.3: className -> CollapsedStatusBarFragment | functionName -> NotifySystemUpdates | onReceive -->  | value -> TOP ACTIVITY CHANGED | package --> com.panasonic.hmi2settings | class --> com.panasonic.hmi2settings.activity.WifiManagerActivity
01-01 00:19:00.595  1151  2263 I WifiService: startScan uid=1000
01-01 00:19:00.596  3739  3739 W HMI2-SETTINGS: SWR_BAIDU_HMI_0020|FUN=WifiManagerActivity::onPause|0|handleWifiButtonStat::true
01-01 00:19:00.597  1151  1323 I WifiService: isScanAlwaysAvailable uid=1000
01-01 00:19:00.598  1151  1323 I WifiService: getWifiEnabledState uid=1000
01-01 00:19:00.598  1151  1539 D WindowManager: relayout packageName=com.panasonic.hmi2settings::session=Session{c47ecfc 3739:1000}::window=android.view.IWindow$Stub$Proxy@5d921c1::attrs.flags=1010300
01-01 00:19:00.598  1151  1539 D WindowManager: relayout >>> FLAG_FULLSCREEN not set in WindowManager.LayoutParams
01-01 00:19:00.598  1151  1539 D WindowManager: startStatusReceiverServiceOnFlagSet: creating intent for action ACTION_ACTIVITY_FULLSCREEN
01-01 00:19:00.598  1151  1539 W ContextImpl: Calling a method in the system process without a qualified user: android.app.ContextImpl.startService:1476 com.android.server.wm.Session.startStatusReceiverServiceOnFlagSet:762 com.android.server.wm.Session.relayout:276 android.view.IWindowSession$Stub.onTransact:286 com.android.server.wm.Session.onTransact:166 
01-01 00:19:00.599  1151  1539 D CompatibilityInfo: mCompatibilityFlags - 4
01-01 00:19:00.599  1151  1539 D CompatibilityInfo: applicationDensity - 240
01-01 00:19:00.601  1151  1539 D CompatibilityInfo: applicationScale - 1.0
01-01 00:19:00.604  1151  1539 D WindowManager: startStatusReceiverServiceOnFlagSet: startService done
01-01 00:19:00.613  3739  3759 I Adreno  : QUALCOMM build                   : 9d62f6f, I5487d0ba86
01-01 00:19:00.613  3739  3759 I Adreno  : Build Date                       : 12/04/18
01-01 00:19:00.613  3739  3759 I Adreno  : OpenGL ES Shader Compiler Version: EV031.23.07.00
01-01 00:19:00.613  3739  3759 I Adreno  : Local Branch                     : mybranche8f7aab8-e3d5-f199-b20b-5cb90179c3d8
01-01 00:19:00.613  3739  3759 I Adreno  : Remote Branch                    : quic/LA.HB.1.1.5_rb1.30
01-01 00:19:00.613  3739  3759 I Adreno  : Remote Branch                    : NONE
01-01 00:19:00.613  3739  3759 I Adreno  : Reconstruct Branch               : NOTHING
01-01 00:19:00.612  1392  1392 W SYSTEM_UI: SWR_SYSTEM_UI_007|FUN=CollapsedStatusBarFragment::getAction |1|Broadcast action --> STATUS_UPDATE_ACTION
01-01 00:19:00.616  1392  1392 W SYSTEM_UI: SWR_SYSTEM_UI_007|FUN=CollapsedStatusBarFragment::getIntExtra |1|NotifySystemUpdates dataType --> 101
01-01 00:19:00.616  1392  1392 W SYSTEM_UI - CI07.3: className -> CollapsedStatusBarFragment | functionName -> NotifySystemUpdates | onReceive -->  | value -> FULLSCREEN MODE CHANGED | isFullScreenStatus --> false | fullScreenPackage -->com.panasonic.hmi2settings | fullscreenLastShownPackage -->null | topActivityPackage --> com.panasonic.hmi2settings
01-01 00:19:00.616  1392  1392 W SYSTEM_UI - CI07.3: className -> CollapsedStatusBarFragment | functionName -> NotifySystemUpdates | onReceive -->  | value -> Fullscreen mode changed --> path 5
01-01 00:19:00.618  3739  3759 I Adreno  : PFP: 0x005ff110, ME: 0x005ff066
01-01 00:19:00.619  3739  3759 I com.panasonic.hmi2settings: android::hardware::configstore::V1_0::ISurfaceFlingerConfigs::hasWideColorDisplay retrieved: 0
01-01 00:19:00.620  3739  3759 I OpenGLRenderer: Initialized EGL, version 1.4
01-01 00:19:00.621  3739  3759 D OpenGLRenderer: Swap behavior 2
01-01 00:19:00.659  1392  1404 D CommandQueue: animate_trace: appTransitionStarting; duration=0;hardcoded forced=false to false
01-01 00:19:00.660  1392  1404 D CommandQueue: animate_trace: appTransitionFinished
01-01 00:19:00.672  1151  1179 D ActivityTrigger: ActivityTrigger activityStopTrigger 
01-01 00:19:00.675  1151  1550 D WindowManager: relayout packageName=com.daimler.rse.ntg6::session=Session{6485514 1519:u0a10027}::window=android.view.IWindow$Stub$Proxy@1a58843::attrs.flags=null
01-01 00:19:00.675  1151  1550 D WindowManager: relayout >>> FLAG_FULLSCREEN not set in WindowManager.LayoutParams
01-01 00:19:00.675  1151  1550 D WindowManager: startStatusReceiverServiceOnFlagSet: creating intent for action ACTION_ACTIVITY_FULLSCREEN
01-01 00:19:00.675  1151  1550 W ContextImpl: Calling a method in the system process without a qualified user: android.app.ContextImpl.startService:1476 com.android.server.wm.Session.startStatusReceiverServiceOnFlagSet:762 com.android.server.wm.Session.relayout:276 android.view.IWindowSession$Stub.onTransact:286 com.android.server.wm.Session.onTransact:166 
01-01 00:19:00.677  1151  1550 D CompatibilityInfo: mCompatibilityFlags - 4
01-01 00:19:00.677  1151  1550 D CompatibilityInfo: applicationDensity - 240
01-01 00:19:00.677  1151  1550 D CompatibilityInfo: applicationScale - 1.0
01-01 00:19:00.679  1151  1550 D WindowManager: startStatusReceiverServiceOnFlagSet: startService done
01-01 00:19:00.683  1392  1392 W SYSTEM_UI: SWR_SYSTEM_UI_007|FUN=CollapsedStatusBarFragment::getAction |1|Broadcast action --> STATUS_UPDATE_ACTION
01-01 00:19:00.683  1392  1392 W SYSTEM_UI: SWR_SYSTEM_UI_007|FUN=CollapsedStatusBarFragment::getIntExtra |1|NotifySystemUpdates dataType --> 101
01-01 00:19:00.683  1392  1392 W SYSTEM_UI - CI07.3: className -> CollapsedStatusBarFragment | functionName -> NotifySystemUpdates | onReceive -->  | value -> FULLSCREEN MODE CHANGED | isFullScreenStatus --> false | fullScreenPackage -->com.daimler.rse.ntg6 | fullscreenLastShownPackage -->null | topActivityPackage --> com.panasonic.hmi2settings
01-01 00:19:00.683  1392  1392 W SYSTEM_UI - CI07.3: className -> CollapsedStatusBarFragment | functionName -> NotifySystemUpdates | onReceive -->  | value -> Fullscreen mode changed --> path 0
01-01 00:19:00.685  1519  1519 V Activity: back_button: onSaveInstanceState entry:md59d95dbab71941e137ef724fbceda5f0e.SettingsBaseActivity@5c4a1c1
01-01 00:19:00.686  1519  1519 V Activity: onSaveInstanceState md59d95dbab71941e137ef724fbceda5f0e.SettingsBaseActivity@5c4a1c1: Bundle[{android:viewHierarchyState=Bundle[{android:views={16908290=android.view.AbsSavedState$1@4f57e89, 2131296420=android.view.AbsSavedState$1@4f57e89, 2131296421=android.widget.ProgressBar$SavedState@2f2a500, 2131296422=android.view.AbsSavedState$1@4f57e89, 2131296424=android.view.AbsSavedState$1@4f57e89, 2131296425=android.view.AbsSavedState$1@4f57e89, 2131296426=FragmentPager.SavedState{d967139 position=0}, 2131296427=android.view.AbsSavedState$1@4f57e89, 2131296649=android.view.AbsSavedState$1@4f57e89, 2131296650=android.view.AbsSavedState$1@4f57e89, 2131296651=android.view.AbsSavedState$1@4f57e89, 2131296652=android.view.AbsSavedState$1@4f57e89, 2131296653=android.view.AbsSavedState$1@4f57e89, 2131296654=CompoundButton.SavedState{aa3c37e checked=true}, 2131296940=android.view.AbsSavedState$1@4f57e89, 2131296941=android.view.AbsSavedState$1@4f57e89, 2131296942=android.view.AbsSavedState$1@4f57e89, 2131296943=android.view.AbsSavedState$1@4f57e89, 2131297117=android.view.AbsSavedState$1@4f57e89, 2131297185=android.view.AbsSavedState$1@4f57e89, 2131297186=android.view.AbsSavedState$1@4f57e89, 2131297187=android.view.AbsSavedState$1@4f57e89, 2131297188=android.view.AbsSavedState$1@4f57e89, 2131297298=android.view.AbsSavedState$1@4f57e89, 2131297299=android.view.AbsSavedState$1@4f57e89, 2131297303=android.view.AbsSavedState$1@4f57e89, 2131297304=android.view.AbsSavedState$1@4f57e89, 2131297338=android.view.AbsSavedState$1@4f57e89, 2131297339=android.view.AbsSavedState$1@4f57e89, 2131297340=android.view.AbsSavedState$1@4f57e89, 2131297341=android.view.AbsSavedState$1@4f57e89, 2131297447=android.view.AbsSavedState$1@4f57e89, 2131297456=android.view.AbsSavedState$1@4f57e89, 2131297457=android.view.AbsSavedState$1@4f57e89, 2131297458=android.view.AbsSavedState$1@4f57e89, 2131297459=android.view.AbsSavedState$1@4f57e89, 2131297460=android.view.AbsSavedState$1@4f57e89, 2131297461=android.view.AbsSavedState$1@4f57e89, 2131297462=android.view.AbsSavedState$1@4f57e89, 2131297463=android.view.AbsSavedState$1@4f57e89, 2131297464=android.view.AbsSavedState$1@4f57e89, 2131297465=android.view.AbsSavedState$1@4f57e89, 2131297466=android.view.AbsSavedState$1@4f57e89, 2131297467=android.view.AbsSavedState$1@4f57e89, 2131297468=android.view.AbsSavedState$1@4f57e89, 2131297469=android.view.AbsSavedState$1@4f57e89, 2131297551=android.view.AbsSavedState$1@4f57e89, 2131297617=android.view.AbsSavedState$1@4f57e89, 2131297618=android.view.AbsSavedState$1@4f57e89, 2131297619=android.view.AbsSavedState$1@4f57e89, 2131297620=android.widget.ProgressBar$SavedState@ebed0df, 2131297621=android.view.AbsSavedState$1@4f57e89, 2131297622=android.view.AbsSavedState$1@4f57e89, 2131297623=android.widget.ProgressBar$SavedState@65d112c, 2131297624=android.view.AbsSavedState$1@4f57e89, 2131297625=android.view.AbsSavedState$1@4f57e89, 2131297626=android.view.AbsSavedState$1@4f57e89, 2131297627=android.view.AbsSavedState$1@4f57e89, 2131297633=android.view.AbsSavedState$1@4f57e89}}], android:support:fragments=android.support.v4.app.FragmentManagerState@4e3e7f5, lang=false, android:lastAutofillId=1073741824, android:fragments=android.app.FragmentManagerState@234998a}]
01-01 00:19:00.687  1519  1519 I HomeScreen|HMI_Common.Activities.SettingsBaseActivity: MBUX App Method: OnStop |Line No: 345 |Log Type: Information |Message: OnStop() BaseActivity
01-01 00:19:00.687  1519  1519 V Activity: onStop md59d95dbab71941e137ef724fbceda5f0e.SettingsBaseActivity@5c4a1c1
01-01 00:19:00.698  1151  1550 D WindowManager: relayout packageName=com.daimler.rse.ntg6::session=Session{6485514 1519:u0a10027}::window=android.view.IWindow$Stub$Proxy@51f47f9::attrs.flags=81810500
01-01 00:19:00.698  1151  1550 D WindowManager: relayout >>> FLAG_FULLSCREEN set in WindowManager.LayoutParams
01-01 00:19:00.698  1151  1550 D WindowManager: startStatusReceiverServiceOnFlagSet: creating intent for action ACTION_ACTIVITY_FULLSCREEN
01-01 00:19:00.698  1151  1550 W ContextImpl: Calling a method in the system process without a qualified user: android.app.ContextImpl.startService:1476 com.android.server.wm.Session.startStatusReceiverServiceOnFlagSet:762 com.android.server.wm.Session.relayout:273 android.view.IWindowSession$Stub.onTransact:286 com.android.server.wm.Session.onTransact:166 
01-01 00:19:00.699  1151  1550 D CompatibilityInfo: mCompatibilityFlags - 4
01-01 00:19:00.699  1151  1550 D CompatibilityInfo: applicationDensity - 240
01-01 00:19:00.699  1151  1550 D CompatibilityInfo: applicationScale - 1.0
01-01 00:19:00.700  1151  1550 D WindowManager: startStatusReceiverServiceOnFlagSet: startService done
01-01 00:19:00.703  1392  1392 W SYSTEM_UI: SWR_SYSTEM_UI_007|FUN=CollapsedStatusBarFragment::getAction |1|Broadcast action --> STATUS_UPDATE_ACTION
01-01 00:19:00.703  1392  1392 W SYSTEM_UI: SWR_SYSTEM_UI_007|FUN=CollapsedStatusBarFragment::getIntExtra |1|NotifySystemUpdates dataType --> 101
01-01 00:19:00.703  1392  1392 W SYSTEM_UI - CI07.3: className -> CollapsedStatusBarFragment | functionName -> NotifySystemUpdates | onReceive -->  | value -> FULLSCREEN MODE CHANGED | isFullScreenStatus --> true | fullScreenPackage -->com.daimler.rse.ntg6 | fullscreenLastShownPackage -->null | topActivityPackage --> com.panasonic.hmi2settings
01-01 00:19:00.703  1392  1392 W SYSTEM_UI - CI07.3: className -> CollapsedStatusBarFragment | functionName -> NotifySystemUpdates | onReceive -->  | value -> Fullscreen mode changed --> path 0
01-01 00:19:01.320  3675  8077 D UIAutomatorStub: URI: /jsonrpc/0, Method: POST, Header: {content-length=187, remote-addr=127.0.0.1, http-client-ip=127.0.0.1, host=localhost:9009, content-type=application/json, connection=close, accept-encoding=identity, user-agent=Python-urllib/2.7}, params, {NanoHttpd.QUERY_STRING=null}, files: {postData={"params": [{"childOrSiblingSelector": [], "text": "Internet settings", "mask": 1, "childOrSibling": []}], "jsonrpc": "2.0", "method": "objInfo", "id": "daa056f1c5a87ef9fc4bcf30803bd54d"}}
01-01 00:19:01.373  3675  8078 D UIAutomatorStub: URI: /jsonrpc/0, Method: POST, Header: {content-length=185, remote-addr=127.0.0.1, http-client-ip=127.0.0.1, host=localhost:9009, content-type=application/json, connection=close, accept-encoding=identity, user-agent=Python-urllib/2.7}, params, {NanoHttpd.QUERY_STRING=null}, files: {postData={"params": [{"childOrSiblingSelector": [], "text": "Internet settings", "mask": 1, "childOrSibling": []}], "jsonrpc": "2.0", "method": "click", "id": "bad424481b68d2b9f2cb9bc3dfe210c6"}}
01-01 00:19:01.417  3739  3739 W HMI2-SETTINGS - CI08.4: className -> WifiManagerActivity | functionName -> handleWifiMngStgBtnClick | value -> enter
01-01 00:19:01.417  3739  3739 W HMI2-SETTINGS: SWR_BAIDU_HMI_0015|SWR_BAIDU_HMI_0027|FUN=WifiManagerActivity::startActivity|0|Starting the Wifi Activity.
01-01 00:19:01.421  1151  2263 I ActivityManager: START u0 {flg=0x14010000 cmp=com.panasonic.hmi2settings/.activity.WifiActivity} from uid 1000
01-01 00:19:01.422   635   635 E ANDR-PERF-TARGET: Error: Invalid logical cluster id 0
01-01 00:19:01.422   635   635 E ANDR-PERF-MPCTL: invalid request, no optimizations performed
01-01 00:19:01.424  1151  2263 E ANDR-PERF-JNI: Iop tryGetService failed
01-01 00:19:01.425   635   635 E ANDR-PERF-TARGET: Error: Invalid logical cluster id 0
01-01 00:19:01.425   635   635 E ANDR-PERF-MPCTL: invalid request, no optimizations performed
01-01 00:19:01.429  1151  2263 D ActivityTrigger: activityStartTrigger: Activity is Triggerred in full screen ApplicationInfo{5e1ff91 com.panasonic.hmi2settings}
01-01 00:19:01.429  1151  2263 E ActivityTrigger: activityStartTrigger: not whiteListedcom.panasonic.hmi2settings/com.panasonic.hmi2settings.activity.WifiActivity/27
01-01 00:19:01.430  1151  2263 D CompatibilityInfo: mCompatibilityFlags - 4
01-01 00:19:01.430  1151  2263 D CompatibilityInfo: applicationDensity - 240
01-01 00:19:01.430  1151  2263 D CompatibilityInfo: applicationScale - 1.0
01-01 00:19:01.430  1151  2263 D ActivityTrigger: activityResumeTrigger: The activity in ApplicationInfo{5e1ff91 com.panasonic.hmi2settings} is now in focus and seems to be in full-screen mode
01-01 00:19:01.430  1151  2263 E ActivityTrigger: activityResumeTrigger: not whiteListedcom.panasonic.hmi2settings/com.panasonic.hmi2settings.activity.WifiActivity/27
01-01 00:19:01.430  1151  2263 D ActivityTrigger: ActivityTrigger activityPauseTrigger 
01-01 00:19:01.436  3739  3739 W HMI2-SETTINGS - CI08.4: className -> BaseActivity | functionName -> onPause | value -> onPause
01-01 00:19:01.436  3739  3739 V Activity: onPause com.panasonic.hmi2settings.activity.WifiManagerActivity@200cf74
01-01 00:19:01.437  1151  2234 I WifiService: getWifiEnabledState uid=1000
01-01 00:19:01.437  3739  3739 W HMI2-SETTINGS - CI08.4: className -> WifiManagerActivity | functionName -> onPause | value -> toggleWiFiState -> true
01-01 00:19:01.438  3739  3739 W HMI2-SETTINGS: SWR_BAIDU_HMI_0020|FUN=WifiManagerActivity::onPause|0|getWifiButtonStatus::true
01-01 00:19:01.439  1151  2263 D WificondControl: Scan result ready event
01-01 00:19:01.440  1151  1323 I WifiService: isScanAlwaysAvailable uid=1000
01-01 00:19:01.440  1151  1323 I WifiService: getWifiEnabledState uid=1000
01-01 00:19:01.440  1151  2234 D ActivityTrigger: activityResumeTrigger: The activity in ApplicationInfo{5e1ff91 com.panasonic.hmi2settings} is now in focus and seems to be in full-screen mode
01-01 00:19:01.440  1151  2234 E ActivityTrigger: activityResumeTrigger: not whiteListedcom.panasonic.hmi2settings/com.panasonic.hmi2settings.activity.WifiActivity/27
01-01 00:19:01.441   808   808 I wificond: Enters wifigbk_ageOutHistory
01-01 00:19:01.442  1151  2234 D CompatibilityInfo: mCompatibilityFlags - 4
01-01 00:19:01.442  1151  2234 D CompatibilityInfo: applicationDensity - 240
01-01 00:19:01.442  1151  2234 D CompatibilityInfo: applicationScale - 1.0
01-01 00:19:01.450   921  1439 I LOWI-8.5.0.3.c: [LOWI-Scan] lowi_close_record:Scan completed in 1121481ms and Recieved 45 APs scan results
01-01 00:19:01.452   921   961 I LOWI-8.5.0.3.c: [LOWIUtils] responseToOutPostcard - TO: GTP-FDAL, FROM:   LOWI-SERVER, RESP:  LOWI_ASYNC_DISCOVERY_SCAN_RESULTS
01-01 00:19:01.454  1151  1323 D WificondScannerImpl: Filtering out 4 scan results.
01-01 00:19:01.454  1151  1323 I WifiService: isScanAlwaysAvailable uid=1000
01-01 00:19:01.454  1151  1323 I WifiService: getWifiEnabledState uid=1000
01-01 00:19:01.461  2145  2145 D HMI_SERVICE: USE_CASE_NA|FUN=HmiApplication| [action] android.net.wifi.SCAN_RESULTS
01-01 00:19:01.442   808   808 I wificond: Enters wifigbk_ageOutHistory
01-01 00:19:01.466  3739  3739 V Activity: onCreate com.panasonic.hmi2settings.activity.WifiActivity@a7eec6b: null
01-01 00:19:01.467  3739  3739 W HMI2-SETTINGS - CI08.4: className -> BaseActivity | functionName -> onCreate | value -> onCreate
01-01 00:19:01.472  1151  1317 D ScanResultUtil: isScanResultForWapiPskNetwork: false
01-01 00:19:01.473  1151  1317 I chatty  : uid=1000(system) WifiStateMachin identical 22 lines
01-01 00:19:01.473  1151  1317 D ScanResultUtil: isScanResultForWapiPskNetwork: false
01-01 00:19:01.474   924   979 W XTCC-6.1.2.10-a: [LOWIUtils] to_eScanTypeResponse - default case
01-01 00:19:01.474   924   979 W XTCC-6.1.2.10-a: [WifiScanner] WiFi scan result : [45] AP's, async result: 1
01-01 00:19:01.476  1151  1317 D ScanResultUtil: isScanResultForWapiPskNetwork: false
01-01 00:19:01.477  1151  1317 I chatty  : uid=1000(system) WifiStateMachin identical 28 lines
01-01 00:19:01.477  1151  1317 D ScanResultUtil: isScanResultForWapiPskNetwork: false
01-01 00:19:01.477  1151  1317 W WifiConfigManager: Looking up network with invalid networkId -1
01-01 00:19:01.479  1151  1317 D ScanResultUtil: isScanResultForWapiPskNetwork: false
01-01 00:19:01.479  1151  1317 I chatty  : uid=1000(system) WifiStateMachin identical 25 lines
01-01 00:19:01.479  1151  1317 D ScanResultUtil: isScanResultForWapiPskNetwork: false
01-01 00:19:01.482  1151  1317 D OpenNetworkNotifier: Notification with state=1 was cleared for recommended network: HP-Print-DB-LaserJet Pro MFP
01-01 00:19:01.485  3739  3739 W HMI2-SETTINGS - CI08.4: className -> WifiActivity | functionName -> initViews | value -> entry
01-01 00:19:01.487  3739  3739 W HMI2-SETTINGS - CI08.4: className -> WifiActivity | functionName -> initControl | value -> entry
01-01 00:19:01.488  1151  2263 I WifiService: getWifiEnabledState uid=1000
01-01 00:19:01.488  1392  1392 W SYSTEM_UI: SWR_BAIDU_HMI_0023|SWR_SYSTEM_UI_003|FUN=StatusBar::getActiveNotifications|1|Get active notifications from Android framework.
01-01 00:19:01.488  1392  1392 W SYSTEM_UI: SWR_SYSTEM_UI_004|FUN=StatusBar::getActiveNotifications|1|Get active notifications from Android framework.
01-01 00:19:01.488  1392  1392 D StatusBar: notification received at statusbar 2
01-01 00:19:01.489  3739  3739 W HMI2-SETTINGS: SWR_BAIDU_HMI_0020|FUN=WifiActivity::handleConnectedNetworkVisibility|0|getWifiStat::true
