01-01 00:37:01.576  3739  3739 W HMI2-SETTINGS - CI08.4: className -> WifiActivity | functionName -> handleNetworkStateChanged | value -> detailedState->AUTHENTICATING
01-01 00:37:01.577  1151  2229 I WifiService: getConfiguredNetworks uid=1000
01-01 00:37:01.579  1508  1601 W QCNEJ   : |CORE| notifyWifiStatusChanged failed
01-01 00:37:01.579  1508  1601 W QCNEJ   : |CORE| notifyRatConnectionStatusChanged failed
01-01 00:37:01.579  2145  2145 D HMI_SERVICE: USE_CASE_NA|FUN=HmiApplication| [action] android.net.wifi.STATE_CHANGE
01-01 00:37:01.529   808   808 I wificond: Enters wifigbk_ageOutHistory
01-01 00:37:01.579  1151  1317 D ConnectivityService: registerNetworkAgent NetworkAgentInfo{ ni{[type: WIFI[], state: CONNECTING/CONNECTING, reason: (unspecified), extra: "RSE_Test", failover: false, available: true, roaming: false]}  network{293}  nethandle{1258441853662}  lp{{LinkAddresses: []  Routes: [] DnsAddresses: [] Domains: null MTU: 0}}  nc{[ Transports: WIFI Capabilities: NOT_METERED&INTERNET&NOT_RESTRICTED&TRUSTED&NOT_VPN LinkUpBandwidth>=1048576Kbps LinkDnBandwidth>=1048576Kbps]}  Score{20}  everValidated{false}  lastValidated{false}  created{false} lingering{false} explicitlySelected{false} acceptUnvalidated{false} everCaptivePortalDetected{false} lastCaptivePortalDetected{false} clat{null} }
01-01 00:37:01.580  1151  1325 D ConnectivityService: NetworkAgentInfo [WIFI () - 293] EVENT_NETWORK_INFO_CHANGED, going from null to CONNECTING
01-01 00:37:01.581  1392  1392 W SYSTEM_UI: SWR_SYSTEM_UI_008|FUN=CollapsedStatusBarFragment::AndroidEventReceiver | getAction |1|Broadcast action:android.net.wifi.STATE_CHANGE received
01-01 00:37:01.581  1392  1392 W SYSTEM_UI - CI07.3: className -> CollapsedStatusBarFragment | functionName -> AndroidEventReceiver | onReceive -->  | value -> Wifi connection status--> false
01-01 00:37:01.581  1392  1392 W SYSTEM_UI: SWR_SYSTEM_UI_008|FUN=CollapsedStatusBarFragment::isConnected |1|Wifi connection status--> false
01-01 00:37:01.581  1392  1392 W SYSTEM_UI - CI07.3: className -> CollapsedStatusBarFragment | functionName -> updateHermsDataType | value -> Update Herms Data Type :: networkType --> 0
01-01 00:37:01.581  1392  1392 W SYSTEM_UI - CI07.3: className -> CollapsedStatusBarFragment | functionName -> updateHermsDataType | value -> Update Herms Data Type :: isWebsiteSecure --> false
01-01 00:37:01.581  1392  1392 W SYSTEM_UI - CI07.3: className -> CollapsedStatusBarFragment | functionName -> updateHermsDataType | value -> Update Herms Data Type :: connection status --> 1
01-01 00:37:01.581  1392  1392 W SYSTEM_UI - CI07.3: className -> CollapsedStatusBarFragment | functionName -> updateHermsDataType | value -> Update Herms Data Type :: data Transfer --> false
01-01 00:37:01.581  1392  1392 W SYSTEM_UI - CI07.3: className -> CollapsedStatusBarFragment | functionName -> updateHermsDataType | value -> Update Herms Data Type :: wifiConnectionStatus --> false
01-01 00:37:01.581  1392  1392 W SYSTEM_UI - CI07.3: className -> CollapsedStatusBarFragment | functionName -> updateHermsDataType | value -> path 2
01-01 00:37:01.581  1392  1392 W SYSTEM_UI - CI07.3: className -> CollapsedStatusBarFragment | functionName -> updateHermsDataType | value -> path 3
01-01 00:37:01.584  1508  1601 W QCNEJ   : |CORE| notifyWifiStatusChanged failed
01-01 00:37:01.585  1508  1601 W QCNEJ   : |CORE| notifyRatConnectionStatusChanged failed
01-01 00:37:01.585  2145  2145 D HMI_SERVICE: USE_CASE_NA|FUN=HmiApplication| [action] android.net.wifi.STATE_CHANGE
01-01 00:37:01.587  1151  1317 E SupplicantStaIfaceHal: ISupplicantStaIface.setBtCoexistenceMode failed: FAILURE_UNKNOWN, 
01-01 00:37:01.588  1392  1392 W SYSTEM_UI: SWR_SYSTEM_UI_008|FUN=CollapsedStatusBarFragment::AndroidEventReceiver | getAction |1|Broadcast action:android.net.wifi.STATE_CHANGE received
01-01 00:37:01.589  1392  1392 W SYSTEM_UI - CI07.3: className -> CollapsedStatusBarFragment | functionName -> AndroidEventReceiver | onReceive -->  | value -> Wifi connection status--> false
01-01 00:37:01.589  1392  1392 W SYSTEM_UI: SWR_SYSTEM_UI_008|FUN=CollapsedStatusBarFragment::isConnected |1|Wifi connection status--> false
01-01 00:37:01.589  1392  1392 W SYSTEM_UI - CI07.3: className -> CollapsedStatusBarFragment | functionName -> updateHermsDataType | value -> Update Herms Data Type :: networkType --> 0
01-01 00:37:01.589  1392  1392 W SYSTEM_UI - CI07.3: className -> CollapsedStatusBarFragment | functionName -> updateHermsDataType | value -> Update Herms Data Type :: isWebsiteSecure --> false
01-01 00:37:01.589  1392  1392 W SYSTEM_UI - CI07.3: className -> CollapsedStatusBarFragment | functionName -> updateHermsDataType | value -> Update Herms Data Type :: connection status --> 1
01-01 00:37:01.589  1392  1392 W SYSTEM_UI - CI07.3: className -> CollapsedStatusBarFragment | functionName -> updateHermsDataType | value -> Update Herms Data Type :: data Transfer --> false
01-01 00:37:01.589  1392  1392 W SYSTEM_UI - CI07.3: className -> CollapsedStatusBarFragment | functionName -> updateHermsDataType | value -> Update Herms Data Type :: wifiConnectionStatus --> false
01-01 00:37:01.589  1392  1392 W SYSTEM_UI - CI07.3: className -> CollapsedStatusBarFragment | functionName -> updateHermsDataType | value -> path 2
01-01 00:37:01.589  1392  1392 W SYSTEM_UI - CI07.3: className -> CollapsedStatusBarFragment | functionName -> updateHermsDataType | value -> path 3
01-01 00:37:01.590   625   625 D WifiHAL : Getting APF capabilities, halHandle = 0x7f734319a0
01-01 00:37:01.590   625   625 I WifiHAL : 
01-01 00:37:01.590   625   625 I WifiHAL : createRequest: APF get capabilities request
01-01 00:37:01.590   625   625 I WifiHAL : Request Response failed for APF, result = -95
01-01 00:37:01.591  1151  1317 E WifiVendorHal: getApfCapabilities(l.1623) failed {.code = ERROR_UNKNOWN, .description = errno: -95 (Unknown error -95)}
01-01 00:37:01.594  3739  3739 W HMI2-SETTINGS - CI08.4: className -> WifiActivity | functionName -> getConfig: success-> | value -> "RSE_Test"
01-01 00:37:01.595  3739  3739 W HMI2-SETTINGS - CI08.4: className -> WifiActivity | functionName -> getConnectSummary | value -> getConnectSummaryID: 96 SSID: "RSE_Test" PROVIDER-NAME: null BSSID: null FQDN: null PRIO: 0 HIDDEN: false
01-01 00:37:01.595  3739  3739 W HMI2-SETTINGS - CI08.4:  NetworkSelectionStatus NETWORK_SELECTION_ENABLED
01-01 00:37:01.595  3739  3739 W HMI2-SETTINGS - CI08.4:  hasEverConnected: false
01-01 00:37:01.595  3739  3739 W HMI2-SETTINGS - CI08.4:  KeyMgmt: WPA_PSK Protocols: WPA RSN
01-01 00:37:01.595  3739  3739 W HMI2-SETTINGS - CI08.4:  AuthAlgorithms: OPEN
01-01 00:37:01.595  3739  3739 W HMI2-SETTINGS - CI08.4:  PairwiseCiphers: TKIP CCMP
01-01 00:37:01.595  3739  3739 W HMI2-SETTINGS - CI08.4:  GroupCiphers: TKIP CCMP
01-01 00:37:01.595  3739  3739 W HMI2-SETTINGS - CI08.4:  PSK: *
01-01 00:37:01.595  3739  3739 W HMI2-SETTINGS - CI08.4: 
01-01 00:37:01.595  3739  3739 W HMI2-SETTINGS - CI08.4:  sim_num 
01-01 00:37:01.595  3739  3739 W HMI2-SETTINGS - CI08.4: Enterprise config:
01-01 00:37:01.595  3739  3739 W HMI2-SETTINGS - CI08.4: IP config:
01-01 00:37:01.595  3739  3739 W HMI2-SETTINGS - CI08.4: IP assignment: DHCP
01-01 00:37:01.595  3739  3739 W HMI2-SETTINGS - CI08.4: Proxy settings: NONE
01-01 00:37:01.595  3739  3739 W HMI2-SETTINGS - CI08.4:  cuid=1000 cname=android.uid.system:1000 luid=1000 lname=android.uid.system:1000 lcuid=1000 userApproved=USER_UNSPECIFIED noInternetAccessExpected=false roamingFailureBlackListTimeMilli: 1000
01-01 00:37:01.595  3739  3739 W HMI2-SETTINGS - CI08.4: recentFailure: Association Rejection code: 0
01-01 00:37:01.595  3739  3739 W HMI2-SETTINGS - CI08.4: ShareThisAp: false
01-01 00:37:01.595  3739  3739 W HMI2-SETTINGS - CI08.4: className -> WifiActivity | functionName -> getConnectSummary : | value ->  Saved
01-01 00:37:01.595  3739  3739 E HMI2-SETTINGS - CI08.4: className -> WifiActivity | functionName -> mWifiScanReceiver -> onReceive | error ->intent_action:android.net.wifi.STATE_CHANGE
01-01 00:37:01.595  3739  3739 W HMI2-SETTINGS - CI08.4: className -> WifiActivity | functionName -> handleNetworkStateChanged | value -> detailedState->CONNECTING
01-01 00:37:01.595  1151  1416 I WifiService: getConfiguredNetworks uid=1000
01-01 00:37:01.598  1151  1317 E WifiVendorHal: configureNeighborDiscoveryOffload(l.2366) failed {.code = ERROR_UNKNOWN, .description = errno: -95 (Unknown error -95)}
01-01 00:37:01.599  2145  2145 D HMI_SERVICE: USE_CASE_NA|FUN=HmiApplication| [action] android.net.wifi.supplicant.STATE_CHANGE
01-01 00:37:01.601  3739  3739 W HMI2-SETTINGS - CI08.4: className -> WifiActivity | functionName -> getConfig: success-> | value -> "RSE_Test"
01-01 00:37:01.602  3739  3739 W HMI2-SETTINGS - CI08.4: className -> WifiActivity | functionName -> getConnectSummary | value -> getConnectSummaryID: 96 SSID: "RSE_Test" PROVIDER-NAME: null BSSID: null FQDN: null PRIO: 0 HIDDEN: false
01-01 00:37:01.602  3739  3739 W HMI2-SETTINGS - CI08.4:  NetworkSelectionStatus NETWORK_SELECTION_ENABLED
01-01 00:37:01.602  3739  3739 W HMI2-SETTINGS - CI08.4:  hasEverConnected: false
01-01 00:37:01.602  3739  3739 W HMI2-SETTINGS - CI08.4:  KeyMgmt: WPA_PSK Protocols: WPA RSN
01-01 00:37:01.602  3739  3739 W HMI2-SETTINGS - CI08.4:  AuthAlgorithms: OPEN
01-01 00:37:01.602  3739  3739 W HMI2-SETTINGS - CI08.4:  PairwiseCiphers: TKIP CCMP
01-01 00:37:01.602  3739  3739 W HMI2-SETTINGS - CI08.4:  GroupCiphers: TKIP CCMP
01-01 00:37:01.602  3739  3739 W HMI2-SETTINGS - CI08.4:  PSK: *
01-01 00:37:01.602  3739  3739 W HMI2-SETTINGS - CI08.4: 
01-01 00:37:01.602  3739  3739 W HMI2-SETTINGS - CI08.4:  sim_num 
01-01 00:37:01.602  3739  3739 W HMI2-SETTINGS - CI08.4: Enterprise config:
01-01 00:37:01.602  3739  3739 W HMI2-SETTINGS - CI08.4: IP config:
01-01 00:37:01.602  3739  3739 W HMI2-SETTINGS - CI08.4: IP assignment: DHCP
01-01 00:37:01.602  3739  3739 W HMI2-SETTINGS - CI08.4: Proxy settings: NONE
01-01 00:37:01.602  3739  3739 W HMI2-SETTINGS - CI08.4:  cuid=1000 cname=android.uid.system:1000 luid=1000 lname=android.uid.system:1000 lcuid=1000 userApproved=USER_UNSPECIFIED noInternetAccessExpected=false roamingFailureBlackListTimeMilli: 1000
01-01 00:37:01.602  3739  3739 W HMI2-SETTINGS - CI08.4: recentFailure: Association Rejection code: 0
01-01 00:37:01.602  3739  3739 W HMI2-SETTINGS - CI08.4: ShareThisAp: false
01-01 00:37:01.602  3739  3739 W HMI2-SETTINGS - CI08.4: className -> WifiActivity | functionName -> getConnectSummary : | value ->  Saved
01-01 00:37:01.607  3739  3739 E HMI2-SETTINGS - CI08.4: className -> WifiActivity | functionName -> mWifiScanReceiver -> onReceive | error ->intent_action:android.net.wifi.STATE_CHANGE
01-01 00:37:01.607  3739  3739 W HMI2-SETTINGS - CI08.4: className -> WifiActivity | functionName -> handleNetworkStateChanged | value -> detailedState->OBTAINING_IPADDR
01-01 00:37:01.608  1151  2264 I WifiService: getConfiguredNetworks uid=1000
01-01 00:37:01.612  3739  3739 W HMI2-SETTINGS - CI08.4: className -> WifiActivity | functionName -> getConfig: success-> | value -> "RSE_Test"
01-01 00:37:01.613  3739  3739 W HMI2-SETTINGS - CI08.4: className -> WifiActivity | functionName -> getConnectSummary | value -> getConnectSummaryID: 96 SSID: "RSE_Test" PROVIDER-NAME: null BSSID: null FQDN: null PRIO: 0 HIDDEN: false
01-01 00:37:01.613  3739  3739 W HMI2-SETTINGS - CI08.4:  NetworkSelectionStatus NETWORK_SELECTION_ENABLED
01-01 00:37:01.613  3739  3739 W HMI2-SETTINGS - CI08.4:  hasEverConnected: false
01-01 00:37:01.613  3739  3739 W HMI2-SETTINGS - CI08.4:  KeyMgmt: WPA_PSK Protocols: WPA RSN
01-01 00:37:01.613  3739  3739 W HMI2-SETTINGS - CI08.4:  AuthAlgorithms: OPEN
01-01 00:37:01.613  3739  3739 W HMI2-SETTINGS - CI08.4:  PairwiseCiphers: TKIP CCMP
01-01 00:37:01.613  3739  3739 W HMI2-SETTINGS - CI08.4:  GroupCiphers: TKIP CCMP
01-01 00:37:01.613  3739  3739 W HMI2-SETTINGS - CI08.4:  PSK: *
01-01 00:37:01.613  3739  3739 W HMI2-SETTINGS - CI08.4: 
01-01 00:37:01.613  3739  3739 W HMI2-SETTINGS - CI08.4:  sim_num 
01-01 00:37:01.613  3739  3739 W HMI2-SETTINGS - CI08.4: Enterprise config:
01-01 00:37:01.613  3739  3739 W HMI2-SETTINGS - CI08.4: IP config:
01-01 00:37:01.613  3739  3739 W HMI2-SETTINGS - CI08.4: IP assignment: DHCP
01-01 00:37:01.613  3739  3739 W HMI2-SETTINGS - CI08.4: Proxy settings: NONE
01-01 00:37:01.613  3739  3739 W HMI2-SETTINGS - CI08.4:  cuid=1000 cname=android.uid.system:1000 luid=1000 lname=android.uid.system:1000 lcuid=1000 userApproved=USER_UNSPECIFIED noInternetAccessExpected=false roamingFailureBlackListTimeMilli: 1000
01-01 00:37:01.613  3739  3739 W HMI2-SETTINGS - CI08.4: recentFailure: Association Rejection code: 0
01-01 00:37:01.613  3739  3739 W HMI2-SETTINGS - CI08.4: ShareThisAp: false
01-01 00:37:01.613  3739  3739 W HMI2-SETTINGS - CI08.4: className -> WifiActivity | functionName -> getConnectSummary : | value ->  Saved
01-01 00:37:01.686  1151 12674 D DhcpClient: Receive thread started
01-01 00:37:01.763  1151  1317 E SupplicantStaIfaceHal: ISupplicantStaIface.setBtCoexistenceMode failed: FAILURE_UNKNOWN, 
01-01 00:37:01.772  1151 12672 D DhcpClient: Broadcasting DHCPDISCOVER
01-01 00:37:01.778  1151 12674 D DhcpClient: Received packet: 00:9d:6b:17:da:19 OFFER, ip /192.168.0.61, mask /255.255.255.0, DNS servers: /8.8.8.8 , gateways [/192.168.0.1] lease time 691200, domain null
01-01 00:37:01.778  1151 12672 D DhcpClient: server address: 192.168.0.1 client address: 192.168.0.61/24 iface: wlan0 rapid commit: false
01-01 00:37:01.778  1151 12672 D DhcpClient: Got pending lease: IP address 192.168.0.61/24 Gateway 192.168.0.1  DNS servers: [ 8.8.8.8 ] Domains  DHCP server /192.168.0.1 Vendor info null lease 691200 seconds
01-01 00:37:01.779  1151 12672 D DhcpClient: Broadcasting DHCPREQUEST ciaddr=0.0.0.0 request=192.168.0.61 serverid=192.168.0.1
01-01 00:37:01.799   729   748 I sssv-lib: sendMsg enter
01-01 00:37:01.799   729   748 I sssv-lib: sendMsg complete.
01-01 00:37:01.965  2054  2054 E         : 
01-01 00:37:01.965  2054  2054 E         : Buffer Size = 1048576
01-01 00:37:01.990  2054  2054 E         : 
01-01 00:37:01.990  2054  2054 E         : <6>[ 1893.664598] QSEECOM: scm_call_qcpe:503 : OUT: 0x0, 0x0, 0x0, 0x0
01-01 00:37:01.990  2054  2054 E         : <6>[ 1893.680607] QSEECOM: scm_call_qcpe:429 : IN: 0x42000d0a, 0x3, 0x0, 0x435c, 0x78f, 0x0, 0x0
01-01 00:37:01.990  2054  2054 E         : <6>[ 1893.681830] QSEECOM: scm_call_qcpe:503 : OUT: 0x0, 0x0, 0x0, 0x0
01-01 00:37:01.990  2054  2054 E         : <6>[ 1893.697158] QSEECOM: scm_call_qcpe:429 : IN: 0x42000d0a, 0x3, 0x0, 0x40a5, 0x79e, 0x0, 0x0
01-01 00:37:01.990  2054  2054 E         : <6>[ 1893.698353] QSEECOM: scm_call_qcpe:503 : OUT: 0x0, 0x0, 0x0, 0x0
01-01 00:37:01.990  2054  2054 E         : <6>[ 1893.713530] QSEECOM: scm_call_qcpe:429 : IN: 0x42000d0a, 0x3, 0x0, 0x3ff8, 0x7ab, 0x0, 0x0
01-01 00:37:01.990  2054  2054 E         : <6>[ 1893.714597] QSEECOM: scm_call_qcpe:503 : OUT: 0x0, 0x1, 0x0, 0x0
01-01 00:37:01.990  2054  2054 E         : <6>[ 1893.730267] QSEECOM: scm_call_qcpe:429 : IN: 0x42000d0a, 0x3, 0x0, 0x415d, 0x787, 0x0, 0x0
01-01 00:37:01.990  2054  2054 E         : <6>[ 1893.731473] QSEECOM: scm_call_qcpe:503 : OUT: 0x0, 0x0, 0x0, 0x0
01-01 00:37:01.990  2054  2054 E         : <6>[ 1893.747907] QSEECOM: scm_call_qcpe:429 : IN: 0x42000d0a, 0x3, 0x0, 0x44e9, 0x791, 0x0, 0x0
01-01 00:37:01.990  2054  2054 E         : <6>[ 1893.749047] QSEECOM: scm_call_qcpe:503 : OUT: 0x0, 0x0, 0x0, 0x0
01-01 00:37:01.990  2054  2054 E         : <6>[ 1893.763881] QSEECOM: scm_call_qcpe:429 : IN: 0x42000d0a, 0x3, 0x0, 0x3e66, 0x7b1, 0x0, 0x0
01-01 00:37:01.990  2054  2054 E         : <6>[ 1893.7655
01-01 00:37:01.994  2054  2054 E         : USB Hub Detector 1.0
01-01 00:37:02.299   635   635 E ANDR-PERF-TARGET: Error: Invalid logical cluster id 0
01-01 00:37:02.300   635   635 E ANDR-PERF-MPCTL: invalid request, no optimizations performed
01-01 00:37:02.316   635   635 E ANDR-PERF-TARGET: Error: Invalid logical cluster id 0
01-01 00:37:02.316   635   635 E ANDR-PERF-MPCTL: invalid request, no optimizations performed
01-01 00:37:02.333   635   635 E ANDR-PERF-TARGET: Error: Invalid logical cluster id 0
01-01 00:37:02.333   635   635 E ANDR-PERF-MPCTL: invalid request, no optimizations performed
01-01 00:37:02.349   635   635 E ANDR-PERF-TARGET: Error: Invalid logical cluster id 0
01-01 00:37:02.350   635   635 E ANDR-PERF-MPCTL: invalid request, no optimizations performed
01-01 00:37:02.350   635   635 E ANDR-PERF-TARGET: Error: Invalid logical cluster id 0
01-01 00:37:02.350   635   635 E ANDR-PERF-MPCTL: invalid request, no optimizations performed
01-01 00:37:02.366   635   635 E ANDR-PERF-TARGET: Error: Invalid logical cluster id 0
01-01 00:37:02.366   635   635 E ANDR-PERF-MPCTL: invalid request, no optimizations performed
01-01 00:37:02.383   635   635 E ANDR-PERF-TARGET: Error: Invalid logical cluster id 0
01-01 00:37:02.383   635   635 E ANDR-PERF-MPCTL: invalid request, no optimizations performed
01-01 00:37:02.400   635   635 E ANDR-PERF-TARGET: Error: Invalid logical cluster id 0
01-01 00:37:02.400   635   635 E ANDR-PERF-MPCTL: invalid request, no optimizations performed
01-01 00:37:02.416   635   635 E ANDR-PERF-TARGET: Error: Invalid logical cluster id 0
01-01 00:37:02.416   635   635 E ANDR-PERF-MPCTL: invalid request, no optimizations performed
01-01 00:37:02.433   635   635 E ANDR-PERF-TARGET: Error: Invalid logical cluster id 0
01-01 00:37:02.433   635   635 E ANDR-PERF-MPCTL: invalid request, no optimizations performed
01-01 00:37:02.450   635   635 E ANDR-PERF-TARGET: Error: Invalid logical cluster id 0
01-01 00:37:02.450   635   635 E ANDR-PERF-MPCTL: invalid request, no optimizations performed
01-01 00:37:02.466   635   635 E ANDR-PERF-TARGET: Error: Invalid logical cluster id 0
01-01 00:37:02.467   635   635 E ANDR-PERF-MPCTL: invalid request, no optimizations performed
01-01 00:37:02.483   635   635 E ANDR-PERF-TARGET: Error: Invalid logical cluster id 0
01-01 00:37:02.483   635   635 E ANDR-PERF-MPCTL: invalid request, no optimizations performed
01-01 00:37:02.500   635   635 E ANDR-PERF-TARGET: Error: Invalid logical cluster id 0
01-01 00:37:02.500   635   635 E ANDR-PERF-MPCTL: invalid request, no optimizations performed
01-01 00:37:02.516   635   635 E ANDR-PERF-TARGET: Error: Invalid logical cluster id 0
01-01 00:37:02.517   635   635 E ANDR-PERF-MPCTL: invalid request, no optimizations performed
01-01 00:37:02.533   635   635 E ANDR-PERF-TARGET: Error: Invalid logical cluster id 0
01-01 00:37:02.533   635   635 E ANDR-PERF-MPCTL: invalid request, no optimizations performed
01-01 00:37:02.545  3675 12668 W InteractionController: runAndwaitForEvents timed out waiting for events
01-01 00:37:02.545  3675 12668 D InteractionController: Vertical scrollSwipe reached scroll end: false
01-01 00:37:02.546  3675 12668 D UiScrollable: scrollBackward() on selector = UiSelector[SCROLLABLE=true]
01-01 00:37:02.550   635   635 E ANDR-PERF-TARGET: Error: Invalid logical cluster id 0
01-01 00:37:02.550   635   635 E ANDR-PERF-MPCTL: invalid request, no optimizations performed
01-01 00:37:02.567   635   635 E ANDR-PERF-TARGET: Error: Invalid logical cluster id 0
01-01 00:37:02.567   635   635 E ANDR-PERF-MPCTL: invalid request, no optimizations performed
01-01 00:37:02.583   635   635 E ANDR-PERF-TARGET: Error: Invalid logical cluster id 0
01-01 00:37:02.584   635   635 E ANDR-PERF-MPCTL: invalid request, no optimizations performed
01-01 00:37:02.600   635   635 E ANDR-PERF-TARGET: Error: Invalid logical cluster id 0
01-01 00:37:02.600   635   635 E ANDR-PERF-MPCTL: invalid request, no optimizations performed
01-01 00:37:02.617   635   635 E ANDR-PERF-TARGET: Error: Invalid logical cluster id 0
01-01 00:37:02.617   635   635 E ANDR-PERF-MPCTL: invalid request, no optimizations performed
01-01 00:37:02.633   635   635 E ANDR-PERF-TARGET: Error: Invalid logical cluster id 0
01-01 00:37:02.634   635   635 E ANDR-PERF-MPCTL: invalid request, no optimizations performed
01-01 00:37:02.650   635   635 E ANDR-PERF-TARGET: Error: Invalid logical cluster id 0
01-01 00:37:02.650   635   635 E ANDR-PERF-MPCTL: invalid request, no optimizations performed
01-01 00:37:02.667   635   635 E ANDR-PERF-TARGET: Error: Invalid logical cluster id 0
01-01 00:37:02.667   635   635 E ANDR-PERF-MPCTL: invalid request, no optimizations performed
01-01 00:37:02.684   635   635 E ANDR-PERF-TARGET: Error: Invalid logical cluster id 0
01-01 00:37:02.684   635   635 E ANDR-PERF-MPCTL: invalid request, no optimizations performed
01-01 00:37:02.700   635   635 E ANDR-PERF-TARGET: Error: Invalid logical cluster id 0
01-01 00:37:02.700   635   635 E ANDR-PERF-MPCTL: invalid request, no optimizations performed
01-01 00:37:02.717   635   635 E ANDR-PERF-TARGET: Error: Invalid logical cluster id 0
01-01 00:37:02.717   635   635 E ANDR-PERF-MPCTL: invalid request, no optimizations performed
01-01 00:37:02.734   635   635 E ANDR-PERF-TARGET: Error: Invalid logical cluster id 0
01-01 00:37:02.734   635   635 E ANDR-PERF-MPCTL: invalid request, no optimizations performed
01-01 00:37:02.750   635   635 E ANDR-PERF-TARGET: Error: Invalid logical cluster id 0
01-01 00:37:02.751   635   635 E ANDR-PERF-MPCTL: invalid request, no optimizations performed
01-01 00:37:02.767   635   635 E ANDR-PERF-TARGET: Error: Invalid logical cluster id 0
01-01 00:37:02.767   635   635 E ANDR-PERF-MPCTL: invalid request, no optimizations performed
01-01 00:37:02.784   635   635 E ANDR-PERF-TARGET: Error: Invalid logical cluster id 0
01-01 00:37:02.784   635   635 E ANDR-PERF-MPCTL: invalid request, no optimizations performed
01-01 00:37:02.800   729   748 I sssv-lib: sendMsg enter
01-01 00:37:02.801   635   635 E ANDR-PERF-TARGET: Error: Invalid logical cluster id 0
01-01 00:37:02.801   635   635 E ANDR-PERF-MPCTL: invalid request, no optimizations performed
01-01 00:37:02.801   729   748 I sssv-lib: sendMsg complete.
01-01 00:37:02.817   635   635 E ANDR-PERF-TARGET: Error: Invalid logical cluster id 0
01-01 00:37:02.817   635   635 E ANDR-PERF-MPCTL: invalid request, no optimizations performed
01-01 00:37:02.834   635   635 E ANDR-PERF-TARGET: Error: Invalid logical cluster id 0
01-01 00:37:02.834   635   635 E ANDR-PERF-MPCTL: invalid request, no optimizations performed
01-01 00:37:02.851   635   635 E ANDR-PERF-TARGET: Error: Invalid logical cluster id 0
01-01 00:37:02.851   635   635 E ANDR-PERF-MPCTL: invalid request, no optimizations performed
01-01 00:37:02.867   635   635 E ANDR-PERF-TARGET: Error: Invalid logical cluster id 0
01-01 00:37:02.867   635   635 E ANDR-PERF-MPCTL: invalid request, no optimizations performed
01-01 00:37:02.884   635   635 E ANDR-PERF-TARGET: Error: Invalid logical cluster id 0
01-01 00:37:02.884   635   635 E ANDR-PERF-MPCTL: invalid request, no optimizations performed
01-01 00:37:02.901   635   635 E ANDR-PERF-TARGET: Error: Invalid logical cluster id 0
01-01 00:37:02.901   635   635 E ANDR-PERF-MPCTL: invalid request, no optimizations performed
01-01 00:37:02.917   635   635 E ANDR-PERF-TARGET: Error: Invalid logical cluster id 0
01-01 00:37:02.917   635   635 E ANDR-PERF-MPCTL: invalid request, no optimizations performed
01-01 00:37:02.934   635   635 E ANDR-PERF-TARGET: Error: Invalid logical cluster id 0
01-01 00:37:02.934   635   635 E ANDR-PERF-MPCTL: invalid request, no optimizations performed
01-01 00:37:02.951   635   635 E ANDR-PERF-TARGET: Error: Invalid logical cluster id 0
01-01 00:37:02.951   635   635 E ANDR-PERF-MPCTL: invalid request, no optimizations performed
01-01 00:37:02.967   635   635 E ANDR-PERF-TARGET: Error: Invalid logical cluster id 0
01-01 00:37:02.967   635   635 E ANDR-PERF-MPCTL: invalid request, no optimizations performed
01-01 00:37:02.984   635   635 E ANDR-PERF-TARGET: Error: Invalid logical cluster id 0
01-01 00:37:02.984   635   635 E ANDR-PERF-MPCTL: invalid request, no optimizations performed
01-01 00:37:03.001   635   635 E ANDR-PERF-TARGET: Error: Invalid logical cluster id 0
01-01 00:37:03.001   635   635 E ANDR-PERF-MPCTL: invalid request, no optimizations performed
01-01 00:37:03.018   635   635 E ANDR-PERF-TARGET: Error: Invalid logical cluster id 0
01-01 00:37:03.018   635   635 E ANDR-PERF-MPCTL: invalid request, no optimizations performed
01-01 00:37:03.034   635   635 E ANDR-PERF-TARGET: Error: Invalid logical cluster id 0
01-01 00:37:03.034   635   635 E ANDR-PERF-MPCTL: invalid request, no optimizations performed
01-01 00:37:03.051   635   635 E ANDR-PERF-TARGET: Error: Invalid logical cluster id 0
01-01 00:37:03.051   635   635 E ANDR-PERF-MPCTL: invalid request, no optimizations performed
01-01 00:37:03.068   635   635 E ANDR-PERF-TARGET: Error: Invalid logical cluster id 0
01-01 00:37:03.068   635   635 E ANDR-PERF-MPCTL: invalid request, no optimizations performed
01-01 00:37:03.079  3675 12668 I QueryController: Matched selector: UiSelector[SCROLLABLE=true] <<==>> [android.view.accessibility.AccessibilityNodeInfo@23285c4; boundsInParent: Rect(0, 0 - 1332, 889); boundsInScreen: Rect(305, 172 - 1637, 1061); packageName: com.panasonic.hmi2settings; className: android.widget.ScrollView; text: null; error: null; maxTextLength: -1; contentDescription: null; viewIdResName: com.panasonic.hmi2settings:id/scrollWifi; checkable: false; checked: false; focusable: true; focused: false; selected: false; clickable: false; longClickable: false; contextClickable: false; enabled: true; password: false; scrollable: true; importantForAccessibility: true; actions: [AccessibilityAction: ACTION_FOCUS - null, AccessibilityAction: ACTION_SELECT - null, AccessibilityAction: ACTION_CLEAR_SELECTION - null, AccessibilityAction: ACTION_ACCESSIBILITY_FOCUS - null, AccessibilityAction: ACTION_SCROLL_FORWARD - null, AccessibilityAction: ACTION_SHOW_ON_SCREEN - null]]
01-01 00:37:03.080  3675 12668 D UiScrollable: scrollToBegining() using vertical scroll
01-01 00:37:03.080  3675 12668 D InteractionController: scrollSwipe (971, 260, 971, 973, 55)
01-01 00:37:03.084   635   635 E ANDR-PERF-TARGET: Error: Invalid logical cluster id 0
01-01 00:37:03.084   635   635 E ANDR-PERF-MPCTL: invalid request, no optimizations performed
01-01 00:37:03.101   635   635 E ANDR-PERF-TARGET: Error: Invalid logical cluster id 0
01-01 00:37:03.101   635   635 E ANDR-PERF-MPCTL: invalid request, no optimizations performed
01-01 00:37:03.118   635   635 E ANDR-PERF-TARGET: Error: Invalid logical cluster id 0
01-01 00:37:03.118   635   635 E ANDR-PERF-MPCTL: invalid request, no optimizations performed
01-01 00:37:03.135   635   635 E ANDR-PERF-TARGET: Error: Invalid logical cluster id 0
01-01 00:37:03.135   635   635 E ANDR-PERF-MPCTL: invalid request, no optimizations performed
01-01 00:37:03.151   635   635 E ANDR-PERF-TARGET: Error: Invalid logical cluster id 0
01-01 00:37:03.151   635   635 E ANDR-PERF-MPCTL: invalid request, no optimizations performed
01-01 00:37:03.168   635   635 E ANDR-PERF-TARGET: Error: Invalid logical cluster id 0
01-01 00:37:03.168   635   635 E ANDR-PERF-MPCTL: invalid request, no optimizations performed
01-01 00:37:03.185   635   635 E ANDR-PERF-TARGET: Error: Invalid logical cluster id 0
01-01 00:37:03.185   635   635 E ANDR-PERF-MPCTL: invalid request, no optimizations performed
01-01 00:37:03.201   635   635 E ANDR-PERF-TARGET: Error: Invalid logical cluster id 0
01-01 00:37:03.202   635   635 E ANDR-PERF-MPCTL: invalid request, no optimizations performed
01-01 00:37:03.218   635   635 E ANDR-PERF-TARGET: Error: Invalid logical cluster id 0
01-01 00:37:03.218   635   635 E ANDR-PERF-MPCTL: invalid request, no optimizations performed
01-01 00:37:03.235   635   635 E ANDR-PERF-TARGET: Error: Invalid logical cluster id 0
01-01 00:37:03.235   635   635 E ANDR-PERF-MPCTL: invalid request, no optimizations performed
01-01 00:37:03.251   635   635 E ANDR-PERF-TARGET: Error: Invalid logical cluster id 0
01-01 00:37:03.252   635   635 E ANDR-PERF-MPCTL: invalid request, no optimizations performed
01-01 00:37:03.268   635   635 E ANDR-PERF-TARGET: Error: Invalid logical cluster id 0
01-01 00:37:03.268   635   635 E ANDR-PERF-MPCTL: invalid request, no optimizations performed
01-01 00:37:03.285   635   635 E ANDR-PERF-TARGET: Error: Invalid logical cluster id 0
01-01 00:37:03.285   635   635 E ANDR-PERF-MPCTL: invalid request, no optimizations performed
01-01 00:37:03.302   635   635 E ANDR-PERF-TARGET: Error: Invalid logical cluster id 0
01-01 00:37:03.302   635   635 E ANDR-PERF-MPCTL: invalid request, no optimizations performed
01-01 00:37:03.318   635   635 E ANDR-PERF-TARGET: Error: Invalid logical cluster id 0
01-01 00:37:03.318   635   635 E ANDR-PERF-MPCTL: invalid request, no optimizations performed
01-01 00:37:03.335   635   635 E ANDR-PERF-TARGET: Error: Invalid logical cluster id 0
01-01 00:37:03.335   635   635 E ANDR-PERF-MPCTL: invalid request, no optimizations performed
01-01 00:37:03.352   635   635 E ANDR-PERF-TARGET: Error: Invalid logical cluster id 0
01-01 00:37:03.352   635   635 E ANDR-PERF-MPCTL: invalid request, no optimizations performed
01-01 00:37:03.368   635   635 E ANDR-PERF-TARGET: Error: Invalid logical cluster id 0
01-01 00:37:03.368   635   635 E ANDR-PERF-MPCTL: invalid request, no optimizations performed
01-01 00:37:03.385   635   635 E ANDR-PERF-TARGET: Error: Invalid logical cluster id 0
01-01 00:37:03.385   635   635 E ANDR-PERF-MPCTL: invalid request, no optimizations performed
01-01 00:37:03.402   635   635 E ANDR-PERF-TARGET: Error: Invalid logical cluster id 0
01-01 00:37:03.402   635   635 E ANDR-PERF-MPCTL: invalid request, no optimizations performed
01-01 00:37:03.418   635   635 E ANDR-PERF-TARGET: Error: Invalid logical cluster id 0
01-01 00:37:03.419   635   635 E ANDR-PERF-MPCTL: invalid request, no optimizations performed
01-01 00:37:03.435   635   635 E ANDR-PERF-TARGET: Error: Invalid logical cluster id 0
01-01 00:37:03.435   635   635 E ANDR-PERF-MPCTL: invalid request, no optimizations performed
01-01 00:37:03.452   635   635 E ANDR-PERF-TARGET: Error: Invalid logical cluster id 0
01-01 00:37:03.452   635   635 E ANDR-PERF-MPCTL: invalid request, no optimizations performed
01-01 00:37:03.469   635   635 E ANDR-PERF-TARGET: Error: Invalid logical cluster id 0
01-01 00:37:03.469   635   635 E ANDR-PERF-MPCTL: invalid request, no optimizations performed
01-01 00:37:03.485   635   635 E ANDR-PERF-TARGET: Error: Invalid logical cluster id 0
01-01 00:37:03.485   635   635 E ANDR-PERF-MPCTL: invalid request, no optimizations performed
01-01 00:37:03.502   635   635 E ANDR-PERF-TARGET: Error: Invalid logical cluster id 0
01-01 00:37:03.502   635   635 E ANDR-PERF-MPCTL: invalid request, no optimizations performed
01-01 00:37:03.519   635   635 E ANDR-PERF-TARGET: Error: Invalid logical cluster id 0
01-01 00:37:03.519   635   635 E ANDR-PERF-MPCTL: invalid request, no optimizations performed
01-01 00:37:03.535   635   635 E ANDR-PERF-TARGET: Error: Invalid logical cluster id 0
01-01 00:37:03.536   635   635 E ANDR-PERF-MPCTL: invalid request, no optimizations performed
01-01 00:37:03.552   635   635 E ANDR-PERF-TARGET: Error: Invalid logical cluster id 0
01-01 00:37:03.552   635   635 E ANDR-PERF-MPCTL: invalid request, no optimizations performed
01-01 00:37:03.569   635   635 E ANDR-PERF-TARGET: Error: Invalid logical cluster id 0
01-01 00:37:03.569   635   635 E ANDR-PERF-MPCTL: invalid request, no optimizations performed
01-01 00:37:03.586   635   635 E ANDR-PERF-TARGET: Error: Invalid logical cluster id 0
01-01 00:37:03.586   635   635 E ANDR-PERF-MPCTL: invalid request, no optimizations performed
01-01 00:37:03.602   635   635 E ANDR-PERF-TARGET: Error: Invalid logical cluster id 0
01-01 00:37:03.602   635   635 E ANDR-PERF-MPCTL: invalid request, no optimizations performed
01-01 00:37:03.619   635   635 E ANDR-PERF-TARGET: Error: Invalid logical cluster id 0
01-01 00:37:03.619   635   635 E ANDR-PERF-MPCTL: invalid request, no optimizations performed
01-01 00:37:03.636   635   635 E ANDR-PERF-TARGET: Error: Invalid logical cluster id 0
01-01 00:37:03.636   635   635 E ANDR-PERF-MPCTL: invalid request, no optimizations performed
01-01 00:37:03.649  1933  1957 D LCMANDR : SWR_OOB_HV_MF_009|FUN=LifeCycleManagerService::LifeCycle_ReportCompStatus|GOT ALIVENESS SIGNAL FROM DAIAPP : [0]; HB Counter = [ 876 ]; STATUS INFO = [ 0 ]
01-01 00:37:03.650  1519  1519 I Connectivity_AIDL|AIDL_Handler.AIDL_Helpers.LcmHelper: MBUX App Method: KeepAliveTest |Line No: 408 |Log Type: Critical |Message: MainThread:MBUX-App HB Count: 878, ResponseCode: 0
01-01 00:37:03.652   635   635 E ANDR-PERF-TARGET: Error: Invalid logical cluster id 0
01-01 00:37:03.653   635   635 E ANDR-PERF-MPCTL: invalid request, no optimizations performed
01-01 00:37:03.669   635   635 E ANDR-PERF-TARGET: Error: Invalid logical cluster id 0
01-01 00:37:03.669   635   635 E ANDR-PERF-MPCTL: invalid request, no optimizations performed
01-01 00:37:03.686   635   635 E ANDR-PERF-TARGET: Error: Invalid logical cluster id 0
01-01 00:37:03.686   635   635 E ANDR-PERF-MPCTL: invalid request, no optimizations performed
01-01 00:37:03.702   635   635 E ANDR-PERF-TARGET: Error: Invalid logical cluster id 0
01-01 00:37:03.702   635   635 E ANDR-PERF-MPCTL: invalid request, no optimizations performed
01-01 00:37:03.719   635   635 E ANDR-PERF-TARGET: Error: Invalid logical cluster id 0
01-01 00:37:03.719   635   635 E ANDR-PERF-MPCTL: invalid request, no optimizations performed
01-01 00:37:03.736   635   635 E ANDR-PERF-TARGET: Error: Invalid logical cluster id 0
01-01 00:37:03.736   635   635 E ANDR-PERF-MPCTL: invalid request, no optimizations performed
01-01 00:37:03.752   635   635 E ANDR-PERF-TARGET: Error: Invalid logical cluster id 0
01-01 00:37:03.753   635   635 E ANDR-PERF-MPCTL: invalid request, no optimizations performed
01-01 00:37:03.764  1151  2264 I WifiService: startScan uid=1000
01-01 00:37:03.769   635   635 E ANDR-PERF-TARGET: Error: Invalid logical cluster id 0
01-01 00:37:03.769   635   635 E ANDR-PERF-MPCTL: invalid request, no optimizations performed
01-01 00:37:03.786   635   635 E ANDR-PERF-TARGET: Error: Invalid logical cluster id 0
01-01 00:37:03.786   635   635 E ANDR-PERF-MPCTL: invalid request, no optimizations performed
01-01 00:37:03.801   729   748 I sssv-lib: sendMsg enter
01-01 00:37:03.801   729   748 I sssv-lib: sendMsg complete.
01-01 00:37:03.803   635   635 E ANDR-PERF-TARGET: Error: Invalid logical cluster id 0
01-01 00:37:03.803   635   635 E ANDR-PERF-MPCTL: invalid request, no optimizations performed
01-01 00:37:03.819   635   635 E ANDR-PERF-TARGET: Error: Invalid logical cluster id 0
01-01 00:37:03.819   635   635 E ANDR-PERF-MPCTL: invalid request, no optimizations performed
01-01 00:37:03.836   635   635 E ANDR-PERF-TARGET: Error: Invalid logical cluster id 0
01-01 00:37:03.836   635   635 E ANDR-PERF-MPCTL: invalid request, no optimizations performed
01-01 00:37:03.853   635   635 E ANDR-PERF-TARGET: Error: Invalid logical cluster id 0
01-01 00:37:03.853   635   635 E ANDR-PERF-MPCTL: invalid request, no optimizations performed
01-01 00:37:03.869   635   635 E ANDR-PERF-TARGET: Error: Invalid logical cluster id 0
01-01 00:37:03.869   635   635 E ANDR-PERF-MPCTL: invalid request, no optimizations performed
01-01 00:37:03.886   635   635 E ANDR-PERF-TARGET: Error: Invalid logical cluster id 0
01-01 00:37:03.886   635   635 E ANDR-PERF-MPCTL: invalid request, no optimizations performed
01-01 00:37:03.903   635   635 E ANDR-PERF-TARGET: Error: Invalid logical cluster id 0
01-01 00:37:03.903   635   635 E ANDR-PERF-MPCTL: invalid request, no optimizations performed
01-01 00:37:03.919   635   635 E ANDR-PERF-TARGET: Error: Invalid logical cluster id 0
01-01 00:37:03.920   635   635 E ANDR-PERF-MPCTL: invalid request, no optimizations performed
01-01 00:37:03.936   635   635 E ANDR-PERF-TARGET: Error: Invalid logical cluster id 0
01-01 00:37:03.936   635   635 E ANDR-PERF-MPCTL: invalid request, no optimizations performed
01-01 00:37:03.953   635   635 E ANDR-PERF-TARGET: Error: Invalid logical cluster id 0
01-01 00:37:03.953   635   635 E ANDR-PERF-MPCTL: invalid request, no optimizations performed
01-01 00:37:03.970   635   635 E ANDR-PERF-TARGET: Error: Invalid logical cluster id 0
01-01 00:37:03.970   635   635 E ANDR-PERF-MPCTL: invalid request, no optimizations performed
01-01 00:37:03.986   635   635 E ANDR-PERF-TARGET: Error: Invalid logical cluster id 0
01-01 00:37:03.986   635   635 E ANDR-PERF-MPCTL: invalid request, no optimizations performed
01-01 00:37:04.003   635   635 E ANDR-PERF-TARGET: Error: Invalid logical cluster id 0
01-01 00:37:04.003   635   635 E ANDR-PERF-MPCTL: invalid request, no optimizations performed
01-01 00:37:04.003   635   635 E ANDR-PERF-TARGET: Error: Invalid logical cluster id 0
01-01 00:37:04.003   635   635 E ANDR-PERF-MPCTL: invalid request, no optimizations performed
01-01 00:37:04.020   635   635 E ANDR-PERF-TARGET: Error: Invalid logical cluster id 0
01-01 00:37:04.020   635   635 E ANDR-PERF-MPCTL: invalid request, no optimizations performed
01-01 00:37:04.036   635   635 E ANDR-PERF-TARGET: Error: Invalid logical cluster id 0
01-01 00:37:04.036   635   635 E ANDR-PERF-MPCTL: invalid request, no optimizations performed
01-01 00:37:04.053   635   635 E ANDR-PERF-TARGET: Error: Invalid logical cluster id 0
01-01 00:37:04.053   635   635 E ANDR-PERF-MPCTL: invalid request, no optimizations performed
01-01 00:37:04.064  1933  1933 I LCMANDR : SWR_OOB_HV_MF_009|FUN=ResourceMonitoringService::movingMemoryAverage|2|Moving memory average :30.184942
01-01 00:37:04.064  1933  1933 W LCMANDR : SWR_OOB_HV_MF_009|FUN=ResourceMonitoringService::getCpuUsageStatistic|Moving MEM AVG :::::::::30.184942
01-01 00:37:04.065  1933  1933 W LCMANDR : SWR_OOB_HV_MF_009|FUN=ResourceMonitoringService::getCpuUsageStatistic|2|Total cpu usage :32.61608
01-01 00:37:04.065  1933  1933 I LCMANDR : SWR_OOB_HV_MF_009|FUN=ResourceMonitoringService::getCpuUsageStatistic|Cpu usage of core  0 is37.28223
01-01 00:37:04.065  1933  1933 I LCMANDR : SWR_OOB_HV_MF_009|FUN=ResourceMonitoringService::getCpuUsageStatistic|Cpu usage of core  1 is29.929579
01-01 00:37:04.065  1933  1933 I LCMANDR : SWR_OOB_HV_MF_009|FUN=ResourceMonitoringService::getCpuUsageStatistic|Cpu usage of core  2 is30.769232
01-01 00:37:04.065  1933  1933 I LCMANDR : ResourceMonitoringService::movingCpuAverage()
01-01 00:37:04.065  1933  1933 I LCMANDR : SWR_OOB_HV_MF_009|FUN=ResourceMonitoringService::movingCpuAverage|2|Moving window average of CPU 28.563736
01-01 00:37:04.065  1933  1933 I LCMANDR : SWR_OOB_HV_MF_009|FUN=ResourceMonitoringService::movingCpuAverage|2|Cpu moving average of core  0 is31.992748
01-01 00:37:04.065  1933  1933 I LCMANDR : SWR_OOB_HV_MF_009|FUN=ResourceMonitoringService::movingCpuAverage|2|Cpu moving average of core  1 is26.161545
01-01 00:37:04.065  1933  1933 I LCMANDR : SWR_OOB_HV_MF_009|FUN=ResourceMonitoringService::movingCpuAverage|2|Cpu moving average of core  2 is27.52778
01-01 00:37:04.065  1933  1933 D LCMANDR : SWR_OOB_HV_MF_009|FUN=ResourceMonitoringService::movingCpuAverage|2|Exiting VAL = 28.563736
01-01 00:37:04.070   635   635 E ANDR-PERF-TARGET: Error: Invalid logical cluster id 0
01-01 00:37:04.070   635   635 E ANDR-PERF-MPCTL: invalid request, no optimizations performed
01-01 00:37:04.087   635   635 E ANDR-PERF-TARGET: Error: Invalid logical cluster id 0
01-01 00:37:04.087   635   635 E ANDR-PERF-MPCTL: invalid request, no optimizations performed
01-01 00:37:04.103   635   635 E ANDR-PERF-TARGET: Error: Invalid logical cluster id 0
01-01 00:37:04.103   635   635 E ANDR-PERF-MPCTL: invalid request, no optimizations performed
01-01 00:37:04.120   635   635 E ANDR-PERF-TARGET: Error: Invalid logical cluster id 0
01-01 00:37:04.120   635   635 E ANDR-PERF-MPCTL: invalid request, no optimizations performed
01-01 00:37:04.137   635   635 E ANDR-PERF-TARGET: Error: Invalid logical cluster id 0
01-01 00:37:04.137   635   635 E ANDR-PERF-MPCTL: invalid request, no optimizations performed
01-01 00:37:04.153   635   635 E ANDR-PERF-TARGET: Error: Invalid logical cluster id 0
01-01 00:37:04.153   635   635 E ANDR-PERF-MPCTL: invalid request, no optimizations performed
01-01 00:37:04.157  1151  1416 D CompatibilityInfo: mCompatibilityFlags - 4
01-01 00:37:04.157  1151  1416 D CompatibilityInfo: applicationDensity - 240
01-01 00:37:04.157  1151  1416 D CompatibilityInfo: applicationScale - 1.0
01-01 00:37:04.158  2145  2145 D HMI_SERVICE: USE_CASE_NA|FUN=StoragedJobIntentService::onCreate|1|init
01-01 00:37:04.162  2145  9112 D HMI_SERVICE: USE_CASE_NA|FUN=StoragedJobIntentService::onHandleIntent|1|ACTION_MONITOR_APPS
01-01 00:37:04.163  2145  9112 I HMI_SERVICE: USE_CASE_NA|FUN=StoragedJobIntentService::onHandleIntent|1|msg:storageType:64totalWriteValue371974144
01-01 00:37:04.163  2145  9112 D HMI_SERVICE: USE_CASE_NA|FUN=StoragedJobIntentService::initMonitorApps|1|init
01-01 00:37:04.164  2145  9112 D HMI_SERVICE: USE_CASE_NA|FUN=EmmcUtils::getAppUid|1|uid:10027
01-01 00:37:04.166  2145  9112 D HMI_SERVICE: USE_CASE_NA|FUN=EmmcUtils::getAppUid|1|uid:10033
01-01 00:37:04.167  2677  2692 W ANDR_PERSISTENCY_CLIENT: SWR_PERSISTENCE_HV_LA_MF_0003|FUN=VCPUPersistenceService::executeLinuxCommand|0| init 
01-01 00:37:04.167  2677  2692 W ContextImpl: Calling a method in the system process without a qualified user: android.app.ContextImpl.startService:1476 android.content.ContextWrapper.startService:650 com.panasonic.dairse.vcpupersistence.VCPUPersistenceService$1.executeLinuxCommand:392 com.panasonic.dairse.vcpupersistence.IVCPUPersistenceService$Stub.onTransact:437 android.os.Binder.execTransact:706 
01-01 00:37:04.170  1151  1416 D CompatibilityInfo: mCompatibilityFlags - 4
01-01 00:37:04.170  1151  1416 D CompatibilityInfo: applicationDensity - 240
01-01 00:37:04.170  1151  1416 D CompatibilityInfo: applicationScale - 1.0
01-01 00:37:04.170   635   635 E ANDR-PERF-TARGET: Error: Invalid logical cluster id 0
01-01 00:37:04.170   635   635 E ANDR-PERF-MPCTL: invalid request, no optimizations performed
01-01 00:37:04.175  2145  2145 D HMI_SERVICE: USE_CASE_NA|FUN=StoragedJobIntentService::onDestroy|1|init
01-01 00:37:04.176  2677 12675 W ANDR_PERSISTENCY_CLIENT: SWR_PERSISTENCE_HV_LA_MF_0004|FUN=UT_VCPUService:: onHandleIntent |2| [action] 16
01-01 00:37:04.176  2677 12675 W ANDR_PERSISTENCY_CLIENT: SWR_PERSISTENCE_HV_LA_MF_0003|FUN=PersConnHandler:: executeLinuxCommand |2| [id] execute_procedure
01-01 00:37:04.177  2677 12675 W ANDR_PERSISTENCY_CLIENT: SWR_PERSISTENCE_HV_LA_MF_0005|FUN=TCPHandler:: getInstance |2|msg: invoked 
01-01 00:37:04.177  2677 12675 W ANDR_PERSISTENCY_CLIENT: SWR_PERSISTENCE_HV_LA_MF_0005|FUN=TCPHandler::sendWriteRequestToPersistenceLinux|2|key= 0commandKey= 5 data= [99, 97, 116, 32, 47, 112, 114, 111, 99, 47, 100, 105, 115, 107, 115, 116, 97, 116, 115]
01-01 00:37:04.177  2677 12675 W ANDR_PERSISTENCY_CLIENT: SWR_PERSISTENCE_HV_LA_MF_0005|FUN=TCPHandler:: getUID |2|msg: invoked 
01-01 00:37:04.177  2677 12675 W ANDR_PERSISTENCY_CLIENT: SWR_PERSISTENCE_HV_LA_MF_0005|FUN=TCPHandler:: setAction |2|msg:setAction=1
01-01 00:37:04.177  2677 12675 W ANDR_PERSISTENCY_CLIENT: SWR_PERSISTENCE_HV_LA_MF_0005|FUN=TCPHandler:: setUID |2|msg:uid=-55
01-01 00:37:04.177  2677 12675 W ANDR_PERSISTENCY_CLIENT: SWR_PERSISTENCE_HV_LA_MF_0005|FUN=TCPHandler:: setKey |2|msg:uid=-55
01-01 00:37:04.178  2677 12675 W ANDR_PERSISTENCY_CLIENT: SWR_PERSISTENCE_HV_LA_MF_0005|FUN=TCPHandler::setCommandKey|2|msg:commandKey=5
01-01 00:37:04.178  2677 12675 W ANDR_PERSISTENCY_CLIENT: SWR_PERSISTENCE_HV_LA_MF_0005|FUN=TCPHandler::sendWriteRequestToPersistenceLinux|2|listKey=-55_5;keyString=0x00;key=0;command=cat /proc/diskstats
01-01 00:37:04.178  2677  2725 W ANDR_PERSISTENCY_CLIENT: SWR_PERSISTENCE_HV_LA_MF_0005|FUN=TCPHandler:: getAction |2|msg:getAction=1
01-01 00:37:04.178  2677  2725 W ANDR_PERSISTENCY_CLIENT: SWR_PERSISTENCE_HV_LA_MF_0005|FUN=TCPHandler:: sender:ACTION_REQUEST |2|msg:condition 
01-01 00:37:04.178  2677  2725 W ANDR_PERSISTENCY_CLIENT: SWR_PERSISTENCE_HV_LA_MF_0005|FUN=TCPHandler:: getWrappedData |2|msg: msg com.panasonic.dairse.vcpupersistence.TCPHandler$Message@eea4077
01-01 00:37:04.178  2677  2725 W ANDR_PERSISTENCY_CLIENT: SWR_PERSISTENCE_HV_LA_MF_0005|FUN=TCPHandler::getCommandKey|2|msg:commandKey=5
01-01 00:37:04.178  2677  2725 W ANDR_PERSISTENCY_CLIENT: SWR_PERSISTENCE_HV_LA_MF_0005|FUN=TCPHandler:: intToBytes |2| data 19
01-01 00:37:04.178  2677  2725 W ANDR_PERSISTENCY_CLIENT: SWR_PERSISTENCE_HV_LA_MF_0005|FUN=TCPHandler:: intToBytes |2| data 31
01-01 00:37:04.178  2677  2725 W ANDR_PERSISTENCY_CLIENT: SWR_PERSISTENCE_HV_LA_MF_0005|FUN=TCPHandler:: getUID |2|msg:uid=-55
01-01 00:37:04.178  2677  2725 W ANDR_PERSISTENCY_CLIENT: SWR_PERSISTENCE_HV_LA_MF_0005|FUN=TCPHandler::start|2|msg:sender::msg=[0, 0, 0, 31, 1, -55, 5, 4, 48, 120, 48, 48, 0, 0, 0, 19, 99, 97, 116, 32, 47, 112, 114, 111, 99, 47, 100, 105, 115, 107, 115, 116, 97, 116, 115]
01-01 00:37:04.178  2677  2725 W ANDR_PERSISTENCY_CLIENT: SWR_PERSISTENCE_HV_LA_MF_0005|FUN=TCPHandler:: sender : Thread.interrupted() |2|msg:condition 
01-01 00:37:04.187   635   635 E ANDR-PERF-TARGET: Error: Invalid logical cluster id 0
01-01 00:37:04.187   635   635 E ANDR-PERF-MPCTL: invalid request, no optimizations performed
01-01 00:37:04.189  2677  2726 W ANDR_PERSISTENCY_CLIENT: SWR_PERSISTENCE_HV_LA_MF_0005|FUN=TCPHandler::start|2|msg:receiver::run: size of totalLength 4
01-01 00:37:04.189  2677  2726 W ANDR_PERSISTENCY_CLIENT: SWR_PERSISTENCE_HV_LA_MF_0005|FUN=TCPHandler::start|2|msg:receiver::run: totalLength is > 0
01-01 00:37:04.189  2677  2726 W ANDR_PERSISTENCY_CLIENT: SWR_PERSISTENCE_HV_LA_MF_0005|FUN=TCPHandler::start|2|msg:receiver::response length= 3843
