01-01 00:14:39.239  1151  2264 W ContextImpl: Calling a method in the system process without a qualified user: android.app.ContextImpl.startService:1476 com.android.server.wm.Session.startStatusReceiverServiceOnFlagSet:762 com.android.server.wm.Session.relayout:276 android.view.IWindowSession$Stub.onTransact:286 com.android.server.wm.Session.onTransact:166 
01-01 00:14:39.241  1151  2264 D CompatibilityInfo: mCompatibilityFlags - 4
01-01 00:14:39.241  1151  2264 D CompatibilityInfo: applicationDensity - 240
01-01 00:14:39.241  1151  2264 D CompatibilityInfo: applicationScale - 1.0
01-01 00:14:39.242  1151  2264 D WindowManager: startStatusReceiverServiceOnFlagSet: startService done
01-01 00:14:39.246  1392  1392 W SYSTEM_UI: SWR_SYSTEM_UI_007|FUN=CollapsedStatusBarFragment::getAction |1|Broadcast action --> STATUS_UPDATE_ACTION
01-01 00:14:39.246  1392  1392 W SYSTEM_UI: SWR_SYSTEM_UI_007|FUN=CollapsedStatusBarFragment::getIntExtra |1|NotifySystemUpdates dataType --> 101
01-01 00:14:39.246  1392  1392 W SYSTEM_UI - CI07.3: className -> CollapsedStatusBarFragment | functionName -> NotifySystemUpdates | onReceive -->  | value -> FULLSCREEN MODE CHANGED | isFullScreenStatus --> false | fullScreenPackage -->com.panasonic.hmi2settings | fullscreenLastShownPackage -->null | topActivityPackage --> com.panasonic.hmi2settings
01-01 00:14:39.248  1392  1392 W SYSTEM_UI - CI07.3: className -> CollapsedStatusBarFragment | functionName -> NotifySystemUpdates | onReceive -->  | value -> Fullscreen mode changed --> path 5
01-01 00:14:39.308  1392  1774 D CommandQueue: animate_trace: appTransitionStarting; duration=0;hardcoded forced=false to false
01-01 00:14:39.319   729   748 I sssv-lib: sendMsg enter
01-01 00:14:39.319   729   748 I sssv-lib: sendMsg complete.
01-01 00:14:39.330  1392  1774 D CommandQueue: animate_trace: appTransitionFinished
01-01 00:14:39.338  1151  1192 I ActivityManager: Displayed com.panasonic.hmi2settings/.activity.WifiActivity: +237ms
01-01 00:14:39.344  1151  1192 E ANDR-PERF-JNI: Iop tryGetService failed
01-01 00:14:39.345  1151  2263 D WindowManager: relayout packageName=com.panasonic.hmi2settings::session=Session{c47ecfc 3739:1000}::window=android.view.IWindow$Stub$Proxy@6516465::attrs.flags=null
01-01 00:14:39.345  1151  2263 D WindowManager: relayout >>> FLAG_FULLSCREEN not set in WindowManager.LayoutParams
01-01 00:14:39.345  1151  2263 D WindowManager: startStatusReceiverServiceOnFlagSet: creating intent for action ACTION_ACTIVITY_FULLSCREEN
01-01 00:14:39.345  1151  2263 W ContextImpl: Calling a method in the system process without a qualified user: android.app.ContextImpl.startService:1476 com.android.server.wm.Session.startStatusReceiverServiceOnFlagSet:762 com.android.server.wm.Session.relayout:276 android.view.IWindowSession$Stub.onTransact:286 com.android.server.wm.Session.onTransact:166 
01-01 00:14:39.346  1151  2263 D CompatibilityInfo: mCompatibilityFlags - 4
01-01 00:14:39.346  1151  2263 D CompatibilityInfo: applicationDensity - 240
01-01 00:14:39.346  1151  2263 D CompatibilityInfo: applicationScale - 1.0
01-01 00:14:39.347  1151  2263 D WindowManager: startStatusReceiverServiceOnFlagSet: startService done
01-01 00:14:39.350  1392  1392 W SYSTEM_UI: SWR_SYSTEM_UI_007|FUN=CollapsedStatusBarFragment::getAction |1|Broadcast action --> STATUS_UPDATE_ACTION
01-01 00:14:39.350  1392  1392 W SYSTEM_UI: SWR_SYSTEM_UI_007|FUN=CollapsedStatusBarFragment::getIntExtra |1|NotifySystemUpdates dataType --> 101
01-01 00:14:39.351  1392  1392 W SYSTEM_UI - CI07.3: className -> CollapsedStatusBarFragment | functionName -> NotifySystemUpdates | onReceive -->  | value -> FULLSCREEN MODE CHANGED | isFullScreenStatus --> false | fullScreenPackage -->com.panasonic.hmi2settings | fullscreenLastShownPackage -->null | topActivityPackage --> com.panasonic.hmi2settings
01-01 00:14:39.351  1392  1392 W SYSTEM_UI - CI07.3: className -> CollapsedStatusBarFragment | functionName -> NotifySystemUpdates | onReceive -->  | value -> Fullscreen mode changed --> path 5
01-01 00:14:39.361  1151  2264 D ActivityTrigger: ActivityTrigger activityStopTrigger 
01-01 00:14:39.364  3739  3739 V Activity: back_button: onSaveInstanceState entry:com.panasonic.hmi2settings.activity.WifiManagerActivity@200cf74
01-01 00:14:39.364  3739  3739 V Activity: onSaveInstanceState com.panasonic.hmi2settings.activity.WifiManagerActivity@200cf74: Bundle[{android:viewHierarchyState=Bundle[{android:views={16908290=android.view.AbsSavedState$1@499b012, 2131427430=android.view.AbsSavedState$1@499b012, 2131427431=android.view.AbsSavedState$1@499b012, 2131427450=android.view.AbsSavedState$1@499b012, 2131427452=android.view.AbsSavedState$1@499b012, 2131427460=android.view.AbsSavedState$1@499b012, 2131427507=android.view.AbsSavedState$1@499b012, 2131427508=android.view.AbsSavedState$1@499b012, 2131427509=android.view.AbsSavedState$1@499b012, 2131427510=android.view.AbsSavedState$1@499b012, 2131427511=android.view.AbsSavedState$1@499b012, 2131427512=android.view.AbsSavedState$1@499b012, 2131427513=android.view.AbsSavedState$1@499b012, 2131427514=android.view.AbsSavedState$1@499b012}}], android:lastAutofillId=1073741823, android:fragments=android.app.FragmentManagerState@1c1d099}]
01-01 00:14:39.366  3739  3739 V Activity: onStop com.panasonic.hmi2settings.activity.WifiManagerActivity@200cf74
01-01 00:14:39.993  1151  2264 D WificondControl: Scan result ready event
01-01 00:14:39.994  1151  1323 I WifiService: isScanAlwaysAvailable uid=1000
01-01 00:14:39.994  1151  1323 I WifiService: getWifiEnabledState uid=1000
01-01 00:14:39.994   921  1439 I LOWI-8.5.0.3.c: [LOWI-Scan] lowi_close_record:Scan completed in 860034ms and Recieved 45 APs scan results
01-01 00:14:39.995   808   808 I wificond: Enters wifigbk_ageOutHistory
01-01 00:14:39.997   921   961 I LOWI-8.5.0.3.c: [LOWIUtils] responseToOutPostcard - TO: GTP-FDAL, FROM:   LOWI-SERVER, RESP:  LOWI_ASYNC_DISCOVERY_SCAN_RESULTS
01-01 00:14:40.002  1151  1323 D WificondScannerImpl: Filtering out 3 scan results.
01-01 00:14:40.002  1151  1323 I WifiService: isScanAlwaysAvailable uid=1000
01-01 00:14:40.002  1151  1323 I WifiService: getWifiEnabledState uid=1000
01-01 00:14:40.005  1151  1317 D ScanResultUtil: isScanResultForWapiPskNetwork: false
01-01 00:14:40.006  1151  1317 I chatty  : uid=1000(system) WifiStateMachin identical 22 lines
01-01 00:14:40.006  1151  1317 D ScanResultUtil: isScanResultForWapiPskNetwork: false
01-01 00:14:40.006   924   979 W XTCC-6.1.2.10-a: [LOWIUtils] to_eScanTypeResponse - default case
01-01 00:14:40.006  1151  1317 D ScanResultUtil: isScanResultForWapiPskNetwork: false
01-01 00:14:40.006   924   979 W XTCC-6.1.2.10-a: [WifiScanner] WiFi scan result : [45] AP's, async result: 1
01-01 00:14:40.006  1151  1317 D ScanResultUtil: isScanResultForWapiPskNetwork: false
01-01 00:14:40.006  1151  1317 I chatty  : uid=1000(system) WifiStateMachin identical 4 lines
01-01 00:14:40.006  1151  1317 D ScanResultUtil: isScanResultForWapiPskNetwork: false
01-01 00:14:40.006  2145  2145 D HMI_SERVICE: USE_CASE_NA|FUN=HmiApplication| [action] android.net.wifi.SCAN_RESULTS
01-01 00:14:40.006  1151  1317 D ScanResultUtil: isScanResultForWapiPskNetwork: false
01-01 00:14:40.007  1151  1317 I chatty  : uid=1000(system) WifiStateMachin identical 5 lines
01-01 00:14:40.007  1151  1317 D ScanResultUtil: isScanResultForWapiPskNetwork: false
01-01 00:14:40.007  3739  3739 E HMI2-SETTINGS - CI08.4: className -> WifiActivity | functionName -> mWifiScanReceiver -> onReceive | error ->intent_action:android.net.wifi.SCAN_RESULTS
01-01 00:14:40.007  1151  1317 D ScanResultUtil: isScanResultForWapiPskNetwork: false
01-01 00:14:40.007  1151  1317 I chatty  : uid=1000(system) WifiStateMachin identical 11 lines
01-01 00:14:40.007  1151  1317 D ScanResultUtil: isScanResultForWapiPskNetwork: false
01-01 00:14:40.007  1151  2264 I WifiService: getWifiEnabledState uid=1000
01-01 00:14:40.007  1151  1317 D ScanResultUtil: isScanResultForWapiPskNetwork: false
01-01 00:14:40.007  1151  1317 I chatty  : uid=1000(system) WifiStateMachin identical 3 lines
01-01 00:14:40.007  1151  1317 D ScanResultUtil: isScanResultForWapiPskNetwork: false
01-01 00:14:40.008  1151  1317 W WifiConfigManager: Looking up network with invalid networkId -1
01-01 00:14:40.008  1151  2264 I WifiService: getConfiguredNetworks uid=1000
01-01 00:14:40.009  1151  1317 D ScanResultUtil: isScanResultForWapiPskNetwork: false
01-01 00:14:40.010  1151  1317 I chatty  : uid=1000(system) WifiStateMachin identical 26 lines
01-01 00:14:40.010  1151  1317 D ScanResultUtil: isScanResultForWapiPskNetwork: false
01-01 00:14:40.011  3739  3739 W HMI2-SETTINGS: SWR_BAIDU_HMI_0027|SWR_BAIDU_HMI_0015|FUN=WifiActivity::getScanResults|1|Get list of available wifi hotspots.
01-01 00:14:40.018  3739  3739 W HMI2-SETTINGS - CI08.4: className -> WifiActivity | functionName -> isWapiVariantBlocked | value -> security_type:2
01-01 00:14:40.018  3739  3739 W HMI2-SETTINGS - CI08.4: className -> WifiActivity | functionName -> isInConnected | value -> |ACSIA_CORP1|0|2
01-01 00:14:40.018  3739  3739 W HMI2-SETTINGS - CI08.4: className -> WifiActivity | functionName -> isWapiVariantBlocked | value -> security_type:2
01-01 00:14:40.018  3739  3739 W HMI2-SETTINGS - CI08.4: className -> WifiActivity | functionName -> isInConnected | value -> | ACSIA_CORP3|0|2
01-01 00:14:40.018  3739  3739 W HMI2-SETTINGS - CI08.4: className -> WifiActivity | functionName -> isWapiVariantBlocked | value -> security_type:2
01-01 00:14:40.018  3739  3739 W HMI2-SETTINGS - CI08.4: className -> WifiActivity | functionName -> isInConnected | value -> |ACSIA_GUEST1|0|2
01-01 00:14:40.018  3739  3739 W HMI2-SETTINGS - CI08.4: className -> WifiActivity | functionName -> isWapiVariantBlocked | value -> security_type:2
01-01 00:14:40.018  3739  3739 W HMI2-SETTINGS - CI08.4: className -> WifiActivity | functionName -> isInConnected | value -> |ACSIA_CORP2|0|2
01-01 00:14:40.018  3739  3739 W HMI2-SETTINGS - CI08.4: className -> WifiActivity | functionName -> isWapiVariantBlocked | value -> security_type:2
01-01 00:14:40.018  3739  3739 W HMI2-SETTINGS - CI08.4: className -> WifiActivity | functionName -> isInConnected | value -> |ACSIA_DEV|0|2
01-01 00:14:40.018  3739  3739 W HMI2-SETTINGS - CI08.4: className -> WifiActivity | functionName -> isWapiVariantBlocked | value -> security_type:2
01-01 00:14:40.018  3739  3739 W HMI2-SETTINGS - CI08.4: className -> WifiActivity | functionName -> isInConnected | value -> |RSE_Test|0|2
01-01 00:14:40.018  3739  3739 W HMI2-SETTINGS - CI08.4: className -> WifiActivity | functionName -> isWapiVariantBlocked | value -> security_type:2
01-01 00:14:40.019  3739  3739 W HMI2-SETTINGS - CI08.4: className -> WifiActivity | functionName -> isInConnected | value -> |ACSIA_Management|0|2
01-01 00:14:40.019  3739  3739 W HMI2-SETTINGS - CI08.4: className -> WifiActivity | functionName -> isWapiVariantBlocked | value -> security_type:2
01-01 00:14:40.019  3739  3739 W HMI2-SETTINGS - CI08.4: className -> WifiActivity | functionName -> isInConnected | value -> |NETGEAR66-5G|0|2
01-01 00:14:40.019  3739  3739 W HMI2-SETTINGS - CI08.4: className -> WifiActivity | functionName -> isWapiVariantBlocked | value -> security_type:2
01-01 00:14:40.019  3739  3739 W HMI2-SETTINGS - CI08.4: className -> WifiActivity | functionName -> isInConnected | value -> |Secure|0|2
01-01 00:14:40.019  3739  3739 W HMI2-SETTINGS - CI08.4: className -> WifiActivity | functionName -> isWapiVariantBlocked | value -> security_type:2
01-01 00:14:40.019  3739  3739 W HMI2-SETTINGS - CI08.4: className -> WifiActivity | functionName -> isInConnected | value -> |ACSIA_CORP1|0|2
01-01 00:14:40.019  3739  3739 W HMI2-SETTINGS - CI08.4: className -> WifiActivity | functionName -> isWapiVariantBlocked | value -> security_type:2
01-01 00:14:40.019  3739  3739 W HMI2-SETTINGS - CI08.4: className -> WifiActivity | functionName -> isInConnected | value -> |ACSIA_CORP2|0|2
01-01 00:14:40.019  3739  3739 W HMI2-SETTINGS - CI08.4: className -> WifiActivity | functionName -> isWapiVariantBlocked | value -> security_type:2
01-01 00:14:40.019  3739  3739 W HMI2-SETTINGS - CI08.4: className -> WifiActivity | functionName -> isInConnected | value -> |ACSIA_Management|0|2
01-01 00:14:40.019  3739  3739 W HMI2-SETTINGS - CI08.4: className -> WifiActivity | functionName -> isWapiVariantBlocked | value -> security_type:2
01-01 00:14:40.019  3739  3739 W HMI2-SETTINGS - CI08.4: className -> WifiActivity | functionName -> isInConnected | value -> | ACSIA_CORP3|0|2
01-01 00:14:40.019  3739  3739 W HMI2-SETTINGS - CI08.4: className -> WifiActivity | functionName -> isWapiVariantBlocked | value -> security_type:2
01-01 00:14:40.019  3739  3739 W HMI2-SETTINGS - CI08.4: className -> WifiActivity | functionName -> isInConnected | value -> |RSE_Test|0|2
01-01 00:14:40.019  3739  3739 W HMI2-SETTINGS - CI08.4: className -> WifiActivity | functionName -> isWapiVariantBlocked | value -> security_type:2
01-01 00:14:40.019  3739  3739 W HMI2-SETTINGS - CI08.4: className -> WifiActivity | functionName -> isInConnected | value -> |ACSIA_GUEST1|0|2
01-01 00:14:40.019  3739  3739 W HMI2-SETTINGS - CI08.4: className -> WifiActivity | functionName -> isWapiVariantBlocked | value -> security_type:2
01-01 00:14:40.019  3739  3739 W HMI2-SETTINGS - CI08.4: className -> WifiActivity | functionName -> isInConnected | value -> |ACSIA_DEV|0|2
01-01 00:14:40.019  3739  3739 W HMI2-SETTINGS - CI08.4: className -> WifiActivity | functionName -> isWapiVariantBlocked | value -> security_type:2
01-01 00:14:40.019  3739  3739 W HMI2-SETTINGS - CI08.4: className -> WifiActivity | functionName -> isInConnected | value -> |HUWIFI|0|2
01-01 00:14:40.019  3739  3739 W HMI2-SETTINGS - CI08.4: className -> WifiActivity | functionName -> isWapiVariantBlocked | value -> security_type:2
01-01 00:14:40.019  3739  3739 W HMI2-SETTINGS - CI08.4: className -> WifiActivity | functionName -> isInConnected | value -> |DIRECT-vQINLT044msmJ|0|2
01-01 00:14:40.019  3739  3739 W HMI2-SETTINGS - CI08.4: className -> WifiActivity | functionName -> isWapiVariantBlocked | value -> security_type:2
01-01 00:14:40.019  3739  3739 W HMI2-SETTINGS - CI08.4: className -> WifiActivity | functionName -> isInConnected | value -> |AUTOMATION_TEST|0|2
01-01 00:14:40.019  3739  3739 W HMI2-SETTINGS - CI08.4: className -> WifiActivity | functionName -> isWapiVariantBlocked | value -> security_type:2
01-01 00:14:40.019  3739  3739 W HMI2-SETTINGS - CI08.4: className -> WifiActivity | functionName -> isInConnected | value -> |ACSIA_CORP2|0|2
01-01 00:14:40.019  3739  3739 W HMI2-SETTINGS - CI08.4: className -> WifiActivity | functionName -> isWapiVariantBlocked | value -> security_type:2
01-01 00:14:40.019  3739  3739 W HMI2-SETTINGS - CI08.4: className -> WifiActivity | functionName -> isInConnected | value -> |ACSIA_CORP1|0|2
01-01 00:14:40.019  3739  3739 W HMI2-SETTINGS - CI08.4: className -> WifiActivity | functionName -> isWapiVariantBlocked | value -> security_type:2
01-01 00:14:40.019  3739  3739 W HMI2-SETTINGS - CI08.4: className -> WifiActivity | functionName -> isInConnected | value -> |ACSIA_GUEST1|0|2
01-01 00:14:40.019  3739  3739 W HMI2-SETTINGS - CI08.4: className -> WifiActivity | functionName -> isWapiVariantBlocked | value -> security_type:2
01-01 00:14:40.019  3739  3739 W HMI2-SETTINGS - CI08.4: className -> WifiActivity | functionName -> isInConnected | value -> |ACSIA_DEV|0|2
01-01 00:14:40.019  3739  3739 W HMI2-SETTINGS - CI08.4: className -> WifiActivity | functionName -> isWapiVariantBlocked | value -> security_type:2
01-01 00:14:40.019  3739  3739 W HMI2-SETTINGS - CI08.4: className -> WifiActivity | functionName -> isInConnected | value -> |RSE_Test|0|2
01-01 00:14:40.019  3739  3739 W HMI2-SETTINGS - CI08.4: className -> WifiActivity | functionName -> isWapiVariantBlocked | value -> security_type:2
01-01 00:14:40.019  3739  3739 W HMI2-SETTINGS - CI08.4: className -> WifiActivity | functionName -> isInConnected | value -> | ACSIA_CORP3|0|2
01-01 00:14:40.019  3739  3739 W HMI2-SETTINGS - CI08.4: className -> WifiActivity | functionName -> isWapiVariantBlocked | value -> security_type:2
01-01 00:14:40.020  3739  3739 W HMI2-SETTINGS - CI08.4: className -> WifiActivity | functionName -> isInConnected | value -> |ACSIA_Management|0|2
01-01 00:14:40.020  3739  3739 W HMI2-SETTINGS - CI08.4: className -> WifiActivity | functionName -> isWapiVariantBlocked | value -> security_type:2
01-01 00:14:40.020  3739  3739 W HMI2-SETTINGS - CI08.4: className -> WifiActivity | functionName -> isInConnected | value -> |DIRECT-DMATCLWI2064msNL|0|2
01-01 00:14:40.020  3739  3739 W HMI2-SETTINGS - CI08.4: className -> WifiActivity | functionName -> isWapiVariantBlocked | value -> security_type:2
01-01 00:14:40.020  3739  3739 W HMI2-SETTINGS - CI08.4: className -> WifiActivity | functionName -> isInConnected | value -> |MB Hotspot 61185|0|2
01-01 00:14:40.020  3739  3739 W HMI2-SETTINGS - CI08.4: className -> WifiActivity | functionName -> handleAllAvailNetwork | value -> savedNetwork ->0
01-01 00:14:40.020  3739  3739 W HMI2-SETTINGS - CI08.4: className -> WifiActivity | functionName -> handleAllAvailNetwork | value -> presentVisibleNetwork ->28
01-01 00:14:40.022  3739  3739 W HMI2-SETTINGS - CI08.4: className -> WifiActivity | functionName -> handleIfWifiAvailableNetworks: config is  | value -> null
01-01 00:14:40.036  3675  6980 D UIAutomatorStub: URI: /jsonrpc/0, Method: POST, Header: {content-length=274, remote-addr=127.0.0.1, http-client-ip=127.0.0.1, host=localhost:9009, content-type=application/json, connection=close, accept-encoding=identity, user-agent=Python-urllib/2.7}, params, {NanoHttpd.QUERY_STRING=null}, files: {postData={"params": [{"childOrSiblingSelector": [], "scrollable": true, "mask": 16384, "childOrSibling": []}, {"childOrSiblingSelector": [], "text": "RSE_Test", "mask": 1, "childOrSibling": []}, true], "jsonrpc": "2.0", "method": "scrollTo", "id": "1018b14b67cafd68dc8599bf657e5b29"}}
01-01 00:14:40.320   729   748 I sssv-lib: sendMsg enter
01-01 00:14:40.320   729   748 I sssv-lib: sendMsg complete.
01-01 00:14:40.495  1933  1957 D LCMANDR : SWR_OOB_HV_MF_009|FUN=LifeCycleManagerService::LifeCycle_ReportCompStatus|GOT ALIVENESS SIGNAL FROM DAIAPP : [0]; HB Counter = [ 340 ]; STATUS INFO = [ 0 ]
01-01 00:14:40.496  1519  1964 I Connectivity_AIDL|AIDL_Handler.AIDL_Helpers.LcmHelper: MBUX App Method: KeepAliveTest |Line No: 408 |Log Type: Critical |Message: ChildThread:MBUX-App HB Count: 342, ResponseCode: 0
01-01 00:14:40.689  3675  6980 D UiScrollable: scrollToBeginning() on selector = UiSelector[SCROLLABLE=true]
01-01 00:14:40.690  3675  6980 D UiScrollable: scrollBackward() on selector = UiSelector[SCROLLABLE=true]
01-01 00:14:40.696  3675  6980 I QueryController: Matched selector: UiSelector[SCROLLABLE=true] <<==>> [android.view.accessibility.AccessibilityNodeInfo@c8e8fc; boundsInParent: Rect(0, 0 - 1332, 889); boundsInScreen: Rect(305, 172 - 1637, 1061); packageName: com.panasonic.hmi2settings; className: android.widget.ScrollView; text: null; error: null; maxTextLength: -1; contentDescription: null; viewIdResName: com.panasonic.hmi2settings:id/scrollWifi; checkable: false; checked: false; focusable: true; focused: false; selected: false; clickable: false; longClickable: false; contextClickable: false; enabled: true; password: false; scrollable: true; importantForAccessibility: true; actions: [AccessibilityAction: ACTION_FOCUS - null, AccessibilityAction: ACTION_SELECT - null, AccessibilityAction: ACTION_CLEAR_SELECTION - null, AccessibilityAction: ACTION_ACCESSIBILITY_FOCUS - null, AccessibilityAction: ACTION_SCROLL_FORWARD - null, AccessibilityAction: ACTION_SHOW_ON_SCREEN - null]]
01-01 00:14:40.696  3675  6980 D UiScrollable: scrollToBegining() using vertical scroll
01-01 00:14:40.696  3675  6980 D InteractionController: scrollSwipe (971, 260, 971, 973, 55)
01-01 00:14:40.827   625   625 D WifiHAL : Start get packet fate command
01-01 00:14:40.827   625   625 D WifiHAL : createRequest Get Tx packet fate request
01-01 00:14:40.828   625   625 E WifiHAL : Failed to register get pkt fate response; result = -95
01-01 00:14:40.829  1151  1317 E WifiVendorHal: getTxPktFates(l.2067) failed {.code = ERROR_UNKNOWN, .description = errno: -95 (Unknown error -95)}
01-01 00:14:40.831   625   625 D WifiHAL : Start get packet fate command
01-01 00:14:40.831   625   625 D WifiHAL : createRequest Get Rx packet fate request
01-01 00:14:40.831   625   625 E WifiHAL : Failed to register get pkt fate response; result = -95
01-01 00:14:40.832  1151  1317 E WifiVendorHal: getRxPktFates(l.2107) failed {.code = ERROR_UNKNOWN, .description = errno: -95 (Unknown error -95)}
01-01 00:14:40.916   625   625 D WifiHAL : Start get packet fate command
01-01 00:14:40.916   625   625 D WifiHAL : createRequest Get Tx packet fate request
01-01 00:14:40.916   625   625 E WifiHAL : Failed to register get pkt fate response; result = -95
01-01 00:14:40.917  1151  1317 E WifiVendorHal: getTxPktFates(l.2067) failed {.code = ERROR_UNKNOWN, .description = errno: -95 (Unknown error -95)}
01-01 00:14:40.917   625   625 D WifiHAL : Start get packet fate command
01-01 00:14:40.917   625   625 D WifiHAL : createRequest Get Rx packet fate request
01-01 00:14:40.917   625   625 E WifiHAL : Failed to register get pkt fate response; result = -95
01-01 00:14:40.918  1151  1317 E WifiVendorHal: getRxPktFates(l.2107) failed {.code = ERROR_UNKNOWN, .description = errno: -95 (Unknown error -95)}
01-01 00:14:41.179  1933  1933 I LCMANDR : SWR_OOB_HV_MF_009|FUN=ResourceMonitoringService::movingMemoryAverage|2|Moving memory average :26.545923
01-01 00:14:41.179  1933  1933 W LCMANDR : SWR_OOB_HV_MF_009|FUN=ResourceMonitoringService::getCpuUsageStatistic|Moving MEM AVG :::::::::26.545923
01-01 00:14:41.181  1933  1933 W LCMANDR : SWR_OOB_HV_MF_009|FUN=ResourceMonitoringService::getCpuUsageStatistic|2|Total cpu usage :26.225769
01-01 00:14:41.181  1933  1933 I LCMANDR : SWR_OOB_HV_MF_009|FUN=ResourceMonitoringService::getCpuUsageStatistic|Cpu usage of core  0 is28.082191
01-01 00:14:41.181  1933  1933 I LCMANDR : SWR_OOB_HV_MF_009|FUN=ResourceMonitoringService::getCpuUsageStatistic|Cpu usage of core  1 is23.024055
01-01 00:14:41.181  1933  1933 I LCMANDR : SWR_OOB_HV_MF_009|FUN=ResourceMonitoringService::getCpuUsageStatistic|Cpu usage of core  2 is27.55102
01-01 00:14:41.181  1933  1933 I LCMANDR : ResourceMonitoringService::movingCpuAverage()
01-01 00:14:41.181  1933  1933 I LCMANDR : SWR_OOB_HV_MF_009|FUN=ResourceMonitoringService::movingCpuAverage|2|Moving window average of CPU 21.945969
01-01 00:14:41.181  1933  1933 I LCMANDR : SWR_OOB_HV_MF_009|FUN=ResourceMonitoringService::movingCpuAverage|2|Cpu moving average of core  0 is24.087955
01-01 00:14:41.181  1933  1933 I LCMANDR : SWR_OOB_HV_MF_009|FUN=ResourceMonitoringService::movingCpuAverage|2|Cpu moving average of core  1 is19.172016
01-01 00:14:41.181  1933  1933 I LCMANDR : SWR_OOB_HV_MF_009|FUN=ResourceMonitoringService::movingCpuAverage|2|Cpu moving average of core  2 is22.536844
01-01 00:14:41.181  1933  1933 D LCMANDR : SWR_OOB_HV_MF_009|FUN=ResourceMonitoringService::movingCpuAverage|2|Exiting VAL = 21.945969
01-01 00:14:41.320   729   748 I sssv-lib: sendMsg enter
01-01 00:14:41.320   729   748 I sssv-lib: sendMsg complete.
01-01 00:14:41.545   635   635 E ANDR-PERF-TARGET: Error: Invalid logical cluster id 0
01-01 00:14:41.545   635   635 E ANDR-PERF-MPCTL: invalid request, no optimizations performed
01-01 00:14:41.561   635   635 E ANDR-PERF-TARGET: Error: Invalid logical cluster id 0
01-01 00:14:41.561   635   635 E ANDR-PERF-MPCTL: invalid request, no optimizations performed
01-01 00:14:41.578   635   635 E ANDR-PERF-TARGET: Error: Invalid logical cluster id 0
01-01 00:14:41.578   635   635 E ANDR-PERF-MPCTL: invalid request, no optimizations performed
01-01 00:14:41.595   635   635 E ANDR-PERF-TARGET: Error: Invalid logical cluster id 0
01-01 00:14:41.595   635   635 E ANDR-PERF-MPCTL: invalid request, no optimizations performed
01-01 00:14:41.611   635   635 E ANDR-PERF-TARGET: Error: Invalid logical cluster id 0
01-01 00:14:41.612   635   635 E ANDR-PERF-MPCTL: invalid request, no optimizations performed
01-01 00:14:41.612   635   635 E ANDR-PERF-TARGET: Error: Invalid logical cluster id 0
01-01 00:14:41.612   635   635 E ANDR-PERF-MPCTL: invalid request, no optimizations performed
01-01 00:14:41.628   635   635 E ANDR-PERF-TARGET: Error: Invalid logical cluster id 0
01-01 00:14:41.628   635   635 E ANDR-PERF-MPCTL: invalid request, no optimizations performed
01-01 00:14:41.635  1933  1957 D LCMANDR : SWR_OOB_HV_MF_009|FUN=LifeCycleManagerService::LifeCycle_ReportCompStatus|GOT ALIVENESS SIGNAL FROM DAIAPP : [0]; HB Counter = [ 341 ]; STATUS INFO = [ 0 ]
01-01 00:14:41.635  1519  1519 I Connectivity_AIDL|AIDL_Handler.AIDL_Helpers.LcmHelper: MBUX App Method: KeepAliveTest |Line No: 408 |Log Type: Critical |Message: MainThread:MBUX-App HB Count: 343, ResponseCode: 0
01-01 00:14:41.645   635   635 E ANDR-PERF-TARGET: Error: Invalid logical cluster id 0
01-01 00:14:41.645   635   635 E ANDR-PERF-MPCTL: invalid request, no optimizations performed
01-01 00:14:41.662   635   635 E ANDR-PERF-TARGET: Error: Invalid logical cluster id 0
01-01 00:14:41.662   635   635 E ANDR-PERF-MPCTL: invalid request, no optimizations performed
01-01 00:14:41.678   635   635 E ANDR-PERF-TARGET: Error: Invalid logical cluster id 0
01-01 00:14:41.678   635   635 E ANDR-PERF-MPCTL: invalid request, no optimizations performed
01-01 00:14:41.695   635   635 E ANDR-PERF-TARGET: Error: Invalid logical cluster id 0
01-01 00:14:41.695   635   635 E ANDR-PERF-MPCTL: invalid request, no optimizations performed
01-01 00:14:41.712   635   635 E ANDR-PERF-TARGET: Error: Invalid logical cluster id 0
01-01 00:14:41.712   635   635 E ANDR-PERF-MPCTL: invalid request, no optimizations performed
01-01 00:14:41.728   635   635 E ANDR-PERF-TARGET: Error: Invalid logical cluster id 0
01-01 00:14:41.729   635   635 E ANDR-PERF-MPCTL: invalid request, no optimizations performed
01-01 00:14:41.745   635   635 E ANDR-PERF-TARGET: Error: Invalid logical cluster id 0
01-01 00:14:41.745   635   635 E ANDR-PERF-MPCTL: invalid request, no optimizations performed
01-01 00:14:41.762   635   635 E ANDR-PERF-TARGET: Error: Invalid logical cluster id 0
01-01 00:14:41.762   635   635 E ANDR-PERF-MPCTL: invalid request, no optimizations performed
01-01 00:14:41.779   635   635 E ANDR-PERF-TARGET: Error: Invalid logical cluster id 0
01-01 00:14:41.779   635   635 E ANDR-PERF-MPCTL: invalid request, no optimizations performed
01-01 00:14:41.795   635   635 E ANDR-PERF-TARGET: Error: Invalid logical cluster id 0
01-01 00:14:41.795   635   635 E ANDR-PERF-MPCTL: invalid request, no optimizations performed
01-01 00:14:41.805  3675  6980 W InteractionController: runAndwaitForEvents timed out waiting for events
01-01 00:14:41.812   635   635 E ANDR-PERF-TARGET: Error: Invalid logical cluster id 0
01-01 00:14:41.812  3675  6980 D UiScrollable: scrollForward() on selector = UiSelector[SCROLLABLE=true]
01-01 00:14:41.812   635   635 E ANDR-PERF-MPCTL: invalid request, no optimizations performed
01-01 00:14:41.821  3675  6980 I QueryController: Matched selector: UiSelector[SCROLLABLE=true] <<==>> [android.view.accessibility.AccessibilityNodeInfo@c8e8fc; boundsInParent: Rect(0, 0 - 1332, 889); boundsInScreen: Rect(305, 172 - 1637, 1061); packageName: com.panasonic.hmi2settings; className: android.widget.ScrollView; text: null; error: null; maxTextLength: -1; contentDescription: null; viewIdResName: com.panasonic.hmi2settings:id/scrollWifi; checkable: false; checked: false; focusable: true; focused: false; selected: false; clickable: false; longClickable: false; contextClickable: false; enabled: true; password: false; scrollable: true; importantForAccessibility: true; actions: [AccessibilityAction: ACTION_FOCUS - null, AccessibilityAction: ACTION_SELECT - null, AccessibilityAction: ACTION_CLEAR_SELECTION - null, AccessibilityAction: ACTION_ACCESSIBILITY_FOCUS - null, AccessibilityAction: ACTION_SCROLL_FORWARD - null, AccessibilityAction: ACTION_SHOW_ON_SCREEN - null]]
01-01 00:14:41.821  3675  6980 D InteractionController: scrollSwipe (971, 973, 971, 260, 55)
01-01 00:14:41.829   635   635 E ANDR-PERF-TARGET: Error: Invalid logical cluster id 0
01-01 00:14:41.829   635   635 E ANDR-PERF-MPCTL: invalid request, no optimizations performed
01-01 00:14:41.845   635   635 E ANDR-PERF-TARGET: Error: Invalid logical cluster id 0
01-01 00:14:41.845   635   635 E ANDR-PERF-MPCTL: invalid request, no optimizations performed
01-01 00:14:41.862   635   635 E ANDR-PERF-TARGET: Error: Invalid logical cluster id 0
01-01 00:14:41.862   635   635 E ANDR-PERF-MPCTL: invalid request, no optimizations performed
01-01 00:14:41.879   635   635 E ANDR-PERF-TARGET: Error: Invalid logical cluster id 0
01-01 00:14:41.879   635   635 E ANDR-PERF-MPCTL: invalid request, no optimizations performed
01-01 00:14:41.895   635   635 E ANDR-PERF-TARGET: Error: Invalid logical cluster id 0
01-01 00:14:41.896   635   635 E ANDR-PERF-MPCTL: invalid request, no optimizations performed
01-01 00:14:41.912   635   635 E ANDR-PERF-TARGET: Error: Invalid logical cluster id 0
01-01 00:14:41.912   635   635 E ANDR-PERF-MPCTL: invalid request, no optimizations performed
01-01 00:14:41.929   635   635 E ANDR-PERF-TARGET: Error: Invalid logical cluster id 0
01-01 00:14:41.929   635   635 E ANDR-PERF-MPCTL: invalid request, no optimizations performed
01-01 00:14:41.946   635   635 E ANDR-PERF-TARGET: Error: Invalid logical cluster id 0
01-01 00:14:41.946   635   635 E ANDR-PERF-MPCTL: invalid request, no optimizations performed
01-01 00:14:41.962   635   635 E ANDR-PERF-TARGET: Error: Invalid logical cluster id 0
01-01 00:14:41.962   635   635 E ANDR-PERF-MPCTL: invalid request, no optimizations performed
01-01 00:14:41.979   635   635 E ANDR-PERF-TARGET: Error: Invalid logical cluster id 0
01-01 00:14:41.979   635   635 E ANDR-PERF-MPCTL: invalid request, no optimizations performed
01-01 00:14:41.996   635   635 E ANDR-PERF-TARGET: Error: Invalid logical cluster id 0
01-01 00:14:41.996   635   635 E ANDR-PERF-MPCTL: invalid request, no optimizations performed
01-01 00:14:42.012   635   635 E ANDR-PERF-TARGET: Error: Invalid logical cluster id 0
01-01 00:14:42.012   635   635 E ANDR-PERF-MPCTL: invalid request, no optimizations performed
01-01 00:14:42.029   635   635 E ANDR-PERF-TARGET: Error: Invalid logical cluster id 0
01-01 00:14:42.029   635   635 E ANDR-PERF-MPCTL: invalid request, no optimizations performed
01-01 00:14:42.046   635   635 E ANDR-PERF-TARGET: Error: Invalid logical cluster id 0
01-01 00:14:42.046   635   635 E ANDR-PERF-MPCTL: invalid request, no optimizations performed
01-01 00:14:42.063   635   635 E ANDR-PERF-TARGET: Error: Invalid logical cluster id 0
01-01 00:14:42.063   635   635 E ANDR-PERF-MPCTL: invalid request, no optimizations performed
01-01 00:14:42.079   635   635 E ANDR-PERF-TARGET: Error: Invalid logical cluster id 0
01-01 00:14:42.079   635   635 E ANDR-PERF-MPCTL: invalid request, no optimizations performed
01-01 00:14:42.096   635   635 E ANDR-PERF-TARGET: Error: Invalid logical cluster id 0
01-01 00:14:42.096   635   635 E ANDR-PERF-MPCTL: invalid request, no optimizations performed
01-01 00:14:42.113   635   635 E ANDR-PERF-TARGET: Error: Invalid logical cluster id 0
01-01 00:14:42.113   635   635 E ANDR-PERF-MPCTL: invalid request, no optimizations performed
01-01 00:14:42.129   635   635 E ANDR-PERF-TARGET: Error: Invalid logical cluster id 0
01-01 00:14:42.129   635   635 E ANDR-PERF-MPCTL: invalid request, no optimizations performed
01-01 00:14:42.146   635   635 E ANDR-PERF-TARGET: Error: Invalid logical cluster id 0
01-01 00:14:42.146   635   635 E ANDR-PERF-MPCTL: invalid request, no optimizations performed
01-01 00:14:42.163   635   635 E ANDR-PERF-TARGET: Error: Invalid logical cluster id 0
01-01 00:14:42.163   635   635 E ANDR-PERF-MPCTL: invalid request, no optimizations performed
01-01 00:14:42.179   635   635 E ANDR-PERF-TARGET: Error: Invalid logical cluster id 0
01-01 00:14:42.180   635   635 E ANDR-PERF-MPCTL: invalid request, no optimizations performed
01-01 00:14:42.196   635   635 E ANDR-PERF-TARGET: Error: Invalid logical cluster id 0
01-01 00:14:42.196   635   635 E ANDR-PERF-MPCTL: invalid request, no optimizations performed
01-01 00:14:42.213   635   635 E ANDR-PERF-TARGET: Error: Invalid logical cluster id 0
01-01 00:14:42.213   635   635 E ANDR-PERF-MPCTL: invalid request, no optimizations performed
01-01 00:14:42.229   635   635 E ANDR-PERF-TARGET: Error: Invalid logical cluster id 0
01-01 00:14:42.230   635   635 E ANDR-PERF-MPCTL: invalid request, no optimizations performed
01-01 00:14:42.246   635   635 E ANDR-PERF-TARGET: Error: Invalid logical cluster id 0
01-01 00:14:42.246   635   635 E ANDR-PERF-MPCTL: invalid request, no optimizations performed
01-01 00:14:42.263   635   635 E ANDR-PERF-TARGET: Error: Invalid logical cluster id 0
01-01 00:14:42.263   635   635 E ANDR-PERF-MPCTL: invalid request, no optimizations performed
01-01 00:14:42.280   635   635 E ANDR-PERF-TARGET: Error: Invalid logical cluster id 0
01-01 00:14:42.280   635   635 E ANDR-PERF-MPCTL: invalid request, no optimizations performed
01-01 00:14:42.296   635   635 E ANDR-PERF-TARGET: Error: Invalid logical cluster id 0
01-01 00:14:42.296   635   635 E ANDR-PERF-MPCTL: invalid request, no optimizations performed
01-01 00:14:42.313   635   635 E ANDR-PERF-TARGET: Error: Invalid logical cluster id 0
01-01 00:14:42.313   635   635 E ANDR-PERF-MPCTL: invalid request, no optimizations performed
01-01 00:14:42.321   729   748 I sssv-lib: sendMsg enter
01-01 00:14:42.321   729   748 I sssv-lib: sendMsg complete.
01-01 00:14:42.330   635   635 E ANDR-PERF-TARGET: Error: Invalid logical cluster id 0
01-01 00:14:42.330   635   635 E ANDR-PERF-MPCTL: invalid request, no optimizations performed
01-01 00:14:42.347   635   635 E ANDR-PERF-TARGET: Error: Invalid logical cluster id 0
01-01 00:14:42.347   635   635 E ANDR-PERF-MPCTL: invalid request, no optimizations performed
01-01 00:14:42.363   635   635 E ANDR-PERF-TARGET: Error: Invalid logical cluster id 0
01-01 00:14:42.363   635   635 E ANDR-PERF-MPCTL: invalid request, no optimizations performed
01-01 00:14:42.380   635   635 E ANDR-PERF-TARGET: Error: Invalid logical cluster id 0
01-01 00:14:42.380   635   635 E ANDR-PERF-MPCTL: invalid request, no optimizations performed
01-01 00:14:42.397   635   635 E ANDR-PERF-TARGET: Error: Invalid logical cluster id 0
01-01 00:14:42.397   635   635 E ANDR-PERF-MPCTL: invalid request, no optimizations performed
01-01 00:14:42.413   635   635 E ANDR-PERF-TARGET: Error: Invalid logical cluster id 0
01-01 00:14:42.413   635   635 E ANDR-PERF-MPCTL: invalid request, no optimizations performed
01-01 00:14:42.430   635   635 E ANDR-PERF-TARGET: Error: Invalid logical cluster id 0
01-01 00:14:42.430   635   635 E ANDR-PERF-MPCTL: invalid request, no optimizations performed
01-01 00:14:42.447   635   635 E ANDR-PERF-TARGET: Error: Invalid logical cluster id 0
01-01 00:14:42.447   635   635 E ANDR-PERF-MPCTL: invalid request, no optimizations performed
01-01 00:14:42.463   635   635 E ANDR-PERF-TARGET: Error: Invalid logical cluster id 0
01-01 00:14:42.463   635   635 E ANDR-PERF-MPCTL: invalid request, no optimizations performed
01-01 00:14:42.480   635   635 E ANDR-PERF-TARGET: Error: Invalid logical cluster id 0
01-01 00:14:42.480   635   635 E ANDR-PERF-MPCTL: invalid request, no optimizations performed
01-01 00:14:42.497   635   635 E ANDR-PERF-TARGET: Error: Invalid logical cluster id 0
01-01 00:14:42.497   635   635 E ANDR-PERF-MPCTL: invalid request, no optimizations performed
01-01 00:14:42.514   635   635 E ANDR-PERF-TARGET: Error: Invalid logical cluster id 0
01-01 00:14:42.514   635   635 E ANDR-PERF-MPCTL: invalid request, no optimizations performed
01-01 00:14:42.530   635   635 E ANDR-PERF-TARGET: Error: Invalid logical cluster id 0
01-01 00:14:42.530   635   635 E ANDR-PERF-MPCTL: invalid request, no optimizations performed
01-01 00:14:42.547   635   635 E ANDR-PERF-TARGET: Error: Invalid logical cluster id 0
01-01 00:14:42.547   635   635 E ANDR-PERF-MPCTL: invalid request, no optimizations performed
01-01 00:14:42.564   635   635 E ANDR-PERF-TARGET: Error: Invalid logical cluster id 0
01-01 00:14:42.564   635   635 E ANDR-PERF-MPCTL: invalid request, no optimizations performed
01-01 00:14:42.580   635   635 E ANDR-PERF-TARGET: Error: Invalid logical cluster id 0
01-01 00:14:42.580   635   635 E ANDR-PERF-MPCTL: invalid request, no optimizations performed
01-01 00:14:42.597   635   635 E ANDR-PERF-TARGET: Error: Invalid logical cluster id 0
01-01 00:14:42.597   635   635 E ANDR-PERF-MPCTL: invalid request, no optimizations performed
01-01 00:14:42.614   635   635 E ANDR-PERF-TARGET: Error: Invalid logical cluster id 0
01-01 00:14:42.614   635   635 E ANDR-PERF-MPCTL: invalid request, no optimizations performed
01-01 00:14:42.630   635   635 E ANDR-PERF-TARGET: Error: Invalid logical cluster id 0
01-01 00:14:42.631   635   635 E ANDR-PERF-MPCTL: invalid request, no optimizations performed
01-01 00:14:42.647   635   635 E ANDR-PERF-TARGET: Error: Invalid logical cluster id 0
01-01 00:14:42.647   635   635 E ANDR-PERF-MPCTL: invalid request, no optimizations performed
01-01 00:14:42.664   635   635 E ANDR-PERF-TARGET: Error: Invalid logical cluster id 0
01-01 00:14:42.664   635   635 E ANDR-PERF-MPCTL: invalid request, no optimizations performed
01-01 00:14:42.680   635   635 E ANDR-PERF-TARGET: Error: Invalid logical cluster id 0
01-01 00:14:42.681   635   635 E ANDR-PERF-MPCTL: invalid request, no optimizations performed
01-01 00:14:42.697   635   635 E ANDR-PERF-TARGET: Error: Invalid logical cluster id 0
01-01 00:14:42.697   635   635 E ANDR-PERF-MPCTL: invalid request, no optimizations performed
01-01 00:14:42.714   635   635 E ANDR-PERF-TARGET: Error: Invalid logical cluster id 0
01-01 00:14:42.714   635   635 E ANDR-PERF-MPCTL: invalid request, no optimizations performed
01-01 00:14:42.730   635   635 E ANDR-PERF-TARGET: Error: Invalid logical cluster id 0
01-01 00:14:42.731   635   635 E ANDR-PERF-MPCTL: invalid request, no optimizations performed
01-01 00:14:42.731   635   635 E ANDR-PERF-TARGET: Error: Invalid logical cluster id 0
01-01 00:14:42.731   635   635 E ANDR-PERF-MPCTL: invalid request, no optimizations performed
01-01 00:14:42.747   635   635 E ANDR-PERF-TARGET: Error: Invalid logical cluster id 0
01-01 00:14:42.747   635   635 E ANDR-PERF-MPCTL: invalid request, no optimizations performed
01-01 00:14:42.764   635   635 E ANDR-PERF-TARGET: Error: Invalid logical cluster id 0
01-01 00:14:42.764   635   635 E ANDR-PERF-MPCTL: invalid request, no optimizations performed
01-01 00:14:42.781   635   635 E ANDR-PERF-TARGET: Error: Invalid logical cluster id 0
01-01 00:14:42.781   635   635 E ANDR-PERF-MPCTL: invalid request, no optimizations performed
01-01 00:14:42.797   635   635 E ANDR-PERF-TARGET: Error: Invalid logical cluster id 0
01-01 00:14:42.797   635   635 E ANDR-PERF-MPCTL: invalid request, no optimizations performed
01-01 00:14:42.814   635   635 E ANDR-PERF-TARGET: Error: Invalid logical cluster id 0
01-01 00:14:42.814   635   635 E ANDR-PERF-MPCTL: invalid request, no optimizations performed
01-01 00:14:42.831   635   635 E ANDR-PERF-TARGET: Error: Invalid logical cluster id 0
01-01 00:14:42.831   635   635 E ANDR-PERF-MPCTL: invalid request, no optimizations performed
01-01 00:14:42.848   635   635 E ANDR-PERF-TARGET: Error: Invalid logical cluster id 0
01-01 00:14:42.848   635   635 E ANDR-PERF-MPCTL: invalid request, no optimizations performed
01-01 00:14:42.864   635   635 E ANDR-PERF-TARGET: Error: Invalid logical cluster id 0
01-01 00:14:42.864   635   635 E ANDR-PERF-MPCTL: invalid request, no optimizations performed
01-01 00:14:42.881   635   635 E ANDR-PERF-TARGET: Error: Invalid logical cluster id 0
01-01 00:14:42.881   635   635 E ANDR-PERF-MPCTL: invalid request, no optimizations performed
01-01 00:14:42.898   635   635 E ANDR-PERF-TARGET: Error: Invalid logical cluster id 0
01-01 00:14:42.898   635   635 E ANDR-PERF-MPCTL: invalid request, no optimizations performed
01-01 00:14:42.914   635   635 E ANDR-PERF-TARGET: Error: Invalid logical cluster id 0
01-01 00:14:42.914   635   635 E ANDR-PERF-MPCTL: invalid request, no optimizations performed
01-01 00:14:42.927  3675  6980 W InteractionController: runAndwaitForEvents timed out waiting for events
01-01 00:14:42.927  3675  6980 D InteractionController: Vertical scrollSwipe reached scroll end: false
01-01 00:14:42.931   635   635 E ANDR-PERF-TARGET: Error: Invalid logical cluster id 0
01-01 00:14:42.931   635   635 E ANDR-PERF-MPCTL: invalid request, no optimizations performed
01-01 00:14:42.948   635   635 E ANDR-PERF-TARGET: Error: Invalid logical cluster id 0
01-01 00:14:42.948   635   635 E ANDR-PERF-MPCTL: invalid request, no optimizations performed
01-01 00:14:42.964   635   635 E ANDR-PERF-TARGET: Error: Invalid logical cluster id 0
01-01 00:14:42.964   635   635 E ANDR-PERF-MPCTL: invalid request, no optimizations performed
01-01 00:14:42.981   635   635 E ANDR-PERF-TARGET: Error: Invalid logical cluster id 0
01-01 00:14:42.981   635   635 E ANDR-PERF-MPCTL: invalid request, no optimizations performed
01-01 00:14:42.998   635   635 E ANDR-PERF-TARGET: Error: Invalid logical cluster id 0
01-01 00:14:42.998   635   635 E ANDR-PERF-MPCTL: invalid request, no optimizations performed
01-01 00:14:43.014   635   635 E ANDR-PERF-TARGET: Error: Invalid logical cluster id 0
01-01 00:14:43.015   635   635 E ANDR-PERF-MPCTL: invalid request, no optimizations performed
01-01 00:14:43.031   635   635 E ANDR-PERF-TARGET: Error: Invalid logical cluster id 0
01-01 00:14:43.031   635   635 E ANDR-PERF-MPCTL: invalid request, no optimizations performed
01-01 00:14:43.048   635   635 E ANDR-PERF-TARGET: Error: Invalid logical cluster id 0
01-01 00:14:43.048   635   635 E ANDR-PERF-MPCTL: invalid request, no optimizations performed
01-01 00:14:43.065   635   635 E ANDR-PERF-TARGET: Error: Invalid logical cluster id 0
01-01 00:14:43.065   635   635 E ANDR-PERF-MPCTL: invalid request, no optimizations performed
01-01 00:14:43.081   635   635 E ANDR-PERF-TARGET: Error: Invalid logical cluster id 0
01-01 00:14:43.081   635   635 E ANDR-PERF-MPCTL: invalid request, no optimizations performed
01-01 00:14:43.098   635   635 E ANDR-PERF-TARGET: Error: Invalid logical cluster id 0
01-01 00:14:43.098   635   635 E ANDR-PERF-MPCTL: invalid request, no optimizations performed
01-01 00:14:43.115   635   635 E ANDR-PERF-TARGET: Error: Invalid logical cluster id 0
01-01 00:14:43.115   635   635 E ANDR-PERF-MPCTL: invalid request, no optimizations performed
01-01 00:14:43.165  1933  1933 D LCMANDR : SWR_OOB_HV_MF_009|FUN=LifeCycleManagerService::getDAIAppAlivenessStatus|Aliveness:: DAIAPP HB DIFF = 2 [ DaimlerAppHBCounter ] = 341[ DaimlerAppHBCounterOld ] = 339
01-01 00:14:43.165  1933  1933 I LCMANDR : SWR_OOB_HV_MF_009|FUN=LifeCycleManagerService::getDAIAppAlivenessStatus|Aliveness::ANDROID HB IS VALID... setting OLD VAL, and resetting Fail Counter
01-01 00:14:43.167  1933  1933 I LCMANDR : SWR_OOB_HV_MF_009|FUN=LifeCycleManagerService::getDAIPID|DAIMLER APP(com.daimler.rse.ntg6) PID is [ 1519 ]
01-01 00:14:43.167  1933  1933 I LCMANDR : SWR_OOB_HV_MF_009|FUN=LifeCycleManagerService::getDAIAPPStatus|Aliveness::SAME PID! DAIAPP is not restarted
01-01 00:14:43.167  1933  1933 W LCMANDR : SWR_OOB_HV_MF_009|FUN=LifeCycleManagerService::getDAIAppAlivenessStatus|Aliveness::Status to send id : ALIVE
01-01 00:14:43.168  1933  1933 D LCMANDR : SWR_OOB_HV_MF_005|FUN=LifeCycleManagerService::sendPacketToLnx|data = [B@8233b1c
01-01 00:14:43.168  1933  1933 D LCMANDR : SWR_OOB_HV_MF_009|FUN=LifeCycleManagerService::postAppsStatusInfo|Setting AppPacket info
01-01 00:14:43.168  1933  1933 I LCMANDR : SWR_OOB_HV_MF_009|FUN=AlivenessMonitoring::getRunningApps| packet sent
01-01 00:14:43.168  1933  1956 D LCMANDR : SWR_OOB_HV_MF_010|FUN=LifeCycleManagerService::RseNodeStateManagement|SEND_IGC_CB
01-01 00:14:43.168  1933  1956 I LCMANDR : SWR_OOB_HV_MF_005|FUN=LifeCycleManagerService::igcsendData|Call hit in RSENodeStateManagement::igcsendData
01-01 00:14:43.168  1933  1956 I LCMANDR : SWR_OOB_HV_MF_005|FUN=LifeCycleManagerService::igcsendData|SEND DATA LEN is : 15
01-01 00:14:43.168  1933  1956 I LCMANDR : SWR_OOB_HV_MF_007|FUN=LifeCycleManagerService::sendPacketFromIntentService|Package to send : [ 65, 0, 0, 0, 9, 0, 2, 0, 1, 0, 5, 65, 65, 0, 0, ]
01-01 00:14:43.168  1933  1956 I IGC     :  IGC::sendData ==> [ 65, 0, 0, 0, 9, 0, 2, 0, 1, 0, 5, 65, 65, 0, 0,  ]
01-01 00:14:43.168  1933  1956 I IGC     :  Igc::sendData data size is :: 15
01-01 00:14:43.168  1933  1956 D         : Enqueue: sem count = 1
01-01 00:14:43.168  1933  1956 I LCMANDR : SWR_OOB_HV_MF_007|FUN=LifeCycleManagerService::sendPacketFromIntentService|Sending Data to Linux is successful( [65, 0, 0, 0, 9, 0, 2, 0, 1, 0, 5, 65, 65, 0, 0] )
01-01 00:14:43.168  1933  1956 I LCMANDR : SWR_OOB_HV_MF_005|FUN=LifeCycleManagerService::igcsendData| DATA SEND SUCCESSFULLY 
01-01 00:14:43.322   729   748 I sssv-lib: sendMsg enter
01-01 00:14:43.322   729   748 I sssv-lib: sendMsg complete.
01-01 00:14:43.633  3675  6980 I QueryController: Matched selector: UiSelector[SCROLLABLE=true, CHILD=UiSelector[TEXT=RSE_Test]] <<==>> [android.view.accessibility.AccessibilityNodeInfo@cae002; boundsInParent: Rect(0, 0 - 1078, 77); boundsInScreen: Rect(354, 491 - 1431, 568); packageName: com.panasonic.hmi2settings; className: android.widget.TextView; text: RSE_Test; error: null; maxTextLength: -1; contentDescription: null; viewIdResName: com.panasonic.hmi2settings:id/wifiName; checkable: false; checked: false; focusable: false; focused: false; selected: false; clickable: false; longClickable: false; contextClickable: false; enabled: true; password: false; scrollable: false; importantForAccessibility: true; actions: [AccessibilityAction: ACTION_SELECT - null, AccessibilityAction: ACTION_CLEAR_SELECTION - null, AccessibilityAction: ACTION_ACCESSIBILITY_FOCUS - null, AccessibilityAction: ACTION_NEXT_AT_MOVEMENT_GRANULARITY - null, AccessibilityAction: ACTION_PREVIOUS_AT_MOVEMENT_GRANULARITY - null, AccessibilityAction: ACTION_SET_SELECTION - null, AccessibilityAction: ACTION_SHOW_ON_SCREEN - null]]
01-01 00:14:43.644  3675  6981 D UIAutomatorStub: URI: /jsonrpc/0, Method: POST, Header: {content-length=176, remote-addr=127.0.0.1, http-client-ip=127.0.0.1, host=localhost:9009, content-type=application/json, connection=close, accept-encoding=identity, user-agent=Python-urllib/2.7}, params, {NanoHttpd.QUERY_STRING=null}, files: {postData={"params": [{"childOrSiblingSelector": [], "text": "RSE_Test", "mask": 1, "childOrSibling": []}], "jsonrpc": "2.0", "method": "click", "id": "02014ae1efcac38ee39dc90f4cb706da"}}
01-01 00:14:43.708  3675  6982 D UIAutomatorStub: URI: /jsonrpc/0, Method: POST, Header: {content-length=213, remote-addr=127.0.0.1, http-client-ip=127.0.0.1, host=localhost:9009, content-type=application/json, connection=close, accept-encoding=identity, user-agent=Python-urllib/2.7}, params, {NanoHttpd.QUERY_STRING=null}, files: {postData={"params": [{"childOrSiblingSelector": [], "className": "android.widget.EditText", "mask": 16, "childOrSibling": []}, "Secure7@55"], "jsonrpc": "2.0", "method": "setText", "id": "600d76863da4cc4b926167e8b6a7df73"}}
01-01 00:14:43.716  3739  3739 W HMI2-SETTINGS - CI08.4: className -> WifiAdapter | functionName -> onBindViewHolder | value -> allWifiList.get(position).getSecurityType() : wifiNametrue
01-01 00:14:43.717  3739  3739 W HMI2-SETTINGS - CI08.4: className -> WifiActivity | functionName -> onWifiClick | value -> getSecurityType ->true
01-01 00:14:43.723  3739  3739 W ContextImpl: Calling a method in the system process without a qualified user: android.app.ContextImpl.startService:1476 android.content.ContextWrapper.startService:650 android.view.View.setSystemUiVisibility:22653 com.panasonic.hmi2settings.activity.WifiActivity.connectToWifi:1215 com.panasonic.hmi2settings.activity.WifiActivity.onWifiClick:522 
01-01 00:14:43.725  1151  1422 D CompatibilityInfo: mCompatibilityFlags - 4
01-01 00:14:43.725  1151  1422 D CompatibilityInfo: applicationDensity - 240
01-01 00:14:43.725  1151  1422 D CompatibilityInfo: applicationScale - 1.0
01-01 00:14:43.725  3739  3739 D View    : setSystemUiVisibility: startService done
01-01 00:14:43.728  1392  1392 W SYSTEM_UI: SWR_SYSTEM_UI_007|FUN=CollapsedStatusBarFragment::getAction |1|Broadcast action --> STATUS_UPDATE_ACTION
01-01 00:14:43.728  1392  1392 W SYSTEM_UI: SWR_SYSTEM_UI_007|FUN=CollapsedStatusBarFragment::getIntExtra |1|NotifySystemUpdates dataType --> 101
01-01 00:14:43.728  1392  1392 W SYSTEM_UI - CI07.3: className -> CollapsedStatusBarFragment | functionName -> NotifySystemUpdates | onReceive -->  | value -> FULLSCREEN MODE CHANGED | isFullScreenStatus --> false | fullScreenPackage -->com.panasonic.hmi2settings | fullscreenLastShownPackage -->null | topActivityPackage --> com.panasonic.hmi2settings
01-01 00:14:43.728  1392  1392 W SYSTEM_UI - CI07.3: className -> CollapsedStatusBarFragment | functionName -> NotifySystemUpdates | onReceive -->  | value -> Fullscreen mode changed --> path 5
01-01 00:14:43.732  1151  1422 D WindowManager: addToDisplay >>> FLAG_FULLSCREEN not set in WindowManager.LayoutParams
01-01 00:14:43.732  1151  1422 D WindowManager: startStatusReceiverServiceOnFlagSet: creating intent for action ACTION_ACTIVITY_FULLSCREEN
