01-01 01:04:58.619  3675 19737 D UIAutomatorStub: URI: /jsonrpc/0, Method: POST, Header: {content-length=176, remote-addr=127.0.0.1, http-client-ip=127.0.0.1, host=localhost:9009, content-type=application/json, connection=close, accept-encoding=identity, user-agent=Python-urllib/2.7}, params, {NanoHttpd.QUERY_STRING=null}, files: {postData={"params": [{"childOrSiblingSelector": [], "text": "RSE_Test", "mask": 1, "childOrSibling": []}], "jsonrpc": "2.0", "method": "click", "id": "581d65fee4ae3dcc9ecbf8851b6e19e1"}}
01-01 01:04:58.681  3675 19738 D UIAutomatorStub: URI: /jsonrpc/0, Method: POST, Header: {content-length=213, remote-addr=127.0.0.1, http-client-ip=127.0.0.1, host=localhost:9009, content-type=application/json, connection=close, accept-encoding=identity, user-agent=Python-urllib/2.7}, params, {NanoHttpd.QUERY_STRING=null}, files: {postData={"params": [{"childOrSiblingSelector": [], "className": "android.widget.EditText", "mask": 16, "childOrSibling": []}, "Secure7@55"], "jsonrpc": "2.0", "method": "setText", "id": "d4bcd2d1a0120026582a89ad659c6c0b"}}
01-01 01:04:58.683  3739  3739 W HMI2-SETTINGS - CI08.4: className -> WifiAdapter | functionName -> onBindViewHolder | value -> allWifiList.get(position).getSecurityType() : wifiNametrue
01-01 01:04:58.683  3739  3739 W HMI2-SETTINGS - CI08.4: className -> WifiActivity | functionName -> onWifiClick | value -> getSecurityType ->true
01-01 01:04:58.689  3739  3739 D View    : setSystemUiVisibility: creating intent for action ACTION_ACTIVITY_FULLSCREEN
01-01 01:04:54.952   808   808 I wificond: Enters wifigbk_ageOutHistory
01-01 01:04:58.689  3739  3739 W ContextImpl: Calling a method in the system process without a qualified user: android.app.ContextImpl.startService:1476 android.content.ContextWrapper.startService:650 android.view.View.setSystemUiVisibility:22653 com.panasonic.hmi2settings.activity.WifiActivity.connectToWifi:1215 com.panasonic.hmi2settings.activity.WifiActivity.onWifiClick:522 
01-01 01:04:58.690   635   635 E ANDR-PERF-TARGET: Error: Invalid logical cluster id 0
01-01 01:04:58.690   635   635 E ANDR-PERF-MPCTL: invalid request, no optimizations performed
01-01 01:04:58.692  1151  2234 D CompatibilityInfo: mCompatibilityFlags - 4
01-01 01:04:58.692  1151  2234 D CompatibilityInfo: applicationDensity - 240
01-01 01:04:58.692  1151  2234 D CompatibilityInfo: applicationScale - 1.0
01-01 01:04:58.693  3739  3739 D View    : setSystemUiVisibility: startService done
01-01 01:04:58.697  1392  1392 W SYSTEM_UI: SWR_SYSTEM_UI_007|FUN=CollapsedStatusBarFragment::getAction |1|Broadcast action --> STATUS_UPDATE_ACTION
01-01 01:04:58.697  1392  1392 W SYSTEM_UI: SWR_SYSTEM_UI_007|FUN=CollapsedStatusBarFragment::getIntExtra |1|NotifySystemUpdates dataType --> 101
01-01 01:04:58.697  1392  1392 W SYSTEM_UI - CI07.3: className -> CollapsedStatusBarFragment | functionName -> NotifySystemUpdates | onReceive -->  | value -> FULLSCREEN MODE CHANGED | isFullScreenStatus --> false | fullScreenPackage -->com.panasonic.hmi2settings | fullscreenLastShownPackage -->null | topActivityPackage --> com.panasonic.hmi2settings
01-01 01:04:58.697  1392  1392 W SYSTEM_UI - CI07.3: className -> CollapsedStatusBarFragment | functionName -> NotifySystemUpdates | onReceive -->  | value -> Fullscreen mode changed --> path 5
01-01 01:04:58.699  1151  2234 D WindowManager: addToDisplay >>> FLAG_FULLSCREEN not set in WindowManager.LayoutParams
01-01 01:04:58.699  1151  2234 D WindowManager: startStatusReceiverServiceOnFlagSet: creating intent for action ACTION_ACTIVITY_FULLSCREEN
01-01 01:04:58.699  1151  2234 W ContextImpl: Calling a method in the system process without a qualified user: android.app.ContextImpl.startService:1476 com.android.server.wm.Session.startStatusReceiverServiceOnFlagSet:762 com.android.server.wm.Session.addToDisplay:217 android.view.IWindowSession$Stub.onTransact:124 com.android.server.wm.Session.onTransact:166 
01-01 01:04:58.700  1151  2234 D CompatibilityInfo: mCompatibilityFlags - 4
01-01 01:04:58.700  1151  2234 D CompatibilityInfo: applicationDensity - 240
01-01 01:04:58.700  1151  2234 D CompatibilityInfo: applicationScale - 1.0
01-01 01:04:58.701  1151  2234 D WindowManager: startStatusReceiverServiceOnFlagSet: startService done
01-01 01:04:58.702  1392  1392 W SYSTEM_UI: SWR_SYSTEM_UI_007|FUN=CollapsedStatusBarFragment::getAction |1|Broadcast action --> STATUS_UPDATE_ACTION
01-01 01:04:58.703  1392  1392 W SYSTEM_UI: SWR_SYSTEM_UI_007|FUN=CollapsedStatusBarFragment::getIntExtra |1|NotifySystemUpdates dataType --> 101
01-01 01:04:58.703  1392  1392 W SYSTEM_UI - CI07.3: className -> CollapsedStatusBarFragment | functionName -> NotifySystemUpdates | onReceive -->  | value -> FULLSCREEN MODE CHANGED | isFullScreenStatus --> false | fullScreenPackage -->com.panasonic.hmi2settings | fullscreenLastShownPackage -->null | topActivityPackage --> com.panasonic.hmi2settings
01-01 01:04:58.703  1392  1392 W SYSTEM_UI - CI07.3: className -> CollapsedStatusBarFragment | functionName -> NotifySystemUpdates | onReceive -->  | value -> Fullscreen mode changed --> path 5
01-01 01:04:58.707  3739  3739 W HMI2-SETTINGS: SWR_BAIDU_HMI_0015|FUN=WifiActivity::addView|0|Display password enter dialog with addView method.
01-01 01:04:58.707  3739  3739 W HMI2-SETTINGS: SWR_BAIDU_HMI_0027|FUN=WifiActivity::addView|0|Display password enter dialog with addView method.
01-01 01:04:58.709  3739  3739 W HMI2-SETTINGS - CI08.4: className -> WifiActivity | functionName -> setOnFocusChangeListener :   | value -> hasFocus:true
01-01 01:04:58.713  1151  2229 D mEnabledInputMethodsStrCache: com.android.inputmethods.latin/.LatinIME
01-01 01:04:58.714  1151  2229 D systemLanguageCode: en__GB
01-01 01:04:58.714  1151  2229 D mEnabledInputMethodsStrCache: com.android.inputmethods.latin/.LatinIME
01-01 01:04:58.721  1151  2234 D mEnabledInputMethodsStrCache: com.android.inputmethods.latin/.LatinIME
01-01 01:04:58.721  1151  2234 D systemLanguageCode: en__GB
01-01 01:04:58.721  1151  2231 D WindowManager: relayout packageName=com.panasonic.hmi2settings::session=Session{c47ecfc 3739:1000}::window=android.view.IWindow$Stub$Proxy@1466b79::attrs.flags=1000100
01-01 01:04:58.721  1151  2231 D WindowManager: relayout >>> FLAG_FULLSCREEN not set in WindowManager.LayoutParams
01-01 01:04:58.721  1151  2234 D mEnabledInputMethodsStrCache: com.android.inputmethods.latin/.LatinIME
01-01 01:04:58.721  1151  2231 D WindowManager: startStatusReceiverServiceOnFlagSet: creating intent for action ACTION_ACTIVITY_FULLSCREEN
01-01 01:04:58.721  1151  2231 W ContextImpl: Calling a method in the system process without a qualified user: android.app.ContextImpl.startService:1476 com.android.server.wm.Session.startStatusReceiverServiceOnFlagSet:762 com.android.server.wm.Session.relayout:276 android.view.IWindowSession$Stub.onTransact:286 com.android.server.wm.Session.onTransact:166 
01-01 01:04:58.722  1151  2231 D CompatibilityInfo: mCompatibilityFlags - 4
01-01 01:04:58.722  1151  2231 D CompatibilityInfo: applicationDensity - 240
01-01 01:04:58.723  1151  2231 D CompatibilityInfo: applicationScale - 1.0
01-01 01:04:58.723  1151  2231 D WindowManager: startStatusReceiverServiceOnFlagSet: startService done
01-01 01:04:58.725  1151  2234 D mEnabledInputMethodsStrCache: com.android.inputmethods.latin/.LatinIME
01-01 01:04:58.725  1151  2234 D systemLanguageCode: en__GB
01-01 01:04:58.725  1151  2234 D mEnabledInputMethodsStrCache: com.android.inputmethods.latin/.LatinIME
01-01 01:04:58.728  1151  2234 D mEnabledInputMethodsStrCache: com.android.inputmethods.latin/.LatinIME
01-01 01:04:58.728  1151  2234 D systemLanguageCode: en__GB
01-01 01:04:58.728  1151  2234 D mEnabledInputMethodsStrCache: com.android.inputmethods.latin/.LatinIME
01-01 01:04:58.729  1392  1392 W SYSTEM_UI: SWR_SYSTEM_UI_007|FUN=CollapsedStatusBarFragment::getAction |1|Broadcast action --> STATUS_UPDATE_ACTION
01-01 01:04:58.729  1392  1392 W SYSTEM_UI: SWR_SYSTEM_UI_007|FUN=CollapsedStatusBarFragment::getIntExtra |1|NotifySystemUpdates dataType --> 101
01-01 01:04:58.729  1392  1392 W SYSTEM_UI - CI07.3: className -> CollapsedStatusBarFragment | functionName -> NotifySystemUpdates | onReceive -->  | value -> FULLSCREEN MODE CHANGED | isFullScreenStatus --> false | fullScreenPackage -->com.panasonic.hmi2settings | fullscreenLastShownPackage -->null | topActivityPackage --> com.panasonic.hmi2settings
01-01 01:04:58.729  1392  1392 W SYSTEM_UI - CI07.3: className -> CollapsedStatusBarFragment | functionName -> NotifySystemUpdates | onReceive -->  | value -> Fullscreen mode changed --> path 5
01-01 01:04:58.731  1151  2234 D mEnabledInputMethodsStrCache: com.android.inputmethods.latin/.LatinIME
01-01 01:04:58.731  1151  2234 D systemLanguageCode: en__GB
01-01 01:04:58.731  1151  2234 D mEnabledInputMethodsStrCache: com.android.inputmethods.latin/.LatinIME
01-01 01:04:58.732  1151  2234 D mEnabledInputMethodsStrCache: com.android.inputmethods.latin/.LatinIME
01-01 01:04:58.732  1151  2234 D systemLanguageCode: en__GB
01-01 01:04:58.732  1151  2234 D mEnabledInputMethodsStrCache: com.android.inputmethods.latin/.LatinIME
01-01 01:04:58.732  1379  1379 I LatinIME: SWR_HMISERVICE_SPELLER_MF_001||FUN=onStartInputViewInternal || 1 || Starting input. Cursor position = -1,-1
01-01 01:04:58.750  3675 19738 W ByMatcher: Node returned null child: android.view.accessibility.AccessibilityNodeInfo@7442; boundsInParent: Rect(0, 0 - 1920, 104); boundsInScreen: Rect(0, 0 - 1920, 104); packageName: com.android.systemui; className: android.widget.FrameLayout; text: null; error: null; maxTextLength: -1; contentDescription: null; viewIdResName: null; checkable: false; checked: false; focusable: false; focused: false; selected: false; clickable: false; longClickable: false; contextClickable: false; enabled: true; password: false; scrollable: false; importantForAccessibility: true; actions: [AccessibilityAction: ACTION_SELECT - null, AccessibilityAction: ACTION_CLEAR_SELECTION - null, AccessibilityAction: ACTION_ACCESSIBILITY_FOCUS - null, AccessibilityAction: ACTION_SHOW_ON_SCREEN - null]
01-01 01:04:58.750  3675 19738 W ByMatcher: Skipping null child (0 of 4)
01-01 01:04:58.751  3675 19738 W ByMatcher: Skipping null child (1 of 4)
01-01 01:04:58.752  3675 19738 W ByMatcher: Skipping null child (2 of 4)
01-01 01:04:58.753  3675 19738 W ByMatcher: Skipping null child (3 of 4)
01-01 01:04:58.754  3675 19738 W ByMatcher: Node returned null child: android.view.accessibility.AccessibilityNodeInfo@7442; boundsInParent: Rect(0, 0 - 1920, 104); boundsInScreen: Rect(0, 0 - 1920, 104); packageName: com.android.systemui; className: android.widget.FrameLayout; text: null; error: null; maxTextLength: -1; contentDescription: null; viewIdResName: null; checkable: false; checked: false; focusable: false; focused: false; selected: false; clickable: false; longClickable: false; contextClickable: false; enabled: true; password: false; scrollable: false; importantForAccessibility: true; actions: [AccessibilityAction: ACTION_SELECT - null, AccessibilityAction: ACTION_CLEAR_SELECTION - null, AccessibilityAction: ACTION_ACCESSIBILITY_FOCUS - null, AccessibilityAction: ACTION_SHOW_ON_SCREEN - null]
01-01 01:04:58.754  3675 19738 W ByMatcher: Skipping null child (0 of 4)
01-01 01:04:58.762  3675 19738 W ByMatcher: Skipping null child (1 of 4)
01-01 01:04:58.764  3675 19738 W ByMatcher: Skipping null child (2 of 4)
01-01 01:04:58.765  3675 19738 W ByMatcher: Skipping null child (3 of 4)
01-01 01:04:58.766  3675 19738 W ByMatcher: Node returned null child: android.view.accessibility.AccessibilityNodeInfo@800070dc; boundsInParent: Rect(0, 0 - 1920, 1080); boundsInScreen: Rect(0, 0 - 1920, 1080); packageName: com.panasonic.hmi2settings; className: android.widget.FrameLayout; text: null; error: null; maxTextLength: -1; contentDescription: null; viewIdResName: null; checkable: false; checked: false; focusable: false; focused: false; selected: false; clickable: false; longClickable: false; contextClickable: false; enabled: true; password: false; scrollable: false; importantForAccessibility: true; actions: [AccessibilityAction: ACTION_SELECT - null, AccessibilityAction: ACTION_CLEAR_SELECTION - null, AccessibilityAction: ACTION_ACCESSIBILITY_FOCUS - null, AccessibilityAction: ACTION_SHOW_ON_SCREEN - null]
01-01 01:04:58.766  3675 19738 W ByMatcher: Skipping null child (0 of 1)
01-01 01:04:58.767  3675 19738 W ByMatcher: Node returned null child: android.view.accessibility.AccessibilityNodeInfo@800070dc; boundsInParent: Rect(0, 0 - 1920, 1080); boundsInScreen: Rect(0, 0 - 1920, 1080); packageName: com.panasonic.hmi2settings; className: android.widget.FrameLayout; text: null; error: null; maxTextLength: -1; contentDescription: null; viewIdResName: null; checkable: false; checked: false; focusable: false; focused: false; selected: false; clickable: false; longClickable: false; contextClickable: false; enabled: true; password: false; scrollable: false; importantForAccessibility: true; actions: [AccessibilityAction: ACTION_SELECT - null, AccessibilityAction: ACTION_CLEAR_SELECTION - null, AccessibilityAction: ACTION_ACCESSIBILITY_FOCUS - null, AccessibilityAction: ACTION_SHOW_ON_SCREEN - null]
01-01 01:04:58.768  3675 19738 W ByMatcher: Skipping null child (0 of 1)
01-01 01:04:58.798  1379  1379 I InputAttributes: InputType.TYPE_NULL is specified
01-01 01:04:58.801  1151  2229 D mEnabledInputMethodsStrCache: com.android.inputmethods.latin/.LatinIME
01-01 01:04:58.801  1151  2229 D systemLanguageCode: en__GB
01-01 01:04:58.801  1151  2229 D mEnabledInputMethodsStrCache: com.android.inputmethods.latin/.LatinIME
01-01 01:04:58.803  1379  1379 V KeyboardState: onLoadKeyboard: [keyboard=UNSHIFTED shift=RELEASING symbol=RELEASING switch=ALPHA] autoCapsFlags=none recapitalizeMode=undefined
01-01 01:04:58.803  1379  1379 D KeyboardState: setAlphabetKeyboard: [keyboard=UNSHIFTED shift=RELEASING symbol=RELEASING switch=ALPHA] autoCapsFlags=none recapitalizeMode=undefined
01-01 01:04:58.803  1379  1379 D KeyboardSwitcher: setAlphabetKeyboard
01-01 01:04:58.804     1   452 I init    : Uptime: 03894.940557 LocalTime: 01-01 01:04:58.803
01-01 01:04:58.805  1151  2231 D mEnabledInputMethodsStrCache: com.android.inputmethods.latin/.LatinIME
01-01 01:04:58.805  1151  2231 D systemLanguageCode: en__GB
01-01 01:04:58.805  1151  2231 D mEnabledInputMethodsStrCache: com.android.inputmethods.latin/.LatinIME
01-01 01:04:58.805  1379  1379 D KeyboardSwitcher: requestUpdatingShiftState:  autoCapsFlags=none recapitalizeMode=undefined
01-01 01:04:58.805  1379  1379 D KeyboardState: onUpdateShiftState: [keyboard=UNSHIFTED shift=RELEASING symbol=RELEASING switch=ALPHA] autoCapsFlags=none recapitalizeMode=undefined
01-01 01:04:58.805  1379  1379 D KeyboardState: setShifted: shiftMode=UNSHIFT [keyboard=UNSHIFTED shift=RELEASING symbol=RELEASING switch=ALPHA]
01-01 01:04:58.806  1151  2231 D mEnabledInputMethodsStrCache: com.android.inputmethods.latin/.LatinIME
01-01 01:04:58.806  1151  2231 D systemLanguageCode: en__GB
01-01 01:04:58.806  1151  2231 D mEnabledInputMethodsStrCache: com.android.inputmethods.latin/.LatinIME
01-01 01:04:58.806  1151  2231 D mEnabledInputMethodsStrCache: com.android.inputmethods.latin/.LatinIME
01-01 01:04:58.806  1151  2231 D systemLanguageCode: en__GB
01-01 01:04:58.806  1151  2231 D mEnabledInputMethodsStrCache: com.android.inputmethods.latin/.LatinIME
01-01 01:04:58.810  1379  1379 I NuanceUtil: Language text: en_GB, Language code: 5
01-01 01:04:58.810  1379  1379 I NuanceLog: Active Language: ET9LIDEnglish_UK
01-01 01:04:58.810  1379  1379 I NuanceLog: Active LDB: /system/etc/RSESpeller/configs/LDBs/v13.1.0/englishuk/ENubUNUK_xt9_ALM3.ldb
01-01 01:04:58.810  1379  1379 I LatinIME: Nuance API Initialized successfully
01-01 01:04:58.811  1379  1379 I LatinIME: Suggestion strip view visibility gone
01-01 01:04:58.811  1151  2229 D mEnabledInputMethodsStrCache: com.android.inputmethods.latin/.LatinIME
01-01 01:04:58.811  1151  2229 D systemLanguageCode: en__GB
01-01 01:04:58.811  1151  2229 D mEnabledInputMethodsStrCache: com.android.inputmethods.latin/.LatinIME
01-01 01:04:58.811  1151  2229 D mEnabledInputMethodsStrCache: com.android.inputmethods.latin/.LatinIME
01-01 01:04:58.811  1151  2229 D systemLanguageCode: en__GB
01-01 01:04:58.812  1151  2229 D mEnabledInputMethodsStrCache: com.android.inputmethods.latin/.LatinIME
01-01 01:04:58.812  1151  2229 D mEnabledInputMethodsStrCache: com.android.inputmethods.latin/.LatinIME
01-01 01:04:58.812  1151  2229 D systemLanguageCode: en__GB
01-01 01:04:58.812  1151  2229 D mEnabledInputMethodsStrCache: com.android.inputmethods.latin/.LatinIME
01-01 01:04:58.813  1151  2229 D mEnabledInputMethodsStrCache: com.android.inputmethods.latin/.LatinIME
01-01 01:04:58.813  1151  2229 D systemLanguageCode: en__GB
01-01 01:04:58.813  1151  2229 D mEnabledInputMethodsStrCache: com.android.inputmethods.latin/.LatinIME
01-01 01:04:58.814  1151  2229 D WindowManager: relayout packageName=com.android.inputmethods.latin::session=Session{ca2ba78 1379:1000}::window=android.view.IWindow$Stub$Proxy@ed0006c::attrs.flags=800108
01-01 01:04:58.814  1151  2229 D WindowManager: relayout >>> FLAG_FULLSCREEN not set in WindowManager.LayoutParams
01-01 01:04:58.814  1151  2229 D WindowManager: startStatusReceiverServiceOnFlagSet: creating intent for action ACTION_ACTIVITY_FULLSCREEN
01-01 01:04:58.814  1151  2229 W ContextImpl: Calling a method in the system process without a qualified user: android.app.ContextImpl.startService:1476 com.android.server.wm.Session.startStatusReceiverServiceOnFlagSet:762 com.android.server.wm.Session.relayout:276 android.view.IWindowSession$Stub.onTransact:286 com.android.server.wm.Session.onTransact:166 
01-01 01:04:58.815  1151  2229 D CompatibilityInfo: mCompatibilityFlags - 4
01-01 01:04:58.815  1151  2229 D CompatibilityInfo: applicationDensity - 240
01-01 01:04:58.815  1151  2229 D CompatibilityInfo: applicationScale - 1.0
01-01 01:04:58.816  1151  2229 D WindowManager: startStatusReceiverServiceOnFlagSet: startService done
01-01 01:04:58.823  1392  1392 W SYSTEM_UI: SWR_SYSTEM_UI_007|FUN=CollapsedStatusBarFragment::getAction |1|Broadcast action --> STATUS_UPDATE_ACTION
01-01 01:04:58.824  1392  1392 W SYSTEM_UI: SWR_SYSTEM_UI_007|FUN=CollapsedStatusBarFragment::getIntExtra |1|NotifySystemUpdates dataType --> 101
01-01 01:04:58.824  1392  1392 W SYSTEM_UI - CI07.3: className -> CollapsedStatusBarFragment | functionName -> NotifySystemUpdates | onReceive -->  | value -> FULLSCREEN MODE CHANGED | isFullScreenStatus --> false | fullScreenPackage -->com.android.inputmethods.latin | fullscreenLastShownPackage -->null | topActivityPackage --> com.panasonic.hmi2settings
01-01 01:04:58.824  1392  1392 W SYSTEM_UI - CI07.3: className -> CollapsedStatusBarFragment | functionName -> NotifySystemUpdates | onReceive -->  | value -> Fullscreen mode changed --> path 0
01-01 01:04:58.832  1151 10154 D mEnabledInputMethodsStrCache: com.android.inputmethods.latin/.LatinIME
01-01 01:04:58.832  1151 10154 D systemLanguageCode: en__GB
01-01 01:04:58.832  1151 10154 D mEnabledInputMethodsStrCache: com.android.inputmethods.latin/.LatinIME
01-01 01:04:58.834  1151  2234 D mEnabledInputMethodsStrCache: com.android.inputmethods.latin/.LatinIME
01-01 01:04:58.834  1151  2234 D systemLanguageCode: en__GB
01-01 01:04:58.834  1151  2234 D mEnabledInputMethodsStrCache: com.android.inputmethods.latin/.LatinIME
01-01 01:04:58.835  1151  2234 D mEnabledInputMethodsStrCache: com.android.inputmethods.latin/.LatinIME
01-01 01:04:58.835  1151  2234 D systemLanguageCode: en__GB
01-01 01:04:58.835  1151  2234 D mEnabledInputMethodsStrCache: com.android.inputmethods.latin/.LatinIME
01-01 01:04:58.835  1151  2234 D mEnabledInputMethodsStrCache: com.android.inputmethods.latin/.LatinIME
01-01 01:04:58.835  1151  2234 D systemLanguageCode: en__GB
01-01 01:04:58.836  1151  2234 D mEnabledInputMethodsStrCache: com.android.inputmethods.latin/.LatinIME
01-01 01:04:58.836  1151  2234 D mEnabledInputMethodsStrCache: com.android.inputmethods.latin/.LatinIME
01-01 01:04:58.836  1151  2234 D systemLanguageCode: en__GB
01-01 01:04:58.836  1151  2234 D mEnabledInputMethodsStrCache: com.android.inputmethods.latin/.LatinIME
01-01 01:04:58.836  1379  1379 I LatinIME: SWR_HMISERVICE_SPELLER_MF_001||FUN=onStartInputViewInternal || 1 || Starting input. Cursor position = 0,0
01-01 01:04:58.861  1151  2234 D mEnabledInputMethodsStrCache: com.android.inputmethods.latin/.LatinIME
01-01 01:04:58.861  1151  2234 D systemLanguageCode: en__GB
01-01 01:04:58.861  1151  2234 D mEnabledInputMethodsStrCache: com.android.inputmethods.latin/.LatinIME
01-01 01:04:58.863  1379  1379 V KeyboardState: onLoadKeyboard: [keyboard=UNSHIFTED shift=RELEASING symbol=RELEASING switch=ALPHA] autoCapsFlags=none recapitalizeMode=undefined
01-01 01:04:58.864  1379  1379 D KeyboardState: setAlphabetKeyboard: [keyboard=UNSHIFTED shift=RELEASING symbol=RELEASING switch=ALPHA] autoCapsFlags=none recapitalizeMode=undefined
01-01 01:04:58.864  1379  1379 D KeyboardSwitcher: setAlphabetKeyboard
01-01 01:04:58.865  1151  2234 D mEnabledInputMethodsStrCache: com.android.inputmethods.latin/.LatinIME
01-01 01:04:58.865  1151  2234 D systemLanguageCode: en__GB
01-01 01:04:58.865  1151  2234 D mEnabledInputMethodsStrCache: com.android.inputmethods.latin/.LatinIME
01-01 01:04:58.866  1379  1379 D KeyboardSwitcher: requestUpdatingShiftState:  autoCapsFlags=none recapitalizeMode=undefined
01-01 01:04:58.866  1379  1379 D KeyboardState: onUpdateShiftState: [keyboard=UNSHIFTED shift=RELEASING symbol=RELEASING switch=ALPHA] autoCapsFlags=none recapitalizeMode=undefined
01-01 01:04:58.866  1379  1379 D KeyboardState: setShifted: shiftMode=UNSHIFT [keyboard=UNSHIFTED shift=RELEASING symbol=RELEASING switch=ALPHA]
01-01 01:04:58.867  1151  2234 D mEnabledInputMethodsStrCache: com.android.inputmethods.latin/.LatinIME
01-01 01:04:58.867  1151  2234 D systemLanguageCode: en__GB
01-01 01:04:58.867  1151  2234 D mEnabledInputMethodsStrCache: com.android.inputmethods.latin/.LatinIME
01-01 01:04:58.868  1151  2234 D mEnabledInputMethodsStrCache: com.android.inputmethods.latin/.LatinIME
01-01 01:04:58.868  1151  2234 D systemLanguageCode: en__GB
01-01 01:04:58.868  1151  2234 D mEnabledInputMethodsStrCache: com.android.inputmethods.latin/.LatinIME
01-01 01:04:58.869  1379  1379 I NuanceUtil: Language text: en_GB, Language code: 5
01-01 01:04:58.869  1379  1379 I NuanceLog: Active Language: ET9LIDEnglish_UK
01-01 01:04:58.869  1379  1379 I NuanceLog: Active LDB: /system/etc/RSESpeller/configs/LDBs/v13.1.0/englishuk/ENubUNUK_xt9_ALM3.ldb
01-01 01:04:58.869  1379  1379 I LatinIME: Nuance API Initialized successfully
01-01 01:04:58.869  1379  1379 I LatinIME: Suggestion strip view visibility gone
01-01 01:04:58.870  1151  2229 D mEnabledInputMethodsStrCache: com.android.inputmethods.latin/.LatinIME
01-01 01:04:58.870  1151  2229 D systemLanguageCode: en__GB
01-01 01:04:58.870  1151  2229 D mEnabledInputMethodsStrCache: com.android.inputmethods.latin/.LatinIME
01-01 01:04:58.870  1151  2229 D mEnabledInputMethodsStrCache: com.android.inputmethods.latin/.LatinIME
01-01 01:04:58.870  1151  2229 D systemLanguageCode: en__GB
01-01 01:04:58.870  1151  2229 D mEnabledInputMethodsStrCache: com.android.inputmethods.latin/.LatinIME
01-01 01:04:59.575   729   748 I sssv-lib: sendMsg enter
01-01 01:04:59.576   729   748 I sssv-lib: sendMsg complete.
01-01 01:04:59.730  3675 19738 I QueryController: Matched selector: UiSelector[CLASS=android.widget.EditText] <<==>> [android.view.accessibility.AccessibilityNodeInfo@3f43c65; boundsInParent: Rect(0, 7 - 1241, 137); boundsInScreen: Rect(339, 225 - 1580, 355); packageName: com.panasonic.hmi2settings; className: android.widget.EditText; text: null; error: null; maxTextLength: 63; contentDescription: null; viewIdResName: com.panasonic.hmi2settings:id/textPassword; checkable: false; checked: false; focusable: true; focused: true; selected: false; clickable: true; longClickable: false; contextClickable: false; enabled: true; password: false; scrollable: false; importantForAccessibility: true; actions: [AccessibilityAction: ACTION_CLEAR_FOCUS - null, AccessibilityAction: ACTION_SELECT - null, AccessibilityAction: ACTION_CLEAR_SELECTION - null, AccessibilityAction: ACTION_CLICK - null, AccessibilityAction: ACTION_ACCESSIBILITY_FOCUS - null, AccessibilityAction: ACTION_SET_TEXT - null, AccessibilityAction: ACTION_SHOW_ON_SCREEN - null]]
01-01 01:04:59.735  1151  2229 D mEnabledInputMethodsStrCache: com.android.inputmethods.latin/.LatinIME
01-01 01:04:59.735  1151  2229 D systemLanguageCode: en__GB
01-01 01:04:59.735  1151  2229 D mEnabledInputMethodsStrCache: com.android.inputmethods.latin/.LatinIME
01-01 01:04:59.736  1151 10154 D mEnabledInputMethodsStrCache: com.android.inputmethods.latin/.LatinIME
01-01 01:04:59.737  1151 10154 D systemLanguageCode: en__GB
01-01 01:04:59.737  1151 10154 D mEnabledInputMethodsStrCache: com.android.inputmethods.latin/.LatinIME
01-01 01:04:59.737  1151 10154 D mEnabledInputMethodsStrCache: com.android.inputmethods.latin/.LatinIME
01-01 01:04:59.737  1151 10154 D systemLanguageCode: en__GB
01-01 01:04:59.738  1151 10154 D mEnabledInputMethodsStrCache: com.android.inputmethods.latin/.LatinIME
01-01 01:04:59.738  1151  2229 D mEnabledInputMethodsStrCache: com.android.inputmethods.latin/.LatinIME
01-01 01:04:59.738  1151  2229 D systemLanguageCode: en__GB
01-01 01:04:59.738  1151  2229 D mEnabledInputMethodsStrCache: com.android.inputmethods.latin/.LatinIME
01-01 01:04:59.738  1151 10154 D mEnabledInputMethodsStrCache: com.android.inputmethods.latin/.LatinIME
01-01 01:04:59.738  1151 10154 D systemLanguageCode: en__GB
01-01 01:04:59.738  1151 10154 D mEnabledInputMethodsStrCache: com.android.inputmethods.latin/.LatinIME
01-01 01:04:59.738  1151 10154 D mEnabledInputMethodsStrCache: com.android.inputmethods.latin/.LatinIME
01-01 01:04:59.738  1151 10154 D systemLanguageCode: en__GB
01-01 01:04:59.738  1151 10154 D mEnabledInputMethodsStrCache: com.android.inputmethods.latin/.LatinIME
01-01 01:04:59.739  1379  1379 I LatinIME: SWR_HMISERVICE_SPELLER_MF_001||FUN=onStartInputViewInternal || 1 || Starting input. Cursor position = 0,0
01-01 01:04:59.751  3675 19743 D UIAutomatorStub: URI: /jsonrpc/0, Method: POST, Header: {content-length=170, remote-addr=127.0.0.1, http-client-ip=127.0.0.1, host=localhost:9009, content-type=application/json, connection=close, accept-encoding=identity, user-agent=Python-urllib/2.7}, params, {NanoHttpd.QUERY_STRING=null}, files: {postData={"params": [{"childOrSiblingSelector": [], "text": "OK", "mask": 1, "childOrSibling": []}], "jsonrpc": "2.0", "method": "click", "id": "1715ded09340ef0392cd4c997ecb8cf0"}}
01-01 01:04:59.762  1379  1379 D KeyboardState: onResetKeyboardStateToAlphabet: [keyboard=UNSHIFTED shift=RELEASING symbol=RELEASING switch=ALPHA] autoCapsFlags=none recapitalizeMode=undefined
01-01 01:04:59.762  1379  1379 D KeyboardState: resetKeyboardStateToAlphabet: [keyboard=UNSHIFTED shift=RELEASING symbol=RELEASING switch=ALPHA] autoCapsFlags=none recapitalizeMode=undefined
01-01 01:04:59.762  1379  1379 D KeyboardSwitcher: requestUpdatingShiftState:  autoCapsFlags=none recapitalizeMode=undefined
01-01 01:04:59.762  1379  1379 D KeyboardState: onUpdateShiftState: [keyboard=UNSHIFTED shift=RELEASING symbol=RELEASING switch=ALPHA] autoCapsFlags=none recapitalizeMode=undefined
01-01 01:04:59.762  1379  1379 D KeyboardState: setShifted: shiftMode=UNSHIFT [keyboard=UNSHIFTED shift=RELEASING symbol=RELEASING switch=ALPHA]
01-01 01:04:59.762  1151 10154 D mEnabledInputMethodsStrCache: com.android.inputmethods.latin/.LatinIME
01-01 01:04:59.762  1151 10154 D systemLanguageCode: en__GB
01-01 01:04:59.762  1151 10154 D mEnabledInputMethodsStrCache: com.android.inputmethods.latin/.LatinIME
01-01 01:04:59.764  1151  2231 D mEnabledInputMethodsStrCache: com.android.inputmethods.latin/.LatinIME
01-01 01:04:59.764  1151  2231 D systemLanguageCode: en__GB
01-01 01:04:59.764  1151  2231 D mEnabledInputMethodsStrCache: com.android.inputmethods.latin/.LatinIME
01-01 01:04:59.765  1379  1379 I NuanceUtil: Language text: en_GB, Language code: 5
01-01 01:04:59.765  1379  1379 I NuanceLog: Active Language: ET9LIDEnglish_UK
01-01 01:04:59.765  1379  1379 I NuanceLog: Active LDB: /system/etc/RSESpeller/configs/LDBs/v13.1.0/englishuk/ENubUNUK_xt9_ALM3.ldb
01-01 01:04:59.765  1379  1379 I LatinIME: Nuance API Initialized successfully
01-01 01:04:59.765  1379  1379 I LatinIME: Suggestion strip view visibility gone
01-01 01:04:59.766  1151  2231 D mEnabledInputMethodsStrCache: com.android.inputmethods.latin/.LatinIME
01-01 01:04:59.766  1151  2231 D systemLanguageCode: en__GB
01-01 01:04:59.766  1151  2231 D mEnabledInputMethodsStrCache: com.android.inputmethods.latin/.LatinIME
01-01 01:04:59.766  1151  2231 D mEnabledInputMethodsStrCache: com.android.inputmethods.latin/.LatinIME
01-01 01:04:59.766  1151  2231 D systemLanguageCode: en__GB
01-01 01:04:59.766  1151  2231 D mEnabledInputMethodsStrCache: com.android.inputmethods.latin/.LatinIME
01-01 01:05:00.002  1392  1392 D KeyguardUpdateMonitor: received broadcast android.intent.action.TIME_TICK
01-01 01:05:00.002  1392  1392 D KeyguardUpdateMonitor: handleTimeUpdate
01-01 01:05:00.015  1392  1392 D PhoneStatusBarView: status_line: onPanelCollapsed
01-01 01:05:00.027  1392  1392 W SYSTEM_UI: SWR_SYSTEM_UI_008|FUN=CollapsedStatusBarFragment::AndroidEventReceiver | getAction |1|Broadcast action:android.intent.action.TIME_TICK received
01-01 01:05:00.027  1392  1392 W SYSTEM_UI - CI07.3: className -> CollapsedStatusBarFragment | functionName -> setTime | value -> Setting the time to textView
01-01 01:05:00.028  1392  1392 W SYSTEM_UI: SWR_SYSTEM_UI_008|FUN=CollapsedStatusBarFragment::getTime |1|Get current time.
01-01 01:05:00.311  3739  3739 W HMI2-SETTINGS - CI08.4: className -> WifiActivity | functionName -> handlePassOkClick:  | value -> handlePassOkClick with ssid :RSE_Test enter callFromdialogButton
01-01 01:05:00.315  3739  3739 W HMI2-SETTINGS - CI08.4: className -> WifiActivity | functionName -> hideSoftKeyboard | value -> hideSoftInputFromWindow id=true
01-01 01:05:00.318  1379  1379 E LatinIME: hideWindow Called
01-01 01:05:00.322  1151 10154 I WifiService: getWifiEnabledState uid=1000
01-01 01:05:00.323  3739  3739 W HMI2-SETTINGS - CI08.4: className -> WifiActivity | functionName -> removePassEnterWindow : callFrom  | value -> connectToWifi_isPasswordValid
01-01 01:05:00.329  3739  3739 W HMI2-SETTINGS: SWR_BAIDU_HMI_0015|FUN=WifiActivity::finallyConnect|0|networkSSID::RSE_Test|NotOpen|isWapiConnect:false
01-01 01:05:00.329  3675 19744 D UIAutomatorStub: URI: /jsonrpc/0, Method: POST, Header: {content-length=274, remote-addr=127.0.0.1, http-client-ip=127.0.0.1, host=localhost:9009, content-type=application/json, connection=close, accept-encoding=identity, user-agent=Python-urllib/2.7}, params, {NanoHttpd.QUERY_STRING=null}, files: {postData={"params": [{"childOrSiblingSelector": [], "scrollable": true, "mask": 16384, "childOrSibling": []}, {"childOrSiblingSelector": [], "text": "RSE_Test", "mask": 1, "childOrSibling": []}, true], "jsonrpc": "2.0", "method": "scrollTo", "id": "e559b547059cb6da631abb52a8be6a4c"}}
01-01 01:05:00.329  1151  2231 I WifiService: addOrUpdateNetwork uid=1000
01-01 01:05:00.329  1151  2231 I addOrUpdateNetwork:  uid = 1000 SSID "RSE_Test" nid=-1
01-01 01:05:00.330  1151  1317 D WifiConfiguration: configKey: false
01-01 01:05:00.330  1151  1317 D WifiConfiguration: configKey: false
01-01 01:05:00.330  1151  1317 E WifiConfigManager: Cannot find network with networkId -1 or configKey "RSE_Test"WPA_PSK
01-01 01:05:00.330  1151  1317 D WifiConfiguration: configKey: false
01-01 01:05:00.330  1151  1317 E WifiConfigManager: Cannot find network with configKey "RSE_Test"WPA_PSK
01-01 01:05:00.331  1151  1317 D WifiConfiguration: configKey: false
01-01 01:05:00.335  1151 10154 D WindowManager: relayout packageName=com.android.inputmethods.latin::session=Session{ca2ba78 1379:1000}::window=android.view.IWindow$Stub$Proxy@b643996::attrs.flags=800108
01-01 01:05:00.335  1151 10154 D WindowManager: relayout >>> FLAG_FULLSCREEN not set in WindowManager.LayoutParams
01-01 01:05:00.335  1151 10154 D WindowManager: startStatusReceiverServiceOnFlagSet: creating intent for action ACTION_ACTIVITY_FULLSCREEN
01-01 01:05:00.335  1151 10154 W ContextImpl: Calling a method in the system process without a qualified user: android.app.ContextImpl.startService:1476 com.android.server.wm.Session.startStatusReceiverServiceOnFlagSet:762 com.android.server.wm.Session.relayout:276 android.view.IWindowSession$Stub.onTransact:286 com.android.server.wm.Session.onTransact:166 
01-01 01:05:00.335  1151  1317 D WifiConfiguration: configKey: false
01-01 01:05:00.336  1151 10154 D CompatibilityInfo: mCompatibilityFlags - 4
01-01 01:05:00.336  1151 10154 D CompatibilityInfo: applicationDensity - 240
01-01 01:05:00.336  1151 10154 D CompatibilityInfo: applicationScale - 1.0
01-01 01:05:00.337  1151 10154 D WindowManager: startStatusReceiverServiceOnFlagSet: startService done
01-01 01:05:00.342  1392  1392 W SYSTEM_UI: SWR_SYSTEM_UI_007|FUN=CollapsedStatusBarFragment::getAction |1|Broadcast action --> STATUS_UPDATE_ACTION
01-01 01:05:00.342  1392  1392 W SYSTEM_UI: SWR_SYSTEM_UI_007|FUN=CollapsedStatusBarFragment::getIntExtra |1|NotifySystemUpdates dataType --> 101
01-01 01:05:00.342  1392  1392 W SYSTEM_UI - CI07.3: className -> CollapsedStatusBarFragment | functionName -> NotifySystemUpdates | onReceive -->  | value -> FULLSCREEN MODE CHANGED | isFullScreenStatus --> false | fullScreenPackage -->com.android.inputmethods.latin | fullscreenLastShownPackage -->null | topActivityPackage --> com.panasonic.hmi2settings
01-01 01:05:00.342  1392  1392 W SYSTEM_UI - CI07.3: className -> CollapsedStatusBarFragment | functionName -> NotifySystemUpdates | onReceive -->  | value -> Fullscreen mode changed --> path 0
01-01 01:05:00.359  1151  1317 D WifiConfigStore: Writing to stores completed in 24 ms.
01-01 01:05:00.360  1151  1317 D WifiConfiguration: configKey: false
01-01 01:05:00.361  3739  3739 W HMI2-SETTINGS: SWR_BAIDU_HMI_0015|FUN=WifiActivity::addNetwork|0|Getting network id with addNetwork method.
01-01 01:05:00.361  3739  3739 W HMI2-SETTINGS - CI08.4: className -> WifiActivity | functionName -> connectNewNetwork : | value ->  addNetwork success netId->174
01-01 01:05:00.361  1151  2231 I WifiService: enableNetwork uid=1000 disableOthers=true
01-01 01:05:00.362  1151  1317 D WifiStateMachine: connectToUserSelectNetwork netId 174, uid 1000, forceReconnect = false
01-01 01:05:00.363  1151  1317 D WifiConfiguration: configKey: false
01-01 01:05:00.365  1151  1317 I chatty  : uid=1000(system) WifiStateMachin identical 1 line
01-01 01:05:00.366  1151  1317 D WifiConfiguration: configKey: false
01-01 01:05:00.385  1151  1317 D WifiConfigStore: Writing to stores completed in 18 ms.
01-01 01:05:00.386  1151  1317 D WifiConfiguration: configKey: false
01-01 01:05:00.386  1151  1317 I chatty  : uid=1000(system) WifiStateMachin identical 1 line
01-01 01:05:00.386  1151  1317 D WifiConfiguration: configKey: false
01-01 01:05:00.386  1151  1317 D WifiStateMachine: CMD_START_CONNECT sup state DisconnectedState my state DisconnectedState nid=174 roam=false
01-01 01:05:00.386  3739  3739 W HMI2-SETTINGS - CI08.4: className -> WifiActivity | functionName -> connectNewNetwork :  | value -> enable success netId->174
01-01 01:05:00.387   808   808 W wificond: Scan is not started. Ignore abort request
01-01 01:05:00.387  1151  2231 I WifiService: getWifiServiceMessenger uid=1000
01-01 01:05:00.387  1151  1317 D WifiConfiguration: configKey: false
01-01 01:05:00.387  1151  1317 D SupplicantStaIfaceHal: connectToNetwork "RSE_Test"WPA_PSK
01-01 01:05:00.388  1151  1316 D WifiService: New client listening to asynchronous messages
01-01 01:05:00.388  3739  3739 W HMI2-SETTINGS: SWR_BAIDU_HMI_0015|SWR_BAIDU_HMI_0027|FUN=WifiActivity::connect|0|Connected to new network
01-01 01:05:00.388  3023  3023 E wpa_supplicant: Deregistering network from hidl control: 0
01-01 01:05:00.388  3739  3739 W HMI2-SETTINGS - CI08.4: className -> WifiActivity | functionName -> finallyConnect : ssid-> | value -> "RSE_Test"|isClickedForConnection:false
01-01 01:05:00.389  1151  1317 I SupplicantStaIfaceHal: addSupplicantStaNetwork via HIDL
01-01 01:05:00.389  3023  3023 E wpa_supplicant: Registering network to hidl control: 0
01-01 01:05:00.389  1151  1316 D WifiService: CONNECT  nid=174 uid=1000 name=android.uid.system:1000
01-01 01:05:00.389  1151  1316 D WifiService: Connect with networkId 174
01-01 01:05:00.405  1151  1317 D WifiConfiguration: configKey: false
01-01 01:05:00.409  3023  3023 E wpa_supplicant: Notifying state change event to hidl control: 3
01-01 01:05:00.414  1151  1317 D WifiStateMachine: processMessage:  connect success 
01-01 01:05:00.414  1151  1317 D WifiStateMachine: processMessage: connect over
01-01 01:05:00.414  1151  1317 D WifiConfiguration: configKey: false
01-01 01:05:00.415  1151  1317 D WifiStateMachine: connectToUserSelectNetwork netId 174, uid 1000, forceReconnect = false
01-01 01:05:00.416  1151  1317 D WifiConfiguration: configKey: false
01-01 01:05:00.417  1151  1317 I chatty  : uid=1000(system) WifiStateMachin identical 1 line
01-01 01:05:00.418  1151  1317 D WifiConfiguration: configKey: false
01-01 01:05:00.438  1151  1317 D WifiConfigStore: Writing to stores completed in 19 ms.
01-01 01:05:00.439  1151  1317 D WifiConfiguration: configKey: false
01-01 01:05:00.439  1151  1317 D WifiConfiguration: configKey: false
01-01 01:05:00.440  3739  3757 E HMI2-SETTINGS - CI08.4: className -> WifiActivity | functionName -> mConnectListener | error ->onSuccess
01-01 01:05:00.447  1508  1601 W QCNEJ   : |CORE| notifyWifiStatusChanged failed
01-01 01:05:00.447  1508  1601 W QCNEJ   : |CORE| notifyRatConnectionStatusChanged failed
01-01 01:05:00.448  2145  2145 D HMI_SERVICE: USE_CASE_NA|FUN=HmiApplication| [action] android.net.wifi.STATE_CHANGE
01-01 01:05:00.448  1392  1392 W SYSTEM_UI: SWR_SYSTEM_UI_008|FUN=CollapsedStatusBarFragment::AndroidEventReceiver | getAction |1|Broadcast action:android.net.wifi.STATE_CHANGE received
01-01 01:05:00.448  2145  2145 D HmiApplication: DetailedState:DISCONNECTED
01-01 01:05:00.448  2145  2145 W HMI_SERVICE: USE_CASE_NA|FUN=HmiApplication|executeLinuxCmdB2C command:6|isFromCManager:true
01-01 01:05:00.448  1392  1392 W SYSTEM_UI - CI07.3: className -> CollapsedStatusBarFragment | functionName -> AndroidEventReceiver | onReceive -->  | value -> Wifi connection status--> false
01-01 01:05:00.448  1392  1392 W SYSTEM_UI: SWR_SYSTEM_UI_008|FUN=CollapsedStatusBarFragment::isConnected |1|Wifi connection status--> false
01-01 01:05:00.448  1392  1392 W SYSTEM_UI - CI07.3: className -> CollapsedStatusBarFragment | functionName -> updateHermsDataType | value -> Update Herms Data Type :: networkType --> 0
01-01 01:05:00.448  1392  1392 W SYSTEM_UI - CI07.3: className -> CollapsedStatusBarFragment | functionName -> updateHermsDataType | value -> Update Herms Data Type :: isWebsiteSecure --> false
01-01 01:05:00.449  2677  2690 W ANDR_PERSISTENCY_CLIENT: SWR_PERSISTENCE_HV_LA_MF_0003|FUN=VCPUPersistenceService::executeLinuxBackgroundCommand |0|msg: param [6]
01-01 01:05:00.449  2677  2690 W ANDR_PERSISTENCY_CLIENT: SWR_PERSISTENCE_HV_LA_MF_0005|FUN=TCPHandler:: getInstance |2|msg: invoked 
01-01 01:05:00.449  2677  2690 W ANDR_PERSISTENCY_CLIENT: SWR_PERSISTENCE_HV_LA_MF_0005|FUN=TCPHandler:: sendWriteRequestToPersistenceLinuxInt |2|data= [6]key= 0 commandKey= 10
01-01 01:05:00.449  2677  2690 W ANDR_PERSISTENCY_CLIENT: SWR_PERSISTENCE_HV_LA_MF_0005|FUN=TCPHandler:: getUID |2|msg: invoked 
01-01 01:05:00.449  2677  2690 W ANDR_PERSISTENCY_CLIENT: SWR_PERSISTENCE_HV_LA_MF_0005|FUN=TCPHandler:: setAction |2|msg:setAction=1
01-01 01:05:00.449  2677  2690 W ANDR_PERSISTENCY_CLIENT: SWR_PERSISTENCE_HV_LA_MF_0005|FUN=TCPHandler:: setUID |2|msg:uid=48
01-01 01:05:00.449  2677  2690 W ANDR_PERSISTENCY_CLIENT: SWR_PERSISTENCE_HV_LA_MF_0005|FUN=TCPHandler:: setKey |2|msg:uid=48
01-01 01:05:00.449  2677  2690 W ANDR_PERSISTENCY_CLIENT: SWR_PERSISTENCE_HV_LA_MF_0005|FUN=TCPHandler::setCommandKey|2|msg:commandKey=10
01-01 01:05:00.449  2677  2690 W ANDR_PERSISTENCY_CLIENT: SWR_PERSISTENCE_HV_LA_MF_0005|FUN=TCPHandler:: registerCallBack |2|invoked 
01-01 01:05:00.449  2677  2690 W ANDR_PERSISTENCY_CLIENT: SWR_PERSISTENCE_HV_LA_MF_0005|FUN=TCPHandler::start|2|msg: byteArrayToInt : b [6]
01-01 01:05:00.449  2677  2690 W ANDR_PERSISTENCY_CLIENT: SWR_PERSISTENCE_HV_LA_MF_0005|FUN=TCPHandler::sendWriteRequestToPersistenceLinuxInt|2|listKey=48_10;keyString=0x00;key=0;command=6
01-01 01:05:00.449  2677  2725 W ANDR_PERSISTENCY_CLIENT: SWR_PERSISTENCE_HV_LA_MF_0005|FUN=TCPHandler:: getAction |2|msg:getAction=1
01-01 01:05:00.449  2677  2725 W ANDR_PERSISTENCY_CLIENT: SWR_PERSISTENCE_HV_LA_MF_0005|FUN=TCPHandler:: sender:ACTION_REQUEST |2|msg:condition 
01-01 01:05:00.450  2677  2725 W ANDR_PERSISTENCY_CLIENT: SWR_PERSISTENCE_HV_LA_MF_0005|FUN=TCPHandler:: getWrappedData |2|msg: msg com.panasonic.dairse.vcpupersistence.TCPHandler$Message@eb10202
01-01 01:05:00.450  2677  2725 W ANDR_PERSISTENCY_CLIENT: SWR_PERSISTENCE_HV_LA_MF_0005|FUN=TCPHandler::getCommandKey|2|msg:commandKey=10
01-01 01:05:00.450  2677  2725 W ANDR_PERSISTENCY_CLIENT: SWR_PERSISTENCE_HV_LA_MF_0005|FUN=TCPHandler:: intToBytes |2| data 1
01-01 01:05:00.450  2677  2725 W ANDR_PERSISTENCY_CLIENT: SWR_PERSISTENCE_HV_LA_MF_0005|FUN=TCPHandler:: intToBytes |2| data 13
01-01 01:05:00.450  2677  2725 W ANDR_PERSISTENCY_CLIENT: SWR_PERSISTENCE_HV_LA_MF_0005|FUN=TCPHandler:: getUID |2|msg:uid=48
01-01 01:05:00.450  2677  2725 W ANDR_PERSISTENCY_CLIENT: SWR_PERSISTENCE_HV_LA_MF_0005|FUN=TCPHandler::start|2|msg:sender::msg=[0, 0, 0, 13, 1, 48, 10, 4, 48, 120, 48, 48, 0, 0, 0, 1, 6]
01-01 01:05:00.450  2677  2725 W ANDR_PERSISTENCY_CLIENT: SWR_PERSISTENCE_HV_LA_MF_0005|FUN=TCPHandler:: sender : Thread.interrupted() |2|msg:condition 
01-01 01:05:00.453  2677  2726 W ANDR_PERSISTENCY_CLIENT: SWR_PERSISTENCE_HV_LA_MF_0005|FUN=TCPHandler::start|2|msg:receiver::run: size of totalLength 4
01-01 01:05:00.453  2677  2726 W ANDR_PERSISTENCY_CLIENT: SWR_PERSISTENCE_HV_LA_MF_0005|FUN=TCPHandler::start|2|msg:receiver::run: totalLength is > 0
01-01 01:05:00.453  2145  2145 D HMI_SERVICE: USE_CASE_NA|FUN=HmiApplication| [action] android.net.wifi.STATE_CHANGE
01-01 01:05:00.453  2677  2726 W ANDR_PERSISTENCY_CLIENT: SWR_PERSISTENCE_HV_LA_MF_0005|FUN=TCPHandler::start|2|msg:receiver::response length= 12
01-01 01:05:00.454  2677  2726 W ANDR_PERSISTENCY_CLIENT: SWR_PERSISTENCE_HV_LA_MF_0005|FUN=TCPHandler::handleInBoundData|2|message=[0, 48, 10, 0, 0, 0, 0, 4, 1, 0, 0, 0]
01-01 01:05:00.454  2677  2726 W ANDR_PERSISTENCY_CLIENT: SWR_PERSISTENCE_HV_LA_MF_0005|FUN=TCPHandler::handleInBoundData|2|msg:response listKey=48_10
01-01 01:05:00.454  2677  2726 W ANDR_PERSISTENCY_CLIENT: SWR_PERSISTENCE_HV_LA_MF_0005|FUN=TCPHandler::handleInBoundData|2|msg:TCPHandler.handleInBoundData success response=0
01-01 01:05:00.454  2677  2726 W ANDR_PERSISTENCY_CLIENT: SWR_PERSISTENCE_HV_LA_MF_0005|FUN=TCPHandler::isB2cResponce|2|msg: message [0, 48, 10, 0, 0, 0, 0, 4, 1, 0, 0, 0]
01-01 01:05:00.454  2677  2726 W ANDR_PERSISTENCY_CLIENT: SWR_PERSISTENCE_HV_LA_MF_0005|FUN=TCPHandler::handleInBoundData|2|msg:  isB2cResponce
01-01 01:05:00.454  2677  2726 W ANDR_PERSISTENCY_CLIENT: SWR_PERSISTENCE_HV_LA_MF_0005|FUN=TCPHandler::sendResponse|2|msg:send Response using IVCPUServiceCallBack=[0, 48, 10, 0, 0, 0, 0, 4, 1, 0, 0, 0]
01-01 01:05:00.454  2677  2726 W ANDR_PERSISTENCY_CLIENT: SWR_PERSISTENCE_HV_LA_MF_0005|FUN=TCPHandler::sendResponse|2|msg:send Response using IVCPUServiceCallBack=[0, 48, 10, 0, 0, 0, 0, 4, 1, 0, 0, 0]
01-01 01:05:00.454  1508  1601 W QCNEJ   : |CORE| notifyWifiStatusChanged failed
01-01 01:05:00.454  1508  1601 W QCNEJ   : |CORE| notifyRatConnectionStatusChanged failed
01-01 01:05:00.448  1392  1392 W SYSTEM_UI - CI07.3: className -> CollapsedStatusBarFragment | functionName -> updateHermsDataType | value -> Update Herms Data Type :: connection status --> 1
01-01 01:05:00.455  1392  1392 W SYSTEM_UI - CI07.3: className -> CollapsedStatusBarFragment | functionName -> updateHermsDataType | value -> Update Herms Data Type :: data Transfer --> false
01-01 01:05:00.455  2145  3934 W HMI_SERVICE: USE_CASE_NA|FUN=HmiApplication|executeLinuxCmdConnection responseData:[0, 48, 10, 0, 0, 0, 0, 4, 1, 0, 0, 0]
01-01 01:05:00.455  1392  1392 W SYSTEM_UI - CI07.3: className -> CollapsedStatusBarFragment | functionName -> updateHermsDataType | value -> Update Herms Data Type :: wifiConnectionStatus --> false
01-01 01:05:00.455  1392  1392 W SYSTEM_UI - CI07.3: className -> CollapsedStatusBarFragment | functionName -> updateHermsDataType | value -> path 2
01-01 01:05:00.455  2145  3934 W HMI_SERVICE: USE_CASE_NA|FUN=HmiApplication|executeLinuxCmdConnection responseData=not valid:16777216
01-01 01:05:00.455  1392  1392 W SYSTEM_UI - CI07.3: className -> CollapsedStatusBarFragment | functionName -> updateHermsDataType | value -> path 3
01-01 01:05:00.455  2145  3934 W HMI_SERVICE: USE_CASE_NA|FUN=HmiApplication|executeLinuxCmdConnection responseReturnData=
01-01 01:05:00.455  2145  3934 W HMI_SERVICE: USE_CASE_NA|FUN=HmiApplication|executeLinuxCmdB2C response=true
01-01 01:05:00.455  1392  1392 W SYSTEM_UI: SWR_SYSTEM_UI_008|FUN=CollapsedStatusBarFragment::AndroidEventReceiver | getAction |1|Broadcast action:android.net.wifi.STATE_CHANGE received
01-01 01:05:00.455  1392  1392 W SYSTEM_UI - CI07.3: className -> CollapsedStatusBarFragment | functionName -> AndroidEventReceiver | onReceive -->  | value -> Wifi connection status--> false
01-01 01:05:00.455  1392  1392 W SYSTEM_UI: SWR_SYSTEM_UI_008|FUN=CollapsedStatusBarFragment::isConnected |1|Wifi connection status--> false
01-01 01:05:00.455  1392  1392 W SYSTEM_UI - CI07.3: className -> CollapsedStatusBarFragment | functionName -> updateHermsDataType | value -> Update Herms Data Type :: networkType --> 0
01-01 01:05:00.455  1392  1392 W SYSTEM_UI - CI07.3: className -> CollapsedStatusBarFragment | functionName -> updateHermsDataType | value -> Update Herms Data Type :: isWebsiteSecure --> false
01-01 01:05:00.455  1392  1392 W SYSTEM_UI - CI07.3: className -> CollapsedStatusBarFragment | functionName -> updateHermsDataType | value -> Update Herms Data Type :: connection status --> 1
01-01 01:05:00.455  1392  1392 W SYSTEM_UI - CI07.3: className -> CollapsedStatusBarFragment | functionName -> updateHermsDataType | value -> Update Herms Data Type :: data Transfer --> false
01-01 01:05:00.455  1392  1392 W SYSTEM_UI - CI07.3: className -> CollapsedStatusBarFragment | functionName -> updateHermsDataType | value -> Update Herms Data Type :: wifiConnectionStatus --> false
01-01 01:05:00.455  1392  1392 W SYSTEM_UI - CI07.3: className -> CollapsedStatusBarFragment | functionName -> updateHermsDataType | value -> path 2
01-01 01:05:00.455  1392  1392 W SYSTEM_UI - CI07.3: className -> CollapsedStatusBarFragment | functionName -> updateHermsDataType | value -> path 3
01-01 01:05:00.461  1151  1317 D WifiStateMachine: CMD_START_CONNECT sup state DisconnectedState my state DisconnectedState nid=174 roam=false
01-01 01:05:00.463  1933  1933 I LCMANDR : SWR_OOB_HV_MF_009|FUN=ResourceMonitoringService::movingMemoryAverage|2|Moving memory average :31.592554
01-01 01:05:00.464  1933  1933 W LCMANDR : SWR_OOB_HV_MF_009|FUN=ResourceMonitoringService::getCpuUsageStatistic|Moving MEM AVG :::::::::31.592554
01-01 01:05:00.465  1933  1933 W LCMANDR : SWR_OOB_HV_MF_009|FUN=ResourceMonitoringService::getCpuUsageStatistic|2|Total cpu usage :22.425629
01-01 01:05:00.465  1933  1933 I LCMANDR : SWR_OOB_HV_MF_009|FUN=ResourceMonitoringService::getCpuUsageStatistic|Cpu usage of core  0 is27.272728
01-01 01:05:00.465  1933  1933 I LCMANDR : SWR_OOB_HV_MF_009|FUN=ResourceMonitoringService::getCpuUsageStatistic|Cpu usage of core  1 is21.754385
01-01 01:05:00.465  1933  1933 I LCMANDR : SWR_OOB_HV_MF_009|FUN=ResourceMonitoringService::getCpuUsageStatistic|Cpu usage of core  2 is18.150684
01-01 01:05:00.465  1933  1933 I LCMANDR : ResourceMonitoringService::movingCpuAverage()
01-01 01:05:00.465  1933  1933 I LCMANDR : SWR_OOB_HV_MF_009|FUN=ResourceMonitoringService::movingCpuAverage|2|Moving window average of CPU 27.748465
01-01 01:05:00.465  1933  1933 I LCMANDR : SWR_OOB_HV_MF_009|FUN=ResourceMonitoringService::movingCpuAverage|2|Cpu moving average of core  0 is27.562683
01-01 01:05:00.465  1933  1933 I LCMANDR : SWR_OOB_HV_MF_009|FUN=ResourceMonitoringService::movingCpuAverage|2|Cpu moving average of core  1 is23.276272
01-01 01:05:00.465  1933  1933 I LCMANDR : SWR_OOB_HV_MF_009|FUN=ResourceMonitoringService::movingCpuAverage|2|Cpu moving average of core  2 is32.372047
01-01 01:05:00.465  1933  1933 D LCMANDR : SWR_OOB_HV_MF_009|FUN=ResourceMonitoringService::movingCpuAverage|2|Exiting VAL = 27.748465
01-01 01:05:00.467   808   808 W wificond: Scan is not started. Ignore abort request
01-01 01:05:00.467  1151  1317 D WifiConfiguration: configKey: false
01-01 01:05:00.467  1151  1317 D SupplicantStaIfaceHal: connectToNetwork "RSE_Test"WPA_PSK
01-01 01:05:00.467  1151  1317 D SupplicantStaIfaceHal: Network is already saved, will not trigger remove and add operation.
01-01 01:05:00.468  1151  1317 D WifiStateMachine: processMessage:  connect success 
01-01 01:05:00.468  1151  1317 D WifiStateMachine: processMessage: connect over
01-01 01:05:00.468  1151  1317 D WifiConfiguration: configKey: false
01-01 01:05:00.470  2145  2145 D HMI_SERVICE: USE_CASE_NA|FUN=HmiApplication| [action] android.net.wifi.supplicant.STATE_CHANGE
