01-01 00:46:39.745  1519  1519 I VolumeControl|HMI_Common.HMIBackend.VolumeControl.VolumeControlBackend: MBUX App Method: GetEntertainmentVolumeGroupStatus |Line No: 215 |Log Type: Critical |Message: VolumeControlBackend GetEntertainmentVolumeGroupStatus() called VolumeControlApplication Instance ==  
01-01 00:46:39.746  1519  1519 I VolumeControl|HMI_Common.HMIBackend.VolumeControl.VolumeControlBackend: MBUX App Method: GetEntertainmentVolumeGroupStatus |Line No: 220 |Log Type: Critical |Message: VolumeControlBackend GetEntertainmentVolumeGroupStatus() ::: VolumeControlApplication Instance is Null - Volume Control Functionality will not work!!!!!!!
01-01 00:46:39.746  1519  1519 I VolumeControl|HMI_Common.Activities.MainOverlayActivity: MBUX App Method: GetCurrentForegroundVolumeGroup |Line No: 1377 |Log Type: Critical |Message: VolumeControl GetCurrentForegroundVolumeGroup Called : VolumeControlBackend Instance = HMI_Common.HMIBackend.VolumeControl.VolumeControlBackend isEntertainmentInForeground = False
01-01 00:46:39.746  1519  1519 I BaseScreen|HMI_Common.Activities.MainOverlayActivity: MBUX App Method: EnableAppropriateView |Line No: 810 |Log Type: Information |Message: BaseActivity EnableAppropriateView() Called  isViewEnabled = True desiredView = android.widget.ImageView{7471fe8 VFED..C.. ......I. 0,0-0,0 #7f090561 app:id/VolumePanelImageView}
01-01 00:46:39.746  1519  1519 I HomeScreen|HMI_Common.Activities.MainOverlayActivity: MBUX App Method: HandleMediaStatusChangedEvent |Line No: 368 |Log Type: Critical |Message: MainOverlayActivity, HandleMediaStatusChangedEvent: MediumStatus : Idle, MediumType : HardDisk & Drive Status : PlayableFiles
01-01 00:46:39.746  1519  1519 I VolumeControl|HMI_Common.Activities.MainOverlayActivity: MBUX App Method: HandleSendToCabinAudioVisibility |Line No: 451 |Log Type: Information |Message: VolumeControl HandleSendToCabinAudioVisibility() Called
01-01 00:46:39.746  1519  1519 I VolumeControl|HMI_Common.Activities.MainOverlayActivity: MBUX App Method: HandleSendToCabinAudioVisibility |Line No: 458 |Log Type: Information |Message: VolumeControl HandleSendToCabinAudioVisibility() isPlayerCurrentStreamingSource = False
01-01 00:46:39.746  1519  1519 I HomeScreen|HMI_Common.Activities.MainOverlayActivity: MBUX App Method: HandleSendToCabinAudioVisibility |Line No: 479 |Log Type: Information |Message: VolumeControl handleSendToCabinAudioVisibility:TV or Tuner ready
01-01 00:46:39.747  1519  1519 I HomeScreen|HMI_Common.HMIBackend.CommonControlsBackend.BaseScreenBackend: MBUX App Method: IsTVCurrentSourcePlayedForMedia |Line No: 986 |Log Type: Information |Message: Basescreen backend IsTVCurrentSourcePlayedForMedia isTVPrevious : False
01-01 00:46:39.747  1519  1519 I HomeScreen|HMI_Common.Activities.MainOverlayActivity: MBUX App Method: IsTVSourceToBeHandled |Line No: 1649 |Log Type: Information |Message: IsTVSourceToBeHandled, IsPlayerCurrentStreamingSource() : False & IsTVPreviousStreamingSource() : False, RseMediaApplication.Instance.CurrentStreamingSource = Unknown, RseMediaApplication.Instance.PreviousStreamingSource = Unknown
01-01 00:46:39.747  1519  1519 I HomeScreen|HMI_Common.HMIBackend.CommonControlsBackend.BaseScreenBackend: MBUX App Method: IsTVCurrentSourcePlayedForMedia |Line No: 986 |Log Type: Information |Message: Basescreen backend IsTVCurrentSourcePlayedForMedia isTVPrevious : False
01-01 00:46:39.747  1519  1519 I HomeScreen|HMI_Common.Activities.MainOverlayActivity: MBUX App Method: DisplayDriveChangeInfo |Line No: 439 |Log Type: Critical |Message: MainOverlayActivity,  DisplayDriveChangeInfo called mediumType: HardDisk
01-01 00:46:39.748  1519  1519 I HomeScreen|HMI_Common.Activities.MainOverlayActivity: MBUX App Method: UpdateHomeScreenItemView |Line No: 207 |Log Type: Critical |Message: UpdateHomeScreenItemView : Item : Media, mainImage : HardDisk, subtitle : , leftShortIcon : , rightShorticon : , Current Audio Source : 
01-01 00:46:39.751  1519  1519 I HomeScreen|HMI_Common.Activities.MainOverlayActivity: MBUX App Method: DisplayCurrentTrackInfo |Line No: 450 |Log Type: Critical |Message: MainOverlayActivity,  DisplayCurrentTrackInfo called currentTrack: 
01-01 00:46:39.751  1519  1519 I HomeScreen|HMI_Common.Activities.MainOverlayActivity: MBUX App Method: UpdateHomeScreenItemView |Line No: 207 |Log Type: Critical |Message: UpdateHomeScreenItemView : Item : Media, mainImage : HardDisk, subtitle : , leftShortIcon : False, rightShorticon : False, Current Audio Source : 
01-01 00:46:39.754  1519  1519 I VolumeControl|HMI_Common.Activities.MainOverlayActivity: MBUX App Method: UpdateSendToCabinAudioIcon |Line No: 206 |Log Type: Critical |Message: VolumeControl InitializeSendToCabinAudioFalse
01-01 00:46:39.755  1519  1519 I VolumeControl|HMI_Common.HMIBackend.VolumeControl.VolumeControlBackend: MBUX App Method: GetMuteStates |Line No: 194 |Log Type: Critical |Message: VolumeControlBackend GetMuteStates() called CabinAudioMuteStatus == False
01-01 00:46:39.755  1519  1519 I Connectivity_AIDL|HMI_Common.RsePlatformInterface.ParentalControlImpl: MBUX App Method: UnSubscribeToParentalControlEvents |Line No: 121 |Log Type: Information |Message: UnSubscribeToParentalControlEvents = 
01-01 00:46:39.755  1519  1519 I Connectivity_AIDL|HMI_Common.RsePlatformInterface.ParentalControlImpl: MBUX App Method: .ctor |Line No: 32 |Log Type: Critical |Message: ParentalControlImpl Constructor
01-01 00:46:39.755  1519  1519 I Connectivity_AIDL|HMI_Common.RsePlatformInterface.ParentalControlImpl: MBUX App Method: GetParentalControlApplication |Line No: 89 |Log Type: Critical |Message: GetParentalControlApplication : 
01-01 00:46:39.756  1519  1519 I Connectivity_AIDL|HMI_Common.RsePlatformInterface.ParentalControlImpl: MBUX App Method: SubscribeToParentalControlEvents |Line No: 96 |Log Type: Information |Message: SubscribeToParentalControlEvents isDemoMode = True
01-01 00:46:39.756  1519  1519 I HomeScreen|HMI_Common.Activities.MainOverlayActivity: MBUX App Method: UpdateNavigationETAInfo |Line No: 113 |Log Type: Critical |Message: UpdateNavigationETAInfo, subtitle text : 
01-01 00:46:39.756  1519  1519 I HomeScreen|HMI_Common.Activities.MainOverlayActivity: MBUX App Method: IsETAInfoToBeDisplayed |Line No: 128 |Log Type: Information |Message: Navigation, IsETAInfoToBeDisplayed etaInfoText: 
01-01 00:46:39.756  1519  1519 I HomeScreen|HMI_Common.Activities.MainOverlayActivity: MBUX App Method: UpdateHomeScreenNavigationSubtitleText |Line No: 801 |Log Type: Critical |Message: UpdateHomeScreenNavigationSubtitleText, subtitle text :  & isActiveRouteInProgress : False
01-01 00:46:39.761  1519  1519 I TelephonyRse|HMI_Common.Activities.MainOverlayActivity: MBUX App Method: HandlestatusLineNetworkSignalStrength |Line No: 944 |Log Type: Information |Message: BaseActivity StatusLine:HandlestatusLineNetworkSignalStrength deviceList size :
01-01 00:46:39.762  1519  1519 I TelephonyRse|HMI_Common.Activities.MainOverlayActivity: MBUX App Method: HandlestatusLineNetworkSignalStrength |Line No: 966 |Log Type: Information |Message: BaseActivity StatusLine:HandlestatusLineNetworkSignalStrength deviceList size empty:
01-01 00:46:39.762  1519  1519 I TelephonyRse|HMI_Common.Activities.MainOverlayActivity: MBUX App Method: HandlestatusLinePhoneBatteryLevelVisibility |Line No: 1063 |Log Type: Information |Message: BaseActivity StatusLine:HandlestatusLinePhoneBatteryLevelVisibility deviceList size :
01-01 00:46:39.762  1519  1519 I TelephonyRse|HMI_Common.Activities.MainOverlayActivity: MBUX App Method: HandlestatusLinePhoneBatteryLevelVisibility |Line No: 1086 |Log Type: Information |Message: BaseActivity StatusLine:HandlestatusLineNetworkSignalStrength deviceList size empty:
01-01 00:46:39.762  1519  1519 I HomeScreen|HMI_Common.Activities.MainOverlayActivity: MBUX App Method: OnResume |Line No: 875 |Log Type: Information |Message: MainOverlayActivity OnResume called, _isActive : False _pos: 1
01-01 00:46:39.762  1519  1519 I BaseScreen|HMI_Common.Activities.MainOverlayActivity: MBUX App Method: UpdateHMI2LaunchedFlag |Line No: 1222 |Log Type: Critical |Message: UpdateHMI2LaunchedFlag() called isLaunched = False
01-01 00:46:39.763  1519  1519 I BaseScreen|HMI_Common.HMIBackend.SharedPreferences.SharedPrefBackend: MBUX App Method: UpdateHMI2LaunchedFlag |Line No: 93 |Log Type: Critical |Message: UpdateHMI2LaunchedFlag called isLaunched = False
01-01 00:46:39.763  1519  1519 I Connectivity|HMI_Common.Activities.MainOverlayActivity: MBUX App Method: RegisterEntertainmentSharingEvents |Line No: 296 |Log Type: Information |Message: BaseActivity is for MainOverlayActivity...registering for EntertainmentBackendEvents!!
01-01 00:46:39.763  1519  1519 I AudioManagement|HMI_Common.Activities.MainOverlayActivity: MBUX App Method: SubscribeEntertainmentSharingEvent |Line No: 31 |Log Type: Critical |Message: SetEntertainmentLister: True RegisterEntertainmentSharingEvents for ComponentInfo{com.daimler.rse.ntg6/md59d95dbab71941e137ef724fbceda5f0e.MainOverlayActivity}
01-01 00:46:39.763  1519  1519 I HomeScreen|HMI_Common.HMIBackend.CommonControlsBackend.BaseScreenBackend: MBUX App Method: IsAppKeepAliveSuccess |Line No: 775 |Log Type: Critical |Message: App Authentication Status : Checking keep alive status for : Player & status : True
01-01 00:46:39.763  1519  1519 I HomeScreen|HMI_Common.HMIBackend.CommonControlsBackend.BaseScreenBackend: MBUX App Method: IsAppKeepAliveSuccess |Line No: 775 |Log Type: Critical |Message: App Authentication Status : Checking keep alive status for : Tuner & status : True
01-01 00:46:39.770  1151  1538 D WindowManager: addToDisplay >>> FLAG_FULLSCREEN set in WindowManager.LayoutParams
01-01 00:46:39.770  1151  1538 D WindowManager: startStatusReceiverServiceOnFlagSet: creating intent for action ACTION_ACTIVITY_FULLSCREEN
01-01 00:46:39.770  1151  1538 W ContextImpl: Calling a method in the system process without a qualified user: android.app.ContextImpl.startService:1476 com.android.server.wm.Session.startStatusReceiverServiceOnFlagSet:762 com.android.server.wm.Session.addToDisplay:214 android.view.IWindowSession$Stub.onTransact:124 com.android.server.wm.Session.onTransact:166 
01-01 00:46:39.772  1151  1538 D WindowManager: startStatusReceiverServiceOnFlagSet: startService done
01-01 00:46:39.850  1151  2264 D WindowManager: relayout packageName=com.daimler.rse.ntg6::session=Session{6485514 1519:u0a10027}::window=android.view.IWindow$Stub$Proxy@1605805::attrs.flags=81810500
01-01 00:46:39.850  1151  2264 D WindowManager: relayout >>> FLAG_FULLSCREEN set in WindowManager.LayoutParams
01-01 00:46:39.850  1151  2264 D WindowManager: startStatusReceiverServiceOnFlagSet: creating intent for action ACTION_ACTIVITY_FULLSCREEN
01-01 00:46:39.850  1151  2264 W ContextImpl: Calling a method in the system process without a qualified user: android.app.ContextImpl.startService:1476 com.android.server.wm.Session.startStatusReceiverServiceOnFlagSet:762 com.android.server.wm.Session.relayout:273 android.view.IWindowSession$Stub.onTransact:286 com.android.server.wm.Session.onTransact:166 
01-01 00:46:39.851  1151  2264 D WindowManager: startStatusReceiverServiceOnFlagSet: startService done
01-01 00:46:39.920  1151  2264 D WindowManager: relayout packageName=com.daimler.rse.ntg6::session=Session{6485514 1519:u0a10027}::window=android.view.IWindow$Stub$Proxy@b370f68::attrs.flags=null
01-01 00:46:39.921  1151  2264 D WindowManager: relayout >>> FLAG_FULLSCREEN not set in WindowManager.LayoutParams
01-01 00:46:39.921  1151  2264 D WindowManager: startStatusReceiverServiceOnFlagSet: creating intent for action ACTION_ACTIVITY_FULLSCREEN
01-01 00:46:39.921  1151  2264 W ContextImpl: Calling a method in the system process without a qualified user: android.app.ContextImpl.startService:1476 com.android.server.wm.Session.startStatusReceiverServiceOnFlagSet:762 com.android.server.wm.Session.relayout:276 android.view.IWindowSession$Stub.onTransact:286 com.android.server.wm.Session.onTransact:166 
01-01 00:46:39.923  1151  2264 D WindowManager: startStatusReceiverServiceOnFlagSet: startService done
01-01 00:46:39.930  1151  2264 D WindowManager: relayout packageName=com.daimler.rse.ntg6::session=Session{6485514 1519:u0a10027}::window=android.view.IWindow$Stub$Proxy@c85f826::attrs.flags=null
01-01 00:46:39.930  1151  2264 D WindowManager: relayout >>> FLAG_FULLSCREEN not set in WindowManager.LayoutParams
01-01 00:46:39.930  1151  2264 D WindowManager: startStatusReceiverServiceOnFlagSet: creating intent for action ACTION_ACTIVITY_FULLSCREEN
01-01 00:46:39.931  1151  2264 W ContextImpl: Calling a method in the system process without a qualified user: android.app.ContextImpl.startService:1476 com.android.server.wm.Session.startStatusReceiverServiceOnFlagSet:762 com.android.server.wm.Session.relayout:276 android.view.IWindowSession$Stub.onTransact:286 com.android.server.wm.Session.onTransact:166 
01-01 00:46:39.933  1151  2264 D WindowManager: startStatusReceiverServiceOnFlagSet: startService done
01-01 00:46:39.941  1519  1519 V Activity: back_button: onSaveInstanceState entry:com.daimler.rse.ntg6.StartUpActivity@6d639f8
01-01 00:46:39.942  1519  1519 V Activity: onSaveInstanceState com.daimler.rse.ntg6.StartUpActivity@6d639f8: Bundle[{android:viewHierarchyState=Bundle[{android:views={16908290=android.view.AbsSavedState$1@4f57e89, 2131296938=android.view.AbsSavedState$1@4f57e89, 2131296939=android.view.AbsSavedState$1@4f57e89, 2131296940=android.view.AbsSavedState$1@4f57e89, 2131296941=android.view.AbsSavedState$1@4f57e89, 2131296942=android.view.AbsSavedState$1@4f57e89, 2131296943=android.view.AbsSavedState$1@4f57e89, 2131297551=android.view.AbsSavedState$1@4f57e89}}], android:lastAutofillId=1073741823, android:fragments=android.app.FragmentManagerState@748d3eb}]
01-01 00:46:39.943  1519  1519 V Activity: onStop com.daimler.rse.ntg6.StartUpActivity@6d639f8
01-01 00:46:39.945  1519  1519 V Activity: onStop md59d95dbab71941e137ef724fbceda5f0e.MainOverlayActivity@ea452ec
01-01 00:46:39.946  1519  1519 V Activity: onDestroy md59d95dbab71941e137ef724fbceda5f0e.MainOverlayActivity@ea452ec
01-01 00:46:40.726  1151  8140 I ActivityManager: START u0 {flg=0x4000000 cmp=com.daimler.rse.ntg6/md59d95dbab71941e137ef724fbceda5f0e.SettingsBaseActivity} from uid 10027
01-01 00:46:40.737  1519  1519 V Activity: onPause md59d95dbab71941e137ef724fbceda5f0e.MainOverlayActivity@36b0a10
01-01 00:46:40.755  1519  1519 V Activity: onCreate md59d95dbab71941e137ef724fbceda5f0e.SettingsBaseActivity@6ee191d: null
01-01 00:46:41.093  1519  1519 V Activity: onStart md59d95dbab71941e137ef724fbceda5f0e.SettingsBaseActivity@6ee191d
01-01 00:46:41.328  1519  1519 V Activity: onResume md59d95dbab71941e137ef724fbceda5f0e.SettingsBaseActivity@6ee191d
01-01 00:46:41.351  1151  2264 D WindowManager: addToDisplay >>> FLAG_FULLSCREEN set in WindowManager.LayoutParams
01-01 00:46:41.351  1151  2264 D WindowManager: startStatusReceiverServiceOnFlagSet: creating intent for action ACTION_ACTIVITY_FULLSCREEN
01-01 00:46:41.351  1151  2264 W ContextImpl: Calling a method in the system process without a qualified user: android.app.ContextImpl.startService:1476 com.android.server.wm.Session.startStatusReceiverServiceOnFlagSet:762 com.android.server.wm.Session.addToDisplay:214 android.view.IWindowSession$Stub.onTransact:124 com.android.server.wm.Session.onTransact:166 
01-01 00:46:41.353  1151  2264 D WindowManager: startStatusReceiverServiceOnFlagSet: startService done
01-01 00:46:41.365  1151  2264 D WindowManager: relayout packageName=com.daimler.rse.ntg6::session=Session{6485514 1519:u0a10027}::window=android.view.IWindow$Stub$Proxy@652b6d6::attrs.flags=81810500
01-01 00:46:41.365  1151  2264 D WindowManager: relayout >>> FLAG_FULLSCREEN set in WindowManager.LayoutParams
01-01 00:46:41.365  1151  2264 D WindowManager: startStatusReceiverServiceOnFlagSet: creating intent for action ACTION_ACTIVITY_FULLSCREEN
01-01 00:46:41.366  1151  2264 W ContextImpl: Calling a method in the system process without a qualified user: android.app.ContextImpl.startService:1476 com.android.server.wm.Session.startStatusReceiverServiceOnFlagSet:762 com.android.server.wm.Session.relayout:273 android.view.IWindowSession$Stub.onTransact:286 com.android.server.wm.Session.onTransact:166 
01-01 00:46:41.367  1151  2264 D WindowManager: startStatusReceiverServiceOnFlagSet: startService done
01-01 00:46:41.439  1151  2264 D WindowManager: relayout packageName=com.daimler.rse.ntg6::session=Session{6485514 1519:u0a10027}::window=android.view.IWindow$Stub$Proxy@442952d::attrs.flags=null
01-01 00:46:41.439  1151  2264 D WindowManager: relayout >>> FLAG_FULLSCREEN not set in WindowManager.LayoutParams
01-01 00:46:41.439  1151  2264 D WindowManager: startStatusReceiverServiceOnFlagSet: creating intent for action ACTION_ACTIVITY_FULLSCREEN
01-01 00:46:41.439  1151  2264 W ContextImpl: Calling a method in the system process without a qualified user: android.app.ContextImpl.startService:1476 com.android.server.wm.Session.startStatusReceiverServiceOnFlagSet:762 com.android.server.wm.Session.relayout:276 android.view.IWindowSession$Stub.onTransact:286 com.android.server.wm.Session.onTransact:166 
01-01 00:46:41.441  1151  2264 D WindowManager: startStatusReceiverServiceOnFlagSet: startService done
01-01 00:46:41.449  1519  1519 V Activity: back_button: onSaveInstanceState entry:md59d95dbab71941e137ef724fbceda5f0e.MainOverlayActivity@36b0a10
01-01 00:46:41.450  1519  1519 V Activity: onSaveInstanceState md59d95dbab71941e137ef724fbceda5f0e.MainOverlayActivity@36b0a10: Bundle[{android:viewHierarchyState=Bundle[{android:views={16908290=android.view.AbsSavedState$1@4f57e89, 2131296420=android.view.AbsSavedState$1@4f57e89, 2131296421=android.widget.ProgressBar$SavedState@7e4f491, 2131296422=android.view.AbsSavedState$1@4f57e89, 2131296424=android.view.AbsSavedState$1@4f57e89, 2131296425=android.view.AbsSavedState$1@4f57e89, 2131296426=FragmentPager.SavedState{8267ff6 position=6}, 2131296427=android.view.AbsSavedState$1@4f57e89, 2131296649=android.view.AbsSavedState$1@4f57e89, 2131296650=android.view.AbsSavedState$1@4f57e89, 2131296651=android.view.AbsSavedState$1@4f57e89, 2131296652=android.view.AbsSavedState$1@4f57e89, 2131296653=android.view.AbsSavedState$1@4f57e89, 2131296654=CompoundButton.SavedState{1a59ff7 checked=true}, 2131296940=android.view.AbsSavedState$1@4f57e89, 2131296941=android.view.AbsSavedState$1@4f57e89, 2131296942=android.view.AbsSavedState$1@4f57e89, 2131296943=android.view.AbsSavedState$1@4f57e89, 2131297117=android.view.AbsSavedState$1@4f57e89, 2131297185=android.view.AbsSavedState$1@4f57e89, 2131297186=android.view.AbsSavedState$1@4f57e89, 2131297187=android.view.AbsSavedState$1@4f57e89, 2131297188=android.view.AbsSavedState$1@4f57e89, 2131297298=android.view.AbsSavedState$1@4f57e89, 2131297299=android.view.AbsSavedState$1@4f57e89, 2131297303=android.view.AbsSavedState$1@4f57e89, 2131297304=android.view.AbsSavedState$1@4f57e89, 2131297338=android.view.AbsSavedState$1@4f57e89, 2131297339=android.view.AbsSavedState$1@4f57e89, 2131297340=android.view.AbsSavedState$1@4f57e89, 2131297341=android.view.AbsSavedState$1@4f57e89, 2131297447=android.view.AbsSavedState$1@4f57e89, 2131297456=android.view.AbsSavedState$1@4f57e89, 2131297457=android.view.AbsSavedState$1@4f57e89, 2131297458=android.view.AbsSavedState$1@4f57e89, 2131297459=android.view.AbsSavedState$1@4f57e89, 2131297460=android.view.AbsSavedState$1@4f57e89, 2131297461=android.view.AbsSavedState$1@4f57e89, 2131297462=android.view.AbsSavedState$1@4f57e89, 2131297463=android.view.AbsSavedState$1@4f57e89, 2131297464=android.view.AbsSavedState$1@4f57e89, 2131297465=android.view.AbsSavedState$1@4f57e89, 2131297466=android.view.AbsSavedState$1@4f57e89, 2131297467=android.view.AbsSavedState$1@4f57e89, 2131297468=android.view.AbsSavedState$1@4f57e89, 2131297469=android.view.AbsSavedState$1@4f57e89, 2131297551=android.view.AbsSavedState$1@4f57e89, 2131297617=android.view.AbsSavedState$1@4f57e89, 2131297618=android.view.AbsSavedState$1@4f57e89, 2131297619=android.view.AbsSavedState$1@4f57e89, 2131297620=android.widget.ProgressBar$SavedState@a4c8e64, 2131297621=android.view.AbsSavedState$1@4f57e89, 2131297622=android.view.AbsSavedState$1@4f57e89, 2131297623=android.widget.ProgressBar$SavedState@b5348cd, 2131297624=android.view.AbsSavedState$1@4f57e89, 2131297625=android.view.AbsSavedState$1@4f57e89, 2131297626=android.view.AbsSavedState$1@4f57e89, 2131297627=android.view.AbsSavedState$1@4f57e89, 2131297633=android.view.AbsSavedState$1@4f57e89}, android:focusedViewId=2131296426}], remote=false, android:support:fragments=android.support.v4.app.FragmentManagerState@e32a582, check=true, media=true, tuner=true, android:lastAutofillId=1073741824, android:fragments=android.app.FragmentManagerState@e8a4493}]
01-01 00:46:41.452  1519  1519 V Activity: onStop md59d95dbab71941e137ef724fbceda5f0e.MainOverlayActivity@36b0a10
01-01 00:46:42.055  1151  2231 I ActivityManager: START u0 {act=android.intent.action.MAIN cmp=com.panasonic.hmi2settings/.activity.WifiManagerActivity} from uid 10027
01-01 00:46:42.055  1151  2231 W ActivityManager: startActivity called from non-Activity context; forcing Intent.FLAG_ACTIVITY_NEW_TASK for: Intent { act=android.intent.action.MAIN cmp=com.panasonic.hmi2settings/.activity.WifiManagerActivity }
01-01 00:46:42.161  1519  1519 V Activity: onPause md59d95dbab71941e137ef724fbceda5f0e.SettingsBaseActivity@6ee191d
01-01 00:46:42.170  1151  2231 D WindowManager: relayout packageName=com.panasonic.hmi2settings::session=Session{c47ecfc 3739:1000}::window=android.view.IWindow$Stub$Proxy@16257f3::attrs.flags=null
01-01 00:46:42.171  1151  2231 D WindowManager: relayout >>> FLAG_FULLSCREEN not set in WindowManager.LayoutParams
01-01 00:46:42.171  1151  2231 D WindowManager: startStatusReceiverServiceOnFlagSet: creating intent for action ACTION_ACTIVITY_FULLSCREEN
01-01 00:46:42.171  1151  2231 W ContextImpl: Calling a method in the system process without a qualified user: android.app.ContextImpl.startService:1476 com.android.server.wm.Session.startStatusReceiverServiceOnFlagSet:762 com.android.server.wm.Session.relayout:276 android.view.IWindowSession$Stub.onTransact:286 com.android.server.wm.Session.onTransact:166 
01-01 00:46:42.194  1151  2231 D WindowManager: startStatusReceiverServiceOnFlagSet: startService done
01-01 00:46:42.199  1519  1519 V Activity: onTrimMemory md59d95dbab71941e137ef724fbceda5f0e.SettingsBaseActivity@6ee191d: 20
01-01 00:46:42.199  1519  1519 V Activity: onTrimMemory com.daimler.rse.ntg6.StartUpActivity@6d639f8: 20
01-01 00:46:42.200  1519  1519 V Activity: onTrimMemory md59d95dbab71941e137ef724fbceda5f0e.MainOverlayActivity@36b0a10: 20
01-01 00:46:42.211  3739  3739 V Activity: onStart com.panasonic.hmi2settings.activity.WifiManagerActivity@200cf74
01-01 00:46:42.211  3739  3739 V Activity: onResume com.panasonic.hmi2settings.activity.WifiManagerActivity@200cf74
01-01 00:46:42.212  3739  3739 W ContextImpl: Calling a method in the system process without a qualified user: android.app.ContextImpl.startService:1476 android.content.ContextWrapper.startService:650 android.app.Activity.onResume:1329 android.support.v4.app.FragmentActivity.onResume:451 com.panasonic.hmi2settings.activity.BaseActivity.onResume:65 
01-01 00:46:42.227  1151  1538 D WindowManager: relayout packageName=com.panasonic.hmi2settings::session=Session{c47ecfc 3739:1000}::window=android.view.IWindow$Stub$Proxy@e6be3ba::attrs.flags=1010300
01-01 00:46:42.227  1151  1538 D WindowManager: relayout >>> FLAG_FULLSCREEN not set in WindowManager.LayoutParams
01-01 00:46:42.227  1151  1538 D WindowManager: startStatusReceiverServiceOnFlagSet: creating intent for action ACTION_ACTIVITY_FULLSCREEN
01-01 00:46:42.227  1151  1538 W ContextImpl: Calling a method in the system process without a qualified user: android.app.ContextImpl.startService:1476 com.android.server.wm.Session.startStatusReceiverServiceOnFlagSet:762 com.android.server.wm.Session.relayout:276 android.view.IWindowSession$Stub.onTransact:286 com.android.server.wm.Session.onTransact:166 
01-01 00:46:42.227  1151  1538 D WindowManager: startStatusReceiverServiceOnFlagSet: startService done
01-01 00:46:42.317  1151  2231 D WindowManager: relayout packageName=com.daimler.rse.ntg6::session=Session{6485514 1519:u0a10027}::window=android.view.IWindow$Stub$Proxy@b662a47::attrs.flags=null
01-01 00:46:42.318  1151  2231 D WindowManager: relayout >>> FLAG_FULLSCREEN not set in WindowManager.LayoutParams
01-01 00:46:42.318  1151  2231 D WindowManager: startStatusReceiverServiceOnFlagSet: creating intent for action ACTION_ACTIVITY_FULLSCREEN
01-01 00:46:42.318  1151  2231 W ContextImpl: Calling a method in the system process without a qualified user: android.app.ContextImpl.startService:1476 com.android.server.wm.Session.startStatusReceiverServiceOnFlagSet:762 com.android.server.wm.Session.relayout:276 android.view.IWindowSession$Stub.onTransact:286 com.android.server.wm.Session.onTransact:166 
01-01 00:46:42.325  1151  2231 D WindowManager: startStatusReceiverServiceOnFlagSet: startService done
01-01 00:46:42.337  1519  1519 V Activity: back_button: onSaveInstanceState entry:md59d95dbab71941e137ef724fbceda5f0e.SettingsBaseActivity@6ee191d
01-01 00:46:42.343  1519  1519 V Activity: onSaveInstanceState md59d95dbab71941e137ef724fbceda5f0e.SettingsBaseActivity@6ee191d: Bundle[{android:viewHierarchyState=Bundle[{android:views={16908290=android.view.AbsSavedState$1@4f57e89, 2131296420=android.view.AbsSavedState$1@4f57e89, 2131296421=android.widget.ProgressBar$SavedState@f0b62da, 2131296422=android.view.AbsSavedState$1@4f57e89, 2131296424=android.view.AbsSavedState$1@4f57e89, 2131296425=android.view.AbsSavedState$1@4f57e89, 2131296426=FragmentPager.SavedState{e93b30b position=0}, 2131296427=android.view.AbsSavedState$1@4f57e89, 2131296649=android.view.AbsSavedState$1@4f57e89, 2131296650=android.view.AbsSavedState$1@4f57e89, 2131296651=android.view.AbsSavedState$1@4f57e89, 2131296652=android.view.AbsSavedState$1@4f57e89, 2131296653=android.view.AbsSavedState$1@4f57e89, 2131296654=CompoundButton.SavedState{af2c5e8 checked=true}, 2131296940=android.view.AbsSavedState$1@4f57e89, 2131296941=android.view.AbsSavedState$1@4f57e89, 2131296942=android.view.AbsSavedState$1@4f57e89, 2131296943=android.view.AbsSavedState$1@4f57e89, 2131297117=android.view.AbsSavedState$1@4f57e89, 2131297185=android.view.AbsSavedState$1@4f57e89, 2131297186=android.view.AbsSavedState$1@4f57e89, 2131297187=android.view.AbsSavedState$1@4f57e89, 2131297188=android.view.AbsSavedState$1@4f57e89, 2131297298=android.view.AbsSavedState$1@4f57e89, 2131297299=android.view.AbsSavedState$1@4f57e89, 2131297303=android.view.AbsSavedState$1@4f57e89, 2131297304=android.view.AbsSavedState$1@4f57e89, 2131297338=android.view.AbsSavedState$1@4f57e89, 2131297339=android.view.AbsSavedState$1@4f57e89, 2131297340=android.view.AbsSavedState$1@4f57e89, 2131297341=android.view.AbsSavedState$1@4f57e89, 2131297447=android.view.AbsSavedState$1@4f57e89, 2131297456=android.view.AbsSavedState$1@4f57e89, 2131297457=android.view.AbsSavedState$1@4f57e89, 2131297458=android.view.AbsSavedState$1@4f57e89, 2131297459=android.view.AbsSavedState$1@4f57e89, 2131297460=android.view.AbsSavedState$1@4f57e89, 2131297461=android.view.AbsSavedState$1@4f57e89, 2131297462=android.view.AbsSavedState$1@4f57e89, 2131297463=android.view.AbsSavedState$1@4f57e89, 2131297464=android.view.AbsSavedState$1@4f57e89, 2131297465=android.view.AbsSavedState$1@4f57e89, 2131297466=android.view.AbsSavedState$1@4f57e89, 2131297467=android.view.AbsSavedState$1@4f57e89, 2131297468=android.view.AbsSavedState$1@4f57e89, 2131297469=android.view.AbsSavedState$1@4f57e89, 2131297551=android.view.AbsSavedState$1@4f57e89, 2131297617=android.view.AbsSavedState$1@4f57e89, 2131297618=android.view.AbsSavedState$1@4f57e89, 2131297619=android.view.AbsSavedState$1@4f57e89, 2131297620=android.widget.ProgressBar$SavedState@b1b2401, 2131297621=android.view.AbsSavedState$1@4f57e89, 2131297622=android.view.AbsSavedState$1@4f57e89, 2131297623=android.widget.ProgressBar$SavedState@94cd2a6, 2131297624=android.view.AbsSavedState$1@4f57e89, 2131297625=android.view.AbsSavedState$1@4f57e89, 2131297626=android.view.AbsSavedState$1@4f57e89, 2131297627=android.view.AbsSavedState$1@4f57e89, 2131297633=android.view.AbsSavedState$1@4f57e89}}], android:support:fragments=android.support.v4.app.FragmentManagerState@4874e7, lang=false, android:lastAutofillId=1073741824, android:fragments=android.app.FragmentManagerState@4225894}]
01-01 00:46:42.345  1519  1519 V Activity: onStop md59d95dbab71941e137ef724fbceda5f0e.SettingsBaseActivity@6ee191d
01-01 00:46:42.356  1151  2231 D WindowManager: relayout packageName=com.daimler.rse.ntg6::session=Session{6485514 1519:u0a10027}::window=android.view.IWindow$Stub$Proxy@520239d::attrs.flags=81810500
01-01 00:46:42.356  1151  2231 D WindowManager: relayout >>> FLAG_FULLSCREEN set in WindowManager.LayoutParams
01-01 00:46:42.356  1151  2231 D WindowManager: startStatusReceiverServiceOnFlagSet: creating intent for action ACTION_ACTIVITY_FULLSCREEN
01-01 00:46:42.356  1151  2231 W ContextImpl: Calling a method in the system process without a qualified user: android.app.ContextImpl.startService:1476 com.android.server.wm.Session.startStatusReceiverServiceOnFlagSet:762 com.android.server.wm.Session.relayout:273 android.view.IWindowSession$Stub.onTransact:286 com.android.server.wm.Session.onTransact:166 
01-01 00:46:42.358  1151  2231 D WindowManager: startStatusReceiverServiceOnFlagSet: startService done
01-01 00:46:43.068  1151  2264 I ActivityManager: START u0 {flg=0x14010000 cmp=com.panasonic.hmi2settings/.activity.WifiActivity} from uid 1000
01-01 00:46:43.076   808   808 I wificond: Enters wifigbk_ageOutHistory
01-01 00:46:43.077   808   808 I wificond: Enters wifigbk_ageOutHistory
01-01 00:46:43.097  3739  3739 V Activity: onPause com.panasonic.hmi2settings.activity.WifiManagerActivity@200cf74
01-01 00:46:43.121  3739  3739 V Activity: onCreate com.panasonic.hmi2settings.activity.WifiActivity@9101e8c: null
01-01 00:46:43.145  3739  3739 V Activity: onStart com.panasonic.hmi2settings.activity.WifiActivity@9101e8c
01-01 00:46:43.147  3739  3739 V Activity: onResume com.panasonic.hmi2settings.activity.WifiActivity@9101e8c
01-01 00:46:43.147  3739  3739 W ContextImpl: Calling a method in the system process without a qualified user: android.app.ContextImpl.startService:1476 android.content.ContextWrapper.startService:650 android.app.Activity.onResume:1329 android.support.v4.app.FragmentActivity.onResume:451 com.panasonic.hmi2settings.activity.BaseActivity.onResume:65 
01-01 00:46:43.176  1151  2264 D WindowManager: addToDisplay >>> FLAG_FULLSCREEN not set in WindowManager.LayoutParams
01-01 00:46:43.176  1151  2264 D WindowManager: startStatusReceiverServiceOnFlagSet: creating intent for action ACTION_ACTIVITY_FULLSCREEN
01-01 00:46:43.176  1151  2264 W ContextImpl: Calling a method in the system process without a qualified user: android.app.ContextImpl.startService:1476 com.android.server.wm.Session.startStatusReceiverServiceOnFlagSet:762 com.android.server.wm.Session.addToDisplay:217 android.view.IWindowSession$Stub.onTransact:124 com.android.server.wm.Session.onTransact:166 
01-01 00:46:43.178  1151  2264 D WindowManager: startStatusReceiverServiceOnFlagSet: startService done
01-01 00:46:43.262  1151  2264 D WindowManager: relayout packageName=com.panasonic.hmi2settings::session=Session{c47ecfc 3739:1000}::window=android.view.IWindow$Stub$Proxy@167c1c2::attrs.flags=1010300
01-01 00:46:43.262  1151  2264 D WindowManager: relayout >>> FLAG_FULLSCREEN not set in WindowManager.LayoutParams
01-01 00:46:43.262  1151  2264 D WindowManager: startStatusReceiverServiceOnFlagSet: creating intent for action ACTION_ACTIVITY_FULLSCREEN
01-01 00:46:43.262  1151  2264 W ContextImpl: Calling a method in the system process without a qualified user: android.app.ContextImpl.startService:1476 com.android.server.wm.Session.startStatusReceiverServiceOnFlagSet:762 com.android.server.wm.Session.relayout:276 android.view.IWindowSession$Stub.onTransact:286 com.android.server.wm.Session.onTransact:166 
01-01 00:46:43.264  1151  2264 D WindowManager: startStatusReceiverServiceOnFlagSet: startService done
01-01 00:46:43.360  1151  8140 D WindowManager: relayout packageName=com.panasonic.hmi2settings::session=Session{c47ecfc 3739:1000}::window=android.view.IWindow$Stub$Proxy@3649e09::attrs.flags=null
01-01 00:46:43.360  1151  8140 D WindowManager: relayout >>> FLAG_FULLSCREEN not set in WindowManager.LayoutParams
01-01 00:46:43.360  1151  8140 D WindowManager: startStatusReceiverServiceOnFlagSet: creating intent for action ACTION_ACTIVITY_FULLSCREEN
01-01 00:46:43.361  1151  8140 W ContextImpl: Calling a method in the system process without a qualified user: android.app.ContextImpl.startService:1476 com.android.server.wm.Session.startStatusReceiverServiceOnFlagSet:762 com.android.server.wm.Session.relayout:276 android.view.IWindowSession$Stub.onTransact:286 com.android.server.wm.Session.onTransact:166 
01-01 00:46:43.364  1151  8140 D WindowManager: startStatusReceiverServiceOnFlagSet: startService done
01-01 00:46:43.385  3739  3739 V Activity: back_button: onSaveInstanceState entry:com.panasonic.hmi2settings.activity.WifiManagerActivity@200cf74
01-01 00:46:43.386  3739  3739 V Activity: onSaveInstanceState com.panasonic.hmi2settings.activity.WifiManagerActivity@200cf74: Bundle[{android:viewHierarchyState=Bundle[{android:views={16908290=android.view.AbsSavedState$1@499b012, 2131427430=android.view.AbsSavedState$1@499b012, 2131427431=android.view.AbsSavedState$1@499b012, 2131427450=android.view.AbsSavedState$1@499b012, 2131427452=android.view.AbsSavedState$1@499b012, 2131427460=android.view.AbsSavedState$1@499b012, 2131427507=android.view.AbsSavedState$1@499b012, 2131427508=android.view.AbsSavedState$1@499b012, 2131427509=android.view.AbsSavedState$1@499b012, 2131427510=android.view.AbsSavedState$1@499b012, 2131427511=android.view.AbsSavedState$1@499b012, 2131427512=android.view.AbsSavedState$1@499b012, 2131427513=android.view.AbsSavedState$1@499b012, 2131427514=android.view.AbsSavedState$1@499b012}}], android:lastAutofillId=1073741823, android:fragments=android.app.FragmentManagerState@c97395d}]
01-01 00:46:43.386  3739  3739 V Activity: onStop com.panasonic.hmi2settings.activity.WifiManagerActivity@200cf74
01-01 00:46:44.013   808   808 I wificond: Enters wifigbk_ageOutHistory
01-01 00:46:44.014   808   808 I wificond: Enters wifigbk_ageOutHistory
01-01 00:46:44.172  2677  2690 W ContextImpl: Calling a method in the system process without a qualified user: android.app.ContextImpl.startService:1476 android.content.ContextWrapper.startService:650 com.panasonic.dairse.vcpupersistence.VCPUPersistenceService$1.executeLinuxCommand:392 com.panasonic.dairse.vcpupersistence.IVCPUPersistenceService$Stub.onTransact:437 android.os.Binder.execTransact:706 
01-01 00:46:47.776  3739  3739 W ContextImpl: Calling a method in the system process without a qualified user: android.app.ContextImpl.startService:1476 android.content.ContextWrapper.startService:650 android.view.View.setSystemUiVisibility:22653 com.panasonic.hmi2settings.activity.WifiActivity.connectToWifi:1215 com.panasonic.hmi2settings.activity.WifiActivity.onWifiClick:522 
01-01 00:46:47.785  1151  1538 D WindowManager: addToDisplay >>> FLAG_FULLSCREEN not set in WindowManager.LayoutParams
01-01 00:46:47.785  1151  1538 D WindowManager: startStatusReceiverServiceOnFlagSet: creating intent for action ACTION_ACTIVITY_FULLSCREEN
01-01 00:46:47.785  1151  1538 W ContextImpl: Calling a method in the system process without a qualified user: android.app.ContextImpl.startService:1476 com.android.server.wm.Session.startStatusReceiverServiceOnFlagSet:762 com.android.server.wm.Session.addToDisplay:217 android.view.IWindowSession$Stub.onTransact:124 com.android.server.wm.Session.onTransact:166 
01-01 00:46:47.787  1151  1538 D WindowManager: startStatusReceiverServiceOnFlagSet: startService done
01-01 00:46:47.808  1151  2233 D WindowManager: relayout packageName=com.panasonic.hmi2settings::session=Session{c47ecfc 3739:1000}::window=android.view.IWindow$Stub$Proxy@e264fc3::attrs.flags=1000100
01-01 00:46:47.808  1151  2233 D WindowManager: relayout >>> FLAG_FULLSCREEN not set in WindowManager.LayoutParams
01-01 00:46:47.808  1151  2233 D WindowManager: startStatusReceiverServiceOnFlagSet: creating intent for action ACTION_ACTIVITY_FULLSCREEN
01-01 00:46:47.808  1151  2233 W ContextImpl: Calling a method in the system process without a qualified user: android.app.ContextImpl.startService:1476 com.android.server.wm.Session.startStatusReceiverServiceOnFlagSet:762 com.android.server.wm.Session.relayout:276 android.view.IWindowSession$Stub.onTransact:286 com.android.server.wm.Session.onTransact:166 
01-01 00:46:47.810  1151  2233 D WindowManager: startStatusReceiverServiceOnFlagSet: startService done
01-01 00:46:47.901  1151  1538 D WindowManager: relayout packageName=com.android.inputmethods.latin::session=Session{ca2ba78 1379:1000}::window=android.view.IWindow$Stub$Proxy@ce4c0be::attrs.flags=800108
01-01 00:46:47.901  1151  1538 D WindowManager: relayout >>> FLAG_FULLSCREEN not set in WindowManager.LayoutParams
01-01 00:46:47.901  1151  1538 D WindowManager: startStatusReceiverServiceOnFlagSet: creating intent for action ACTION_ACTIVITY_FULLSCREEN
01-01 00:46:47.901  1151  1538 W ContextImpl: Calling a method in the system process without a qualified user: android.app.ContextImpl.startService:1476 com.android.server.wm.Session.startStatusReceiverServiceOnFlagSet:762 com.android.server.wm.Session.relayout:276 android.view.IWindowSession$Stub.onTransact:286 com.android.server.wm.Session.onTransact:166 
01-01 00:46:47.903  1151  1538 D WindowManager: startStatusReceiverServiceOnFlagSet: startService done
01-01 00:46:49.390  1151  1538 D WindowManager: relayout packageName=com.android.inputmethods.latin::session=Session{ca2ba78 1379:1000}::window=android.view.IWindow$Stub$Proxy@7dff43b::attrs.flags=800108
01-01 00:46:49.390  1151  1538 D WindowManager: relayout >>> FLAG_FULLSCREEN not set in WindowManager.LayoutParams
01-01 00:46:49.390  1151  1538 D WindowManager: startStatusReceiverServiceOnFlagSet: creating intent for action ACTION_ACTIVITY_FULLSCREEN
01-01 00:46:49.391  1151  1538 W ContextImpl: Calling a method in the system process without a qualified user: android.app.ContextImpl.startService:1476 com.android.server.wm.Session.startStatusReceiverServiceOnFlagSet:762 com.android.server.wm.Session.relayout:276 android.view.IWindowSession$Stub.onTransact:286 com.android.server.wm.Session.onTransact:166 
01-01 00:46:49.393  1151  2231 I addOrUpdateNetwork:  uid = 1000 SSID "RSE_Test" nid=-1
01-01 00:46:49.393  1151  1538 D WindowManager: startStatusReceiverServiceOnFlagSet: startService done
01-01 00:46:49.445   808   808 W wificond: Scan is not started. Ignore abort request
01-01 00:46:49.447  1151  1316 D WifiService: CONNECT  nid=123 uid=1000 name=android.uid.system:1000
01-01 00:46:49.447  1151  1316 D WifiService: Connect with networkId 123
01-01 00:46:49.447  1151  1316 D WifiService: New client listening to asynchronous messages
01-01 00:46:49.499   808   808 W wificond: Scan is not started. Ignore abort request
01-01 00:46:50.305   808   808 I wificond: Received external scan result notification from kernel.
01-01 00:46:50.337   808   808 I wificond: Enters wifigbk_ageOutHistory
01-01 00:46:50.409   808   808 I wificond: Enters wifigbk_ageOutHistory
01-01 00:46:50.462  1151  1317 D ConnectivityService: registerNetworkAgent NetworkAgentInfo{ ni{[type: WIFI[], state: CONNECTING/CONNECTING, reason: (unspecified), extra: "RSE_Test", failover: false, available: true, roaming: false]}  network{347}  nethandle{1490370087646}  lp{{LinkAddresses: []  Routes: [] DnsAddresses: [] Domains: null MTU: 0}}  nc{[ Transports: WIFI Capabilities: NOT_METERED&INTERNET&NOT_RESTRICTED&TRUSTED&NOT_VPN LinkUpBandwidth>=1048576Kbps LinkDnBandwidth>=1048576Kbps]}  Score{20}  everValidated{false}  lastValidated{false}  created{false} lingering{false} explicitlySelected{false} acceptUnvalidated{false} everCaptivePortalDetected{false} lastCaptivePortalDetected{false} clat{null} }
01-01 00:46:50.463  1151  1325 D ConnectivityService: NetworkAgentInfo [WIFI () - 347] EVENT_NETWORK_INFO_CHANGED, going from null to CONNECTING
01-01 00:46:50.686  1151  1325 D ConnectivityService: NetworkAgentInfo [WIFI () - 347] EVENT_NETWORK_INFO_CHANGED, going from CONNECTING to CONNECTED
01-01 00:46:50.688  1151  1325 D ConnectivityService: Adding iface wlan0 to network 347
01-01 00:46:50.708  1151  1325 D ConnectivityService: Setting DNS servers for network 347 to [/8.8.8.8]
01-01 00:46:50.714  1151  1325 I Nat464Xlat: Android Xlat is disabled
01-01 00:46:50.770  1151  1183 E BatteryExternalStatsWorker: no controller energy info supplied for wifi
01-01 00:46:50.818  1151  1325 D ConnectivityService: NetworkAgentInfo [WIFI () - 347] validation passed
01-01 00:46:50.846  1151  1325 D ConnectivityService: Switching to new default network: NetworkAgentInfo{ ni{[type: WIFI[], state: CONNECTED/CONNECTED, reason: (unspecified), extra: "RSE_Test", failover: false, available: true, roaming: false]}  network{347}  nethandle{1490370087646}  lp{{InterfaceName: wlan0 LinkAddresses: [fe80::ed96:66a8:f50a:5144/64,192.168.0.61/24,]  Routes: [fe80::/64 -> :: wlan0,192.168.0.0/24 -> 0.0.0.0 wlan0,0.0.0.0/0 -> 192.168.0.1 wlan0,] DnsAddresses: [8.8.8.8,] Domains: null MTU: 0 TcpBufferSizes: 524288,1048576,2097152,262144,524288,1048576}}  nc{[ Transports: WIFI Capabilities: NOT_METERED&INTERNET&NOT_RESTRICTED&TRUSTED&NOT_VPN&VALIDATED&FOREGROUND LinkUpBandwidth>=1048576Kbps LinkDnBandwidth>=1048576Kbps SignalStrength: -44]}  Score{60}  everValidated{true}  lastValidated{true}  created{true} lingering{false} explicitlySelected{true} acceptUnvalidated{false} everCaptivePortalDetected{false} lastCaptivePortalDetected{false} clat{null} }
01-01 00:46:50.869   561   593 E NetlinkEvent: NetlinkEvent::FindParam(): Parameter 'INTERFACE' not found
01-01 00:46:50.869   561   593 E NetlinkEvent: NetlinkEvent::FindParam(): Parameter 'STATE' not found
01-01 00:46:50.869   561   593 E NetlinkEvent: NetlinkEvent::FindParam(): Parameter 'TIME_NS' not found
01-01 00:46:50.869   561   593 E NetlinkEvent: NetlinkEvent::FindParam(): Parameter 'UID' not found
01-01 00:46:50.950  1151  1325 D ConnectivityService: Lingering NetworkAgentInfo [Ethernet () - 346] for 30000ms
01-01 00:46:50.951  1151  1325 D ConnectivityService: Sending DISCONNECTED broadcast for type 9 NetworkAgentInfo [Ethernet () - 346] isDefaultNetwork=true
01-01 00:46:50.952  1151  1325 D ConnectivityService: Sending CONNECTED broadcast for type 1 NetworkAgentInfo [WIFI () - 347] isDefaultNetwork=true
01-01 00:46:50.954  2752 11045 W ContextImpl: Calling a method in the system process without a qualified user: android.app.ContextImpl.startService:1476 android.content.ContextWrapper.startService:650 com.baidu.appsearch.util.ab.a:0 com.baidu.appsearch.download.UpdateReceiver$1.run:243 java.util.concurrent.ThreadPoolExecutor.runWorker:1162 
01-01 00:46:50.969  2752  3822 W ContextImpl: Calling a method in the system process without a qualified user: android.app.ContextImpl.startService:1476 android.content.ContextWrapper.startService:650 com.baidu.appsearch.util.ab.a:0 com.baidu.appsearch.download.UpdateReceiver$1.run:243 java.util.concurrent.ThreadPoolExecutor.runWorker:1162 
01-01 00:46:50.985  1151  1325 D ConnectivityService: NetworkAgentInfo [Ethernet () - 346] EVENT_NETWORK_INFO_CHANGED, going from CONNECTED to DISCONNECTED
01-01 00:46:50.985  1151  1325 I Nat464Xlat: Android Xlat is disabled
01-01 00:46:50.985  1151  1325 D ConnectivityService: NetworkAgentInfo [Ethernet () - 346] got DISCONNECTED, was satisfying 2
01-01 00:46:53.835   808   808 I wificond: Enters wifigbk_ageOutHistory
01-01 00:46:53.836   808   808 I wificond: Enters wifigbk_ageOutHistory
01-01 00:46:54.172  2677  2690 W ContextImpl: Calling a method in the system process without a qualified user: android.app.ContextImpl.startService:1476 android.content.ContextWrapper.startService:650 com.panasonic.dairse.vcpupersistence.VCPUPersistenceService$1.executeLinuxCommand:392 com.panasonic.dairse.vcpupersistence.IVCPUPersistenceService$Stub.onTransact:437 android.os.Binder.execTransact:706 
01-01 00:46:54.784  1151  1325 D ConnectivityService: NetworkAgentInfo [WIFI () - 347] EVENT_NETWORK_INFO_CHANGED, going from CONNECTED to DISCONNECTED
01-01 00:46:54.784  1151  1325 D ConnectivityService: NetworkAgentInfo [WIFI () - 347] got DISCONNECTED, was satisfying 7
01-01 00:46:54.810  1151  1325 D ConnectivityService: Sending DISCONNECTED broadcast for type 1 NetworkAgentInfo [WIFI () - 347] isDefaultNetwork=true
01-01 00:46:54.818  2752  8372 W ContextImpl: Calling a method in the system process without a qualified user: android.app.ContextImpl.startService:1476 android.content.ContextWrapper.startService:650 com.baidu.appsearch.util.ab.a:0 com.baidu.appsearch.download.UpdateReceiver$1.run:243 java.util.concurrent.ThreadPoolExecutor.runWorker:1162 
01-01 00:46:54.854  1151  1183 E BatteryExternalStatsWorker: no controller energy info supplied for wifi
01-01 00:46:54.926  1151  1351 D ConnectivityService: registerNetworkAgent NetworkAgentInfo{ ni{[type: Ethernet[], state: CONNECTED/CONNECTED, reason: (unspecified), extra: e6:01:08:09:5d:cf, failover: false, available: true, roaming: false]}  network{348}  nethandle{1494665054942}  lp{{InterfaceName: eth0 LinkAddresses: [fe80::f818:a273:7f8a:d256/64,169.254.1.2/30,]  Routes: [fe80::/64 -> :: eth0,169.254.1.0/30 -> 0.0.0.0 eth0,0.0.0.0/0 -> 169.254.1.1 eth0,] DnsAddresses: [192.168.220.145,] Domains: null MTU: 0 TcpBufferSizes: 524288,1048576,3145728,524288,1048576,2097152}}  nc{[ Transports: ETHERNET Capabilities: INTERNET&NOT_RESTRICTED&TRUSTED&NOT_VPN LinkUpBandwidth>=100000Kbps LinkDnBandwidth>=100000Kbps]}  Score{0}  everValidated{false}  lastValidated{false}  created{false} lingering{false} explicitlySelected{false} acceptUnvalidated{false} everCaptivePortalDetected{false} lastCaptivePortalDetected{false} clat{null} }
01-01 00:46:54.927  1151  1325 D ConnectivityService: NetworkAgentInfo [Ethernet () - 348] EVENT_NETWORK_INFO_CHANGED, going from null to CONNECTED
01-01 00:46:54.928  1151  1325 D ConnectivityService: Adding iface eth0 to network 348
01-01 00:46:54.935  1151  1325 D ConnectivityService: Setting DNS servers for network 348 to [/192.168.220.145]
01-01 00:46:54.936  1151  1325 I Nat464Xlat: Android Xlat is disabled
01-01 00:46:54.958  1151  1325 D ConnectivityService: Switching to new default network: NetworkAgentInfo{ ni{[type: Ethernet[], state: CONNECTED/CONNECTED, reason: (unspecified), extra: e6:01:08:09:5d:cf, failover: false, available: true, roaming: false]}  network{348}  nethandle{1494665054942}  lp{{InterfaceName: eth0 LinkAddresses: [fe80::f818:a273:7f8a:d256/64,169.254.1.2/30,]  Routes: [fe80::/64 -> :: eth0,169.254.1.0/30 -> 0.0.0.0 eth0,0.0.0.0/0 -> 169.254.1.1 eth0,] DnsAddresses: [192.168.220.145,] Domains: null MTU: 0 TcpBufferSizes: 524288,1048576,3145728,524288,1048576,2097152}}  nc{[ Transports: ETHERNET Capabilities: INTERNET&NOT_RESTRICTED&TRUSTED&NOT_VPN&FOREGROUND LinkUpBandwidth>=100000Kbps LinkDnBandwidth>=100000Kbps]}  Score{0}  everValidated{false}  lastValidated{false}  created{true} lingering{false} explicitlySelected{false} acceptUnvalidated{false} everCaptivePortalDetected{false} lastCaptivePortalDetected{false} clat{null} }
01-01 00:46:54.966  1151  1325 D ConnectivityService: Sending CONNECTED broadcast for type 9 NetworkAgentInfo [Ethernet () - 348] isDefaultNetwork=true
01-01 00:46:54.969  2752  3822 W ContextImpl: Calling a method in the system process without a qualified user: android.app.ContextImpl.startService:1476 android.content.ContextWrapper.startService:650 com.baidu.appsearch.util.ab.a:0 com.baidu.appsearch.download.UpdateReceiver$1.run:243 java.util.concurrent.ThreadPoolExecutor.runWorker:1162 
01-01 00:46:54.973  1151  1325 D ConnectivityService: NetworkAgentInfo [Ethernet () - 348] validation passed
01-01 00:46:55.659   808   808 I wificond: Enters wifigbk_ageOutHistory
01-01 00:46:55.660   808   808 I wificond: Enters wifigbk_ageOutHistory
01-01 00:46:59.747  1151  1288 I ActivityManager: START u0 {act=android.intent.action.MAIN cat=[android.intent.category.HOME] flg=0x10200000 cmp=com.daimler.rse.ntg6/.StartUpActivity (has extras)} from uid 1000
01-01 00:46:59.747  1392  1392 W StatusBar: animate_trace: animateCollapsePanels entry: flags=0: force=false
01-01 00:46:59.748  1519  1519 V Activity: onDestroy md59d95dbab71941e137ef724fbceda5f0e.MainOverlayActivity@36b0a10
01-01 00:46:59.753  3739  3739 V Activity: onPause com.panasonic.hmi2settings.activity.WifiActivity@9101e8c
01-01 00:46:59.764  1151  1262 D WindowManager: addToDisplay >>> FLAG_FULLSCREEN set in WindowManager.LayoutParams
01-01 00:46:59.764  1151  1262 D WindowManager: startStatusReceiverServiceOnFlagSet: creating intent for action ACTION_ACTIVITY_FULLSCREEN
01-01 00:46:59.765  1151  1262 W ContextImpl: Calling a method in the system process without a qualified user: android.app.ContextImpl.startService:1476 com.android.server.wm.Session.startStatusReceiverServiceOnFlagSet:762 com.android.server.wm.Session.addToDisplay:214 android.view.ViewRootImpl.setView:737 android.view.WindowManagerGlobal.addView:356 
01-01 00:46:59.770  1519  1519 V Activity: onDestroy md59d95dbab71941e137ef724fbceda5f0e.SettingsBaseActivity@6ee191d
01-01 00:46:59.781  1151  1262 D WindowManager: startStatusReceiverServiceOnFlagSet: startService done
