01-01 00:02:25.549   635   635 E ANDR-PERF-MPCTL: invalid request, no optimizations performed
01-01 00:02:25.560   729   748 I sssv-lib: sendMsg enter
01-01 00:02:25.560   729   748 I sssv-lib: sendMsg complete.
01-01 00:02:25.566   635   635 E ANDR-PERF-TARGET: Error: Invalid logical cluster id 0
01-01 00:02:25.566   635   635 E ANDR-PERF-MPCTL: invalid request, no optimizations performed
01-01 00:02:25.582   635   635 E ANDR-PERF-TARGET: Error: Invalid logical cluster id 0
01-01 00:02:25.582   635   635 E ANDR-PERF-MPCTL: invalid request, no optimizations performed
01-01 00:02:25.599   635   635 E ANDR-PERF-TARGET: Error: Invalid logical cluster id 0
01-01 00:02:25.599   635   635 E ANDR-PERF-MPCTL: invalid request, no optimizations performed
01-01 00:02:25.616   635   635 E ANDR-PERF-TARGET: Error: Invalid logical cluster id 0
01-01 00:02:25.616   635   635 E ANDR-PERF-MPCTL: invalid request, no optimizations performed
01-01 00:02:25.632   635   635 E ANDR-PERF-TARGET: Error: Invalid logical cluster id 0
01-01 00:02:25.632   635   635 E ANDR-PERF-MPCTL: invalid request, no optimizations performed
01-01 00:02:25.649   635   635 E ANDR-PERF-TARGET: Error: Invalid logical cluster id 0
01-01 00:02:25.649   635   635 E ANDR-PERF-MPCTL: invalid request, no optimizations performed
01-01 00:02:25.666   635   635 E ANDR-PERF-TARGET: Error: Invalid logical cluster id 0
01-01 00:02:25.666   635   635 E ANDR-PERF-MPCTL: invalid request, no optimizations performed
01-01 00:02:25.678  3675  3721 W InteractionController: runAndwaitForEvents timed out waiting for events
01-01 00:02:25.678  3675  3721 D InteractionController: scrollSwipe reached scroll end: false
01-01 00:02:25.683   635   635 E ANDR-PERF-TARGET: Error: Invalid logical cluster id 0
01-01 00:02:25.683   635   635 E ANDR-PERF-MPCTL: invalid request, no optimizations performed
01-01 00:02:25.699   635   635 E ANDR-PERF-TARGET: Error: Invalid logical cluster id 0
01-01 00:02:25.699   635   635 E ANDR-PERF-MPCTL: invalid request, no optimizations performed
01-01 00:02:25.716   635   635 E ANDR-PERF-TARGET: Error: Invalid logical cluster id 0
01-01 00:02:25.716   635   635 E ANDR-PERF-MPCTL: invalid request, no optimizations performed
01-01 00:02:25.732   635   635 E ANDR-PERF-TARGET: Error: Invalid logical cluster id 0
01-01 00:02:25.732   635   635 E ANDR-PERF-MPCTL: invalid request, no optimizations performed
01-01 00:02:25.736  1933  1947 D LCMANDR : SWR_OOB_HV_MF_009|FUN=LifeCycleManagerService::LifeCycle_ReportCompStatus|GOT ALIVENESS SIGNAL FROM DAIAPP : [0]; HB Counter = [ 47 ]; STATUS INFO = [ 0 ]
01-01 00:02:25.736  1519  1519 I Connectivity_AIDL|AIDL_Handler.AIDL_Helpers.LcmHelper: MBUX App Method: KeepAliveTest |Line No: 408 |Log Type: Critical |Message: MainThread:MBUX-App HB Count: 49, ResponseCode: 0
01-01 00:02:25.749   635   635 E ANDR-PERF-TARGET: Error: Invalid logical cluster id 0
01-01 00:02:25.749   635   635 E ANDR-PERF-MPCTL: invalid request, no optimizations performed
01-01 00:02:25.766   635   635 E ANDR-PERF-TARGET: Error: Invalid logical cluster id 0
01-01 00:02:25.766   635   635 E ANDR-PERF-MPCTL: invalid request, no optimizations performed
01-01 00:02:25.782   635   635 E ANDR-PERF-TARGET: Error: Invalid logical cluster id 0
01-01 00:02:25.782   635   635 E ANDR-PERF-MPCTL: invalid request, no optimizations performed
01-01 00:02:25.799   635   635 E ANDR-PERF-TARGET: Error: Invalid logical cluster id 0
01-01 00:02:25.800   635   635 E ANDR-PERF-MPCTL: invalid request, no optimizations performed
01-01 00:02:25.816   635   635 E ANDR-PERF-TARGET: Error: Invalid logical cluster id 0
01-01 00:02:25.816   635   635 E ANDR-PERF-MPCTL: invalid request, no optimizations performed
01-01 00:02:25.833   635   635 E ANDR-PERF-TARGET: Error: Invalid logical cluster id 0
01-01 00:02:25.833   635   635 E ANDR-PERF-MPCTL: invalid request, no optimizations performed
01-01 00:02:25.849   635   635 E ANDR-PERF-TARGET: Error: Invalid logical cluster id 0
01-01 00:02:25.849   635   635 E ANDR-PERF-MPCTL: invalid request, no optimizations performed
01-01 00:02:25.866   635   635 E ANDR-PERF-TARGET: Error: Invalid logical cluster id 0
01-01 00:02:25.866   635   635 E ANDR-PERF-MPCTL: invalid request, no optimizations performed
01-01 00:02:25.883   635   635 E ANDR-PERF-TARGET: Error: Invalid logical cluster id 0
01-01 00:02:25.883   635   635 E ANDR-PERF-MPCTL: invalid request, no optimizations performed
01-01 00:02:25.900   635   635 E ANDR-PERF-TARGET: Error: Invalid logical cluster id 0
01-01 00:02:25.900   635   635 E ANDR-PERF-MPCTL: invalid request, no optimizations performed
01-01 00:02:25.916   635   635 E ANDR-PERF-TARGET: Error: Invalid logical cluster id 0
01-01 00:02:25.916   635   635 E ANDR-PERF-MPCTL: invalid request, no optimizations performed
01-01 00:02:25.933   635   635 E ANDR-PERF-TARGET: Error: Invalid logical cluster id 0
01-01 00:02:25.933   635   635 E ANDR-PERF-MPCTL: invalid request, no optimizations performed
01-01 00:02:25.949   635   635 E ANDR-PERF-TARGET: Error: Invalid logical cluster id 0
01-01 00:02:25.949   635   635 E ANDR-PERF-MPCTL: invalid request, no optimizations performed
01-01 00:02:25.966   635   635 E ANDR-PERF-TARGET: Error: Invalid logical cluster id 0
01-01 00:02:25.966   635   635 E ANDR-PERF-MPCTL: invalid request, no optimizations performed
01-01 00:02:25.983   635   635 E ANDR-PERF-TARGET: Error: Invalid logical cluster id 0
01-01 00:02:25.983   635   635 E ANDR-PERF-MPCTL: invalid request, no optimizations performed
01-01 00:02:26.000   635   635 E ANDR-PERF-TARGET: Error: Invalid logical cluster id 0
01-01 00:02:26.000   635   635 E ANDR-PERF-MPCTL: invalid request, no optimizations performed
01-01 00:02:26.016   635   635 E ANDR-PERF-TARGET: Error: Invalid logical cluster id 0
01-01 00:02:26.016   635   635 E ANDR-PERF-MPCTL: invalid request, no optimizations performed
01-01 00:02:26.033   635   635 E ANDR-PERF-TARGET: Error: Invalid logical cluster id 0
01-01 00:02:26.033   635   635 E ANDR-PERF-MPCTL: invalid request, no optimizations performed
01-01 00:02:26.050   635   635 E ANDR-PERF-TARGET: Error: Invalid logical cluster id 0
01-01 00:02:26.050   635   635 E ANDR-PERF-MPCTL: invalid request, no optimizations performed
01-01 00:02:26.066   635   635 E ANDR-PERF-TARGET: Error: Invalid logical cluster id 0
01-01 00:02:26.067   635   635 E ANDR-PERF-MPCTL: invalid request, no optimizations performed
01-01 00:02:26.083   635   635 E ANDR-PERF-TARGET: Error: Invalid logical cluster id 0
01-01 00:02:26.083   635   635 E ANDR-PERF-MPCTL: invalid request, no optimizations performed
01-01 00:02:26.100   635   635 E ANDR-PERF-TARGET: Error: Invalid logical cluster id 0
01-01 00:02:26.100   635   635 E ANDR-PERF-MPCTL: invalid request, no optimizations performed
01-01 00:02:26.117   635   635 E ANDR-PERF-TARGET: Error: Invalid logical cluster id 0
01-01 00:02:26.117   635   635 E ANDR-PERF-MPCTL: invalid request, no optimizations performed
01-01 00:02:26.135   635   635 E ANDR-PERF-TARGET: Error: Invalid logical cluster id 0
01-01 00:02:26.135   635   635 E ANDR-PERF-MPCTL: invalid request, no optimizations performed
01-01 00:02:26.150   635   635 E ANDR-PERF-TARGET: Error: Invalid logical cluster id 0
01-01 00:02:26.150   635   635 E ANDR-PERF-MPCTL: invalid request, no optimizations performed
01-01 00:02:26.167   635   635 E ANDR-PERF-TARGET: Error: Invalid logical cluster id 0
01-01 00:02:26.167   635   635 E ANDR-PERF-MPCTL: invalid request, no optimizations performed
01-01 00:02:26.184   635   635 E ANDR-PERF-TARGET: Error: Invalid logical cluster id 0
01-01 00:02:26.184   635   635 E ANDR-PERF-MPCTL: invalid request, no optimizations performed
01-01 00:02:26.200   635   635 E ANDR-PERF-TARGET: Error: Invalid logical cluster id 0
01-01 00:02:26.200   635   635 E ANDR-PERF-MPCTL: invalid request, no optimizations performed
01-01 00:02:26.217   635   635 E ANDR-PERF-TARGET: Error: Invalid logical cluster id 0
01-01 00:02:26.217   635   635 E ANDR-PERF-MPCTL: invalid request, no optimizations performed
01-01 00:02:26.234   635   635 E ANDR-PERF-TARGET: Error: Invalid logical cluster id 0
01-01 00:02:26.235   635   635 E ANDR-PERF-MPCTL: invalid request, no optimizations performed
01-01 00:02:26.251   635   635 E ANDR-PERF-TARGET: Error: Invalid logical cluster id 0
01-01 00:02:26.251   635   635 E ANDR-PERF-MPCTL: invalid request, no optimizations performed
01-01 00:02:26.267   635   635 E ANDR-PERF-TARGET: Error: Invalid logical cluster id 0
01-01 00:02:26.267   635   635 E ANDR-PERF-MPCTL: invalid request, no optimizations performed
01-01 00:02:26.284   635   635 E ANDR-PERF-TARGET: Error: Invalid logical cluster id 0
01-01 00:02:26.284   635   635 E ANDR-PERF-MPCTL: invalid request, no optimizations performed
01-01 00:02:26.301   635   635 E ANDR-PERF-TARGET: Error: Invalid logical cluster id 0
01-01 00:02:26.301   635   635 E ANDR-PERF-MPCTL: invalid request, no optimizations performed
01-01 00:02:26.317   635   635 E ANDR-PERF-TARGET: Error: Invalid logical cluster id 0
01-01 00:02:26.317   635   635 E ANDR-PERF-MPCTL: invalid request, no optimizations performed
01-01 00:02:26.560   729   748 I sssv-lib: sendMsg enter
01-01 00:02:26.560   729   748 I sssv-lib: sendMsg complete.
01-01 00:02:26.690  3675  3722 D UIAutomatorStub: URI: /jsonrpc/0, Method: POST, Header: {content-length=176, remote-addr=127.0.0.1, http-client-ip=127.0.0.1, host=localhost:9009, content-type=application/json, connection=close, accept-encoding=identity, user-agent=Python-urllib/2.7}, params, {NanoHttpd.QUERY_STRING=null}, files: {postData={"params": [{"childOrSiblingSelector": [], "text": "Settings", "mask": 1, "childOrSibling": []}], "jsonrpc": "2.0", "method": "exist", "id": "9a8ca2c02ed36de769c6e036715f2182"}}
01-01 00:02:26.729  3675  3723 D UIAutomatorStub: URI: /jsonrpc/0, Method: POST, Header: {content-length=176, remote-addr=127.0.0.1, http-client-ip=127.0.0.1, host=localhost:9009, content-type=application/json, connection=close, accept-encoding=identity, user-agent=Python-urllib/2.7}, params, {NanoHttpd.QUERY_STRING=null}, files: {postData={"params": [{"childOrSiblingSelector": [], "text": "Settings", "mask": 1, "childOrSibling": []}], "jsonrpc": "2.0", "method": "click", "id": "3f0febdacbecb9d610eb4d87bac2eb16"}}
01-01 00:02:26.778  1519  1519 I BaseScreen|HMI_Common.Activities.MainOverlayActivity: MBUX App Method: UpdateHMI2LaunchedFlag |Line No: 1222 |Log Type: Critical |Message: UpdateHMI2LaunchedFlag() called isLaunched = False
01-01 00:02:26.778  1519  1519 I BaseScreen|HMI_Common.HMIBackend.SharedPreferences.SharedPrefBackend: MBUX App Method: UpdateHMI2LaunchedFlag |Line No: 93 |Log Type: Critical |Message: UpdateHMI2LaunchedFlag called isLaunched = False
01-01 00:02:26.779  1519  1519 I HomeScreen|HMI_Common.Activities.MainOverlayActivity: MBUX App Method: HandleMainItemClickedEvent |Line No: 682 |Log Type: Critical |Message: Homescreen... HandleMainItemClickedEvent for : Settings, Position : 6 & isActive : False
01-01 00:02:26.779  1519  1519 I HomeScreen|HMI_Common.Activities.MainOverlayActivity: MBUX App Method: HandleMainItemClickedEvent |Line No: 762 |Log Type: Information |Message: Homescreen...Settings launched TA_HOMESCREEN_SETTINGS_LAUNCHED_
01-01 00:02:26.788  1151  1539 I ActivityManager: START u0 {flg=0x4000000 cmp=com.daimler.rse.ntg6/md59d95dbab71941e137ef724fbceda5f0e.SettingsBaseActivity} from uid 10027
01-01 00:02:26.789   635   635 E ANDR-PERF-TARGET: Error: Invalid logical cluster id 0
01-01 00:02:26.789   635   635 E ANDR-PERF-MPCTL: invalid request, no optimizations performed
01-01 00:02:26.791  1151  1539 D ActivityTrigger: activityStartTrigger: Activity is Triggerred in full screen ApplicationInfo{4ed449e com.daimler.rse.ntg6}
01-01 00:02:26.791  1151  1539 E ActivityTrigger: activityStartTrigger: not whiteListedcom.daimler.rse.ntg6/md59d95dbab71941e137ef724fbceda5f0e.SettingsBaseActivity/5
01-01 00:02:26.791  1151  1539 D CompatibilityInfo: mCompatibilityFlags - 4
01-01 00:02:26.791  1151  1539 D CompatibilityInfo: applicationDensity - 240
01-01 00:02:26.791  1151  1539 D CompatibilityInfo: applicationScale - 1.0
01-01 00:02:26.792  1151  1539 D ActivityTrigger: activityResumeTrigger: The activity in ApplicationInfo{4ed449e com.daimler.rse.ntg6} is now in focus and seems to be in full-screen mode
01-01 00:02:26.792  1151  1539 E ActivityTrigger: activityResumeTrigger: not whiteListedcom.daimler.rse.ntg6/md59d95dbab71941e137ef724fbceda5f0e.SettingsBaseActivity/5
01-01 00:02:26.792  1151  1539 D ActivityTrigger: ActivityTrigger activityPauseTrigger 
01-01 00:02:26.798  1519  1519 V Activity: onPause md59d95dbab71941e137ef724fbceda5f0e.MainOverlayActivity@c863578
01-01 00:02:26.801  1151  1539 D ActivityTrigger: activityResumeTrigger: The activity in ApplicationInfo{4ed449e com.daimler.rse.ntg6} is now in focus and seems to be in full-screen mode
01-01 00:02:26.801  1151  1539 E ActivityTrigger: activityResumeTrigger: not whiteListedcom.daimler.rse.ntg6/md59d95dbab71941e137ef724fbceda5f0e.SettingsBaseActivity/5
01-01 00:02:26.803  1151  1539 D CompatibilityInfo: mCompatibilityFlags - 4
01-01 00:02:26.803  1151  1539 D CompatibilityInfo: applicationDensity - 240
01-01 00:02:26.803  1151  1539 D CompatibilityInfo: applicationScale - 1.0
01-01 00:02:26.817  1519  1519 V Activity: onCreate md59d95dbab71941e137ef724fbceda5f0e.SettingsBaseActivity@636265d: null
01-01 00:02:26.820  1519  1519 I HomeScreen|HMI_Common.Activities.SettingsBaseActivity: MBUX App Method: OnCreate |Line No: 105 |Log Type: Critical |Message: Device Language : en_GB
01-01 00:02:26.820  1519  1519 I HomeScreen|HMI_Common.Activities.SettingsBaseActivity: MBUX App Method: OnCreate |Line No: 106 |Log Type: Critical |Message: LanguageEnglish
01-01 00:02:26.820  1519  1519 I HomeScreen|HMI_Common.Activities.SettingsBaseActivity: MBUX App Method: OnCreate |Line No: 117 |Log Type: Critical |Message: App-theme successfully changed to AppTheme
01-01 00:02:26.820  1519  1519 I HomeScreen|HMI_Common.Activities.SettingsBaseActivity: MBUX App Method: OnCreate |Line No: 121 |Log Type: Critical |Message: Base Activity onCreate Called
01-01 00:02:26.849  1519  1519 I BaseScreen|HMI_Common.Activities.SettingsBaseActivity: MBUX App Method: UpdateHMI2LaunchedFlag |Line No: 1222 |Log Type: Critical |Message: UpdateHMI2LaunchedFlag() called isLaunched = False
01-01 00:02:26.849  1519  1519 I BaseScreen|HMI_Common.HMIBackend.SharedPreferences.SharedPrefBackend: MBUX App Method: UpdateHMI2LaunchedFlag |Line No: 93 |Log Type: Critical |Message: UpdateHMI2LaunchedFlag called isLaunched = False
01-01 00:02:26.857  1519  1519 I BaseScreen|HMI_Common.Activities.SettingsBaseActivity: MBUX App Method: LastStoredMediaVolume |Line No: 1198 |Log Type: Critical |Message: LastStoredMediaVolume() called
01-01 00:02:26.858  1519  1519 I BaseScreen|HMI_Common.Activities.SettingsBaseActivity: MBUX App Method: IsRseRebooted |Line No: 1190 |Log Type: Critical |Message: IsRseRebooted() called
01-01 00:02:26.858  1519  1519 I VolumeControl|HMI_Common.Activities.SettingsBaseActivity: MBUX App Method: initBtHeadsetSeekbarProgress |Line No: 292 |Log Type: Information |Message: VolumeControl initBtHeadsetSeekbarProgress() called,  MediaMaxVolume = 15 currentMediaVolume = 0 isRseRebooted = False comfortMinLevel = 0 comfortMaxLevel = 0
01-01 00:02:26.859  1519  1519 I VolumeControl|HMI_Common.Activities.SettingsBaseActivity: MBUX App Method: intializeVolumeLevel |Line No: 337 |Log Type: Information |Message: VolumeControl intializeVolumeLevel() called, isDemoMode == True
01-01 00:02:26.862  1519  1519 I HomeScreen|HMI_Common.Activities.SettingsBaseActivity: MBUX App Method: HandleClimateControlsVisibility |Line No: 324 |Log Type: Information |Message: md59d95dbab71941e137ef724fbceda5f0e.SettingsBaseActivity@636265d BaseActivity.statusLine HandleClimateControlsVisibility isViewVisible : True
01-01 00:02:26.867  1519  1519 I Main|HMI_Common.Activities.SettingsBaseActivity: MBUX App Method: OnCreate |Line No: 35 |Log Type: Information |Message: language clickedFalse
01-01 00:02:26.867  1519  1519 I HomeScreen|HMI_Common.Activities.SettingsBaseActivity: MBUX App Method: HandleClimateControlsVisibility |Line No: 324 |Log Type: Information |Message: md59d95dbab71941e137ef724fbceda5f0e.SettingsBaseActivity@636265d BaseActivity.statusLine HandleClimateControlsVisibility isViewVisible : False
01-01 00:02:26.874  1519  1519 I Main|HMI_Common.Activities.SettingsBaseActivity: MBUX App Method: cleareBackstacks |Line No: 67 |Log Type: Information |Message: count : 0
01-01 00:02:26.888  1519  1519 I HomeScreen|HMI_Common.Activities.SettingsBaseActivity: MBUX App Method: OnStart |Line No: 338 |Log Type: Information |Message: OnStart() BaseActivity
01-01 00:02:26.888  1519  1519 V Activity: onStart md59d95dbab71941e137ef724fbceda5f0e.SettingsBaseActivity@636265d
01-01 00:02:27.205  1933  1933 D LCMANDR : SWR_OOB_HV_MF_009|FUN=LifeCycleManagerService::getDAIAppAlivenessStatus|Aliveness:: DAIAPP HB DIFF = 2 [ DaimlerAppHBCounter ] = 47[ DaimlerAppHBCounterOld ] = 45
01-01 00:02:27.205  1933  1933 I LCMANDR : SWR_OOB_HV_MF_009|FUN=LifeCycleManagerService::getDAIAppAlivenessStatus|Aliveness::ANDROID HB IS VALID... setting OLD VAL, and resetting Fail Counter
01-01 00:02:27.207  1933  1933 I LCMANDR : SWR_OOB_HV_MF_009|FUN=LifeCycleManagerService::getDAIPID|DAIMLER APP(com.daimler.rse.ntg6) PID is [ 1519 ]
01-01 00:02:27.207  1933  1933 I LCMANDR : SWR_OOB_HV_MF_009|FUN=LifeCycleManagerService::getDAIAPPStatus|Aliveness::SAME PID! DAIAPP is not restarted
01-01 00:02:27.207  1933  1933 W LCMANDR : SWR_OOB_HV_MF_009|FUN=LifeCycleManagerService::getDAIAppAlivenessStatus|Aliveness::Status to send id : ALIVE
01-01 00:02:27.207  1933  1933 D LCMANDR : SWR_OOB_HV_MF_005|FUN=LifeCycleManagerService::sendPacketToLnx|data = [B@14e479
01-01 00:02:27.207  1933  1933 D LCMANDR : SWR_OOB_HV_MF_009|FUN=LifeCycleManagerService::postAppsStatusInfo|Setting AppPacket info
01-01 00:02:27.207  1933  1933 I LCMANDR : SWR_OOB_HV_MF_009|FUN=AlivenessMonitoring::getRunningApps| packet sent
01-01 00:02:27.207  1933  1956 D LCMANDR : SWR_OOB_HV_MF_010|FUN=LifeCycleManagerService::RseNodeStateManagement|SEND_IGC_CB
01-01 00:02:27.207  1933  1956 I LCMANDR : SWR_OOB_HV_MF_005|FUN=LifeCycleManagerService::igcsendData|Call hit in RSENodeStateManagement::igcsendData
01-01 00:02:27.207  1933  1956 I LCMANDR : SWR_OOB_HV_MF_005|FUN=LifeCycleManagerService::igcsendData|SEND DATA LEN is : 15
01-01 00:02:27.207  1933  1956 I LCMANDR : SWR_OOB_HV_MF_007|FUN=LifeCycleManagerService::sendPacketFromIntentService|Package to send : [ 65, 0, 0, 0, 9, 0, 2, 0, 1, 0, 5, 65, 65, 0, 0, ]
01-01 00:02:27.207  1933  1956 I IGC     :  IGC::sendData ==> [ 65, 0, 0, 0, 9, 0, 2, 0, 1, 0, 5, 65, 65, 0, 0,  ]
01-01 00:02:27.207  1933  1956 I IGC     :  Igc::sendData data size is :: 15
01-01 00:02:27.208  1933  1956 D         : Enqueue: sem count = 1
01-01 00:02:27.208  1933  1956 I LCMANDR : SWR_OOB_HV_MF_007|FUN=LifeCycleManagerService::sendPacketFromIntentService|Sending Data to Linux is successful( [65, 0, 0, 0, 9, 0, 2, 0, 1, 0, 5, 65, 65, 0, 0] )
01-01 00:02:27.208  1933  1956 I LCMANDR : SWR_OOB_HV_MF_005|FUN=LifeCycleManagerService::igcsendData| DATA SEND SUCCESSFULLY 
01-01 00:02:27.330  1519  1519 I Main|HMI_Common.Fragments.SettingsFragments.SettingsBaseFragment: MBUX App Method: setTextForResetPopUp |Line No: 599 |Log Type: Information |Message: reset values : 3-2
01-01 00:02:27.331  1519  1519 I Main|HMI_Common.Fragments.SettingsFragments.SettingsBaseFragment: MBUX App Method: OnCreateView |Line No: 71 |Log Type: Information |Message: _islanguagechanged: False
01-01 00:02:27.350  1519  1519 I HomeScreen|HMI_Common.Activities.SettingsBaseActivity: MBUX App Method: HandleClimateControlsVisibility |Line No: 324 |Log Type: Information |Message: md59d95dbab71941e137ef724fbceda5f0e.SettingsBaseActivity@636265d BaseActivity.statusLine HandleClimateControlsVisibility isViewVisible : False
01-01 00:02:27.351  1519  1519 I Media|HMI_Common.Activities.SettingsBaseActivity: MBUX App Method: HandleVisibilityForStatusLine |Line No: 496 |Log Type: Information |Message: BaseActivity, HandleVisibilityForStatusLine visibility : True Activity Name:md59d95dbab71941e137ef724fbceda5f0e.SettingsBaseActivity@636265d
01-01 00:02:27.354  1519  1519 V Activity: onResume md59d95dbab71941e137ef724fbceda5f0e.SettingsBaseActivity@636265d
01-01 00:02:27.359  1151  1539 D CompatibilityInfo: mCompatibilityFlags - 4
01-01 00:02:27.359  1151  1539 D CompatibilityInfo: applicationDensity - 240
01-01 00:02:27.359  1151  1539 D CompatibilityInfo: applicationScale - 1.0
01-01 00:02:27.360  1519  1519 D Activity: onStart: startService done
01-01 00:02:27.361  1519  1519 I HomeScreen|HMI_Common.Activities.SettingsBaseActivity: MBUX App Method: OnResume |Line No: 240 |Log Type: Information |Message: BaseActivity OnResume called
01-01 00:02:27.363  1392  1392 W SYSTEM_UI: SWR_SYSTEM_UI_007|FUN=CollapsedStatusBarFragment::getAction |1|Broadcast action --> STATUS_UPDATE_ACTION
01-01 00:02:27.363  1392  1392 W SYSTEM_UI: SWR_SYSTEM_UI_007|FUN=CollapsedStatusBarFragment::getIntExtra |1|NotifySystemUpdates dataType --> 100
01-01 00:02:27.363  1392  1392 W SYSTEM_UI: SWR_SYSTEM_UI_006|FUN=CollapsedStatusBarFragment::NotifySystemUpdates | onReceive --> |1|TOP ACTIVITY CHANGED | package --> com.daimler.rse.ntg6 | class --> md59d95dbab71941e137ef724fbceda5f0e.SettingsBaseActivity
01-01 00:02:27.363  1392  1392 W SYSTEM_UI - CI07.3: className -> CollapsedStatusBarFragment | functionName -> NotifySystemUpdates | onReceive -->  | value -> TOP ACTIVITY CHANGED | package --> com.daimler.rse.ntg6 | class --> md59d95dbab71941e137ef724fbceda5f0e.SettingsBaseActivity
01-01 00:02:27.363  1519  1519 I VolumeControl|HMI_Common.HMIBackend.VolumeControl.VolumeControlBackend: MBUX App Method: GetEntertainmentVolumeGroupStatus |Line No: 215 |Log Type: Critical |Message: VolumeControlBackend GetEntertainmentVolumeGroupStatus() called VolumeControlApplication Instance ==  
01-01 00:02:27.363  1519  1519 I VolumeControl|HMI_Common.HMIBackend.VolumeControl.VolumeControlBackend: MBUX App Method: GetEntertainmentVolumeGroupStatus |Line No: 220 |Log Type: Critical |Message: VolumeControlBackend GetEntertainmentVolumeGroupStatus() ::: VolumeControlApplication Instance is Null - Volume Control Functionality will not work!!!!!!!
01-01 00:02:27.364  1519  1519 I VolumeControl|HMI_Common.Activities.SettingsBaseActivity: MBUX App Method: GetCurrentForegroundVolumeGroup |Line No: 1377 |Log Type: Critical |Message: VolumeControl GetCurrentForegroundVolumeGroup Called : VolumeControlBackend Instance = HMI_Common.HMIBackend.VolumeControl.VolumeControlBackend isEntertainmentInForeground = False
01-01 00:02:27.364  1519  1519 I BaseScreen|HMI_Common.Activities.SettingsBaseActivity: MBUX App Method: EnableAppropriateView |Line No: 810 |Log Type: Information |Message: BaseActivity EnableAppropriateView() Called  isViewEnabled = True desiredView = android.widget.ImageView{a6f0dd5 VFED..C.. ......I. 0,0-0,0 #7f090561 app:id/VolumePanelImageView}
01-01 00:02:27.364  1519  1519 I VolumeControl|HMI_Common.Activities.SettingsBaseActivity: MBUX App Method: HandleSendToCabinAudioVisibility |Line No: 451 |Log Type: Information |Message: VolumeControl HandleSendToCabinAudioVisibility() Called
01-01 00:02:27.364  1519  1519 I VolumeControl|HMI_Common.Activities.SettingsBaseActivity: MBUX App Method: HandleSendToCabinAudioVisibility |Line No: 458 |Log Type: Information |Message: VolumeControl HandleSendToCabinAudioVisibility() isPlayerCurrentStreamingSource = False
01-01 00:02:27.365  1519  1519 I HomeScreen|HMI_Common.Activities.SettingsBaseActivity: MBUX App Method: HandleSendToCabinAudioVisibility |Line No: 479 |Log Type: Information |Message: VolumeControl handleSendToCabinAudioVisibility:TV or Tuner ready
01-01 00:02:27.373  1519  1519 I VolumeControl|HMI_Common.Activities.SettingsBaseActivity: MBUX App Method: UpdateSendToCabinAudioIcon |Line No: 206 |Log Type: Critical |Message: VolumeControl InitializeSendToCabinAudioFalse
01-01 00:02:27.375  1519  1519 I VolumeControl|HMI_Common.HMIBackend.VolumeControl.VolumeControlBackend: MBUX App Method: GetMuteStates |Line No: 194 |Log Type: Critical |Message: VolumeControlBackend GetMuteStates() called CabinAudioMuteStatus == False
01-01 00:02:27.378  1519  1519 I Connectivity_AIDL|HMI_Common.RsePlatformInterface.ParentalControlImpl: MBUX App Method: UnSubscribeToParentalControlEvents |Line No: 121 |Log Type: Information |Message: UnSubscribeToParentalControlEvents = 
01-01 00:02:27.378  1519  1519 I Connectivity_AIDL|HMI_Common.RsePlatformInterface.ParentalControlImpl: MBUX App Method: .ctor |Line No: 32 |Log Type: Critical |Message: ParentalControlImpl Constructor
01-01 00:02:27.378  1519  1519 I Connectivity_AIDL|HMI_Common.RsePlatformInterface.ParentalControlImpl: MBUX App Method: GetParentalControlApplication |Line No: 89 |Log Type: Critical |Message: GetParentalControlApplication : 
01-01 00:02:27.379  1519  1519 I Connectivity_AIDL|HMI_Common.RsePlatformInterface.ParentalControlImpl: MBUX App Method: SubscribeToParentalControlEvents |Line No: 96 |Log Type: Information |Message: SubscribeToParentalControlEvents isDemoMode = True
01-01 00:02:27.379  1519  1519 I HomeScreen|HMI_Common.Activities.SettingsBaseActivity: MBUX App Method: UpdateNavigationETAInfo |Line No: 113 |Log Type: Critical |Message: UpdateNavigationETAInfo, subtitle text : 
01-01 00:02:27.379  1519  1519 I HomeScreen|HMI_Common.Activities.SettingsBaseActivity: MBUX App Method: IsETAInfoToBeDisplayed |Line No: 128 |Log Type: Information |Message: Navigation, IsETAInfoToBeDisplayed etaInfoText: 
01-01 00:02:27.388  1519  1519 I TelephonyRse|HMI_Common.Activities.SettingsBaseActivity: MBUX App Method: HandlestatusLineNetworkSignalStrength |Line No: 944 |Log Type: Information |Message: BaseActivity StatusLine:HandlestatusLineNetworkSignalStrength deviceList size :
01-01 00:02:27.388  1519  1519 I TelephonyRse|HMI_Common.Activities.SettingsBaseActivity: MBUX App Method: HandlestatusLineNetworkSignalStrength |Line No: 966 |Log Type: Information |Message: BaseActivity StatusLine:HandlestatusLineNetworkSignalStrength deviceList size empty:
01-01 00:02:27.388  1519  1519 I TelephonyRse|HMI_Common.Activities.SettingsBaseActivity: MBUX App Method: HandlestatusLinePhoneBatteryLevelVisibility |Line No: 1063 |Log Type: Information |Message: BaseActivity StatusLine:HandlestatusLinePhoneBatteryLevelVisibility deviceList size :
01-01 00:02:27.388  1519  1519 I TelephonyRse|HMI_Common.Activities.SettingsBaseActivity: MBUX App Method: HandlestatusLinePhoneBatteryLevelVisibility |Line No: 1086 |Log Type: Information |Message: BaseActivity StatusLine:HandlestatusLineNetworkSignalStrength deviceList size empty:
01-01 00:02:27.397  1151  1422 D WindowManager: addToDisplay >>> FLAG_FULLSCREEN set in WindowManager.LayoutParams
01-01 00:02:27.397  1151  1422 D WindowManager: startStatusReceiverServiceOnFlagSet: creating intent for action ACTION_ACTIVITY_FULLSCREEN
01-01 00:02:27.397  1151  1422 W ContextImpl: Calling a method in the system process without a qualified user: android.app.ContextImpl.startService:1476 com.android.server.wm.Session.startStatusReceiverServiceOnFlagSet:762 com.android.server.wm.Session.addToDisplay:214 android.view.IWindowSession$Stub.onTransact:124 com.android.server.wm.Session.onTransact:166 
01-01 00:02:27.398  1151  1422 D CompatibilityInfo: mCompatibilityFlags - 4
01-01 00:02:27.398  1151  1422 D CompatibilityInfo: applicationDensity - 240
01-01 00:02:27.398  1151  1422 D CompatibilityInfo: applicationScale - 1.0
01-01 00:02:27.399  1151  1422 D WindowManager: startStatusReceiverServiceOnFlagSet: startService done
01-01 00:02:27.406  1392  1392 W SYSTEM_UI: SWR_SYSTEM_UI_007|FUN=CollapsedStatusBarFragment::getAction |1|Broadcast action --> STATUS_UPDATE_ACTION
01-01 00:02:27.406  1392  1392 W SYSTEM_UI: SWR_SYSTEM_UI_007|FUN=CollapsedStatusBarFragment::getIntExtra |1|NotifySystemUpdates dataType --> 101
01-01 00:02:27.407  1392  1392 W SYSTEM_UI - CI07.3: className -> CollapsedStatusBarFragment | functionName -> NotifySystemUpdates | onReceive -->  | value -> FULLSCREEN MODE CHANGED | isFullScreenStatus --> true | fullScreenPackage -->com.daimler.rse.ntg6 | fullscreenLastShownPackage -->null | topActivityPackage --> com.daimler.rse.ntg6
01-01 00:02:27.407  1392  1392 W SYSTEM_UI - CI07.3: className -> CollapsedStatusBarFragment | functionName -> NotifySystemUpdates | onReceive -->  | value -> Fullscreen mode changed --> path 1
01-01 00:02:27.408  1392  1392 W SYSTEM_UI - CI07.3: className -> CollapsedStatusBarFragment | functionName -> NotifySystemUpdates | onReceive -->  | value -> Fullscreen mode changed --> path 3
01-01 00:02:27.414  1151  1539 D WindowManager: relayout packageName=com.daimler.rse.ntg6::session=Session{6485514 1519:u0a10027}::window=android.view.IWindow$Stub$Proxy@62b12a0::attrs.flags=81810500
01-01 00:02:27.414  1151  1539 D WindowManager: relayout >>> FLAG_FULLSCREEN set in WindowManager.LayoutParams
01-01 00:02:27.414  1151  1539 D WindowManager: startStatusReceiverServiceOnFlagSet: creating intent for action ACTION_ACTIVITY_FULLSCREEN
01-01 00:02:27.414  1151  1539 W ContextImpl: Calling a method in the system process without a qualified user: android.app.ContextImpl.startService:1476 com.android.server.wm.Session.startStatusReceiverServiceOnFlagSet:762 com.android.server.wm.Session.relayout:273 android.view.IWindowSession$Stub.onTransact:286 com.android.server.wm.Session.onTransact:166 
01-01 00:02:27.415  1151  1539 D CompatibilityInfo: mCompatibilityFlags - 4
01-01 00:02:27.415  1151  1539 D CompatibilityInfo: applicationDensity - 240
01-01 00:02:27.415  1151  1539 D CompatibilityInfo: applicationScale - 1.0
01-01 00:02:27.416  1151  1539 D WindowManager: startStatusReceiverServiceOnFlagSet: startService done
01-01 00:02:27.423  1392  1392 W SYSTEM_UI: SWR_SYSTEM_UI_007|FUN=CollapsedStatusBarFragment::getAction |1|Broadcast action --> STATUS_UPDATE_ACTION
01-01 00:02:27.423  1392  1392 W SYSTEM_UI: SWR_SYSTEM_UI_007|FUN=CollapsedStatusBarFragment::getIntExtra |1|NotifySystemUpdates dataType --> 101
01-01 00:02:27.423  1392  1392 W SYSTEM_UI - CI07.3: className -> CollapsedStatusBarFragment | functionName -> NotifySystemUpdates | onReceive -->  | value -> FULLSCREEN MODE CHANGED | isFullScreenStatus --> true | fullScreenPackage -->com.daimler.rse.ntg6 | fullscreenLastShownPackage -->null | topActivityPackage --> com.daimler.rse.ntg6
01-01 00:02:27.423  1392  1392 W SYSTEM_UI - CI07.3: className -> CollapsedStatusBarFragment | functionName -> NotifySystemUpdates | onReceive -->  | value -> Fullscreen mode changed --> path 1
01-01 00:02:27.425  1392  1392 W SYSTEM_UI - CI07.3: className -> CollapsedStatusBarFragment | functionName -> NotifySystemUpdates | onReceive -->  | value -> Fullscreen mode changed --> path 3
01-01 00:02:27.476  1151  1162 I zygote64: Background concurrent copying GC freed 136587(7MB) AllocSpace objects, 13(452KB) LOS objects, 42% free, 10MB/18MB, paused 164us total 132.664ms
01-01 00:02:27.480  1392  1896 D CommandQueue: animate_trace: appTransitionStarting; duration=0;hardcoded forced=false to false
01-01 00:02:27.481  1392  1896 D CommandQueue: animate_trace: appTransitionFinished
01-01 00:02:27.484  1151  1192 I ActivityManager: Displayed com.daimler.rse.ntg6/md59d95dbab71941e137ef724fbceda5f0e.SettingsBaseActivity: +678ms
01-01 00:02:27.488  1151  1192 E ANDR-PERF-JNI: Iop tryGetService failed
01-01 00:02:27.508  1151  1422 D WindowManager: relayout packageName=com.daimler.rse.ntg6::session=Session{6485514 1519:u0a10027}::window=android.view.IWindow$Stub$Proxy@d45d2ff::attrs.flags=null
01-01 00:02:27.508  1151  1422 D WindowManager: relayout >>> FLAG_FULLSCREEN not set in WindowManager.LayoutParams
01-01 00:02:27.508  1151  1422 D WindowManager: startStatusReceiverServiceOnFlagSet: creating intent for action ACTION_ACTIVITY_FULLSCREEN
01-01 00:02:27.509  1151  1422 W ContextImpl: Calling a method in the system process without a qualified user: android.app.ContextImpl.startService:1476 com.android.server.wm.Session.startStatusReceiverServiceOnFlagSet:762 com.android.server.wm.Session.relayout:276 android.view.IWindowSession$Stub.onTransact:286 com.android.server.wm.Session.onTransact:166 
01-01 00:02:27.510  1151  1422 D CompatibilityInfo: mCompatibilityFlags - 4
01-01 00:02:27.510  1151  1422 D CompatibilityInfo: applicationDensity - 240
01-01 00:02:27.510  1151  1422 D CompatibilityInfo: applicationScale - 1.0
01-01 00:02:27.510  1151  1422 D WindowManager: startStatusReceiverServiceOnFlagSet: startService done
01-01 00:02:27.515  1392  1392 W SYSTEM_UI: SWR_SYSTEM_UI_007|FUN=CollapsedStatusBarFragment::getAction |1|Broadcast action --> STATUS_UPDATE_ACTION
01-01 00:02:27.515  1392  1392 W SYSTEM_UI: SWR_SYSTEM_UI_007|FUN=CollapsedStatusBarFragment::getIntExtra |1|NotifySystemUpdates dataType --> 101
01-01 00:02:27.515  1392  1392 W SYSTEM_UI - CI07.3: className -> CollapsedStatusBarFragment | functionName -> NotifySystemUpdates | onReceive -->  | value -> FULLSCREEN MODE CHANGED | isFullScreenStatus --> false | fullScreenPackage -->com.daimler.rse.ntg6 | fullscreenLastShownPackage -->null | topActivityPackage --> com.daimler.rse.ntg6
01-01 00:02:27.515  1392  1392 W SYSTEM_UI - CI07.3: className -> CollapsedStatusBarFragment | functionName -> NotifySystemUpdates | onReceive -->  | value -> Fullscreen mode changed --> path 5
01-01 00:02:27.517  1151  2233 D ActivityTrigger: ActivityTrigger activityStopTrigger 
01-01 00:02:27.520  1519  1519 V Activity: back_button: onSaveInstanceState entry:md59d95dbab71941e137ef724fbceda5f0e.MainOverlayActivity@c863578
01-01 00:02:27.524  1519  1519 V Activity: onSaveInstanceState md59d95dbab71941e137ef724fbceda5f0e.MainOverlayActivity@c863578: Bundle[{android:viewHierarchyState=Bundle[{android:views={16908290=android.view.AbsSavedState$1@4f57e89, 2131296420=android.view.AbsSavedState$1@4f57e89, 2131296421=android.widget.ProgressBar$SavedState@855133f, 2131296422=android.view.AbsSavedState$1@4f57e89, 2131296424=android.view.AbsSavedState$1@4f57e89, 2131296425=android.view.AbsSavedState$1@4f57e89, 2131296426=FragmentPager.SavedState{9d0940c position=5}, 2131296427=android.view.AbsSavedState$1@4f57e89, 2131296649=android.view.AbsSavedState$1@4f57e89, 2131296650=android.view.AbsSavedState$1@4f57e89, 2131296651=android.view.AbsSavedState$1@4f57e89, 2131296652=android.view.AbsSavedState$1@4f57e89, 2131296653=android.view.AbsSavedState$1@4f57e89, 2131296654=CompoundButton.SavedState{832e155 checked=true}, 2131296940=android.view.AbsSavedState$1@4f57e89, 2131296941=android.view.AbsSavedState$1@4f57e89, 2131296942=android.view.AbsSavedState$1@4f57e89, 2131296943=android.view.AbsSavedState$1@4f57e89, 2131297117=android.view.AbsSavedState$1@4f57e89, 2131297185=android.view.AbsSavedState$1@4f57e89, 2131297186=android.view.AbsSavedState$1@4f57e89, 2131297187=android.view.AbsSavedState$1@4f57e89, 2131297188=android.view.AbsSavedState$1@4f57e89, 2131297298=android.view.AbsSavedState$1@4f57e89, 2131297299=android.view.AbsSavedState$1@4f57e89, 2131297303=android.view.AbsSavedState$1@4f57e89, 2131297304=android.view.AbsSavedState$1@4f57e89, 2131297338=android.view.AbsSavedState$1@4f57e89, 2131297339=android.view.AbsSavedState$1@4f57e89, 2131297340=android.view.AbsSavedState$1@4f57e89, 2131297341=android.view.AbsSavedState$1@4f57e89, 2131297447=android.view.AbsSavedState$1@4f57e89, 2131297456=android.view.AbsSavedState$1@4f57e89, 2131297457=android.view.AbsSavedState$1@4f57e89, 2131297458=android.view.AbsSavedState$1@4f57e89, 2131297459=android.view.AbsSavedState$1@4f57e89, 2131297460=android.view.AbsSavedState$1@4f57e89, 2131297461=android.view.AbsSavedState$1@4f57e89, 2131297462=android.view.AbsSavedState$1@4f57e89, 2131297463=android.view.AbsSavedState$1@4f57e89, 2131297464=android.view.AbsSavedState$1@4f57e89, 2131297465=android.view.AbsSavedState$1@4f57e89, 2131297466=android.view.AbsSavedState$1@4f57e89, 2131297467=android.view.AbsSavedState$1@4f57e89, 2131297468=android.view.AbsSavedState$1@4f57e89, 2131297469=android.view.AbsSavedState$1@4f57e89, 2131297551=android.view.AbsSavedState$1@4f57e89, 2131297617=android.view.AbsSavedState$1@4f57e89, 2131297618=android.view.AbsSavedState$1@4f57e89, 2131297619=android.view.AbsSavedState$1@4f57e89, 2131297620=android.widget.ProgressBar$SavedState@b10076a, 2131297621=android.view.AbsSavedState$1@4f57e89, 2131297622=android.view.AbsSavedState$1@4f57e89, 2131297623=android.widget.ProgressBar$SavedState@e11a45b, 2131297624=android.view.AbsSavedState$1@4f57e89, 2131297625=android.view.AbsSavedState$1@4f57e89, 2131297626=android.view.AbsSavedState$1@4f57e89, 2131297627=android.view.AbsSavedState$1@4f57e89, 2131297633=android.view.AbsSavedState$1@4f57e89}, android:focusedViewId=2131296426}], remote=false, android:support:fragments=android.support.v4.app.FragmentManagerState@6f8e4f8, check=true, media=true, tuner=true, android:lastAutofillId=1073741824, android:fragments=android.app.FragmentManagerState@d8d3dd1}]
01-01 00:02:27.525  1519  1519 I HomeScreen|HMI_Common.Activities.MainOverlayActivity: MBUX App Method: OnStop |Line No: 345 |Log Type: Information |Message: OnStop() BaseActivity
01-01 00:02:27.525  1519  1519 V Activity: onStop md59d95dbab71941e137ef724fbceda5f0e.MainOverlayActivity@c863578
01-01 00:02:27.561   729   748 I sssv-lib: sendMsg enter
01-01 00:02:27.561   729   748 I sssv-lib: sendMsg complete.
01-01 00:02:27.714  1933  1947 D LCMANDR : SWR_OOB_HV_MF_009|FUN=LifeCycleManagerService::LifeCycle_ReportCompStatus|GOT ALIVENESS SIGNAL FROM DAIAPP : [0]; HB Counter = [ 48 ]; STATUS INFO = [ 0 ]
01-01 00:02:27.715  1519  1964 I Connectivity_AIDL|AIDL_Handler.AIDL_Helpers.LcmHelper: MBUX App Method: KeepAliveTest |Line No: 408 |Log Type: Critical |Message: ChildThread:MBUX-App HB Count: 50, ResponseCode: 0
01-01 00:02:27.788  3675  3736 D UIAutomatorStub: URI: /jsonrpc/0, Method: POST, Header: {content-length=173, remote-addr=127.0.0.1, http-client-ip=127.0.0.1, host=localhost:9009, content-type=application/json, connection=close, accept-encoding=identity, user-agent=Python-urllib/2.7}, params, {NanoHttpd.QUERY_STRING=null}, files: {postData={"params": [{"childOrSiblingSelector": [], "text": "WI-FI", "mask": 1, "childOrSibling": []}], "jsonrpc": "2.0", "method": "exist", "id": "90452e6a1dafd9eeb1932331dbe2325a"}}
01-01 00:02:28.099  3675  3737 D UIAutomatorStub: URI: /jsonrpc/0, Method: POST, Header: {content-length=173, remote-addr=127.0.0.1, http-client-ip=127.0.0.1, host=localhost:9009, content-type=application/json, connection=close, accept-encoding=identity, user-agent=Python-urllib/2.7}, params, {NanoHttpd.QUERY_STRING=null}, files: {postData={"params": [{"childOrSiblingSelector": [], "text": "WI-FI", "mask": 1, "childOrSibling": []}], "jsonrpc": "2.0", "method": "click", "id": "6db2fdf02d163dd53524e69791e563a2"}}
01-01 00:02:28.103  1933  1933 I LCMANDR : SWR_OOB_HV_MF_009|FUN=ResourceMonitoringService::movingMemoryAverage|2|Moving memory average :19.734348
01-01 00:02:28.103  1933  1933 W LCMANDR : SWR_OOB_HV_MF_009|FUN=ResourceMonitoringService::getCpuUsageStatistic|Moving MEM AVG :::::::::19.734348
01-01 00:02:28.105  1933  1933 W LCMANDR : SWR_OOB_HV_MF_009|FUN=ResourceMonitoringService::getCpuUsageStatistic|2|Total cpu usage :28.293243
01-01 00:02:28.105  1933  1933 I LCMANDR : SWR_OOB_HV_MF_009|FUN=ResourceMonitoringService::getCpuUsageStatistic|Cpu usage of core  0 is25.614035
01-01 00:02:28.105  1933  1933 I LCMANDR : SWR_OOB_HV_MF_009|FUN=ResourceMonitoringService::getCpuUsageStatistic|Cpu usage of core  1 is22.945206
01-01 00:02:28.105  1933  1933 I LCMANDR : SWR_OOB_HV_MF_009|FUN=ResourceMonitoringService::getCpuUsageStatistic|Cpu usage of core  2 is36.14865
01-01 00:02:28.105  1933  1933 I LCMANDR : ResourceMonitoringService::movingCpuAverage()
01-01 00:02:28.105  1933  1933 I LCMANDR : SWR_OOB_HV_MF_009|FUN=ResourceMonitoringService::movingCpuAverage|2|Moving window average of CPU 19.792725
01-01 00:02:28.105  1933  1933 I LCMANDR : SWR_OOB_HV_MF_009|FUN=ResourceMonitoringService::movingCpuAverage|2|Cpu moving average of core  0 is16.95132
01-01 00:02:28.105  1933  1933 I LCMANDR : SWR_OOB_HV_MF_009|FUN=ResourceMonitoringService::movingCpuAverage|2|Cpu moving average of core  1 is14.179584
01-01 00:02:28.105  1933  1933 I LCMANDR : SWR_OOB_HV_MF_009|FUN=ResourceMonitoringService::movingCpuAverage|2|Cpu moving average of core  2 is28.166046
01-01 00:02:28.105  1933  1933 D LCMANDR : SWR_OOB_HV_MF_009|FUN=ResourceMonitoringService::movingCpuAverage|2|Exiting VAL = 19.792725
01-01 00:02:28.132  1519  1519 I Connectivity_AIDL|HMI_Common.Fragments.SettingsFragments.SettingsBaseFragment: MBUX App Method: LinkOutWifiSettings |Line No: 331 |Log Type: Information |Message: in::LinkOutWifiSettings()
01-01 00:02:28.137  1151  1422 I ActivityManager: START u0 {act=android.intent.action.MAIN cmp=com.panasonic.hmi2settings/.activity.WifiManagerActivity} from uid 10027
01-01 00:02:28.140  1151  1422 W ActivityManager: startActivity called from non-Activity context; forcing Intent.FLAG_ACTIVITY_NEW_TASK for: Intent { act=android.intent.action.MAIN cmp=com.panasonic.hmi2settings/.activity.WifiManagerActivity }
01-01 00:02:28.141   635   635 E ANDR-PERF-TARGET: Error: Invalid logical cluster id 0
01-01 00:02:28.141   635   635 E ANDR-PERF-MPCTL: invalid request, no optimizations performed
01-01 00:02:28.147  1151  1422 D ActivityTrigger: activityStartTrigger: Activity is Triggerred in full screen ApplicationInfo{5e1ff91 com.panasonic.hmi2settings}
01-01 00:02:28.147  1151  1422 E ActivityTrigger: activityStartTrigger: not whiteListedcom.panasonic.hmi2settings/com.panasonic.hmi2settings.activity.WifiManagerActivity/27
01-01 00:02:28.148  1151  1422 D CompatibilityInfo: mCompatibilityFlags - 4
01-01 00:02:28.148  1151  1422 D CompatibilityInfo: applicationDensity - 240
01-01 00:02:28.148  1151  1422 D CompatibilityInfo: applicationScale - 1.0
01-01 00:02:28.149  1151  1422 D ActivityTrigger: activityResumeTrigger: The activity in ApplicationInfo{5e1ff91 com.panasonic.hmi2settings} is now in focus and seems to be in full-screen mode
01-01 00:02:28.149  1151  1422 E ActivityTrigger: activityResumeTrigger: not whiteListedcom.panasonic.hmi2settings/com.panasonic.hmi2settings.activity.WifiManagerActivity/27
01-01 00:02:28.149  1151  1422 D ActivityTrigger: ActivityTrigger activityPauseTrigger 
01-01 00:02:28.151  3675  3738 D UIAutomatorStub: URI: /jsonrpc/0, Method: POST, Header: {content-length=187, remote-addr=127.0.0.1, http-client-ip=127.0.0.1, host=localhost:9009, content-type=application/json, connection=close, accept-encoding=identity, user-agent=Python-urllib/2.7}, params, {NanoHttpd.QUERY_STRING=null}, files: {postData={"params": [{"childOrSiblingSelector": [], "text": "Internet settings", "mask": 1, "childOrSibling": []}], "jsonrpc": "2.0", "method": "objInfo", "id": "f0564aec6f72a976d173b9141a7c4254"}}
01-01 00:02:28.251  1519  1519 V Activity: onPause md59d95dbab71941e137ef724fbceda5f0e.SettingsBaseActivity@636265d
01-01 00:02:28.254  1151  2233 D ActivityTrigger: activityResumeTrigger: The activity in ApplicationInfo{5e1ff91 com.panasonic.hmi2settings} is now in focus and seems to be in full-screen mode
01-01 00:02:28.254  1151  2233 E ActivityTrigger: activityResumeTrigger: not whiteListedcom.panasonic.hmi2settings/com.panasonic.hmi2settings.activity.WifiManagerActivity/27
01-01 00:02:28.268  1151  2233 I ActivityManager: Start proc 3739:com.panasonic.hmi2settings/1000 for activity com.panasonic.hmi2settings/.activity.WifiManagerActivity
01-01 00:02:28.291  1519  1519 V Activity: onTrimMemory md59d95dbab71941e137ef724fbceda5f0e.MainOverlayActivity@c863578: 20
01-01 00:02:28.291  1519  1519 V Activity: onTrimMemory md59d95dbab71941e137ef724fbceda5f0e.SettingsBaseActivity@636265d: 20
01-01 00:02:28.291  1519  1519 V Activity: onTrimMemory com.daimler.rse.ntg6.StartUpActivity@6d639f8: 20
01-01 00:02:28.309  1151  2233 D CompatibilityInfo: mCompatibilityFlags - 4
01-01 00:02:28.309  1151  2233 D CompatibilityInfo: applicationDensity - 240
01-01 00:02:28.309  1151  2233 D CompatibilityInfo: applicationScale - 1.0
01-01 00:02:28.317  1151  2233 D CompatibilityInfo: mCompatibilityFlags - 4
01-01 00:02:28.317  1151  2233 D CompatibilityInfo: applicationDensity - 240
01-01 00:02:28.317  1151  2233 D CompatibilityInfo: applicationScale - 1.0
01-01 00:02:28.418  1151  3754 D OpenGLRenderer: HWUI GL Pipeline
01-01 00:02:28.420  1151  3754 I Adreno  : QUALCOMM build                   : 9d62f6f, I5487d0ba86
01-01 00:02:28.420  1151  3754 I Adreno  : Build Date                       : 12/04/18
01-01 00:02:28.420  1151  3754 I Adreno  : OpenGL ES Shader Compiler Version: EV031.23.07.00
01-01 00:02:28.420  1151  3754 I Adreno  : Local Branch                     : mybranche8f7aab8-e3d5-f199-b20b-5cb90179c3d8
01-01 00:02:28.420  1151  3754 I Adreno  : Remote Branch                    : quic/LA.HB.1.1.5_rb1.30
01-01 00:02:28.420  1151  3754 I Adreno  : Remote Branch                    : NONE
01-01 00:02:28.420  1151  3754 I Adreno  : Reconstruct Branch               : NOTHING
01-01 00:02:28.431  1151  3754 I Adreno  : PFP: 0x005ff110, ME: 0x005ff066
01-01 00:02:28.444  1151  3754 I system_server: android::hardware::configstore::V1_0::ISurfaceFlingerConfigs::hasWideColorDisplay retrieved: 0
01-01 00:02:28.446  1151  3754 I OpenGLRenderer: Initialized EGL, version 1.4
01-01 00:02:28.446  1151  3754 D OpenGLRenderer: Swap behavior 2
01-01 00:02:28.562   729   748 I sssv-lib: sendMsg enter
01-01 00:02:28.562   729   748 I sssv-lib: sendMsg complete.
01-01 00:02:28.569  3739  3739 W HMI2-SETTINGS - CI08.4: className -> HMI2SettingsApplication | functionName -> onCreate | value -> Startup-measurement ->Thu Jan 01 00:02:28 GMT+00:00 1970 : 144701 HMI2SettingsApplication::onCreate::STARTING com.panasonic.hmi2settings.utils.HMI2SettingsApplication
01-01 00:02:28.620  3739  3739 V Activity: onCreate com.panasonic.hmi2settings.activity.WifiManagerActivity@200cf74: null
01-01 00:02:28.621  3739  3739 W HMI2-SETTINGS - CI08.4: className -> BaseActivity | functionName -> onCreate | value -> onCreate
01-01 00:02:28.629     1   452 I init    : Uptime: 00144.766081 LocalTime: 01-01 00:02:28.629
01-01 00:02:28.946  3739  3739 V Activity: onStart com.panasonic.hmi2settings.activity.WifiManagerActivity@200cf74
01-01 00:02:28.948  3739  3739 V Activity: onResume com.panasonic.hmi2settings.activity.WifiManagerActivity@200cf74
01-01 00:02:28.949  3739  3739 W ContextImpl: Calling a method in the system process without a qualified user: android.app.ContextImpl.startService:1476 android.content.ContextWrapper.startService:650 android.app.Activity.onResume:1329 android.support.v4.app.FragmentActivity.onResume:451 com.panasonic.hmi2settings.activity.BaseActivity.onResume:65 
01-01 00:02:28.951  1151  2233 D CompatibilityInfo: mCompatibilityFlags - 4
01-01 00:02:28.951  1151  2233 D CompatibilityInfo: applicationDensity - 240
01-01 00:02:28.951  1151  2233 D CompatibilityInfo: applicationScale - 1.0
01-01 00:02:28.952  3739  3739 D Activity: onStart: startService done
01-01 00:02:28.952  3739  3739 W HMI2-SETTINGS - CI08.4: className -> BaseActivity | functionName -> onResume | value -> onResume
01-01 00:02:28.952  3739  3739 W HMI2-SETTINGS - CI08.4: className -> BaseActivity | functionName -> registerIntentFilter | value -> Register IntentFilter
01-01 00:02:28.954  1392  1392 W SYSTEM_UI: SWR_SYSTEM_UI_007|FUN=CollapsedStatusBarFragment::getAction |1|Broadcast action --> STATUS_UPDATE_ACTION
01-01 00:02:28.955  1392  1392 W SYSTEM_UI: SWR_SYSTEM_UI_007|FUN=CollapsedStatusBarFragment::getIntExtra |1|NotifySystemUpdates dataType --> 100
01-01 00:02:28.955  3739  3739 W HMI2-SETTINGS - CI08.4: className -> WifiManagerActivity | functionName -> isWifiVariantsEnabled  | value -> entry
01-01 00:02:28.955  1392  1392 W SYSTEM_UI: SWR_SYSTEM_UI_006|FUN=CollapsedStatusBarFragment::NotifySystemUpdates | onReceive --> |1|TOP ACTIVITY CHANGED | package --> com.panasonic.hmi2settings | class --> com.panasonic.hmi2settings.activity.WifiManagerActivity
01-01 00:02:28.955  1392  1392 W SYSTEM_UI - CI07.3: className -> CollapsedStatusBarFragment | functionName -> NotifySystemUpdates | onReceive -->  | value -> TOP ACTIVITY CHANGED | package --> com.panasonic.hmi2settings | class --> com.panasonic.hmi2settings.activity.WifiManagerActivity
01-01 00:02:28.955  3739  3739 W HMI2-SETTINGS - CI08.4: className -> WifiManagerActivity | functionName -> isWifiVariantsEnabled  | value -> mainData ->TRUE|wifiData ->TRUE
01-01 00:02:28.956  1151  1422 I WifiService: getWifiEnabledState uid=1000
01-01 00:02:28.956  3739  3739 W HMI2-SETTINGS - CI08.4: className -> WifiManagerActivity | functionName -> handleConnectedNetworkVisibility | value -> WifiEnabled is true
01-01 00:02:28.956  3739  3739 W HMI2-SETTINGS: SWR_BAIDU_HMI_0014|FUN=WifiManagerActivity::handleWifiButtonStat|0|wifiStat::true
01-01 00:02:28.957  3739  3739 W HMI2-SETTINGS - CI08.4: className -> WifiManagerActivity | functionName -> handleSwitching | value -> WifiEnabled is true
01-01 00:02:28.960  1151  1422 I WifiService: startScan uid=1000
01-01 00:02:28.962  1151  1323 I WifiService: isScanAlwaysAvailable uid=1000
01-01 00:02:28.962  1151  1323 I WifiService: getWifiEnabledState uid=1000
01-01 00:02:28.963  3739  3739 W HMI2-SETTINGS: SWR_BAIDU_HMI_0020|FUN=WifiManagerActivity::onPause|0|handleWifiButtonStat::true
01-01 00:02:28.975  3739  3759 D OpenGLRenderer: HWUI GL Pipeline
01-01 00:02:28.981  1151  2233 D WindowManager: addToDisplay >>> FLAG_FULLSCREEN not set in WindowManager.LayoutParams
