01-01 00:48:49.812  3739  3739 W HMI2-SETTINGS - CI08.4: className -> WifiActivity | functionName -> isInConnected | value -> |ACSIA_Management|0|2
01-01 00:48:49.812  3739  3739 W HMI2-SETTINGS - CI08.4: className -> WifiActivity | functionName -> isWapiVariantBlocked | value -> security_type:2
01-01 00:48:49.812  3739  3739 W HMI2-SETTINGS - CI08.4: className -> WifiActivity | functionName -> isInConnected | value -> |ACSIA_DEV|0|2
01-01 00:48:49.812  3739  3739 W HMI2-SETTINGS - CI08.4: className -> WifiActivity | functionName -> isWapiVariantBlocked | value -> security_type:2
01-01 00:48:49.812  3739  3739 W HMI2-SETTINGS - CI08.4: className -> WifiActivity | functionName -> isInConnected | value -> |ACSIA_CORP2|0|2
01-01 00:48:49.812  3739  3739 W HMI2-SETTINGS - CI08.4: className -> WifiActivity | functionName -> isWapiVariantBlocked | value -> security_type:2
01-01 00:48:49.812  3739  3739 W HMI2-SETTINGS - CI08.4: className -> WifiActivity | functionName -> isInConnected | value -> | ACSIA_CORP3|0|2
01-01 00:48:49.812  3739  3739 W HMI2-SETTINGS - CI08.4: className -> WifiActivity | functionName -> isWapiVariantBlocked | value -> security_type:2
01-01 00:48:49.812  3739  3739 W HMI2-SETTINGS - CI08.4: className -> WifiActivity | functionName -> isInConnected | value -> |HUWIFI|0|2
01-01 00:48:49.812  3739  3739 W HMI2-SETTINGS - CI08.4: className -> WifiActivity | functionName -> isWapiVariantBlocked | value -> security_type:2
01-01 00:48:49.812  3739  3739 W HMI2-SETTINGS - CI08.4: className -> WifiActivity | functionName -> isInConnected | value -> |DIRECT-vQINLT044msmJ|0|2
01-01 00:48:49.812  3739  3739 W HMI2-SETTINGS - CI08.4: className -> WifiActivity | functionName -> isWapiVariantBlocked | value -> security_type:2
01-01 00:48:49.812  3739  3739 W HMI2-SETTINGS - CI08.4: className -> WifiActivity | functionName -> isInConnected | value -> |DIRECT-DMATCLWI2064msNL|0|2
01-01 00:48:49.812  3739  3739 W HMI2-SETTINGS - CI08.4: className -> WifiActivity | functionName -> isWapiVariantBlocked | value -> security_type:2
01-01 00:48:49.812  3739  3739 W HMI2-SETTINGS - CI08.4: className -> WifiActivity | functionName -> isInConnected | value -> |AUTOMATION_TEST|0|2
01-01 00:48:49.812  3739  3739 W HMI2-SETTINGS - CI08.4: className -> WifiActivity | functionName -> isWapiVariantBlocked | value -> security_type:2
01-01 00:48:49.812  3739  3739 W HMI2-SETTINGS - CI08.4: className -> WifiActivity | functionName -> isInConnected | value -> |ACSIA_CORP1|0|2
01-01 00:48:49.812  3739  3739 W HMI2-SETTINGS - CI08.4: className -> WifiActivity | functionName -> isWapiVariantBlocked | value -> security_type:2
01-01 00:48:49.812  3739  3739 W HMI2-SETTINGS - CI08.4: className -> WifiActivity | functionName -> isInConnected | value -> |ACSIA_GUEST1|0|2
01-01 00:48:49.812  3739  3739 W HMI2-SETTINGS - CI08.4: className -> WifiActivity | functionName -> isWapiVariantBlocked | value -> security_type:2
01-01 00:48:49.812  3739  3739 W HMI2-SETTINGS - CI08.4: className -> WifiActivity | functionName -> isInConnected | value -> |ACSIA_DEV|0|2
01-01 00:48:49.812  3739  3739 W HMI2-SETTINGS - CI08.4: className -> WifiActivity | functionName -> isWapiVariantBlocked | value -> security_type:2
01-01 00:48:49.812  3739  3739 W HMI2-SETTINGS - CI08.4: className -> WifiActivity | functionName -> isInConnected | value -> |ACSIA_CORP2|0|2
01-01 00:48:49.812  3739  3739 W HMI2-SETTINGS - CI08.4: className -> WifiActivity | functionName -> isWapiVariantBlocked | value -> security_type:2
01-01 00:48:49.812  3739  3739 W HMI2-SETTINGS - CI08.4: className -> WifiActivity | functionName -> isInConnected | value -> | ACSIA_CORP3|0|2
01-01 00:48:49.812  3739  3739 W HMI2-SETTINGS - CI08.4: className -> WifiActivity | functionName -> isWapiVariantBlocked | value -> security_type:2
01-01 00:48:49.812  3739  3739 W HMI2-SETTINGS - CI08.4: className -> WifiActivity | functionName -> isInConnected | value -> |ACSIA_Management|0|2
01-01 00:48:49.812  3739  3739 W HMI2-SETTINGS - CI08.4: className -> WifiActivity | functionName -> isWapiVariantBlocked | value -> security_type:2
01-01 00:48:49.812  3739  3739 W HMI2-SETTINGS - CI08.4: className -> WifiActivity | functionName -> isInConnected | value -> |RSE_Test|0|2
01-01 00:48:49.812  3739  3739 W HMI2-SETTINGS - CI08.4: className -> WifiActivity | functionName -> isWapiVariantBlocked | value -> security_type:0
01-01 00:48:49.812  3739  3739 W HMI2-SETTINGS - CI08.4: className -> WifiActivity | functionName -> isInConnected | value -> |HP-Print-DB-LaserJet Pro MFP|0|0
01-01 00:48:49.812  3739  3739 W HMI2-SETTINGS - CI08.4: className -> WifiActivity | functionName -> isWapiVariantBlocked | value -> security_type:2
01-01 00:48:49.812  3739  3739 W HMI2-SETTINGS - CI08.4: className -> WifiActivity | functionName -> isInConnected | value -> |MB Hotspot 61185|0|2
01-01 00:48:49.813  3739  3739 W HMI2-SETTINGS - CI08.4: className -> WifiActivity | functionName -> handleAllAvailNetwork | value -> savedNetwork ->0
01-01 00:48:49.813  3739  3739 W HMI2-SETTINGS - CI08.4: className -> WifiActivity | functionName -> handleAllAvailNetwork | value -> presentVisibleNetwork ->30
01-01 00:48:49.816  3739  3739 W HMI2-SETTINGS - CI08.4: className -> WifiActivity | functionName -> handleIfWifiAvailableNetworks: config is  | value -> null
01-01 00:48:49.832  3675 15650 D UIAutomatorStub: URI: /jsonrpc/0, Method: POST, Header: {content-length=274, remote-addr=127.0.0.1, http-client-ip=127.0.0.1, host=localhost:9009, content-type=application/json, connection=close, accept-encoding=identity, user-agent=Python-urllib/2.7}, params, {NanoHttpd.QUERY_STRING=null}, files: {postData={"params": [{"childOrSiblingSelector": [], "scrollable": true, "mask": 16384, "childOrSibling": []}, {"childOrSiblingSelector": [], "text": "RSE_Test", "mask": 1, "childOrSibling": []}, true], "jsonrpc": "2.0", "method": "scrollTo", "id": "d27ab723a41ee0d1f188a888f88d3565"}}
01-01 00:48:50.051  1933  1933 I LCMANDR : SWR_OOB_HV_MF_009|FUN=ResourceMonitoringService::movingMemoryAverage|2|Moving memory average :30.159527
01-01 00:48:50.051  1933  1933 W LCMANDR : SWR_OOB_HV_MF_009|FUN=ResourceMonitoringService::getCpuUsageStatistic|Moving MEM AVG :::::::::30.159527
01-01 00:48:50.053  1933  1933 W LCMANDR : SWR_OOB_HV_MF_009|FUN=ResourceMonitoringService::getCpuUsageStatistic|2|Total cpu usage :24.571428
01-01 00:48:50.053  1933  1933 I LCMANDR : SWR_OOB_HV_MF_009|FUN=ResourceMonitoringService::getCpuUsageStatistic|Cpu usage of core  0 is28.716215
01-01 00:48:50.053  1933  1933 I LCMANDR : SWR_OOB_HV_MF_009|FUN=ResourceMonitoringService::getCpuUsageStatistic|Cpu usage of core  1 is18.727915
01-01 00:48:50.053  1933  1933 I LCMANDR : SWR_OOB_HV_MF_009|FUN=ResourceMonitoringService::getCpuUsageStatistic|Cpu usage of core  2 is26.013514
01-01 00:48:50.053  1933  1933 I LCMANDR : ResourceMonitoringService::movingCpuAverage()
01-01 00:48:50.053  1933  1933 I LCMANDR : SWR_OOB_HV_MF_009|FUN=ResourceMonitoringService::movingCpuAverage|2|Moving window average of CPU 25.754673
01-01 00:48:50.053  1933  1933 I LCMANDR : SWR_OOB_HV_MF_009|FUN=ResourceMonitoringService::movingCpuAverage|2|Cpu moving average of core  0 is27.95286
01-01 00:48:50.053  1933  1933 I LCMANDR : SWR_OOB_HV_MF_009|FUN=ResourceMonitoringService::movingCpuAverage|2|Cpu moving average of core  1 is23.050344
01-01 00:48:50.053  1933  1933 I LCMANDR : SWR_OOB_HV_MF_009|FUN=ResourceMonitoringService::movingCpuAverage|2|Cpu moving average of core  2 is26.168756
01-01 00:48:50.053  1933  1933 D LCMANDR : SWR_OOB_HV_MF_009|FUN=ResourceMonitoringService::movingCpuAverage|2|Exiting VAL = 25.754673
01-01 00:48:50.327  1933  1957 D LCMANDR : SWR_OOB_HV_MF_009|FUN=LifeCycleManagerService::LifeCycle_ReportCompStatus|GOT ALIVENESS SIGNAL FROM DAIAPP : [0]; HB Counter = [ 1158 ]; STATUS INFO = [ 0 ]
01-01 00:48:50.327  1519  1519 I Connectivity_AIDL|AIDL_Handler.AIDL_Helpers.LcmHelper: MBUX App Method: KeepAliveTest |Line No: 408 |Log Type: Critical |Message: MainThread:MBUX-App HB Count: 1160, ResponseCode: 0
01-01 00:48:50.498  3675 15650 D UiScrollable: scrollToBeginning() on selector = UiSelector[SCROLLABLE=true]
01-01 00:48:50.498  3675 15650 D UiScrollable: scrollBackward() on selector = UiSelector[SCROLLABLE=true]
01-01 00:48:50.505  3675 15650 I QueryController: Matched selector: UiSelector[SCROLLABLE=true] <<==>> [android.view.accessibility.AccessibilityNodeInfo@2ecdb6d; boundsInParent: Rect(0, 0 - 1332, 889); boundsInScreen: Rect(305, 172 - 1637, 1061); packageName: com.panasonic.hmi2settings; className: android.widget.ScrollView; text: null; error: null; maxTextLength: -1; contentDescription: null; viewIdResName: com.panasonic.hmi2settings:id/scrollWifi; checkable: false; checked: false; focusable: true; focused: false; selected: false; clickable: false; longClickable: false; contextClickable: false; enabled: true; password: false; scrollable: true; importantForAccessibility: true; actions: [AccessibilityAction: ACTION_FOCUS - null, AccessibilityAction: ACTION_SELECT - null, AccessibilityAction: ACTION_CLEAR_SELECTION - null, AccessibilityAction: ACTION_ACCESSIBILITY_FOCUS - null, AccessibilityAction: ACTION_SCROLL_FORWARD - null, AccessibilityAction: ACTION_SHOW_ON_SCREEN - null]]
01-01 00:48:50.505  3675 15650 D UiScrollable: scrollToBegining() using vertical scroll
01-01 00:48:50.505  3675 15650 D InteractionController: scrollSwipe (971, 260, 971, 973, 55)
01-01 00:48:50.571   729   748 I sssv-lib: sendMsg enter
01-01 00:48:50.571   729   748 I sssv-lib: sendMsg complete.
01-01 00:48:50.937  1933  1933 D LCMANDR : SWR_OOB_HV_MF_009|FUN=LifeCycleManagerService::getDAIAppAlivenessStatus|Aliveness:: DAIAPP HB DIFF = 2 [ DaimlerAppHBCounter ] = 1158[ DaimlerAppHBCounterOld ] = 1156
01-01 00:48:50.937  1933  1933 I LCMANDR : SWR_OOB_HV_MF_009|FUN=LifeCycleManagerService::getDAIAppAlivenessStatus|Aliveness::ANDROID HB IS VALID... setting OLD VAL, and resetting Fail Counter
01-01 00:48:50.940  1933  1933 I LCMANDR : SWR_OOB_HV_MF_009|FUN=LifeCycleManagerService::getDAIPID|DAIMLER APP(com.daimler.rse.ntg6) PID is [ 1519 ]
01-01 00:48:50.940  1933  1933 I LCMANDR : SWR_OOB_HV_MF_009|FUN=LifeCycleManagerService::getDAIAPPStatus|Aliveness::SAME PID! DAIAPP is not restarted
01-01 00:48:50.940  1933  1933 W LCMANDR : SWR_OOB_HV_MF_009|FUN=LifeCycleManagerService::getDAIAppAlivenessStatus|Aliveness::Status to send id : ALIVE
01-01 00:48:50.940  1933  1933 D LCMANDR : SWR_OOB_HV_MF_005|FUN=LifeCycleManagerService::sendPacketToLnx|data = [B@ddd36cd
01-01 00:48:50.940  1933  1933 D LCMANDR : SWR_OOB_HV_MF_009|FUN=LifeCycleManagerService::postAppsStatusInfo|Setting AppPacket info
01-01 00:48:50.940  1933  1933 I LCMANDR : SWR_OOB_HV_MF_009|FUN=AlivenessMonitoring::getRunningApps| packet sent
01-01 00:48:50.940  1933  1956 D LCMANDR : SWR_OOB_HV_MF_010|FUN=LifeCycleManagerService::RseNodeStateManagement|SEND_IGC_CB
01-01 00:48:50.941  1933  1956 I LCMANDR : SWR_OOB_HV_MF_005|FUN=LifeCycleManagerService::igcsendData|Call hit in RSENodeStateManagement::igcsendData
01-01 00:48:50.941  1933  1956 I LCMANDR : SWR_OOB_HV_MF_005|FUN=LifeCycleManagerService::igcsendData|SEND DATA LEN is : 15
01-01 00:48:50.941  1933  1956 I LCMANDR : SWR_OOB_HV_MF_007|FUN=LifeCycleManagerService::sendPacketFromIntentService|Package to send : [ 65, 0, 0, 0, 9, 0, 2, 0, 1, 0, 5, 65, 65, 0, 0, ]
01-01 00:48:50.941  1933  1956 I IGC     :  IGC::sendData ==> [ 65, 0, 0, 0, 9, 0, 2, 0, 1, 0, 5, 65, 65, 0, 0,  ]
01-01 00:48:50.941  1933  1956 I IGC     :  Igc::sendData data size is :: 15
01-01 00:48:50.941  1933  1956 D         : Enqueue: sem count = 1
01-01 00:48:50.941  1933  1956 I LCMANDR : SWR_OOB_HV_MF_007|FUN=LifeCycleManagerService::sendPacketFromIntentService|Sending Data to Linux is successful( [65, 0, 0, 0, 9, 0, 2, 0, 1, 0, 5, 65, 65, 0, 0] )
01-01 00:48:50.941  1933  1956 I LCMANDR : SWR_OOB_HV_MF_005|FUN=LifeCycleManagerService::igcsendData| DATA SEND SUCCESSFULLY 
01-01 00:48:51.267  2054  2054 E         : 
01-01 00:48:51.267  2054  2054 E         : Buffer Size = 1048576
01-01 00:48:51.292  2054  2054 E         : 
01-01 00:48:51.292  2054  2054 E         : <6>[ 2582.073659] QSEECOM: scm_call_qcpe:503 : OUT: 0x0, 0x0, 0x0, 0x0
01-01 00:48:51.292  2054  2054 E         : <6>[ 2582.089191] QSEECOM: scm_call_qcpe:429 : IN: 0x42000d0a, 0x3, 0x0, 0x4109, 0x769, 0x0, 0x0
01-01 00:48:51.292  2054  2054 E         : <6>[ 2582.090504] QSEECOM: scm_call_qcpe:503 : OUT: 0x0, 0x0, 0x0, 0x0
01-01 00:48:51.292  2054  2054 E         : <6>[ 2582.106690] QSEECOM: scm_call_qcpe:429 : IN: 0x42000d0a, 0x3, 0x0, 0x445a, 0x75e, 0x0, 0x0
01-01 00:48:51.292  2054  2054 E         : <6>[ 2582.107992] QSEECOM: scm_call_qcpe:503 : OUT: 0x0, 0x0, 0x0, 0x0
01-01 00:48:51.292  2054  2054 E         : <6>[ 2582.122998] QSEECOM: scm_call_qcpe:429 : IN: 0x42000d0a, 0x3, 0x0, 0x3fb5, 0x769, 0x0, 0x0
01-01 00:48:51.292  2054  2054 E         : <6>[ 2582.124476] QSEECOM: scm_call_qcpe:503 : OUT: 0x0, 0x0, 0x0, 0x0
01-01 00:48:51.292  2054  2054 E         : <6>[ 2582.139977] QSEECOM: scm_call_qcpe:429 : IN: 0x42000d0a, 0x3, 0x0, 0x4250, 0x759, 0x0, 0x0
01-01 00:48:51.292  2054  2054 E         : <6>[ 2582.141986] QSEECOM: scm_call_qcpe:503 : OUT: 0x0, 0x1, 0x0, 0x0
01-01 00:48:51.292  2054  2054 E         : <6>[ 2582.156010] QSEECOM: scm_call_qcpe:429 : IN: 0x42000d0a, 0x3, 0x0, 0x3ea4, 0x750, 0x0, 0x0
01-01 00:48:51.292  2054  2054 E         : <6>[ 2582.157071] QSEECOM: scm_call_qcpe:503 : OUT: 0x0, 0x0, 0x0, 0x0
01-01 00:48:51.292  2054  2054 E         : <6>[ 2582.172975] QSEECOM: scm_call_qcpe:429 : IN: 0x42000d0a, 0x3, 0x0, 0x4245, 0x762, 0x0, 0x0
01-01 00:48:51.292  2054  2054 E         : <6>[ 2582.1742
01-01 00:48:51.296  2054  2054 E         : USB Hub Detector 1.0
01-01 00:48:51.353   635   635 E ANDR-PERF-TARGET: Error: Invalid logical cluster id 0
01-01 00:48:51.354   635   635 E ANDR-PERF-MPCTL: invalid request, no optimizations performed
01-01 00:48:51.370   635   635 E ANDR-PERF-TARGET: Error: Invalid logical cluster id 0
01-01 00:48:51.370   635   635 E ANDR-PERF-MPCTL: invalid request, no optimizations performed
01-01 00:48:51.387   635   635 E ANDR-PERF-TARGET: Error: Invalid logical cluster id 0
01-01 00:48:51.387   635   635 E ANDR-PERF-MPCTL: invalid request, no optimizations performed
01-01 00:48:51.403   635   635 E ANDR-PERF-TARGET: Error: Invalid logical cluster id 0
01-01 00:48:51.404   635   635 E ANDR-PERF-MPCTL: invalid request, no optimizations performed
01-01 00:48:51.420   635   635 E ANDR-PERF-TARGET: Error: Invalid logical cluster id 0
01-01 00:48:51.420   635   635 E ANDR-PERF-MPCTL: invalid request, no optimizations performed
01-01 00:48:51.421   635   635 E ANDR-PERF-TARGET: Error: Invalid logical cluster id 0
01-01 00:48:51.421   635   635 E ANDR-PERF-MPCTL: invalid request, no optimizations performed
01-01 00:48:51.437   635   635 E ANDR-PERF-TARGET: Error: Invalid logical cluster id 0
01-01 00:48:51.437   635   635 E ANDR-PERF-MPCTL: invalid request, no optimizations performed
01-01 00:48:51.453   635   635 E ANDR-PERF-TARGET: Error: Invalid logical cluster id 0
01-01 00:48:51.454   635   635 E ANDR-PERF-MPCTL: invalid request, no optimizations performed
01-01 00:48:51.470   635   635 E ANDR-PERF-TARGET: Error: Invalid logical cluster id 0
01-01 00:48:51.470   635   635 E ANDR-PERF-MPCTL: invalid request, no optimizations performed
01-01 00:48:51.487   635   635 E ANDR-PERF-TARGET: Error: Invalid logical cluster id 0
01-01 00:48:51.487   635   635 E ANDR-PERF-MPCTL: invalid request, no optimizations performed
01-01 00:48:51.504   635   635 E ANDR-PERF-TARGET: Error: Invalid logical cluster id 0
01-01 00:48:51.504   635   635 E ANDR-PERF-MPCTL: invalid request, no optimizations performed
01-01 00:48:51.520   635   635 E ANDR-PERF-TARGET: Error: Invalid logical cluster id 0
01-01 00:48:51.520   635   635 E ANDR-PERF-MPCTL: invalid request, no optimizations performed
01-01 00:48:51.537   635   635 E ANDR-PERF-TARGET: Error: Invalid logical cluster id 0
01-01 00:48:51.537   635   635 E ANDR-PERF-MPCTL: invalid request, no optimizations performed
01-01 00:48:51.554   635   635 E ANDR-PERF-TARGET: Error: Invalid logical cluster id 0
01-01 00:48:51.554   635   635 E ANDR-PERF-MPCTL: invalid request, no optimizations performed
01-01 00:48:51.570   635   635 E ANDR-PERF-TARGET: Error: Invalid logical cluster id 0
01-01 00:48:51.570   635   635 E ANDR-PERF-MPCTL: invalid request, no optimizations performed
01-01 00:48:51.572   729   748 I sssv-lib: sendMsg enter
01-01 00:48:51.572   729   748 I sssv-lib: sendMsg complete.
01-01 00:48:51.587   635   635 E ANDR-PERF-TARGET: Error: Invalid logical cluster id 0
01-01 00:48:51.587   635   635 E ANDR-PERF-MPCTL: invalid request, no optimizations performed
01-01 00:48:51.604   635   635 E ANDR-PERF-TARGET: Error: Invalid logical cluster id 0
01-01 00:48:51.604   635   635 E ANDR-PERF-MPCTL: invalid request, no optimizations performed
01-01 00:48:51.615  3675 15650 W InteractionController: runAndwaitForEvents timed out waiting for events
01-01 00:48:51.621   635   635 E ANDR-PERF-TARGET: Error: Invalid logical cluster id 0
01-01 00:48:51.621   635   635 E ANDR-PERF-MPCTL: invalid request, no optimizations performed
01-01 00:48:51.625  3675 15650 D UiScrollable: scrollForward() on selector = UiSelector[SCROLLABLE=true]
01-01 00:48:51.633  3675 15650 I QueryController: Matched selector: UiSelector[SCROLLABLE=true] <<==>> [android.view.accessibility.AccessibilityNodeInfo@2ecdb6d; boundsInParent: Rect(0, 0 - 1332, 889); boundsInScreen: Rect(305, 172 - 1637, 1061); packageName: com.panasonic.hmi2settings; className: android.widget.ScrollView; text: null; error: null; maxTextLength: -1; contentDescription: null; viewIdResName: com.panasonic.hmi2settings:id/scrollWifi; checkable: false; checked: false; focusable: true; focused: false; selected: false; clickable: false; longClickable: false; contextClickable: false; enabled: true; password: false; scrollable: true; importantForAccessibility: true; actions: [AccessibilityAction: ACTION_FOCUS - null, AccessibilityAction: ACTION_SELECT - null, AccessibilityAction: ACTION_CLEAR_SELECTION - null, AccessibilityAction: ACTION_ACCESSIBILITY_FOCUS - null, AccessibilityAction: ACTION_SCROLL_FORWARD - null, AccessibilityAction: ACTION_SHOW_ON_SCREEN - null]]
01-01 00:48:51.633  3675 15650 D InteractionController: scrollSwipe (971, 973, 971, 260, 55)
01-01 00:48:51.637   635   635 E ANDR-PERF-TARGET: Error: Invalid logical cluster id 0
01-01 00:48:51.637   635   635 E ANDR-PERF-MPCTL: invalid request, no optimizations performed
01-01 00:48:51.654   635   635 E ANDR-PERF-TARGET: Error: Invalid logical cluster id 0
01-01 00:48:51.654   635   635 E ANDR-PERF-MPCTL: invalid request, no optimizations performed
01-01 00:48:51.671   635   635 E ANDR-PERF-TARGET: Error: Invalid logical cluster id 0
01-01 00:48:51.671   635   635 E ANDR-PERF-MPCTL: invalid request, no optimizations performed
01-01 00:48:51.687   635   635 E ANDR-PERF-TARGET: Error: Invalid logical cluster id 0
01-01 00:48:51.687   635   635 E ANDR-PERF-MPCTL: invalid request, no optimizations performed
01-01 00:48:51.704   635   635 E ANDR-PERF-TARGET: Error: Invalid logical cluster id 0
01-01 00:48:51.704   635   635 E ANDR-PERF-MPCTL: invalid request, no optimizations performed
01-01 00:48:51.721   635   635 E ANDR-PERF-TARGET: Error: Invalid logical cluster id 0
01-01 00:48:51.721   635   635 E ANDR-PERF-MPCTL: invalid request, no optimizations performed
01-01 00:48:51.737   635   635 E ANDR-PERF-TARGET: Error: Invalid logical cluster id 0
01-01 00:48:51.738   635   635 E ANDR-PERF-MPCTL: invalid request, no optimizations performed
01-01 00:48:51.754   635   635 E ANDR-PERF-TARGET: Error: Invalid logical cluster id 0
01-01 00:48:51.754   635   635 E ANDR-PERF-MPCTL: invalid request, no optimizations performed
01-01 00:48:51.771   635   635 E ANDR-PERF-TARGET: Error: Invalid logical cluster id 0
01-01 00:48:51.771   635   635 E ANDR-PERF-MPCTL: invalid request, no optimizations performed
01-01 00:48:51.787   635   635 E ANDR-PERF-TARGET: Error: Invalid logical cluster id 0
01-01 00:48:51.788   635   635 E ANDR-PERF-MPCTL: invalid request, no optimizations performed
01-01 00:48:51.804   635   635 E ANDR-PERF-TARGET: Error: Invalid logical cluster id 0
01-01 00:48:51.804   635   635 E ANDR-PERF-MPCTL: invalid request, no optimizations performed
01-01 00:48:51.821   635   635 E ANDR-PERF-TARGET: Error: Invalid logical cluster id 0
01-01 00:48:51.821   635   635 E ANDR-PERF-MPCTL: invalid request, no optimizations performed
01-01 00:48:51.838   635   635 E ANDR-PERF-TARGET: Error: Invalid logical cluster id 0
01-01 00:48:51.838   635   635 E ANDR-PERF-MPCTL: invalid request, no optimizations performed
01-01 00:48:51.854   635   635 E ANDR-PERF-TARGET: Error: Invalid logical cluster id 0
01-01 00:48:51.854   635   635 E ANDR-PERF-MPCTL: invalid request, no optimizations performed
01-01 00:48:51.871   635   635 E ANDR-PERF-TARGET: Error: Invalid logical cluster id 0
01-01 00:48:51.871   635   635 E ANDR-PERF-MPCTL: invalid request, no optimizations performed
01-01 00:48:51.888   635   635 E ANDR-PERF-TARGET: Error: Invalid logical cluster id 0
01-01 00:48:51.888   635   635 E ANDR-PERF-MPCTL: invalid request, no optimizations performed
01-01 00:48:51.904   635   635 E ANDR-PERF-TARGET: Error: Invalid logical cluster id 0
01-01 00:48:51.905   635   635 E ANDR-PERF-MPCTL: invalid request, no optimizations performed
01-01 00:48:51.921   635   635 E ANDR-PERF-TARGET: Error: Invalid logical cluster id 0
01-01 00:48:51.921   635   635 E ANDR-PERF-MPCTL: invalid request, no optimizations performed
01-01 00:48:51.938   635   635 E ANDR-PERF-TARGET: Error: Invalid logical cluster id 0
01-01 00:48:51.938   635   635 E ANDR-PERF-MPCTL: invalid request, no optimizations performed
01-01 00:48:51.955   635   635 E ANDR-PERF-TARGET: Error: Invalid logical cluster id 0
01-01 00:48:51.955   635   635 E ANDR-PERF-MPCTL: invalid request, no optimizations performed
01-01 00:48:51.971   635   635 E ANDR-PERF-TARGET: Error: Invalid logical cluster id 0
01-01 00:48:51.971   635   635 E ANDR-PERF-MPCTL: invalid request, no optimizations performed
01-01 00:48:51.988   635   635 E ANDR-PERF-TARGET: Error: Invalid logical cluster id 0
01-01 00:48:51.988   635   635 E ANDR-PERF-MPCTL: invalid request, no optimizations performed
01-01 00:48:52.005   635   635 E ANDR-PERF-TARGET: Error: Invalid logical cluster id 0
01-01 00:48:52.005   635   635 E ANDR-PERF-MPCTL: invalid request, no optimizations performed
01-01 00:48:52.021   635   635 E ANDR-PERF-TARGET: Error: Invalid logical cluster id 0
01-01 00:48:52.021   635   635 E ANDR-PERF-MPCTL: invalid request, no optimizations performed
01-01 00:48:52.038   635   635 E ANDR-PERF-TARGET: Error: Invalid logical cluster id 0
01-01 00:48:52.038   635   635 E ANDR-PERF-MPCTL: invalid request, no optimizations performed
01-01 00:48:52.055   635   635 E ANDR-PERF-TARGET: Error: Invalid logical cluster id 0
01-01 00:48:52.055   635   635 E ANDR-PERF-MPCTL: invalid request, no optimizations performed
01-01 00:48:52.072   635   635 E ANDR-PERF-TARGET: Error: Invalid logical cluster id 0
01-01 00:48:52.072   635   635 E ANDR-PERF-MPCTL: invalid request, no optimizations performed
01-01 00:48:52.088   635   635 E ANDR-PERF-TARGET: Error: Invalid logical cluster id 0
01-01 00:48:52.088   635   635 E ANDR-PERF-MPCTL: invalid request, no optimizations performed
01-01 00:48:52.105   635   635 E ANDR-PERF-TARGET: Error: Invalid logical cluster id 0
01-01 00:48:52.105   635   635 E ANDR-PERF-MPCTL: invalid request, no optimizations performed
01-01 00:48:52.122   635   635 E ANDR-PERF-TARGET: Error: Invalid logical cluster id 0
01-01 00:48:52.122   635   635 E ANDR-PERF-MPCTL: invalid request, no optimizations performed
01-01 00:48:52.138   635   635 E ANDR-PERF-TARGET: Error: Invalid logical cluster id 0
01-01 00:48:52.138   635   635 E ANDR-PERF-MPCTL: invalid request, no optimizations performed
01-01 00:48:52.155   635   635 E ANDR-PERF-TARGET: Error: Invalid logical cluster id 0
01-01 00:48:52.155   635   635 E ANDR-PERF-MPCTL: invalid request, no optimizations performed
01-01 00:48:52.172   635   635 E ANDR-PERF-TARGET: Error: Invalid logical cluster id 0
01-01 00:48:52.172   635   635 E ANDR-PERF-MPCTL: invalid request, no optimizations performed
01-01 00:48:52.188   635   635 E ANDR-PERF-TARGET: Error: Invalid logical cluster id 0
01-01 00:48:52.188   635   635 E ANDR-PERF-MPCTL: invalid request, no optimizations performed
01-01 00:48:52.205   635   635 E ANDR-PERF-TARGET: Error: Invalid logical cluster id 0
01-01 00:48:52.205   635   635 E ANDR-PERF-MPCTL: invalid request, no optimizations performed
01-01 00:48:52.222   635   635 E ANDR-PERF-TARGET: Error: Invalid logical cluster id 0
01-01 00:48:52.222   635   635 E ANDR-PERF-MPCTL: invalid request, no optimizations performed
01-01 00:48:52.239   635   635 E ANDR-PERF-TARGET: Error: Invalid logical cluster id 0
01-01 00:48:52.239   635   635 E ANDR-PERF-MPCTL: invalid request, no optimizations performed
01-01 00:48:52.255   635   635 E ANDR-PERF-TARGET: Error: Invalid logical cluster id 0
01-01 00:48:52.255   635   635 E ANDR-PERF-MPCTL: invalid request, no optimizations performed
01-01 00:48:52.272   635   635 E ANDR-PERF-TARGET: Error: Invalid logical cluster id 0
01-01 00:48:52.272   635   635 E ANDR-PERF-MPCTL: invalid request, no optimizations performed
01-01 00:48:52.289   635   635 E ANDR-PERF-TARGET: Error: Invalid logical cluster id 0
01-01 00:48:52.289   635   635 E ANDR-PERF-MPCTL: invalid request, no optimizations performed
01-01 00:48:52.305   635   635 E ANDR-PERF-TARGET: Error: Invalid logical cluster id 0
01-01 00:48:52.305   635   635 E ANDR-PERF-MPCTL: invalid request, no optimizations performed
01-01 00:48:52.322   635   635 E ANDR-PERF-TARGET: Error: Invalid logical cluster id 0
01-01 00:48:52.322   635   635 E ANDR-PERF-MPCTL: invalid request, no optimizations performed
01-01 00:48:52.339   635   635 E ANDR-PERF-TARGET: Error: Invalid logical cluster id 0
01-01 00:48:52.339   635   635 E ANDR-PERF-MPCTL: invalid request, no optimizations performed
01-01 00:48:52.355   635   635 E ANDR-PERF-TARGET: Error: Invalid logical cluster id 0
01-01 00:48:52.356   635   635 E ANDR-PERF-MPCTL: invalid request, no optimizations performed
01-01 00:48:52.372   635   635 E ANDR-PERF-TARGET: Error: Invalid logical cluster id 0
01-01 00:48:52.372   635   635 E ANDR-PERF-MPCTL: invalid request, no optimizations performed
01-01 00:48:52.389   635   635 E ANDR-PERF-TARGET: Error: Invalid logical cluster id 0
01-01 00:48:52.389   635   635 E ANDR-PERF-MPCTL: invalid request, no optimizations performed
01-01 00:48:52.406   635   635 E ANDR-PERF-TARGET: Error: Invalid logical cluster id 0
01-01 00:48:52.406   635   635 E ANDR-PERF-MPCTL: invalid request, no optimizations performed
01-01 00:48:52.422   635   635 E ANDR-PERF-TARGET: Error: Invalid logical cluster id 0
01-01 00:48:52.422   635   635 E ANDR-PERF-MPCTL: invalid request, no optimizations performed
01-01 00:48:52.439   635   635 E ANDR-PERF-TARGET: Error: Invalid logical cluster id 0
01-01 00:48:52.439   635   635 E ANDR-PERF-MPCTL: invalid request, no optimizations performed
01-01 00:48:52.456   635   635 E ANDR-PERF-TARGET: Error: Invalid logical cluster id 0
01-01 00:48:52.456   635   635 E ANDR-PERF-MPCTL: invalid request, no optimizations performed
01-01 00:48:52.472   635   635 E ANDR-PERF-TARGET: Error: Invalid logical cluster id 0
01-01 00:48:52.472   635   635 E ANDR-PERF-MPCTL: invalid request, no optimizations performed
01-01 00:48:52.489   635   635 E ANDR-PERF-TARGET: Error: Invalid logical cluster id 0
01-01 00:48:52.489   635   635 E ANDR-PERF-MPCTL: invalid request, no optimizations performed
01-01 00:48:52.506   635   635 E ANDR-PERF-TARGET: Error: Invalid logical cluster id 0
01-01 00:48:52.506   635   635 E ANDR-PERF-MPCTL: invalid request, no optimizations performed
01-01 00:48:52.522   635   635 E ANDR-PERF-TARGET: Error: Invalid logical cluster id 0
01-01 00:48:52.523   635   635 E ANDR-PERF-MPCTL: invalid request, no optimizations performed
01-01 00:48:52.536   625   625 D WifiHAL : Start get packet fate command
01-01 00:48:52.537   625   625 D WifiHAL : createRequest Get Tx packet fate request
01-01 00:48:52.537   625   625 E WifiHAL : Failed to register get pkt fate response; result = -95
01-01 00:48:52.537  1151  1317 E WifiVendorHal: getTxPktFates(l.2067) failed {.code = ERROR_UNKNOWN, .description = errno: -95 (Unknown error -95)}
01-01 00:48:52.538   625   625 D WifiHAL : Start get packet fate command
01-01 00:48:52.538   625   625 D WifiHAL : createRequest Get Rx packet fate request
01-01 00:48:52.538   625   625 E WifiHAL : Failed to register get pkt fate response; result = -95
01-01 00:48:52.538  1151  1317 E WifiVendorHal: getRxPktFates(l.2107) failed {.code = ERROR_UNKNOWN, .description = errno: -95 (Unknown error -95)}
01-01 00:48:52.539   635   635 E ANDR-PERF-TARGET: Error: Invalid logical cluster id 0
01-01 00:48:52.540   635   635 E ANDR-PERF-MPCTL: invalid request, no optimizations performed
01-01 00:48:52.556   635   635 E ANDR-PERF-TARGET: Error: Invalid logical cluster id 0
01-01 00:48:52.556   635   635 E ANDR-PERF-MPCTL: invalid request, no optimizations performed
01-01 00:48:52.557   635   635 E ANDR-PERF-TARGET: Error: Invalid logical cluster id 0
01-01 00:48:52.557   635   635 E ANDR-PERF-MPCTL: invalid request, no optimizations performed
01-01 00:48:52.573   635   635 E ANDR-PERF-TARGET: Error: Invalid logical cluster id 0
01-01 00:48:52.573   635   635 E ANDR-PERF-MPCTL: invalid request, no optimizations performed
01-01 00:48:52.574   729   748 I sssv-lib: sendMsg enter
01-01 00:48:52.574   729   748 I sssv-lib: sendMsg complete.
01-01 00:48:52.586   625   625 D WifiHAL : Start get packet fate command
01-01 00:48:52.586   625   625 D WifiHAL : createRequest Get Tx packet fate request
01-01 00:48:52.586   625   625 E WifiHAL : Failed to register get pkt fate response; result = -95
01-01 00:48:52.588  1151  1317 E WifiVendorHal: getTxPktFates(l.2067) failed {.code = ERROR_UNKNOWN, .description = errno: -95 (Unknown error -95)}
01-01 00:48:52.588   625   625 D WifiHAL : Start get packet fate command
01-01 00:48:52.588   625   625 D WifiHAL : createRequest Get Rx packet fate request
01-01 00:48:52.588   625   625 E WifiHAL : Failed to register get pkt fate response; result = -95
01-01 00:48:52.589   635   635 E ANDR-PERF-TARGET: Error: Invalid logical cluster id 0
01-01 00:48:52.589   635   635 E ANDR-PERF-MPCTL: invalid request, no optimizations performed
01-01 00:48:52.593  1151  1317 E WifiVendorHal: getRxPktFates(l.2107) failed {.code = ERROR_UNKNOWN, .description = errno: -95 (Unknown error -95)}
01-01 00:48:52.606   635   635 E ANDR-PERF-TARGET: Error: Invalid logical cluster id 0
01-01 00:48:52.606   635   635 E ANDR-PERF-MPCTL: invalid request, no optimizations performed
01-01 00:48:52.623   635   635 E ANDR-PERF-TARGET: Error: Invalid logical cluster id 0
01-01 00:48:52.623   635   635 E ANDR-PERF-MPCTL: invalid request, no optimizations performed
01-01 00:48:52.639   635   635 E ANDR-PERF-TARGET: Error: Invalid logical cluster id 0
01-01 00:48:52.639   635   635 E ANDR-PERF-MPCTL: invalid request, no optimizations performed
01-01 00:48:52.656   635   635 E ANDR-PERF-TARGET: Error: Invalid logical cluster id 0
01-01 00:48:52.656   635   635 E ANDR-PERF-MPCTL: invalid request, no optimizations performed
01-01 00:48:52.673   635   635 E ANDR-PERF-TARGET: Error: Invalid logical cluster id 0
01-01 00:48:52.673   635   635 E ANDR-PERF-MPCTL: invalid request, no optimizations performed
01-01 00:48:52.690   635   635 E ANDR-PERF-TARGET: Error: Invalid logical cluster id 0
01-01 00:48:52.690   635   635 E ANDR-PERF-MPCTL: invalid request, no optimizations performed
01-01 00:48:52.706   635   635 E ANDR-PERF-TARGET: Error: Invalid logical cluster id 0
01-01 00:48:52.706   635   635 E ANDR-PERF-MPCTL: invalid request, no optimizations performed
01-01 00:48:52.723   635   635 E ANDR-PERF-TARGET: Error: Invalid logical cluster id 0
01-01 00:48:52.723   635   635 E ANDR-PERF-MPCTL: invalid request, no optimizations performed
01-01 00:48:52.740   635   635 E ANDR-PERF-TARGET: Error: Invalid logical cluster id 0
01-01 00:48:52.740   635   635 E ANDR-PERF-MPCTL: invalid request, no optimizations performed
01-01 00:48:52.751  3675 15650 W InteractionController: runAndwaitForEvents timed out waiting for events
01-01 00:48:52.751  3675 15650 D InteractionController: Vertical scrollSwipe reached scroll end: false
01-01 00:48:52.756   635   635 E ANDR-PERF-TARGET: Error: Invalid logical cluster id 0
01-01 00:48:52.756   635   635 E ANDR-PERF-MPCTL: invalid request, no optimizations performed
01-01 00:48:52.773   635   635 E ANDR-PERF-TARGET: Error: Invalid logical cluster id 0
01-01 00:48:52.773   635   635 E ANDR-PERF-MPCTL: invalid request, no optimizations performed
01-01 00:48:52.790   635   635 E ANDR-PERF-TARGET: Error: Invalid logical cluster id 0
01-01 00:48:52.790   635   635 E ANDR-PERF-MPCTL: invalid request, no optimizations performed
01-01 00:48:52.806   635   635 E ANDR-PERF-TARGET: Error: Invalid logical cluster id 0
01-01 00:48:52.807   635   635 E ANDR-PERF-MPCTL: invalid request, no optimizations performed
01-01 00:48:52.823   635   635 E ANDR-PERF-TARGET: Error: Invalid logical cluster id 0
01-01 00:48:52.823   635   635 E ANDR-PERF-MPCTL: invalid request, no optimizations performed
01-01 00:48:52.840   635   635 E ANDR-PERF-TARGET: Error: Invalid logical cluster id 0
01-01 00:48:52.840   635   635 E ANDR-PERF-MPCTL: invalid request, no optimizations performed
01-01 00:48:52.857   635   635 E ANDR-PERF-TARGET: Error: Invalid logical cluster id 0
01-01 00:48:52.857   635   635 E ANDR-PERF-MPCTL: invalid request, no optimizations performed
01-01 00:48:52.873   635   635 E ANDR-PERF-TARGET: Error: Invalid logical cluster id 0
01-01 00:48:52.873   635   635 E ANDR-PERF-MPCTL: invalid request, no optimizations performed
01-01 00:48:52.890   635   635 E ANDR-PERF-TARGET: Error: Invalid logical cluster id 0
01-01 00:48:52.890   635   635 E ANDR-PERF-MPCTL: invalid request, no optimizations performed
01-01 00:48:52.907   635   635 E ANDR-PERF-TARGET: Error: Invalid logical cluster id 0
01-01 00:48:52.907   635   635 E ANDR-PERF-MPCTL: invalid request, no optimizations performed
01-01 00:48:52.923   635   635 E ANDR-PERF-TARGET: Error: Invalid logical cluster id 0
01-01 00:48:52.924   635   635 E ANDR-PERF-MPCTL: invalid request, no optimizations performed
01-01 00:48:52.940   635   635 E ANDR-PERF-TARGET: Error: Invalid logical cluster id 0
01-01 00:48:52.940   635   635 E ANDR-PERF-MPCTL: invalid request, no optimizations performed
01-01 00:48:53.054  1933  1933 I LCMANDR : SWR_OOB_HV_MF_009|FUN=ResourceMonitoringService::movingMemoryAverage|2|Moving memory average :30.251251
01-01 00:48:53.055  1933  1933 W LCMANDR : SWR_OOB_HV_MF_009|FUN=ResourceMonitoringService::getCpuUsageStatistic|Moving MEM AVG :::::::::30.251251
01-01 00:48:53.057  1933  1933 W LCMANDR : SWR_OOB_HV_MF_009|FUN=ResourceMonitoringService::getCpuUsageStatistic|2|Total cpu usage :30.188679
01-01 00:48:53.057  1933  1933 I LCMANDR : SWR_OOB_HV_MF_009|FUN=ResourceMonitoringService::getCpuUsageStatistic|Cpu usage of core  0 is36.184208
01-01 00:48:53.057  1933  1933 I LCMANDR : SWR_OOB_HV_MF_009|FUN=ResourceMonitoringService::getCpuUsageStatistic|Cpu usage of core  1 is29.865772
01-01 00:48:53.057  1933  1933 I LCMANDR : SWR_OOB_HV_MF_009|FUN=ResourceMonitoringService::getCpuUsageStatistic|Cpu usage of core  2 is24.414715
01-01 00:48:53.057  1933  1933 I LCMANDR : ResourceMonitoringService::movingCpuAverage()
01-01 00:48:53.057  1933  1933 I LCMANDR : SWR_OOB_HV_MF_009|FUN=ResourceMonitoringService::movingCpuAverage|2|Moving window average of CPU 23.536592
01-01 00:48:53.057  1933  1933 I LCMANDR : SWR_OOB_HV_MF_009|FUN=ResourceMonitoringService::movingCpuAverage|2|Cpu moving average of core  0 is25.782034
01-01 00:48:53.057  1933  1933 I LCMANDR : SWR_OOB_HV_MF_009|FUN=ResourceMonitoringService::movingCpuAverage|2|Cpu moving average of core  1 is21.178976
01-01 00:48:53.057  1933  1933 I LCMANDR : SWR_OOB_HV_MF_009|FUN=ResourceMonitoringService::movingCpuAverage|2|Cpu moving average of core  2 is23.53446
01-01 00:48:53.057  1933  1933 D LCMANDR : SWR_OOB_HV_MF_009|FUN=ResourceMonitoringService::movingCpuAverage|2|Exiting VAL = 23.536592
01-01 00:48:53.244  1933  1957 D LCMANDR : SWR_OOB_HV_MF_009|FUN=LifeCycleManagerService::LifeCycle_ReportCompStatus|GOT ALIVENESS SIGNAL FROM DAIAPP : [0]; HB Counter = [ 1159 ]; STATUS INFO = [ 0 ]
01-01 00:48:53.244  1519  1964 I Connectivity_AIDL|AIDL_Handler.AIDL_Helpers.LcmHelper: MBUX App Method: KeepAliveTest |Line No: 408 |Log Type: Critical |Message: ChildThread:MBUX-App HB Count: 1161, ResponseCode: 0
01-01 00:48:53.455  3675 15650 I QueryController: Matched selector: UiSelector[SCROLLABLE=true, CHILD=UiSelector[TEXT=RSE_Test]] <<==>> [android.view.accessibility.AccessibilityNodeInfo@2eed9f5; boundsInParent: Rect(0, 0 - 1078, 77); boundsInScreen: Rect(354, 491 - 1431, 568); packageName: com.panasonic.hmi2settings; className: android.widget.TextView; text: RSE_Test; error: null; maxTextLength: -1; contentDescription: null; viewIdResName: com.panasonic.hmi2settings:id/wifiName; checkable: false; checked: false; focusable: false; focused: false; selected: false; clickable: false; longClickable: false; contextClickable: false; enabled: true; password: false; scrollable: false; importantForAccessibility: true; actions: [AccessibilityAction: ACTION_SELECT - null, AccessibilityAction: ACTION_CLEAR_SELECTION - null, AccessibilityAction: ACTION_ACCESSIBILITY_FOCUS - null, AccessibilityAction: ACTION_NEXT_AT_MOVEMENT_GRANULARITY - null, AccessibilityAction: ACTION_PREVIOUS_AT_MOVEMENT_GRANULARITY - null, AccessibilityAction: ACTION_SET_SELECTION - null, AccessibilityAction: ACTION_SHOW_ON_SCREEN - null]]
01-01 00:48:53.464  3675 15651 D UIAutomatorStub: URI: /jsonrpc/0, Method: POST, Header: {content-length=176, remote-addr=127.0.0.1, http-client-ip=127.0.0.1, host=localhost:9009, content-type=application/json, connection=close, accept-encoding=identity, user-agent=Python-urllib/2.7}, params, {NanoHttpd.QUERY_STRING=null}, files: {postData={"params": [{"childOrSiblingSelector": [], "text": "RSE_Test", "mask": 1, "childOrSibling": []}], "jsonrpc": "2.0", "method": "click", "id": "29710c350830a84df79ddd08721721f1"}}
01-01 00:48:53.526  3675 15652 D UIAutomatorStub: URI: /jsonrpc/0, Method: POST, Header: {content-length=213, remote-addr=127.0.0.1, http-client-ip=127.0.0.1, host=localhost:9009, content-type=application/json, connection=close, accept-encoding=identity, user-agent=Python-urllib/2.7}, params, {NanoHttpd.QUERY_STRING=null}, files: {postData={"params": [{"childOrSiblingSelector": [], "className": "android.widget.EditText", "mask": 16, "childOrSibling": []}, "Secure7@55"], "jsonrpc": "2.0", "method": "setText", "id": "b33be7cccedeb8fe88d546ac35b6e749"}}
01-01 00:48:53.527  3739  3739 W HMI2-SETTINGS - CI08.4: className -> WifiAdapter | functionName -> onBindViewHolder | value -> allWifiList.get(position).getSecurityType() : wifiNametrue
01-01 00:48:53.527  3739  3739 W HMI2-SETTINGS - CI08.4: className -> WifiActivity | functionName -> onWifiClick | value -> getSecurityType ->true
01-01 00:48:53.534  3739  3739 D View    : setSystemUiVisibility: creating intent for action ACTION_ACTIVITY_FULLSCREEN
01-01 00:48:53.535  3739  3739 W ContextImpl: Calling a method in the system process without a qualified user: android.app.ContextImpl.startService:1476 android.content.ContextWrapper.startService:650 android.view.View.setSystemUiVisibility:22653 com.panasonic.hmi2settings.activity.WifiActivity.connectToWifi:1215 com.panasonic.hmi2settings.activity.WifiActivity.onWifiClick:522 
01-01 00:48:53.538  1151  2264 D CompatibilityInfo: mCompatibilityFlags - 4
01-01 00:48:53.538  1151  2264 D CompatibilityInfo: applicationDensity - 240
01-01 00:48:53.539  1151  2264 D CompatibilityInfo: applicationScale - 1.0
01-01 00:48:53.540  3739  3739 D View    : setSystemUiVisibility: startService done
01-01 00:48:53.541   635   635 E ANDR-PERF-TARGET: Error: Invalid logical cluster id 0
01-01 00:48:53.541   635   635 E ANDR-PERF-MPCTL: invalid request, no optimizations performed
01-01 00:48:53.547  1392  1392 W SYSTEM_UI: SWR_SYSTEM_UI_007|FUN=CollapsedStatusBarFragment::getAction |1|Broadcast action --> STATUS_UPDATE_ACTION
01-01 00:48:53.547  1151  2229 D WindowManager: addToDisplay >>> FLAG_FULLSCREEN not set in WindowManager.LayoutParams
01-01 00:48:53.547  1151  2229 D WindowManager: startStatusReceiverServiceOnFlagSet: creating intent for action ACTION_ACTIVITY_FULLSCREEN
01-01 00:48:53.547  1392  1392 W SYSTEM_UI: SWR_SYSTEM_UI_007|FUN=CollapsedStatusBarFragment::getIntExtra |1|NotifySystemUpdates dataType --> 101
01-01 00:48:53.547  1392  1392 W SYSTEM_UI - CI07.3: className -> CollapsedStatusBarFragment | functionName -> NotifySystemUpdates | onReceive -->  | value -> FULLSCREEN MODE CHANGED | isFullScreenStatus --> false | fullScreenPackage -->com.panasonic.hmi2settings | fullscreenLastShownPackage -->null | topActivityPackage --> com.panasonic.hmi2settings
01-01 00:48:53.547  1392  1392 W SYSTEM_UI - CI07.3: className -> CollapsedStatusBarFragment | functionName -> NotifySystemUpdates | onReceive -->  | value -> Fullscreen mode changed --> path 5
01-01 00:48:53.547  1151  2229 W ContextImpl: Calling a method in the system process without a qualified user: android.app.ContextImpl.startService:1476 com.android.server.wm.Session.startStatusReceiverServiceOnFlagSet:762 com.android.server.wm.Session.addToDisplay:217 android.view.IWindowSession$Stub.onTransact:124 com.android.server.wm.Session.onTransact:166 
01-01 00:48:53.547  1151  2229 D WindowManager: startStatusReceiverServiceOnFlagSet: startService done
01-01 00:48:53.552  1392  1392 W SYSTEM_UI: SWR_SYSTEM_UI_007|FUN=CollapsedStatusBarFragment::getAction |1|Broadcast action --> STATUS_UPDATE_ACTION
01-01 00:48:53.552  1392  1392 W SYSTEM_UI: SWR_SYSTEM_UI_007|FUN=CollapsedStatusBarFragment::getIntExtra |1|NotifySystemUpdates dataType --> 101
01-01 00:48:53.552  1392  1392 W SYSTEM_UI - CI07.3: className -> CollapsedStatusBarFragment | functionName -> NotifySystemUpdates | onReceive -->  | value -> FULLSCREEN MODE CHANGED | isFullScreenStatus --> false | fullScreenPackage -->com.panasonic.hmi2settings | fullscreenLastShownPackage -->null | topActivityPackage --> com.panasonic.hmi2settings
01-01 00:48:53.552  1392  1392 W SYSTEM_UI - CI07.3: className -> CollapsedStatusBarFragment | functionName -> NotifySystemUpdates | onReceive -->  | value -> Fullscreen mode changed --> path 5
01-01 00:48:53.553  3739  3739 W HMI2-SETTINGS: SWR_BAIDU_HMI_0015|FUN=WifiActivity::addView|0|Display password enter dialog with addView method.
01-01 00:48:53.553  3739  3739 W HMI2-SETTINGS: SWR_BAIDU_HMI_0027|FUN=WifiActivity::addView|0|Display password enter dialog with addView method.
01-01 00:48:53.555  3739  3739 W HMI2-SETTINGS - CI08.4: className -> WifiActivity | functionName -> setOnFocusChangeListener :   | value -> hasFocus:true
01-01 00:48:53.559  1151  1538 D mEnabledInputMethodsStrCache: com.android.inputmethods.latin/.LatinIME
01-01 00:48:53.559  1151  1538 D systemLanguageCode: en__GB
01-01 00:48:53.559  1151  1538 D mEnabledInputMethodsStrCache: com.android.inputmethods.latin/.LatinIME
01-01 00:48:53.560  1151  8140 D mEnabledInputMethodsStrCache: com.android.inputmethods.latin/.LatinIME
01-01 00:48:53.560  1151  8140 D systemLanguageCode: en__GB
01-01 00:48:53.560  1151  8140 D mEnabledInputMethodsStrCache: com.android.inputmethods.latin/.LatinIME
01-01 00:48:53.562  1151  8140 D mEnabledInputMethodsStrCache: com.android.inputmethods.latin/.LatinIME
01-01 00:48:53.562  1151  8140 D systemLanguageCode: en__GB
01-01 00:48:53.562  1151  8140 D mEnabledInputMethodsStrCache: com.android.inputmethods.latin/.LatinIME
01-01 00:48:53.563  1151  8140 D mEnabledInputMethodsStrCache: com.android.inputmethods.latin/.LatinIME
01-01 00:48:53.563  1151  8140 D systemLanguageCode: en__GB
01-01 00:48:53.563  1151  8140 D mEnabledInputMethodsStrCache: com.android.inputmethods.latin/.LatinIME
01-01 00:48:53.564  1151  8140 D mEnabledInputMethodsStrCache: com.android.inputmethods.latin/.LatinIME
01-01 00:48:53.564  1151  8140 D systemLanguageCode: en__GB
01-01 00:48:53.564  1151  8140 D mEnabledInputMethodsStrCache: com.android.inputmethods.latin/.LatinIME
01-01 00:48:53.564  1151  8140 D mEnabledInputMethodsStrCache: com.android.inputmethods.latin/.LatinIME
01-01 00:48:53.564  1151  8140 D systemLanguageCode: en__GB
01-01 00:48:53.564  1151  8140 D mEnabledInputMethodsStrCache: com.android.inputmethods.latin/.LatinIME
01-01 00:48:53.565  1379  1379 I LatinIME: SWR_HMISERVICE_SPELLER_MF_001||FUN=onStartInputViewInternal || 1 || Starting input. Cursor position = -1,-1
01-01 00:48:53.568  1151  8140 D WindowManager: relayout packageName=com.panasonic.hmi2settings::session=Session{c47ecfc 3739:1000}::window=android.view.IWindow$Stub$Proxy@6e7cefa::attrs.flags=1000100
01-01 00:48:53.568  1151  8140 D WindowManager: relayout >>> FLAG_FULLSCREEN not set in WindowManager.LayoutParams
01-01 00:48:53.568  1151  8140 D WindowManager: startStatusReceiverServiceOnFlagSet: creating intent for action ACTION_ACTIVITY_FULLSCREEN
01-01 00:48:53.568  1151  8140 W ContextImpl: Calling a method in the system process without a qualified user: android.app.ContextImpl.startService:1476 com.android.server.wm.Session.startStatusReceiverServiceOnFlagSet:762 com.android.server.wm.Session.relayout:276 android.view.IWindowSession$Stub.onTransact:286 com.android.server.wm.Session.onTransact:166 
01-01 00:48:53.569  1151  8140 D CompatibilityInfo: mCompatibilityFlags - 4
01-01 00:48:53.569  1151  8140 D CompatibilityInfo: applicationDensity - 240
01-01 00:48:53.569  1151  8140 D CompatibilityInfo: applicationScale - 1.0
01-01 00:48:53.570  1151  8140 D WindowManager: startStatusReceiverServiceOnFlagSet: startService done
01-01 00:48:53.575   729   748 I sssv-lib: sendMsg enter
01-01 00:48:53.575   729   748 I sssv-lib: sendMsg complete.
01-01 00:48:53.576  1392  1392 W SYSTEM_UI: SWR_SYSTEM_UI_007|FUN=CollapsedStatusBarFragment::getAction |1|Broadcast action --> STATUS_UPDATE_ACTION
01-01 00:48:53.576  1392  1392 W SYSTEM_UI: SWR_SYSTEM_UI_007|FUN=CollapsedStatusBarFragment::getIntExtra |1|NotifySystemUpdates dataType --> 101
01-01 00:48:53.576  1392  1392 W SYSTEM_UI - CI07.3: className -> CollapsedStatusBarFragment | functionName -> NotifySystemUpdates | onReceive -->  | value -> FULLSCREEN MODE CHANGED | isFullScreenStatus --> false | fullScreenPackage -->com.panasonic.hmi2settings | fullscreenLastShownPackage -->null | topActivityPackage --> com.panasonic.hmi2settings
01-01 00:48:53.576  1392  1392 W SYSTEM_UI - CI07.3: className -> CollapsedStatusBarFragment | functionName -> NotifySystemUpdates | onReceive -->  | value -> Fullscreen mode changed --> path 5
01-01 00:48:53.592  3675 15652 W ByMatcher: Node returned null child: android.view.accessibility.AccessibilityNodeInfo@7442; boundsInParent: Rect(0, 0 - 1920, 104); boundsInScreen: Rect(0, 0 - 1920, 104); packageName: com.android.systemui; className: android.widget.FrameLayout; text: null; error: null; maxTextLength: -1; contentDescription: null; viewIdResName: null; checkable: false; checked: false; focusable: false; focused: false; selected: false; clickable: false; longClickable: false; contextClickable: false; enabled: true; password: false; scrollable: false; importantForAccessibility: true; actions: [AccessibilityAction: ACTION_SELECT - null, AccessibilityAction: ACTION_CLEAR_SELECTION - null, AccessibilityAction: ACTION_ACCESSIBILITY_FOCUS - null, AccessibilityAction: ACTION_SHOW_ON_SCREEN - null]
01-01 00:48:53.593  3675 15652 W ByMatcher: Skipping null child (0 of 4)
01-01 00:48:53.594  3675 15652 W ByMatcher: Skipping null child (1 of 4)
01-01 00:48:53.597  3675 15652 W ByMatcher: Skipping null child (2 of 4)
01-01 00:48:53.598  3675 15652 W ByMatcher: Skipping null child (3 of 4)
01-01 00:48:53.598  3675 15652 W ByMatcher: Node returned null child: android.view.accessibility.AccessibilityNodeInfo@7442; boundsInParent: Rect(0, 0 - 1920, 104); boundsInScreen: Rect(0, 0 - 1920, 104); packageName: com.android.systemui; className: android.widget.FrameLayout; text: null; error: null; maxTextLength: -1; contentDescription: null; viewIdResName: null; checkable: false; checked: false; focusable: false; focused: false; selected: false; clickable: false; longClickable: false; contextClickable: false; enabled: true; password: false; scrollable: false; importantForAccessibility: true; actions: [AccessibilityAction: ACTION_SELECT - null, AccessibilityAction: ACTION_CLEAR_SELECTION - null, AccessibilityAction: ACTION_ACCESSIBILITY_FOCUS - null, AccessibilityAction: ACTION_SHOW_ON_SCREEN - null]
01-01 00:48:53.598  3675 15652 W ByMatcher: Skipping null child (0 of 4)
01-01 00:48:53.600  3675 15652 W ByMatcher: Skipping null child (1 of 4)
01-01 00:48:53.600  3675 15652 W ByMatcher: Skipping null child (2 of 4)
01-01 00:48:53.601  3675 15652 W ByMatcher: Skipping null child (3 of 4)
