01-01 00:59:47.955  1519  1519 I HomeScreen|HMI_Common.Activities.MainOverlayActivity: MBUX App Method: UpdateNavigationETAInfo |Line No: 113 |Log Type: Critical |Message: UpdateNavigationETAInfo, subtitle text : 
01-01 00:59:47.955  1519  1519 I HomeScreen|HMI_Common.Activities.MainOverlayActivity: MBUX App Method: IsETAInfoToBeDisplayed |Line No: 128 |Log Type: Information |Message: Navigation, IsETAInfoToBeDisplayed etaInfoText: 
01-01 00:59:47.955  1519  1519 I HomeScreen|HMI_Common.Activities.MainOverlayActivity: MBUX App Method: UpdateHomeScreenNavigationSubtitleText |Line No: 801 |Log Type: Critical |Message: UpdateHomeScreenNavigationSubtitleText, subtitle text :  & isActiveRouteInProgress : False
01-01 00:59:47.959  1519  1519 I TelephonyRse|HMI_Common.Activities.MainOverlayActivity: MBUX App Method: HandlestatusLineNetworkSignalStrength |Line No: 944 |Log Type: Information |Message: BaseActivity StatusLine:HandlestatusLineNetworkSignalStrength deviceList size :
01-01 00:59:47.960  1519  1519 I TelephonyRse|HMI_Common.Activities.MainOverlayActivity: MBUX App Method: HandlestatusLineNetworkSignalStrength |Line No: 966 |Log Type: Information |Message: BaseActivity StatusLine:HandlestatusLineNetworkSignalStrength deviceList size empty:
01-01 00:59:47.960  1519  1519 I TelephonyRse|HMI_Common.Activities.MainOverlayActivity: MBUX App Method: HandlestatusLinePhoneBatteryLevelVisibility |Line No: 1063 |Log Type: Information |Message: BaseActivity StatusLine:HandlestatusLinePhoneBatteryLevelVisibility deviceList size :
01-01 00:59:47.960  1519  1519 I TelephonyRse|HMI_Common.Activities.MainOverlayActivity: MBUX App Method: HandlestatusLinePhoneBatteryLevelVisibility |Line No: 1086 |Log Type: Information |Message: BaseActivity StatusLine:HandlestatusLineNetworkSignalStrength deviceList size empty:
01-01 00:59:47.961  1519  1519 I HomeScreen|HMI_Common.Activities.MainOverlayActivity: MBUX App Method: OnResume |Line No: 875 |Log Type: Information |Message: MainOverlayActivity OnResume called, _isActive : False _pos: 1
01-01 00:59:47.961  1519  1519 I BaseScreen|HMI_Common.Activities.MainOverlayActivity: MBUX App Method: UpdateHMI2LaunchedFlag |Line No: 1222 |Log Type: Critical |Message: UpdateHMI2LaunchedFlag() called isLaunched = False
01-01 00:59:47.961  1519  1519 I BaseScreen|HMI_Common.HMIBackend.SharedPreferences.SharedPrefBackend: MBUX App Method: UpdateHMI2LaunchedFlag |Line No: 93 |Log Type: Critical |Message: UpdateHMI2LaunchedFlag called isLaunched = False
01-01 00:59:47.962  1519  1519 I Connectivity|HMI_Common.Activities.MainOverlayActivity: MBUX App Method: RegisterEntertainmentSharingEvents |Line No: 296 |Log Type: Information |Message: BaseActivity is for MainOverlayActivity...registering for EntertainmentBackendEvents!!
01-01 00:59:47.962  1519  1519 I AudioManagement|HMI_Common.Activities.MainOverlayActivity: MBUX App Method: SubscribeEntertainmentSharingEvent |Line No: 31 |Log Type: Critical |Message: SetEntertainmentLister: True RegisterEntertainmentSharingEvents for ComponentInfo{com.daimler.rse.ntg6/md59d95dbab71941e137ef724fbceda5f0e.MainOverlayActivity}
01-01 00:59:47.962  1519  1519 I HomeScreen|HMI_Common.HMIBackend.CommonControlsBackend.BaseScreenBackend: MBUX App Method: IsAppKeepAliveSuccess |Line No: 775 |Log Type: Critical |Message: App Authentication Status : Checking keep alive status for : Player & status : True
01-01 00:59:47.962  1519  1519 I HomeScreen|HMI_Common.HMIBackend.CommonControlsBackend.BaseScreenBackend: MBUX App Method: IsAppKeepAliveSuccess |Line No: 775 |Log Type: Critical |Message: App Authentication Status : Checking keep alive status for : Tuner & status : True
01-01 00:59:47.964  1519  1519 I HomeScreen|HMI_Common.Activities.MainOverlayActivity: MBUX App Method: UpdateHomeScreenItemView |Line No: 207 |Log Type: Critical |Message: UpdateHomeScreenItemView : Item : Radio, mainImage : , subtitle : , leftShortIcon : Media, rightShorticon : Media, Current Audio Source : 
01-01 00:59:47.965  1519  1519 I HomeScreen|HMI_Common.Activities.MainOverlayActivity: MBUX App Method: HandleNaviEngineStatusChangedEvent |Line No: 787 |Log Type: Critical |Message: HandleNaviEngineStatusChangedEvent, naviEngineStatus : Stopped
01-01 00:59:47.966  1519  1519 I HomeScreen|HMI_Common.CustomComponents.MainOverlay.Adapters.OverlayItemAdapter: MBUX App Method: EnableFocusForAppropriateItem |Line No: 107 |Log Type: Information |Message: MainOverLayActivity, EnableFocusForAppropriateItem called for item : Settings, Call Trace :   at HMI_Common.CustomComponents.MainOverlay.Adapters.OverlayItemAdapter.EnableFocusForAppropriateItem (HMI_Common.CustomComponents.MainOverlay.Adapters.MainOverlayItems appropriateItem) [0x00000] in <f8fa5baf696a40f0aba99447f8842d83>:0 
01-01 00:59:47.966  1519  1519 I HomeScreen|HMI_Common.CustomComponents.MainOverlay.Adapters.OverlayItemAdapter:   at HMI_Common.Activities.MainOverlayActivity.OnResume () [0x00000] in <f8fa5baf696a40f0aba99447f8842d83>:0 
01-01 00:59:47.966  1519  1519 I HomeScreen|HMI_Common.CustomComponents.MainOverlay.Adapters.OverlayItemAdapter:   at Android.App.Activity.n_OnResume (System.IntPtr jnienv, System.IntPtr native__this) [0x00000] in <a978e35ae19444089185d9470330e432>:0 
01-01 00:59:47.966  1519  1519 I HomeScreen|HMI_Common.CustomComponents.MainOverlay.Adapters.OverlayItemAdapter:   at Android.Runtime.DynamicMethodNameCounter.18 (System.IntPtr , System.IntPtr ) [0x00000] in <a978e35ae19444089185d9470330e432>:0 
01-01 00:59:47.971  1151  2233 D WindowManager: addToDisplay >>> FLAG_FULLSCREEN set in WindowManager.LayoutParams
01-01 00:59:47.971  1151  2233 D WindowManager: startStatusReceiverServiceOnFlagSet: creating intent for action ACTION_ACTIVITY_FULLSCREEN
01-01 00:59:47.971  1151  2233 W ContextImpl: Calling a method in the system process without a qualified user: android.app.ContextImpl.startService:1476 com.android.server.wm.Session.startStatusReceiverServiceOnFlagSet:762 com.android.server.wm.Session.addToDisplay:214 android.view.IWindowSession$Stub.onTransact:124 com.android.server.wm.Session.onTransact:166 
01-01 00:59:47.974  1151  2233 D CompatibilityInfo: mCompatibilityFlags - 4
01-01 00:59:47.974  1151  2233 D CompatibilityInfo: applicationDensity - 240
01-01 00:59:47.974  1151  2233 D CompatibilityInfo: applicationScale - 1.0
01-01 00:59:47.974  1151  2233 D WindowManager: startStatusReceiverServiceOnFlagSet: startService done
01-01 00:59:47.981  1392  1392 W SYSTEM_UI: SWR_SYSTEM_UI_007|FUN=CollapsedStatusBarFragment::getAction |1|Broadcast action --> STATUS_UPDATE_ACTION
01-01 00:59:47.981  1392  1392 W SYSTEM_UI: SWR_SYSTEM_UI_007|FUN=CollapsedStatusBarFragment::getIntExtra |1|NotifySystemUpdates dataType --> 101
01-01 00:59:47.981  1392  1392 W SYSTEM_UI - CI07.3: className -> CollapsedStatusBarFragment | functionName -> NotifySystemUpdates | onReceive -->  | value -> FULLSCREEN MODE CHANGED | isFullScreenStatus --> true | fullScreenPackage -->com.daimler.rse.ntg6 | fullscreenLastShownPackage -->null | topActivityPackage --> com.daimler.rse.ntg6
01-01 00:59:47.982  1392  1392 W SYSTEM_UI - CI07.3: className -> CollapsedStatusBarFragment | functionName -> NotifySystemUpdates | onReceive -->  | value -> Fullscreen mode changed --> path 1
01-01 00:59:47.983  1392  1392 W SYSTEM_UI - CI07.3: className -> CollapsedStatusBarFragment | functionName -> NotifySystemUpdates | onReceive -->  | value -> Fullscreen mode changed --> path 3
01-01 00:59:47.986  1933  1933 I LCMANDR : SWR_OOB_HV_MF_009|FUN=ResourceMonitoringService::movingMemoryAverage|2|Moving memory average :32.11437
01-01 00:59:47.987  1933  1933 W LCMANDR : SWR_OOB_HV_MF_009|FUN=ResourceMonitoringService::getCpuUsageStatistic|Moving MEM AVG :::::::::32.11437
01-01 00:59:47.988  1933  1933 W LCMANDR : SWR_OOB_HV_MF_009|FUN=ResourceMonitoringService::getCpuUsageStatistic|2|Total cpu usage :24.69546
01-01 00:59:47.988  1933  1933 I LCMANDR : SWR_OOB_HV_MF_009|FUN=ResourceMonitoringService::getCpuUsageStatistic|Cpu usage of core  0 is24.752476
01-01 00:59:47.988  1933  1933 I LCMANDR : SWR_OOB_HV_MF_009|FUN=ResourceMonitoringService::getCpuUsageStatistic|Cpu usage of core  1 is22.923588
01-01 00:59:47.988  1933  1933 I LCMANDR : SWR_OOB_HV_MF_009|FUN=ResourceMonitoringService::getCpuUsageStatistic|Cpu usage of core  2 is26.421404
01-01 00:59:47.988  1933  1933 I LCMANDR : ResourceMonitoringService::movingCpuAverage()
01-01 00:59:47.988  1933  1933 I LCMANDR : SWR_OOB_HV_MF_009|FUN=ResourceMonitoringService::movingCpuAverage|2|Moving window average of CPU 26.71285
01-01 00:59:47.988  1933  1933 I LCMANDR : SWR_OOB_HV_MF_009|FUN=ResourceMonitoringService::movingCpuAverage|2|Cpu moving average of core  0 is27.351044
01-01 00:59:47.988  1933  1933 I LCMANDR : SWR_OOB_HV_MF_009|FUN=ResourceMonitoringService::movingCpuAverage|2|Cpu moving average of core  1 is24.27164
01-01 00:59:47.988  1933  1933 I LCMANDR : SWR_OOB_HV_MF_009|FUN=ResourceMonitoringService::movingCpuAverage|2|Cpu moving average of core  2 is28.455679
01-01 00:59:47.988  1933  1933 D LCMANDR : SWR_OOB_HV_MF_009|FUN=ResourceMonitoringService::movingCpuAverage|2|Exiting VAL = 26.71285
01-01 00:59:47.996  1519  1519 I HomeScreen|HMI_Common.Fragments.MainOverlay.HomeScreenFragment: MBUX App Method: SetAppropriateImageResources |Line No: 921 |Log Type: Information |Message: SetAppropriateImageResources _receivedItems: Settings browserstate: True
01-01 00:59:47.996  1519  1519 I HomeScreen|HMI_Common.Fragments.MainOverlay.HomeScreenFragment: MBUX App Method: OnCreateView |Line No: 95 |Log Type: Critical |Message: HomeScreenFragment OnCreateView Called for item : Settings
01-01 00:59:47.998  1519  1519 I HomeScreen|HMI_Common.Fragments.MainOverlay.HomeScreenFragment: MBUX App Method: OnCreateView |Line No: 250 |Log Type: Information |Message: HomeScreenFragment OnCreateView finished for item : Settings
01-01 00:59:47.999  1519  1519 I HomeScreen|HMI_Common.Fragments.MainOverlay.HomeScreenFragment: MBUX App Method: OnViewCreated |Line No: 532 |Log Type: Information |Message: HomeScreenFragment OnViewCreated called for item : Settings
01-01 00:59:48.005  1519  1519 I HomeScreen|HMI_Common.Fragments.MainOverlay.HomeScreenFragment: MBUX App Method: SetAppropriateImageResources |Line No: 921 |Log Type: Information |Message: SetAppropriateImageResources _receivedItems: AppExit browserstate: True
01-01 00:59:48.006  1519  1519 I HomeScreen|HMI_Common.Fragments.MainOverlay.HomeScreenFragment: MBUX App Method: OnCreateView |Line No: 95 |Log Type: Critical |Message: HomeScreenFragment OnCreateView Called for item : AppExit
01-01 00:59:48.008  1519  1519 I HomeScreen|HMI_Common.Fragments.MainOverlay.HomeScreenFragment: MBUX App Method: OnCreateView |Line No: 250 |Log Type: Information |Message: HomeScreenFragment OnCreateView finished for item : AppExit
01-01 00:59:48.008  1519  1519 I HomeScreen|HMI_Common.Fragments.MainOverlay.HomeScreenFragment: MBUX App Method: OnViewCreated |Line No: 532 |Log Type: Information |Message: HomeScreenFragment OnViewCreated called for item : AppExit
01-01 00:59:48.017  1519  1519 I HomeScreen|HMI_Common.Fragments.MainOverlay.HomeScreenFragment: MBUX App Method: SetAppropriateImageResources |Line No: 921 |Log Type: Information |Message: SetAppropriateImageResources _receivedItems: RSEBrowserApps browserstate: True
01-01 00:59:48.017  1519  1519 I HomeScreen|HMI_Common.Fragments.MainOverlay.HomeScreenFragment: MBUX App Method: OnCreateView |Line No: 95 |Log Type: Critical |Message: HomeScreenFragment OnCreateView Called for item : RSEBrowserApps
01-01 00:59:48.019  1519  1519 I HomeScreen|HMI_Common.Fragments.MainOverlay.HomeScreenFragment: MBUX App Method: OnCreateView |Line No: 250 |Log Type: Information |Message: HomeScreenFragment OnCreateView finished for item : RSEBrowserApps
01-01 00:59:48.019  1519  1519 I HomeScreen|HMI_Common.Fragments.MainOverlay.HomeScreenFragment: MBUX App Method: OnViewCreated |Line No: 532 |Log Type: Information |Message: HomeScreenFragment OnViewCreated called for item : RSEBrowserApps
01-01 00:59:48.027  1519  1519 I HomeScreen|HMI_Common.Fragments.MainOverlay.HomeScreenFragment: MBUX App Method: SetAppropriateImageResources |Line No: 921 |Log Type: Information |Message: SetAppropriateImageResources _receivedItems: Comfort browserstate: True
01-01 00:59:48.027  1519  1519 I HomeScreen|HMI_Common.Fragments.MainOverlay.HomeScreenFragment: MBUX App Method: OnCreateView |Line No: 95 |Log Type: Critical |Message: HomeScreenFragment OnCreateView Called for item : Comfort
01-01 00:59:48.029  1519  1519 I HomeScreen|HMI_Common.Fragments.MainOverlay.HomeScreenFragment: MBUX App Method: OnCreateView |Line No: 250 |Log Type: Information |Message: HomeScreenFragment OnCreateView finished for item : Comfort
01-01 00:59:48.030  1519  1519 I HomeScreen|HMI_Common.Fragments.MainOverlay.HomeScreenFragment: MBUX App Method: OnViewCreated |Line No: 532 |Log Type: Information |Message: HomeScreenFragment OnViewCreated called for item : Comfort
01-01 00:59:48.036  1519  1519 I HomeScreen|HMI_Common.Fragments.MainOverlay.HomeScreenFragment: MBUX App Method: SetAppropriateImageResources |Line No: 921 |Log Type: Information |Message: SetAppropriateImageResources _receivedItems: Media browserstate: True
01-01 00:59:48.037  1519  1519 I HomeScreen|HMI_Common.HMIBackend.CommonControlsBackend.BaseScreenBackend: MBUX App Method: IsAppKeepAliveSuccess |Line No: 775 |Log Type: Critical |Message: App Authentication Status : Checking keep alive status for : Player & status : True
01-01 00:59:48.037  1519  1519 I HomeScreen|HMI_Common.Fragments.MainOverlay.HomeScreenFragment: MBUX App Method: SetMediaImageAsPerDrive |Line No: 1604 |Log Type: Information |Message: Home Screen SetMediaImageAsPerDrive : 
01-01 00:59:48.037  1519  1519 I HomeScreen|HMI_Common.Fragments.MainOverlay.HomeScreenFragment: MBUX App Method: OnCreateView |Line No: 95 |Log Type: Critical |Message: HomeScreenFragment OnCreateView Called for item : Media
01-01 00:59:48.037  1519  1519 I HomeScreen|HMI_Common.Fragments.MainOverlay.HomeScreenFragment: MBUX App Method: SetMediaImageAsPerDrive |Line No: 1604 |Log Type: Information |Message: Home Screen SetMediaImageAsPerDrive : 
01-01 00:59:48.038  1519  1519 I HomeScreen|HMI_Common.HMIBackend.CommonControlsBackend.BaseScreenBackend: MBUX App Method: IsTVCurrentSourcePlayedForMedia |Line No: 986 |Log Type: Information |Message: Basescreen backend IsTVCurrentSourcePlayedForMedia isTVPrevious : False
01-01 00:59:48.038  1519  1519 I HomeScreen|HMI_Common.Activities.MainOverlayActivity: MBUX App Method: IsTVSourceToBeHandled |Line No: 1649 |Log Type: Information |Message: IsTVSourceToBeHandled, IsPlayerCurrentStreamingSource() : False & IsTVPreviousStreamingSource() : False, RseMediaApplication.Instance.CurrentStreamingSource = Unknown, RseMediaApplication.Instance.PreviousStreamingSource = Unknown
01-01 00:59:48.038  1519  1519 I HomeScreen|HMI_Common.HMIBackend.CommonControlsBackend.BaseScreenBackend: MBUX App Method: IsTVCurrentSourcePlayedForMedia |Line No: 986 |Log Type: Information |Message: Basescreen backend IsTVCurrentSourcePlayedForMedia isTVPrevious : False
01-01 00:59:48.041  1519  1519 I HomeScreen|HMI_Common.Fragments.MainOverlay.HomeScreenFragment: MBUX App Method: OnCreateView |Line No: 250 |Log Type: Information |Message: HomeScreenFragment OnCreateView finished for item : Media
01-01 00:59:48.041  1519  1519 I HomeScreen|HMI_Common.Fragments.MainOverlay.HomeScreenFragment: MBUX App Method: OnViewCreated |Line No: 532 |Log Type: Information |Message: HomeScreenFragment OnViewCreated called for item : Media
01-01 00:59:48.049  1519  1519 I HomeScreen|HMI_Common.Fragments.MainOverlay.HomeScreenFragment: MBUX App Method: SetAppropriateImageResources |Line No: 921 |Log Type: Information |Message: SetAppropriateImageResources _receivedItems: Radio browserstate: True
01-01 00:59:48.049  1519  1519 I HomeScreen|HMI_Common.HMIBackend.CommonControlsBackend.BaseScreenBackend: MBUX App Method: IsAppKeepAliveSuccess |Line No: 775 |Log Type: Critical |Message: App Authentication Status : Checking keep alive status for : Tuner & status : True
01-01 00:59:48.049  1519  1519 I HomeScreen|HMI_Common.Fragments.MainOverlay.HomeScreenFragment: MBUX App Method: OnCreateView |Line No: 95 |Log Type: Critical |Message: HomeScreenFragment OnCreateView Called for item : Radio
01-01 00:59:48.050  1519  1519 I HomeScreen|HMI_Common.Fragments.MainOverlay.HomeScreenFragment: MBUX App Method: DisplayInitTunerView |Line No: 445 |Log Type: Information |Message: Homescreenfragment DisplayInitTunerView : isForBTPlayPause : False
01-01 00:59:48.052  1519  1519 I HomeScreen|HMI_Common.Fragments.MainOverlay.HomeScreenFragment: MBUX App Method: OnCreateView |Line No: 250 |Log Type: Information |Message: HomeScreenFragment OnCreateView finished for item : Radio
01-01 00:59:48.053  1519  1519 I HomeScreen|HMI_Common.Fragments.MainOverlay.HomeScreenFragment: MBUX App Method: OnViewCreated |Line No: 532 |Log Type: Information |Message: HomeScreenFragment OnViewCreated called for item : Radio
01-01 00:59:48.057  1151  2229 D WindowManager: relayout packageName=com.daimler.rse.ntg6::session=Session{6485514 1519:u0a10027}::window=android.view.IWindow$Stub$Proxy@5e8efc0::attrs.flags=81810500
01-01 00:59:48.057  1151  2229 D WindowManager: relayout >>> FLAG_FULLSCREEN set in WindowManager.LayoutParams
01-01 00:59:48.057  1151  2229 D WindowManager: startStatusReceiverServiceOnFlagSet: creating intent for action ACTION_ACTIVITY_FULLSCREEN
01-01 00:59:48.057  1151  2229 W ContextImpl: Calling a method in the system process without a qualified user: android.app.ContextImpl.startService:1476 com.android.server.wm.Session.startStatusReceiverServiceOnFlagSet:762 com.android.server.wm.Session.relayout:273 android.view.IWindowSession$Stub.onTransact:286 com.android.server.wm.Session.onTransact:166 
01-01 00:59:48.058  1151  2229 D CompatibilityInfo: mCompatibilityFlags - 4
01-01 00:59:48.058  1151  2229 D CompatibilityInfo: applicationDensity - 240
01-01 00:59:48.058  1151  2229 D CompatibilityInfo: applicationScale - 1.0
01-01 00:59:48.058  1151  2229 D WindowManager: startStatusReceiverServiceOnFlagSet: startService done
01-01 00:59:48.062   528   528 D SurfaceFlinger: duplicate layer name: changing com.daimler.rse.ntg6/md59d95dbab71941e137ef724fbceda5f0e.MainOverlayActivity to com.daimler.rse.ntg6/md59d95dbab71941e137ef724fbceda5f0e.MainOverlayActivity#1
01-01 00:59:48.063  1392  1392 W SYSTEM_UI: SWR_SYSTEM_UI_007|FUN=CollapsedStatusBarFragment::getAction |1|Broadcast action --> STATUS_UPDATE_ACTION
01-01 00:59:48.063  1392  1392 W SYSTEM_UI: SWR_SYSTEM_UI_007|FUN=CollapsedStatusBarFragment::getIntExtra |1|NotifySystemUpdates dataType --> 101
01-01 00:59:48.063  1392  1392 W SYSTEM_UI - CI07.3: className -> CollapsedStatusBarFragment | functionName -> NotifySystemUpdates | onReceive -->  | value -> FULLSCREEN MODE CHANGED | isFullScreenStatus --> true | fullScreenPackage -->com.daimler.rse.ntg6 | fullscreenLastShownPackage -->null | topActivityPackage --> com.daimler.rse.ntg6
01-01 00:59:48.063  1392  1392 W SYSTEM_UI - CI07.3: className -> CollapsedStatusBarFragment | functionName -> NotifySystemUpdates | onReceive -->  | value -> Fullscreen mode changed --> path 1
01-01 00:59:48.064  1392  1392 W SYSTEM_UI - CI07.3: className -> CollapsedStatusBarFragment | functionName -> NotifySystemUpdates | onReceive -->  | value -> Fullscreen mode changed --> path 3
01-01 00:59:48.078  1519  1519 I HomeScreen|HMI_Common.Fragments.MainOverlay.HomeScreenFragment: MBUX App Method: SetAppropriateImageResources |Line No: 921 |Log Type: Information |Message: SetAppropriateImageResources _receivedItems: AppExit browserstate: True
01-01 00:59:48.078  1519  1519 I HomeScreen|HMI_Common.Fragments.MainOverlay.HomeScreenFragment: MBUX App Method: SetAppropriateImageResources |Line No: 921 |Log Type: Information |Message: SetAppropriateImageResources _receivedItems: Settings browserstate: True
01-01 00:59:48.102  1392  1896 D CommandQueue: animate_trace: appTransitionStarting; duration=0;hardcoded forced=false to false
01-01 00:59:48.105  1392  1896 D CommandQueue: animate_trace: appTransitionFinished
01-01 00:59:48.108  1151  1192 I ActivityManager: Displayed com.daimler.rse.ntg6/md59d95dbab71941e137ef724fbceda5f0e.MainOverlayActivity: +256ms
01-01 00:59:48.111  1151  1192 E ANDR-PERF-JNI: Iop tryGetService failed
01-01 00:59:48.112  1151  8140 D WindowManager: relayout packageName=com.daimler.rse.ntg6::session=Session{6485514 1519:u0a10027}::window=android.view.IWindow$Stub$Proxy@586aa9f::attrs.flags=null
01-01 00:59:48.113  1151  8140 D WindowManager: relayout >>> FLAG_FULLSCREEN not set in WindowManager.LayoutParams
01-01 00:59:48.113  1151  8140 D WindowManager: startStatusReceiverServiceOnFlagSet: creating intent for action ACTION_ACTIVITY_FULLSCREEN
01-01 00:59:48.113  1151  8140 W ContextImpl: Calling a method in the system process without a qualified user: android.app.ContextImpl.startService:1476 com.android.server.wm.Session.startStatusReceiverServiceOnFlagSet:762 com.android.server.wm.Session.relayout:276 android.view.IWindowSession$Stub.onTransact:286 com.android.server.wm.Session.onTransact:166 
01-01 00:59:48.116  1151  8140 D CompatibilityInfo: mCompatibilityFlags - 4
01-01 00:59:48.116  1151  8140 D CompatibilityInfo: applicationDensity - 240
01-01 00:59:48.116  1151  8140 D CompatibilityInfo: applicationScale - 1.0
01-01 00:59:48.117  1151  8140 D WindowManager: startStatusReceiverServiceOnFlagSet: startService done
01-01 00:59:48.119  1392  1392 W SYSTEM_UI: SWR_SYSTEM_UI_007|FUN=CollapsedStatusBarFragment::getAction |1|Broadcast action --> STATUS_UPDATE_ACTION
01-01 00:59:48.119  1392  1392 W SYSTEM_UI: SWR_SYSTEM_UI_007|FUN=CollapsedStatusBarFragment::getIntExtra |1|NotifySystemUpdates dataType --> 101
01-01 00:59:48.119  1392  1392 W SYSTEM_UI - CI07.3: className -> CollapsedStatusBarFragment | functionName -> NotifySystemUpdates | onReceive -->  | value -> FULLSCREEN MODE CHANGED | isFullScreenStatus --> false | fullScreenPackage -->com.daimler.rse.ntg6 | fullscreenLastShownPackage -->null | topActivityPackage --> com.daimler.rse.ntg6
01-01 00:59:48.119  1392  1392 W SYSTEM_UI - CI07.3: className -> CollapsedStatusBarFragment | functionName -> NotifySystemUpdates | onReceive -->  | value -> Fullscreen mode changed --> path 5
01-01 00:59:48.124  1151  8140 D WindowManager: relayout packageName=com.daimler.rse.ntg6::session=Session{6485514 1519:u0a10027}::window=android.view.IWindow$Stub$Proxy@159b7b5::attrs.flags=null
01-01 00:59:48.124  1151  8140 D WindowManager: relayout >>> FLAG_FULLSCREEN not set in WindowManager.LayoutParams
01-01 00:59:48.124  1151  8140 D WindowManager: startStatusReceiverServiceOnFlagSet: creating intent for action ACTION_ACTIVITY_FULLSCREEN
01-01 00:59:48.125  1151  8140 W ContextImpl: Calling a method in the system process without a qualified user: android.app.ContextImpl.startService:1476 com.android.server.wm.Session.startStatusReceiverServiceOnFlagSet:762 com.android.server.wm.Session.relayout:276 android.view.IWindowSession$Stub.onTransact:286 com.android.server.wm.Session.onTransact:166 
01-01 00:59:48.127  1151  8140 D CompatibilityInfo: mCompatibilityFlags - 4
01-01 00:59:48.128  1151  8140 D CompatibilityInfo: applicationDensity - 240
01-01 00:59:48.128  1151  8140 D CompatibilityInfo: applicationScale - 1.0
01-01 00:59:48.129  1151  8140 D WindowManager: startStatusReceiverServiceOnFlagSet: startService done
01-01 00:59:48.131  1392  1392 W SYSTEM_UI: SWR_SYSTEM_UI_007|FUN=CollapsedStatusBarFragment::getAction |1|Broadcast action --> STATUS_UPDATE_ACTION
01-01 00:59:48.131  1392  1392 W SYSTEM_UI: SWR_SYSTEM_UI_007|FUN=CollapsedStatusBarFragment::getIntExtra |1|NotifySystemUpdates dataType --> 101
01-01 00:59:48.131  1392  1392 W SYSTEM_UI - CI07.3: className -> CollapsedStatusBarFragment | functionName -> NotifySystemUpdates | onReceive -->  | value -> FULLSCREEN MODE CHANGED | isFullScreenStatus --> false | fullScreenPackage -->com.daimler.rse.ntg6 | fullscreenLastShownPackage -->null | topActivityPackage --> com.daimler.rse.ntg6
01-01 00:59:48.131  1392  1392 W SYSTEM_UI - CI07.3: className -> CollapsedStatusBarFragment | functionName -> NotifySystemUpdates | onReceive -->  | value -> Fullscreen mode changed --> path 5
01-01 00:59:48.137  1151  2229 D ActivityTrigger: ActivityTrigger activityStopTrigger 
01-01 00:59:48.139  1519  1519 V Activity: back_button: onSaveInstanceState entry:com.daimler.rse.ntg6.StartUpActivity@6d639f8
01-01 00:59:48.139  1519  1519 V Activity: onSaveInstanceState com.daimler.rse.ntg6.StartUpActivity@6d639f8: Bundle[{android:viewHierarchyState=Bundle[{android:views={16908290=android.view.AbsSavedState$1@4f57e89, 2131296938=android.view.AbsSavedState$1@4f57e89, 2131296939=android.view.AbsSavedState$1@4f57e89, 2131296940=android.view.AbsSavedState$1@4f57e89, 2131296941=android.view.AbsSavedState$1@4f57e89, 2131296942=android.view.AbsSavedState$1@4f57e89, 2131296943=android.view.AbsSavedState$1@4f57e89, 2131297551=android.view.AbsSavedState$1@4f57e89}}], android:lastAutofillId=1073741823, android:fragments=android.app.FragmentManagerState@e75d3e6}]
01-01 00:59:48.140  1519  1519 I Connectivity|HMI_Common.Activities.StartUpActivity: MBUX App Method: OnStop |Line No: 235 |Log Type: Information |Message: StartUpActivity OnStop
01-01 00:59:48.140  1519  1519 V Activity: onStop com.daimler.rse.ntg6.StartUpActivity@6d639f8
01-01 00:59:48.142  1519  1519 I HomeScreen|HMI_Common.Activities.MainOverlayActivity: MBUX App Method: OnStop |Line No: 345 |Log Type: Information |Message: OnStop() BaseActivity
01-01 00:59:48.142  1519  1519 V Activity: onStop md59d95dbab71941e137ef724fbceda5f0e.MainOverlayActivity@77e441b
01-01 00:59:48.143  1519  1519 V Activity: onDestroy md59d95dbab71941e137ef724fbceda5f0e.MainOverlayActivity@77e441b
01-01 00:59:48.146  1519  1519 I TelephonyRse|HMI_Common.HMIBackend.Telephony.TelephonyBackend: MBUX App Method: UnSubscribeBtEvents |Line No: 51 |Log Type: Information |Message: UnSubscribing bluetooth events.
01-01 00:59:48.146  1519  1519 I Connectivity|HMI_Common.Activities.MainOverlayActivity: MBUX App Method: DeRegisterEntertainmentSharingEvents |Line No: 487 |Log Type: Critical |Message: OnDestroy:  for MainOverlayActivity...UN-registering for EntertainmentBackendEvents!!
01-01 00:59:48.147  1519  1519 I AudioManagement|HMI_Common.Activities.MainOverlayActivity: MBUX App Method: SubscribeEntertainmentSharingEvent |Line No: 31 |Log Type: Critical |Message: SetEntertainmentLister: False RegisterEntertainmentSharingEvents for ComponentInfo{com.daimler.rse.ntg6/md59d95dbab71941e137ef724fbceda5f0e.MainOverlayActivity}
01-01 00:59:48.147  1519  1519 I HomeScreen|HMI_Common.HMIBackend.CommonControlsBackend.BaseScreenBackend: MBUX App Method: IsAppKeepAliveSuccess |Line No: 775 |Log Type: Critical |Message: App Authentication Status : Checking keep alive status for : Player & status : True
01-01 00:59:48.147  1519  1519 I HomeScreen|HMI_Common.HMIBackend.CommonControlsBackend.BaseScreenBackend: MBUX App Method: IsAppKeepAliveSuccess |Line No: 775 |Log Type: Critical |Message: App Authentication Status : Checking keep alive status for : Tuner & status : True
01-01 00:59:48.147  1519  1519 I BaseScreen|HMI_Common.Activities.MainOverlayActivity: MBUX App Method: GetHMI2LaunchedFlag |Line No: 1231 |Log Type: Critical |Message: UpdateSharedPrefForRseRebooted() called
01-01 00:59:48.147  1519  1519 I HomeScreen|HMI_Common.Activities.MainOverlayActivity: MBUX App Method: RemoveScreenOnOffEvents |Line No: 1909 |Log Type: Critical |Message: RemoveScreenOnOffEvents called : HMI2 Launched : False
01-01 00:59:48.149  1519  1519 I BaseScreen|HMI_Common.HMIBackend.VolumeControl.VolumeControlBackend: MBUX App Method: UnsubscribePanaVolumeControlEvents |Line No: 98 |Log Type: Critical |Message: VolumeControlBackend UnsubscribePanaVolumeControlEvents() Called
01-01 00:59:48.149  1519  1519 I VolumeControl|HMI_Common.HMIBackend.VolumeControl.VolumeControlBackend: MBUX App Method: RemoveCacheProperties |Line No: 171 |Log Type: Critical |Message: VolumeControlBackend RemoveCacheProperties() called - _volumeControlApplication = 
01-01 00:59:48.149  1519  1519 I BaseScreen|HMI_Common.HMIBackend.CommonControlsBackend.BaseScreenBackend: MBUX App Method: UnsubscribeCabinAudioEvents |Line No: 98 |Log Type: Information |Message: UnsubscribeCabinAudioEvents
01-01 00:59:48.149  1519  1519 I BaseScreen|HMI_Common.Activities.MainOverlayActivity: MBUX App Method: Dispose |Line No: 1095 |Log Type: Critical |Message: Disposing basescreen views. Disposing value: True
01-01 00:59:48.266   729   748 I sssv-lib: sendMsg enter
01-01 00:59:48.266   729   748 I sssv-lib: sendMsg complete.
01-01 00:59:48.788     1   452 I init    : Uptime: 03584.924966 LocalTime: 01-01 00:59:48.788
01-01 00:59:48.863  3675 18432 D UIAutomatorStub: URI: /jsonrpc/0, Method: POST, Header: {content-length=176, remote-addr=127.0.0.1, http-client-ip=127.0.0.1, host=localhost:9009, content-type=application/json, connection=close, accept-encoding=identity, user-agent=Python-urllib/2.7}, params, {NanoHttpd.QUERY_STRING=null}, files: {postData={"params": [{"childOrSiblingSelector": [], "text": "Settings", "mask": 1, "childOrSibling": []}], "jsonrpc": "2.0", "method": "exist", "id": "29a2f6876b59490e49ca90f3eccaf3de"}}
01-01 00:59:48.896  3675 18433 D UIAutomatorStub: URI: /jsonrpc/0, Method: POST, Header: {content-length=176, remote-addr=127.0.0.1, http-client-ip=127.0.0.1, host=localhost:9009, content-type=application/json, connection=close, accept-encoding=identity, user-agent=Python-urllib/2.7}, params, {NanoHttpd.QUERY_STRING=null}, files: {postData={"params": [{"childOrSiblingSelector": [], "text": "Settings", "mask": 1, "childOrSibling": []}], "jsonrpc": "2.0", "method": "click", "id": "86ab74c4a2c5875e022da20ba4b41b89"}}
01-01 00:59:48.931  1519  1519 I BaseScreen|HMI_Common.Activities.MainOverlayActivity: MBUX App Method: UpdateHMI2LaunchedFlag |Line No: 1222 |Log Type: Critical |Message: UpdateHMI2LaunchedFlag() called isLaunched = False
01-01 00:59:48.931  1519  1519 I BaseScreen|HMI_Common.HMIBackend.SharedPreferences.SharedPrefBackend: MBUX App Method: UpdateHMI2LaunchedFlag |Line No: 93 |Log Type: Critical |Message: UpdateHMI2LaunchedFlag called isLaunched = False
01-01 00:59:48.932  1519  1519 I HomeScreen|HMI_Common.Activities.MainOverlayActivity: MBUX App Method: HandleMainItemClickedEvent |Line No: 682 |Log Type: Critical |Message: Homescreen... HandleMainItemClickedEvent for : Settings, Position : 6 & isActive : True
01-01 00:59:48.933  1519  1519 I HomeScreen|HMI_Common.CustomComponents.MainOverlay.Adapters.OverlayItemAdapter: MBUX App Method: EnableFocusForAppropriateItem |Line No: 107 |Log Type: Information |Message: MainOverLayActivity, EnableFocusForAppropriateItem called for item : Settings, Call Trace :   at HMI_Common.CustomComponents.MainOverlay.Adapters.OverlayItemAdapter.EnableFocusForAppropriateItem (HMI_Common.CustomComponents.MainOverlay.Adapters.MainOverlayItems appropriateItem) [0x00000] in <f8fa5baf696a40f0aba99447f8842d83>:0 
01-01 00:59:48.933  1519  1519 I HomeScreen|HMI_Common.CustomComponents.MainOverlay.Adapters.OverlayItemAdapter:   at HMI_Common.Activities.MainOverlayActivity.HandleMainItemClickedEvent (HMI_Common.CustomComponents.MainOverlay.Adapters.MainOverlayItems items, System.Int32 position, System.Boolean isActive) [0x00000] in <f8fa5baf696a40f0aba99447f8842d83>:0 
01-01 00:59:48.933  1519  1519 I HomeScreen|HMI_Common.CustomComponents.MainOverlay.Adapters.OverlayItemAdapter:   at HMI_Common.Activities.MainOverlayActivity.HMI_Common.Fragments.MainOverlay.HomeScreenFragment.IInteractionListener.OnMainIconClicked (HMI_Common.CustomComponents.MainOverlay.Adapters.MainOverlayItems items, System.Int32 position, System.Boolean isActive) [0x00000] in <f8fa5baf696a40f0aba99447f8842d83>:0 
01-01 00:59:48.933  1519  1519 I HomeScreen|HMI_Common.CustomComponents.MainOverlay.Adapters.OverlayItemAdapter:   at HMI_Common.Fragments.MainOverlay.HomeScreenFragment.OnClicked (System.Object sender, System.EventArgs e) [0x00000] in <f8fa5baf696a40f0aba99447f8842d83>:0 
01-01 00:59:48.933  1519  1519 I HomeScreen|HMI_Common.CustomComponents.MainOverlay.Adapters.OverlayItemAdapter:   at Android.Views.View+IOnClickListenerImplementor.OnClick (Android.Views.View v) [0x00000] in <a978e35ae19444089185d9470330e432>:0 
01-01 00:59:48.933  1519  1519 I HomeScreen|HMI_Common.CustomComponents.MainOverlay.Adapters.OverlayItemAdapter:   at Android.Views.View+IOnClickListenerInvoker.n_OnClick_Landroid_view_View_ (System.IntPtr jnienv, System.IntPtr native__this, System.IntPtr native_v) [0x00000] in <a978e35ae19444089185d9470330e432>:0 
01-01 00:59:48.933  1519  1519 I HomeScreen|HMI_Common.CustomComponents.MainOverlay.Adapters.OverlayItemAdapter:   at Android.Runtime.DynamicMethodNameCounter.24 (System.IntPtr , System.IntPtr , System.IntPtr ) [0x00000] in <a978e35ae19444089185d9470330e432>:0 
01-01 00:59:48.933  1519  1519 I HomeScreen|HMI_Common.Activities.MainOverlayActivity: MBUX App Method: HandleMainItemClickedEvent |Line No: 762 |Log Type: Information |Message: Homescreen...Settings launched TA_HOMESCREEN_SETTINGS_LAUNCHED_
01-01 00:59:48.935  1151  2229 I ActivityManager: START u0 {flg=0x4000000 cmp=com.daimler.rse.ntg6/md59d95dbab71941e137ef724fbceda5f0e.SettingsBaseActivity} from uid 10027
01-01 00:59:48.937   635   635 E ANDR-PERF-TARGET: Error: Invalid logical cluster id 0
01-01 00:59:48.937   635   635 E ANDR-PERF-MPCTL: invalid request, no optimizations performed
01-01 00:59:48.940  1151  2229 D ActivityTrigger: activityStartTrigger: Activity is Triggerred in full screen ApplicationInfo{4ed449e com.daimler.rse.ntg6}
01-01 00:59:48.940  1151  2229 E ActivityTrigger: activityStartTrigger: not whiteListedcom.daimler.rse.ntg6/md59d95dbab71941e137ef724fbceda5f0e.SettingsBaseActivity/5
01-01 00:59:48.940  1151  2229 D CompatibilityInfo: mCompatibilityFlags - 4
01-01 00:59:48.940  1151  2229 D CompatibilityInfo: applicationDensity - 240
01-01 00:59:48.940  1151  2229 D CompatibilityInfo: applicationScale - 1.0
01-01 00:59:48.940  1151  2229 D ActivityTrigger: activityResumeTrigger: The activity in ApplicationInfo{4ed449e com.daimler.rse.ntg6} is now in focus and seems to be in full-screen mode
01-01 00:59:48.941  1151  2229 E ActivityTrigger: activityResumeTrigger: not whiteListedcom.daimler.rse.ntg6/md59d95dbab71941e137ef724fbceda5f0e.SettingsBaseActivity/5
01-01 00:59:48.941  1151  2229 D ActivityTrigger: ActivityTrigger activityPauseTrigger 
01-01 00:59:48.947  1519  1519 V Activity: onPause md59d95dbab71941e137ef724fbceda5f0e.MainOverlayActivity@f8a628f
01-01 00:59:48.951  1151  2233 D ActivityTrigger: activityResumeTrigger: The activity in ApplicationInfo{4ed449e com.daimler.rse.ntg6} is now in focus and seems to be in full-screen mode
01-01 00:59:48.951  1151  2233 E ActivityTrigger: activityResumeTrigger: not whiteListedcom.daimler.rse.ntg6/md59d95dbab71941e137ef724fbceda5f0e.SettingsBaseActivity/5
01-01 00:59:48.952  1151  2233 D CompatibilityInfo: mCompatibilityFlags - 4
01-01 00:59:48.952  1151  2233 D CompatibilityInfo: applicationDensity - 240
01-01 00:59:48.952  1151  2233 D CompatibilityInfo: applicationScale - 1.0
01-01 00:59:48.963  1519  1519 V Activity: onCreate md59d95dbab71941e137ef724fbceda5f0e.SettingsBaseActivity@f3de17d: null
01-01 00:59:48.965  1519  1519 I HomeScreen|HMI_Common.Activities.SettingsBaseActivity: MBUX App Method: OnCreate |Line No: 105 |Log Type: Critical |Message: Device Language : en_GB
01-01 00:59:48.965  1519  1519 I HomeScreen|HMI_Common.Activities.SettingsBaseActivity: MBUX App Method: OnCreate |Line No: 106 |Log Type: Critical |Message: LanguageEnglish
01-01 00:59:48.965  1519  1519 I HomeScreen|HMI_Common.Activities.SettingsBaseActivity: MBUX App Method: OnCreate |Line No: 117 |Log Type: Critical |Message: App-theme successfully changed to AppTheme
01-01 00:59:48.965  1519  1519 I HomeScreen|HMI_Common.Activities.SettingsBaseActivity: MBUX App Method: OnCreate |Line No: 121 |Log Type: Critical |Message: Base Activity onCreate Called
01-01 00:59:48.993  1519  1519 I BaseScreen|HMI_Common.Activities.SettingsBaseActivity: MBUX App Method: UpdateHMI2LaunchedFlag |Line No: 1222 |Log Type: Critical |Message: UpdateHMI2LaunchedFlag() called isLaunched = False
01-01 00:59:48.993  1519  1519 I BaseScreen|HMI_Common.HMIBackend.SharedPreferences.SharedPrefBackend: MBUX App Method: UpdateHMI2LaunchedFlag |Line No: 93 |Log Type: Critical |Message: UpdateHMI2LaunchedFlag called isLaunched = False
01-01 00:59:49.002  1519  1519 I BaseScreen|HMI_Common.Activities.SettingsBaseActivity: MBUX App Method: LastStoredMediaVolume |Line No: 1198 |Log Type: Critical |Message: LastStoredMediaVolume() called
01-01 00:59:49.003  1519  1519 I BaseScreen|HMI_Common.Activities.SettingsBaseActivity: MBUX App Method: IsRseRebooted |Line No: 1190 |Log Type: Critical |Message: IsRseRebooted() called
01-01 00:59:49.004  1519  1519 I VolumeControl|HMI_Common.Activities.SettingsBaseActivity: MBUX App Method: initBtHeadsetSeekbarProgress |Line No: 292 |Log Type: Information |Message: VolumeControl initBtHeadsetSeekbarProgress() called,  MediaMaxVolume = 15 currentMediaVolume = 0 isRseRebooted = False comfortMinLevel = 0 comfortMaxLevel = 0
01-01 00:59:49.004  1519  1519 I VolumeControl|HMI_Common.Activities.SettingsBaseActivity: MBUX App Method: intializeVolumeLevel |Line No: 337 |Log Type: Information |Message: VolumeControl intializeVolumeLevel() called, isDemoMode == True
01-01 00:59:49.008  1519  1519 I HomeScreen|HMI_Common.Activities.SettingsBaseActivity: MBUX App Method: HandleClimateControlsVisibility |Line No: 324 |Log Type: Information |Message: md59d95dbab71941e137ef724fbceda5f0e.SettingsBaseActivity@f3de17d BaseActivity.statusLine HandleClimateControlsVisibility isViewVisible : True
01-01 00:59:49.011  1519  1519 I Main|HMI_Common.Activities.SettingsBaseActivity: MBUX App Method: OnCreate |Line No: 35 |Log Type: Information |Message: language clickedFalse
01-01 00:59:49.011  1519  1519 I HomeScreen|HMI_Common.Activities.SettingsBaseActivity: MBUX App Method: HandleClimateControlsVisibility |Line No: 324 |Log Type: Information |Message: md59d95dbab71941e137ef724fbceda5f0e.SettingsBaseActivity@f3de17d BaseActivity.statusLine HandleClimateControlsVisibility isViewVisible : False
01-01 00:59:49.012  1519  1519 I Main|HMI_Common.Activities.SettingsBaseActivity: MBUX App Method: cleareBackstacks |Line No: 67 |Log Type: Information |Message: count : 0
01-01 00:59:49.014  1519  1519 I HomeScreen|HMI_Common.Activities.SettingsBaseActivity: MBUX App Method: OnStart |Line No: 338 |Log Type: Information |Message: OnStart() BaseActivity
01-01 00:59:49.014  1519  1519 V Activity: onStart md59d95dbab71941e137ef724fbceda5f0e.SettingsBaseActivity@f3de17d
01-01 00:59:49.030  1519  1519 I Main|HMI_Common.Fragments.SettingsFragments.SettingsBaseFragment: MBUX App Method: setTextForResetPopUp |Line No: 599 |Log Type: Information |Message: reset values : 3-2
01-01 00:59:49.031  1519  1519 I Main|HMI_Common.Fragments.SettingsFragments.SettingsBaseFragment: MBUX App Method: OnCreateView |Line No: 71 |Log Type: Information |Message: _islanguagechanged: False
01-01 00:59:49.035  1519  1519 I HomeScreen|HMI_Common.Activities.SettingsBaseActivity: MBUX App Method: HandleClimateControlsVisibility |Line No: 324 |Log Type: Information |Message: md59d95dbab71941e137ef724fbceda5f0e.SettingsBaseActivity@f3de17d BaseActivity.statusLine HandleClimateControlsVisibility isViewVisible : False
01-01 00:59:49.035  1519  1519 I Media|HMI_Common.Activities.SettingsBaseActivity: MBUX App Method: HandleVisibilityForStatusLine |Line No: 496 |Log Type: Information |Message: BaseActivity, HandleVisibilityForStatusLine visibility : True Activity Name:md59d95dbab71941e137ef724fbceda5f0e.SettingsBaseActivity@f3de17d
01-01 00:59:49.037  1519  1519 V Activity: onResume md59d95dbab71941e137ef724fbceda5f0e.SettingsBaseActivity@f3de17d
01-01 00:59:49.039  1151  8140 D CompatibilityInfo: mCompatibilityFlags - 4
01-01 00:59:49.039  1151  8140 D CompatibilityInfo: applicationDensity - 240
01-01 00:59:49.039  1151  8140 D CompatibilityInfo: applicationScale - 1.0
01-01 00:59:49.040  1519  1519 D Activity: onStart: startService done
01-01 00:59:49.040  1519  1519 I HomeScreen|HMI_Common.Activities.SettingsBaseActivity: MBUX App Method: OnResume |Line No: 240 |Log Type: Information |Message: BaseActivity OnResume called
01-01 00:59:49.042  1519  1519 I VolumeControl|HMI_Common.HMIBackend.VolumeControl.VolumeControlBackend: MBUX App Method: GetEntertainmentVolumeGroupStatus |Line No: 215 |Log Type: Critical |Message: VolumeControlBackend GetEntertainmentVolumeGroupStatus() called VolumeControlApplication Instance ==  
01-01 00:59:49.042  1519  1519 I VolumeControl|HMI_Common.HMIBackend.VolumeControl.VolumeControlBackend: MBUX App Method: GetEntertainmentVolumeGroupStatus |Line No: 220 |Log Type: Critical |Message: VolumeControlBackend GetEntertainmentVolumeGroupStatus() ::: VolumeControlApplication Instance is Null - Volume Control Functionality will not work!!!!!!!
01-01 00:59:49.042  1519  1519 I VolumeControl|HMI_Common.Activities.SettingsBaseActivity: MBUX App Method: GetCurrentForegroundVolumeGroup |Line No: 1377 |Log Type: Critical |Message: VolumeControl GetCurrentForegroundVolumeGroup Called : VolumeControlBackend Instance = HMI_Common.HMIBackend.VolumeControl.VolumeControlBackend isEntertainmentInForeground = False
01-01 00:59:49.042  1519  1519 I BaseScreen|HMI_Common.Activities.SettingsBaseActivity: MBUX App Method: EnableAppropriateView |Line No: 810 |Log Type: Information |Message: BaseActivity EnableAppropriateView() Called  isViewEnabled = True desiredView = android.widget.ImageView{ab32cf5 VFED..C.. ......I. 0,0-0,0 #7f090561 app:id/VolumePanelImageView}
01-01 00:59:49.042  1519  1519 I VolumeControl|HMI_Common.Activities.SettingsBaseActivity: MBUX App Method: HandleSendToCabinAudioVisibility |Line No: 451 |Log Type: Information |Message: VolumeControl HandleSendToCabinAudioVisibility() Called
01-01 00:59:49.042  1519  1519 I VolumeControl|HMI_Common.Activities.SettingsBaseActivity: MBUX App Method: HandleSendToCabinAudioVisibility |Line No: 458 |Log Type: Information |Message: VolumeControl HandleSendToCabinAudioVisibility() isPlayerCurrentStreamingSource = False
01-01 00:59:49.042  1519  1519 I HomeScreen|HMI_Common.Activities.SettingsBaseActivity: MBUX App Method: HandleSendToCabinAudioVisibility |Line No: 479 |Log Type: Information |Message: VolumeControl handleSendToCabinAudioVisibility:TV or Tuner ready
01-01 00:59:49.043  1519  1519 I VolumeControl|HMI_Common.Activities.SettingsBaseActivity: MBUX App Method: UpdateSendToCabinAudioIcon |Line No: 206 |Log Type: Critical |Message: VolumeControl InitializeSendToCabinAudioFalse
01-01 00:59:49.045  1519  1519 I VolumeControl|HMI_Common.HMIBackend.VolumeControl.VolumeControlBackend: MBUX App Method: GetMuteStates |Line No: 194 |Log Type: Critical |Message: VolumeControlBackend GetMuteStates() called CabinAudioMuteStatus == False
01-01 00:59:49.045  1392  1392 W SYSTEM_UI: SWR_SYSTEM_UI_007|FUN=CollapsedStatusBarFragment::getAction |1|Broadcast action --> STATUS_UPDATE_ACTION
01-01 00:59:49.045  1392  1392 W SYSTEM_UI: SWR_SYSTEM_UI_007|FUN=CollapsedStatusBarFragment::getIntExtra |1|NotifySystemUpdates dataType --> 100
01-01 00:59:49.045  1392  1392 W SYSTEM_UI: SWR_SYSTEM_UI_006|FUN=CollapsedStatusBarFragment::NotifySystemUpdates | onReceive --> |1|TOP ACTIVITY CHANGED | package --> com.daimler.rse.ntg6 | class --> md59d95dbab71941e137ef724fbceda5f0e.SettingsBaseActivity
01-01 00:59:49.045  1392  1392 W SYSTEM_UI - CI07.3: className -> CollapsedStatusBarFragment | functionName -> NotifySystemUpdates | onReceive -->  | value -> TOP ACTIVITY CHANGED | package --> com.daimler.rse.ntg6 | class --> md59d95dbab71941e137ef724fbceda5f0e.SettingsBaseActivity
01-01 00:59:49.046  1519  1519 I Connectivity_AIDL|HMI_Common.RsePlatformInterface.ParentalControlImpl: MBUX App Method: UnSubscribeToParentalControlEvents |Line No: 121 |Log Type: Information |Message: UnSubscribeToParentalControlEvents = 
01-01 00:59:49.046  1519  1519 I Connectivity_AIDL|HMI_Common.RsePlatformInterface.ParentalControlImpl: MBUX App Method: .ctor |Line No: 32 |Log Type: Critical |Message: ParentalControlImpl Constructor
01-01 00:59:49.046  1519  1519 I Connectivity_AIDL|HMI_Common.RsePlatformInterface.ParentalControlImpl: MBUX App Method: GetParentalControlApplication |Line No: 89 |Log Type: Critical |Message: GetParentalControlApplication : 
01-01 00:59:49.046  1519  1519 I Connectivity_AIDL|HMI_Common.RsePlatformInterface.ParentalControlImpl: MBUX App Method: SubscribeToParentalControlEvents |Line No: 96 |Log Type: Information |Message: SubscribeToParentalControlEvents isDemoMode = True
01-01 00:59:49.046  1519  1519 I HomeScreen|HMI_Common.Activities.SettingsBaseActivity: MBUX App Method: UpdateNavigationETAInfo |Line No: 113 |Log Type: Critical |Message: UpdateNavigationETAInfo, subtitle text : 
01-01 00:59:49.046  1519  1519 I HomeScreen|HMI_Common.Activities.SettingsBaseActivity: MBUX App Method: IsETAInfoToBeDisplayed |Line No: 128 |Log Type: Information |Message: Navigation, IsETAInfoToBeDisplayed etaInfoText: 
01-01 00:59:49.051  1519  1519 I TelephonyRse|HMI_Common.Activities.SettingsBaseActivity: MBUX App Method: HandlestatusLineNetworkSignalStrength |Line No: 944 |Log Type: Information |Message: BaseActivity StatusLine:HandlestatusLineNetworkSignalStrength deviceList size :
01-01 00:59:49.051  1519  1519 I TelephonyRse|HMI_Common.Activities.SettingsBaseActivity: MBUX App Method: HandlestatusLineNetworkSignalStrength |Line No: 966 |Log Type: Information |Message: BaseActivity StatusLine:HandlestatusLineNetworkSignalStrength deviceList size empty:
01-01 00:59:49.052  1519  1519 I TelephonyRse|HMI_Common.Activities.SettingsBaseActivity: MBUX App Method: HandlestatusLinePhoneBatteryLevelVisibility |Line No: 1063 |Log Type: Information |Message: BaseActivity StatusLine:HandlestatusLinePhoneBatteryLevelVisibility deviceList size :
01-01 00:59:49.052  1519  1519 I TelephonyRse|HMI_Common.Activities.SettingsBaseActivity: MBUX App Method: HandlestatusLinePhoneBatteryLevelVisibility |Line No: 1086 |Log Type: Information |Message: BaseActivity StatusLine:HandlestatusLineNetworkSignalStrength deviceList size empty:
01-01 00:59:49.056  1151  2233 D WindowManager: addToDisplay >>> FLAG_FULLSCREEN set in WindowManager.LayoutParams
01-01 00:59:49.056  1151  2233 D WindowManager: startStatusReceiverServiceOnFlagSet: creating intent for action ACTION_ACTIVITY_FULLSCREEN
01-01 00:59:49.056  1151  2233 W ContextImpl: Calling a method in the system process without a qualified user: android.app.ContextImpl.startService:1476 com.android.server.wm.Session.startStatusReceiverServiceOnFlagSet:762 com.android.server.wm.Session.addToDisplay:214 android.view.IWindowSession$Stub.onTransact:124 com.android.server.wm.Session.onTransact:166 
01-01 00:59:49.057  1151  2233 D CompatibilityInfo: mCompatibilityFlags - 4
01-01 00:59:49.057  1151  2233 D CompatibilityInfo: applicationDensity - 240
01-01 00:59:49.057  1151  2233 D CompatibilityInfo: applicationScale - 1.0
01-01 00:59:49.058  1151  2233 D WindowManager: startStatusReceiverServiceOnFlagSet: startService done
01-01 00:59:49.068  1151  2264 D WindowManager: relayout packageName=com.daimler.rse.ntg6::session=Session{6485514 1519:u0a10027}::window=android.view.IWindow$Stub$Proxy@528f825::attrs.flags=81810500
01-01 00:59:49.068  1151  2264 D WindowManager: relayout >>> FLAG_FULLSCREEN set in WindowManager.LayoutParams
01-01 00:59:49.068  1151  2264 D WindowManager: startStatusReceiverServiceOnFlagSet: creating intent for action ACTION_ACTIVITY_FULLSCREEN
01-01 00:59:49.068  1151  2264 W ContextImpl: Calling a method in the system process without a qualified user: android.app.ContextImpl.startService:1476 com.android.server.wm.Session.startStatusReceiverServiceOnFlagSet:762 com.android.server.wm.Session.relayout:273 android.view.IWindowSession$Stub.onTransact:286 com.android.server.wm.Session.onTransact:166 
01-01 00:59:49.069  1392  1392 W SYSTEM_UI: SWR_SYSTEM_UI_007|FUN=CollapsedStatusBarFragment::getAction |1|Broadcast action --> STATUS_UPDATE_ACTION
01-01 00:59:49.069  1392  1392 W SYSTEM_UI: SWR_SYSTEM_UI_007|FUN=CollapsedStatusBarFragment::getIntExtra |1|NotifySystemUpdates dataType --> 101
01-01 00:59:49.069  1392  1392 W SYSTEM_UI - CI07.3: className -> CollapsedStatusBarFragment | functionName -> NotifySystemUpdates | onReceive -->  | value -> FULLSCREEN MODE CHANGED | isFullScreenStatus --> true | fullScreenPackage -->com.daimler.rse.ntg6 | fullscreenLastShownPackage -->null | topActivityPackage --> com.daimler.rse.ntg6
01-01 00:59:49.069  1392  1392 W SYSTEM_UI - CI07.3: className -> CollapsedStatusBarFragment | functionName -> NotifySystemUpdates | onReceive -->  | value -> Fullscreen mode changed --> path 1
01-01 00:59:49.070  1392  1392 W SYSTEM_UI - CI07.3: className -> CollapsedStatusBarFragment | functionName -> NotifySystemUpdates | onReceive -->  | value -> Fullscreen mode changed --> path 3
01-01 00:59:49.070  1151  2264 D CompatibilityInfo: mCompatibilityFlags - 4
01-01 00:59:49.070  1151  2264 D CompatibilityInfo: applicationDensity - 240
01-01 00:59:49.070  1151  2264 D CompatibilityInfo: applicationScale - 1.0
01-01 00:59:49.071  1151  2264 D WindowManager: startStatusReceiverServiceOnFlagSet: startService done
01-01 00:59:49.075  1392  1392 W SYSTEM_UI: SWR_SYSTEM_UI_007|FUN=CollapsedStatusBarFragment::getAction |1|Broadcast action --> STATUS_UPDATE_ACTION
