01-01 00:31:59.746  3675 11391 W ByMatcher: Node returned null child: android.view.accessibility.AccessibilityNodeInfo@7442; boundsInParent: Rect(0, 0 - 1920, 104); boundsInScreen: Rect(0, 0 - 1920, 104); packageName: com.android.systemui; className: android.widget.FrameLayout; text: null; error: null; maxTextLength: -1; contentDescription: null; viewIdResName: null; checkable: false; checked: false; focusable: false; focused: false; selected: false; clickable: false; longClickable: false; contextClickable: false; enabled: true; password: false; scrollable: false; importantForAccessibility: true; actions: [AccessibilityAction: ACTION_SELECT - null, AccessibilityAction: ACTION_CLEAR_SELECTION - null, AccessibilityAction: ACTION_ACCESSIBILITY_FOCUS - null, AccessibilityAction: ACTION_SHOW_ON_SCREEN - null]
01-01 00:31:59.746  3675 11391 W ByMatcher: Skipping null child (0 of 4)
01-01 00:31:59.747  3675 11391 W ByMatcher: Skipping null child (1 of 4)
01-01 00:31:59.748  3675 11391 W ByMatcher: Skipping null child (2 of 4)
01-01 00:31:59.749  3675 11391 W ByMatcher: Skipping null child (3 of 4)
01-01 00:31:59.752  3675 11391 W ByMatcher: Node returned null child: android.view.accessibility.AccessibilityNodeInfo@7442; boundsInParent: Rect(0, 0 - 1920, 104); boundsInScreen: Rect(0, 0 - 1920, 104); packageName: com.android.systemui; className: android.widget.FrameLayout; text: null; error: null; maxTextLength: -1; contentDescription: null; viewIdResName: null; checkable: false; checked: false; focusable: false; focused: false; selected: false; clickable: false; longClickable: false; contextClickable: false; enabled: true; password: false; scrollable: false; importantForAccessibility: true; actions: [AccessibilityAction: ACTION_SELECT - null, AccessibilityAction: ACTION_CLEAR_SELECTION - null, AccessibilityAction: ACTION_ACCESSIBILITY_FOCUS - null, AccessibilityAction: ACTION_SHOW_ON_SCREEN - null]
01-01 00:31:59.752  3675 11391 W ByMatcher: Skipping null child (0 of 4)
01-01 00:31:59.753  3675 11391 W ByMatcher: Skipping null child (1 of 4)
01-01 00:31:59.755  3675 11391 W ByMatcher: Skipping null child (2 of 4)
01-01 00:31:59.756  3675 11391 W ByMatcher: Skipping null child (3 of 4)
01-01 00:31:59.756  3675 11391 W ByMatcher: Node returned null child: android.view.accessibility.AccessibilityNodeInfo@80006eb4; boundsInParent: Rect(0, 0 - 1920, 1080); boundsInScreen: Rect(0, 0 - 1920, 1080); packageName: com.panasonic.hmi2settings; className: android.widget.FrameLayout; text: null; error: null; maxTextLength: -1; contentDescription: null; viewIdResName: null; checkable: false; checked: false; focusable: false; focused: false; selected: false; clickable: false; longClickable: false; contextClickable: false; enabled: true; password: false; scrollable: false; importantForAccessibility: true; actions: [AccessibilityAction: ACTION_SELECT - null, AccessibilityAction: ACTION_CLEAR_SELECTION - null, AccessibilityAction: ACTION_ACCESSIBILITY_FOCUS - null, AccessibilityAction: ACTION_SHOW_ON_SCREEN - null]
01-01 00:31:59.756  3675 11391 W ByMatcher: Skipping null child (0 of 1)
01-01 00:31:59.757  3675 11391 W ByMatcher: Node returned null child: android.view.accessibility.AccessibilityNodeInfo@80006eb4; boundsInParent: Rect(0, 0 - 1920, 1080); boundsInScreen: Rect(0, 0 - 1920, 1080); packageName: com.panasonic.hmi2settings; className: android.widget.FrameLayout; text: null; error: null; maxTextLength: -1; contentDescription: null; viewIdResName: null; checkable: false; checked: false; focusable: false; focused: false; selected: false; clickable: false; longClickable: false; contextClickable: false; enabled: true; password: false; scrollable: false; importantForAccessibility: true; actions: [AccessibilityAction: ACTION_SELECT - null, AccessibilityAction: ACTION_CLEAR_SELECTION - null, AccessibilityAction: ACTION_ACCESSIBILITY_FOCUS - null, AccessibilityAction: ACTION_SHOW_ON_SCREEN - null]
01-01 00:31:59.757  3675 11391 W ByMatcher: Skipping null child (0 of 1)
01-01 00:31:59.807  1379  1379 I InputAttributes: InputType.TYPE_NULL is specified
01-01 00:31:59.811  1151  1167 D mEnabledInputMethodsStrCache: com.android.inputmethods.latin/.LatinIME
01-01 00:31:59.811  1151  1167 D systemLanguageCode: en__GB
01-01 00:31:59.811  1151  1167 D mEnabledInputMethodsStrCache: com.android.inputmethods.latin/.LatinIME
01-01 00:31:59.813  1379  1379 V KeyboardState: onLoadKeyboard: [keyboard=UNSHIFTED shift=RELEASING symbol=RELEASING switch=ALPHA] autoCapsFlags=none recapitalizeMode=undefined
01-01 00:31:59.814  1379  1379 D KeyboardState: setAlphabetKeyboard: [keyboard=UNSHIFTED shift=RELEASING symbol=RELEASING switch=ALPHA] autoCapsFlags=none recapitalizeMode=undefined
01-01 00:31:59.814  1379  1379 D KeyboardSwitcher: setAlphabetKeyboard
01-01 00:31:59.815  1151  1550 D mEnabledInputMethodsStrCache: com.android.inputmethods.latin/.LatinIME
01-01 00:31:59.815  1151  1550 D systemLanguageCode: en__GB
01-01 00:31:59.815  1151  1550 D mEnabledInputMethodsStrCache: com.android.inputmethods.latin/.LatinIME
01-01 00:31:59.815  1379  1379 D KeyboardSwitcher: requestUpdatingShiftState:  autoCapsFlags=none recapitalizeMode=undefined
01-01 00:31:59.815  1379  1379 D KeyboardState: onUpdateShiftState: [keyboard=UNSHIFTED shift=RELEASING symbol=RELEASING switch=ALPHA] autoCapsFlags=none recapitalizeMode=undefined
01-01 00:31:59.815  1379  1379 D KeyboardState: setShifted: shiftMode=UNSHIFT [keyboard=UNSHIFTED shift=RELEASING symbol=RELEASING switch=ALPHA]
01-01 00:31:59.816  1151  1550 D mEnabledInputMethodsStrCache: com.android.inputmethods.latin/.LatinIME
01-01 00:31:59.816  1151  1550 D systemLanguageCode: en__GB
01-01 00:31:59.816  1151  1550 D mEnabledInputMethodsStrCache: com.android.inputmethods.latin/.LatinIME
01-01 00:31:59.817  1151  1550 D mEnabledInputMethodsStrCache: com.android.inputmethods.latin/.LatinIME
01-01 00:31:59.817  1151  1550 D systemLanguageCode: en__GB
01-01 00:31:59.817  1151  1550 D mEnabledInputMethodsStrCache: com.android.inputmethods.latin/.LatinIME
01-01 00:31:59.818  1379  1379 I NuanceUtil: Language text: en_GB, Language code: 5
01-01 00:31:59.818  1379  1379 I NuanceLog: Active Language: ET9LIDEnglish_UK
01-01 00:31:59.818  1379  1379 I NuanceLog: Active LDB: /system/etc/RSESpeller/configs/LDBs/v13.1.0/englishuk/ENubUNUK_xt9_ALM3.ldb
01-01 00:31:59.818  1379  1379 I LatinIME: Nuance API Initialized successfully
01-01 00:31:59.818  1379  1379 I LatinIME: Suggestion strip view visibility gone
01-01 00:31:59.820  1151  1550 D mEnabledInputMethodsStrCache: com.android.inputmethods.latin/.LatinIME
01-01 00:31:59.821  1151  1550 D systemLanguageCode: en__GB
01-01 00:31:59.821  1151  1550 D mEnabledInputMethodsStrCache: com.android.inputmethods.latin/.LatinIME
01-01 00:31:59.821  1151  1550 D mEnabledInputMethodsStrCache: com.android.inputmethods.latin/.LatinIME
01-01 00:31:59.821  1151  1550 D systemLanguageCode: en__GB
01-01 00:31:59.821  1151  1550 D mEnabledInputMethodsStrCache: com.android.inputmethods.latin/.LatinIME
01-01 00:31:59.824  1151  1550 D mEnabledInputMethodsStrCache: com.android.inputmethods.latin/.LatinIME
01-01 00:31:59.824  1151  1550 D systemLanguageCode: en__GB
01-01 00:31:59.824  1151  1550 D mEnabledInputMethodsStrCache: com.android.inputmethods.latin/.LatinIME
01-01 00:31:59.824  1151  1550 D mEnabledInputMethodsStrCache: com.android.inputmethods.latin/.LatinIME
01-01 00:31:59.824  1151  1550 D systemLanguageCode: en__GB
01-01 00:31:59.824  1151  1550 D mEnabledInputMethodsStrCache: com.android.inputmethods.latin/.LatinIME
01-01 00:31:59.826  1151  1550 D WindowManager: relayout packageName=com.android.inputmethods.latin::session=Session{ca2ba78 1379:1000}::window=android.view.IWindow$Stub$Proxy@b10d0b6::attrs.flags=800108
01-01 00:31:59.826  1151  1550 D WindowManager: relayout >>> FLAG_FULLSCREEN not set in WindowManager.LayoutParams
01-01 00:31:59.826  1151  1550 D WindowManager: startStatusReceiverServiceOnFlagSet: creating intent for action ACTION_ACTIVITY_FULLSCREEN
01-01 00:31:59.826  1151  1550 W ContextImpl: Calling a method in the system process without a qualified user: android.app.ContextImpl.startService:1476 com.android.server.wm.Session.startStatusReceiverServiceOnFlagSet:762 com.android.server.wm.Session.relayout:276 android.view.IWindowSession$Stub.onTransact:286 com.android.server.wm.Session.onTransact:166 
01-01 00:31:59.827  1151  1550 D CompatibilityInfo: mCompatibilityFlags - 4
01-01 00:31:59.827  1151  1550 D CompatibilityInfo: applicationDensity - 240
01-01 00:31:59.827  1151  1550 D CompatibilityInfo: applicationScale - 1.0
01-01 00:31:59.828  1151  1550 D WindowManager: startStatusReceiverServiceOnFlagSet: startService done
01-01 00:31:59.833  1392  1392 W SYSTEM_UI: SWR_SYSTEM_UI_007|FUN=CollapsedStatusBarFragment::getAction |1|Broadcast action --> STATUS_UPDATE_ACTION
01-01 00:31:59.833  1392  1392 W SYSTEM_UI: SWR_SYSTEM_UI_007|FUN=CollapsedStatusBarFragment::getIntExtra |1|NotifySystemUpdates dataType --> 101
01-01 00:31:59.833  1392  1392 W SYSTEM_UI - CI07.3: className -> CollapsedStatusBarFragment | functionName -> NotifySystemUpdates | onReceive -->  | value -> FULLSCREEN MODE CHANGED | isFullScreenStatus --> false | fullScreenPackage -->com.android.inputmethods.latin | fullscreenLastShownPackage -->null | topActivityPackage --> com.panasonic.hmi2settings
01-01 00:31:59.833  1392  1392 W SYSTEM_UI - CI07.3: className -> CollapsedStatusBarFragment | functionName -> NotifySystemUpdates | onReceive -->  | value -> Fullscreen mode changed --> path 0
01-01 00:31:59.844  1151  1550 D mEnabledInputMethodsStrCache: com.android.inputmethods.latin/.LatinIME
01-01 00:31:59.844  1151  1550 D systemLanguageCode: en__GB
01-01 00:31:59.844  1151  1550 D mEnabledInputMethodsStrCache: com.android.inputmethods.latin/.LatinIME
01-01 00:31:59.846  1151  1550 D mEnabledInputMethodsStrCache: com.android.inputmethods.latin/.LatinIME
01-01 00:31:59.846  1151  1550 D systemLanguageCode: en__GB
01-01 00:31:59.846  1151  1550 D mEnabledInputMethodsStrCache: com.android.inputmethods.latin/.LatinIME
01-01 00:31:59.848  1151  1550 D mEnabledInputMethodsStrCache: com.android.inputmethods.latin/.LatinIME
01-01 00:31:59.848  1151  1550 D systemLanguageCode: en__GB
01-01 00:31:59.848  1151  1550 D mEnabledInputMethodsStrCache: com.android.inputmethods.latin/.LatinIME
01-01 00:31:59.849  1151  1550 D mEnabledInputMethodsStrCache: com.android.inputmethods.latin/.LatinIME
01-01 00:31:59.849  1151  1550 D systemLanguageCode: en__GB
01-01 00:31:59.849  1151  1550 D mEnabledInputMethodsStrCache: com.android.inputmethods.latin/.LatinIME
01-01 00:31:59.849  1151  1550 D mEnabledInputMethodsStrCache: com.android.inputmethods.latin/.LatinIME
01-01 00:31:59.849  1151  1550 D systemLanguageCode: en__GB
01-01 00:31:59.849  1151  1550 D mEnabledInputMethodsStrCache: com.android.inputmethods.latin/.LatinIME
01-01 00:31:59.851  1379  1379 I LatinIME: SWR_HMISERVICE_SPELLER_MF_001||FUN=onStartInputViewInternal || 1 || Starting input. Cursor position = 0,0
01-01 00:31:59.874  1151  1416 D mEnabledInputMethodsStrCache: com.android.inputmethods.latin/.LatinIME
01-01 00:31:59.874  1151  1416 D systemLanguageCode: en__GB
01-01 00:31:59.874  1151  1416 D mEnabledInputMethodsStrCache: com.android.inputmethods.latin/.LatinIME
01-01 00:31:59.876  1379  1379 V KeyboardState: onLoadKeyboard: [keyboard=UNSHIFTED shift=RELEASING symbol=RELEASING switch=ALPHA] autoCapsFlags=none recapitalizeMode=undefined
01-01 00:31:59.876  1379  1379 D KeyboardState: setAlphabetKeyboard: [keyboard=UNSHIFTED shift=RELEASING symbol=RELEASING switch=ALPHA] autoCapsFlags=none recapitalizeMode=undefined
01-01 00:31:59.876  1379  1379 D KeyboardSwitcher: setAlphabetKeyboard
01-01 00:31:59.877  1151  1416 D mEnabledInputMethodsStrCache: com.android.inputmethods.latin/.LatinIME
01-01 00:31:59.877  1151  1416 D systemLanguageCode: en__GB
01-01 00:31:59.877  1151  1416 D mEnabledInputMethodsStrCache: com.android.inputmethods.latin/.LatinIME
01-01 00:31:59.878  1379  1379 D KeyboardSwitcher: requestUpdatingShiftState:  autoCapsFlags=none recapitalizeMode=undefined
01-01 00:31:59.878  1379  1379 D KeyboardState: onUpdateShiftState: [keyboard=UNSHIFTED shift=RELEASING symbol=RELEASING switch=ALPHA] autoCapsFlags=none recapitalizeMode=undefined
01-01 00:31:59.879  1379  1379 D KeyboardState: setShifted: shiftMode=UNSHIFT [keyboard=UNSHIFTED shift=RELEASING symbol=RELEASING switch=ALPHA]
01-01 00:31:59.879  1151  1416 D mEnabledInputMethodsStrCache: com.android.inputmethods.latin/.LatinIME
01-01 00:31:59.879  1151  1416 D systemLanguageCode: en__GB
01-01 00:31:59.880  1151  1416 D mEnabledInputMethodsStrCache: com.android.inputmethods.latin/.LatinIME
01-01 00:31:59.881  1151  1416 D mEnabledInputMethodsStrCache: com.android.inputmethods.latin/.LatinIME
01-01 00:31:59.881  1151  1416 D systemLanguageCode: en__GB
01-01 00:31:59.881  1151  1416 D mEnabledInputMethodsStrCache: com.android.inputmethods.latin/.LatinIME
01-01 00:31:59.882  1379  1379 I NuanceUtil: Language text: en_GB, Language code: 5
01-01 00:31:59.882  1379  1379 I NuanceLog: Active Language: ET9LIDEnglish_UK
01-01 00:31:59.882  1379  1379 I NuanceLog: Active LDB: /system/etc/RSESpeller/configs/LDBs/v13.1.0/englishuk/ENubUNUK_xt9_ALM3.ldb
01-01 00:31:59.882  1379  1379 I LatinIME: Nuance API Initialized successfully
01-01 00:31:59.883  1379  1379 I LatinIME: Suggestion strip view visibility gone
01-01 00:31:59.883  1151  1416 D mEnabledInputMethodsStrCache: com.android.inputmethods.latin/.LatinIME
01-01 00:31:59.884  1151  1416 D systemLanguageCode: en__GB
01-01 00:31:59.884  1151  1416 D mEnabledInputMethodsStrCache: com.android.inputmethods.latin/.LatinIME
01-01 00:31:59.884  1151  1416 D mEnabledInputMethodsStrCache: com.android.inputmethods.latin/.LatinIME
01-01 00:31:59.884  1151  1416 D systemLanguageCode: en__GB
01-01 00:31:59.884  1151  1416 D mEnabledInputMethodsStrCache: com.android.inputmethods.latin/.LatinIME
01-01 00:32:00.002  1392  1392 D KeyguardUpdateMonitor: received broadcast android.intent.action.TIME_TICK
01-01 00:32:00.002  1392  1392 D KeyguardUpdateMonitor: handleTimeUpdate
01-01 00:32:00.011  1392  1392 D PhoneStatusBarView: status_line: onPanelCollapsed
01-01 00:32:00.021  1392  1392 W SYSTEM_UI: SWR_SYSTEM_UI_008|FUN=CollapsedStatusBarFragment::AndroidEventReceiver | getAction |1|Broadcast action:android.intent.action.TIME_TICK received
01-01 00:32:00.021  1392  1392 W SYSTEM_UI - CI07.3: className -> CollapsedStatusBarFragment | functionName -> setTime | value -> Setting the time to textView
01-01 00:32:00.022  1392  1392 W SYSTEM_UI: SWR_SYSTEM_UI_008|FUN=CollapsedStatusBarFragment::getTime |1|Get current time.
01-01 00:32:00.187  2054  2054 E         : 
01-01 00:32:00.187  2054  2054 E         : Buffer Size = 1048576
01-01 00:32:00.211  2054  2054 E         : 
01-01 00:32:00.211  2054  2054 E         : <6>[ 1591.184877] QSEECOM: scm_call_qcpe:503 : OUT: 0x0, 0x0, 0x0, 0x0
01-01 00:32:00.211  2054  2054 E         : <6>[ 1591.200809] QSEECOM: scm_call_qcpe:429 : IN: 0x42000d0a, 0x3, 0x0, 0x4318, 0x764, 0x0, 0x0
01-01 00:32:00.211  2054  2054 E         : <6>[ 1591.202057] QSEECOM: scm_call_qcpe:503 : OUT: 0x0, 0x0, 0x0, 0x0
01-01 00:32:00.211  2054  2054 E         : <6>[ 1591.217497] QSEECOM: scm_call_qcpe:429 : IN: 0x42000d0a, 0x3, 0x0, 0x412f, 0x758, 0x0, 0x0
01-01 00:32:00.211  2054  2054 E         : <6>[ 1591.218751] QSEECOM: scm_call_qcpe:503 : OUT: 0x0, 0x0, 0x0, 0x0
01-01 00:32:00.211  2054  2054 E         : <6>[ 1591.233566] QSEECOM: scm_call_qcpe:429 : IN: 0x42000d0a, 0x3, 0x0, 0x3ec7, 0x74e, 0x0, 0x0
01-01 00:32:00.211  2054  2054 E         : <6>[ 1591.234874] QSEECOM: scm_call_qcpe:503 : OUT: 0x0, 0x0, 0x0, 0x0
01-01 00:32:00.211  2054  2054 E         : <6>[ 1591.250405] QSEECOM: scm_call_qcpe:429 : IN: 0x42000d0a, 0x3, 0x0, 0x41c4, 0x75a, 0x0, 0x0
01-01 00:32:00.211  2054  2054 E         : <6>[ 1591.251629] QSEECOM: scm_call_qcpe:503 : OUT: 0x0, 0x1, 0x0, 0x0
01-01 00:32:00.211  2054  2054 E         : <6>[ 1591.268689] QSEECOM: scm_call_qcpe:429 : IN: 0x42000d0a, 0x3, 0x0, 0x4770, 0x757, 0x0, 0x0
01-01 00:32:00.211  2054  2054 E         : <6>[ 1591.269867] QSEECOM: scm_call_qcpe:503 : OUT: 0x0, 0x0, 0x0, 0x0
01-01 00:32:00.211  2054  2054 E         : <6>[ 1591.284597] QSEECOM: scm_call_qcpe:429 : IN: 0x42000d0a, 0x3, 0x0, 0x3e23, 0x752, 0x0, 0x0
01-01 00:32:00.211  2054  2054 E         : <6>[ 1591.2856
01-01 00:32:00.215  2054  2054 E         : USB Hub Detector 1.0
01-01 00:32:00.462   729   748 I sssv-lib: sendMsg enter
01-01 00:32:00.463   729   748 I sssv-lib: sendMsg complete.
01-01 00:32:00.649  1933  1933 I LCMANDR : SWR_OOB_HV_MF_009|FUN=ResourceMonitoringService::movingMemoryAverage|2|Moving memory average :28.834217
01-01 00:32:00.649  1933  1933 W LCMANDR : SWR_OOB_HV_MF_009|FUN=ResourceMonitoringService::getCpuUsageStatistic|Moving MEM AVG :::::::::28.834217
01-01 00:32:00.650  1933  1933 W LCMANDR : SWR_OOB_HV_MF_009|FUN=ResourceMonitoringService::getCpuUsageStatistic|2|Total cpu usage :25.497076
01-01 00:32:00.650  1933  1933 I LCMANDR : SWR_OOB_HV_MF_009|FUN=ResourceMonitoringService::getCpuUsageStatistic|Cpu usage of core  0 is28.417265
01-01 00:32:00.651  1933  1933 I LCMANDR : SWR_OOB_HV_MF_009|FUN=ResourceMonitoringService::getCpuUsageStatistic|Cpu usage of core  1 is26.643599
01-01 00:32:00.651  1933  1933 I LCMANDR : SWR_OOB_HV_MF_009|FUN=ResourceMonitoringService::getCpuUsageStatistic|Cpu usage of core  2 is21.527777
01-01 00:32:00.651  1933  1933 I LCMANDR : ResourceMonitoringService::movingCpuAverage()
01-01 00:32:00.651  1933  1933 I LCMANDR : SWR_OOB_HV_MF_009|FUN=ResourceMonitoringService::movingCpuAverage|2|Moving window average of CPU 23.048487
01-01 00:32:00.651  1933  1933 I LCMANDR : SWR_OOB_HV_MF_009|FUN=ResourceMonitoringService::movingCpuAverage|2|Cpu moving average of core  0 is23.71496
01-01 00:32:00.651  1933  1933 I LCMANDR : SWR_OOB_HV_MF_009|FUN=ResourceMonitoringService::movingCpuAverage|2|Cpu moving average of core  1 is21.502193
01-01 00:32:00.651  1933  1933 I LCMANDR : SWR_OOB_HV_MF_009|FUN=ResourceMonitoringService::movingCpuAverage|2|Cpu moving average of core  2 is23.95077
01-01 00:32:00.651  1933  1933 D LCMANDR : SWR_OOB_HV_MF_009|FUN=ResourceMonitoringService::movingCpuAverage|2|Exiting VAL = 23.048487
01-01 00:32:00.743  3675 11391 I QueryController: Matched selector: UiSelector[CLASS=android.widget.EditText] <<==>> [android.view.accessibility.AccessibilityNodeInfo@1e41d4e; boundsInParent: Rect(0, 7 - 1241, 137); boundsInScreen: Rect(339, 225 - 1580, 355); packageName: com.panasonic.hmi2settings; className: android.widget.EditText; text: null; error: null; maxTextLength: 63; contentDescription: null; viewIdResName: com.panasonic.hmi2settings:id/textPassword; checkable: false; checked: false; focusable: true; focused: true; selected: false; clickable: true; longClickable: false; contextClickable: false; enabled: true; password: false; scrollable: false; importantForAccessibility: true; actions: [AccessibilityAction: ACTION_CLEAR_FOCUS - null, AccessibilityAction: ACTION_SELECT - null, AccessibilityAction: ACTION_CLEAR_SELECTION - null, AccessibilityAction: ACTION_CLICK - null, AccessibilityAction: ACTION_ACCESSIBILITY_FOCUS - null, AccessibilityAction: ACTION_SET_TEXT - null, AccessibilityAction: ACTION_SHOW_ON_SCREEN - null]]
01-01 00:32:00.759  1151  1167 D mEnabledInputMethodsStrCache: com.android.inputmethods.latin/.LatinIME
01-01 00:32:00.759  1151  1167 D systemLanguageCode: en__GB
01-01 00:32:00.759  1151  1167 D mEnabledInputMethodsStrCache: com.android.inputmethods.latin/.LatinIME
01-01 00:32:00.760  1151  1550 D mEnabledInputMethodsStrCache: com.android.inputmethods.latin/.LatinIME
01-01 00:32:00.760  1151  1550 D systemLanguageCode: en__GB
01-01 00:32:00.760  1151  1550 D mEnabledInputMethodsStrCache: com.android.inputmethods.latin/.LatinIME
01-01 00:32:00.765  1151  1550 D mEnabledInputMethodsStrCache: com.android.inputmethods.latin/.LatinIME
01-01 00:32:00.765  1151  1550 D systemLanguageCode: en__GB
01-01 00:32:00.765  1151  1550 D mEnabledInputMethodsStrCache: com.android.inputmethods.latin/.LatinIME
01-01 00:32:00.768  1151  1550 D mEnabledInputMethodsStrCache: com.android.inputmethods.latin/.LatinIME
01-01 00:32:00.768  1151  1550 D systemLanguageCode: en__GB
01-01 00:32:00.768  1151  1550 D mEnabledInputMethodsStrCache: com.android.inputmethods.latin/.LatinIME
01-01 00:32:00.770  1151  1550 D mEnabledInputMethodsStrCache: com.android.inputmethods.latin/.LatinIME
01-01 00:32:00.770  1151  1550 D systemLanguageCode: en__GB
01-01 00:32:00.770  1151  1550 D mEnabledInputMethodsStrCache: com.android.inputmethods.latin/.LatinIME
01-01 00:32:00.770  1151  1550 D mEnabledInputMethodsStrCache: com.android.inputmethods.latin/.LatinIME
01-01 00:32:00.770  1151  1550 D systemLanguageCode: en__GB
01-01 00:32:00.770  1151  1550 D mEnabledInputMethodsStrCache: com.android.inputmethods.latin/.LatinIME
01-01 00:32:00.771  1379  1379 I LatinIME: SWR_HMISERVICE_SPELLER_MF_001||FUN=onStartInputViewInternal || 1 || Starting input. Cursor position = 0,0
01-01 00:32:00.779  3675 11396 D UIAutomatorStub: URI: /jsonrpc/0, Method: POST, Header: {content-length=170, remote-addr=127.0.0.1, http-client-ip=127.0.0.1, host=localhost:9009, content-type=application/json, connection=close, accept-encoding=identity, user-agent=Python-urllib/2.7}, params, {NanoHttpd.QUERY_STRING=null}, files: {postData={"params": [{"childOrSiblingSelector": [], "text": "OK", "mask": 1, "childOrSibling": []}], "jsonrpc": "2.0", "method": "click", "id": "240e61ff02a4910253895785bde4eebc"}}
01-01 00:32:00.792  1379  1379 D KeyboardState: onResetKeyboardStateToAlphabet: [keyboard=UNSHIFTED shift=RELEASING symbol=RELEASING switch=ALPHA] autoCapsFlags=none recapitalizeMode=undefined
01-01 00:32:00.792  1379  1379 D KeyboardState: resetKeyboardStateToAlphabet: [keyboard=UNSHIFTED shift=RELEASING symbol=RELEASING switch=ALPHA] autoCapsFlags=none recapitalizeMode=undefined
01-01 00:32:00.792  1379  1379 D KeyboardSwitcher: requestUpdatingShiftState:  autoCapsFlags=none recapitalizeMode=undefined
01-01 00:32:00.792  1379  1379 D KeyboardState: onUpdateShiftState: [keyboard=UNSHIFTED shift=RELEASING symbol=RELEASING switch=ALPHA] autoCapsFlags=none recapitalizeMode=undefined
01-01 00:32:00.792  1379  1379 D KeyboardState: setShifted: shiftMode=UNSHIFT [keyboard=UNSHIFTED shift=RELEASING symbol=RELEASING switch=ALPHA]
01-01 00:32:00.792  1151  1416 D mEnabledInputMethodsStrCache: com.android.inputmethods.latin/.LatinIME
01-01 00:32:00.793  1151  1416 D systemLanguageCode: en__GB
01-01 00:32:00.793  1151  1416 D mEnabledInputMethodsStrCache: com.android.inputmethods.latin/.LatinIME
01-01 00:32:00.794  1151  1550 D mEnabledInputMethodsStrCache: com.android.inputmethods.latin/.LatinIME
01-01 00:32:00.794  1151  1550 D systemLanguageCode: en__GB
01-01 00:32:00.794  1151  1550 D mEnabledInputMethodsStrCache: com.android.inputmethods.latin/.LatinIME
01-01 00:32:00.795  1379  1379 I NuanceUtil: Language text: en_GB, Language code: 5
01-01 00:32:00.795  1379  1379 I NuanceLog: Active Language: ET9LIDEnglish_UK
01-01 00:32:00.795  1379  1379 I NuanceLog: Active LDB: /system/etc/RSESpeller/configs/LDBs/v13.1.0/englishuk/ENubUNUK_xt9_ALM3.ldb
01-01 00:32:00.795  1379  1379 I LatinIME: Nuance API Initialized successfully
01-01 00:32:00.796  1379  1379 I LatinIME: Suggestion strip view visibility gone
01-01 00:32:00.797  1151  1550 D mEnabledInputMethodsStrCache: com.android.inputmethods.latin/.LatinIME
01-01 00:32:00.797  1151  1550 D systemLanguageCode: en__GB
01-01 00:32:00.797  1151  1550 D mEnabledInputMethodsStrCache: com.android.inputmethods.latin/.LatinIME
01-01 00:32:00.799  1151  1550 D mEnabledInputMethodsStrCache: com.android.inputmethods.latin/.LatinIME
01-01 00:32:00.799  1151  1550 D systemLanguageCode: en__GB
01-01 00:32:00.799  1151  1550 D mEnabledInputMethodsStrCache: com.android.inputmethods.latin/.LatinIME
01-01 00:32:01.359  3739  3739 W HMI2-SETTINGS - CI08.4: className -> WifiActivity | functionName -> handlePassOkClick:  | value -> handlePassOkClick with ssid :RSE_Test enter callFromdialogButton
01-01 00:32:01.362  3739  3739 W HMI2-SETTINGS - CI08.4: className -> WifiActivity | functionName -> hideSoftKeyboard | value -> hideSoftInputFromWindow id=true
01-01 00:32:01.363  1379  1379 E LatinIME: hideWindow Called
01-01 00:32:01.370  1151  1550 I WifiService: getWifiEnabledState uid=1000
01-01 00:32:01.371  3739  3739 W HMI2-SETTINGS - CI08.4: className -> WifiActivity | functionName -> removePassEnterWindow : callFrom  | value -> connectToWifi_isPasswordValid
01-01 00:32:01.375  3739  3739 W HMI2-SETTINGS: SWR_BAIDU_HMI_0015|FUN=WifiActivity::finallyConnect|0|networkSSID::RSE_Test|NotOpen|isWapiConnect:false
01-01 00:32:01.376  1151  1167 I WifiService: addOrUpdateNetwork uid=1000
01-01 00:32:01.376  1151  1167 I addOrUpdateNetwork:  uid = 1000 SSID "RSE_Test" nid=-1
01-01 00:32:01.376  1151  1317 D WifiConfiguration: configKey: false
01-01 00:32:01.376  1151  1317 D WifiConfiguration: configKey: false
01-01 00:32:01.376  1151  1317 E WifiConfigManager: Cannot find network with networkId -1 or configKey "RSE_Test"WPA_PSK
01-01 00:32:01.377  1151  1317 D WifiConfiguration: configKey: false
01-01 00:32:01.377  1151  1317 E WifiConfigManager: Cannot find network with configKey "RSE_Test"WPA_PSK
01-01 00:32:01.378  1151  1317 D WifiConfiguration: configKey: false
01-01 00:32:01.379  1151  1317 D WifiConfiguration: configKey: false
01-01 00:32:01.382  3675 11397 D UIAutomatorStub: URI: /jsonrpc/0, Method: POST, Header: {content-length=274, remote-addr=127.0.0.1, http-client-ip=127.0.0.1, host=localhost:9009, content-type=application/json, connection=close, accept-encoding=identity, user-agent=Python-urllib/2.7}, params, {NanoHttpd.QUERY_STRING=null}, files: {postData={"params": [{"childOrSiblingSelector": [], "scrollable": true, "mask": 16384, "childOrSibling": []}, {"childOrSiblingSelector": [], "text": "RSE_Test", "mask": 1, "childOrSibling": []}, true], "jsonrpc": "2.0", "method": "scrollTo", "id": "03e33b4874c6c5305d8c24533168f282"}}
01-01 00:32:01.386  1151  1550 D WindowManager: relayout packageName=com.android.inputmethods.latin::session=Session{ca2ba78 1379:1000}::window=android.view.IWindow$Stub$Proxy@acff790::attrs.flags=800108
01-01 00:32:01.386  1151  1550 D WindowManager: relayout >>> FLAG_FULLSCREEN not set in WindowManager.LayoutParams
01-01 00:32:01.386  1151  1550 D WindowManager: startStatusReceiverServiceOnFlagSet: creating intent for action ACTION_ACTIVITY_FULLSCREEN
01-01 00:32:01.387  1151  1550 W ContextImpl: Calling a method in the system process without a qualified user: android.app.ContextImpl.startService:1476 com.android.server.wm.Session.startStatusReceiverServiceOnFlagSet:762 com.android.server.wm.Session.relayout:276 android.view.IWindowSession$Stub.onTransact:286 com.android.server.wm.Session.onTransact:166 
01-01 00:32:01.388  1151  1550 D CompatibilityInfo: mCompatibilityFlags - 4
01-01 00:32:01.388  1151  1550 D CompatibilityInfo: applicationDensity - 240
01-01 00:32:01.388  1151  1550 D CompatibilityInfo: applicationScale - 1.0
01-01 00:32:01.389  1151  1550 D WindowManager: startStatusReceiverServiceOnFlagSet: startService done
01-01 00:32:01.391  1392  1392 W SYSTEM_UI: SWR_SYSTEM_UI_007|FUN=CollapsedStatusBarFragment::getAction |1|Broadcast action --> STATUS_UPDATE_ACTION
01-01 00:32:01.391  1392  1392 W SYSTEM_UI: SWR_SYSTEM_UI_007|FUN=CollapsedStatusBarFragment::getIntExtra |1|NotifySystemUpdates dataType --> 101
01-01 00:32:01.391  1392  1392 W SYSTEM_UI - CI07.3: className -> CollapsedStatusBarFragment | functionName -> NotifySystemUpdates | onReceive -->  | value -> FULLSCREEN MODE CHANGED | isFullScreenStatus --> false | fullScreenPackage -->com.android.inputmethods.latin | fullscreenLastShownPackage -->null | topActivityPackage --> com.panasonic.hmi2settings
01-01 00:32:01.391  1392  1392 W SYSTEM_UI - CI07.3: className -> CollapsedStatusBarFragment | functionName -> NotifySystemUpdates | onReceive -->  | value -> Fullscreen mode changed --> path 0
01-01 00:32:01.402  1151  1317 D WifiConfigStore: Writing to stores completed in 23 ms.
01-01 00:32:01.402  1151  1317 D WifiConfiguration: configKey: false
01-01 00:32:01.403  3739  3739 W HMI2-SETTINGS: SWR_BAIDU_HMI_0015|FUN=WifiActivity::addNetwork|0|Getting network id with addNetwork method.
01-01 00:32:01.403  3739  3739 W HMI2-SETTINGS - CI08.4: className -> WifiActivity | functionName -> connectNewNetwork : | value ->  addNetwork success netId->82
01-01 00:32:01.403  1151  1167 I WifiService: enableNetwork uid=1000 disableOthers=true
01-01 00:32:01.403  1151  1317 D WifiStateMachine: connectToUserSelectNetwork netId 82, uid 1000, forceReconnect = false
01-01 00:32:01.404  1151  1317 D WifiConfiguration: configKey: false
01-01 00:32:01.405  1151  1317 I chatty  : uid=1000(system) WifiStateMachin identical 1 line
01-01 00:32:01.406  1151  1317 D WifiConfiguration: configKey: false
01-01 00:32:01.426  1151  1317 D WifiConfigStore: Writing to stores completed in 19 ms.
01-01 00:32:01.427  1151  1317 D WifiConfiguration: configKey: false
01-01 00:32:01.427  1151  1317 I chatty  : uid=1000(system) WifiStateMachin identical 1 line
01-01 00:32:01.428  1151  1317 D WifiConfiguration: configKey: false
01-01 00:32:01.428  1151  1317 D WifiStateMachine: CMD_START_CONNECT sup state DisconnectedState my state DisconnectedState nid=82 roam=false
01-01 00:32:01.428  3739  3739 W HMI2-SETTINGS - CI08.4: className -> WifiActivity | functionName -> connectNewNetwork :  | value -> enable success netId->82
01-01 00:32:01.428   808   808 W wificond: Scan is not started. Ignore abort request
01-01 00:32:01.429  1151  1538 I WifiService: getWifiServiceMessenger uid=1000
01-01 00:32:01.430  1151  1317 D WifiConfiguration: configKey: false
01-01 00:32:01.430  3739  3739 W HMI2-SETTINGS: SWR_BAIDU_HMI_0015|SWR_BAIDU_HMI_0027|FUN=WifiActivity::connect|0|Connected to new network
01-01 00:32:01.430  3739  3739 W HMI2-SETTINGS - CI08.4: className -> WifiActivity | functionName -> finallyConnect : ssid-> | value -> "RSE_Test"|isClickedForConnection:false
01-01 00:32:01.430  1151  1317 D SupplicantStaIfaceHal: connectToNetwork "RSE_Test"WPA_PSK
01-01 00:32:01.431  3023  3023 E wpa_supplicant: Deregistering network from hidl control: 0
01-01 00:32:01.431  1151  1316 D WifiService: CONNECT  nid=82 uid=1000 name=android.uid.system:1000
01-01 00:32:01.431  1151  1316 D WifiService: Connect with networkId 82
01-01 00:32:01.431  1151  1316 D WifiService: New client listening to asynchronous messages
01-01 00:32:01.431  1151  1317 I SupplicantStaIfaceHal: addSupplicantStaNetwork via HIDL
01-01 00:32:01.432  3023  3023 E wpa_supplicant: Registering network to hidl control: 0
01-01 00:32:01.444  1151  1317 D WifiConfiguration: configKey: false
01-01 00:32:01.446  3023  3023 E wpa_supplicant: Notifying state change event to hidl control: 3
01-01 00:32:01.447  1151  1317 D WifiStateMachine: processMessage:  connect success 
01-01 00:32:01.447  1151  1317 D WifiStateMachine: processMessage: connect over
01-01 00:32:01.447  1151  1317 D WifiConfiguration: configKey: false
01-01 00:32:01.448  1151  1317 D WifiStateMachine: connectToUserSelectNetwork netId 82, uid 1000, forceReconnect = false
01-01 00:32:01.449  1151  1317 D WifiConfiguration: configKey: false
01-01 00:32:01.450  1151  1317 I chatty  : uid=1000(system) WifiStateMachin identical 1 line
01-01 00:32:01.451  1151  1317 D WifiConfiguration: configKey: false
01-01 00:32:01.463   729   748 I sssv-lib: sendMsg enter
01-01 00:32:01.463   729   748 I sssv-lib: sendMsg complete.
01-01 00:32:01.479  1151  1317 D WifiConfigStore: Writing to stores completed in 27 ms.
01-01 00:32:01.479  1151  1317 D WifiConfiguration: configKey: false
01-01 00:32:01.480  1151  1317 D WifiConfiguration: configKey: false
01-01 00:32:01.480  3739  3757 E HMI2-SETTINGS - CI08.4: className -> WifiActivity | functionName -> mConnectListener | error ->onSuccess
01-01 00:32:01.484  2677  2690 W ANDR_PERSISTENCY_CLIENT: SWR_PERSISTENCE_HV_LA_MF_0005|FUN=TCPHandler:: setAction |2|msg:setAction=1
01-01 00:32:01.484  2677  2690 W ANDR_PERSISTENCY_CLIENT: SWR_PERSISTENCE_HV_LA_MF_0005|FUN=TCPHandler:: setUID |2|msg:uid=44
01-01 00:32:01.484  2677  2690 W ANDR_PERSISTENCY_CLIENT: SWR_PERSISTENCE_HV_LA_MF_0005|FUN=TCPHandler:: setKey |2|msg:uid=44
01-01 00:32:01.484  2677  2690 W ANDR_PERSISTENCY_CLIENT: SWR_PERSISTENCE_HV_LA_MF_0005|FUN=TCPHandler::setCommandKey|2|msg:commandKey=10
01-01 00:32:01.485  2677  2690 W ANDR_PERSISTENCY_CLIENT: SWR_PERSISTENCE_HV_LA_MF_0005|FUN=TCPHandler:: registerCallBack |2|invoked 
01-01 00:32:01.485  2677  2690 W ANDR_PERSISTENCY_CLIENT: SWR_PERSISTENCE_HV_LA_MF_0005|FUN=TCPHandler::start|2|msg: byteArrayToInt : b [6]
01-01 00:32:01.485  2677  2690 W ANDR_PERSISTENCY_CLIENT: SWR_PERSISTENCE_HV_LA_MF_0005|FUN=TCPHandler::sendWriteRequestToPersistenceLinuxInt|2|listKey=44_10;keyString=0x00;key=0;command=6
01-01 00:32:01.485  2677  2725 W ANDR_PERSISTENCY_CLIENT: SWR_PERSISTENCE_HV_LA_MF_0005|FUN=TCPHandler:: getAction |2|msg:getAction=1
01-01 00:32:01.485  2677  2725 W ANDR_PERSISTENCY_CLIENT: SWR_PERSISTENCE_HV_LA_MF_0005|FUN=TCPHandler:: sender:ACTION_REQUEST |2|msg:condition 
01-01 00:32:01.485  2677  2725 W ANDR_PERSISTENCY_CLIENT: SWR_PERSISTENCE_HV_LA_MF_0005|FUN=TCPHandler:: getWrappedData |2|msg: msg com.panasonic.dairse.vcpupersistence.TCPHandler$Message@73a4efa
01-01 00:32:01.485  2677  2725 W ANDR_PERSISTENCY_CLIENT: SWR_PERSISTENCE_HV_LA_MF_0005|FUN=TCPHandler::getCommandKey|2|msg:commandKey=10
01-01 00:32:01.485  2677  2725 W ANDR_PERSISTENCY_CLIENT: SWR_PERSISTENCE_HV_LA_MF_0005|FUN=TCPHandler:: intToBytes |2| data 1
01-01 00:32:01.485  2677  2725 W ANDR_PERSISTENCY_CLIENT: SWR_PERSISTENCE_HV_LA_MF_0005|FUN=TCPHandler:: intToBytes |2| data 13
01-01 00:32:01.485  2677  2725 W ANDR_PERSISTENCY_CLIENT: SWR_PERSISTENCE_HV_LA_MF_0005|FUN=TCPHandler:: getUID |2|msg:uid=44
01-01 00:32:01.485  2677  2725 W ANDR_PERSISTENCY_CLIENT: SWR_PERSISTENCE_HV_LA_MF_0005|FUN=TCPHandler::start|2|msg:sender::msg=[0, 0, 0, 13, 1, 44, 10, 4, 48, 120, 48, 48, 0, 0, 0, 1, 6]
01-01 00:32:01.485  2677  2725 W ANDR_PERSISTENCY_CLIENT: SWR_PERSISTENCE_HV_LA_MF_0005|FUN=TCPHandler:: sender : Thread.interrupted() |2|msg:condition 
01-01 00:32:01.487  1508  1601 W QCNEJ   : |CORE| notifyWifiStatusChanged failed
01-01 00:32:01.487  1508  1601 W QCNEJ   : |CORE| notifyRatConnectionStatusChanged failed
01-01 00:32:01.488  1392  1392 W SYSTEM_UI: SWR_SYSTEM_UI_008|FUN=CollapsedStatusBarFragment::AndroidEventReceiver | getAction |1|Broadcast action:android.net.wifi.STATE_CHANGE received
01-01 00:32:01.488  1392  1392 W SYSTEM_UI - CI07.3: className -> CollapsedStatusBarFragment | functionName -> AndroidEventReceiver | onReceive -->  | value -> Wifi connection status--> false
01-01 00:32:01.488  1392  1392 W SYSTEM_UI: SWR_SYSTEM_UI_008|FUN=CollapsedStatusBarFragment::isConnected |1|Wifi connection status--> false
01-01 00:32:01.488  1392  1392 W SYSTEM_UI - CI07.3: className -> CollapsedStatusBarFragment | functionName -> updateHermsDataType | value -> Update Herms Data Type :: networkType --> 0
01-01 00:32:01.488  1392  1392 W SYSTEM_UI - CI07.3: className -> CollapsedStatusBarFragment | functionName -> updateHermsDataType | value -> Update Herms Data Type :: isWebsiteSecure --> false
01-01 00:32:01.488  1392  1392 W SYSTEM_UI - CI07.3: className -> CollapsedStatusBarFragment | functionName -> updateHermsDataType | value -> Update Herms Data Type :: connection status --> 1
01-01 00:32:01.488  1392  1392 W SYSTEM_UI - CI07.3: className -> CollapsedStatusBarFragment | functionName -> updateHermsDataType | value -> Update Herms Data Type :: data Transfer --> false
01-01 00:32:01.488  1392  1392 W SYSTEM_UI - CI07.3: className -> CollapsedStatusBarFragment | functionName -> updateHermsDataType | value -> Update Herms Data Type :: wifiConnectionStatus --> false
01-01 00:32:01.488  1392  1392 W SYSTEM_UI - CI07.3: className -> CollapsedStatusBarFragment | functionName -> updateHermsDataType | value -> path 2
01-01 00:32:01.488  1392  1392 W SYSTEM_UI - CI07.3: className -> CollapsedStatusBarFragment | functionName -> updateHermsDataType | value -> path 3
01-01 00:32:01.489  2677  2726 W ANDR_PERSISTENCY_CLIENT: SWR_PERSISTENCE_HV_LA_MF_0005|FUN=TCPHandler::start|2|msg:receiver::run: size of totalLength 4
01-01 00:32:01.489  2677  2726 W ANDR_PERSISTENCY_CLIENT: SWR_PERSISTENCE_HV_LA_MF_0005|FUN=TCPHandler::start|2|msg:receiver::run: totalLength is > 0
01-01 00:32:01.489  2677  2726 W ANDR_PERSISTENCY_CLIENT: SWR_PERSISTENCE_HV_LA_MF_0005|FUN=TCPHandler::start|2|msg:receiver::response length= 12
01-01 00:32:01.489  2677  2726 W ANDR_PERSISTENCY_CLIENT: SWR_PERSISTENCE_HV_LA_MF_0005|FUN=TCPHandler::handleInBoundData|2|message=[0, 44, 10, 0, 0, 0, 0, 4, 1, 0, 0, 0]
01-01 00:32:01.489  2677  2726 W ANDR_PERSISTENCY_CLIENT: SWR_PERSISTENCE_HV_LA_MF_0005|FUN=TCPHandler::handleInBoundData|2|msg:response listKey=44_10
01-01 00:32:01.489  2677  2726 W ANDR_PERSISTENCY_CLIENT: SWR_PERSISTENCE_HV_LA_MF_0005|FUN=TCPHandler::handleInBoundData|2|msg:TCPHandler.handleInBoundData success response=0
01-01 00:32:01.489  2677  2726 W ANDR_PERSISTENCY_CLIENT: SWR_PERSISTENCE_HV_LA_MF_0005|FUN=TCPHandler::isB2cResponce|2|msg: message [0, 44, 10, 0, 0, 0, 0, 4, 1, 0, 0, 0]
01-01 00:32:01.489  2677  2726 W ANDR_PERSISTENCY_CLIENT: SWR_PERSISTENCE_HV_LA_MF_0005|FUN=TCPHandler::handleInBoundData|2|msg:  isB2cResponce
01-01 00:32:01.489  2677  2726 W ANDR_PERSISTENCY_CLIENT: SWR_PERSISTENCE_HV_LA_MF_0005|FUN=TCPHandler::sendResponse|2|msg:send Response using IVCPUServiceCallBack=[0, 44, 10, 0, 0, 0, 0, 4, 1, 0, 0, 0]
01-01 00:32:01.489  2677  2726 W ANDR_PERSISTENCY_CLIENT: SWR_PERSISTENCE_HV_LA_MF_0005|FUN=TCPHandler::sendResponse|2|msg:send Response using IVCPUServiceCallBack=[0, 44, 10, 0, 0, 0, 0, 4, 1, 0, 0, 0]
01-01 00:32:01.489  2145  4215 W HMI_SERVICE: USE_CASE_NA|FUN=HmiApplication|executeLinuxCmdConnection responseData:[0, 44, 10, 0, 0, 0, 0, 4, 1, 0, 0, 0]
01-01 00:32:01.490  2145  2145 D HMI_SERVICE: USE_CASE_NA|FUN=HmiApplication| [action] android.net.wifi.STATE_CHANGE
01-01 00:32:01.494  2145  4215 W HMI_SERVICE: USE_CASE_NA|FUN=HmiApplication|executeLinuxCmdConnection responseData=not valid:16777216
01-01 00:32:01.494  2145  4215 W HMI_SERVICE: USE_CASE_NA|FUN=HmiApplication|executeLinuxCmdConnection responseReturnData=
01-01 00:32:01.494  2145  4215 W HMI_SERVICE: USE_CASE_NA|FUN=HmiApplication|executeLinuxCmdB2C response=true
01-01 00:32:01.494  1151  1317 D WifiStateMachine: CMD_START_CONNECT sup state DisconnectedState my state DisconnectedState nid=82 roam=false
01-01 00:32:01.495   808   808 W wificond: Scan is not started. Ignore abort request
01-01 00:32:01.501  1151  1317 D WifiConfiguration: configKey: false
01-01 00:32:01.501  1151  1317 D SupplicantStaIfaceHal: connectToNetwork "RSE_Test"WPA_PSK
01-01 00:32:01.501  1151  1317 D SupplicantStaIfaceHal: Network is already saved, will not trigger remove and add operation.
01-01 00:32:01.502  1151  1317 D WifiStateMachine: processMessage:  connect success 
01-01 00:32:01.502  1151  1317 D WifiStateMachine: processMessage: connect over
01-01 00:32:01.502  1151  1317 D WifiConfiguration: configKey: false
01-01 00:32:01.504  2145  2145 D HMI_SERVICE: USE_CASE_NA|FUN=HmiApplication| [action] android.net.wifi.supplicant.STATE_CHANGE
01-01 00:32:01.512  3739  3739 E HMI2-SETTINGS - CI08.4: className -> WifiActivity | functionName -> mWifiScanReceiver -> onReceive | error ->intent_action:android.net.wifi.CONFIGURED_NETWORKS_CHANGE
01-01 00:32:01.512  1151  1167 I WifiService: getWifiEnabledState uid=1000
01-01 00:32:01.514  3739  3739 W HMI2-SETTINGS: SWR_BAIDU_HMI_0020|FUN=WifiActivity::handleConnectedNetworkVisibility|0|getWifiStat::true
01-01 00:32:01.515  1151  1550 I WifiService: getConfiguredNetworks uid=1000
01-01 00:32:01.517  3739  3739 W HMI2-SETTINGS - CI08.4: className -> WifiActivity | functionName -> getSavedNetworkList | value -> config.netID ->82
01-01 00:32:01.518  3739  3739 W HMI2-SETTINGS - CI08.4: className -> WifiActivity | functionName -> getSavedNetworkList | value -> config.SSID ->"RSE_Test"
01-01 00:32:01.518  3739  3739 W HMI2-SETTINGS - CI08.4: className -> WifiActivity | functionName -> getSavedNetworkList | value -> config.BSSID ->null
01-01 00:32:01.518  3739  3739 W HMI2-SETTINGS: SWR_BAIDU_HMI_0027|SWR_BAIDU_HMI_0015|FUN=WifiActivity::getScanResults|1|Get list of available wifi hotspots.
01-01 00:32:01.524  3739  3739 W HMI2-SETTINGS - CI08.4: className -> WifiActivity | functionName -> isWapiVariantBlocked | value -> security_type:2
01-01 00:32:01.524  3739  3739 W HMI2-SETTINGS - CI08.4: className -> WifiActivity | functionName -> isInConnected | value -> |ACSIA_CORP1|0|2
01-01 00:32:01.524  3739  3739 W HMI2-SETTINGS - CI08.4: className -> WifiActivity | functionName -> isWapiVariantBlocked | value -> security_type:2
01-01 00:32:01.524  3739  3739 W HMI2-SETTINGS - CI08.4: className -> WifiActivity | functionName -> isInConnected | value -> | ACSIA_CORP3|0|2
01-01 00:32:01.524  3739  3739 W HMI2-SETTINGS - CI08.4: className -> WifiActivity | functionName -> isWapiVariantBlocked | value -> security_type:2
01-01 00:32:01.524  3739  3739 W HMI2-SETTINGS - CI08.4: className -> WifiActivity | functionName -> isInConnected | value -> |ACSIA_Management|0|2
01-01 00:32:01.524  3739  3739 W HMI2-SETTINGS - CI08.4: className -> WifiActivity | functionName -> isWapiVariantBlocked | value -> security_type:2
01-01 00:32:01.524  3739  3739 W HMI2-SETTINGS - CI08.4: className -> WifiActivity | functionName -> isInConnected | value -> |ACSIA_GUEST1|0|2
01-01 00:32:01.524  3739  3739 W HMI2-SETTINGS - CI08.4: className -> WifiActivity | functionName -> isWapiVariantBlocked | value -> security_type:2
01-01 00:32:01.524  3739  3739 W HMI2-SETTINGS - CI08.4: className -> WifiActivity | functionName -> isInConnected | value -> |ACSIA_CORP2|0|2
01-01 00:32:01.524  3739  3739 W HMI2-SETTINGS - CI08.4: className -> WifiActivity | functionName -> isWapiVariantBlocked | value -> security_type:2
01-01 00:32:01.524  3739  3739 W HMI2-SETTINGS - CI08.4: className -> WifiActivity | functionName -> isInConnected | value -> |ACSIA_DEV|0|2
01-01 00:32:01.524  3739  3739 W HMI2-SETTINGS - CI08.4: className -> WifiActivity | functionName -> isWapiVariantBlocked | value -> security_type:2
01-01 00:32:01.524  3739  3739 W HMI2-SETTINGS - CI08.4: className -> WifiActivity | functionName -> isInConnected | value -> |RSE_Test|0|2
01-01 00:32:01.524  3739  3739 W HMI2-SETTINGS - CI08.4: className -> WifiActivity | functionName -> isWapiVariantBlocked | value -> security_type:2
01-01 00:32:01.524  3739  3739 W HMI2-SETTINGS - CI08.4: className -> WifiActivity | functionName -> isInConnected | value -> |ACSIA_CORP2|0|2
01-01 00:32:01.524  3739  3739 W HMI2-SETTINGS - CI08.4: className -> WifiActivity | functionName -> isWapiVariantBlocked | value -> security_type:2
01-01 00:32:01.524  3739  3739 W HMI2-SETTINGS - CI08.4: className -> WifiActivity | functionName -> isInConnected | value -> |Secure|0|2
01-01 00:32:01.524  3739  3739 W HMI2-SETTINGS - CI08.4: className -> WifiActivity | functionName -> isWapiVariantBlocked | value -> security_type:2
01-01 00:32:01.524  3739  3739 W HMI2-SETTINGS - CI08.4: className -> WifiActivity | functionName -> isInConnected | value -> |ACSIA_Management|0|2
01-01 00:32:01.524  3739  3739 W HMI2-SETTINGS - CI08.4: className -> WifiActivity | functionName -> isWapiVariantBlocked | value -> security_type:2
01-01 00:32:01.524  3739  3739 W HMI2-SETTINGS - CI08.4: className -> WifiActivity | functionName -> isInConnected | value -> | ACSIA_CORP3|0|2
01-01 00:32:01.524  3739  3739 W HMI2-SETTINGS - CI08.4: className -> WifiActivity | functionName -> isWapiVariantBlocked | value -> security_type:2
01-01 00:32:01.525  3739  3739 W HMI2-SETTINGS - CI08.4: className -> WifiActivity | functionName -> isInConnected | value -> |NETGEAR66-5G|0|2
01-01 00:32:01.525  3739  3739 W HMI2-SETTINGS - CI08.4: className -> WifiActivity | functionName -> isWapiVariantBlocked | value -> security_type:2
01-01 00:32:01.525  3739  3739 W HMI2-SETTINGS - CI08.4: className -> WifiActivity | functionName -> isInConnected | value -> |RSE_Test|0|2
01-01 00:32:01.525  3739  3739 W HMI2-SETTINGS - CI08.4: className -> WifiActivity | functionName -> isWapiVariantBlocked | value -> security_type:2
01-01 00:32:01.525  3739  3739 W HMI2-SETTINGS - CI08.4: className -> WifiActivity | functionName -> isInConnected | value -> |HUWIFI|0|2
01-01 00:32:01.525  3739  3739 W HMI2-SETTINGS - CI08.4: className -> WifiActivity | functionName -> isWapiVariantBlocked | value -> security_type:2
01-01 00:32:01.525  3739  3739 W HMI2-SETTINGS - CI08.4: className -> WifiActivity | functionName -> isInConnected | value -> |ACSIA_CORP1|0|2
01-01 00:32:01.525  3739  3739 W HMI2-SETTINGS - CI08.4: className -> WifiActivity | functionName -> isWapiVariantBlocked | value -> security_type:2
01-01 00:32:01.525  3739  3739 W HMI2-SETTINGS - CI08.4: className -> WifiActivity | functionName -> isInConnected | value -> |ACSIA_GUEST1|0|2
01-01 00:32:01.525  3739  3739 W HMI2-SETTINGS - CI08.4: className -> WifiActivity | functionName -> isWapiVariantBlocked | value -> security_type:2
01-01 00:32:01.525  3739  3739 W HMI2-SETTINGS - CI08.4: className -> WifiActivity | functionName -> isInConnected | value -> |ACSIA_DEV|0|2
01-01 00:32:01.525  3739  3739 W HMI2-SETTINGS - CI08.4: className -> WifiActivity | functionName -> isWapiVariantBlocked | value -> security_type:2
01-01 00:32:01.525  3739  3739 W HMI2-SETTINGS - CI08.4: className -> WifiActivity | functionName -> isInConnected | value -> |DIRECT-vQINLT044msmJ|0|2
01-01 00:32:01.525  3739  3739 W HMI2-SETTINGS - CI08.4: className -> WifiActivity | functionName -> isWapiVariantBlocked | value -> security_type:2
01-01 00:32:01.525  3739  3739 W HMI2-SETTINGS - CI08.4: className -> WifiActivity | functionName -> isInConnected | value -> |DIRECT-DMATCLWI2064msNL|0|2
01-01 00:32:01.525  3739  3739 W HMI2-SETTINGS - CI08.4: className -> WifiActivity | functionName -> isWapiVariantBlocked | value -> security_type:2
01-01 00:32:01.525  3739  3739 W HMI2-SETTINGS - CI08.4: className -> WifiActivity | functionName -> isInConnected | value -> |AUTOMATION_TEST|0|2
01-01 00:32:01.525  3739  3739 W HMI2-SETTINGS - CI08.4: className -> WifiActivity | functionName -> isWapiVariantBlocked | value -> security_type:2
01-01 00:32:01.525  3739  3739 W HMI2-SETTINGS - CI08.4: className -> WifiActivity | functionName -> isInConnected | value -> |MB Hotspot 61185|0|2
01-01 00:32:01.525  3739  3739 W HMI2-SETTINGS - CI08.4: className -> WifiActivity | functionName -> isWapiVariantBlocked | value -> security_type:0
01-01 00:32:01.525  3739  3739 W HMI2-SETTINGS - CI08.4: className -> WifiActivity | functionName -> isInConnected | value -> |HP-Print-DB-LaserJet Pro MFP|0|0
01-01 00:32:01.525  3739  3739 W HMI2-SETTINGS - CI08.4: className -> WifiActivity | functionName -> handleAllAvailNetwork | value -> savedNetwork ->1
01-01 00:32:01.525  3739  3739 W HMI2-SETTINGS - CI08.4: className -> WifiActivity | functionName -> handleAllAvailNetwork | value -> presentVisibleNetwork ->22
01-01 00:32:01.529  1151  1550 I WifiService: getConfiguredNetworks uid=1000
01-01 00:32:01.530  3739  3739 W HMI2-SETTINGS - CI08.4: className -> WifiActivity | functionName -> getConfig: success-> | value -> "RSE_Test"
01-01 00:32:01.531  3739  3739 W HMI2-SETTINGS - CI08.4: className -> WifiActivity | functionName -> getConnectSummary | value -> getConnectSummaryID: 82 SSID: "RSE_Test" PROVIDER-NAME: null BSSID: null FQDN: null PRIO: 0 HIDDEN: false
01-01 00:32:01.531  3739  3739 W HMI2-SETTINGS - CI08.4:  NetworkSelectionStatus NETWORK_SELECTION_ENABLED
01-01 00:32:01.531  3739  3739 W HMI2-SETTINGS - CI08.4:  hasEverConnected: false
01-01 00:32:01.531  3739  3739 W HMI2-SETTINGS - CI08.4:  KeyMgmt: WPA_PSK Protocols: WPA RSN
01-01 00:32:01.531  3739  3739 W HMI2-SETTINGS - CI08.4:  AuthAlgorithms: OPEN
01-01 00:32:01.531  3739  3739 W HMI2-SETTINGS - CI08.4:  PairwiseCiphers: TKIP CCMP
01-01 00:32:01.531  3739  3739 W HMI2-SETTINGS - CI08.4:  GroupCiphers: TKIP CCMP
01-01 00:32:01.531  3739  3739 W HMI2-SETTINGS - CI08.4:  PSK: *
01-01 00:32:01.531  3739  3739 W HMI2-SETTINGS - CI08.4: 
01-01 00:32:01.531  3739  3739 W HMI2-SETTINGS - CI08.4:  sim_num 
01-01 00:32:01.531  3739  3739 W HMI2-SETTINGS - CI08.4: Enterprise config:
01-01 00:32:01.531  3739  3739 W HMI2-SETTINGS - CI08.4: IP config:
01-01 00:32:01.531  3739  3739 W HMI2-SETTINGS - CI08.4: IP assignment: DHCP
01-01 00:32:01.531  3739  3739 W HMI2-SETTINGS - CI08.4: Proxy settings: NONE
01-01 00:32:01.531  3739  3739 W HMI2-SETTINGS - CI08.4:  cuid=1000 cname=android.uid.system:1000 luid=1000 lname=android.uid.system:1000 lcuid=1000 userApproved=USER_UNSPECIFIED noInternetAccessExpected=false roamingFailureBlackListTimeMilli: 1000
01-01 00:32:01.531  3739  3739 W HMI2-SETTINGS - CI08.4: recentFailure: Association Rejection code: 0
01-01 00:32:01.531  3739  3739 W HMI2-SETTINGS - CI08.4: ShareThisAp: false
01-01 00:32:01.531  3739  3739 W HMI2-SETTINGS - CI08.4: className -> WifiActivity | functionName -> getConnectSummary : | value ->  Saved
01-01 00:32:01.531  3739  3739 E HMI2-SETTINGS - CI08.4: className -> WifiActivity | functionName -> mWifiScanReceiver -> onReceive | error ->intent_action:android.net.wifi.CONFIGURED_NETWORKS_CHANGE
01-01 00:32:01.531  1151  1550 I WifiService: getWifiEnabledState uid=1000
01-01 00:32:01.533  3739  3739 W HMI2-SETTINGS: SWR_BAIDU_HMI_0020|FUN=WifiActivity::handleConnectedNetworkVisibility|0|getWifiStat::true
