01-01 00:35:50.180  1392  1392 W SYSTEM_UI: SWR_SYSTEM_UI_004|FUN=StatusBar::getActiveNotifications|1|Get active notifications from Android framework.
01-01 00:35:50.180  1392  1392 D StatusBar: notification received at statusbar 2
01-01 00:35:50.180  1151  1416 D CompatibilityInfo: mCompatibilityFlags - 4
01-01 00:35:50.180  1151  1416 D CompatibilityInfo: applicationDensity - 240
01-01 00:35:50.180  1151  1416 D CompatibilityInfo: applicationScale - 1.0
01-01 00:35:50.197  1392  1392 W SYSTEM_UI - CI07.3: className -> NotificationUIService | functionName -> onStartCommand | value -> onStartCommand NotificationServiceListener
01-01 00:35:50.197  1392  1392 W SYSTEM_UI - CI07.3: className -> NotificationUIService | functionName -> onStartCommand | value -> onStartCommand NotificationServiceListenerACTION_NOTIFICATION_UPDATE
01-01 00:35:50.197  1392  1392 W SYSTEM_UI - CI07.3: className -> NotificationUIService | functionName -> onStartCommand | value -> ActionName --> ACTION_NOTIFICATION_UPDATE
01-01 00:35:50.202  3739  3739 V Activity: onCreate com.panasonic.hmi2settings.activity.WifiActivity@e7da03: null
01-01 00:35:50.202  3739  3739 W HMI2-SETTINGS - CI08.4: className -> BaseActivity | functionName -> onCreate | value -> onCreate
01-01 00:35:50.209  1392  1392 D ScrimController: animate_trace: updateScrims entry
01-01 00:35:50.209  1392  1392 D ScrimController: animate_trace: setScrimBehindAlpha :hardcoding alpha=0.0 to 0
01-01 00:35:50.209  1392  1392 D ScrimController: animate_trace: setScrimInFrontAlpha :hardcoding alpha=0.0 to 0
01-01 00:35:50.214  3739  3739 W HMI2-SETTINGS - CI08.4: className -> WifiActivity | functionName -> initViews | value -> entry
01-01 00:35:50.215  3739  3739 W HMI2-SETTINGS - CI08.4: className -> WifiActivity | functionName -> initControl | value -> entry
01-01 00:35:50.215  1151  2264 I WifiService: getWifiEnabledState uid=1000
01-01 00:35:50.217  3739  3739 W HMI2-SETTINGS: SWR_BAIDU_HMI_0020|FUN=WifiActivity::handleConnectedNetworkVisibility|0|getWifiStat::true
01-01 00:35:50.218  1151  2264 I WifiService: getConfiguredNetworks uid=1000
01-01 00:35:50.219  3739  3739 W HMI2-SETTINGS: SWR_BAIDU_HMI_0027|SWR_BAIDU_HMI_0015|FUN=WifiActivity::getScanResults|1|Get list of available wifi hotspots.
01-01 00:35:50.226  3739  3739 W HMI2-SETTINGS - CI08.4: className -> WifiActivity | functionName -> isWapiVariantBlocked | value -> security_type:2
01-01 00:35:50.226  3739  3739 W HMI2-SETTINGS - CI08.4: className -> WifiActivity | functionName -> isInConnected | value -> |ACSIA_CORP1|0|2
01-01 00:35:50.226  3739  3739 W HMI2-SETTINGS - CI08.4: className -> WifiActivity | functionName -> isWapiVariantBlocked | value -> security_type:2
01-01 00:35:50.226  3739  3739 W HMI2-SETTINGS - CI08.4: className -> WifiActivity | functionName -> isInConnected | value -> | ACSIA_CORP3|0|2
01-01 00:35:50.226  3739  3739 W HMI2-SETTINGS - CI08.4: className -> WifiActivity | functionName -> isWapiVariantBlocked | value -> security_type:2
01-01 00:35:50.226  3739  3739 W HMI2-SETTINGS - CI08.4: className -> WifiActivity | functionName -> isInConnected | value -> |ACSIA_Management|0|2
01-01 00:35:50.226  3739  3739 W HMI2-SETTINGS - CI08.4: className -> WifiActivity | functionName -> isWapiVariantBlocked | value -> security_type:2
01-01 00:35:50.226  3739  3739 W HMI2-SETTINGS - CI08.4: className -> WifiActivity | functionName -> isInConnected | value -> |ACSIA_GUEST1|0|2
01-01 00:35:50.226  3739  3739 W HMI2-SETTINGS - CI08.4: className -> WifiActivity | functionName -> isWapiVariantBlocked | value -> security_type:2
01-01 00:35:50.226  3739  3739 W HMI2-SETTINGS - CI08.4: className -> WifiActivity | functionName -> isInConnected | value -> |ACSIA_CORP2|0|2
01-01 00:35:50.226  3739  3739 W HMI2-SETTINGS - CI08.4: className -> WifiActivity | functionName -> isWapiVariantBlocked | value -> security_type:2
01-01 00:35:50.226  3739  3739 W HMI2-SETTINGS - CI08.4: className -> WifiActivity | functionName -> isInConnected | value -> |ACSIA_DEV|0|2
01-01 00:35:50.226  3739  3739 W HMI2-SETTINGS - CI08.4: className -> WifiActivity | functionName -> isWapiVariantBlocked | value -> security_type:2
01-01 00:35:50.226  3739  3739 W HMI2-SETTINGS - CI08.4: className -> WifiActivity | functionName -> isInConnected | value -> |RSE_Test|0|2
01-01 00:35:50.226  3739  3739 W HMI2-SETTINGS - CI08.4: className -> WifiActivity | functionName -> isWapiVariantBlocked | value -> security_type:2
01-01 00:35:50.226  3739  3739 W HMI2-SETTINGS - CI08.4: className -> WifiActivity | functionName -> isInConnected | value -> |NETGEAR66-5G|0|2
01-01 00:35:50.226  3739  3739 W HMI2-SETTINGS - CI08.4: className -> WifiActivity | functionName -> isWapiVariantBlocked | value -> security_type:2
01-01 00:35:50.226  3739  3739 W HMI2-SETTINGS - CI08.4: className -> WifiActivity | functionName -> isInConnected | value -> |Secure|0|2
01-01 00:35:50.226  3739  3739 W HMI2-SETTINGS - CI08.4: className -> WifiActivity | functionName -> isWapiVariantBlocked | value -> security_type:2
01-01 00:35:50.226  3739  3739 W HMI2-SETTINGS - CI08.4: className -> WifiActivity | functionName -> isInConnected | value -> |ACSIA_CORP1|0|2
01-01 00:35:50.226  3739  3739 W HMI2-SETTINGS - CI08.4: className -> WifiActivity | functionName -> isWapiVariantBlocked | value -> security_type:2
01-01 00:35:50.226  3739  3739 W HMI2-SETTINGS - CI08.4: className -> WifiActivity | functionName -> isInConnected | value -> |ACSIA_GUEST1|0|2
01-01 00:35:50.226  3739  3739 W HMI2-SETTINGS - CI08.4: className -> WifiActivity | functionName -> isWapiVariantBlocked | value -> security_type:2
01-01 00:35:50.226  3739  3739 W HMI2-SETTINGS - CI08.4: className -> WifiActivity | functionName -> isInConnected | value -> |ACSIA_DEV|0|2
01-01 00:35:50.226  3739  3739 W HMI2-SETTINGS - CI08.4: className -> WifiActivity | functionName -> isWapiVariantBlocked | value -> security_type:2
01-01 00:35:50.226  3739  3739 W HMI2-SETTINGS - CI08.4: className -> WifiActivity | functionName -> isInConnected | value -> |ACSIA_CORP2|0|2
01-01 00:35:50.226  3739  3739 W HMI2-SETTINGS - CI08.4: className -> WifiActivity | functionName -> isWapiVariantBlocked | value -> security_type:2
01-01 00:35:50.227  3739  3739 W HMI2-SETTINGS - CI08.4: className -> WifiActivity | functionName -> isInConnected | value -> | ACSIA_CORP3|0|2
01-01 00:35:50.227  3739  3739 W HMI2-SETTINGS - CI08.4: className -> WifiActivity | functionName -> isWapiVariantBlocked | value -> security_type:2
01-01 00:35:50.227  3739  3739 W HMI2-SETTINGS - CI08.4: className -> WifiActivity | functionName -> isInConnected | value -> |ACSIA_Management|0|2
01-01 00:35:50.227  3739  3739 W HMI2-SETTINGS - CI08.4: className -> WifiActivity | functionName -> isWapiVariantBlocked | value -> security_type:2
01-01 00:35:50.227  3739  3739 W HMI2-SETTINGS - CI08.4: className -> WifiActivity | functionName -> isInConnected | value -> |RSE_Test|0|2
01-01 00:35:50.227  3739  3739 W HMI2-SETTINGS - CI08.4: className -> WifiActivity | functionName -> isWapiVariantBlocked | value -> security_type:2
01-01 00:35:50.227  3739  3739 W HMI2-SETTINGS - CI08.4: className -> WifiActivity | functionName -> isInConnected | value -> |HUWIFI|0|2
01-01 00:35:50.227  3739  3739 W HMI2-SETTINGS - CI08.4: className -> WifiActivity | functionName -> isWapiVariantBlocked | value -> security_type:2
01-01 00:35:50.227  3739  3739 W HMI2-SETTINGS - CI08.4: className -> WifiActivity | functionName -> isInConnected | value -> |DIRECT-vQINLT044msmJ|0|2
01-01 00:35:50.227  3739  3739 W HMI2-SETTINGS - CI08.4: className -> WifiActivity | functionName -> isWapiVariantBlocked | value -> security_type:2
01-01 00:35:50.227  3739  3739 W HMI2-SETTINGS - CI08.4: className -> WifiActivity | functionName -> isInConnected | value -> |DIRECT-DMATCLWI2064msNL|0|2
01-01 00:35:50.227  3739  3739 W HMI2-SETTINGS - CI08.4: className -> WifiActivity | functionName -> isWapiVariantBlocked | value -> security_type:2
01-01 00:35:50.227  3739  3739 W HMI2-SETTINGS - CI08.4: className -> WifiActivity | functionName -> isInConnected | value -> |AUTOMATION_TEST|0|2
01-01 00:35:50.227  3739  3739 W HMI2-SETTINGS - CI08.4: className -> WifiActivity | functionName -> isWapiVariantBlocked | value -> security_type:2
01-01 00:35:50.227  3739  3739 W HMI2-SETTINGS - CI08.4: className -> WifiActivity | functionName -> isInConnected | value -> |ACSIA_CORP1|0|2
01-01 00:35:50.227  3739  3739 W HMI2-SETTINGS - CI08.4: className -> WifiActivity | functionName -> isWapiVariantBlocked | value -> security_type:2
01-01 00:35:50.227  3739  3739 W HMI2-SETTINGS - CI08.4: className -> WifiActivity | functionName -> isInConnected | value -> |ACSIA_GUEST1|0|2
01-01 00:35:50.227  3739  3739 W HMI2-SETTINGS - CI08.4: className -> WifiActivity | functionName -> isWapiVariantBlocked | value -> security_type:2
01-01 00:35:50.227  3739  3739 W HMI2-SETTINGS - CI08.4: className -> WifiActivity | functionName -> isInConnected | value -> |ACSIA_DEV|0|2
01-01 00:35:50.227  3739  3739 W HMI2-SETTINGS - CI08.4: className -> WifiActivity | functionName -> isWapiVariantBlocked | value -> security_type:2
01-01 00:35:50.227  3739  3739 W HMI2-SETTINGS - CI08.4: className -> WifiActivity | functionName -> isInConnected | value -> |RSE_Test|0|2
01-01 00:35:50.227  3739  3739 W HMI2-SETTINGS - CI08.4: className -> WifiActivity | functionName -> isWapiVariantBlocked | value -> security_type:2
01-01 00:35:50.227  3739  3739 W HMI2-SETTINGS - CI08.4: className -> WifiActivity | functionName -> isInConnected | value -> |ACSIA_CORP2|0|2
01-01 00:35:50.227  3739  3739 W HMI2-SETTINGS - CI08.4: className -> WifiActivity | functionName -> isWapiVariantBlocked | value -> security_type:2
01-01 00:35:50.227  3739  3739 W HMI2-SETTINGS - CI08.4: className -> WifiActivity | functionName -> isInConnected | value -> | ACSIA_CORP3|0|2
01-01 00:35:50.227  3739  3739 W HMI2-SETTINGS - CI08.4: className -> WifiActivity | functionName -> isWapiVariantBlocked | value -> security_type:2
01-01 00:35:50.227  3739  3739 W HMI2-SETTINGS - CI08.4: className -> WifiActivity | functionName -> isInConnected | value -> |ACSIA_Management|0|2
01-01 00:35:50.227  3739  3739 W HMI2-SETTINGS - CI08.4: className -> WifiActivity | functionName -> isWapiVariantBlocked | value -> security_type:2
01-01 00:35:50.227  3739  3739 W HMI2-SETTINGS - CI08.4: className -> WifiActivity | functionName -> isInConnected | value -> |MB Hotspot 61185|0|2
01-01 00:35:50.227  3739  3739 W HMI2-SETTINGS - CI08.4: className -> WifiActivity | functionName -> handleAllAvailNetwork | value -> savedNetwork ->0
01-01 00:35:50.227  3739  3739 W HMI2-SETTINGS - CI08.4: className -> WifiActivity | functionName -> handleAllAvailNetwork | value -> presentVisibleNetwork ->28
01-01 00:35:50.228  3739  3739 W HMI2-SETTINGS - CI08.4: className -> WifiActivity | functionName -> handleIfWifiAvailableNetworks: config is  | value -> null
01-01 00:35:50.230  3739  3739 V Activity: onStart com.panasonic.hmi2settings.activity.WifiActivity@e7da03
01-01 00:35:50.231  3739  3739 V Activity: onResume com.panasonic.hmi2settings.activity.WifiActivity@e7da03
01-01 00:35:50.232  3739  3739 W ContextImpl: Calling a method in the system process without a qualified user: android.app.ContextImpl.startService:1476 android.content.ContextWrapper.startService:650 android.app.Activity.onResume:1329 android.support.v4.app.FragmentActivity.onResume:451 com.panasonic.hmi2settings.activity.BaseActivity.onResume:65 
01-01 00:35:50.233  1151  2264 D CompatibilityInfo: mCompatibilityFlags - 4
01-01 00:35:50.234  1151  2264 D CompatibilityInfo: applicationDensity - 240
01-01 00:35:50.234  1151  2264 D CompatibilityInfo: applicationScale - 1.0
01-01 00:35:50.234  1933  1957 D LCMANDR : SWR_OOB_HV_MF_009|FUN=LifeCycleManagerService::LifeCycle_ReportCompStatus|GOT ALIVENESS SIGNAL FROM DAIAPP : [0]; HB Counter = [ 847 ]; STATUS INFO = [ 0 ]
01-01 00:35:50.235  3739  3739 D Activity: onStart: startService done
01-01 00:35:50.235  3739  3739 W HMI2-SETTINGS - CI08.4: className -> BaseActivity | functionName -> onResume | value -> onResume
01-01 00:35:50.235  3739  3739 W HMI2-SETTINGS - CI08.4: className -> BaseActivity | functionName -> registerIntentFilter | value -> Register IntentFilter
01-01 00:35:50.237  3739  3739 W HMI2-SETTINGS - CI08.4: className -> WifiActivity | functionName -> onResume | value -> entry
01-01 00:35:50.237  1392  1392 W SYSTEM_UI: SWR_SYSTEM_UI_007|FUN=CollapsedStatusBarFragment::getAction |1|Broadcast action --> STATUS_UPDATE_ACTION
01-01 00:35:50.238  3739  3739 W HMI2-SETTINGS - CI08.4: className -> WifiActivity | functionName -> registerIntentFilter | value -> entry : 
01-01 00:35:50.238  1392  1392 W SYSTEM_UI: SWR_SYSTEM_UI_007|FUN=CollapsedStatusBarFragment::getIntExtra |1|NotifySystemUpdates dataType --> 100
01-01 00:35:50.238  1392  1392 W SYSTEM_UI: SWR_SYSTEM_UI_006|FUN=CollapsedStatusBarFragment::NotifySystemUpdates | onReceive --> |1|TOP ACTIVITY CHANGED | package --> com.panasonic.hmi2settings | class --> com.panasonic.hmi2settings.activity.WifiActivity
01-01 00:35:50.238  1392  1392 W SYSTEM_UI - CI07.3: className -> CollapsedStatusBarFragment | functionName -> NotifySystemUpdates | onReceive -->  | value -> TOP ACTIVITY CHANGED | package --> com.panasonic.hmi2settings | class --> com.panasonic.hmi2settings.activity.WifiActivity
01-01 00:35:50.239  3739  3739 W HMI2-SETTINGS - CI08.4: className -> WifiActivity | functionName -> getWapiVariantInfo | value -> wifiVariant:1
01-01 00:35:50.239  3739  3739 W HMI2-SETTINGS - CI08.4: className -> WifiActivity | functionName -> getWapiVariantInfo | value -> result : false
01-01 00:35:50.240  1151  1553 I WifiService: getWifiEnabledState uid=1000
01-01 00:35:50.241  3739  3739 W HMI2-SETTINGS: SWR_BAIDU_HMI_0020|FUN=WifiActivity::handleConnectedNetworkVisibility|0|getWifiStat::true
01-01 00:35:50.242  1151  1553 I WifiService: getConfiguredNetworks uid=1000
01-01 00:35:50.243  3739  3739 W HMI2-SETTINGS: SWR_BAIDU_HMI_0027|SWR_BAIDU_HMI_0015|FUN=WifiActivity::getScanResults|1|Get list of available wifi hotspots.
01-01 00:35:50.249  1519  1964 I Connectivity_AIDL|AIDL_Handler.AIDL_Helpers.LcmHelper: MBUX App Method: KeepAliveTest |Line No: 408 |Log Type: Critical |Message: ChildThread:MBUX-App HB Count: 849, ResponseCode: 0
01-01 00:35:50.250  3739  3739 W HMI2-SETTINGS - CI08.4: className -> WifiActivity | functionName -> isWapiVariantBlocked | value -> security_type:2
01-01 00:35:50.251  3739  3739 W HMI2-SETTINGS - CI08.4: className -> WifiActivity | functionName -> isInConnected | value -> |ACSIA_CORP1|0|2
01-01 00:35:50.251  3739  3739 W HMI2-SETTINGS - CI08.4: className -> WifiActivity | functionName -> isWapiVariantBlocked | value -> security_type:2
01-01 00:35:50.251  3739  3739 W HMI2-SETTINGS - CI08.4: className -> WifiActivity | functionName -> isInConnected | value -> | ACSIA_CORP3|0|2
01-01 00:35:50.251  3739  3739 W HMI2-SETTINGS - CI08.4: className -> WifiActivity | functionName -> isWapiVariantBlocked | value -> security_type:2
01-01 00:35:50.251  3739  3739 W HMI2-SETTINGS - CI08.4: className -> WifiActivity | functionName -> isInConnected | value -> |ACSIA_Management|0|2
01-01 00:35:50.251  3739  3739 W HMI2-SETTINGS - CI08.4: className -> WifiActivity | functionName -> isWapiVariantBlocked | value -> security_type:2
01-01 00:35:50.251  3739  3739 W HMI2-SETTINGS - CI08.4: className -> WifiActivity | functionName -> isInConnected | value -> |ACSIA_GUEST1|0|2
01-01 00:35:50.251  3739  3739 W HMI2-SETTINGS - CI08.4: className -> WifiActivity | functionName -> isWapiVariantBlocked | value -> security_type:2
01-01 00:35:50.251  3739  3739 W HMI2-SETTINGS - CI08.4: className -> WifiActivity | functionName -> isInConnected | value -> |ACSIA_CORP2|0|2
01-01 00:35:50.251  3739  3739 W HMI2-SETTINGS - CI08.4: className -> WifiActivity | functionName -> isWapiVariantBlocked | value -> security_type:2
01-01 00:35:50.251  3739  3739 W HMI2-SETTINGS - CI08.4: className -> WifiActivity | functionName -> isInConnected | value -> |ACSIA_DEV|0|2
01-01 00:35:50.251  3739  3739 W HMI2-SETTINGS - CI08.4: className -> WifiActivity | functionName -> isWapiVariantBlocked | value -> security_type:2
01-01 00:35:50.251  3739  3739 W HMI2-SETTINGS - CI08.4: className -> WifiActivity | functionName -> isInConnected | value -> |RSE_Test|0|2
01-01 00:35:50.251  3739  3739 W HMI2-SETTINGS - CI08.4: className -> WifiActivity | functionName -> isWapiVariantBlocked | value -> security_type:2
01-01 00:35:50.251  3739  3739 W HMI2-SETTINGS - CI08.4: className -> WifiActivity | functionName -> isInConnected | value -> |NETGEAR66-5G|0|2
01-01 00:35:50.251  3739  3739 W HMI2-SETTINGS - CI08.4: className -> WifiActivity | functionName -> isWapiVariantBlocked | value -> security_type:2
01-01 00:35:50.251  3739  3739 W HMI2-SETTINGS - CI08.4: className -> WifiActivity | functionName -> isInConnected | value -> |Secure|0|2
01-01 00:35:50.251  3739  3739 W HMI2-SETTINGS - CI08.4: className -> WifiActivity | functionName -> isWapiVariantBlocked | value -> security_type:2
01-01 00:35:50.251  3739  3739 W HMI2-SETTINGS - CI08.4: className -> WifiActivity | functionName -> isInConnected | value -> |ACSIA_CORP1|0|2
01-01 00:35:50.251  3739  3739 W HMI2-SETTINGS - CI08.4: className -> WifiActivity | functionName -> isWapiVariantBlocked | value -> security_type:2
01-01 00:35:50.251  3739  3739 W HMI2-SETTINGS - CI08.4: className -> WifiActivity | functionName -> isInConnected | value -> |ACSIA_GUEST1|0|2
01-01 00:35:50.251  3739  3739 W HMI2-SETTINGS - CI08.4: className -> WifiActivity | functionName -> isWapiVariantBlocked | value -> security_type:2
01-01 00:35:50.251  3739  3739 W HMI2-SETTINGS - CI08.4: className -> WifiActivity | functionName -> isInConnected | value -> |ACSIA_DEV|0|2
01-01 00:35:50.251  3739  3739 W HMI2-SETTINGS - CI08.4: className -> WifiActivity | functionName -> isWapiVariantBlocked | value -> security_type:2
01-01 00:35:50.251  3739  3739 W HMI2-SETTINGS - CI08.4: className -> WifiActivity | functionName -> isInConnected | value -> |ACSIA_CORP2|0|2
01-01 00:35:50.251  3739  3739 W HMI2-SETTINGS - CI08.4: className -> WifiActivity | functionName -> isWapiVariantBlocked | value -> security_type:2
01-01 00:35:50.251  3739  3739 W HMI2-SETTINGS - CI08.4: className -> WifiActivity | functionName -> isInConnected | value -> | ACSIA_CORP3|0|2
01-01 00:35:50.251  3739  3739 W HMI2-SETTINGS - CI08.4: className -> WifiActivity | functionName -> isWapiVariantBlocked | value -> security_type:2
01-01 00:35:50.251  3739  3739 W HMI2-SETTINGS - CI08.4: className -> WifiActivity | functionName -> isInConnected | value -> |ACSIA_Management|0|2
01-01 00:35:50.251  3739  3739 W HMI2-SETTINGS - CI08.4: className -> WifiActivity | functionName -> isWapiVariantBlocked | value -> security_type:2
01-01 00:35:50.251  3739  3739 W HMI2-SETTINGS - CI08.4: className -> WifiActivity | functionName -> isInConnected | value -> |RSE_Test|0|2
01-01 00:35:50.251  3739  3739 W HMI2-SETTINGS - CI08.4: className -> WifiActivity | functionName -> isWapiVariantBlocked | value -> security_type:2
01-01 00:35:50.251  3739  3739 W HMI2-SETTINGS - CI08.4: className -> WifiActivity | functionName -> isInConnected | value -> |HUWIFI|0|2
01-01 00:35:50.251  3739  3739 W HMI2-SETTINGS - CI08.4: className -> WifiActivity | functionName -> isWapiVariantBlocked | value -> security_type:2
01-01 00:35:50.251  3739  3739 W HMI2-SETTINGS - CI08.4: className -> WifiActivity | functionName -> isInConnected | value -> |DIRECT-vQINLT044msmJ|0|2
01-01 00:35:50.251  3739  3739 W HMI2-SETTINGS - CI08.4: className -> WifiActivity | functionName -> isWapiVariantBlocked | value -> security_type:2
01-01 00:35:50.252  3739  3739 W HMI2-SETTINGS - CI08.4: className -> WifiActivity | functionName -> isInConnected | value -> |DIRECT-DMATCLWI2064msNL|0|2
01-01 00:35:50.252  3739  3739 W HMI2-SETTINGS - CI08.4: className -> WifiActivity | functionName -> isWapiVariantBlocked | value -> security_type:2
01-01 00:35:50.252  3739  3739 W HMI2-SETTINGS - CI08.4: className -> WifiActivity | functionName -> isInConnected | value -> |AUTOMATION_TEST|0|2
01-01 00:35:50.252  3739  3739 W HMI2-SETTINGS - CI08.4: className -> WifiActivity | functionName -> isWapiVariantBlocked | value -> security_type:2
01-01 00:35:50.252  3739  3739 W HMI2-SETTINGS - CI08.4: className -> WifiActivity | functionName -> isInConnected | value -> |ACSIA_CORP1|0|2
01-01 00:35:50.252  3739  3739 W HMI2-SETTINGS - CI08.4: className -> WifiActivity | functionName -> isWapiVariantBlocked | value -> security_type:2
01-01 00:35:50.252  3739  3739 W HMI2-SETTINGS - CI08.4: className -> WifiActivity | functionName -> isInConnected | value -> |ACSIA_GUEST1|0|2
01-01 00:35:50.252  3739  3739 W HMI2-SETTINGS - CI08.4: className -> WifiActivity | functionName -> isWapiVariantBlocked | value -> security_type:2
01-01 00:35:50.252  3739  3739 W HMI2-SETTINGS - CI08.4: className -> WifiActivity | functionName -> isInConnected | value -> |ACSIA_DEV|0|2
01-01 00:35:50.252  3739  3739 W HMI2-SETTINGS - CI08.4: className -> WifiActivity | functionName -> isWapiVariantBlocked | value -> security_type:2
01-01 00:35:50.252  3739  3739 W HMI2-SETTINGS - CI08.4: className -> WifiActivity | functionName -> isInConnected | value -> |RSE_Test|0|2
01-01 00:35:50.252  3739  3739 W HMI2-SETTINGS - CI08.4: className -> WifiActivity | functionName -> isWapiVariantBlocked | value -> security_type:2
01-01 00:35:50.252  3739  3739 W HMI2-SETTINGS - CI08.4: className -> WifiActivity | functionName -> isInConnected | value -> |ACSIA_CORP2|0|2
01-01 00:35:50.252  3739  3739 W HMI2-SETTINGS - CI08.4: className -> WifiActivity | functionName -> isWapiVariantBlocked | value -> security_type:2
01-01 00:35:50.252  3739  3739 W HMI2-SETTINGS - CI08.4: className -> WifiActivity | functionName -> isInConnected | value -> | ACSIA_CORP3|0|2
01-01 00:35:50.252  3739  3739 W HMI2-SETTINGS - CI08.4: className -> WifiActivity | functionName -> isWapiVariantBlocked | value -> security_type:2
01-01 00:35:50.252  3739  3739 W HMI2-SETTINGS - CI08.4: className -> WifiActivity | functionName -> isInConnected | value -> |ACSIA_Management|0|2
01-01 00:35:50.252  3739  3739 W HMI2-SETTINGS - CI08.4: className -> WifiActivity | functionName -> isWapiVariantBlocked | value -> security_type:2
01-01 00:35:50.252  3739  3739 W HMI2-SETTINGS - CI08.4: className -> WifiActivity | functionName -> isInConnected | value -> |MB Hotspot 61185|0|2
01-01 00:35:50.252  3739  3739 W HMI2-SETTINGS - CI08.4: className -> WifiActivity | functionName -> handleAllAvailNetwork | value -> savedNetwork ->0
01-01 00:35:50.252  3739  3739 W HMI2-SETTINGS - CI08.4: className -> WifiActivity | functionName -> handleAllAvailNetwork | value -> presentVisibleNetwork ->28
01-01 00:35:50.253  3739  3739 W HMI2-SETTINGS - CI08.4: className -> WifiActivity | functionName -> handleIfWifiAvailableNetworks: config is  | value -> null
01-01 00:35:50.253  3739  3739 W HMI2-SETTINGS - CI08.4: className -> WifiActivity | functionName -> forceScan | value -> entry
01-01 00:35:50.254  1151  1553 I WifiService: startScan uid=1000
01-01 00:35:50.255  1151  1323 I WifiService: isScanAlwaysAvailable uid=1000
01-01 00:35:50.255  1151  1323 I WifiService: getWifiEnabledState uid=1000
01-01 00:35:50.256  1392 10670 W SYSTEM_UI - CI07.3: className -> NotificationUIService | functionName -> FilterTask | doInBackground | value -> doInBackground
01-01 00:35:50.258  1151  1553 D WindowManager: addToDisplay >>> FLAG_FULLSCREEN not set in WindowManager.LayoutParams
01-01 00:35:50.259  1151  1553 D WindowManager: startStatusReceiverServiceOnFlagSet: creating intent for action ACTION_ACTIVITY_FULLSCREEN
01-01 00:35:50.259  1151  1553 W ContextImpl: Calling a method in the system process without a qualified user: android.app.ContextImpl.startService:1476 com.android.server.wm.Session.startStatusReceiverServiceOnFlagSet:762 com.android.server.wm.Session.addToDisplay:217 android.view.IWindowSession$Stub.onTransact:124 com.android.server.wm.Session.onTransact:166 
01-01 00:35:50.260  1151  1553 D CompatibilityInfo: mCompatibilityFlags - 4
01-01 00:35:50.260  1151  1553 D CompatibilityInfo: applicationDensity - 240
01-01 00:35:50.260  1151  1553 D CompatibilityInfo: applicationScale - 1.0
01-01 00:35:50.261  1151  1553 D WindowManager: startStatusReceiverServiceOnFlagSet: startService done
01-01 00:35:50.264  1392 10670 W SYSTEM_UI - CI07.3: className -> NotificationUIService | functionName -> populateValidNotifications | value -> NOTIFICATION_INFO || packageName --> android | notificationTitle --> USB debugging connected | notificationText --> Tap to disable USB debugging. | postedTime --> 19764 | notificationId --> 26 | notificationFlag --> 2 | isClearable --> false | isOngoing --> true | notificationPriority --> 0 | notificationChannelImportance --> 2
01-01 00:35:50.265  3739  3739 E HMI2-SETTINGS - CI08.4: className -> WifiActivity | functionName -> mWifiScanReceiver -> onReceive | error ->intent_action:android.net.wifi.STATE_CHANGE
01-01 00:35:50.266  3739  3739 W HMI2-SETTINGS - CI08.4: className -> WifiActivity | functionName -> handleNetworkStateChanged | value -> detailedState->DISCONNECTED
01-01 00:35:50.266  3739  3739 W HMI2-SETTINGS - CI08.4: className -> WifiActivity | functionName -> handleNetworkStateChanged: config is | value ->  null
01-01 00:35:50.266  3739  3739 E HMI2-SETTINGS - CI08.4: className -> WifiActivity | functionName -> mWifiScanReceiver -> onReceive | error ->intent_action:android.net.wifi.WIFI_STATE_CHANGED
01-01 00:35:50.266  3739  3739 W HMI2-SETTINGS - CI08.4: className -> WifiActivity | functionName -> handleWifiStateChanged | value -> state = 3
01-01 00:35:50.266  1151  2264 I WifiService: getWifiEnabledState uid=1000
01-01 00:35:50.267  3739  3739 W HMI2-SETTINGS: SWR_BAIDU_HMI_0020|FUN=WifiActivity::handleConnectedNetworkVisibility|0|getWifiStat::true
01-01 00:35:50.267  1151  2264 I WifiService: getConfiguredNetworks uid=1000
01-01 00:35:50.267  1392 10670 W SYSTEM_UI - CI07.3: className -> NotificationUIService | functionName -> populateValidNotifications | value -> Notification entry not valid. System notification.
01-01 00:35:50.268  1392 10670 W SYSTEM_UI - CI07.3: className -> NotificationUIService | functionName -> populateValidNotifications | value -> NOTIFICATION_INFO || packageName --> android | notificationTitle --> USB charging this device | notificationText --> Tap for more options. | postedTime --> 19755 | notificationId --> 32 | notificationFlag --> 2 | isClearable --> false | isOngoing --> true | notificationPriority --> 0 | notificationChannelImportance --> 1
01-01 00:35:50.268  3739  3739 W HMI2-SETTINGS: SWR_BAIDU_HMI_0027|SWR_BAIDU_HMI_0015|FUN=WifiActivity::getScanResults|1|Get list of available wifi hotspots.
01-01 00:35:50.270  1392 10670 W SYSTEM_UI - CI07.3: className -> NotificationUIService | functionName -> populateValidNotifications | value -> Notification entry not valid. System notification.
01-01 00:35:50.270  1392 10670 W SYSTEM_UI: SWR_SYSTEM_UI_003|FUN=NotificationUIService::notifyStatusLineNotifications|1|statusLineNotificationPackages size --> 0
01-01 00:35:50.270  1392 10670 W SYSTEM_UI - CI07.3: className -> NotificationUIService | functionName -> updateData | value -> passed
01-01 00:35:50.270  1392 10670 W SYSTEM_UI: SWR_BAIDU_HMI_0023 SWR_SYSTEM_UI_003 SWR_SYSTEM_UI_004|FUN=NotificationUIService::updateData|1|Received notifications from Android framework
01-01 00:35:50.271  1392 10670 W SYSTEM_UI - CI07.3: className -> NotificationUIService | functionName -> FilterTask | doInBackground | value -> updateData value --> []
01-01 00:35:50.273  1392  1392 W SYSTEM_UI: SWR_SYSTEM_UI_007|FUN=CollapsedStatusBarFragment::getAction |1|Broadcast action --> STATUS_UPDATE_ACTION
01-01 00:35:50.273  1392  1392 W SYSTEM_UI: SWR_SYSTEM_UI_007|FUN=CollapsedStatusBarFragment::getIntExtra |1|NotifySystemUpdates dataType --> 101
01-01 00:35:50.273  1392  1392 W SYSTEM_UI - CI07.3: className -> CollapsedStatusBarFragment | functionName -> NotifySystemUpdates | onReceive -->  | value -> FULLSCREEN MODE CHANGED | isFullScreenStatus --> false | fullScreenPackage -->com.panasonic.hmi2settings | fullscreenLastShownPackage -->null | topActivityPackage --> com.panasonic.hmi2settings
01-01 00:35:50.274  1392  1392 W SYSTEM_UI - CI07.3: className -> CollapsedStatusBarFragment | functionName -> NotifySystemUpdates | onReceive -->  | value -> Fullscreen mode changed --> path 5
01-01 00:35:50.274  1392  1392 W SYSTEM_UI: SWR_SYSTEM_UI_007|FUN=CollapsedStatusBarFragment::getAction |1|Broadcast action --> STATUS_UPDATE_ACTION
01-01 00:35:50.274  1392  1392 W SYSTEM_UI: SWR_SYSTEM_UI_007|FUN=CollapsedStatusBarFragment::getIntExtra |1|NotifySystemUpdates dataType --> 102
01-01 00:35:50.274  1392  1392 W SYSTEM_UI - CI07.3: className -> CollapsedStatusBarFragment | functionName -> NotifySystemUpdates | onReceive -->  | value -> DATATYPE_NOTIFICATION: 0
01-01 00:35:50.274  1392  1392 W SYSTEM_UI: SWR_SYSTEM_UI_003|FUN=CollapsedStatusBarFragment::NotifySystemUpdates | onREeceive|1|DATATYPE_NOTIFICATION: 0
01-01 00:35:50.274  1392  1392 W SYSTEM_UI - CI07.3: className -> NotificationUIService | functionName -> FilterTask | onPostExecute | value -> stateWindow --> -1
01-01 00:35:50.274  1392  1392 W SYSTEM_UI - CI07.3: className -> NotificationUIService | functionName -> showHeadsUpNotification | value -> headsup disabled
01-01 00:35:50.290  3739  3739 W HMI2-SETTINGS - CI08.4: className -> WifiActivity | functionName -> isWapiVariantBlocked | value -> security_type:2
01-01 00:35:50.290  3739  3739 W HMI2-SETTINGS - CI08.4: className -> WifiActivity | functionName -> isInConnected | value -> |ACSIA_CORP1|0|2
01-01 00:35:50.290  3739  3739 W HMI2-SETTINGS - CI08.4: className -> WifiActivity | functionName -> isWapiVariantBlocked | value -> security_type:2
01-01 00:35:50.290  3739  3739 W HMI2-SETTINGS - CI08.4: className -> WifiActivity | functionName -> isInConnected | value -> | ACSIA_CORP3|0|2
01-01 00:35:50.290  3739  3739 W HMI2-SETTINGS - CI08.4: className -> WifiActivity | functionName -> isWapiVariantBlocked | value -> security_type:2
01-01 00:35:50.290  3739  3739 W HMI2-SETTINGS - CI08.4: className -> WifiActivity | functionName -> isInConnected | value -> |ACSIA_Management|0|2
01-01 00:35:50.290  3739  3739 W HMI2-SETTINGS - CI08.4: className -> WifiActivity | functionName -> isWapiVariantBlocked | value -> security_type:2
01-01 00:35:50.290  3739  3739 W HMI2-SETTINGS - CI08.4: className -> WifiActivity | functionName -> isInConnected | value -> |ACSIA_GUEST1|0|2
01-01 00:35:50.290  3739  3739 W HMI2-SETTINGS - CI08.4: className -> WifiActivity | functionName -> isWapiVariantBlocked | value -> security_type:2
01-01 00:35:50.290  3739  3739 W HMI2-SETTINGS - CI08.4: className -> WifiActivity | functionName -> isInConnected | value -> |ACSIA_CORP2|0|2
01-01 00:35:50.290  3739  3739 W HMI2-SETTINGS - CI08.4: className -> WifiActivity | functionName -> isWapiVariantBlocked | value -> security_type:2
01-01 00:35:50.290  3739  3739 W HMI2-SETTINGS - CI08.4: className -> WifiActivity | functionName -> isInConnected | value -> |ACSIA_DEV|0|2
01-01 00:35:50.290  3739  3739 W HMI2-SETTINGS - CI08.4: className -> WifiActivity | functionName -> isWapiVariantBlocked | value -> security_type:2
01-01 00:35:50.290  3739  3739 W HMI2-SETTINGS - CI08.4: className -> WifiActivity | functionName -> isInConnected | value -> |RSE_Test|0|2
01-01 00:35:50.290  3739  3739 W HMI2-SETTINGS - CI08.4: className -> WifiActivity | functionName -> isWapiVariantBlocked | value -> security_type:2
01-01 00:35:50.290  3739  3739 W HMI2-SETTINGS - CI08.4: className -> WifiActivity | functionName -> isInConnected | value -> |NETGEAR66-5G|0|2
01-01 00:35:50.290  3739  3739 W HMI2-SETTINGS - CI08.4: className -> WifiActivity | functionName -> isWapiVariantBlocked | value -> security_type:2
01-01 00:35:50.290  3739  3739 W HMI2-SETTINGS - CI08.4: className -> WifiActivity | functionName -> isInConnected | value -> |Secure|0|2
01-01 00:35:50.290  3739  3739 W HMI2-SETTINGS - CI08.4: className -> WifiActivity | functionName -> isWapiVariantBlocked | value -> security_type:2
01-01 00:35:50.290  3739  3739 W HMI2-SETTINGS - CI08.4: className -> WifiActivity | functionName -> isInConnected | value -> |ACSIA_CORP1|0|2
01-01 00:35:50.290  3739  3739 W HMI2-SETTINGS - CI08.4: className -> WifiActivity | functionName -> isWapiVariantBlocked | value -> security_type:2
01-01 00:35:50.290  3739  3739 W HMI2-SETTINGS - CI08.4: className -> WifiActivity | functionName -> isInConnected | value -> |ACSIA_GUEST1|0|2
01-01 00:35:50.290  3739  3739 W HMI2-SETTINGS - CI08.4: className -> WifiActivity | functionName -> isWapiVariantBlocked | value -> security_type:2
01-01 00:35:50.290  3739  3739 W HMI2-SETTINGS - CI08.4: className -> WifiActivity | functionName -> isInConnected | value -> |ACSIA_DEV|0|2
01-01 00:35:50.290  3739  3739 W HMI2-SETTINGS - CI08.4: className -> WifiActivity | functionName -> isWapiVariantBlocked | value -> security_type:2
01-01 00:35:50.290  3739  3739 W HMI2-SETTINGS - CI08.4: className -> WifiActivity | functionName -> isInConnected | value -> |ACSIA_CORP2|0|2
01-01 00:35:50.290  3739  3739 W HMI2-SETTINGS - CI08.4: className -> WifiActivity | functionName -> isWapiVariantBlocked | value -> security_type:2
01-01 00:35:50.290  3739  3739 W HMI2-SETTINGS - CI08.4: className -> WifiActivity | functionName -> isInConnected | value -> | ACSIA_CORP3|0|2
01-01 00:35:50.290  3739  3739 W HMI2-SETTINGS - CI08.4: className -> WifiActivity | functionName -> isWapiVariantBlocked | value -> security_type:2
01-01 00:35:50.290  3739  3739 W HMI2-SETTINGS - CI08.4: className -> WifiActivity | functionName -> isInConnected | value -> |ACSIA_Management|0|2
01-01 00:35:50.290  3739  3739 W HMI2-SETTINGS - CI08.4: className -> WifiActivity | functionName -> isWapiVariantBlocked | value -> security_type:2
01-01 00:35:50.290  3739  3739 W HMI2-SETTINGS - CI08.4: className -> WifiActivity | functionName -> isInConnected | value -> |RSE_Test|0|2
01-01 00:35:50.290  3739  3739 W HMI2-SETTINGS - CI08.4: className -> WifiActivity | functionName -> isWapiVariantBlocked | value -> security_type:2
01-01 00:35:50.290  3739  3739 W HMI2-SETTINGS - CI08.4: className -> WifiActivity | functionName -> isInConnected | value -> |HUWIFI|0|2
01-01 00:35:50.291  3739  3739 W HMI2-SETTINGS - CI08.4: className -> WifiActivity | functionName -> isWapiVariantBlocked | value -> security_type:2
01-01 00:35:50.291  3739  3739 W HMI2-SETTINGS - CI08.4: className -> WifiActivity | functionName -> isInConnected | value -> |DIRECT-vQINLT044msmJ|0|2
01-01 00:35:50.291  3739  3739 W HMI2-SETTINGS - CI08.4: className -> WifiActivity | functionName -> isWapiVariantBlocked | value -> security_type:2
01-01 00:35:50.291  3739  3739 W HMI2-SETTINGS - CI08.4: className -> WifiActivity | functionName -> isInConnected | value -> |DIRECT-DMATCLWI2064msNL|0|2
01-01 00:35:50.291  3739  3739 W HMI2-SETTINGS - CI08.4: className -> WifiActivity | functionName -> isWapiVariantBlocked | value -> security_type:2
01-01 00:35:50.294  3739  3739 W HMI2-SETTINGS - CI08.4: className -> WifiActivity | functionName -> isInConnected | value -> |AUTOMATION_TEST|0|2
01-01 00:35:50.294  3739  3739 W HMI2-SETTINGS - CI08.4: className -> WifiActivity | functionName -> isWapiVariantBlocked | value -> security_type:2
01-01 00:35:50.294  3739  3739 W HMI2-SETTINGS - CI08.4: className -> WifiActivity | functionName -> isInConnected | value -> |ACSIA_CORP1|0|2
01-01 00:35:50.294  3739  3739 W HMI2-SETTINGS - CI08.4: className -> WifiActivity | functionName -> isWapiVariantBlocked | value -> security_type:2
01-01 00:35:50.294  3739  3739 W HMI2-SETTINGS - CI08.4: className -> WifiActivity | functionName -> isInConnected | value -> |ACSIA_GUEST1|0|2
01-01 00:35:50.294  3739  3739 W HMI2-SETTINGS - CI08.4: className -> WifiActivity | functionName -> isWapiVariantBlocked | value -> security_type:2
01-01 00:35:50.294  3739  3739 W HMI2-SETTINGS - CI08.4: className -> WifiActivity | functionName -> isInConnected | value -> |ACSIA_DEV|0|2
01-01 00:35:50.294  3739  3739 W HMI2-SETTINGS - CI08.4: className -> WifiActivity | functionName -> isWapiVariantBlocked | value -> security_type:2
01-01 00:35:50.294  3739  3739 W HMI2-SETTINGS - CI08.4: className -> WifiActivity | functionName -> isInConnected | value -> |RSE_Test|0|2
01-01 00:35:50.294  3739  3739 W HMI2-SETTINGS - CI08.4: className -> WifiActivity | functionName -> isWapiVariantBlocked | value -> security_type:2
01-01 00:35:50.294  3739  3739 W HMI2-SETTINGS - CI08.4: className -> WifiActivity | functionName -> isInConnected | value -> |ACSIA_CORP2|0|2
01-01 00:35:50.294  3739  3739 W HMI2-SETTINGS - CI08.4: className -> WifiActivity | functionName -> isWapiVariantBlocked | value -> security_type:2
01-01 00:35:50.294  3739  3739 W HMI2-SETTINGS - CI08.4: className -> WifiActivity | functionName -> isInConnected | value -> | ACSIA_CORP3|0|2
01-01 00:35:50.294  3739  3739 W HMI2-SETTINGS - CI08.4: className -> WifiActivity | functionName -> isWapiVariantBlocked | value -> security_type:2
01-01 00:35:50.294  3739  3739 W HMI2-SETTINGS - CI08.4: className -> WifiActivity | functionName -> isInConnected | value -> |ACSIA_Management|0|2
01-01 00:35:50.294  3739  3739 W HMI2-SETTINGS - CI08.4: className -> WifiActivity | functionName -> isWapiVariantBlocked | value -> security_type:2
01-01 00:35:50.294  3739  3739 W HMI2-SETTINGS - CI08.4: className -> WifiActivity | functionName -> isInConnected | value -> |MB Hotspot 61185|0|2
01-01 00:35:50.294  3739  3739 W HMI2-SETTINGS - CI08.4: className -> WifiActivity | functionName -> handleAllAvailNetwork | value -> savedNetwork ->0
01-01 00:35:50.294  3739  3739 W HMI2-SETTINGS - CI08.4: className -> WifiActivity | functionName -> handleAllAvailNetwork | value -> presentVisibleNetwork ->28
01-01 00:35:50.295  3739  3739 W HMI2-SETTINGS - CI08.4: className -> WifiActivity | functionName -> handleIfWifiAvailableNetworks: config is  | value -> null
01-01 00:35:50.295  1151  1553 I WifiService: startScan uid=1000
01-01 00:35:50.342  1151  1553 D WindowManager: relayout packageName=com.panasonic.hmi2settings::session=Session{c47ecfc 3739:1000}::window=android.view.IWindow$Stub$Proxy@7743250::attrs.flags=1010300
01-01 00:35:50.342  1151  1553 D WindowManager: relayout >>> FLAG_FULLSCREEN not set in WindowManager.LayoutParams
01-01 00:35:50.342  1151  1553 D WindowManager: startStatusReceiverServiceOnFlagSet: creating intent for action ACTION_ACTIVITY_FULLSCREEN
01-01 00:35:50.342  1151  1553 W ContextImpl: Calling a method in the system process without a qualified user: android.app.ContextImpl.startService:1476 com.android.server.wm.Session.startStatusReceiverServiceOnFlagSet:762 com.android.server.wm.Session.relayout:276 android.view.IWindowSession$Stub.onTransact:286 com.android.server.wm.Session.onTransact:166 
01-01 00:35:50.345  1151  1553 D CompatibilityInfo: mCompatibilityFlags - 4
01-01 00:35:50.345  1151  1553 D CompatibilityInfo: applicationDensity - 240
01-01 00:35:50.345  1151  1553 D CompatibilityInfo: applicationScale - 1.0
01-01 00:35:50.346  1151  1553 D WindowManager: startStatusReceiverServiceOnFlagSet: startService done
01-01 00:35:50.349  1392  1392 W SYSTEM_UI: SWR_SYSTEM_UI_007|FUN=CollapsedStatusBarFragment::getAction |1|Broadcast action --> STATUS_UPDATE_ACTION
01-01 00:35:50.349  1392  1392 W SYSTEM_UI: SWR_SYSTEM_UI_007|FUN=CollapsedStatusBarFragment::getIntExtra |1|NotifySystemUpdates dataType --> 101
01-01 00:35:50.349  1392  1392 W SYSTEM_UI - CI07.3: className -> CollapsedStatusBarFragment | functionName -> NotifySystemUpdates | onReceive -->  | value -> FULLSCREEN MODE CHANGED | isFullScreenStatus --> false | fullScreenPackage -->com.panasonic.hmi2settings | fullscreenLastShownPackage -->null | topActivityPackage --> com.panasonic.hmi2settings
01-01 00:35:50.349  1392  1392 W SYSTEM_UI - CI07.3: className -> CollapsedStatusBarFragment | functionName -> NotifySystemUpdates | onReceive -->  | value -> Fullscreen mode changed --> path 5
01-01 00:35:50.375  1392  1392 W SYSTEM_UI - CI07.3: className -> NotificationUIService | functionName -> populateValidNotifications | value -> NOTIFICATION_INFO || packageName --> android | notificationTitle --> USB debugging connected | notificationText --> Tap to disable USB debugging. | postedTime --> 19764 | notificationId --> 26 | notificationFlag --> 2 | isClearable --> false | isOngoing --> true | notificationPriority --> 0 | notificationChannelImportance --> 2
01-01 00:35:50.377  1392  1392 W SYSTEM_UI - CI07.3: className -> NotificationUIService | functionName -> populateValidNotifications | value -> Notification entry not valid. System notification.
01-01 00:35:50.378  1392  1392 W SYSTEM_UI - CI07.3: className -> NotificationUIService | functionName -> populateValidNotifications | value -> NOTIFICATION_INFO || packageName --> android | notificationTitle --> USB charging this device | notificationText --> Tap for more options. | postedTime --> 19755 | notificationId --> 32 | notificationFlag --> 2 | isClearable --> false | isOngoing --> true | notificationPriority --> 0 | notificationChannelImportance --> 1
01-01 00:35:50.378  1392  1392 W SYSTEM_UI - CI07.3: className -> NotificationUIService | functionName -> populateValidNotifications | value -> Notification entry not valid. System notification.
01-01 00:35:50.378  1392  1392 W SYSTEM_UI: SWR_SYSTEM_UI_003|FUN=NotificationUIService::notifyStatusLineNotifications|1|statusLineNotificationPackages size --> 0
01-01 00:35:50.379  1392  1392 W SYSTEM_UI - CI07.3: className -> NotificationUIService | functionName -> updateData | value -> passed
01-01 00:35:50.379  1392  1392 W SYSTEM_UI: SWR_BAIDU_HMI_0023 SWR_SYSTEM_UI_003 SWR_SYSTEM_UI_004|FUN=NotificationUIService::updateData|1|Received notifications from Android framework
01-01 00:35:50.379  1392  1392 W SYSTEM_UI - CI07.3: className -> NotificationUIService | functionName -> refresh | value -> updateData value --> []
01-01 00:35:50.379  1392  1392 W SYSTEM_UI: SWR_SYSTEM_UI_007|FUN=CollapsedStatusBarFragment::getAction |1|Broadcast action --> STATUS_UPDATE_ACTION
01-01 00:35:50.379  1392  1392 W SYSTEM_UI: SWR_SYSTEM_UI_007|FUN=CollapsedStatusBarFragment::getIntExtra |1|NotifySystemUpdates dataType --> 102
01-01 00:35:50.379  1392  1392 W SYSTEM_UI - CI07.3: className -> CollapsedStatusBarFragment | functionName -> NotifySystemUpdates | onReceive -->  | value -> DATATYPE_NOTIFICATION: 0
01-01 00:35:50.379  1392  1392 W SYSTEM_UI: SWR_SYSTEM_UI_003|FUN=CollapsedStatusBarFragment::NotifySystemUpdates | onREeceive|1|DATATYPE_NOTIFICATION: 0
01-01 00:35:50.415  1392  1446 D CommandQueue: animate_trace: appTransitionStarting; duration=0;hardcoded forced=false to false
01-01 00:35:50.432  1392  1446 D CommandQueue: animate_trace: appTransitionFinished
01-01 00:35:50.436  1151  1192 I ActivityManager: Displayed com.panasonic.hmi2settings/.activity.WifiActivity: +234ms
01-01 00:35:50.437  1151  1192 E ANDR-PERF-JNI: Iop tryGetService failed
01-01 00:35:50.446  1151  1553 D WindowManager: relayout packageName=com.panasonic.hmi2settings::session=Session{c47ecfc 3739:1000}::window=android.view.IWindow$Stub$Proxy@22e7a6f::attrs.flags=null
01-01 00:35:50.446  1151  1553 D WindowManager: relayout >>> FLAG_FULLSCREEN not set in WindowManager.LayoutParams
01-01 00:35:50.446  1151  1553 D WindowManager: startStatusReceiverServiceOnFlagSet: creating intent for action ACTION_ACTIVITY_FULLSCREEN
01-01 00:35:50.446  1151  1553 W ContextImpl: Calling a method in the system process without a qualified user: android.app.ContextImpl.startService:1476 com.android.server.wm.Session.startStatusReceiverServiceOnFlagSet:762 com.android.server.wm.Session.relayout:276 android.view.IWindowSession$Stub.onTransact:286 com.android.server.wm.Session.onTransact:166 
01-01 00:35:50.447  1151  1553 D CompatibilityInfo: mCompatibilityFlags - 4
01-01 00:35:50.447  1151  1553 D CompatibilityInfo: applicationDensity - 240
01-01 00:35:50.447  1151  1553 D CompatibilityInfo: applicationScale - 1.0
01-01 00:35:50.448  1151  1553 D WindowManager: startStatusReceiverServiceOnFlagSet: startService done
01-01 00:35:50.451  1392  1392 W SYSTEM_UI: SWR_SYSTEM_UI_007|FUN=CollapsedStatusBarFragment::getAction |1|Broadcast action --> STATUS_UPDATE_ACTION
01-01 00:35:50.451  1392  1392 W SYSTEM_UI: SWR_SYSTEM_UI_007|FUN=CollapsedStatusBarFragment::getIntExtra |1|NotifySystemUpdates dataType --> 101
01-01 00:35:50.452  1392  1392 W SYSTEM_UI - CI07.3: className -> CollapsedStatusBarFragment | functionName -> NotifySystemUpdates | onReceive -->  | value -> FULLSCREEN MODE CHANGED | isFullScreenStatus --> false | fullScreenPackage -->com.panasonic.hmi2settings | fullscreenLastShownPackage -->null | topActivityPackage --> com.panasonic.hmi2settings
01-01 00:35:50.453  1392  1392 W SYSTEM_UI - CI07.3: className -> CollapsedStatusBarFragment | functionName -> NotifySystemUpdates | onReceive -->  | value -> Fullscreen mode changed --> path 5
01-01 00:35:50.455  1151  2264 D ActivityTrigger: ActivityTrigger activityStopTrigger 
01-01 00:35:50.457  3739  3739 V Activity: back_button: onSaveInstanceState entry:com.panasonic.hmi2settings.activity.WifiManagerActivity@200cf74
01-01 00:35:50.458  3739  3739 V Activity: onSaveInstanceState com.panasonic.hmi2settings.activity.WifiManagerActivity@200cf74: Bundle[{android:viewHierarchyState=Bundle[{android:views={16908290=android.view.AbsSavedState$1@499b012, 2131427430=android.view.AbsSavedState$1@499b012, 2131427431=android.view.AbsSavedState$1@499b012, 2131427450=android.view.AbsSavedState$1@499b012, 2131427452=android.view.AbsSavedState$1@499b012, 2131427460=android.view.AbsSavedState$1@499b012, 2131427507=android.view.AbsSavedState$1@499b012, 2131427508=android.view.AbsSavedState$1@499b012, 2131427509=android.view.AbsSavedState$1@499b012, 2131427510=android.view.AbsSavedState$1@499b012, 2131427511=android.view.AbsSavedState$1@499b012, 2131427512=android.view.AbsSavedState$1@499b012, 2131427513=android.view.AbsSavedState$1@499b012, 2131427514=android.view.AbsSavedState$1@499b012}}], android:lastAutofillId=1073741823, android:fragments=android.app.FragmentManagerState@37f7942}]
01-01 00:35:50.459  3739  3739 V Activity: onStop com.panasonic.hmi2settings.activity.WifiManagerActivity@200cf74
01-01 00:35:50.709  1151  1162 I zygote64: NativeAlloc concurrent copying GC freed 175128(7MB) AllocSpace objects, 48(2MB) LOS objects, 42% free, 13MB/24MB, paused 174us total 127.449ms
01-01 00:35:50.719   729   748 I sssv-lib: sendMsg enter
01-01 00:35:50.719   729   748 I sssv-lib: sendMsg complete.
01-01 00:35:51.090  1151  1553 D WificondControl: Scan result ready event
01-01 00:35:51.091  1151  1323 I WifiService: isScanAlwaysAvailable uid=1000
01-01 00:35:51.091  1151  1323 I WifiService: getWifiEnabledState uid=1000
01-01 00:35:51.092   808   808 I wificond: Enters wifigbk_ageOutHistory
01-01 00:35:51.093   921  1439 I LOWI-8.5.0.3.c: [LOWI-Scan] lowi_close_record:Scan completed in 2131132ms and Recieved 45 APs scan results
01-01 00:35:51.096   921   961 I LOWI-8.5.0.3.c: [LOWIUtils] responseToOutPostcard - TO: GTP-FDAL, FROM:   LOWI-SERVER, RESP:  LOWI_ASYNC_DISCOVERY_SCAN_RESULTS
01-01 00:35:51.102   924   979 W XTCC-6.1.2.10-a: [LOWIUtils] to_eScanTypeResponse - default case
01-01 00:35:51.102   924   979 W XTCC-6.1.2.10-a: [WifiScanner] WiFi scan result : [45] AP's, async result: 1
01-01 00:35:51.103  1151  1323 D WificondScannerImpl: Filtering out 5 scan results.
01-01 00:35:51.103  1151  1323 I WifiService: isScanAlwaysAvailable uid=1000
01-01 00:35:51.103  1151  1323 I WifiService: getWifiEnabledState uid=1000
01-01 00:35:51.106  1151  1317 D ScanResultUtil: isScanResultForWapiPskNetwork: false
01-01 00:35:51.106  2145  2145 D HMI_SERVICE: USE_CASE_NA|FUN=HmiApplication| [action] android.net.wifi.SCAN_RESULTS
01-01 00:35:51.107  1151  1317 D ScanResultUtil: isScanResultForWapiPskNetwork: false
01-01 00:35:51.106  3739  3739 E HMI2-SETTINGS - CI08.4: className -> WifiActivity | functionName -> mWifiScanReceiver -> onReceive | error ->intent_action:android.net.wifi.SCAN_RESULTS
01-01 00:35:51.107  1151  1317 D ScanResultUtil: isScanResultForWapiPskNetwork: false
01-01 00:35:51.107  1151  1317 I chatty  : uid=1000(system) WifiStateMachin identical 9 lines
01-01 00:35:51.107  1151  1317 D ScanResultUtil: isScanResultForWapiPskNetwork: false
01-01 00:35:51.107  1151  1553 I WifiService: getWifiEnabledState uid=1000
01-01 00:35:51.107  1151  1317 D ScanResultUtil: isScanResultForWapiPskNetwork: false
01-01 00:35:51.108  1151  1317 I chatty  : uid=1000(system) WifiStateMachin identical 29 lines
01-01 00:35:51.108  1151  1317 D ScanResultUtil: isScanResultForWapiPskNetwork: false
01-01 00:35:51.108  1151  2264 I WifiService: getConfiguredNetworks uid=1000
01-01 00:35:51.108  1151  1317 D ScanResultUtil: isScanResultForWapiPskNetwork: false
01-01 00:35:51.108  1151  1317 I chatty  : uid=1000(system) WifiStateMachin identical 12 lines
01-01 00:35:51.108  1151  1317 D ScanResultUtil: isScanResultForWapiPskNetwork: false
01-01 00:35:51.109  1151  1317 W WifiConfigManager: Looking up network with invalid networkId -1
01-01 00:35:51.110  1151  1317 D ScanResultUtil: isScanResultForWapiPskNetwork: false
01-01 00:35:51.113  1151  1317 I chatty  : uid=1000(system) WifiStateMachin identical 30 lines
01-01 00:35:51.113  1151  1317 D ScanResultUtil: isScanResultForWapiPskNetwork: false
01-01 00:35:51.114  3739  3739 W HMI2-SETTINGS: SWR_BAIDU_HMI_0027|SWR_BAIDU_HMI_0015|FUN=WifiActivity::getScanResults|1|Get list of available wifi hotspots.
