01-01 00:59:30.416  1392  1392 W SYSTEM_UI: SWR_SYSTEM_UI_007|FUN=CollapsedStatusBarFragment::getAction |1|Broadcast action --> STATUS_UPDATE_ACTION
01-01 00:59:30.416  1392  1392 W SYSTEM_UI: SWR_SYSTEM_UI_007|FUN=CollapsedStatusBarFragment::getIntExtra |1|NotifySystemUpdates dataType --> 102
01-01 00:59:30.416  1392  1392 W SYSTEM_UI - CI07.3: className -> CollapsedStatusBarFragment | functionName -> NotifySystemUpdates | onReceive -->  | value -> DATATYPE_NOTIFICATION: 0
01-01 00:59:30.416  1392  1392 W SYSTEM_UI: SWR_SYSTEM_UI_003|FUN=CollapsedStatusBarFragment::NotifySystemUpdates | onREeceive|1|DATATYPE_NOTIFICATION: 0
01-01 00:59:30.416  2054  2054 E         : 
01-01 00:59:30.416  2054  2054 E         : Buffer Size = 1048576
01-01 00:59:30.456  2054  2054 E         : 
01-01 00:59:30.456  2054  2054 E         : <6>[ 3233.500321] QSEECOM: scm_call_qcpe:429 : IN: 0x42000d0a, 0x3, 0x0, 0x406c, 0x778, 0x0, 0x0
01-01 00:59:30.456  2054  2054 E         : <6>[ 3233.501871] QSEECOM: scm_call_qcpe:503 : OUT: 0x0, 0x0, 0x0, 0x0
01-01 00:59:30.456  2054  2054 E         : <6>[ 3233.517387] QSEECOM: scm_call_qcpe:429 : IN: 0x42000d0a, 0x3, 0x0, 0x42a7, 0x77f, 0x0, 0x0
01-01 00:59:30.456  2054  2054 E         : <6>[ 3233.519261] QSEECOM: scm_call_qcpe:503 : OUT: 0x0, 0x0, 0x0, 0x0
01-01 00:59:30.456  2054  2054 E         : <6>[ 3233.533769] QSEECOM: scm_call_qcpe:429 : IN: 0x42000d0a, 0x3, 0x0, 0x3fff, 0x775, 0x0, 0x0
01-01 00:59:30.456  2054  2054 E         : <6>[ 3233.535616] QSEECOM: scm_call_qcpe:503 : OUT: 0x0, 0x0, 0x0, 0x0
01-01 00:59:30.456  2054  2054 E         : <6>[ 3233.551156] QSEECOM: scm_call_qcpe:429 : IN: 0x42000d0a, 0x3, 0x0, 0x43ea, 0x779, 0x0, 0x0
01-01 00:59:30.456  2054  2054 E         : <6>[ 3233.553252] QSEECOM: scm_call_qcpe:503 : OUT: 0x0, 0x0, 0x0, 0x0
01-01 00:59:30.456  2054  2054 E         : <6>[ 3233.567130] QSEECOM: scm_call_qcpe:429 : IN: 0x42000d0a, 0x3, 0x0, 0x3e59, 0x77f, 0x0, 0x0
01-01 00:59:30.456  2054  2054 E         : <6>[ 3233.568565] QSEECOM: scm_call_qcpe:503 : OUT: 0x0, 0x0, 0x0, 0x0
01-01 00:59:30.456  2054  2054 E         : <6>[ 3233.583936] QSEECOM: scm_call_qcpe:429 : IN: 0x42000d0a, 0x3, 0x0, 0x41b5, 0x779, 0x0, 0x0
01-01 00:59:30.456  2054  2054 E         : <6>[ 3233.584991] QSEECOM: scm_call_qcpe:503 : OUT: 0x0, 0x0, 0x0, 0x0
01-01 00:59:30.456  2054  2054 E         : <6>[ 3233.6009
01-01 00:59:30.460  2054  2054 E         : USB Hub Detector 1.0
01-01 00:59:30.522  1151  1162 I zygote64: NativeAlloc concurrent copying GC freed 186869(7MB) AllocSpace objects, 49(2MB) LOS objects, 42% free, 15MB/27MB, paused 190us total 164.582ms
01-01 00:59:30.996  1151  1407 D WificondControl: Scan result ready event
01-01 00:59:30.997  1151  1323 I WifiService: isScanAlwaysAvailable uid=1000
01-01 00:59:30.997  1151  1323 I WifiService: getWifiEnabledState uid=1000
01-01 00:59:30.997   921  1439 I LOWI-8.5.0.3.c: [LOWI-Scan] lowi_close_record:Scan completed in 3551036ms and Recieved 43 APs scan results
01-01 00:59:30.998   921   961 I LOWI-8.5.0.3.c: [LOWIUtils] responseToOutPostcard - TO: GTP-FDAL, FROM:   LOWI-SERVER, RESP:  LOWI_ASYNC_DISCOVERY_SCAN_RESULTS
01-01 00:59:30.998   808   808 I wificond: Enters wifigbk_ageOutHistory
01-01 00:59:31.004  1151  1323 D WificondScannerImpl: Filtering out 2 scan results.
01-01 00:59:31.004  1151  1323 I WifiService: isScanAlwaysAvailable uid=1000
01-01 00:59:31.004  1151  1323 I WifiService: getWifiEnabledState uid=1000
01-01 00:59:31.008  3739  3739 E HMI2-SETTINGS - CI08.4: className -> WifiActivity | functionName -> mWifiScanReceiver -> onReceive | error ->intent_action:android.net.wifi.SCAN_RESULTS
01-01 00:59:31.008   924   979 W XTCC-6.1.2.10-a: [LOWIUtils] to_eScanTypeResponse - default case
01-01 00:59:31.008   924   979 W XTCC-6.1.2.10-a: [WifiScanner] WiFi scan result : [43] AP's, async result: 1
01-01 00:59:31.008  2145  2145 D HMI_SERVICE: USE_CASE_NA|FUN=HmiApplication| [action] android.net.wifi.SCAN_RESULTS
01-01 00:59:31.008  1151  1407 I WifiService: getWifiEnabledState uid=1000
01-01 00:59:31.009  1151  1538 I WifiService: getConfiguredNetworks uid=1000
01-01 00:59:31.012  1151  1317 D ScanResultUtil: isScanResultForWapiPskNetwork: false
01-01 00:59:31.014  1151  1317 I chatty  : uid=1000(system) WifiStateMachin identical 56 lines
01-01 00:59:31.014  1151  1317 D ScanResultUtil: isScanResultForWapiPskNetwork: false
01-01 00:59:31.015  1151  1317 W WifiConfigManager: Looking up network with invalid networkId -1
01-01 00:59:31.017  1151  1317 D ScanResultUtil: isScanResultForWapiPskNetwork: false
01-01 00:59:31.018  1151  1317 I chatty  : uid=1000(system) WifiStateMachin identical 30 lines
01-01 00:59:31.018  1151  1317 D ScanResultUtil: isScanResultForWapiPskNetwork: false
01-01 00:59:31.019  3739  3739 W HMI2-SETTINGS: SWR_BAIDU_HMI_0027|SWR_BAIDU_HMI_0015|FUN=WifiActivity::getScanResults|1|Get list of available wifi hotspots.
01-01 00:59:31.025  3739  3739 W HMI2-SETTINGS - CI08.4: className -> WifiActivity | functionName -> isWapiVariantBlocked | value -> security_type:2
01-01 00:59:31.025  3739  3739 W HMI2-SETTINGS - CI08.4: className -> WifiActivity | functionName -> isInConnected | value -> |ACSIA_CORP1|0|2
01-01 00:59:31.025  3739  3739 W HMI2-SETTINGS - CI08.4: className -> WifiActivity | functionName -> isWapiVariantBlocked | value -> security_type:2
01-01 00:59:31.025  3739  3739 W HMI2-SETTINGS - CI08.4: className -> WifiActivity | functionName -> isInConnected | value -> |ACSIA_Management|0|2
01-01 00:59:31.025  3739  3739 W HMI2-SETTINGS - CI08.4: className -> WifiActivity | functionName -> isWapiVariantBlocked | value -> security_type:2
01-01 00:59:31.025  3739  3739 W HMI2-SETTINGS - CI08.4: className -> WifiActivity | functionName -> isInConnected | value -> | ACSIA_CORP3|0|2
01-01 00:59:31.025  3739  3739 W HMI2-SETTINGS - CI08.4: className -> WifiActivity | functionName -> isWapiVariantBlocked | value -> security_type:2
01-01 00:59:31.025  3739  3739 W HMI2-SETTINGS - CI08.4: className -> WifiActivity | functionName -> isInConnected | value -> |ACSIA_GUEST1|0|2
01-01 00:59:31.025  3739  3739 W HMI2-SETTINGS - CI08.4: className -> WifiActivity | functionName -> isWapiVariantBlocked | value -> security_type:2
01-01 00:59:31.025  3739  3739 W HMI2-SETTINGS - CI08.4: className -> WifiActivity | functionName -> isInConnected | value -> |ACSIA_CORP2|0|2
01-01 00:59:31.025  3739  3739 W HMI2-SETTINGS - CI08.4: className -> WifiActivity | functionName -> isWapiVariantBlocked | value -> security_type:2
01-01 00:59:31.025  3739  3739 W HMI2-SETTINGS - CI08.4: className -> WifiActivity | functionName -> isInConnected | value -> |ACSIA_DEV|0|2
01-01 00:59:31.026  3739  3739 W HMI2-SETTINGS - CI08.4: className -> WifiActivity | functionName -> isWapiVariantBlocked | value -> security_type:2
01-01 00:59:31.026  3739  3739 W HMI2-SETTINGS - CI08.4: className -> WifiActivity | functionName -> isInConnected | value -> |RSE_Test|0|2
01-01 00:59:31.026  3739  3739 W HMI2-SETTINGS - CI08.4: className -> WifiActivity | functionName -> isWapiVariantBlocked | value -> security_type:2
01-01 00:59:31.026  3739  3739 W HMI2-SETTINGS - CI08.4: className -> WifiActivity | functionName -> isInConnected | value -> |NETGEAR66-5G|0|2
01-01 00:59:31.026  3739  3739 W HMI2-SETTINGS - CI08.4: className -> WifiActivity | functionName -> isWapiVariantBlocked | value -> security_type:2
01-01 00:59:31.026  3739  3739 W HMI2-SETTINGS - CI08.4: className -> WifiActivity | functionName -> isInConnected | value -> |Secure|0|2
01-01 00:59:31.026  3739  3739 W HMI2-SETTINGS - CI08.4: className -> WifiActivity | functionName -> isWapiVariantBlocked | value -> security_type:2
01-01 00:59:31.026  3739  3739 W HMI2-SETTINGS - CI08.4: className -> WifiActivity | functionName -> isInConnected | value -> |ACSIA_Management|0|2
01-01 00:59:31.026  3739  3739 W HMI2-SETTINGS - CI08.4: className -> WifiActivity | functionName -> isWapiVariantBlocked | value -> security_type:2
01-01 00:59:31.026  3739  3739 W HMI2-SETTINGS - CI08.4: className -> WifiActivity | functionName -> isInConnected | value -> | ACSIA_CORP3|0|2
01-01 00:59:31.026  3739  3739 W HMI2-SETTINGS - CI08.4: className -> WifiActivity | functionName -> isWapiVariantBlocked | value -> security_type:2
01-01 00:59:31.026  3739  3739 W HMI2-SETTINGS - CI08.4: className -> WifiActivity | functionName -> isInConnected | value -> |ACSIA_CORP2|0|2
01-01 00:59:31.026  3739  3739 W HMI2-SETTINGS - CI08.4: className -> WifiActivity | functionName -> isWapiVariantBlocked | value -> security_type:2
01-01 00:59:31.026  3739  3739 W HMI2-SETTINGS - CI08.4: className -> WifiActivity | functionName -> isInConnected | value -> |ACSIA_CORP1|0|2
01-01 00:59:31.026  3739  3739 W HMI2-SETTINGS - CI08.4: className -> WifiActivity | functionName -> isWapiVariantBlocked | value -> security_type:2
01-01 00:59:31.026  3739  3739 W HMI2-SETTINGS - CI08.4: className -> WifiActivity | functionName -> isInConnected | value -> |ACSIA_GUEST1|0|2
01-01 00:59:31.026  3739  3739 W HMI2-SETTINGS - CI08.4: className -> WifiActivity | functionName -> isWapiVariantBlocked | value -> security_type:2
01-01 00:59:31.026  3739  3739 W HMI2-SETTINGS - CI08.4: className -> WifiActivity | functionName -> isInConnected | value -> |ACSIA_DEV|0|2
01-01 00:59:31.026  3739  3739 W HMI2-SETTINGS - CI08.4: className -> WifiActivity | functionName -> isWapiVariantBlocked | value -> security_type:2
01-01 00:59:31.026  3739  3739 W HMI2-SETTINGS - CI08.4: className -> WifiActivity | functionName -> isInConnected | value -> |RSE_Test|0|2
01-01 00:59:31.026  3739  3739 W HMI2-SETTINGS - CI08.4: className -> WifiActivity | functionName -> isWapiVariantBlocked | value -> security_type:2
01-01 00:59:31.026  3739  3739 W HMI2-SETTINGS - CI08.4: className -> WifiActivity | functionName -> isInConnected | value -> |HUWIFI|0|2
01-01 00:59:31.026  3739  3739 W HMI2-SETTINGS - CI08.4: className -> WifiActivity | functionName -> isWapiVariantBlocked | value -> security_type:2
01-01 00:59:31.026  3739  3739 W HMI2-SETTINGS - CI08.4: className -> WifiActivity | functionName -> isInConnected | value -> |DIRECT-DMATCLWI2064msNL|0|2
01-01 00:59:31.026  3739  3739 W HMI2-SETTINGS - CI08.4: className -> WifiActivity | functionName -> isWapiVariantBlocked | value -> security_type:2
01-01 00:59:31.026  3739  3739 W HMI2-SETTINGS - CI08.4: className -> WifiActivity | functionName -> isInConnected | value -> |DIRECT-vQINLT044msmJ|0|2
01-01 00:59:31.026  3739  3739 W HMI2-SETTINGS - CI08.4: className -> WifiActivity | functionName -> isWapiVariantBlocked | value -> security_type:2
01-01 00:59:31.026  3739  3739 W HMI2-SETTINGS - CI08.4: className -> WifiActivity | functionName -> isInConnected | value -> |AUTOMATION_TEST|0|2
01-01 00:59:31.026  3739  3739 W HMI2-SETTINGS - CI08.4: className -> WifiActivity | functionName -> isWapiVariantBlocked | value -> security_type:2
01-01 00:59:31.026  3739  3739 W HMI2-SETTINGS - CI08.4: className -> WifiActivity | functionName -> isInConnected | value -> |ACSIA_CORP1|0|2
01-01 00:59:31.026  3739  3739 W HMI2-SETTINGS - CI08.4: className -> WifiActivity | functionName -> isWapiVariantBlocked | value -> security_type:2
01-01 00:59:31.026  3739  3739 W HMI2-SETTINGS - CI08.4: className -> WifiActivity | functionName -> isInConnected | value -> |ACSIA_GUEST1|0|2
01-01 00:59:31.026  3739  3739 W HMI2-SETTINGS - CI08.4: className -> WifiActivity | functionName -> isWapiVariantBlocked | value -> security_type:2
01-01 00:59:31.026  3739  3739 W HMI2-SETTINGS - CI08.4: className -> WifiActivity | functionName -> isInConnected | value -> |ACSIA_DEV|0|2
01-01 00:59:31.026  3739  3739 W HMI2-SETTINGS - CI08.4: className -> WifiActivity | functionName -> isWapiVariantBlocked | value -> security_type:2
01-01 00:59:31.026  3739  3739 W HMI2-SETTINGS - CI08.4: className -> WifiActivity | functionName -> isInConnected | value -> |ACSIA_CORP2|0|2
01-01 00:59:31.026  3739  3739 W HMI2-SETTINGS - CI08.4: className -> WifiActivity | functionName -> isWapiVariantBlocked | value -> security_type:2
01-01 00:59:31.027  3739  3739 W HMI2-SETTINGS - CI08.4: className -> WifiActivity | functionName -> isInConnected | value -> | ACSIA_CORP3|0|2
01-01 00:59:31.027  3739  3739 W HMI2-SETTINGS - CI08.4: className -> WifiActivity | functionName -> isWapiVariantBlocked | value -> security_type:2
01-01 00:59:31.027  3739  3739 W HMI2-SETTINGS - CI08.4: className -> WifiActivity | functionName -> isInConnected | value -> |ACSIA_Management|0|2
01-01 00:59:31.027  3739  3739 W HMI2-SETTINGS - CI08.4: className -> WifiActivity | functionName -> isWapiVariantBlocked | value -> security_type:2
01-01 00:59:31.027  3739  3739 W HMI2-SETTINGS - CI08.4: className -> WifiActivity | functionName -> isInConnected | value -> |RSE_Test|0|2
01-01 00:59:31.027  3739  3739 W HMI2-SETTINGS - CI08.4: className -> WifiActivity | functionName -> isWapiVariantBlocked | value -> security_type:0
01-01 00:59:31.027  3739  3739 W HMI2-SETTINGS - CI08.4: className -> WifiActivity | functionName -> isInConnected | value -> |HP-Print-DB-LaserJet Pro MFP|0|0
01-01 00:59:31.027  3739  3739 W HMI2-SETTINGS - CI08.4: className -> WifiActivity | functionName -> isWapiVariantBlocked | value -> security_type:2
01-01 00:59:31.027  3739  3739 W HMI2-SETTINGS - CI08.4: className -> WifiActivity | functionName -> isInConnected | value -> |MB Hotspot 61185|0|2
01-01 00:59:31.027  3739  3739 W HMI2-SETTINGS - CI08.4: className -> WifiActivity | functionName -> handleAllAvailNetwork | value -> savedNetwork ->0
01-01 00:59:31.027  3739  3739 W HMI2-SETTINGS - CI08.4: className -> WifiActivity | functionName -> handleAllAvailNetwork | value -> presentVisibleNetwork ->29
01-01 00:59:31.030  3739  3739 W HMI2-SETTINGS - CI08.4: className -> WifiActivity | functionName -> handleIfWifiAvailableNetworks: config is  | value -> null
01-01 00:59:31.047  3675 18364 D UIAutomatorStub: URI: /jsonrpc/0, Method: POST, Header: {content-length=274, remote-addr=127.0.0.1, http-client-ip=127.0.0.1, host=localhost:9009, content-type=application/json, connection=close, accept-encoding=identity, user-agent=Python-urllib/2.7}, params, {NanoHttpd.QUERY_STRING=null}, files: {postData={"params": [{"childOrSiblingSelector": [], "scrollable": true, "mask": 16384, "childOrSibling": []}, {"childOrSiblingSelector": [], "text": "RSE_Test", "mask": 1, "childOrSibling": []}, true], "jsonrpc": "2.0", "method": "scrollTo", "id": "e767b67c3b6cd8d7dcf5f1d5f0fee23c"}}
01-01 00:59:31.146  1933  1957 D LCMANDR : SWR_OOB_HV_MF_009|FUN=LifeCycleManagerService::LifeCycle_ReportCompStatus|GOT ALIVENESS SIGNAL FROM DAIAPP : [0]; HB Counter = [ 1413 ]; STATUS INFO = [ 0 ]
01-01 00:59:31.147  1519  1519 I Connectivity_AIDL|AIDL_Handler.AIDL_Helpers.LcmHelper: MBUX App Method: KeepAliveTest |Line No: 408 |Log Type: Critical |Message: MainThread:MBUX-App HB Count: 1415, ResponseCode: 0
01-01 00:59:31.243   729   748 I sssv-lib: sendMsg enter
01-01 00:59:31.243   729   748 I sssv-lib: sendMsg complete.
01-01 00:59:31.255  1933  1957 D LCMANDR : SWR_OOB_HV_MF_009|FUN=LifeCycleManagerService::LifeCycle_ReportCompStatus|GOT ALIVENESS SIGNAL FROM DAIAPP : [0]; HB Counter = [ 1414 ]; STATUS INFO = [ 0 ]
01-01 00:59:31.256  1519  1964 I Connectivity_AIDL|AIDL_Handler.AIDL_Helpers.LcmHelper: MBUX App Method: KeepAliveTest |Line No: 408 |Log Type: Critical |Message: ChildThread:MBUX-App HB Count: 1416, ResponseCode: 0
01-01 00:59:31.700  3675 18364 D UiScrollable: scrollToBeginning() on selector = UiSelector[SCROLLABLE=true]
01-01 00:59:31.700  3675 18364 D UiScrollable: scrollBackward() on selector = UiSelector[SCROLLABLE=true]
01-01 00:59:31.706  3675 18364 I QueryController: Matched selector: UiSelector[SCROLLABLE=true] <<==>> [android.view.accessibility.AccessibilityNodeInfo@39b5b9d; boundsInParent: Rect(0, 0 - 1332, 889); boundsInScreen: Rect(305, 172 - 1637, 1061); packageName: com.panasonic.hmi2settings; className: android.widget.ScrollView; text: null; error: null; maxTextLength: -1; contentDescription: null; viewIdResName: com.panasonic.hmi2settings:id/scrollWifi; checkable: false; checked: false; focusable: true; focused: false; selected: false; clickable: false; longClickable: false; contextClickable: false; enabled: true; password: false; scrollable: true; importantForAccessibility: true; actions: [AccessibilityAction: ACTION_FOCUS - null, AccessibilityAction: ACTION_SELECT - null, AccessibilityAction: ACTION_CLEAR_SELECTION - null, AccessibilityAction: ACTION_ACCESSIBILITY_FOCUS - null, AccessibilityAction: ACTION_SCROLL_FORWARD - null, AccessibilityAction: ACTION_SHOW_ON_SCREEN - null]]
01-01 00:59:31.706  3675 18364 D UiScrollable: scrollToBegining() using vertical scroll
01-01 00:59:31.706  3675 18364 D InteractionController: scrollSwipe (971, 260, 971, 973, 55)
01-01 00:59:31.707  1933  1933 D LCMANDR : SWR_OOB_HV_MF_009|FUN=LifeCycleManagerService::getDAIAppAlivenessStatus|Aliveness:: DAIAPP HB DIFF = 2 [ DaimlerAppHBCounter ] = 1414[ DaimlerAppHBCounterOld ] = 1412
01-01 00:59:31.707  1933  1933 I LCMANDR : SWR_OOB_HV_MF_009|FUN=LifeCycleManagerService::getDAIAppAlivenessStatus|Aliveness::ANDROID HB IS VALID... setting OLD VAL, and resetting Fail Counter
01-01 00:59:31.710  1933  1933 I LCMANDR : SWR_OOB_HV_MF_009|FUN=LifeCycleManagerService::getDAIPID|DAIMLER APP(com.daimler.rse.ntg6) PID is [ 1519 ]
01-01 00:59:31.710  1933  1933 I LCMANDR : SWR_OOB_HV_MF_009|FUN=LifeCycleManagerService::getDAIAPPStatus|Aliveness::SAME PID! DAIAPP is not restarted
01-01 00:59:31.710  1933  1933 W LCMANDR : SWR_OOB_HV_MF_009|FUN=LifeCycleManagerService::getDAIAppAlivenessStatus|Aliveness::Status to send id : ALIVE
01-01 00:59:31.710  1933  1933 D LCMANDR : SWR_OOB_HV_MF_005|FUN=LifeCycleManagerService::sendPacketToLnx|data = [B@9b47a4d
01-01 00:59:31.710  1933  1933 D LCMANDR : SWR_OOB_HV_MF_009|FUN=LifeCycleManagerService::postAppsStatusInfo|Setting AppPacket info
01-01 00:59:31.710  1933  1933 I LCMANDR : SWR_OOB_HV_MF_009|FUN=AlivenessMonitoring::getRunningApps| packet sent
01-01 00:59:31.710  1933  1956 D LCMANDR : SWR_OOB_HV_MF_010|FUN=LifeCycleManagerService::RseNodeStateManagement|SEND_IGC_CB
01-01 00:59:31.710  1933  1956 I LCMANDR : SWR_OOB_HV_MF_005|FUN=LifeCycleManagerService::igcsendData|Call hit in RSENodeStateManagement::igcsendData
01-01 00:59:31.710  1933  1956 I LCMANDR : SWR_OOB_HV_MF_005|FUN=LifeCycleManagerService::igcsendData|SEND DATA LEN is : 15
01-01 00:59:31.710  1933  1956 I LCMANDR : SWR_OOB_HV_MF_007|FUN=LifeCycleManagerService::sendPacketFromIntentService|Package to send : [ 65, 0, 0, 0, 9, 0, 2, 0, 1, 0, 5, 65, 65, 0, 0, ]
01-01 00:59:31.711  1933  1956 I IGC     :  IGC::sendData ==> [ 65, 0, 0, 0, 9, 0, 2, 0, 1, 0, 5, 65, 65, 0, 0,  ]
01-01 00:59:31.711  1933  1956 I IGC     :  Igc::sendData data size is :: 15
01-01 00:59:31.711  1933  1956 D         : Enqueue: sem count = 1
01-01 00:59:31.711  1933  1956 I LCMANDR : SWR_OOB_HV_MF_007|FUN=LifeCycleManagerService::sendPacketFromIntentService|Sending Data to Linux is successful( [65, 0, 0, 0, 9, 0, 2, 0, 1, 0, 5, 65, 65, 0, 0] )
01-01 00:59:31.711  1933  1956 I LCMANDR : SWR_OOB_HV_MF_005|FUN=LifeCycleManagerService::igcsendData| DATA SEND SUCCESSFULLY 
01-01 00:59:32.244   729   748 I sssv-lib: sendMsg enter
01-01 00:59:32.244   729   748 I sssv-lib: sendMsg complete.
01-01 00:59:32.378   625   625 D WifiHAL : Start get packet fate command
01-01 00:59:32.378   625   625 D WifiHAL : createRequest Get Tx packet fate request
01-01 00:59:32.378   625   625 E WifiHAL : Failed to register get pkt fate response; result = -95
01-01 00:59:32.379  1151  1317 E WifiVendorHal: getTxPktFates(l.2067) failed {.code = ERROR_UNKNOWN, .description = errno: -95 (Unknown error -95)}
01-01 00:59:32.379   625   625 D WifiHAL : Start get packet fate command
01-01 00:59:32.379   625   625 D WifiHAL : createRequest Get Rx packet fate request
01-01 00:59:32.379   625   625 E WifiHAL : Failed to register get pkt fate response; result = -95
01-01 00:59:32.380  1151  1317 E WifiVendorHal: getRxPktFates(l.2107) failed {.code = ERROR_UNKNOWN, .description = errno: -95 (Unknown error -95)}
01-01 00:59:32.447   625   625 D WifiHAL : Start get packet fate command
01-01 00:59:32.447   625   625 D WifiHAL : createRequest Get Tx packet fate request
01-01 00:59:32.447   625   625 E WifiHAL : Failed to register get pkt fate response; result = -95
01-01 00:59:32.448  1151  1317 E WifiVendorHal: getTxPktFates(l.2067) failed {.code = ERROR_UNKNOWN, .description = errno: -95 (Unknown error -95)}
01-01 00:59:32.448   625   625 D WifiHAL : Start get packet fate command
01-01 00:59:32.448   625   625 D WifiHAL : createRequest Get Rx packet fate request
01-01 00:59:32.448   625   625 E WifiHAL : Failed to register get pkt fate response; result = -95
01-01 00:59:32.449  1151  1317 E WifiVendorHal: getRxPktFates(l.2107) failed {.code = ERROR_UNKNOWN, .description = errno: -95 (Unknown error -95)}
01-01 00:59:32.558   635   635 E ANDR-PERF-TARGET: Error: Invalid logical cluster id 0
01-01 00:59:32.559   635   635 E ANDR-PERF-MPCTL: invalid request, no optimizations performed
01-01 00:59:32.575   635   635 E ANDR-PERF-TARGET: Error: Invalid logical cluster id 0
01-01 00:59:32.575   635   635 E ANDR-PERF-MPCTL: invalid request, no optimizations performed
01-01 00:59:32.592   635   635 E ANDR-PERF-TARGET: Error: Invalid logical cluster id 0
01-01 00:59:32.592   635   635 E ANDR-PERF-MPCTL: invalid request, no optimizations performed
01-01 00:59:32.609   635   635 E ANDR-PERF-TARGET: Error: Invalid logical cluster id 0
01-01 00:59:32.609   635   635 E ANDR-PERF-MPCTL: invalid request, no optimizations performed
01-01 00:59:32.625   635   635 E ANDR-PERF-TARGET: Error: Invalid logical cluster id 0
01-01 00:59:32.625   635   635 E ANDR-PERF-MPCTL: invalid request, no optimizations performed
01-01 00:59:32.626   635   635 E ANDR-PERF-TARGET: Error: Invalid logical cluster id 0
01-01 00:59:32.626   635   635 E ANDR-PERF-MPCTL: invalid request, no optimizations performed
01-01 00:59:32.642   635   635 E ANDR-PERF-TARGET: Error: Invalid logical cluster id 0
01-01 00:59:32.642   635   635 E ANDR-PERF-MPCTL: invalid request, no optimizations performed
01-01 00:59:32.659   635   635 E ANDR-PERF-TARGET: Error: Invalid logical cluster id 0
01-01 00:59:32.659   635   635 E ANDR-PERF-MPCTL: invalid request, no optimizations performed
01-01 00:59:32.675   635   635 E ANDR-PERF-TARGET: Error: Invalid logical cluster id 0
01-01 00:59:32.675   635   635 E ANDR-PERF-MPCTL: invalid request, no optimizations performed
01-01 00:59:32.692   635   635 E ANDR-PERF-TARGET: Error: Invalid logical cluster id 0
01-01 00:59:32.692   635   635 E ANDR-PERF-MPCTL: invalid request, no optimizations performed
01-01 00:59:32.709   635   635 E ANDR-PERF-TARGET: Error: Invalid logical cluster id 0
01-01 00:59:32.709   635   635 E ANDR-PERF-MPCTL: invalid request, no optimizations performed
01-01 00:59:32.725   635   635 E ANDR-PERF-TARGET: Error: Invalid logical cluster id 0
01-01 00:59:32.726   635   635 E ANDR-PERF-MPCTL: invalid request, no optimizations performed
01-01 00:59:32.742   635   635 E ANDR-PERF-TARGET: Error: Invalid logical cluster id 0
01-01 00:59:32.742   635   635 E ANDR-PERF-MPCTL: invalid request, no optimizations performed
01-01 00:59:32.759   635   635 E ANDR-PERF-TARGET: Error: Invalid logical cluster id 0
01-01 00:59:32.759   635   635 E ANDR-PERF-MPCTL: invalid request, no optimizations performed
01-01 00:59:32.776   635   635 E ANDR-PERF-TARGET: Error: Invalid logical cluster id 0
01-01 00:59:32.776   635   635 E ANDR-PERF-MPCTL: invalid request, no optimizations performed
01-01 00:59:32.792   635   635 E ANDR-PERF-TARGET: Error: Invalid logical cluster id 0
01-01 00:59:32.792   635   635 E ANDR-PERF-MPCTL: invalid request, no optimizations performed
01-01 00:59:32.809   635   635 E ANDR-PERF-TARGET: Error: Invalid logical cluster id 0
01-01 00:59:32.809   635   635 E ANDR-PERF-MPCTL: invalid request, no optimizations performed
01-01 00:59:32.819  3675 18364 W InteractionController: runAndwaitForEvents timed out waiting for events
01-01 00:59:32.826   635   635 E ANDR-PERF-TARGET: Error: Invalid logical cluster id 0
01-01 00:59:32.826   635   635 E ANDR-PERF-MPCTL: invalid request, no optimizations performed
01-01 00:59:32.829  3675 18364 D UiScrollable: scrollForward() on selector = UiSelector[SCROLLABLE=true]
01-01 00:59:32.836  3675 18364 I QueryController: Matched selector: UiSelector[SCROLLABLE=true] <<==>> [android.view.accessibility.AccessibilityNodeInfo@39b5b9d; boundsInParent: Rect(0, 0 - 1332, 889); boundsInScreen: Rect(305, 172 - 1637, 1061); packageName: com.panasonic.hmi2settings; className: android.widget.ScrollView; text: null; error: null; maxTextLength: -1; contentDescription: null; viewIdResName: com.panasonic.hmi2settings:id/scrollWifi; checkable: false; checked: false; focusable: true; focused: false; selected: false; clickable: false; longClickable: false; contextClickable: false; enabled: true; password: false; scrollable: true; importantForAccessibility: true; actions: [AccessibilityAction: ACTION_FOCUS - null, AccessibilityAction: ACTION_SELECT - null, AccessibilityAction: ACTION_CLEAR_SELECTION - null, AccessibilityAction: ACTION_ACCESSIBILITY_FOCUS - null, AccessibilityAction: ACTION_SCROLL_FORWARD - null, AccessibilityAction: ACTION_SHOW_ON_SCREEN - null]]
01-01 00:59:32.837  3675 18364 D InteractionController: scrollSwipe (971, 973, 971, 260, 55)
01-01 00:59:32.842   635   635 E ANDR-PERF-TARGET: Error: Invalid logical cluster id 0
01-01 00:59:32.843   635   635 E ANDR-PERF-MPCTL: invalid request, no optimizations performed
01-01 00:59:32.859   635   635 E ANDR-PERF-TARGET: Error: Invalid logical cluster id 0
01-01 00:59:32.859   635   635 E ANDR-PERF-MPCTL: invalid request, no optimizations performed
01-01 00:59:32.876   635   635 E ANDR-PERF-TARGET: Error: Invalid logical cluster id 0
01-01 00:59:32.876   635   635 E ANDR-PERF-MPCTL: invalid request, no optimizations performed
01-01 00:59:32.892   635   635 E ANDR-PERF-TARGET: Error: Invalid logical cluster id 0
01-01 00:59:32.893   635   635 E ANDR-PERF-MPCTL: invalid request, no optimizations performed
01-01 00:59:32.909   635   635 E ANDR-PERF-TARGET: Error: Invalid logical cluster id 0
01-01 00:59:32.909   635   635 E ANDR-PERF-MPCTL: invalid request, no optimizations performed
01-01 00:59:32.926   635   635 E ANDR-PERF-TARGET: Error: Invalid logical cluster id 0
01-01 00:59:32.926   635   635 E ANDR-PERF-MPCTL: invalid request, no optimizations performed
01-01 00:59:32.943   635   635 E ANDR-PERF-TARGET: Error: Invalid logical cluster id 0
01-01 00:59:32.943   635   635 E ANDR-PERF-MPCTL: invalid request, no optimizations performed
01-01 00:59:32.959   635   635 E ANDR-PERF-TARGET: Error: Invalid logical cluster id 0
01-01 00:59:32.960   635   635 E ANDR-PERF-MPCTL: invalid request, no optimizations performed
01-01 00:59:32.970  1933  1933 I LCMANDR : SWR_OOB_HV_MF_009|FUN=ResourceMonitoringService::movingMemoryAverage|2|Moving memory average :32.3221
01-01 00:59:32.970  1933  1933 W LCMANDR : SWR_OOB_HV_MF_009|FUN=ResourceMonitoringService::getCpuUsageStatistic|Moving MEM AVG :::::::::32.3221
01-01 00:59:32.971  1933  1933 W LCMANDR : SWR_OOB_HV_MF_009|FUN=ResourceMonitoringService::getCpuUsageStatistic|2|Total cpu usage :31.42202
01-01 00:59:32.972  1933  1933 I LCMANDR : SWR_OOB_HV_MF_009|FUN=ResourceMonitoringService::getCpuUsageStatistic|Cpu usage of core  0 is33.797913
01-01 00:59:32.972  1933  1933 I LCMANDR : SWR_OOB_HV_MF_009|FUN=ResourceMonitoringService::getCpuUsageStatistic|Cpu usage of core  1 is28.91986
01-01 00:59:32.972  1933  1933 I LCMANDR : SWR_OOB_HV_MF_009|FUN=ResourceMonitoringService::getCpuUsageStatistic|Cpu usage of core  2 is31.543625
01-01 00:59:32.972  1933  1933 I LCMANDR : ResourceMonitoringService::movingCpuAverage()
01-01 00:59:32.972  1933  1933 I LCMANDR : SWR_OOB_HV_MF_009|FUN=ResourceMonitoringService::movingCpuAverage|2|Moving window average of CPU 23.769972
01-01 00:59:32.972  1933  1933 I LCMANDR : SWR_OOB_HV_MF_009|FUN=ResourceMonitoringService::movingCpuAverage|2|Cpu moving average of core  0 is24.53591
01-01 00:59:32.972  1933  1933 I LCMANDR : SWR_OOB_HV_MF_009|FUN=ResourceMonitoringService::movingCpuAverage|2|Cpu moving average of core  1 is20.193213
01-01 00:59:32.972  1933  1933 I LCMANDR : SWR_OOB_HV_MF_009|FUN=ResourceMonitoringService::movingCpuAverage|2|Cpu moving average of core  2 is26.467276
01-01 00:59:32.972  1933  1933 D LCMANDR : SWR_OOB_HV_MF_009|FUN=ResourceMonitoringService::movingCpuAverage|2|Exiting VAL = 23.769972
01-01 00:59:32.976   635   635 E ANDR-PERF-TARGET: Error: Invalid logical cluster id 0
01-01 00:59:32.976   635   635 E ANDR-PERF-MPCTL: invalid request, no optimizations performed
01-01 00:59:32.993   635   635 E ANDR-PERF-TARGET: Error: Invalid logical cluster id 0
01-01 00:59:32.993   635   635 E ANDR-PERF-MPCTL: invalid request, no optimizations performed
01-01 00:59:33.010   635   635 E ANDR-PERF-TARGET: Error: Invalid logical cluster id 0
01-01 00:59:33.010   635   635 E ANDR-PERF-MPCTL: invalid request, no optimizations performed
01-01 00:59:33.026   635   635 E ANDR-PERF-TARGET: Error: Invalid logical cluster id 0
01-01 00:59:33.026   635   635 E ANDR-PERF-MPCTL: invalid request, no optimizations performed
01-01 00:59:33.043   635   635 E ANDR-PERF-TARGET: Error: Invalid logical cluster id 0
01-01 00:59:33.043   635   635 E ANDR-PERF-MPCTL: invalid request, no optimizations performed
01-01 00:59:33.060   635   635 E ANDR-PERF-TARGET: Error: Invalid logical cluster id 0
01-01 00:59:33.060   635   635 E ANDR-PERF-MPCTL: invalid request, no optimizations performed
01-01 00:59:33.076   635   635 E ANDR-PERF-TARGET: Error: Invalid logical cluster id 0
01-01 00:59:33.076   635   635 E ANDR-PERF-MPCTL: invalid request, no optimizations performed
01-01 00:59:33.093   635   635 E ANDR-PERF-TARGET: Error: Invalid logical cluster id 0
01-01 00:59:33.093   635   635 E ANDR-PERF-MPCTL: invalid request, no optimizations performed
01-01 00:59:33.110   635   635 E ANDR-PERF-TARGET: Error: Invalid logical cluster id 0
01-01 00:59:33.110   635   635 E ANDR-PERF-MPCTL: invalid request, no optimizations performed
01-01 00:59:33.126   635   635 E ANDR-PERF-TARGET: Error: Invalid logical cluster id 0
01-01 00:59:33.127   635   635 E ANDR-PERF-MPCTL: invalid request, no optimizations performed
01-01 00:59:33.143   635   635 E ANDR-PERF-TARGET: Error: Invalid logical cluster id 0
01-01 00:59:33.143   635   635 E ANDR-PERF-MPCTL: invalid request, no optimizations performed
01-01 00:59:33.160   635   635 E ANDR-PERF-TARGET: Error: Invalid logical cluster id 0
01-01 00:59:33.160   635   635 E ANDR-PERF-MPCTL: invalid request, no optimizations performed
01-01 00:59:33.177   635   635 E ANDR-PERF-TARGET: Error: Invalid logical cluster id 0
01-01 00:59:33.177   635   635 E ANDR-PERF-MPCTL: invalid request, no optimizations performed
01-01 00:59:33.193   635   635 E ANDR-PERF-TARGET: Error: Invalid logical cluster id 0
01-01 00:59:33.194   635   635 E ANDR-PERF-MPCTL: invalid request, no optimizations performed
01-01 00:59:33.210   635   635 E ANDR-PERF-TARGET: Error: Invalid logical cluster id 0
01-01 00:59:33.210   635   635 E ANDR-PERF-MPCTL: invalid request, no optimizations performed
01-01 00:59:33.227   635   635 E ANDR-PERF-TARGET: Error: Invalid logical cluster id 0
01-01 00:59:33.227   635   635 E ANDR-PERF-MPCTL: invalid request, no optimizations performed
01-01 00:59:33.244   635   635 E ANDR-PERF-TARGET: Error: Invalid logical cluster id 0
01-01 00:59:33.244   635   635 E ANDR-PERF-MPCTL: invalid request, no optimizations performed
01-01 00:59:33.246   729   748 I sssv-lib: sendMsg enter
01-01 00:59:33.247   729   748 I sssv-lib: sendMsg complete.
01-01 00:59:33.260   635   635 E ANDR-PERF-TARGET: Error: Invalid logical cluster id 0
01-01 00:59:33.260   635   635 E ANDR-PERF-MPCTL: invalid request, no optimizations performed
01-01 00:59:33.277   635   635 E ANDR-PERF-TARGET: Error: Invalid logical cluster id 0
01-01 00:59:33.277   635   635 E ANDR-PERF-MPCTL: invalid request, no optimizations performed
01-01 00:59:33.294   635   635 E ANDR-PERF-TARGET: Error: Invalid logical cluster id 0
01-01 00:59:33.294   635   635 E ANDR-PERF-MPCTL: invalid request, no optimizations performed
01-01 00:59:33.310   635   635 E ANDR-PERF-TARGET: Error: Invalid logical cluster id 0
01-01 00:59:33.310   635   635 E ANDR-PERF-MPCTL: invalid request, no optimizations performed
01-01 00:59:33.327   635   635 E ANDR-PERF-TARGET: Error: Invalid logical cluster id 0
01-01 00:59:33.327   635   635 E ANDR-PERF-MPCTL: invalid request, no optimizations performed
01-01 00:59:33.344   635   635 E ANDR-PERF-TARGET: Error: Invalid logical cluster id 0
01-01 00:59:33.344   635   635 E ANDR-PERF-MPCTL: invalid request, no optimizations performed
01-01 00:59:33.360   635   635 E ANDR-PERF-TARGET: Error: Invalid logical cluster id 0
01-01 00:59:33.360   635   635 E ANDR-PERF-MPCTL: invalid request, no optimizations performed
01-01 00:59:33.377   635   635 E ANDR-PERF-TARGET: Error: Invalid logical cluster id 0
01-01 00:59:33.377   635   635 E ANDR-PERF-MPCTL: invalid request, no optimizations performed
01-01 00:59:33.394   635   635 E ANDR-PERF-TARGET: Error: Invalid logical cluster id 0
01-01 00:59:33.394   635   635 E ANDR-PERF-MPCTL: invalid request, no optimizations performed
01-01 00:59:33.411   635   635 E ANDR-PERF-TARGET: Error: Invalid logical cluster id 0
01-01 00:59:33.411   635   635 E ANDR-PERF-MPCTL: invalid request, no optimizations performed
01-01 00:59:33.427   635   635 E ANDR-PERF-TARGET: Error: Invalid logical cluster id 0
01-01 00:59:33.427   635   635 E ANDR-PERF-MPCTL: invalid request, no optimizations performed
01-01 00:59:33.444   635   635 E ANDR-PERF-TARGET: Error: Invalid logical cluster id 0
01-01 00:59:33.444   635   635 E ANDR-PERF-MPCTL: invalid request, no optimizations performed
01-01 00:59:33.461   635   635 E ANDR-PERF-TARGET: Error: Invalid logical cluster id 0
01-01 00:59:33.461   635   635 E ANDR-PERF-MPCTL: invalid request, no optimizations performed
01-01 00:59:33.477   635   635 E ANDR-PERF-TARGET: Error: Invalid logical cluster id 0
01-01 00:59:33.477   635   635 E ANDR-PERF-MPCTL: invalid request, no optimizations performed
01-01 00:59:33.494   635   635 E ANDR-PERF-TARGET: Error: Invalid logical cluster id 0
01-01 00:59:33.494   635   635 E ANDR-PERF-MPCTL: invalid request, no optimizations performed
01-01 00:59:33.511   635   635 E ANDR-PERF-TARGET: Error: Invalid logical cluster id 0
01-01 00:59:33.511   635   635 E ANDR-PERF-MPCTL: invalid request, no optimizations performed
01-01 00:59:33.527   635   635 E ANDR-PERF-TARGET: Error: Invalid logical cluster id 0
01-01 00:59:33.528   635   635 E ANDR-PERF-MPCTL: invalid request, no optimizations performed
01-01 00:59:33.544   635   635 E ANDR-PERF-TARGET: Error: Invalid logical cluster id 0
01-01 00:59:33.544   635   635 E ANDR-PERF-MPCTL: invalid request, no optimizations performed
01-01 00:59:33.561   635   635 E ANDR-PERF-TARGET: Error: Invalid logical cluster id 0
01-01 00:59:33.561   635   635 E ANDR-PERF-MPCTL: invalid request, no optimizations performed
01-01 00:59:33.577   635   635 E ANDR-PERF-TARGET: Error: Invalid logical cluster id 0
01-01 00:59:33.578   635   635 E ANDR-PERF-MPCTL: invalid request, no optimizations performed
01-01 00:59:33.594   635   635 E ANDR-PERF-TARGET: Error: Invalid logical cluster id 0
01-01 00:59:33.594   635   635 E ANDR-PERF-MPCTL: invalid request, no optimizations performed
01-01 00:59:33.611   635   635 E ANDR-PERF-TARGET: Error: Invalid logical cluster id 0
01-01 00:59:33.611   635   635 E ANDR-PERF-MPCTL: invalid request, no optimizations performed
01-01 00:59:33.628   635   635 E ANDR-PERF-TARGET: Error: Invalid logical cluster id 0
01-01 00:59:33.628   635   635 E ANDR-PERF-MPCTL: invalid request, no optimizations performed
01-01 00:59:33.644   635   635 E ANDR-PERF-TARGET: Error: Invalid logical cluster id 0
01-01 00:59:33.644   635   635 E ANDR-PERF-MPCTL: invalid request, no optimizations performed
01-01 00:59:33.661   635   635 E ANDR-PERF-TARGET: Error: Invalid logical cluster id 0
01-01 00:59:33.661   635   635 E ANDR-PERF-MPCTL: invalid request, no optimizations performed
01-01 00:59:33.678   635   635 E ANDR-PERF-TARGET: Error: Invalid logical cluster id 0
01-01 00:59:33.678   635   635 E ANDR-PERF-MPCTL: invalid request, no optimizations performed
01-01 00:59:33.694   635   635 E ANDR-PERF-TARGET: Error: Invalid logical cluster id 0
01-01 00:59:33.695   635   635 E ANDR-PERF-MPCTL: invalid request, no optimizations performed
01-01 00:59:33.711   635   635 E ANDR-PERF-TARGET: Error: Invalid logical cluster id 0
01-01 00:59:33.711   635   635 E ANDR-PERF-MPCTL: invalid request, no optimizations performed
01-01 00:59:33.728   635   635 E ANDR-PERF-TARGET: Error: Invalid logical cluster id 0
01-01 00:59:33.728   635   635 E ANDR-PERF-MPCTL: invalid request, no optimizations performed
01-01 00:59:33.745   635   635 E ANDR-PERF-TARGET: Error: Invalid logical cluster id 0
01-01 00:59:33.745   635   635 E ANDR-PERF-MPCTL: invalid request, no optimizations performed
01-01 00:59:33.761   635   635 E ANDR-PERF-TARGET: Error: Invalid logical cluster id 0
01-01 00:59:33.761   635   635 E ANDR-PERF-MPCTL: invalid request, no optimizations performed
01-01 00:59:33.762   635   635 E ANDR-PERF-TARGET: Error: Invalid logical cluster id 0
01-01 00:59:33.762   635   635 E ANDR-PERF-MPCTL: invalid request, no optimizations performed
01-01 00:59:33.778   635   635 E ANDR-PERF-TARGET: Error: Invalid logical cluster id 0
01-01 00:59:33.778   635   635 E ANDR-PERF-MPCTL: invalid request, no optimizations performed
01-01 00:59:33.795   635   635 E ANDR-PERF-TARGET: Error: Invalid logical cluster id 0
01-01 00:59:33.795   635   635 E ANDR-PERF-MPCTL: invalid request, no optimizations performed
01-01 00:59:33.811   635   635 E ANDR-PERF-TARGET: Error: Invalid logical cluster id 0
01-01 00:59:33.812   635   635 E ANDR-PERF-MPCTL: invalid request, no optimizations performed
01-01 00:59:33.828   635   635 E ANDR-PERF-TARGET: Error: Invalid logical cluster id 0
01-01 00:59:33.828   635   635 E ANDR-PERF-MPCTL: invalid request, no optimizations performed
01-01 00:59:33.845   635   635 E ANDR-PERF-TARGET: Error: Invalid logical cluster id 0
01-01 00:59:33.845   635   635 E ANDR-PERF-MPCTL: invalid request, no optimizations performed
01-01 00:59:33.861   635   635 E ANDR-PERF-TARGET: Error: Invalid logical cluster id 0
01-01 00:59:33.862   635   635 E ANDR-PERF-MPCTL: invalid request, no optimizations performed
01-01 00:59:33.878   635   635 E ANDR-PERF-TARGET: Error: Invalid logical cluster id 0
01-01 00:59:33.878   635   635 E ANDR-PERF-MPCTL: invalid request, no optimizations performed
01-01 00:59:33.895   635   635 E ANDR-PERF-TARGET: Error: Invalid logical cluster id 0
01-01 00:59:33.895   635   635 E ANDR-PERF-MPCTL: invalid request, no optimizations performed
01-01 00:59:33.912   635   635 E ANDR-PERF-TARGET: Error: Invalid logical cluster id 0
01-01 00:59:33.912   635   635 E ANDR-PERF-MPCTL: invalid request, no optimizations performed
01-01 00:59:33.928   635   635 E ANDR-PERF-TARGET: Error: Invalid logical cluster id 0
01-01 00:59:33.928   635   635 E ANDR-PERF-MPCTL: invalid request, no optimizations performed
01-01 00:59:33.945   635   635 E ANDR-PERF-TARGET: Error: Invalid logical cluster id 0
01-01 00:59:33.945   635   635 E ANDR-PERF-MPCTL: invalid request, no optimizations performed
01-01 00:59:33.954  3675 18364 W InteractionController: runAndwaitForEvents timed out waiting for events
01-01 00:59:33.954  3675 18364 D InteractionController: Vertical scrollSwipe reached scroll end: false
01-01 00:59:33.961   635   635 E ANDR-PERF-TARGET: Error: Invalid logical cluster id 0
01-01 00:59:33.961   635   635 E ANDR-PERF-MPCTL: invalid request, no optimizations performed
01-01 00:59:33.978   635   635 E ANDR-PERF-TARGET: Error: Invalid logical cluster id 0
01-01 00:59:33.978   635   635 E ANDR-PERF-MPCTL: invalid request, no optimizations performed
01-01 00:59:33.995   635   635 E ANDR-PERF-TARGET: Error: Invalid logical cluster id 0
01-01 00:59:33.995   635   635 E ANDR-PERF-MPCTL: invalid request, no optimizations performed
01-01 00:59:34.011   635   635 E ANDR-PERF-TARGET: Error: Invalid logical cluster id 0
01-01 00:59:34.011   635   635 E ANDR-PERF-MPCTL: invalid request, no optimizations performed
01-01 00:59:34.028   635   635 E ANDR-PERF-TARGET: Error: Invalid logical cluster id 0
01-01 00:59:34.028   635   635 E ANDR-PERF-MPCTL: invalid request, no optimizations performed
01-01 00:59:34.045   635   635 E ANDR-PERF-TARGET: Error: Invalid logical cluster id 0
01-01 00:59:34.045   635   635 E ANDR-PERF-MPCTL: invalid request, no optimizations performed
01-01 00:59:34.062   635   635 E ANDR-PERF-TARGET: Error: Invalid logical cluster id 0
01-01 00:59:34.062   635   635 E ANDR-PERF-MPCTL: invalid request, no optimizations performed
01-01 00:59:34.078   635   635 E ANDR-PERF-TARGET: Error: Invalid logical cluster id 0
01-01 00:59:34.078   635   635 E ANDR-PERF-MPCTL: invalid request, no optimizations performed
01-01 00:59:34.095   635   635 E ANDR-PERF-TARGET: Error: Invalid logical cluster id 0
01-01 00:59:34.095   635   635 E ANDR-PERF-MPCTL: invalid request, no optimizations performed
01-01 00:59:34.112   635   635 E ANDR-PERF-TARGET: Error: Invalid logical cluster id 0
01-01 00:59:34.112   635   635 E ANDR-PERF-MPCTL: invalid request, no optimizations performed
01-01 00:59:34.128   635   635 E ANDR-PERF-TARGET: Error: Invalid logical cluster id 0
01-01 00:59:34.128   635   635 E ANDR-PERF-MPCTL: invalid request, no optimizations performed
01-01 00:59:34.194  1151  1538 D CompatibilityInfo: mCompatibilityFlags - 4
01-01 00:59:34.195  1151  1538 D CompatibilityInfo: applicationDensity - 240
01-01 00:59:34.195  1151  1538 D CompatibilityInfo: applicationScale - 1.0
01-01 00:59:34.196  2145  2145 D HMI_SERVICE: USE_CASE_NA|FUN=StoragedJobIntentService::onCreate|1|init
01-01 00:59:34.199  2145  9112 D HMI_SERVICE: USE_CASE_NA|FUN=StoragedJobIntentService::onHandleIntent|1|ACTION_MONITOR_APPS
01-01 00:59:34.199  2145  9112 I HMI_SERVICE: USE_CASE_NA|FUN=StoragedJobIntentService::onHandleIntent|1|msg:storageType:64totalWriteValue371974144
01-01 00:59:34.199  2145  9112 D HMI_SERVICE: USE_CASE_NA|FUN=StoragedJobIntentService::initMonitorApps|1|init
01-01 00:59:34.200  2145  9112 D HMI_SERVICE: USE_CASE_NA|FUN=EmmcUtils::getAppUid|1|uid:10027
01-01 00:59:34.200  2145  9112 D HMI_SERVICE: USE_CASE_NA|FUN=EmmcUtils::getAppUid|1|uid:10033
01-01 00:59:34.201  2145  2145 D HMI_SERVICE: USE_CASE_NA|FUN=StoragedJobIntentService::onDestroy|1|init
01-01 00:59:34.202  2677  2690 W ANDR_PERSISTENCY_CLIENT: SWR_PERSISTENCE_HV_LA_MF_0003|FUN=VCPUPersistenceService::executeLinuxCommand|0| init 
01-01 00:59:30.999   808   808 I wificond: Enters wifigbk_ageOutHistory
01-01 00:59:34.202  2677  2690 W ContextImpl: Calling a method in the system process without a qualified user: android.app.ContextImpl.startService:1476 android.content.ContextWrapper.startService:650 com.panasonic.dairse.vcpupersistence.VCPUPersistenceService$1.executeLinuxCommand:392 com.panasonic.dairse.vcpupersistence.IVCPUPersistenceService$Stub.onTransact:437 android.os.Binder.execTransact:706 
01-01 00:59:34.204  1151  1538 D CompatibilityInfo: mCompatibilityFlags - 4
01-01 00:59:34.204  1151  1538 D CompatibilityInfo: applicationDensity - 240
01-01 00:59:34.204  1151  1538 D CompatibilityInfo: applicationScale - 1.0
01-01 00:59:34.207  2677 18365 W ANDR_PERSISTENCY_CLIENT: SWR_PERSISTENCE_HV_LA_MF_0004|FUN=UT_VCPUService:: onHandleIntent |2| [action] 16
01-01 00:59:34.208  2677 18365 W ANDR_PERSISTENCY_CLIENT: SWR_PERSISTENCE_HV_LA_MF_0003|FUN=PersConnHandler:: executeLinuxCommand |2| [id] execute_procedure
01-01 00:59:34.208  2677 18365 W ANDR_PERSISTENCY_CLIENT: SWR_PERSISTENCE_HV_LA_MF_0005|FUN=TCPHandler:: getInstance |2|msg: invoked 
01-01 00:59:34.208  2677 18365 W ANDR_PERSISTENCY_CLIENT: SWR_PERSISTENCE_HV_LA_MF_0005|FUN=TCPHandler::sendWriteRequestToPersistenceLinux|2|key= 0commandKey= 5 data= [99, 97, 116, 32, 47, 112, 114, 111, 99, 47, 100, 105, 115, 107, 115, 116, 97, 116, 115]
01-01 00:59:34.208  2677 18365 W ANDR_PERSISTENCY_CLIENT: SWR_PERSISTENCE_HV_LA_MF_0005|FUN=TCPHandler:: getUID |2|msg: invoked 
01-01 00:59:34.208  2677 18365 W ANDR_PERSISTENCY_CLIENT: SWR_PERSISTENCE_HV_LA_MF_0005|FUN=TCPHandler:: setAction |2|msg:setAction=1
01-01 00:59:34.208  2677 18365 W ANDR_PERSISTENCY_CLIENT: SWR_PERSISTENCE_HV_LA_MF_0005|FUN=TCPHandler:: setUID |2|msg:uid=-122
01-01 00:59:34.209  2677 18365 W ANDR_PERSISTENCY_CLIENT: SWR_PERSISTENCE_HV_LA_MF_0005|FUN=TCPHandler:: setKey |2|msg:uid=-122
01-01 00:59:34.209  2677 18365 W ANDR_PERSISTENCY_CLIENT: SWR_PERSISTENCE_HV_LA_MF_0005|FUN=TCPHandler::setCommandKey|2|msg:commandKey=5
01-01 00:59:34.209  2677 18365 W ANDR_PERSISTENCY_CLIENT: SWR_PERSISTENCE_HV_LA_MF_0005|FUN=TCPHandler::sendWriteRequestToPersistenceLinux|2|listKey=-122_5;keyString=0x00;key=0;command=cat /proc/diskstats
01-01 00:59:34.209  2677  2725 W ANDR_PERSISTENCY_CLIENT: SWR_PERSISTENCE_HV_LA_MF_0005|FUN=TCPHandler:: getAction |2|msg:getAction=1
01-01 00:59:34.209  2677  2725 W ANDR_PERSISTENCY_CLIENT: SWR_PERSISTENCE_HV_LA_MF_0005|FUN=TCPHandler:: sender:ACTION_REQUEST |2|msg:condition 
01-01 00:59:34.209  2677  2725 W ANDR_PERSISTENCY_CLIENT: SWR_PERSISTENCE_HV_LA_MF_0005|FUN=TCPHandler:: getWrappedData |2|msg: msg com.panasonic.dairse.vcpupersistence.TCPHandler$Message@ddbd3f9
01-01 00:59:34.209  2677  2725 W ANDR_PERSISTENCY_CLIENT: SWR_PERSISTENCE_HV_LA_MF_0005|FUN=TCPHandler::getCommandKey|2|msg:commandKey=5
01-01 00:59:34.209  2677  2725 W ANDR_PERSISTENCY_CLIENT: SWR_PERSISTENCE_HV_LA_MF_0005|FUN=TCPHandler:: intToBytes |2| data 19
01-01 00:59:34.209  2677  2725 W ANDR_PERSISTENCY_CLIENT: SWR_PERSISTENCE_HV_LA_MF_0005|FUN=TCPHandler:: intToBytes |2| data 31
01-01 00:59:34.209  2677  2725 W ANDR_PERSISTENCY_CLIENT: SWR_PERSISTENCE_HV_LA_MF_0005|FUN=TCPHandler:: getUID |2|msg:uid=-122
01-01 00:59:34.209  2677  2725 W ANDR_PERSISTENCY_CLIENT: SWR_PERSISTENCE_HV_LA_MF_0005|FUN=TCPHandler::start|2|msg:sender::msg=[0, 0, 0, 31, 1, -122, 5, 4, 48, 120, 48, 48, 0, 0, 0, 19, 99, 97, 116, 32, 47, 112, 114, 111, 99, 47, 100, 105, 115, 107, 115, 116, 97, 116, 115]
01-01 00:59:34.209  2677  2725 W ANDR_PERSISTENCY_CLIENT: SWR_PERSISTENCE_HV_LA_MF_0005|FUN=TCPHandler:: sender : Thread.interrupted() |2|msg:condition 
01-01 00:59:34.219  2677  2726 W ANDR_PERSISTENCY_CLIENT: SWR_PERSISTENCE_HV_LA_MF_0005|FUN=TCPHandler::start|2|msg:receiver::run: size of totalLength 4
01-01 00:59:34.219  2677  2726 W ANDR_PERSISTENCY_CLIENT: SWR_PERSISTENCE_HV_LA_MF_0005|FUN=TCPHandler::start|2|msg:receiver::run: totalLength is > 0
01-01 00:59:34.219  2677  2726 W ANDR_PERSISTENCY_CLIENT: SWR_PERSISTENCE_HV_LA_MF_0005|FUN=TCPHandler::start|2|msg:receiver::response length= 3847
