01-01 01:12:05.198  1519  1519 I Connectivity_AIDL|HMI_Common.RsePlatformInterface.ParentalControlImpl: MBUX App Method: SubscribeToParentalControlEvents |Line No: 96 |Log Type: Information |Message: SubscribeToParentalControlEvents isDemoMode = True
01-01 01:12:05.198  1519  1519 I HomeScreen|HMI_Common.Activities.MainOverlayActivity: MBUX App Method: UpdateNavigationETAInfo |Line No: 113 |Log Type: Critical |Message: UpdateNavigationETAInfo, subtitle text : 
01-01 01:12:05.198  1519  1519 I HomeScreen|HMI_Common.Activities.MainOverlayActivity: MBUX App Method: IsETAInfoToBeDisplayed |Line No: 128 |Log Type: Information |Message: Navigation, IsETAInfoToBeDisplayed etaInfoText: 
01-01 01:12:05.198  1519  1519 I HomeScreen|HMI_Common.Activities.MainOverlayActivity: MBUX App Method: UpdateHomeScreenNavigationSubtitleText |Line No: 801 |Log Type: Critical |Message: UpdateHomeScreenNavigationSubtitleText, subtitle text :  & isActiveRouteInProgress : False
01-01 01:12:05.205  1519  1519 I TelephonyRse|HMI_Common.Activities.MainOverlayActivity: MBUX App Method: HandlestatusLineNetworkSignalStrength |Line No: 944 |Log Type: Information |Message: BaseActivity StatusLine:HandlestatusLineNetworkSignalStrength deviceList size :
01-01 01:12:05.205  1519  1519 I TelephonyRse|HMI_Common.Activities.MainOverlayActivity: MBUX App Method: HandlestatusLineNetworkSignalStrength |Line No: 966 |Log Type: Information |Message: BaseActivity StatusLine:HandlestatusLineNetworkSignalStrength deviceList size empty:
01-01 01:12:05.206  1519  1519 I TelephonyRse|HMI_Common.Activities.MainOverlayActivity: MBUX App Method: HandlestatusLinePhoneBatteryLevelVisibility |Line No: 1063 |Log Type: Information |Message: BaseActivity StatusLine:HandlestatusLinePhoneBatteryLevelVisibility deviceList size :
01-01 01:12:05.206  1519  1519 I TelephonyRse|HMI_Common.Activities.MainOverlayActivity: MBUX App Method: HandlestatusLinePhoneBatteryLevelVisibility |Line No: 1086 |Log Type: Information |Message: BaseActivity StatusLine:HandlestatusLineNetworkSignalStrength deviceList size empty:
01-01 01:12:05.206  1519  1519 I HomeScreen|HMI_Common.Activities.MainOverlayActivity: MBUX App Method: OnResume |Line No: 875 |Log Type: Information |Message: MainOverlayActivity OnResume called, _isActive : False _pos: 1
01-01 01:12:05.206  1519  1519 I BaseScreen|HMI_Common.Activities.MainOverlayActivity: MBUX App Method: UpdateHMI2LaunchedFlag |Line No: 1222 |Log Type: Critical |Message: UpdateHMI2LaunchedFlag() called isLaunched = False
01-01 01:12:05.206  1519  1519 I BaseScreen|HMI_Common.HMIBackend.SharedPreferences.SharedPrefBackend: MBUX App Method: UpdateHMI2LaunchedFlag |Line No: 93 |Log Type: Critical |Message: UpdateHMI2LaunchedFlag called isLaunched = False
01-01 01:12:05.207  1519  1519 I Connectivity|HMI_Common.Activities.MainOverlayActivity: MBUX App Method: RegisterEntertainmentSharingEvents |Line No: 296 |Log Type: Information |Message: BaseActivity is for MainOverlayActivity...registering for EntertainmentBackendEvents!!
01-01 01:12:05.208  1519  1519 I AudioManagement|HMI_Common.Activities.MainOverlayActivity: MBUX App Method: SubscribeEntertainmentSharingEvent |Line No: 31 |Log Type: Critical |Message: SetEntertainmentLister: True RegisterEntertainmentSharingEvents for ComponentInfo{com.daimler.rse.ntg6/md59d95dbab71941e137ef724fbceda5f0e.MainOverlayActivity}
01-01 01:12:05.208  1519  1519 I HomeScreen|HMI_Common.HMIBackend.CommonControlsBackend.BaseScreenBackend: MBUX App Method: IsAppKeepAliveSuccess |Line No: 775 |Log Type: Critical |Message: App Authentication Status : Checking keep alive status for : Player & status : True
01-01 01:12:05.208  1519  1519 I HomeScreen|HMI_Common.HMIBackend.CommonControlsBackend.BaseScreenBackend: MBUX App Method: IsAppKeepAliveSuccess |Line No: 775 |Log Type: Critical |Message: App Authentication Status : Checking keep alive status for : Tuner & status : True
01-01 01:12:05.209  1519  1519 I HomeScreen|HMI_Common.Activities.MainOverlayActivity: MBUX App Method: UpdateHomeScreenItemView |Line No: 207 |Log Type: Critical |Message: UpdateHomeScreenItemView : Item : Radio, mainImage : , subtitle : , leftShortIcon : Media, rightShorticon : Media, Current Audio Source : 
01-01 01:12:05.211  1519  1519 I HomeScreen|HMI_Common.Activities.MainOverlayActivity: MBUX App Method: HandleNaviEngineStatusChangedEvent |Line No: 787 |Log Type: Critical |Message: HandleNaviEngineStatusChangedEvent, naviEngineStatus : Stopped
01-01 01:12:05.213  1519  1519 I HomeScreen|HMI_Common.CustomComponents.MainOverlay.Adapters.OverlayItemAdapter: MBUX App Method: EnableFocusForAppropriateItem |Line No: 107 |Log Type: Information |Message: MainOverLayActivity, EnableFocusForAppropriateItem called for item : Settings, Call Trace :   at HMI_Common.CustomComponents.MainOverlay.Adapters.OverlayItemAdapter.EnableFocusForAppropriateItem (HMI_Common.CustomComponents.MainOverlay.Adapters.MainOverlayItems appropriateItem) [0x00000] in <f8fa5baf696a40f0aba99447f8842d83>:0 
01-01 01:12:05.213  1519  1519 I HomeScreen|HMI_Common.CustomComponents.MainOverlay.Adapters.OverlayItemAdapter:   at HMI_Common.Activities.MainOverlayActivity.OnResume () [0x00000] in <f8fa5baf696a40f0aba99447f8842d83>:0 
01-01 01:12:05.213  1519  1519 I HomeScreen|HMI_Common.CustomComponents.MainOverlay.Adapters.OverlayItemAdapter:   at Android.App.Activity.n_OnResume (System.IntPtr jnienv, System.IntPtr native__this) [0x00000] in <a978e35ae19444089185d9470330e432>:0 
01-01 01:12:05.213  1519  1519 I HomeScreen|HMI_Common.CustomComponents.MainOverlay.Adapters.OverlayItemAdapter:   at Android.Runtime.DynamicMethodNameCounter.18 (System.IntPtr , System.IntPtr ) [0x00000] in <a978e35ae19444089185d9470330e432>:0 
01-01 01:12:05.217  1151  2231 D WindowManager: addToDisplay >>> FLAG_FULLSCREEN set in WindowManager.LayoutParams
01-01 01:12:05.217  1151  2231 D WindowManager: startStatusReceiverServiceOnFlagSet: creating intent for action ACTION_ACTIVITY_FULLSCREEN
01-01 01:12:05.217  1151  2231 W ContextImpl: Calling a method in the system process without a qualified user: android.app.ContextImpl.startService:1476 com.android.server.wm.Session.startStatusReceiverServiceOnFlagSet:762 com.android.server.wm.Session.addToDisplay:214 android.view.IWindowSession$Stub.onTransact:124 com.android.server.wm.Session.onTransact:166 
01-01 01:12:05.218  1151  2231 D CompatibilityInfo: mCompatibilityFlags - 4
01-01 01:12:05.218  1151  2231 D CompatibilityInfo: applicationDensity - 240
01-01 01:12:05.218  1151  2231 D CompatibilityInfo: applicationScale - 1.0
01-01 01:12:05.218  1151  2231 D WindowManager: startStatusReceiverServiceOnFlagSet: startService done
01-01 01:12:05.222  1392  1392 W SYSTEM_UI: SWR_SYSTEM_UI_007|FUN=CollapsedStatusBarFragment::getAction |1|Broadcast action --> STATUS_UPDATE_ACTION
01-01 01:12:05.223  1392  1392 W SYSTEM_UI: SWR_SYSTEM_UI_007|FUN=CollapsedStatusBarFragment::getIntExtra |1|NotifySystemUpdates dataType --> 101
01-01 01:12:05.223  1392  1392 W SYSTEM_UI - CI07.3: className -> CollapsedStatusBarFragment | functionName -> NotifySystemUpdates | onReceive -->  | value -> FULLSCREEN MODE CHANGED | isFullScreenStatus --> true | fullScreenPackage -->com.daimler.rse.ntg6 | fullscreenLastShownPackage -->null | topActivityPackage --> com.daimler.rse.ntg6
01-01 01:12:05.224  1392  1392 W SYSTEM_UI - CI07.3: className -> CollapsedStatusBarFragment | functionName -> NotifySystemUpdates | onReceive -->  | value -> Fullscreen mode changed --> path 1
01-01 01:12:05.225  1392  1392 W SYSTEM_UI - CI07.3: className -> CollapsedStatusBarFragment | functionName -> NotifySystemUpdates | onReceive -->  | value -> Fullscreen mode changed --> path 3
01-01 01:12:05.238  1519  1519 I HomeScreen|HMI_Common.Fragments.MainOverlay.HomeScreenFragment: MBUX App Method: SetAppropriateImageResources |Line No: 921 |Log Type: Information |Message: SetAppropriateImageResources _receivedItems: Settings browserstate: True
01-01 01:12:05.239  1519  1519 I HomeScreen|HMI_Common.Fragments.MainOverlay.HomeScreenFragment: MBUX App Method: OnCreateView |Line No: 95 |Log Type: Critical |Message: HomeScreenFragment OnCreateView Called for item : Settings
01-01 01:12:05.240  1519  1519 I HomeScreen|HMI_Common.Fragments.MainOverlay.HomeScreenFragment: MBUX App Method: OnCreateView |Line No: 250 |Log Type: Information |Message: HomeScreenFragment OnCreateView finished for item : Settings
01-01 01:12:05.242  1519  1519 I HomeScreen|HMI_Common.Fragments.MainOverlay.HomeScreenFragment: MBUX App Method: OnViewCreated |Line No: 532 |Log Type: Information |Message: HomeScreenFragment OnViewCreated called for item : Settings
01-01 01:12:05.243  2054  2054 E         : 
01-01 01:12:05.243  2054  2054 E         : Buffer Size = 1048576
01-01 01:12:05.249  1519  1519 I HomeScreen|HMI_Common.Fragments.MainOverlay.HomeScreenFragment: MBUX App Method: SetAppropriateImageResources |Line No: 921 |Log Type: Information |Message: SetAppropriateImageResources _receivedItems: AppExit browserstate: True
01-01 01:12:05.249  1519  1519 I HomeScreen|HMI_Common.Fragments.MainOverlay.HomeScreenFragment: MBUX App Method: OnCreateView |Line No: 95 |Log Type: Critical |Message: HomeScreenFragment OnCreateView Called for item : AppExit
01-01 01:12:05.251  1519  1519 I HomeScreen|HMI_Common.Fragments.MainOverlay.HomeScreenFragment: MBUX App Method: OnCreateView |Line No: 250 |Log Type: Information |Message: HomeScreenFragment OnCreateView finished for item : AppExit
01-01 01:12:05.251  1519  1519 I HomeScreen|HMI_Common.Fragments.MainOverlay.HomeScreenFragment: MBUX App Method: OnViewCreated |Line No: 532 |Log Type: Information |Message: HomeScreenFragment OnViewCreated called for item : AppExit
01-01 01:12:05.260  1519  1519 I HomeScreen|HMI_Common.Fragments.MainOverlay.HomeScreenFragment: MBUX App Method: SetAppropriateImageResources |Line No: 921 |Log Type: Information |Message: SetAppropriateImageResources _receivedItems: RSEBrowserApps browserstate: True
01-01 01:12:05.261  1519  1519 I HomeScreen|HMI_Common.Fragments.MainOverlay.HomeScreenFragment: MBUX App Method: OnCreateView |Line No: 95 |Log Type: Critical |Message: HomeScreenFragment OnCreateView Called for item : RSEBrowserApps
01-01 01:12:05.262  1519  1519 I HomeScreen|HMI_Common.Fragments.MainOverlay.HomeScreenFragment: MBUX App Method: OnCreateView |Line No: 250 |Log Type: Information |Message: HomeScreenFragment OnCreateView finished for item : RSEBrowserApps
01-01 01:12:05.262  1519  1519 I HomeScreen|HMI_Common.Fragments.MainOverlay.HomeScreenFragment: MBUX App Method: OnViewCreated |Line No: 532 |Log Type: Information |Message: HomeScreenFragment OnViewCreated called for item : RSEBrowserApps
01-01 01:12:05.273  2054  2054 E         : 
01-01 01:12:05.273  2054  2054 E         : <6>[ 3987.012512] CFG80211-ERROR) wl_is_linkdown : Link down Reason : WLC_E_LINK
01-01 01:12:05.273  2054  2054 E         : <6>[ 3987.012542] CFG80211-ERROR) wl_notify_connect_status : link down if wlan0 may call cfg80211_disconnected. event : 16, reason=2 from ec:58:ea:f6:10:88
01-01 01:12:05.273  2054  2054 E         : <6>[ 3987.054899] QSEECOM: scm_call_qcpe:429 : IN: 0x4200010a, 0x2, 0x0, 0xd, 0x0, 0x0, 0x0
01-01 01:12:05.273  2054  2054 E         : <6>[ 3987.056956] QSEECOM: scm_call_qcpe:503 : OUT: 0x0, 0x0, 0x0, 0x0
01-01 01:12:05.273  2054  2054 E         : <6>[ 3987.059266] WLDEV-INFO) wldev_set_country: set country for AE as AE rev -1
01-01 01:12:05.273  2054  2054 E         : <6>[ 3987.071849] CFG80211-ERROR) wl_run_escan :  LEGACY E-SCAN START
01-01 01:12:05.273  2054  2054 E         : <6>[ 3987.077334] CFG80211-ERROR) wl_run_escan : LEGACY_SCAN sync ID: 4660, bssidx: 0
01-01 01:12:05.273  2054  2054 E         : <6>[ 3987.137460] QSEECOM: scm_call_qcpe:429 : IN: 0x42000d07, 0x0, 0x0, 0x0, 0x0, 0x0, 0x0
01-01 01:12:05.273  2054  2054 E         : <6>[ 3987.139479] QSEECOM: scm_call_qcpe:503 : OUT: 0x0, 0x0, 0x0, 0x0
01-01 01:12:05.273  2054  2054 E         : <6>[ 3987.142077] QSEECOM: scm_call_qcpe:429 : IN: 0x4200010a, 0x2, 0x0, 0xd, 0x0, 0x0, 0x0
01-01 01:12:05.273  2054  2054 E         : <6>[ 3987.143476] QSEECOM: scm_call_qcpe:503 : OUT: 0x0, 0x0, 0x0, 0x0
01-01 01:12:05.273  2054  2054 E         : <14>[ 3987.199888] init: processing action (sys.sysctl.tcp_
01-01 01:12:05.279  2054  2054 E         : USB Hub Detector 1.0
01-01 01:12:05.482  1519  3582 D CinemoMediaEngine: L1 01:12:05.482 Z8 T3582 NmeVfsUPNP [0000007E5658CE00]->Wait() returned due to timeout
01-01 01:12:05.483  1519  3582 D CinemoMediaEngine: L1 01:12:05.483 Z8 T3582 NmeVfsUPNP [0000007E5658CE00]->CheckTimeouts()
01-01 01:12:05.483  1519  3582 V CinemoMediaEngine: L0 01:12:05.483 Z8 T3582 NmeHTTPConnectionTracker RequestStart(): 1 pending, 1 open connections
01-01 01:12:05.483  1519  3582 V CinemoMediaEngine: L0 01:12:05.483 Z8 T3582 NmeHTTPConnectionTracker RequestFinished(): 0 pending, 1 open connections
01-01 01:12:05.483  1519  3582 V CinemoMediaEngine: L0 01:12:05.483 Z8 T3582 NmeHTTPConnectionTracker No available connection found for 127.0.0.1:55566, creating a new connection.
01-01 01:12:05.483  1519  3582 V CinemoMediaEngine: L0 01:12:05.483 Z8 T3582 NmeHTTPConnectionTracker RequestStart(): 1 pending, 2 open connections
01-01 01:12:05.483  1519  3582 D CinemoMediaEngine: L1 01:12:05.483 Z8 T3582 NmeHTTP InitConnect(127.0.0.1:55566)
01-01 01:12:05.484  1519  3582 D CinemoMediaEngine: L1 01:12:05.484 Z8 T3582 NmeSock CreateInternal(TCP, IPv4, socket: 875)
01-01 01:12:05.486  1519  3582 V CinemoMediaEngine: L0 01:12:05.486 Z8 T3582 NmeHTTP InitConnect(127.0.0.1:55566), peer: 127.0.0.1:40406
01-01 01:12:05.486  1519  3582 D CinemoMediaEngine: L1 01:12:05.486 Z8 T3582 NmeHTTP InitConnect(127.0.0.1:55566)
01-01 01:12:05.486  1519  3582 V CinemoMediaEngine: L0 01:12:05.486 Z8 T3582 NmeSock Delete(), socket: 875, IPv4, TCP, timeout: 30000
01-01 01:12:05.488  1519  3582 D CinemoMediaEngine: L1 01:12:05.488 Z8 T3582 NmeSock CreateInternal(TCP, IPv4, socket: 875)
01-01 01:12:05.490  1519  3582 V CinemoMediaEngine: L0 01:12:05.490 Z8 T3582 NmeHTTP InitConnect(127.0.0.1:55566), peer: 127.0.0.1:40408
01-01 01:12:05.493  1519  3582 V CinemoMediaEngine: L0 01:12:05.493 Z8 T3582 NmeHTTPConnectionTracker RequestFinished(): 0 pending, 2 open connections
01-01 01:12:05.493  1519  3582 D CinemoMediaEngine: L1 01:12:05.493 Z8 T3582 NmeVfsUPNP [0000007E5658CE00]->Wait()
01-01 01:12:05.589  1519  1519 I zygote64: Explicit concurrent copying GC freed 44742(3MB) AllocSpace objects, 3(48KB) LOS objects, 49% free, 15MB/30MB, paused 549us total 248.154ms
01-01 01:12:05.601  1519  1519 I HomeScreen|HMI_Common.Fragments.MainOverlay.HomeScreenFragment: MBUX App Method: SetAppropriateImageResources |Line No: 921 |Log Type: Information |Message: SetAppropriateImageResources _receivedItems: Comfort browserstate: True
01-01 01:12:05.601  1519  1519 I HomeScreen|HMI_Common.Fragments.MainOverlay.HomeScreenFragment: MBUX App Method: OnCreateView |Line No: 95 |Log Type: Critical |Message: HomeScreenFragment OnCreateView Called for item : Comfort
01-01 01:12:05.609  1519  1519 I HomeScreen|HMI_Common.Fragments.MainOverlay.HomeScreenFragment: MBUX App Method: OnCreateView |Line No: 250 |Log Type: Information |Message: HomeScreenFragment OnCreateView finished for item : Comfort
01-01 01:12:05.610  1519  1519 I HomeScreen|HMI_Common.Fragments.MainOverlay.HomeScreenFragment: MBUX App Method: OnViewCreated |Line No: 532 |Log Type: Information |Message: HomeScreenFragment OnViewCreated called for item : Comfort
01-01 01:12:05.617  1519  1519 I HomeScreen|HMI_Common.Fragments.MainOverlay.HomeScreenFragment: MBUX App Method: SetAppropriateImageResources |Line No: 921 |Log Type: Information |Message: SetAppropriateImageResources _receivedItems: Media browserstate: True
01-01 01:12:05.617  1519  1519 I HomeScreen|HMI_Common.HMIBackend.CommonControlsBackend.BaseScreenBackend: MBUX App Method: IsAppKeepAliveSuccess |Line No: 775 |Log Type: Critical |Message: App Authentication Status : Checking keep alive status for : Player & status : True
01-01 01:12:05.617  1519  1519 I HomeScreen|HMI_Common.Fragments.MainOverlay.HomeScreenFragment: MBUX App Method: SetMediaImageAsPerDrive |Line No: 1604 |Log Type: Information |Message: Home Screen SetMediaImageAsPerDrive : 
01-01 01:12:05.618  1519  1519 I HomeScreen|HMI_Common.Fragments.MainOverlay.HomeScreenFragment: MBUX App Method: OnCreateView |Line No: 95 |Log Type: Critical |Message: HomeScreenFragment OnCreateView Called for item : Media
01-01 01:12:05.618  1519  1519 I HomeScreen|HMI_Common.Fragments.MainOverlay.HomeScreenFragment: MBUX App Method: SetMediaImageAsPerDrive |Line No: 1604 |Log Type: Information |Message: Home Screen SetMediaImageAsPerDrive : 
01-01 01:12:05.618  1519  1519 I HomeScreen|HMI_Common.HMIBackend.CommonControlsBackend.BaseScreenBackend: MBUX App Method: IsTVCurrentSourcePlayedForMedia |Line No: 986 |Log Type: Information |Message: Basescreen backend IsTVCurrentSourcePlayedForMedia isTVPrevious : False
01-01 01:12:05.619  1519  1519 I HomeScreen|HMI_Common.Activities.MainOverlayActivity: MBUX App Method: IsTVSourceToBeHandled |Line No: 1649 |Log Type: Information |Message: IsTVSourceToBeHandled, IsPlayerCurrentStreamingSource() : False & IsTVPreviousStreamingSource() : False, RseMediaApplication.Instance.CurrentStreamingSource = Unknown, RseMediaApplication.Instance.PreviousStreamingSource = Unknown
01-01 01:12:05.619  1519  1519 I HomeScreen|HMI_Common.HMIBackend.CommonControlsBackend.BaseScreenBackend: MBUX App Method: IsTVCurrentSourcePlayedForMedia |Line No: 986 |Log Type: Information |Message: Basescreen backend IsTVCurrentSourcePlayedForMedia isTVPrevious : False
01-01 01:12:05.626  1519  1519 I HomeScreen|HMI_Common.Fragments.MainOverlay.HomeScreenFragment: MBUX App Method: OnCreateView |Line No: 250 |Log Type: Information |Message: HomeScreenFragment OnCreateView finished for item : Media
01-01 01:12:05.627  1519  1519 I HomeScreen|HMI_Common.Fragments.MainOverlay.HomeScreenFragment: MBUX App Method: OnViewCreated |Line No: 532 |Log Type: Information |Message: HomeScreenFragment OnViewCreated called for item : Media
01-01 01:12:05.634  1519  1519 I HomeScreen|HMI_Common.Fragments.MainOverlay.HomeScreenFragment: MBUX App Method: SetAppropriateImageResources |Line No: 921 |Log Type: Information |Message: SetAppropriateImageResources _receivedItems: Radio browserstate: True
01-01 01:12:05.634  1519  1519 I HomeScreen|HMI_Common.HMIBackend.CommonControlsBackend.BaseScreenBackend: MBUX App Method: IsAppKeepAliveSuccess |Line No: 775 |Log Type: Critical |Message: App Authentication Status : Checking keep alive status for : Tuner & status : True
01-01 01:12:05.634  1519  1519 I HomeScreen|HMI_Common.Fragments.MainOverlay.HomeScreenFragment: MBUX App Method: OnCreateView |Line No: 95 |Log Type: Critical |Message: HomeScreenFragment OnCreateView Called for item : Radio
01-01 01:12:05.635  1519  1519 I HomeScreen|HMI_Common.Fragments.MainOverlay.HomeScreenFragment: MBUX App Method: DisplayInitTunerView |Line No: 445 |Log Type: Information |Message: Homescreenfragment DisplayInitTunerView : isForBTPlayPause : False
01-01 01:12:05.637  1519  1519 I HomeScreen|HMI_Common.Fragments.MainOverlay.HomeScreenFragment: MBUX App Method: OnCreateView |Line No: 250 |Log Type: Information |Message: HomeScreenFragment OnCreateView finished for item : Radio
01-01 01:12:05.637  1519  1519 I HomeScreen|HMI_Common.Fragments.MainOverlay.HomeScreenFragment: MBUX App Method: OnViewCreated |Line No: 532 |Log Type: Information |Message: HomeScreenFragment OnViewCreated called for item : Radio
01-01 01:12:05.641  1151  2264 D WindowManager: relayout packageName=com.daimler.rse.ntg6::session=Session{6485514 1519:u0a10027}::window=android.view.IWindow$Stub$Proxy@2b340ee::attrs.flags=81810500
01-01 01:12:05.641  1151  2264 D WindowManager: relayout >>> FLAG_FULLSCREEN set in WindowManager.LayoutParams
01-01 01:12:05.641  1151  2264 D WindowManager: startStatusReceiverServiceOnFlagSet: creating intent for action ACTION_ACTIVITY_FULLSCREEN
01-01 01:12:05.641  1151  2264 W ContextImpl: Calling a method in the system process without a qualified user: android.app.ContextImpl.startService:1476 com.android.server.wm.Session.startStatusReceiverServiceOnFlagSet:762 com.android.server.wm.Session.relayout:273 android.view.IWindowSession$Stub.onTransact:286 com.android.server.wm.Session.onTransact:166 
01-01 01:12:05.642  1151  2264 D CompatibilityInfo: mCompatibilityFlags - 4
01-01 01:12:05.642  1151  2264 D CompatibilityInfo: applicationDensity - 240
01-01 01:12:05.642  1151  2264 D CompatibilityInfo: applicationScale - 1.0
01-01 01:12:05.642  1151  2264 D WindowManager: startStatusReceiverServiceOnFlagSet: startService done
01-01 01:12:05.646   528   528 D SurfaceFlinger: duplicate layer name: changing com.daimler.rse.ntg6/md59d95dbab71941e137ef724fbceda5f0e.MainOverlayActivity to com.daimler.rse.ntg6/md59d95dbab71941e137ef724fbceda5f0e.MainOverlayActivity#1
01-01 01:12:05.646  1392  1392 W SYSTEM_UI: SWR_SYSTEM_UI_007|FUN=CollapsedStatusBarFragment::getAction |1|Broadcast action --> STATUS_UPDATE_ACTION
01-01 01:12:05.647  1392  1392 W SYSTEM_UI: SWR_SYSTEM_UI_007|FUN=CollapsedStatusBarFragment::getIntExtra |1|NotifySystemUpdates dataType --> 101
01-01 01:12:05.647  1392  1392 W SYSTEM_UI - CI07.3: className -> CollapsedStatusBarFragment | functionName -> NotifySystemUpdates | onReceive -->  | value -> FULLSCREEN MODE CHANGED | isFullScreenStatus --> true | fullScreenPackage -->com.daimler.rse.ntg6 | fullscreenLastShownPackage -->null | topActivityPackage --> com.daimler.rse.ntg6
01-01 01:12:05.647  1392  1392 W SYSTEM_UI - CI07.3: className -> CollapsedStatusBarFragment | functionName -> NotifySystemUpdates | onReceive -->  | value -> Fullscreen mode changed --> path 1
01-01 01:12:05.647  1392  1392 W SYSTEM_UI - CI07.3: className -> CollapsedStatusBarFragment | functionName -> NotifySystemUpdates | onReceive -->  | value -> Fullscreen mode changed --> path 3
01-01 01:12:05.661  1519  1519 I HomeScreen|HMI_Common.Fragments.MainOverlay.HomeScreenFragment: MBUX App Method: SetAppropriateImageResources |Line No: 921 |Log Type: Information |Message: SetAppropriateImageResources _receivedItems: AppExit browserstate: True
01-01 01:12:05.662  1519  1519 I HomeScreen|HMI_Common.Fragments.MainOverlay.HomeScreenFragment: MBUX App Method: SetAppropriateImageResources |Line No: 921 |Log Type: Information |Message: SetAppropriateImageResources _receivedItems: Settings browserstate: True
01-01 01:12:05.684  1392  1774 D CommandQueue: animate_trace: appTransitionStarting; duration=0;hardcoded forced=false to false
01-01 01:12:05.685  1392  2261 D CommandQueue: animate_trace: appTransitionFinished
01-01 01:12:05.688  1151  1192 I ActivityManager: Displayed com.daimler.rse.ntg6/md59d95dbab71941e137ef724fbceda5f0e.MainOverlayActivity: +592ms
01-01 01:12:05.691  1151  1192 E ANDR-PERF-JNI: Iop tryGetService failed
01-01 01:12:05.704  1151  2231 D WindowManager: relayout packageName=com.daimler.rse.ntg6::session=Session{6485514 1519:u0a10027}::window=android.view.IWindow$Stub$Proxy@7a5d825::attrs.flags=null
01-01 01:12:05.704  1151  2231 D WindowManager: relayout >>> FLAG_FULLSCREEN not set in WindowManager.LayoutParams
01-01 01:12:05.704  1151  2231 D WindowManager: startStatusReceiverServiceOnFlagSet: creating intent for action ACTION_ACTIVITY_FULLSCREEN
01-01 01:12:05.705  1151  2231 W ContextImpl: Calling a method in the system process without a qualified user: android.app.ContextImpl.startService:1476 com.android.server.wm.Session.startStatusReceiverServiceOnFlagSet:762 com.android.server.wm.Session.relayout:276 android.view.IWindowSession$Stub.onTransact:286 com.android.server.wm.Session.onTransact:166 
01-01 01:12:05.706  1151  2231 D CompatibilityInfo: mCompatibilityFlags - 4
01-01 01:12:05.706  1151  2231 D CompatibilityInfo: applicationDensity - 240
01-01 01:12:05.706  1151  2231 D CompatibilityInfo: applicationScale - 1.0
01-01 01:12:05.706  1151  2231 D WindowManager: startStatusReceiverServiceOnFlagSet: startService done
01-01 01:12:05.710  1392  1392 W SYSTEM_UI: SWR_SYSTEM_UI_007|FUN=CollapsedStatusBarFragment::getAction |1|Broadcast action --> STATUS_UPDATE_ACTION
01-01 01:12:05.710  1392  1392 W SYSTEM_UI: SWR_SYSTEM_UI_007|FUN=CollapsedStatusBarFragment::getIntExtra |1|NotifySystemUpdates dataType --> 101
01-01 01:12:05.710  1392  1392 W SYSTEM_UI - CI07.3: className -> CollapsedStatusBarFragment | functionName -> NotifySystemUpdates | onReceive -->  | value -> FULLSCREEN MODE CHANGED | isFullScreenStatus --> false | fullScreenPackage -->com.daimler.rse.ntg6 | fullscreenLastShownPackage -->null | topActivityPackage --> com.daimler.rse.ntg6
01-01 01:12:05.710  1392  1392 W SYSTEM_UI - CI07.3: className -> CollapsedStatusBarFragment | functionName -> NotifySystemUpdates | onReceive -->  | value -> Fullscreen mode changed --> path 5
01-01 01:12:05.715  1151  2231 D WindowManager: relayout packageName=com.daimler.rse.ntg6::session=Session{6485514 1519:u0a10027}::window=android.view.IWindow$Stub$Proxy@c51ffab::attrs.flags=null
01-01 01:12:05.715  1151  2231 D WindowManager: relayout >>> FLAG_FULLSCREEN not set in WindowManager.LayoutParams
01-01 01:12:05.715  1151  2231 D WindowManager: startStatusReceiverServiceOnFlagSet: creating intent for action ACTION_ACTIVITY_FULLSCREEN
01-01 01:12:05.716  1151  2231 W ContextImpl: Calling a method in the system process without a qualified user: android.app.ContextImpl.startService:1476 com.android.server.wm.Session.startStatusReceiverServiceOnFlagSet:762 com.android.server.wm.Session.relayout:276 android.view.IWindowSession$Stub.onTransact:286 com.android.server.wm.Session.onTransact:166 
01-01 01:12:05.717  1151  2231 D CompatibilityInfo: mCompatibilityFlags - 4
01-01 01:12:05.717  1151  2231 D CompatibilityInfo: applicationDensity - 240
01-01 01:12:05.717  1151  2231 D CompatibilityInfo: applicationScale - 1.0
01-01 01:12:05.718  1151  2231 D WindowManager: startStatusReceiverServiceOnFlagSet: startService done
01-01 01:12:05.722  1392  1392 W SYSTEM_UI: SWR_SYSTEM_UI_007|FUN=CollapsedStatusBarFragment::getAction |1|Broadcast action --> STATUS_UPDATE_ACTION
01-01 01:12:05.723  1392  1392 W SYSTEM_UI: SWR_SYSTEM_UI_007|FUN=CollapsedStatusBarFragment::getIntExtra |1|NotifySystemUpdates dataType --> 101
01-01 01:12:05.723  1392  1392 W SYSTEM_UI - CI07.3: className -> CollapsedStatusBarFragment | functionName -> NotifySystemUpdates | onReceive -->  | value -> FULLSCREEN MODE CHANGED | isFullScreenStatus --> false | fullScreenPackage -->com.daimler.rse.ntg6 | fullscreenLastShownPackage -->null | topActivityPackage --> com.daimler.rse.ntg6
01-01 01:12:05.723  1392  1392 W SYSTEM_UI - CI07.3: className -> CollapsedStatusBarFragment | functionName -> NotifySystemUpdates | onReceive -->  | value -> Fullscreen mode changed --> path 5
01-01 01:12:05.724  1151  2264 D ActivityTrigger: ActivityTrigger activityStopTrigger 
01-01 01:12:05.727  1519  1519 V Activity: back_button: onSaveInstanceState entry:com.daimler.rse.ntg6.StartUpActivity@6d639f8
01-01 01:12:05.728  1519  1519 V Activity: onSaveInstanceState com.daimler.rse.ntg6.StartUpActivity@6d639f8: Bundle[{android:viewHierarchyState=Bundle[{android:views={16908290=android.view.AbsSavedState$1@4f57e89, 2131296938=android.view.AbsSavedState$1@4f57e89, 2131296939=android.view.AbsSavedState$1@4f57e89, 2131296940=android.view.AbsSavedState$1@4f57e89, 2131296941=android.view.AbsSavedState$1@4f57e89, 2131296942=android.view.AbsSavedState$1@4f57e89, 2131296943=android.view.AbsSavedState$1@4f57e89, 2131297551=android.view.AbsSavedState$1@4f57e89}}], android:lastAutofillId=1073741823, android:fragments=android.app.FragmentManagerState@9a49a05}]
01-01 01:12:05.729  1519  1519 I Connectivity|HMI_Common.Activities.StartUpActivity: MBUX App Method: OnStop |Line No: 235 |Log Type: Information |Message: StartUpActivity OnStop
01-01 01:12:05.729  1519  1519 V Activity: onStop com.daimler.rse.ntg6.StartUpActivity@6d639f8
01-01 01:12:05.731  1519  1519 I HomeScreen|HMI_Common.Activities.MainOverlayActivity: MBUX App Method: OnStop |Line No: 345 |Log Type: Information |Message: OnStop() BaseActivity
01-01 01:12:05.731  1519  1519 V Activity: onStop md59d95dbab71941e137ef724fbceda5f0e.MainOverlayActivity@7ed84dc
01-01 01:12:05.732  1519  1519 V Activity: onDestroy md59d95dbab71941e137ef724fbceda5f0e.MainOverlayActivity@7ed84dc
01-01 01:12:05.736  1519  1519 I TelephonyRse|HMI_Common.HMIBackend.Telephony.TelephonyBackend: MBUX App Method: UnSubscribeBtEvents |Line No: 51 |Log Type: Information |Message: UnSubscribing bluetooth events.
01-01 01:12:05.737  1519  1519 I Connectivity|HMI_Common.Activities.MainOverlayActivity: MBUX App Method: DeRegisterEntertainmentSharingEvents |Line No: 487 |Log Type: Critical |Message: OnDestroy:  for MainOverlayActivity...UN-registering for EntertainmentBackendEvents!!
01-01 01:12:05.737  1519  1519 I AudioManagement|HMI_Common.Activities.MainOverlayActivity: MBUX App Method: SubscribeEntertainmentSharingEvent |Line No: 31 |Log Type: Critical |Message: SetEntertainmentLister: False RegisterEntertainmentSharingEvents for ComponentInfo{com.daimler.rse.ntg6/md59d95dbab71941e137ef724fbceda5f0e.MainOverlayActivity}
01-01 01:12:05.737  1519  1519 I HomeScreen|HMI_Common.HMIBackend.CommonControlsBackend.BaseScreenBackend: MBUX App Method: IsAppKeepAliveSuccess |Line No: 775 |Log Type: Critical |Message: App Authentication Status : Checking keep alive status for : Player & status : True
01-01 01:12:05.737  1519  1519 I HomeScreen|HMI_Common.HMIBackend.CommonControlsBackend.BaseScreenBackend: MBUX App Method: IsAppKeepAliveSuccess |Line No: 775 |Log Type: Critical |Message: App Authentication Status : Checking keep alive status for : Tuner & status : True
01-01 01:12:05.737  1519  1519 I BaseScreen|HMI_Common.Activities.MainOverlayActivity: MBUX App Method: GetHMI2LaunchedFlag |Line No: 1231 |Log Type: Critical |Message: UpdateSharedPrefForRseRebooted() called
01-01 01:12:05.737  1519  1519 I HomeScreen|HMI_Common.Activities.MainOverlayActivity: MBUX App Method: RemoveScreenOnOffEvents |Line No: 1909 |Log Type: Critical |Message: RemoveScreenOnOffEvents called : HMI2 Launched : False
01-01 01:12:05.740  1519  1519 I BaseScreen|HMI_Common.HMIBackend.VolumeControl.VolumeControlBackend: MBUX App Method: UnsubscribePanaVolumeControlEvents |Line No: 98 |Log Type: Critical |Message: VolumeControlBackend UnsubscribePanaVolumeControlEvents() Called
01-01 01:12:05.740  1519  1519 I VolumeControl|HMI_Common.HMIBackend.VolumeControl.VolumeControlBackend: MBUX App Method: RemoveCacheProperties |Line No: 171 |Log Type: Critical |Message: VolumeControlBackend RemoveCacheProperties() called - _volumeControlApplication = 
01-01 01:12:05.740  1519  1519 I BaseScreen|HMI_Common.HMIBackend.CommonControlsBackend.BaseScreenBackend: MBUX App Method: UnsubscribeCabinAudioEvents |Line No: 98 |Log Type: Information |Message: UnsubscribeCabinAudioEvents
01-01 01:12:05.740  1519  1519 I BaseScreen|HMI_Common.Activities.MainOverlayActivity: MBUX App Method: Dispose |Line No: 1095 |Log Type: Critical |Message: Disposing basescreen views. Disposing value: True
01-01 01:12:05.891  1519  3627 D CinemoMediaEngine: L1 01:12:05.891 Z5 T3627 NmeVfsUPNP [0000007E52153700]->Wait() returned due to timeout
01-01 01:12:05.891  1519  3627 D CinemoMediaEngine: L1 01:12:05.891 Z5 T3627 NmeVfsUPNP [0000007E52153700]->CheckTimeouts()
01-01 01:12:05.891  1519  3627 V CinemoMediaEngine: L0 01:12:05.891 Z5 T3627 NmeHTTPConnectionTracker RequestStart(): 1 pending, 2 open connections
01-01 01:12:05.891  1519  3627 V CinemoMediaEngine: L0 01:12:05.891 Z5 T3627 NmeHTTPConnectionTracker RequestFinished(): 0 pending, 2 open connections
01-01 01:12:05.891  1519  3627 V CinemoMediaEngine: L0 01:12:05.891 Z5 T3627 NmeHTTPConnectionTracker Found and reusing an existing connection to 127.0.0.1:55566, source 127.0.0.1:40408
01-01 01:12:05.891  1519  3627 V CinemoMediaEngine: L0 01:12:05.891 Z5 T3627 NmeHTTPConnectionTracker RequestStart(): 1 pending, 2 open connections
01-01 01:12:05.892  1519  3627 V CinemoMediaEngine: L0 01:12:05.892 Z5 T3627 NmeHTTPConnectionTracker RequestFinished(): 0 pending, 2 open connections
01-01 01:12:05.892  1519  3627 D CinemoMediaEngine: L1 01:12:05.892 Z5 T3627 NmeVfsUPNP [0000007E52153700]->Wait()
01-01 01:12:05.960  1519  3633 D CinemoMediaEngine: L1 01:12:05.960 Z6 T3633 NmeVfsUPNP [0000007E6D528700]->Wait() returned due to timeout
01-01 01:12:05.960  1519  3633 D CinemoMediaEngine: L1 01:12:05.960 Z6 T3633 NmeVfsUPNP [0000007E6D528700]->CheckTimeouts()
01-01 01:12:05.960  1519  3633 V CinemoMediaEngine: L0 01:12:05.960 Z6 T3633 NmeHTTPConnectionTracker RequestStart(): 1 pending, 2 open connections
01-01 01:12:05.960  1519  3633 V CinemoMediaEngine: L0 01:12:05.960 Z6 T3633 NmeHTTPConnectionTracker RequestFinished(): 0 pending, 2 open connections
01-01 01:12:05.960  1519  3633 V CinemoMediaEngine: L0 01:12:05.960 Z6 T3633 NmeHTTPConnectionTracker Found and reusing an existing connection to 127.0.0.1:55566, source 127.0.0.1:40408
01-01 01:12:05.960  1519  3633 V CinemoMediaEngine: L0 01:12:05.960 Z6 T3633 NmeHTTPConnectionTracker RequestStart(): 1 pending, 2 open connections
01-01 01:12:05.961  1519  3633 V CinemoMediaEngine: L0 01:12:05.961 Z6 T3633 NmeHTTPConnectionTracker RequestFinished(): 0 pending, 2 open connections
01-01 01:12:05.962  1519  3633 D CinemoMediaEngine: L1 01:12:05.962 Z6 T3633 NmeVfsUPNP [0000007E6D528700]->Wait()
01-01 01:12:05.974  1519  3640 D CinemoMediaEngine: L1 01:12:05.974 Z7 T3640 NmeVfsUPNP [0000007E52156100]->Wait() returned due to timeout
01-01 01:12:05.974  1519  3640 D CinemoMediaEngine: L1 01:12:05.974 Z7 T3640 NmeVfsUPNP [0000007E52156100]->CheckTimeouts()
01-01 01:12:05.974  1519  3640 V CinemoMediaEngine: L0 01:12:05.974 Z7 T3640 NmeHTTPConnectionTracker RequestStart(): 1 pending, 2 open connections
01-01 01:12:05.974  1519  3640 V CinemoMediaEngine: L0 01:12:05.974 Z7 T3640 NmeHTTPConnectionTracker RequestFinished(): 0 pending, 2 open connections
01-01 01:12:05.975  1519  3640 V CinemoMediaEngine: L0 01:12:05.975 Z7 T3640 NmeHTTPConnectionTracker Found and reusing an existing connection to 127.0.0.1:55566, source 127.0.0.1:40408
01-01 01:12:05.975  1519  3640 V CinemoMediaEngine: L0 01:12:05.975 Z7 T3640 NmeHTTPConnectionTracker RequestStart(): 1 pending, 2 open connections
01-01 01:12:05.975  1519  3640 V CinemoMediaEngine: L0 01:12:05.975 Z7 T3640 NmeHTTPConnectionTracker RequestFinished(): 0 pending, 2 open connections
01-01 01:12:05.975  1519  3640 D CinemoMediaEngine: L1 01:12:05.975 Z7 T3640 NmeVfsUPNP [0000007E52156100]->Wait()
01-01 01:12:06.007   625   625 D WifiHAL : Start get packet fate command
01-01 01:12:06.007   625   625 D WifiHAL : createRequest Get Tx packet fate request
01-01 01:12:06.007   625   625 E WifiHAL : Failed to register get pkt fate response; result = -95
01-01 01:12:06.008  1151  1317 E WifiVendorHal: getTxPktFates(l.2067) failed {.code = ERROR_UNKNOWN, .description = errno: -95 (Unknown error -95)}
01-01 01:12:06.008   625   625 D WifiHAL : Start get packet fate command
01-01 01:12:06.008   625   625 D WifiHAL : createRequest Get Rx packet fate request
01-01 01:12:06.008   625   625 E WifiHAL : Failed to register get pkt fate response; result = -95
01-01 01:12:06.010  1151  1317 E WifiVendorHal: getRxPktFates(l.2107) failed {.code = ERROR_UNKNOWN, .description = errno: -95 (Unknown error -95)}
01-01 01:12:06.048   729   748 I sssv-lib: sendMsg enter
01-01 01:12:06.049   729   748 I sssv-lib: sendMsg complete.
01-01 01:12:06.057   625   625 D WifiHAL : Start get packet fate command
01-01 01:12:06.057   625   625 D WifiHAL : createRequest Get Tx packet fate request
01-01 01:12:06.057   625   625 E WifiHAL : Failed to register get pkt fate response; result = -95
01-01 01:12:06.059  1151  1317 E WifiVendorHal: getTxPktFates(l.2067) failed {.code = ERROR_UNKNOWN, .description = errno: -95 (Unknown error -95)}
01-01 01:12:06.059   625   625 D WifiHAL : Start get packet fate command
01-01 01:12:06.059   625   625 D WifiHAL : createRequest Get Rx packet fate request
01-01 01:12:06.059   625   625 E WifiHAL : Failed to register get pkt fate response; result = -95
01-01 01:12:06.060  1151  1317 E WifiVendorHal: getRxPktFates(l.2107) failed {.code = ERROR_UNKNOWN, .description = errno: -95 (Unknown error -95)}
01-01 01:12:06.102  3675 21526 D UIAutomatorStub: URI: /jsonrpc/0, Method: POST, Header: {content-length=176, remote-addr=127.0.0.1, http-client-ip=127.0.0.1, host=localhost:9009, content-type=application/json, connection=close, accept-encoding=identity, user-agent=Python-urllib/2.7}, params, {NanoHttpd.QUERY_STRING=null}, files: {postData={"params": [{"childOrSiblingSelector": [], "text": "Settings", "mask": 1, "childOrSibling": []}], "jsonrpc": "2.0", "method": "exist", "id": "5b3dbd7058d546107707aee84853b9d1"}}
01-01 01:12:06.321  3675 21527 D UIAutomatorStub: URI: /jsonrpc/0, Method: POST, Header: {content-length=176, remote-addr=127.0.0.1, http-client-ip=127.0.0.1, host=localhost:9009, content-type=application/json, connection=close, accept-encoding=identity, user-agent=Python-urllib/2.7}, params, {NanoHttpd.QUERY_STRING=null}, files: {postData={"params": [{"childOrSiblingSelector": [], "text": "Settings", "mask": 1, "childOrSibling": []}], "jsonrpc": "2.0", "method": "click", "id": "9db7ba5d0aafc40fadb46e7690be2ab7"}}
01-01 01:12:06.356  1519  1519 I BaseScreen|HMI_Common.Activities.MainOverlayActivity: MBUX App Method: UpdateHMI2LaunchedFlag |Line No: 1222 |Log Type: Critical |Message: UpdateHMI2LaunchedFlag() called isLaunched = False
01-01 01:12:06.356  1519  1519 I BaseScreen|HMI_Common.HMIBackend.SharedPreferences.SharedPrefBackend: MBUX App Method: UpdateHMI2LaunchedFlag |Line No: 93 |Log Type: Critical |Message: UpdateHMI2LaunchedFlag called isLaunched = False
01-01 01:12:06.356  1519  1519 I HomeScreen|HMI_Common.Activities.MainOverlayActivity: MBUX App Method: HandleMainItemClickedEvent |Line No: 682 |Log Type: Critical |Message: Homescreen... HandleMainItemClickedEvent for : Settings, Position : 6 & isActive : True
01-01 01:12:06.357  1519  1519 I HomeScreen|HMI_Common.CustomComponents.MainOverlay.Adapters.OverlayItemAdapter: MBUX App Method: EnableFocusForAppropriateItem |Line No: 107 |Log Type: Information |Message: MainOverLayActivity, EnableFocusForAppropriateItem called for item : Settings, Call Trace :   at HMI_Common.CustomComponents.MainOverlay.Adapters.OverlayItemAdapter.EnableFocusForAppropriateItem (HMI_Common.CustomComponents.MainOverlay.Adapters.MainOverlayItems appropriateItem) [0x00000] in <f8fa5baf696a40f0aba99447f8842d83>:0 
01-01 01:12:06.357  1519  1519 I HomeScreen|HMI_Common.CustomComponents.MainOverlay.Adapters.OverlayItemAdapter:   at HMI_Common.Activities.MainOverlayActivity.HandleMainItemClickedEvent (HMI_Common.CustomComponents.MainOverlay.Adapters.MainOverlayItems items, System.Int32 position, System.Boolean isActive) [0x00000] in <f8fa5baf696a40f0aba99447f8842d83>:0 
01-01 01:12:06.357  1519  1519 I HomeScreen|HMI_Common.CustomComponents.MainOverlay.Adapters.OverlayItemAdapter:   at HMI_Common.Activities.MainOverlayActivity.HMI_Common.Fragments.MainOverlay.HomeScreenFragment.IInteractionListener.OnMainIconClicked (HMI_Common.CustomComponents.MainOverlay.Adapters.MainOverlayItems items, System.Int32 position, System.Boolean isActive) [0x00000] in <f8fa5baf696a40f0aba99447f8842d83>:0 
01-01 01:12:06.357  1519  1519 I HomeScreen|HMI_Common.CustomComponents.MainOverlay.Adapters.OverlayItemAdapter:   at HMI_Common.Fragments.MainOverlay.HomeScreenFragment.OnClicked (System.Object sender, System.EventArgs e) [0x00000] in <f8fa5baf696a40f0aba99447f8842d83>:0 
01-01 01:12:06.357  1519  1519 I HomeScreen|HMI_Common.CustomComponents.MainOverlay.Adapters.OverlayItemAdapter:   at Android.Views.View+IOnClickListenerImplementor.OnClick (Android.Views.View v) [0x00000] in <a978e35ae19444089185d9470330e432>:0 
01-01 01:12:06.357  1519  1519 I HomeScreen|HMI_Common.CustomComponents.MainOverlay.Adapters.OverlayItemAdapter:   at Android.Views.View+IOnClickListenerInvoker.n_OnClick_Landroid_view_View_ (System.IntPtr jnienv, System.IntPtr native__this, System.IntPtr native_v) [0x00000] in <a978e35ae19444089185d9470330e432>:0 
01-01 01:12:06.357  1519  1519 I HomeScreen|HMI_Common.CustomComponents.MainOverlay.Adapters.OverlayItemAdapter:   at Android.Runtime.DynamicMethodNameCounter.24 (System.IntPtr , System.IntPtr , System.IntPtr ) [0x00000] in <a978e35ae19444089185d9470330e432>:0 
01-01 01:12:06.358  1519  1519 I HomeScreen|HMI_Common.Activities.MainOverlayActivity: MBUX App Method: HandleMainItemClickedEvent |Line No: 762 |Log Type: Information |Message: Homescreen...Settings launched TA_HOMESCREEN_SETTINGS_LAUNCHED_
01-01 01:12:06.360  1151  2264 I ActivityManager: START u0 {flg=0x4000000 cmp=com.daimler.rse.ntg6/md59d95dbab71941e137ef724fbceda5f0e.SettingsBaseActivity} from uid 10027
01-01 01:12:06.360   635   635 E ANDR-PERF-TARGET: Error: Invalid logical cluster id 0
01-01 01:12:06.361   635   635 E ANDR-PERF-MPCTL: invalid request, no optimizations performed
01-01 01:12:06.365  1151  2264 D ActivityTrigger: activityStartTrigger: Activity is Triggerred in full screen ApplicationInfo{4ed449e com.daimler.rse.ntg6}
01-01 01:12:06.365  1151  2264 E ActivityTrigger: activityStartTrigger: not whiteListedcom.daimler.rse.ntg6/md59d95dbab71941e137ef724fbceda5f0e.SettingsBaseActivity/5
01-01 01:12:06.365  1151  2264 D CompatibilityInfo: mCompatibilityFlags - 4
01-01 01:12:06.365  1151  2264 D CompatibilityInfo: applicationDensity - 240
01-01 01:12:06.365  1151  2264 D CompatibilityInfo: applicationScale - 1.0
01-01 01:12:06.365  1151  2264 D ActivityTrigger: activityResumeTrigger: The activity in ApplicationInfo{4ed449e com.daimler.rse.ntg6} is now in focus and seems to be in full-screen mode
01-01 01:12:06.365  1151  2264 E ActivityTrigger: activityResumeTrigger: not whiteListedcom.daimler.rse.ntg6/md59d95dbab71941e137ef724fbceda5f0e.SettingsBaseActivity/5
01-01 01:12:06.366  1151  2264 D ActivityTrigger: ActivityTrigger activityPauseTrigger 
01-01 01:12:06.371  1519  1519 V Activity: onPause md59d95dbab71941e137ef724fbceda5f0e.MainOverlayActivity@5070100
01-01 01:12:06.373  1151  2231 D ActivityTrigger: activityResumeTrigger: The activity in ApplicationInfo{4ed449e com.daimler.rse.ntg6} is now in focus and seems to be in full-screen mode
01-01 01:12:06.374  1151  2231 E ActivityTrigger: activityResumeTrigger: not whiteListedcom.daimler.rse.ntg6/md59d95dbab71941e137ef724fbceda5f0e.SettingsBaseActivity/5
01-01 01:12:06.375  1151  2231 D CompatibilityInfo: mCompatibilityFlags - 4
01-01 01:12:06.375  1151  2231 D CompatibilityInfo: applicationDensity - 240
01-01 01:12:06.375  1151  2231 D CompatibilityInfo: applicationScale - 1.0
01-01 01:12:06.387  1519  1519 V Activity: onCreate md59d95dbab71941e137ef724fbceda5f0e.SettingsBaseActivity@df1b968: null
01-01 01:12:06.389  1519  1519 I HomeScreen|HMI_Common.Activities.SettingsBaseActivity: MBUX App Method: OnCreate |Line No: 105 |Log Type: Critical |Message: Device Language : en_GB
01-01 01:12:06.389  1519  1519 I HomeScreen|HMI_Common.Activities.SettingsBaseActivity: MBUX App Method: OnCreate |Line No: 106 |Log Type: Critical |Message: LanguageEnglish
01-01 01:12:06.389  1519  1519 I HomeScreen|HMI_Common.Activities.SettingsBaseActivity: MBUX App Method: OnCreate |Line No: 117 |Log Type: Critical |Message: App-theme successfully changed to AppTheme
01-01 01:12:06.389  1519  1519 I HomeScreen|HMI_Common.Activities.SettingsBaseActivity: MBUX App Method: OnCreate |Line No: 121 |Log Type: Critical |Message: Base Activity onCreate Called
01-01 01:12:06.442  1519  1519 I BaseScreen|HMI_Common.Activities.SettingsBaseActivity: MBUX App Method: UpdateHMI2LaunchedFlag |Line No: 1222 |Log Type: Critical |Message: UpdateHMI2LaunchedFlag() called isLaunched = False
01-01 01:12:06.442  1519  1519 I BaseScreen|HMI_Common.HMIBackend.SharedPreferences.SharedPrefBackend: MBUX App Method: UpdateHMI2LaunchedFlag |Line No: 93 |Log Type: Critical |Message: UpdateHMI2LaunchedFlag called isLaunched = False
01-01 01:12:06.456  1519  1519 I BaseScreen|HMI_Common.Activities.SettingsBaseActivity: MBUX App Method: LastStoredMediaVolume |Line No: 1198 |Log Type: Critical |Message: LastStoredMediaVolume() called
01-01 01:12:06.457  1519  1519 I BaseScreen|HMI_Common.Activities.SettingsBaseActivity: MBUX App Method: IsRseRebooted |Line No: 1190 |Log Type: Critical |Message: IsRseRebooted() called
01-01 01:12:06.457  1519  1519 I VolumeControl|HMI_Common.Activities.SettingsBaseActivity: MBUX App Method: initBtHeadsetSeekbarProgress |Line No: 292 |Log Type: Information |Message: VolumeControl initBtHeadsetSeekbarProgress() called,  MediaMaxVolume = 15 currentMediaVolume = 0 isRseRebooted = False comfortMinLevel = 0 comfortMaxLevel = 0
01-01 01:12:06.458  1519  1519 I VolumeControl|HMI_Common.Activities.SettingsBaseActivity: MBUX App Method: intializeVolumeLevel |Line No: 337 |Log Type: Information |Message: VolumeControl intializeVolumeLevel() called, isDemoMode == True
01-01 01:12:06.466  1519  1519 I HomeScreen|HMI_Common.Activities.SettingsBaseActivity: MBUX App Method: HandleClimateControlsVisibility |Line No: 324 |Log Type: Information |Message: md59d95dbab71941e137ef724fbceda5f0e.SettingsBaseActivity@df1b968 BaseActivity.statusLine HandleClimateControlsVisibility isViewVisible : True
01-01 01:12:06.468  1519  1519 I Main|HMI_Common.Activities.SettingsBaseActivity: MBUX App Method: OnCreate |Line No: 35 |Log Type: Information |Message: language clickedFalse
01-01 01:12:06.468  1519  1519 I HomeScreen|HMI_Common.Activities.SettingsBaseActivity: MBUX App Method: HandleClimateControlsVisibility |Line No: 324 |Log Type: Information |Message: md59d95dbab71941e137ef724fbceda5f0e.SettingsBaseActivity@df1b968 BaseActivity.statusLine HandleClimateControlsVisibility isViewVisible : False
01-01 01:12:06.469  1519  1519 I Main|HMI_Common.Activities.SettingsBaseActivity: MBUX App Method: cleareBackstacks |Line No: 67 |Log Type: Information |Message: count : 0
01-01 01:12:06.471  1519  1519 I HomeScreen|HMI_Common.Activities.SettingsBaseActivity: MBUX App Method: OnStart |Line No: 338 |Log Type: Information |Message: OnStart() BaseActivity
01-01 01:12:06.471  1519  1519 V Activity: onStart md59d95dbab71941e137ef724fbceda5f0e.SettingsBaseActivity@df1b968
01-01 01:12:06.702  1519  1519 I Main|HMI_Common.Fragments.SettingsFragments.SettingsBaseFragment: MBUX App Method: setTextForResetPopUp |Line No: 599 |Log Type: Information |Message: reset values : 3-2
01-01 01:12:06.703  1519  1519 I Main|HMI_Common.Fragments.SettingsFragments.SettingsBaseFragment: MBUX App Method: OnCreateView |Line No: 71 |Log Type: Information |Message: _islanguagechanged: False
01-01 01:12:06.711  1519  1519 I HomeScreen|HMI_Common.Activities.SettingsBaseActivity: MBUX App Method: HandleClimateControlsVisibility |Line No: 324 |Log Type: Information |Message: md59d95dbab71941e137ef724fbceda5f0e.SettingsBaseActivity@df1b968 BaseActivity.statusLine HandleClimateControlsVisibility isViewVisible : False
01-01 01:12:06.712  1519  1519 I Media|HMI_Common.Activities.SettingsBaseActivity: MBUX App Method: HandleVisibilityForStatusLine |Line No: 496 |Log Type: Information |Message: BaseActivity, HandleVisibilityForStatusLine visibility : True Activity Name:md59d95dbab71941e137ef724fbceda5f0e.SettingsBaseActivity@df1b968
01-01 01:12:06.713  1519  1519 V Activity: onResume md59d95dbab71941e137ef724fbceda5f0e.SettingsBaseActivity@df1b968
01-01 01:12:06.715  1151  2264 D CompatibilityInfo: mCompatibilityFlags - 4
01-01 01:12:06.715  1151  2264 D CompatibilityInfo: applicationDensity - 240
01-01 01:12:06.715  1151  2264 D CompatibilityInfo: applicationScale - 1.0
01-01 01:12:06.716  1519  1519 D Activity: onStart: startService done
01-01 01:12:06.716  1519  1519 I HomeScreen|HMI_Common.Activities.SettingsBaseActivity: MBUX App Method: OnResume |Line No: 240 |Log Type: Information |Message: BaseActivity OnResume called
01-01 01:12:06.718  1519  1519 I VolumeControl|HMI_Common.HMIBackend.VolumeControl.VolumeControlBackend: MBUX App Method: GetEntertainmentVolumeGroupStatus |Line No: 215 |Log Type: Critical |Message: VolumeControlBackend GetEntertainmentVolumeGroupStatus() called VolumeControlApplication Instance ==  
01-01 01:12:06.718  1519  1519 I VolumeControl|HMI_Common.HMIBackend.VolumeControl.VolumeControlBackend: MBUX App Method: GetEntertainmentVolumeGroupStatus |Line No: 220 |Log Type: Critical |Message: VolumeControlBackend GetEntertainmentVolumeGroupStatus() ::: VolumeControlApplication Instance is Null - Volume Control Functionality will not work!!!!!!!
01-01 01:12:06.718  1392  1392 W SYSTEM_UI: SWR_SYSTEM_UI_007|FUN=CollapsedStatusBarFragment::getAction |1|Broadcast action --> STATUS_UPDATE_ACTION
01-01 01:12:06.718  1519  1519 I VolumeControl|HMI_Common.Activities.SettingsBaseActivity: MBUX App Method: GetCurrentForegroundVolumeGroup |Line No: 1377 |Log Type: Critical |Message: VolumeControl GetCurrentForegroundVolumeGroup Called : VolumeControlBackend Instance = HMI_Common.HMIBackend.VolumeControl.VolumeControlBackend isEntertainmentInForeground = False
01-01 01:12:06.718  1392  1392 W SYSTEM_UI: SWR_SYSTEM_UI_007|FUN=CollapsedStatusBarFragment::getIntExtra |1|NotifySystemUpdates dataType --> 100
01-01 01:12:06.718  1392  1392 W SYSTEM_UI: SWR_SYSTEM_UI_006|FUN=CollapsedStatusBarFragment::NotifySystemUpdates | onReceive --> |1|TOP ACTIVITY CHANGED | package --> com.daimler.rse.ntg6 | class --> md59d95dbab71941e137ef724fbceda5f0e.SettingsBaseActivity
