01-01 00:26:07.712  1519  1519 I Connectivity_AIDL|HMI_Common.RsePlatformInterface.ParentalControlImpl: MBUX App Method: GetParentalControlApplication |Line No: 89 |Log Type: Critical |Message: GetParentalControlApplication : 
01-01 00:26:07.712  1519  1519 I Connectivity_AIDL|HMI_Common.RsePlatformInterface.ParentalControlImpl: MBUX App Method: SubscribeToParentalControlEvents |Line No: 96 |Log Type: Information |Message: SubscribeToParentalControlEvents isDemoMode = True
01-01 00:26:07.712  1519  1519 I HomeScreen|HMI_Common.Activities.MainOverlayActivity: MBUX App Method: UpdateNavigationETAInfo |Line No: 113 |Log Type: Critical |Message: UpdateNavigationETAInfo, subtitle text : 
01-01 00:26:07.712  1519  1519 I HomeScreen|HMI_Common.Activities.MainOverlayActivity: MBUX App Method: IsETAInfoToBeDisplayed |Line No: 128 |Log Type: Information |Message: Navigation, IsETAInfoToBeDisplayed etaInfoText: 
01-01 00:26:07.712  1519  1519 I HomeScreen|HMI_Common.Activities.MainOverlayActivity: MBUX App Method: UpdateHomeScreenNavigationSubtitleText |Line No: 801 |Log Type: Critical |Message: UpdateHomeScreenNavigationSubtitleText, subtitle text :  & isActiveRouteInProgress : False
01-01 00:26:07.721  1519  1519 I TelephonyRse|HMI_Common.Activities.MainOverlayActivity: MBUX App Method: HandlestatusLineNetworkSignalStrength |Line No: 944 |Log Type: Information |Message: BaseActivity StatusLine:HandlestatusLineNetworkSignalStrength deviceList size :
01-01 00:26:07.721  1519  1519 I TelephonyRse|HMI_Common.Activities.MainOverlayActivity: MBUX App Method: HandlestatusLineNetworkSignalStrength |Line No: 966 |Log Type: Information |Message: BaseActivity StatusLine:HandlestatusLineNetworkSignalStrength deviceList size empty:
01-01 00:26:07.721  1519  1519 I TelephonyRse|HMI_Common.Activities.MainOverlayActivity: MBUX App Method: HandlestatusLinePhoneBatteryLevelVisibility |Line No: 1063 |Log Type: Information |Message: BaseActivity StatusLine:HandlestatusLinePhoneBatteryLevelVisibility deviceList size :
01-01 00:26:07.721  1519  1519 I TelephonyRse|HMI_Common.Activities.MainOverlayActivity: MBUX App Method: HandlestatusLinePhoneBatteryLevelVisibility |Line No: 1086 |Log Type: Information |Message: BaseActivity StatusLine:HandlestatusLineNetworkSignalStrength deviceList size empty:
01-01 00:26:07.722  1519  1519 I HomeScreen|HMI_Common.Activities.MainOverlayActivity: MBUX App Method: OnResume |Line No: 875 |Log Type: Information |Message: MainOverlayActivity OnResume called, _isActive : False _pos: 1
01-01 00:26:07.722  1519  1519 I BaseScreen|HMI_Common.Activities.MainOverlayActivity: MBUX App Method: UpdateHMI2LaunchedFlag |Line No: 1222 |Log Type: Critical |Message: UpdateHMI2LaunchedFlag() called isLaunched = False
01-01 00:26:07.722  1519  1519 I BaseScreen|HMI_Common.HMIBackend.SharedPreferences.SharedPrefBackend: MBUX App Method: UpdateHMI2LaunchedFlag |Line No: 93 |Log Type: Critical |Message: UpdateHMI2LaunchedFlag called isLaunched = False
01-01 00:26:07.722  1519  1519 I Connectivity|HMI_Common.Activities.MainOverlayActivity: MBUX App Method: RegisterEntertainmentSharingEvents |Line No: 296 |Log Type: Information |Message: BaseActivity is for MainOverlayActivity...registering for EntertainmentBackendEvents!!
01-01 00:26:07.722  1519  1519 I AudioManagement|HMI_Common.Activities.MainOverlayActivity: MBUX App Method: SubscribeEntertainmentSharingEvent |Line No: 31 |Log Type: Critical |Message: SetEntertainmentLister: True RegisterEntertainmentSharingEvents for ComponentInfo{com.daimler.rse.ntg6/md59d95dbab71941e137ef724fbceda5f0e.MainOverlayActivity}
01-01 00:26:07.722  1519  1519 I HomeScreen|HMI_Common.HMIBackend.CommonControlsBackend.BaseScreenBackend: MBUX App Method: IsAppKeepAliveSuccess |Line No: 775 |Log Type: Critical |Message: App Authentication Status : Checking keep alive status for : Player & status : True
01-01 00:26:07.722  1519  1519 I HomeScreen|HMI_Common.HMIBackend.CommonControlsBackend.BaseScreenBackend: MBUX App Method: IsAppKeepAliveSuccess |Line No: 775 |Log Type: Critical |Message: App Authentication Status : Checking keep alive status for : Tuner & status : True
01-01 00:26:07.723  1519  1519 I HomeScreen|HMI_Common.Activities.MainOverlayActivity: MBUX App Method: UpdateHomeScreenItemView |Line No: 207 |Log Type: Critical |Message: UpdateHomeScreenItemView : Item : Radio, mainImage : , subtitle : , leftShortIcon : Media, rightShorticon : Media, Current Audio Source : 
01-01 00:26:07.725  1519  1519 I HomeScreen|HMI_Common.Activities.MainOverlayActivity: MBUX App Method: HandleNaviEngineStatusChangedEvent |Line No: 787 |Log Type: Critical |Message: HandleNaviEngineStatusChangedEvent, naviEngineStatus : Stopped
01-01 00:26:07.726  1519  1519 I HomeScreen|HMI_Common.CustomComponents.MainOverlay.Adapters.OverlayItemAdapter: MBUX App Method: EnableFocusForAppropriateItem |Line No: 107 |Log Type: Information |Message: MainOverLayActivity, EnableFocusForAppropriateItem called for item : Settings, Call Trace :   at HMI_Common.CustomComponents.MainOverlay.Adapters.OverlayItemAdapter.EnableFocusForAppropriateItem (HMI_Common.CustomComponents.MainOverlay.Adapters.MainOverlayItems appropriateItem) [0x00000] in <f8fa5baf696a40f0aba99447f8842d83>:0 
01-01 00:26:07.726  1519  1519 I HomeScreen|HMI_Common.CustomComponents.MainOverlay.Adapters.OverlayItemAdapter:   at HMI_Common.Activities.MainOverlayActivity.OnResume () [0x00000] in <f8fa5baf696a40f0aba99447f8842d83>:0 
01-01 00:26:07.726  1519  1519 I HomeScreen|HMI_Common.CustomComponents.MainOverlay.Adapters.OverlayItemAdapter:   at Android.App.Activity.n_OnResume (System.IntPtr jnienv, System.IntPtr native__this) [0x00000] in <a978e35ae19444089185d9470330e432>:0 
01-01 00:26:07.726  1519  1519 I HomeScreen|HMI_Common.CustomComponents.MainOverlay.Adapters.OverlayItemAdapter:   at Android.Runtime.DynamicMethodNameCounter.18 (System.IntPtr , System.IntPtr ) [0x00000] in <a978e35ae19444089185d9470330e432>:0 
01-01 00:26:07.731  1151  1539 D WindowManager: addToDisplay >>> FLAG_FULLSCREEN set in WindowManager.LayoutParams
01-01 00:26:07.731  1151  1539 D WindowManager: startStatusReceiverServiceOnFlagSet: creating intent for action ACTION_ACTIVITY_FULLSCREEN
01-01 00:26:07.731  1151  1539 W ContextImpl: Calling a method in the system process without a qualified user: android.app.ContextImpl.startService:1476 com.android.server.wm.Session.startStatusReceiverServiceOnFlagSet:762 com.android.server.wm.Session.addToDisplay:214 android.view.IWindowSession$Stub.onTransact:124 com.android.server.wm.Session.onTransact:166 
01-01 00:26:07.732  1151  1539 D CompatibilityInfo: mCompatibilityFlags - 4
01-01 00:26:07.732  1151  1539 D CompatibilityInfo: applicationDensity - 240
01-01 00:26:07.732  1151  1539 D CompatibilityInfo: applicationScale - 1.0
01-01 00:26:07.734  1151  1539 D WindowManager: startStatusReceiverServiceOnFlagSet: startService done
01-01 00:26:07.736  1392  1392 W SYSTEM_UI: SWR_SYSTEM_UI_007|FUN=CollapsedStatusBarFragment::getAction |1|Broadcast action --> STATUS_UPDATE_ACTION
01-01 00:26:07.736  1392  1392 W SYSTEM_UI: SWR_SYSTEM_UI_007|FUN=CollapsedStatusBarFragment::getIntExtra |1|NotifySystemUpdates dataType --> 101
01-01 00:26:07.736  1392  1392 W SYSTEM_UI - CI07.3: className -> CollapsedStatusBarFragment | functionName -> NotifySystemUpdates | onReceive -->  | value -> FULLSCREEN MODE CHANGED | isFullScreenStatus --> true | fullScreenPackage -->com.daimler.rse.ntg6 | fullscreenLastShownPackage -->null | topActivityPackage --> com.daimler.rse.ntg6
01-01 00:26:07.736  1392  1392 W SYSTEM_UI - CI07.3: className -> CollapsedStatusBarFragment | functionName -> NotifySystemUpdates | onReceive -->  | value -> Fullscreen mode changed --> path 1
01-01 00:26:07.738  1392  1392 W SYSTEM_UI - CI07.3: className -> CollapsedStatusBarFragment | functionName -> NotifySystemUpdates | onReceive -->  | value -> Fullscreen mode changed --> path 3
01-01 00:26:07.740  1933  1957 D LCMANDR : SWR_OOB_HV_MF_009|FUN=LifeCycleManagerService::LifeCycle_ReportCompStatus|GOT ALIVENESS SIGNAL FROM DAIAPP : [0]; HB Counter = [ 614 ]; STATUS INFO = [ 0 ]
01-01 00:26:07.740  1519  1519 I Connectivity_AIDL|AIDL_Handler.AIDL_Helpers.LcmHelper: MBUX App Method: KeepAliveTest |Line No: 408 |Log Type: Critical |Message: MainThread:MBUX-App HB Count: 616, ResponseCode: 0
01-01 00:26:07.756  1519  1519 I HomeScreen|HMI_Common.Fragments.MainOverlay.HomeScreenFragment: MBUX App Method: SetAppropriateImageResources |Line No: 921 |Log Type: Information |Message: SetAppropriateImageResources _receivedItems: Settings browserstate: True
01-01 00:26:07.757  1519  1519 I HomeScreen|HMI_Common.Fragments.MainOverlay.HomeScreenFragment: MBUX App Method: OnCreateView |Line No: 95 |Log Type: Critical |Message: HomeScreenFragment OnCreateView Called for item : Settings
01-01 00:26:07.758  1519  1519 I HomeScreen|HMI_Common.Fragments.MainOverlay.HomeScreenFragment: MBUX App Method: OnCreateView |Line No: 250 |Log Type: Information |Message: HomeScreenFragment OnCreateView finished for item : Settings
01-01 00:26:07.759  1519  1519 I HomeScreen|HMI_Common.Fragments.MainOverlay.HomeScreenFragment: MBUX App Method: OnViewCreated |Line No: 532 |Log Type: Information |Message: HomeScreenFragment OnViewCreated called for item : Settings
01-01 00:26:07.767  1519  1519 I HomeScreen|HMI_Common.Fragments.MainOverlay.HomeScreenFragment: MBUX App Method: SetAppropriateImageResources |Line No: 921 |Log Type: Information |Message: SetAppropriateImageResources _receivedItems: AppExit browserstate: True
01-01 00:26:07.767  1519  1519 I HomeScreen|HMI_Common.Fragments.MainOverlay.HomeScreenFragment: MBUX App Method: OnCreateView |Line No: 95 |Log Type: Critical |Message: HomeScreenFragment OnCreateView Called for item : AppExit
01-01 00:26:07.769  1519  1519 I HomeScreen|HMI_Common.Fragments.MainOverlay.HomeScreenFragment: MBUX App Method: OnCreateView |Line No: 250 |Log Type: Information |Message: HomeScreenFragment OnCreateView finished for item : AppExit
01-01 00:26:07.769  1519  1519 I HomeScreen|HMI_Common.Fragments.MainOverlay.HomeScreenFragment: MBUX App Method: OnViewCreated |Line No: 532 |Log Type: Information |Message: HomeScreenFragment OnViewCreated called for item : AppExit
01-01 00:26:07.776  1519  1519 I HomeScreen|HMI_Common.Fragments.MainOverlay.HomeScreenFragment: MBUX App Method: SetAppropriateImageResources |Line No: 921 |Log Type: Information |Message: SetAppropriateImageResources _receivedItems: RSEBrowserApps browserstate: True
01-01 00:26:07.776  1519  1519 I HomeScreen|HMI_Common.Fragments.MainOverlay.HomeScreenFragment: MBUX App Method: OnCreateView |Line No: 95 |Log Type: Critical |Message: HomeScreenFragment OnCreateView Called for item : RSEBrowserApps
01-01 00:26:07.778  1519  1519 I HomeScreen|HMI_Common.Fragments.MainOverlay.HomeScreenFragment: MBUX App Method: OnCreateView |Line No: 250 |Log Type: Information |Message: HomeScreenFragment OnCreateView finished for item : RSEBrowserApps
01-01 00:26:07.778  1519  1519 I HomeScreen|HMI_Common.Fragments.MainOverlay.HomeScreenFragment: MBUX App Method: OnViewCreated |Line No: 532 |Log Type: Information |Message: HomeScreenFragment OnViewCreated called for item : RSEBrowserApps
01-01 00:26:07.785  1519  1519 I HomeScreen|HMI_Common.Fragments.MainOverlay.HomeScreenFragment: MBUX App Method: SetAppropriateImageResources |Line No: 921 |Log Type: Information |Message: SetAppropriateImageResources _receivedItems: Comfort browserstate: True
01-01 00:26:07.786  1519  1519 I HomeScreen|HMI_Common.Fragments.MainOverlay.HomeScreenFragment: MBUX App Method: OnCreateView |Line No: 95 |Log Type: Critical |Message: HomeScreenFragment OnCreateView Called for item : Comfort
01-01 00:26:07.788  1519  1519 I HomeScreen|HMI_Common.Fragments.MainOverlay.HomeScreenFragment: MBUX App Method: OnCreateView |Line No: 250 |Log Type: Information |Message: HomeScreenFragment OnCreateView finished for item : Comfort
01-01 00:26:07.788  1519  1519 I HomeScreen|HMI_Common.Fragments.MainOverlay.HomeScreenFragment: MBUX App Method: OnViewCreated |Line No: 532 |Log Type: Information |Message: HomeScreenFragment OnViewCreated called for item : Comfort
01-01 00:26:07.795  1519  1519 I HomeScreen|HMI_Common.Fragments.MainOverlay.HomeScreenFragment: MBUX App Method: SetAppropriateImageResources |Line No: 921 |Log Type: Information |Message: SetAppropriateImageResources _receivedItems: Media browserstate: True
01-01 00:26:07.795  1519  1519 I HomeScreen|HMI_Common.HMIBackend.CommonControlsBackend.BaseScreenBackend: MBUX App Method: IsAppKeepAliveSuccess |Line No: 775 |Log Type: Critical |Message: App Authentication Status : Checking keep alive status for : Player & status : True
01-01 00:26:07.795  1519  1519 I HomeScreen|HMI_Common.Fragments.MainOverlay.HomeScreenFragment: MBUX App Method: SetMediaImageAsPerDrive |Line No: 1604 |Log Type: Information |Message: Home Screen SetMediaImageAsPerDrive : 
01-01 00:26:07.796  1519  1519 I HomeScreen|HMI_Common.Fragments.MainOverlay.HomeScreenFragment: MBUX App Method: OnCreateView |Line No: 95 |Log Type: Critical |Message: HomeScreenFragment OnCreateView Called for item : Media
01-01 00:26:07.796  1519  1519 I HomeScreen|HMI_Common.Fragments.MainOverlay.HomeScreenFragment: MBUX App Method: SetMediaImageAsPerDrive |Line No: 1604 |Log Type: Information |Message: Home Screen SetMediaImageAsPerDrive : 
01-01 00:26:07.796  1519  1519 I HomeScreen|HMI_Common.HMIBackend.CommonControlsBackend.BaseScreenBackend: MBUX App Method: IsTVCurrentSourcePlayedForMedia |Line No: 986 |Log Type: Information |Message: Basescreen backend IsTVCurrentSourcePlayedForMedia isTVPrevious : False
01-01 00:26:07.796  1519  1519 I HomeScreen|HMI_Common.Activities.MainOverlayActivity: MBUX App Method: IsTVSourceToBeHandled |Line No: 1649 |Log Type: Information |Message: IsTVSourceToBeHandled, IsPlayerCurrentStreamingSource() : False & IsTVPreviousStreamingSource() : False, RseMediaApplication.Instance.CurrentStreamingSource = Unknown, RseMediaApplication.Instance.PreviousStreamingSource = Unknown
01-01 00:26:07.796  1519  1519 I HomeScreen|HMI_Common.HMIBackend.CommonControlsBackend.BaseScreenBackend: MBUX App Method: IsTVCurrentSourcePlayedForMedia |Line No: 986 |Log Type: Information |Message: Basescreen backend IsTVCurrentSourcePlayedForMedia isTVPrevious : False
01-01 00:26:07.799  1519  1519 I HomeScreen|HMI_Common.Fragments.MainOverlay.HomeScreenFragment: MBUX App Method: OnCreateView |Line No: 250 |Log Type: Information |Message: HomeScreenFragment OnCreateView finished for item : Media
01-01 00:26:07.799  1519  1519 I HomeScreen|HMI_Common.Fragments.MainOverlay.HomeScreenFragment: MBUX App Method: OnViewCreated |Line No: 532 |Log Type: Information |Message: HomeScreenFragment OnViewCreated called for item : Media
01-01 00:26:07.806  1519  1519 I HomeScreen|HMI_Common.Fragments.MainOverlay.HomeScreenFragment: MBUX App Method: SetAppropriateImageResources |Line No: 921 |Log Type: Information |Message: SetAppropriateImageResources _receivedItems: Radio browserstate: True
01-01 00:26:07.806  1519  1519 I HomeScreen|HMI_Common.HMIBackend.CommonControlsBackend.BaseScreenBackend: MBUX App Method: IsAppKeepAliveSuccess |Line No: 775 |Log Type: Critical |Message: App Authentication Status : Checking keep alive status for : Tuner & status : True
01-01 00:26:07.807  1519  1519 I HomeScreen|HMI_Common.Fragments.MainOverlay.HomeScreenFragment: MBUX App Method: OnCreateView |Line No: 95 |Log Type: Critical |Message: HomeScreenFragment OnCreateView Called for item : Radio
01-01 00:26:07.807  1519  1519 I HomeScreen|HMI_Common.Fragments.MainOverlay.HomeScreenFragment: MBUX App Method: DisplayInitTunerView |Line No: 445 |Log Type: Information |Message: Homescreenfragment DisplayInitTunerView : isForBTPlayPause : False
01-01 00:26:07.809  1519  1519 I HomeScreen|HMI_Common.Fragments.MainOverlay.HomeScreenFragment: MBUX App Method: OnCreateView |Line No: 250 |Log Type: Information |Message: HomeScreenFragment OnCreateView finished for item : Radio
01-01 00:26:07.810  1519  1519 I HomeScreen|HMI_Common.Fragments.MainOverlay.HomeScreenFragment: MBUX App Method: OnViewCreated |Line No: 532 |Log Type: Information |Message: HomeScreenFragment OnViewCreated called for item : Radio
01-01 00:26:07.813  1151  1539 D WindowManager: relayout packageName=com.daimler.rse.ntg6::session=Session{6485514 1519:u0a10027}::window=android.view.IWindow$Stub$Proxy@4fc182b::attrs.flags=81810500
01-01 00:26:07.814  1151  1539 D WindowManager: relayout >>> FLAG_FULLSCREEN set in WindowManager.LayoutParams
01-01 00:26:07.814  1151  1539 D WindowManager: startStatusReceiverServiceOnFlagSet: creating intent for action ACTION_ACTIVITY_FULLSCREEN
01-01 00:26:07.814  1151  1539 W ContextImpl: Calling a method in the system process without a qualified user: android.app.ContextImpl.startService:1476 com.android.server.wm.Session.startStatusReceiverServiceOnFlagSet:762 com.android.server.wm.Session.relayout:273 android.view.IWindowSession$Stub.onTransact:286 com.android.server.wm.Session.onTransact:166 
01-01 00:26:07.816  1151  1539 D CompatibilityInfo: mCompatibilityFlags - 4
01-01 00:26:07.816  1151  1539 D CompatibilityInfo: applicationDensity - 240
01-01 00:26:07.816  1151  1539 D CompatibilityInfo: applicationScale - 1.0
01-01 00:26:07.817  1151  1539 D WindowManager: startStatusReceiverServiceOnFlagSet: startService done
01-01 00:26:07.819  1392  1392 W SYSTEM_UI: SWR_SYSTEM_UI_007|FUN=CollapsedStatusBarFragment::getAction |1|Broadcast action --> STATUS_UPDATE_ACTION
01-01 00:26:07.820  1392  1392 W SYSTEM_UI: SWR_SYSTEM_UI_007|FUN=CollapsedStatusBarFragment::getIntExtra |1|NotifySystemUpdates dataType --> 101
01-01 00:26:07.820  1392  1392 W SYSTEM_UI - CI07.3: className -> CollapsedStatusBarFragment | functionName -> NotifySystemUpdates | onReceive -->  | value -> FULLSCREEN MODE CHANGED | isFullScreenStatus --> true | fullScreenPackage -->com.daimler.rse.ntg6 | fullscreenLastShownPackage -->null | topActivityPackage --> com.daimler.rse.ntg6
01-01 00:26:07.820  1392  1392 W SYSTEM_UI - CI07.3: className -> CollapsedStatusBarFragment | functionName -> NotifySystemUpdates | onReceive -->  | value -> Fullscreen mode changed --> path 1
01-01 00:26:07.820   528   528 D SurfaceFlinger: duplicate layer name: changing com.daimler.rse.ntg6/md59d95dbab71941e137ef724fbceda5f0e.MainOverlayActivity to com.daimler.rse.ntg6/md59d95dbab71941e137ef724fbceda5f0e.MainOverlayActivity#1
01-01 00:26:07.821  1392  1392 W SYSTEM_UI - CI07.3: className -> CollapsedStatusBarFragment | functionName -> NotifySystemUpdates | onReceive -->  | value -> Fullscreen mode changed --> path 3
01-01 00:26:07.835  1519  1519 I HomeScreen|HMI_Common.Fragments.MainOverlay.HomeScreenFragment: MBUX App Method: SetAppropriateImageResources |Line No: 921 |Log Type: Information |Message: SetAppropriateImageResources _receivedItems: AppExit browserstate: True
01-01 00:26:07.836  1519  1519 I HomeScreen|HMI_Common.Fragments.MainOverlay.HomeScreenFragment: MBUX App Method: SetAppropriateImageResources |Line No: 921 |Log Type: Information |Message: SetAppropriateImageResources _receivedItems: Settings browserstate: True
01-01 00:26:07.854  1392  1774 D CommandQueue: animate_trace: appTransitionStarting; duration=0;hardcoded forced=false to false
01-01 00:26:07.855  1392  1774 D CommandQueue: animate_trace: appTransitionFinished
01-01 00:26:07.859  1151  1192 I ActivityManager: Displayed com.daimler.rse.ntg6/md59d95dbab71941e137ef724fbceda5f0e.MainOverlayActivity: +262ms
01-01 00:26:07.860  1151  1192 E ANDR-PERF-JNI: Iop tryGetService failed
01-01 00:26:07.873  1151  1539 D WindowManager: relayout packageName=com.daimler.rse.ntg6::session=Session{6485514 1519:u0a10027}::window=android.view.IWindow$Stub$Proxy@bffd246::attrs.flags=null
01-01 00:26:07.874  1151  1539 D WindowManager: relayout >>> FLAG_FULLSCREEN not set in WindowManager.LayoutParams
01-01 00:26:07.874  1151  1539 D WindowManager: startStatusReceiverServiceOnFlagSet: creating intent for action ACTION_ACTIVITY_FULLSCREEN
01-01 00:26:07.874  1151  1539 W ContextImpl: Calling a method in the system process without a qualified user: android.app.ContextImpl.startService:1476 com.android.server.wm.Session.startStatusReceiverServiceOnFlagSet:762 com.android.server.wm.Session.relayout:276 android.view.IWindowSession$Stub.onTransact:286 com.android.server.wm.Session.onTransact:166 
01-01 00:26:07.875  1151  1539 D CompatibilityInfo: mCompatibilityFlags - 4
01-01 00:26:07.875  1151  1539 D CompatibilityInfo: applicationDensity - 240
01-01 00:26:07.875  1151  1539 D CompatibilityInfo: applicationScale - 1.0
01-01 00:26:07.876  1151  1539 D WindowManager: startStatusReceiverServiceOnFlagSet: startService done
01-01 00:26:07.879  1392  1392 W SYSTEM_UI: SWR_SYSTEM_UI_007|FUN=CollapsedStatusBarFragment::getAction |1|Broadcast action --> STATUS_UPDATE_ACTION
01-01 00:26:07.879  1392  1392 W SYSTEM_UI: SWR_SYSTEM_UI_007|FUN=CollapsedStatusBarFragment::getIntExtra |1|NotifySystemUpdates dataType --> 101
01-01 00:26:07.879  1392  1392 W SYSTEM_UI - CI07.3: className -> CollapsedStatusBarFragment | functionName -> NotifySystemUpdates | onReceive -->  | value -> FULLSCREEN MODE CHANGED | isFullScreenStatus --> false | fullScreenPackage -->com.daimler.rse.ntg6 | fullscreenLastShownPackage -->null | topActivityPackage --> com.daimler.rse.ntg6
01-01 00:26:07.879  1392  1392 W SYSTEM_UI - CI07.3: className -> CollapsedStatusBarFragment | functionName -> NotifySystemUpdates | onReceive -->  | value -> Fullscreen mode changed --> path 5
01-01 00:26:07.888  1151  1539 D WindowManager: relayout packageName=com.daimler.rse.ntg6::session=Session{6485514 1519:u0a10027}::window=android.view.IWindow$Stub$Proxy@937134::attrs.flags=null
01-01 00:26:07.888  1151  1539 D WindowManager: relayout >>> FLAG_FULLSCREEN not set in WindowManager.LayoutParams
01-01 00:26:07.888  1151  1539 D WindowManager: startStatusReceiverServiceOnFlagSet: creating intent for action ACTION_ACTIVITY_FULLSCREEN
01-01 00:26:07.888  1151  1539 W ContextImpl: Calling a method in the system process without a qualified user: android.app.ContextImpl.startService:1476 com.android.server.wm.Session.startStatusReceiverServiceOnFlagSet:762 com.android.server.wm.Session.relayout:276 android.view.IWindowSession$Stub.onTransact:286 com.android.server.wm.Session.onTransact:166 
01-01 00:26:07.890  1151  1539 D CompatibilityInfo: mCompatibilityFlags - 4
01-01 00:26:07.890  1151  1539 D CompatibilityInfo: applicationDensity - 240
01-01 00:26:07.890  1151  1539 D CompatibilityInfo: applicationScale - 1.0
01-01 00:26:07.890  1151  1539 D WindowManager: startStatusReceiverServiceOnFlagSet: startService done
01-01 00:26:07.895  1392  1392 W SYSTEM_UI: SWR_SYSTEM_UI_007|FUN=CollapsedStatusBarFragment::getAction |1|Broadcast action --> STATUS_UPDATE_ACTION
01-01 00:26:07.895  1392  1392 W SYSTEM_UI: SWR_SYSTEM_UI_007|FUN=CollapsedStatusBarFragment::getIntExtra |1|NotifySystemUpdates dataType --> 101
01-01 00:26:07.895  1392  1392 W SYSTEM_UI - CI07.3: className -> CollapsedStatusBarFragment | functionName -> NotifySystemUpdates | onReceive -->  | value -> FULLSCREEN MODE CHANGED | isFullScreenStatus --> false | fullScreenPackage -->com.daimler.rse.ntg6 | fullscreenLastShownPackage -->null | topActivityPackage --> com.daimler.rse.ntg6
01-01 00:26:07.895  1392  1392 W SYSTEM_UI - CI07.3: className -> CollapsedStatusBarFragment | functionName -> NotifySystemUpdates | onReceive -->  | value -> Fullscreen mode changed --> path 5
01-01 00:26:07.897  1151  2233 D ActivityTrigger: ActivityTrigger activityStopTrigger 
01-01 00:26:07.898  1519  1519 V Activity: back_button: onSaveInstanceState entry:com.daimler.rse.ntg6.StartUpActivity@6d639f8
01-01 00:26:07.900  1519  1519 V Activity: onSaveInstanceState com.daimler.rse.ntg6.StartUpActivity@6d639f8: Bundle[{android:viewHierarchyState=Bundle[{android:views={16908290=android.view.AbsSavedState$1@4f57e89, 2131296938=android.view.AbsSavedState$1@4f57e89, 2131296939=android.view.AbsSavedState$1@4f57e89, 2131296940=android.view.AbsSavedState$1@4f57e89, 2131296941=android.view.AbsSavedState$1@4f57e89, 2131296942=android.view.AbsSavedState$1@4f57e89, 2131296943=android.view.AbsSavedState$1@4f57e89, 2131297551=android.view.AbsSavedState$1@4f57e89}}], android:lastAutofillId=1073741823, android:fragments=android.app.FragmentManagerState@174bc76}]
01-01 00:26:07.901  1519  1519 I Connectivity|HMI_Common.Activities.StartUpActivity: MBUX App Method: OnStop |Line No: 235 |Log Type: Information |Message: StartUpActivity OnStop
01-01 00:26:07.901  1519  1519 V Activity: onStop com.daimler.rse.ntg6.StartUpActivity@6d639f8
01-01 00:26:07.903  1519  1519 I HomeScreen|HMI_Common.Activities.MainOverlayActivity: MBUX App Method: OnStop |Line No: 345 |Log Type: Information |Message: OnStop() BaseActivity
01-01 00:26:07.903  1519  1519 V Activity: onStop md59d95dbab71941e137ef724fbceda5f0e.MainOverlayActivity@f0ea9dc
01-01 00:26:07.904  1519  1519 V Activity: onDestroy md59d95dbab71941e137ef724fbceda5f0e.MainOverlayActivity@f0ea9dc
01-01 00:26:07.906  1519  1519 I TelephonyRse|HMI_Common.HMIBackend.Telephony.TelephonyBackend: MBUX App Method: UnSubscribeBtEvents |Line No: 51 |Log Type: Information |Message: UnSubscribing bluetooth events.
01-01 00:26:07.907  1519  1519 I Connectivity|HMI_Common.Activities.MainOverlayActivity: MBUX App Method: DeRegisterEntertainmentSharingEvents |Line No: 487 |Log Type: Critical |Message: OnDestroy:  for MainOverlayActivity...UN-registering for EntertainmentBackendEvents!!
01-01 00:26:07.908  1519  1519 I AudioManagement|HMI_Common.Activities.MainOverlayActivity: MBUX App Method: SubscribeEntertainmentSharingEvent |Line No: 31 |Log Type: Critical |Message: SetEntertainmentLister: False RegisterEntertainmentSharingEvents for ComponentInfo{com.daimler.rse.ntg6/md59d95dbab71941e137ef724fbceda5f0e.MainOverlayActivity}
01-01 00:26:07.908  1519  1519 I HomeScreen|HMI_Common.HMIBackend.CommonControlsBackend.BaseScreenBackend: MBUX App Method: IsAppKeepAliveSuccess |Line No: 775 |Log Type: Critical |Message: App Authentication Status : Checking keep alive status for : Player & status : True
01-01 00:26:07.908  1519  1519 I HomeScreen|HMI_Common.HMIBackend.CommonControlsBackend.BaseScreenBackend: MBUX App Method: IsAppKeepAliveSuccess |Line No: 775 |Log Type: Critical |Message: App Authentication Status : Checking keep alive status for : Tuner & status : True
01-01 00:26:07.908  1519  1519 I BaseScreen|HMI_Common.Activities.MainOverlayActivity: MBUX App Method: GetHMI2LaunchedFlag |Line No: 1231 |Log Type: Critical |Message: UpdateSharedPrefForRseRebooted() called
01-01 00:26:07.908  1519  1519 I HomeScreen|HMI_Common.Activities.MainOverlayActivity: MBUX App Method: RemoveScreenOnOffEvents |Line No: 1909 |Log Type: Critical |Message: RemoveScreenOnOffEvents called : HMI2 Launched : False
01-01 00:26:07.910  1519  1519 I BaseScreen|HMI_Common.HMIBackend.VolumeControl.VolumeControlBackend: MBUX App Method: UnsubscribePanaVolumeControlEvents |Line No: 98 |Log Type: Critical |Message: VolumeControlBackend UnsubscribePanaVolumeControlEvents() Called
01-01 00:26:07.910  1519  1519 I VolumeControl|HMI_Common.HMIBackend.VolumeControl.VolumeControlBackend: MBUX App Method: RemoveCacheProperties |Line No: 171 |Log Type: Critical |Message: VolumeControlBackend RemoveCacheProperties() called - _volumeControlApplication = 
01-01 00:26:07.910  1519  1519 I BaseScreen|HMI_Common.HMIBackend.CommonControlsBackend.BaseScreenBackend: MBUX App Method: UnsubscribeCabinAudioEvents |Line No: 98 |Log Type: Information |Message: UnsubscribeCabinAudioEvents
01-01 00:26:07.911  1519  1519 I BaseScreen|HMI_Common.Activities.MainOverlayActivity: MBUX App Method: Dispose |Line No: 1095 |Log Type: Critical |Message: Disposing basescreen views. Disposing value: True
01-01 00:26:07.997  2054  2054 E         : 
01-01 00:26:07.997  2054  2054 E         : Buffer Size = 1048576
01-01 00:26:08.021  2054  2054 E         : 
01-01 00:26:08.021  2054  2054 E         : <6>[ 1218.803073] QSEECOM: scm_call_qcpe:503 : OUT: 0x0, 0x0, 0x0, 0x0
01-01 00:26:08.021  2054  2054 E         : <6>[ 1218.904028] QSEECOM: scm_call_qcpe:429 : IN: 0x42000d07, 0x0, 0x0, 0x0, 0x0, 0x0, 0x0
01-01 00:26:08.021  2054  2054 E         : <6>[ 1218.906031] QSEECOM: scm_call_qcpe:503 : OUT: 0x0, 0x0, 0x0, 0x0
01-01 00:26:08.021  2054  2054 E         : <6>[ 1219.407134] QSEECOM: scm_call_qcpe:429 : IN: 0x4200010a, 0x2, 0x0, 0xd, 0x0, 0x0, 0x0
01-01 00:26:08.021  2054  2054 E         : <6>[ 1219.409396] QSEECOM: scm_call_qcpe:503 : OUT: 0x0, 0x0, 0x0, 0x0
01-01 00:26:08.021  2054  2054 E         : <6>[ 1219.518047] QSEECOM: scm_call_qcpe:429 : IN: 0x42000d07, 0x0, 0x0, 0x0, 0x0, 0x0, 0x0
01-01 00:26:08.021  2054  2054 E         : <6>[ 1219.520437] QSEECOM: scm_call_qcpe:503 : OUT: 0x0, 0x0, 0x0, 0x0
01-01 00:26:08.021  2054  2054 E         : <6>[ 1219.539309] QSEECOM: scm_call_qcpe:429 : IN: 0x4200010a, 0x2, 0x0, 0xd, 0x0, 0x0, 0x0
01-01 00:26:08.021  2054  2054 E         : <6>[ 1219.541479] QSEECOM: scm_call_qcpe:503 : OUT: 0x0, 0x0, 0x0, 0x0
01-01 00:26:08.021  2054  2054 E         : <6>[ 1219.624181] QSEECOM: scm_call_qcpe:429 : IN: 0x42000d07, 0x0, 0x0, 0x0, 0x0, 0x0, 0x0
01-01 00:26:08.021  2054  2054 E         : <6>[ 1219.625823] QSEECOM: scm_call_qcpe:503 : OUT: 0x0, 0x0, 0x0, 0x0
01-01 00:26:08.021  2054  2054 E         : <6>[ 1219.670946] QSEECOM: scm_call_qcpe:429 : IN: 0x4200010a, 0x2, 0x0, 0xd, 0x0, 0x0, 0x0
01-01 00:26:08.021  2054  2054 E         : <6>[ 1219.672853] QSEECOM: scm_call_qcpe:503
01-01 00:26:08.024  2054  2054 E         : USB Hub Detector 1.0
01-01 00:26:08.056   729   748 I sssv-lib: sendMsg enter
01-01 00:26:08.056   729   748 I sssv-lib: sendMsg complete.
01-01 00:26:08.114  1933  1957 D LCMANDR : SWR_OOB_HV_MF_009|FUN=LifeCycleManagerService::LifeCycle_ReportCompStatus|GOT ALIVENESS SIGNAL FROM DAIAPP : [0]; HB Counter = [ 615 ]; STATUS INFO = [ 0 ]
01-01 00:26:08.115  1519  1964 I Connectivity_AIDL|AIDL_Handler.AIDL_Helpers.LcmHelper: MBUX App Method: KeepAliveTest |Line No: 408 |Log Type: Critical |Message: ChildThread:MBUX-App HB Count: 617, ResponseCode: 0
01-01 00:26:08.601  3675  9885 D UIAutomatorStub: URI: /jsonrpc/0, Method: POST, Header: {content-length=176, remote-addr=127.0.0.1, http-client-ip=127.0.0.1, host=localhost:9009, content-type=application/json, connection=close, accept-encoding=identity, user-agent=Python-urllib/2.7}, params, {NanoHttpd.QUERY_STRING=null}, files: {postData={"params": [{"childOrSiblingSelector": [], "text": "Settings", "mask": 1, "childOrSibling": []}], "jsonrpc": "2.0", "method": "exist", "id": "aded9380de06e9c52d27f1a349f995c1"}}
01-01 00:26:08.630  3675  9886 D UIAutomatorStub: URI: /jsonrpc/0, Method: POST, Header: {content-length=176, remote-addr=127.0.0.1, http-client-ip=127.0.0.1, host=localhost:9009, content-type=application/json, connection=close, accept-encoding=identity, user-agent=Python-urllib/2.7}, params, {NanoHttpd.QUERY_STRING=null}, files: {postData={"params": [{"childOrSiblingSelector": [], "text": "Settings", "mask": 1, "childOrSibling": []}], "jsonrpc": "2.0", "method": "click", "id": "9f607542c69f82507e1de46e2c6ab8d4"}}
01-01 00:26:08.663  1519  1519 I BaseScreen|HMI_Common.Activities.MainOverlayActivity: MBUX App Method: UpdateHMI2LaunchedFlag |Line No: 1222 |Log Type: Critical |Message: UpdateHMI2LaunchedFlag() called isLaunched = False
01-01 00:26:08.663  1519  1519 I BaseScreen|HMI_Common.HMIBackend.SharedPreferences.SharedPrefBackend: MBUX App Method: UpdateHMI2LaunchedFlag |Line No: 93 |Log Type: Critical |Message: UpdateHMI2LaunchedFlag called isLaunched = False
01-01 00:26:08.664  1519  1519 I HomeScreen|HMI_Common.Activities.MainOverlayActivity: MBUX App Method: HandleMainItemClickedEvent |Line No: 682 |Log Type: Critical |Message: Homescreen... HandleMainItemClickedEvent for : Settings, Position : 6 & isActive : True
01-01 00:26:08.665  1519  1519 I HomeScreen|HMI_Common.CustomComponents.MainOverlay.Adapters.OverlayItemAdapter: MBUX App Method: EnableFocusForAppropriateItem |Line No: 107 |Log Type: Information |Message: MainOverLayActivity, EnableFocusForAppropriateItem called for item : Settings, Call Trace :   at HMI_Common.CustomComponents.MainOverlay.Adapters.OverlayItemAdapter.EnableFocusForAppropriateItem (HMI_Common.CustomComponents.MainOverlay.Adapters.MainOverlayItems appropriateItem) [0x00000] in <f8fa5baf696a40f0aba99447f8842d83>:0 
01-01 00:26:08.665  1519  1519 I HomeScreen|HMI_Common.CustomComponents.MainOverlay.Adapters.OverlayItemAdapter:   at HMI_Common.Activities.MainOverlayActivity.HandleMainItemClickedEvent (HMI_Common.CustomComponents.MainOverlay.Adapters.MainOverlayItems items, System.Int32 position, System.Boolean isActive) [0x00000] in <f8fa5baf696a40f0aba99447f8842d83>:0 
01-01 00:26:08.665  1519  1519 I HomeScreen|HMI_Common.CustomComponents.MainOverlay.Adapters.OverlayItemAdapter:   at HMI_Common.Activities.MainOverlayActivity.HMI_Common.Fragments.MainOverlay.HomeScreenFragment.IInteractionListener.OnMainIconClicked (HMI_Common.CustomComponents.MainOverlay.Adapters.MainOverlayItems items, System.Int32 position, System.Boolean isActive) [0x00000] in <f8fa5baf696a40f0aba99447f8842d83>:0 
01-01 00:26:08.665  1519  1519 I HomeScreen|HMI_Common.CustomComponents.MainOverlay.Adapters.OverlayItemAdapter:   at HMI_Common.Fragments.MainOverlay.HomeScreenFragment.OnClicked (System.Object sender, System.EventArgs e) [0x00000] in <f8fa5baf696a40f0aba99447f8842d83>:0 
01-01 00:26:08.665  1519  1519 I HomeScreen|HMI_Common.CustomComponents.MainOverlay.Adapters.OverlayItemAdapter:   at Android.Views.View+IOnClickListenerImplementor.OnClick (Android.Views.View v) [0x00000] in <a978e35ae19444089185d9470330e432>:0 
01-01 00:26:08.665  1519  1519 I HomeScreen|HMI_Common.CustomComponents.MainOverlay.Adapters.OverlayItemAdapter:   at Android.Views.View+IOnClickListenerInvoker.n_OnClick_Landroid_view_View_ (System.IntPtr jnienv, System.IntPtr native__this, System.IntPtr native_v) [0x00000] in <a978e35ae19444089185d9470330e432>:0 
01-01 00:26:08.665  1519  1519 I HomeScreen|HMI_Common.CustomComponents.MainOverlay.Adapters.OverlayItemAdapter:   at Android.Runtime.DynamicMethodNameCounter.24 (System.IntPtr , System.IntPtr , System.IntPtr ) [0x00000] in <a978e35ae19444089185d9470330e432>:0 
01-01 00:26:08.665  1519  1519 I HomeScreen|HMI_Common.Activities.MainOverlayActivity: MBUX App Method: HandleMainItemClickedEvent |Line No: 762 |Log Type: Information |Message: Homescreen...Settings launched TA_HOMESCREEN_SETTINGS_LAUNCHED_
01-01 00:26:08.670  1151  1539 I ActivityManager: START u0 {flg=0x4000000 cmp=com.daimler.rse.ntg6/md59d95dbab71941e137ef724fbceda5f0e.SettingsBaseActivity} from uid 10027
01-01 00:26:08.671   635   635 E ANDR-PERF-TARGET: Error: Invalid logical cluster id 0
01-01 00:26:08.671   635   635 E ANDR-PERF-MPCTL: invalid request, no optimizations performed
01-01 00:26:08.674  1151  1539 D ActivityTrigger: activityStartTrigger: Activity is Triggerred in full screen ApplicationInfo{4ed449e com.daimler.rse.ntg6}
01-01 00:26:08.674  1151  1539 E ActivityTrigger: activityStartTrigger: not whiteListedcom.daimler.rse.ntg6/md59d95dbab71941e137ef724fbceda5f0e.SettingsBaseActivity/5
01-01 00:26:08.674  1151  1539 D CompatibilityInfo: mCompatibilityFlags - 4
01-01 00:26:08.674  1151  1539 D CompatibilityInfo: applicationDensity - 240
01-01 00:26:08.674  1151  1539 D CompatibilityInfo: applicationScale - 1.0
01-01 00:26:08.675  1151  1539 D ActivityTrigger: activityResumeTrigger: The activity in ApplicationInfo{4ed449e com.daimler.rse.ntg6} is now in focus and seems to be in full-screen mode
01-01 00:26:08.675  1151  1539 E ActivityTrigger: activityResumeTrigger: not whiteListedcom.daimler.rse.ntg6/md59d95dbab71941e137ef724fbceda5f0e.SettingsBaseActivity/5
01-01 00:26:08.675  1151  1539 D ActivityTrigger: ActivityTrigger activityPauseTrigger 
01-01 00:26:08.681  1519  1519 V Activity: onPause md59d95dbab71941e137ef724fbceda5f0e.MainOverlayActivity@58e9600
01-01 00:26:08.685  1151  2233 D ActivityTrigger: activityResumeTrigger: The activity in ApplicationInfo{4ed449e com.daimler.rse.ntg6} is now in focus and seems to be in full-screen mode
01-01 00:26:08.685  1151  2233 E ActivityTrigger: activityResumeTrigger: not whiteListedcom.daimler.rse.ntg6/md59d95dbab71941e137ef724fbceda5f0e.SettingsBaseActivity/5
01-01 00:26:08.687  1151  2233 D CompatibilityInfo: mCompatibilityFlags - 4
01-01 00:26:08.687  1151  2233 D CompatibilityInfo: applicationDensity - 240
01-01 00:26:08.687  1151  2233 D CompatibilityInfo: applicationScale - 1.0
01-01 00:26:08.696     1   452 I init    : Uptime: 01564.833227 LocalTime: 01-01 00:26:08.696
01-01 00:26:08.702  1519  1519 V Activity: onCreate md59d95dbab71941e137ef724fbceda5f0e.SettingsBaseActivity@7682a02: null
01-01 00:26:08.704  1519  1519 I HomeScreen|HMI_Common.Activities.SettingsBaseActivity: MBUX App Method: OnCreate |Line No: 105 |Log Type: Critical |Message: Device Language : en_GB
01-01 00:26:08.704  1519  1519 I HomeScreen|HMI_Common.Activities.SettingsBaseActivity: MBUX App Method: OnCreate |Line No: 106 |Log Type: Critical |Message: LanguageEnglish
01-01 00:26:08.704  1519  1519 I HomeScreen|HMI_Common.Activities.SettingsBaseActivity: MBUX App Method: OnCreate |Line No: 117 |Log Type: Critical |Message: App-theme successfully changed to AppTheme
01-01 00:26:08.704  1519  1519 I HomeScreen|HMI_Common.Activities.SettingsBaseActivity: MBUX App Method: OnCreate |Line No: 121 |Log Type: Critical |Message: Base Activity onCreate Called
01-01 00:26:08.731  1519  1519 I BaseScreen|HMI_Common.Activities.SettingsBaseActivity: MBUX App Method: UpdateHMI2LaunchedFlag |Line No: 1222 |Log Type: Critical |Message: UpdateHMI2LaunchedFlag() called isLaunched = False
01-01 00:26:08.732  1519  1519 I BaseScreen|HMI_Common.HMIBackend.SharedPreferences.SharedPrefBackend: MBUX App Method: UpdateHMI2LaunchedFlag |Line No: 93 |Log Type: Critical |Message: UpdateHMI2LaunchedFlag called isLaunched = False
01-01 00:26:08.740  1519  1519 I BaseScreen|HMI_Common.Activities.SettingsBaseActivity: MBUX App Method: LastStoredMediaVolume |Line No: 1198 |Log Type: Critical |Message: LastStoredMediaVolume() called
01-01 00:26:08.741  1519  1519 I BaseScreen|HMI_Common.Activities.SettingsBaseActivity: MBUX App Method: IsRseRebooted |Line No: 1190 |Log Type: Critical |Message: IsRseRebooted() called
01-01 00:26:08.741  1519  1519 I VolumeControl|HMI_Common.Activities.SettingsBaseActivity: MBUX App Method: initBtHeadsetSeekbarProgress |Line No: 292 |Log Type: Information |Message: VolumeControl initBtHeadsetSeekbarProgress() called,  MediaMaxVolume = 15 currentMediaVolume = 0 isRseRebooted = False comfortMinLevel = 0 comfortMaxLevel = 0
01-01 00:26:08.742  1519  1519 I VolumeControl|HMI_Common.Activities.SettingsBaseActivity: MBUX App Method: intializeVolumeLevel |Line No: 337 |Log Type: Information |Message: VolumeControl intializeVolumeLevel() called, isDemoMode == True
01-01 00:26:08.746  1519  1519 I HomeScreen|HMI_Common.Activities.SettingsBaseActivity: MBUX App Method: HandleClimateControlsVisibility |Line No: 324 |Log Type: Information |Message: md59d95dbab71941e137ef724fbceda5f0e.SettingsBaseActivity@7682a02 BaseActivity.statusLine HandleClimateControlsVisibility isViewVisible : True
01-01 00:26:08.748  1519  1519 I Main|HMI_Common.Activities.SettingsBaseActivity: MBUX App Method: OnCreate |Line No: 35 |Log Type: Information |Message: language clickedFalse
01-01 00:26:08.748  1519  1519 I HomeScreen|HMI_Common.Activities.SettingsBaseActivity: MBUX App Method: HandleClimateControlsVisibility |Line No: 324 |Log Type: Information |Message: md59d95dbab71941e137ef724fbceda5f0e.SettingsBaseActivity@7682a02 BaseActivity.statusLine HandleClimateControlsVisibility isViewVisible : False
01-01 00:26:08.749  1519  1519 I Main|HMI_Common.Activities.SettingsBaseActivity: MBUX App Method: cleareBackstacks |Line No: 67 |Log Type: Information |Message: count : 0
01-01 00:26:08.751  1519  1519 I HomeScreen|HMI_Common.Activities.SettingsBaseActivity: MBUX App Method: OnStart |Line No: 338 |Log Type: Information |Message: OnStart() BaseActivity
01-01 00:26:08.751  1519  1519 V Activity: onStart md59d95dbab71941e137ef724fbceda5f0e.SettingsBaseActivity@7682a02
01-01 00:26:08.766  1519  1519 I Main|HMI_Common.Fragments.SettingsFragments.SettingsBaseFragment: MBUX App Method: setTextForResetPopUp |Line No: 599 |Log Type: Information |Message: reset values : 3-2
01-01 00:26:08.767  1519  1519 I Main|HMI_Common.Fragments.SettingsFragments.SettingsBaseFragment: MBUX App Method: OnCreateView |Line No: 71 |Log Type: Information |Message: _islanguagechanged: False
01-01 00:26:08.773  1519  1519 I HomeScreen|HMI_Common.Activities.SettingsBaseActivity: MBUX App Method: HandleClimateControlsVisibility |Line No: 324 |Log Type: Information |Message: md59d95dbab71941e137ef724fbceda5f0e.SettingsBaseActivity@7682a02 BaseActivity.statusLine HandleClimateControlsVisibility isViewVisible : False
01-01 00:26:08.773  1519  1519 I Media|HMI_Common.Activities.SettingsBaseActivity: MBUX App Method: HandleVisibilityForStatusLine |Line No: 496 |Log Type: Information |Message: BaseActivity, HandleVisibilityForStatusLine visibility : True Activity Name:md59d95dbab71941e137ef724fbceda5f0e.SettingsBaseActivity@7682a02
01-01 00:26:08.775  1519  1519 V Activity: onResume md59d95dbab71941e137ef724fbceda5f0e.SettingsBaseActivity@7682a02
01-01 00:26:08.777  1151  2233 D CompatibilityInfo: mCompatibilityFlags - 4
01-01 00:26:08.777  1151  2233 D CompatibilityInfo: applicationDensity - 240
01-01 00:26:08.777  1151  2233 D CompatibilityInfo: applicationScale - 1.0
01-01 00:26:08.777  1519  1519 D Activity: onStart: startService done
01-01 00:26:08.778  1519  1519 I HomeScreen|HMI_Common.Activities.SettingsBaseActivity: MBUX App Method: OnResume |Line No: 240 |Log Type: Information |Message: BaseActivity OnResume called
01-01 00:26:08.779  1519  1519 I VolumeControl|HMI_Common.HMIBackend.VolumeControl.VolumeControlBackend: MBUX App Method: GetEntertainmentVolumeGroupStatus |Line No: 215 |Log Type: Critical |Message: VolumeControlBackend GetEntertainmentVolumeGroupStatus() called VolumeControlApplication Instance ==  
01-01 00:26:08.780  1519  1519 I VolumeControl|HMI_Common.HMIBackend.VolumeControl.VolumeControlBackend: MBUX App Method: GetEntertainmentVolumeGroupStatus |Line No: 220 |Log Type: Critical |Message: VolumeControlBackend GetEntertainmentVolumeGroupStatus() ::: VolumeControlApplication Instance is Null - Volume Control Functionality will not work!!!!!!!
01-01 00:26:08.780  1519  1519 I VolumeControl|HMI_Common.Activities.SettingsBaseActivity: MBUX App Method: GetCurrentForegroundVolumeGroup |Line No: 1377 |Log Type: Critical |Message: VolumeControl GetCurrentForegroundVolumeGroup Called : VolumeControlBackend Instance = HMI_Common.HMIBackend.VolumeControl.VolumeControlBackend isEntertainmentInForeground = False
01-01 00:26:08.780  1392  1392 W SYSTEM_UI: SWR_SYSTEM_UI_007|FUN=CollapsedStatusBarFragment::getAction |1|Broadcast action --> STATUS_UPDATE_ACTION
01-01 00:26:08.780  1519  1519 I BaseScreen|HMI_Common.Activities.SettingsBaseActivity: MBUX App Method: EnableAppropriateView |Line No: 810 |Log Type: Information |Message: BaseActivity EnableAppropriateView() Called  isViewEnabled = True desiredView = android.widget.ImageView{6868e1a VFED..C.. ......I. 0,0-0,0 #7f090561 app:id/VolumePanelImageView}
01-01 00:26:08.780  1392  1392 W SYSTEM_UI: SWR_SYSTEM_UI_007|FUN=CollapsedStatusBarFragment::getIntExtra |1|NotifySystemUpdates dataType --> 100
01-01 00:26:08.780  1392  1392 W SYSTEM_UI: SWR_SYSTEM_UI_006|FUN=CollapsedStatusBarFragment::NotifySystemUpdates | onReceive --> |1|TOP ACTIVITY CHANGED | package --> com.daimler.rse.ntg6 | class --> md59d95dbab71941e137ef724fbceda5f0e.SettingsBaseActivity
01-01 00:26:08.780  1519  1519 I VolumeControl|HMI_Common.Activities.SettingsBaseActivity: MBUX App Method: HandleSendToCabinAudioVisibility |Line No: 451 |Log Type: Information |Message: VolumeControl HandleSendToCabinAudioVisibility() Called
01-01 00:26:08.780  1392  1392 W SYSTEM_UI - CI07.3: className -> CollapsedStatusBarFragment | functionName -> NotifySystemUpdates | onReceive -->  | value -> TOP ACTIVITY CHANGED | package --> com.daimler.rse.ntg6 | class --> md59d95dbab71941e137ef724fbceda5f0e.SettingsBaseActivity
01-01 00:26:08.780  1519  1519 I VolumeControl|HMI_Common.Activities.SettingsBaseActivity: MBUX App Method: HandleSendToCabinAudioVisibility |Line No: 458 |Log Type: Information |Message: VolumeControl HandleSendToCabinAudioVisibility() isPlayerCurrentStreamingSource = False
01-01 00:26:08.780  1519  1519 I HomeScreen|HMI_Common.Activities.SettingsBaseActivity: MBUX App Method: HandleSendToCabinAudioVisibility |Line No: 479 |Log Type: Information |Message: VolumeControl handleSendToCabinAudioVisibility:TV or Tuner ready
01-01 00:26:08.781  1519  1519 I VolumeControl|HMI_Common.Activities.SettingsBaseActivity: MBUX App Method: UpdateSendToCabinAudioIcon |Line No: 206 |Log Type: Critical |Message: VolumeControl InitializeSendToCabinAudioFalse
01-01 00:26:08.782  1519  1519 I VolumeControl|HMI_Common.HMIBackend.VolumeControl.VolumeControlBackend: MBUX App Method: GetMuteStates |Line No: 194 |Log Type: Critical |Message: VolumeControlBackend GetMuteStates() called CabinAudioMuteStatus == False
01-01 00:26:08.782  1519  1519 I Connectivity_AIDL|HMI_Common.RsePlatformInterface.ParentalControlImpl: MBUX App Method: UnSubscribeToParentalControlEvents |Line No: 121 |Log Type: Information |Message: UnSubscribeToParentalControlEvents = 
01-01 00:26:08.782  1519  1519 I Connectivity_AIDL|HMI_Common.RsePlatformInterface.ParentalControlImpl: MBUX App Method: .ctor |Line No: 32 |Log Type: Critical |Message: ParentalControlImpl Constructor
01-01 00:26:08.783  1519  1519 I Connectivity_AIDL|HMI_Common.RsePlatformInterface.ParentalControlImpl: MBUX App Method: GetParentalControlApplication |Line No: 89 |Log Type: Critical |Message: GetParentalControlApplication : 
01-01 00:26:08.783  1519  1519 I Connectivity_AIDL|HMI_Common.RsePlatformInterface.ParentalControlImpl: MBUX App Method: SubscribeToParentalControlEvents |Line No: 96 |Log Type: Information |Message: SubscribeToParentalControlEvents isDemoMode = True
01-01 00:26:08.783  1519  1519 I HomeScreen|HMI_Common.Activities.SettingsBaseActivity: MBUX App Method: UpdateNavigationETAInfo |Line No: 113 |Log Type: Critical |Message: UpdateNavigationETAInfo, subtitle text : 
01-01 00:26:08.783  1519  1519 I HomeScreen|HMI_Common.Activities.SettingsBaseActivity: MBUX App Method: IsETAInfoToBeDisplayed |Line No: 128 |Log Type: Information |Message: Navigation, IsETAInfoToBeDisplayed etaInfoText: 
01-01 00:26:08.788  1519  1519 I TelephonyRse|HMI_Common.Activities.SettingsBaseActivity: MBUX App Method: HandlestatusLineNetworkSignalStrength |Line No: 944 |Log Type: Information |Message: BaseActivity StatusLine:HandlestatusLineNetworkSignalStrength deviceList size :
01-01 00:26:08.789  1519  1519 I TelephonyRse|HMI_Common.Activities.SettingsBaseActivity: MBUX App Method: HandlestatusLineNetworkSignalStrength |Line No: 966 |Log Type: Information |Message: BaseActivity StatusLine:HandlestatusLineNetworkSignalStrength deviceList size empty:
01-01 00:26:08.789  1519  1519 I TelephonyRse|HMI_Common.Activities.SettingsBaseActivity: MBUX App Method: HandlestatusLinePhoneBatteryLevelVisibility |Line No: 1063 |Log Type: Information |Message: BaseActivity StatusLine:HandlestatusLinePhoneBatteryLevelVisibility deviceList size :
01-01 00:26:08.789  1519  1519 I TelephonyRse|HMI_Common.Activities.SettingsBaseActivity: MBUX App Method: HandlestatusLinePhoneBatteryLevelVisibility |Line No: 1086 |Log Type: Information |Message: BaseActivity StatusLine:HandlestatusLineNetworkSignalStrength deviceList size empty:
01-01 00:26:08.794  1151  2233 D WindowManager: addToDisplay >>> FLAG_FULLSCREEN set in WindowManager.LayoutParams
01-01 00:26:08.794  1151  2233 D WindowManager: startStatusReceiverServiceOnFlagSet: creating intent for action ACTION_ACTIVITY_FULLSCREEN
01-01 00:26:08.794  1151  2233 W ContextImpl: Calling a method in the system process without a qualified user: android.app.ContextImpl.startService:1476 com.android.server.wm.Session.startStatusReceiverServiceOnFlagSet:762 com.android.server.wm.Session.addToDisplay:214 android.view.IWindowSession$Stub.onTransact:124 com.android.server.wm.Session.onTransact:166 
01-01 00:26:08.796  1151  2233 D CompatibilityInfo: mCompatibilityFlags - 4
01-01 00:26:08.796  1151  2233 D CompatibilityInfo: applicationDensity - 240
01-01 00:26:08.796  1151  2233 D CompatibilityInfo: applicationScale - 1.0
01-01 00:26:08.796  1151  2233 D WindowManager: startStatusReceiverServiceOnFlagSet: startService done
01-01 00:26:08.806  1392  1392 W SYSTEM_UI: SWR_SYSTEM_UI_007|FUN=CollapsedStatusBarFragment::getAction |1|Broadcast action --> STATUS_UPDATE_ACTION
01-01 00:26:08.806  1392  1392 W SYSTEM_UI: SWR_SYSTEM_UI_007|FUN=CollapsedStatusBarFragment::getIntExtra |1|NotifySystemUpdates dataType --> 101
01-01 00:26:08.806  1392  1392 W SYSTEM_UI - CI07.3: className -> CollapsedStatusBarFragment | functionName -> NotifySystemUpdates | onReceive -->  | value -> FULLSCREEN MODE CHANGED | isFullScreenStatus --> true | fullScreenPackage -->com.daimler.rse.ntg6 | fullscreenLastShownPackage -->null | topActivityPackage --> com.daimler.rse.ntg6
01-01 00:26:08.806  1392  1392 W SYSTEM_UI - CI07.3: className -> CollapsedStatusBarFragment | functionName -> NotifySystemUpdates | onReceive -->  | value -> Fullscreen mode changed --> path 1
