01-01 00:44:56.215  3739  3739 W HMI2-SETTINGS - CI08.4: className -> WifiActivity | functionName -> isInConnected | value -> |ACSIA_CORP1|0|2
01-01 00:44:56.215  3739  3739 W HMI2-SETTINGS - CI08.4: className -> WifiActivity | functionName -> isWapiVariantBlocked | value -> security_type:2
01-01 00:44:56.215  3739  3739 W HMI2-SETTINGS - CI08.4: className -> WifiActivity | functionName -> isInConnected | value -> |ACSIA_GUEST1|0|2
01-01 00:44:56.215  3739  3739 W HMI2-SETTINGS - CI08.4: className -> WifiActivity | functionName -> isWapiVariantBlocked | value -> security_type:2
01-01 00:44:56.215  3739  3739 W HMI2-SETTINGS - CI08.4: className -> WifiActivity | functionName -> isInConnected | value -> |ACSIA_DEV|0|2
01-01 00:44:56.215  3739  3739 W HMI2-SETTINGS - CI08.4: className -> WifiActivity | functionName -> isWapiVariantBlocked | value -> security_type:2
01-01 00:44:56.215  3739  3739 W HMI2-SETTINGS - CI08.4: className -> WifiActivity | functionName -> isInConnected | value -> |ACSIA_CORP2|0|2
01-01 00:44:56.215  3739  3739 W HMI2-SETTINGS - CI08.4: className -> WifiActivity | functionName -> isWapiVariantBlocked | value -> security_type:2
01-01 00:44:56.215  3739  3739 W HMI2-SETTINGS - CI08.4: className -> WifiActivity | functionName -> isInConnected | value -> | ACSIA_CORP3|0|2
01-01 00:44:56.215  3739  3739 W HMI2-SETTINGS - CI08.4: className -> WifiActivity | functionName -> isWapiVariantBlocked | value -> security_type:2
01-01 00:44:56.215  3739  3739 W HMI2-SETTINGS - CI08.4: className -> WifiActivity | functionName -> isInConnected | value -> |RSE_Test|0|2
01-01 00:44:56.215  3739  3739 W HMI2-SETTINGS - CI08.4: className -> WifiActivity | functionName -> isWapiVariantBlocked | value -> security_type:2
01-01 00:44:56.215  3739  3739 W HMI2-SETTINGS - CI08.4: className -> WifiActivity | functionName -> isInConnected | value -> |HUWIFI|0|2
01-01 00:44:56.215  3739  3739 W HMI2-SETTINGS - CI08.4: className -> WifiActivity | functionName -> isWapiVariantBlocked | value -> security_type:2
01-01 00:44:56.215  3739  3739 W HMI2-SETTINGS - CI08.4: className -> WifiActivity | functionName -> isInConnected | value -> |DIRECT-vQINLT044msmJ|0|2
01-01 00:44:56.215  3739  3739 W HMI2-SETTINGS - CI08.4: className -> WifiActivity | functionName -> isWapiVariantBlocked | value -> security_type:2
01-01 00:44:56.215  3739  3739 W HMI2-SETTINGS - CI08.4: className -> WifiActivity | functionName -> isInConnected | value -> |DIRECT-DMATCLWI2064msNL|0|2
01-01 00:44:56.215  3739  3739 W HMI2-SETTINGS - CI08.4: className -> WifiActivity | functionName -> isWapiVariantBlocked | value -> security_type:2
01-01 00:44:56.215  3739  3739 W HMI2-SETTINGS - CI08.4: className -> WifiActivity | functionName -> isInConnected | value -> |AUTOMATION_TEST|0|2
01-01 00:44:56.216  3739  3739 W HMI2-SETTINGS - CI08.4: className -> WifiActivity | functionName -> isWapiVariantBlocked | value -> security_type:2
01-01 00:44:56.216  3739  3739 W HMI2-SETTINGS - CI08.4: className -> WifiActivity | functionName -> isInConnected | value -> |MB Hotspot 61185|0|2
01-01 00:44:56.216  3739  3739 W HMI2-SETTINGS - CI08.4: className -> WifiActivity | functionName -> isWapiVariantBlocked | value -> security_type:0
01-01 00:44:56.216  3739  3739 W HMI2-SETTINGS - CI08.4: className -> WifiActivity | functionName -> isInConnected | value -> |HP-Print-DB-LaserJet Pro MFP|0|0
01-01 00:44:56.216  3739  3739 W HMI2-SETTINGS - CI08.4: className -> WifiActivity | functionName -> handleAllAvailNetwork | value -> savedNetwork ->0
01-01 00:44:56.216  3739  3739 W HMI2-SETTINGS - CI08.4: className -> WifiActivity | functionName -> handleAllAvailNetwork | value -> presentVisibleNetwork ->22
01-01 00:44:56.216  3739  3739 W HMI2-SETTINGS - CI08.4: className -> WifiActivity | functionName -> handleIfWifiAvailableNetworks: config is  | value -> null
01-01 00:44:56.217  1151  2231 I WifiService: startScan uid=1000
01-01 00:44:56.266  1151  8140 D WindowManager: relayout packageName=com.panasonic.hmi2settings::session=Session{c47ecfc 3739:1000}::window=android.view.IWindow$Stub$Proxy@6ca5c83::attrs.flags=1010300
01-01 00:44:56.266  1151  8140 D WindowManager: relayout >>> FLAG_FULLSCREEN not set in WindowManager.LayoutParams
01-01 00:44:56.266  1151  8140 D WindowManager: startStatusReceiverServiceOnFlagSet: creating intent for action ACTION_ACTIVITY_FULLSCREEN
01-01 00:44:56.266  1151  8140 W ContextImpl: Calling a method in the system process without a qualified user: android.app.ContextImpl.startService:1476 com.android.server.wm.Session.startStatusReceiverServiceOnFlagSet:762 com.android.server.wm.Session.relayout:276 android.view.IWindowSession$Stub.onTransact:286 com.android.server.wm.Session.onTransact:166 
01-01 00:44:56.267  1151  8140 D CompatibilityInfo: mCompatibilityFlags - 4
01-01 00:44:56.267  1151  8140 D CompatibilityInfo: applicationDensity - 240
01-01 00:44:56.267  1151  8140 D CompatibilityInfo: applicationScale - 1.0
01-01 00:44:56.268  1151  8140 D WindowManager: startStatusReceiverServiceOnFlagSet: startService done
01-01 00:44:56.271  1392  1392 W SYSTEM_UI: SWR_SYSTEM_UI_007|FUN=CollapsedStatusBarFragment::getAction |1|Broadcast action --> STATUS_UPDATE_ACTION
01-01 00:44:56.271  1392  1392 W SYSTEM_UI: SWR_SYSTEM_UI_007|FUN=CollapsedStatusBarFragment::getIntExtra |1|NotifySystemUpdates dataType --> 101
01-01 00:44:56.271  1392  1392 W SYSTEM_UI - CI07.3: className -> CollapsedStatusBarFragment | functionName -> NotifySystemUpdates | onReceive -->  | value -> FULLSCREEN MODE CHANGED | isFullScreenStatus --> false | fullScreenPackage -->com.panasonic.hmi2settings | fullscreenLastShownPackage -->null | topActivityPackage --> com.panasonic.hmi2settings
01-01 00:44:56.271  1392  1392 W SYSTEM_UI - CI07.3: className -> CollapsedStatusBarFragment | functionName -> NotifySystemUpdates | onReceive -->  | value -> Fullscreen mode changed --> path 5
01-01 00:44:56.314   729   748 I sssv-lib: sendMsg enter
01-01 00:44:56.315   729   748 I sssv-lib: sendMsg complete.
01-01 00:44:56.333  1392  6197 D CommandQueue: animate_trace: appTransitionStarting; duration=0;hardcoded forced=false to false
01-01 00:44:56.344  1392  6197 D CommandQueue: animate_trace: appTransitionFinished
01-01 00:44:56.348  1151  1192 I ActivityManager: Displayed com.panasonic.hmi2settings/.activity.WifiActivity: +219ms
01-01 00:44:56.349  1151  1192 E ANDR-PERF-JNI: Iop tryGetService failed
01-01 00:44:56.360  1151  1553 D WindowManager: relayout packageName=com.panasonic.hmi2settings::session=Session{c47ecfc 3739:1000}::window=android.view.IWindow$Stub$Proxy@bfec47e::attrs.flags=null
01-01 00:44:56.361  1151  1553 D WindowManager: relayout >>> FLAG_FULLSCREEN not set in WindowManager.LayoutParams
01-01 00:44:56.361  1151  1553 D WindowManager: startStatusReceiverServiceOnFlagSet: creating intent for action ACTION_ACTIVITY_FULLSCREEN
01-01 00:44:56.362  1151  1553 W ContextImpl: Calling a method in the system process without a qualified user: android.app.ContextImpl.startService:1476 com.android.server.wm.Session.startStatusReceiverServiceOnFlagSet:762 com.android.server.wm.Session.relayout:276 android.view.IWindowSession$Stub.onTransact:286 com.android.server.wm.Session.onTransact:166 
01-01 00:44:56.363  1151  1553 D CompatibilityInfo: mCompatibilityFlags - 4
01-01 00:44:56.363  1151  1553 D CompatibilityInfo: applicationDensity - 240
01-01 00:44:56.363  1151  1553 D CompatibilityInfo: applicationScale - 1.0
01-01 00:44:56.363  1151  1553 D WindowManager: startStatusReceiverServiceOnFlagSet: startService done
01-01 00:44:56.373  1392  1392 W SYSTEM_UI: SWR_SYSTEM_UI_007|FUN=CollapsedStatusBarFragment::getAction |1|Broadcast action --> STATUS_UPDATE_ACTION
01-01 00:44:56.373  1392  1392 W SYSTEM_UI: SWR_SYSTEM_UI_007|FUN=CollapsedStatusBarFragment::getIntExtra |1|NotifySystemUpdates dataType --> 101
01-01 00:44:56.373  1392  1392 W SYSTEM_UI - CI07.3: className -> CollapsedStatusBarFragment | functionName -> NotifySystemUpdates | onReceive -->  | value -> FULLSCREEN MODE CHANGED | isFullScreenStatus --> false | fullScreenPackage -->com.panasonic.hmi2settings | fullscreenLastShownPackage -->null | topActivityPackage --> com.panasonic.hmi2settings
01-01 00:44:56.373  1392  1392 W SYSTEM_UI - CI07.3: className -> CollapsedStatusBarFragment | functionName -> NotifySystemUpdates | onReceive -->  | value -> Fullscreen mode changed --> path 5
01-01 00:44:56.382  1151  1553 D ActivityTrigger: ActivityTrigger activityStopTrigger 
01-01 00:44:56.384  3739  3739 V Activity: back_button: onSaveInstanceState entry:com.panasonic.hmi2settings.activity.WifiManagerActivity@200cf74
01-01 00:44:56.384  3739  3739 V Activity: onSaveInstanceState com.panasonic.hmi2settings.activity.WifiManagerActivity@200cf74: Bundle[{android:viewHierarchyState=Bundle[{android:views={16908290=android.view.AbsSavedState$1@499b012, 2131427430=android.view.AbsSavedState$1@499b012, 2131427431=android.view.AbsSavedState$1@499b012, 2131427450=android.view.AbsSavedState$1@499b012, 2131427452=android.view.AbsSavedState$1@499b012, 2131427460=android.view.AbsSavedState$1@499b012, 2131427507=android.view.AbsSavedState$1@499b012, 2131427508=android.view.AbsSavedState$1@499b012, 2131427509=android.view.AbsSavedState$1@499b012, 2131427510=android.view.AbsSavedState$1@499b012, 2131427511=android.view.AbsSavedState$1@499b012, 2131427512=android.view.AbsSavedState$1@499b012, 2131427513=android.view.AbsSavedState$1@499b012, 2131427514=android.view.AbsSavedState$1@499b012}}], android:lastAutofillId=1073741823, android:fragments=android.app.FragmentManagerState@b6404cd}]
01-01 00:44:56.385  3739  3739 V Activity: onStop com.panasonic.hmi2settings.activity.WifiManagerActivity@200cf74
01-01 00:44:56.526  1151  1162 I zygote64: NativeAlloc concurrent copying GC freed 168143(7MB) AllocSpace objects, 30(2MB) LOS objects, 42% free, 15MB/26MB, paused 160us total 151.102ms
01-01 00:44:57.017  1151  1553 D WificondControl: Scan result ready event
01-01 00:44:57.018   921  1439 I LOWI-8.5.0.3.c: [LOWI-Scan] lowi_close_record:Scan completed in 2677057ms and Recieved 45 APs scan results
01-01 00:44:57.018  1151  1323 I WifiService: isScanAlwaysAvailable uid=1000
01-01 00:44:57.018  1151  1323 I WifiService: getWifiEnabledState uid=1000
01-01 00:44:57.020   808   808 I wificond: Enters wifigbk_ageOutHistory
01-01 00:44:57.021   921   961 I LOWI-8.5.0.3.c: [LOWIUtils] responseToOutPostcard - TO: GTP-FDAL, FROM:   LOWI-SERVER, RESP:  LOWI_ASYNC_DISCOVERY_SCAN_RESULTS
01-01 00:44:57.026  1151  1323 D WificondScannerImpl: Filtering out 6 scan results.
01-01 00:44:57.026  1151  1323 I WifiService: isScanAlwaysAvailable uid=1000
01-01 00:44:57.026  1151  1323 I WifiService: getWifiEnabledState uid=1000
01-01 00:44:57.030   924   979 W XTCC-6.1.2.10-a: [LOWIUtils] to_eScanTypeResponse - default case
01-01 00:44:57.030   924   979 W XTCC-6.1.2.10-a: [WifiScanner] WiFi scan result : [45] AP's, async result: 1
01-01 00:44:57.031  2145  2145 D HMI_SERVICE: USE_CASE_NA|FUN=HmiApplication| [action] android.net.wifi.SCAN_RESULTS
01-01 00:44:57.031  3739  3739 E HMI2-SETTINGS - CI08.4: className -> WifiActivity | functionName -> mWifiScanReceiver -> onReceive | error ->intent_action:android.net.wifi.SCAN_RESULTS
01-01 00:44:57.032  1151  1553 I WifiService: getWifiEnabledState uid=1000
01-01 00:44:57.033  1151  2233 I WifiService: getConfiguredNetworks uid=1000
01-01 00:44:57.033  1151  1317 D ScanResultUtil: isScanResultForWapiPskNetwork: false
01-01 00:44:57.035  1151  1317 I chatty  : uid=1000(system) WifiStateMachin identical 50 lines
01-01 00:44:57.035  1151  1317 D ScanResultUtil: isScanResultForWapiPskNetwork: false
01-01 00:44:57.035  1151  1317 W WifiConfigManager: Looking up network with invalid networkId -1
01-01 00:44:57.037  1151  1317 D ScanResultUtil: isScanResultForWapiPskNetwork: false
01-01 00:44:57.038  1151  1317 I chatty  : uid=1000(system) WifiStateMachin identical 26 lines
01-01 00:44:57.038  1151  1317 D ScanResultUtil: isScanResultForWapiPskNetwork: false
01-01 00:44:57.039  3739  3739 W HMI2-SETTINGS: SWR_BAIDU_HMI_0027|SWR_BAIDU_HMI_0015|FUN=WifiActivity::getScanResults|1|Get list of available wifi hotspots.
01-01 00:44:57.045  3739  3739 W HMI2-SETTINGS - CI08.4: className -> WifiActivity | functionName -> isWapiVariantBlocked | value -> security_type:2
01-01 00:44:57.045  3739  3739 W HMI2-SETTINGS - CI08.4: className -> WifiActivity | functionName -> isInConnected | value -> |ACSIA_CORP2|0|2
01-01 00:44:57.045  3739  3739 W HMI2-SETTINGS - CI08.4: className -> WifiActivity | functionName -> isWapiVariantBlocked | value -> security_type:2
01-01 00:44:57.045  3739  3739 W HMI2-SETTINGS - CI08.4: className -> WifiActivity | functionName -> isInConnected | value -> | ACSIA_CORP3|0|2
01-01 00:44:57.045  3739  3739 W HMI2-SETTINGS - CI08.4: className -> WifiActivity | functionName -> isWapiVariantBlocked | value -> security_type:2
01-01 00:44:57.045  3739  3739 W HMI2-SETTINGS - CI08.4: className -> WifiActivity | functionName -> isInConnected | value -> |ACSIA_DEV|0|2
01-01 00:44:57.045  3739  3739 W HMI2-SETTINGS - CI08.4: className -> WifiActivity | functionName -> isWapiVariantBlocked | value -> security_type:2
01-01 00:44:57.045  3739  3739 W HMI2-SETTINGS - CI08.4: className -> WifiActivity | functionName -> isInConnected | value -> |ACSIA_CORP1|0|2
01-01 00:44:57.045  3739  3739 W HMI2-SETTINGS - CI08.4: className -> WifiActivity | functionName -> isWapiVariantBlocked | value -> security_type:2
01-01 00:44:57.045  3739  3739 W HMI2-SETTINGS - CI08.4: className -> WifiActivity | functionName -> isInConnected | value -> |ACSIA_Management|0|2
01-01 00:44:57.045  3739  3739 W HMI2-SETTINGS - CI08.4: className -> WifiActivity | functionName -> isWapiVariantBlocked | value -> security_type:2
01-01 00:44:57.045  3739  3739 W HMI2-SETTINGS - CI08.4: className -> WifiActivity | functionName -> isInConnected | value -> |ACSIA_GUEST1|0|2
01-01 00:44:57.045  3739  3739 W HMI2-SETTINGS - CI08.4: className -> WifiActivity | functionName -> isWapiVariantBlocked | value -> security_type:2
01-01 00:44:57.045  3739  3739 W HMI2-SETTINGS - CI08.4: className -> WifiActivity | functionName -> isInConnected | value -> |RSE_Test|0|2
01-01 00:44:57.045  3739  3739 W HMI2-SETTINGS - CI08.4: className -> WifiActivity | functionName -> isWapiVariantBlocked | value -> security_type:2
01-01 00:44:57.045  3739  3739 W HMI2-SETTINGS - CI08.4: className -> WifiActivity | functionName -> isInConnected | value -> |NETGEAR66-5G|0|2
01-01 00:44:57.045  3739  3739 W HMI2-SETTINGS - CI08.4: className -> WifiActivity | functionName -> isWapiVariantBlocked | value -> security_type:2
01-01 00:44:57.045  3739  3739 W HMI2-SETTINGS - CI08.4: className -> WifiActivity | functionName -> isInConnected | value -> |Secure|0|2
01-01 00:44:57.045  3739  3739 W HMI2-SETTINGS - CI08.4: className -> WifiActivity | functionName -> isWapiVariantBlocked | value -> security_type:2
01-01 00:44:57.045  3739  3739 W HMI2-SETTINGS - CI08.4: className -> WifiActivity | functionName -> isInConnected | value -> |RSE_Test|0|2
01-01 00:44:57.045  3739  3739 W HMI2-SETTINGS - CI08.4: className -> WifiActivity | functionName -> isWapiVariantBlocked | value -> security_type:2
01-01 00:44:57.045  3739  3739 W HMI2-SETTINGS - CI08.4: className -> WifiActivity | functionName -> isInConnected | value -> |HUWIFI|0|2
01-01 00:44:57.045  3739  3739 W HMI2-SETTINGS - CI08.4: className -> WifiActivity | functionName -> isWapiVariantBlocked | value -> security_type:2
01-01 00:44:57.045  3739  3739 W HMI2-SETTINGS - CI08.4: className -> WifiActivity | functionName -> isInConnected | value -> |DIRECT-vQINLT044msmJ|0|2
01-01 00:44:57.045  3739  3739 W HMI2-SETTINGS - CI08.4: className -> WifiActivity | functionName -> isWapiVariantBlocked | value -> security_type:2
01-01 00:44:57.045  3739  3739 W HMI2-SETTINGS - CI08.4: className -> WifiActivity | functionName -> isInConnected | value -> | ACSIA_CORP3|0|2
01-01 00:44:57.046  3739  3739 W HMI2-SETTINGS - CI08.4: className -> WifiActivity | functionName -> isWapiVariantBlocked | value -> security_type:2
01-01 00:44:57.046  3739  3739 W HMI2-SETTINGS - CI08.4: className -> WifiActivity | functionName -> isInConnected | value -> |DIRECT-DMATCLWI2064msNL|0|2
01-01 00:44:57.046  3739  3739 W HMI2-SETTINGS - CI08.4: className -> WifiActivity | functionName -> isWapiVariantBlocked | value -> security_type:2
01-01 00:44:57.046  3739  3739 W HMI2-SETTINGS - CI08.4: className -> WifiActivity | functionName -> isInConnected | value -> |AUTOMATION_TEST|0|2
01-01 00:44:57.046  3739  3739 W HMI2-SETTINGS - CI08.4: className -> WifiActivity | functionName -> isWapiVariantBlocked | value -> security_type:2
01-01 00:44:57.046  3739  3739 W HMI2-SETTINGS - CI08.4: className -> WifiActivity | functionName -> isInConnected | value -> |ACSIA_CORP1|0|2
01-01 00:44:57.046  3739  3739 W HMI2-SETTINGS - CI08.4: className -> WifiActivity | functionName -> isWapiVariantBlocked | value -> security_type:2
01-01 00:44:57.046  3739  3739 W HMI2-SETTINGS - CI08.4: className -> WifiActivity | functionName -> isInConnected | value -> |ACSIA_GUEST1|0|2
01-01 00:44:57.046  3739  3739 W HMI2-SETTINGS - CI08.4: className -> WifiActivity | functionName -> isWapiVariantBlocked | value -> security_type:2
01-01 00:44:57.046  3739  3739 W HMI2-SETTINGS - CI08.4: className -> WifiActivity | functionName -> isInConnected | value -> |ACSIA_DEV|0|2
01-01 00:44:57.046  3739  3739 W HMI2-SETTINGS - CI08.4: className -> WifiActivity | functionName -> isWapiVariantBlocked | value -> security_type:2
01-01 00:44:57.046  3739  3739 W HMI2-SETTINGS - CI08.4: className -> WifiActivity | functionName -> isInConnected | value -> |ACSIA_CORP2|0|2
01-01 00:44:57.046  3739  3739 W HMI2-SETTINGS - CI08.4: className -> WifiActivity | functionName -> isWapiVariantBlocked | value -> security_type:2
01-01 00:44:57.046  3739  3739 W HMI2-SETTINGS - CI08.4: className -> WifiActivity | functionName -> isInConnected | value -> | ACSIA_CORP3|0|2
01-01 00:44:57.046  3739  3739 W HMI2-SETTINGS - CI08.4: className -> WifiActivity | functionName -> isWapiVariantBlocked | value -> security_type:2
01-01 00:44:57.046  3739  3739 W HMI2-SETTINGS - CI08.4: className -> WifiActivity | functionName -> isInConnected | value -> |ACSIA_Management|0|2
01-01 00:44:57.046  3739  3739 W HMI2-SETTINGS - CI08.4: className -> WifiActivity | functionName -> isWapiVariantBlocked | value -> security_type:2
01-01 00:44:57.046  3739  3739 W HMI2-SETTINGS - CI08.4: className -> WifiActivity | functionName -> isInConnected | value -> |RSE_Test|0|2
01-01 00:44:57.046  3739  3739 W HMI2-SETTINGS - CI08.4: className -> WifiActivity | functionName -> isWapiVariantBlocked | value -> security_type:0
01-01 00:44:57.046  3739  3739 W HMI2-SETTINGS - CI08.4: className -> WifiActivity | functionName -> isInConnected | value -> |HP-Print-DB-LaserJet Pro MFP|0|0
01-01 00:44:57.046  3739  3739 W HMI2-SETTINGS - CI08.4: className -> WifiActivity | functionName -> isWapiVariantBlocked | value -> security_type:2
01-01 00:44:57.046  3739  3739 W HMI2-SETTINGS - CI08.4: className -> WifiActivity | functionName -> isInConnected | value -> |MB Hotspot 61185|0|2
01-01 00:44:57.046  3739  3739 W HMI2-SETTINGS - CI08.4: className -> WifiActivity | functionName -> handleAllAvailNetwork | value -> savedNetwork ->0
01-01 00:44:57.046  3739  3739 W HMI2-SETTINGS - CI08.4: className -> WifiActivity | functionName -> handleAllAvailNetwork | value -> presentVisibleNetwork ->24
01-01 00:44:57.050  3739  3739 W HMI2-SETTINGS - CI08.4: className -> WifiActivity | functionName -> handleIfWifiAvailableNetworks: config is  | value -> null
01-01 00:44:57.087  3675 14661 D UIAutomatorStub: URI: /jsonrpc/0, Method: POST, Header: {content-length=274, remote-addr=127.0.0.1, http-client-ip=127.0.0.1, host=localhost:9009, content-type=application/json, connection=close, accept-encoding=identity, user-agent=Python-urllib/2.7}, params, {NanoHttpd.QUERY_STRING=null}, files: {postData={"params": [{"childOrSiblingSelector": [], "scrollable": true, "mask": 16384, "childOrSibling": []}, {"childOrSiblingSelector": [], "text": "RSE_Test", "mask": 1, "childOrSibling": []}, true], "jsonrpc": "2.0", "method": "scrollTo", "id": "10f0e2a20360c7410a5fad557b87cb75"}}
01-01 00:44:57.315   729   748 I sssv-lib: sendMsg enter
01-01 00:44:57.315   729   748 I sssv-lib: sendMsg complete.
01-01 00:44:57.390  1933  1957 D LCMANDR : SWR_OOB_HV_MF_009|FUN=LifeCycleManagerService::LifeCycle_ReportCompStatus|GOT ALIVENESS SIGNAL FROM DAIAPP : [0]; HB Counter = [ 1065 ]; STATUS INFO = [ 0 ]
01-01 00:44:57.391  1519  1964 I Connectivity_AIDL|AIDL_Handler.AIDL_Helpers.LcmHelper: MBUX App Method: KeepAliveTest |Line No: 408 |Log Type: Critical |Message: ChildThread:MBUX-App HB Count: 1067, ResponseCode: 0
01-01 00:44:57.719  3675 14661 D UiScrollable: scrollToBeginning() on selector = UiSelector[SCROLLABLE=true]
01-01 00:44:57.719  3675 14661 D UiScrollable: scrollBackward() on selector = UiSelector[SCROLLABLE=true]
01-01 00:44:57.726  3675 14661 I QueryController: Matched selector: UiSelector[SCROLLABLE=true] <<==>> [android.view.accessibility.AccessibilityNodeInfo@2aec521; boundsInParent: Rect(0, 0 - 1332, 889); boundsInScreen: Rect(305, 172 - 1637, 1061); packageName: com.panasonic.hmi2settings; className: android.widget.ScrollView; text: null; error: null; maxTextLength: -1; contentDescription: null; viewIdResName: com.panasonic.hmi2settings:id/scrollWifi; checkable: false; checked: false; focusable: true; focused: false; selected: false; clickable: false; longClickable: false; contextClickable: false; enabled: true; password: false; scrollable: true; importantForAccessibility: true; actions: [AccessibilityAction: ACTION_FOCUS - null, AccessibilityAction: ACTION_SELECT - null, AccessibilityAction: ACTION_CLEAR_SELECTION - null, AccessibilityAction: ACTION_ACCESSIBILITY_FOCUS - null, AccessibilityAction: ACTION_SCROLL_FORWARD - null, AccessibilityAction: ACTION_SHOW_ON_SCREEN - null]]
01-01 00:44:57.726  3675 14661 D UiScrollable: scrollToBegining() using vertical scroll
01-01 00:44:57.726  3675 14661 D InteractionController: scrollSwipe (971, 260, 971, 973, 55)
01-01 00:44:58.316   729   748 I sssv-lib: sendMsg enter
01-01 00:44:58.316   729   748 I sssv-lib: sendMsg complete.
01-01 00:44:58.576   635   635 E ANDR-PERF-TARGET: Error: Invalid logical cluster id 0
01-01 00:44:58.577   635   635 E ANDR-PERF-MPCTL: invalid request, no optimizations performed
01-01 00:44:58.593   635   635 E ANDR-PERF-TARGET: Error: Invalid logical cluster id 0
01-01 00:44:58.593   635   635 E ANDR-PERF-MPCTL: invalid request, no optimizations performed
01-01 00:44:58.610   635   635 E ANDR-PERF-TARGET: Error: Invalid logical cluster id 0
01-01 00:44:58.610   635   635 E ANDR-PERF-MPCTL: invalid request, no optimizations performed
01-01 00:44:58.627   635   635 E ANDR-PERF-TARGET: Error: Invalid logical cluster id 0
01-01 00:44:58.627   635   635 E ANDR-PERF-MPCTL: invalid request, no optimizations performed
01-01 00:44:58.643   635   635 E ANDR-PERF-TARGET: Error: Invalid logical cluster id 0
01-01 00:44:58.643   635   635 E ANDR-PERF-MPCTL: invalid request, no optimizations performed
01-01 00:44:58.660   635   635 E ANDR-PERF-TARGET: Error: Invalid logical cluster id 0
01-01 00:44:58.660   635   635 E ANDR-PERF-MPCTL: invalid request, no optimizations performed
01-01 00:44:58.660   635   635 E ANDR-PERF-TARGET: Error: Invalid logical cluster id 0
01-01 00:44:58.660   635   635 E ANDR-PERF-MPCTL: invalid request, no optimizations performed
01-01 00:44:58.677   635   635 E ANDR-PERF-TARGET: Error: Invalid logical cluster id 0
01-01 00:44:58.677   635   635 E ANDR-PERF-MPCTL: invalid request, no optimizations performed
01-01 00:44:58.693   635   635 E ANDR-PERF-TARGET: Error: Invalid logical cluster id 0
01-01 00:44:58.694   635   635 E ANDR-PERF-MPCTL: invalid request, no optimizations performed
01-01 00:44:58.710   635   635 E ANDR-PERF-TARGET: Error: Invalid logical cluster id 0
01-01 00:44:58.710   635   635 E ANDR-PERF-MPCTL: invalid request, no optimizations performed
01-01 00:44:58.727   635   635 E ANDR-PERF-TARGET: Error: Invalid logical cluster id 0
01-01 00:44:58.727   635   635 E ANDR-PERF-MPCTL: invalid request, no optimizations performed
01-01 00:44:58.730  1933  1933 I LCMANDR : SWR_OOB_HV_MF_009|FUN=ResourceMonitoringService::movingMemoryAverage|2|Moving memory average :29.254303
01-01 00:44:58.730  1933  1933 W LCMANDR : SWR_OOB_HV_MF_009|FUN=ResourceMonitoringService::getCpuUsageStatistic|Moving MEM AVG :::::::::29.254303
01-01 00:44:58.731  1933  1933 W LCMANDR : SWR_OOB_HV_MF_009|FUN=ResourceMonitoringService::getCpuUsageStatistic|2|Total cpu usage :29.497206
01-01 00:44:58.732  1933  1933 I LCMANDR : SWR_OOB_HV_MF_009|FUN=ResourceMonitoringService::getCpuUsageStatistic|Cpu usage of core  0 is32.666664
01-01 00:44:58.732  1933  1933 I LCMANDR : SWR_OOB_HV_MF_009|FUN=ResourceMonitoringService::getCpuUsageStatistic|Cpu usage of core  1 is26.712328
01-01 00:44:58.732  1933  1933 I LCMANDR : SWR_OOB_HV_MF_009|FUN=ResourceMonitoringService::getCpuUsageStatistic|Cpu usage of core  2 is29.042906
01-01 00:44:58.732  1933  1933 I LCMANDR : ResourceMonitoringService::movingCpuAverage()
01-01 00:44:58.732  1933  1933 I LCMANDR : SWR_OOB_HV_MF_009|FUN=ResourceMonitoringService::movingCpuAverage|2|Moving window average of CPU 22.584837
01-01 00:44:58.732  1933  1933 I LCMANDR : SWR_OOB_HV_MF_009|FUN=ResourceMonitoringService::movingCpuAverage|2|Cpu moving average of core  0 is23.30094
01-01 00:44:58.732  1933  1933 I LCMANDR : SWR_OOB_HV_MF_009|FUN=ResourceMonitoringService::movingCpuAverage|2|Cpu moving average of core  1 is19.291195
01-01 00:44:58.732  1933  1933 I LCMANDR : SWR_OOB_HV_MF_009|FUN=ResourceMonitoringService::movingCpuAverage|2|Cpu moving average of core  2 is25.067188
01-01 00:44:58.732  1933  1933 D LCMANDR : SWR_OOB_HV_MF_009|FUN=ResourceMonitoringService::movingCpuAverage|2|Exiting VAL = 22.584837
01-01 00:44:58.744   635   635 E ANDR-PERF-TARGET: Error: Invalid logical cluster id 0
01-01 00:44:58.744   635   635 E ANDR-PERF-MPCTL: invalid request, no optimizations performed
01-01 00:44:58.749     1   452 I init    : Uptime: 02694.885829 LocalTime: 01-01 00:44:58.749
01-01 00:44:58.760   635   635 E ANDR-PERF-TARGET: Error: Invalid logical cluster id 0
01-01 00:44:58.760   635   635 E ANDR-PERF-MPCTL: invalid request, no optimizations performed
01-01 00:44:58.777   635   635 E ANDR-PERF-TARGET: Error: Invalid logical cluster id 0
01-01 00:44:58.777   635   635 E ANDR-PERF-MPCTL: invalid request, no optimizations performed
01-01 00:44:58.794   635   635 E ANDR-PERF-TARGET: Error: Invalid logical cluster id 0
01-01 00:44:58.794   635   635 E ANDR-PERF-MPCTL: invalid request, no optimizations performed
01-01 00:44:58.810   635   635 E ANDR-PERF-TARGET: Error: Invalid logical cluster id 0
01-01 00:44:58.810   635   635 E ANDR-PERF-MPCTL: invalid request, no optimizations performed
01-01 00:44:58.827   635   635 E ANDR-PERF-TARGET: Error: Invalid logical cluster id 0
01-01 00:44:58.827   635   635 E ANDR-PERF-MPCTL: invalid request, no optimizations performed
01-01 00:44:58.844   635   635 E ANDR-PERF-TARGET: Error: Invalid logical cluster id 0
01-01 00:44:58.844   635   635 E ANDR-PERF-MPCTL: invalid request, no optimizations performed
01-01 00:44:58.854  3675 14661 W InteractionController: runAndwaitForEvents timed out waiting for events
01-01 00:44:58.860   635   635 E ANDR-PERF-TARGET: Error: Invalid logical cluster id 0
01-01 00:44:58.861   635   635 E ANDR-PERF-MPCTL: invalid request, no optimizations performed
01-01 00:44:58.862  3675 14661 D UiScrollable: scrollForward() on selector = UiSelector[SCROLLABLE=true]
01-01 00:44:58.871  3675 14661 I QueryController: Matched selector: UiSelector[SCROLLABLE=true] <<==>> [android.view.accessibility.AccessibilityNodeInfo@2aec521; boundsInParent: Rect(0, 0 - 1332, 889); boundsInScreen: Rect(305, 172 - 1637, 1061); packageName: com.panasonic.hmi2settings; className: android.widget.ScrollView; text: null; error: null; maxTextLength: -1; contentDescription: null; viewIdResName: com.panasonic.hmi2settings:id/scrollWifi; checkable: false; checked: false; focusable: true; focused: false; selected: false; clickable: false; longClickable: false; contextClickable: false; enabled: true; password: false; scrollable: true; importantForAccessibility: true; actions: [AccessibilityAction: ACTION_FOCUS - null, AccessibilityAction: ACTION_SELECT - null, AccessibilityAction: ACTION_CLEAR_SELECTION - null, AccessibilityAction: ACTION_ACCESSIBILITY_FOCUS - null, AccessibilityAction: ACTION_SCROLL_FORWARD - null, AccessibilityAction: ACTION_SHOW_ON_SCREEN - null]]
01-01 00:44:58.871  3675 14661 D InteractionController: scrollSwipe (971, 973, 971, 260, 55)
01-01 00:44:58.877   635   635 E ANDR-PERF-TARGET: Error: Invalid logical cluster id 0
01-01 00:44:58.877   635   635 E ANDR-PERF-MPCTL: invalid request, no optimizations performed
01-01 00:44:58.894   635   635 E ANDR-PERF-TARGET: Error: Invalid logical cluster id 0
01-01 00:44:58.894   635   635 E ANDR-PERF-MPCTL: invalid request, no optimizations performed
01-01 00:44:58.910   635   635 E ANDR-PERF-TARGET: Error: Invalid logical cluster id 0
01-01 00:44:58.911   635   635 E ANDR-PERF-MPCTL: invalid request, no optimizations performed
01-01 00:44:58.927   635   635 E ANDR-PERF-TARGET: Error: Invalid logical cluster id 0
01-01 00:44:58.927   635   635 E ANDR-PERF-MPCTL: invalid request, no optimizations performed
01-01 00:44:58.944   635   635 E ANDR-PERF-TARGET: Error: Invalid logical cluster id 0
01-01 00:44:58.944   635   635 E ANDR-PERF-MPCTL: invalid request, no optimizations performed
01-01 00:44:58.960   635   635 E ANDR-PERF-TARGET: Error: Invalid logical cluster id 0
01-01 00:44:58.961   635   635 E ANDR-PERF-MPCTL: invalid request, no optimizations performed
01-01 00:44:58.977   635   635 E ANDR-PERF-TARGET: Error: Invalid logical cluster id 0
01-01 00:44:58.977   635   635 E ANDR-PERF-MPCTL: invalid request, no optimizations performed
01-01 00:44:58.994   635   635 E ANDR-PERF-TARGET: Error: Invalid logical cluster id 0
01-01 00:44:58.994   635   635 E ANDR-PERF-MPCTL: invalid request, no optimizations performed
01-01 00:44:59.011   635   635 E ANDR-PERF-TARGET: Error: Invalid logical cluster id 0
01-01 00:44:59.011   635   635 E ANDR-PERF-MPCTL: invalid request, no optimizations performed
01-01 00:44:59.027   635   635 E ANDR-PERF-TARGET: Error: Invalid logical cluster id 0
01-01 00:44:59.027   635   635 E ANDR-PERF-MPCTL: invalid request, no optimizations performed
01-01 00:44:59.044   635   635 E ANDR-PERF-TARGET: Error: Invalid logical cluster id 0
01-01 00:44:59.044   635   635 E ANDR-PERF-MPCTL: invalid request, no optimizations performed
01-01 00:44:59.061   635   635 E ANDR-PERF-TARGET: Error: Invalid logical cluster id 0
01-01 00:44:59.061   635   635 E ANDR-PERF-MPCTL: invalid request, no optimizations performed
01-01 00:44:59.077   635   635 E ANDR-PERF-TARGET: Error: Invalid logical cluster id 0
01-01 00:44:59.078   635   635 E ANDR-PERF-MPCTL: invalid request, no optimizations performed
01-01 00:44:59.094   635   635 E ANDR-PERF-TARGET: Error: Invalid logical cluster id 0
01-01 00:44:59.094   635   635 E ANDR-PERF-MPCTL: invalid request, no optimizations performed
01-01 00:44:59.111   635   635 E ANDR-PERF-TARGET: Error: Invalid logical cluster id 0
01-01 00:44:59.111   635   635 E ANDR-PERF-MPCTL: invalid request, no optimizations performed
01-01 00:44:59.128   635   635 E ANDR-PERF-TARGET: Error: Invalid logical cluster id 0
01-01 00:44:59.128   635   635 E ANDR-PERF-MPCTL: invalid request, no optimizations performed
01-01 00:44:59.144   635   635 E ANDR-PERF-TARGET: Error: Invalid logical cluster id 0
01-01 00:44:59.144   635   635 E ANDR-PERF-MPCTL: invalid request, no optimizations performed
01-01 00:44:59.161   635   635 E ANDR-PERF-TARGET: Error: Invalid logical cluster id 0
01-01 00:44:59.161   635   635 E ANDR-PERF-MPCTL: invalid request, no optimizations performed
01-01 00:44:59.178   635   635 E ANDR-PERF-TARGET: Error: Invalid logical cluster id 0
01-01 00:44:59.178   635   635 E ANDR-PERF-MPCTL: invalid request, no optimizations performed
01-01 00:44:59.194   635   635 E ANDR-PERF-TARGET: Error: Invalid logical cluster id 0
01-01 00:44:59.195   635   635 E ANDR-PERF-MPCTL: invalid request, no optimizations performed
01-01 00:44:59.211   635   635 E ANDR-PERF-TARGET: Error: Invalid logical cluster id 0
01-01 00:44:59.211   635   635 E ANDR-PERF-MPCTL: invalid request, no optimizations performed
01-01 00:44:59.228   635   635 E ANDR-PERF-TARGET: Error: Invalid logical cluster id 0
01-01 00:44:59.228   635   635 E ANDR-PERF-MPCTL: invalid request, no optimizations performed
01-01 00:44:59.244   635   635 E ANDR-PERF-TARGET: Error: Invalid logical cluster id 0
01-01 00:44:59.245   635   635 E ANDR-PERF-MPCTL: invalid request, no optimizations performed
01-01 00:44:59.261   635   635 E ANDR-PERF-TARGET: Error: Invalid logical cluster id 0
01-01 00:44:59.261   635   635 E ANDR-PERF-MPCTL: invalid request, no optimizations performed
01-01 00:44:59.278   635   635 E ANDR-PERF-TARGET: Error: Invalid logical cluster id 0
01-01 00:44:59.278   635   635 E ANDR-PERF-MPCTL: invalid request, no optimizations performed
01-01 00:44:59.295   635   635 E ANDR-PERF-TARGET: Error: Invalid logical cluster id 0
01-01 00:44:59.295   635   635 E ANDR-PERF-MPCTL: invalid request, no optimizations performed
01-01 00:44:59.311   635   635 E ANDR-PERF-TARGET: Error: Invalid logical cluster id 0
01-01 00:44:59.311   635   635 E ANDR-PERF-MPCTL: invalid request, no optimizations performed
01-01 00:44:59.318   729   748 I sssv-lib: sendMsg enter
01-01 00:44:59.318   729   748 I sssv-lib: sendMsg complete.
01-01 00:44:59.328   635   635 E ANDR-PERF-TARGET: Error: Invalid logical cluster id 0
01-01 00:44:59.328   635   635 E ANDR-PERF-MPCTL: invalid request, no optimizations performed
01-01 00:44:59.345   635   635 E ANDR-PERF-TARGET: Error: Invalid logical cluster id 0
01-01 00:44:59.345   635   635 E ANDR-PERF-MPCTL: invalid request, no optimizations performed
01-01 00:44:59.361   635   635 E ANDR-PERF-TARGET: Error: Invalid logical cluster id 0
01-01 00:44:59.361   635   635 E ANDR-PERF-MPCTL: invalid request, no optimizations performed
01-01 00:44:59.378   635   635 E ANDR-PERF-TARGET: Error: Invalid logical cluster id 0
01-01 00:44:59.378   635   635 E ANDR-PERF-MPCTL: invalid request, no optimizations performed
01-01 00:44:59.395   635   635 E ANDR-PERF-TARGET: Error: Invalid logical cluster id 0
01-01 00:44:59.395   635   635 E ANDR-PERF-MPCTL: invalid request, no optimizations performed
01-01 00:44:59.412   635   635 E ANDR-PERF-TARGET: Error: Invalid logical cluster id 0
01-01 00:44:59.412   635   635 E ANDR-PERF-MPCTL: invalid request, no optimizations performed
01-01 00:44:59.428   635   635 E ANDR-PERF-TARGET: Error: Invalid logical cluster id 0
01-01 00:44:59.428   635   635 E ANDR-PERF-MPCTL: invalid request, no optimizations performed
01-01 00:44:59.445   635   635 E ANDR-PERF-TARGET: Error: Invalid logical cluster id 0
01-01 00:44:59.445   635   635 E ANDR-PERF-MPCTL: invalid request, no optimizations performed
01-01 00:44:59.462   635   635 E ANDR-PERF-TARGET: Error: Invalid logical cluster id 0
01-01 00:44:59.462   635   635 E ANDR-PERF-MPCTL: invalid request, no optimizations performed
01-01 00:44:59.478   635   635 E ANDR-PERF-TARGET: Error: Invalid logical cluster id 0
01-01 00:44:59.478   635   635 E ANDR-PERF-MPCTL: invalid request, no optimizations performed
01-01 00:44:59.495   635   635 E ANDR-PERF-TARGET: Error: Invalid logical cluster id 0
01-01 00:44:59.495   635   635 E ANDR-PERF-MPCTL: invalid request, no optimizations performed
01-01 00:44:59.512   635   635 E ANDR-PERF-TARGET: Error: Invalid logical cluster id 0
01-01 00:44:59.512   635   635 E ANDR-PERF-MPCTL: invalid request, no optimizations performed
01-01 00:44:59.528   635   635 E ANDR-PERF-TARGET: Error: Invalid logical cluster id 0
01-01 00:44:59.528   635   635 E ANDR-PERF-MPCTL: invalid request, no optimizations performed
01-01 00:44:59.545   635   635 E ANDR-PERF-TARGET: Error: Invalid logical cluster id 0
01-01 00:44:59.545   635   635 E ANDR-PERF-MPCTL: invalid request, no optimizations performed
01-01 00:44:59.562   635   635 E ANDR-PERF-TARGET: Error: Invalid logical cluster id 0
01-01 00:44:59.562   635   635 E ANDR-PERF-MPCTL: invalid request, no optimizations performed
01-01 00:44:59.579   635   635 E ANDR-PERF-TARGET: Error: Invalid logical cluster id 0
01-01 00:44:59.579   635   635 E ANDR-PERF-MPCTL: invalid request, no optimizations performed
01-01 00:44:59.595   635   635 E ANDR-PERF-TARGET: Error: Invalid logical cluster id 0
01-01 00:44:59.595   635   635 E ANDR-PERF-MPCTL: invalid request, no optimizations performed
01-01 00:44:59.612   635   635 E ANDR-PERF-TARGET: Error: Invalid logical cluster id 0
01-01 00:44:59.612   635   635 E ANDR-PERF-MPCTL: invalid request, no optimizations performed
01-01 00:44:59.629   635   635 E ANDR-PERF-TARGET: Error: Invalid logical cluster id 0
01-01 00:44:59.629   635   635 E ANDR-PERF-MPCTL: invalid request, no optimizations performed
01-01 00:44:59.645   635   635 E ANDR-PERF-TARGET: Error: Invalid logical cluster id 0
01-01 00:44:59.646   635   635 E ANDR-PERF-MPCTL: invalid request, no optimizations performed
01-01 00:44:59.662   635   635 E ANDR-PERF-TARGET: Error: Invalid logical cluster id 0
01-01 00:44:59.662   635   635 E ANDR-PERF-MPCTL: invalid request, no optimizations performed
01-01 00:44:59.679   635   635 E ANDR-PERF-TARGET: Error: Invalid logical cluster id 0
01-01 00:44:59.679   635   635 E ANDR-PERF-MPCTL: invalid request, no optimizations performed
01-01 00:44:59.695   635   635 E ANDR-PERF-TARGET: Error: Invalid logical cluster id 0
01-01 00:44:59.696   635   635 E ANDR-PERF-MPCTL: invalid request, no optimizations performed
01-01 00:44:59.712   635   635 E ANDR-PERF-TARGET: Error: Invalid logical cluster id 0
01-01 00:44:59.712   635   635 E ANDR-PERF-MPCTL: invalid request, no optimizations performed
01-01 00:44:59.729   635   635 E ANDR-PERF-TARGET: Error: Invalid logical cluster id 0
01-01 00:44:59.729   635   635 E ANDR-PERF-MPCTL: invalid request, no optimizations performed
01-01 00:44:59.746   635   635 E ANDR-PERF-TARGET: Error: Invalid logical cluster id 0
01-01 00:44:59.746   635   635 E ANDR-PERF-MPCTL: invalid request, no optimizations performed
01-01 00:44:59.762   635   635 E ANDR-PERF-TARGET: Error: Invalid logical cluster id 0
01-01 00:44:59.762   635   635 E ANDR-PERF-MPCTL: invalid request, no optimizations performed
01-01 00:44:59.779   635   635 E ANDR-PERF-TARGET: Error: Invalid logical cluster id 0
01-01 00:44:59.779   635   635 E ANDR-PERF-MPCTL: invalid request, no optimizations performed
01-01 00:44:59.796   635   635 E ANDR-PERF-TARGET: Error: Invalid logical cluster id 0
01-01 00:44:59.796   635   635 E ANDR-PERF-MPCTL: invalid request, no optimizations performed
01-01 00:44:59.796   635   635 E ANDR-PERF-TARGET: Error: Invalid logical cluster id 0
01-01 00:44:59.796   635   635 E ANDR-PERF-MPCTL: invalid request, no optimizations performed
01-01 00:44:59.812   635   635 E ANDR-PERF-TARGET: Error: Invalid logical cluster id 0
01-01 00:44:59.812   635   635 E ANDR-PERF-MPCTL: invalid request, no optimizations performed
01-01 00:44:59.829   635   635 E ANDR-PERF-TARGET: Error: Invalid logical cluster id 0
01-01 00:44:59.829   635   635 E ANDR-PERF-MPCTL: invalid request, no optimizations performed
01-01 00:44:59.846   635   635 E ANDR-PERF-TARGET: Error: Invalid logical cluster id 0
01-01 00:44:59.846   635   635 E ANDR-PERF-MPCTL: invalid request, no optimizations performed
01-01 00:44:59.862   635   635 E ANDR-PERF-TARGET: Error: Invalid logical cluster id 0
01-01 00:44:59.863   635   635 E ANDR-PERF-MPCTL: invalid request, no optimizations performed
01-01 00:44:59.879   635   635 E ANDR-PERF-TARGET: Error: Invalid logical cluster id 0
01-01 00:44:59.879   635   635 E ANDR-PERF-MPCTL: invalid request, no optimizations performed
01-01 00:44:59.879  1933  1957 D LCMANDR : SWR_OOB_HV_MF_009|FUN=LifeCycleManagerService::LifeCycle_ReportCompStatus|GOT ALIVENESS SIGNAL FROM DAIAPP : [0]; HB Counter = [ 1066 ]; STATUS INFO = [ 0 ]
01-01 00:44:59.881  1519  1519 I Connectivity_AIDL|AIDL_Handler.AIDL_Helpers.LcmHelper: MBUX App Method: KeepAliveTest |Line No: 408 |Log Type: Critical |Message: MainThread:MBUX-App HB Count: 1068, ResponseCode: 0
01-01 00:44:59.896   635   635 E ANDR-PERF-TARGET: Error: Invalid logical cluster id 0
01-01 00:44:59.896   635   635 E ANDR-PERF-MPCTL: invalid request, no optimizations performed
01-01 00:44:59.897  2054  2054 E         : 
01-01 00:44:59.897  2054  2054 E         : Buffer Size = 1048576
01-01 00:44:59.913   635   635 E ANDR-PERF-TARGET: Error: Invalid logical cluster id 0
01-01 00:44:59.913   635   635 E ANDR-PERF-MPCTL: invalid request, no optimizations performed
01-01 00:44:59.921  2054  2054 E         : 
01-01 00:44:59.921  2054  2054 E         : <6>[ 2369.005726] QSEECOM: scm_call_qcpe:503 : OUT: 0x0, 0x0, 0x0, 0x0
01-01 00:44:59.921  2054  2054 E         : <6>[ 2369.022730] QSEECOM: scm_call_qcpe:429 : IN: 0x42000d0a, 0x3, 0x0, 0x4663, 0x7f4, 0x0, 0x0
01-01 00:44:59.921  2054  2054 E         : <6>[ 2369.023810] QSEECOM: scm_call_qcpe:503 : OUT: 0x0, 0x0, 0x0, 0x0
01-01 00:44:59.921  2054  2054 E         : <6>[ 2369.038094] QSEECOM: scm_call_qcpe:429 : IN: 0x42000d0a, 0x3, 0x0, 0x3c00, 0x7b3, 0x0, 0x0
01-01 00:44:59.921  2054  2054 E         : <6>[ 2369.040373] QSEECOM: scm_call_qcpe:503 : OUT: 0x0, 0x0, 0x0, 0x0
01-01 00:44:59.921  2054  2054 E         : <6>[ 2369.056563] QSEECOM: scm_call_qcpe:429 : IN: 0x42000d0a, 0x3, 0x0, 0x4825, 0x791, 0x0, 0x0
01-01 00:44:59.921  2054  2054 E         : <6>[ 2369.057758] QSEECOM: scm_call_qcpe:503 : OUT: 0x0, 0x1, 0x0, 0x0
01-01 00:44:59.921  2054  2054 E         : <6>[ 2369.071903] QSEECOM: scm_call_qcpe:429 : IN: 0x42000d0a, 0x3, 0x0, 0x3be0, 0x7c3, 0x0, 0x0
01-01 00:44:59.921  2054  2054 E         : <6>[ 2369.074281] QSEECOM: scm_call_qcpe:503 : OUT: 0x0, 0x0, 0x0, 0x0
01-01 00:44:59.921  2054  2054 E         : <6>[ 2369.089870] QSEECOM: scm_call_qcpe:429 : IN: 0x42000d0a, 0x3, 0x0, 0x463c, 0x7a9, 0x0, 0x0
01-01 00:44:59.921  2054  2054 E         : <6>[ 2369.091899] QSEECOM: scm_call_qcpe:503 : OUT: 0x0, 0x0, 0x0, 0x0
01-01 00:44:59.921  2054  2054 E         : <6>[ 2369.104992] QSEECOM: scm_call_qcpe:429 : IN: 0x42000d0a, 0x3, 0x0, 0x3b13, 0x7a7, 0x0, 0x0
01-01 00:44:59.921  2054  2054 E         : <6>[ 2369.1064
01-01 00:44:59.925  2054  2054 E         : USB Hub Detector 1.0
01-01 00:44:59.929   635   635 E ANDR-PERF-TARGET: Error: Invalid logical cluster id 0
01-01 00:44:59.929   635   635 E ANDR-PERF-MPCTL: invalid request, no optimizations performed
01-01 00:44:59.946   635   635 E ANDR-PERF-TARGET: Error: Invalid logical cluster id 0
01-01 00:44:59.946   635   635 E ANDR-PERF-MPCTL: invalid request, no optimizations performed
01-01 00:44:59.963   635   635 E ANDR-PERF-TARGET: Error: Invalid logical cluster id 0
01-01 00:44:59.963   635   635 E ANDR-PERF-MPCTL: invalid request, no optimizations performed
01-01 00:44:59.979   635   635 E ANDR-PERF-TARGET: Error: Invalid logical cluster id 0
01-01 00:44:59.980   635   635 E ANDR-PERF-MPCTL: invalid request, no optimizations performed
01-01 00:44:59.989  3675 14661 W InteractionController: runAndwaitForEvents timed out waiting for events
01-01 00:44:59.989  3675 14661 D InteractionController: Vertical scrollSwipe reached scroll end: false
01-01 00:44:59.996   635   635 E ANDR-PERF-TARGET: Error: Invalid logical cluster id 0
01-01 00:44:59.996   635   635 E ANDR-PERF-MPCTL: invalid request, no optimizations performed
01-01 00:45:00.003  1392  1392 D KeyguardUpdateMonitor: received broadcast android.intent.action.TIME_TICK
01-01 00:45:00.003  1392  1392 D KeyguardUpdateMonitor: handleTimeUpdate
01-01 00:45:00.011  1392  1392 D PhoneStatusBarView: status_line: onPanelCollapsed
01-01 00:45:00.013   635   635 E ANDR-PERF-TARGET: Error: Invalid logical cluster id 0
01-01 00:45:00.013   635   635 E ANDR-PERF-MPCTL: invalid request, no optimizations performed
01-01 00:45:00.017  1392  1392 W SYSTEM_UI: SWR_SYSTEM_UI_008|FUN=CollapsedStatusBarFragment::AndroidEventReceiver | getAction |1|Broadcast action:android.intent.action.TIME_TICK received
01-01 00:45:00.017  1392  1392 W SYSTEM_UI - CI07.3: className -> CollapsedStatusBarFragment | functionName -> setTime | value -> Setting the time to textView
01-01 00:45:00.017  1392  1392 W SYSTEM_UI: SWR_SYSTEM_UI_008|FUN=CollapsedStatusBarFragment::getTime |1|Get current time.
01-01 00:45:00.030   635   635 E ANDR-PERF-TARGET: Error: Invalid logical cluster id 0
01-01 00:45:00.030   635   635 E ANDR-PERF-MPCTL: invalid request, no optimizations performed
01-01 00:45:00.319   729   748 I sssv-lib: sendMsg enter
01-01 00:45:00.319   729   748 I sssv-lib: sendMsg complete.
01-01 00:45:00.600  1933  1933 D LCMANDR : SWR_OOB_HV_MF_009|FUN=LifeCycleManagerService::getDAIAppAlivenessStatus|Aliveness:: DAIAPP HB DIFF = 2 [ DaimlerAppHBCounter ] = 1066[ DaimlerAppHBCounterOld ] = 1064
01-01 00:45:00.601  1933  1933 I LCMANDR : SWR_OOB_HV_MF_009|FUN=LifeCycleManagerService::getDAIAppAlivenessStatus|Aliveness::ANDROID HB IS VALID... setting OLD VAL, and resetting Fail Counter
01-01 00:45:00.603  1933  1933 I LCMANDR : SWR_OOB_HV_MF_009|FUN=LifeCycleManagerService::getDAIPID|DAIMLER APP(com.daimler.rse.ntg6) PID is [ 1519 ]
01-01 00:45:00.603  1933  1933 I LCMANDR : SWR_OOB_HV_MF_009|FUN=LifeCycleManagerService::getDAIAPPStatus|Aliveness::SAME PID! DAIAPP is not restarted
01-01 00:45:00.603  1933  1933 W LCMANDR : SWR_OOB_HV_MF_009|FUN=LifeCycleManagerService::getDAIAppAlivenessStatus|Aliveness::Status to send id : ALIVE
01-01 00:45:00.603  1933  1933 D LCMANDR : SWR_OOB_HV_MF_005|FUN=LifeCycleManagerService::sendPacketToLnx|data = [B@1beec3
01-01 00:45:00.603  1933  1933 D LCMANDR : SWR_OOB_HV_MF_009|FUN=LifeCycleManagerService::postAppsStatusInfo|Setting AppPacket info
01-01 00:45:00.603  1933  1933 I LCMANDR : SWR_OOB_HV_MF_009|FUN=AlivenessMonitoring::getRunningApps| packet sent
01-01 00:45:00.603  1933  1956 D LCMANDR : SWR_OOB_HV_MF_010|FUN=LifeCycleManagerService::RseNodeStateManagement|SEND_IGC_CB
01-01 00:45:00.603  1933  1956 I LCMANDR : SWR_OOB_HV_MF_005|FUN=LifeCycleManagerService::igcsendData|Call hit in RSENodeStateManagement::igcsendData
01-01 00:45:00.603  1933  1956 I LCMANDR : SWR_OOB_HV_MF_005|FUN=LifeCycleManagerService::igcsendData|SEND DATA LEN is : 15
01-01 00:45:00.603  1933  1956 I LCMANDR : SWR_OOB_HV_MF_007|FUN=LifeCycleManagerService::sendPacketFromIntentService|Package to send : [ 65, 0, 0, 0, 9, 0, 2, 0, 1, 0, 5, 65, 65, 0, 0, ]
01-01 00:45:00.603  1933  1956 I IGC     :  IGC::sendData ==> [ 65, 0, 0, 0, 9, 0, 2, 0, 1, 0, 5, 65, 65, 0, 0,  ]
01-01 00:45:00.603  1933  1956 I IGC     :  Igc::sendData data size is :: 15
01-01 00:45:00.603  1933  1956 D         : Enqueue: sem count = 1
01-01 00:45:00.603  1933  1956 I LCMANDR : SWR_OOB_HV_MF_007|FUN=LifeCycleManagerService::sendPacketFromIntentService|Sending Data to Linux is successful( [65, 0, 0, 0, 9, 0, 2, 0, 1, 0, 5, 65, 65, 0, 0] )
01-01 00:45:00.603  1933  1956 I LCMANDR : SWR_OOB_HV_MF_005|FUN=LifeCycleManagerService::igcsendData| DATA SEND SUCCESSFULLY 
01-01 00:45:00.681  3675 14661 I QueryController: Matched selector: UiSelector[SCROLLABLE=true, CHILD=UiSelector[TEXT=RSE_Test]] <<==>> [android.view.accessibility.AccessibilityNodeInfo@2b0b866; boundsInParent: Rect(0, 0 - 1078, 77); boundsInScreen: Rect(354, 485 - 1431, 562); packageName: com.panasonic.hmi2settings; className: android.widget.TextView; text: RSE_Test; error: null; maxTextLength: -1; contentDescription: null; viewIdResName: com.panasonic.hmi2settings:id/wifiName; checkable: false; checked: false; focusable: false; focused: false; selected: false; clickable: false; longClickable: false; contextClickable: false; enabled: true; password: false; scrollable: false; importantForAccessibility: true; actions: [AccessibilityAction: ACTION_SELECT - null, AccessibilityAction: ACTION_CLEAR_SELECTION - null, AccessibilityAction: ACTION_ACCESSIBILITY_FOCUS - null, AccessibilityAction: ACTION_NEXT_AT_MOVEMENT_GRANULARITY - null, AccessibilityAction: ACTION_PREVIOUS_AT_MOVEMENT_GRANULARITY - null, AccessibilityAction: ACTION_SET_SELECTION - null, AccessibilityAction: ACTION_SHOW_ON_SCREEN - null]]
01-01 00:45:00.691  3675 14662 D UIAutomatorStub: URI: /jsonrpc/0, Method: POST, Header: {content-length=176, remote-addr=127.0.0.1, http-client-ip=127.0.0.1, host=localhost:9009, content-type=application/json, connection=close, accept-encoding=identity, user-agent=Python-urllib/2.7}, params, {NanoHttpd.QUERY_STRING=null}, files: {postData={"params": [{"childOrSiblingSelector": [], "text": "RSE_Test", "mask": 1, "childOrSibling": []}], "jsonrpc": "2.0", "method": "click", "id": "6e1823ea9696452d936c2c0333b42750"}}
01-01 00:45:00.750  3739  3739 W HMI2-SETTINGS - CI08.4: className -> WifiAdapter | functionName -> onBindViewHolder | value -> allWifiList.get(position).getSecurityType() : wifiNametrue
01-01 00:45:00.750  3739  3739 W HMI2-SETTINGS - CI08.4: className -> WifiActivity | functionName -> onWifiClick | value -> getSecurityType ->true
