01-01 00:18:24.642  3739  3739 W HMI2-SETTINGS - CI08.4: className -> WifiActivity | functionName -> isInConnected | value -> | ACSIA_CORP3|0|2
01-01 00:18:24.642  3739  3739 W HMI2-SETTINGS - CI08.4: className -> WifiActivity | functionName -> isWapiVariantBlocked | value -> security_type:2
01-01 00:18:24.642  3739  3739 W HMI2-SETTINGS - CI08.4: className -> WifiActivity | functionName -> isInConnected | value -> |ACSIA_Management|0|2
01-01 00:18:24.642  3739  3739 W HMI2-SETTINGS - CI08.4: className -> WifiActivity | functionName -> isWapiVariantBlocked | value -> security_type:2
01-01 00:18:24.642  3739  3739 W HMI2-SETTINGS - CI08.4: className -> WifiActivity | functionName -> isInConnected | value -> |MB Hotspot 61185|0|2
01-01 00:18:24.642  3739  3739 W HMI2-SETTINGS - CI08.4: className -> WifiActivity | functionName -> isWapiVariantBlocked | value -> security_type:0
01-01 00:18:24.642  3739  3739 W HMI2-SETTINGS - CI08.4: className -> WifiActivity | functionName -> isInConnected | value -> |HP-Print-DB-LaserJet Pro MFP|0|0
01-01 00:18:24.642  3739  3739 W HMI2-SETTINGS - CI08.4: className -> WifiActivity | functionName -> handleAllAvailNetwork | value -> savedNetwork ->1
01-01 00:18:24.642  3739  3739 W HMI2-SETTINGS - CI08.4: className -> WifiActivity | functionName -> handleAllAvailNetwork | value -> presentVisibleNetwork ->30
01-01 00:18:24.643  1151  4493 I WifiService: getConfiguredNetworks uid=1000
01-01 00:18:24.645  3739  3739 W HMI2-SETTINGS - CI08.4: className -> WifiActivity | functionName -> getConfig: success-> | value -> "RSE_Test"
01-01 00:18:24.645  3739  3739 W HMI2-SETTINGS - CI08.4: className -> WifiActivity | functionName -> getConnectSummary | value -> getConnectSummaryID: 44 SSID: "RSE_Test" PROVIDER-NAME: null BSSID: null FQDN: null PRIO: 0 HIDDEN: false
01-01 00:18:24.645  3739  3739 W HMI2-SETTINGS - CI08.4:  NetworkSelectionStatus NETWORK_SELECTION_ENABLED
01-01 00:18:24.645  3739  3739 W HMI2-SETTINGS - CI08.4:  hasEverConnected: false
01-01 00:18:24.645  3739  3739 W HMI2-SETTINGS - CI08.4:  KeyMgmt: WPA_PSK Protocols: WPA RSN
01-01 00:18:24.645  3739  3739 W HMI2-SETTINGS - CI08.4:  AuthAlgorithms: OPEN
01-01 00:18:24.645  3739  3739 W HMI2-SETTINGS - CI08.4:  PairwiseCiphers: TKIP CCMP
01-01 00:18:24.645  3739  3739 W HMI2-SETTINGS - CI08.4:  GroupCiphers: TKIP CCMP
01-01 00:18:24.645  3739  3739 W HMI2-SETTINGS - CI08.4:  PSK: *
01-01 00:18:24.645  3739  3739 W HMI2-SETTINGS - CI08.4: 
01-01 00:18:24.645  3739  3739 W HMI2-SETTINGS - CI08.4:  sim_num 
01-01 00:18:24.645  3739  3739 W HMI2-SETTINGS - CI08.4: Enterprise config:
01-01 00:18:24.645  3739  3739 W HMI2-SETTINGS - CI08.4: IP config:
01-01 00:18:24.645  3739  3739 W HMI2-SETTINGS - CI08.4: IP assignment: DHCP
01-01 00:18:24.645  3739  3739 W HMI2-SETTINGS - CI08.4: Proxy settings: NONE
01-01 00:18:24.645  3739  3739 W HMI2-SETTINGS - CI08.4:  cuid=1000 cname=android.uid.system:1000 luid=1000 lname=android.uid.system:1000 lcuid=1000 userApproved=USER_UNSPECIFIED noInternetAccessExpected=false roamingFailureBlackListTimeMilli: 1000
01-01 00:18:24.645  3739  3739 W HMI2-SETTINGS - CI08.4: recentFailure: Association Rejection code: 0
01-01 00:18:24.645  3739  3739 W HMI2-SETTINGS - CI08.4: ShareThisAp: false
01-01 00:18:24.645  3739  3739 W HMI2-SETTINGS - CI08.4: className -> WifiActivity | functionName -> getConnectSummary : | value ->  Saved
01-01 00:18:24.645  3739  3739 E HMI2-SETTINGS - CI08.4: className -> WifiActivity | functionName -> mWifiScanReceiver -> onReceive | error ->intent_action:android.net.wifi.STATE_CHANGE
01-01 00:18:24.646  3739  3739 W HMI2-SETTINGS - CI08.4: className -> WifiActivity | functionName -> handleNetworkStateChanged | value -> detailedState->DISCONNECTED
01-01 00:18:24.646  1151  2263 I WifiService: getConfiguredNetworks uid=1000
01-01 00:18:24.647  3739  3739 W HMI2-SETTINGS - CI08.4: className -> WifiActivity | functionName -> getConfig: success-> | value -> "RSE_Test"
01-01 00:18:24.647  3739  3739 W HMI2-SETTINGS - CI08.4: className -> WifiActivity | functionName -> getConnectSummary | value -> getConnectSummaryID: 44 SSID: "RSE_Test" PROVIDER-NAME: null BSSID: null FQDN: null PRIO: 0 HIDDEN: false
01-01 00:18:24.647  3739  3739 W HMI2-SETTINGS - CI08.4:  NetworkSelectionStatus NETWORK_SELECTION_ENABLED
01-01 00:18:24.647  3739  3739 W HMI2-SETTINGS - CI08.4:  hasEverConnected: false
01-01 00:18:24.647  3739  3739 W HMI2-SETTINGS - CI08.4:  KeyMgmt: WPA_PSK Protocols: WPA RSN
01-01 00:18:24.647  3739  3739 W HMI2-SETTINGS - CI08.4:  AuthAlgorithms: OPEN
01-01 00:18:24.647  3739  3739 W HMI2-SETTINGS - CI08.4:  PairwiseCiphers: TKIP CCMP
01-01 00:18:24.647  3739  3739 W HMI2-SETTINGS - CI08.4:  GroupCiphers: TKIP CCMP
01-01 00:18:24.647  3739  3739 W HMI2-SETTINGS - CI08.4:  PSK: *
01-01 00:18:24.647  3739  3739 W HMI2-SETTINGS - CI08.4: 
01-01 00:18:24.647  3739  3739 W HMI2-SETTINGS - CI08.4:  sim_num 
01-01 00:18:24.647  3739  3739 W HMI2-SETTINGS - CI08.4: Enterprise config:
01-01 00:18:24.647  3739  3739 W HMI2-SETTINGS - CI08.4: IP config:
01-01 00:18:24.647  3739  3739 W HMI2-SETTINGS - CI08.4: IP assignment: DHCP
01-01 00:18:24.647  3739  3739 W HMI2-SETTINGS - CI08.4: Proxy settings: NONE
01-01 00:18:24.647  3739  3739 W HMI2-SETTINGS - CI08.4:  cuid=1000 cname=android.uid.system:1000 luid=1000 lname=android.uid.system:1000 lcuid=1000 userApproved=USER_UNSPECIFIED noInternetAccessExpected=false roamingFailureBlackListTimeMilli: 1000
01-01 00:18:24.647  3739  3739 W HMI2-SETTINGS - CI08.4: recentFailure: Association Rejection code: 0
01-01 00:18:24.647  3739  3739 W HMI2-SETTINGS - CI08.4: ShareThisAp: false
01-01 00:18:24.647  3739  3739 W HMI2-SETTINGS - CI08.4: className -> WifiActivity | functionName -> getConnectSummary : | value ->  Saved
01-01 00:18:24.648  3739  3739 E HMI2-SETTINGS - CI08.4: className -> WifiActivity | functionName -> mWifiScanReceiver -> onReceive | error ->intent_action:android.net.wifi.STATE_CHANGE
01-01 00:18:24.648  3739  3739 W HMI2-SETTINGS - CI08.4: className -> WifiActivity | functionName -> handleNetworkStateChanged | value -> detailedState->SCANNING
01-01 00:18:24.649  1151  2263 I WifiService: getConfiguredNetworks uid=1000
01-01 00:18:24.650  3739  3739 W HMI2-SETTINGS - CI08.4: className -> WifiActivity | functionName -> getConfig: success-> | value -> "RSE_Test"
01-01 00:18:24.650  3739  3739 W HMI2-SETTINGS - CI08.4: className -> WifiActivity | functionName -> getConnectSummary | value -> getConnectSummaryID: 44 SSID: "RSE_Test" PROVIDER-NAME: null BSSID: null FQDN: null PRIO: 0 HIDDEN: false
01-01 00:18:24.650  3739  3739 W HMI2-SETTINGS - CI08.4:  NetworkSelectionStatus NETWORK_SELECTION_ENABLED
01-01 00:18:24.650  3739  3739 W HMI2-SETTINGS - CI08.4:  hasEverConnected: false
01-01 00:18:24.650  3739  3739 W HMI2-SETTINGS - CI08.4:  KeyMgmt: WPA_PSK Protocols: WPA RSN
01-01 00:18:24.650  3739  3739 W HMI2-SETTINGS - CI08.4:  AuthAlgorithms: OPEN
01-01 00:18:24.650  3739  3739 W HMI2-SETTINGS - CI08.4:  PairwiseCiphers: TKIP CCMP
01-01 00:18:24.650  3739  3739 W HMI2-SETTINGS - CI08.4:  GroupCiphers: TKIP CCMP
01-01 00:18:24.650  3739  3739 W HMI2-SETTINGS - CI08.4:  PSK: *
01-01 00:18:24.650  3739  3739 W HMI2-SETTINGS - CI08.4: 
01-01 00:18:24.650  3739  3739 W HMI2-SETTINGS - CI08.4:  sim_num 
01-01 00:18:24.650  3739  3739 W HMI2-SETTINGS - CI08.4: Enterprise config:
01-01 00:18:24.650  3739  3739 W HMI2-SETTINGS - CI08.4: IP config:
01-01 00:18:24.650  3739  3739 W HMI2-SETTINGS - CI08.4: IP assignment: DHCP
01-01 00:18:24.650  3739  3739 W HMI2-SETTINGS - CI08.4: Proxy settings: NONE
01-01 00:18:24.650  3739  3739 W HMI2-SETTINGS - CI08.4:  cuid=1000 cname=android.uid.system:1000 luid=1000 lname=android.uid.system:1000 lcuid=1000 userApproved=USER_UNSPECIFIED noInternetAccessExpected=false roamingFailureBlackListTimeMilli: 1000
01-01 00:18:24.650  3739  3739 W HMI2-SETTINGS - CI08.4: recentFailure: Association Rejection code: 0
01-01 00:18:24.650  3739  3739 W HMI2-SETTINGS - CI08.4: ShareThisAp: false
01-01 00:18:24.650  3739  3739 W HMI2-SETTINGS - CI08.4: className -> WifiActivity | functionName -> getConnectSummary : | value ->  Saved
01-01 00:18:24.872  1933  1933 W LCMANDR : SWR_OOB_HV_MF_009|FUN=MonitoringTimer::checkStatus|memoryInfo.availMem[MB] = 5027
01-01 00:18:25.227  2054  2054 E         : 
01-01 00:18:25.227  2054  2054 E         : Buffer Size = 1048576
01-01 00:18:25.251  2054  2054 E         : 
01-01 00:18:25.251  2054  2054 E         : <6>[  756.303429] QSEECOM: scm_call_qcpe:503 : OUT: 0x0, 0x0, 0x0, 0x0
01-01 00:18:25.251  2054  2054 E         : <6>[  756.383888] QSEECOM: scm_call_qcpe:429 : IN: 0x42000d07, 0x0, 0x0, 0x0, 0x0, 0x0, 0x0
01-01 00:18:25.251  2054  2054 E         : <6>[  756.385043] QSEECOM: scm_call_qcpe:503 : OUT: 0x0, 0x0, 0x0, 0x0
01-01 00:18:25.251  2054  2054 E         : <6>[  757.092063] CFG80211-ERROR) wl_cfg80211_disconnect : Reason 3
01-01 00:18:25.251  2054  2054 E         : <6>[  757.095608] dhd_prot_flow_ring_delete: Send Flow Delete Req RING ID 40 for peer ff:ff:ff:ff:ff:ff prio 0 ifindex 0
01-01 00:18:25.251  2054  2054 E         : <6>[  757.095621] dhd_prot_flow_ring_delete: Send Flow Delete Req RING ID 41 for peer ec:58:ea:f6:10:88 prio 7 ifindex 0
01-01 00:18:25.251  2054  2054 E         : <6>[  757.095662] dhd_bus_flow_ring_delete_request :Delete Pending Flow 40
01-01 00:18:25.251  2054  2054 E         : <6>[  757.095666] dhd_bus_flow_ring_delete_request :Delete Pending Flow 41
01-01 00:18:25.251  2054  2054 E         : <6>[  757.095765] dhd_prot_flow_ring_delete_response_process: Flow Delete Response status = 0 Flow 40
01-01 00:18:25.251  2054  2054 E         : <6>[  757.095776] dhd_prot_flow_ring_delete_response_process: Flow Delete Response status = 0 Flow 41
01-01 00:18:25.251  2054  2054 E         : <6>[  757.095815] CFG80211-ERROR) wl_is_linkdown : Link down Reason : WLC_E_LINK
01-01 00:18:25.251  2054  2054 E         : <6>[  757.095844] CFG80211-ERROR) wl_notify
01-01 00:18:25.254  2054  2054 E         : USB Hub Detector 1.0
01-01 00:18:25.326  3675  7912 D UiScrollable: scrollToBeginning() on selector = UiSelector[SCROLLABLE=true]
01-01 00:18:25.326  3675  7912 D UiScrollable: scrollBackward() on selector = UiSelector[SCROLLABLE=true]
01-01 00:18:25.333  3675  7912 I QueryController: Matched selector: UiSelector[SCROLLABLE=true] <<==>> [android.view.accessibility.AccessibilityNodeInfo@104cc2c; boundsInParent: Rect(0, 772 - 1332, 1661); boundsInScreen: Rect(305, 172 - 1637, 1061); packageName: com.panasonic.hmi2settings; className: android.widget.ScrollView; text: null; error: null; maxTextLength: -1; contentDescription: null; viewIdResName: com.panasonic.hmi2settings:id/scrollWifi; checkable: false; checked: false; focusable: true; focused: false; selected: false; clickable: false; longClickable: false; contextClickable: false; enabled: true; password: false; scrollable: true; importantForAccessibility: true; actions: [AccessibilityAction: ACTION_FOCUS - null, AccessibilityAction: ACTION_SELECT - null, AccessibilityAction: ACTION_CLEAR_SELECTION - null, AccessibilityAction: ACTION_ACCESSIBILITY_FOCUS - null, AccessibilityAction: ACTION_SCROLL_FORWARD - null, AccessibilityAction: ACTION_SCROLL_BACKWARD - null, AccessibilityAction: ACTION_SHOW_ON_SCREEN - null]]
01-01 00:18:25.333  3675  7912 D UiScrollable: scrollToBegining() using vertical scroll
01-01 00:18:25.333  3675  7912 D InteractionController: scrollSwipe (971, 260, 971, 973, 55)
01-01 00:18:25.346  3023  3023 I wpa_supplicant: CTRL-EVENT-SCAN-RESULTS Scan completed in 0.809921 seconds
01-01 00:18:25.347  3023  3023 I wpa_supplicant: wlan0: Trying to associate with SSID 'RSE_Test'
01-01 00:18:25.347   808   808 I wificond: Received external scan result notification from kernel.
01-01 00:18:25.348  3023  3023 E wpa_supplicant: Notifying state change event to hidl control: 5
01-01 00:18:25.349  1151  4493 D WificondControl: Scan result ready event
01-01 00:18:25.349  1151  1323 W AlarmManager: Unrecognized alarm listener com.android.server.wifi.scanner.WificondScannerImpl$3@207a0a6
01-01 00:18:25.349  1151  1323 I WifiService: isScanAlwaysAvailable uid=1000
01-01 00:18:25.349  1151  1323 I WifiService: getWifiEnabledState uid=1000
01-01 00:18:25.351  1392  1392 W SYSTEM_UI: SWR_SYSTEM_UI_008|FUN=CollapsedStatusBarFragment::AndroidEventReceiver | getAction |1|Broadcast action:android.net.wifi.STATE_CHANGE received
01-01 00:18:25.351  2145  2145 D HMI_SERVICE: USE_CASE_NA|FUN=HmiApplication| [action] android.net.wifi.STATE_CHANGE
01-01 00:18:25.351  1508  1601 W QCNEJ   : |CORE| notifyWifiStatusChanged failed
01-01 00:18:25.351  1508  1601 W QCNEJ   : |CORE| notifyRatConnectionStatusChanged failed
01-01 00:18:25.351  1392  1392 W SYSTEM_UI - CI07.3: className -> CollapsedStatusBarFragment | functionName -> AndroidEventReceiver | onReceive -->  | value -> Wifi connection status--> false
01-01 00:18:25.351  1392  1392 W SYSTEM_UI: SWR_SYSTEM_UI_008|FUN=CollapsedStatusBarFragment::isConnected |1|Wifi connection status--> false
01-01 00:18:25.352  1392  1392 W SYSTEM_UI - CI07.3: className -> CollapsedStatusBarFragment | functionName -> updateHermsDataType | value -> Update Herms Data Type :: networkType --> 0
01-01 00:18:25.352  1392  1392 W SYSTEM_UI - CI07.3: className -> CollapsedStatusBarFragment | functionName -> updateHermsDataType | value -> Update Herms Data Type :: isWebsiteSecure --> false
01-01 00:18:25.352  1392  1392 W SYSTEM_UI - CI07.3: className -> CollapsedStatusBarFragment | functionName -> updateHermsDataType | value -> Update Herms Data Type :: connection status --> 1
01-01 00:18:25.352  1392  1392 W SYSTEM_UI - CI07.3: className -> CollapsedStatusBarFragment | functionName -> updateHermsDataType | value -> Update Herms Data Type :: data Transfer --> false
01-01 00:18:25.352  1392  1392 W SYSTEM_UI - CI07.3: className -> CollapsedStatusBarFragment | functionName -> updateHermsDataType | value -> Update Herms Data Type :: wifiConnectionStatus --> false
01-01 00:18:25.353  1392  1392 W SYSTEM_UI - CI07.3: className -> CollapsedStatusBarFragment | functionName -> updateHermsDataType | value -> path 2
01-01 00:18:25.353  1392  1392 W SYSTEM_UI - CI07.3: className -> CollapsedStatusBarFragment | functionName -> updateHermsDataType | value -> path 3
01-01 00:18:25.355  3739  3739 E HMI2-SETTINGS - CI08.4: className -> WifiActivity | functionName -> mWifiScanReceiver -> onReceive | error ->intent_action:android.net.wifi.STATE_CHANGE
01-01 00:18:25.355  3739  3739 W HMI2-SETTINGS - CI08.4: className -> WifiActivity | functionName -> handleNetworkStateChanged | value -> detailedState->CONNECTING
01-01 00:18:25.355  1151  2263 I WifiService: getConfiguredNetworks uid=1000
01-01 00:18:25.357   921  1439 I LOWI-8.5.0.3.c: [LOWI-Scan] lowi_close_record:Scan completed in 1085396ms and Recieved 44 APs scan results
01-01 00:18:25.359   921   961 I LOWI-8.5.0.3.c: [LOWIUtils] responseToOutPostcard - TO: GTP-FDAL, FROM:   LOWI-SERVER, RESP:  LOWI_ASYNC_DISCOVERY_SCAN_RESULTS
01-01 00:18:25.365   924   979 W XTCC-6.1.2.10-a: [LOWIUtils] to_eScanTypeResponse - default case
01-01 00:18:25.365   924   979 W XTCC-6.1.2.10-a: [WifiScanner] WiFi scan result : [44] AP's, async result: 1
01-01 00:18:25.382   808   808 I wificond: Enters wifigbk_ageOutHistory
01-01 00:18:25.388  1151  1317 D WifiConfiguration: configKey: false
01-01 00:18:25.390  3739  3739 W HMI2-SETTINGS - CI08.4: className -> WifiActivity | functionName -> getConfig: success-> | value -> "RSE_Test"
01-01 00:18:25.390  2145  2145 D HMI_SERVICE: USE_CASE_NA|FUN=HmiApplication| [action] android.net.wifi.supplicant.STATE_CHANGE
01-01 00:18:25.390  3739  3739 W HMI2-SETTINGS - CI08.4: className -> WifiActivity | functionName -> getConnectSummary | value -> getConnectSummaryID: 44 SSID: "RSE_Test" PROVIDER-NAME: null BSSID: null FQDN: null PRIO: 0 HIDDEN: false
01-01 00:18:25.390  3739  3739 W HMI2-SETTINGS - CI08.4:  NetworkSelectionStatus NETWORK_SELECTION_ENABLED
01-01 00:18:25.390  3739  3739 W HMI2-SETTINGS - CI08.4:  hasEverConnected: false
01-01 00:18:25.390  3739  3739 W HMI2-SETTINGS - CI08.4:  KeyMgmt: WPA_PSK Protocols: WPA RSN
01-01 00:18:25.390  3739  3739 W HMI2-SETTINGS - CI08.4:  AuthAlgorithms: OPEN
01-01 00:18:25.390  3739  3739 W HMI2-SETTINGS - CI08.4:  PairwiseCiphers: TKIP CCMP
01-01 00:18:25.390  3739  3739 W HMI2-SETTINGS - CI08.4:  GroupCiphers: TKIP CCMP
01-01 00:18:25.390  3739  3739 W HMI2-SETTINGS - CI08.4:  PSK: *
01-01 00:18:25.390  3739  3739 W HMI2-SETTINGS - CI08.4: 
01-01 00:18:25.390  3739  3739 W HMI2-SETTINGS - CI08.4:  sim_num 
01-01 00:18:25.390  3739  3739 W HMI2-SETTINGS - CI08.4: Enterprise config:
01-01 00:18:25.390  3739  3739 W HMI2-SETTINGS - CI08.4: IP config:
01-01 00:18:25.390  3739  3739 W HMI2-SETTINGS - CI08.4: IP assignment: DHCP
01-01 00:18:25.390  3739  3739 W HMI2-SETTINGS - CI08.4: Proxy settings: NONE
01-01 00:18:25.390  3739  3739 W HMI2-SETTINGS - CI08.4:  cuid=1000 cname=android.uid.system:1000 luid=1000 lname=android.uid.system:1000 lcuid=1000 userApproved=USER_UNSPECIFIED noInternetAccessExpected=false roamingFailureBlackListTimeMilli: 1000
01-01 00:18:25.390  3739  3739 W HMI2-SETTINGS - CI08.4: recentFailure: Association Rejection code: 0
01-01 00:18:25.390  3739  3739 W HMI2-SETTINGS - CI08.4: ShareThisAp: false
01-01 00:18:25.390  3739  3739 W HMI2-SETTINGS - CI08.4: className -> WifiActivity | functionName -> getConnectSummary : | value ->  Saved
01-01 00:18:25.446  3023  3023 E wpa_supplicant: Notifying state change event to hidl control: 6
01-01 00:18:25.446  3023  3023 I wpa_supplicant: wlan0: Associated with ec:58:ea:f6:10:88
01-01 00:18:25.449  2145  2145 D HMI_SERVICE: USE_CASE_NA|FUN=HmiApplication| [action] android.net.wifi.supplicant.STATE_CHANGE
01-01 00:18:25.449  3023  3023 E wpa_supplicant: Notifying state change event to hidl control: 7
01-01 00:18:25.455  1392  1392 W SYSTEM_UI: SWR_SYSTEM_UI_008|FUN=CollapsedStatusBarFragment::AndroidEventReceiver | getAction |1|Broadcast action:android.net.wifi.STATE_CHANGE received
01-01 00:18:25.455  1392  1392 W SYSTEM_UI - CI07.3: className -> CollapsedStatusBarFragment | functionName -> AndroidEventReceiver | onReceive -->  | value -> Wifi connection status--> false
01-01 00:18:25.455  1508  1601 W QCNEJ   : |CORE| notifyWifiStatusChanged failed
01-01 00:18:25.455  1392  1392 W SYSTEM_UI: SWR_SYSTEM_UI_008|FUN=CollapsedStatusBarFragment::isConnected |1|Wifi connection status--> false
01-01 00:18:25.455  1508  1601 W QCNEJ   : |CORE| notifyRatConnectionStatusChanged failed
01-01 00:18:25.455  1392  1392 W SYSTEM_UI - CI07.3: className -> CollapsedStatusBarFragment | functionName -> updateHermsDataType | value -> Update Herms Data Type :: networkType --> 0
01-01 00:18:25.455  1392  1392 W SYSTEM_UI - CI07.3: className -> CollapsedStatusBarFragment | functionName -> updateHermsDataType | value -> Update Herms Data Type :: isWebsiteSecure --> false
01-01 00:18:25.455  1392  1392 W SYSTEM_UI - CI07.3: className -> CollapsedStatusBarFragment | functionName -> updateHermsDataType | value -> Update Herms Data Type :: connection status --> 1
01-01 00:18:25.455  1392  1392 W SYSTEM_UI - CI07.3: className -> CollapsedStatusBarFragment | functionName -> updateHermsDataType | value -> Update Herms Data Type :: data Transfer --> false
01-01 00:18:25.455  1392  1392 W SYSTEM_UI - CI07.3: className -> CollapsedStatusBarFragment | functionName -> updateHermsDataType | value -> Update Herms Data Type :: wifiConnectionStatus --> false
01-01 00:18:25.455  1392  1392 W SYSTEM_UI - CI07.3: className -> CollapsedStatusBarFragment | functionName -> updateHermsDataType | value -> path 2
01-01 00:18:25.455  1392  1392 W SYSTEM_UI - CI07.3: className -> CollapsedStatusBarFragment | functionName -> updateHermsDataType | value -> path 3
01-01 00:18:25.456  3739  3739 E HMI2-SETTINGS - CI08.4: className -> WifiActivity | functionName -> mWifiScanReceiver -> onReceive | error ->intent_action:android.net.wifi.STATE_CHANGE
01-01 00:18:25.456  3739  3739 W HMI2-SETTINGS - CI08.4: className -> WifiActivity | functionName -> handleNetworkStateChanged | value -> detailedState->AUTHENTICATING
01-01 00:18:25.456  1151  4493 I WifiService: getConfiguredNetworks uid=1000
01-01 00:18:25.458  3739  3739 W HMI2-SETTINGS - CI08.4: className -> WifiActivity | functionName -> getConfig: success-> | value -> "RSE_Test"
01-01 00:18:25.458  3739  3739 W HMI2-SETTINGS - CI08.4: className -> WifiActivity | functionName -> getConnectSummary | value -> getConnectSummaryID: 44 SSID: "RSE_Test" PROVIDER-NAME: null BSSID: null FQDN: null PRIO: 0 HIDDEN: false
01-01 00:18:25.458  3739  3739 W HMI2-SETTINGS - CI08.4:  NetworkSelectionStatus NETWORK_SELECTION_ENABLED
01-01 00:18:25.458  3739  3739 W HMI2-SETTINGS - CI08.4:  hasEverConnected: false
01-01 00:18:25.458  3739  3739 W HMI2-SETTINGS - CI08.4:  KeyMgmt: WPA_PSK Protocols: WPA RSN
01-01 00:18:25.458  3739  3739 W HMI2-SETTINGS - CI08.4:  AuthAlgorithms: OPEN
01-01 00:18:25.458  3739  3739 W HMI2-SETTINGS - CI08.4:  PairwiseCiphers: TKIP CCMP
01-01 00:18:25.458  3739  3739 W HMI2-SETTINGS - CI08.4:  GroupCiphers: TKIP CCMP
01-01 00:18:25.458  3739  3739 W HMI2-SETTINGS - CI08.4:  PSK: *
01-01 00:18:25.458  3739  3739 W HMI2-SETTINGS - CI08.4: 
01-01 00:18:25.458  3739  3739 W HMI2-SETTINGS - CI08.4:  sim_num 
01-01 00:18:25.458  3739  3739 W HMI2-SETTINGS - CI08.4: Enterprise config:
01-01 00:18:25.458  3739  3739 W HMI2-SETTINGS - CI08.4: IP config:
01-01 00:18:25.458  3739  3739 W HMI2-SETTINGS - CI08.4: IP assignment: DHCP
01-01 00:18:25.458  3739  3739 W HMI2-SETTINGS - CI08.4: Proxy settings: NONE
01-01 00:18:25.458  3739  3739 W HMI2-SETTINGS - CI08.4:  cuid=1000 cname=android.uid.system:1000 luid=1000 lname=android.uid.system:1000 lcuid=1000 userApproved=USER_UNSPECIFIED noInternetAccessExpected=false roamingFailureBlackListTimeMilli: 1000
01-01 00:18:25.458  3739  3739 W HMI2-SETTINGS - CI08.4: recentFailure: Association Rejection code: 0
01-01 00:18:25.458  3739  3739 W HMI2-SETTINGS - CI08.4: ShareThisAp: false
01-01 00:18:25.458  3739  3739 W HMI2-SETTINGS - CI08.4: className -> WifiActivity | functionName -> getConnectSummary : | value ->  Saved
01-01 00:18:25.458  2145  2145 D HMI_SERVICE: USE_CASE_NA|FUN=HmiApplication| [action] android.net.wifi.STATE_CHANGE
01-01 00:18:25.459  2145  2145 D HMI_SERVICE: USE_CASE_NA|FUN=HmiApplication| [action] android.net.wifi.supplicant.STATE_CHANGE
01-01 00:18:25.474  3023  3023 E wpa_supplicant: Notifying state change event to hidl control: 8
01-01 00:18:25.476  3023  3023 I wpa_supplicant: wlan0: WPA: Key negotiation completed with ec:58:ea:f6:10:88 [PTK=CCMP GTK=CCMP]
01-01 00:18:25.476  3023  3023 I wpa_supplicant: wlan0: CTRL-EVENT-CONNECTED - Connection to ec:58:ea:f6:10:88 completed [id=0 id_str=%7B%22configKey%22%3A%22%5C%22RSE_Test%5C%22WPA_PSK%22%2C%22creatorUid%22%3A%221000%22%7D]
01-01 00:18:25.477  3023  3023 E wpa_supplicant: Notifying state change event to hidl control: 9
01-01 00:18:25.480   921  1439 I LOWI-8.5.0.3.c: [LOWI-Scan] get_intf_mode: WLAN interface type 2, err 0
01-01 00:18:25.480  2145  2145 D HMI_SERVICE: USE_CASE_NA|FUN=HmiApplication| [action] android.net.wifi.supplicant.STATE_CHANGE
01-01 00:18:25.481  1508  1601 W QCNEJ   : |CORE| notifyWifiStatusChanged failed
01-01 00:18:25.481  1508  1601 W QCNEJ   : |CORE| notifyRatConnectionStatusChanged failed
01-01 00:18:25.481  1392  1392 W SYSTEM_UI: SWR_SYSTEM_UI_008|FUN=CollapsedStatusBarFragment::AndroidEventReceiver | getAction |1|Broadcast action:android.net.wifi.STATE_CHANGE received
01-01 00:18:25.482  1392  1392 W SYSTEM_UI - CI07.3: className -> CollapsedStatusBarFragment | functionName -> AndroidEventReceiver | onReceive -->  | value -> Wifi connection status--> false
01-01 00:18:25.482  1392  1392 W SYSTEM_UI: SWR_SYSTEM_UI_008|FUN=CollapsedStatusBarFragment::isConnected |1|Wifi connection status--> false
01-01 00:18:25.482  1392  1392 W SYSTEM_UI - CI07.3: className -> CollapsedStatusBarFragment | functionName -> updateHermsDataType | value -> Update Herms Data Type :: networkType --> 0
01-01 00:18:25.482  1392  1392 W SYSTEM_UI - CI07.3: className -> CollapsedStatusBarFragment | functionName -> updateHermsDataType | value -> Update Herms Data Type :: isWebsiteSecure --> false
01-01 00:18:25.482  1392  1392 W SYSTEM_UI - CI07.3: className -> CollapsedStatusBarFragment | functionName -> updateHermsDataType | value -> Update Herms Data Type :: connection status --> 1
01-01 00:18:25.482  1392  1392 W SYSTEM_UI - CI07.3: className -> CollapsedStatusBarFragment | functionName -> updateHermsDataType | value -> Update Herms Data Type :: data Transfer --> false
01-01 00:18:25.482  1392  1392 W SYSTEM_UI - CI07.3: className -> CollapsedStatusBarFragment | functionName -> updateHermsDataType | value -> Update Herms Data Type :: wifiConnectionStatus --> false
01-01 00:18:25.482  1392  1392 W SYSTEM_UI - CI07.3: className -> CollapsedStatusBarFragment | functionName -> updateHermsDataType | value -> path 2
01-01 00:18:25.482  1392  1392 W SYSTEM_UI - CI07.3: className -> CollapsedStatusBarFragment | functionName -> updateHermsDataType | value -> path 3
01-01 00:18:25.482  2145  2145 D HMI_SERVICE: USE_CASE_NA|FUN=HmiApplication| [action] android.net.wifi.STATE_CHANGE
01-01 00:18:25.482  3739  3739 E HMI2-SETTINGS - CI08.4: className -> WifiActivity | functionName -> mWifiScanReceiver -> onReceive | error ->intent_action:android.net.wifi.STATE_CHANGE
01-01 00:18:25.482  3739  3739 W HMI2-SETTINGS - CI08.4: className -> WifiActivity | functionName -> handleNetworkStateChanged | value -> detailedState->AUTHENTICATING
01-01 00:18:25.483  1151  2263 I WifiService: getConfiguredNetworks uid=1000
01-01 00:18:25.481  1151  1317 D WifiConfiguration: configKey: false
01-01 00:18:25.484  1151  1317 D WifiConfiguration: configKey: false
01-01 00:18:25.488  1392  1392 W SYSTEM_UI: SWR_SYSTEM_UI_008|FUN=CollapsedStatusBarFragment::AndroidEventReceiver | getAction |1|Broadcast action:android.net.wifi.STATE_CHANGE received
01-01 00:18:25.488  1392  1392 W SYSTEM_UI - CI07.3: className -> CollapsedStatusBarFragment | functionName -> AndroidEventReceiver | onReceive -->  | value -> Wifi connection status--> false
01-01 00:18:25.488  1392  1392 W SYSTEM_UI: SWR_SYSTEM_UI_008|FUN=CollapsedStatusBarFragment::isConnected |1|Wifi connection status--> false
01-01 00:18:25.488  1392  1392 W SYSTEM_UI - CI07.3: className -> CollapsedStatusBarFragment | functionName -> updateHermsDataType | value -> Update Herms Data Type :: networkType --> 0
01-01 00:18:25.488  1392  1392 W SYSTEM_UI - CI07.3: className -> CollapsedStatusBarFragment | functionName -> updateHermsDataType | value -> Update Herms Data Type :: isWebsiteSecure --> false
01-01 00:18:25.488  1392  1392 W SYSTEM_UI - CI07.3: className -> CollapsedStatusBarFragment | functionName -> updateHermsDataType | value -> Update Herms Data Type :: connection status --> 1
01-01 00:18:25.488  1392  1392 W SYSTEM_UI - CI07.3: className -> CollapsedStatusBarFragment | functionName -> updateHermsDataType | value -> Update Herms Data Type :: data Transfer --> false
01-01 00:18:25.488  1392  1392 W SYSTEM_UI - CI07.3: className -> CollapsedStatusBarFragment | functionName -> updateHermsDataType | value -> Update Herms Data Type :: wifiConnectionStatus --> false
01-01 00:18:25.488  1392  1392 W SYSTEM_UI - CI07.3: className -> CollapsedStatusBarFragment | functionName -> updateHermsDataType | value -> path 2
01-01 00:18:25.488  1392  1392 W SYSTEM_UI - CI07.3: className -> CollapsedStatusBarFragment | functionName -> updateHermsDataType | value -> path 3
01-01 00:18:25.489  1508  1601 W QCNEJ   : |CORE| notifyWifiStatusChanged failed
01-01 00:18:25.489  1508  1601 W QCNEJ   : |CORE| notifyRatConnectionStatusChanged failed
01-01 00:18:25.489  2145  2145 D HMI_SERVICE: USE_CASE_NA|FUN=HmiApplication| [action] android.net.wifi.STATE_CHANGE
01-01 00:18:25.447   808   808 I wificond: Enters wifigbk_ageOutHistory
01-01 00:18:25.492  1151  1317 D ConnectivityService: registerNetworkAgent NetworkAgentInfo{ ni{[type: WIFI[], state: CONNECTING/CONNECTING, reason: (unspecified), extra: "RSE_Test", failover: false, available: true, roaming: false]}  network{189}  nethandle{811765254878}  lp{{LinkAddresses: []  Routes: [] DnsAddresses: [] Domains: null MTU: 0}}  nc{[ Transports: WIFI Capabilities: NOT_METERED&INTERNET&NOT_RESTRICTED&TRUSTED&NOT_VPN LinkUpBandwidth>=1048576Kbps LinkDnBandwidth>=1048576Kbps]}  Score{20}  everValidated{false}  lastValidated{false}  created{false} lingering{false} explicitlySelected{false} acceptUnvalidated{false} everCaptivePortalDetected{false} lastCaptivePortalDetected{false} clat{null} }
01-01 00:18:25.492  1151  1325 D ConnectivityService: NetworkAgentInfo [WIFI () - 189] EVENT_NETWORK_INFO_CHANGED, going from null to CONNECTING
01-01 00:18:25.495  1392  1392 W SYSTEM_UI: SWR_SYSTEM_UI_008|FUN=CollapsedStatusBarFragment::AndroidEventReceiver | getAction |1|Broadcast action:android.net.wifi.STATE_CHANGE received
01-01 00:18:25.495  1392  1392 W SYSTEM_UI - CI07.3: className -> CollapsedStatusBarFragment | functionName -> AndroidEventReceiver | onReceive -->  | value -> Wifi connection status--> false
01-01 00:18:25.495  1392  1392 W SYSTEM_UI: SWR_SYSTEM_UI_008|FUN=CollapsedStatusBarFragment::isConnected |1|Wifi connection status--> false
01-01 00:18:25.495  1392  1392 W SYSTEM_UI - CI07.3: className -> CollapsedStatusBarFragment | functionName -> updateHermsDataType | value -> Update Herms Data Type :: networkType --> 0
01-01 00:18:25.495  1392  1392 W SYSTEM_UI - CI07.3: className -> CollapsedStatusBarFragment | functionName -> updateHermsDataType | value -> Update Herms Data Type :: isWebsiteSecure --> false
01-01 00:18:25.495  1392  1392 W SYSTEM_UI - CI07.3: className -> CollapsedStatusBarFragment | functionName -> updateHermsDataType | value -> Update Herms Data Type :: connection status --> 1
01-01 00:18:25.495  1392  1392 W SYSTEM_UI - CI07.3: className -> CollapsedStatusBarFragment | functionName -> updateHermsDataType | value -> Update Herms Data Type :: data Transfer --> false
01-01 00:18:25.495  1392  1392 W SYSTEM_UI - CI07.3: className -> CollapsedStatusBarFragment | functionName -> updateHermsDataType | value -> Update Herms Data Type :: wifiConnectionStatus --> false
01-01 00:18:25.495  1392  1392 W SYSTEM_UI - CI07.3: className -> CollapsedStatusBarFragment | functionName -> updateHermsDataType | value -> path 2
01-01 00:18:25.495  1392  1392 W SYSTEM_UI - CI07.3: className -> CollapsedStatusBarFragment | functionName -> updateHermsDataType | value -> path 3
01-01 00:18:25.496  2145  2145 D HMI_SERVICE: USE_CASE_NA|FUN=HmiApplication| [action] android.net.wifi.STATE_CHANGE
01-01 00:18:25.496  1508  1601 W QCNEJ   : |CORE| notifyWifiStatusChanged failed
01-01 00:18:25.496  1508  1601 W QCNEJ   : |CORE| notifyRatConnectionStatusChanged failed
01-01 00:18:25.498  1151  1317 E SupplicantStaIfaceHal: ISupplicantStaIface.setBtCoexistenceMode failed: FAILURE_UNKNOWN, 
01-01 00:18:25.498   625   625 D WifiHAL : Getting APF capabilities, halHandle = 0x7f734319a0
01-01 00:18:25.498   625   625 I WifiHAL : 
01-01 00:18:25.498   625   625 I WifiHAL : createRequest: APF get capabilities request
01-01 00:18:25.498   625   625 I WifiHAL : Request Response failed for APF, result = -95
01-01 00:18:25.499  1151  1317 E WifiVendorHal: getApfCapabilities(l.1623) failed {.code = ERROR_UNKNOWN, .description = errno: -95 (Unknown error -95)}
01-01 00:18:25.503  3739  3739 W HMI2-SETTINGS - CI08.4: className -> WifiActivity | functionName -> getConfig: success-> | value -> "RSE_Test"
01-01 00:18:25.503  3739  3739 W HMI2-SETTINGS - CI08.4: className -> WifiActivity | functionName -> getConnectSummary | value -> getConnectSummaryID: 44 SSID: "RSE_Test" PROVIDER-NAME: null BSSID: null FQDN: null PRIO: 0 HIDDEN: false
01-01 00:18:25.503  3739  3739 W HMI2-SETTINGS - CI08.4:  NetworkSelectionStatus NETWORK_SELECTION_ENABLED
01-01 00:18:25.503  3739  3739 W HMI2-SETTINGS - CI08.4:  hasEverConnected: false
01-01 00:18:25.503  3739  3739 W HMI2-SETTINGS - CI08.4:  KeyMgmt: WPA_PSK Protocols: WPA RSN
01-01 00:18:25.503  3739  3739 W HMI2-SETTINGS - CI08.4:  AuthAlgorithms: OPEN
01-01 00:18:25.503  3739  3739 W HMI2-SETTINGS - CI08.4:  PairwiseCiphers: TKIP CCMP
01-01 00:18:25.503  3739  3739 W HMI2-SETTINGS - CI08.4:  GroupCiphers: TKIP CCMP
01-01 00:18:25.503  3739  3739 W HMI2-SETTINGS - CI08.4:  PSK: *
01-01 00:18:25.503  3739  3739 W HMI2-SETTINGS - CI08.4: 
01-01 00:18:25.503  3739  3739 W HMI2-SETTINGS - CI08.4:  sim_num 
01-01 00:18:25.503  3739  3739 W HMI2-SETTINGS - CI08.4: Enterprise config:
01-01 00:18:25.503  3739  3739 W HMI2-SETTINGS - CI08.4: IP config:
01-01 00:18:25.503  3739  3739 W HMI2-SETTINGS - CI08.4: IP assignment: DHCP
01-01 00:18:25.503  3739  3739 W HMI2-SETTINGS - CI08.4: Proxy settings: NONE
01-01 00:18:25.503  3739  3739 W HMI2-SETTINGS - CI08.4:  cuid=1000 cname=android.uid.system:1000 luid=1000 lname=android.uid.system:1000 lcuid=1000 userApproved=USER_UNSPECIFIED noInternetAccessExpected=false roamingFailureBlackListTimeMilli: 1000
01-01 00:18:25.503  3739  3739 W HMI2-SETTINGS - CI08.4: recentFailure: Association Rejection code: 0
01-01 00:18:25.503  3739  3739 W HMI2-SETTINGS - CI08.4: ShareThisAp: false
01-01 00:18:25.503  3739  3739 W HMI2-SETTINGS - CI08.4: className -> WifiActivity | functionName -> getConnectSummary : | value ->  Saved
01-01 00:18:25.506  3739  3739 E HMI2-SETTINGS - CI08.4: className -> WifiActivity | functionName -> mWifiScanReceiver -> onReceive | error ->intent_action:android.net.wifi.STATE_CHANGE
01-01 00:18:25.506  3739  3739 W HMI2-SETTINGS - CI08.4: className -> WifiActivity | functionName -> handleNetworkStateChanged | value -> detailedState->CONNECTING
01-01 00:18:25.509  1151  4493 I WifiService: getConfiguredNetworks uid=1000
01-01 00:18:25.511  1151  1317 E WifiVendorHal: configureNeighborDiscoveryOffload(l.2366) failed {.code = ERROR_UNKNOWN, .description = errno: -95 (Unknown error -95)}
01-01 00:18:25.512  2145  2145 D HMI_SERVICE: USE_CASE_NA|FUN=HmiApplication| [action] android.net.wifi.supplicant.STATE_CHANGE
01-01 00:18:25.516  3739  3739 W HMI2-SETTINGS - CI08.4: className -> WifiActivity | functionName -> getConfig: success-> | value -> "RSE_Test"
01-01 00:18:25.517  3739  3739 W HMI2-SETTINGS - CI08.4: className -> WifiActivity | functionName -> getConnectSummary | value -> getConnectSummaryID: 44 SSID: "RSE_Test" PROVIDER-NAME: null BSSID: null FQDN: null PRIO: 0 HIDDEN: false
01-01 00:18:25.517  3739  3739 W HMI2-SETTINGS - CI08.4:  NetworkSelectionStatus NETWORK_SELECTION_ENABLED
01-01 00:18:25.517  3739  3739 W HMI2-SETTINGS - CI08.4:  hasEverConnected: false
01-01 00:18:25.517  3739  3739 W HMI2-SETTINGS - CI08.4:  KeyMgmt: WPA_PSK Protocols: WPA RSN
01-01 00:18:25.517  3739  3739 W HMI2-SETTINGS - CI08.4:  AuthAlgorithms: OPEN
01-01 00:18:25.517  3739  3739 W HMI2-SETTINGS - CI08.4:  PairwiseCiphers: TKIP CCMP
01-01 00:18:25.517  3739  3739 W HMI2-SETTINGS - CI08.4:  GroupCiphers: TKIP CCMP
01-01 00:18:25.517  3739  3739 W HMI2-SETTINGS - CI08.4:  PSK: *
01-01 00:18:25.517  3739  3739 W HMI2-SETTINGS - CI08.4: 
01-01 00:18:25.517  3739  3739 W HMI2-SETTINGS - CI08.4:  sim_num 
01-01 00:18:25.517  3739  3739 W HMI2-SETTINGS - CI08.4: Enterprise config:
01-01 00:18:25.517  3739  3739 W HMI2-SETTINGS - CI08.4: IP config:
01-01 00:18:25.517  3739  3739 W HMI2-SETTINGS - CI08.4: IP assignment: DHCP
01-01 00:18:25.517  3739  3739 W HMI2-SETTINGS - CI08.4: Proxy settings: NONE
01-01 00:18:25.517  3739  3739 W HMI2-SETTINGS - CI08.4:  cuid=1000 cname=android.uid.system:1000 luid=1000 lname=android.uid.system:1000 lcuid=1000 userApproved=USER_UNSPECIFIED noInternetAccessExpected=false roamingFailureBlackListTimeMilli: 1000
01-01 00:18:25.517  3739  3739 W HMI2-SETTINGS - CI08.4: recentFailure: Association Rejection code: 0
01-01 00:18:25.517  3739  3739 W HMI2-SETTINGS - CI08.4: ShareThisAp: false
01-01 00:18:25.517  3739  3739 W HMI2-SETTINGS - CI08.4: className -> WifiActivity | functionName -> getConnectSummary : | value ->  Saved
01-01 00:18:25.517  3739  3739 E HMI2-SETTINGS - CI08.4: className -> WifiActivity | functionName -> mWifiScanReceiver -> onReceive | error ->intent_action:android.net.wifi.STATE_CHANGE
01-01 00:18:25.517  3739  3739 W HMI2-SETTINGS - CI08.4: className -> WifiActivity | functionName -> handleNetworkStateChanged | value -> detailedState->OBTAINING_IPADDR
01-01 00:18:25.518  1151  1539 I WifiService: getConfiguredNetworks uid=1000
01-01 00:18:25.520  3739  3739 W HMI2-SETTINGS - CI08.4: className -> WifiActivity | functionName -> getConfig: success-> | value -> "RSE_Test"
01-01 00:18:25.521  3739  3739 W HMI2-SETTINGS - CI08.4: className -> WifiActivity | functionName -> getConnectSummary | value -> getConnectSummaryID: 44 SSID: "RSE_Test" PROVIDER-NAME: null BSSID: null FQDN: null PRIO: 0 HIDDEN: false
01-01 00:18:25.521  3739  3739 W HMI2-SETTINGS - CI08.4:  NetworkSelectionStatus NETWORK_SELECTION_ENABLED
01-01 00:18:25.521  3739  3739 W HMI2-SETTINGS - CI08.4:  hasEverConnected: false
01-01 00:18:25.521  3739  3739 W HMI2-SETTINGS - CI08.4:  KeyMgmt: WPA_PSK Protocols: WPA RSN
01-01 00:18:25.521  3739  3739 W HMI2-SETTINGS - CI08.4:  AuthAlgorithms: OPEN
01-01 00:18:25.521  3739  3739 W HMI2-SETTINGS - CI08.4:  PairwiseCiphers: TKIP CCMP
01-01 00:18:25.521  3739  3739 W HMI2-SETTINGS - CI08.4:  GroupCiphers: TKIP CCMP
01-01 00:18:25.521  3739  3739 W HMI2-SETTINGS - CI08.4:  PSK: *
01-01 00:18:25.521  3739  3739 W HMI2-SETTINGS - CI08.4: 
01-01 00:18:25.521  3739  3739 W HMI2-SETTINGS - CI08.4:  sim_num 
01-01 00:18:25.521  3739  3739 W HMI2-SETTINGS - CI08.4: Enterprise config:
01-01 00:18:25.521  3739  3739 W HMI2-SETTINGS - CI08.4: IP config:
01-01 00:18:25.521  3739  3739 W HMI2-SETTINGS - CI08.4: IP assignment: DHCP
01-01 00:18:25.521  3739  3739 W HMI2-SETTINGS - CI08.4: Proxy settings: NONE
01-01 00:18:25.521  3739  3739 W HMI2-SETTINGS - CI08.4:  cuid=1000 cname=android.uid.system:1000 luid=1000 lname=android.uid.system:1000 lcuid=1000 userApproved=USER_UNSPECIFIED noInternetAccessExpected=false roamingFailureBlackListTimeMilli: 1000
01-01 00:18:25.521  3739  3739 W HMI2-SETTINGS - CI08.4: recentFailure: Association Rejection code: 0
01-01 00:18:25.521  3739  3739 W HMI2-SETTINGS - CI08.4: ShareThisAp: false
01-01 00:18:25.521  3739  3739 W HMI2-SETTINGS - CI08.4: className -> WifiActivity | functionName -> getConnectSummary : | value ->  Saved
01-01 00:18:25.552   729   748 I sssv-lib: sendMsg enter
01-01 00:18:25.552   729   748 I sssv-lib: sendMsg complete.
01-01 00:18:25.595  1151  7918 D DhcpClient: Receive thread started
01-01 00:18:25.669  1151  1317 E SupplicantStaIfaceHal: ISupplicantStaIface.setBtCoexistenceMode failed: FAILURE_UNKNOWN, 
01-01 00:18:25.679  1151  7916 D DhcpClient: Broadcasting DHCPDISCOVER
01-01 00:18:25.692  1151  7918 D DhcpClient: Received packet: 00:9d:6b:17:da:19 OFFER, ip /192.168.0.61, mask /255.255.255.0, DNS servers: /8.8.8.8 , gateways [/192.168.0.1] lease time 691200, domain null
01-01 00:18:25.692  1151  7916 D DhcpClient: server address: 192.168.0.1 client address: 192.168.0.61/24 iface: wlan0 rapid commit: false
01-01 00:18:25.693  1151  7916 D DhcpClient: Got pending lease: IP address 192.168.0.61/24 Gateway 192.168.0.1  DNS servers: [ 8.8.8.8 ] Domains  DHCP server /192.168.0.1 Vendor info null lease 691200 seconds
01-01 00:18:25.693  1151  7916 D DhcpClient: Broadcasting DHCPREQUEST ciaddr=0.0.0.0 request=192.168.0.61 serverid=192.168.0.1
01-01 00:18:25.704  1151  7918 D DhcpClient: Received packet: 00:9d:6b:17:da:19 ACK: your new IP /192.168.0.61, netmask /255.255.255.0, gateways [/192.168.0.1] DNS servers: /8.8.8.8 , lease time 691200
01-01 00:18:25.706  1151  7916 D DhcpClient: Confirmed lease: IP address 192.168.0.61/24 Gateway 192.168.0.1  DNS servers: [ 8.8.8.8 ] Domains  DHCP server /192.168.0.1 Vendor info null lease 691200 seconds
01-01 00:18:25.710  1151  1317 E SupplicantStaIfaceHal: ISupplicantStaIface.setBtCoexistenceMode failed: FAILURE_UNKNOWN, 
01-01 00:18:25.713   561   604 D CommandListener: Setting iface cfg
01-01 00:18:25.713  1508  1601 W QCNEJ   : |CORE| notifyWifiStatusChanged failed
01-01 00:18:25.713  1508  1601 W QCNEJ   : |CORE| notifyRatConnectionStatusChanged failed
01-01 00:18:25.713  1392  1392 W SYSTEM_UI: SWR_SYSTEM_UI_008|FUN=CollapsedStatusBarFragment::AndroidEventReceiver | getAction |1|Broadcast action:android.net.wifi.STATE_CHANGE received
01-01 00:18:25.713  1392  1392 W SYSTEM_UI - CI07.3: className -> CollapsedStatusBarFragment | functionName -> AndroidEventReceiver | onReceive -->  | value -> Wifi connection status--> false
01-01 00:18:25.713  1392  1392 W SYSTEM_UI: SWR_SYSTEM_UI_008|FUN=CollapsedStatusBarFragment::isConnected |1|Wifi connection status--> false
01-01 00:18:25.713  1392  1392 W SYSTEM_UI - CI07.3: className -> CollapsedStatusBarFragment | functionName -> updateHermsDataType | value -> Update Herms Data Type :: networkType --> 0
01-01 00:18:25.713  1392  1392 W SYSTEM_UI - CI07.3: className -> CollapsedStatusBarFragment | functionName -> updateHermsDataType | value -> Update Herms Data Type :: isWebsiteSecure --> false
01-01 00:18:25.713  1392  1392 W SYSTEM_UI - CI07.3: className -> CollapsedStatusBarFragment | functionName -> updateHermsDataType | value -> Update Herms Data Type :: connection status --> 1
01-01 00:18:25.713  1392  1392 W SYSTEM_UI - CI07.3: className -> CollapsedStatusBarFragment | functionName -> updateHermsDataType | value -> Update Herms Data Type :: data Transfer --> false
01-01 00:18:25.713  1392  1392 W SYSTEM_UI - CI07.3: className -> CollapsedStatusBarFragment | functionName -> updateHermsDataType | value -> Update Herms Data Type :: wifiConnectionStatus --> false
01-01 00:18:25.713  1392  1392 W SYSTEM_UI - CI07.3: className -> CollapsedStatusBarFragment | functionName -> updateHermsDataType | value -> path 2
01-01 00:18:25.714  1392  1392 W SYSTEM_UI - CI07.3: className -> CollapsedStatusBarFragment | functionName -> updateHermsDataType | value -> path 3
01-01 00:18:25.714  2145  2145 D HMI_SERVICE: USE_CASE_NA|FUN=HmiApplication| [action] android.net.wifi.STATE_CHANGE
01-01 00:18:25.714  3739  3739 E HMI2-SETTINGS - CI08.4: className -> WifiActivity | functionName -> mWifiScanReceiver -> onReceive | error ->intent_action:android.net.wifi.STATE_CHANGE
01-01 00:18:25.715  3739  3739 W HMI2-SETTINGS - CI08.4: className -> WifiActivity | functionName -> handleNetworkStateChanged | value -> detailedState->OBTAINING_IPADDR
01-01 00:18:25.715  1151  1539 I WifiService: getConfiguredNetworks uid=1000
01-01 00:18:25.716  3739  3739 W HMI2-SETTINGS - CI08.4: className -> WifiActivity | functionName -> getConfig: success-> | value -> "RSE_Test"
01-01 00:18:25.716  3739  3739 W HMI2-SETTINGS - CI08.4: className -> WifiActivity | functionName -> getConnectSummary | value -> getConnectSummaryID: 44 SSID: "RSE_Test" PROVIDER-NAME: null BSSID: null FQDN: null PRIO: 0 HIDDEN: false
01-01 00:18:25.716  3739  3739 W HMI2-SETTINGS - CI08.4:  NetworkSelectionStatus NETWORK_SELECTION_ENABLED
01-01 00:18:25.716  3739  3739 W HMI2-SETTINGS - CI08.4:  hasEverConnected: false
01-01 00:18:25.716  3739  3739 W HMI2-SETTINGS - CI08.4:  KeyMgmt: WPA_PSK Protocols: WPA RSN
01-01 00:18:25.716  3739  3739 W HMI2-SETTINGS - CI08.4:  AuthAlgorithms: OPEN
01-01 00:18:25.716  3739  3739 W HMI2-SETTINGS - CI08.4:  PairwiseCiphers: TKIP CCMP
01-01 00:18:25.716  3739  3739 W HMI2-SETTINGS - CI08.4:  GroupCiphers: TKIP CCMP
01-01 00:18:25.716  3739  3739 W HMI2-SETTINGS - CI08.4:  PSK: *
01-01 00:18:25.716  3739  3739 W HMI2-SETTINGS - CI08.4: 
01-01 00:18:25.716  3739  3739 W HMI2-SETTINGS - CI08.4:  sim_num 
01-01 00:18:25.716  3739  3739 W HMI2-SETTINGS - CI08.4: Enterprise config:
01-01 00:18:25.716  3739  3739 W HMI2-SETTINGS - CI08.4: IP config:
01-01 00:18:25.716  3739  3739 W HMI2-SETTINGS - CI08.4: IP assignment: DHCP
01-01 00:18:25.716  3739  3739 W HMI2-SETTINGS - CI08.4: Proxy settings: NONE
01-01 00:18:25.716  3739  3739 W HMI2-SETTINGS - CI08.4:  cuid=1000 cname=android.uid.system:1000 luid=1000 lname=android.uid.system:1000 lcuid=1000 userApproved=USER_UNSPECIFIED noInternetAccessExpected=false roamingFailureBlackListTimeMilli: 1000
01-01 00:18:25.716  3739  3739 W HMI2-SETTINGS - CI08.4: recentFailure: Association Rejection code: 0
01-01 00:18:25.716  3739  3739 W HMI2-SETTINGS - CI08.4: ShareThisAp: false
01-01 00:18:25.716  3739  3739 W HMI2-SETTINGS - CI08.4: className -> WifiActivity | functionName -> getConnectSummary : | value ->  Saved
01-01 00:18:25.719  1151  7916 D DhcpClient: Scheduling renewal in 345599s
01-01 00:18:25.719  1151  7916 D DhcpClient: Scheduling rebind in 604799s
01-01 00:18:25.719  1151  7916 D DhcpClient: Scheduling expiry in 691199s
01-01 00:18:25.719  1151  1317 D WifiConfiguration: configKey: false
01-01 00:18:25.719  1151  1317 D WifiStateMachine: WifiStateMachine: handleSuccessfulIpConfiguration and no scan results"RSE_Test"WPA_PSK
01-01 00:18:25.721  1151  1325 D ConnectivityService: NetworkAgentInfo [WIFI () - 189] EVENT_NETWORK_INFO_CHANGED, going from CONNECTING to CONNECTED
01-01 00:18:25.723  1151  1325 D ConnectivityService: Adding iface wlan0 to network 189
01-01 00:18:25.727  1508  1601 W QCNEJ   : |CORE| notifyWifiStatusChanged failed
01-01 00:18:25.731  3739  3739 E HMI2-SETTINGS - CI08.4: className -> WifiActivity | functionName -> mWifiScanReceiver -> onReceive | error ->intent_action:android.net.wifi.STATE_CHANGE
01-01 00:18:25.731  1151  1539 I WifiService: getWifiEnabledState uid=1000
01-01 00:18:25.732  2145  2145 D HMI_SERVICE: USE_CASE_NA|FUN=HmiApplication| [action] android.net.wifi.RSSI_CHANGED
01-01 00:18:25.733  3739  3739 W HMI2-SETTINGS: SWR_BAIDU_HMI_0020|FUN=WifiActivity::handleConnectedNetworkVisibility|0|getWifiStat::true
01-01 00:18:25.734  1151  1539 I WifiService: getConfiguredNetworks uid=1000
01-01 00:18:25.735  1151  1317 D WifiConfiguration: configKey: false
01-01 00:18:25.735  2145  2145 D HMI_SERVICE: USE_CASE_NA|FUN=HmiApplication| [action] android.net.wifi.STATE_CHANGE
01-01 00:18:25.736  1392  1392 W SYSTEM_UI: SWR_SYSTEM_UI_008|FUN=CollapsedStatusBarFragment::AndroidEventReceiver | getAction |1|Broadcast action:android.net.wifi.STATE_CHANGE received
01-01 00:18:25.736  1392  1392 W SYSTEM_UI - CI07.3: className -> CollapsedStatusBarFragment | functionName -> AndroidEventReceiver | onReceive -->  | value -> Wifi connection status--> true
01-01 00:18:25.736  1392  1392 W SYSTEM_UI: SWR_SYSTEM_UI_008|FUN=CollapsedStatusBarFragment::isConnected |1|Wifi connection status--> true
01-01 00:18:25.736  1392  1392 W SYSTEM_UI - CI07.3: className -> CollapsedStatusBarFragment | functionName -> updateHermsDataType | value -> Update Herms Data Type :: networkType --> 0
01-01 00:18:25.736  1392  1392 W SYSTEM_UI - CI07.3: className -> CollapsedStatusBarFragment | functionName -> updateHermsDataType | value -> Update Herms Data Type :: isWebsiteSecure --> false
01-01 00:18:25.736  1392  1392 W SYSTEM_UI - CI07.3: className -> CollapsedStatusBarFragment | functionName -> updateHermsDataType | value -> Update Herms Data Type :: connection status --> 1
01-01 00:18:25.737  1392  1392 W SYSTEM_UI - CI07.3: className -> CollapsedStatusBarFragment | functionName -> updateHermsDataType | value -> Update Herms Data Type :: data Transfer --> false
01-01 00:18:25.737  1392  1392 W SYSTEM_UI - CI07.3: className -> CollapsedStatusBarFragment | functionName -> updateHermsDataType | value -> Update Herms Data Type :: wifiConnectionStatus --> true
01-01 00:18:25.737  1392  1392 W SYSTEM_UI - CI07.3: className -> CollapsedStatusBarFragment | functionName -> updateHermsDataType | value -> path 1
01-01 00:18:25.737  1508  1601 W QCNEJ   : |CORE| notifyWifiStatusChanged failed
01-01 00:18:25.737  1392  1392 D PhoneStatusBarView: status_line: onPanelCollapsed
01-01 00:18:25.738  2145  2145 D HmiApplication: DetailedState:Connected
01-01 00:18:25.739  2145  2145 D HMI_SERVICE: USE_CASE_NA|FUN=HmiApplication| hasInternetConnection init 
01-01 00:18:25.739  1508  1601 W QCNEJ   : |CORE| notifyRatConnectionStatusChanged failed
01-01 00:18:25.740  2145  2145 E Internet Available: hasInternetConnection_
01-01 00:18:25.740  2145  2145 E Internet Available: Internet Available2
01-01 00:18:25.740  2145  2145 W HMI_SERVICE: USE_CASE_NA|FUN=HmiApplication:: executeLinuxCmdConnectionB2C : |0| [command] 3
01-01 00:18:25.741  2145  2145 D HMI_SERVICE: USE_CASE_NA|FUN=HmiApplication::runCommandToShell invoked |1|command=setdns 1010 192.168.220.145
01-01 00:18:25.741  2677  2720 W ANDR_PERSISTENCY_CLIENT: SWR_PERSISTENCE_HV_LA_MF_0003|FUN=VCPUPersistenceService::executeLinuxBackgroundCommand |0|msg: [param] [3] [commandParam] 3
01-01 00:18:25.741  2677  2720 W ANDR_PERSISTENCY_CLIENT: SWR_PERSISTENCE_HV_LA_MF_0005|FUN=TCPHandler:: getInstance |2|msg: invoked 
01-01 00:18:25.741  2677  2720 W ANDR_PERSISTENCY_CLIENT: SWR_PERSISTENCE_HV_LA_MF_0005|FUN=TCPHandler:: sendWriteRequestToPersistenceLinuxInt |2|data= [3]key= 0 commandKey= 10
01-01 00:18:25.741  2677  2720 W ANDR_PERSISTENCY_CLIENT: SWR_PERSISTENCE_HV_LA_MF_0005|FUN=TCPHandler:: getUID |2|msg: invoked 
01-01 00:18:25.741  2677  2720 W ANDR_PERSISTENCY_CLIENT: SWR_PERSISTENCE_HV_LA_MF_0005|FUN=TCPHandler:: setAction |2|msg:setAction=1
01-01 00:18:25.741  2677  2720 W ANDR_PERSISTENCY_CLIENT: SWR_PERSISTENCE_HV_LA_MF_0005|FUN=TCPHandler:: setUID |2|msg:uid=-123
01-01 00:18:25.741  2677  2720 W ANDR_PERSISTENCY_CLIENT: SWR_PERSISTENCE_HV_LA_MF_0005|FUN=TCPHandler:: setKey |2|msg:uid=-123
01-01 00:18:25.741  2677  2720 W ANDR_PERSISTENCY_CLIENT: SWR_PERSISTENCE_HV_LA_MF_0005|FUN=TCPHandler::setCommandKey|2|msg:commandKey=10
