01-01 00:27:16.013  1151  1317 I chatty  : uid=1000(system) WifiStateMachin identical 9 lines
01-01 00:27:16.013  1151  1317 D ScanResultUtil: isScanResultForWapiPskNetwork: false
01-01 00:27:16.014  1151  1538 I WifiService: getConfiguredNetworks uid=1000
01-01 00:27:16.014  1151  1317 D ScanResultUtil: isScanResultForWapiPskNetwork: false
01-01 00:27:16.014  1151  1317 I chatty  : uid=1000(system) WifiStateMachin identical 7 lines
01-01 00:27:16.014  1151  1317 D ScanResultUtil: isScanResultForWapiPskNetwork: false
01-01 00:27:16.015  1151  1317 W WifiConfigManager: Looking up network with invalid networkId -1
01-01 00:27:16.017  1151  1317 D ScanResultUtil: isScanResultForWapiPskNetwork: false
01-01 00:27:16.019  1151  1317 I chatty  : uid=1000(system) WifiStateMachin identical 25 lines
01-01 00:27:16.019  1151  1317 D ScanResultUtil: isScanResultForWapiPskNetwork: false
01-01 00:27:16.020  3739  3739 W HMI2-SETTINGS: SWR_BAIDU_HMI_0027|SWR_BAIDU_HMI_0015|FUN=WifiActivity::getScanResults|1|Get list of available wifi hotspots.
01-01 00:27:16.025  3739  3739 W HMI2-SETTINGS - CI08.4: className -> WifiActivity | functionName -> isWapiVariantBlocked | value -> security_type:2
01-01 00:27:16.025  3739  3739 W HMI2-SETTINGS - CI08.4: className -> WifiActivity | functionName -> isInConnected | value -> |ACSIA_CORP1|0|2
01-01 00:27:16.025  3739  3739 W HMI2-SETTINGS - CI08.4: className -> WifiActivity | functionName -> isWapiVariantBlocked | value -> security_type:2
01-01 00:27:16.025  3739  3739 W HMI2-SETTINGS - CI08.4: className -> WifiActivity | functionName -> isInConnected | value -> |ACSIA_GUEST1|0|2
01-01 00:27:16.025  3739  3739 W HMI2-SETTINGS - CI08.4: className -> WifiActivity | functionName -> isWapiVariantBlocked | value -> security_type:2
01-01 00:27:16.025  3739  3739 W HMI2-SETTINGS - CI08.4: className -> WifiActivity | functionName -> isInConnected | value -> |ACSIA_DEV|0|2
01-01 00:27:16.025  3739  3739 W HMI2-SETTINGS - CI08.4: className -> WifiActivity | functionName -> isWapiVariantBlocked | value -> security_type:2
01-01 00:27:16.025  3739  3739 W HMI2-SETTINGS - CI08.4: className -> WifiActivity | functionName -> isInConnected | value -> | ACSIA_CORP3|0|2
01-01 00:27:16.026  3739  3739 W HMI2-SETTINGS - CI08.4: className -> WifiActivity | functionName -> isWapiVariantBlocked | value -> security_type:2
01-01 00:27:16.026  3739  3739 W HMI2-SETTINGS - CI08.4: className -> WifiActivity | functionName -> isInConnected | value -> |ACSIA_Management|0|2
01-01 00:27:16.026  3739  3739 W HMI2-SETTINGS - CI08.4: className -> WifiActivity | functionName -> isWapiVariantBlocked | value -> security_type:2
01-01 00:27:16.026  3739  3739 W HMI2-SETTINGS - CI08.4: className -> WifiActivity | functionName -> isInConnected | value -> |RSE_Test|0|2
01-01 00:27:16.026  3739  3739 W HMI2-SETTINGS - CI08.4: className -> WifiActivity | functionName -> isWapiVariantBlocked | value -> security_type:2
01-01 00:27:16.026  3739  3739 W HMI2-SETTINGS - CI08.4: className -> WifiActivity | functionName -> isInConnected | value -> |ACSIA_CORP2|0|2
01-01 00:27:16.026  3739  3739 W HMI2-SETTINGS - CI08.4: className -> WifiActivity | functionName -> isWapiVariantBlocked | value -> security_type:2
01-01 00:27:16.026  3739  3739 W HMI2-SETTINGS - CI08.4: className -> WifiActivity | functionName -> isInConnected | value -> |NETGEAR66-5G|0|2
01-01 00:27:16.026  3739  3739 W HMI2-SETTINGS - CI08.4: className -> WifiActivity | functionName -> isWapiVariantBlocked | value -> security_type:2
01-01 00:27:16.026  3739  3739 W HMI2-SETTINGS - CI08.4: className -> WifiActivity | functionName -> isInConnected | value -> |Secure|0|2
01-01 00:27:16.026  3739  3739 W HMI2-SETTINGS - CI08.4: className -> WifiActivity | functionName -> isWapiVariantBlocked | value -> security_type:2
01-01 00:27:16.026  3739  3739 W HMI2-SETTINGS - CI08.4: className -> WifiActivity | functionName -> isInConnected | value -> |ACSIA_GUEST1|0|2
01-01 00:27:16.026  3739  3739 W HMI2-SETTINGS - CI08.4: className -> WifiActivity | functionName -> isWapiVariantBlocked | value -> security_type:2
01-01 00:27:16.026  3739  3739 W HMI2-SETTINGS - CI08.4: className -> WifiActivity | functionName -> isInConnected | value -> |ACSIA_DEV|0|2
01-01 00:27:16.026  3739  3739 W HMI2-SETTINGS - CI08.4: className -> WifiActivity | functionName -> isWapiVariantBlocked | value -> security_type:2
01-01 00:27:16.026  3739  3739 W HMI2-SETTINGS - CI08.4: className -> WifiActivity | functionName -> isInConnected | value -> |ACSIA_CORP2|0|2
01-01 00:27:16.026  3739  3739 W HMI2-SETTINGS - CI08.4: className -> WifiActivity | functionName -> isWapiVariantBlocked | value -> security_type:2
01-01 00:27:16.026  3739  3739 W HMI2-SETTINGS - CI08.4: className -> WifiActivity | functionName -> isInConnected | value -> |ACSIA_Management|0|2
01-01 00:27:16.026  3739  3739 W HMI2-SETTINGS - CI08.4: className -> WifiActivity | functionName -> isWapiVariantBlocked | value -> security_type:2
01-01 00:27:16.026  3739  3739 W HMI2-SETTINGS - CI08.4: className -> WifiActivity | functionName -> isInConnected | value -> | ACSIA_CORP3|0|2
01-01 00:27:16.026  3739  3739 W HMI2-SETTINGS - CI08.4: className -> WifiActivity | functionName -> isWapiVariantBlocked | value -> security_type:2
01-01 00:27:16.026  3739  3739 W HMI2-SETTINGS - CI08.4: className -> WifiActivity | functionName -> isInConnected | value -> |ACSIA_CORP1|0|2
01-01 00:27:16.026  3739  3739 W HMI2-SETTINGS - CI08.4: className -> WifiActivity | functionName -> isWapiVariantBlocked | value -> security_type:2
01-01 00:27:16.026  3739  3739 W HMI2-SETTINGS - CI08.4: className -> WifiActivity | functionName -> isInConnected | value -> |HUWIFI|0|2
01-01 00:27:16.026  3739  3739 W HMI2-SETTINGS - CI08.4: className -> WifiActivity | functionName -> isWapiVariantBlocked | value -> security_type:2
01-01 00:27:16.026  3739  3739 W HMI2-SETTINGS - CI08.4: className -> WifiActivity | functionName -> isInConnected | value -> |RSE_Test|0|2
01-01 00:27:16.026  3739  3739 W HMI2-SETTINGS - CI08.4: className -> WifiActivity | functionName -> isWapiVariantBlocked | value -> security_type:2
01-01 00:27:16.026  3739  3739 W HMI2-SETTINGS - CI08.4: className -> WifiActivity | functionName -> isInConnected | value -> |DIRECT-vQINLT044msmJ|0|2
01-01 00:27:16.026  3739  3739 W HMI2-SETTINGS - CI08.4: className -> WifiActivity | functionName -> isWapiVariantBlocked | value -> security_type:2
01-01 00:27:16.026  3739  3739 W HMI2-SETTINGS - CI08.4: className -> WifiActivity | functionName -> isInConnected | value -> |DIRECT-DMATCLWI2064msNL|0|2
01-01 00:27:16.026  3739  3739 W HMI2-SETTINGS - CI08.4: className -> WifiActivity | functionName -> isWapiVariantBlocked | value -> security_type:2
01-01 00:27:16.026  3739  3739 W HMI2-SETTINGS - CI08.4: className -> WifiActivity | functionName -> isInConnected | value -> |AUTOMATION_TEST|0|2
01-01 00:27:16.026  3739  3739 W HMI2-SETTINGS - CI08.4: className -> WifiActivity | functionName -> isWapiVariantBlocked | value -> security_type:2
01-01 00:27:16.026  3739  3739 W HMI2-SETTINGS - CI08.4: className -> WifiActivity | functionName -> isInConnected | value -> |ACSIA_Management|0|2
01-01 00:27:16.026  3739  3739 W HMI2-SETTINGS - CI08.4: className -> WifiActivity | functionName -> isWapiVariantBlocked | value -> security_type:2
01-01 00:27:16.026  3739  3739 W HMI2-SETTINGS - CI08.4: className -> WifiActivity | functionName -> isInConnected | value -> |MB Hotspot 61185|0|2
01-01 00:27:16.026  3739  3739 W HMI2-SETTINGS - CI08.4: className -> WifiActivity | functionName -> isWapiVariantBlocked | value -> security_type:0
01-01 00:27:16.026  3739  3739 W HMI2-SETTINGS - CI08.4: className -> WifiActivity | functionName -> isInConnected | value -> |HP-Print-DB-LaserJet Pro MFP|0|0
01-01 00:27:16.027  3739  3739 W HMI2-SETTINGS - CI08.4: className -> WifiActivity | functionName -> handleAllAvailNetwork | value -> savedNetwork ->0
01-01 00:27:16.027  3739  3739 W HMI2-SETTINGS - CI08.4: className -> WifiActivity | functionName -> handleAllAvailNetwork | value -> presentVisibleNetwork ->23
01-01 00:27:16.032  3739  3739 W HMI2-SETTINGS - CI08.4: className -> WifiActivity | functionName -> handleIfWifiAvailableNetworks: config is  | value -> null
01-01 00:27:16.068  3675 10190 D UIAutomatorStub: URI: /jsonrpc/0, Method: POST, Header: {content-length=274, remote-addr=127.0.0.1, http-client-ip=127.0.0.1, host=localhost:9009, content-type=application/json, connection=close, accept-encoding=identity, user-agent=Python-urllib/2.7}, params, {NanoHttpd.QUERY_STRING=null}, files: {postData={"params": [{"childOrSiblingSelector": [], "scrollable": true, "mask": 16384, "childOrSibling": []}, {"childOrSiblingSelector": [], "text": "RSE_Test", "mask": 1, "childOrSibling": []}, true], "jsonrpc": "2.0", "method": "scrollTo", "id": "624be574e8788e6836ab934c365f182a"}}
01-01 00:27:16.125   729   748 I sssv-lib: sendMsg enter
01-01 00:27:16.126   729   748 I sssv-lib: sendMsg complete.
01-01 00:27:16.698  3675 10190 D UiScrollable: scrollToBeginning() on selector = UiSelector[SCROLLABLE=true]
01-01 00:27:16.698  3675 10190 D UiScrollable: scrollBackward() on selector = UiSelector[SCROLLABLE=true]
01-01 00:27:16.705  3675 10190 I QueryController: Matched selector: UiSelector[SCROLLABLE=true] <<==>> [android.view.accessibility.AccessibilityNodeInfo@196618a; boundsInParent: Rect(0, 0 - 1332, 889); boundsInScreen: Rect(305, 172 - 1637, 1061); packageName: com.panasonic.hmi2settings; className: android.widget.ScrollView; text: null; error: null; maxTextLength: -1; contentDescription: null; viewIdResName: com.panasonic.hmi2settings:id/scrollWifi; checkable: false; checked: false; focusable: true; focused: false; selected: false; clickable: false; longClickable: false; contextClickable: false; enabled: true; password: false; scrollable: true; importantForAccessibility: true; actions: [AccessibilityAction: ACTION_FOCUS - null, AccessibilityAction: ACTION_SELECT - null, AccessibilityAction: ACTION_CLEAR_SELECTION - null, AccessibilityAction: ACTION_ACCESSIBILITY_FOCUS - null, AccessibilityAction: ACTION_SCROLL_FORWARD - null, AccessibilityAction: ACTION_SHOW_ON_SCREEN - null]]
01-01 00:27:16.705  3675 10190 D UiScrollable: scrollToBegining() using vertical scroll
01-01 00:27:16.705  3675 10190 D InteractionController: scrollSwipe (971, 260, 971, 973, 55)
01-01 00:27:17.068   625   625 D WifiHAL : Start get packet fate command
01-01 00:27:17.068   625   625 D WifiHAL : createRequest Get Tx packet fate request
01-01 00:27:17.069   625   625 E WifiHAL : Failed to register get pkt fate response; result = -95
01-01 00:27:17.069  1151  1317 E WifiVendorHal: getTxPktFates(l.2067) failed {.code = ERROR_UNKNOWN, .description = errno: -95 (Unknown error -95)}
01-01 00:27:17.070   625   625 D WifiHAL : Start get packet fate command
01-01 00:27:17.070   625   625 D WifiHAL : createRequest Get Rx packet fate request
01-01 00:27:17.070   625   625 E WifiHAL : Failed to register get pkt fate response; result = -95
01-01 00:27:17.071  1151  1317 E WifiVendorHal: getRxPktFates(l.2107) failed {.code = ERROR_UNKNOWN, .description = errno: -95 (Unknown error -95)}
01-01 00:27:17.117   625   625 D WifiHAL : Start get packet fate command
01-01 00:27:17.117   625   625 D WifiHAL : createRequest Get Tx packet fate request
01-01 00:27:17.117   625   625 E WifiHAL : Failed to register get pkt fate response; result = -95
01-01 00:27:17.119  1151  1317 E WifiVendorHal: getTxPktFates(l.2067) failed {.code = ERROR_UNKNOWN, .description = errno: -95 (Unknown error -95)}
01-01 00:27:17.120   625   625 D WifiHAL : Start get packet fate command
01-01 00:27:17.120   625   625 D WifiHAL : createRequest Get Rx packet fate request
01-01 00:27:17.120   625   625 E WifiHAL : Failed to register get pkt fate response; result = -95
01-01 00:27:17.121  1151  1317 E WifiVendorHal: getRxPktFates(l.2107) failed {.code = ERROR_UNKNOWN, .description = errno: -95 (Unknown error -95)}
01-01 00:27:17.126   729   748 I sssv-lib: sendMsg enter
01-01 00:27:17.126   729   748 I sssv-lib: sendMsg complete.
01-01 00:27:17.551   635   635 E ANDR-PERF-TARGET: Error: Invalid logical cluster id 0
01-01 00:27:17.551   635   635 E ANDR-PERF-MPCTL: invalid request, no optimizations performed
01-01 00:27:17.568   635   635 E ANDR-PERF-TARGET: Error: Invalid logical cluster id 0
01-01 00:27:17.568   635   635 E ANDR-PERF-MPCTL: invalid request, no optimizations performed
01-01 00:27:17.585   635   635 E ANDR-PERF-TARGET: Error: Invalid logical cluster id 0
01-01 00:27:17.585   635   635 E ANDR-PERF-MPCTL: invalid request, no optimizations performed
01-01 00:27:17.601   635   635 E ANDR-PERF-TARGET: Error: Invalid logical cluster id 0
01-01 00:27:17.601   635   635 E ANDR-PERF-MPCTL: invalid request, no optimizations performed
01-01 00:27:17.618   635   635 E ANDR-PERF-TARGET: Error: Invalid logical cluster id 0
01-01 00:27:17.618   635   635 E ANDR-PERF-MPCTL: invalid request, no optimizations performed
01-01 00:27:17.618   635   635 E ANDR-PERF-TARGET: Error: Invalid logical cluster id 0
01-01 00:27:17.618   635   635 E ANDR-PERF-MPCTL: invalid request, no optimizations performed
01-01 00:27:17.635   635   635 E ANDR-PERF-TARGET: Error: Invalid logical cluster id 0
01-01 00:27:17.635   635   635 E ANDR-PERF-MPCTL: invalid request, no optimizations performed
01-01 00:27:17.652   635   635 E ANDR-PERF-TARGET: Error: Invalid logical cluster id 0
01-01 00:27:17.652   635   635 E ANDR-PERF-MPCTL: invalid request, no optimizations performed
01-01 00:27:17.668   635   635 E ANDR-PERF-TARGET: Error: Invalid logical cluster id 0
01-01 00:27:17.668   635   635 E ANDR-PERF-MPCTL: invalid request, no optimizations performed
01-01 00:27:17.685   635   635 E ANDR-PERF-TARGET: Error: Invalid logical cluster id 0
01-01 00:27:17.685   635   635 E ANDR-PERF-MPCTL: invalid request, no optimizations performed
01-01 00:27:17.702   635   635 E ANDR-PERF-TARGET: Error: Invalid logical cluster id 0
01-01 00:27:17.702   635   635 E ANDR-PERF-MPCTL: invalid request, no optimizations performed
01-01 00:27:17.718   635   635 E ANDR-PERF-TARGET: Error: Invalid logical cluster id 0
01-01 00:27:17.719   635   635 E ANDR-PERF-MPCTL: invalid request, no optimizations performed
01-01 00:27:17.735   635   635 E ANDR-PERF-TARGET: Error: Invalid logical cluster id 0
01-01 00:27:17.735   635   635 E ANDR-PERF-MPCTL: invalid request, no optimizations performed
01-01 00:27:17.752   635   635 E ANDR-PERF-TARGET: Error: Invalid logical cluster id 0
01-01 00:27:17.752   635   635 E ANDR-PERF-MPCTL: invalid request, no optimizations performed
01-01 00:27:17.768   635   635 E ANDR-PERF-TARGET: Error: Invalid logical cluster id 0
01-01 00:27:17.769   635   635 E ANDR-PERF-MPCTL: invalid request, no optimizations performed
01-01 00:27:17.785   635   635 E ANDR-PERF-TARGET: Error: Invalid logical cluster id 0
01-01 00:27:17.785   635   635 E ANDR-PERF-MPCTL: invalid request, no optimizations performed
01-01 00:27:17.790  1933  1957 D LCMANDR : SWR_OOB_HV_MF_009|FUN=LifeCycleManagerService::LifeCycle_ReportCompStatus|GOT ALIVENESS SIGNAL FROM DAIAPP : [0]; HB Counter = [ 642 ]; STATUS INFO = [ 0 ]
01-01 00:27:17.791  1519  1519 I Connectivity_AIDL|AIDL_Handler.AIDL_Helpers.LcmHelper: MBUX App Method: KeepAliveTest |Line No: 408 |Log Type: Critical |Message: MainThread:MBUX-App HB Count: 644, ResponseCode: 0
01-01 00:27:17.802   635   635 E ANDR-PERF-TARGET: Error: Invalid logical cluster id 0
01-01 00:27:17.802   635   635 E ANDR-PERF-MPCTL: invalid request, no optimizations performed
01-01 00:27:17.812  3675 10190 W InteractionController: runAndwaitForEvents timed out waiting for events
01-01 00:27:17.819   635   635 E ANDR-PERF-TARGET: Error: Invalid logical cluster id 0
01-01 00:27:17.819   635   635 E ANDR-PERF-MPCTL: invalid request, no optimizations performed
01-01 00:27:17.823  3675 10190 D UiScrollable: scrollForward() on selector = UiSelector[SCROLLABLE=true]
01-01 00:27:17.830  3675 10190 I QueryController: Matched selector: UiSelector[SCROLLABLE=true] <<==>> [android.view.accessibility.AccessibilityNodeInfo@196618a; boundsInParent: Rect(0, 0 - 1332, 889); boundsInScreen: Rect(305, 172 - 1637, 1061); packageName: com.panasonic.hmi2settings; className: android.widget.ScrollView; text: null; error: null; maxTextLength: -1; contentDescription: null; viewIdResName: com.panasonic.hmi2settings:id/scrollWifi; checkable: false; checked: false; focusable: true; focused: false; selected: false; clickable: false; longClickable: false; contextClickable: false; enabled: true; password: false; scrollable: true; importantForAccessibility: true; actions: [AccessibilityAction: ACTION_FOCUS - null, AccessibilityAction: ACTION_SELECT - null, AccessibilityAction: ACTION_CLEAR_SELECTION - null, AccessibilityAction: ACTION_ACCESSIBILITY_FOCUS - null, AccessibilityAction: ACTION_SCROLL_FORWARD - null, AccessibilityAction: ACTION_SHOW_ON_SCREEN - null]]
01-01 00:27:17.831  3675 10190 D InteractionController: scrollSwipe (971, 973, 971, 260, 55)
01-01 00:27:17.835   635   635 E ANDR-PERF-TARGET: Error: Invalid logical cluster id 0
01-01 00:27:17.835   635   635 E ANDR-PERF-MPCTL: invalid request, no optimizations performed
01-01 00:27:17.852   635   635 E ANDR-PERF-TARGET: Error: Invalid logical cluster id 0
01-01 00:27:17.852   635   635 E ANDR-PERF-MPCTL: invalid request, no optimizations performed
01-01 00:27:17.869   635   635 E ANDR-PERF-TARGET: Error: Invalid logical cluster id 0
01-01 00:27:17.869   635   635 E ANDR-PERF-MPCTL: invalid request, no optimizations performed
01-01 00:27:17.885   635   635 E ANDR-PERF-TARGET: Error: Invalid logical cluster id 0
01-01 00:27:17.885   635   635 E ANDR-PERF-MPCTL: invalid request, no optimizations performed
01-01 00:27:17.902   635   635 E ANDR-PERF-TARGET: Error: Invalid logical cluster id 0
01-01 00:27:17.902   635   635 E ANDR-PERF-MPCTL: invalid request, no optimizations performed
01-01 00:27:17.919   635   635 E ANDR-PERF-TARGET: Error: Invalid logical cluster id 0
01-01 00:27:17.919   635   635 E ANDR-PERF-MPCTL: invalid request, no optimizations performed
01-01 00:27:17.935   635   635 E ANDR-PERF-TARGET: Error: Invalid logical cluster id 0
01-01 00:27:17.935   635   635 E ANDR-PERF-MPCTL: invalid request, no optimizations performed
01-01 00:27:17.952   635   635 E ANDR-PERF-TARGET: Error: Invalid logical cluster id 0
01-01 00:27:17.952   635   635 E ANDR-PERF-MPCTL: invalid request, no optimizations performed
01-01 00:27:17.969   635   635 E ANDR-PERF-TARGET: Error: Invalid logical cluster id 0
01-01 00:27:17.969   635   635 E ANDR-PERF-MPCTL: invalid request, no optimizations performed
01-01 00:27:17.986   635   635 E ANDR-PERF-TARGET: Error: Invalid logical cluster id 0
01-01 00:27:17.986   635   635 E ANDR-PERF-MPCTL: invalid request, no optimizations performed
01-01 00:27:18.002   635   635 E ANDR-PERF-TARGET: Error: Invalid logical cluster id 0
01-01 00:27:18.002   635   635 E ANDR-PERF-MPCTL: invalid request, no optimizations performed
01-01 00:27:18.019   635   635 E ANDR-PERF-TARGET: Error: Invalid logical cluster id 0
01-01 00:27:18.019   635   635 E ANDR-PERF-MPCTL: invalid request, no optimizations performed
01-01 00:27:18.036   635   635 E ANDR-PERF-TARGET: Error: Invalid logical cluster id 0
01-01 00:27:18.036   635   635 E ANDR-PERF-MPCTL: invalid request, no optimizations performed
01-01 00:27:18.052   635   635 E ANDR-PERF-TARGET: Error: Invalid logical cluster id 0
01-01 00:27:18.052   635   635 E ANDR-PERF-MPCTL: invalid request, no optimizations performed
01-01 00:27:18.069   635   635 E ANDR-PERF-TARGET: Error: Invalid logical cluster id 0
01-01 00:27:18.069   635   635 E ANDR-PERF-MPCTL: invalid request, no optimizations performed
01-01 00:27:18.086   635   635 E ANDR-PERF-TARGET: Error: Invalid logical cluster id 0
01-01 00:27:18.086   635   635 E ANDR-PERF-MPCTL: invalid request, no optimizations performed
01-01 00:27:18.103   635   635 E ANDR-PERF-TARGET: Error: Invalid logical cluster id 0
01-01 00:27:18.103   635   635 E ANDR-PERF-MPCTL: invalid request, no optimizations performed
01-01 00:27:18.119   635   635 E ANDR-PERF-TARGET: Error: Invalid logical cluster id 0
01-01 00:27:18.119   635   635 E ANDR-PERF-MPCTL: invalid request, no optimizations performed
01-01 00:27:18.127   729   748 I sssv-lib: sendMsg enter
01-01 00:27:18.127   729   748 I sssv-lib: sendMsg complete.
01-01 00:27:18.136   635   635 E ANDR-PERF-TARGET: Error: Invalid logical cluster id 0
01-01 00:27:18.136   635   635 E ANDR-PERF-MPCTL: invalid request, no optimizations performed
01-01 00:27:18.153   635   635 E ANDR-PERF-TARGET: Error: Invalid logical cluster id 0
01-01 00:27:18.153   635   635 E ANDR-PERF-MPCTL: invalid request, no optimizations performed
01-01 00:27:18.169   635   635 E ANDR-PERF-TARGET: Error: Invalid logical cluster id 0
01-01 00:27:18.169   635   635 E ANDR-PERF-MPCTL: invalid request, no optimizations performed
01-01 00:27:18.186   635   635 E ANDR-PERF-TARGET: Error: Invalid logical cluster id 0
01-01 00:27:18.186   635   635 E ANDR-PERF-MPCTL: invalid request, no optimizations performed
01-01 00:27:18.203   635   635 E ANDR-PERF-TARGET: Error: Invalid logical cluster id 0
01-01 00:27:18.203   635   635 E ANDR-PERF-MPCTL: invalid request, no optimizations performed
01-01 00:27:18.219   635   635 E ANDR-PERF-TARGET: Error: Invalid logical cluster id 0
01-01 00:27:18.219   635   635 E ANDR-PERF-MPCTL: invalid request, no optimizations performed
01-01 00:27:18.236   635   635 E ANDR-PERF-TARGET: Error: Invalid logical cluster id 0
01-01 00:27:18.236   635   635 E ANDR-PERF-MPCTL: invalid request, no optimizations performed
01-01 00:27:18.243  1933  1933 I LCMANDR : SWR_OOB_HV_MF_009|FUN=ResourceMonitoringService::movingMemoryAverage|2|Moving memory average :27.954746
01-01 00:27:18.243  1933  1933 W LCMANDR : SWR_OOB_HV_MF_009|FUN=ResourceMonitoringService::getCpuUsageStatistic|Moving MEM AVG :::::::::27.954746
01-01 00:27:18.244  1933  1933 W LCMANDR : SWR_OOB_HV_MF_009|FUN=ResourceMonitoringService::getCpuUsageStatistic|2|Total cpu usage :25.115208
01-01 00:27:18.244  1933  1933 I LCMANDR : SWR_OOB_HV_MF_009|FUN=ResourceMonitoringService::getCpuUsageStatistic|Cpu usage of core  0 is30.103806
01-01 00:27:18.245  1933  1933 I LCMANDR : SWR_OOB_HV_MF_009|FUN=ResourceMonitoringService::getCpuUsageStatistic|Cpu usage of core  1 is20.848057
01-01 00:27:18.245  1933  1933 I LCMANDR : SWR_OOB_HV_MF_009|FUN=ResourceMonitoringService::getCpuUsageStatistic|Cpu usage of core  2 is24.324326
01-01 00:27:18.245  1933  1933 I LCMANDR : ResourceMonitoringService::movingCpuAverage()
01-01 00:27:18.245  1933  1933 I LCMANDR : SWR_OOB_HV_MF_009|FUN=ResourceMonitoringService::movingCpuAverage|2|Moving window average of CPU 22.13544
01-01 00:27:18.245  1933  1933 I LCMANDR : SWR_OOB_HV_MF_009|FUN=ResourceMonitoringService::movingCpuAverage|2|Cpu moving average of core  0 is24.681566
01-01 00:27:18.245  1933  1933 I LCMANDR : SWR_OOB_HV_MF_009|FUN=ResourceMonitoringService::movingCpuAverage|2|Cpu moving average of core  1 is19.772402
01-01 00:27:18.245  1933  1933 I LCMANDR : SWR_OOB_HV_MF_009|FUN=ResourceMonitoringService::movingCpuAverage|2|Cpu moving average of core  2 is21.91196
01-01 00:27:18.245  1933  1933 D LCMANDR : SWR_OOB_HV_MF_009|FUN=ResourceMonitoringService::movingCpuAverage|2|Exiting VAL = 22.13544
01-01 00:27:18.253   635   635 E ANDR-PERF-TARGET: Error: Invalid logical cluster id 0
01-01 00:27:18.253   635   635 E ANDR-PERF-MPCTL: invalid request, no optimizations performed
01-01 00:27:18.269   635   635 E ANDR-PERF-TARGET: Error: Invalid logical cluster id 0
01-01 00:27:18.270   635   635 E ANDR-PERF-MPCTL: invalid request, no optimizations performed
01-01 00:27:18.286   635   635 E ANDR-PERF-TARGET: Error: Invalid logical cluster id 0
01-01 00:27:18.286   635   635 E ANDR-PERF-MPCTL: invalid request, no optimizations performed
01-01 00:27:18.303   635   635 E ANDR-PERF-TARGET: Error: Invalid logical cluster id 0
01-01 00:27:18.303   635   635 E ANDR-PERF-MPCTL: invalid request, no optimizations performed
01-01 00:27:18.320   635   635 E ANDR-PERF-TARGET: Error: Invalid logical cluster id 0
01-01 00:27:18.320   635   635 E ANDR-PERF-MPCTL: invalid request, no optimizations performed
01-01 00:27:18.336   635   635 E ANDR-PERF-TARGET: Error: Invalid logical cluster id 0
01-01 00:27:18.336   635   635 E ANDR-PERF-MPCTL: invalid request, no optimizations performed
01-01 00:27:18.353   635   635 E ANDR-PERF-TARGET: Error: Invalid logical cluster id 0
01-01 00:27:18.353   635   635 E ANDR-PERF-MPCTL: invalid request, no optimizations performed
01-01 00:27:18.370   635   635 E ANDR-PERF-TARGET: Error: Invalid logical cluster id 0
01-01 00:27:18.370   635   635 E ANDR-PERF-MPCTL: invalid request, no optimizations performed
01-01 00:27:18.374  1933  1957 D LCMANDR : SWR_OOB_HV_MF_009|FUN=LifeCycleManagerService::LifeCycle_ReportCompStatus|GOT ALIVENESS SIGNAL FROM DAIAPP : [0]; HB Counter = [ 643 ]; STATUS INFO = [ 0 ]
01-01 00:27:18.374  1519  1964 I Connectivity_AIDL|AIDL_Handler.AIDL_Helpers.LcmHelper: MBUX App Method: KeepAliveTest |Line No: 408 |Log Type: Critical |Message: ChildThread:MBUX-App HB Count: 645, ResponseCode: 0
01-01 00:27:18.386   635   635 E ANDR-PERF-TARGET: Error: Invalid logical cluster id 0
01-01 00:27:18.387   635   635 E ANDR-PERF-MPCTL: invalid request, no optimizations performed
01-01 00:27:18.403   635   635 E ANDR-PERF-TARGET: Error: Invalid logical cluster id 0
01-01 00:27:18.403   635   635 E ANDR-PERF-MPCTL: invalid request, no optimizations performed
01-01 00:27:18.408  2054  2054 E         : 
01-01 00:27:18.408  2054  2054 E         : Buffer Size = 1048576
01-01 00:27:18.420   635   635 E ANDR-PERF-TARGET: Error: Invalid logical cluster id 0
01-01 00:27:18.420   635   635 E ANDR-PERF-MPCTL: invalid request, no optimizations performed
01-01 00:27:18.432  2054  2054 E         : 
01-01 00:27:18.432  2054  2054 E         : <6>[ 1294.001591] QSEECOM: scm_call_qcpe:503 : OUT: 0x0, 0x0, 0x0, 0x0
01-01 00:27:18.432  2054  2054 E         : <6>[ 1294.017701] QSEECOM: scm_call_qcpe:429 : IN: 0x42000d0a, 0x3, 0x0, 0x45f1, 0x7ad, 0x0, 0x0
01-01 00:27:18.432  2054  2054 E         : <6>[ 1294.019562] QSEECOM: scm_call_qcpe:503 : OUT: 0x0, 0x0, 0x0, 0x0
01-01 00:27:18.432  2054  2054 E         : <6>[ 1294.033735] QSEECOM: scm_call_qcpe:429 : IN: 0x42000d0a, 0x3, 0x0, 0x3ea5, 0x7a7, 0x0, 0x0
01-01 00:27:18.432  2054  2054 E         : <6>[ 1294.035089] QSEECOM: scm_call_qcpe:503 : OUT: 0x0, 0x0, 0x0, 0x0
01-01 00:27:18.432  2054  2054 E         : <6>[ 1294.050283] QSEECOM: scm_call_qcpe:429 : IN: 0x42000d0a, 0x3, 0x0, 0x40a3, 0x793, 0x0, 0x0
01-01 00:27:18.432  2054  2054 E         : <6>[ 1294.051830] QSEECOM: scm_call_qcpe:503 : OUT: 0x0, 0x0, 0x0, 0x0
01-01 00:27:18.432  2054  2054 E         : <6>[ 1294.066821] QSEECOM: scm_call_qcpe:429 : IN: 0x42000d0a, 0x3, 0x0, 0x4098, 0x7b6, 0x0, 0x0
01-01 00:27:18.432  2054  2054 E         : <6>[ 1294.068030] QSEECOM: scm_call_qcpe:503 : OUT: 0x0, 0x1, 0x0, 0x0
01-01 00:27:18.432  2054  2054 E         : <6>[ 1294.083395] QSEECOM: scm_call_qcpe:429 : IN: 0x42000d0a, 0x3, 0x0, 0x40bd, 0x794, 0x0, 0x0
01-01 00:27:18.432  2054  2054 E         : <6>[ 1294.084651] QSEECOM: scm_call_qcpe:503 : OUT: 0x0, 0x0, 0x0, 0x0
01-01 00:27:18.432  2054  2054 E         : <6>[ 1294.099923] QSEECOM: scm_call_qcpe:429 : IN: 0x42000d0a, 0x3, 0x0, 0x4092, 0x7b9, 0x0, 0x0
01-01 00:27:18.432  2054  2054 E         : <6>[ 1294.1017
01-01 00:27:18.436  2054  2054 E         : USB Hub Detector 1.0
01-01 00:27:18.437   635   635 E ANDR-PERF-TARGET: Error: Invalid logical cluster id 0
01-01 00:27:18.437   635   635 E ANDR-PERF-MPCTL: invalid request, no optimizations performed
01-01 00:27:18.454   635   635 E ANDR-PERF-TARGET: Error: Invalid logical cluster id 0
01-01 00:27:18.454   635   635 E ANDR-PERF-MPCTL: invalid request, no optimizations performed
01-01 00:27:18.470   635   635 E ANDR-PERF-TARGET: Error: Invalid logical cluster id 0
01-01 00:27:18.470   635   635 E ANDR-PERF-MPCTL: invalid request, no optimizations performed
01-01 00:27:18.487   635   635 E ANDR-PERF-TARGET: Error: Invalid logical cluster id 0
01-01 00:27:18.487   635   635 E ANDR-PERF-MPCTL: invalid request, no optimizations performed
01-01 00:27:18.504   635   635 E ANDR-PERF-TARGET: Error: Invalid logical cluster id 0
01-01 00:27:18.504   635   635 E ANDR-PERF-MPCTL: invalid request, no optimizations performed
01-01 00:27:18.520   635   635 E ANDR-PERF-TARGET: Error: Invalid logical cluster id 0
01-01 00:27:18.520   635   635 E ANDR-PERF-MPCTL: invalid request, no optimizations performed
01-01 00:27:18.537   635   635 E ANDR-PERF-TARGET: Error: Invalid logical cluster id 0
01-01 00:27:18.537   635   635 E ANDR-PERF-MPCTL: invalid request, no optimizations performed
01-01 00:27:18.554   635   635 E ANDR-PERF-TARGET: Error: Invalid logical cluster id 0
01-01 00:27:18.554   635   635 E ANDR-PERF-MPCTL: invalid request, no optimizations performed
01-01 00:27:18.570   635   635 E ANDR-PERF-TARGET: Error: Invalid logical cluster id 0
01-01 00:27:18.570   635   635 E ANDR-PERF-MPCTL: invalid request, no optimizations performed
01-01 00:27:18.587   635   635 E ANDR-PERF-TARGET: Error: Invalid logical cluster id 0
01-01 00:27:18.587   635   635 E ANDR-PERF-MPCTL: invalid request, no optimizations performed
01-01 00:27:18.604   635   635 E ANDR-PERF-TARGET: Error: Invalid logical cluster id 0
01-01 00:27:18.604   635   635 E ANDR-PERF-MPCTL: invalid request, no optimizations performed
01-01 00:27:18.620   635   635 E ANDR-PERF-TARGET: Error: Invalid logical cluster id 0
01-01 00:27:18.621   635   635 E ANDR-PERF-MPCTL: invalid request, no optimizations performed
01-01 00:27:18.637   635   635 E ANDR-PERF-TARGET: Error: Invalid logical cluster id 0
01-01 00:27:18.637   635   635 E ANDR-PERF-MPCTL: invalid request, no optimizations performed
01-01 00:27:18.654   635   635 E ANDR-PERF-TARGET: Error: Invalid logical cluster id 0
01-01 00:27:18.654   635   635 E ANDR-PERF-MPCTL: invalid request, no optimizations performed
01-01 00:27:18.670   635   635 E ANDR-PERF-TARGET: Error: Invalid logical cluster id 0
01-01 00:27:18.671   635   635 E ANDR-PERF-MPCTL: invalid request, no optimizations performed
01-01 00:27:18.687   635   635 E ANDR-PERF-TARGET: Error: Invalid logical cluster id 0
01-01 00:27:18.687   635   635 E ANDR-PERF-MPCTL: invalid request, no optimizations performed
01-01 00:27:18.700     1   452 I init    : Uptime: 01634.837141 LocalTime: 01-01 00:27:18.700
01-01 00:27:18.704   635   635 E ANDR-PERF-TARGET: Error: Invalid logical cluster id 0
01-01 00:27:18.704   635   635 E ANDR-PERF-MPCTL: invalid request, no optimizations performed
01-01 00:27:18.721   635   635 E ANDR-PERF-TARGET: Error: Invalid logical cluster id 0
01-01 00:27:18.721   635   635 E ANDR-PERF-MPCTL: invalid request, no optimizations performed
01-01 00:27:18.737   635   635 E ANDR-PERF-TARGET: Error: Invalid logical cluster id 0
01-01 00:27:18.737   635   635 E ANDR-PERF-MPCTL: invalid request, no optimizations performed
01-01 00:27:18.754   635   635 E ANDR-PERF-TARGET: Error: Invalid logical cluster id 0
01-01 00:27:18.754   635   635 E ANDR-PERF-MPCTL: invalid request, no optimizations performed
01-01 00:27:18.754   635   635 E ANDR-PERF-TARGET: Error: Invalid logical cluster id 0
01-01 00:27:18.755   635   635 E ANDR-PERF-MPCTL: invalid request, no optimizations performed
01-01 00:27:18.771   635   635 E ANDR-PERF-TARGET: Error: Invalid logical cluster id 0
01-01 00:27:18.771   635   635 E ANDR-PERF-MPCTL: invalid request, no optimizations performed
01-01 00:27:18.787   635   635 E ANDR-PERF-TARGET: Error: Invalid logical cluster id 0
01-01 00:27:18.787   635   635 E ANDR-PERF-MPCTL: invalid request, no optimizations performed
01-01 00:27:18.804   635   635 E ANDR-PERF-TARGET: Error: Invalid logical cluster id 0
01-01 00:27:18.804   635   635 E ANDR-PERF-MPCTL: invalid request, no optimizations performed
01-01 00:27:18.821   635   635 E ANDR-PERF-TARGET: Error: Invalid logical cluster id 0
01-01 00:27:18.821   635   635 E ANDR-PERF-MPCTL: invalid request, no optimizations performed
01-01 00:27:18.838   635   635 E ANDR-PERF-TARGET: Error: Invalid logical cluster id 0
01-01 00:27:18.838   635   635 E ANDR-PERF-MPCTL: invalid request, no optimizations performed
01-01 00:27:18.854   635   635 E ANDR-PERF-TARGET: Error: Invalid logical cluster id 0
01-01 00:27:18.854   635   635 E ANDR-PERF-MPCTL: invalid request, no optimizations performed
01-01 00:27:18.871   635   635 E ANDR-PERF-TARGET: Error: Invalid logical cluster id 0
01-01 00:27:18.871   635   635 E ANDR-PERF-MPCTL: invalid request, no optimizations performed
01-01 00:27:18.888   635   635 E ANDR-PERF-TARGET: Error: Invalid logical cluster id 0
01-01 00:27:18.888   635   635 E ANDR-PERF-MPCTL: invalid request, no optimizations performed
01-01 00:27:18.904   635   635 E ANDR-PERF-TARGET: Error: Invalid logical cluster id 0
01-01 00:27:18.904   635   635 E ANDR-PERF-MPCTL: invalid request, no optimizations performed
01-01 00:27:18.921   635   635 E ANDR-PERF-TARGET: Error: Invalid logical cluster id 0
01-01 00:27:18.921   635   635 E ANDR-PERF-MPCTL: invalid request, no optimizations performed
01-01 00:27:18.938   635   635 E ANDR-PERF-TARGET: Error: Invalid logical cluster id 0
01-01 00:27:18.938   635   635 E ANDR-PERF-MPCTL: invalid request, no optimizations performed
01-01 00:27:18.947  3675 10190 W InteractionController: runAndwaitForEvents timed out waiting for events
01-01 00:27:18.947  3675 10190 D InteractionController: Vertical scrollSwipe reached scroll end: false
01-01 00:27:18.954   635   635 E ANDR-PERF-TARGET: Error: Invalid logical cluster id 0
01-01 00:27:18.954   635   635 E ANDR-PERF-MPCTL: invalid request, no optimizations performed
01-01 00:27:18.971   635   635 E ANDR-PERF-TARGET: Error: Invalid logical cluster id 0
01-01 00:27:18.971   635   635 E ANDR-PERF-MPCTL: invalid request, no optimizations performed
01-01 00:27:18.988   635   635 E ANDR-PERF-TARGET: Error: Invalid logical cluster id 0
01-01 00:27:18.988   635   635 E ANDR-PERF-MPCTL: invalid request, no optimizations performed
01-01 00:27:19.005   635   635 E ANDR-PERF-TARGET: Error: Invalid logical cluster id 0
01-01 00:27:19.005   635   635 E ANDR-PERF-MPCTL: invalid request, no optimizations performed
01-01 00:27:19.021   635   635 E ANDR-PERF-TARGET: Error: Invalid logical cluster id 0
01-01 00:27:19.021   635   635 E ANDR-PERF-MPCTL: invalid request, no optimizations performed
01-01 00:27:19.038   635   635 E ANDR-PERF-TARGET: Error: Invalid logical cluster id 0
01-01 00:27:19.038   635   635 E ANDR-PERF-MPCTL: invalid request, no optimizations performed
01-01 00:27:19.055   635   635 E ANDR-PERF-TARGET: Error: Invalid logical cluster id 0
01-01 00:27:19.055   635   635 E ANDR-PERF-MPCTL: invalid request, no optimizations performed
01-01 00:27:19.071   635   635 E ANDR-PERF-TARGET: Error: Invalid logical cluster id 0
01-01 00:27:19.071   635   635 E ANDR-PERF-MPCTL: invalid request, no optimizations performed
01-01 00:27:19.088   635   635 E ANDR-PERF-TARGET: Error: Invalid logical cluster id 0
01-01 00:27:19.088   635   635 E ANDR-PERF-MPCTL: invalid request, no optimizations performed
01-01 00:27:19.105   635   635 E ANDR-PERF-TARGET: Error: Invalid logical cluster id 0
01-01 00:27:19.105   635   635 E ANDR-PERF-MPCTL: invalid request, no optimizations performed
01-01 00:27:19.121   635   635 E ANDR-PERF-TARGET: Error: Invalid logical cluster id 0
01-01 00:27:19.121   635   635 E ANDR-PERF-MPCTL: invalid request, no optimizations performed
01-01 00:27:19.128   729   748 I sssv-lib: sendMsg enter
01-01 00:27:19.128   729   748 I sssv-lib: sendMsg complete.
01-01 00:27:19.138   635   635 E ANDR-PERF-TARGET: Error: Invalid logical cluster id 0
01-01 00:27:19.138   635   635 E ANDR-PERF-MPCTL: invalid request, no optimizations performed
01-01 00:27:19.234  1933  1933 D LCMANDR : SWR_OOB_HV_MF_009|FUN=LifeCycleManagerService::getDAIAppAlivenessStatus|Aliveness:: DAIAPP HB DIFF = 2 [ DaimlerAppHBCounter ] = 643[ DaimlerAppHBCounterOld ] = 641
01-01 00:27:19.234  1933  1933 I LCMANDR : SWR_OOB_HV_MF_009|FUN=LifeCycleManagerService::getDAIAppAlivenessStatus|Aliveness::ANDROID HB IS VALID... setting OLD VAL, and resetting Fail Counter
01-01 00:27:19.238  1933  1933 I LCMANDR : SWR_OOB_HV_MF_009|FUN=LifeCycleManagerService::getDAIPID|DAIMLER APP(com.daimler.rse.ntg6) PID is [ 1519 ]
01-01 00:27:19.238  1933  1933 I LCMANDR : SWR_OOB_HV_MF_009|FUN=LifeCycleManagerService::getDAIAPPStatus|Aliveness::SAME PID! DAIAPP is not restarted
01-01 00:27:19.238  1933  1933 W LCMANDR : SWR_OOB_HV_MF_009|FUN=LifeCycleManagerService::getDAIAppAlivenessStatus|Aliveness::Status to send id : ALIVE
01-01 00:27:19.238  1933  1933 D LCMANDR : SWR_OOB_HV_MF_005|FUN=LifeCycleManagerService::sendPacketToLnx|data = [B@ca7eef7
01-01 00:27:19.238  1933  1933 D LCMANDR : SWR_OOB_HV_MF_009|FUN=LifeCycleManagerService::postAppsStatusInfo|Setting AppPacket info
01-01 00:27:19.238  1933  1933 I LCMANDR : SWR_OOB_HV_MF_009|FUN=AlivenessMonitoring::getRunningApps| packet sent
01-01 00:27:19.238  1933  1956 D LCMANDR : SWR_OOB_HV_MF_010|FUN=LifeCycleManagerService::RseNodeStateManagement|SEND_IGC_CB
01-01 00:27:19.238  1933  1956 I LCMANDR : SWR_OOB_HV_MF_005|FUN=LifeCycleManagerService::igcsendData|Call hit in RSENodeStateManagement::igcsendData
01-01 00:27:19.238  1933  1956 I LCMANDR : SWR_OOB_HV_MF_005|FUN=LifeCycleManagerService::igcsendData|SEND DATA LEN is : 15
01-01 00:27:19.238  1933  1956 I LCMANDR : SWR_OOB_HV_MF_007|FUN=LifeCycleManagerService::sendPacketFromIntentService|Package to send : [ 65, 0, 0, 0, 9, 0, 2, 0, 1, 0, 5, 65, 65, 0, 0, ]
01-01 00:27:19.238  1933  1956 I IGC     :  IGC::sendData ==> [ 65, 0, 0, 0, 9, 0, 2, 0, 1, 0, 5, 65, 65, 0, 0,  ]
01-01 00:27:19.238  1933  1956 I IGC     :  Igc::sendData data size is :: 15
01-01 00:27:19.238  1933  1956 D         : Enqueue: sem count = 1
01-01 00:27:19.238  1933  1956 I LCMANDR : SWR_OOB_HV_MF_007|FUN=LifeCycleManagerService::sendPacketFromIntentService|Sending Data to Linux is successful( [65, 0, 0, 0, 9, 0, 2, 0, 1, 0, 5, 65, 65, 0, 0] )
01-01 00:27:19.238  1933  1956 I LCMANDR : SWR_OOB_HV_MF_005|FUN=LifeCycleManagerService::igcsendData| DATA SEND SUCCESSFULLY 
01-01 00:27:19.653  3675 10190 I QueryController: Matched selector: UiSelector[SCROLLABLE=true, CHILD=UiSelector[TEXT=RSE_Test]] <<==>> [android.view.accessibility.AccessibilityNodeInfo@19863d3; boundsInParent: Rect(0, 0 - 1078, 77); boundsInScreen: Rect(354, 484 - 1431, 561); packageName: com.panasonic.hmi2settings; className: android.widget.TextView; text: RSE_Test; error: null; maxTextLength: -1; contentDescription: null; viewIdResName: com.panasonic.hmi2settings:id/wifiName; checkable: false; checked: false; focusable: false; focused: false; selected: false; clickable: false; longClickable: false; contextClickable: false; enabled: true; password: false; scrollable: false; importantForAccessibility: true; actions: [AccessibilityAction: ACTION_SELECT - null, AccessibilityAction: ACTION_CLEAR_SELECTION - null, AccessibilityAction: ACTION_ACCESSIBILITY_FOCUS - null, AccessibilityAction: ACTION_NEXT_AT_MOVEMENT_GRANULARITY - null, AccessibilityAction: ACTION_PREVIOUS_AT_MOVEMENT_GRANULARITY - null, AccessibilityAction: ACTION_SET_SELECTION - null, AccessibilityAction: ACTION_SHOW_ON_SCREEN - null]]
01-01 00:27:19.663  3675 10191 D UIAutomatorStub: URI: /jsonrpc/0, Method: POST, Header: {content-length=176, remote-addr=127.0.0.1, http-client-ip=127.0.0.1, host=localhost:9009, content-type=application/json, connection=close, accept-encoding=identity, user-agent=Python-urllib/2.7}, params, {NanoHttpd.QUERY_STRING=null}, files: {postData={"params": [{"childOrSiblingSelector": [], "text": "RSE_Test", "mask": 1, "childOrSibling": []}], "jsonrpc": "2.0", "method": "click", "id": "137bee04bbe6b88967fa7d983ba2b482"}}
01-01 00:27:19.725  3739  3739 W HMI2-SETTINGS - CI08.4: className -> WifiAdapter | functionName -> onBindViewHolder | value -> allWifiList.get(position).getSecurityType() : wifiNametrue
01-01 00:27:19.725  3739  3739 W HMI2-SETTINGS - CI08.4: className -> WifiActivity | functionName -> onWifiClick | value -> getSecurityType ->true
01-01 00:27:19.728  3675 10192 D UIAutomatorStub: URI: /jsonrpc/0, Method: POST, Header: {content-length=213, remote-addr=127.0.0.1, http-client-ip=127.0.0.1, host=localhost:9009, content-type=application/json, connection=close, accept-encoding=identity, user-agent=Python-urllib/2.7}, params, {NanoHttpd.QUERY_STRING=null}, files: {postData={"params": [{"childOrSiblingSelector": [], "className": "android.widget.EditText", "mask": 16, "childOrSibling": []}, "Secure7@55"], "jsonrpc": "2.0", "method": "setText", "id": "28e25e5716fea32202308952b99b349d"}}
01-01 00:27:19.732  3739  3739 W ContextImpl: Calling a method in the system process without a qualified user: android.app.ContextImpl.startService:1476 android.content.ContextWrapper.startService:650 android.view.View.setSystemUiVisibility:22653 com.panasonic.hmi2settings.activity.WifiActivity.connectToWifi:1215 com.panasonic.hmi2settings.activity.WifiActivity.onWifiClick:522 
01-01 00:27:19.734  1151  1168 D CompatibilityInfo: mCompatibilityFlags - 4
01-01 00:27:19.734  1151  1168 D CompatibilityInfo: applicationDensity - 240
01-01 00:27:19.734  1151  1168 D CompatibilityInfo: applicationScale - 1.0
01-01 00:27:19.735  3739  3739 D View    : setSystemUiVisibility: startService done
01-01 00:27:19.739  1392  1392 W SYSTEM_UI: SWR_SYSTEM_UI_007|FUN=CollapsedStatusBarFragment::getAction |1|Broadcast action --> STATUS_UPDATE_ACTION
01-01 00:27:19.739   635   635 E ANDR-PERF-TARGET: Error: Invalid logical cluster id 0
01-01 00:27:19.740   635   635 E ANDR-PERF-MPCTL: invalid request, no optimizations performed
01-01 00:27:19.740  1392  1392 W SYSTEM_UI: SWR_SYSTEM_UI_007|FUN=CollapsedStatusBarFragment::getIntExtra |1|NotifySystemUpdates dataType --> 101
01-01 00:27:19.740  1392  1392 W SYSTEM_UI - CI07.3: className -> CollapsedStatusBarFragment | functionName -> NotifySystemUpdates | onReceive -->  | value -> FULLSCREEN MODE CHANGED | isFullScreenStatus --> false | fullScreenPackage -->com.panasonic.hmi2settings | fullscreenLastShownPackage -->null | topActivityPackage --> com.panasonic.hmi2settings
01-01 00:27:19.740  1392  1392 W SYSTEM_UI - CI07.3: className -> CollapsedStatusBarFragment | functionName -> NotifySystemUpdates | onReceive -->  | value -> Fullscreen mode changed --> path 5
01-01 00:27:19.744  1151  1168 D WindowManager: addToDisplay >>> FLAG_FULLSCREEN not set in WindowManager.LayoutParams
01-01 00:27:19.745  1151  1168 D WindowManager: startStatusReceiverServiceOnFlagSet: creating intent for action ACTION_ACTIVITY_FULLSCREEN
01-01 00:27:19.745  1151  1168 W ContextImpl: Calling a method in the system process without a qualified user: android.app.ContextImpl.startService:1476 com.android.server.wm.Session.startStatusReceiverServiceOnFlagSet:762 com.android.server.wm.Session.addToDisplay:217 android.view.IWindowSession$Stub.onTransact:124 com.android.server.wm.Session.onTransact:166 
01-01 00:27:19.746  1151  1168 D CompatibilityInfo: mCompatibilityFlags - 4
01-01 00:27:19.746  1151  1168 D CompatibilityInfo: applicationDensity - 240
01-01 00:27:19.746  1151  1168 D CompatibilityInfo: applicationScale - 1.0
01-01 00:27:19.746  1151  1168 D WindowManager: startStatusReceiverServiceOnFlagSet: startService done
01-01 00:27:19.750  1392  1392 W SYSTEM_UI: SWR_SYSTEM_UI_007|FUN=CollapsedStatusBarFragment::getAction |1|Broadcast action --> STATUS_UPDATE_ACTION
01-01 00:27:19.750  1392  1392 W SYSTEM_UI: SWR_SYSTEM_UI_007|FUN=CollapsedStatusBarFragment::getIntExtra |1|NotifySystemUpdates dataType --> 101
01-01 00:27:19.750  1392  1392 W SYSTEM_UI - CI07.3: className -> CollapsedStatusBarFragment | functionName -> NotifySystemUpdates | onReceive -->  | value -> FULLSCREEN MODE CHANGED | isFullScreenStatus --> false | fullScreenPackage -->com.panasonic.hmi2settings | fullscreenLastShownPackage -->null | topActivityPackage --> com.panasonic.hmi2settings
01-01 00:27:19.750  1392  1392 W SYSTEM_UI - CI07.3: className -> CollapsedStatusBarFragment | functionName -> NotifySystemUpdates | onReceive -->  | value -> Fullscreen mode changed --> path 5
01-01 00:27:19.751  3739  3739 W HMI2-SETTINGS: SWR_BAIDU_HMI_0015|FUN=WifiActivity::addView|0|Display password enter dialog with addView method.
01-01 00:27:19.751  3739  3739 W HMI2-SETTINGS: SWR_BAIDU_HMI_0027|FUN=WifiActivity::addView|0|Display password enter dialog with addView method.
01-01 00:27:19.753  3739  3739 W HMI2-SETTINGS - CI08.4: className -> WifiActivity | functionName -> setOnFocusChangeListener :   | value -> hasFocus:true
01-01 00:27:19.756  1151  1553 D mEnabledInputMethodsStrCache: com.android.inputmethods.latin/.LatinIME
01-01 00:27:19.757  1151  1553 D systemLanguageCode: en__GB
01-01 00:27:19.757  1151  1553 D mEnabledInputMethodsStrCache: com.android.inputmethods.latin/.LatinIME
01-01 00:27:19.757  1151  1168 D mEnabledInputMethodsStrCache: com.android.inputmethods.latin/.LatinIME
01-01 00:27:19.757  1151  1168 D systemLanguageCode: en__GB
01-01 00:27:19.757  1151  1168 D mEnabledInputMethodsStrCache: com.android.inputmethods.latin/.LatinIME
01-01 00:27:19.759  1151  1553 D mEnabledInputMethodsStrCache: com.android.inputmethods.latin/.LatinIME
01-01 00:27:19.759  1151  1553 D systemLanguageCode: en__GB
01-01 00:27:19.759  1151  1553 D mEnabledInputMethodsStrCache: com.android.inputmethods.latin/.LatinIME
01-01 00:27:19.760  1151  1553 D mEnabledInputMethodsStrCache: com.android.inputmethods.latin/.LatinIME
01-01 00:27:19.760  1151  1553 D systemLanguageCode: en__GB
01-01 00:27:19.760  1151  1553 D mEnabledInputMethodsStrCache: com.android.inputmethods.latin/.LatinIME
01-01 00:27:19.761  1151  1553 D mEnabledInputMethodsStrCache: com.android.inputmethods.latin/.LatinIME
01-01 00:27:19.761  1151  1553 D systemLanguageCode: en__GB
01-01 00:27:19.761  1151  1553 D mEnabledInputMethodsStrCache: com.android.inputmethods.latin/.LatinIME
01-01 00:27:19.761  1151  1553 D mEnabledInputMethodsStrCache: com.android.inputmethods.latin/.LatinIME
01-01 00:27:19.761  1151  1553 D systemLanguageCode: en__GB
01-01 00:27:19.761  1151  1553 D mEnabledInputMethodsStrCache: com.android.inputmethods.latin/.LatinIME
01-01 00:27:19.762  1379  1379 I LatinIME: SWR_HMISERVICE_SPELLER_MF_001||FUN=onStartInputViewInternal || 1 || Starting input. Cursor position = -1,-1
01-01 00:27:19.766  1151  1168 D WindowManager: relayout packageName=com.panasonic.hmi2settings::session=Session{c47ecfc 3739:1000}::window=android.view.IWindow$Stub$Proxy@ce751f7::attrs.flags=1000100
01-01 00:27:19.766  1151  1168 D WindowManager: relayout >>> FLAG_FULLSCREEN not set in WindowManager.LayoutParams
01-01 00:27:19.766  1151  1168 D WindowManager: startStatusReceiverServiceOnFlagSet: creating intent for action ACTION_ACTIVITY_FULLSCREEN
01-01 00:27:19.767  1151  1168 W ContextImpl: Calling a method in the system process without a qualified user: android.app.ContextImpl.startService:1476 com.android.server.wm.Session.startStatusReceiverServiceOnFlagSet:762 com.android.server.wm.Session.relayout:276 android.view.IWindowSession$Stub.onTransact:286 com.android.server.wm.Session.onTransact:166 
01-01 00:27:19.768  1151  1168 D CompatibilityInfo: mCompatibilityFlags - 4
01-01 00:27:19.768  1151  1168 D CompatibilityInfo: applicationDensity - 240
01-01 00:27:19.768  1151  1168 D CompatibilityInfo: applicationScale - 1.0
01-01 00:27:19.769  1151  1168 D WindowManager: startStatusReceiverServiceOnFlagSet: startService done
01-01 00:27:19.775  1392  1392 W SYSTEM_UI: SWR_SYSTEM_UI_007|FUN=CollapsedStatusBarFragment::getAction |1|Broadcast action --> STATUS_UPDATE_ACTION
01-01 00:27:19.776  1392  1392 W SYSTEM_UI: SWR_SYSTEM_UI_007|FUN=CollapsedStatusBarFragment::getIntExtra |1|NotifySystemUpdates dataType --> 101
01-01 00:27:19.776  1392  1392 W SYSTEM_UI - CI07.3: className -> CollapsedStatusBarFragment | functionName -> NotifySystemUpdates | onReceive -->  | value -> FULLSCREEN MODE CHANGED | isFullScreenStatus --> false | fullScreenPackage -->com.panasonic.hmi2settings | fullscreenLastShownPackage -->null | topActivityPackage --> com.panasonic.hmi2settings
01-01 00:27:19.776  1392  1392 W SYSTEM_UI - CI07.3: className -> CollapsedStatusBarFragment | functionName -> NotifySystemUpdates | onReceive -->  | value -> Fullscreen mode changed --> path 5
01-01 00:27:19.794  3675 10192 W ByMatcher: Node returned null child: android.view.accessibility.AccessibilityNodeInfo@7442; boundsInParent: Rect(0, 0 - 1920, 104); boundsInScreen: Rect(0, 0 - 1920, 104); packageName: com.android.systemui; className: android.widget.FrameLayout; text: null; error: null; maxTextLength: -1; contentDescription: null; viewIdResName: null; checkable: false; checked: false; focusable: false; focused: false; selected: false; clickable: false; longClickable: false; contextClickable: false; enabled: true; password: false; scrollable: false; importantForAccessibility: true; actions: [AccessibilityAction: ACTION_SELECT - null, AccessibilityAction: ACTION_CLEAR_SELECTION - null, AccessibilityAction: ACTION_ACCESSIBILITY_FOCUS - null, AccessibilityAction: ACTION_SHOW_ON_SCREEN - null]
01-01 00:27:19.794  3675 10192 W ByMatcher: Skipping null child (0 of 4)
01-01 00:27:19.796  3675 10192 W ByMatcher: Skipping null child (1 of 4)
01-01 00:27:19.797  3675 10192 W ByMatcher: Skipping null child (2 of 4)
01-01 00:27:19.798  3675 10192 W ByMatcher: Skipping null child (3 of 4)
