01-01 01:01:25.098  3739  3739 W HMI2-SETTINGS - CI08.4: className -> WifiActivity | functionName -> getConnectSummary | value -> getConnectSummaryID: 164 SSID: "RSE_Test" PROVIDER-NAME: null BSSID: null FQDN: null PRIO: 0 HIDDEN: false
01-01 01:01:25.098  3739  3739 W HMI2-SETTINGS - CI08.4:  NetworkSelectionStatus NETWORK_SELECTION_ENABLED
01-01 01:01:25.098  3739  3739 W HMI2-SETTINGS - CI08.4:  hasEverConnected: false
01-01 01:01:25.098  3739  3739 W HMI2-SETTINGS - CI08.4:  KeyMgmt: WPA_PSK Protocols: WPA RSN
01-01 01:01:25.098  3739  3739 W HMI2-SETTINGS - CI08.4:  AuthAlgorithms: OPEN
01-01 01:01:25.098  3739  3739 W HMI2-SETTINGS - CI08.4:  PairwiseCiphers: TKIP CCMP
01-01 01:01:25.098  3739  3739 W HMI2-SETTINGS - CI08.4:  GroupCiphers: TKIP CCMP
01-01 01:01:25.098  3739  3739 W HMI2-SETTINGS - CI08.4:  PSK: *
01-01 01:01:25.098  3739  3739 W HMI2-SETTINGS - CI08.4: 
01-01 01:01:25.098  3739  3739 W HMI2-SETTINGS - CI08.4:  sim_num 
01-01 01:01:25.098  3739  3739 W HMI2-SETTINGS - CI08.4: Enterprise config:
01-01 01:01:25.098  3739  3739 W HMI2-SETTINGS - CI08.4: IP config:
01-01 01:01:25.098  3739  3739 W HMI2-SETTINGS - CI08.4: IP assignment: DHCP
01-01 01:01:25.098  3739  3739 W HMI2-SETTINGS - CI08.4: Proxy settings: NONE
01-01 01:01:25.098  3739  3739 W HMI2-SETTINGS - CI08.4:  cuid=1000 cname=android.uid.system:1000 luid=1000 lname=android.uid.system:1000 lcuid=1000 userApproved=USER_UNSPECIFIED noInternetAccessExpected=false roamingFailureBlackListTimeMilli: 1000
01-01 01:01:25.098  3739  3739 W HMI2-SETTINGS - CI08.4: recentFailure: Association Rejection code: 0
01-01 01:01:25.098  3739  3739 W HMI2-SETTINGS - CI08.4: ShareThisAp: false
01-01 01:01:25.098  3739  3739 W HMI2-SETTINGS - CI08.4: className -> WifiActivity | functionName -> getConnectSummary : | value ->  Saved
01-01 01:01:25.363   729   748 I sssv-lib: sendMsg enter
01-01 01:01:25.363   729   748 I sssv-lib: sendMsg complete.
01-01 01:01:25.776  3675 18835 D UiScrollable: scrollToBeginning() on selector = UiSelector[SCROLLABLE=true]
01-01 01:01:25.776  3675 18835 D UiScrollable: scrollBackward() on selector = UiSelector[SCROLLABLE=true]
01-01 01:01:25.783  3675 18835 I QueryController: Matched selector: UiSelector[SCROLLABLE=true] <<==>> [android.view.accessibility.AccessibilityNodeInfo@3b8466f; boundsInParent: Rect(0, 782 - 1332, 1671); boundsInScreen: Rect(305, 172 - 1637, 1061); packageName: com.panasonic.hmi2settings; className: android.widget.ScrollView; text: null; error: null; maxTextLength: -1; contentDescription: null; viewIdResName: com.panasonic.hmi2settings:id/scrollWifi; checkable: false; checked: false; focusable: true; focused: false; selected: false; clickable: false; longClickable: false; contextClickable: false; enabled: true; password: false; scrollable: true; importantForAccessibility: true; actions: [AccessibilityAction: ACTION_FOCUS - null, AccessibilityAction: ACTION_SELECT - null, AccessibilityAction: ACTION_CLEAR_SELECTION - null, AccessibilityAction: ACTION_ACCESSIBILITY_FOCUS - null, AccessibilityAction: ACTION_SCROLL_FORWARD - null, AccessibilityAction: ACTION_SCROLL_BACKWARD - null, AccessibilityAction: ACTION_SHOW_ON_SCREEN - null]]
01-01 01:01:25.784  3675 18835 D UiScrollable: scrollToBegining() using vertical scroll
01-01 01:01:25.784  3675 18835 D InteractionController: scrollSwipe (971, 260, 971, 973, 55)
01-01 01:01:25.823  3023  3023 I wpa_supplicant: CTRL-EVENT-SCAN-RESULTS Scan completed in 0.803360 seconds
01-01 01:01:25.824  3023  3023 I wpa_supplicant: wlan0: Trying to associate with SSID 'RSE_Test'
01-01 01:01:25.825  3023  3023 E wpa_supplicant: Notifying state change event to hidl control: 5
01-01 01:01:25.825   921  1439 I LOWI-8.5.0.3.c: [LOWI-Scan] lowi_close_record:Scan completed in 3665864ms and Recieved 43 APs scan results
01-01 01:01:25.034   808   808 W wificond: Scan is not started. Ignore abort request
01-01 01:01:25.826   808   808 I wificond: Received external scan result notification from kernel.
01-01 01:01:25.826  1151  4493 D WificondControl: Scan result ready event
01-01 01:01:25.826  1151  1323 W AlarmManager: Unrecognized alarm listener com.android.server.wifi.scanner.WificondScannerImpl$3@207a0a6
01-01 01:01:25.827  1151  1323 I WifiService: isScanAlwaysAvailable uid=1000
01-01 01:01:25.827  1151  1323 I WifiService: getWifiEnabledState uid=1000
01-01 01:01:25.828   921   961 I LOWI-8.5.0.3.c: [LOWIUtils] responseToOutPostcard - TO: GTP-FDAL, FROM:   LOWI-SERVER, RESP:  LOWI_ASYNC_DISCOVERY_SCAN_RESULTS
01-01 01:01:25.829  1392  1392 W SYSTEM_UI: SWR_SYSTEM_UI_008|FUN=CollapsedStatusBarFragment::AndroidEventReceiver | getAction |1|Broadcast action:android.net.wifi.STATE_CHANGE received
01-01 01:01:25.829  1392  1392 W SYSTEM_UI - CI07.3: className -> CollapsedStatusBarFragment | functionName -> AndroidEventReceiver | onReceive -->  | value -> Wifi connection status--> false
01-01 01:01:25.829  1392  1392 W SYSTEM_UI: SWR_SYSTEM_UI_008|FUN=CollapsedStatusBarFragment::isConnected |1|Wifi connection status--> false
01-01 01:01:25.829  1392  1392 W SYSTEM_UI - CI07.3: className -> CollapsedStatusBarFragment | functionName -> updateHermsDataType | value -> Update Herms Data Type :: networkType --> 0
01-01 01:01:25.829  1392  1392 W SYSTEM_UI - CI07.3: className -> CollapsedStatusBarFragment | functionName -> updateHermsDataType | value -> Update Herms Data Type :: isWebsiteSecure --> false
01-01 01:01:25.829  1508  1601 W QCNEJ   : |CORE| notifyWifiStatusChanged failed
01-01 01:01:25.829  1392  1392 W SYSTEM_UI - CI07.3: className -> CollapsedStatusBarFragment | functionName -> updateHermsDataType | value -> Update Herms Data Type :: connection status --> 1
01-01 01:01:25.829  1508  1601 W QCNEJ   : |CORE| notifyRatConnectionStatusChanged failed
01-01 01:01:25.829  1392  1392 W SYSTEM_UI - CI07.3: className -> CollapsedStatusBarFragment | functionName -> updateHermsDataType | value -> Update Herms Data Type :: data Transfer --> false
01-01 01:01:25.829  1392  1392 W SYSTEM_UI - CI07.3: className -> CollapsedStatusBarFragment | functionName -> updateHermsDataType | value -> Update Herms Data Type :: wifiConnectionStatus --> false
01-01 01:01:25.829  1392  1392 W SYSTEM_UI - CI07.3: className -> CollapsedStatusBarFragment | functionName -> updateHermsDataType | value -> path 2
01-01 01:01:25.829  1392  1392 W SYSTEM_UI - CI07.3: className -> CollapsedStatusBarFragment | functionName -> updateHermsDataType | value -> path 3
01-01 01:01:25.830  2145  2145 D HMI_SERVICE: USE_CASE_NA|FUN=HmiApplication| [action] android.net.wifi.STATE_CHANGE
01-01 01:01:25.833  3739  3739 E HMI2-SETTINGS - CI08.4: className -> WifiActivity | functionName -> mWifiScanReceiver -> onReceive | error ->intent_action:android.net.wifi.STATE_CHANGE
01-01 01:01:25.834  3739  3739 W HMI2-SETTINGS - CI08.4: className -> WifiActivity | functionName -> handleNetworkStateChanged | value -> detailedState->CONNECTING
01-01 01:01:25.834  1151  2229 I WifiService: getConfiguredNetworks uid=1000
01-01 01:01:25.837   924   979 W XTCC-6.1.2.10-a: [LOWIUtils] to_eScanTypeResponse - default case
01-01 01:01:25.837   924   979 W XTCC-6.1.2.10-a: [WifiScanner] WiFi scan result : [43] AP's, async result: 1
01-01 01:01:25.865   808   808 I wificond: Enters wifigbk_ageOutHistory
01-01 01:01:25.871  1151  1317 D WifiConfiguration: configKey: false
01-01 01:01:25.872  2145  2145 D HMI_SERVICE: USE_CASE_NA|FUN=HmiApplication| [action] android.net.wifi.supplicant.STATE_CHANGE
01-01 01:01:25.873  3739  3739 W HMI2-SETTINGS - CI08.4: className -> WifiActivity | functionName -> getConfig: success-> | value -> "RSE_Test"
01-01 01:01:25.873  3739  3739 W HMI2-SETTINGS - CI08.4: className -> WifiActivity | functionName -> getConnectSummary | value -> getConnectSummaryID: 164 SSID: "RSE_Test" PROVIDER-NAME: null BSSID: null FQDN: null PRIO: 0 HIDDEN: false
01-01 01:01:25.873  3739  3739 W HMI2-SETTINGS - CI08.4:  NetworkSelectionStatus NETWORK_SELECTION_ENABLED
01-01 01:01:25.873  3739  3739 W HMI2-SETTINGS - CI08.4:  hasEverConnected: false
01-01 01:01:25.873  3739  3739 W HMI2-SETTINGS - CI08.4:  KeyMgmt: WPA_PSK Protocols: WPA RSN
01-01 01:01:25.873  3739  3739 W HMI2-SETTINGS - CI08.4:  AuthAlgorithms: OPEN
01-01 01:01:25.873  3739  3739 W HMI2-SETTINGS - CI08.4:  PairwiseCiphers: TKIP CCMP
01-01 01:01:25.873  3739  3739 W HMI2-SETTINGS - CI08.4:  GroupCiphers: TKIP CCMP
01-01 01:01:25.873  3739  3739 W HMI2-SETTINGS - CI08.4:  PSK: *
01-01 01:01:25.873  3739  3739 W HMI2-SETTINGS - CI08.4: 
01-01 01:01:25.873  3739  3739 W HMI2-SETTINGS - CI08.4:  sim_num 
01-01 01:01:25.873  3739  3739 W HMI2-SETTINGS - CI08.4: Enterprise config:
01-01 01:01:25.873  3739  3739 W HMI2-SETTINGS - CI08.4: IP config:
01-01 01:01:25.873  3739  3739 W HMI2-SETTINGS - CI08.4: IP assignment: DHCP
01-01 01:01:25.873  3739  3739 W HMI2-SETTINGS - CI08.4: Proxy settings: NONE
01-01 01:01:25.873  3739  3739 W HMI2-SETTINGS - CI08.4:  cuid=1000 cname=android.uid.system:1000 luid=1000 lname=android.uid.system:1000 lcuid=1000 userApproved=USER_UNSPECIFIED noInternetAccessExpected=false roamingFailureBlackListTimeMilli: 1000
01-01 01:01:25.873  3739  3739 W HMI2-SETTINGS - CI08.4: recentFailure: Association Rejection code: 0
01-01 01:01:25.873  3739  3739 W HMI2-SETTINGS - CI08.4: ShareThisAp: false
01-01 01:01:25.873  3739  3739 W HMI2-SETTINGS - CI08.4: className -> WifiActivity | functionName -> getConnectSummary : | value ->  Saved
01-01 01:01:25.951  3023  3023 E wpa_supplicant: Notifying state change event to hidl control: 6
01-01 01:01:25.951  3023  3023 I wpa_supplicant: wlan0: Associated with ec:58:ea:f6:10:88
01-01 01:01:25.954  2145  2145 D HMI_SERVICE: USE_CASE_NA|FUN=HmiApplication| [action] android.net.wifi.supplicant.STATE_CHANGE
01-01 01:01:26.151  2054  2054 E         : 
01-01 01:01:26.151  2054  2054 E         : Buffer Size = 1048576
01-01 01:01:26.156  3023  3023 E wpa_supplicant: Notifying state change event to hidl control: 7
01-01 01:01:26.161  1508  1601 W QCNEJ   : |CORE| notifyWifiStatusChanged failed
01-01 01:01:26.161  2145  2145 D HMI_SERVICE: USE_CASE_NA|FUN=HmiApplication| [action] android.net.wifi.STATE_CHANGE
01-01 01:01:26.161  1508  1601 W QCNEJ   : |CORE| notifyRatConnectionStatusChanged failed
01-01 01:01:26.161  1392  1392 W SYSTEM_UI: SWR_SYSTEM_UI_008|FUN=CollapsedStatusBarFragment::AndroidEventReceiver | getAction |1|Broadcast action:android.net.wifi.STATE_CHANGE received
01-01 01:01:26.161  1392  1392 W SYSTEM_UI - CI07.3: className -> CollapsedStatusBarFragment | functionName -> AndroidEventReceiver | onReceive -->  | value -> Wifi connection status--> false
01-01 01:01:26.161  1392  1392 W SYSTEM_UI: SWR_SYSTEM_UI_008|FUN=CollapsedStatusBarFragment::isConnected |1|Wifi connection status--> false
01-01 01:01:26.162  1392  1392 W SYSTEM_UI - CI07.3: className -> CollapsedStatusBarFragment | functionName -> updateHermsDataType | value -> Update Herms Data Type :: networkType --> 0
01-01 01:01:26.162  1392  1392 W SYSTEM_UI - CI07.3: className -> CollapsedStatusBarFragment | functionName -> updateHermsDataType | value -> Update Herms Data Type :: isWebsiteSecure --> false
01-01 01:01:26.162  1392  1392 W SYSTEM_UI - CI07.3: className -> CollapsedStatusBarFragment | functionName -> updateHermsDataType | value -> Update Herms Data Type :: connection status --> 1
01-01 01:01:26.162  1392  1392 W SYSTEM_UI - CI07.3: className -> CollapsedStatusBarFragment | functionName -> updateHermsDataType | value -> Update Herms Data Type :: data Transfer --> false
01-01 01:01:26.162  1392  1392 W SYSTEM_UI - CI07.3: className -> CollapsedStatusBarFragment | functionName -> updateHermsDataType | value -> Update Herms Data Type :: wifiConnectionStatus --> false
01-01 01:01:26.162  1392  1392 W SYSTEM_UI - CI07.3: className -> CollapsedStatusBarFragment | functionName -> updateHermsDataType | value -> path 2
01-01 01:01:26.162  1392  1392 W SYSTEM_UI - CI07.3: className -> CollapsedStatusBarFragment | functionName -> updateHermsDataType | value -> path 3
01-01 01:01:26.162  2145  2145 D HMI_SERVICE: USE_CASE_NA|FUN=HmiApplication| [action] android.net.wifi.supplicant.STATE_CHANGE
01-01 01:01:26.170  3739  3739 E HMI2-SETTINGS - CI08.4: className -> WifiActivity | functionName -> mWifiScanReceiver -> onReceive | error ->intent_action:android.net.wifi.STATE_CHANGE
01-01 01:01:26.170  3739  3739 W HMI2-SETTINGS - CI08.4: className -> WifiActivity | functionName -> handleNetworkStateChanged | value -> detailedState->AUTHENTICATING
01-01 01:01:26.170  1151  4493 I WifiService: getConfiguredNetworks uid=1000
01-01 01:01:26.175  3739  3739 W HMI2-SETTINGS - CI08.4: className -> WifiActivity | functionName -> getConfig: success-> | value -> "RSE_Test"
01-01 01:01:26.175  3739  3739 W HMI2-SETTINGS - CI08.4: className -> WifiActivity | functionName -> getConnectSummary | value -> getConnectSummaryID: 164 SSID: "RSE_Test" PROVIDER-NAME: null BSSID: null FQDN: null PRIO: 0 HIDDEN: false
01-01 01:01:26.175  3739  3739 W HMI2-SETTINGS - CI08.4:  NetworkSelectionStatus NETWORK_SELECTION_ENABLED
01-01 01:01:26.175  3739  3739 W HMI2-SETTINGS - CI08.4:  hasEverConnected: false
01-01 01:01:26.175  3739  3739 W HMI2-SETTINGS - CI08.4:  KeyMgmt: WPA_PSK Protocols: WPA RSN
01-01 01:01:26.175  3739  3739 W HMI2-SETTINGS - CI08.4:  AuthAlgorithms: OPEN
01-01 01:01:26.175  3739  3739 W HMI2-SETTINGS - CI08.4:  PairwiseCiphers: TKIP CCMP
01-01 01:01:26.175  3739  3739 W HMI2-SETTINGS - CI08.4:  GroupCiphers: TKIP CCMP
01-01 01:01:26.175  3739  3739 W HMI2-SETTINGS - CI08.4:  PSK: *
01-01 01:01:26.175  3739  3739 W HMI2-SETTINGS - CI08.4: 
01-01 01:01:26.175  3739  3739 W HMI2-SETTINGS - CI08.4:  sim_num 
01-01 01:01:26.175  3739  3739 W HMI2-SETTINGS - CI08.4: Enterprise config:
01-01 01:01:26.175  3739  3739 W HMI2-SETTINGS - CI08.4: IP config:
01-01 01:01:26.175  3739  3739 W HMI2-SETTINGS - CI08.4: IP assignment: DHCP
01-01 01:01:26.175  3739  3739 W HMI2-SETTINGS - CI08.4: Proxy settings: NONE
01-01 01:01:26.175  3739  3739 W HMI2-SETTINGS - CI08.4:  cuid=1000 cname=android.uid.system:1000 luid=1000 lname=android.uid.system:1000 lcuid=1000 userApproved=USER_UNSPECIFIED noInternetAccessExpected=false roamingFailureBlackListTimeMilli: 1000
01-01 01:01:26.175  3739  3739 W HMI2-SETTINGS - CI08.4: recentFailure: Association Rejection code: 0
01-01 01:01:26.175  3739  3739 W HMI2-SETTINGS - CI08.4: ShareThisAp: false
01-01 01:01:26.175  3739  3739 W HMI2-SETTINGS - CI08.4: className -> WifiActivity | functionName -> getConnectSummary : | value ->  Saved
01-01 01:01:26.176  3023  3023 E wpa_supplicant: Notifying state change event to hidl control: 8
01-01 01:01:26.177  3023  3023 I wpa_supplicant: wlan0: WPA: Key negotiation completed with ec:58:ea:f6:10:88 [PTK=CCMP GTK=CCMP]
01-01 01:01:26.177  3023  3023 I wpa_supplicant: wlan0: CTRL-EVENT-CONNECTED - Connection to ec:58:ea:f6:10:88 completed [id=0 id_str=%7B%22configKey%22%3A%22%5C%22RSE_Test%5C%22WPA_PSK%22%2C%22creatorUid%22%3A%221000%22%7D]
01-01 01:01:26.178  3023  3023 E wpa_supplicant: Notifying state change event to hidl control: 9
01-01 01:01:26.181   921  1439 I LOWI-8.5.0.3.c: [LOWI-Scan] get_intf_mode: WLAN interface type 2, err 0
01-01 01:01:26.183  2054  2054 E         : 
01-01 01:01:26.183  2054  2054 E         : <6>[ 3353.847849] QSEECOM: scm_call_qcpe:503 : OUT: 0x0, 0x0, 0x0, 0x0
01-01 01:01:26.183  2054  2054 E         : <6>[ 3353.863403] QSEECOM: scm_call_qcpe:429 : IN: 0x42000d0a, 0x3, 0x0, 0x414d, 0x75f, 0x0, 0x0
01-01 01:01:26.183  2054  2054 E         : <6>[ 3353.864589] QSEECOM: scm_call_qcpe:503 : OUT: 0x0, 0x0, 0x0, 0x0
01-01 01:01:26.183  2054  2054 E         : <6>[ 3353.880016] QSEECOM: scm_call_qcpe:429 : IN: 0x42000d0a, 0x3, 0x0, 0x40e5, 0x769, 0x0, 0x0
01-01 01:01:26.183  2054  2054 E         : <6>[ 3353.881383] QSEECOM: scm_call_qcpe:503 : OUT: 0x0, 0x0, 0x0, 0x0
01-01 01:01:26.183  2054  2054 E         : <6>[ 3353.897173] QSEECOM: scm_call_qcpe:429 : IN: 0x42000d0a, 0x3, 0x0, 0x4307, 0x760, 0x0, 0x0
01-01 01:01:26.183  2054  2054 E         : <6>[ 3353.898314] QSEECOM: scm_call_qcpe:503 : OUT: 0x0, 0x1, 0x0, 0x0
01-01 01:01:26.183  2054  2054 E         : <6>[ 3353.914151] QSEECOM: scm_call_qcpe:429 : IN: 0x42000d0a, 0x3, 0x0, 0x424f, 0x761, 0x0, 0x0
01-01 01:01:26.183  2054  2054 E         : <6>[ 3353.915460] QSEECOM: scm_call_qcpe:503 : OUT: 0x0, 0x0, 0x0, 0x0
01-01 01:01:26.183  2054  2054 E         : <6>[ 3353.930271] QSEECOM: scm_call_qcpe:429 : IN: 0x42000d0a, 0x3, 0x0, 0x3ef9, 0x76d, 0x0, 0x0
01-01 01:01:26.183  2054  2054 E         : <6>[ 3353.931527] QSEECOM: scm_call_qcpe:503 : OUT: 0x0, 0x0, 0x0, 0x0
01-01 01:01:26.183  2054  2054 E         : <6>[ 3353.947594] QSEECOM: scm_call_qcpe:429 : IN: 0x42000d0a, 0x3, 0x0, 0x43aa, 0x75c, 0x0, 0x0
01-01 01:01:26.183  2054  2054 E         : <6>[ 3353.9491
01-01 01:01:26.185  2145  2145 D HMI_SERVICE: USE_CASE_NA|FUN=HmiApplication| [action] android.net.wifi.supplicant.STATE_CHANGE
01-01 01:01:26.188  2054  2054 E         : USB Hub Detector 1.0
01-01 01:01:26.190  1151  1317 D WifiConfiguration: configKey: false
01-01 01:01:26.190  1151  1317 D WifiConfiguration: configKey: false
01-01 01:01:26.192  1508  1601 W QCNEJ   : |CORE| notifyWifiStatusChanged failed
01-01 01:01:26.192  1508  1601 W QCNEJ   : |CORE| notifyRatConnectionStatusChanged failed
01-01 01:01:26.193  1392  1392 W SYSTEM_UI: SWR_SYSTEM_UI_008|FUN=CollapsedStatusBarFragment::AndroidEventReceiver | getAction |1|Broadcast action:android.net.wifi.STATE_CHANGE received
01-01 01:01:26.194  1392  1392 W SYSTEM_UI - CI07.3: className -> CollapsedStatusBarFragment | functionName -> AndroidEventReceiver | onReceive -->  | value -> Wifi connection status--> false
01-01 01:01:26.194  1392  1392 W SYSTEM_UI: SWR_SYSTEM_UI_008|FUN=CollapsedStatusBarFragment::isConnected |1|Wifi connection status--> false
01-01 01:01:26.194  1392  1392 W SYSTEM_UI - CI07.3: className -> CollapsedStatusBarFragment | functionName -> updateHermsDataType | value -> Update Herms Data Type :: networkType --> 0
01-01 01:01:26.194  1392  1392 W SYSTEM_UI - CI07.3: className -> CollapsedStatusBarFragment | functionName -> updateHermsDataType | value -> Update Herms Data Type :: isWebsiteSecure --> false
01-01 01:01:26.194  1392  1392 W SYSTEM_UI - CI07.3: className -> CollapsedStatusBarFragment | functionName -> updateHermsDataType | value -> Update Herms Data Type :: connection status --> 1
01-01 01:01:26.194  1392  1392 W SYSTEM_UI - CI07.3: className -> CollapsedStatusBarFragment | functionName -> updateHermsDataType | value -> Update Herms Data Type :: data Transfer --> false
01-01 01:01:26.194  1392  1392 W SYSTEM_UI - CI07.3: className -> CollapsedStatusBarFragment | functionName -> updateHermsDataType | value -> Update Herms Data Type :: wifiConnectionStatus --> false
01-01 01:01:26.194  1392  1392 W SYSTEM_UI - CI07.3: className -> CollapsedStatusBarFragment | functionName -> updateHermsDataType | value -> path 2
01-01 01:01:26.194  1392  1392 W SYSTEM_UI - CI07.3: className -> CollapsedStatusBarFragment | functionName -> updateHermsDataType | value -> path 3
01-01 01:01:26.194  2145  2145 D HMI_SERVICE: USE_CASE_NA|FUN=HmiApplication| [action] android.net.wifi.STATE_CHANGE
01-01 01:01:26.194  3739  3739 E HMI2-SETTINGS - CI08.4: className -> WifiActivity | functionName -> mWifiScanReceiver -> onReceive | error ->intent_action:android.net.wifi.STATE_CHANGE
01-01 01:01:26.195  3739  3739 W HMI2-SETTINGS - CI08.4: className -> WifiActivity | functionName -> handleNetworkStateChanged | value -> detailedState->AUTHENTICATING
01-01 01:01:26.195  1151  4493 I WifiService: getConfiguredNetworks uid=1000
01-01 01:01:26.197  1508  1601 W QCNEJ   : |CORE| notifyWifiStatusChanged failed
01-01 01:01:26.197  1508  1601 W QCNEJ   : |CORE| notifyRatConnectionStatusChanged failed
01-01 01:01:26.198  2145  2145 D HMI_SERVICE: USE_CASE_NA|FUN=HmiApplication| [action] android.net.wifi.STATE_CHANGE
01-01 01:01:26.198  1392  1392 W SYSTEM_UI: SWR_SYSTEM_UI_008|FUN=CollapsedStatusBarFragment::AndroidEventReceiver | getAction |1|Broadcast action:android.net.wifi.STATE_CHANGE received
01-01 01:01:26.199  1392  1392 W SYSTEM_UI - CI07.3: className -> CollapsedStatusBarFragment | functionName -> AndroidEventReceiver | onReceive -->  | value -> Wifi connection status--> false
01-01 01:01:26.199  1392  1392 W SYSTEM_UI: SWR_SYSTEM_UI_008|FUN=CollapsedStatusBarFragment::isConnected |1|Wifi connection status--> false
01-01 01:01:26.199  1392  1392 W SYSTEM_UI - CI07.3: className -> CollapsedStatusBarFragment | functionName -> updateHermsDataType | value -> Update Herms Data Type :: networkType --> 0
01-01 01:01:26.199  1392  1392 W SYSTEM_UI - CI07.3: className -> CollapsedStatusBarFragment | functionName -> updateHermsDataType | value -> Update Herms Data Type :: isWebsiteSecure --> false
01-01 01:01:26.199  1392  1392 W SYSTEM_UI - CI07.3: className -> CollapsedStatusBarFragment | functionName -> updateHermsDataType | value -> Update Herms Data Type :: connection status --> 1
01-01 01:01:26.199  1392  1392 W SYSTEM_UI - CI07.3: className -> CollapsedStatusBarFragment | functionName -> updateHermsDataType | value -> Update Herms Data Type :: data Transfer --> false
01-01 01:01:26.199  1392  1392 W SYSTEM_UI - CI07.3: className -> CollapsedStatusBarFragment | functionName -> updateHermsDataType | value -> Update Herms Data Type :: wifiConnectionStatus --> false
01-01 01:01:26.199  1392  1392 W SYSTEM_UI - CI07.3: className -> CollapsedStatusBarFragment | functionName -> updateHermsDataType | value -> path 2
01-01 01:01:26.199  1392  1392 W SYSTEM_UI - CI07.3: className -> CollapsedStatusBarFragment | functionName -> updateHermsDataType | value -> path 3
01-01 01:01:25.951   808   808 I wificond: Enters wifigbk_ageOutHistory
01-01 01:01:26.201  1151  1317 D ConnectivityService: registerNetworkAgent NetworkAgentInfo{ ni{[type: WIFI[], state: CONNECTING/CONNECTING, reason: (unspecified), extra: "RSE_Test", failover: false, available: true, roaming: false]}  network{429}  nethandle{1842557405918}  lp{{LinkAddresses: []  Routes: [] DnsAddresses: [] Domains: null MTU: 0}}  nc{[ Transports: WIFI Capabilities: NOT_METERED&INTERNET&NOT_RESTRICTED&TRUSTED&NOT_VPN LinkUpBandwidth>=1048576Kbps LinkDnBandwidth>=1048576Kbps]}  Score{20}  everValidated{false}  lastValidated{false}  created{false} lingering{false} explicitlySelected{false} acceptUnvalidated{false} everCaptivePortalDetected{false} lastCaptivePortalDetected{false} clat{null} }
01-01 01:01:26.203  1151  1325 D ConnectivityService: NetworkAgentInfo [WIFI () - 429] EVENT_NETWORK_INFO_CHANGED, going from null to CONNECTING
01-01 01:01:26.206  1508  1601 W QCNEJ   : |CORE| notifyWifiStatusChanged failed
01-01 01:01:26.206  1508  1601 W QCNEJ   : |CORE| notifyRatConnectionStatusChanged failed
01-01 01:01:26.207  2145  2145 D HMI_SERVICE: USE_CASE_NA|FUN=HmiApplication| [action] android.net.wifi.STATE_CHANGE
01-01 01:01:26.207  1392  1392 W SYSTEM_UI: SWR_SYSTEM_UI_008|FUN=CollapsedStatusBarFragment::AndroidEventReceiver | getAction |1|Broadcast action:android.net.wifi.STATE_CHANGE received
01-01 01:01:26.207  1392  1392 W SYSTEM_UI - CI07.3: className -> CollapsedStatusBarFragment | functionName -> AndroidEventReceiver | onReceive -->  | value -> Wifi connection status--> false
01-01 01:01:26.208  1392  1392 W SYSTEM_UI: SWR_SYSTEM_UI_008|FUN=CollapsedStatusBarFragment::isConnected |1|Wifi connection status--> false
01-01 01:01:26.208  1392  1392 W SYSTEM_UI - CI07.3: className -> CollapsedStatusBarFragment | functionName -> updateHermsDataType | value -> Update Herms Data Type :: networkType --> 0
01-01 01:01:26.208  1392  1392 W SYSTEM_UI - CI07.3: className -> CollapsedStatusBarFragment | functionName -> updateHermsDataType | value -> Update Herms Data Type :: isWebsiteSecure --> false
01-01 01:01:26.208  1392  1392 W SYSTEM_UI - CI07.3: className -> CollapsedStatusBarFragment | functionName -> updateHermsDataType | value -> Update Herms Data Type :: connection status --> 1
01-01 01:01:26.208  1392  1392 W SYSTEM_UI - CI07.3: className -> CollapsedStatusBarFragment | functionName -> updateHermsDataType | value -> Update Herms Data Type :: data Transfer --> false
01-01 01:01:26.208  1392  1392 W SYSTEM_UI - CI07.3: className -> CollapsedStatusBarFragment | functionName -> updateHermsDataType | value -> Update Herms Data Type :: wifiConnectionStatus --> false
01-01 01:01:26.208  1392  1392 W SYSTEM_UI - CI07.3: className -> CollapsedStatusBarFragment | functionName -> updateHermsDataType | value -> path 2
01-01 01:01:26.208  1392  1392 W SYSTEM_UI - CI07.3: className -> CollapsedStatusBarFragment | functionName -> updateHermsDataType | value -> path 3
01-01 01:01:26.211  1151  1317 E SupplicantStaIfaceHal: ISupplicantStaIface.setBtCoexistenceMode failed: FAILURE_UNKNOWN, 
01-01 01:01:26.212   625   625 D WifiHAL : Getting APF capabilities, halHandle = 0x7f734319a0
01-01 01:01:26.212   625   625 I WifiHAL : 
01-01 01:01:26.212   625   625 I WifiHAL : createRequest: APF get capabilities request
01-01 01:01:26.212   625   625 I WifiHAL : Request Response failed for APF, result = -95
01-01 01:01:26.213  1151  1317 E WifiVendorHal: getApfCapabilities(l.1623) failed {.code = ERROR_UNKNOWN, .description = errno: -95 (Unknown error -95)}
01-01 01:01:26.219  3739  3739 W HMI2-SETTINGS - CI08.4: className -> WifiActivity | functionName -> getConfig: success-> | value -> "RSE_Test"
01-01 01:01:26.219  1151  1317 E WifiVendorHal: configureNeighborDiscoveryOffload(l.2366) failed {.code = ERROR_UNKNOWN, .description = errno: -95 (Unknown error -95)}
01-01 01:01:26.219  3739  3739 W HMI2-SETTINGS - CI08.4: className -> WifiActivity | functionName -> getConnectSummary | value -> getConnectSummaryID: 164 SSID: "RSE_Test" PROVIDER-NAME: null BSSID: null FQDN: null PRIO: 0 HIDDEN: false
01-01 01:01:26.219  3739  3739 W HMI2-SETTINGS - CI08.4:  NetworkSelectionStatus NETWORK_SELECTION_ENABLED
01-01 01:01:26.219  3739  3739 W HMI2-SETTINGS - CI08.4:  hasEverConnected: false
01-01 01:01:26.219  3739  3739 W HMI2-SETTINGS - CI08.4:  KeyMgmt: WPA_PSK Protocols: WPA RSN
01-01 01:01:26.219  3739  3739 W HMI2-SETTINGS - CI08.4:  AuthAlgorithms: OPEN
01-01 01:01:26.219  3739  3739 W HMI2-SETTINGS - CI08.4:  PairwiseCiphers: TKIP CCMP
01-01 01:01:26.219  3739  3739 W HMI2-SETTINGS - CI08.4:  GroupCiphers: TKIP CCMP
01-01 01:01:26.219  3739  3739 W HMI2-SETTINGS - CI08.4:  PSK: *
01-01 01:01:26.219  3739  3739 W HMI2-SETTINGS - CI08.4: 
01-01 01:01:26.219  3739  3739 W HMI2-SETTINGS - CI08.4:  sim_num 
01-01 01:01:26.219  3739  3739 W HMI2-SETTINGS - CI08.4: Enterprise config:
01-01 01:01:26.219  3739  3739 W HMI2-SETTINGS - CI08.4: IP config:
01-01 01:01:26.219  3739  3739 W HMI2-SETTINGS - CI08.4: IP assignment: DHCP
01-01 01:01:26.219  3739  3739 W HMI2-SETTINGS - CI08.4: Proxy settings: NONE
01-01 01:01:26.219  3739  3739 W HMI2-SETTINGS - CI08.4:  cuid=1000 cname=android.uid.system:1000 luid=1000 lname=android.uid.system:1000 lcuid=1000 userApproved=USER_UNSPECIFIED noInternetAccessExpected=false roamingFailureBlackListTimeMilli: 1000
01-01 01:01:26.219  3739  3739 W HMI2-SETTINGS - CI08.4: recentFailure: Association Rejection code: 0
01-01 01:01:26.219  3739  3739 W HMI2-SETTINGS - CI08.4: ShareThisAp: false
01-01 01:01:26.219  3739  3739 W HMI2-SETTINGS - CI08.4: className -> WifiActivity | functionName -> getConnectSummary : | value ->  Saved
01-01 01:01:26.219  3739  3739 E HMI2-SETTINGS - CI08.4: className -> WifiActivity | functionName -> mWifiScanReceiver -> onReceive | error ->intent_action:android.net.wifi.STATE_CHANGE
01-01 01:01:26.219  3739  3739 W HMI2-SETTINGS - CI08.4: className -> WifiActivity | functionName -> handleNetworkStateChanged | value -> detailedState->CONNECTING
01-01 01:01:26.219  1151  2229 I WifiService: getConfiguredNetworks uid=1000
01-01 01:01:26.220  2145  2145 D HMI_SERVICE: USE_CASE_NA|FUN=HmiApplication| [action] android.net.wifi.supplicant.STATE_CHANGE
01-01 01:01:26.223  3739  3739 W HMI2-SETTINGS - CI08.4: className -> WifiActivity | functionName -> getConfig: success-> | value -> "RSE_Test"
01-01 01:01:26.224  3739  3739 W HMI2-SETTINGS - CI08.4: className -> WifiActivity | functionName -> getConnectSummary | value -> getConnectSummaryID: 164 SSID: "RSE_Test" PROVIDER-NAME: null BSSID: null FQDN: null PRIO: 0 HIDDEN: false
01-01 01:01:26.224  3739  3739 W HMI2-SETTINGS - CI08.4:  NetworkSelectionStatus NETWORK_SELECTION_ENABLED
01-01 01:01:26.224  3739  3739 W HMI2-SETTINGS - CI08.4:  hasEverConnected: false
01-01 01:01:26.224  3739  3739 W HMI2-SETTINGS - CI08.4:  KeyMgmt: WPA_PSK Protocols: WPA RSN
01-01 01:01:26.224  3739  3739 W HMI2-SETTINGS - CI08.4:  AuthAlgorithms: OPEN
01-01 01:01:26.224  3739  3739 W HMI2-SETTINGS - CI08.4:  PairwiseCiphers: TKIP CCMP
01-01 01:01:26.224  3739  3739 W HMI2-SETTINGS - CI08.4:  GroupCiphers: TKIP CCMP
01-01 01:01:26.224  3739  3739 W HMI2-SETTINGS - CI08.4:  PSK: *
01-01 01:01:26.224  3739  3739 W HMI2-SETTINGS - CI08.4: 
01-01 01:01:26.224  3739  3739 W HMI2-SETTINGS - CI08.4:  sim_num 
01-01 01:01:26.224  3739  3739 W HMI2-SETTINGS - CI08.4: Enterprise config:
01-01 01:01:26.224  3739  3739 W HMI2-SETTINGS - CI08.4: IP config:
01-01 01:01:26.224  3739  3739 W HMI2-SETTINGS - CI08.4: IP assignment: DHCP
01-01 01:01:26.224  3739  3739 W HMI2-SETTINGS - CI08.4: Proxy settings: NONE
01-01 01:01:26.224  3739  3739 W HMI2-SETTINGS - CI08.4:  cuid=1000 cname=android.uid.system:1000 luid=1000 lname=android.uid.system:1000 lcuid=1000 userApproved=USER_UNSPECIFIED noInternetAccessExpected=false roamingFailureBlackListTimeMilli: 1000
01-01 01:01:26.224  3739  3739 W HMI2-SETTINGS - CI08.4: recentFailure: Association Rejection code: 0
01-01 01:01:26.224  3739  3739 W HMI2-SETTINGS - CI08.4: ShareThisAp: false
01-01 01:01:26.224  3739  3739 W HMI2-SETTINGS - CI08.4: className -> WifiActivity | functionName -> getConnectSummary : | value ->  Saved
01-01 01:01:26.227  3739  3739 E HMI2-SETTINGS - CI08.4: className -> WifiActivity | functionName -> mWifiScanReceiver -> onReceive | error ->intent_action:android.net.wifi.STATE_CHANGE
01-01 01:01:26.227  3739  3739 W HMI2-SETTINGS - CI08.4: className -> WifiActivity | functionName -> handleNetworkStateChanged | value -> detailedState->OBTAINING_IPADDR
01-01 01:01:26.227  1151  2263 I WifiService: getConfiguredNetworks uid=1000
01-01 01:01:26.228  3739  3739 W HMI2-SETTINGS - CI08.4: className -> WifiActivity | functionName -> getConfig: success-> | value -> "RSE_Test"
01-01 01:01:26.228  3739  3739 W HMI2-SETTINGS - CI08.4: className -> WifiActivity | functionName -> getConnectSummary | value -> getConnectSummaryID: 164 SSID: "RSE_Test" PROVIDER-NAME: null BSSID: null FQDN: null PRIO: 0 HIDDEN: false
01-01 01:01:26.228  3739  3739 W HMI2-SETTINGS - CI08.4:  NetworkSelectionStatus NETWORK_SELECTION_ENABLED
01-01 01:01:26.228  3739  3739 W HMI2-SETTINGS - CI08.4:  hasEverConnected: false
01-01 01:01:26.228  3739  3739 W HMI2-SETTINGS - CI08.4:  KeyMgmt: WPA_PSK Protocols: WPA RSN
01-01 01:01:26.228  3739  3739 W HMI2-SETTINGS - CI08.4:  AuthAlgorithms: OPEN
01-01 01:01:26.228  3739  3739 W HMI2-SETTINGS - CI08.4:  PairwiseCiphers: TKIP CCMP
01-01 01:01:26.228  3739  3739 W HMI2-SETTINGS - CI08.4:  GroupCiphers: TKIP CCMP
01-01 01:01:26.228  3739  3739 W HMI2-SETTINGS - CI08.4:  PSK: *
01-01 01:01:26.228  3739  3739 W HMI2-SETTINGS - CI08.4: 
01-01 01:01:26.228  3739  3739 W HMI2-SETTINGS - CI08.4:  sim_num 
01-01 01:01:26.228  3739  3739 W HMI2-SETTINGS - CI08.4: Enterprise config:
01-01 01:01:26.228  3739  3739 W HMI2-SETTINGS - CI08.4: IP config:
01-01 01:01:26.228  3739  3739 W HMI2-SETTINGS - CI08.4: IP assignment: DHCP
01-01 01:01:26.228  3739  3739 W HMI2-SETTINGS - CI08.4: Proxy settings: NONE
01-01 01:01:26.228  3739  3739 W HMI2-SETTINGS - CI08.4:  cuid=1000 cname=android.uid.system:1000 luid=1000 lname=android.uid.system:1000 lcuid=1000 userApproved=USER_UNSPECIFIED noInternetAccessExpected=false roamingFailureBlackListTimeMilli: 1000
01-01 01:01:26.228  3739  3739 W HMI2-SETTINGS - CI08.4: recentFailure: Association Rejection code: 0
01-01 01:01:26.228  3739  3739 W HMI2-SETTINGS - CI08.4: ShareThisAp: false
01-01 01:01:26.228  3739  3739 W HMI2-SETTINGS - CI08.4: className -> WifiActivity | functionName -> getConnectSummary : | value ->  Saved
01-01 01:01:26.237  1933  1957 D LCMANDR : SWR_OOB_HV_MF_009|FUN=LifeCycleManagerService::LifeCycle_ReportCompStatus|GOT ALIVENESS SIGNAL FROM DAIAPP : [0]; HB Counter = [ 1459 ]; STATUS INFO = [ 0 ]
01-01 01:01:26.237  1519  1519 I Connectivity_AIDL|AIDL_Handler.AIDL_Helpers.LcmHelper: MBUX App Method: KeepAliveTest |Line No: 408 |Log Type: Critical |Message: MainThread:MBUX-App HB Count: 1461, ResponseCode: 0
01-01 01:01:26.315  1151 18841 D DhcpClient: Receive thread started
01-01 01:01:26.364   729   748 I sssv-lib: sendMsg enter
01-01 01:01:26.364   729   748 I sssv-lib: sendMsg complete.
01-01 01:01:26.389  1151  1317 E SupplicantStaIfaceHal: ISupplicantStaIface.setBtCoexistenceMode failed: FAILURE_UNKNOWN, 
01-01 01:01:26.399  1151 18839 D DhcpClient: Broadcasting DHCPDISCOVER
01-01 01:01:26.410  1151 18841 D DhcpClient: Received packet: 00:9d:6b:17:da:19 OFFER, ip /192.168.0.61, mask /255.255.255.0, DNS servers: /8.8.8.8 , gateways [/192.168.0.1] lease time 691200, domain null
01-01 01:01:26.411  1151 18839 D DhcpClient: server address: 192.168.0.1 client address: 192.168.0.61/24 iface: wlan0 rapid commit: false
01-01 01:01:26.411  1151 18839 D DhcpClient: Got pending lease: IP address 192.168.0.61/24 Gateway 192.168.0.1  DNS servers: [ 8.8.8.8 ] Domains  DHCP server /192.168.0.1 Vendor info null lease 691200 seconds
01-01 01:01:26.412  1151 18839 D DhcpClient: Broadcasting DHCPREQUEST ciaddr=0.0.0.0 request=192.168.0.61 serverid=192.168.0.1
01-01 01:01:26.426  1151 18841 D DhcpClient: Received packet: 00:9d:6b:17:da:19 ACK: your new IP /192.168.0.61, netmask /255.255.255.0, gateways [/192.168.0.1] DNS servers: /8.8.8.8 , lease time 691200
01-01 01:01:26.426  1151 18839 D DhcpClient: Confirmed lease: IP address 192.168.0.61/24 Gateway 192.168.0.1  DNS servers: [ 8.8.8.8 ] Domains  DHCP server /192.168.0.1 Vendor info null lease 691200 seconds
01-01 01:01:26.429   561   604 D CommandListener: Setting iface cfg
01-01 01:01:26.435  1151  1317 E SupplicantStaIfaceHal: ISupplicantStaIface.setBtCoexistenceMode failed: FAILURE_UNKNOWN, 
01-01 01:01:26.438  1508  1601 W QCNEJ   : |CORE| notifyWifiStatusChanged failed
01-01 01:01:26.438  1508  1601 W QCNEJ   : |CORE| notifyRatConnectionStatusChanged failed
01-01 01:01:26.438  1392  1392 W SYSTEM_UI: SWR_SYSTEM_UI_008|FUN=CollapsedStatusBarFragment::AndroidEventReceiver | getAction |1|Broadcast action:android.net.wifi.STATE_CHANGE received
01-01 01:01:26.438  1392  1392 W SYSTEM_UI - CI07.3: className -> CollapsedStatusBarFragment | functionName -> AndroidEventReceiver | onReceive -->  | value -> Wifi connection status--> false
01-01 01:01:26.438  1392  1392 W SYSTEM_UI: SWR_SYSTEM_UI_008|FUN=CollapsedStatusBarFragment::isConnected |1|Wifi connection status--> false
01-01 01:01:26.439  1392  1392 W SYSTEM_UI - CI07.3: className -> CollapsedStatusBarFragment | functionName -> updateHermsDataType | value -> Update Herms Data Type :: networkType --> 0
01-01 01:01:26.439  1392  1392 W SYSTEM_UI - CI07.3: className -> CollapsedStatusBarFragment | functionName -> updateHermsDataType | value -> Update Herms Data Type :: isWebsiteSecure --> false
01-01 01:01:26.439  1392  1392 W SYSTEM_UI - CI07.3: className -> CollapsedStatusBarFragment | functionName -> updateHermsDataType | value -> Update Herms Data Type :: connection status --> 1
01-01 01:01:26.439  1392  1392 W SYSTEM_UI - CI07.3: className -> CollapsedStatusBarFragment | functionName -> updateHermsDataType | value -> Update Herms Data Type :: data Transfer --> false
01-01 01:01:26.439  1392  1392 W SYSTEM_UI - CI07.3: className -> CollapsedStatusBarFragment | functionName -> updateHermsDataType | value -> Update Herms Data Type :: wifiConnectionStatus --> false
01-01 01:01:26.439  1392  1392 W SYSTEM_UI - CI07.3: className -> CollapsedStatusBarFragment | functionName -> updateHermsDataType | value -> path 2
01-01 01:01:26.439  1392  1392 W SYSTEM_UI - CI07.3: className -> CollapsedStatusBarFragment | functionName -> updateHermsDataType | value -> path 3
01-01 01:01:26.439  2145  2145 D HMI_SERVICE: USE_CASE_NA|FUN=HmiApplication| [action] android.net.wifi.STATE_CHANGE
01-01 01:01:26.439  3739  3739 E HMI2-SETTINGS - CI08.4: className -> WifiActivity | functionName -> mWifiScanReceiver -> onReceive | error ->intent_action:android.net.wifi.STATE_CHANGE
01-01 01:01:26.439  3739  3739 W HMI2-SETTINGS - CI08.4: className -> WifiActivity | functionName -> handleNetworkStateChanged | value -> detailedState->OBTAINING_IPADDR
01-01 01:01:26.440  1151  2229 I WifiService: getConfiguredNetworks uid=1000
01-01 01:01:26.440  1151 18839 D DhcpClient: Scheduling renewal in 345599s
01-01 01:01:26.440  1151 18839 D DhcpClient: Scheduling rebind in 604799s
01-01 01:01:26.440  1151 18839 D DhcpClient: Scheduling expiry in 691199s
01-01 01:01:26.442  1151  1317 D WifiConfiguration: configKey: false
01-01 01:01:26.443  1151  1317 D WifiStateMachine: WifiStateMachine: handleSuccessfulIpConfiguration and no scan results"RSE_Test"WPA_PSK
01-01 01:01:26.444  3739  3739 W HMI2-SETTINGS - CI08.4: className -> WifiActivity | functionName -> getConfig: success-> | value -> "RSE_Test"
01-01 01:01:26.444  3739  3739 W HMI2-SETTINGS - CI08.4: className -> WifiActivity | functionName -> getConnectSummary | value -> getConnectSummaryID: 164 SSID: "RSE_Test" PROVIDER-NAME: null BSSID: null FQDN: null PRIO: 0 HIDDEN: false
01-01 01:01:26.444  3739  3739 W HMI2-SETTINGS - CI08.4:  NetworkSelectionStatus NETWORK_SELECTION_ENABLED
01-01 01:01:26.444  3739  3739 W HMI2-SETTINGS - CI08.4:  hasEverConnected: false
01-01 01:01:26.444  3739  3739 W HMI2-SETTINGS - CI08.4:  KeyMgmt: WPA_PSK Protocols: WPA RSN
01-01 01:01:26.444  3739  3739 W HMI2-SETTINGS - CI08.4:  AuthAlgorithms: OPEN
01-01 01:01:26.444  3739  3739 W HMI2-SETTINGS - CI08.4:  PairwiseCiphers: TKIP CCMP
01-01 01:01:26.444  3739  3739 W HMI2-SETTINGS - CI08.4:  GroupCiphers: TKIP CCMP
01-01 01:01:26.444  3739  3739 W HMI2-SETTINGS - CI08.4:  PSK: *
01-01 01:01:26.444  3739  3739 W HMI2-SETTINGS - CI08.4: 
01-01 01:01:26.444  3739  3739 W HMI2-SETTINGS - CI08.4:  sim_num 
01-01 01:01:26.444  3739  3739 W HMI2-SETTINGS - CI08.4: Enterprise config:
01-01 01:01:26.444  3739  3739 W HMI2-SETTINGS - CI08.4: IP config:
01-01 01:01:26.444  3739  3739 W HMI2-SETTINGS - CI08.4: IP assignment: DHCP
01-01 01:01:26.444  3739  3739 W HMI2-SETTINGS - CI08.4: Proxy settings: NONE
01-01 01:01:26.444  3739  3739 W HMI2-SETTINGS - CI08.4:  cuid=1000 cname=android.uid.system:1000 luid=1000 lname=android.uid.system:1000 lcuid=1000 userApproved=USER_UNSPECIFIED noInternetAccessExpected=false roamingFailureBlackListTimeMilli: 1000
01-01 01:01:26.444  3739  3739 W HMI2-SETTINGS - CI08.4: recentFailure: Association Rejection code: 0
01-01 01:01:26.444  3739  3739 W HMI2-SETTINGS - CI08.4: ShareThisAp: false
01-01 01:01:26.444  3739  3739 W HMI2-SETTINGS - CI08.4: className -> WifiActivity | functionName -> getConnectSummary : | value ->  Saved
01-01 01:01:26.446  1151  1325 D ConnectivityService: NetworkAgentInfo [WIFI () - 429] EVENT_NETWORK_INFO_CHANGED, going from CONNECTING to CONNECTED
01-01 01:01:26.449  1151  1325 D ConnectivityService: Adding iface wlan0 to network 429
01-01 01:01:26.451  1508  1601 W QCNEJ   : |CORE| notifyWifiStatusChanged failed
01-01 01:01:26.451  2145  2145 D HMI_SERVICE: USE_CASE_NA|FUN=HmiApplication| [action] android.net.wifi.RSSI_CHANGED
01-01 01:01:26.454  1392  1392 W SYSTEM_UI: SWR_SYSTEM_UI_008|FUN=CollapsedStatusBarFragment::AndroidEventReceiver | getAction |1|Broadcast action:android.net.wifi.STATE_CHANGE received
01-01 01:01:26.454  1392  1392 W SYSTEM_UI - CI07.3: className -> CollapsedStatusBarFragment | functionName -> AndroidEventReceiver | onReceive -->  | value -> Wifi connection status--> true
01-01 01:01:26.454  1392  1392 W SYSTEM_UI: SWR_SYSTEM_UI_008|FUN=CollapsedStatusBarFragment::isConnected |1|Wifi connection status--> true
01-01 01:01:26.454  1392  1392 W SYSTEM_UI - CI07.3: className -> CollapsedStatusBarFragment | functionName -> updateHermsDataType | value -> Update Herms Data Type :: networkType --> 0
01-01 01:01:26.454  1392  1392 W SYSTEM_UI - CI07.3: className -> CollapsedStatusBarFragment | functionName -> updateHermsDataType | value -> Update Herms Data Type :: isWebsiteSecure --> false
01-01 01:01:26.454  1392  1392 W SYSTEM_UI - CI07.3: className -> CollapsedStatusBarFragment | functionName -> updateHermsDataType | value -> Update Herms Data Type :: connection status --> 1
01-01 01:01:26.454  1392  1392 W SYSTEM_UI - CI07.3: className -> CollapsedStatusBarFragment | functionName -> updateHermsDataType | value -> Update Herms Data Type :: data Transfer --> false
01-01 01:01:26.454  1392  1392 W SYSTEM_UI - CI07.3: className -> CollapsedStatusBarFragment | functionName -> updateHermsDataType | value -> Update Herms Data Type :: wifiConnectionStatus --> true
01-01 01:01:26.455  1392  1392 W SYSTEM_UI - CI07.3: className -> CollapsedStatusBarFragment | functionName -> updateHermsDataType | value -> path 1
01-01 01:01:26.455  1392  1392 D PhoneStatusBarView: status_line: onPanelCollapsed
01-01 01:01:26.462  1508  1601 W QCNEJ   : |CORE| notifyWifiStatusChanged failed
01-01 01:01:26.462  1508  1601 W QCNEJ   : |CORE| notifyRatConnectionStatusChanged failed
01-01 01:01:26.463  2145  2145 D HMI_SERVICE: USE_CASE_NA|FUN=HmiApplication| [action] android.net.wifi.STATE_CHANGE
01-01 01:01:26.463  2145  2145 D HmiApplication: DetailedState:Connected
01-01 01:01:26.462  3739  3739 E HMI2-SETTINGS - CI08.4: className -> WifiActivity | functionName -> mWifiScanReceiver -> onReceive | error ->intent_action:android.net.wifi.STATE_CHANGE
01-01 01:01:26.464  2145  2145 D HMI_SERVICE: USE_CASE_NA|FUN=HmiApplication| hasInternetConnection init 
01-01 01:01:26.464  1151  4493 I WifiService: getWifiEnabledState uid=1000
01-01 01:01:26.464  2145  2145 E Internet Available: hasInternetConnection_
01-01 01:01:26.464  2145  2145 E Internet Available: Internet Available2
01-01 01:01:26.465  2145  2145 W HMI_SERVICE: USE_CASE_NA|FUN=HmiApplication:: executeLinuxCmdConnectionB2C : |0| [command] 3
01-01 01:01:26.465  3739  3739 W HMI2-SETTINGS: SWR_BAIDU_HMI_0020|FUN=WifiActivity::handleConnectedNetworkVisibility|0|getWifiStat::true
01-01 01:01:26.466  1151  2229 I WifiService: getConfiguredNetworks uid=1000
01-01 01:01:26.467  2145  2145 D HMI_SERVICE: USE_CASE_NA|FUN=HmiApplication::runCommandToShell invoked |1|command=setdns 1010 192.168.220.145
01-01 01:01:26.467  2677  2691 W ANDR_PERSISTENCY_CLIENT: SWR_PERSISTENCE_HV_LA_MF_0003|FUN=VCPUPersistenceService::executeLinuxBackgroundCommand |0|msg: [param] [3] [commandParam] 3
01-01 01:01:26.467  2677  2691 W ANDR_PERSISTENCY_CLIENT: SWR_PERSISTENCE_HV_LA_MF_0005|FUN=TCPHandler:: getInstance |2|msg: invoked 
01-01 01:01:26.467  2677  2691 W ANDR_PERSISTENCY_CLIENT: SWR_PERSISTENCE_HV_LA_MF_0005|FUN=TCPHandler:: sendWriteRequestToPersistenceLinuxInt |2|data= [3]key= 0 commandKey= 10
01-01 01:01:26.467  2677  2691 W ANDR_PERSISTENCY_CLIENT: SWR_PERSISTENCE_HV_LA_MF_0005|FUN=TCPHandler:: getUID |2|msg: invoked 
01-01 01:01:26.467  2677  2691 W ANDR_PERSISTENCY_CLIENT: SWR_PERSISTENCE_HV_LA_MF_0005|FUN=TCPHandler:: setAction |2|msg:setAction=1
01-01 01:01:26.467  2677  2691 W ANDR_PERSISTENCY_CLIENT: SWR_PERSISTENCE_HV_LA_MF_0005|FUN=TCPHandler:: setUID |2|msg:uid=-63
01-01 01:01:26.467  1151  1317 D WifiConfiguration: configKey: false
01-01 01:01:26.467  2677  2691 W ANDR_PERSISTENCY_CLIENT: SWR_PERSISTENCE_HV_LA_MF_0005|FUN=TCPHandler:: setKey |2|msg:uid=-63
01-01 01:01:26.467  2677  2691 W ANDR_PERSISTENCY_CLIENT: SWR_PERSISTENCE_HV_LA_MF_0005|FUN=TCPHandler::setCommandKey|2|msg:commandKey=10
01-01 01:01:26.467  2677  2691 W ANDR_PERSISTENCY_CLIENT: SWR_PERSISTENCE_HV_LA_MF_0005|FUN=TCPHandler:: registerCallBack |2|invoked 
01-01 01:01:26.467  2677  2691 W ANDR_PERSISTENCY_CLIENT: SWR_PERSISTENCE_HV_LA_MF_0005|FUN=TCPHandler::start|2|msg: byteArrayToInt : b [3]
01-01 01:01:26.468  2677  2691 W ANDR_PERSISTENCY_CLIENT: SWR_PERSISTENCE_HV_LA_MF_0005|FUN=TCPHandler::sendWriteRequestToPersistenceLinuxInt|2|listKey=-63_10;keyString=0x00;key=0;command=3
01-01 01:01:26.468  2677  2725 W ANDR_PERSISTENCY_CLIENT: SWR_PERSISTENCE_HV_LA_MF_0005|FUN=TCPHandler:: getAction |2|msg:getAction=1
01-01 01:01:26.468  2677  2725 W ANDR_PERSISTENCY_CLIENT: SWR_PERSISTENCE_HV_LA_MF_0005|FUN=TCPHandler:: sender:ACTION_REQUEST |2|msg:condition 
01-01 01:01:26.468  2677  2725 W ANDR_PERSISTENCY_CLIENT: SWR_PERSISTENCE_HV_LA_MF_0005|FUN=TCPHandler:: getWrappedData |2|msg: msg com.panasonic.dairse.vcpupersistence.TCPHandler$Message@201e737
01-01 01:01:26.468  2677  2725 W ANDR_PERSISTENCY_CLIENT: SWR_PERSISTENCE_HV_LA_MF_0005|FUN=TCPHandler::getCommandKey|2|msg:commandKey=10
01-01 01:01:26.468  2677  2725 W ANDR_PERSISTENCY_CLIENT: SWR_PERSISTENCE_HV_LA_MF_0005|FUN=TCPHandler:: intToBytes |2| data 1
01-01 01:01:26.468  2677  2725 W ANDR_PERSISTENCY_CLIENT: SWR_PERSISTENCE_HV_LA_MF_0005|FUN=TCPHandler:: intToBytes |2| data 13
01-01 01:01:26.468  2677  2725 W ANDR_PERSISTENCY_CLIENT: SWR_PERSISTENCE_HV_LA_MF_0005|FUN=TCPHandler:: getUID |2|msg:uid=-63
01-01 01:01:26.468  2677  2725 W ANDR_PERSISTENCY_CLIENT: SWR_PERSISTENCE_HV_LA_MF_0005|FUN=TCPHandler::start|2|msg:sender::msg=[0, 0, 0, 13, 1, -63, 10, 4, 48, 120, 48, 48, 0, 0, 0, 1, 3]
01-01 01:01:26.468  2145  2145 D HMI_SERVICE: USE_CASE_NA|FUN=HmiApplication::runCommandToShell|1| executeCommand has been initiated to run linux command 
01-01 01:01:26.468  2677  2725 W ANDR_PERSISTENCY_CLIENT: SWR_PERSISTENCE_HV_LA_MF_0005|FUN=TCPHandler:: sender : Thread.interrupted() |2|msg:condition 
01-01 01:01:26.468  2052  8381 E         : Calling MSG: PID=2145, UID=1000
01-01 01:01:26.468  2052  8381 E         : ExecutecommandbuildTypePropuserdebug...
01-01 01:01:26.468  2052  8381 E         : ExecutecommandForIRunCommandsetdns 1010 192.168.220.145...
01-01 01:01:26.471  2677  2726 W ANDR_PERSISTENCY_CLIENT: SWR_PERSISTENCE_HV_LA_MF_0005|FUN=TCPHandler::start|2|msg:receiver::run: size of totalLength 4
01-01 01:01:26.471  2677  2726 W ANDR_PERSISTENCY_CLIENT: SWR_PERSISTENCE_HV_LA_MF_0005|FUN=TCPHandler::start|2|msg:receiver::run: totalLength is > 0
01-01 01:01:26.471  2677  2726 W ANDR_PERSISTENCY_CLIENT: SWR_PERSISTENCE_HV_LA_MF_0005|FUN=TCPHandler::start|2|msg:receiver::response length= 12
01-01 01:01:26.471  2677  2726 W ANDR_PERSISTENCY_CLIENT: SWR_PERSISTENCE_HV_LA_MF_0005|FUN=TCPHandler::handleInBoundData|2|message=[0, -63, 10, 0, 0, 0, 0, 4, 1, 0, 0, 0]
01-01 01:01:26.472  2677  2726 W ANDR_PERSISTENCY_CLIENT: SWR_PERSISTENCE_HV_LA_MF_0005|FUN=TCPHandler::handleInBoundData|2|msg:response listKey=-63_10
01-01 01:01:26.472  2677  2726 W ANDR_PERSISTENCY_CLIENT: SWR_PERSISTENCE_HV_LA_MF_0005|FUN=TCPHandler::handleInBoundData|2|msg:TCPHandler.handleInBoundData success response=0
01-01 01:01:26.472  2677  2726 W ANDR_PERSISTENCY_CLIENT: SWR_PERSISTENCE_HV_LA_MF_0005|FUN=TCPHandler::isB2cResponce|2|msg: message [0, -63, 10, 0, 0, 0, 0, 4, 1, 0, 0, 0]
01-01 01:01:26.472  2677  2726 W ANDR_PERSISTENCY_CLIENT: SWR_PERSISTENCE_HV_LA_MF_0005|FUN=TCPHandler::handleInBoundData|2|msg:  isB2cResponce
01-01 01:01:26.472  2677  2726 W ANDR_PERSISTENCY_CLIENT: SWR_PERSISTENCE_HV_LA_MF_0005|FUN=TCPHandler::sendResponse|2|msg:send Response using IVCPUServiceCallBack=[0, -63, 10, 0, 0, 0, 0, 4, 1, 0, 0, 0]
01-01 01:01:26.472  2677  2726 W ANDR_PERSISTENCY_CLIENT: SWR_PERSISTENCE_HV_LA_MF_0005|FUN=TCPHandler::sendResponse|2|msg:send Response using IVCPUServiceCallBack=[0, -63, 10, 0, 0, 0, 0, 4, 1, 0, 0, 0]
01-01 01:01:26.472  2145 13483 W HMI_SERVICE: USE_CASE_NA|FUN=HmiApplication|executeLinuxCmdConnectionB2C responseReturnData=
01-01 01:01:26.473  1151  1317 D WifiConfiguration: configKey: false
01-01 01:01:26.475  1151  1183 I WifiService: requestActivityInfo uid=1000
01-01 01:01:26.476  1151  1183 I WifiService: reportActivityInfo uid=1000
01-01 01:01:26.476  1151  1183 I WifiService: getSupportedFeatures uid=1000
01-01 01:01:26.478  3739  3739 W HMI2-SETTINGS - CI08.4: className -> WifiActivity | functionName -> getSavedNetworkList | value -> config.netID ->164
01-01 01:01:26.478  3739  3739 W HMI2-SETTINGS - CI08.4: className -> WifiActivity | functionName -> getSavedNetworkList | value -> config.SSID ->"RSE_Test"
01-01 01:01:26.478  3739  3739 W HMI2-SETTINGS - CI08.4: className -> WifiActivity | functionName -> getSavedNetworkList | value -> config.BSSID ->null
01-01 01:01:26.478  3739  3739 W HMI2-SETTINGS: SWR_BAIDU_HMI_0027|SWR_BAIDU_HMI_0015|FUN=WifiActivity::getScanResults|1|Get list of available wifi hotspots.
01-01 01:01:26.480  1508  1601 W QCNEJ   : |CORE| notifyWifiStatusChanged failed
01-01 01:01:26.480  1508  1601 W QCNEJ   : |CORE| notifyRatConnectionStatusChanged failed
01-01 01:01:26.487  1392  1392 W SYSTEM_UI: SWR_SYSTEM_UI_008|FUN=CollapsedStatusBarFragment::AndroidEventReceiver | getAction |1|Broadcast action:android.net.wifi.STATE_CHANGE received
01-01 01:01:26.487  1392  1392 W SYSTEM_UI - CI07.3: className -> CollapsedStatusBarFragment | functionName -> AndroidEventReceiver | onReceive -->  | value -> Wifi connection status--> true
01-01 01:01:26.487  1392  1392 W SYSTEM_UI: SWR_SYSTEM_UI_008|FUN=CollapsedStatusBarFragment::isConnected |1|Wifi connection status--> true
01-01 01:01:26.487  1392  1392 W SYSTEM_UI - CI07.3: className -> CollapsedStatusBarFragment | functionName -> updateHermsDataType | value -> Update Herms Data Type :: networkType --> 0
