01-01 00:08:40.103   635   635 E ANDR-PERF-TARGET: Error: Invalid logical cluster id 0
01-01 00:08:40.103   635   635 E ANDR-PERF-MPCTL: invalid request, no optimizations performed
01-01 00:08:40.119   635   635 E ANDR-PERF-TARGET: Error: Invalid logical cluster id 0
01-01 00:08:40.119   635   635 E ANDR-PERF-MPCTL: invalid request, no optimizations performed
01-01 00:08:40.136   635   635 E ANDR-PERF-TARGET: Error: Invalid logical cluster id 0
01-01 00:08:40.136   635   635 E ANDR-PERF-MPCTL: invalid request, no optimizations performed
01-01 00:08:40.153   635   635 E ANDR-PERF-TARGET: Error: Invalid logical cluster id 0
01-01 00:08:40.153   635   635 E ANDR-PERF-MPCTL: invalid request, no optimizations performed
01-01 00:08:40.169   635   635 E ANDR-PERF-TARGET: Error: Invalid logical cluster id 0
01-01 00:08:40.169   635   635 E ANDR-PERF-MPCTL: invalid request, no optimizations performed
01-01 00:08:40.186   635   635 E ANDR-PERF-TARGET: Error: Invalid logical cluster id 0
01-01 00:08:40.186   635   635 E ANDR-PERF-MPCTL: invalid request, no optimizations performed
01-01 00:08:40.203   635   635 E ANDR-PERF-TARGET: Error: Invalid logical cluster id 0
01-01 00:08:40.203   635   635 E ANDR-PERF-MPCTL: invalid request, no optimizations performed
01-01 00:08:40.219   635   635 E ANDR-PERF-TARGET: Error: Invalid logical cluster id 0
01-01 00:08:40.220   635   635 E ANDR-PERF-MPCTL: invalid request, no optimizations performed
01-01 00:08:40.236   635   635 E ANDR-PERF-TARGET: Error: Invalid logical cluster id 0
01-01 00:08:40.236   635   635 E ANDR-PERF-MPCTL: invalid request, no optimizations performed
01-01 00:08:40.253   635   635 E ANDR-PERF-TARGET: Error: Invalid logical cluster id 0
01-01 00:08:40.253   635   635 E ANDR-PERF-MPCTL: invalid request, no optimizations performed
01-01 00:08:40.270   635   635 E ANDR-PERF-TARGET: Error: Invalid logical cluster id 0
01-01 00:08:40.270   635   635 E ANDR-PERF-MPCTL: invalid request, no optimizations performed
01-01 00:08:40.280  3675  5403 W InteractionController: runAndwaitForEvents timed out waiting for events
01-01 00:08:40.286   635   635 E ANDR-PERF-TARGET: Error: Invalid logical cluster id 0
01-01 00:08:40.286   635   635 E ANDR-PERF-MPCTL: invalid request, no optimizations performed
01-01 00:08:40.290  3675  5403 D UiScrollable: scrollForward() on selector = UiSelector[SCROLLABLE=true]
01-01 00:08:40.299  3675  5403 I QueryController: Matched selector: UiSelector[SCROLLABLE=true] <<==>> [android.view.accessibility.AccessibilityNodeInfo@63cd67; boundsInParent: Rect(0, 0 - 1332, 889); boundsInScreen: Rect(305, 172 - 1637, 1061); packageName: com.panasonic.hmi2settings; className: android.widget.ScrollView; text: null; error: null; maxTextLength: -1; contentDescription: null; viewIdResName: com.panasonic.hmi2settings:id/scrollWifi; checkable: false; checked: false; focusable: true; focused: false; selected: false; clickable: false; longClickable: false; contextClickable: false; enabled: true; password: false; scrollable: true; importantForAccessibility: true; actions: [AccessibilityAction: ACTION_FOCUS - null, AccessibilityAction: ACTION_SELECT - null, AccessibilityAction: ACTION_CLEAR_SELECTION - null, AccessibilityAction: ACTION_ACCESSIBILITY_FOCUS - null, AccessibilityAction: ACTION_SCROLL_FORWARD - null, AccessibilityAction: ACTION_SHOW_ON_SCREEN - null]]
01-01 00:08:40.299  3675  5403 D InteractionController: scrollSwipe (971, 973, 971, 260, 55)
01-01 00:08:40.303   635   635 E ANDR-PERF-TARGET: Error: Invalid logical cluster id 0
01-01 00:08:40.303   635   635 E ANDR-PERF-MPCTL: invalid request, no optimizations performed
01-01 00:08:40.319   635   635 E ANDR-PERF-TARGET: Error: Invalid logical cluster id 0
01-01 00:08:40.320   635   635 E ANDR-PERF-MPCTL: invalid request, no optimizations performed
01-01 00:08:40.336   635   635 E ANDR-PERF-TARGET: Error: Invalid logical cluster id 0
01-01 00:08:40.336   635   635 E ANDR-PERF-MPCTL: invalid request, no optimizations performed
01-01 00:08:40.353   635   635 E ANDR-PERF-TARGET: Error: Invalid logical cluster id 0
01-01 00:08:40.353   635   635 E ANDR-PERF-MPCTL: invalid request, no optimizations performed
01-01 00:08:40.370   635   635 E ANDR-PERF-TARGET: Error: Invalid logical cluster id 0
01-01 00:08:40.370   635   635 E ANDR-PERF-MPCTL: invalid request, no optimizations performed
01-01 00:08:40.386   635   635 E ANDR-PERF-TARGET: Error: Invalid logical cluster id 0
01-01 00:08:40.386   635   635 E ANDR-PERF-MPCTL: invalid request, no optimizations performed
01-01 00:08:40.403   635   635 E ANDR-PERF-TARGET: Error: Invalid logical cluster id 0
01-01 00:08:40.403   635   635 E ANDR-PERF-MPCTL: invalid request, no optimizations performed
01-01 00:08:40.420   635   635 E ANDR-PERF-TARGET: Error: Invalid logical cluster id 0
01-01 00:08:40.420   635   635 E ANDR-PERF-MPCTL: invalid request, no optimizations performed
01-01 00:08:40.436   635   635 E ANDR-PERF-TARGET: Error: Invalid logical cluster id 0
01-01 00:08:40.437   635   635 E ANDR-PERF-MPCTL: invalid request, no optimizations performed
01-01 00:08:40.453   635   635 E ANDR-PERF-TARGET: Error: Invalid logical cluster id 0
01-01 00:08:40.453   635   635 E ANDR-PERF-MPCTL: invalid request, no optimizations performed
01-01 00:08:40.470   635   635 E ANDR-PERF-TARGET: Error: Invalid logical cluster id 0
01-01 00:08:40.470   635   635 E ANDR-PERF-MPCTL: invalid request, no optimizations performed
01-01 00:08:40.487   635   635 E ANDR-PERF-TARGET: Error: Invalid logical cluster id 0
01-01 00:08:40.487   635   635 E ANDR-PERF-MPCTL: invalid request, no optimizations performed
01-01 00:08:40.503   635   635 E ANDR-PERF-TARGET: Error: Invalid logical cluster id 0
01-01 00:08:40.503   635   635 E ANDR-PERF-MPCTL: invalid request, no optimizations performed
01-01 00:08:40.520   635   635 E ANDR-PERF-TARGET: Error: Invalid logical cluster id 0
01-01 00:08:40.520   635   635 E ANDR-PERF-MPCTL: invalid request, no optimizations performed
01-01 00:08:40.537   635   635 E ANDR-PERF-TARGET: Error: Invalid logical cluster id 0
01-01 00:08:40.537   635   635 E ANDR-PERF-MPCTL: invalid request, no optimizations performed
01-01 00:08:40.553   635   635 E ANDR-PERF-TARGET: Error: Invalid logical cluster id 0
01-01 00:08:40.554   635   635 E ANDR-PERF-MPCTL: invalid request, no optimizations performed
01-01 00:08:40.570   635   635 E ANDR-PERF-TARGET: Error: Invalid logical cluster id 0
01-01 00:08:40.570   635   635 E ANDR-PERF-MPCTL: invalid request, no optimizations performed
01-01 00:08:40.587   635   635 E ANDR-PERF-TARGET: Error: Invalid logical cluster id 0
01-01 00:08:40.587   635   635 E ANDR-PERF-MPCTL: invalid request, no optimizations performed
01-01 00:08:40.604   635   635 E ANDR-PERF-TARGET: Error: Invalid logical cluster id 0
01-01 00:08:40.604   635   635 E ANDR-PERF-MPCTL: invalid request, no optimizations performed
01-01 00:08:40.620   635   635 E ANDR-PERF-TARGET: Error: Invalid logical cluster id 0
01-01 00:08:40.620   635   635 E ANDR-PERF-MPCTL: invalid request, no optimizations performed
01-01 00:08:40.637   635   635 E ANDR-PERF-TARGET: Error: Invalid logical cluster id 0
01-01 00:08:40.637   635   635 E ANDR-PERF-MPCTL: invalid request, no optimizations performed
01-01 00:08:40.654   635   635 E ANDR-PERF-TARGET: Error: Invalid logical cluster id 0
01-01 00:08:40.654   635   635 E ANDR-PERF-MPCTL: invalid request, no optimizations performed
01-01 00:08:40.669  1933  1933 I LCMANDR : SWR_OOB_HV_MF_009|FUN=ResourceMonitoringService::movingMemoryAverage|2|Moving memory average :25.043076
01-01 00:08:40.669  1933  1933 W LCMANDR : SWR_OOB_HV_MF_009|FUN=ResourceMonitoringService::getCpuUsageStatistic|Moving MEM AVG :::::::::25.043076
01-01 00:08:40.670   635   635 E ANDR-PERF-TARGET: Error: Invalid logical cluster id 0
01-01 00:08:40.670   635   635 E ANDR-PERF-MPCTL: invalid request, no optimizations performed
01-01 00:08:40.671  1933  1933 W LCMANDR : SWR_OOB_HV_MF_009|FUN=ResourceMonitoringService::getCpuUsageStatistic|2|Total cpu usage :25.057735
01-01 00:08:40.672  1933  1933 I LCMANDR : SWR_OOB_HV_MF_009|FUN=ResourceMonitoringService::getCpuUsageStatistic|Cpu usage of core  0 is26.258993
01-01 00:08:40.672  1933  1933 I LCMANDR : SWR_OOB_HV_MF_009|FUN=ResourceMonitoringService::getCpuUsageStatistic|Cpu usage of core  1 is27.42475
01-01 00:08:40.672  1933  1933 I LCMANDR : SWR_OOB_HV_MF_009|FUN=ResourceMonitoringService::getCpuUsageStatistic|Cpu usage of core  2 is21.453287
01-01 00:08:40.672  1933  1933 I LCMANDR : ResourceMonitoringService::movingCpuAverage()
01-01 00:08:40.672  1933  1933 I LCMANDR : SWR_OOB_HV_MF_009|FUN=ResourceMonitoringService::movingCpuAverage|2|Moving window average of CPU 23.417398
01-01 00:08:40.672  1933  1933 I LCMANDR : SWR_OOB_HV_MF_009|FUN=ResourceMonitoringService::movingCpuAverage|2|Cpu moving average of core  0 is24.86736
01-01 00:08:40.672  1933  1933 I LCMANDR : SWR_OOB_HV_MF_009|FUN=ResourceMonitoringService::movingCpuAverage|2|Cpu moving average of core  1 is21.969599
01-01 00:08:40.672  1933  1933 I LCMANDR : SWR_OOB_HV_MF_009|FUN=ResourceMonitoringService::movingCpuAverage|2|Cpu moving average of core  2 is23.399567
01-01 00:08:40.673  1933  1933 D LCMANDR : SWR_OOB_HV_MF_009|FUN=ResourceMonitoringService::movingCpuAverage|2|Exiting VAL = 23.417398
01-01 00:08:40.687   635   635 E ANDR-PERF-TARGET: Error: Invalid logical cluster id 0
01-01 00:08:40.687   635   635 E ANDR-PERF-MPCTL: invalid request, no optimizations performed
01-01 00:08:40.704   635   635 E ANDR-PERF-TARGET: Error: Invalid logical cluster id 0
01-01 00:08:40.704   635   635 E ANDR-PERF-MPCTL: invalid request, no optimizations performed
01-01 00:08:40.720   635   635 E ANDR-PERF-TARGET: Error: Invalid logical cluster id 0
01-01 00:08:40.721   635   635 E ANDR-PERF-MPCTL: invalid request, no optimizations performed
01-01 00:08:40.737   635   635 E ANDR-PERF-TARGET: Error: Invalid logical cluster id 0
01-01 00:08:40.737   635   635 E ANDR-PERF-MPCTL: invalid request, no optimizations performed
01-01 00:08:40.754   635   635 E ANDR-PERF-TARGET: Error: Invalid logical cluster id 0
01-01 00:08:40.754   635   635 E ANDR-PERF-MPCTL: invalid request, no optimizations performed
01-01 00:08:40.771   635   635 E ANDR-PERF-TARGET: Error: Invalid logical cluster id 0
01-01 00:08:40.771   635   635 E ANDR-PERF-MPCTL: invalid request, no optimizations performed
01-01 00:08:40.787   635   635 E ANDR-PERF-TARGET: Error: Invalid logical cluster id 0
01-01 00:08:40.787   635   635 E ANDR-PERF-MPCTL: invalid request, no optimizations performed
01-01 00:08:40.804   635   635 E ANDR-PERF-TARGET: Error: Invalid logical cluster id 0
01-01 00:08:40.804   635   635 E ANDR-PERF-MPCTL: invalid request, no optimizations performed
01-01 00:08:40.821   635   635 E ANDR-PERF-TARGET: Error: Invalid logical cluster id 0
01-01 00:08:40.821   635   635 E ANDR-PERF-MPCTL: invalid request, no optimizations performed
01-01 00:08:40.837   635   635 E ANDR-PERF-TARGET: Error: Invalid logical cluster id 0
01-01 00:08:40.837   635   635 E ANDR-PERF-MPCTL: invalid request, no optimizations performed
01-01 00:08:40.854   635   635 E ANDR-PERF-TARGET: Error: Invalid logical cluster id 0
01-01 00:08:40.854   635   635 E ANDR-PERF-MPCTL: invalid request, no optimizations performed
01-01 00:08:40.871   635   635 E ANDR-PERF-TARGET: Error: Invalid logical cluster id 0
01-01 00:08:40.871   635   635 E ANDR-PERF-MPCTL: invalid request, no optimizations performed
01-01 00:08:40.887   635   635 E ANDR-PERF-TARGET: Error: Invalid logical cluster id 0
01-01 00:08:40.888   635   635 E ANDR-PERF-MPCTL: invalid request, no optimizations performed
01-01 00:08:40.904   635   635 E ANDR-PERF-TARGET: Error: Invalid logical cluster id 0
01-01 00:08:40.904   635   635 E ANDR-PERF-MPCTL: invalid request, no optimizations performed
01-01 00:08:40.921   635   635 E ANDR-PERF-TARGET: Error: Invalid logical cluster id 0
01-01 00:08:40.921   635   635 E ANDR-PERF-MPCTL: invalid request, no optimizations performed
01-01 00:08:40.938   635   635 E ANDR-PERF-TARGET: Error: Invalid logical cluster id 0
01-01 00:08:40.938   635   635 E ANDR-PERF-MPCTL: invalid request, no optimizations performed
01-01 00:08:40.953   729   748 I sssv-lib: sendMsg enter
01-01 00:08:40.953   729   748 I sssv-lib: sendMsg complete.
01-01 00:08:40.954   635   635 E ANDR-PERF-TARGET: Error: Invalid logical cluster id 0
01-01 00:08:40.954   635   635 E ANDR-PERF-MPCTL: invalid request, no optimizations performed
01-01 00:08:40.971   635   635 E ANDR-PERF-TARGET: Error: Invalid logical cluster id 0
01-01 00:08:40.971   635   635 E ANDR-PERF-MPCTL: invalid request, no optimizations performed
01-01 00:08:40.988   635   635 E ANDR-PERF-TARGET: Error: Invalid logical cluster id 0
01-01 00:08:40.988   635   635 E ANDR-PERF-MPCTL: invalid request, no optimizations performed
01-01 00:08:41.004   635   635 E ANDR-PERF-TARGET: Error: Invalid logical cluster id 0
01-01 00:08:41.004   635   635 E ANDR-PERF-MPCTL: invalid request, no optimizations performed
01-01 00:08:41.021   635   635 E ANDR-PERF-TARGET: Error: Invalid logical cluster id 0
01-01 00:08:41.021   635   635 E ANDR-PERF-MPCTL: invalid request, no optimizations performed
01-01 00:08:41.038   635   635 E ANDR-PERF-TARGET: Error: Invalid logical cluster id 0
01-01 00:08:41.038   635   635 E ANDR-PERF-MPCTL: invalid request, no optimizations performed
01-01 00:08:41.054   635   635 E ANDR-PERF-TARGET: Error: Invalid logical cluster id 0
01-01 00:08:41.055   635   635 E ANDR-PERF-MPCTL: invalid request, no optimizations performed
01-01 00:08:41.071   635   635 E ANDR-PERF-TARGET: Error: Invalid logical cluster id 0
01-01 00:08:41.071   635   635 E ANDR-PERF-MPCTL: invalid request, no optimizations performed
01-01 00:08:41.088   635   635 E ANDR-PERF-TARGET: Error: Invalid logical cluster id 0
01-01 00:08:41.088   635   635 E ANDR-PERF-MPCTL: invalid request, no optimizations performed
01-01 00:08:41.105   635   635 E ANDR-PERF-TARGET: Error: Invalid logical cluster id 0
01-01 00:08:41.105   635   635 E ANDR-PERF-MPCTL: invalid request, no optimizations performed
01-01 00:08:41.121   635   635 E ANDR-PERF-TARGET: Error: Invalid logical cluster id 0
01-01 00:08:41.121   635   635 E ANDR-PERF-MPCTL: invalid request, no optimizations performed
01-01 00:08:41.138   635   635 E ANDR-PERF-TARGET: Error: Invalid logical cluster id 0
01-01 00:08:41.138   635   635 E ANDR-PERF-MPCTL: invalid request, no optimizations performed
01-01 00:08:41.155   635   635 E ANDR-PERF-TARGET: Error: Invalid logical cluster id 0
01-01 00:08:41.155   635   635 E ANDR-PERF-MPCTL: invalid request, no optimizations performed
01-01 00:08:41.171   635   635 E ANDR-PERF-TARGET: Error: Invalid logical cluster id 0
01-01 00:08:41.171   635   635 E ANDR-PERF-MPCTL: invalid request, no optimizations performed
01-01 00:08:41.188   635   635 E ANDR-PERF-TARGET: Error: Invalid logical cluster id 0
01-01 00:08:41.188   635   635 E ANDR-PERF-MPCTL: invalid request, no optimizations performed
01-01 00:08:41.205   635   635 E ANDR-PERF-TARGET: Error: Invalid logical cluster id 0
01-01 00:08:41.205   635   635 E ANDR-PERF-MPCTL: invalid request, no optimizations performed
01-01 00:08:41.221   635   635 E ANDR-PERF-TARGET: Error: Invalid logical cluster id 0
01-01 00:08:41.222   635   635 E ANDR-PERF-MPCTL: invalid request, no optimizations performed
01-01 00:08:41.222   635   635 E ANDR-PERF-TARGET: Error: Invalid logical cluster id 0
01-01 00:08:41.222   635   635 E ANDR-PERF-MPCTL: invalid request, no optimizations performed
01-01 00:08:41.238   635   635 E ANDR-PERF-TARGET: Error: Invalid logical cluster id 0
01-01 00:08:41.238   635   635 E ANDR-PERF-MPCTL: invalid request, no optimizations performed
01-01 00:08:41.255   635   635 E ANDR-PERF-TARGET: Error: Invalid logical cluster id 0
01-01 00:08:41.255   635   635 E ANDR-PERF-MPCTL: invalid request, no optimizations performed
01-01 00:08:41.272   635   635 E ANDR-PERF-TARGET: Error: Invalid logical cluster id 0
01-01 00:08:41.272   635   635 E ANDR-PERF-MPCTL: invalid request, no optimizations performed
01-01 00:08:41.288   635   635 E ANDR-PERF-TARGET: Error: Invalid logical cluster id 0
01-01 00:08:41.288   635   635 E ANDR-PERF-MPCTL: invalid request, no optimizations performed
01-01 00:08:41.305   635   635 E ANDR-PERF-TARGET: Error: Invalid logical cluster id 0
01-01 00:08:41.305   635   635 E ANDR-PERF-MPCTL: invalid request, no optimizations performed
01-01 00:08:41.322   635   635 E ANDR-PERF-TARGET: Error: Invalid logical cluster id 0
01-01 00:08:41.322   635   635 E ANDR-PERF-MPCTL: invalid request, no optimizations performed
01-01 00:08:41.338   635   635 E ANDR-PERF-TARGET: Error: Invalid logical cluster id 0
01-01 00:08:41.338   635   635 E ANDR-PERF-MPCTL: invalid request, no optimizations performed
01-01 00:08:41.354  1933  1947 D LCMANDR : SWR_OOB_HV_MF_009|FUN=LifeCycleManagerService::LifeCycle_ReportCompStatus|GOT ALIVENESS SIGNAL FROM DAIAPP : [0]; HB Counter = [ 197 ]; STATUS INFO = [ 0 ]
01-01 00:08:41.354  1519  1519 I Connectivity_AIDL|AIDL_Handler.AIDL_Helpers.LcmHelper: MBUX App Method: KeepAliveTest |Line No: 408 |Log Type: Critical |Message: MainThread:MBUX-App HB Count: 199, ResponseCode: 0
01-01 00:08:41.355   635   635 E ANDR-PERF-TARGET: Error: Invalid logical cluster id 0
01-01 00:08:41.355   635   635 E ANDR-PERF-MPCTL: invalid request, no optimizations performed
01-01 00:08:41.372   635   635 E ANDR-PERF-TARGET: Error: Invalid logical cluster id 0
01-01 00:08:41.372   635   635 E ANDR-PERF-MPCTL: invalid request, no optimizations performed
01-01 00:08:41.388   635   635 E ANDR-PERF-TARGET: Error: Invalid logical cluster id 0
01-01 00:08:41.389   635   635 E ANDR-PERF-MPCTL: invalid request, no optimizations performed
01-01 00:08:41.405   635   635 E ANDR-PERF-TARGET: Error: Invalid logical cluster id 0
01-01 00:08:41.405   635   635 E ANDR-PERF-MPCTL: invalid request, no optimizations performed
01-01 00:08:41.417  3675  5403 W InteractionController: runAndwaitForEvents timed out waiting for events
01-01 00:08:41.417  3675  5403 D InteractionController: Vertical scrollSwipe reached scroll end: false
01-01 00:08:41.422   635   635 E ANDR-PERF-TARGET: Error: Invalid logical cluster id 0
01-01 00:08:41.422   635   635 E ANDR-PERF-MPCTL: invalid request, no optimizations performed
01-01 00:08:41.439   635   635 E ANDR-PERF-TARGET: Error: Invalid logical cluster id 0
01-01 00:08:41.439   635   635 E ANDR-PERF-MPCTL: invalid request, no optimizations performed
01-01 00:08:41.455   635   635 E ANDR-PERF-TARGET: Error: Invalid logical cluster id 0
01-01 00:08:41.455   635   635 E ANDR-PERF-MPCTL: invalid request, no optimizations performed
01-01 00:08:41.472   635   635 E ANDR-PERF-TARGET: Error: Invalid logical cluster id 0
01-01 00:08:41.472   635   635 E ANDR-PERF-MPCTL: invalid request, no optimizations performed
01-01 00:08:41.489   635   635 E ANDR-PERF-TARGET: Error: Invalid logical cluster id 0
01-01 00:08:41.489   635   635 E ANDR-PERF-MPCTL: invalid request, no optimizations performed
01-01 00:08:41.505   635   635 E ANDR-PERF-TARGET: Error: Invalid logical cluster id 0
01-01 00:08:41.505   635   635 E ANDR-PERF-MPCTL: invalid request, no optimizations performed
01-01 00:08:41.522   635   635 E ANDR-PERF-TARGET: Error: Invalid logical cluster id 0
01-01 00:08:41.522   635   635 E ANDR-PERF-MPCTL: invalid request, no optimizations performed
01-01 00:08:41.539   635   635 E ANDR-PERF-TARGET: Error: Invalid logical cluster id 0
01-01 00:08:41.539   635   635 E ANDR-PERF-MPCTL: invalid request, no optimizations performed
01-01 00:08:41.555   635   635 E ANDR-PERF-TARGET: Error: Invalid logical cluster id 0
01-01 00:08:41.556   635   635 E ANDR-PERF-MPCTL: invalid request, no optimizations performed
01-01 00:08:41.572   635   635 E ANDR-PERF-TARGET: Error: Invalid logical cluster id 0
01-01 00:08:41.572   635   635 E ANDR-PERF-MPCTL: invalid request, no optimizations performed
01-01 00:08:41.589   635   635 E ANDR-PERF-TARGET: Error: Invalid logical cluster id 0
01-01 00:08:41.589   635   635 E ANDR-PERF-MPCTL: invalid request, no optimizations performed
01-01 00:08:41.705  2054  2054 E         : 
01-01 00:08:41.705  2054  2054 E         : Buffer Size = 1048576
01-01 00:08:41.729  2054  2054 E         : 
01-01 00:08:41.729  2054  2054 E         : <6>[  177.671433] QSEECOM: scm_call_qcpe:503 : OUT: 0x0, 0x0, 0x0, 0x0
01-01 00:08:41.729  2054  2054 E         : <6>[  177.687096] QSEECOM: scm_call_qcpe:429 : IN: 0x42000d0a, 0x3, 0x0, 0x4202, 0x777, 0x0, 0x0
01-01 00:08:41.729  2054  2054 E         : <6>[  177.688653] QSEECOM: scm_call_qcpe:503 : OUT: 0x0, 0x0, 0x0, 0x0
01-01 00:08:41.729  2054  2054 E         : <6>[  177.703662] QSEECOM: scm_call_qcpe:429 : IN: 0x42000d0a, 0x3, 0x0, 0x40b6, 0x76d, 0x0, 0x0
01-01 00:08:41.729  2054  2054 E         : <6>[  177.705006] QSEECOM: scm_call_qcpe:503 : OUT: 0x0, 0x0, 0x0, 0x0
01-01 00:08:41.729  2054  2054 E         : <6>[  177.720305] QSEECOM: scm_call_qcpe:429 : IN: 0x42000d0a, 0x3, 0x0, 0x4102, 0x77f, 0x0, 0x0
01-01 00:08:41.729  2054  2054 E         : <6>[  177.721633] QSEECOM: scm_call_qcpe:503 : OUT: 0x0, 0x0, 0x0, 0x0
01-01 00:08:41.729  2054  2054 E         : <6>[  177.736640] QSEECOM: scm_call_qcpe:429 : IN: 0x42000d0a, 0x3, 0x0, 0x3fcf, 0x785, 0x0, 0x0
01-01 00:08:41.729  2054  2054 E         : <6>[  177.737911] QSEECOM: scm_call_qcpe:503 : OUT: 0x0, 0x0, 0x0, 0x0
01-01 00:08:41.729  2054  2054 E         : <6>[  177.753826] QSEECOM: scm_call_qcpe:429 : IN: 0x42000d0a, 0x3, 0x0, 0x4322, 0x77e, 0x0, 0x0
01-01 00:08:41.729  2054  2054 E         : <6>[  177.755507] QSEECOM: scm_call_qcpe:503 : OUT: 0x0, 0x0, 0x0, 0x0
01-01 00:08:41.729  2054  2054 E         : <6>[  177.770913] QSEECOM: scm_call_qcpe:429 : IN: 0x42000d0a, 0x3, 0x0, 0x42bc, 0x776, 0x0, 0x0
01-01 00:08:41.729  2054  2054 E         : <6>[  177.7727
01-01 00:08:41.732  2054  2054 E         : USB Hub Detector 1.0
01-01 00:08:41.954   729   748 I sssv-lib: sendMsg enter
01-01 00:08:41.954   729   748 I sssv-lib: sendMsg complete.
01-01 00:08:42.091  3675  5403 I QueryController: Matched selector: UiSelector[SCROLLABLE=true, CHILD=UiSelector[TEXT=RSE_Test]] <<==>> [android.view.accessibility.AccessibilityNodeInfo@65d732; boundsInParent: Rect(0, 0 - 1078, 77); boundsInScreen: Rect(354, 496 - 1431, 573); packageName: com.panasonic.hmi2settings; className: android.widget.TextView; text: RSE_Test; error: null; maxTextLength: -1; contentDescription: null; viewIdResName: com.panasonic.hmi2settings:id/wifiName; checkable: false; checked: false; focusable: false; focused: false; selected: false; clickable: false; longClickable: false; contextClickable: false; enabled: true; password: false; scrollable: false; importantForAccessibility: true; actions: [AccessibilityAction: ACTION_SELECT - null, AccessibilityAction: ACTION_CLEAR_SELECTION - null, AccessibilityAction: ACTION_ACCESSIBILITY_FOCUS - null, AccessibilityAction: ACTION_NEXT_AT_MOVEMENT_GRANULARITY - null, AccessibilityAction: ACTION_PREVIOUS_AT_MOVEMENT_GRANULARITY - null, AccessibilityAction: ACTION_SET_SELECTION - null, AccessibilityAction: ACTION_SHOW_ON_SCREEN - null]]
01-01 00:08:42.104  3675  5404 D UIAutomatorStub: URI: /jsonrpc/0, Method: POST, Header: {content-length=176, remote-addr=127.0.0.1, http-client-ip=127.0.0.1, host=localhost:9009, content-type=application/json, connection=close, accept-encoding=identity, user-agent=Python-urllib/2.7}, params, {NanoHttpd.QUERY_STRING=null}, files: {postData={"params": [{"childOrSiblingSelector": [], "text": "RSE_Test", "mask": 1, "childOrSibling": []}], "jsonrpc": "2.0", "method": "click", "id": "8c0808e979410774de7181f704e70477"}}
01-01 00:08:42.167  3739  3739 W HMI2-SETTINGS - CI08.4: className -> WifiAdapter | functionName -> onBindViewHolder | value -> allWifiList.get(position).getSecurityType() : wifiNametrue
01-01 00:08:42.167  3739  3739 W HMI2-SETTINGS - CI08.4: className -> WifiActivity | functionName -> onWifiClick | value -> getSecurityType ->true
01-01 00:08:42.168  3675  5405 D UIAutomatorStub: URI: /jsonrpc/0, Method: POST, Header: {content-length=213, remote-addr=127.0.0.1, http-client-ip=127.0.0.1, host=localhost:9009, content-type=application/json, connection=close, accept-encoding=identity, user-agent=Python-urllib/2.7}, params, {NanoHttpd.QUERY_STRING=null}, files: {postData={"params": [{"childOrSiblingSelector": [], "className": "android.widget.EditText", "mask": 16, "childOrSibling": []}, "Secure7@55"], "jsonrpc": "2.0", "method": "setText", "id": "9a2363a04470721cd419cf89c65d6066"}}
01-01 00:08:42.180  3739  3739 W ContextImpl: Calling a method in the system process without a qualified user: android.app.ContextImpl.startService:1476 android.content.ContextWrapper.startService:650 android.view.View.setSystemUiVisibility:22653 com.panasonic.hmi2settings.activity.WifiActivity.connectToWifi:1215 com.panasonic.hmi2settings.activity.WifiActivity.onWifiClick:522 
01-01 00:08:42.181  1151  1168 D CompatibilityInfo: mCompatibilityFlags - 4
01-01 00:08:42.181  1151  1168 D CompatibilityInfo: applicationDensity - 240
01-01 00:08:42.181  1151  1168 D CompatibilityInfo: applicationScale - 1.0
01-01 00:08:42.182  3739  3739 D View    : setSystemUiVisibility: startService done
01-01 00:08:42.188  1392  1392 W SYSTEM_UI: SWR_SYSTEM_UI_007|FUN=CollapsedStatusBarFragment::getAction |1|Broadcast action --> STATUS_UPDATE_ACTION
01-01 00:08:42.188  1392  1392 W SYSTEM_UI: SWR_SYSTEM_UI_007|FUN=CollapsedStatusBarFragment::getIntExtra |1|NotifySystemUpdates dataType --> 101
01-01 00:08:42.188  1392  1392 W SYSTEM_UI - CI07.3: className -> CollapsedStatusBarFragment | functionName -> NotifySystemUpdates | onReceive -->  | value -> FULLSCREEN MODE CHANGED | isFullScreenStatus --> false | fullScreenPackage -->com.panasonic.hmi2settings | fullscreenLastShownPackage -->null | topActivityPackage --> com.panasonic.hmi2settings
01-01 00:08:42.188  1392  1392 W SYSTEM_UI - CI07.3: className -> CollapsedStatusBarFragment | functionName -> NotifySystemUpdates | onReceive -->  | value -> Fullscreen mode changed --> path 5
01-01 00:08:42.191   635   635 E ANDR-PERF-TARGET: Error: Invalid logical cluster id 0
01-01 00:08:42.191   635   635 E ANDR-PERF-MPCTL: invalid request, no optimizations performed
01-01 00:08:42.194  1151  1539 D WindowManager: addToDisplay >>> FLAG_FULLSCREEN not set in WindowManager.LayoutParams
01-01 00:08:42.194  1151  1539 D WindowManager: startStatusReceiverServiceOnFlagSet: creating intent for action ACTION_ACTIVITY_FULLSCREEN
01-01 00:08:42.194  1151  1539 W ContextImpl: Calling a method in the system process without a qualified user: android.app.ContextImpl.startService:1476 com.android.server.wm.Session.startStatusReceiverServiceOnFlagSet:762 com.android.server.wm.Session.addToDisplay:217 android.view.IWindowSession$Stub.onTransact:124 com.android.server.wm.Session.onTransact:166 
01-01 00:08:42.199  1151  1539 D CompatibilityInfo: mCompatibilityFlags - 4
01-01 00:08:42.199  1151  1539 D CompatibilityInfo: applicationDensity - 240
01-01 00:08:42.199  1151  1539 D CompatibilityInfo: applicationScale - 1.0
01-01 00:08:42.199  1151  1539 D WindowManager: startStatusReceiverServiceOnFlagSet: startService done
01-01 00:08:42.202  1392  1392 W SYSTEM_UI: SWR_SYSTEM_UI_007|FUN=CollapsedStatusBarFragment::getAction |1|Broadcast action --> STATUS_UPDATE_ACTION
01-01 00:08:42.202  1392  1392 W SYSTEM_UI: SWR_SYSTEM_UI_007|FUN=CollapsedStatusBarFragment::getIntExtra |1|NotifySystemUpdates dataType --> 101
01-01 00:08:42.202  1392  1392 W SYSTEM_UI - CI07.3: className -> CollapsedStatusBarFragment | functionName -> NotifySystemUpdates | onReceive -->  | value -> FULLSCREEN MODE CHANGED | isFullScreenStatus --> false | fullScreenPackage -->com.panasonic.hmi2settings | fullscreenLastShownPackage -->null | topActivityPackage --> com.panasonic.hmi2settings
01-01 00:08:42.202  1392  1392 W SYSTEM_UI - CI07.3: className -> CollapsedStatusBarFragment | functionName -> NotifySystemUpdates | onReceive -->  | value -> Fullscreen mode changed --> path 5
01-01 00:08:42.204  3739  3739 W HMI2-SETTINGS: SWR_BAIDU_HMI_0015|FUN=WifiActivity::addView|0|Display password enter dialog with addView method.
01-01 00:08:42.204  3739  3739 W HMI2-SETTINGS: SWR_BAIDU_HMI_0027|FUN=WifiActivity::addView|0|Display password enter dialog with addView method.
01-01 00:08:42.205  3739  3739 W HMI2-SETTINGS - CI08.4: className -> WifiActivity | functionName -> setOnFocusChangeListener :   | value -> hasFocus:true
01-01 00:08:42.205  1151  1539 D mEnabledInputMethodsStrCache: com.android.inputmethods.latin/.LatinIME
01-01 00:08:42.206  1151  1539 D systemLanguageCode: en__GB
01-01 00:08:42.206  1151  1539 D mEnabledInputMethodsStrCache: com.android.inputmethods.latin/.LatinIME
01-01 00:08:42.210  1151  1539 D mEnabledInputMethodsStrCache: com.android.inputmethods.latin/.LatinIME
01-01 00:08:42.210  1151  1539 D systemLanguageCode: en__GB
01-01 00:08:42.211  1151  1539 D mEnabledInputMethodsStrCache: com.android.inputmethods.latin/.LatinIME
01-01 00:08:42.215  1151  1539 D WindowManager: relayout packageName=com.panasonic.hmi2settings::session=Session{c47ecfc 3739:1000}::window=android.view.IWindow$Stub$Proxy@7b85763::attrs.flags=1000100
01-01 00:08:42.215  1151  1539 D WindowManager: relayout >>> FLAG_FULLSCREEN not set in WindowManager.LayoutParams
01-01 00:08:42.215  1151  1539 D WindowManager: startStatusReceiverServiceOnFlagSet: creating intent for action ACTION_ACTIVITY_FULLSCREEN
01-01 00:08:42.215  1151  1539 W ContextImpl: Calling a method in the system process without a qualified user: android.app.ContextImpl.startService:1476 com.android.server.wm.Session.startStatusReceiverServiceOnFlagSet:762 com.android.server.wm.Session.relayout:276 android.view.IWindowSession$Stub.onTransact:286 com.android.server.wm.Session.onTransact:166 
01-01 00:08:42.216  1151  1539 D CompatibilityInfo: mCompatibilityFlags - 4
01-01 00:08:42.216  1151  1539 D CompatibilityInfo: applicationDensity - 240
01-01 00:08:42.216  1151  1539 D CompatibilityInfo: applicationScale - 1.0
01-01 00:08:42.216  1151  1539 D WindowManager: startStatusReceiverServiceOnFlagSet: startService done
01-01 00:08:42.218  1151  1422 D mEnabledInputMethodsStrCache: com.android.inputmethods.latin/.LatinIME
01-01 00:08:42.219  1151  1422 D systemLanguageCode: en__GB
01-01 00:08:42.219  1151  1422 D mEnabledInputMethodsStrCache: com.android.inputmethods.latin/.LatinIME
01-01 00:08:42.220  1151  1422 D mEnabledInputMethodsStrCache: com.android.inputmethods.latin/.LatinIME
01-01 00:08:42.220  1151  1422 D systemLanguageCode: en__GB
01-01 00:08:42.220  1151  1422 D mEnabledInputMethodsStrCache: com.android.inputmethods.latin/.LatinIME
01-01 00:08:42.221  1151  1407 D mEnabledInputMethodsStrCache: com.android.inputmethods.latin/.LatinIME
01-01 00:08:42.221  1151  1407 D systemLanguageCode: en__GB
01-01 00:08:42.221  1151  1407 D mEnabledInputMethodsStrCache: com.android.inputmethods.latin/.LatinIME
01-01 00:08:42.221  1151  1407 D mEnabledInputMethodsStrCache: com.android.inputmethods.latin/.LatinIME
01-01 00:08:42.221  1151  1407 D systemLanguageCode: en__GB
01-01 00:08:42.221  1151  1407 D mEnabledInputMethodsStrCache: com.android.inputmethods.latin/.LatinIME
01-01 00:08:42.222  1379  1379 I LatinIME: SWR_HMISERVICE_SPELLER_MF_001||FUN=onStartInputViewInternal || 1 || Starting input. Cursor position = -1,-1
01-01 00:08:42.232  1392  1392 W SYSTEM_UI: SWR_SYSTEM_UI_007|FUN=CollapsedStatusBarFragment::getAction |1|Broadcast action --> STATUS_UPDATE_ACTION
01-01 00:08:42.232  1392  1392 W SYSTEM_UI: SWR_SYSTEM_UI_007|FUN=CollapsedStatusBarFragment::getIntExtra |1|NotifySystemUpdates dataType --> 101
01-01 00:08:42.232  1392  1392 W SYSTEM_UI - CI07.3: className -> CollapsedStatusBarFragment | functionName -> NotifySystemUpdates | onReceive -->  | value -> FULLSCREEN MODE CHANGED | isFullScreenStatus --> false | fullScreenPackage -->com.panasonic.hmi2settings | fullscreenLastShownPackage -->null | topActivityPackage --> com.panasonic.hmi2settings
01-01 00:08:42.232  1392  1392 W SYSTEM_UI - CI07.3: className -> CollapsedStatusBarFragment | functionName -> NotifySystemUpdates | onReceive -->  | value -> Fullscreen mode changed --> path 5
01-01 00:08:42.244  3675  5405 W ByMatcher: Node returned null child: android.view.accessibility.AccessibilityNodeInfo@7442; boundsInParent: Rect(0, 0 - 1920, 104); boundsInScreen: Rect(0, 0 - 1920, 104); packageName: com.android.systemui; className: android.widget.FrameLayout; text: null; error: null; maxTextLength: -1; contentDescription: null; viewIdResName: null; checkable: false; checked: false; focusable: false; focused: false; selected: false; clickable: false; longClickable: false; contextClickable: false; enabled: true; password: false; scrollable: false; importantForAccessibility: true; actions: [AccessibilityAction: ACTION_SELECT - null, AccessibilityAction: ACTION_CLEAR_SELECTION - null, AccessibilityAction: ACTION_ACCESSIBILITY_FOCUS - null, AccessibilityAction: ACTION_SHOW_ON_SCREEN - null]
01-01 00:08:42.249  3675  5405 W ByMatcher: Skipping null child (0 of 4)
01-01 00:08:42.250  3675  5405 W ByMatcher: Skipping null child (1 of 4)
01-01 00:08:42.250  3675  5405 W ByMatcher: Skipping null child (2 of 4)
01-01 00:08:42.254  3675  5405 W ByMatcher: Skipping null child (3 of 4)
01-01 00:08:42.255  3675  5405 W ByMatcher: Node returned null child: android.view.accessibility.AccessibilityNodeInfo@7442; boundsInParent: Rect(0, 0 - 1920, 104); boundsInScreen: Rect(0, 0 - 1920, 104); packageName: com.android.systemui; className: android.widget.FrameLayout; text: null; error: null; maxTextLength: -1; contentDescription: null; viewIdResName: null; checkable: false; checked: false; focusable: false; focused: false; selected: false; clickable: false; longClickable: false; contextClickable: false; enabled: true; password: false; scrollable: false; importantForAccessibility: true; actions: [AccessibilityAction: ACTION_SELECT - null, AccessibilityAction: ACTION_CLEAR_SELECTION - null, AccessibilityAction: ACTION_ACCESSIBILITY_FOCUS - null, AccessibilityAction: ACTION_SHOW_ON_SCREEN - null]
01-01 00:08:42.256  3675  5405 W ByMatcher: Skipping null child (0 of 4)
01-01 00:08:42.257  3675  5405 W ByMatcher: Skipping null child (1 of 4)
01-01 00:08:42.258  3675  5405 W ByMatcher: Skipping null child (2 of 4)
01-01 00:08:42.259  3675  5405 W ByMatcher: Skipping null child (3 of 4)
01-01 00:08:42.261  3675  5405 W ByMatcher: Node returned null child: android.view.accessibility.AccessibilityNodeInfo@80006d2e; boundsInParent: Rect(0, 0 - 1920, 1080); boundsInScreen: Rect(0, 0 - 1920, 1080); packageName: com.panasonic.hmi2settings; className: android.widget.FrameLayout; text: null; error: null; maxTextLength: -1; contentDescription: null; viewIdResName: null; checkable: false; checked: false; focusable: false; focused: false; selected: false; clickable: false; longClickable: false; contextClickable: false; enabled: true; password: false; scrollable: false; importantForAccessibility: true; actions: [AccessibilityAction: ACTION_SELECT - null, AccessibilityAction: ACTION_CLEAR_SELECTION - null, AccessibilityAction: ACTION_ACCESSIBILITY_FOCUS - null, AccessibilityAction: ACTION_SHOW_ON_SCREEN - null]
01-01 00:08:42.261  3675  5405 W ByMatcher: Skipping null child (0 of 1)
01-01 00:08:42.263  3675  5405 W ByMatcher: Node returned null child: android.view.accessibility.AccessibilityNodeInfo@80006d2e; boundsInParent: Rect(0, 0 - 1920, 1080); boundsInScreen: Rect(0, 0 - 1920, 1080); packageName: com.panasonic.hmi2settings; className: android.widget.FrameLayout; text: null; error: null; maxTextLength: -1; contentDescription: null; viewIdResName: null; checkable: false; checked: false; focusable: false; focused: false; selected: false; clickable: false; longClickable: false; contextClickable: false; enabled: true; password: false; scrollable: false; importantForAccessibility: true; actions: [AccessibilityAction: ACTION_SELECT - null, AccessibilityAction: ACTION_CLEAR_SELECTION - null, AccessibilityAction: ACTION_ACCESSIBILITY_FOCUS - null, AccessibilityAction: ACTION_SHOW_ON_SCREEN - null]
01-01 00:08:42.263  3675  5405 W ByMatcher: Skipping null child (0 of 1)
01-01 00:08:42.292  1379  1379 I InputAttributes: InputType.TYPE_NULL is specified
01-01 00:08:42.296  1151  1407 D mEnabledInputMethodsStrCache: com.android.inputmethods.latin/.LatinIME
01-01 00:08:42.297  1151  1407 D systemLanguageCode: en__GB
01-01 00:08:42.297  1151  1407 D mEnabledInputMethodsStrCache: com.android.inputmethods.latin/.LatinIME
01-01 00:08:42.299  1379  1379 V KeyboardState: onLoadKeyboard: [keyboard=UNSHIFTED shift=RELEASING symbol=RELEASING switch=ALPHA] autoCapsFlags=none recapitalizeMode=undefined
01-01 00:08:42.300  1379  1379 D KeyboardState: setAlphabetKeyboard: [keyboard=UNSHIFTED shift=RELEASING symbol=RELEASING switch=ALPHA] autoCapsFlags=none recapitalizeMode=undefined
01-01 00:08:42.300  1379  1379 D KeyboardSwitcher: setAlphabetKeyboard
01-01 00:08:42.301  1151  1168 D mEnabledInputMethodsStrCache: com.android.inputmethods.latin/.LatinIME
01-01 00:08:42.301  1151  1168 D systemLanguageCode: en__GB
01-01 00:08:42.301  1151  1168 D mEnabledInputMethodsStrCache: com.android.inputmethods.latin/.LatinIME
01-01 00:08:42.302  1379  1379 D KeyboardSwitcher: requestUpdatingShiftState:  autoCapsFlags=none recapitalizeMode=undefined
01-01 00:08:42.302  1379  1379 D KeyboardState: onUpdateShiftState: [keyboard=UNSHIFTED shift=RELEASING symbol=RELEASING switch=ALPHA] autoCapsFlags=none recapitalizeMode=undefined
01-01 00:08:42.302  1379  1379 D KeyboardState: setShifted: shiftMode=UNSHIFT [keyboard=UNSHIFTED shift=RELEASING symbol=RELEASING switch=ALPHA]
01-01 00:08:42.302  1151  1168 D mEnabledInputMethodsStrCache: com.android.inputmethods.latin/.LatinIME
01-01 00:08:42.302  1151  1168 D systemLanguageCode: en__GB
01-01 00:08:42.302  1151  1168 D mEnabledInputMethodsStrCache: com.android.inputmethods.latin/.LatinIME
01-01 00:08:42.303  1151  1407 D mEnabledInputMethodsStrCache: com.android.inputmethods.latin/.LatinIME
01-01 00:08:42.303  1151  1407 D systemLanguageCode: en__GB
01-01 00:08:42.303  1151  1407 D mEnabledInputMethodsStrCache: com.android.inputmethods.latin/.LatinIME
01-01 00:08:42.304  1379  1379 I NuanceUtil: Language text: en_GB, Language code: 5
01-01 00:08:42.304  1379  1379 I NuanceLog: Active Language: ET9LIDEnglish_UK
01-01 00:08:42.304  1379  1379 I NuanceLog: Active LDB: /system/etc/RSESpeller/configs/LDBs/v13.1.0/englishuk/ENubUNUK_xt9_ALM3.ldb
01-01 00:08:42.304  1379  1379 I LatinIME: Nuance API Initialized successfully
01-01 00:08:42.305  1379  1379 I LatinIME: Suggestion strip view visibility gone
01-01 00:08:42.305  1151  1407 D mEnabledInputMethodsStrCache: com.android.inputmethods.latin/.LatinIME
01-01 00:08:42.305  1151  1407 D systemLanguageCode: en__GB
01-01 00:08:42.305  1151  1407 D mEnabledInputMethodsStrCache: com.android.inputmethods.latin/.LatinIME
01-01 00:08:42.305  1151  1407 D mEnabledInputMethodsStrCache: com.android.inputmethods.latin/.LatinIME
01-01 00:08:42.305  1151  1407 D systemLanguageCode: en__GB
01-01 00:08:42.305  1151  1407 D mEnabledInputMethodsStrCache: com.android.inputmethods.latin/.LatinIME
01-01 00:08:42.308  1151  1407 D mEnabledInputMethodsStrCache: com.android.inputmethods.latin/.LatinIME
01-01 00:08:42.308  1151  1407 D systemLanguageCode: en__GB
01-01 00:08:42.308  1151  1407 D mEnabledInputMethodsStrCache: com.android.inputmethods.latin/.LatinIME
01-01 00:08:42.308  1151  1407 D mEnabledInputMethodsStrCache: com.android.inputmethods.latin/.LatinIME
01-01 00:08:42.308  1151  1407 D systemLanguageCode: en__GB
01-01 00:08:42.308  1151  1407 D mEnabledInputMethodsStrCache: com.android.inputmethods.latin/.LatinIME
01-01 00:08:42.310  1151  1407 D WindowManager: relayout packageName=com.android.inputmethods.latin::session=Session{ca2ba78 1379:1000}::window=android.view.IWindow$Stub$Proxy@7dda4de::attrs.flags=800108
01-01 00:08:42.310  1151  1407 D WindowManager: relayout >>> FLAG_FULLSCREEN not set in WindowManager.LayoutParams
01-01 00:08:42.310  1151  1407 D WindowManager: startStatusReceiverServiceOnFlagSet: creating intent for action ACTION_ACTIVITY_FULLSCREEN
01-01 00:08:42.310  1151  1407 W ContextImpl: Calling a method in the system process without a qualified user: android.app.ContextImpl.startService:1476 com.android.server.wm.Session.startStatusReceiverServiceOnFlagSet:762 com.android.server.wm.Session.relayout:276 android.view.IWindowSession$Stub.onTransact:286 com.android.server.wm.Session.onTransact:166 
01-01 00:08:42.311  1151  1407 D CompatibilityInfo: mCompatibilityFlags - 4
01-01 00:08:42.311  1151  1407 D CompatibilityInfo: applicationDensity - 240
01-01 00:08:42.311  1151  1407 D CompatibilityInfo: applicationScale - 1.0
01-01 00:08:42.311  1151  1407 D WindowManager: startStatusReceiverServiceOnFlagSet: startService done
01-01 00:08:42.314  1392  1392 W SYSTEM_UI: SWR_SYSTEM_UI_007|FUN=CollapsedStatusBarFragment::getAction |1|Broadcast action --> STATUS_UPDATE_ACTION
01-01 00:08:42.314  1392  1392 W SYSTEM_UI: SWR_SYSTEM_UI_007|FUN=CollapsedStatusBarFragment::getIntExtra |1|NotifySystemUpdates dataType --> 101
01-01 00:08:42.314  1392  1392 W SYSTEM_UI - CI07.3: className -> CollapsedStatusBarFragment | functionName -> NotifySystemUpdates | onReceive -->  | value -> FULLSCREEN MODE CHANGED | isFullScreenStatus --> false | fullScreenPackage -->com.android.inputmethods.latin | fullscreenLastShownPackage -->null | topActivityPackage --> com.panasonic.hmi2settings
01-01 00:08:42.314  1392  1392 W SYSTEM_UI - CI07.3: className -> CollapsedStatusBarFragment | functionName -> NotifySystemUpdates | onReceive -->  | value -> Fullscreen mode changed --> path 0
01-01 00:08:42.330  1151  1422 D mEnabledInputMethodsStrCache: com.android.inputmethods.latin/.LatinIME
01-01 00:08:42.330  1151  1422 D systemLanguageCode: en__GB
01-01 00:08:42.330  1151  1422 D mEnabledInputMethodsStrCache: com.android.inputmethods.latin/.LatinIME
01-01 00:08:42.332  1151  1422 D mEnabledInputMethodsStrCache: com.android.inputmethods.latin/.LatinIME
01-01 00:08:42.332  1151  1422 D systemLanguageCode: en__GB
01-01 00:08:42.332  1151  1422 D mEnabledInputMethodsStrCache: com.android.inputmethods.latin/.LatinIME
01-01 00:08:42.332  1151  1422 D mEnabledInputMethodsStrCache: com.android.inputmethods.latin/.LatinIME
01-01 00:08:42.332  1151  1422 D systemLanguageCode: en__GB
01-01 00:08:42.332  1151  1422 D mEnabledInputMethodsStrCache: com.android.inputmethods.latin/.LatinIME
01-01 00:08:42.333  1151  1422 D mEnabledInputMethodsStrCache: com.android.inputmethods.latin/.LatinIME
01-01 00:08:42.333  1151  1422 D systemLanguageCode: en__GB
01-01 00:08:42.333  1151  1422 D mEnabledInputMethodsStrCache: com.android.inputmethods.latin/.LatinIME
01-01 00:08:42.333  1151  1422 D mEnabledInputMethodsStrCache: com.android.inputmethods.latin/.LatinIME
01-01 00:08:42.333  1151  1422 D systemLanguageCode: en__GB
01-01 00:08:42.333  1151  1422 D mEnabledInputMethodsStrCache: com.android.inputmethods.latin/.LatinIME
01-01 00:08:42.333  1379  1379 I LatinIME: SWR_HMISERVICE_SPELLER_MF_001||FUN=onStartInputViewInternal || 1 || Starting input. Cursor position = 0,0
01-01 00:08:42.363  1151  1422 D mEnabledInputMethodsStrCache: com.android.inputmethods.latin/.LatinIME
01-01 00:08:42.363  1151  1422 D systemLanguageCode: en__GB
01-01 00:08:42.363  1151  1422 D mEnabledInputMethodsStrCache: com.android.inputmethods.latin/.LatinIME
01-01 00:08:42.366  1379  1379 V KeyboardState: onLoadKeyboard: [keyboard=UNSHIFTED shift=RELEASING symbol=RELEASING switch=ALPHA] autoCapsFlags=none recapitalizeMode=undefined
01-01 00:08:42.366  1379  1379 D KeyboardState: setAlphabetKeyboard: [keyboard=UNSHIFTED shift=RELEASING symbol=RELEASING switch=ALPHA] autoCapsFlags=none recapitalizeMode=undefined
01-01 00:08:42.366  1379  1379 D KeyboardSwitcher: setAlphabetKeyboard
01-01 00:08:42.367  1151  1422 D mEnabledInputMethodsStrCache: com.android.inputmethods.latin/.LatinIME
01-01 00:08:42.367  1151  1422 D systemLanguageCode: en__GB
01-01 00:08:42.367  1151  1422 D mEnabledInputMethodsStrCache: com.android.inputmethods.latin/.LatinIME
01-01 00:08:42.368  1379  1379 D KeyboardSwitcher: requestUpdatingShiftState:  autoCapsFlags=none recapitalizeMode=undefined
01-01 00:08:42.368  1379  1379 D KeyboardState: onUpdateShiftState: [keyboard=UNSHIFTED shift=RELEASING symbol=RELEASING switch=ALPHA] autoCapsFlags=none recapitalizeMode=undefined
01-01 00:08:42.368  1379  1379 D KeyboardState: setShifted: shiftMode=UNSHIFT [keyboard=UNSHIFTED shift=RELEASING symbol=RELEASING switch=ALPHA]
01-01 00:08:42.369  1151  1422 D mEnabledInputMethodsStrCache: com.android.inputmethods.latin/.LatinIME
01-01 00:08:42.369  1151  1422 D systemLanguageCode: en__GB
01-01 00:08:42.369  1151  1422 D mEnabledInputMethodsStrCache: com.android.inputmethods.latin/.LatinIME
01-01 00:08:42.370  1151  1422 D mEnabledInputMethodsStrCache: com.android.inputmethods.latin/.LatinIME
01-01 00:08:42.370  1151  1422 D systemLanguageCode: en__GB
01-01 00:08:42.370  1151  1422 D mEnabledInputMethodsStrCache: com.android.inputmethods.latin/.LatinIME
01-01 00:08:42.371  1379  1379 I NuanceUtil: Language text: en_GB, Language code: 5
01-01 00:08:42.371  1379  1379 I NuanceLog: Active Language: ET9LIDEnglish_UK
01-01 00:08:42.371  1379  1379 I NuanceLog: Active LDB: /system/etc/RSESpeller/configs/LDBs/v13.1.0/englishuk/ENubUNUK_xt9_ALM3.ldb
01-01 00:08:42.371  1379  1379 I LatinIME: Nuance API Initialized successfully
01-01 00:08:42.372  1379  1379 I LatinIME: Suggestion strip view visibility gone
01-01 00:08:42.373  1151  1422 D mEnabledInputMethodsStrCache: com.android.inputmethods.latin/.LatinIME
01-01 00:08:42.373  1151  1422 D systemLanguageCode: en__GB
01-01 00:08:42.373  1151  1422 D mEnabledInputMethodsStrCache: com.android.inputmethods.latin/.LatinIME
01-01 00:08:42.373  1151  1422 D mEnabledInputMethodsStrCache: com.android.inputmethods.latin/.LatinIME
01-01 00:08:42.373  1151  1422 D systemLanguageCode: en__GB
01-01 00:08:42.374  1151  1422 D mEnabledInputMethodsStrCache: com.android.inputmethods.latin/.LatinIME
01-01 00:08:42.679  1933  1933 D LCMANDR : SWR_OOB_HV_MF_009|FUN=LifeCycleManagerService::getDAIAppAlivenessStatus|Aliveness:: DAIAPP HB DIFF = 2 [ DaimlerAppHBCounter ] = 197[ DaimlerAppHBCounterOld ] = 195
01-01 00:08:42.680  1933  1933 I LCMANDR : SWR_OOB_HV_MF_009|FUN=LifeCycleManagerService::getDAIAppAlivenessStatus|Aliveness::ANDROID HB IS VALID... setting OLD VAL, and resetting Fail Counter
01-01 00:08:42.682  1933  1933 I LCMANDR : SWR_OOB_HV_MF_009|FUN=LifeCycleManagerService::getDAIPID|DAIMLER APP(com.daimler.rse.ntg6) PID is [ 1519 ]
01-01 00:08:42.683  1933  1933 I LCMANDR : SWR_OOB_HV_MF_009|FUN=LifeCycleManagerService::getDAIAPPStatus|Aliveness::SAME PID! DAIAPP is not restarted
01-01 00:08:42.683  1933  1933 W LCMANDR : SWR_OOB_HV_MF_009|FUN=LifeCycleManagerService::getDAIAppAlivenessStatus|Aliveness::Status to send id : ALIVE
01-01 00:08:42.683  1933  1933 D LCMANDR : SWR_OOB_HV_MF_005|FUN=LifeCycleManagerService::sendPacketToLnx|data = [B@ea96ec4
01-01 00:08:42.683  1933  1933 D LCMANDR : SWR_OOB_HV_MF_009|FUN=LifeCycleManagerService::postAppsStatusInfo|Setting AppPacket info
01-01 00:08:42.683  1933  1933 I LCMANDR : SWR_OOB_HV_MF_009|FUN=AlivenessMonitoring::getRunningApps| packet sent
01-01 00:08:42.683  1933  1956 D LCMANDR : SWR_OOB_HV_MF_010|FUN=LifeCycleManagerService::RseNodeStateManagement|SEND_IGC_CB
01-01 00:08:42.683  1933  1956 I LCMANDR : SWR_OOB_HV_MF_005|FUN=LifeCycleManagerService::igcsendData|Call hit in RSENodeStateManagement::igcsendData
01-01 00:08:42.683  1933  1956 I LCMANDR : SWR_OOB_HV_MF_005|FUN=LifeCycleManagerService::igcsendData|SEND DATA LEN is : 15
01-01 00:08:42.683  1933  1956 I LCMANDR : SWR_OOB_HV_MF_007|FUN=LifeCycleManagerService::sendPacketFromIntentService|Package to send : [ 65, 0, 0, 0, 9, 0, 2, 0, 1, 0, 5, 65, 65, 0, 0, ]
01-01 00:08:42.683  1933  1956 I IGC     :  IGC::sendData ==> [ 65, 0, 0, 0, 9, 0, 2, 0, 1, 0, 5, 65, 65, 0, 0,  ]
01-01 00:08:42.683  1933  1956 I IGC     :  Igc::sendData data size is :: 15
01-01 00:08:42.683  1933  1956 D         : Enqueue: sem count = 1
01-01 00:08:42.683  1933  1956 I LCMANDR : SWR_OOB_HV_MF_007|FUN=LifeCycleManagerService::sendPacketFromIntentService|Sending Data to Linux is successful( [65, 0, 0, 0, 9, 0, 2, 0, 1, 0, 5, 65, 65, 0, 0] )
01-01 00:08:42.683  1933  1956 I LCMANDR : SWR_OOB_HV_MF_005|FUN=LifeCycleManagerService::igcsendData| DATA SEND SUCCESSFULLY 
01-01 00:08:42.955   729   748 I sssv-lib: sendMsg enter
01-01 00:08:42.955   729   748 I sssv-lib: sendMsg complete.
01-01 00:08:43.229  3675  5405 I QueryController: Matched selector: UiSelector[CLASS=android.widget.EditText] <<==>> [android.view.accessibility.AccessibilityNodeInfo@65f17a; boundsInParent: Rect(0, 7 - 1241, 137); boundsInScreen: Rect(339, 225 - 1580, 355); packageName: com.panasonic.hmi2settings; className: android.widget.EditText; text: null; error: null; maxTextLength: 63; contentDescription: null; viewIdResName: com.panasonic.hmi2settings:id/textPassword; checkable: false; checked: false; focusable: true; focused: true; selected: false; clickable: true; longClickable: false; contextClickable: false; enabled: true; password: false; scrollable: false; importantForAccessibility: true; actions: [AccessibilityAction: ACTION_CLEAR_FOCUS - null, AccessibilityAction: ACTION_SELECT - null, AccessibilityAction: ACTION_CLEAR_SELECTION - null, AccessibilityAction: ACTION_CLICK - null, AccessibilityAction: ACTION_ACCESSIBILITY_FOCUS - null, AccessibilityAction: ACTION_SET_TEXT - null, AccessibilityAction: ACTION_SHOW_ON_SCREEN - null]]
