01-01 00:04:21.017  1151  1317 I chatty  : uid=1000(system) WifiStateMachin identical 4 lines
01-01 00:04:21.017  1151  1317 D ScanResultUtil: isScanResultForWapiPskNetwork: false
01-01 00:04:21.017  3739  3739 E HMI2-SETTINGS - CI08.4: className -> WifiActivity | functionName -> mWifiScanReceiver -> onReceive | error ->intent_action:android.net.wifi.SCAN_RESULTS
01-01 00:04:21.017  2145  2145 D HMI_SERVICE: USE_CASE_NA|FUN=HmiApplication| [action] android.net.wifi.SCAN_RESULTS
01-01 00:04:21.017  1151  1317 D ScanResultUtil: isScanResultForWapiPskNetwork: false
01-01 00:04:21.018  1151  1317 I chatty  : uid=1000(system) WifiStateMachin identical 1 line
01-01 00:04:21.018  1151  1317 D ScanResultUtil: isScanResultForWapiPskNetwork: false
01-01 00:04:21.018  1151  2229 I WifiService: getWifiEnabledState uid=1000
01-01 00:04:21.018  1151  1317 D ScanResultUtil: isScanResultForWapiPskNetwork: false
01-01 00:04:21.018  1151  1317 D ScanResultUtil: isScanResultForWapiPskNetwork: false
01-01 00:04:21.019  1151  2229 I WifiService: getConfiguredNetworks uid=1000
01-01 00:04:21.019  1151  1317 D ScanResultUtil: isScanResultForWapiPskNetwork: false
01-01 00:04:21.022  1151  1317 I chatty  : uid=1000(system) WifiStateMachin identical 47 lines
01-01 00:04:21.022  1151  1317 D ScanResultUtil: isScanResultForWapiPskNetwork: false
01-01 00:04:21.022  1151  1317 W WifiConfigManager: Looking up network with invalid networkId -1
01-01 00:04:21.024  1151  1317 D ScanResultUtil: isScanResultForWapiPskNetwork: false
01-01 00:04:21.026  1151  1317 I chatty  : uid=1000(system) WifiStateMachin identical 31 lines
01-01 00:04:21.026  1151  1317 D ScanResultUtil: isScanResultForWapiPskNetwork: false
01-01 00:04:21.027  3739  3739 W HMI2-SETTINGS: SWR_BAIDU_HMI_0027|SWR_BAIDU_HMI_0015|FUN=WifiActivity::getScanResults|1|Get list of available wifi hotspots.
01-01 00:04:21.033  3739  3739 W HMI2-SETTINGS - CI08.4: className -> WifiActivity | functionName -> isWapiVariantBlocked | value -> security_type:2
01-01 00:04:21.033  3739  3739 W HMI2-SETTINGS - CI08.4: className -> WifiActivity | functionName -> isInConnected | value -> |ACSIA_Management|0|2
01-01 00:04:21.034  3739  3739 W HMI2-SETTINGS - CI08.4: className -> WifiActivity | functionName -> isWapiVariantBlocked | value -> security_type:2
01-01 00:04:21.034  3739  3739 W HMI2-SETTINGS - CI08.4: className -> WifiActivity | functionName -> isInConnected | value -> |ACSIA_GUEST1|0|2
01-01 00:04:21.034  3739  3739 W HMI2-SETTINGS - CI08.4: className -> WifiActivity | functionName -> isWapiVariantBlocked | value -> security_type:2
01-01 00:04:21.034  3739  3739 W HMI2-SETTINGS - CI08.4: className -> WifiActivity | functionName -> isInConnected | value -> |ACSIA_DEV|0|2
01-01 00:04:21.034  3739  3739 W HMI2-SETTINGS - CI08.4: className -> WifiActivity | functionName -> isWapiVariantBlocked | value -> security_type:2
01-01 00:04:21.034  3739  3739 W HMI2-SETTINGS - CI08.4: className -> WifiActivity | functionName -> isInConnected | value -> |RSE_Test|0|2
01-01 00:04:21.034  3739  3739 W HMI2-SETTINGS - CI08.4: className -> WifiActivity | functionName -> isWapiVariantBlocked | value -> security_type:2
01-01 00:04:21.034  3739  3739 W HMI2-SETTINGS - CI08.4: className -> WifiActivity | functionName -> isInConnected | value -> |ACSIA_CORP1|0|2
01-01 00:04:21.034  3739  3739 W HMI2-SETTINGS - CI08.4: className -> WifiActivity | functionName -> isWapiVariantBlocked | value -> security_type:2
01-01 00:04:21.034  3739  3739 W HMI2-SETTINGS - CI08.4: className -> WifiActivity | functionName -> isInConnected | value -> | ACSIA_CORP3|0|2
01-01 00:04:21.034  3739  3739 W HMI2-SETTINGS - CI08.4: className -> WifiActivity | functionName -> isWapiVariantBlocked | value -> security_type:2
01-01 00:04:21.034  3739  3739 W HMI2-SETTINGS - CI08.4: className -> WifiActivity | functionName -> isInConnected | value -> |ACSIA_CORP2|0|2
01-01 00:04:21.034  3739  3739 W HMI2-SETTINGS - CI08.4: className -> WifiActivity | functionName -> isWapiVariantBlocked | value -> security_type:2
01-01 00:04:21.034  3739  3739 W HMI2-SETTINGS - CI08.4: className -> WifiActivity | functionName -> isInConnected | value -> |NETGEAR66-5G|0|2
01-01 00:04:21.034  3739  3739 W HMI2-SETTINGS - CI08.4: className -> WifiActivity | functionName -> isWapiVariantBlocked | value -> security_type:2
01-01 00:04:21.034  3739  3739 W HMI2-SETTINGS - CI08.4: className -> WifiActivity | functionName -> isInConnected | value -> |ACSIA_Management|0|2
01-01 00:04:21.034  3739  3739 W HMI2-SETTINGS - CI08.4: className -> WifiActivity | functionName -> isWapiVariantBlocked | value -> security_type:2
01-01 00:04:21.034  3739  3739 W HMI2-SETTINGS - CI08.4: className -> WifiActivity | functionName -> isInConnected | value -> | ACSIA_CORP3|0|2
01-01 00:04:21.034  3739  3739 W HMI2-SETTINGS - CI08.4: className -> WifiActivity | functionName -> isWapiVariantBlocked | value -> security_type:2
01-01 00:04:21.034  3739  3739 W HMI2-SETTINGS - CI08.4: className -> WifiActivity | functionName -> isInConnected | value -> |RSE_Test|0|2
01-01 00:04:21.034  3739  3739 W HMI2-SETTINGS - CI08.4: className -> WifiActivity | functionName -> isWapiVariantBlocked | value -> security_type:2
01-01 00:04:21.034  3739  3739 W HMI2-SETTINGS - CI08.4: className -> WifiActivity | functionName -> isInConnected | value -> |Secure|0|2
01-01 00:04:21.034  3739  3739 W HMI2-SETTINGS - CI08.4: className -> WifiActivity | functionName -> isWapiVariantBlocked | value -> security_type:2
01-01 00:04:21.034  3739  3739 W HMI2-SETTINGS - CI08.4: className -> WifiActivity | functionName -> isInConnected | value -> |ACSIA_CORP1|0|2
01-01 00:04:21.034  3739  3739 W HMI2-SETTINGS - CI08.4: className -> WifiActivity | functionName -> isWapiVariantBlocked | value -> security_type:2
01-01 00:04:21.034  3739  3739 W HMI2-SETTINGS - CI08.4: className -> WifiActivity | functionName -> isInConnected | value -> |ACSIA_GUEST1|0|2
01-01 00:04:21.034  3739  3739 W HMI2-SETTINGS - CI08.4: className -> WifiActivity | functionName -> isWapiVariantBlocked | value -> security_type:2
01-01 00:04:21.034  3739  3739 W HMI2-SETTINGS - CI08.4: className -> WifiActivity | functionName -> isInConnected | value -> |ACSIA_DEV|0|2
01-01 00:04:21.034  3739  3739 W HMI2-SETTINGS - CI08.4: className -> WifiActivity | functionName -> isWapiVariantBlocked | value -> security_type:2
01-01 00:04:21.034  3739  3739 W HMI2-SETTINGS - CI08.4: className -> WifiActivity | functionName -> isInConnected | value -> |ACSIA_CORP2|0|2
01-01 00:04:21.034  3739  3739 W HMI2-SETTINGS - CI08.4: className -> WifiActivity | functionName -> isWapiVariantBlocked | value -> security_type:2
01-01 00:04:21.034  3739  3739 W HMI2-SETTINGS - CI08.4: className -> WifiActivity | functionName -> isInConnected | value -> |HUWIFI|0|2
01-01 00:04:21.034  3739  3739 W HMI2-SETTINGS - CI08.4: className -> WifiActivity | functionName -> isWapiVariantBlocked | value -> security_type:2
01-01 00:04:21.034  3739  3739 W HMI2-SETTINGS - CI08.4: className -> WifiActivity | functionName -> isInConnected | value -> |DIRECT-vQINLT044msmJ|0|2
01-01 00:04:21.034  3739  3739 W HMI2-SETTINGS - CI08.4: className -> WifiActivity | functionName -> isWapiVariantBlocked | value -> security_type:2
01-01 00:04:21.034  3739  3739 W HMI2-SETTINGS - CI08.4: className -> WifiActivity | functionName -> isInConnected | value -> |DIRECT-DMATCLWI2064msNL|0|2
01-01 00:04:21.034  3739  3739 W HMI2-SETTINGS - CI08.4: className -> WifiActivity | functionName -> isWapiVariantBlocked | value -> security_type:2
01-01 00:04:21.035  3739  3739 W HMI2-SETTINGS - CI08.4: className -> WifiActivity | functionName -> isInConnected | value -> |ACSIA_CORP1|0|2
01-01 00:04:21.035  3739  3739 W HMI2-SETTINGS - CI08.4: className -> WifiActivity | functionName -> isWapiVariantBlocked | value -> security_type:2
01-01 00:04:21.035  3739  3739 W HMI2-SETTINGS - CI08.4: className -> WifiActivity | functionName -> isInConnected | value -> |ACSIA_GUEST1|0|2
01-01 00:04:21.035  3739  3739 W HMI2-SETTINGS - CI08.4: className -> WifiActivity | functionName -> isWapiVariantBlocked | value -> security_type:2
01-01 00:04:21.035  3739  3739 W HMI2-SETTINGS - CI08.4: className -> WifiActivity | functionName -> isInConnected | value -> |ACSIA_DEV|0|2
01-01 00:04:21.035  3739  3739 W HMI2-SETTINGS - CI08.4: className -> WifiActivity | functionName -> isWapiVariantBlocked | value -> security_type:2
01-01 00:04:21.035  3739  3739 W HMI2-SETTINGS - CI08.4: className -> WifiActivity | functionName -> isInConnected | value -> |RSE_Test|0|2
01-01 00:04:21.035  3739  3739 W HMI2-SETTINGS - CI08.4: className -> WifiActivity | functionName -> isWapiVariantBlocked | value -> security_type:2
01-01 00:04:21.035  3739  3739 W HMI2-SETTINGS - CI08.4: className -> WifiActivity | functionName -> isInConnected | value -> |ACSIA_CORP2|0|2
01-01 00:04:21.035  3739  3739 W HMI2-SETTINGS - CI08.4: className -> WifiActivity | functionName -> isWapiVariantBlocked | value -> security_type:2
01-01 00:04:21.035  3739  3739 W HMI2-SETTINGS - CI08.4: className -> WifiActivity | functionName -> isInConnected | value -> | ACSIA_CORP3|0|2
01-01 00:04:21.035  3739  3739 W HMI2-SETTINGS - CI08.4: className -> WifiActivity | functionName -> isWapiVariantBlocked | value -> security_type:2
01-01 00:04:21.035  3739  3739 W HMI2-SETTINGS - CI08.4: className -> WifiActivity | functionName -> isInConnected | value -> |ACSIA_Management|0|2
01-01 00:04:21.035  3739  3739 W HMI2-SETTINGS - CI08.4: className -> WifiActivity | functionName -> isWapiVariantBlocked | value -> security_type:2
01-01 00:04:21.035  3739  3739 W HMI2-SETTINGS - CI08.4: className -> WifiActivity | functionName -> isInConnected | value -> |AUTOMATION_TEST|0|2
01-01 00:04:21.035  3739  3739 W HMI2-SETTINGS - CI08.4: className -> WifiActivity | functionName -> isWapiVariantBlocked | value -> security_type:2
01-01 00:04:21.035  3739  3739 W HMI2-SETTINGS - CI08.4: className -> WifiActivity | functionName -> isInConnected | value -> |MB Hotspot 61185|0|2
01-01 00:04:21.035  3739  3739 W HMI2-SETTINGS - CI08.4: className -> WifiActivity | functionName -> isWapiVariantBlocked | value -> security_type:0
01-01 00:04:21.035  3739  3739 W HMI2-SETTINGS - CI08.4: className -> WifiActivity | functionName -> isInConnected | value -> |HP-Print-DB-LaserJet Pro MFP|0|0
01-01 00:04:21.035  3739  3739 W HMI2-SETTINGS - CI08.4: className -> WifiActivity | functionName -> handleAllAvailNetwork | value -> savedNetwork ->0
01-01 00:04:21.035  3739  3739 W HMI2-SETTINGS - CI08.4: className -> WifiActivity | functionName -> handleAllAvailNetwork | value -> presentVisibleNetwork ->29
01-01 00:04:21.038  3739  3739 W HMI2-SETTINGS - CI08.4: className -> WifiActivity | functionName -> handleIfWifiAvailableNetworks: config is  | value -> null
01-01 00:04:21.064  3675  4285 D UIAutomatorStub: URI: /jsonrpc/0, Method: POST, Header: {content-length=274, remote-addr=127.0.0.1, http-client-ip=127.0.0.1, host=localhost:9009, content-type=application/json, connection=close, accept-encoding=identity, user-agent=Python-urllib/2.7}, params, {NanoHttpd.QUERY_STRING=null}, files: {postData={"params": [{"childOrSiblingSelector": [], "scrollable": true, "mask": 16384, "childOrSibling": []}, {"childOrSiblingSelector": [], "text": "RSE_Test", "mask": 1, "childOrSibling": []}, true], "jsonrpc": "2.0", "method": "scrollTo", "id": "1803c50c6daec63754e8968490743a79"}}
01-01 00:04:21.069  1933  1947 D LCMANDR : SWR_OOB_HV_MF_009|FUN=LifeCycleManagerService::LifeCycle_ReportCompStatus|GOT ALIVENESS SIGNAL FROM DAIAPP : [0]; HB Counter = [ 93 ]; STATUS INFO = [ 0 ]
01-01 00:04:21.069  1519  1519 I Connectivity_AIDL|AIDL_Handler.AIDL_Helpers.LcmHelper: MBUX App Method: KeepAliveTest |Line No: 408 |Log Type: Critical |Message: MainThread:MBUX-App HB Count: 95, ResponseCode: 0
01-01 00:04:21.678   729   748 I sssv-lib: sendMsg enter
01-01 00:04:21.678   729   748 I sssv-lib: sendMsg complete.
01-01 00:04:21.709  3675  4285 D UiScrollable: scrollToBeginning() on selector = UiSelector[SCROLLABLE=true]
01-01 00:04:21.709  3675  4285 D UiScrollable: scrollBackward() on selector = UiSelector[SCROLLABLE=true]
01-01 00:04:21.715  3675  4285 I QueryController: Matched selector: UiSelector[SCROLLABLE=true] <<==>> [android.view.accessibility.AccessibilityNodeInfo@1d1f4b; boundsInParent: Rect(0, 0 - 1332, 889); boundsInScreen: Rect(305, 172 - 1637, 1061); packageName: com.panasonic.hmi2settings; className: android.widget.ScrollView; text: null; error: null; maxTextLength: -1; contentDescription: null; viewIdResName: com.panasonic.hmi2settings:id/scrollWifi; checkable: false; checked: false; focusable: true; focused: false; selected: false; clickable: false; longClickable: false; contextClickable: false; enabled: true; password: false; scrollable: true; importantForAccessibility: true; actions: [AccessibilityAction: ACTION_FOCUS - null, AccessibilityAction: ACTION_SELECT - null, AccessibilityAction: ACTION_CLEAR_SELECTION - null, AccessibilityAction: ACTION_ACCESSIBILITY_FOCUS - null, AccessibilityAction: ACTION_SCROLL_FORWARD - null, AccessibilityAction: ACTION_SHOW_ON_SCREEN - null]]
01-01 00:04:21.715  3675  4285 D UiScrollable: scrollToBegining() using vertical scroll
01-01 00:04:21.716  3675  4285 D InteractionController: scrollSwipe (971, 260, 971, 973, 55)
01-01 00:04:22.278  1933  1933 I LCMANDR : SWR_OOB_HV_MF_009|FUN=ResourceMonitoringService::movingMemoryAverage|2|Moving memory average :23.53699
01-01 00:04:22.278  1933  1933 W LCMANDR : SWR_OOB_HV_MF_009|FUN=ResourceMonitoringService::getCpuUsageStatistic|Moving MEM AVG :::::::::23.53699
01-01 00:04:22.281  1933  1933 W LCMANDR : SWR_OOB_HV_MF_009|FUN=ResourceMonitoringService::getCpuUsageStatistic|2|Total cpu usage :24.797218
01-01 00:04:22.281  1933  1933 I LCMANDR : SWR_OOB_HV_MF_009|FUN=ResourceMonitoringService::getCpuUsageStatistic|Cpu usage of core  0 is29.065742
01-01 00:04:22.281  1933  1933 I LCMANDR : SWR_OOB_HV_MF_009|FUN=ResourceMonitoringService::getCpuUsageStatistic|Cpu usage of core  1 is21.478874
01-01 00:04:22.281  1933  1933 I LCMANDR : SWR_OOB_HV_MF_009|FUN=ResourceMonitoringService::getCpuUsageStatistic|Cpu usage of core  2 is23.793102
01-01 00:04:22.281  1933  1933 I LCMANDR : ResourceMonitoringService::movingCpuAverage()
01-01 00:04:22.281  1933  1933 I LCMANDR : SWR_OOB_HV_MF_009|FUN=ResourceMonitoringService::movingCpuAverage|2|Moving window average of CPU 22.65793
01-01 00:04:22.281  1933  1933 I LCMANDR : SWR_OOB_HV_MF_009|FUN=ResourceMonitoringService::movingCpuAverage|2|Cpu moving average of core  0 is24.69244
01-01 00:04:22.281  1933  1933 I LCMANDR : SWR_OOB_HV_MF_009|FUN=ResourceMonitoringService::movingCpuAverage|2|Cpu moving average of core  1 is19.476824
01-01 00:04:22.281  1933  1933 I LCMANDR : SWR_OOB_HV_MF_009|FUN=ResourceMonitoringService::movingCpuAverage|2|Cpu moving average of core  2 is23.746017
01-01 00:04:22.282  1933  1933 D LCMANDR : SWR_OOB_HV_MF_009|FUN=ResourceMonitoringService::movingCpuAverage|2|Exiting VAL = 22.65793
01-01 00:04:22.353  1933  1933 D LCMANDR : SWR_OOB_HV_MF_009|FUN=LifeCycleManagerService::getDAIAppAlivenessStatus|Aliveness:: DAIAPP HB DIFF = 2 [ DaimlerAppHBCounter ] = 93[ DaimlerAppHBCounterOld ] = 91
01-01 00:04:22.353  1933  1933 I LCMANDR : SWR_OOB_HV_MF_009|FUN=LifeCycleManagerService::getDAIAppAlivenessStatus|Aliveness::ANDROID HB IS VALID... setting OLD VAL, and resetting Fail Counter
01-01 00:04:22.356  1933  1933 I LCMANDR : SWR_OOB_HV_MF_009|FUN=LifeCycleManagerService::getDAIPID|DAIMLER APP(com.daimler.rse.ntg6) PID is [ 1519 ]
01-01 00:04:22.356  1933  1933 I LCMANDR : SWR_OOB_HV_MF_009|FUN=LifeCycleManagerService::getDAIAPPStatus|Aliveness::SAME PID! DAIAPP is not restarted
01-01 00:04:22.356  1933  1933 W LCMANDR : SWR_OOB_HV_MF_009|FUN=LifeCycleManagerService::getDAIAppAlivenessStatus|Aliveness::Status to send id : ALIVE
01-01 00:04:22.358  1933  1933 D LCMANDR : SWR_OOB_HV_MF_005|FUN=LifeCycleManagerService::sendPacketToLnx|data = [B@e034388
01-01 00:04:22.358  1933  1956 D LCMANDR : SWR_OOB_HV_MF_010|FUN=LifeCycleManagerService::RseNodeStateManagement|SEND_IGC_CB
01-01 00:04:22.359  1933  1956 I LCMANDR : SWR_OOB_HV_MF_005|FUN=LifeCycleManagerService::igcsendData|Call hit in RSENodeStateManagement::igcsendData
01-01 00:04:22.359  1933  1956 I LCMANDR : SWR_OOB_HV_MF_005|FUN=LifeCycleManagerService::igcsendData|SEND DATA LEN is : 15
01-01 00:04:22.359  1933  1956 I LCMANDR : SWR_OOB_HV_MF_007|FUN=LifeCycleManagerService::sendPacketFromIntentService|Package to send : [ 65, 0, 0, 0, 9, 0, 2, 0, 1, 0, 5, 65, 65, 0, 0, ]
01-01 00:04:22.359  1933  1956 I IGC     :  IGC::sendData ==> [ 65, 0, 0, 0, 9, 0, 2, 0, 1, 0, 5, 65, 65, 0, 0,  ]
01-01 00:04:22.359  1933  1956 I IGC     :  Igc::sendData data size is :: 15
01-01 00:04:22.359  1933  1956 D         : Enqueue: sem count = 1
01-01 00:04:22.359  1933  1956 I LCMANDR : SWR_OOB_HV_MF_007|FUN=LifeCycleManagerService::sendPacketFromIntentService|Sending Data to Linux is successful( [65, 0, 0, 0, 9, 0, 2, 0, 1, 0, 5, 65, 65, 0, 0] )
01-01 00:04:22.359  1933  1956 I LCMANDR : SWR_OOB_HV_MF_005|FUN=LifeCycleManagerService::igcsendData| DATA SEND SUCCESSFULLY 
01-01 00:04:22.359  1933  1933 D LCMANDR : SWR_OOB_HV_MF_009|FUN=LifeCycleManagerService::postAppsStatusInfo|Setting AppPacket info
01-01 00:04:22.359  1933  1933 I LCMANDR : SWR_OOB_HV_MF_009|FUN=AlivenessMonitoring::getRunningApps| packet sent
01-01 00:04:22.571   635   635 E ANDR-PERF-TARGET: Error: Invalid logical cluster id 0
01-01 00:04:22.572   635   635 E ANDR-PERF-MPCTL: invalid request, no optimizations performed
01-01 00:04:22.588   635   635 E ANDR-PERF-TARGET: Error: Invalid logical cluster id 0
01-01 00:04:22.588   635   635 E ANDR-PERF-MPCTL: invalid request, no optimizations performed
01-01 00:04:22.605   635   635 E ANDR-PERF-TARGET: Error: Invalid logical cluster id 0
01-01 00:04:22.605   635   635 E ANDR-PERF-MPCTL: invalid request, no optimizations performed
01-01 00:04:22.622   635   635 E ANDR-PERF-TARGET: Error: Invalid logical cluster id 0
01-01 00:04:22.622   635   635 E ANDR-PERF-MPCTL: invalid request, no optimizations performed
01-01 00:04:22.638   635   635 E ANDR-PERF-TARGET: Error: Invalid logical cluster id 0
01-01 00:04:22.638   635   635 E ANDR-PERF-MPCTL: invalid request, no optimizations performed
01-01 00:04:22.638   635   635 E ANDR-PERF-TARGET: Error: Invalid logical cluster id 0
01-01 00:04:22.638   635   635 E ANDR-PERF-MPCTL: invalid request, no optimizations performed
01-01 00:04:22.655   635   635 E ANDR-PERF-TARGET: Error: Invalid logical cluster id 0
01-01 00:04:22.655   635   635 E ANDR-PERF-MPCTL: invalid request, no optimizations performed
01-01 00:04:22.672   635   635 E ANDR-PERF-TARGET: Error: Invalid logical cluster id 0
01-01 00:04:22.672   635   635 E ANDR-PERF-MPCTL: invalid request, no optimizations performed
01-01 00:04:22.678   729   748 I sssv-lib: sendMsg enter
01-01 00:04:22.678   729   748 I sssv-lib: sendMsg complete.
01-01 00:04:22.688   635   635 E ANDR-PERF-TARGET: Error: Invalid logical cluster id 0
01-01 00:04:22.689   635   635 E ANDR-PERF-MPCTL: invalid request, no optimizations performed
01-01 00:04:22.705   635   635 E ANDR-PERF-TARGET: Error: Invalid logical cluster id 0
01-01 00:04:22.705   635   635 E ANDR-PERF-MPCTL: invalid request, no optimizations performed
01-01 00:04:22.722   635   635 E ANDR-PERF-TARGET: Error: Invalid logical cluster id 0
01-01 00:04:22.722   635   635 E ANDR-PERF-MPCTL: invalid request, no optimizations performed
01-01 00:04:22.738   635   635 E ANDR-PERF-TARGET: Error: Invalid logical cluster id 0
01-01 00:04:22.739   635   635 E ANDR-PERF-MPCTL: invalid request, no optimizations performed
01-01 00:04:22.755   635   635 E ANDR-PERF-TARGET: Error: Invalid logical cluster id 0
01-01 00:04:22.755   635   635 E ANDR-PERF-MPCTL: invalid request, no optimizations performed
01-01 00:04:22.772   635   635 E ANDR-PERF-TARGET: Error: Invalid logical cluster id 0
01-01 00:04:22.772   635   635 E ANDR-PERF-MPCTL: invalid request, no optimizations performed
01-01 00:04:22.789   635   635 E ANDR-PERF-TARGET: Error: Invalid logical cluster id 0
01-01 00:04:22.789   635   635 E ANDR-PERF-MPCTL: invalid request, no optimizations performed
01-01 00:04:22.805   635   635 E ANDR-PERF-TARGET: Error: Invalid logical cluster id 0
01-01 00:04:22.805   635   635 E ANDR-PERF-MPCTL: invalid request, no optimizations performed
01-01 00:04:22.822   635   635 E ANDR-PERF-TARGET: Error: Invalid logical cluster id 0
01-01 00:04:22.822   635   635 E ANDR-PERF-MPCTL: invalid request, no optimizations performed
01-01 00:04:22.834  3675  4285 W InteractionController: runAndwaitForEvents timed out waiting for events
01-01 00:04:22.839   635   635 E ANDR-PERF-TARGET: Error: Invalid logical cluster id 0
01-01 00:04:22.839   635   635 E ANDR-PERF-MPCTL: invalid request, no optimizations performed
01-01 00:04:22.842  3675  4285 D UiScrollable: scrollForward() on selector = UiSelector[SCROLLABLE=true]
01-01 00:04:22.850  3675  4285 I QueryController: Matched selector: UiSelector[SCROLLABLE=true] <<==>> [android.view.accessibility.AccessibilityNodeInfo@1d1f4b; boundsInParent: Rect(0, 0 - 1332, 889); boundsInScreen: Rect(305, 172 - 1637, 1061); packageName: com.panasonic.hmi2settings; className: android.widget.ScrollView; text: null; error: null; maxTextLength: -1; contentDescription: null; viewIdResName: com.panasonic.hmi2settings:id/scrollWifi; checkable: false; checked: false; focusable: true; focused: false; selected: false; clickable: false; longClickable: false; contextClickable: false; enabled: true; password: false; scrollable: true; importantForAccessibility: true; actions: [AccessibilityAction: ACTION_FOCUS - null, AccessibilityAction: ACTION_SELECT - null, AccessibilityAction: ACTION_CLEAR_SELECTION - null, AccessibilityAction: ACTION_ACCESSIBILITY_FOCUS - null, AccessibilityAction: ACTION_SCROLL_FORWARD - null, AccessibilityAction: ACTION_SHOW_ON_SCREEN - null]]
01-01 00:04:22.850  3675  4285 D InteractionController: scrollSwipe (971, 973, 971, 260, 55)
01-01 00:04:22.855   635   635 E ANDR-PERF-TARGET: Error: Invalid logical cluster id 0
01-01 00:04:22.856   635   635 E ANDR-PERF-MPCTL: invalid request, no optimizations performed
01-01 00:04:22.872   635   635 E ANDR-PERF-TARGET: Error: Invalid logical cluster id 0
01-01 00:04:22.872   635   635 E ANDR-PERF-MPCTL: invalid request, no optimizations performed
01-01 00:04:22.889   635   635 E ANDR-PERF-TARGET: Error: Invalid logical cluster id 0
01-01 00:04:22.889   635   635 E ANDR-PERF-MPCTL: invalid request, no optimizations performed
01-01 00:04:22.906   635   635 E ANDR-PERF-TARGET: Error: Invalid logical cluster id 0
01-01 00:04:22.906   635   635 E ANDR-PERF-MPCTL: invalid request, no optimizations performed
01-01 00:04:22.922   635   635 E ANDR-PERF-TARGET: Error: Invalid logical cluster id 0
01-01 00:04:22.922   635   635 E ANDR-PERF-MPCTL: invalid request, no optimizations performed
01-01 00:04:22.939   635   635 E ANDR-PERF-TARGET: Error: Invalid logical cluster id 0
01-01 00:04:22.939   635   635 E ANDR-PERF-MPCTL: invalid request, no optimizations performed
01-01 00:04:22.956   635   635 E ANDR-PERF-TARGET: Error: Invalid logical cluster id 0
01-01 00:04:22.956   635   635 E ANDR-PERF-MPCTL: invalid request, no optimizations performed
01-01 00:04:22.972   635   635 E ANDR-PERF-TARGET: Error: Invalid logical cluster id 0
01-01 00:04:22.972   635   635 E ANDR-PERF-MPCTL: invalid request, no optimizations performed
01-01 00:04:22.989   635   635 E ANDR-PERF-TARGET: Error: Invalid logical cluster id 0
01-01 00:04:22.989   635   635 E ANDR-PERF-MPCTL: invalid request, no optimizations performed
01-01 00:04:23.006   635   635 E ANDR-PERF-TARGET: Error: Invalid logical cluster id 0
01-01 00:04:23.006   635   635 E ANDR-PERF-MPCTL: invalid request, no optimizations performed
01-01 00:04:23.023   635   635 E ANDR-PERF-TARGET: Error: Invalid logical cluster id 0
01-01 00:04:23.023   635   635 E ANDR-PERF-MPCTL: invalid request, no optimizations performed
01-01 00:04:23.039   635   635 E ANDR-PERF-TARGET: Error: Invalid logical cluster id 0
01-01 00:04:23.039   635   635 E ANDR-PERF-MPCTL: invalid request, no optimizations performed
01-01 00:04:23.056   635   635 E ANDR-PERF-TARGET: Error: Invalid logical cluster id 0
01-01 00:04:23.056   635   635 E ANDR-PERF-MPCTL: invalid request, no optimizations performed
01-01 00:04:23.073   635   635 E ANDR-PERF-TARGET: Error: Invalid logical cluster id 0
01-01 00:04:23.073   635   635 E ANDR-PERF-MPCTL: invalid request, no optimizations performed
01-01 00:04:23.089   635   635 E ANDR-PERF-TARGET: Error: Invalid logical cluster id 0
01-01 00:04:23.089   635   635 E ANDR-PERF-MPCTL: invalid request, no optimizations performed
01-01 00:04:23.106   635   635 E ANDR-PERF-TARGET: Error: Invalid logical cluster id 0
01-01 00:04:23.106   635   635 E ANDR-PERF-MPCTL: invalid request, no optimizations performed
01-01 00:04:23.123   635   635 E ANDR-PERF-TARGET: Error: Invalid logical cluster id 0
01-01 00:04:23.123   635   635 E ANDR-PERF-MPCTL: invalid request, no optimizations performed
01-01 00:04:23.134  1933  1947 D LCMANDR : SWR_OOB_HV_MF_009|FUN=LifeCycleManagerService::LifeCycle_ReportCompStatus|GOT ALIVENESS SIGNAL FROM DAIAPP : [0]; HB Counter = [ 94 ]; STATUS INFO = [ 0 ]
01-01 00:04:23.134  1519  1964 I Connectivity_AIDL|AIDL_Handler.AIDL_Helpers.LcmHelper: MBUX App Method: KeepAliveTest |Line No: 408 |Log Type: Critical |Message: ChildThread:MBUX-App HB Count: 96, ResponseCode: 0
01-01 00:04:23.140   635   635 E ANDR-PERF-TARGET: Error: Invalid logical cluster id 0
01-01 00:04:23.140   635   635 E ANDR-PERF-MPCTL: invalid request, no optimizations performed
01-01 00:04:23.156   635   635 E ANDR-PERF-TARGET: Error: Invalid logical cluster id 0
01-01 00:04:23.156   635   635 E ANDR-PERF-MPCTL: invalid request, no optimizations performed
01-01 00:04:23.173   635   635 E ANDR-PERF-TARGET: Error: Invalid logical cluster id 0
01-01 00:04:23.173   635   635 E ANDR-PERF-MPCTL: invalid request, no optimizations performed
01-01 00:04:23.190   635   635 E ANDR-PERF-TARGET: Error: Invalid logical cluster id 0
01-01 00:04:23.190   635   635 E ANDR-PERF-MPCTL: invalid request, no optimizations performed
01-01 00:04:23.206   635   635 E ANDR-PERF-TARGET: Error: Invalid logical cluster id 0
01-01 00:04:23.206   635   635 E ANDR-PERF-MPCTL: invalid request, no optimizations performed
01-01 00:04:23.223   635   635 E ANDR-PERF-TARGET: Error: Invalid logical cluster id 0
01-01 00:04:23.223   635   635 E ANDR-PERF-MPCTL: invalid request, no optimizations performed
01-01 00:04:23.240   635   635 E ANDR-PERF-TARGET: Error: Invalid logical cluster id 0
01-01 00:04:23.240   635   635 E ANDR-PERF-MPCTL: invalid request, no optimizations performed
01-01 00:04:23.256   635   635 E ANDR-PERF-TARGET: Error: Invalid logical cluster id 0
01-01 00:04:23.256   635   635 E ANDR-PERF-MPCTL: invalid request, no optimizations performed
01-01 00:04:23.273   635   635 E ANDR-PERF-TARGET: Error: Invalid logical cluster id 0
01-01 00:04:23.273   635   635 E ANDR-PERF-MPCTL: invalid request, no optimizations performed
01-01 00:04:23.290   635   635 E ANDR-PERF-TARGET: Error: Invalid logical cluster id 0
01-01 00:04:23.290   635   635 E ANDR-PERF-MPCTL: invalid request, no optimizations performed
01-01 00:04:23.306   635   635 E ANDR-PERF-TARGET: Error: Invalid logical cluster id 0
01-01 00:04:23.307   635   635 E ANDR-PERF-MPCTL: invalid request, no optimizations performed
01-01 00:04:23.323   635   635 E ANDR-PERF-TARGET: Error: Invalid logical cluster id 0
01-01 00:04:23.323   635   635 E ANDR-PERF-MPCTL: invalid request, no optimizations performed
01-01 00:04:23.340   635   635 E ANDR-PERF-TARGET: Error: Invalid logical cluster id 0
01-01 00:04:23.340   635   635 E ANDR-PERF-MPCTL: invalid request, no optimizations performed
01-01 00:04:23.357   635   635 E ANDR-PERF-TARGET: Error: Invalid logical cluster id 0
01-01 00:04:23.357   635   635 E ANDR-PERF-MPCTL: invalid request, no optimizations performed
01-01 00:04:23.373   635   635 E ANDR-PERF-TARGET: Error: Invalid logical cluster id 0
01-01 00:04:23.374   635   635 E ANDR-PERF-MPCTL: invalid request, no optimizations performed
01-01 00:04:23.390   635   635 E ANDR-PERF-TARGET: Error: Invalid logical cluster id 0
01-01 00:04:23.390   635   635 E ANDR-PERF-MPCTL: invalid request, no optimizations performed
01-01 00:04:23.407   635   635 E ANDR-PERF-TARGET: Error: Invalid logical cluster id 0
01-01 00:04:23.407   635   635 E ANDR-PERF-MPCTL: invalid request, no optimizations performed
01-01 00:04:23.424   635   635 E ANDR-PERF-TARGET: Error: Invalid logical cluster id 0
01-01 00:04:23.424   635   635 E ANDR-PERF-MPCTL: invalid request, no optimizations performed
01-01 00:04:23.440   635   635 E ANDR-PERF-TARGET: Error: Invalid logical cluster id 0
01-01 00:04:23.440   635   635 E ANDR-PERF-MPCTL: invalid request, no optimizations performed
01-01 00:04:23.457   635   635 E ANDR-PERF-TARGET: Error: Invalid logical cluster id 0
01-01 00:04:23.457   635   635 E ANDR-PERF-MPCTL: invalid request, no optimizations performed
01-01 00:04:23.474   635   635 E ANDR-PERF-TARGET: Error: Invalid logical cluster id 0
01-01 00:04:23.474   635   635 E ANDR-PERF-MPCTL: invalid request, no optimizations performed
01-01 00:04:23.490   635   635 E ANDR-PERF-TARGET: Error: Invalid logical cluster id 0
01-01 00:04:23.490   635   635 E ANDR-PERF-MPCTL: invalid request, no optimizations performed
01-01 00:04:23.507   635   635 E ANDR-PERF-TARGET: Error: Invalid logical cluster id 0
01-01 00:04:23.507   635   635 E ANDR-PERF-MPCTL: invalid request, no optimizations performed
01-01 00:04:23.524   635   635 E ANDR-PERF-TARGET: Error: Invalid logical cluster id 0
01-01 00:04:23.524   635   635 E ANDR-PERF-MPCTL: invalid request, no optimizations performed
01-01 00:04:23.540   635   635 E ANDR-PERF-TARGET: Error: Invalid logical cluster id 0
01-01 00:04:23.540   635   635 E ANDR-PERF-MPCTL: invalid request, no optimizations performed
01-01 00:04:23.557   635   635 E ANDR-PERF-TARGET: Error: Invalid logical cluster id 0
01-01 00:04:23.557   635   635 E ANDR-PERF-MPCTL: invalid request, no optimizations performed
01-01 00:04:23.574   635   635 E ANDR-PERF-TARGET: Error: Invalid logical cluster id 0
01-01 00:04:23.574   635   635 E ANDR-PERF-MPCTL: invalid request, no optimizations performed
01-01 00:04:23.590   635   635 E ANDR-PERF-TARGET: Error: Invalid logical cluster id 0
01-01 00:04:23.591   635   635 E ANDR-PERF-MPCTL: invalid request, no optimizations performed
01-01 00:04:23.607   635   635 E ANDR-PERF-TARGET: Error: Invalid logical cluster id 0
01-01 00:04:23.607   635   635 E ANDR-PERF-MPCTL: invalid request, no optimizations performed
01-01 00:04:23.624   635   635 E ANDR-PERF-TARGET: Error: Invalid logical cluster id 0
01-01 00:04:23.624   635   635 E ANDR-PERF-MPCTL: invalid request, no optimizations performed
01-01 00:04:23.641   635   635 E ANDR-PERF-TARGET: Error: Invalid logical cluster id 0
01-01 00:04:23.641   635   635 E ANDR-PERF-MPCTL: invalid request, no optimizations performed
01-01 00:04:23.657   635   635 E ANDR-PERF-TARGET: Error: Invalid logical cluster id 0
01-01 00:04:23.657   635   635 E ANDR-PERF-MPCTL: invalid request, no optimizations performed
01-01 00:04:23.674   635   635 E ANDR-PERF-TARGET: Error: Invalid logical cluster id 0
01-01 00:04:23.674   635   635 E ANDR-PERF-MPCTL: invalid request, no optimizations performed
01-01 00:04:23.679   729   748 I sssv-lib: sendMsg enter
01-01 00:04:23.679   729   748 I sssv-lib: sendMsg complete.
01-01 00:04:23.691   635   635 E ANDR-PERF-TARGET: Error: Invalid logical cluster id 0
01-01 00:04:23.691   635   635 E ANDR-PERF-MPCTL: invalid request, no optimizations performed
01-01 00:04:23.707   635   635 E ANDR-PERF-TARGET: Error: Invalid logical cluster id 0
01-01 00:04:23.707   635   635 E ANDR-PERF-MPCTL: invalid request, no optimizations performed
01-01 00:04:23.724   635   635 E ANDR-PERF-TARGET: Error: Invalid logical cluster id 0
01-01 00:04:23.724   635   635 E ANDR-PERF-MPCTL: invalid request, no optimizations performed
01-01 00:04:23.741   635   635 E ANDR-PERF-TARGET: Error: Invalid logical cluster id 0
01-01 00:04:23.741   635   635 E ANDR-PERF-MPCTL: invalid request, no optimizations performed
01-01 00:04:23.757   635   635 E ANDR-PERF-TARGET: Error: Invalid logical cluster id 0
01-01 00:04:23.757   635   635 E ANDR-PERF-MPCTL: invalid request, no optimizations performed
01-01 00:04:23.758   635   635 E ANDR-PERF-TARGET: Error: Invalid logical cluster id 0
01-01 00:04:23.758   635   635 E ANDR-PERF-MPCTL: invalid request, no optimizations performed
01-01 00:04:23.774   635   635 E ANDR-PERF-TARGET: Error: Invalid logical cluster id 0
01-01 00:04:23.774   635   635 E ANDR-PERF-MPCTL: invalid request, no optimizations performed
01-01 00:04:23.791   635   635 E ANDR-PERF-TARGET: Error: Invalid logical cluster id 0
01-01 00:04:23.791   635   635 E ANDR-PERF-MPCTL: invalid request, no optimizations performed
01-01 00:04:23.807   635   635 E ANDR-PERF-TARGET: Error: Invalid logical cluster id 0
01-01 00:04:23.808   635   635 E ANDR-PERF-MPCTL: invalid request, no optimizations performed
01-01 00:04:23.824   635   635 E ANDR-PERF-TARGET: Error: Invalid logical cluster id 0
01-01 00:04:23.824   635   635 E ANDR-PERF-MPCTL: invalid request, no optimizations performed
01-01 00:04:23.841   635   635 E ANDR-PERF-TARGET: Error: Invalid logical cluster id 0
01-01 00:04:23.841   635   635 E ANDR-PERF-MPCTL: invalid request, no optimizations performed
01-01 00:04:23.858   635   635 E ANDR-PERF-TARGET: Error: Invalid logical cluster id 0
01-01 00:04:23.858   635   635 E ANDR-PERF-MPCTL: invalid request, no optimizations performed
01-01 00:04:23.874   635   635 E ANDR-PERF-TARGET: Error: Invalid logical cluster id 0
01-01 00:04:23.874   635   635 E ANDR-PERF-MPCTL: invalid request, no optimizations performed
01-01 00:04:23.891   635   635 E ANDR-PERF-TARGET: Error: Invalid logical cluster id 0
01-01 00:04:23.891   635   635 E ANDR-PERF-MPCTL: invalid request, no optimizations performed
01-01 00:04:23.908   635   635 E ANDR-PERF-TARGET: Error: Invalid logical cluster id 0
01-01 00:04:23.908   635   635 E ANDR-PERF-MPCTL: invalid request, no optimizations performed
01-01 00:04:23.924   635   635 E ANDR-PERF-TARGET: Error: Invalid logical cluster id 0
01-01 00:04:23.924   635   635 E ANDR-PERF-MPCTL: invalid request, no optimizations performed
01-01 00:04:23.941   635   635 E ANDR-PERF-TARGET: Error: Invalid logical cluster id 0
01-01 00:04:23.941   635   635 E ANDR-PERF-MPCTL: invalid request, no optimizations performed
01-01 00:04:23.952  3675  4285 W InteractionController: runAndwaitForEvents timed out waiting for events
01-01 00:04:23.952  3675  4285 D InteractionController: Vertical scrollSwipe reached scroll end: false
01-01 00:04:23.958   635   635 E ANDR-PERF-TARGET: Error: Invalid logical cluster id 0
01-01 00:04:23.958   635   635 E ANDR-PERF-MPCTL: invalid request, no optimizations performed
01-01 00:04:23.975   635   635 E ANDR-PERF-TARGET: Error: Invalid logical cluster id 0
01-01 00:04:23.975   635   635 E ANDR-PERF-MPCTL: invalid request, no optimizations performed
01-01 00:04:23.991   635   635 E ANDR-PERF-TARGET: Error: Invalid logical cluster id 0
01-01 00:04:23.991   635   635 E ANDR-PERF-MPCTL: invalid request, no optimizations performed
01-01 00:04:24.008   635   635 E ANDR-PERF-TARGET: Error: Invalid logical cluster id 0
01-01 00:04:24.008   635   635 E ANDR-PERF-MPCTL: invalid request, no optimizations performed
01-01 00:04:24.025   635   635 E ANDR-PERF-TARGET: Error: Invalid logical cluster id 0
01-01 00:04:24.025   635   635 E ANDR-PERF-MPCTL: invalid request, no optimizations performed
01-01 00:04:24.041   635   635 E ANDR-PERF-TARGET: Error: Invalid logical cluster id 0
01-01 00:04:24.041   635   635 E ANDR-PERF-MPCTL: invalid request, no optimizations performed
01-01 00:04:24.058   635   635 E ANDR-PERF-TARGET: Error: Invalid logical cluster id 0
01-01 00:04:24.058   635   635 E ANDR-PERF-MPCTL: invalid request, no optimizations performed
01-01 00:04:24.075   635   635 E ANDR-PERF-TARGET: Error: Invalid logical cluster id 0
01-01 00:04:24.075   635   635 E ANDR-PERF-MPCTL: invalid request, no optimizations performed
01-01 00:04:24.091   635   635 E ANDR-PERF-TARGET: Error: Invalid logical cluster id 0
01-01 00:04:24.091   635   635 E ANDR-PERF-MPCTL: invalid request, no optimizations performed
01-01 00:04:24.108   635   635 E ANDR-PERF-TARGET: Error: Invalid logical cluster id 0
01-01 00:04:24.108   635   635 E ANDR-PERF-MPCTL: invalid request, no optimizations performed
01-01 00:04:24.119  1151  2229 D CompatibilityInfo: mCompatibilityFlags - 4
01-01 00:04:24.119  1151  2229 D CompatibilityInfo: applicationDensity - 240
01-01 00:04:24.119  1151  2229 D CompatibilityInfo: applicationScale - 1.0
01-01 00:04:24.120  2145  2145 D HMI_SERVICE: USE_CASE_NA|FUN=StoragedJobIntentService::onCreate|1|init
01-01 00:04:24.122  2145  2462 D HMI_SERVICE: USE_CASE_NA|FUN=StoragedJobIntentService::onHandleIntent|1|ACTION_MONITOR_APPS
01-01 00:04:24.123  2145  2462 I HMI_SERVICE: USE_CASE_NA|FUN=StoragedJobIntentService::onHandleIntent|1|msg:storageType:64totalWriteValue371974144
01-01 00:04:24.123  2145  2462 D HMI_SERVICE: USE_CASE_NA|FUN=StoragedJobIntentService::initMonitorApps|1|init
01-01 00:04:24.124  2145  2462 D HMI_SERVICE: USE_CASE_NA|FUN=EmmcUtils::getAppUid|1|uid:10027
01-01 00:04:24.125   635   635 E ANDR-PERF-TARGET: Error: Invalid logical cluster id 0
01-01 00:04:24.125   635   635 E ANDR-PERF-MPCTL: invalid request, no optimizations performed
01-01 00:04:24.127  2145  2462 D HMI_SERVICE: USE_CASE_NA|FUN=EmmcUtils::getAppUid|1|uid:10033
01-01 00:04:24.130  2677  2720 W ContextImpl: Calling a method in the system process without a qualified user: android.app.ContextImpl.startService:1476 android.content.ContextWrapper.startService:650 com.panasonic.dairse.vcpupersistence.VCPUPersistenceService$1.executeLinuxCommand:392 com.panasonic.dairse.vcpupersistence.IVCPUPersistenceService$Stub.onTransact:437 android.os.Binder.execTransact:706 
01-01 00:04:24.131  2145  2145 D HMI_SERVICE: USE_CASE_NA|FUN=StoragedJobIntentService::onDestroy|1|init
01-01 00:04:24.135  1151  2229 D CompatibilityInfo: mCompatibilityFlags - 4
01-01 00:04:24.135  1151  2229 D CompatibilityInfo: applicationDensity - 240
01-01 00:04:24.135  1151  2229 D CompatibilityInfo: applicationScale - 1.0
01-01 00:04:24.138  2677  4286 W ANDR_PERSISTENCY_CLIENT: SWR_PERSISTENCE_HV_LA_MF_0004|FUN=UT_VCPUService:: onHandleIntent |2| [action] 16
01-01 00:04:24.138  2677  4286 W ANDR_PERSISTENCY_CLIENT: SWR_PERSISTENCE_HV_LA_MF_0003|FUN=PersConnHandler:: executeLinuxCommand |2| [id] execute_procedure
01-01 00:04:24.138  2677  4286 W ANDR_PERSISTENCY_CLIENT: SWR_PERSISTENCE_HV_LA_MF_0005|FUN=TCPHandler:: getInstance |2|msg: invoked 
01-01 00:04:24.138  2677  4286 W ANDR_PERSISTENCY_CLIENT: SWR_PERSISTENCE_HV_LA_MF_0005|FUN=TCPHandler::sendWriteRequestToPersistenceLinux|2|key= 0commandKey= 5 data= [99, 97, 116, 32, 47, 112, 114, 111, 99, 47, 100, 105, 115, 107, 115, 116, 97, 116, 115]
01-01 00:04:24.138  2677  4286 W ANDR_PERSISTENCY_CLIENT: SWR_PERSISTENCE_HV_LA_MF_0005|FUN=TCPHandler:: getUID |2|msg: invoked 
01-01 00:04:24.138  2677  4286 W ANDR_PERSISTENCY_CLIENT: SWR_PERSISTENCE_HV_LA_MF_0005|FUN=TCPHandler:: setAction |2|msg:setAction=1
01-01 00:04:24.138  2677  4286 W ANDR_PERSISTENCY_CLIENT: SWR_PERSISTENCE_HV_LA_MF_0005|FUN=TCPHandler:: setUID |2|msg:uid=-48
01-01 00:04:24.138  2677  4286 W ANDR_PERSISTENCY_CLIENT: SWR_PERSISTENCE_HV_LA_MF_0005|FUN=TCPHandler:: setKey |2|msg:uid=-48
01-01 00:04:24.138  2677  4286 W ANDR_PERSISTENCY_CLIENT: SWR_PERSISTENCE_HV_LA_MF_0005|FUN=TCPHandler::setCommandKey|2|msg:commandKey=5
01-01 00:04:24.138  2677  4286 W ANDR_PERSISTENCY_CLIENT: SWR_PERSISTENCE_HV_LA_MF_0005|FUN=TCPHandler::sendWriteRequestToPersistenceLinux|2|listKey=-48_5;keyString=0x00;key=0;command=cat /proc/diskstats
01-01 00:04:24.139  2677  2725 W ANDR_PERSISTENCY_CLIENT: SWR_PERSISTENCE_HV_LA_MF_0005|FUN=TCPHandler:: getAction |2|msg:getAction=1
01-01 00:04:24.139  2677  2725 W ANDR_PERSISTENCY_CLIENT: SWR_PERSISTENCE_HV_LA_MF_0005|FUN=TCPHandler:: sender:ACTION_REQUEST |2|msg:condition 
01-01 00:04:24.139  2677  2725 W ANDR_PERSISTENCY_CLIENT: SWR_PERSISTENCE_HV_LA_MF_0005|FUN=TCPHandler:: getWrappedData |2|msg: msg com.panasonic.dairse.vcpupersistence.TCPHandler$Message@53c8aa
01-01 00:04:24.139  2677  2725 W ANDR_PERSISTENCY_CLIENT: SWR_PERSISTENCE_HV_LA_MF_0005|FUN=TCPHandler::getCommandKey|2|msg:commandKey=5
01-01 00:04:24.139  2677  2725 W ANDR_PERSISTENCY_CLIENT: SWR_PERSISTENCE_HV_LA_MF_0005|FUN=TCPHandler:: intToBytes |2| data 19
01-01 00:04:24.139  2677  2725 W ANDR_PERSISTENCY_CLIENT: SWR_PERSISTENCE_HV_LA_MF_0005|FUN=TCPHandler:: intToBytes |2| data 31
01-01 00:04:24.139  2677  2725 W ANDR_PERSISTENCY_CLIENT: SWR_PERSISTENCE_HV_LA_MF_0005|FUN=TCPHandler:: getUID |2|msg:uid=-48
01-01 00:04:24.139  2677  2725 W ANDR_PERSISTENCY_CLIENT: SWR_PERSISTENCE_HV_LA_MF_0005|FUN=TCPHandler::start|2|msg:sender::msg=[0, 0, 0, 31, 1, -48, 5, 4, 48, 120, 48, 48, 0, 0, 0, 19, 99, 97, 116, 32, 47, 112, 114, 111, 99, 47, 100, 105, 115, 107, 115, 116, 97, 116, 115]
01-01 00:04:24.139  2677  2725 W ANDR_PERSISTENCY_CLIENT: SWR_PERSISTENCE_HV_LA_MF_0005|FUN=TCPHandler:: sender : Thread.interrupted() |2|msg:condition 
01-01 00:04:24.142   635   635 E ANDR-PERF-TARGET: Error: Invalid logical cluster id 0
01-01 00:04:24.142   635   635 E ANDR-PERF-MPCTL: invalid request, no optimizations performed
01-01 00:04:24.148  2677  2726 W ANDR_PERSISTENCY_CLIENT: SWR_PERSISTENCE_HV_LA_MF_0005|FUN=TCPHandler::start|2|msg:receiver::run: size of totalLength 4
01-01 00:04:24.149  2677  2726 W ANDR_PERSISTENCY_CLIENT: SWR_PERSISTENCE_HV_LA_MF_0005|FUN=TCPHandler::start|2|msg:receiver::run: totalLength is > 0
01-01 00:04:24.149  2677  2726 W ANDR_PERSISTENCY_CLIENT: SWR_PERSISTENCE_HV_LA_MF_0005|FUN=TCPHandler::start|2|msg:receiver::response length= 3833
01-01 00:04:24.149  2677  2726 W ANDR_PERSISTENCY_CLIENT: SWR_PERSISTENCE_HV_LA_MF_0005|FUN=TCPHandler::handleInBoundData|2|message=[0, -48, 5, 0, 0, 0, 14, -15, 32, 50, 53, 51, 32, 32, 32, 32, 32, 32, 32, 48, 32, 122, 114, 97, 109, 48, 32, 48, 32, 48, 32, 48, 32, 48, 32, 48, 32, 48, 32, 48, 32, 48, 32, 48, 32, 48, 32, 48, 10, 32, 50, 53, 51, 32, 32, 32, 32, 32, 32, 32, 49, 32, 122, 114, 97, 109, 49, 32, 48, 32, 48, 32, 48, 32, 48, 32, 48, 32, 48, 32, 48, 32, 48, 32, 48, 32, 48, 32, 48, 10, 32, 50, 53, 51, 32, 32, 32, 32, 32, 32, 32, 50, 32, 122, 114, 97, 109, 50, 32, 48, 32, 48, 32, 48, 32, 48, 32, 48, 32, 48, 32, 48, 32, 48, 32, 48, 32, 48, 32, 48, 10, 32, 50, 53, 51, 32, 32, 32, 32, 32, 32, 32, 51, 32, 122, 114, 97, 109, 51, 32, 48, 32, 48, 32, 48, 32, 48, 32, 48, 32, 48, 32, 48, 32, 48, 32, 48, 32, 48, 32, 48, 10, 32, 49, 55, 57, 32, 32, 32, 32, 32, 32, 32, 48, 32, 109, 109, 99, 98, 108, 107, 48, 32, 49, 52, 51, 51, 52, 32, 50, 55, 54, 32, 51, 52, 55, 51, 57, 49, 53, 32, 50, 48, 52, 49, 54, 32, 57, 49, 48, 57, 32, 49, 50, 50, 48, 56, 48, 32, 51, 52, 51, 51, 50, 54, 32, 49, 54, 55, 55, 50, 32, 48, 32, 50, 48, 52, 51, 50, 32, 51, 55, 49, 52, 52, 10, 32, 49, 55, 57, 32, 32, 32, 32, 32, 32, 32, 49, 32, 109, 109, 99, 98, 108, 107, 48, 112, 49, 32, 49, 32, 48, 32, 49, 54, 32, 48, 32, 48, 32, 48, 32, 48, 32, 48, 32, 48, 32, 48, 32, 48, 10, 32, 49, 55, 57, 32, 32, 32, 32, 32, 32, 32, 50, 32, 109, 109, 99, 98, 108, 107, 48, 112, 50, 32, 57, 32, 48, 32, 52, 54, 52, 32, 52, 32, 48, 32, 48, 32, 48, 32, 48, 32, 48, 32, 52, 32, 52, 10, 32, 49, 55, 57, 32, 32, 32, 32, 32, 32, 32, 51, 32, 109, 109, 99, 98, 108, 107, 48, 112, 51, 32, 57, 32, 48, 32, 52, 54, 52, 32, 52, 32, 48, 32, 48, 32, 48, 32, 48, 32, 48, 32, 52, 32, 52, 10, 32, 49, 55, 57, 32, 32, 32, 32, 32, 32, 32, 52, 32, 109, 109, 99, 98, 108, 107, 48, 112, 52, 32, 50, 51, 32, 48, 32, 51, 56, 48, 56, 32, 54, 56, 32, 48, 32, 48, 32, 48, 32, 48, 32, 48, 32, 53, 54, 32, 54, 56, 10, 32, 49, 55, 57, 32, 32, 32, 32, 32, 32, 32, 53, 32, 109, 109, 99, 98, 108, 107, 48, 112, 53, 32, 49, 54, 32, 48, 32, 53, 55, 54, 32, 53, 50, 32, 51, 32, 48, 32, 50, 52, 32, 48, 32, 48, 32, 53, 50, 32, 53, 50, 10, 32, 49, 55, 57, 32, 32, 32, 32, 32, 32, 32, 54, 32, 109, 109, 99, 98, 108, 107, 48, 112, 54, 32, 49, 51, 32, 48, 32, 52, 57, 54, 32, 52, 32, 54, 32, 48, 32, 52, 56, 32, 52, 32, 48, 32, 56, 32, 56, 10, 32, 49, 55, 57, 32, 32, 32, 32, 32, 32, 32, 55, 32, 109, 109, 99, 98, 108, 107, 48, 112, 55, 32, 49, 54, 32, 48, 32, 49, 50, 56, 32, 48, 32, 48, 32, 48, 32, 48, 32, 48, 32, 48, 32, 48, 32, 48, 10, 32, 49, 55, 57, 32, 32, 32, 32, 32, 32, 32, 56, 32, 109, 109, 99, 98, 108, 107, 48, 112, 56, 32, 49, 48, 32, 48, 32, 52, 55, 50, 32, 52, 32, 48, 32, 48, 32, 48, 32, 48, 32, 48, 32, 52, 32, 52, 10, 32, 49, 55, 57, 32, 32, 32, 32, 32, 32, 32, 57, 32, 109, 109, 99, 98, 108, 107, 48, 112, 57, 32, 55, 53, 32, 48, 32, 56, 53, 56, 32, 49, 50, 32, 48, 32, 48, 32, 48, 32, 48, 32, 48, 32, 49, 50, 32, 49, 50, 10, 32, 49, 55, 57, 32, 32, 32, 32, 32, 32, 49, 48, 32, 109, 109, 99, 98, 108, 107, 48, 112, 49, 48, 32, 49, 48, 32, 48, 32, 52, 55, 50, 32, 48, 32, 48, 32, 48, 32, 48, 32, 48, 32, 48, 32, 48, 32, 48, 10, 32, 49, 55, 57, 32, 32, 32, 32, 32, 32, 49, 49, 32, 109, 109, 99, 98, 108, 107, 48, 112, 49, 49, 32, 49, 32, 48, 32, 56, 32, 48, 32, 48, 32, 48, 32, 48, 32, 48, 32, 48, 32, 48, 32, 48, 10, 32, 49, 55, 57, 32, 32, 32, 32, 32, 32, 49, 50, 32, 109, 109, 99, 98, 108, 107, 48, 112, 49, 50, 32, 51, 48, 32, 48, 32, 50, 52, 48, 32, 52, 32, 48, 32, 48, 32, 48, 32, 48, 32, 48, 32, 52, 32, 52, 10, 32, 49, 55, 57, 32, 32, 32, 32, 32, 32, 49, 51, 32, 109, 109, 99, 98, 108, 107, 48, 112, 49, 51, 32, 51, 48, 32, 48, 32, 50, 52, 48, 32, 56, 32, 48, 32, 48, 32, 48, 32, 48, 32, 48, 32, 56, 32, 56, 10, 32, 49, 55, 57, 32, 32, 32, 32, 32, 32, 49, 52, 32, 109, 109, 99, 98, 108, 107, 48, 112, 49, 52, 32, 51, 48, 32, 48, 32, 50, 52, 48, 32, 52, 32, 48, 32, 48, 32, 48, 32, 48, 32, 48, 32, 52, 32, 52, 10, 32, 49, 55, 57, 32, 32, 32, 32, 32, 32, 49, 53, 32, 109, 109, 99, 98, 108, 107, 48, 112, 49, 53, 32, 51, 48, 32, 48, 32, 50, 52, 48,
01-01 00:04:24.149  2677  2726 W ANDR_PERSISTENCY_CLIENT: SWR_PERSISTENCE_HV_LA_MF_0005|FUN=TCPHandler::handleInBoundData|2|msg:response listKey=-48_5
01-01 00:04:24.149  2677  2726 W ANDR_PERSISTENCY_CLIENT: SWR_PERSISTENCE_HV_LA_MF_0005|FUN=TCPHandler::handleInBoundData|2|msg:TCPHandler.handleInBoundData success response=0
01-01 00:04:24.149  2677  2726 W ANDR_PERSISTENCY_CLIENT: SWR_PERSISTENCE_HV_LA_MF_0005|FUN=TCPHandler::handleInBoundData|2|msg: containsKey ListKey
