01-01 01:00:20.195  1392  1392 W SYSTEM_UI - CI07.3: className -> CollapsedStatusBarFragment | functionName -> updateHermsDataType | value -> Update Herms Data Type :: connection status --> 1
01-01 01:00:20.195  1508  1601 W QCNEJ   : |CORE| notifyRatConnectionStatusChanged failed
01-01 01:00:20.195  1392  1392 W SYSTEM_UI - CI07.3: className -> CollapsedStatusBarFragment | functionName -> updateHermsDataType | value -> Update Herms Data Type :: data Transfer --> false
01-01 01:00:20.195  1392  1392 W SYSTEM_UI - CI07.3: className -> CollapsedStatusBarFragment | functionName -> updateHermsDataType | value -> Update Herms Data Type :: wifiConnectionStatus --> false
01-01 01:00:20.195  1392  1392 W SYSTEM_UI - CI07.3: className -> CollapsedStatusBarFragment | functionName -> updateHermsDataType | value -> path 2
01-01 01:00:20.195  1392  1392 W SYSTEM_UI - CI07.3: className -> CollapsedStatusBarFragment | functionName -> updateHermsDataType | value -> path 3
01-01 01:00:20.195  2145  2145 D HMI_SERVICE: USE_CASE_NA|FUN=HmiApplication| [action] android.net.wifi.STATE_CHANGE
01-01 01:00:20.196  3739  3739 E HMI2-SETTINGS - CI08.4: className -> WifiActivity | functionName -> mWifiScanReceiver -> onReceive | error ->intent_action:android.net.wifi.STATE_CHANGE
01-01 01:00:20.196  3739  3739 W HMI2-SETTINGS - CI08.4: className -> WifiActivity | functionName -> handleNetworkStateChanged | value -> detailedState->AUTHENTICATING
01-01 01:00:20.197  1151  2263 I WifiService: getConfiguredNetworks uid=1000
01-01 01:00:20.200  1508  1601 W QCNEJ   : |CORE| notifyWifiStatusChanged failed
01-01 01:00:20.200  1508  1601 W QCNEJ   : |CORE| notifyRatConnectionStatusChanged failed
01-01 01:00:20.200  2145  2145 D HMI_SERVICE: USE_CASE_NA|FUN=HmiApplication| [action] android.net.wifi.STATE_CHANGE
01-01 01:00:20.200  1392  1392 W SYSTEM_UI: SWR_SYSTEM_UI_008|FUN=CollapsedStatusBarFragment::AndroidEventReceiver | getAction |1|Broadcast action:android.net.wifi.STATE_CHANGE received
01-01 01:00:20.201  1392  1392 W SYSTEM_UI - CI07.3: className -> CollapsedStatusBarFragment | functionName -> AndroidEventReceiver | onReceive -->  | value -> Wifi connection status--> false
01-01 01:00:20.201  1392  1392 W SYSTEM_UI: SWR_SYSTEM_UI_008|FUN=CollapsedStatusBarFragment::isConnected |1|Wifi connection status--> false
01-01 01:00:20.201  1392  1392 W SYSTEM_UI - CI07.3: className -> CollapsedStatusBarFragment | functionName -> updateHermsDataType | value -> Update Herms Data Type :: networkType --> 0
01-01 01:00:20.201  1392  1392 W SYSTEM_UI - CI07.3: className -> CollapsedStatusBarFragment | functionName -> updateHermsDataType | value -> Update Herms Data Type :: isWebsiteSecure --> false
01-01 01:00:20.201  1392  1392 W SYSTEM_UI - CI07.3: className -> CollapsedStatusBarFragment | functionName -> updateHermsDataType | value -> Update Herms Data Type :: connection status --> 1
01-01 01:00:20.201  1392  1392 W SYSTEM_UI - CI07.3: className -> CollapsedStatusBarFragment | functionName -> updateHermsDataType | value -> Update Herms Data Type :: data Transfer --> false
01-01 01:00:20.201  1392  1392 W SYSTEM_UI - CI07.3: className -> CollapsedStatusBarFragment | functionName -> updateHermsDataType | value -> Update Herms Data Type :: wifiConnectionStatus --> false
01-01 01:00:20.201  1392  1392 W SYSTEM_UI - CI07.3: className -> CollapsedStatusBarFragment | functionName -> updateHermsDataType | value -> path 2
01-01 01:00:20.201  1392  1392 W SYSTEM_UI - CI07.3: className -> CollapsedStatusBarFragment | functionName -> updateHermsDataType | value -> path 3
01-01 01:00:20.161   808   808 I wificond: Enters wifigbk_ageOutHistory
01-01 01:00:20.202  1151  1317 D ConnectivityService: registerNetworkAgent NetworkAgentInfo{ ni{[type: WIFI[], state: CONNECTING/CONNECTING, reason: (unspecified), extra: "RSE_Test", failover: false, available: true, roaming: false]}  network{423}  nethandle{1816787602142}  lp{{LinkAddresses: []  Routes: [] DnsAddresses: [] Domains: null MTU: 0}}  nc{[ Transports: WIFI Capabilities: NOT_METERED&INTERNET&NOT_RESTRICTED&TRUSTED&NOT_VPN LinkUpBandwidth>=1048576Kbps LinkDnBandwidth>=1048576Kbps]}  Score{20}  everValidated{false}  lastValidated{false}  created{false} lingering{false} explicitlySelected{false} acceptUnvalidated{false} everCaptivePortalDetected{false} lastCaptivePortalDetected{false} clat{null} }
01-01 01:00:20.203  1151  1325 D ConnectivityService: NetworkAgentInfo [WIFI () - 423] EVENT_NETWORK_INFO_CHANGED, going from null to CONNECTING
01-01 01:00:20.206  2145  2145 D HMI_SERVICE: USE_CASE_NA|FUN=HmiApplication| [action] android.net.wifi.STATE_CHANGE
01-01 01:00:20.206  1392  1392 W SYSTEM_UI: SWR_SYSTEM_UI_008|FUN=CollapsedStatusBarFragment::AndroidEventReceiver | getAction |1|Broadcast action:android.net.wifi.STATE_CHANGE received
01-01 01:00:20.206  1392  1392 W SYSTEM_UI - CI07.3: className -> CollapsedStatusBarFragment | functionName -> AndroidEventReceiver | onReceive -->  | value -> Wifi connection status--> false
01-01 01:00:20.206  1392  1392 W SYSTEM_UI: SWR_SYSTEM_UI_008|FUN=CollapsedStatusBarFragment::isConnected |1|Wifi connection status--> false
01-01 01:00:20.206  1392  1392 W SYSTEM_UI - CI07.3: className -> CollapsedStatusBarFragment | functionName -> updateHermsDataType | value -> Update Herms Data Type :: networkType --> 0
01-01 01:00:20.206  1392  1392 W SYSTEM_UI - CI07.3: className -> CollapsedStatusBarFragment | functionName -> updateHermsDataType | value -> Update Herms Data Type :: isWebsiteSecure --> false
01-01 01:00:20.206  1392  1392 W SYSTEM_UI - CI07.3: className -> CollapsedStatusBarFragment | functionName -> updateHermsDataType | value -> Update Herms Data Type :: connection status --> 1
01-01 01:00:20.206  1392  1392 W SYSTEM_UI - CI07.3: className -> CollapsedStatusBarFragment | functionName -> updateHermsDataType | value -> Update Herms Data Type :: data Transfer --> false
01-01 01:00:20.206  1508  1601 W QCNEJ   : |CORE| notifyWifiStatusChanged failed
01-01 01:00:20.206  1392  1392 W SYSTEM_UI - CI07.3: className -> CollapsedStatusBarFragment | functionName -> updateHermsDataType | value -> Update Herms Data Type :: wifiConnectionStatus --> false
01-01 01:00:20.206  1392  1392 W SYSTEM_UI - CI07.3: className -> CollapsedStatusBarFragment | functionName -> updateHermsDataType | value -> path 2
01-01 01:00:20.206  1508  1601 W QCNEJ   : |CORE| notifyRatConnectionStatusChanged failed
01-01 01:00:20.206  1392  1392 W SYSTEM_UI - CI07.3: className -> CollapsedStatusBarFragment | functionName -> updateHermsDataType | value -> path 3
01-01 01:00:20.208  1151  1317 E SupplicantStaIfaceHal: ISupplicantStaIface.setBtCoexistenceMode failed: FAILURE_UNKNOWN, 
01-01 01:00:20.209   625   625 D WifiHAL : Getting APF capabilities, halHandle = 0x7f734319a0
01-01 01:00:20.209   625   625 I WifiHAL : 
01-01 01:00:20.209   625   625 I WifiHAL : createRequest: APF get capabilities request
01-01 01:00:20.209   625   625 I WifiHAL : Request Response failed for APF, result = -95
01-01 01:00:20.209  1151  1317 E WifiVendorHal: getApfCapabilities(l.1623) failed {.code = ERROR_UNKNOWN, .description = errno: -95 (Unknown error -95)}
01-01 01:00:20.215  3739  3739 W HMI2-SETTINGS - CI08.4: className -> WifiActivity | functionName -> getConfig: success-> | value -> "RSE_Test"
01-01 01:00:20.215  3739  3739 W HMI2-SETTINGS - CI08.4: className -> WifiActivity | functionName -> getConnectSummary | value -> getConnectSummaryID: 161 SSID: "RSE_Test" PROVIDER-NAME: null BSSID: null FQDN: null PRIO: 0 HIDDEN: false
01-01 01:00:20.215  3739  3739 W HMI2-SETTINGS - CI08.4:  NetworkSelectionStatus NETWORK_SELECTION_ENABLED
01-01 01:00:20.215  3739  3739 W HMI2-SETTINGS - CI08.4:  hasEverConnected: false
01-01 01:00:20.215  3739  3739 W HMI2-SETTINGS - CI08.4:  KeyMgmt: WPA_PSK Protocols: WPA RSN
01-01 01:00:20.215  3739  3739 W HMI2-SETTINGS - CI08.4:  AuthAlgorithms: OPEN
01-01 01:00:20.215  3739  3739 W HMI2-SETTINGS - CI08.4:  PairwiseCiphers: TKIP CCMP
01-01 01:00:20.215  3739  3739 W HMI2-SETTINGS - CI08.4:  GroupCiphers: TKIP CCMP
01-01 01:00:20.215  3739  3739 W HMI2-SETTINGS - CI08.4:  PSK: *
01-01 01:00:20.215  3739  3739 W HMI2-SETTINGS - CI08.4: 
01-01 01:00:20.215  3739  3739 W HMI2-SETTINGS - CI08.4:  sim_num 
01-01 01:00:20.215  3739  3739 W HMI2-SETTINGS - CI08.4: Enterprise config:
01-01 01:00:20.215  3739  3739 W HMI2-SETTINGS - CI08.4: IP config:
01-01 01:00:20.215  3739  3739 W HMI2-SETTINGS - CI08.4: IP assignment: DHCP
01-01 01:00:20.215  3739  3739 W HMI2-SETTINGS - CI08.4: Proxy settings: NONE
01-01 01:00:20.215  3739  3739 W HMI2-SETTINGS - CI08.4:  cuid=1000 cname=android.uid.system:1000 luid=1000 lname=android.uid.system:1000 lcuid=1000 userApproved=USER_UNSPECIFIED noInternetAccessExpected=false roamingFailureBlackListTimeMilli: 1000
01-01 01:00:20.215  3739  3739 W HMI2-SETTINGS - CI08.4: recentFailure: Association Rejection code: 0
01-01 01:00:20.215  3739  3739 W HMI2-SETTINGS - CI08.4: ShareThisAp: false
01-01 01:00:20.215  3739  3739 W HMI2-SETTINGS - CI08.4: className -> WifiActivity | functionName -> getConnectSummary : | value ->  Saved
01-01 01:00:20.216  1151  1317 E WifiVendorHal: configureNeighborDiscoveryOffload(l.2366) failed {.code = ERROR_UNKNOWN, .description = errno: -95 (Unknown error -95)}
01-01 01:00:20.217  2145  2145 D HMI_SERVICE: USE_CASE_NA|FUN=HmiApplication| [action] android.net.wifi.supplicant.STATE_CHANGE
01-01 01:00:20.219  3739  3739 E HMI2-SETTINGS - CI08.4: className -> WifiActivity | functionName -> mWifiScanReceiver -> onReceive | error ->intent_action:android.net.wifi.STATE_CHANGE
01-01 01:00:20.219  3739  3739 W HMI2-SETTINGS - CI08.4: className -> WifiActivity | functionName -> handleNetworkStateChanged | value -> detailedState->CONNECTING
01-01 01:00:20.220  1151  2264 I WifiService: getConfiguredNetworks uid=1000
01-01 01:00:20.222  3739  3739 W HMI2-SETTINGS - CI08.4: className -> WifiActivity | functionName -> getConfig: success-> | value -> "RSE_Test"
01-01 01:00:20.222  3739  3739 W HMI2-SETTINGS - CI08.4: className -> WifiActivity | functionName -> getConnectSummary | value -> getConnectSummaryID: 161 SSID: "RSE_Test" PROVIDER-NAME: null BSSID: null FQDN: null PRIO: 0 HIDDEN: false
01-01 01:00:20.222  3739  3739 W HMI2-SETTINGS - CI08.4:  NetworkSelectionStatus NETWORK_SELECTION_ENABLED
01-01 01:00:20.222  3739  3739 W HMI2-SETTINGS - CI08.4:  hasEverConnected: false
01-01 01:00:20.222  3739  3739 W HMI2-SETTINGS - CI08.4:  KeyMgmt: WPA_PSK Protocols: WPA RSN
01-01 01:00:20.222  3739  3739 W HMI2-SETTINGS - CI08.4:  AuthAlgorithms: OPEN
01-01 01:00:20.222  3739  3739 W HMI2-SETTINGS - CI08.4:  PairwiseCiphers: TKIP CCMP
01-01 01:00:20.222  3739  3739 W HMI2-SETTINGS - CI08.4:  GroupCiphers: TKIP CCMP
01-01 01:00:20.222  3739  3739 W HMI2-SETTINGS - CI08.4:  PSK: *
01-01 01:00:20.222  3739  3739 W HMI2-SETTINGS - CI08.4: 
01-01 01:00:20.222  3739  3739 W HMI2-SETTINGS - CI08.4:  sim_num 
01-01 01:00:20.222  3739  3739 W HMI2-SETTINGS - CI08.4: Enterprise config:
01-01 01:00:20.222  3739  3739 W HMI2-SETTINGS - CI08.4: IP config:
01-01 01:00:20.222  3739  3739 W HMI2-SETTINGS - CI08.4: IP assignment: DHCP
01-01 01:00:20.222  3739  3739 W HMI2-SETTINGS - CI08.4: Proxy settings: NONE
01-01 01:00:20.222  3739  3739 W HMI2-SETTINGS - CI08.4:  cuid=1000 cname=android.uid.system:1000 luid=1000 lname=android.uid.system:1000 lcuid=1000 userApproved=USER_UNSPECIFIED noInternetAccessExpected=false roamingFailureBlackListTimeMilli: 1000
01-01 01:00:20.222  3739  3739 W HMI2-SETTINGS - CI08.4: recentFailure: Association Rejection code: 0
01-01 01:00:20.222  3739  3739 W HMI2-SETTINGS - CI08.4: ShareThisAp: false
01-01 01:00:20.222  3739  3739 W HMI2-SETTINGS - CI08.4: className -> WifiActivity | functionName -> getConnectSummary : | value ->  Saved
01-01 01:00:20.222  3739  3739 E HMI2-SETTINGS - CI08.4: className -> WifiActivity | functionName -> mWifiScanReceiver -> onReceive | error ->intent_action:android.net.wifi.STATE_CHANGE
01-01 01:00:20.222  3739  3739 W HMI2-SETTINGS - CI08.4: className -> WifiActivity | functionName -> handleNetworkStateChanged | value -> detailedState->OBTAINING_IPADDR
01-01 01:00:20.223  1151  2263 I WifiService: getConfiguredNetworks uid=1000
01-01 01:00:20.232  3739  3739 W HMI2-SETTINGS - CI08.4: className -> WifiActivity | functionName -> getConfig: success-> | value -> "RSE_Test"
01-01 01:00:20.232  3739  3739 W HMI2-SETTINGS - CI08.4: className -> WifiActivity | functionName -> getConnectSummary | value -> getConnectSummaryID: 161 SSID: "RSE_Test" PROVIDER-NAME: null BSSID: null FQDN: null PRIO: 0 HIDDEN: false
01-01 01:00:20.232  3739  3739 W HMI2-SETTINGS - CI08.4:  NetworkSelectionStatus NETWORK_SELECTION_ENABLED
01-01 01:00:20.232  3739  3739 W HMI2-SETTINGS - CI08.4:  hasEverConnected: false
01-01 01:00:20.232  3739  3739 W HMI2-SETTINGS - CI08.4:  KeyMgmt: WPA_PSK Protocols: WPA RSN
01-01 01:00:20.232  3739  3739 W HMI2-SETTINGS - CI08.4:  AuthAlgorithms: OPEN
01-01 01:00:20.232  3739  3739 W HMI2-SETTINGS - CI08.4:  PairwiseCiphers: TKIP CCMP
01-01 01:00:20.232  3739  3739 W HMI2-SETTINGS - CI08.4:  GroupCiphers: TKIP CCMP
01-01 01:00:20.232  3739  3739 W HMI2-SETTINGS - CI08.4:  PSK: *
01-01 01:00:20.232  3739  3739 W HMI2-SETTINGS - CI08.4: 
01-01 01:00:20.232  3739  3739 W HMI2-SETTINGS - CI08.4:  sim_num 
01-01 01:00:20.232  3739  3739 W HMI2-SETTINGS - CI08.4: Enterprise config:
01-01 01:00:20.232  3739  3739 W HMI2-SETTINGS - CI08.4: IP config:
01-01 01:00:20.232  3739  3739 W HMI2-SETTINGS - CI08.4: IP assignment: DHCP
01-01 01:00:20.232  3739  3739 W HMI2-SETTINGS - CI08.4: Proxy settings: NONE
01-01 01:00:20.232  3739  3739 W HMI2-SETTINGS - CI08.4:  cuid=1000 cname=android.uid.system:1000 luid=1000 lname=android.uid.system:1000 lcuid=1000 userApproved=USER_UNSPECIFIED noInternetAccessExpected=false roamingFailureBlackListTimeMilli: 1000
01-01 01:00:20.232  3739  3739 W HMI2-SETTINGS - CI08.4: recentFailure: Association Rejection code: 0
01-01 01:00:20.232  3739  3739 W HMI2-SETTINGS - CI08.4: ShareThisAp: false
01-01 01:00:20.232  3739  3739 W HMI2-SETTINGS - CI08.4: className -> WifiActivity | functionName -> getConnectSummary : | value ->  Saved
01-01 01:00:20.299   729   748 I sssv-lib: sendMsg enter
01-01 01:00:20.299   729   748 I sssv-lib: sendMsg complete.
01-01 01:00:20.306  1151 18563 D DhcpClient: Receive thread started
01-01 01:00:20.380  1151  1317 E SupplicantStaIfaceHal: ISupplicantStaIface.setBtCoexistenceMode failed: FAILURE_UNKNOWN, 
01-01 01:00:20.390  1151 18561 D DhcpClient: Broadcasting DHCPDISCOVER
01-01 01:00:20.402  1151 18563 D DhcpClient: Received packet: 00:9d:6b:17:da:19 OFFER, ip /192.168.0.61, mask /255.255.255.0, DNS servers: /8.8.8.8 , gateways [/192.168.0.1] lease time 691200, domain null
01-01 01:00:20.402  1151 18561 D DhcpClient: server address: 192.168.0.1 client address: 192.168.0.61/24 iface: wlan0 rapid commit: false
01-01 01:00:20.402  1151 18561 D DhcpClient: Got pending lease: IP address 192.168.0.61/24 Gateway 192.168.0.1  DNS servers: [ 8.8.8.8 ] Domains  DHCP server /192.168.0.1 Vendor info null lease 691200 seconds
01-01 01:00:20.404  1151 18561 D DhcpClient: Broadcasting DHCPREQUEST ciaddr=0.0.0.0 request=192.168.0.61 serverid=192.168.0.1
01-01 01:00:20.423  1151 18563 D DhcpClient: Received packet: 00:9d:6b:17:da:19 ACK: your new IP /192.168.0.61, netmask /255.255.255.0, gateways [/192.168.0.1] DNS servers: /8.8.8.8 , lease time 691200
01-01 01:00:20.423  1151 18561 D DhcpClient: Confirmed lease: IP address 192.168.0.61/24 Gateway 192.168.0.1  DNS servers: [ 8.8.8.8 ] Domains  DHCP server /192.168.0.1 Vendor info null lease 691200 seconds
01-01 01:00:20.426   561   604 D CommandListener: Setting iface cfg
01-01 01:00:20.426  1151  1317 E SupplicantStaIfaceHal: ISupplicantStaIface.setBtCoexistenceMode failed: FAILURE_UNKNOWN, 
01-01 01:00:20.432  1508  1601 W QCNEJ   : |CORE| notifyWifiStatusChanged failed
01-01 01:00:20.432  1508  1601 W QCNEJ   : |CORE| notifyRatConnectionStatusChanged failed
01-01 01:00:20.433  2145  2145 D HMI_SERVICE: USE_CASE_NA|FUN=HmiApplication| [action] android.net.wifi.STATE_CHANGE
01-01 01:00:20.433  1151  1317 D WifiConfiguration: configKey: false
01-01 01:00:20.433  1151  1317 D WifiStateMachine: WifiStateMachine: handleSuccessfulIpConfiguration and no scan results"RSE_Test"WPA_PSK
01-01 01:00:20.433  1392  1392 W SYSTEM_UI: SWR_SYSTEM_UI_008|FUN=CollapsedStatusBarFragment::AndroidEventReceiver | getAction |1|Broadcast action:android.net.wifi.STATE_CHANGE received
01-01 01:00:20.433  1392  1392 W SYSTEM_UI - CI07.3: className -> CollapsedStatusBarFragment | functionName -> AndroidEventReceiver | onReceive -->  | value -> Wifi connection status--> false
01-01 01:00:20.433  1392  1392 W SYSTEM_UI: SWR_SYSTEM_UI_008|FUN=CollapsedStatusBarFragment::isConnected |1|Wifi connection status--> false
01-01 01:00:20.433  1392  1392 W SYSTEM_UI - CI07.3: className -> CollapsedStatusBarFragment | functionName -> updateHermsDataType | value -> Update Herms Data Type :: networkType --> 0
01-01 01:00:20.433  1392  1392 W SYSTEM_UI - CI07.3: className -> CollapsedStatusBarFragment | functionName -> updateHermsDataType | value -> Update Herms Data Type :: isWebsiteSecure --> false
01-01 01:00:20.433  1392  1392 W SYSTEM_UI - CI07.3: className -> CollapsedStatusBarFragment | functionName -> updateHermsDataType | value -> Update Herms Data Type :: connection status --> 1
01-01 01:00:20.433  1392  1392 W SYSTEM_UI - CI07.3: className -> CollapsedStatusBarFragment | functionName -> updateHermsDataType | value -> Update Herms Data Type :: data Transfer --> false
01-01 01:00:20.434  1392  1392 W SYSTEM_UI - CI07.3: className -> CollapsedStatusBarFragment | functionName -> updateHermsDataType | value -> Update Herms Data Type :: wifiConnectionStatus --> false
01-01 01:00:20.434  1392  1392 W SYSTEM_UI - CI07.3: className -> CollapsedStatusBarFragment | functionName -> updateHermsDataType | value -> path 2
01-01 01:00:20.434  1392  1392 W SYSTEM_UI - CI07.3: className -> CollapsedStatusBarFragment | functionName -> updateHermsDataType | value -> path 3
01-01 01:00:20.434  1151  1325 D ConnectivityService: NetworkAgentInfo [WIFI () - 423] EVENT_NETWORK_INFO_CHANGED, going from CONNECTING to CONNECTED
01-01 01:00:20.437  3739  3739 E HMI2-SETTINGS - CI08.4: className -> WifiActivity | functionName -> mWifiScanReceiver -> onReceive | error ->intent_action:android.net.wifi.STATE_CHANGE
01-01 01:00:20.437  3739  3739 W HMI2-SETTINGS - CI08.4: className -> WifiActivity | functionName -> handleNetworkStateChanged | value -> detailedState->OBTAINING_IPADDR
01-01 01:00:20.437  1151  2264 I WifiService: getConfiguredNetworks uid=1000
01-01 01:00:20.438  1151 18561 D DhcpClient: Scheduling renewal in 345599s
01-01 01:00:20.438  1151 18561 D DhcpClient: Scheduling rebind in 604799s
01-01 01:00:20.438  1151 18561 D DhcpClient: Scheduling expiry in 691199s
01-01 01:00:20.441  2145  2145 D HMI_SERVICE: USE_CASE_NA|FUN=HmiApplication| [action] android.net.wifi.RSSI_CHANGED
01-01 01:00:20.441  1151  1325 D ConnectivityService: Adding iface wlan0 to network 423
01-01 01:00:20.442  1508  1601 W QCNEJ   : |CORE| notifyWifiStatusChanged failed
01-01 01:00:20.445  1151  1317 D WifiConfiguration: configKey: false
01-01 01:00:20.450  1508  1601 W QCNEJ   : |CORE| notifyWifiStatusChanged failed
01-01 01:00:20.450  1508  1601 W QCNEJ   : |CORE| notifyRatConnectionStatusChanged failed
01-01 01:00:20.451  2145  2145 D HMI_SERVICE: USE_CASE_NA|FUN=HmiApplication| [action] android.net.wifi.STATE_CHANGE
01-01 01:00:20.451  2145  2145 D HmiApplication: DetailedState:Connected
01-01 01:00:20.451  2145  2145 D HMI_SERVICE: USE_CASE_NA|FUN=HmiApplication| hasInternetConnection init 
01-01 01:00:20.452  1392  1392 W SYSTEM_UI: SWR_SYSTEM_UI_008|FUN=CollapsedStatusBarFragment::AndroidEventReceiver | getAction |1|Broadcast action:android.net.wifi.STATE_CHANGE received
01-01 01:00:20.452  2145  2145 E Internet Available: hasInternetConnection_
01-01 01:00:20.452  1392  1392 W SYSTEM_UI - CI07.3: className -> CollapsedStatusBarFragment | functionName -> AndroidEventReceiver | onReceive -->  | value -> Wifi connection status--> true
01-01 01:00:20.452  2145  2145 E Internet Available: Internet Available2
01-01 01:00:20.452  1392  1392 W SYSTEM_UI: SWR_SYSTEM_UI_008|FUN=CollapsedStatusBarFragment::isConnected |1|Wifi connection status--> true
01-01 01:00:20.452  1392  1392 W SYSTEM_UI - CI07.3: className -> CollapsedStatusBarFragment | functionName -> updateHermsDataType | value -> Update Herms Data Type :: networkType --> 0
01-01 01:00:20.452  2145  2145 W HMI_SERVICE: USE_CASE_NA|FUN=HmiApplication:: executeLinuxCmdConnectionB2C : |0| [command] 3
01-01 01:00:20.452  1392  1392 W SYSTEM_UI - CI07.3: className -> CollapsedStatusBarFragment | functionName -> updateHermsDataType | value -> Update Herms Data Type :: isWebsiteSecure --> false
01-01 01:00:20.452  1392  1392 W SYSTEM_UI - CI07.3: className -> CollapsedStatusBarFragment | functionName -> updateHermsDataType | value -> Update Herms Data Type :: connection status --> 1
01-01 01:00:20.452  1392  1392 W SYSTEM_UI - CI07.3: className -> CollapsedStatusBarFragment | functionName -> updateHermsDataType | value -> Update Herms Data Type :: data Transfer --> false
01-01 01:00:20.452  1392  1392 W SYSTEM_UI - CI07.3: className -> CollapsedStatusBarFragment | functionName -> updateHermsDataType | value -> Update Herms Data Type :: wifiConnectionStatus --> true
01-01 01:00:20.452  1392  1392 W SYSTEM_UI - CI07.3: className -> CollapsedStatusBarFragment | functionName -> updateHermsDataType | value -> path 1
01-01 01:00:20.453  2145  2145 D HMI_SERVICE: USE_CASE_NA|FUN=HmiApplication::runCommandToShell invoked |1|command=setdns 1010 192.168.220.145
01-01 01:00:20.453  2677  2692 W ANDR_PERSISTENCY_CLIENT: SWR_PERSISTENCE_HV_LA_MF_0003|FUN=VCPUPersistenceService::executeLinuxBackgroundCommand |0|msg: [param] [3] [commandParam] 3
01-01 01:00:20.453  2677  2692 W ANDR_PERSISTENCY_CLIENT: SWR_PERSISTENCE_HV_LA_MF_0005|FUN=TCPHandler:: getInstance |2|msg: invoked 
01-01 01:00:20.453  2677  2692 W ANDR_PERSISTENCY_CLIENT: SWR_PERSISTENCE_HV_LA_MF_0005|FUN=TCPHandler:: sendWriteRequestToPersistenceLinuxInt |2|data= [3]key= 0 commandKey= 10
01-01 01:00:20.453  1392  1392 D PhoneStatusBarView: status_line: onPanelCollapsed
01-01 01:00:20.453  2677  2692 W ANDR_PERSISTENCY_CLIENT: SWR_PERSISTENCE_HV_LA_MF_0005|FUN=TCPHandler:: getUID |2|msg: invoked 
01-01 01:00:20.453  2677  2692 W ANDR_PERSISTENCY_CLIENT: SWR_PERSISTENCE_HV_LA_MF_0005|FUN=TCPHandler:: setAction |2|msg:setAction=1
01-01 01:00:20.453  2677  2692 W ANDR_PERSISTENCY_CLIENT: SWR_PERSISTENCE_HV_LA_MF_0005|FUN=TCPHandler:: setUID |2|msg:uid=-97
01-01 01:00:20.453  2677  2692 W ANDR_PERSISTENCY_CLIENT: SWR_PERSISTENCE_HV_LA_MF_0005|FUN=TCPHandler:: setKey |2|msg:uid=-97
01-01 01:00:20.453  2677  2692 W ANDR_PERSISTENCY_CLIENT: SWR_PERSISTENCE_HV_LA_MF_0005|FUN=TCPHandler::setCommandKey|2|msg:commandKey=10
01-01 01:00:20.453  2677  2692 W ANDR_PERSISTENCY_CLIENT: SWR_PERSISTENCE_HV_LA_MF_0005|FUN=TCPHandler:: registerCallBack |2|invoked 
01-01 01:00:20.453  2677  2692 W ANDR_PERSISTENCY_CLIENT: SWR_PERSISTENCE_HV_LA_MF_0005|FUN=TCPHandler::start|2|msg: byteArrayToInt : b [3]
01-01 01:00:20.453  2677  2692 W ANDR_PERSISTENCY_CLIENT: SWR_PERSISTENCE_HV_LA_MF_0005|FUN=TCPHandler::sendWriteRequestToPersistenceLinuxInt|2|listKey=-97_10;keyString=0x00;key=0;command=3
01-01 01:00:20.454  2677  2725 W ANDR_PERSISTENCY_CLIENT: SWR_PERSISTENCE_HV_LA_MF_0005|FUN=TCPHandler:: getAction |2|msg:getAction=1
01-01 01:00:20.454  2677  2725 W ANDR_PERSISTENCY_CLIENT: SWR_PERSISTENCE_HV_LA_MF_0005|FUN=TCPHandler:: sender:ACTION_REQUEST |2|msg:condition 
01-01 01:00:20.454  2677  2725 W ANDR_PERSISTENCY_CLIENT: SWR_PERSISTENCE_HV_LA_MF_0005|FUN=TCPHandler:: getWrappedData |2|msg: msg com.panasonic.dairse.vcpupersistence.TCPHandler$Message@973c04d
01-01 01:00:20.454  2677  2725 W ANDR_PERSISTENCY_CLIENT: SWR_PERSISTENCE_HV_LA_MF_0005|FUN=TCPHandler::getCommandKey|2|msg:commandKey=10
01-01 01:00:20.454  2677  2725 W ANDR_PERSISTENCY_CLIENT: SWR_PERSISTENCE_HV_LA_MF_0005|FUN=TCPHandler:: intToBytes |2| data 1
01-01 01:00:20.454  2677  2725 W ANDR_PERSISTENCY_CLIENT: SWR_PERSISTENCE_HV_LA_MF_0005|FUN=TCPHandler:: intToBytes |2| data 13
01-01 01:00:20.454  2677  2725 W ANDR_PERSISTENCY_CLIENT: SWR_PERSISTENCE_HV_LA_MF_0005|FUN=TCPHandler:: getUID |2|msg:uid=-97
01-01 01:00:20.454  2677  2725 W ANDR_PERSISTENCY_CLIENT: SWR_PERSISTENCE_HV_LA_MF_0005|FUN=TCPHandler::start|2|msg:sender::msg=[0, 0, 0, 13, 1, -97, 10, 4, 48, 120, 48, 48, 0, 0, 0, 1, 3]
01-01 01:00:20.455  2677  2725 W ANDR_PERSISTENCY_CLIENT: SWR_PERSISTENCE_HV_LA_MF_0005|FUN=TCPHandler:: sender : Thread.interrupted() |2|msg:condition 
01-01 01:00:20.456  2677  2726 W ANDR_PERSISTENCY_CLIENT: SWR_PERSISTENCE_HV_LA_MF_0005|FUN=TCPHandler::start|2|msg:receiver::run: size of totalLength 4
01-01 01:00:20.456  2677  2726 W ANDR_PERSISTENCY_CLIENT: SWR_PERSISTENCE_HV_LA_MF_0005|FUN=TCPHandler::start|2|msg:receiver::run: totalLength is > 0
01-01 01:00:20.456  2677  2726 W ANDR_PERSISTENCY_CLIENT: SWR_PERSISTENCE_HV_LA_MF_0005|FUN=TCPHandler::start|2|msg:receiver::response length= 12
01-01 01:00:20.456  2677  2726 W ANDR_PERSISTENCY_CLIENT: SWR_PERSISTENCE_HV_LA_MF_0005|FUN=TCPHandler::handleInBoundData|2|message=[0, -97, 10, 0, 0, 0, 0, 4, 1, 0, 0, 0]
01-01 01:00:20.456  2677  2726 W ANDR_PERSISTENCY_CLIENT: SWR_PERSISTENCE_HV_LA_MF_0005|FUN=TCPHandler::handleInBoundData|2|msg:response listKey=-97_10
01-01 01:00:20.456  2677  2726 W ANDR_PERSISTENCY_CLIENT: SWR_PERSISTENCE_HV_LA_MF_0005|FUN=TCPHandler::handleInBoundData|2|msg:TCPHandler.handleInBoundData success response=0
01-01 01:00:20.456  2677  2726 W ANDR_PERSISTENCY_CLIENT: SWR_PERSISTENCE_HV_LA_MF_0005|FUN=TCPHandler::isB2cResponce|2|msg: message [0, -97, 10, 0, 0, 0, 0, 4, 1, 0, 0, 0]
01-01 01:00:20.456  2677  2726 W ANDR_PERSISTENCY_CLIENT: SWR_PERSISTENCE_HV_LA_MF_0005|FUN=TCPHandler::handleInBoundData|2|msg:  isB2cResponce
01-01 01:00:20.456  2677  2726 W ANDR_PERSISTENCY_CLIENT: SWR_PERSISTENCE_HV_LA_MF_0005|FUN=TCPHandler::sendResponse|2|msg:send Response using IVCPUServiceCallBack=[0, -97, 10, 0, 0, 0, 0, 4, 1, 0, 0, 0]
01-01 01:00:20.457  2677  2726 W ANDR_PERSISTENCY_CLIENT: SWR_PERSISTENCE_HV_LA_MF_0005|FUN=TCPHandler::sendResponse|2|msg:send Response using IVCPUServiceCallBack=[0, -97, 10, 0, 0, 0, 0, 4, 1, 0, 0, 0]
01-01 01:00:20.457  2145 16122 W HMI_SERVICE: USE_CASE_NA|FUN=HmiApplication|executeLinuxCmdConnectionB2C responseReturnData=
01-01 01:00:20.458  2145  2145 D HMI_SERVICE: USE_CASE_NA|FUN=HmiApplication::runCommandToShell|1| executeCommand has been initiated to run linux command 
01-01 01:00:20.459  2052  8381 E         : Calling MSG: PID=2145, UID=1000
01-01 01:00:20.459  2052  8381 E         : ExecutecommandbuildTypePropuserdebug...
01-01 01:00:20.459  2052  8381 E         : ExecutecommandForIRunCommandsetdns 1010 192.168.220.145...
01-01 01:00:20.464  1151  1317 D OpenNetworkNotifier: Notification with state=1 was cleared for recommended network: HP-Print-DB-LaserJet Pro MFP
01-01 01:00:20.466  1508  1601 W QCNEJ   : |CORE| notifyWifiStatusChanged failed
01-01 01:00:20.466  1508  1601 W QCNEJ   : |CORE| notifyRatConnectionStatusChanged failed
01-01 01:00:20.473  1151  1325 D ConnectivityService: Setting DNS servers for network 423 to [/8.8.8.8]
01-01 01:00:20.479  1151  1325 I Nat464Xlat: Android Xlat is disabled
01-01 01:00:20.485  1392  1392 W SYSTEM_UI: SWR_SYSTEM_UI_008|FUN=CollapsedStatusBarFragment::AndroidEventReceiver | getAction |1|Broadcast action:android.net.wifi.STATE_CHANGE received
01-01 01:00:20.490  1392  1392 W SYSTEM_UI - CI07.3: className -> CollapsedStatusBarFragment | functionName -> AndroidEventReceiver | onReceive -->  | value -> Wifi connection status--> true
01-01 01:00:20.490  1392  1392 W SYSTEM_UI: SWR_SYSTEM_UI_008|FUN=CollapsedStatusBarFragment::isConnected |1|Wifi connection status--> true
01-01 01:00:20.490  1392  1392 W SYSTEM_UI - CI07.3: className -> CollapsedStatusBarFragment | functionName -> updateHermsDataType | value -> Update Herms Data Type :: networkType --> 0
01-01 01:00:20.490  1392  1392 W SYSTEM_UI - CI07.3: className -> CollapsedStatusBarFragment | functionName -> updateHermsDataType | value -> Update Herms Data Type :: isWebsiteSecure --> false
01-01 01:00:20.490  1392  1392 W SYSTEM_UI - CI07.3: className -> CollapsedStatusBarFragment | functionName -> updateHermsDataType | value -> Update Herms Data Type :: connection status --> 1
01-01 01:00:20.490  1392  1392 W SYSTEM_UI - CI07.3: className -> CollapsedStatusBarFragment | functionName -> updateHermsDataType | value -> Update Herms Data Type :: data Transfer --> false
01-01 01:00:20.490  1392  1392 W SYSTEM_UI - CI07.3: className -> CollapsedStatusBarFragment | functionName -> updateHermsDataType | value -> Update Herms Data Type :: wifiConnectionStatus --> true
01-01 01:00:20.490  1392  1392 W SYSTEM_UI - CI07.3: className -> CollapsedStatusBarFragment | functionName -> updateHermsDataType | value -> path 1
01-01 01:00:20.491  1151  1317 D WifiConfiguration: configKey: false
01-01 01:00:20.494  1151  1183 I WifiService: requestActivityInfo uid=1000
01-01 01:00:20.495  1151  1183 I WifiService: reportActivityInfo uid=1000
01-01 01:00:20.495  1151  1183 I WifiService: getSupportedFeatures uid=1000
01-01 01:00:20.495  3739  3739 W HMI2-SETTINGS - CI08.4: className -> WifiActivity | functionName -> getConfig: success-> | value -> "RSE_Test"
01-01 01:00:20.496  3739  3739 W HMI2-SETTINGS - CI08.4: className -> WifiActivity | functionName -> getConnectSummary | value -> getConnectSummary* ID: 161 SSID: "RSE_Test" PROVIDER-NAME: null BSSID: null FQDN: null PRIO: 0 HIDDEN: false
01-01 01:00:20.496  3739  3739 W HMI2-SETTINGS - CI08.4:  NetworkSelectionStatus NETWORK_SELECTION_ENABLED
01-01 01:00:20.496  3739  3739 W HMI2-SETTINGS - CI08.4:  hasEverConnected: true
01-01 01:00:20.496  3739  3739 W HMI2-SETTINGS - CI08.4:  numAssociation 2
01-01 01:00:20.496  3739  3739 W HMI2-SETTINGS - CI08.4:  KeyMgmt: WPA_PSK Protocols: WPA RSN
01-01 01:00:20.496  3739  3739 W HMI2-SETTINGS - CI08.4:  AuthAlgorithms: OPEN
01-01 01:00:20.496  3739  3739 W HMI2-SETTINGS - CI08.4:  PairwiseCiphers: TKIP CCMP
01-01 01:00:20.496  3739  3739 W HMI2-SETTINGS - CI08.4:  GroupCiphers: TKIP CCMP
01-01 01:00:20.496  3739  3739 W HMI2-SETTINGS - CI08.4:  PSK: *
01-01 01:00:20.496  3739  3739 W HMI2-SETTINGS - CI08.4: 
01-01 01:00:20.496  3739  3739 W HMI2-SETTINGS - CI08.4:  sim_num 
01-01 01:00:20.496  3739  3739 W HMI2-SETTINGS - CI08.4: Enterprise config:
01-01 01:00:20.496  3739  3739 W HMI2-SETTINGS - CI08.4: IP config:
01-01 01:00:20.496  3739  3739 W HMI2-SETTINGS - CI08.4: IP assignment: DHCP
01-01 01:00:20.496  3739  3739 W HMI2-SETTINGS - CI08.4: Proxy settings: NONE
01-01 01:00:20.496  3739  3739 W HMI2-SETTINGS - CI08.4:  cuid=1000 cname=android.uid.system:1000 luid=1000 lname=android.uid.system:1000 lcuid=1000 userApproved=USER_UNSPECIFIED noInternetAccessExpected=false roamingFailureBlackListTimeMilli: 1000
01-01 01:00:20.496  3739  3739 W HMI2-SETTINGS - CI08.4: recentFailure: Association Rejection code: 0
01-01 01:00:20.496  3739  3739 W HMI2-SETTINGS - CI08.4: ShareThisAp: false
01-01 01:00:20.496  3739  3739 W HMI2-SETTINGS - CI08.4: className -> WifiActivity | functionName -> getConnectSummary : | value ->  Saved
01-01 01:00:20.496   625   625 E WifiHAL : Failed to register debug response; result = -23
01-01 01:00:20.497  1151  1317 E WifiVendorHal: getSupportedFeatureSet(l.976) failed {.code = ERROR_UNKNOWN, .description = errno: -23 (Unknown error -23)}
01-01 01:00:20.497   625   625 E WifiHAL : Failed to register debug response; result = -23
01-01 01:00:20.499  3739  3739 E HMI2-SETTINGS - CI08.4: className -> WifiActivity | functionName -> mWifiScanReceiver -> onReceive | error ->intent_action:android.net.wifi.STATE_CHANGE
01-01 01:00:20.500  1151  2263 I WifiService: getWifiEnabledState uid=1000
01-01 01:00:20.502  3739  3739 W HMI2-SETTINGS: SWR_BAIDU_HMI_0020|FUN=WifiActivity::handleConnectedNetworkVisibility|0|getWifiStat::true
01-01 01:00:20.505  1151  2264 I WifiService: getConfiguredNetworks uid=1000
01-01 01:00:20.513  1151  1325 I WifiService: getConnectionInfo uid=1000
01-01 01:00:20.514  1151  1183 E BatteryExternalStatsWorker: no controller energy info supplied for wifi
01-01 01:00:20.522  3739  3739 W HMI2-SETTINGS - CI08.4: className -> WifiActivity | functionName -> getSavedNetworkList | value -> config.netID ->161
01-01 01:00:20.522  3739  3739 W HMI2-SETTINGS - CI08.4: className -> WifiActivity | functionName -> getSavedNetworkList | value -> config.SSID ->"RSE_Test"
01-01 01:00:20.522  3739  3739 W HMI2-SETTINGS - CI08.4: className -> WifiActivity | functionName -> getSavedNetworkList | value -> config.BSSID ->null
01-01 01:00:20.522  3739  3739 W HMI2-SETTINGS: SWR_BAIDU_HMI_0027|SWR_BAIDU_HMI_0015|FUN=WifiActivity::getScanResults|1|Get list of available wifi hotspots.
01-01 01:00:20.528  1392  1392 W SYSTEM_UI: SWR_BAIDU_HMI_0023|SWR_SYSTEM_UI_003|FUN=StatusBar::getActiveNotifications|1|Get active notifications from Android framework.
01-01 01:00:20.528  1392  1392 W SYSTEM_UI: SWR_SYSTEM_UI_004|FUN=StatusBar::getActiveNotifications|1|Get active notifications from Android framework.
01-01 01:00:20.528  1392  1392 D StatusBar: notification received at statusbar 2
01-01 01:00:20.531  3739  3739 W HMI2-SETTINGS - CI08.4: className -> WifiActivity | functionName -> isWapiVariantBlocked | value -> security_type:2
01-01 01:00:20.532  3739  3739 W HMI2-SETTINGS - CI08.4: className -> WifiActivity | functionName -> isInConnected | value -> |ACSIA_CORP1|0|2
01-01 01:00:20.532  3739  3739 W HMI2-SETTINGS - CI08.4: className -> WifiActivity | functionName -> isWapiVariantBlocked | value -> security_type:2
01-01 01:00:20.532  3739  3739 W HMI2-SETTINGS - CI08.4: className -> WifiActivity | functionName -> isInConnected | value -> |ACSIA_GUEST1|0|2
01-01 01:00:20.533  3739  3739 W HMI2-SETTINGS - CI08.4: className -> WifiActivity | functionName -> isWapiVariantBlocked | value -> security_type:2
01-01 01:00:20.533  3739  3739 W HMI2-SETTINGS - CI08.4: className -> WifiActivity | functionName -> isInConnected | value -> |ACSIA_CORP2|0|2
01-01 01:00:20.533  3739  3739 W HMI2-SETTINGS - CI08.4: className -> WifiActivity | functionName -> isWapiVariantBlocked | value -> security_type:2
01-01 01:00:20.533  3739  3739 W HMI2-SETTINGS - CI08.4: className -> WifiActivity | functionName -> isInConnected | value -> |ACSIA_DEV|0|2
01-01 01:00:20.533  3739  3739 W HMI2-SETTINGS - CI08.4: className -> WifiActivity | functionName -> isWapiVariantBlocked | value -> security_type:2
01-01 01:00:20.533  3739  3739 W HMI2-SETTINGS - CI08.4: className -> WifiActivity | functionName -> isInConnected | value -> | ACSIA_CORP3|0|2
01-01 01:00:20.533  3739  3739 W HMI2-SETTINGS - CI08.4: className -> WifiActivity | functionName -> isWapiVariantBlocked | value -> security_type:2
01-01 01:00:20.533  3739  3739 W HMI2-SETTINGS - CI08.4: className -> WifiActivity | functionName -> isInConnected | value -> |ACSIA_Management|0|2
01-01 01:00:20.533  3739  3739 W HMI2-SETTINGS - CI08.4: className -> WifiActivity | functionName -> isWapiVariantBlocked | value -> security_type:2
01-01 01:00:20.533  3739  3739 W HMI2-SETTINGS - CI08.4: className -> WifiActivity | functionName -> isInConnected | value -> |RSE_Test|0|2
01-01 01:00:20.533  3739  3739 W HMI2-SETTINGS - CI08.4: className -> WifiActivity | functionName -> isWapiVariantBlocked | value -> security_type:2
01-01 01:00:20.533  3739  3739 W HMI2-SETTINGS - CI08.4: className -> WifiActivity | functionName -> isInConnected | value -> |NETGEAR66-5G|0|2
01-01 01:00:20.533  3739  3739 W HMI2-SETTINGS - CI08.4: className -> WifiActivity | functionName -> isWapiVariantBlocked | value -> security_type:2
01-01 01:00:20.533  3739  3739 W HMI2-SETTINGS - CI08.4: className -> WifiActivity | functionName -> isInConnected | value -> |Secure|0|2
01-01 01:00:20.533  3739  3739 W HMI2-SETTINGS - CI08.4: className -> WifiActivity | functionName -> isWapiVariantBlocked | value -> security_type:2
01-01 01:00:20.533  3739  3739 W HMI2-SETTINGS - CI08.4: className -> WifiActivity | functionName -> isInConnected | value -> |ACSIA_CORP2|0|2
01-01 01:00:20.533  3739  3739 W HMI2-SETTINGS - CI08.4: className -> WifiActivity | functionName -> isWapiVariantBlocked | value -> security_type:2
01-01 01:00:20.533  3739  3739 W HMI2-SETTINGS - CI08.4: className -> WifiActivity | functionName -> isInConnected | value -> |ACSIA_DEV|0|2
01-01 01:00:20.533  3739  3739 W HMI2-SETTINGS - CI08.4: className -> WifiActivity | functionName -> isWapiVariantBlocked | value -> security_type:2
01-01 01:00:20.533  3739  3739 W HMI2-SETTINGS - CI08.4: className -> WifiActivity | functionName -> isInConnected | value -> |ACSIA_CORP1|0|2
01-01 01:00:20.533  3739  3739 W HMI2-SETTINGS - CI08.4: className -> WifiActivity | functionName -> isWapiVariantBlocked | value -> security_type:2
01-01 01:00:20.533  3739  3739 W HMI2-SETTINGS - CI08.4: className -> WifiActivity | functionName -> isInConnected | value -> |ACSIA_GUEST1|0|2
01-01 01:00:20.533  3739  3739 W HMI2-SETTINGS - CI08.4: className -> WifiActivity | functionName -> isWapiVariantBlocked | value -> security_type:2
01-01 01:00:20.533  3739  3739 W HMI2-SETTINGS - CI08.4: className -> WifiActivity | functionName -> isInConnected | value -> |ACSIA_Management|0|2
01-01 01:00:20.533  3739  3739 W HMI2-SETTINGS - CI08.4: className -> WifiActivity | functionName -> isWapiVariantBlocked | value -> security_type:2
01-01 01:00:20.534  3739  3739 W HMI2-SETTINGS - CI08.4: className -> WifiActivity | functionName -> isInConnected | value -> | ACSIA_CORP3|0|2
01-01 01:00:20.534  3739  3739 W HMI2-SETTINGS - CI08.4: className -> WifiActivity | functionName -> isWapiVariantBlocked | value -> security_type:2
01-01 01:00:20.534  3739  3739 W HMI2-SETTINGS - CI08.4: className -> WifiActivity | functionName -> isInConnected | value -> |RSE_Test|0|2
01-01 01:00:20.534  3739  3739 W HMI2-SETTINGS - CI08.4: className -> WifiActivity | functionName -> isWapiVariantBlocked | value -> security_type:2
01-01 01:00:20.534  3739  3739 W HMI2-SETTINGS - CI08.4: className -> WifiActivity | functionName -> isInConnected | value -> |HUWIFI|0|2
01-01 01:00:20.534  3739  3739 W HMI2-SETTINGS - CI08.4: className -> WifiActivity | functionName -> isWapiVariantBlocked | value -> security_type:2
01-01 01:00:20.534  3739  3739 W HMI2-SETTINGS - CI08.4: className -> WifiActivity | functionName -> isInConnected | value -> |DIRECT-DMATCLWI2064msNL|0|2
01-01 01:00:20.534  3739  3739 W HMI2-SETTINGS - CI08.4: className -> WifiActivity | functionName -> isWapiVariantBlocked | value -> security_type:2
01-01 01:00:20.534  3739  3739 W HMI2-SETTINGS - CI08.4: className -> WifiActivity | functionName -> isInConnected | value -> |DIRECT-vQINLT044msmJ|0|2
01-01 01:00:20.534  3739  3739 W HMI2-SETTINGS - CI08.4: className -> WifiActivity | functionName -> isWapiVariantBlocked | value -> security_type:2
01-01 01:00:20.534  3739  3739 W HMI2-SETTINGS - CI08.4: className -> WifiActivity | functionName -> isInConnected | value -> |AUTOMATION_TEST|0|2
01-01 01:00:20.534  3739  3739 W HMI2-SETTINGS - CI08.4: className -> WifiActivity | functionName -> isWapiVariantBlocked | value -> security_type:2
01-01 01:00:20.534  3739  3739 W HMI2-SETTINGS - CI08.4: className -> WifiActivity | functionName -> isInConnected | value -> |ACSIA_CORP1|0|2
01-01 01:00:20.534  3739  3739 W HMI2-SETTINGS - CI08.4: className -> WifiActivity | functionName -> isWapiVariantBlocked | value -> security_type:2
01-01 01:00:20.534  3739  3739 W HMI2-SETTINGS - CI08.4: className -> WifiActivity | functionName -> isInConnected | value -> |ACSIA_GUEST1|0|2
01-01 01:00:20.534  3739  3739 W HMI2-SETTINGS - CI08.4: className -> WifiActivity | functionName -> isWapiVariantBlocked | value -> security_type:2
01-01 01:00:20.534  3739  3739 W HMI2-SETTINGS - CI08.4: className -> WifiActivity | functionName -> isInConnected | value -> |ACSIA_DEV|0|2
01-01 01:00:20.534  3739  3739 W HMI2-SETTINGS - CI08.4: className -> WifiActivity | functionName -> isWapiVariantBlocked | value -> security_type:2
01-01 01:00:20.534  3739  3739 W HMI2-SETTINGS - CI08.4: className -> WifiActivity | functionName -> isInConnected | value -> |ACSIA_CORP2|0|2
01-01 01:00:20.534  3739  3739 W HMI2-SETTINGS - CI08.4: className -> WifiActivity | functionName -> isWapiVariantBlocked | value -> security_type:2
01-01 01:00:20.534  3739  3739 W HMI2-SETTINGS - CI08.4: className -> WifiActivity | functionName -> isInConnected | value -> | ACSIA_CORP3|0|2
01-01 01:00:20.534  3739  3739 W HMI2-SETTINGS - CI08.4: className -> WifiActivity | functionName -> isWapiVariantBlocked | value -> security_type:2
01-01 01:00:20.534  3739  3739 W HMI2-SETTINGS - CI08.4: className -> WifiActivity | functionName -> isInConnected | value -> |ACSIA_Management|0|2
01-01 01:00:20.534  3739  3739 W HMI2-SETTINGS - CI08.4: className -> WifiActivity | functionName -> isWapiVariantBlocked | value -> security_type:2
01-01 01:00:20.534  3739  3739 W HMI2-SETTINGS - CI08.4: className -> WifiActivity | functionName -> isInConnected | value -> |RSE_Test|0|2
01-01 01:00:20.534  3739  3739 W HMI2-SETTINGS - CI08.4: className -> WifiActivity | functionName -> isWapiVariantBlocked | value -> security_type:0
01-01 01:00:20.534  3739  3739 W HMI2-SETTINGS - CI08.4: className -> WifiActivity | functionName -> isInConnected | value -> |HP-Print-DB-LaserJet Pro MFP|0|0
01-01 01:00:20.534  3739  3739 W HMI2-SETTINGS - CI08.4: className -> WifiActivity | functionName -> isWapiVariantBlocked | value -> security_type:2
01-01 01:00:20.534  3739  3739 W HMI2-SETTINGS - CI08.4: className -> WifiActivity | functionName -> isInConnected | value -> |MB Hotspot 61185|0|2
01-01 01:00:20.534  3739  3739 W HMI2-SETTINGS - CI08.4: className -> WifiActivity | functionName -> handleAllAvailNetwork | value -> savedNetwork ->1
01-01 01:00:20.534  3739  3739 W HMI2-SETTINGS - CI08.4: className -> WifiActivity | functionName -> handleAllAvailNetwork | value -> presentVisibleNetwork ->29
01-01 01:00:20.538  1151  2264 I WifiService: getConfiguredNetworks uid=1000
01-01 01:00:20.541  3739  3739 W HMI2-SETTINGS - CI08.4: className -> WifiActivity | functionName -> getConfig: success-> | value -> "RSE_Test"
01-01 01:00:20.541  3739  3739 W HMI2-SETTINGS - CI08.4: className -> WifiActivity | functionName -> getConnectSummary | value -> getConnectSummary* ID: 161 SSID: "RSE_Test" PROVIDER-NAME: null BSSID: null FQDN: null PRIO: 0 HIDDEN: false
01-01 01:00:20.541  3739  3739 W HMI2-SETTINGS - CI08.4:  NetworkSelectionStatus NETWORK_SELECTION_ENABLED
01-01 01:00:20.541  3739  3739 W HMI2-SETTINGS - CI08.4:  hasEverConnected: true
01-01 01:00:20.541  3739  3739 W HMI2-SETTINGS - CI08.4:  numAssociation 2
01-01 01:00:20.541  3739  3739 W HMI2-SETTINGS - CI08.4:  KeyMgmt: WPA_PSK Protocols: WPA RSN
01-01 01:00:20.541  3739  3739 W HMI2-SETTINGS - CI08.4:  AuthAlgorithms: OPEN
01-01 01:00:20.541  3739  3739 W HMI2-SETTINGS - CI08.4:  PairwiseCiphers: TKIP CCMP
01-01 01:00:20.541  3739  3739 W HMI2-SETTINGS - CI08.4:  GroupCiphers: TKIP CCMP
01-01 01:00:20.541  3739  3739 W HMI2-SETTINGS - CI08.4:  PSK: *
01-01 01:00:20.541  3739  3739 W HMI2-SETTINGS - CI08.4: 
01-01 01:00:20.541  3739  3739 W HMI2-SETTINGS - CI08.4:  sim_num 
01-01 01:00:20.541  3739  3739 W HMI2-SETTINGS - CI08.4: Enterprise config:
01-01 01:00:20.541  3739  3739 W HMI2-SETTINGS - CI08.4: IP config:
01-01 01:00:20.541  3739  3739 W HMI2-SETTINGS - CI08.4: IP assignment: DHCP
01-01 01:00:20.541  3739  3739 W HMI2-SETTINGS - CI08.4: Proxy settings: NONE
01-01 01:00:20.541  3739  3739 W HMI2-SETTINGS - CI08.4:  cuid=1000 cname=android.uid.system:1000 luid=1000 lname=android.uid.system:1000 lcuid=1000 userApproved=USER_UNSPECIFIED noInternetAccessExpected=false roamingFailureBlackListTimeMilli: 1000
01-01 01:00:20.541  3739  3739 W HMI2-SETTINGS - CI08.4: recentFailure: Association Rejection code: 0
01-01 01:00:20.541  3739  3739 W HMI2-SETTINGS - CI08.4: ShareThisAp: false
01-01 01:00:20.541  3739  3739 W HMI2-SETTINGS - CI08.4: className -> WifiActivity | functionName -> getConnectSummary : | value ->  Saved
01-01 01:00:20.541  3739  3739 W HMI2-SETTINGS - CI08.4: className -> WifiActivity | functionName -> handleNetworkStateChanged | value -> detailedState->CONNECTED
01-01 01:00:20.542  1151  2264 I WifiService: getConfiguredNetworks uid=1000
01-01 01:00:20.543  1151  1325 I WifiService: getConnectionInfo uid=1000
01-01 01:00:20.543  3739  3739 W HMI2-SETTINGS - CI08.4: className -> WifiActivity | functionName -> getConfig: success-> | value -> "RSE_Test"
01-01 01:00:20.543  3739  3739 W HMI2-SETTINGS - CI08.4: className -> WifiActivity | functionName -> getConnectSummary | value -> getConnectSummary* ID: 161 SSID: "RSE_Test" PROVIDER-NAME: null BSSID: null FQDN: null PRIO: 0 HIDDEN: false
01-01 01:00:20.543  3739  3739 W HMI2-SETTINGS - CI08.4:  NetworkSelectionStatus NETWORK_SELECTION_ENABLED
01-01 01:00:20.543  3739  3739 W HMI2-SETTINGS - CI08.4:  hasEverConnected: true
01-01 01:00:20.543  3739  3739 W HMI2-SETTINGS - CI08.4:  numAssociation 2
01-01 01:00:20.543  3739  3739 W HMI2-SETTINGS - CI08.4:  KeyMgmt: WPA_PSK Protocols: WPA RSN
01-01 01:00:20.543  3739  3739 W HMI2-SETTINGS - CI08.4:  AuthAlgorithms: OPEN
01-01 01:00:20.543  3739  3739 W HMI2-SETTINGS - CI08.4:  PairwiseCiphers: TKIP CCMP
01-01 01:00:20.543  3739  3739 W HMI2-SETTINGS - CI08.4:  GroupCiphers: TKIP CCMP
01-01 01:00:20.543  3739  3739 W HMI2-SETTINGS - CI08.4:  PSK: *
01-01 01:00:20.543  3739  3739 W HMI2-SETTINGS - CI08.4: 
01-01 01:00:20.543  3739  3739 W HMI2-SETTINGS - CI08.4:  sim_num 
01-01 01:00:20.543  3739  3739 W HMI2-SETTINGS - CI08.4: Enterprise config:
01-01 01:00:20.543  3739  3739 W HMI2-SETTINGS - CI08.4: IP config:
01-01 01:00:20.543  3739  3739 W HMI2-SETTINGS - CI08.4: IP assignment: DHCP
01-01 01:00:20.543  3739  3739 W HMI2-SETTINGS - CI08.4: Proxy settings: NONE
01-01 01:00:20.543  3739  3739 W HMI2-SETTINGS - CI08.4:  cuid=1000 cname=android.uid.system:1000 luid=1000 lname=android.uid.system:1000 lcuid=1000 userApproved=USER_UNSPECIFIED noInternetAccessExpected=false roamingFailureBlackListTimeMilli: 1000
01-01 01:00:20.543  3739  3739 W HMI2-SETTINGS - CI08.4: recentFailure: Association Rejection code: 0
01-01 01:00:20.543  3739  3739 W HMI2-SETTINGS - CI08.4: ShareThisAp: false
01-01 01:00:20.543  3739  3739 W HMI2-SETTINGS - CI08.4: className -> WifiActivity | functionName -> getConnectSummary : | value ->  Saved
01-01 01:00:20.543  3739  3739 E HMI2-SETTINGS - CI08.4: className -> WifiActivity | functionName -> mWifiScanReceiver -> onReceive | error ->intent_action:android.net.wifi.CONFIGURED_NETWORKS_CHANGE
01-01 01:00:20.544  1151  2264 I WifiService: getWifiEnabledState uid=1000
01-01 01:00:20.544  1392  1392 D ScrimController: animate_trace: updateScrims entry
01-01 01:00:20.544  1392  1392 D ScrimController: animate_trace: setScrimBehindAlpha :hardcoding alpha=0.0 to 0
01-01 01:00:20.544  1392  1392 D ScrimController: animate_trace: setScrimInFrontAlpha :hardcoding alpha=0.0 to 0
01-01 01:00:20.546  1151 18559 D NetworkMonitor/NetworkAgentInfo [WIFI () - 423]: Validation disabled.
01-01 01:00:20.546  3739  3739 W HMI2-SETTINGS: SWR_BAIDU_HMI_0020|FUN=WifiActivity::handleConnectedNetworkVisibility|0|getWifiStat::true
01-01 01:00:20.547  1151  2229 I WifiService: getConfiguredNetworks uid=1000
01-01 01:00:20.547  2145  2399 D HMI_SERVICE: USE_CASE_NA|FUN=HmiApplication| hasInternetConnection init 
01-01 01:00:20.547  1151  1317 D WifiNetworkAgent: NetworkAgent: Received signal strength thresholds: []
01-01 01:00:20.548  1151  1339 I WifiService: getConnectionInfo uid=1000
01-01 01:00:20.549  1508  1599 W QCNEJ   : |CORE| network available: 423
01-01 01:00:20.553  3739  3739 W HMI2-SETTINGS - CI08.4: className -> WifiActivity | functionName -> getSavedNetworkList | value -> config.netID ->161
01-01 01:00:20.553  3739  3739 W HMI2-SETTINGS - CI08.4: className -> WifiActivity | functionName -> getSavedNetworkList | value -> config.SSID ->"RSE_Test"
01-01 01:00:20.553  3739  3739 W HMI2-SETTINGS - CI08.4: className -> WifiActivity | functionName -> getSavedNetworkList | value -> config.BSSID ->null
01-01 01:00:20.553  3739  3739 W HMI2-SETTINGS: SWR_BAIDU_HMI_0027|SWR_BAIDU_HMI_0015|FUN=WifiActivity::getScanResults|1|Get list of available wifi hotspots.
01-01 01:00:20.554  1392  1392 W SYSTEM_UI - CI07.3: className -> NotificationUIService | functionName -> onStartCommand | value -> onStartCommand NotificationServiceListener
01-01 01:00:20.554  1392  1392 W SYSTEM_UI - CI07.3: className -> NotificationUIService | functionName -> onStartCommand | value -> onStartCommand NotificationServiceListenerACTION_NOTIFICATION_UPDATE
01-01 01:00:20.554  1392  1392 W SYSTEM_UI - CI07.3: className -> NotificationUIService | functionName -> onStartCommand | value -> ActionName --> ACTION_NOTIFICATION_UPDATE
01-01 01:00:20.557  2145  2399 D getConnectivityIntent:: onAvailable  validatedtrue
01-01 01:00:20.557  2145  2399 D HMI_SERVICE: USE_CASE_NA|FUN=HmiApplication| hasInternetConnection init 
01-01 01:00:20.559  1151  1325 D ConnectivityService: NetworkAgentInfo [WIFI () - 423] validation passed
01-01 01:00:20.559  1508  1599 W QCNEJ   : |CORE| onAvailable: bind the process to WIFI
01-01 01:00:20.562  2145  2399 W getConnectivityIntent:: Network  validatedtrue
01-01 01:00:20.562  2145  2399 D getConnectivityIntent:: Network  NET_CAPABILITY_VALIDATED:false
01-01 01:00:20.562  1151  2264 I WifiService: getConnectionInfo uid=1000
