01-01 00:53:31.660  1151  1553 D mEnabledInputMethodsStrCache: com.android.inputmethods.latin/.LatinIME
01-01 00:53:31.660  1151  1553 D systemLanguageCode: en__GB
01-01 00:53:31.661  1151  1553 D mEnabledInputMethodsStrCache: com.android.inputmethods.latin/.LatinIME
01-01 00:53:31.661  1151  1553 D mEnabledInputMethodsStrCache: com.android.inputmethods.latin/.LatinIME
01-01 00:53:31.661  1151  1553 D systemLanguageCode: en__GB
01-01 00:53:31.662  1151  1553 D mEnabledInputMethodsStrCache: com.android.inputmethods.latin/.LatinIME
01-01 00:53:31.663  1379  1379 I NuanceUtil: Language text: en_GB, Language code: 5
01-01 00:53:31.663  1379  1379 I NuanceLog: Active Language: ET9LIDEnglish_UK
01-01 00:53:31.663  1379  1379 I NuanceLog: Active LDB: /system/etc/RSESpeller/configs/LDBs/v13.1.0/englishuk/ENubUNUK_xt9_ALM3.ldb
01-01 00:53:31.663  1379  1379 I LatinIME: Nuance API Initialized successfully
01-01 00:53:31.663  1379  1379 I LatinIME: Suggestion strip view visibility gone
01-01 00:53:31.664  1151  1553 D mEnabledInputMethodsStrCache: com.android.inputmethods.latin/.LatinIME
01-01 00:53:31.664  1151  1553 D systemLanguageCode: en__GB
01-01 00:53:31.664  1151  1553 D mEnabledInputMethodsStrCache: com.android.inputmethods.latin/.LatinIME
01-01 00:53:31.664  1151  1553 D mEnabledInputMethodsStrCache: com.android.inputmethods.latin/.LatinIME
01-01 00:53:31.664  1151  1553 D systemLanguageCode: en__GB
01-01 00:53:31.664  1151  1553 D mEnabledInputMethodsStrCache: com.android.inputmethods.latin/.LatinIME
01-01 00:53:31.665  1151  1553 D mEnabledInputMethodsStrCache: com.android.inputmethods.latin/.LatinIME
01-01 00:53:31.665  1151  1553 D systemLanguageCode: en__GB
01-01 00:53:31.666  1151  1553 D mEnabledInputMethodsStrCache: com.android.inputmethods.latin/.LatinIME
01-01 00:53:31.666  1151  1553 D mEnabledInputMethodsStrCache: com.android.inputmethods.latin/.LatinIME
01-01 00:53:31.666  1151  1553 D systemLanguageCode: en__GB
01-01 00:53:31.666  1151  1553 D mEnabledInputMethodsStrCache: com.android.inputmethods.latin/.LatinIME
01-01 00:53:31.669  1151  1553 D WindowManager: relayout packageName=com.android.inputmethods.latin::session=Session{ca2ba78 1379:1000}::window=android.view.IWindow$Stub$Proxy@94405f3::attrs.flags=800108
01-01 00:53:31.669  1151  1553 D WindowManager: relayout >>> FLAG_FULLSCREEN not set in WindowManager.LayoutParams
01-01 00:53:31.669  1151  1553 D WindowManager: startStatusReceiverServiceOnFlagSet: creating intent for action ACTION_ACTIVITY_FULLSCREEN
01-01 00:53:31.670  1151  1553 W ContextImpl: Calling a method in the system process without a qualified user: android.app.ContextImpl.startService:1476 com.android.server.wm.Session.startStatusReceiverServiceOnFlagSet:762 com.android.server.wm.Session.relayout:276 android.view.IWindowSession$Stub.onTransact:286 com.android.server.wm.Session.onTransact:166 
01-01 00:53:31.670  1151  1553 D CompatibilityInfo: mCompatibilityFlags - 4
01-01 00:53:31.671  1151  1553 D CompatibilityInfo: applicationDensity - 240
01-01 00:53:31.671  1151  1553 D CompatibilityInfo: applicationScale - 1.0
01-01 00:53:31.674  1151  1553 D WindowManager: startStatusReceiverServiceOnFlagSet: startService done
01-01 00:53:31.674  1392  1392 W SYSTEM_UI: SWR_SYSTEM_UI_007|FUN=CollapsedStatusBarFragment::getAction |1|Broadcast action --> STATUS_UPDATE_ACTION
01-01 00:53:31.675  1392  1392 W SYSTEM_UI: SWR_SYSTEM_UI_007|FUN=CollapsedStatusBarFragment::getIntExtra |1|NotifySystemUpdates dataType --> 101
01-01 00:53:31.675  1392  1392 W SYSTEM_UI - CI07.3: className -> CollapsedStatusBarFragment | functionName -> NotifySystemUpdates | onReceive -->  | value -> FULLSCREEN MODE CHANGED | isFullScreenStatus --> false | fullScreenPackage -->com.android.inputmethods.latin | fullscreenLastShownPackage -->null | topActivityPackage --> com.panasonic.hmi2settings
01-01 00:53:31.675  1392  1392 W SYSTEM_UI - CI07.3: className -> CollapsedStatusBarFragment | functionName -> NotifySystemUpdates | onReceive -->  | value -> Fullscreen mode changed --> path 0
01-01 00:53:31.691  1151  1553 D mEnabledInputMethodsStrCache: com.android.inputmethods.latin/.LatinIME
01-01 00:53:31.691  1151  1553 D systemLanguageCode: en__GB
01-01 00:53:31.691  1151  1553 D mEnabledInputMethodsStrCache: com.android.inputmethods.latin/.LatinIME
01-01 00:53:31.693  1151  1553 D mEnabledInputMethodsStrCache: com.android.inputmethods.latin/.LatinIME
01-01 00:53:31.693  1151  1553 D systemLanguageCode: en__GB
01-01 00:53:31.693  1151  1553 D mEnabledInputMethodsStrCache: com.android.inputmethods.latin/.LatinIME
01-01 00:53:31.694  1151  2234 D mEnabledInputMethodsStrCache: com.android.inputmethods.latin/.LatinIME
01-01 00:53:31.694  1151  2234 D systemLanguageCode: en__GB
01-01 00:53:31.695  1151  2234 D mEnabledInputMethodsStrCache: com.android.inputmethods.latin/.LatinIME
01-01 00:53:31.695  1151  2234 D mEnabledInputMethodsStrCache: com.android.inputmethods.latin/.LatinIME
01-01 00:53:31.695  1151  2234 D systemLanguageCode: en__GB
01-01 00:53:31.695  1151  2234 D mEnabledInputMethodsStrCache: com.android.inputmethods.latin/.LatinIME
01-01 00:53:31.695  1151  2234 D mEnabledInputMethodsStrCache: com.android.inputmethods.latin/.LatinIME
01-01 00:53:31.695  1151  2234 D systemLanguageCode: en__GB
01-01 00:53:31.696  1151  2234 D mEnabledInputMethodsStrCache: com.android.inputmethods.latin/.LatinIME
01-01 00:53:31.696  1379  1379 I LatinIME: SWR_HMISERVICE_SPELLER_MF_001||FUN=onStartInputViewInternal || 1 || Starting input. Cursor position = 0,0
01-01 00:53:31.721  1151  2234 D mEnabledInputMethodsStrCache: com.android.inputmethods.latin/.LatinIME
01-01 00:53:31.721  1151  2234 D systemLanguageCode: en__GB
01-01 00:53:31.721  1151  2234 D mEnabledInputMethodsStrCache: com.android.inputmethods.latin/.LatinIME
01-01 00:53:31.723  1379  1379 V KeyboardState: onLoadKeyboard: [keyboard=UNSHIFTED shift=RELEASING symbol=RELEASING switch=ALPHA] autoCapsFlags=none recapitalizeMode=undefined
01-01 00:53:31.723  1379  1379 D KeyboardState: setAlphabetKeyboard: [keyboard=UNSHIFTED shift=RELEASING symbol=RELEASING switch=ALPHA] autoCapsFlags=none recapitalizeMode=undefined
01-01 00:53:31.723  1379  1379 D KeyboardSwitcher: setAlphabetKeyboard
01-01 00:53:31.724  1151  2234 D mEnabledInputMethodsStrCache: com.android.inputmethods.latin/.LatinIME
01-01 00:53:31.724  1151  2234 D systemLanguageCode: en__GB
01-01 00:53:31.724  1151  2234 D mEnabledInputMethodsStrCache: com.android.inputmethods.latin/.LatinIME
01-01 00:53:31.724  1379  1379 D KeyboardSwitcher: requestUpdatingShiftState:  autoCapsFlags=none recapitalizeMode=undefined
01-01 00:53:31.724  1379  1379 D KeyboardState: onUpdateShiftState: [keyboard=UNSHIFTED shift=RELEASING symbol=RELEASING switch=ALPHA] autoCapsFlags=none recapitalizeMode=undefined
01-01 00:53:31.724  1379  1379 D KeyboardState: setShifted: shiftMode=UNSHIFT [keyboard=UNSHIFTED shift=RELEASING symbol=RELEASING switch=ALPHA]
01-01 00:53:31.725  1151  2234 D mEnabledInputMethodsStrCache: com.android.inputmethods.latin/.LatinIME
01-01 00:53:31.725  1151  2234 D systemLanguageCode: en__GB
01-01 00:53:31.725  1151  2234 D mEnabledInputMethodsStrCache: com.android.inputmethods.latin/.LatinIME
01-01 00:53:31.725  1151  2234 D mEnabledInputMethodsStrCache: com.android.inputmethods.latin/.LatinIME
01-01 00:53:31.725  1151  2234 D systemLanguageCode: en__GB
01-01 00:53:31.725  1151  2234 D mEnabledInputMethodsStrCache: com.android.inputmethods.latin/.LatinIME
01-01 00:53:31.726  1379  1379 I NuanceUtil: Language text: en_GB, Language code: 5
01-01 00:53:31.726  1379  1379 I NuanceLog: Active Language: ET9LIDEnglish_UK
01-01 00:53:31.726  1379  1379 I NuanceLog: Active LDB: /system/etc/RSESpeller/configs/LDBs/v13.1.0/englishuk/ENubUNUK_xt9_ALM3.ldb
01-01 00:53:31.726  1379  1379 I LatinIME: Nuance API Initialized successfully
01-01 00:53:31.727  1379  1379 I LatinIME: Suggestion strip view visibility gone
01-01 00:53:31.728  1151  2234 D mEnabledInputMethodsStrCache: com.android.inputmethods.latin/.LatinIME
01-01 00:53:31.728  1151  2234 D systemLanguageCode: en__GB
01-01 00:53:31.728  1151  2234 D mEnabledInputMethodsStrCache: com.android.inputmethods.latin/.LatinIME
01-01 00:53:31.729  1151  2234 D mEnabledInputMethodsStrCache: com.android.inputmethods.latin/.LatinIME
01-01 00:53:31.729  1151  2234 D systemLanguageCode: en__GB
01-01 00:53:31.729  1151  2234 D mEnabledInputMethodsStrCache: com.android.inputmethods.latin/.LatinIME
01-01 00:53:31.857   729   748 I sssv-lib: sendMsg enter
01-01 00:53:31.858   729   748 I sssv-lib: sendMsg complete.
01-01 00:53:32.444  1933  1933 I LCMANDR : SWR_OOB_HV_MF_009|FUN=ResourceMonitoringService::movingMemoryAverage|2|Moving memory average :31.200293
01-01 00:53:32.444  1933  1933 W LCMANDR : SWR_OOB_HV_MF_009|FUN=ResourceMonitoringService::getCpuUsageStatistic|Moving MEM AVG :::::::::31.200293
01-01 00:53:32.445  1933  1933 W LCMANDR : SWR_OOB_HV_MF_009|FUN=ResourceMonitoringService::getCpuUsageStatistic|2|Total cpu usage :24.299067
01-01 00:53:32.445  1933  1933 I LCMANDR : SWR_OOB_HV_MF_009|FUN=ResourceMonitoringService::getCpuUsageStatistic|Cpu usage of core  0 is28.621908
01-01 00:53:32.446  1933  1933 I LCMANDR : SWR_OOB_HV_MF_009|FUN=ResourceMonitoringService::getCpuUsageStatistic|Cpu usage of core  1 is23.214285
01-01 00:53:32.446  1933  1933 I LCMANDR : SWR_OOB_HV_MF_009|FUN=ResourceMonitoringService::getCpuUsageStatistic|Cpu usage of core  2 is21.232876
01-01 00:53:32.446  1933  1933 I LCMANDR : ResourceMonitoringService::movingCpuAverage()
01-01 00:53:32.446  1933  1933 I LCMANDR : SWR_OOB_HV_MF_009|FUN=ResourceMonitoringService::movingCpuAverage|2|Moving window average of CPU 22.259054
01-01 00:53:32.446  1933  1933 I LCMANDR : SWR_OOB_HV_MF_009|FUN=ResourceMonitoringService::movingCpuAverage|2|Cpu moving average of core  0 is23.671118
01-01 00:53:32.446  1933  1933 I LCMANDR : SWR_OOB_HV_MF_009|FUN=ResourceMonitoringService::movingCpuAverage|2|Cpu moving average of core  1 is20.569056
01-01 00:53:32.446  1933  1933 I LCMANDR : SWR_OOB_HV_MF_009|FUN=ResourceMonitoringService::movingCpuAverage|2|Cpu moving average of core  2 is22.509495
01-01 00:53:32.446  1933  1933 D LCMANDR : SWR_OOB_HV_MF_009|FUN=ResourceMonitoringService::movingCpuAverage|2|Exiting VAL = 22.259054
01-01 00:53:32.574  3675 16824 I QueryController: Matched selector: UiSelector[CLASS=android.widget.EditText] <<==>> [android.view.accessibility.AccessibilityNodeInfo@33b83b0; boundsInParent: Rect(0, 7 - 1241, 137); boundsInScreen: Rect(339, 225 - 1580, 355); packageName: com.panasonic.hmi2settings; className: android.widget.EditText; text: null; error: null; maxTextLength: 63; contentDescription: null; viewIdResName: com.panasonic.hmi2settings:id/textPassword; checkable: false; checked: false; focusable: true; focused: true; selected: false; clickable: true; longClickable: false; contextClickable: false; enabled: true; password: false; scrollable: false; importantForAccessibility: true; actions: [AccessibilityAction: ACTION_CLEAR_FOCUS - null, AccessibilityAction: ACTION_SELECT - null, AccessibilityAction: ACTION_CLEAR_SELECTION - null, AccessibilityAction: ACTION_CLICK - null, AccessibilityAction: ACTION_ACCESSIBILITY_FOCUS - null, AccessibilityAction: ACTION_SET_TEXT - null, AccessibilityAction: ACTION_SHOW_ON_SCREEN - null]]
01-01 00:53:32.579  1151  2234 D mEnabledInputMethodsStrCache: com.android.inputmethods.latin/.LatinIME
01-01 00:53:32.579  1151  2234 D systemLanguageCode: en__GB
01-01 00:53:32.579  1151  2234 D mEnabledInputMethodsStrCache: com.android.inputmethods.latin/.LatinIME
01-01 00:53:32.581  1151  2234 D mEnabledInputMethodsStrCache: com.android.inputmethods.latin/.LatinIME
01-01 00:53:32.581  1151  2234 D systemLanguageCode: en__GB
01-01 00:53:32.582  1151  2234 D mEnabledInputMethodsStrCache: com.android.inputmethods.latin/.LatinIME
01-01 00:53:32.582  1151  2229 D mEnabledInputMethodsStrCache: com.android.inputmethods.latin/.LatinIME
01-01 00:53:32.582  1151  2229 D systemLanguageCode: en__GB
01-01 00:53:32.582  1151  2229 D mEnabledInputMethodsStrCache: com.android.inputmethods.latin/.LatinIME
01-01 00:53:32.587  1151  2234 D mEnabledInputMethodsStrCache: com.android.inputmethods.latin/.LatinIME
01-01 00:53:32.587  1151  2234 D systemLanguageCode: en__GB
01-01 00:53:32.587  1151  2234 D mEnabledInputMethodsStrCache: com.android.inputmethods.latin/.LatinIME
01-01 00:53:32.588  1151  2234 D mEnabledInputMethodsStrCache: com.android.inputmethods.latin/.LatinIME
01-01 00:53:32.588  1151  2234 D systemLanguageCode: en__GB
01-01 00:53:32.588  1151  2234 D mEnabledInputMethodsStrCache: com.android.inputmethods.latin/.LatinIME
01-01 00:53:32.588  1151  2234 D mEnabledInputMethodsStrCache: com.android.inputmethods.latin/.LatinIME
01-01 00:53:32.588  1151  2234 D systemLanguageCode: en__GB
01-01 00:53:32.592  1151  2234 D mEnabledInputMethodsStrCache: com.android.inputmethods.latin/.LatinIME
01-01 00:53:32.593  1379  1379 I LatinIME: SWR_HMISERVICE_SPELLER_MF_001||FUN=onStartInputViewInternal || 1 || Starting input. Cursor position = 0,0
01-01 00:53:32.604  3675 16829 D UIAutomatorStub: URI: /jsonrpc/0, Method: POST, Header: {content-length=170, remote-addr=127.0.0.1, http-client-ip=127.0.0.1, host=localhost:9009, content-type=application/json, connection=close, accept-encoding=identity, user-agent=Python-urllib/2.7}, params, {NanoHttpd.QUERY_STRING=null}, files: {postData={"params": [{"childOrSiblingSelector": [], "text": "OK", "mask": 1, "childOrSibling": []}], "jsonrpc": "2.0", "method": "click", "id": "5b6076fcfd4642da80e09cf286160541"}}
01-01 00:53:32.607  1379  1379 D KeyboardState: onResetKeyboardStateToAlphabet: [keyboard=UNSHIFTED shift=RELEASING symbol=RELEASING switch=ALPHA] autoCapsFlags=none recapitalizeMode=undefined
01-01 00:53:32.608  1379  1379 D KeyboardState: resetKeyboardStateToAlphabet: [keyboard=UNSHIFTED shift=RELEASING symbol=RELEASING switch=ALPHA] autoCapsFlags=none recapitalizeMode=undefined
01-01 00:53:32.608  1379  1379 D KeyboardSwitcher: requestUpdatingShiftState:  autoCapsFlags=none recapitalizeMode=undefined
01-01 00:53:32.608  1379  1379 D KeyboardState: onUpdateShiftState: [keyboard=UNSHIFTED shift=RELEASING symbol=RELEASING switch=ALPHA] autoCapsFlags=none recapitalizeMode=undefined
01-01 00:53:32.608  1379  1379 D KeyboardState: setShifted: shiftMode=UNSHIFT [keyboard=UNSHIFTED shift=RELEASING symbol=RELEASING switch=ALPHA]
01-01 00:53:32.608  1151  2229 D mEnabledInputMethodsStrCache: com.android.inputmethods.latin/.LatinIME
01-01 00:53:32.609  1151  2229 D systemLanguageCode: en__GB
01-01 00:53:32.609  1151  2229 D mEnabledInputMethodsStrCache: com.android.inputmethods.latin/.LatinIME
01-01 00:53:32.610  1151  2229 D mEnabledInputMethodsStrCache: com.android.inputmethods.latin/.LatinIME
01-01 00:53:32.610  1151  2229 D systemLanguageCode: en__GB
01-01 00:53:32.610  1151  2229 D mEnabledInputMethodsStrCache: com.android.inputmethods.latin/.LatinIME
01-01 00:53:32.612  1379  1379 I NuanceUtil: Language text: en_GB, Language code: 5
01-01 00:53:32.612  1379  1379 I NuanceLog: Active Language: ET9LIDEnglish_UK
01-01 00:53:32.612  1379  1379 I NuanceLog: Active LDB: /system/etc/RSESpeller/configs/LDBs/v13.1.0/englishuk/ENubUNUK_xt9_ALM3.ldb
01-01 00:53:32.612  1379  1379 I LatinIME: Nuance API Initialized successfully
01-01 00:53:32.612  1379  1379 I LatinIME: Suggestion strip view visibility gone
01-01 00:53:32.613  1151  2229 D mEnabledInputMethodsStrCache: com.android.inputmethods.latin/.LatinIME
01-01 00:53:32.613  1151  2229 D systemLanguageCode: en__GB
01-01 00:53:32.613  1151  2229 D mEnabledInputMethodsStrCache: com.android.inputmethods.latin/.LatinIME
01-01 00:53:32.614  1151  2229 D mEnabledInputMethodsStrCache: com.android.inputmethods.latin/.LatinIME
01-01 00:53:32.614  1151  2229 D systemLanguageCode: en__GB
01-01 00:53:32.614  1151  2229 D mEnabledInputMethodsStrCache: com.android.inputmethods.latin/.LatinIME
01-01 00:53:32.858   729   748 I sssv-lib: sendMsg enter
01-01 00:53:32.858   729   748 I sssv-lib: sendMsg complete.
01-01 00:53:33.039  2054  2054 E         : 
01-01 00:53:33.039  2054  2054 E         : Buffer Size = 1048576
01-01 00:53:33.063  2054  2054 E         : 
01-01 00:53:33.063  2054  2054 E         : <6>[ 2890.599354] QSEECOM: scm_call_qcpe:503 : OUT: 0x0, 0x0, 0x0, 0x0
01-01 00:53:33.063  2054  2054 E         : <6>[ 2890.615534] QSEECOM: scm_call_qcpe:429 : IN: 0x42000d0a, 0x3, 0x0, 0x432d, 0x7cb, 0x0, 0x0
01-01 00:53:33.063  2054  2054 E         : <6>[ 2890.617293] QSEECOM: scm_call_qcpe:503 : OUT: 0x0, 0x0, 0x0, 0x0
01-01 00:53:33.063  2054  2054 E         : <6>[ 2890.632566] QSEECOM: scm_call_qcpe:429 : IN: 0x42000d0a, 0x3, 0x0, 0x4285, 0x7a3, 0x0, 0x0
01-01 00:53:33.063  2054  2054 E         : <6>[ 2890.634551] QSEECOM: scm_call_qcpe:503 : OUT: 0x0, 0x0, 0x0, 0x0
01-01 00:53:33.063  2054  2054 E         : <6>[ 2890.648680] QSEECOM: scm_call_qcpe:429 : IN: 0x42000d0a, 0x3, 0x0, 0x3ef3, 0x7af, 0x0, 0x0
01-01 00:53:33.063  2054  2054 E         : <6>[ 2890.650448] QSEECOM: scm_call_qcpe:503 : OUT: 0x0, 0x0, 0x0, 0x0
01-01 00:53:33.063  2054  2054 E         : <6>[ 2890.666247] QSEECOM: scm_call_qcpe:429 : IN: 0x42000d0a, 0x3, 0x0, 0x449e, 0x79e, 0x0, 0x0
01-01 00:53:33.063  2054  2054 E         : <6>[ 2890.668125] QSEECOM: scm_call_qcpe:503 : OUT: 0x0, 0x0, 0x0, 0x0
01-01 00:53:33.063  2054  2054 E         : <6>[ 2890.682898] QSEECOM: scm_call_qcpe:429 : IN: 0x42000d0a, 0x3, 0x0, 0x410d, 0x792, 0x0, 0x0
01-01 00:53:33.063  2054  2054 E         : <6>[ 2890.684766] QSEECOM: scm_call_qcpe:503 : OUT: 0x0, 0x0, 0x0, 0x0
01-01 00:53:33.063  2054  2054 E         : <6>[ 2890.688406] dhd_set_suspend: Remove extra suspend setting 
01-01 00:53:33.063  2054  2054 E         : <6>[ 2890.688418] dhd_enable_packet_filter: en
01-01 00:53:33.066  2054  2054 E         : USB Hub Detector 1.0
01-01 00:53:33.187  3675 16830 D UIAutomatorStub: URI: /jsonrpc/0, Method: POST, Header: {content-length=274, remote-addr=127.0.0.1, http-client-ip=127.0.0.1, host=localhost:9009, content-type=application/json, connection=close, accept-encoding=identity, user-agent=Python-urllib/2.7}, params, {NanoHttpd.QUERY_STRING=null}, files: {postData={"params": [{"childOrSiblingSelector": [], "scrollable": true, "mask": 16384, "childOrSibling": []}, {"childOrSiblingSelector": [], "text": "RSE_Test", "mask": 1, "childOrSibling": []}, true], "jsonrpc": "2.0", "method": "scrollTo", "id": "2b58193936c0009988d1e9d54e41bc48"}}
01-01 00:53:33.189  3739  3739 W HMI2-SETTINGS - CI08.4: className -> WifiActivity | functionName -> handlePassOkClick:  | value -> handlePassOkClick with ssid :RSE_Test enter callFromdialogButton
01-01 00:53:33.193  1379  1379 E LatinIME: hideWindow Called
01-01 00:53:33.193  3739  3739 W HMI2-SETTINGS - CI08.4: className -> WifiActivity | functionName -> hideSoftKeyboard | value -> hideSoftInputFromWindow id=true
01-01 00:53:33.200  1151  2234 I WifiService: getWifiEnabledState uid=1000
01-01 00:53:33.201  3739  3739 W HMI2-SETTINGS - CI08.4: className -> WifiActivity | functionName -> removePassEnterWindow : callFrom  | value -> connectToWifi_isPasswordValid
01-01 00:53:33.207  3739  3739 W HMI2-SETTINGS: SWR_BAIDU_HMI_0015|FUN=WifiActivity::finallyConnect|0|networkSSID::RSE_Test|NotOpen|isWapiConnect:false
01-01 00:53:33.208  1151  2234 I WifiService: addOrUpdateNetwork uid=1000
01-01 00:53:33.208  1151  2234 I addOrUpdateNetwork:  uid = 1000 SSID "RSE_Test" nid=-1
01-01 00:53:33.208  1151  1317 D WifiConfiguration: configKey: false
01-01 00:53:33.208  1151  1317 D WifiConfiguration: configKey: false
01-01 00:53:33.208  1151  1317 E WifiConfigManager: Cannot find network with networkId -1 or configKey "RSE_Test"WPA_PSK
01-01 00:53:33.209  1151  1317 D WifiConfiguration: configKey: false
01-01 00:53:33.209  1151  1317 E WifiConfigManager: Cannot find network with configKey "RSE_Test"WPA_PSK
01-01 00:53:33.209  1151  1317 D WifiConfiguration: configKey: false
01-01 00:53:33.209  1151  2229 D WindowManager: relayout packageName=com.android.inputmethods.latin::session=Session{ca2ba78 1379:1000}::window=android.view.IWindow$Stub$Proxy@35f59dc::attrs.flags=800108
01-01 00:53:33.210  1151  2229 D WindowManager: relayout >>> FLAG_FULLSCREEN not set in WindowManager.LayoutParams
01-01 00:53:33.210  1151  2229 D WindowManager: startStatusReceiverServiceOnFlagSet: creating intent for action ACTION_ACTIVITY_FULLSCREEN
01-01 00:53:33.210  1151  2229 W ContextImpl: Calling a method in the system process without a qualified user: android.app.ContextImpl.startService:1476 com.android.server.wm.Session.startStatusReceiverServiceOnFlagSet:762 com.android.server.wm.Session.relayout:276 android.view.IWindowSession$Stub.onTransact:286 com.android.server.wm.Session.onTransact:166 
01-01 00:53:33.211  1151  2229 D CompatibilityInfo: mCompatibilityFlags - 4
01-01 00:53:33.211  1151  2229 D CompatibilityInfo: applicationDensity - 240
01-01 00:53:33.211  1151  2229 D CompatibilityInfo: applicationScale - 1.0
01-01 00:53:33.211  1151  2229 D WindowManager: startStatusReceiverServiceOnFlagSet: startService done
01-01 00:53:33.212  1151  1317 D WifiConfiguration: configKey: false
01-01 00:53:33.215  1392  1392 W SYSTEM_UI: SWR_SYSTEM_UI_007|FUN=CollapsedStatusBarFragment::getAction |1|Broadcast action --> STATUS_UPDATE_ACTION
01-01 00:53:33.215  1392  1392 W SYSTEM_UI: SWR_SYSTEM_UI_007|FUN=CollapsedStatusBarFragment::getIntExtra |1|NotifySystemUpdates dataType --> 101
01-01 00:53:33.215  1392  1392 W SYSTEM_UI - CI07.3: className -> CollapsedStatusBarFragment | functionName -> NotifySystemUpdates | onReceive -->  | value -> FULLSCREEN MODE CHANGED | isFullScreenStatus --> false | fullScreenPackage -->com.android.inputmethods.latin | fullscreenLastShownPackage -->null | topActivityPackage --> com.panasonic.hmi2settings
01-01 00:53:33.215  1392  1392 W SYSTEM_UI - CI07.3: className -> CollapsedStatusBarFragment | functionName -> NotifySystemUpdates | onReceive -->  | value -> Fullscreen mode changed --> path 0
01-01 00:53:33.238  1151  1317 D WifiConfigStore: Writing to stores completed in 25 ms.
01-01 00:53:33.238  1151  1317 D WifiConfiguration: configKey: false
01-01 00:53:33.239  3739  3739 W HMI2-SETTINGS: SWR_BAIDU_HMI_0015|FUN=WifiActivity::addNetwork|0|Getting network id with addNetwork method.
01-01 00:53:33.239  3739  3739 W HMI2-SETTINGS - CI08.4: className -> WifiActivity | functionName -> connectNewNetwork : | value ->  addNetwork success netId->142
01-01 00:53:33.239  1151  2234 I WifiService: enableNetwork uid=1000 disableOthers=true
01-01 00:53:33.240  1151  1317 D WifiStateMachine: connectToUserSelectNetwork netId 142, uid 1000, forceReconnect = false
01-01 00:53:33.241  1151  1317 D WifiConfiguration: configKey: false
01-01 00:53:33.243  1151  1317 I chatty  : uid=1000(system) WifiStateMachin identical 1 line
01-01 00:53:33.244  1151  1317 D WifiConfiguration: configKey: false
01-01 00:53:33.264  1151  1317 D WifiConfigStore: Writing to stores completed in 19 ms.
01-01 00:53:33.266  1151  1317 D WifiConfiguration: configKey: false
01-01 00:53:33.267  1151  1317 I chatty  : uid=1000(system) WifiStateMachin identical 1 line
01-01 00:53:33.267  1151  1317 D WifiConfiguration: configKey: false
01-01 00:53:33.267  3739  3739 W HMI2-SETTINGS - CI08.4: className -> WifiActivity | functionName -> connectNewNetwork :  | value -> enable success netId->142
01-01 00:53:33.268  1151  2229 I WifiService: getWifiServiceMessenger uid=1000
01-01 00:53:33.268  1151  1317 D WifiStateMachine: CMD_START_CONNECT sup state DisconnectedState my state DisconnectedState nid=142 roam=false
01-01 00:53:33.269  3739  3739 W HMI2-SETTINGS: SWR_BAIDU_HMI_0015|SWR_BAIDU_HMI_0027|FUN=WifiActivity::connect|0|Connected to new network
01-01 00:53:33.269  3739  3739 W HMI2-SETTINGS - CI08.4: className -> WifiActivity | functionName -> finallyConnect : ssid-> | value -> "RSE_Test"|isClickedForConnection:false
01-01 00:53:33.269   808   808 W wificond: Scan is not started. Ignore abort request
01-01 00:53:33.272  1151  1316 D WifiService: CONNECT  nid=142 uid=1000 name=android.uid.system:1000
01-01 00:53:33.272  1151  1317 D WifiConfiguration: configKey: false
01-01 00:53:33.272  1151  1317 D SupplicantStaIfaceHal: connectToNetwork "RSE_Test"WPA_PSK
01-01 00:53:33.276  3023  3023 E wpa_supplicant: Deregistering network from hidl control: 0
01-01 00:53:33.278  1151  1317 I SupplicantStaIfaceHal: addSupplicantStaNetwork via HIDL
01-01 00:53:33.279  3023  3023 E wpa_supplicant: Registering network to hidl control: 0
01-01 00:53:33.283  1151  1316 D WifiService: Connect with networkId 142
01-01 00:53:33.284  1151  1316 D WifiService: New client listening to asynchronous messages
01-01 00:53:33.292  1151  1317 D WifiConfiguration: configKey: false
01-01 00:53:33.294  3023  3023 E wpa_supplicant: Notifying state change event to hidl control: 3
01-01 00:53:33.295  1151  1317 D WifiStateMachine: processMessage:  connect success 
01-01 00:53:33.296  1151  1317 D WifiStateMachine: processMessage: connect over
01-01 00:53:33.296  1151  1317 D WifiConfiguration: configKey: false
01-01 00:53:33.296  1151  1317 D WifiStateMachine: connectToUserSelectNetwork netId 142, uid 1000, forceReconnect = false
01-01 00:53:33.297  1151  1317 D WifiConfiguration: configKey: false
01-01 00:53:33.298  1151  1317 I chatty  : uid=1000(system) WifiStateMachin identical 1 line
01-01 00:53:33.299  1151  1317 D WifiConfiguration: configKey: false
01-01 00:53:33.319  1151  1317 D WifiConfigStore: Writing to stores completed in 20 ms.
01-01 00:53:33.326  1508  1601 W QCNEJ   : |CORE| notifyWifiStatusChanged failed
01-01 00:53:33.326  1508  1601 W QCNEJ   : |CORE| notifyRatConnectionStatusChanged failed
01-01 00:53:33.326  2677  2692 W ANDR_PERSISTENCY_CLIENT: SWR_PERSISTENCE_HV_LA_MF_0003|FUN=VCPUPersistenceService::executeLinuxBackgroundCommand |0|msg: param [6]
01-01 00:53:33.327  2677  2692 W ANDR_PERSISTENCY_CLIENT: SWR_PERSISTENCE_HV_LA_MF_0005|FUN=TCPHandler:: getInstance |2|msg: invoked 
01-01 00:53:33.327  2677  2692 W ANDR_PERSISTENCY_CLIENT: SWR_PERSISTENCE_HV_LA_MF_0005|FUN=TCPHandler:: sendWriteRequestToPersistenceLinuxInt |2|data= [6]key= 0 commandKey= 10
01-01 00:53:33.327  2677  2692 W ANDR_PERSISTENCY_CLIENT: SWR_PERSISTENCE_HV_LA_MF_0005|FUN=TCPHandler:: getUID |2|msg: invoked 
01-01 00:53:33.327  2677  2692 W ANDR_PERSISTENCY_CLIENT: SWR_PERSISTENCE_HV_LA_MF_0005|FUN=TCPHandler:: setAction |2|msg:setAction=1
01-01 00:53:33.327  2677  2692 W ANDR_PERSISTENCY_CLIENT: SWR_PERSISTENCE_HV_LA_MF_0005|FUN=TCPHandler:: setUID |2|msg:uid=-57
01-01 00:53:33.327  2677  2692 W ANDR_PERSISTENCY_CLIENT: SWR_PERSISTENCE_HV_LA_MF_0005|FUN=TCPHandler:: setKey |2|msg:uid=-57
01-01 00:53:33.327  2677  2692 W ANDR_PERSISTENCY_CLIENT: SWR_PERSISTENCE_HV_LA_MF_0005|FUN=TCPHandler::setCommandKey|2|msg:commandKey=10
01-01 00:53:33.327  2677  2692 W ANDR_PERSISTENCY_CLIENT: SWR_PERSISTENCE_HV_LA_MF_0005|FUN=TCPHandler:: registerCallBack |2|invoked 
01-01 00:53:33.327  2677  2692 W ANDR_PERSISTENCY_CLIENT: SWR_PERSISTENCE_HV_LA_MF_0005|FUN=TCPHandler::start|2|msg: byteArrayToInt : b [6]
01-01 00:53:33.327  2677  2692 W ANDR_PERSISTENCY_CLIENT: SWR_PERSISTENCE_HV_LA_MF_0005|FUN=TCPHandler::sendWriteRequestToPersistenceLinuxInt|2|listKey=-57_10;keyString=0x00;key=0;command=6
01-01 00:53:33.328  1508  1601 W QCNEJ   : |CORE| notifyWifiStatusChanged failed
01-01 00:53:33.328  1508  1601 W QCNEJ   : |CORE| notifyRatConnectionStatusChanged failed
01-01 00:53:33.329  1392  1392 W SYSTEM_UI: SWR_SYSTEM_UI_008|FUN=CollapsedStatusBarFragment::AndroidEventReceiver | getAction |1|Broadcast action:android.net.wifi.STATE_CHANGE received
01-01 00:53:33.329  1392  1392 W SYSTEM_UI - CI07.3: className -> CollapsedStatusBarFragment | functionName -> AndroidEventReceiver | onReceive -->  | value -> Wifi connection status--> false
01-01 00:53:33.329  1392  1392 W SYSTEM_UI: SWR_SYSTEM_UI_008|FUN=CollapsedStatusBarFragment::isConnected |1|Wifi connection status--> false
01-01 00:53:33.329  1392  1392 W SYSTEM_UI - CI07.3: className -> CollapsedStatusBarFragment | functionName -> updateHermsDataType | value -> Update Herms Data Type :: networkType --> 0
01-01 00:53:33.329  1392  1392 W SYSTEM_UI - CI07.3: className -> CollapsedStatusBarFragment | functionName -> updateHermsDataType | value -> Update Herms Data Type :: isWebsiteSecure --> false
01-01 00:53:33.329  2677  2725 W ANDR_PERSISTENCY_CLIENT: SWR_PERSISTENCE_HV_LA_MF_0005|FUN=TCPHandler:: getAction |2|msg:getAction=1
01-01 00:53:33.329  1392  1392 W SYSTEM_UI - CI07.3: className -> CollapsedStatusBarFragment | functionName -> updateHermsDataType | value -> Update Herms Data Type :: connection status --> 1
01-01 00:53:33.329  1392  1392 W SYSTEM_UI - CI07.3: className -> CollapsedStatusBarFragment | functionName -> updateHermsDataType | value -> Update Herms Data Type :: data Transfer --> false
01-01 00:53:33.329  2677  2725 W ANDR_PERSISTENCY_CLIENT: SWR_PERSISTENCE_HV_LA_MF_0005|FUN=TCPHandler:: sender:ACTION_REQUEST |2|msg:condition 
01-01 00:53:33.329  1392  1392 W SYSTEM_UI - CI07.3: className -> CollapsedStatusBarFragment | functionName -> updateHermsDataType | value -> Update Herms Data Type :: wifiConnectionStatus --> false
01-01 00:53:33.329  1392  1392 W SYSTEM_UI - CI07.3: className -> CollapsedStatusBarFragment | functionName -> updateHermsDataType | value -> path 2
01-01 00:53:33.329  2677  2725 W ANDR_PERSISTENCY_CLIENT: SWR_PERSISTENCE_HV_LA_MF_0005|FUN=TCPHandler:: getWrappedData |2|msg: msg com.panasonic.dairse.vcpupersistence.TCPHandler$Message@a1d0ce
01-01 00:53:33.329  2677  2725 W ANDR_PERSISTENCY_CLIENT: SWR_PERSISTENCE_HV_LA_MF_0005|FUN=TCPHandler::getCommandKey|2|msg:commandKey=10
01-01 00:53:33.329  1392  1392 W SYSTEM_UI - CI07.3: className -> CollapsedStatusBarFragment | functionName -> updateHermsDataType | value -> path 3
01-01 00:53:33.329  2677  2725 W ANDR_PERSISTENCY_CLIENT: SWR_PERSISTENCE_HV_LA_MF_0005|FUN=TCPHandler:: intToBytes |2| data 1
01-01 00:53:33.329  2677  2725 W ANDR_PERSISTENCY_CLIENT: SWR_PERSISTENCE_HV_LA_MF_0005|FUN=TCPHandler:: intToBytes |2| data 13
01-01 00:53:33.329  2677  2725 W ANDR_PERSISTENCY_CLIENT: SWR_PERSISTENCE_HV_LA_MF_0005|FUN=TCPHandler:: getUID |2|msg:uid=-57
01-01 00:53:33.330  2677  2725 W ANDR_PERSISTENCY_CLIENT: SWR_PERSISTENCE_HV_LA_MF_0005|FUN=TCPHandler::start|2|msg:sender::msg=[0, 0, 0, 13, 1, -57, 10, 4, 48, 120, 48, 48, 0, 0, 0, 1, 6]
01-01 00:53:33.330  2677  2725 W ANDR_PERSISTENCY_CLIENT: SWR_PERSISTENCE_HV_LA_MF_0005|FUN=TCPHandler:: sender : Thread.interrupted() |2|msg:condition 
01-01 00:53:33.332  2677  2726 W ANDR_PERSISTENCY_CLIENT: SWR_PERSISTENCE_HV_LA_MF_0005|FUN=TCPHandler::start|2|msg:receiver::run: size of totalLength 4
01-01 00:53:33.332  2677  2726 W ANDR_PERSISTENCY_CLIENT: SWR_PERSISTENCE_HV_LA_MF_0005|FUN=TCPHandler::start|2|msg:receiver::run: totalLength is > 0
01-01 00:53:33.332  2677  2726 W ANDR_PERSISTENCY_CLIENT: SWR_PERSISTENCE_HV_LA_MF_0005|FUN=TCPHandler::start|2|msg:receiver::response length= 12
01-01 00:53:33.332  2677  2726 W ANDR_PERSISTENCY_CLIENT: SWR_PERSISTENCE_HV_LA_MF_0005|FUN=TCPHandler::handleInBoundData|2|message=[0, -57, 10, 0, 0, 0, 0, 4, 1, 0, 0, 0]
01-01 00:53:33.332  2677  2726 W ANDR_PERSISTENCY_CLIENT: SWR_PERSISTENCE_HV_LA_MF_0005|FUN=TCPHandler::handleInBoundData|2|msg:response listKey=-57_10
01-01 00:53:33.332  2677  2726 W ANDR_PERSISTENCY_CLIENT: SWR_PERSISTENCE_HV_LA_MF_0005|FUN=TCPHandler::handleInBoundData|2|msg:TCPHandler.handleInBoundData success response=0
01-01 00:53:33.332  2677  2726 W ANDR_PERSISTENCY_CLIENT: SWR_PERSISTENCE_HV_LA_MF_0005|FUN=TCPHandler::isB2cResponce|2|msg: message [0, -57, 10, 0, 0, 0, 0, 4, 1, 0, 0, 0]
01-01 00:53:33.333  2677  2726 W ANDR_PERSISTENCY_CLIENT: SWR_PERSISTENCE_HV_LA_MF_0005|FUN=TCPHandler::handleInBoundData|2|msg:  isB2cResponce
01-01 00:53:33.333  2677  2726 W ANDR_PERSISTENCY_CLIENT: SWR_PERSISTENCE_HV_LA_MF_0005|FUN=TCPHandler::sendResponse|2|msg:send Response using IVCPUServiceCallBack=[0, -57, 10, 0, 0, 0, 0, 4, 1, 0, 0, 0]
01-01 00:53:33.333  2677  2726 W ANDR_PERSISTENCY_CLIENT: SWR_PERSISTENCE_HV_LA_MF_0005|FUN=TCPHandler::sendResponse|2|msg:send Response using IVCPUServiceCallBack=[0, -57, 10, 0, 0, 0, 0, 4, 1, 0, 0, 0]
01-01 00:53:33.333  2145  5164 W HMI_SERVICE: USE_CASE_NA|FUN=HmiApplication|executeLinuxCmdConnection responseData:[0, -57, 10, 0, 0, 0, 0, 4, 1, 0, 0, 0]
01-01 00:53:33.333  2145  5164 W HMI_SERVICE: USE_CASE_NA|FUN=HmiApplication|executeLinuxCmdConnection responseData=not valid:16777216
01-01 00:53:33.333  2145  5164 W HMI_SERVICE: USE_CASE_NA|FUN=HmiApplication|executeLinuxCmdConnection responseReturnData=
01-01 00:53:33.333  2145  5164 W HMI_SERVICE: USE_CASE_NA|FUN=HmiApplication|executeLinuxCmdB2C response=true
01-01 00:53:33.333  2145  2145 D HMI_SERVICE: USE_CASE_NA|FUN=HmiApplication| [action] android.net.wifi.STATE_CHANGE
01-01 00:53:33.334  1151  1317 D WifiStateMachine: CMD_START_CONNECT sup state DisconnectedState my state DisconnectedState nid=142 roam=false
01-01 00:53:33.335   808   808 W wificond: Scan is not started. Ignore abort request
01-01 00:53:33.336  1151  1317 D WifiConfiguration: configKey: false
01-01 00:53:33.336  1151  1317 D SupplicantStaIfaceHal: connectToNetwork "RSE_Test"WPA_PSK
01-01 00:53:33.336  1151  1317 D SupplicantStaIfaceHal: Network is already saved, will not trigger remove and add operation.
01-01 00:53:33.336  1151  1317 D WifiStateMachine: processMessage:  connect success 
01-01 00:53:33.337  1151  1317 D WifiStateMachine: processMessage: connect over
01-01 00:53:33.337  1151  1317 D WifiConfiguration: configKey: false
01-01 00:53:33.341  3675 16830 E QueryController: Got null root node from accessibility - Retrying...
01-01 00:53:33.345  2145  2145 D HMI_SERVICE: USE_CASE_NA|FUN=HmiApplication| [action] android.net.wifi.supplicant.STATE_CHANGE
01-01 00:53:33.353  3739  3739 E HMI2-SETTINGS - CI08.4: className -> WifiActivity | functionName -> mWifiScanReceiver -> onReceive | error ->intent_action:android.net.wifi.CONFIGURED_NETWORKS_CHANGE
01-01 00:53:33.354  1151  2229 I WifiService: getWifiEnabledState uid=1000
01-01 00:53:33.357  3739  3739 W HMI2-SETTINGS: SWR_BAIDU_HMI_0020|FUN=WifiActivity::handleConnectedNetworkVisibility|0|getWifiStat::true
01-01 00:53:33.360  1151  2229 I WifiService: getConfiguredNetworks uid=1000
01-01 00:53:33.364  3739  3739 W HMI2-SETTINGS - CI08.4: className -> WifiActivity | functionName -> getSavedNetworkList | value -> config.netID ->142
01-01 00:53:33.364  3739  3739 W HMI2-SETTINGS - CI08.4: className -> WifiActivity | functionName -> getSavedNetworkList | value -> config.SSID ->"RSE_Test"
01-01 00:53:33.364  3739  3739 W HMI2-SETTINGS - CI08.4: className -> WifiActivity | functionName -> getSavedNetworkList | value -> config.BSSID ->null
01-01 00:53:33.364  3739  3739 W HMI2-SETTINGS: SWR_BAIDU_HMI_0027|SWR_BAIDU_HMI_0015|FUN=WifiActivity::getScanResults|1|Get list of available wifi hotspots.
01-01 00:53:33.370  3739  3739 W HMI2-SETTINGS - CI08.4: className -> WifiActivity | functionName -> isWapiVariantBlocked | value -> security_type:2
01-01 00:53:33.370  3739  3739 W HMI2-SETTINGS - CI08.4: className -> WifiActivity | functionName -> isInConnected | value -> |ACSIA_CORP1|0|2
01-01 00:53:33.370  3739  3739 W HMI2-SETTINGS - CI08.4: className -> WifiActivity | functionName -> isWapiVariantBlocked | value -> security_type:2
01-01 00:53:33.370  3739  3739 W HMI2-SETTINGS - CI08.4: className -> WifiActivity | functionName -> isInConnected | value -> | ACSIA_CORP3|0|2
01-01 00:53:33.370  3739  3739 W HMI2-SETTINGS - CI08.4: className -> WifiActivity | functionName -> isWapiVariantBlocked | value -> security_type:2
01-01 00:53:33.370  3739  3739 W HMI2-SETTINGS - CI08.4: className -> WifiActivity | functionName -> isInConnected | value -> |ACSIA_GUEST1|0|2
01-01 00:53:33.370  3739  3739 W HMI2-SETTINGS - CI08.4: className -> WifiActivity | functionName -> isWapiVariantBlocked | value -> security_type:2
01-01 00:53:33.370  3739  3739 W HMI2-SETTINGS - CI08.4: className -> WifiActivity | functionName -> isInConnected | value -> |ACSIA_DEV|0|2
01-01 00:53:33.370  3739  3739 W HMI2-SETTINGS - CI08.4: className -> WifiActivity | functionName -> isWapiVariantBlocked | value -> security_type:2
01-01 00:53:33.370  3739  3739 W HMI2-SETTINGS - CI08.4: className -> WifiActivity | functionName -> isInConnected | value -> |RSE_Test|0|2
01-01 00:53:33.370  3739  3739 W HMI2-SETTINGS - CI08.4: className -> WifiActivity | functionName -> isWapiVariantBlocked | value -> security_type:2
01-01 00:53:33.370  3739  3739 W HMI2-SETTINGS - CI08.4: className -> WifiActivity | functionName -> isInConnected | value -> |ACSIA_Management|0|2
01-01 00:53:33.370  3739  3739 W HMI2-SETTINGS - CI08.4: className -> WifiActivity | functionName -> isWapiVariantBlocked | value -> security_type:2
01-01 00:53:33.370  3739  3739 W HMI2-SETTINGS - CI08.4: className -> WifiActivity | functionName -> isInConnected | value -> |ACSIA_CORP2|0|2
01-01 00:53:33.370  3739  3739 W HMI2-SETTINGS - CI08.4: className -> WifiActivity | functionName -> isWapiVariantBlocked | value -> security_type:2
01-01 00:53:33.370  3739  3739 W HMI2-SETTINGS - CI08.4: className -> WifiActivity | functionName -> isInConnected | value -> |NETGEAR66-5G|0|2
01-01 00:53:33.370  3739  3739 W HMI2-SETTINGS - CI08.4: className -> WifiActivity | functionName -> isWapiVariantBlocked | value -> security_type:2
01-01 00:53:33.371  3739  3739 W HMI2-SETTINGS - CI08.4: className -> WifiActivity | functionName -> isInConnected | value -> |Secure|0|2
01-01 00:53:33.371  3739  3739 W HMI2-SETTINGS - CI08.4: className -> WifiActivity | functionName -> isWapiVariantBlocked | value -> security_type:2
01-01 00:53:33.371  3739  3739 W HMI2-SETTINGS - CI08.4: className -> WifiActivity | functionName -> isInConnected | value -> |DIRECT-YOATLP042msDU|0|2
01-01 00:53:33.371  3739  3739 W HMI2-SETTINGS - CI08.4: className -> WifiActivity | functionName -> isWapiVariantBlocked | value -> security_type:2
01-01 00:53:33.371  3739  3739 W HMI2-SETTINGS - CI08.4: className -> WifiActivity | functionName -> isInConnected | value -> |ACSIA_CORP1|0|2
01-01 00:53:33.371  3739  3739 W HMI2-SETTINGS - CI08.4: className -> WifiActivity | functionName -> isWapiVariantBlocked | value -> security_type:2
01-01 00:53:33.371  3739  3739 W HMI2-SETTINGS - CI08.4: className -> WifiActivity | functionName -> isInConnected | value -> |ACSIA_GUEST1|0|2
01-01 00:53:33.371  3739  3739 W HMI2-SETTINGS - CI08.4: className -> WifiActivity | functionName -> isWapiVariantBlocked | value -> security_type:2
01-01 00:53:33.371  3739  3739 W HMI2-SETTINGS - CI08.4: className -> WifiActivity | functionName -> isInConnected | value -> |ACSIA_DEV|0|2
01-01 00:53:33.371  3739  3739 W HMI2-SETTINGS - CI08.4: className -> WifiActivity | functionName -> isWapiVariantBlocked | value -> security_type:2
01-01 00:53:33.371  3739  3739 W HMI2-SETTINGS - CI08.4: className -> WifiActivity | functionName -> isInConnected | value -> |ACSIA_CORP2|0|2
01-01 00:53:33.371  3739  3739 W HMI2-SETTINGS - CI08.4: className -> WifiActivity | functionName -> isWapiVariantBlocked | value -> security_type:2
01-01 00:53:33.371  3739  3739 W HMI2-SETTINGS - CI08.4: className -> WifiActivity | functionName -> isInConnected | value -> |ACSIA_Management|0|2
01-01 00:53:33.371  3739  3739 W HMI2-SETTINGS - CI08.4: className -> WifiActivity | functionName -> isWapiVariantBlocked | value -> security_type:2
01-01 00:53:33.371  3739  3739 W HMI2-SETTINGS - CI08.4: className -> WifiActivity | functionName -> isInConnected | value -> | ACSIA_CORP3|0|2
01-01 00:53:33.371  3739  3739 W HMI2-SETTINGS - CI08.4: className -> WifiActivity | functionName -> isWapiVariantBlocked | value -> security_type:2
01-01 00:53:33.371  3739  3739 W HMI2-SETTINGS - CI08.4: className -> WifiActivity | functionName -> isInConnected | value -> |RSE_Test|0|2
01-01 00:53:33.371  3739  3739 W HMI2-SETTINGS - CI08.4: className -> WifiActivity | functionName -> isWapiVariantBlocked | value -> security_type:2
01-01 00:53:33.371  3739  3739 W HMI2-SETTINGS - CI08.4: className -> WifiActivity | functionName -> isInConnected | value -> |HUWIFI|0|2
01-01 00:53:33.371  3739  3739 W HMI2-SETTINGS - CI08.4: className -> WifiActivity | functionName -> isWapiVariantBlocked | value -> security_type:2
01-01 00:53:33.371  3739  3739 W HMI2-SETTINGS - CI08.4: className -> WifiActivity | functionName -> isInConnected | value -> |DIRECT-vQINLT044msmJ|0|2
01-01 00:53:33.371  3739  3739 W HMI2-SETTINGS - CI08.4: className -> WifiActivity | functionName -> isWapiVariantBlocked | value -> security_type:2
01-01 00:53:33.371  3739  3739 W HMI2-SETTINGS - CI08.4: className -> WifiActivity | functionName -> isInConnected | value -> |DIRECT-DMATCLWI2064msNL|0|2
01-01 00:53:33.371  3739  3739 W HMI2-SETTINGS - CI08.4: className -> WifiActivity | functionName -> isWapiVariantBlocked | value -> security_type:2
01-01 00:53:33.371  3739  3739 W HMI2-SETTINGS - CI08.4: className -> WifiActivity | functionName -> isInConnected | value -> |AUTOMATION_TEST|0|2
01-01 00:53:33.371  3739  3739 W HMI2-SETTINGS - CI08.4: className -> WifiActivity | functionName -> isWapiVariantBlocked | value -> security_type:2
01-01 00:53:33.371  3739  3739 W HMI2-SETTINGS - CI08.4: className -> WifiActivity | functionName -> isInConnected | value -> |ACSIA_CORP1|0|2
01-01 00:53:33.371  3739  3739 W HMI2-SETTINGS - CI08.4: className -> WifiActivity | functionName -> isWapiVariantBlocked | value -> security_type:2
01-01 00:53:33.371  3739  3739 W HMI2-SETTINGS - CI08.4: className -> WifiActivity | functionName -> isInConnected | value -> |ACSIA_GUEST1|0|2
01-01 00:53:33.371  3739  3739 W HMI2-SETTINGS - CI08.4: className -> WifiActivity | functionName -> isWapiVariantBlocked | value -> security_type:2
01-01 00:53:33.371  3739  3739 W HMI2-SETTINGS - CI08.4: className -> WifiActivity | functionName -> isInConnected | value -> |ACSIA_DEV|0|2
01-01 00:53:33.371  3739  3739 W HMI2-SETTINGS - CI08.4: className -> WifiActivity | functionName -> isWapiVariantBlocked | value -> security_type:2
01-01 00:53:33.371  3739  3739 W HMI2-SETTINGS - CI08.4: className -> WifiActivity | functionName -> isInConnected | value -> |ACSIA_CORP2|0|2
01-01 00:53:33.371  3739  3739 W HMI2-SETTINGS - CI08.4: className -> WifiActivity | functionName -> isWapiVariantBlocked | value -> security_type:2
01-01 00:53:33.371  3739  3739 W HMI2-SETTINGS - CI08.4: className -> WifiActivity | functionName -> isInConnected | value -> | ACSIA_CORP3|0|2
01-01 00:53:33.371  3739  3739 W HMI2-SETTINGS - CI08.4: className -> WifiActivity | functionName -> isWapiVariantBlocked | value -> security_type:2
01-01 00:53:33.371  3739  3739 W HMI2-SETTINGS - CI08.4: className -> WifiActivity | functionName -> isInConnected | value -> |RSE_Test|0|2
01-01 00:53:33.372  3739  3739 W HMI2-SETTINGS - CI08.4: className -> WifiActivity | functionName -> isWapiVariantBlocked | value -> security_type:2
01-01 00:53:33.372  3739  3739 W HMI2-SETTINGS - CI08.4: className -> WifiActivity | functionName -> isInConnected | value -> |ACSIA_Management|0|2
01-01 00:53:33.372  3739  3739 W HMI2-SETTINGS - CI08.4: className -> WifiActivity | functionName -> isWapiVariantBlocked | value -> security_type:0
01-01 00:53:33.372  3739  3739 W HMI2-SETTINGS - CI08.4: className -> WifiActivity | functionName -> isInConnected | value -> |HP-Print-DB-LaserJet Pro MFP|0|0
01-01 00:53:33.372  3739  3739 W HMI2-SETTINGS - CI08.4: className -> WifiActivity | functionName -> isWapiVariantBlocked | value -> security_type:2
01-01 00:53:33.372  3739  3739 W HMI2-SETTINGS - CI08.4: className -> WifiActivity | functionName -> isInConnected | value -> |MB Hotspot 61185|0|2
01-01 00:53:33.372  3739  3739 W HMI2-SETTINGS - CI08.4: className -> WifiActivity | functionName -> handleAllAvailNetwork | value -> savedNetwork ->1
01-01 00:53:33.372  3739  3739 W HMI2-SETTINGS - CI08.4: className -> WifiActivity | functionName -> handleAllAvailNetwork | value -> presentVisibleNetwork ->30
01-01 00:53:33.375  1151  2229 I WifiService: getConfiguredNetworks uid=1000
01-01 00:53:33.377  3739  3739 W HMI2-SETTINGS - CI08.4: className -> WifiActivity | functionName -> getConfig: success-> | value -> "RSE_Test"
01-01 00:53:33.377  3739  3739 W HMI2-SETTINGS - CI08.4: className -> WifiActivity | functionName -> getConnectSummary | value -> getConnectSummaryID: 142 SSID: "RSE_Test" PROVIDER-NAME: null BSSID: null FQDN: null PRIO: 0 HIDDEN: false
01-01 00:53:33.377  3739  3739 W HMI2-SETTINGS - CI08.4:  NetworkSelectionStatus NETWORK_SELECTION_ENABLED
01-01 00:53:33.377  3739  3739 W HMI2-SETTINGS - CI08.4:  hasEverConnected: false
01-01 00:53:33.377  3739  3739 W HMI2-SETTINGS - CI08.4:  KeyMgmt: WPA_PSK Protocols: WPA RSN
01-01 00:53:33.377  3739  3739 W HMI2-SETTINGS - CI08.4:  AuthAlgorithms: OPEN
01-01 00:53:33.377  3739  3739 W HMI2-SETTINGS - CI08.4:  PairwiseCiphers: TKIP CCMP
01-01 00:53:33.377  3739  3739 W HMI2-SETTINGS - CI08.4:  GroupCiphers: TKIP CCMP
01-01 00:53:33.377  3739  3739 W HMI2-SETTINGS - CI08.4:  PSK: *
01-01 00:53:33.377  3739  3739 W HMI2-SETTINGS - CI08.4: 
01-01 00:53:33.377  3739  3739 W HMI2-SETTINGS - CI08.4:  sim_num 
01-01 00:53:33.377  3739  3739 W HMI2-SETTINGS - CI08.4: Enterprise config:
01-01 00:53:33.377  3739  3739 W HMI2-SETTINGS - CI08.4: IP config:
01-01 00:53:33.377  3739  3739 W HMI2-SETTINGS - CI08.4: IP assignment: DHCP
01-01 00:53:33.377  3739  3739 W HMI2-SETTINGS - CI08.4: Proxy settings: NONE
01-01 00:53:33.377  3739  3739 W HMI2-SETTINGS - CI08.4:  cuid=1000 cname=android.uid.system:1000 luid=1000 lname=android.uid.system:1000 lcuid=1000 userApproved=USER_UNSPECIFIED noInternetAccessExpected=false roamingFailureBlackListTimeMilli: 1000
01-01 00:53:33.377  3739  3739 W HMI2-SETTINGS - CI08.4: recentFailure: Association Rejection code: 0
01-01 00:53:33.377  3739  3739 W HMI2-SETTINGS - CI08.4: ShareThisAp: false
01-01 00:53:33.377  3739  3739 W HMI2-SETTINGS - CI08.4: className -> WifiActivity | functionName -> getConnectSummary : | value ->  Saved
01-01 00:53:33.377  3739  3739 E HMI2-SETTINGS - CI08.4: className -> WifiActivity | functionName -> mWifiScanReceiver -> onReceive | error ->intent_action:android.net.wifi.CONFIGURED_NETWORKS_CHANGE
01-01 00:53:33.377  1151  2229 I WifiService: getWifiEnabledState uid=1000
01-01 00:53:33.378  3739  3739 W HMI2-SETTINGS: SWR_BAIDU_HMI_0020|FUN=WifiActivity::handleConnectedNetworkVisibility|0|getWifiStat::true
01-01 00:53:33.379  1151  2229 I WifiService: getConfiguredNetworks uid=1000
01-01 00:53:33.380  3739  3739 W HMI2-SETTINGS - CI08.4: className -> WifiActivity | functionName -> getSavedNetworkList | value -> config.netID ->142
01-01 00:53:33.381  3739  3739 W HMI2-SETTINGS - CI08.4: className -> WifiActivity | functionName -> getSavedNetworkList | value -> config.SSID ->"RSE_Test"
01-01 00:53:33.381  3739  3739 W HMI2-SETTINGS - CI08.4: className -> WifiActivity | functionName -> getSavedNetworkList | value -> config.BSSID ->null
01-01 00:53:33.381  3739  3739 W HMI2-SETTINGS: SWR_BAIDU_HMI_0027|SWR_BAIDU_HMI_0015|FUN=WifiActivity::getScanResults|1|Get list of available wifi hotspots.
01-01 00:53:33.390  3739  3739 W HMI2-SETTINGS - CI08.4: className -> WifiActivity | functionName -> isWapiVariantBlocked | value -> security_type:2
01-01 00:53:33.390  3739  3739 W HMI2-SETTINGS - CI08.4: className -> WifiActivity | functionName -> isInConnected | value -> |ACSIA_CORP1|0|2
01-01 00:53:33.390  3739  3739 W HMI2-SETTINGS - CI08.4: className -> WifiActivity | functionName -> isWapiVariantBlocked | value -> security_type:2
01-01 00:53:33.390  3739  3739 W HMI2-SETTINGS - CI08.4: className -> WifiActivity | functionName -> isInConnected | value -> | ACSIA_CORP3|0|2
01-01 00:53:33.390  3739  3739 W HMI2-SETTINGS - CI08.4: className -> WifiActivity | functionName -> isWapiVariantBlocked | value -> security_type:2
01-01 00:53:33.390  3739  3739 W HMI2-SETTINGS - CI08.4: className -> WifiActivity | functionName -> isInConnected | value -> |ACSIA_GUEST1|0|2
01-01 00:53:33.390  3739  3739 W HMI2-SETTINGS - CI08.4: className -> WifiActivity | functionName -> isWapiVariantBlocked | value -> security_type:2
01-01 00:53:33.390  3739  3739 W HMI2-SETTINGS - CI08.4: className -> WifiActivity | functionName -> isInConnected | value -> |ACSIA_DEV|0|2
01-01 00:53:33.390  3739  3739 W HMI2-SETTINGS - CI08.4: className -> WifiActivity | functionName -> isWapiVariantBlocked | value -> security_type:2
01-01 00:53:33.390  3739  3739 W HMI2-SETTINGS - CI08.4: className -> WifiActivity | functionName -> isInConnected | value -> |RSE_Test|0|2
01-01 00:53:33.390  3739  3739 W HMI2-SETTINGS - CI08.4: className -> WifiActivity | functionName -> isWapiVariantBlocked | value -> security_type:2
01-01 00:53:33.390  3739  3739 W HMI2-SETTINGS - CI08.4: className -> WifiActivity | functionName -> isInConnected | value -> |ACSIA_Management|0|2
01-01 00:53:33.390  3739  3739 W HMI2-SETTINGS - CI08.4: className -> WifiActivity | functionName -> isWapiVariantBlocked | value -> security_type:2
01-01 00:53:33.390  3739  3739 W HMI2-SETTINGS - CI08.4: className -> WifiActivity | functionName -> isInConnected | value -> |ACSIA_CORP2|0|2
01-01 00:53:33.390  3739  3739 W HMI2-SETTINGS - CI08.4: className -> WifiActivity | functionName -> isWapiVariantBlocked | value -> security_type:2
01-01 00:53:33.390  3739  3739 W HMI2-SETTINGS - CI08.4: className -> WifiActivity | functionName -> isInConnected | value -> |NETGEAR66-5G|0|2
01-01 00:53:33.391  3739  3739 W HMI2-SETTINGS - CI08.4: className -> WifiActivity | functionName -> isWapiVariantBlocked | value -> security_type:2
01-01 00:53:33.391  3739  3739 W HMI2-SETTINGS - CI08.4: className -> WifiActivity | functionName -> isInConnected | value -> |Secure|0|2
