01-01 01:11:20.960  1392  1392 W SYSTEM_UI - CI07.3: className -> CollapsedStatusBarFragment | functionName -> NotifySystemUpdates | onReceive -->  | value -> Fullscreen mode changed --> path 0
01-01 01:11:20.964  1519  1519 V Activity: back_button: onSaveInstanceState entry:md59d95dbab71941e137ef724fbceda5f0e.SettingsBaseActivity@d7de240
01-01 01:11:20.965  1519  1519 V Activity: onSaveInstanceState md59d95dbab71941e137ef724fbceda5f0e.SettingsBaseActivity@d7de240: Bundle[{android:viewHierarchyState=Bundle[{android:views={16908290=android.view.AbsSavedState$1@4f57e89, 2131296420=android.view.AbsSavedState$1@4f57e89, 2131296421=android.widget.ProgressBar$SavedState@2df6762, 2131296422=android.view.AbsSavedState$1@4f57e89, 2131296424=android.view.AbsSavedState$1@4f57e89, 2131296425=android.view.AbsSavedState$1@4f57e89, 2131296426=FragmentPager.SavedState{26b10f3 position=0}, 2131296427=android.view.AbsSavedState$1@4f57e89, 2131296649=android.view.AbsSavedState$1@4f57e89, 2131296650=android.view.AbsSavedState$1@4f57e89, 2131296651=android.view.AbsSavedState$1@4f57e89, 2131296652=android.view.AbsSavedState$1@4f57e89, 2131296653=android.view.AbsSavedState$1@4f57e89, 2131296654=CompoundButton.SavedState{5b271b0 checked=true}, 2131296940=android.view.AbsSavedState$1@4f57e89, 2131296941=android.view.AbsSavedState$1@4f57e89, 2131296942=android.view.AbsSavedState$1@4f57e89, 2131296943=android.view.AbsSavedState$1@4f57e89, 2131297117=android.view.AbsSavedState$1@4f57e89, 2131297185=android.view.AbsSavedState$1@4f57e89, 2131297186=android.view.AbsSavedState$1@4f57e89, 2131297187=android.view.AbsSavedState$1@4f57e89, 2131297188=android.view.AbsSavedState$1@4f57e89, 2131297298=android.view.AbsSavedState$1@4f57e89, 2131297299=android.view.AbsSavedState$1@4f57e89, 2131297303=android.view.AbsSavedState$1@4f57e89, 2131297304=android.view.AbsSavedState$1@4f57e89, 2131297338=android.view.AbsSavedState$1@4f57e89, 2131297339=android.view.AbsSavedState$1@4f57e89, 2131297340=android.view.AbsSavedState$1@4f57e89, 2131297341=android.view.AbsSavedState$1@4f57e89, 2131297447=android.view.AbsSavedState$1@4f57e89, 2131297456=android.view.AbsSavedState$1@4f57e89, 2131297457=android.view.AbsSavedState$1@4f57e89, 2131297458=android.view.AbsSavedState$1@4f57e89, 2131297459=android.view.AbsSavedState$1@4f57e89, 2131297460=android.view.AbsSavedState$1@4f57e89, 2131297461=android.view.AbsSavedState$1@4f57e89, 2131297462=android.view.AbsSavedState$1@4f57e89, 2131297463=android.view.AbsSavedState$1@4f57e89, 2131297464=android.view.AbsSavedState$1@4f57e89, 2131297465=android.view.AbsSavedState$1@4f57e89, 2131297466=android.view.AbsSavedState$1@4f57e89, 2131297467=android.view.AbsSavedState$1@4f57e89, 2131297468=android.view.AbsSavedState$1@4f57e89, 2131297469=android.view.AbsSavedState$1@4f57e89, 2131297551=android.view.AbsSavedState$1@4f57e89, 2131297617=android.view.AbsSavedState$1@4f57e89, 2131297618=android.view.AbsSavedState$1@4f57e89, 2131297619=android.view.AbsSavedState$1@4f57e89, 2131297620=android.widget.ProgressBar$SavedState@9be3829, 2131297621=android.view.AbsSavedState$1@4f57e89, 2131297622=android.view.AbsSavedState$1@4f57e89, 2131297623=android.widget.ProgressBar$SavedState@3d097ae, 2131297624=android.view.AbsSavedState$1@4f57e89, 2131297625=android.view.AbsSavedState$1@4f57e89, 2131297626=android.view.AbsSavedState$1@4f57e89, 2131297627=android.view.AbsSavedState$1@4f57e89, 2131297633=android.view.AbsSavedState$1@4f57e89}}], android:support:fragments=android.support.v4.app.FragmentManagerState@c9bc94f, lang=false, android:lastAutofillId=1073741824, android:fragments=android.app.FragmentManagerState@7c4f8dc}]
01-01 01:11:20.970  1519  1519 I HomeScreen|HMI_Common.Activities.SettingsBaseActivity: MBUX App Method: OnStop |Line No: 345 |Log Type: Information |Message: OnStop() BaseActivity
01-01 01:11:20.970  1519  1519 V Activity: onStop md59d95dbab71941e137ef724fbceda5f0e.SettingsBaseActivity@d7de240
01-01 01:11:20.980  1151  2231 D WindowManager: relayout packageName=com.daimler.rse.ntg6::session=Session{6485514 1519:u0a10027}::window=android.view.IWindow$Stub$Proxy@ca5c6dc::attrs.flags=81810500
01-01 01:11:20.981  1151  2231 D WindowManager: relayout >>> FLAG_FULLSCREEN set in WindowManager.LayoutParams
01-01 01:11:20.981  1151  2231 D WindowManager: startStatusReceiverServiceOnFlagSet: creating intent for action ACTION_ACTIVITY_FULLSCREEN
01-01 01:11:20.981  1151  2231 W ContextImpl: Calling a method in the system process without a qualified user: android.app.ContextImpl.startService:1476 com.android.server.wm.Session.startStatusReceiverServiceOnFlagSet:762 com.android.server.wm.Session.relayout:273 android.view.IWindowSession$Stub.onTransact:286 com.android.server.wm.Session.onTransact:166 
01-01 01:11:20.981  1519  1548 I zygote64: NativeAlloc concurrent copying GC freed 14282(1079KB) AllocSpace objects, 1(16KB) LOS objects, 50% free, 14MB/29MB, paused 873us total 214.458ms
01-01 01:11:20.983  1151  2231 D CompatibilityInfo: mCompatibilityFlags - 4
01-01 01:11:20.983  1151  2231 D CompatibilityInfo: applicationDensity - 240
01-01 01:11:20.983  1151  2231 D CompatibilityInfo: applicationScale - 1.0
01-01 01:11:20.986  1151  2231 D WindowManager: startStatusReceiverServiceOnFlagSet: startService done
01-01 01:11:20.990  1392  1392 W SYSTEM_UI: SWR_SYSTEM_UI_007|FUN=CollapsedStatusBarFragment::getAction |1|Broadcast action --> STATUS_UPDATE_ACTION
01-01 01:11:20.990  1392  1392 W SYSTEM_UI: SWR_SYSTEM_UI_007|FUN=CollapsedStatusBarFragment::getIntExtra |1|NotifySystemUpdates dataType --> 101
01-01 01:11:20.990  1392  1392 W SYSTEM_UI - CI07.3: className -> CollapsedStatusBarFragment | functionName -> NotifySystemUpdates | onReceive -->  | value -> FULLSCREEN MODE CHANGED | isFullScreenStatus --> true | fullScreenPackage -->com.daimler.rse.ntg6 | fullscreenLastShownPackage -->null | topActivityPackage --> com.panasonic.hmi2settings
01-01 01:11:20.990  1392  1392 W SYSTEM_UI - CI07.3: className -> CollapsedStatusBarFragment | functionName -> NotifySystemUpdates | onReceive -->  | value -> Fullscreen mode changed --> path 0
01-01 01:11:21.004   729   748 I sssv-lib: sendMsg enter
01-01 01:11:21.004   729   748 I sssv-lib: sendMsg complete.
01-01 01:11:21.432  3675 21349 I QueryController: Matched selector: UiSelector[TEXT=Internet settings] <<==>> [android.view.accessibility.AccessibilityNodeInfo@b7da; boundsInParent: Rect(0, 0 - 350, 77); boundsInScreen: Rect(138, 483 - 488, 560); packageName: com.panasonic.hmi2settings; className: android.widget.TextView; text: Internet settings; error: null; maxTextLength: -1; contentDescription: null; viewIdResName: com.panasonic.hmi2settings:id/manageInternetSettingsTextView; checkable: false; checked: false; focusable: false; focused: false; selected: false; clickable: false; longClickable: false; contextClickable: false; enabled: true; password: false; scrollable: false; importantForAccessibility: true; actions: [AccessibilityAction: ACTION_SELECT - null, AccessibilityAction: ACTION_CLEAR_SELECTION - null, AccessibilityAction: ACTION_ACCESSIBILITY_FOCUS - null, AccessibilityAction: ACTION_NEXT_AT_MOVEMENT_GRANULARITY - null, AccessibilityAction: ACTION_PREVIOUS_AT_MOVEMENT_GRANULARITY - null, AccessibilityAction: ACTION_SET_SELECTION - null, AccessibilityAction: ACTION_SHOW_ON_SCREEN - null]]
01-01 01:11:21.473  3675 21349 I chatty  : uid=10062(com.github.uiautomator) NanoHttpd Reque identical 12 lines
01-01 01:11:21.476  3675 21349 I QueryController: Matched selector: UiSelector[TEXT=Internet settings] <<==>> [android.view.accessibility.AccessibilityNodeInfo@b7da; boundsInParent: Rect(0, 0 - 350, 77); boundsInScreen: Rect(138, 483 - 488, 560); packageName: com.panasonic.hmi2settings; className: android.widget.TextView; text: Internet settings; error: null; maxTextLength: -1; contentDescription: null; viewIdResName: com.panasonic.hmi2settings:id/manageInternetSettingsTextView; checkable: false; checked: false; focusable: false; focused: false; selected: false; clickable: false; longClickable: false; contextClickable: false; enabled: true; password: false; scrollable: false; importantForAccessibility: true; actions: [AccessibilityAction: ACTION_SELECT - null, AccessibilityAction: ACTION_CLEAR_SELECTION - null, AccessibilityAction: ACTION_ACCESSIBILITY_FOCUS - null, AccessibilityAction: ACTION_NEXT_AT_MOVEMENT_GRANULARITY - null, AccessibilityAction: ACTION_PREVIOUS_AT_MOVEMENT_GRANULARITY - null, AccessibilityAction: ACTION_SET_SELECTION - null, AccessibilityAction: ACTION_SHOW_ON_SCREEN - null]]
01-01 01:11:21.477  3675 21349 D UiObject: getText() = Internet settings
01-01 01:11:21.481  3675 21349 I QueryController: Matched selector: UiSelector[TEXT=Internet settings] <<==>> [android.view.accessibility.AccessibilityNodeInfo@b7da; boundsInParent: Rect(0, 0 - 350, 77); boundsInScreen: Rect(138, 483 - 488, 560); packageName: com.panasonic.hmi2settings; className: android.widget.TextView; text: Internet settings; error: null; maxTextLength: -1; contentDescription: null; viewIdResName: com.panasonic.hmi2settings:id/manageInternetSettingsTextView; checkable: false; checked: false; focusable: false; focused: false; selected: false; clickable: false; longClickable: false; contextClickable: false; enabled: true; password: false; scrollable: false; importantForAccessibility: true; actions: [AccessibilityAction: ACTION_SELECT - null, AccessibilityAction: ACTION_CLEAR_SELECTION - null, AccessibilityAction: ACTION_ACCESSIBILITY_FOCUS - null, AccessibilityAction: ACTION_NEXT_AT_MOVEMENT_GRANULARITY - null, AccessibilityAction: ACTION_PREVIOUS_AT_MOVEMENT_GRANULARITY - null, AccessibilityAction: ACTION_SET_SELECTION - null, AccessibilityAction: ACTION_SHOW_ON_SCREEN - null]]
01-01 01:11:21.487  3675 21349 I QueryController: Matched selector: UiSelector[TEXT=Internet settings] <<==>> [android.view.accessibility.AccessibilityNodeInfo@b7da; boundsInParent: Rect(0, 0 - 350, 77); boundsInScreen: Rect(138, 483 - 488, 560); packageName: com.panasonic.hmi2settings; className: android.widget.TextView; text: Internet settings; error: null; maxTextLength: -1; contentDescription: null; viewIdResName: com.panasonic.hmi2settings:id/manageInternetSettingsTextView; checkable: false; checked: false; focusable: false; focused: false; selected: false; clickable: false; longClickable: false; contextClickable: false; enabled: true; password: false; scrollable: false; importantForAccessibility: true; actions: [AccessibilityAction: ACTION_SELECT - null, AccessibilityAction: ACTION_CLEAR_SELECTION - null, AccessibilityAction: ACTION_ACCESSIBILITY_FOCUS - null, AccessibilityAction: ACTION_NEXT_AT_MOVEMENT_GRANULARITY - null, AccessibilityAction: ACTION_PREVIOUS_AT_MOVEMENT_GRANULARITY - null, AccessibilityAction: ACTION_SET_SELECTION - null, AccessibilityAction: ACTION_SHOW_ON_SCREEN - null]]
01-01 01:11:21.487  3675 21349 D UiObject: getClassName() = android.widget.TextView
01-01 01:11:21.497  3675 21358 D UIAutomatorStub: URI: /jsonrpc/0, Method: POST, Header: {content-length=187, remote-addr=127.0.0.1, http-client-ip=127.0.0.1, host=localhost:9009, content-type=application/json, connection=close, accept-encoding=identity, user-agent=Python-urllib/2.7}, params, {NanoHttpd.QUERY_STRING=null}, files: {postData={"params": [{"childOrSiblingSelector": [], "text": "Internet settings", "mask": 1, "childOrSibling": []}], "jsonrpc": "2.0", "method": "objInfo", "id": "b19b8cad54eb8b00fc3f1ae6688ac191"}}
01-01 01:11:21.562  3675 21359 D UIAutomatorStub: URI: /jsonrpc/0, Method: POST, Header: {content-length=185, remote-addr=127.0.0.1, http-client-ip=127.0.0.1, host=localhost:9009, content-type=application/json, connection=close, accept-encoding=identity, user-agent=Python-urllib/2.7}, params, {NanoHttpd.QUERY_STRING=null}, files: {postData={"params": [{"childOrSiblingSelector": [], "text": "Internet settings", "mask": 1, "childOrSibling": []}], "jsonrpc": "2.0", "method": "click", "id": "1a28a6ec3bcd6d6b33243d85f9a81282"}}
01-01 01:11:21.599  3739  3739 W HMI2-SETTINGS - CI08.4: className -> WifiManagerActivity | functionName -> handleWifiMngStgBtnClick | value -> enter
01-01 01:11:21.599  3739  3739 W HMI2-SETTINGS: SWR_BAIDU_HMI_0015|SWR_BAIDU_HMI_0027|FUN=WifiManagerActivity::startActivity|0|Starting the Wifi Activity.
01-01 01:11:21.600  1151  8140 I ActivityManager: START u0 {flg=0x14010000 cmp=com.panasonic.hmi2settings/.activity.WifiActivity} from uid 1000
01-01 01:11:21.601   635   635 E ANDR-PERF-TARGET: Error: Invalid logical cluster id 0
01-01 01:11:21.601   635   635 E ANDR-PERF-MPCTL: invalid request, no optimizations performed
01-01 01:11:21.604  1151  8140 E ANDR-PERF-JNI: Iop tryGetService failed
01-01 01:11:21.605   635   635 E ANDR-PERF-TARGET: Error: Invalid logical cluster id 0
01-01 01:11:21.605   635   635 E ANDR-PERF-MPCTL: invalid request, no optimizations performed
01-01 01:11:21.610  1151  8140 D ActivityTrigger: activityStartTrigger: Activity is Triggerred in full screen ApplicationInfo{5e1ff91 com.panasonic.hmi2settings}
01-01 01:11:21.610  1151  8140 E ActivityTrigger: activityStartTrigger: not whiteListedcom.panasonic.hmi2settings/com.panasonic.hmi2settings.activity.WifiActivity/27
01-01 01:11:21.610  1151  8140 D CompatibilityInfo: mCompatibilityFlags - 4
01-01 01:11:21.611  1151  8140 D CompatibilityInfo: applicationDensity - 240
01-01 01:11:21.611  1151  8140 D CompatibilityInfo: applicationScale - 1.0
01-01 01:11:21.612  1151  8140 D ActivityTrigger: activityResumeTrigger: The activity in ApplicationInfo{5e1ff91 com.panasonic.hmi2settings} is now in focus and seems to be in full-screen mode
01-01 01:11:21.613  1151  8140 E ActivityTrigger: activityResumeTrigger: not whiteListedcom.panasonic.hmi2settings/com.panasonic.hmi2settings.activity.WifiActivity/27
01-01 01:11:21.613  1151  8140 D ActivityTrigger: ActivityTrigger activityPauseTrigger 
01-01 01:11:21.620  3739  3739 W HMI2-SETTINGS - CI08.4: className -> BaseActivity | functionName -> onPause | value -> onPause
01-01 01:11:21.620  3739  3739 V Activity: onPause com.panasonic.hmi2settings.activity.WifiManagerActivity@200cf74
01-01 01:11:21.620  1151  2231 I WifiService: getWifiEnabledState uid=1000
01-01 01:11:21.621  3739  3739 W HMI2-SETTINGS - CI08.4: className -> WifiManagerActivity | functionName -> onPause | value -> toggleWiFiState -> true
01-01 01:11:21.623  3739  3739 W HMI2-SETTINGS: SWR_BAIDU_HMI_0020|FUN=WifiManagerActivity::onPause|0|getWifiButtonStatus::true
01-01 01:11:21.624  1151  8140 D ActivityTrigger: activityResumeTrigger: The activity in ApplicationInfo{5e1ff91 com.panasonic.hmi2settings} is now in focus and seems to be in full-screen mode
01-01 01:11:21.624  1151  8140 E ActivityTrigger: activityResumeTrigger: not whiteListedcom.panasonic.hmi2settings/com.panasonic.hmi2settings.activity.WifiActivity/27
01-01 01:11:21.626  1151  8140 D CompatibilityInfo: mCompatibilityFlags - 4
01-01 01:11:21.626  1151  8140 D CompatibilityInfo: applicationDensity - 240
01-01 01:11:21.626  1151  8140 D CompatibilityInfo: applicationScale - 1.0
01-01 01:11:21.641  3739  3739 V Activity: onCreate com.panasonic.hmi2settings.activity.WifiActivity@90f6df4: null
01-01 01:11:21.642  3739  3739 W HMI2-SETTINGS - CI08.4: className -> BaseActivity | functionName -> onCreate | value -> onCreate
01-01 01:11:21.652  3739  3739 W HMI2-SETTINGS - CI08.4: className -> WifiActivity | functionName -> initViews | value -> entry
01-01 01:11:21.653  3739  3739 W HMI2-SETTINGS - CI08.4: className -> WifiActivity | functionName -> initControl | value -> entry
01-01 01:11:21.653  1151  8140 I WifiService: getWifiEnabledState uid=1000
01-01 01:11:21.654  3739  3739 W HMI2-SETTINGS: SWR_BAIDU_HMI_0020|FUN=WifiActivity::handleConnectedNetworkVisibility|0|getWifiStat::true
01-01 01:11:21.655  1151  8140 I WifiService: getConfiguredNetworks uid=1000
01-01 01:11:21.655  3739  3739 W HMI2-SETTINGS: SWR_BAIDU_HMI_0027|SWR_BAIDU_HMI_0015|FUN=WifiActivity::getScanResults|1|Get list of available wifi hotspots.
01-01 01:11:21.661  3739  3739 W HMI2-SETTINGS - CI08.4: className -> WifiActivity | functionName -> isWapiVariantBlocked | value -> security_type:2
01-01 01:11:21.661  3739  3739 W HMI2-SETTINGS - CI08.4: className -> WifiActivity | functionName -> isInConnected | value -> |ACSIA_CORP1|0|2
01-01 01:11:21.661  3739  3739 W HMI2-SETTINGS - CI08.4: className -> WifiActivity | functionName -> isWapiVariantBlocked | value -> security_type:2
01-01 01:11:21.661  3739  3739 W HMI2-SETTINGS - CI08.4: className -> WifiActivity | functionName -> isInConnected | value -> | ACSIA_CORP3|0|2
01-01 01:11:21.661  3739  3739 W HMI2-SETTINGS - CI08.4: className -> WifiActivity | functionName -> isWapiVariantBlocked | value -> security_type:2
01-01 01:11:21.661  3739  3739 W HMI2-SETTINGS - CI08.4: className -> WifiActivity | functionName -> isInConnected | value -> |ACSIA_Management|0|2
01-01 01:11:21.661  3739  3739 W HMI2-SETTINGS - CI08.4: className -> WifiActivity | functionName -> isWapiVariantBlocked | value -> security_type:2
01-01 01:11:21.661  3739  3739 W HMI2-SETTINGS - CI08.4: className -> WifiActivity | functionName -> isInConnected | value -> |ACSIA_GUEST1|0|2
01-01 01:11:21.661  3739  3739 W HMI2-SETTINGS - CI08.4: className -> WifiActivity | functionName -> isWapiVariantBlocked | value -> security_type:2
01-01 01:11:21.661  3739  3739 W HMI2-SETTINGS - CI08.4: className -> WifiActivity | functionName -> isInConnected | value -> |ACSIA_CORP2|0|2
01-01 01:11:21.661  3739  3739 W HMI2-SETTINGS - CI08.4: className -> WifiActivity | functionName -> isWapiVariantBlocked | value -> security_type:2
01-01 01:11:21.661  3739  3739 W HMI2-SETTINGS - CI08.4: className -> WifiActivity | functionName -> isInConnected | value -> |ACSIA_DEV|0|2
01-01 01:11:21.661  3739  3739 W HMI2-SETTINGS - CI08.4: className -> WifiActivity | functionName -> isWapiVariantBlocked | value -> security_type:2
01-01 01:11:21.661  3739  3739 W HMI2-SETTINGS - CI08.4: className -> WifiActivity | functionName -> isInConnected | value -> |RSE_Test|0|2
01-01 01:11:21.661  3739  3739 W HMI2-SETTINGS - CI08.4: className -> WifiActivity | functionName -> isWapiVariantBlocked | value -> security_type:2
01-01 01:11:21.662  3739  3739 W HMI2-SETTINGS - CI08.4: className -> WifiActivity | functionName -> isInConnected | value -> |NETGEAR66-5G|0|2
01-01 01:11:21.662  3739  3739 W HMI2-SETTINGS - CI08.4: className -> WifiActivity | functionName -> isWapiVariantBlocked | value -> security_type:2
01-01 01:11:21.662  3739  3739 W HMI2-SETTINGS - CI08.4: className -> WifiActivity | functionName -> isInConnected | value -> |Secure|0|2
01-01 01:11:21.662  3739  3739 W HMI2-SETTINGS - CI08.4: className -> WifiActivity | functionName -> isWapiVariantBlocked | value -> security_type:2
01-01 01:11:21.662  3739  3739 W HMI2-SETTINGS - CI08.4: className -> WifiActivity | functionName -> isInConnected | value -> |HUWIFI|0|2
01-01 01:11:21.662  3739  3739 W HMI2-SETTINGS - CI08.4: className -> WifiActivity | functionName -> isWapiVariantBlocked | value -> security_type:2
01-01 01:11:21.662  3739  3739 W HMI2-SETTINGS - CI08.4: className -> WifiActivity | functionName -> isInConnected | value -> |ACSIA_CORP1|0|2
01-01 01:11:21.662  3739  3739 W HMI2-SETTINGS - CI08.4: className -> WifiActivity | functionName -> isWapiVariantBlocked | value -> security_type:2
01-01 01:11:21.662  3739  3739 W HMI2-SETTINGS - CI08.4: className -> WifiActivity | functionName -> isInConnected | value -> |ACSIA_GUEST1|0|2
01-01 01:11:21.662  3739  3739 W HMI2-SETTINGS - CI08.4: className -> WifiActivity | functionName -> isWapiVariantBlocked | value -> security_type:2
01-01 01:11:21.662  3739  3739 W HMI2-SETTINGS - CI08.4: className -> WifiActivity | functionName -> isInConnected | value -> |ACSIA_DEV|0|2
01-01 01:11:21.662  3739  3739 W HMI2-SETTINGS - CI08.4: className -> WifiActivity | functionName -> isWapiVariantBlocked | value -> security_type:2
01-01 01:11:21.662  3739  3739 W HMI2-SETTINGS - CI08.4: className -> WifiActivity | functionName -> isInConnected | value -> |ACSIA_CORP2|0|2
01-01 01:11:21.662  3739  3739 W HMI2-SETTINGS - CI08.4: className -> WifiActivity | functionName -> isWapiVariantBlocked | value -> security_type:2
01-01 01:11:21.662  3739  3739 W HMI2-SETTINGS - CI08.4: className -> WifiActivity | functionName -> isInConnected | value -> |ACSIA_Management|0|2
01-01 01:11:21.662  3739  3739 W HMI2-SETTINGS - CI08.4: className -> WifiActivity | functionName -> isWapiVariantBlocked | value -> security_type:2
01-01 01:11:21.662  3739  3739 W HMI2-SETTINGS - CI08.4: className -> WifiActivity | functionName -> isInConnected | value -> | ACSIA_CORP3|0|2
01-01 01:11:21.662  3739  3739 W HMI2-SETTINGS - CI08.4: className -> WifiActivity | functionName -> isWapiVariantBlocked | value -> security_type:2
01-01 01:11:21.662  3739  3739 W HMI2-SETTINGS - CI08.4: className -> WifiActivity | functionName -> isInConnected | value -> |RSE_Test|0|2
01-01 01:11:21.662  3739  3739 W HMI2-SETTINGS - CI08.4: className -> WifiActivity | functionName -> isWapiVariantBlocked | value -> security_type:2
01-01 01:11:21.662  3739  3739 W HMI2-SETTINGS - CI08.4: className -> WifiActivity | functionName -> isInConnected | value -> |DIRECT-vQINLT044msmJ|0|2
01-01 01:11:21.662  3739  3739 W HMI2-SETTINGS - CI08.4: className -> WifiActivity | functionName -> isWapiVariantBlocked | value -> security_type:2
01-01 01:11:21.662  3739  3739 W HMI2-SETTINGS - CI08.4: className -> WifiActivity | functionName -> isInConnected | value -> |AUTOMATION_TEST|0|2
01-01 01:11:21.662  3739  3739 W HMI2-SETTINGS - CI08.4: className -> WifiActivity | functionName -> isWapiVariantBlocked | value -> security_type:2
01-01 01:11:21.662  3739  3739 W HMI2-SETTINGS - CI08.4: className -> WifiActivity | functionName -> isInConnected | value -> |DIRECT-DMATCLWI2064msNL|0|2
01-01 01:11:21.662  3739  3739 W HMI2-SETTINGS - CI08.4: className -> WifiActivity | functionName -> isWapiVariantBlocked | value -> security_type:2
01-01 01:11:21.662  3739  3739 W HMI2-SETTINGS - CI08.4: className -> WifiActivity | functionName -> isInConnected | value -> |ACSIA_CORP1|0|2
01-01 01:11:21.662  3739  3739 W HMI2-SETTINGS - CI08.4: className -> WifiActivity | functionName -> isWapiVariantBlocked | value -> security_type:2
01-01 01:11:21.662  3739  3739 W HMI2-SETTINGS - CI08.4: className -> WifiActivity | functionName -> isInConnected | value -> |ACSIA_GUEST1|0|2
01-01 01:11:21.662  3739  3739 W HMI2-SETTINGS - CI08.4: className -> WifiActivity | functionName -> isWapiVariantBlocked | value -> security_type:2
01-01 01:11:21.662  3739  3739 W HMI2-SETTINGS - CI08.4: className -> WifiActivity | functionName -> isInConnected | value -> |ACSIA_DEV|0|2
01-01 01:11:21.662  3739  3739 W HMI2-SETTINGS - CI08.4: className -> WifiActivity | functionName -> isWapiVariantBlocked | value -> security_type:2
01-01 01:11:21.662  3739  3739 W HMI2-SETTINGS - CI08.4: className -> WifiActivity | functionName -> isInConnected | value -> |ACSIA_CORP2|0|2
01-01 01:11:21.662  3739  3739 W HMI2-SETTINGS - CI08.4: className -> WifiActivity | functionName -> isWapiVariantBlocked | value -> security_type:2
01-01 01:11:21.662  3739  3739 W HMI2-SETTINGS - CI08.4: className -> WifiActivity | functionName -> isInConnected | value -> | ACSIA_CORP3|0|2
01-01 01:11:21.662  3739  3739 W HMI2-SETTINGS - CI08.4: className -> WifiActivity | functionName -> isWapiVariantBlocked | value -> security_type:2
01-01 01:11:21.663  3739  3739 W HMI2-SETTINGS - CI08.4: className -> WifiActivity | functionName -> isInConnected | value -> |ACSIA_Management|0|2
01-01 01:11:21.664  3739  3739 W HMI2-SETTINGS - CI08.4: className -> WifiActivity | functionName -> isWapiVariantBlocked | value -> security_type:2
01-01 01:11:21.664  3739  3739 W HMI2-SETTINGS - CI08.4: className -> WifiActivity | functionName -> isInConnected | value -> |RSE_Test|0|2
01-01 01:11:21.664  3739  3739 W HMI2-SETTINGS - CI08.4: className -> WifiActivity | functionName -> isWapiVariantBlocked | value -> security_type:0
01-01 01:11:21.664  3739  3739 W HMI2-SETTINGS - CI08.4: className -> WifiActivity | functionName -> isInConnected | value -> |HP-Print-DB-LaserJet Pro MFP|0|0
01-01 01:11:21.664  3739  3739 W HMI2-SETTINGS - CI08.4: className -> WifiActivity | functionName -> isWapiVariantBlocked | value -> security_type:2
01-01 01:11:21.664  3739  3739 W HMI2-SETTINGS - CI08.4: className -> WifiActivity | functionName -> isInConnected | value -> |MB Hotspot 61185|0|2
01-01 01:11:21.664  3739  3739 W HMI2-SETTINGS - CI08.4: className -> WifiActivity | functionName -> handleAllAvailNetwork | value -> savedNetwork ->0
01-01 01:11:21.664  3739  3739 W HMI2-SETTINGS - CI08.4: className -> WifiActivity | functionName -> handleAllAvailNetwork | value -> presentVisibleNetwork ->29
01-01 01:11:21.665  3739  3739 W HMI2-SETTINGS - CI08.4: className -> WifiActivity | functionName -> handleIfWifiAvailableNetworks: config is  | value -> null
01-01 01:11:21.666  3739  3739 V Activity: onStart com.panasonic.hmi2settings.activity.WifiActivity@90f6df4
01-01 01:11:21.668  3739  3739 V Activity: onResume com.panasonic.hmi2settings.activity.WifiActivity@90f6df4
01-01 01:11:21.668  3739  3739 W ContextImpl: Calling a method in the system process without a qualified user: android.app.ContextImpl.startService:1476 android.content.ContextWrapper.startService:650 android.app.Activity.onResume:1329 android.support.v4.app.FragmentActivity.onResume:451 com.panasonic.hmi2settings.activity.BaseActivity.onResume:65 
01-01 01:11:21.670  1151  8140 D CompatibilityInfo: mCompatibilityFlags - 4
01-01 01:11:21.670  1151  8140 D CompatibilityInfo: applicationDensity - 240
01-01 01:11:21.670  1151  8140 D CompatibilityInfo: applicationScale - 1.0
01-01 01:11:21.670  3739  3739 D Activity: onStart: startService done
01-01 01:11:21.671  3739  3739 W HMI2-SETTINGS - CI08.4: className -> BaseActivity | functionName -> onResume | value -> onResume
01-01 01:11:21.671  3739  3739 W HMI2-SETTINGS - CI08.4: className -> BaseActivity | functionName -> registerIntentFilter | value -> Register IntentFilter
01-01 01:11:21.672  3739  3739 W HMI2-SETTINGS - CI08.4: className -> WifiActivity | functionName -> onResume | value -> entry
01-01 01:11:21.672  3739  3739 W HMI2-SETTINGS - CI08.4: className -> WifiActivity | functionName -> registerIntentFilter | value -> entry : 
01-01 01:11:21.673  1392  1392 W SYSTEM_UI: SWR_SYSTEM_UI_007|FUN=CollapsedStatusBarFragment::getAction |1|Broadcast action --> STATUS_UPDATE_ACTION
01-01 01:11:21.674  1392  1392 W SYSTEM_UI: SWR_SYSTEM_UI_007|FUN=CollapsedStatusBarFragment::getIntExtra |1|NotifySystemUpdates dataType --> 100
01-01 01:11:21.674  1392  1392 W SYSTEM_UI: SWR_SYSTEM_UI_006|FUN=CollapsedStatusBarFragment::NotifySystemUpdates | onReceive --> |1|TOP ACTIVITY CHANGED | package --> com.panasonic.hmi2settings | class --> com.panasonic.hmi2settings.activity.WifiActivity
01-01 01:11:21.674  1392  1392 W SYSTEM_UI - CI07.3: className -> CollapsedStatusBarFragment | functionName -> NotifySystemUpdates | onReceive -->  | value -> TOP ACTIVITY CHANGED | package --> com.panasonic.hmi2settings | class --> com.panasonic.hmi2settings.activity.WifiActivity
01-01 01:11:21.674  1392  1392 D PhoneStatusBarView: status_line: onPanelCollapsed
01-01 01:11:21.678  3739  3739 W HMI2-SETTINGS - CI08.4: className -> WifiActivity | functionName -> getWapiVariantInfo | value -> wifiVariant:1
01-01 01:11:21.678  3739  3739 W HMI2-SETTINGS - CI08.4: className -> WifiActivity | functionName -> getWapiVariantInfo | value -> result : false
01-01 01:11:21.679  1151 10154 I WifiService: getWifiEnabledState uid=1000
01-01 01:11:21.679  1151  2264 D WificondControl: Scan result ready event
01-01 01:11:21.681  1151  1323 I WifiService: isScanAlwaysAvailable uid=1000
01-01 01:11:21.681  1151  1323 I WifiService: getWifiEnabledState uid=1000
01-01 01:11:21.683  3739  3739 W HMI2-SETTINGS: SWR_BAIDU_HMI_0020|FUN=WifiActivity::handleConnectedNetworkVisibility|0|getWifiStat::true
01-01 01:11:21.684   808   808 I wificond: Enters wifigbk_ageOutHistory
01-01 01:11:21.686  1151  1539 I WifiService: getConfiguredNetworks uid=1000
01-01 01:11:21.692  3739  3739 W HMI2-SETTINGS: SWR_BAIDU_HMI_0027|SWR_BAIDU_HMI_0015|FUN=WifiActivity::getScanResults|1|Get list of available wifi hotspots.
01-01 01:11:21.691   921  1439 I LOWI-8.5.0.3.c: [LOWI-Scan] lowi_close_record:Scan completed in 4261730ms and Recieved 42 APs scan results
01-01 01:11:21.693   921   961 I LOWI-8.5.0.3.c: [LOWIUtils] responseToOutPostcard - TO: GTP-FDAL, FROM:   LOWI-SERVER, RESP:  LOWI_ASYNC_DISCOVERY_SCAN_RESULTS
01-01 01:11:21.700  1151  1323 D WificondScannerImpl: Filtering out 1 scan results.
01-01 01:11:21.700  1151  1323 I WifiService: isScanAlwaysAvailable uid=1000
01-01 01:11:21.700   924   979 W XTCC-6.1.2.10-a: [LOWIUtils] to_eScanTypeResponse - default case
01-01 01:11:21.700  1151  1323 I WifiService: getWifiEnabledState uid=1000
01-01 01:11:21.700   924   979 W XTCC-6.1.2.10-a: [WifiScanner] WiFi scan result : [42] AP's, async result: 1
01-01 01:11:21.704  2145  2145 D HMI_SERVICE: USE_CASE_NA|FUN=HmiApplication| [action] android.net.wifi.SCAN_RESULTS
01-01 01:11:21.704  1151  1317 D ScanResultUtil: isScanResultForWapiPskNetwork: false
01-01 01:11:21.707  1151  1317 I chatty  : uid=1000(system) WifiStateMachin identical 60 lines
01-01 01:11:21.707  1151  1317 D ScanResultUtil: isScanResultForWapiPskNetwork: false
01-01 01:11:21.708  1151  1317 W WifiConfigManager: Looking up network with invalid networkId -1
01-01 01:11:21.708  3739  3739 W HMI2-SETTINGS - CI08.4: className -> WifiActivity | functionName -> isWapiVariantBlocked | value -> security_type:2
01-01 01:11:21.708  3739  3739 W HMI2-SETTINGS - CI08.4: className -> WifiActivity | functionName -> isInConnected | value -> |ACSIA_CORP1|0|2
01-01 01:11:21.708  3739  3739 W HMI2-SETTINGS - CI08.4: className -> WifiActivity | functionName -> isWapiVariantBlocked | value -> security_type:2
01-01 01:11:21.708  3739  3739 W HMI2-SETTINGS - CI08.4: className -> WifiActivity | functionName -> isInConnected | value -> | ACSIA_CORP3|0|2
01-01 01:11:21.709  3739  3739 W HMI2-SETTINGS - CI08.4: className -> WifiActivity | functionName -> isWapiVariantBlocked | value -> security_type:2
01-01 01:11:21.709  3739  3739 W HMI2-SETTINGS - CI08.4: className -> WifiActivity | functionName -> isInConnected | value -> |ACSIA_Management|0|2
01-01 01:11:21.709  3739  3739 W HMI2-SETTINGS - CI08.4: className -> WifiActivity | functionName -> isWapiVariantBlocked | value -> security_type:2
01-01 01:11:21.709  3739  3739 W HMI2-SETTINGS - CI08.4: className -> WifiActivity | functionName -> isInConnected | value -> |ACSIA_GUEST1|0|2
01-01 01:11:21.709  3739  3739 W HMI2-SETTINGS - CI08.4: className -> WifiActivity | functionName -> isWapiVariantBlocked | value -> security_type:2
01-01 01:11:21.709  3739  3739 W HMI2-SETTINGS - CI08.4: className -> WifiActivity | functionName -> isInConnected | value -> |ACSIA_CORP2|0|2
01-01 01:11:21.709  3739  3739 W HMI2-SETTINGS - CI08.4: className -> WifiActivity | functionName -> isWapiVariantBlocked | value -> security_type:2
01-01 01:11:21.709  3739  3739 W HMI2-SETTINGS - CI08.4: className -> WifiActivity | functionName -> isInConnected | value -> |ACSIA_DEV|0|2
01-01 01:11:21.709  3739  3739 W HMI2-SETTINGS - CI08.4: className -> WifiActivity | functionName -> isWapiVariantBlocked | value -> security_type:2
01-01 01:11:21.709  3739  3739 W HMI2-SETTINGS - CI08.4: className -> WifiActivity | functionName -> isInConnected | value -> |RSE_Test|0|2
01-01 01:11:21.709  3739  3739 W HMI2-SETTINGS - CI08.4: className -> WifiActivity | functionName -> isWapiVariantBlocked | value -> security_type:2
01-01 01:11:21.709  3739  3739 W HMI2-SETTINGS - CI08.4: className -> WifiActivity | functionName -> isInConnected | value -> |NETGEAR66-5G|0|2
01-01 01:11:21.709  3739  3739 W HMI2-SETTINGS - CI08.4: className -> WifiActivity | functionName -> isWapiVariantBlocked | value -> security_type:2
01-01 01:11:21.709  3739  3739 W HMI2-SETTINGS - CI08.4: className -> WifiActivity | functionName -> isInConnected | value -> |Secure|0|2
01-01 01:11:21.709  3739  3739 W HMI2-SETTINGS - CI08.4: className -> WifiActivity | functionName -> isWapiVariantBlocked | value -> security_type:2
01-01 01:11:21.709  3739  3739 W HMI2-SETTINGS - CI08.4: className -> WifiActivity | functionName -> isInConnected | value -> |DIRECT-YOATLP042msDU|0|2
01-01 01:11:21.709  3739  3739 W HMI2-SETTINGS - CI08.4: className -> WifiActivity | functionName -> isWapiVariantBlocked | value -> security_type:2
01-01 01:11:21.709  1151  1317 D ScanResultUtil: isScanResultForWapiPskNetwork: false
01-01 01:11:21.709  3739  3739 W HMI2-SETTINGS - CI08.4: className -> WifiActivity | functionName -> isInConnected | value -> |HUWIFI|0|2
01-01 01:11:21.709  1151  1317 D ScanResultUtil: isScanResultForWapiPskNetwork: false
01-01 01:11:21.709  3739  3739 W HMI2-SETTINGS - CI08.4: className -> WifiActivity | functionName -> isWapiVariantBlocked | value -> security_type:2
01-01 01:11:21.709  1151  1317 D ScanResultUtil: isScanResultForWapiPskNetwork: false
01-01 01:11:21.709  3739  3739 W HMI2-SETTINGS - CI08.4: className -> WifiActivity | functionName -> isInConnected | value -> |ACSIA_CORP1|0|2
01-01 01:11:21.709  1151  1317 D ScanResultUtil: isScanResultForWapiPskNetwork: false
01-01 01:11:21.709  3739  3739 W HMI2-SETTINGS - CI08.4: className -> WifiActivity | functionName -> isWapiVariantBlocked | value -> security_type:2
01-01 01:11:21.709  1151  1317 D ScanResultUtil: isScanResultForWapiPskNetwork: false
01-01 01:11:21.709  3739  3739 W HMI2-SETTINGS - CI08.4: className -> WifiActivity | functionName -> isInConnected | value -> |ACSIA_GUEST1|0|2
01-01 01:11:21.709  1151  1317 D ScanResultUtil: isScanResultForWapiPskNetwork: false
01-01 01:11:21.709  3739  3739 W HMI2-SETTINGS - CI08.4: className -> WifiActivity | functionName -> isWapiVariantBlocked | value -> security_type:2
01-01 01:11:21.709  1151  1317 D ScanResultUtil: isScanResultForWapiPskNetwork: false
01-01 01:11:21.709  3739  3739 W HMI2-SETTINGS - CI08.4: className -> WifiActivity | functionName -> isInConnected | value -> |ACSIA_CORP2|0|2
01-01 01:11:21.709  1151  1317 D ScanResultUtil: isScanResultForWapiPskNetwork: false
01-01 01:11:21.709  3739  3739 W HMI2-SETTINGS - CI08.4: className -> WifiActivity | functionName -> isWapiVariantBlocked | value -> security_type:2
01-01 01:11:21.709  1151  1317 D ScanResultUtil: isScanResultForWapiPskNetwork: false
01-01 01:11:21.709  3739  3739 W HMI2-SETTINGS - CI08.4: className -> WifiActivity | functionName -> isInConnected | value -> | ACSIA_CORP3|0|2
01-01 01:11:21.709  1151  1317 D ScanResultUtil: isScanResultForWapiPskNetwork: false
01-01 01:11:21.709  3739  3739 W HMI2-SETTINGS - CI08.4: className -> WifiActivity | functionName -> isWapiVariantBlocked | value -> security_type:2
01-01 01:11:21.709  1151  1317 D ScanResultUtil: isScanResultForWapiPskNetwork: false
01-01 01:11:21.709  3739  3739 W HMI2-SETTINGS - CI08.4: className -> WifiActivity | functionName -> isInConnected | value -> |RSE_Test|0|2
01-01 01:11:21.709  1151  1317 D ScanResultUtil: isScanResultForWapiPskNetwork: false
01-01 01:11:21.709  3739  3739 W HMI2-SETTINGS - CI08.4: className -> WifiActivity | functionName -> isWapiVariantBlocked | value -> security_type:2
01-01 01:11:21.709  1151  1317 D ScanResultUtil: isScanResultForWapiPskNetwork: false
01-01 01:11:21.709  3739  3739 W HMI2-SETTINGS - CI08.4: className -> WifiActivity | functionName -> isInConnected | value -> |ACSIA_DEV|0|2
01-01 01:11:21.709  1151  1317 D ScanResultUtil: isScanResultForWapiPskNetwork: false
01-01 01:11:21.709  3739  3739 W HMI2-SETTINGS - CI08.4: className -> WifiActivity | functionName -> isWapiVariantBlocked | value -> security_type:2
01-01 01:11:21.709  1151  1317 D ScanResultUtil: isScanResultForWapiPskNetwork: false
01-01 01:11:21.709  3739  3739 W HMI2-SETTINGS - CI08.4: className -> WifiActivity | functionName -> isInConnected | value -> |DIRECT-vQINLT044msmJ|0|2
01-01 01:11:21.709  1151  1317 D ScanResultUtil: isScanResultForWapiPskNetwork: false
01-01 01:11:21.710  3739  3739 W HMI2-SETTINGS - CI08.4: className -> WifiActivity | functionName -> isWapiVariantBlocked | value -> security_type:2
01-01 01:11:21.710  1151  1317 D ScanResultUtil: isScanResultForWapiPskNetwork: false
01-01 01:11:21.710  3739  3739 W HMI2-SETTINGS - CI08.4: className -> WifiActivity | functionName -> isInConnected | value -> |ACSIA_Management|0|2
01-01 01:11:21.710  1151  1317 D ScanResultUtil: isScanResultForWapiPskNetwork: false
01-01 01:11:21.710  3739  3739 W HMI2-SETTINGS - CI08.4: className -> WifiActivity | functionName -> isWapiVariantBlocked | value -> security_type:2
01-01 01:11:21.710  1151  1317 D ScanResultUtil: isScanResultForWapiPskNetwork: false
01-01 01:11:21.710  3739  3739 W HMI2-SETTINGS - CI08.4: className -> WifiActivity | functionName -> isInConnected | value -> |AUTOMATION_TEST|0|2
01-01 01:11:21.710  1151  1317 D ScanResultUtil: isScanResultForWapiPskNetwork: false
01-01 01:11:21.710  3739  3739 W HMI2-SETTINGS - CI08.4: className -> WifiActivity | functionName -> isWapiVariantBlocked | value -> security_type:2
01-01 01:11:21.710  1151  1317 D ScanResultUtil: isScanResultForWapiPskNetwork: false
01-01 01:11:21.710  3739  3739 W HMI2-SETTINGS - CI08.4: className -> WifiActivity | functionName -> isInConnected | value -> |DIRECT-DMATCLWI2064msNL|0|2
01-01 01:11:21.710  1151  1317 D ScanResultUtil: isScanResultForWapiPskNetwork: false
01-01 01:11:21.710  1151  1317 D ScanResultUtil: isScanResultForWapiPskNetwork: false
01-01 01:11:21.710  3739  3739 W HMI2-SETTINGS - CI08.4: className -> WifiActivity | functionName -> isWapiVariantBlocked | value -> security_type:2
01-01 01:11:21.710  1151  1317 D ScanResultUtil: isScanResultForWapiPskNetwork: false
01-01 01:11:21.710  3739  3739 W HMI2-SETTINGS - CI08.4: className -> WifiActivity | functionName -> isInConnected | value -> |ACSIA_CORP1|0|2
01-01 01:11:21.710  1151  1317 D ScanResultUtil: isScanResultForWapiPskNetwork: false
01-01 01:11:21.710  3739  3739 W HMI2-SETTINGS - CI08.4: className -> WifiActivity | functionName -> isWapiVariantBlocked | value -> security_type:2
01-01 01:11:21.710  1151  1317 D ScanResultUtil: isScanResultForWapiPskNetwork: false
01-01 01:11:21.710  3739  3739 W HMI2-SETTINGS - CI08.4: className -> WifiActivity | functionName -> isInConnected | value -> |ACSIA_GUEST1|0|2
01-01 01:11:21.710  1151  1317 D ScanResultUtil: isScanResultForWapiPskNetwork: false
01-01 01:11:21.710  3739  3739 W HMI2-SETTINGS - CI08.4: className -> WifiActivity | functionName -> isWapiVariantBlocked | value -> security_type:2
01-01 01:11:21.710  1151  1317 D ScanResultUtil: isScanResultForWapiPskNetwork: false
01-01 01:11:21.710  3739  3739 W HMI2-SETTINGS - CI08.4: className -> WifiActivity | functionName -> isInConnected | value -> |ACSIA_DEV|0|2
01-01 01:11:21.710  1151  1317 D ScanResultUtil: isScanResultForWapiPskNetwork: false
01-01 01:11:21.710  3739  3739 W HMI2-SETTINGS - CI08.4: className -> WifiActivity | functionName -> isWapiVariantBlocked | value -> security_type:2
01-01 01:11:21.710  1151  1317 D ScanResultUtil: isScanResultForWapiPskNetwork: false
01-01 01:11:21.710  3739  3739 W HMI2-SETTINGS - CI08.4: className -> WifiActivity | functionName -> isInConnected | value -> |ACSIA_Management|0|2
01-01 01:11:21.710  1151  1317 D ScanResultUtil: isScanResultForWapiPskNetwork: false
01-01 01:11:21.710  3739  3739 W HMI2-SETTINGS - CI08.4: className -> WifiActivity | functionName -> isWapiVariantBlocked | value -> security_type:2
01-01 01:11:21.710  3739  3739 W HMI2-SETTINGS - CI08.4: className -> WifiActivity | functionName -> isInConnected | value -> |RSE_Test|0|2
01-01 01:11:21.710  3739  3739 W HMI2-SETTINGS - CI08.4: className -> WifiActivity | functionName -> isWapiVariantBlocked | value -> security_type:2
01-01 01:11:21.710  3739  3739 W HMI2-SETTINGS - CI08.4: className -> WifiActivity | functionName -> isInConnected | value -> |ACSIA_CORP2|0|2
01-01 01:11:21.710  3739  3739 W HMI2-SETTINGS - CI08.4: className -> WifiActivity | functionName -> isWapiVariantBlocked | value -> security_type:2
01-01 01:11:21.710  3739  3739 W HMI2-SETTINGS - CI08.4: className -> WifiActivity | functionName -> isInConnected | value -> | ACSIA_CORP3|0|2
01-01 01:11:21.710  3739  3739 W HMI2-SETTINGS - CI08.4: className -> WifiActivity | functionName -> isWapiVariantBlocked | value -> security_type:2
01-01 01:11:21.710  3739  3739 W HMI2-SETTINGS - CI08.4: className -> WifiActivity | functionName -> isInConnected | value -> |MB Hotspot 61185|0|2
01-01 01:11:21.710  3739  3739 W HMI2-SETTINGS - CI08.4: className -> WifiActivity | functionName -> isWapiVariantBlocked | value -> security_type:0
01-01 01:11:21.710  3739  3739 W HMI2-SETTINGS - CI08.4: className -> WifiActivity | functionName -> isInConnected | value -> |HP-Print-DB-LaserJet Pro MFP|0|0
01-01 01:11:21.710  3739  3739 W HMI2-SETTINGS - CI08.4: className -> WifiActivity | functionName -> handleAllAvailNetwork | value -> savedNetwork ->0
01-01 01:11:21.710  3739  3739 W HMI2-SETTINGS - CI08.4: className -> WifiActivity | functionName -> handleAllAvailNetwork | value -> presentVisibleNetwork ->30
01-01 01:11:21.711  1151  1317 D ScanResultUtil: isScanResultForWapiPskNetwork: false
01-01 01:11:21.711  1151  1317 I chatty  : uid=1000(system) WifiStateMachin identical 1 line
01-01 01:11:21.711  1151  1317 D ScanResultUtil: isScanResultForWapiPskNetwork: false
01-01 01:11:21.711  3739  3739 W HMI2-SETTINGS - CI08.4: className -> WifiActivity | functionName -> handleIfWifiAvailableNetworks: config is  | value -> null
01-01 01:11:21.711  3739  3739 W HMI2-SETTINGS - CI08.4: className -> WifiActivity | functionName -> forceScan | value -> entry
01-01 01:11:21.712  1151  8140 I WifiService: startScan uid=1000
01-01 01:11:21.715  1151  1323 I WifiService: isScanAlwaysAvailable uid=1000
01-01 01:11:21.715  1151  1323 I WifiService: getWifiEnabledState uid=1000
01-01 01:11:21.685   808   808 I wificond: Enters wifigbk_ageOutHistory
01-01 01:11:21.721  1151  1539 D WindowManager: addToDisplay >>> FLAG_FULLSCREEN not set in WindowManager.LayoutParams
01-01 01:11:21.722  1151  1539 D WindowManager: startStatusReceiverServiceOnFlagSet: creating intent for action ACTION_ACTIVITY_FULLSCREEN
01-01 01:11:21.722  1151  1539 W ContextImpl: Calling a method in the system process without a qualified user: android.app.ContextImpl.startService:1476 com.android.server.wm.Session.startStatusReceiverServiceOnFlagSet:762 com.android.server.wm.Session.addToDisplay:217 android.view.IWindowSession$Stub.onTransact:124 com.android.server.wm.Session.onTransact:166 
01-01 01:11:21.723  1151  1539 D CompatibilityInfo: mCompatibilityFlags - 4
01-01 01:11:21.723  1151  1539 D CompatibilityInfo: applicationDensity - 240
01-01 01:11:21.723  1151  1539 D CompatibilityInfo: applicationScale - 1.0
01-01 01:11:21.724  1151  1539 D WindowManager: startStatusReceiverServiceOnFlagSet: startService done
01-01 01:11:21.728  1392  1392 W SYSTEM_UI: SWR_SYSTEM_UI_007|FUN=CollapsedStatusBarFragment::getAction |1|Broadcast action --> STATUS_UPDATE_ACTION
01-01 01:11:21.728  1392  1392 W SYSTEM_UI: SWR_SYSTEM_UI_007|FUN=CollapsedStatusBarFragment::getIntExtra |1|NotifySystemUpdates dataType --> 101
01-01 01:11:21.728  1392  1392 W SYSTEM_UI - CI07.3: className -> CollapsedStatusBarFragment | functionName -> NotifySystemUpdates | onReceive -->  | value -> FULLSCREEN MODE CHANGED | isFullScreenStatus --> false | fullScreenPackage -->com.panasonic.hmi2settings | fullscreenLastShownPackage -->null | topActivityPackage --> com.panasonic.hmi2settings
01-01 01:11:21.728  1392  1392 W SYSTEM_UI - CI07.3: className -> CollapsedStatusBarFragment | functionName -> NotifySystemUpdates | onReceive -->  | value -> Fullscreen mode changed --> path 5
01-01 01:11:21.732  3739  3739 E HMI2-SETTINGS - CI08.4: className -> WifiActivity | functionName -> mWifiScanReceiver -> onReceive | error ->intent_action:android.net.wifi.STATE_CHANGE
01-01 01:11:21.732  3739  3739 W HMI2-SETTINGS - CI08.4: className -> WifiActivity | functionName -> handleNetworkStateChanged | value -> detailedState->DISCONNECTED
01-01 01:11:21.732  3739  3739 W HMI2-SETTINGS - CI08.4: className -> WifiActivity | functionName -> handleNetworkStateChanged: config is | value ->  null
01-01 01:11:21.732  3739  3739 E HMI2-SETTINGS - CI08.4: className -> WifiActivity | functionName -> mWifiScanReceiver -> onReceive | error ->intent_action:android.net.wifi.WIFI_STATE_CHANGED
01-01 01:11:21.732  3739  3739 W HMI2-SETTINGS - CI08.4: className -> WifiActivity | functionName -> handleWifiStateChanged | value -> state = 3
01-01 01:11:21.733  1151  1539 I WifiService: getWifiEnabledState uid=1000
01-01 01:11:21.735  3739  3739 W HMI2-SETTINGS: SWR_BAIDU_HMI_0020|FUN=WifiActivity::handleConnectedNetworkVisibility|0|getWifiStat::true
01-01 01:11:21.736  1151  1539 I WifiService: getConfiguredNetworks uid=1000
01-01 01:11:21.737  3739  3739 W HMI2-SETTINGS: SWR_BAIDU_HMI_0027|SWR_BAIDU_HMI_0015|FUN=WifiActivity::getScanResults|1|Get list of available wifi hotspots.
01-01 01:11:21.751  3739  3739 W HMI2-SETTINGS - CI08.4: className -> WifiActivity | functionName -> isWapiVariantBlocked | value -> security_type:2
01-01 01:11:21.751  3739  3739 W HMI2-SETTINGS - CI08.4: className -> WifiActivity | functionName -> isInConnected | value -> |ACSIA_CORP1|0|2
01-01 01:11:21.751  3739  3739 W HMI2-SETTINGS - CI08.4: className -> WifiActivity | functionName -> isWapiVariantBlocked | value -> security_type:2
01-01 01:11:21.751  3739  3739 W HMI2-SETTINGS - CI08.4: className -> WifiActivity | functionName -> isInConnected | value -> | ACSIA_CORP3|0|2
01-01 01:11:21.751  3739  3739 W HMI2-SETTINGS - CI08.4: className -> WifiActivity | functionName -> isWapiVariantBlocked | value -> security_type:2
01-01 01:11:21.751  3739  3739 W HMI2-SETTINGS - CI08.4: className -> WifiActivity | functionName -> isInConnected | value -> |ACSIA_Management|0|2
01-01 01:11:21.751  3739  3739 W HMI2-SETTINGS - CI08.4: className -> WifiActivity | functionName -> isWapiVariantBlocked | value -> security_type:2
01-01 01:11:21.751  3739  3739 W HMI2-SETTINGS - CI08.4: className -> WifiActivity | functionName -> isInConnected | value -> |ACSIA_GUEST1|0|2
01-01 01:11:21.751  3739  3739 W HMI2-SETTINGS - CI08.4: className -> WifiActivity | functionName -> isWapiVariantBlocked | value -> security_type:2
01-01 01:11:21.751  3739  3739 W HMI2-SETTINGS - CI08.4: className -> WifiActivity | functionName -> isInConnected | value -> |ACSIA_CORP2|0|2
01-01 01:11:21.751  3739  3739 W HMI2-SETTINGS - CI08.4: className -> WifiActivity | functionName -> isWapiVariantBlocked | value -> security_type:2
01-01 01:11:21.751  3739  3739 W HMI2-SETTINGS - CI08.4: className -> WifiActivity | functionName -> isInConnected | value -> |ACSIA_DEV|0|2
01-01 01:11:21.752  3739  3739 W HMI2-SETTINGS - CI08.4: className -> WifiActivity | functionName -> isWapiVariantBlocked | value -> security_type:2
01-01 01:11:21.752  3739  3739 W HMI2-SETTINGS - CI08.4: className -> WifiActivity | functionName -> isInConnected | value -> |RSE_Test|0|2
01-01 01:11:21.752  3739  3739 W HMI2-SETTINGS - CI08.4: className -> WifiActivity | functionName -> isWapiVariantBlocked | value -> security_type:2
01-01 01:11:21.752  3739  3739 W HMI2-SETTINGS - CI08.4: className -> WifiActivity | functionName -> isInConnected | value -> |NETGEAR66-5G|0|2
01-01 01:11:21.752  3739  3739 W HMI2-SETTINGS - CI08.4: className -> WifiActivity | functionName -> isWapiVariantBlocked | value -> security_type:2
01-01 01:11:21.752  3739  3739 W HMI2-SETTINGS - CI08.4: className -> WifiActivity | functionName -> isInConnected | value -> |Secure|0|2
01-01 01:11:21.752  3739  3739 W HMI2-SETTINGS - CI08.4: className -> WifiActivity | functionName -> isWapiVariantBlocked | value -> security_type:2
01-01 01:11:21.752  3739  3739 W HMI2-SETTINGS - CI08.4: className -> WifiActivity | functionName -> isInConnected | value -> |DIRECT-YOATLP042msDU|0|2
01-01 01:11:21.752  3739  3739 W HMI2-SETTINGS - CI08.4: className -> WifiActivity | functionName -> isWapiVariantBlocked | value -> security_type:2
01-01 01:11:21.752  3739  3739 W HMI2-SETTINGS - CI08.4: className -> WifiActivity | functionName -> isInConnected | value -> |HUWIFI|0|2
01-01 01:11:21.752  3739  3739 W HMI2-SETTINGS - CI08.4: className -> WifiActivity | functionName -> isWapiVariantBlocked | value -> security_type:2
01-01 01:11:21.752  3739  3739 W HMI2-SETTINGS - CI08.4: className -> WifiActivity | functionName -> isInConnected | value -> |ACSIA_CORP1|0|2
01-01 01:11:21.752  3739  3739 W HMI2-SETTINGS - CI08.4: className -> WifiActivity | functionName -> isWapiVariantBlocked | value -> security_type:2
01-01 01:11:21.752  3739  3739 W HMI2-SETTINGS - CI08.4: className -> WifiActivity | functionName -> isInConnected | value -> |ACSIA_GUEST1|0|2
01-01 01:11:21.752  3739  3739 W HMI2-SETTINGS - CI08.4: className -> WifiActivity | functionName -> isWapiVariantBlocked | value -> security_type:2
01-01 01:11:21.752  3739  3739 W HMI2-SETTINGS - CI08.4: className -> WifiActivity | functionName -> isInConnected | value -> |ACSIA_CORP2|0|2
01-01 01:11:21.752  3739  3739 W HMI2-SETTINGS - CI08.4: className -> WifiActivity | functionName -> isWapiVariantBlocked | value -> security_type:2
01-01 01:11:21.752  3739  3739 W HMI2-SETTINGS - CI08.4: className -> WifiActivity | functionName -> isInConnected | value -> | ACSIA_CORP3|0|2
01-01 01:11:21.752  3739  3739 W HMI2-SETTINGS - CI08.4: className -> WifiActivity | functionName -> isWapiVariantBlocked | value -> security_type:2
