01-01 00:30:30.586  1151  1192 I ActivityManager: Displayed com.panasonic.hmi2settings/.activity.WifiActivity: +253ms
01-01 00:30:30.588  1151  1192 E ANDR-PERF-JNI: Iop tryGetService failed
01-01 00:30:30.600  1151  1553 D WindowManager: relayout packageName=com.panasonic.hmi2settings::session=Session{c47ecfc 3739:1000}::window=android.view.IWindow$Stub$Proxy@91ac6a1::attrs.flags=null
01-01 00:30:30.600  1151  1553 D WindowManager: relayout >>> FLAG_FULLSCREEN not set in WindowManager.LayoutParams
01-01 00:30:30.600  1151  1553 D WindowManager: startStatusReceiverServiceOnFlagSet: creating intent for action ACTION_ACTIVITY_FULLSCREEN
01-01 00:30:30.600  1151  1553 W ContextImpl: Calling a method in the system process without a qualified user: android.app.ContextImpl.startService:1476 com.android.server.wm.Session.startStatusReceiverServiceOnFlagSet:762 com.android.server.wm.Session.relayout:276 android.view.IWindowSession$Stub.onTransact:286 com.android.server.wm.Session.onTransact:166 
01-01 00:30:30.603  1151  1553 D CompatibilityInfo: mCompatibilityFlags - 4
01-01 00:30:30.603  1151  1553 D CompatibilityInfo: applicationDensity - 240
01-01 00:30:30.603  1151  1553 D CompatibilityInfo: applicationScale - 1.0
01-01 00:30:30.603  1151  1553 D WindowManager: startStatusReceiverServiceOnFlagSet: startService done
01-01 00:30:30.610  1392  1392 W SYSTEM_UI: SWR_SYSTEM_UI_007|FUN=CollapsedStatusBarFragment::getAction |1|Broadcast action --> STATUS_UPDATE_ACTION
01-01 00:30:30.611  1392  1392 W SYSTEM_UI: SWR_SYSTEM_UI_007|FUN=CollapsedStatusBarFragment::getIntExtra |1|NotifySystemUpdates dataType --> 101
01-01 00:30:30.611  1392  1392 W SYSTEM_UI - CI07.3: className -> CollapsedStatusBarFragment | functionName -> NotifySystemUpdates | onReceive -->  | value -> FULLSCREEN MODE CHANGED | isFullScreenStatus --> false | fullScreenPackage -->com.panasonic.hmi2settings | fullscreenLastShownPackage -->null | topActivityPackage --> com.panasonic.hmi2settings
01-01 00:30:30.611  1392  1392 W SYSTEM_UI - CI07.3: className -> CollapsedStatusBarFragment | functionName -> NotifySystemUpdates | onReceive -->  | value -> Fullscreen mode changed --> path 5
01-01 00:30:30.614  1151  1167 D ActivityTrigger: ActivityTrigger activityStopTrigger 
01-01 00:30:30.617  3739  3739 V Activity: back_button: onSaveInstanceState entry:com.panasonic.hmi2settings.activity.WifiManagerActivity@200cf74
01-01 00:30:30.617  3739  3739 V Activity: onSaveInstanceState com.panasonic.hmi2settings.activity.WifiManagerActivity@200cf74: Bundle[{android:viewHierarchyState=Bundle[{android:views={16908290=android.view.AbsSavedState$1@499b012, 2131427430=android.view.AbsSavedState$1@499b012, 2131427431=android.view.AbsSavedState$1@499b012, 2131427450=android.view.AbsSavedState$1@499b012, 2131427452=android.view.AbsSavedState$1@499b012, 2131427460=android.view.AbsSavedState$1@499b012, 2131427507=android.view.AbsSavedState$1@499b012, 2131427508=android.view.AbsSavedState$1@499b012, 2131427509=android.view.AbsSavedState$1@499b012, 2131427510=android.view.AbsSavedState$1@499b012, 2131427511=android.view.AbsSavedState$1@499b012, 2131427512=android.view.AbsSavedState$1@499b012, 2131427513=android.view.AbsSavedState$1@499b012, 2131427514=android.view.AbsSavedState$1@499b012}}], android:lastAutofillId=1073741823, android:fragments=android.app.FragmentManagerState@7a59e9c}]
01-01 00:30:30.618  3739  3739 V Activity: onStop com.panasonic.hmi2settings.activity.WifiManagerActivity@200cf74
01-01 00:30:30.643  1392  1392 W SYSTEM_UI - CI07.3: className -> NotificationUIService | functionName -> populateValidNotifications | value -> NOTIFICATION_INFO || packageName --> android | notificationTitle --> Connect to open WiFi network | notificationText --> HP-Print-DB-LaserJet Pro MFP | postedTime --> 1830321 | notificationId --> 17303299 | notificationFlag --> 256 | isClearable --> true | isOngoing --> false | notificationPriority --> 0 | notificationChannelImportance --> 2
01-01 00:30:30.644  1392  1392 W SYSTEM_UI - CI07.3: className -> NotificationUIService | functionName -> populateValidNotifications | value -> Notification entry not valid. System notification.
01-01 00:30:30.644  1392  1392 W SYSTEM_UI - CI07.3: className -> NotificationUIService | functionName -> populateValidNotifications | value -> NOTIFICATION_INFO || packageName --> android | notificationTitle --> USB debugging connected | notificationText --> Tap to disable USB debugging. | postedTime --> 19764 | notificationId --> 26 | notificationFlag --> 2 | isClearable --> false | isOngoing --> true | notificationPriority --> 0 | notificationChannelImportance --> 2
01-01 00:30:30.646  1392  1392 W SYSTEM_UI - CI07.3: className -> NotificationUIService | functionName -> populateValidNotifications | value -> Notification entry not valid. System notification.
01-01 00:30:30.646  1392  1392 W SYSTEM_UI - CI07.3: className -> NotificationUIService | functionName -> populateValidNotifications | value -> NOTIFICATION_INFO || packageName --> android | notificationTitle --> USB charging this device | notificationText --> Tap for more options. | postedTime --> 19755 | notificationId --> 32 | notificationFlag --> 2 | isClearable --> false | isOngoing --> true | notificationPriority --> 0 | notificationChannelImportance --> 1
01-01 00:30:30.649  1392  1392 W SYSTEM_UI - CI07.3: className -> NotificationUIService | functionName -> populateValidNotifications | value -> Notification entry not valid. System notification.
01-01 00:30:30.649  1392  1392 W SYSTEM_UI: SWR_SYSTEM_UI_003|FUN=NotificationUIService::notifyStatusLineNotifications|1|statusLineNotificationPackages size --> 0
01-01 00:30:30.649  1392  1392 W SYSTEM_UI - CI07.3: className -> NotificationUIService | functionName -> updateData | value -> passed
01-01 00:30:30.649  1392  1392 W SYSTEM_UI: SWR_BAIDU_HMI_0023 SWR_SYSTEM_UI_003 SWR_SYSTEM_UI_004|FUN=NotificationUIService::updateData|1|Received notifications from Android framework
01-01 00:30:30.650  1392  1392 W SYSTEM_UI - CI07.3: className -> NotificationUIService | functionName -> refresh | value -> updateData value --> []
01-01 00:30:30.650  1392  1392 W SYSTEM_UI: SWR_SYSTEM_UI_007|FUN=CollapsedStatusBarFragment::getAction |1|Broadcast action --> STATUS_UPDATE_ACTION
01-01 00:30:30.650  1392  1392 W SYSTEM_UI: SWR_SYSTEM_UI_007|FUN=CollapsedStatusBarFragment::getIntExtra |1|NotifySystemUpdates dataType --> 102
01-01 00:30:30.650  1392  1392 W SYSTEM_UI - CI07.3: className -> CollapsedStatusBarFragment | functionName -> NotifySystemUpdates | onReceive -->  | value -> DATATYPE_NOTIFICATION: 0
01-01 00:30:30.650  1392  1392 W SYSTEM_UI: SWR_SYSTEM_UI_003|FUN=CollapsedStatusBarFragment::NotifySystemUpdates | onREeceive|1|DATATYPE_NOTIFICATION: 0
01-01 00:30:30.733  1151  1162 I zygote64: NativeAlloc concurrent copying GC freed 171844(7MB) AllocSpace objects, 51(2MB) LOS objects, 42% free, 13MB/23MB, paused 383us total 137.171ms
01-01 00:30:31.220  1151 10154 D WificondControl: Scan result ready event
01-01 00:30:31.221  1151  1323 I WifiService: isScanAlwaysAvailable uid=1000
01-01 00:30:31.221  1151  1323 I WifiService: getWifiEnabledState uid=1000
01-01 00:30:31.221   808   808 I wificond: Enters wifigbk_ageOutHistory
01-01 00:30:31.223   921  1439 I LOWI-8.5.0.3.c: [LOWI-Scan] lowi_close_record:Scan completed in 1811262ms and Recieved 43 APs scan results
01-01 00:30:31.225   921   961 I LOWI-8.5.0.3.c: [LOWIUtils] responseToOutPostcard - TO: GTP-FDAL, FROM:   LOWI-SERVER, RESP:  LOWI_ASYNC_DISCOVERY_SCAN_RESULTS
01-01 00:30:31.228  1151  1323 D WificondScannerImpl: Filtering out 2 scan results.
01-01 00:30:31.228  1151  1323 I WifiService: isScanAlwaysAvailable uid=1000
01-01 00:30:31.228  1151  1323 I WifiService: getWifiEnabledState uid=1000
01-01 00:30:31.230   924   979 W XTCC-6.1.2.10-a: [LOWIUtils] to_eScanTypeResponse - default case
01-01 00:30:31.230   924   979 W XTCC-6.1.2.10-a: [WifiScanner] WiFi scan result : [43] AP's, async result: 1
01-01 00:30:31.232  3739  3739 E HMI2-SETTINGS - CI08.4: className -> WifiActivity | functionName -> mWifiScanReceiver -> onReceive | error ->intent_action:android.net.wifi.SCAN_RESULTS
01-01 00:30:31.233  2145  2145 D HMI_SERVICE: USE_CASE_NA|FUN=HmiApplication| [action] android.net.wifi.SCAN_RESULTS
01-01 00:30:31.233  1151 10154 I WifiService: getWifiEnabledState uid=1000
01-01 00:30:31.234  1151  1317 D ScanResultUtil: isScanResultForWapiPskNetwork: false
01-01 00:30:31.234  1151  1317 I chatty  : uid=1000(system) WifiStateMachin identical 9 lines
01-01 00:30:31.235  1151  1317 D ScanResultUtil: isScanResultForWapiPskNetwork: false
01-01 00:30:31.235  1151  1167 I WifiService: getConfiguredNetworks uid=1000
01-01 00:30:31.235  1151  1317 D ScanResultUtil: isScanResultForWapiPskNetwork: false
01-01 00:30:31.238  1151  1317 I chatty  : uid=1000(system) WifiStateMachin identical 47 lines
01-01 00:30:31.238  1151  1317 D ScanResultUtil: isScanResultForWapiPskNetwork: false
01-01 00:30:31.239  1151  1317 W WifiConfigManager: Looking up network with invalid networkId -1
01-01 00:30:31.241  1151  1317 D ScanResultUtil: isScanResultForWapiPskNetwork: false
01-01 00:30:31.243  1151  1317 I chatty  : uid=1000(system) WifiStateMachin identical 31 lines
01-01 00:30:31.243  1151  1317 D ScanResultUtil: isScanResultForWapiPskNetwork: false
01-01 00:30:31.244  3739  3739 W HMI2-SETTINGS: SWR_BAIDU_HMI_0027|SWR_BAIDU_HMI_0015|FUN=WifiActivity::getScanResults|1|Get list of available wifi hotspots.
01-01 00:30:31.250  3739  3739 W HMI2-SETTINGS - CI08.4: className -> WifiActivity | functionName -> isWapiVariantBlocked | value -> security_type:2
01-01 00:30:31.250  3739  3739 W HMI2-SETTINGS - CI08.4: className -> WifiActivity | functionName -> isInConnected | value -> | ACSIA_CORP3|0|2
01-01 00:30:31.250  3739  3739 W HMI2-SETTINGS - CI08.4: className -> WifiActivity | functionName -> isWapiVariantBlocked | value -> security_type:2
01-01 00:30:31.250  3739  3739 W HMI2-SETTINGS - CI08.4: className -> WifiActivity | functionName -> isInConnected | value -> |ACSIA_CORP1|0|2
01-01 00:30:31.250  3739  3739 W HMI2-SETTINGS - CI08.4: className -> WifiActivity | functionName -> isWapiVariantBlocked | value -> security_type:2
01-01 00:30:31.250  3739  3739 W HMI2-SETTINGS - CI08.4: className -> WifiActivity | functionName -> isInConnected | value -> |ACSIA_CORP2|0|2
01-01 00:30:31.250  3739  3739 W HMI2-SETTINGS - CI08.4: className -> WifiActivity | functionName -> isWapiVariantBlocked | value -> security_type:2
01-01 00:30:31.250  3739  3739 W HMI2-SETTINGS - CI08.4: className -> WifiActivity | functionName -> isInConnected | value -> |ACSIA_Management|0|2
01-01 00:30:31.250  3739  3739 W HMI2-SETTINGS - CI08.4: className -> WifiActivity | functionName -> isWapiVariantBlocked | value -> security_type:2
01-01 00:30:31.250  3739  3739 W HMI2-SETTINGS - CI08.4: className -> WifiActivity | functionName -> isInConnected | value -> |ACSIA_GUEST1|0|2
01-01 00:30:31.250  3739  3739 W HMI2-SETTINGS - CI08.4: className -> WifiActivity | functionName -> isWapiVariantBlocked | value -> security_type:2
01-01 00:30:31.250  3739  3739 W HMI2-SETTINGS - CI08.4: className -> WifiActivity | functionName -> isInConnected | value -> |ACSIA_DEV|0|2
01-01 00:30:31.250  3739  3739 W HMI2-SETTINGS - CI08.4: className -> WifiActivity | functionName -> isWapiVariantBlocked | value -> security_type:2
01-01 00:30:31.250  3739  3739 W HMI2-SETTINGS - CI08.4: className -> WifiActivity | functionName -> isInConnected | value -> |RSE_Test|0|2
01-01 00:30:31.250  3739  3739 W HMI2-SETTINGS - CI08.4: className -> WifiActivity | functionName -> isWapiVariantBlocked | value -> security_type:2
01-01 00:30:31.250  3739  3739 W HMI2-SETTINGS - CI08.4: className -> WifiActivity | functionName -> isInConnected | value -> |NETGEAR66-5G|0|2
01-01 00:30:31.250  3739  3739 W HMI2-SETTINGS - CI08.4: className -> WifiActivity | functionName -> isWapiVariantBlocked | value -> security_type:2
01-01 00:30:31.250  3739  3739 W HMI2-SETTINGS - CI08.4: className -> WifiActivity | functionName -> isInConnected | value -> |Secure|0|2
01-01 00:30:31.250  3739  3739 W HMI2-SETTINGS - CI08.4: className -> WifiActivity | functionName -> isWapiVariantBlocked | value -> security_type:2
01-01 00:30:31.250  3739  3739 W HMI2-SETTINGS - CI08.4: className -> WifiActivity | functionName -> isInConnected | value -> |ACSIA_Management|0|2
01-01 00:30:31.250  3739  3739 W HMI2-SETTINGS - CI08.4: className -> WifiActivity | functionName -> isWapiVariantBlocked | value -> security_type:2
01-01 00:30:31.250  3739  3739 W HMI2-SETTINGS - CI08.4: className -> WifiActivity | functionName -> isInConnected | value -> | ACSIA_CORP3|0|2
01-01 00:30:31.250  3739  3739 W HMI2-SETTINGS - CI08.4: className -> WifiActivity | functionName -> isWapiVariantBlocked | value -> security_type:2
01-01 00:30:31.250  3739  3739 W HMI2-SETTINGS - CI08.4: className -> WifiActivity | functionName -> isInConnected | value -> |ACSIA_CORP1|0|2
01-01 00:30:31.251  3739  3739 W HMI2-SETTINGS - CI08.4: className -> WifiActivity | functionName -> isWapiVariantBlocked | value -> security_type:2
01-01 00:30:31.251  3739  3739 W HMI2-SETTINGS - CI08.4: className -> WifiActivity | functionName -> isInConnected | value -> |HUWIFI|0|2
01-01 00:30:31.251  3739  3739 W HMI2-SETTINGS - CI08.4: className -> WifiActivity | functionName -> isWapiVariantBlocked | value -> security_type:2
01-01 00:30:31.251  3739  3739 W HMI2-SETTINGS - CI08.4: className -> WifiActivity | functionName -> isInConnected | value -> |RSE_Test|0|2
01-01 00:30:31.251  3739  3739 W HMI2-SETTINGS - CI08.4: className -> WifiActivity | functionName -> isWapiVariantBlocked | value -> security_type:2
01-01 00:30:31.251  3739  3739 W HMI2-SETTINGS - CI08.4: className -> WifiActivity | functionName -> isInConnected | value -> |ACSIA_GUEST1|0|2
01-01 00:30:31.251  3739  3739 W HMI2-SETTINGS - CI08.4: className -> WifiActivity | functionName -> isWapiVariantBlocked | value -> security_type:2
01-01 00:30:31.251  3739  3739 W HMI2-SETTINGS - CI08.4: className -> WifiActivity | functionName -> isInConnected | value -> |ACSIA_DEV|0|2
01-01 00:30:31.251  3739  3739 W HMI2-SETTINGS - CI08.4: className -> WifiActivity | functionName -> isWapiVariantBlocked | value -> security_type:2
01-01 00:30:31.251  3739  3739 W HMI2-SETTINGS - CI08.4: className -> WifiActivity | functionName -> isInConnected | value -> |ACSIA_CORP2|0|2
01-01 00:30:31.251  3739  3739 W HMI2-SETTINGS - CI08.4: className -> WifiActivity | functionName -> isWapiVariantBlocked | value -> security_type:2
01-01 00:30:31.251  3739  3739 W HMI2-SETTINGS - CI08.4: className -> WifiActivity | functionName -> isInConnected | value -> |DIRECT-vQINLT044msmJ|0|2
01-01 00:30:31.251  3739  3739 W HMI2-SETTINGS - CI08.4: className -> WifiActivity | functionName -> isWapiVariantBlocked | value -> security_type:2
01-01 00:30:31.251  3739  3739 W HMI2-SETTINGS - CI08.4: className -> WifiActivity | functionName -> isInConnected | value -> |DIRECT-DMATCLWI2064msNL|0|2
01-01 00:30:31.251  3739  3739 W HMI2-SETTINGS - CI08.4: className -> WifiActivity | functionName -> isWapiVariantBlocked | value -> security_type:2
01-01 00:30:31.251  3739  3739 W HMI2-SETTINGS - CI08.4: className -> WifiActivity | functionName -> isInConnected | value -> |ACSIA_CORP1|0|2
01-01 00:30:31.251  3739  3739 W HMI2-SETTINGS - CI08.4: className -> WifiActivity | functionName -> isWapiVariantBlocked | value -> security_type:2
01-01 00:30:31.251  3739  3739 W HMI2-SETTINGS - CI08.4: className -> WifiActivity | functionName -> isInConnected | value -> |ACSIA_GUEST1|0|2
01-01 00:30:31.251  3739  3739 W HMI2-SETTINGS - CI08.4: className -> WifiActivity | functionName -> isWapiVariantBlocked | value -> security_type:2
01-01 00:30:31.251  3739  3739 W HMI2-SETTINGS - CI08.4: className -> WifiActivity | functionName -> isInConnected | value -> |ACSIA_DEV|0|2
01-01 00:30:31.251  3739  3739 W HMI2-SETTINGS - CI08.4: className -> WifiActivity | functionName -> isWapiVariantBlocked | value -> security_type:2
01-01 00:30:31.251  3739  3739 W HMI2-SETTINGS - CI08.4: className -> WifiActivity | functionName -> isInConnected | value -> |RSE_Test|0|2
01-01 00:30:31.251  3739  3739 W HMI2-SETTINGS - CI08.4: className -> WifiActivity | functionName -> isWapiVariantBlocked | value -> security_type:2
01-01 00:30:31.251  3739  3739 W HMI2-SETTINGS - CI08.4: className -> WifiActivity | functionName -> isInConnected | value -> |ACSIA_CORP2|0|2
01-01 00:30:31.251  3739  3739 W HMI2-SETTINGS - CI08.4: className -> WifiActivity | functionName -> isWapiVariantBlocked | value -> security_type:2
01-01 00:30:31.251  3739  3739 W HMI2-SETTINGS - CI08.4: className -> WifiActivity | functionName -> isInConnected | value -> | ACSIA_CORP3|0|2
01-01 00:30:31.251  3739  3739 W HMI2-SETTINGS - CI08.4: className -> WifiActivity | functionName -> isWapiVariantBlocked | value -> security_type:2
01-01 00:30:31.251  3739  3739 W HMI2-SETTINGS - CI08.4: className -> WifiActivity | functionName -> isInConnected | value -> |ACSIA_Management|0|2
01-01 00:30:31.251  3739  3739 W HMI2-SETTINGS - CI08.4: className -> WifiActivity | functionName -> isWapiVariantBlocked | value -> security_type:2
01-01 00:30:31.251  3739  3739 W HMI2-SETTINGS - CI08.4: className -> WifiActivity | functionName -> isInConnected | value -> |AUTOMATION_TEST|0|2
01-01 00:30:31.252  3739  3739 W HMI2-SETTINGS - CI08.4: className -> WifiActivity | functionName -> isWapiVariantBlocked | value -> security_type:2
01-01 00:30:31.252  3739  3739 W HMI2-SETTINGS - CI08.4: className -> WifiActivity | functionName -> isInConnected | value -> |MB Hotspot 61185|0|2
01-01 00:30:31.252  3739  3739 W HMI2-SETTINGS - CI08.4: className -> WifiActivity | functionName -> isWapiVariantBlocked | value -> security_type:0
01-01 00:30:31.252  3739  3739 W HMI2-SETTINGS - CI08.4: className -> WifiActivity | functionName -> isInConnected | value -> |HP-Print-DB-LaserJet Pro MFP|0|0
01-01 00:30:31.252  3739  3739 W HMI2-SETTINGS - CI08.4: className -> WifiActivity | functionName -> handleAllAvailNetwork | value -> savedNetwork ->0
01-01 00:30:31.252  3739  3739 W HMI2-SETTINGS - CI08.4: className -> WifiActivity | functionName -> handleAllAvailNetwork | value -> presentVisibleNetwork ->29
01-01 00:30:31.255  3739  3739 W HMI2-SETTINGS - CI08.4: className -> WifiActivity | functionName -> handleIfWifiAvailableNetworks: config is  | value -> null
01-01 00:30:31.295  3675 11026 D UIAutomatorStub: URI: /jsonrpc/0, Method: POST, Header: {content-length=274, remote-addr=127.0.0.1, http-client-ip=127.0.0.1, host=localhost:9009, content-type=application/json, connection=close, accept-encoding=identity, user-agent=Python-urllib/2.7}, params, {NanoHttpd.QUERY_STRING=null}, files: {postData={"params": [{"childOrSiblingSelector": [], "scrollable": true, "mask": 16384, "childOrSibling": []}, {"childOrSiblingSelector": [], "text": "RSE_Test", "mask": 1, "childOrSibling": []}, true], "jsonrpc": "2.0", "method": "scrollTo", "id": "14d9dacfde8b1ce256449bbb495b3406"}}
01-01 00:30:31.363   729   748 I sssv-lib: sendMsg enter
01-01 00:30:31.363   729   748 I sssv-lib: sendMsg complete.
01-01 00:30:31.657  2752  2841 D BaseStatisticsManager: checkNeedSendStatisticsRunnable run
01-01 00:30:31.657  2752  2841 D BaseStatisticsManager: checkNeedSendStatistics
01-01 00:30:31.658  2752  4588 D BaseStatisticsManager: checkSendToServer:type=useraction_appsearch_tablet
01-01 00:30:31.660  2752  4588 D BaseStatisticsManager: isArchieveBatchCondition:type=useraction_appsearch_tablet:count=80
01-01 00:30:31.920  3675 11026 D UiScrollable: scrollToBeginning() on selector = UiSelector[SCROLLABLE=true]
01-01 00:30:31.920  3675 11026 D UiScrollable: scrollBackward() on selector = UiSelector[SCROLLABLE=true]
01-01 00:30:31.927  3675 11026 I QueryController: Matched selector: UiSelector[SCROLLABLE=true] <<==>> [android.view.accessibility.AccessibilityNodeInfo@1cab3b0; boundsInParent: Rect(0, 0 - 1332, 889); boundsInScreen: Rect(305, 172 - 1637, 1061); packageName: com.panasonic.hmi2settings; className: android.widget.ScrollView; text: null; error: null; maxTextLength: -1; contentDescription: null; viewIdResName: com.panasonic.hmi2settings:id/scrollWifi; checkable: false; checked: false; focusable: true; focused: false; selected: false; clickable: false; longClickable: false; contextClickable: false; enabled: true; password: false; scrollable: true; importantForAccessibility: true; actions: [AccessibilityAction: ACTION_FOCUS - null, AccessibilityAction: ACTION_SELECT - null, AccessibilityAction: ACTION_CLEAR_SELECTION - null, AccessibilityAction: ACTION_ACCESSIBILITY_FOCUS - null, AccessibilityAction: ACTION_SCROLL_FORWARD - null, AccessibilityAction: ACTION_SHOW_ON_SCREEN - null]]
01-01 00:30:31.927  3675 11026 D UiScrollable: scrollToBegining() using vertical scroll
01-01 00:30:31.927  3675 11026 D InteractionController: scrollSwipe (971, 260, 971, 973, 55)
01-01 00:30:32.367   729   748 I sssv-lib: sendMsg enter
01-01 00:30:32.367   729   748 I sssv-lib: sendMsg complete.
01-01 00:30:32.779   635   635 E ANDR-PERF-TARGET: Error: Invalid logical cluster id 0
01-01 00:30:32.779   635   635 E ANDR-PERF-MPCTL: invalid request, no optimizations performed
01-01 00:30:32.796   635   635 E ANDR-PERF-TARGET: Error: Invalid logical cluster id 0
01-01 00:30:32.796   635   635 E ANDR-PERF-MPCTL: invalid request, no optimizations performed
01-01 00:30:32.812   635   635 E ANDR-PERF-TARGET: Error: Invalid logical cluster id 0
01-01 00:30:32.813   635   635 E ANDR-PERF-MPCTL: invalid request, no optimizations performed
01-01 00:30:32.829   635   635 E ANDR-PERF-TARGET: Error: Invalid logical cluster id 0
01-01 00:30:32.829   635   635 E ANDR-PERF-MPCTL: invalid request, no optimizations performed
01-01 00:30:32.846   635   635 E ANDR-PERF-TARGET: Error: Invalid logical cluster id 0
01-01 00:30:32.846   635   635 E ANDR-PERF-MPCTL: invalid request, no optimizations performed
01-01 00:30:32.846   635   635 E ANDR-PERF-TARGET: Error: Invalid logical cluster id 0
01-01 00:30:32.846   635   635 E ANDR-PERF-MPCTL: invalid request, no optimizations performed
01-01 00:30:32.863   635   635 E ANDR-PERF-TARGET: Error: Invalid logical cluster id 0
01-01 00:30:32.863   635   635 E ANDR-PERF-MPCTL: invalid request, no optimizations performed
01-01 00:30:32.879   635   635 E ANDR-PERF-TARGET: Error: Invalid logical cluster id 0
01-01 00:30:32.879   635   635 E ANDR-PERF-MPCTL: invalid request, no optimizations performed
01-01 00:30:32.896   635   635 E ANDR-PERF-TARGET: Error: Invalid logical cluster id 0
01-01 00:30:32.896   635   635 E ANDR-PERF-MPCTL: invalid request, no optimizations performed
01-01 00:30:32.913   635   635 E ANDR-PERF-TARGET: Error: Invalid logical cluster id 0
01-01 00:30:32.913   635   635 E ANDR-PERF-MPCTL: invalid request, no optimizations performed
01-01 00:30:32.929   635   635 E ANDR-PERF-TARGET: Error: Invalid logical cluster id 0
01-01 00:30:32.930   635   635 E ANDR-PERF-MPCTL: invalid request, no optimizations performed
01-01 00:30:32.946   635   635 E ANDR-PERF-TARGET: Error: Invalid logical cluster id 0
01-01 00:30:32.946   635   635 E ANDR-PERF-MPCTL: invalid request, no optimizations performed
01-01 00:30:32.963   635   635 E ANDR-PERF-TARGET: Error: Invalid logical cluster id 0
01-01 00:30:32.963   635   635 E ANDR-PERF-MPCTL: invalid request, no optimizations performed
01-01 00:30:32.969  1933  1957 D LCMANDR : SWR_OOB_HV_MF_009|FUN=LifeCycleManagerService::LifeCycle_ReportCompStatus|GOT ALIVENESS SIGNAL FROM DAIAPP : [0]; HB Counter = [ 720 ]; STATUS INFO = [ 0 ]
01-01 00:30:32.970  1519  1519 I Connectivity_AIDL|AIDL_Handler.AIDL_Helpers.LcmHelper: MBUX App Method: KeepAliveTest |Line No: 408 |Log Type: Critical |Message: MainThread:MBUX-App HB Count: 722, ResponseCode: 0
01-01 00:30:32.980   635   635 E ANDR-PERF-TARGET: Error: Invalid logical cluster id 0
01-01 00:30:32.980   635   635 E ANDR-PERF-MPCTL: invalid request, no optimizations performed
01-01 00:30:32.996   635   635 E ANDR-PERF-TARGET: Error: Invalid logical cluster id 0
01-01 00:30:32.996   635   635 E ANDR-PERF-MPCTL: invalid request, no optimizations performed
01-01 00:30:33.013   635   635 E ANDR-PERF-TARGET: Error: Invalid logical cluster id 0
01-01 00:30:33.013   635   635 E ANDR-PERF-MPCTL: invalid request, no optimizations performed
01-01 00:30:33.030   635   635 E ANDR-PERF-TARGET: Error: Invalid logical cluster id 0
01-01 00:30:33.030   635   635 E ANDR-PERF-MPCTL: invalid request, no optimizations performed
01-01 00:30:33.037   625   625 D WifiHAL : Start get packet fate command
01-01 00:30:33.037   625   625 D WifiHAL : createRequest Get Tx packet fate request
01-01 00:30:33.037   625   625 E WifiHAL : Failed to register get pkt fate response; result = -95
01-01 00:30:33.038  1151  1317 E WifiVendorHal: getTxPktFates(l.2067) failed {.code = ERROR_UNKNOWN, .description = errno: -95 (Unknown error -95)}
01-01 00:30:33.038   625   625 D WifiHAL : Start get packet fate command
01-01 00:30:33.038   625   625 D WifiHAL : createRequest Get Rx packet fate request
01-01 00:30:33.038   625   625 E WifiHAL : Failed to register get pkt fate response; result = -95
01-01 00:30:33.039  1151  1317 E WifiVendorHal: getRxPktFates(l.2107) failed {.code = ERROR_UNKNOWN, .description = errno: -95 (Unknown error -95)}
01-01 00:30:33.041  3675 11026 W InteractionController: runAndwaitForEvents timed out waiting for events
01-01 00:30:33.046   635   635 E ANDR-PERF-TARGET: Error: Invalid logical cluster id 0
01-01 00:30:33.047   635   635 E ANDR-PERF-MPCTL: invalid request, no optimizations performed
01-01 00:30:33.050  3675 11026 D UiScrollable: scrollForward() on selector = UiSelector[SCROLLABLE=true]
01-01 00:30:33.058  3675 11026 I QueryController: Matched selector: UiSelector[SCROLLABLE=true] <<==>> [android.view.accessibility.AccessibilityNodeInfo@1cab3b0; boundsInParent: Rect(0, 0 - 1332, 889); boundsInScreen: Rect(305, 172 - 1637, 1061); packageName: com.panasonic.hmi2settings; className: android.widget.ScrollView; text: null; error: null; maxTextLength: -1; contentDescription: null; viewIdResName: com.panasonic.hmi2settings:id/scrollWifi; checkable: false; checked: false; focusable: true; focused: false; selected: false; clickable: false; longClickable: false; contextClickable: false; enabled: true; password: false; scrollable: true; importantForAccessibility: true; actions: [AccessibilityAction: ACTION_FOCUS - null, AccessibilityAction: ACTION_SELECT - null, AccessibilityAction: ACTION_CLEAR_SELECTION - null, AccessibilityAction: ACTION_ACCESSIBILITY_FOCUS - null, AccessibilityAction: ACTION_SCROLL_FORWARD - null, AccessibilityAction: ACTION_SHOW_ON_SCREEN - null]]
01-01 00:30:33.058  3675 11026 D InteractionController: scrollSwipe (971, 973, 971, 260, 55)
01-01 00:30:33.063   635   635 E ANDR-PERF-TARGET: Error: Invalid logical cluster id 0
01-01 00:30:33.063   635   635 E ANDR-PERF-MPCTL: invalid request, no optimizations performed
01-01 00:30:33.080   635   635 E ANDR-PERF-TARGET: Error: Invalid logical cluster id 0
01-01 00:30:33.080   635   635 E ANDR-PERF-MPCTL: invalid request, no optimizations performed
01-01 00:30:33.096   635   635 E ANDR-PERF-TARGET: Error: Invalid logical cluster id 0
01-01 00:30:33.097   635   635 E ANDR-PERF-MPCTL: invalid request, no optimizations performed
01-01 00:30:33.108   625   625 D WifiHAL : Start get packet fate command
01-01 00:30:33.108   625   625 D WifiHAL : createRequest Get Tx packet fate request
01-01 00:30:33.108   625   625 E WifiHAL : Failed to register get pkt fate response; result = -95
01-01 00:30:33.108  1151  1317 E WifiVendorHal: getTxPktFates(l.2067) failed {.code = ERROR_UNKNOWN, .description = errno: -95 (Unknown error -95)}
01-01 00:30:33.109   625   625 D WifiHAL : Start get packet fate command
01-01 00:30:33.109   625   625 D WifiHAL : createRequest Get Rx packet fate request
01-01 00:30:33.109   625   625 E WifiHAL : Failed to register get pkt fate response; result = -95
01-01 00:30:33.110  1151  1317 E WifiVendorHal: getRxPktFates(l.2107) failed {.code = ERROR_UNKNOWN, .description = errno: -95 (Unknown error -95)}
01-01 00:30:33.113   635   635 E ANDR-PERF-TARGET: Error: Invalid logical cluster id 0
01-01 00:30:33.113   635   635 E ANDR-PERF-MPCTL: invalid request, no optimizations performed
01-01 00:30:33.130   635   635 E ANDR-PERF-TARGET: Error: Invalid logical cluster id 0
01-01 00:30:33.130   635   635 E ANDR-PERF-MPCTL: invalid request, no optimizations performed
01-01 00:30:33.147   635   635 E ANDR-PERF-TARGET: Error: Invalid logical cluster id 0
01-01 00:30:33.147   635   635 E ANDR-PERF-MPCTL: invalid request, no optimizations performed
01-01 00:30:33.163   635   635 E ANDR-PERF-TARGET: Error: Invalid logical cluster id 0
01-01 00:30:33.163   635   635 E ANDR-PERF-MPCTL: invalid request, no optimizations performed
01-01 00:30:33.180   635   635 E ANDR-PERF-TARGET: Error: Invalid logical cluster id 0
01-01 00:30:33.180   635   635 E ANDR-PERF-MPCTL: invalid request, no optimizations performed
01-01 00:30:33.197   635   635 E ANDR-PERF-TARGET: Error: Invalid logical cluster id 0
01-01 00:30:33.197   635   635 E ANDR-PERF-MPCTL: invalid request, no optimizations performed
01-01 00:30:33.213   635   635 E ANDR-PERF-TARGET: Error: Invalid logical cluster id 0
01-01 00:30:33.214   635   635 E ANDR-PERF-MPCTL: invalid request, no optimizations performed
01-01 00:30:33.230   635   635 E ANDR-PERF-TARGET: Error: Invalid logical cluster id 0
01-01 00:30:33.230   635   635 E ANDR-PERF-MPCTL: invalid request, no optimizations performed
01-01 00:30:33.247   635   635 E ANDR-PERF-TARGET: Error: Invalid logical cluster id 0
01-01 00:30:33.247   635   635 E ANDR-PERF-MPCTL: invalid request, no optimizations performed
01-01 00:30:33.263   635   635 E ANDR-PERF-TARGET: Error: Invalid logical cluster id 0
01-01 00:30:33.264   635   635 E ANDR-PERF-MPCTL: invalid request, no optimizations performed
01-01 00:30:33.280   635   635 E ANDR-PERF-TARGET: Error: Invalid logical cluster id 0
01-01 00:30:33.280   635   635 E ANDR-PERF-MPCTL: invalid request, no optimizations performed
01-01 00:30:33.297   635   635 E ANDR-PERF-TARGET: Error: Invalid logical cluster id 0
01-01 00:30:33.297   635   635 E ANDR-PERF-MPCTL: invalid request, no optimizations performed
01-01 00:30:33.314   635   635 E ANDR-PERF-TARGET: Error: Invalid logical cluster id 0
01-01 00:30:33.314   635   635 E ANDR-PERF-MPCTL: invalid request, no optimizations performed
01-01 00:30:33.330   635   635 E ANDR-PERF-TARGET: Error: Invalid logical cluster id 0
01-01 00:30:33.330   635   635 E ANDR-PERF-MPCTL: invalid request, no optimizations performed
01-01 00:30:33.347   635   635 E ANDR-PERF-TARGET: Error: Invalid logical cluster id 0
01-01 00:30:33.347   635   635 E ANDR-PERF-MPCTL: invalid request, no optimizations performed
01-01 00:30:33.364   635   635 E ANDR-PERF-TARGET: Error: Invalid logical cluster id 0
01-01 00:30:33.364   635   635 E ANDR-PERF-MPCTL: invalid request, no optimizations performed
01-01 00:30:33.368   729   748 I sssv-lib: sendMsg enter
01-01 00:30:33.368   729   748 I sssv-lib: sendMsg complete.
01-01 00:30:33.380   635   635 E ANDR-PERF-TARGET: Error: Invalid logical cluster id 0
01-01 00:30:33.380   635   635 E ANDR-PERF-MPCTL: invalid request, no optimizations performed
01-01 00:30:33.397   635   635 E ANDR-PERF-TARGET: Error: Invalid logical cluster id 0
01-01 00:30:33.397   635   635 E ANDR-PERF-MPCTL: invalid request, no optimizations performed
01-01 00:30:33.414   635   635 E ANDR-PERF-TARGET: Error: Invalid logical cluster id 0
01-01 00:30:33.414   635   635 E ANDR-PERF-MPCTL: invalid request, no optimizations performed
01-01 00:30:33.431   635   635 E ANDR-PERF-TARGET: Error: Invalid logical cluster id 0
01-01 00:30:33.431   635   635 E ANDR-PERF-MPCTL: invalid request, no optimizations performed
01-01 00:30:33.447   635   635 E ANDR-PERF-TARGET: Error: Invalid logical cluster id 0
01-01 00:30:33.447   635   635 E ANDR-PERF-MPCTL: invalid request, no optimizations performed
01-01 00:30:33.464   635   635 E ANDR-PERF-TARGET: Error: Invalid logical cluster id 0
01-01 00:30:33.464   635   635 E ANDR-PERF-MPCTL: invalid request, no optimizations performed
01-01 00:30:33.481   635   635 E ANDR-PERF-TARGET: Error: Invalid logical cluster id 0
01-01 00:30:33.481   635   635 E ANDR-PERF-MPCTL: invalid request, no optimizations performed
01-01 00:30:33.497   635   635 E ANDR-PERF-TARGET: Error: Invalid logical cluster id 0
01-01 00:30:33.497   635   635 E ANDR-PERF-MPCTL: invalid request, no optimizations performed
01-01 00:30:33.514   635   635 E ANDR-PERF-TARGET: Error: Invalid logical cluster id 0
01-01 00:30:33.514   635   635 E ANDR-PERF-MPCTL: invalid request, no optimizations performed
01-01 00:30:33.516  1933  1933 I LCMANDR : SWR_OOB_HV_MF_009|FUN=ResourceMonitoringService::movingMemoryAverage|2|Moving memory average :28.57186
01-01 00:30:33.516  1933  1933 W LCMANDR : SWR_OOB_HV_MF_009|FUN=ResourceMonitoringService::getCpuUsageStatistic|Moving MEM AVG :::::::::28.57186
01-01 00:30:33.517  1933  1933 W LCMANDR : SWR_OOB_HV_MF_009|FUN=ResourceMonitoringService::getCpuUsageStatistic|2|Total cpu usage :25.947186
01-01 00:30:33.517  1933  1933 I LCMANDR : SWR_OOB_HV_MF_009|FUN=ResourceMonitoringService::getCpuUsageStatistic|Cpu usage of core  0 is28.421053
01-01 00:30:33.518  1933  1933 I LCMANDR : SWR_OOB_HV_MF_009|FUN=ResourceMonitoringService::getCpuUsageStatistic|Cpu usage of core  1 is25.172413
01-01 00:30:33.518  1933  1933 I LCMANDR : SWR_OOB_HV_MF_009|FUN=ResourceMonitoringService::getCpuUsageStatistic|Cpu usage of core  2 is24.324326
01-01 00:30:33.518  1933  1933 I LCMANDR : ResourceMonitoringService::movingCpuAverage()
01-01 00:30:33.518  1933  1933 I LCMANDR : SWR_OOB_HV_MF_009|FUN=ResourceMonitoringService::movingCpuAverage|2|Moving window average of CPU 23.289179
01-01 00:30:33.518  1933  1933 I LCMANDR : SWR_OOB_HV_MF_009|FUN=ResourceMonitoringService::movingCpuAverage|2|Cpu moving average of core  0 is25.449808
01-01 00:30:33.518  1933  1933 I LCMANDR : SWR_OOB_HV_MF_009|FUN=ResourceMonitoringService::movingCpuAverage|2|Cpu moving average of core  1 is21.722237
01-01 00:30:33.518  1933  1933 I LCMANDR : SWR_OOB_HV_MF_009|FUN=ResourceMonitoringService::movingCpuAverage|2|Cpu moving average of core  2 is22.694645
01-01 00:30:33.518  1933  1933 D LCMANDR : SWR_OOB_HV_MF_009|FUN=ResourceMonitoringService::movingCpuAverage|2|Exiting VAL = 23.289179
01-01 00:30:33.531   635   635 E ANDR-PERF-TARGET: Error: Invalid logical cluster id 0
01-01 00:30:33.531   635   635 E ANDR-PERF-MPCTL: invalid request, no optimizations performed
01-01 00:30:33.547   635   635 E ANDR-PERF-TARGET: Error: Invalid logical cluster id 0
01-01 00:30:33.547   635   635 E ANDR-PERF-MPCTL: invalid request, no optimizations performed
01-01 00:30:33.564   635   635 E ANDR-PERF-TARGET: Error: Invalid logical cluster id 0
01-01 00:30:33.564   635   635 E ANDR-PERF-MPCTL: invalid request, no optimizations performed
01-01 00:30:33.581   635   635 E ANDR-PERF-TARGET: Error: Invalid logical cluster id 0
01-01 00:30:33.581   635   635 E ANDR-PERF-MPCTL: invalid request, no optimizations performed
01-01 00:30:33.598   635   635 E ANDR-PERF-TARGET: Error: Invalid logical cluster id 0
01-01 00:30:33.598   635   635 E ANDR-PERF-MPCTL: invalid request, no optimizations performed
01-01 00:30:33.614   635   635 E ANDR-PERF-TARGET: Error: Invalid logical cluster id 0
01-01 00:30:33.614   635   635 E ANDR-PERF-MPCTL: invalid request, no optimizations performed
01-01 00:30:33.631   635   635 E ANDR-PERF-TARGET: Error: Invalid logical cluster id 0
01-01 00:30:33.631   635   635 E ANDR-PERF-MPCTL: invalid request, no optimizations performed
01-01 00:30:33.648   635   635 E ANDR-PERF-TARGET: Error: Invalid logical cluster id 0
01-01 00:30:33.648   635   635 E ANDR-PERF-MPCTL: invalid request, no optimizations performed
01-01 00:30:33.665   635   635 E ANDR-PERF-TARGET: Error: Invalid logical cluster id 0
01-01 00:30:33.665   635   635 E ANDR-PERF-MPCTL: invalid request, no optimizations performed
01-01 00:30:33.681   635   635 E ANDR-PERF-TARGET: Error: Invalid logical cluster id 0
01-01 00:30:33.681   635   635 E ANDR-PERF-MPCTL: invalid request, no optimizations performed
01-01 00:30:33.698   635   635 E ANDR-PERF-TARGET: Error: Invalid logical cluster id 0
01-01 00:30:33.698   635   635 E ANDR-PERF-MPCTL: invalid request, no optimizations performed
01-01 00:30:33.715   635   635 E ANDR-PERF-TARGET: Error: Invalid logical cluster id 0
01-01 00:30:33.715   635   635 E ANDR-PERF-MPCTL: invalid request, no optimizations performed
01-01 00:30:33.731   635   635 E ANDR-PERF-TARGET: Error: Invalid logical cluster id 0
01-01 00:30:33.731   635   635 E ANDR-PERF-MPCTL: invalid request, no optimizations performed
01-01 00:30:33.748   635   635 E ANDR-PERF-TARGET: Error: Invalid logical cluster id 0
01-01 00:30:33.748   635   635 E ANDR-PERF-MPCTL: invalid request, no optimizations performed
01-01 00:30:33.765   635   635 E ANDR-PERF-TARGET: Error: Invalid logical cluster id 0
01-01 00:30:33.765   635   635 E ANDR-PERF-MPCTL: invalid request, no optimizations performed
01-01 00:30:33.781   635   635 E ANDR-PERF-TARGET: Error: Invalid logical cluster id 0
01-01 00:30:33.782   635   635 E ANDR-PERF-MPCTL: invalid request, no optimizations performed
01-01 00:30:33.798   635   635 E ANDR-PERF-TARGET: Error: Invalid logical cluster id 0
01-01 00:30:33.798   635   635 E ANDR-PERF-MPCTL: invalid request, no optimizations performed
01-01 00:30:33.815   635   635 E ANDR-PERF-TARGET: Error: Invalid logical cluster id 0
01-01 00:30:33.815   635   635 E ANDR-PERF-MPCTL: invalid request, no optimizations performed
01-01 00:30:33.831   635   635 E ANDR-PERF-TARGET: Error: Invalid logical cluster id 0
01-01 00:30:33.831   635   635 E ANDR-PERF-MPCTL: invalid request, no optimizations performed
01-01 00:30:33.848   635   635 E ANDR-PERF-TARGET: Error: Invalid logical cluster id 0
01-01 00:30:33.848   635   635 E ANDR-PERF-MPCTL: invalid request, no optimizations performed
01-01 00:30:33.865   635   635 E ANDR-PERF-TARGET: Error: Invalid logical cluster id 0
01-01 00:30:33.865   635   635 E ANDR-PERF-MPCTL: invalid request, no optimizations performed
01-01 00:30:33.882   635   635 E ANDR-PERF-TARGET: Error: Invalid logical cluster id 0
01-01 00:30:33.882   635   635 E ANDR-PERF-MPCTL: invalid request, no optimizations performed
01-01 00:30:33.898   635   635 E ANDR-PERF-TARGET: Error: Invalid logical cluster id 0
01-01 00:30:33.898   635   635 E ANDR-PERF-MPCTL: invalid request, no optimizations performed
01-01 00:30:33.915   635   635 E ANDR-PERF-TARGET: Error: Invalid logical cluster id 0
01-01 00:30:33.915   635   635 E ANDR-PERF-MPCTL: invalid request, no optimizations performed
01-01 00:30:33.932   635   635 E ANDR-PERF-TARGET: Error: Invalid logical cluster id 0
01-01 00:30:33.932   635   635 E ANDR-PERF-MPCTL: invalid request, no optimizations performed
01-01 00:30:33.948   635   635 E ANDR-PERF-TARGET: Error: Invalid logical cluster id 0
01-01 00:30:33.948   635   635 E ANDR-PERF-MPCTL: invalid request, no optimizations performed
01-01 00:30:33.965   635   635 E ANDR-PERF-TARGET: Error: Invalid logical cluster id 0
01-01 00:30:33.965   635   635 E ANDR-PERF-MPCTL: invalid request, no optimizations performed
01-01 00:30:33.982   635   635 E ANDR-PERF-TARGET: Error: Invalid logical cluster id 0
01-01 00:30:33.982   635   635 E ANDR-PERF-MPCTL: invalid request, no optimizations performed
01-01 00:30:33.982   635   635 E ANDR-PERF-TARGET: Error: Invalid logical cluster id 0
01-01 00:30:33.982   635   635 E ANDR-PERF-MPCTL: invalid request, no optimizations performed
01-01 00:30:33.998   635   635 E ANDR-PERF-TARGET: Error: Invalid logical cluster id 0
01-01 00:30:33.999   635   635 E ANDR-PERF-MPCTL: invalid request, no optimizations performed
01-01 00:30:34.015   635   635 E ANDR-PERF-TARGET: Error: Invalid logical cluster id 0
01-01 00:30:34.015   635   635 E ANDR-PERF-MPCTL: invalid request, no optimizations performed
01-01 00:30:34.032   635   635 E ANDR-PERF-TARGET: Error: Invalid logical cluster id 0
01-01 00:30:34.032   635   635 E ANDR-PERF-MPCTL: invalid request, no optimizations performed
01-01 00:30:34.049   635   635 E ANDR-PERF-TARGET: Error: Invalid logical cluster id 0
01-01 00:30:34.049   635   635 E ANDR-PERF-MPCTL: invalid request, no optimizations performed
01-01 00:30:34.065   635   635 E ANDR-PERF-TARGET: Error: Invalid logical cluster id 0
01-01 00:30:34.065   635   635 E ANDR-PERF-MPCTL: invalid request, no optimizations performed
01-01 00:30:34.082   635   635 E ANDR-PERF-TARGET: Error: Invalid logical cluster id 0
01-01 00:30:34.082   635   635 E ANDR-PERF-MPCTL: invalid request, no optimizations performed
01-01 00:30:34.098  1933  1957 D LCMANDR : SWR_OOB_HV_MF_009|FUN=LifeCycleManagerService::LifeCycle_ReportCompStatus|GOT ALIVENESS SIGNAL FROM DAIAPP : [0]; HB Counter = [ 721 ]; STATUS INFO = [ 0 ]
01-01 00:30:34.099   635   635 E ANDR-PERF-TARGET: Error: Invalid logical cluster id 0
01-01 00:30:34.099   635   635 E ANDR-PERF-MPCTL: invalid request, no optimizations performed
01-01 00:30:34.099  1519  1964 I Connectivity_AIDL|AIDL_Handler.AIDL_Helpers.LcmHelper: MBUX App Method: KeepAliveTest |Line No: 408 |Log Type: Critical |Message: ChildThread:MBUX-App HB Count: 723, ResponseCode: 0
01-01 00:30:34.115   635   635 E ANDR-PERF-TARGET: Error: Invalid logical cluster id 0
01-01 00:30:34.116   635   635 E ANDR-PERF-MPCTL: invalid request, no optimizations performed
01-01 00:30:34.132   635   635 E ANDR-PERF-TARGET: Error: Invalid logical cluster id 0
01-01 00:30:34.132   635   635 E ANDR-PERF-MPCTL: invalid request, no optimizations performed
01-01 00:30:34.149   635   635 E ANDR-PERF-TARGET: Error: Invalid logical cluster id 0
01-01 00:30:34.149   635   635 E ANDR-PERF-MPCTL: invalid request, no optimizations performed
01-01 00:30:34.152  1151  1167 D CompatibilityInfo: mCompatibilityFlags - 4
01-01 00:30:34.152  1151  1167 D CompatibilityInfo: applicationDensity - 240
01-01 00:30:34.152  1151  1167 D CompatibilityInfo: applicationScale - 1.0
01-01 00:30:34.154  2145  2145 D HMI_SERVICE: USE_CASE_NA|FUN=StoragedJobIntentService::onCreate|1|init
01-01 00:30:34.156  2145  9112 D HMI_SERVICE: USE_CASE_NA|FUN=StoragedJobIntentService::onHandleIntent|1|ACTION_MONITOR_APPS
01-01 00:30:34.157  2145  9112 I HMI_SERVICE: USE_CASE_NA|FUN=StoragedJobIntentService::onHandleIntent|1|msg:storageType:64totalWriteValue371974144
01-01 00:30:34.157  2145  9112 D HMI_SERVICE: USE_CASE_NA|FUN=StoragedJobIntentService::initMonitorApps|1|init
01-01 00:30:34.157  2145  9112 D HMI_SERVICE: USE_CASE_NA|FUN=EmmcUtils::getAppUid|1|uid:10027
01-01 00:30:34.158  2145  9112 D HMI_SERVICE: USE_CASE_NA|FUN=EmmcUtils::getAppUid|1|uid:10033
01-01 00:30:34.159  2677  2691 W ANDR_PERSISTENCY_CLIENT: SWR_PERSISTENCE_HV_LA_MF_0003|FUN=VCPUPersistenceService::executeLinuxCommand|0| init 
01-01 00:30:31.222   808   808 I wificond: Enters wifigbk_ageOutHistory
01-01 00:30:34.159  2677  2691 W ContextImpl: Calling a method in the system process without a qualified user: android.app.ContextImpl.startService:1476 android.content.ContextWrapper.startService:650 com.panasonic.dairse.vcpupersistence.VCPUPersistenceService$1.executeLinuxCommand:392 com.panasonic.dairse.vcpupersistence.IVCPUPersistenceService$Stub.onTransact:437 android.os.Binder.execTransact:706 
01-01 00:30:34.161  2145  2145 D HMI_SERVICE: USE_CASE_NA|FUN=StoragedJobIntentService::onDestroy|1|init
01-01 00:30:34.162  1151  1167 D CompatibilityInfo: mCompatibilityFlags - 4
01-01 00:30:34.162  1151  1167 D CompatibilityInfo: applicationDensity - 240
01-01 00:30:34.162  1151  1167 D CompatibilityInfo: applicationScale - 1.0
01-01 00:30:34.165  2677 11027 W ANDR_PERSISTENCY_CLIENT: SWR_PERSISTENCE_HV_LA_MF_0004|FUN=UT_VCPUService:: onHandleIntent |2| [action] 16
01-01 00:30:34.165  2677 11027 W ANDR_PERSISTENCY_CLIENT: SWR_PERSISTENCE_HV_LA_MF_0003|FUN=PersConnHandler:: executeLinuxCommand |2| [id] execute_procedure
01-01 00:30:34.165  2677 11027 W ANDR_PERSISTENCY_CLIENT: SWR_PERSISTENCE_HV_LA_MF_0005|FUN=TCPHandler:: getInstance |2|msg: invoked 
01-01 00:30:34.165  2677 11027 W ANDR_PERSISTENCY_CLIENT: SWR_PERSISTENCE_HV_LA_MF_0005|FUN=TCPHandler::sendWriteRequestToPersistenceLinux|2|key= 0commandKey= 5 data= [99, 97, 116, 32, 47, 112, 114, 111, 99, 47, 100, 105, 115, 107, 115, 116, 97, 116, 115]
01-01 00:30:34.165  2677 11027 W ANDR_PERSISTENCY_CLIENT: SWR_PERSISTENCE_HV_LA_MF_0005|FUN=TCPHandler:: getUID |2|msg: invoked 
01-01 00:30:34.165  2677 11027 W ANDR_PERSISTENCY_CLIENT: SWR_PERSISTENCE_HV_LA_MF_0005|FUN=TCPHandler:: setAction |2|msg:setAction=1
01-01 00:30:34.165  2677 11027 W ANDR_PERSISTENCY_CLIENT: SWR_PERSISTENCE_HV_LA_MF_0005|FUN=TCPHandler:: setUID |2|msg:uid=-1
01-01 00:30:34.166  2677 11027 W ANDR_PERSISTENCY_CLIENT: SWR_PERSISTENCE_HV_LA_MF_0005|FUN=TCPHandler:: setKey |2|msg:uid=-1
01-01 00:30:34.166   635   635 E ANDR-PERF-TARGET: Error: Invalid logical cluster id 0
01-01 00:30:34.166  2677 11027 W ANDR_PERSISTENCY_CLIENT: SWR_PERSISTENCE_HV_LA_MF_0005|FUN=TCPHandler::setCommandKey|2|msg:commandKey=5
01-01 00:30:34.166   635   635 E ANDR-PERF-MPCTL: invalid request, no optimizations performed
01-01 00:30:34.166  2677  2725 W ANDR_PERSISTENCY_CLIENT: SWR_PERSISTENCE_HV_LA_MF_0005|FUN=TCPHandler:: getAction |2|msg:getAction=1
01-01 00:30:34.166  2677  2725 W ANDR_PERSISTENCY_CLIENT: SWR_PERSISTENCE_HV_LA_MF_0005|FUN=TCPHandler:: sender:ACTION_REQUEST |2|msg:condition 
01-01 00:30:34.166  2677  2725 W ANDR_PERSISTENCY_CLIENT: SWR_PERSISTENCE_HV_LA_MF_0005|FUN=TCPHandler:: getWrappedData |2|msg: msg com.panasonic.dairse.vcpupersistence.TCPHandler$Message@7b5388a
01-01 00:30:34.166  2677  2725 W ANDR_PERSISTENCY_CLIENT: SWR_PERSISTENCE_HV_LA_MF_0005|FUN=TCPHandler::getCommandKey|2|msg:commandKey=5
01-01 00:30:34.166  2677  2725 W ANDR_PERSISTENCY_CLIENT: SWR_PERSISTENCE_HV_LA_MF_0005|FUN=TCPHandler:: intToBytes |2| data 19
01-01 00:30:34.166  2677  2725 W ANDR_PERSISTENCY_CLIENT: SWR_PERSISTENCE_HV_LA_MF_0005|FUN=TCPHandler:: intToBytes |2| data 31
01-01 00:30:34.166  2677  2725 W ANDR_PERSISTENCY_CLIENT: SWR_PERSISTENCE_HV_LA_MF_0005|FUN=TCPHandler:: getUID |2|msg:uid=-1
01-01 00:30:34.167  2677  2725 W ANDR_PERSISTENCY_CLIENT: SWR_PERSISTENCE_HV_LA_MF_0005|FUN=TCPHandler::start|2|msg:sender::msg=[0, 0, 0, 31, 1, -1, 5, 4, 48, 120, 48, 48, 0, 0, 0, 19, 99, 97, 116, 32, 47, 112, 114, 111, 99, 47, 100, 105, 115, 107, 115, 116, 97, 116, 115]
01-01 00:30:34.167  2677  2725 W ANDR_PERSISTENCY_CLIENT: SWR_PERSISTENCE_HV_LA_MF_0005|FUN=TCPHandler:: sender : Thread.interrupted() |2|msg:condition 
01-01 00:30:34.166  2677 11027 W ANDR_PERSISTENCY_CLIENT: SWR_PERSISTENCE_HV_LA_MF_0005|FUN=TCPHandler::sendWriteRequestToPersistenceLinux|2|listKey=-1_5;keyString=0x00;key=0;command=cat /proc/diskstats
01-01 00:30:34.176  2677  2726 W ANDR_PERSISTENCY_CLIENT: SWR_PERSISTENCE_HV_LA_MF_0005|FUN=TCPHandler::start|2|msg:receiver::run: size of totalLength 4
01-01 00:30:34.177  3675 11026 W InteractionController: runAndwaitForEvents timed out waiting for events
01-01 00:30:34.177  2677  2726 W ANDR_PERSISTENCY_CLIENT: SWR_PERSISTENCE_HV_LA_MF_0005|FUN=TCPHandler::start|2|msg:receiver::run: totalLength is > 0
01-01 00:30:34.177  3675 11026 D InteractionController: Vertical scrollSwipe reached scroll end: false
01-01 00:30:34.177  2677  2726 W ANDR_PERSISTENCY_CLIENT: SWR_PERSISTENCE_HV_LA_MF_0005|FUN=TCPHandler::start|2|msg:receiver::response length= 3842
