01-01 00:18:18.522  3739  3739 W HMI2-SETTINGS - CI08.4: className -> WifiActivity | functionName -> isInConnected | value -> |ACSIA_CORP2|0|2
01-01 00:18:18.522  3739  3739 W HMI2-SETTINGS - CI08.4: className -> WifiActivity | functionName -> isWapiVariantBlocked | value -> security_type:2
01-01 00:18:18.522  3739  3739 W HMI2-SETTINGS - CI08.4: className -> WifiActivity | functionName -> isInConnected | value -> |ACSIA_CORP1|0|2
01-01 00:18:18.522  3739  3739 W HMI2-SETTINGS - CI08.4: className -> WifiActivity | functionName -> isWapiVariantBlocked | value -> security_type:2
01-01 00:18:18.522  3739  3739 W HMI2-SETTINGS - CI08.4: className -> WifiActivity | functionName -> isInConnected | value -> |ACSIA_Management|0|2
01-01 00:18:18.522  3739  3739 W HMI2-SETTINGS - CI08.4: className -> WifiActivity | functionName -> isWapiVariantBlocked | value -> security_type:2
01-01 00:18:18.522  3739  3739 W HMI2-SETTINGS - CI08.4: className -> WifiActivity | functionName -> isInConnected | value -> |ACSIA_GUEST1|0|2
01-01 00:18:18.522  3739  3739 W HMI2-SETTINGS - CI08.4: className -> WifiActivity | functionName -> isWapiVariantBlocked | value -> security_type:2
01-01 00:18:18.522  3739  3739 W HMI2-SETTINGS - CI08.4: className -> WifiActivity | functionName -> isInConnected | value -> |ACSIA_DEV|0|2
01-01 00:18:18.522  3739  3739 W HMI2-SETTINGS - CI08.4: className -> WifiActivity | functionName -> isWapiVariantBlocked | value -> security_type:2
01-01 00:18:18.522  3739  3739 W HMI2-SETTINGS - CI08.4: className -> WifiActivity | functionName -> isInConnected | value -> |RSE_Test|0|2
01-01 00:18:18.522  3739  3739 W HMI2-SETTINGS - CI08.4: className -> WifiActivity | functionName -> isWapiVariantBlocked | value -> security_type:2
01-01 00:18:18.522  3739  3739 W HMI2-SETTINGS - CI08.4: className -> WifiActivity | functionName -> isInConnected | value -> |NETGEAR66-5G|0|2
01-01 00:18:18.523  3739  3739 W HMI2-SETTINGS - CI08.4: className -> WifiActivity | functionName -> isWapiVariantBlocked | value -> security_type:2
01-01 00:18:18.523  3739  3739 W HMI2-SETTINGS - CI08.4: className -> WifiActivity | functionName -> isInConnected | value -> |Secure|0|2
01-01 00:18:18.523  3739  3739 W HMI2-SETTINGS - CI08.4: className -> WifiActivity | functionName -> isWapiVariantBlocked | value -> security_type:2
01-01 00:18:18.523  3739  3739 W HMI2-SETTINGS - CI08.4: className -> WifiActivity | functionName -> isInConnected | value -> |ACSIA_CORP1|0|2
01-01 00:18:18.523  3739  3739 W HMI2-SETTINGS - CI08.4: className -> WifiActivity | functionName -> isWapiVariantBlocked | value -> security_type:2
01-01 00:18:18.523  3739  3739 W HMI2-SETTINGS - CI08.4: className -> WifiActivity | functionName -> isInConnected | value -> |ACSIA_GUEST1|0|2
01-01 00:18:18.523  3739  3739 W HMI2-SETTINGS - CI08.4: className -> WifiActivity | functionName -> isWapiVariantBlocked | value -> security_type:2
01-01 00:18:18.523  3739  3739 W HMI2-SETTINGS - CI08.4: className -> WifiActivity | functionName -> isInConnected | value -> |ACSIA_DEV|0|2
01-01 00:18:18.523  3739  3739 W HMI2-SETTINGS - CI08.4: className -> WifiActivity | functionName -> isWapiVariantBlocked | value -> security_type:2
01-01 00:18:18.523  3739  3739 W HMI2-SETTINGS - CI08.4: className -> WifiActivity | functionName -> isInConnected | value -> |ACSIA_CORP2|0|2
01-01 00:18:18.523  3739  3739 W HMI2-SETTINGS - CI08.4: className -> WifiActivity | functionName -> isWapiVariantBlocked | value -> security_type:2
01-01 00:18:18.523  3739  3739 W HMI2-SETTINGS - CI08.4: className -> WifiActivity | functionName -> isInConnected | value -> |ACSIA_Management|0|2
01-01 00:18:18.523  3739  3739 W HMI2-SETTINGS - CI08.4: className -> WifiActivity | functionName -> isWapiVariantBlocked | value -> security_type:2
01-01 00:18:18.523  3739  3739 W HMI2-SETTINGS - CI08.4: className -> WifiActivity | functionName -> isInConnected | value -> | ACSIA_CORP3|0|2
01-01 00:18:18.524  3739  3739 W HMI2-SETTINGS - CI08.4: className -> WifiActivity | functionName -> isWapiVariantBlocked | value -> security_type:2
01-01 00:18:18.524  3739  3739 W HMI2-SETTINGS - CI08.4: className -> WifiActivity | functionName -> isInConnected | value -> |RSE_Test|0|2
01-01 00:18:18.524  3739  3739 W HMI2-SETTINGS - CI08.4: className -> WifiActivity | functionName -> isWapiVariantBlocked | value -> security_type:2
01-01 00:18:18.524  3739  3739 W HMI2-SETTINGS - CI08.4: className -> WifiActivity | functionName -> isInConnected | value -> |DIRECT-YOATLP042msDU|0|2
01-01 00:18:18.524  3739  3739 W HMI2-SETTINGS - CI08.4: className -> WifiActivity | functionName -> isWapiVariantBlocked | value -> security_type:2
01-01 00:18:18.524  3739  3739 W HMI2-SETTINGS - CI08.4: className -> WifiActivity | functionName -> isInConnected | value -> |DIRECT-vQINLT044msmJ|0|2
01-01 00:18:18.524  3739  3739 W HMI2-SETTINGS - CI08.4: className -> WifiActivity | functionName -> isWapiVariantBlocked | value -> security_type:2
01-01 00:18:18.524  3739  3739 W HMI2-SETTINGS - CI08.4: className -> WifiActivity | functionName -> isInConnected | value -> |HUWIFI|0|2
01-01 00:18:18.524  3739  3739 W HMI2-SETTINGS - CI08.4: className -> WifiActivity | functionName -> isWapiVariantBlocked | value -> security_type:2
01-01 00:18:18.524  3739  3739 W HMI2-SETTINGS - CI08.4: className -> WifiActivity | functionName -> isInConnected | value -> |AUTOMATION_TEST|0|2
01-01 00:18:18.524  3739  3739 W HMI2-SETTINGS - CI08.4: className -> WifiActivity | functionName -> isWapiVariantBlocked | value -> security_type:2
01-01 00:18:18.524  3739  3739 W HMI2-SETTINGS - CI08.4: className -> WifiActivity | functionName -> isInConnected | value -> |DIRECT-DMATCLWI2064msNL|0|2
01-01 00:18:18.524  3739  3739 W HMI2-SETTINGS - CI08.4: className -> WifiActivity | functionName -> isWapiVariantBlocked | value -> security_type:2
01-01 00:18:18.524  3739  3739 W HMI2-SETTINGS - CI08.4: className -> WifiActivity | functionName -> isInConnected | value -> |ACSIA_GUEST1|0|2
01-01 00:18:18.524  3739  3739 W HMI2-SETTINGS - CI08.4: className -> WifiActivity | functionName -> isWapiVariantBlocked | value -> security_type:2
01-01 00:18:18.524  3739  3739 W HMI2-SETTINGS - CI08.4: className -> WifiActivity | functionName -> isInConnected | value -> |ACSIA_CORP1|0|2
01-01 00:18:18.524  3739  3739 W HMI2-SETTINGS - CI08.4: className -> WifiActivity | functionName -> isWapiVariantBlocked | value -> security_type:2
01-01 00:18:18.524  3739  3739 W HMI2-SETTINGS - CI08.4: className -> WifiActivity | functionName -> isInConnected | value -> |ACSIA_DEV|0|2
01-01 00:18:18.524  3739  3739 W HMI2-SETTINGS - CI08.4: className -> WifiActivity | functionName -> isWapiVariantBlocked | value -> security_type:2
01-01 00:18:18.524  3739  3739 W HMI2-SETTINGS - CI08.4: className -> WifiActivity | functionName -> isInConnected | value -> |RSE_Test|0|2
01-01 00:18:18.524  3739  3739 W HMI2-SETTINGS - CI08.4: className -> WifiActivity | functionName -> isWapiVariantBlocked | value -> security_type:2
01-01 00:18:18.524  3739  3739 W HMI2-SETTINGS - CI08.4: className -> WifiActivity | functionName -> isInConnected | value -> |ACSIA_CORP2|0|2
01-01 00:18:18.524  3739  3739 W HMI2-SETTINGS - CI08.4: className -> WifiActivity | functionName -> isWapiVariantBlocked | value -> security_type:2
01-01 00:18:18.525  3739  3739 W HMI2-SETTINGS - CI08.4: className -> WifiActivity | functionName -> isInConnected | value -> | ACSIA_CORP3|0|2
01-01 00:18:18.525  3739  3739 W HMI2-SETTINGS - CI08.4: className -> WifiActivity | functionName -> isWapiVariantBlocked | value -> security_type:2
01-01 00:18:18.525  3739  3739 W HMI2-SETTINGS - CI08.4: className -> WifiActivity | functionName -> isInConnected | value -> |ACSIA_Management|0|2
01-01 00:18:18.526  3739  3739 W HMI2-SETTINGS - CI08.4: className -> WifiActivity | functionName -> isWapiVariantBlocked | value -> security_type:2
01-01 00:18:18.526  3739  3739 W HMI2-SETTINGS - CI08.4: className -> WifiActivity | functionName -> isInConnected | value -> |MB Hotspot 61185|0|2
01-01 00:18:18.526  3739  3739 W HMI2-SETTINGS - CI08.4: className -> WifiActivity | functionName -> isWapiVariantBlocked | value -> security_type:0
01-01 00:18:18.526  3739  3739 W HMI2-SETTINGS - CI08.4: className -> WifiActivity | functionName -> isInConnected | value -> |HP-Print-DB-LaserJet Pro MFP|0|0
01-01 00:18:18.526  3739  3739 W HMI2-SETTINGS - CI08.4: className -> WifiActivity | functionName -> handleAllAvailNetwork | value -> savedNetwork ->0
01-01 00:18:18.526  3739  3739 W HMI2-SETTINGS - CI08.4: className -> WifiActivity | functionName -> handleAllAvailNetwork | value -> presentVisibleNetwork ->30
01-01 00:18:18.535  3739  3739 W HMI2-SETTINGS - CI08.4: className -> WifiActivity | functionName -> handleIfWifiAvailableNetworks: config is  | value -> null
01-01 00:18:18.545   729   748 I sssv-lib: sendMsg enter
01-01 00:18:18.545   729   748 I sssv-lib: sendMsg complete.
01-01 00:18:18.558  3675  7902 D UIAutomatorStub: URI: /jsonrpc/0, Method: POST, Header: {content-length=274, remote-addr=127.0.0.1, http-client-ip=127.0.0.1, host=localhost:9009, content-type=application/json, connection=close, accept-encoding=identity, user-agent=Python-urllib/2.7}, params, {NanoHttpd.QUERY_STRING=null}, files: {postData={"params": [{"childOrSiblingSelector": [], "scrollable": true, "mask": 16384, "childOrSibling": []}, {"childOrSiblingSelector": [], "text": "RSE_Test", "mask": 1, "childOrSibling": []}, true], "jsonrpc": "2.0", "method": "scrollTo", "id": "64c051dcd4d065ebdcd55ae67693b199"}}
01-01 00:18:18.599  1392  1392 W SYSTEM_UI: SWR_BAIDU_HMI_0023|SWR_SYSTEM_UI_003|FUN=StatusBar::getActiveNotifications|1|Get active notifications from Android framework.
01-01 00:18:18.599  1392  1392 W SYSTEM_UI: SWR_SYSTEM_UI_004|FUN=StatusBar::getActiveNotifications|1|Get active notifications from Android framework.
01-01 00:18:18.599  1392  1392 D StatusBar: notification received at statusbar 3
01-01 00:18:18.608  1392  1392 W SYSTEM_UI - CI07.3: className -> NotificationUIService | functionName -> onStartCommand | value -> onStartCommand NotificationServiceListener
01-01 00:18:18.608  1392  1392 W SYSTEM_UI - CI07.3: className -> NotificationUIService | functionName -> onStartCommand | value -> onStartCommand NotificationServiceListenerACTION_NOTIFICATION_UPDATE
01-01 00:18:18.608  1392  1392 W SYSTEM_UI - CI07.3: className -> NotificationUIService | functionName -> onStartCommand | value -> ActionName --> ACTION_NOTIFICATION_UPDATE
01-01 00:18:18.627  1392  1392 D ScrimController: animate_trace: updateScrims entry
01-01 00:18:18.627  1392  1392 D ScrimController: animate_trace: setScrimBehindAlpha :hardcoding alpha=0.0 to 0
01-01 00:18:18.627  1392  1392 D ScrimController: animate_trace: setScrimInFrontAlpha :hardcoding alpha=0.0 to 0
01-01 00:18:18.660  1392  7903 W SYSTEM_UI - CI07.3: className -> NotificationUIService | functionName -> FilterTask | doInBackground | value -> doInBackground
01-01 00:18:18.660  1392  7903 W SYSTEM_UI - CI07.3: className -> NotificationUIService | functionName -> populateValidNotifications | value -> NOTIFICATION_INFO || packageName --> android | notificationTitle --> Connect to open WiFi network | notificationText --> HP-Print-DB-LaserJet Pro MFP | postedTime --> 1098509 | notificationId --> 17303299 | notificationFlag --> 256 | isClearable --> true | isOngoing --> false | notificationPriority --> 0 | notificationChannelImportance --> 2
01-01 00:18:18.661  1392  7903 W SYSTEM_UI - CI07.3: className -> NotificationUIService | functionName -> populateValidNotifications | value -> Notification entry not valid. System notification.
01-01 00:18:18.661  1392  7903 W SYSTEM_UI - CI07.3: className -> NotificationUIService | functionName -> populateValidNotifications | value -> NOTIFICATION_INFO || packageName --> android | notificationTitle --> USB debugging connected | notificationText --> Tap to disable USB debugging. | postedTime --> 19764 | notificationId --> 26 | notificationFlag --> 2 | isClearable --> false | isOngoing --> true | notificationPriority --> 0 | notificationChannelImportance --> 2
01-01 00:18:18.661  1392  7903 W SYSTEM_UI - CI07.3: className -> NotificationUIService | functionName -> populateValidNotifications | value -> Notification entry not valid. System notification.
01-01 00:18:18.662  1392  7903 W SYSTEM_UI - CI07.3: className -> NotificationUIService | functionName -> populateValidNotifications | value -> NOTIFICATION_INFO || packageName --> android | notificationTitle --> USB charging this device | notificationText --> Tap for more options. | postedTime --> 19755 | notificationId --> 32 | notificationFlag --> 2 | isClearable --> false | isOngoing --> true | notificationPriority --> 0 | notificationChannelImportance --> 1
01-01 00:18:18.662  1392  7903 W SYSTEM_UI - CI07.3: className -> NotificationUIService | functionName -> populateValidNotifications | value -> Notification entry not valid. System notification.
01-01 00:18:18.662  1392  7903 W SYSTEM_UI: SWR_SYSTEM_UI_003|FUN=NotificationUIService::notifyStatusLineNotifications|1|statusLineNotificationPackages size --> 0
01-01 00:18:18.663  1392  7903 W SYSTEM_UI - CI07.3: className -> NotificationUIService | functionName -> updateData | value -> passed
01-01 00:18:18.663  1392  7903 W SYSTEM_UI: SWR_BAIDU_HMI_0023 SWR_SYSTEM_UI_003 SWR_SYSTEM_UI_004|FUN=NotificationUIService::updateData|1|Received notifications from Android framework
01-01 00:18:18.663  1392  1392 W SYSTEM_UI: SWR_SYSTEM_UI_007|FUN=CollapsedStatusBarFragment::getAction |1|Broadcast action --> STATUS_UPDATE_ACTION
01-01 00:18:18.663  1392  7903 W SYSTEM_UI - CI07.3: className -> NotificationUIService | functionName -> FilterTask | doInBackground | value -> updateData value --> []
01-01 00:18:18.663  1392  1392 W SYSTEM_UI: SWR_SYSTEM_UI_007|FUN=CollapsedStatusBarFragment::getIntExtra |1|NotifySystemUpdates dataType --> 102
01-01 00:18:18.663  1392  1392 W SYSTEM_UI - CI07.3: className -> CollapsedStatusBarFragment | functionName -> NotifySystemUpdates | onReceive -->  | value -> DATATYPE_NOTIFICATION: 0
01-01 00:18:18.663  1392  1392 W SYSTEM_UI: SWR_SYSTEM_UI_003|FUN=CollapsedStatusBarFragment::NotifySystemUpdates | onREeceive|1|DATATYPE_NOTIFICATION: 0
01-01 00:18:18.663  1392  1392 W SYSTEM_UI - CI07.3: className -> NotificationUIService | functionName -> FilterTask | onPostExecute | value -> stateWindow --> -1
01-01 00:18:18.663  1392  1392 W SYSTEM_UI - CI07.3: className -> NotificationUIService | functionName -> showHeadsUpNotification | value -> headsup disabled
01-01 00:18:18.675     1   452 I init    : Uptime: 01094.811758 LocalTime: 01-01 00:18:18.675
01-01 00:18:18.763  1392  1392 W SYSTEM_UI - CI07.3: className -> NotificationUIService | functionName -> populateValidNotifications | value -> NOTIFICATION_INFO || packageName --> android | notificationTitle --> Connect to open WiFi network | notificationText --> HP-Print-DB-LaserJet Pro MFP | postedTime --> 1098509 | notificationId --> 17303299 | notificationFlag --> 256 | isClearable --> true | isOngoing --> false | notificationPriority --> 0 | notificationChannelImportance --> 2
01-01 00:18:18.764  1392  1392 W SYSTEM_UI - CI07.3: className -> NotificationUIService | functionName -> populateValidNotifications | value -> Notification entry not valid. System notification.
01-01 00:18:18.765  1392  1392 W SYSTEM_UI - CI07.3: className -> NotificationUIService | functionName -> populateValidNotifications | value -> NOTIFICATION_INFO || packageName --> android | notificationTitle --> USB debugging connected | notificationText --> Tap to disable USB debugging. | postedTime --> 19764 | notificationId --> 26 | notificationFlag --> 2 | isClearable --> false | isOngoing --> true | notificationPriority --> 0 | notificationChannelImportance --> 2
01-01 00:18:18.765  1392  1392 W SYSTEM_UI - CI07.3: className -> NotificationUIService | functionName -> populateValidNotifications | value -> Notification entry not valid. System notification.
01-01 00:18:18.765  1392  1392 W SYSTEM_UI - CI07.3: className -> NotificationUIService | functionName -> populateValidNotifications | value -> NOTIFICATION_INFO || packageName --> android | notificationTitle --> USB charging this device | notificationText --> Tap for more options. | postedTime --> 19755 | notificationId --> 32 | notificationFlag --> 2 | isClearable --> false | isOngoing --> true | notificationPriority --> 0 | notificationChannelImportance --> 1
01-01 00:18:18.766  1392  1392 W SYSTEM_UI - CI07.3: className -> NotificationUIService | functionName -> populateValidNotifications | value -> Notification entry not valid. System notification.
01-01 00:18:18.766  1392  1392 W SYSTEM_UI: SWR_SYSTEM_UI_003|FUN=NotificationUIService::notifyStatusLineNotifications|1|statusLineNotificationPackages size --> 0
01-01 00:18:18.767  1392  1392 W SYSTEM_UI - CI07.3: className -> NotificationUIService | functionName -> updateData | value -> passed
01-01 00:18:18.767  1392  1392 W SYSTEM_UI: SWR_BAIDU_HMI_0023 SWR_SYSTEM_UI_003 SWR_SYSTEM_UI_004|FUN=NotificationUIService::updateData|1|Received notifications from Android framework
01-01 00:18:18.767  1392  1392 W SYSTEM_UI - CI07.3: className -> NotificationUIService | functionName -> refresh | value -> updateData value --> []
01-01 00:18:18.767  1392  1392 W SYSTEM_UI: SWR_SYSTEM_UI_007|FUN=CollapsedStatusBarFragment::getAction |1|Broadcast action --> STATUS_UPDATE_ACTION
01-01 00:18:18.767  1392  1392 W SYSTEM_UI: SWR_SYSTEM_UI_007|FUN=CollapsedStatusBarFragment::getIntExtra |1|NotifySystemUpdates dataType --> 102
01-01 00:18:18.767  1392  1392 W SYSTEM_UI - CI07.3: className -> CollapsedStatusBarFragment | functionName -> NotifySystemUpdates | onReceive -->  | value -> DATATYPE_NOTIFICATION: 0
01-01 00:18:18.767  1392  1392 W SYSTEM_UI: SWR_SYSTEM_UI_003|FUN=CollapsedStatusBarFragment::NotifySystemUpdates | onREeceive|1|DATATYPE_NOTIFICATION: 0
01-01 00:18:19.230  3675  7902 D UiScrollable: scrollToBeginning() on selector = UiSelector[SCROLLABLE=true]
01-01 00:18:19.230  3675  7902 D UiScrollable: scrollBackward() on selector = UiSelector[SCROLLABLE=true]
01-01 00:18:19.237  3675  7902 I QueryController: Matched selector: UiSelector[SCROLLABLE=true] <<==>> [android.view.accessibility.AccessibilityNodeInfo@104cc2c; boundsInParent: Rect(0, 0 - 1332, 889); boundsInScreen: Rect(305, 172 - 1637, 1061); packageName: com.panasonic.hmi2settings; className: android.widget.ScrollView; text: null; error: null; maxTextLength: -1; contentDescription: null; viewIdResName: com.panasonic.hmi2settings:id/scrollWifi; checkable: false; checked: false; focusable: true; focused: false; selected: false; clickable: false; longClickable: false; contextClickable: false; enabled: true; password: false; scrollable: true; importantForAccessibility: true; actions: [AccessibilityAction: ACTION_FOCUS - null, AccessibilityAction: ACTION_SELECT - null, AccessibilityAction: ACTION_CLEAR_SELECTION - null, AccessibilityAction: ACTION_ACCESSIBILITY_FOCUS - null, AccessibilityAction: ACTION_SCROLL_FORWARD - null, AccessibilityAction: ACTION_SHOW_ON_SCREEN - null]]
01-01 00:18:19.237  3675  7902 D UiScrollable: scrollToBegining() using vertical scroll
01-01 00:18:19.237  3675  7902 D InteractionController: scrollSwipe (971, 260, 971, 973, 55)
01-01 00:18:19.546   729   748 I sssv-lib: sendMsg enter
01-01 00:18:19.546   729   748 I sssv-lib: sendMsg complete.
01-01 00:18:20.074   635   635 E ANDR-PERF-TARGET: Error: Invalid logical cluster id 0
01-01 00:18:20.074   635   635 E ANDR-PERF-MPCTL: invalid request, no optimizations performed
01-01 00:18:20.090   635   635 E ANDR-PERF-TARGET: Error: Invalid logical cluster id 0
01-01 00:18:20.090   635   635 E ANDR-PERF-MPCTL: invalid request, no optimizations performed
01-01 00:18:20.107   635   635 E ANDR-PERF-TARGET: Error: Invalid logical cluster id 0
01-01 00:18:20.107   635   635 E ANDR-PERF-MPCTL: invalid request, no optimizations performed
01-01 00:18:20.124   635   635 E ANDR-PERF-TARGET: Error: Invalid logical cluster id 0
01-01 00:18:20.124   635   635 E ANDR-PERF-MPCTL: invalid request, no optimizations performed
01-01 00:18:20.140   635   635 E ANDR-PERF-TARGET: Error: Invalid logical cluster id 0
01-01 00:18:20.140   635   635 E ANDR-PERF-MPCTL: invalid request, no optimizations performed
01-01 00:18:20.157   635   635 E ANDR-PERF-TARGET: Error: Invalid logical cluster id 0
01-01 00:18:20.157   635   635 E ANDR-PERF-MPCTL: invalid request, no optimizations performed
01-01 00:18:20.157   635   635 E ANDR-PERF-TARGET: Error: Invalid logical cluster id 0
01-01 00:18:20.158   635   635 E ANDR-PERF-MPCTL: invalid request, no optimizations performed
01-01 00:18:20.174   635   635 E ANDR-PERF-TARGET: Error: Invalid logical cluster id 0
01-01 00:18:20.174   635   635 E ANDR-PERF-MPCTL: invalid request, no optimizations performed
01-01 00:18:20.190   635   635 E ANDR-PERF-TARGET: Error: Invalid logical cluster id 0
01-01 00:18:20.190   635   635 E ANDR-PERF-MPCTL: invalid request, no optimizations performed
01-01 00:18:20.198  2054  2054 E         : 
01-01 00:18:20.198  2054  2054 E         : Buffer Size = 1048576
01-01 00:18:20.207   635   635 E ANDR-PERF-TARGET: Error: Invalid logical cluster id 0
01-01 00:18:20.207   635   635 E ANDR-PERF-MPCTL: invalid request, no optimizations performed
01-01 00:18:20.223  2054  2054 E         : 
01-01 00:18:20.223  2054  2054 E         : <6>[  754.026958] QSEECOM: scm_call_qcpe:503 : OUT: 0x0, 0x0, 0x0, 0x0
01-01 00:18:20.223  2054  2054 E         : <6>[  754.042516] QSEECOM: scm_call_qcpe:429 : IN: 0x42000d0a, 0x3, 0x0, 0x415e, 0x7c2, 0x0, 0x0
01-01 00:18:20.223  2054  2054 E         : <6>[  754.043987] QSEECOM: scm_call_qcpe:503 : OUT: 0x0, 0x1, 0x0, 0x0
01-01 00:18:20.223  2054  2054 E         : <6>[  754.059170] QSEECOM: scm_call_qcpe:429 : IN: 0x42000d0a, 0x3, 0x0, 0x4119, 0x79a, 0x0, 0x0
01-01 00:18:20.223  2054  2054 E         : <6>[  754.060452] QSEECOM: scm_call_qcpe:503 : OUT: 0x0, 0x0, 0x0, 0x0
01-01 00:18:20.223  2054  2054 E         : <6>[  754.075895] QSEECOM: scm_call_qcpe:429 : IN: 0x42000d0a, 0x3, 0x0, 0x414a, 0x7d2, 0x0, 0x0
01-01 00:18:20.223  2054  2054 E         : <6>[  754.077292] QSEECOM: scm_call_qcpe:503 : OUT: 0x0, 0x0, 0x0, 0x0
01-01 00:18:20.223  2054  2054 E         : <6>[  754.092636] QSEECOM: scm_call_qcpe:429 : IN: 0x42000d0a, 0x3, 0x0, 0x417e, 0x7b2, 0x0, 0x0
01-01 00:18:20.223  2054  2054 E         : <6>[  754.094895] QSEECOM: scm_call_qcpe:503 : OUT: 0x0, 0x0, 0x0, 0x0
01-01 00:18:20.223  2054  2054 E         : <6>[  754.109321] QSEECOM: scm_call_qcpe:429 : IN: 0x42000d0a, 0x3, 0x0, 0x4134, 0x7bf, 0x0, 0x0
01-01 00:18:20.223  2054  2054 E         : <6>[  754.110754] QSEECOM: scm_call_qcpe:503 : OUT: 0x0, 0x0, 0x0, 0x0
01-01 00:18:20.223  2054  2054 E         : <6>[  754.126006] QSEECOM: scm_call_qcpe:429 : IN: 0x42000d0a, 0x3, 0x0, 0x4138, 0x793, 0x0, 0x0
01-01 00:18:20.223  2054  2054 E         : <6>[  754.1271
01-01 00:18:20.224   635   635 E ANDR-PERF-TARGET: Error: Invalid logical cluster id 0
01-01 00:18:20.224   635   635 E ANDR-PERF-MPCTL: invalid request, no optimizations performed
01-01 00:18:20.226  2054  2054 E         : USB Hub Detector 1.0
01-01 00:18:20.241   635   635 E ANDR-PERF-TARGET: Error: Invalid logical cluster id 0
01-01 00:18:20.241   635   635 E ANDR-PERF-MPCTL: invalid request, no optimizations performed
01-01 00:18:20.257   635   635 E ANDR-PERF-TARGET: Error: Invalid logical cluster id 0
01-01 00:18:20.257   635   635 E ANDR-PERF-MPCTL: invalid request, no optimizations performed
01-01 00:18:20.274   635   635 E ANDR-PERF-TARGET: Error: Invalid logical cluster id 0
01-01 00:18:20.274   635   635 E ANDR-PERF-MPCTL: invalid request, no optimizations performed
01-01 00:18:20.291   635   635 E ANDR-PERF-TARGET: Error: Invalid logical cluster id 0
01-01 00:18:20.291   635   635 E ANDR-PERF-MPCTL: invalid request, no optimizations performed
01-01 00:18:20.307   635   635 E ANDR-PERF-TARGET: Error: Invalid logical cluster id 0
01-01 00:18:20.307   635   635 E ANDR-PERF-MPCTL: invalid request, no optimizations performed
01-01 00:18:20.324   635   635 E ANDR-PERF-TARGET: Error: Invalid logical cluster id 0
01-01 00:18:20.324   635   635 E ANDR-PERF-MPCTL: invalid request, no optimizations performed
01-01 00:18:20.341   635   635 E ANDR-PERF-TARGET: Error: Invalid logical cluster id 0
01-01 00:18:20.341   635   635 E ANDR-PERF-MPCTL: invalid request, no optimizations performed
01-01 00:18:20.351  3675  7902 W InteractionController: runAndwaitForEvents timed out waiting for events
01-01 00:18:20.357   635   635 E ANDR-PERF-TARGET: Error: Invalid logical cluster id 0
01-01 00:18:20.358   635   635 E ANDR-PERF-MPCTL: invalid request, no optimizations performed
01-01 00:18:20.361  3675  7902 D UiScrollable: scrollForward() on selector = UiSelector[SCROLLABLE=true]
01-01 00:18:20.372  3675  7902 I QueryController: Matched selector: UiSelector[SCROLLABLE=true] <<==>> [android.view.accessibility.AccessibilityNodeInfo@104cc2c; boundsInParent: Rect(0, 0 - 1332, 889); boundsInScreen: Rect(305, 172 - 1637, 1061); packageName: com.panasonic.hmi2settings; className: android.widget.ScrollView; text: null; error: null; maxTextLength: -1; contentDescription: null; viewIdResName: com.panasonic.hmi2settings:id/scrollWifi; checkable: false; checked: false; focusable: true; focused: false; selected: false; clickable: false; longClickable: false; contextClickable: false; enabled: true; password: false; scrollable: true; importantForAccessibility: true; actions: [AccessibilityAction: ACTION_FOCUS - null, AccessibilityAction: ACTION_SELECT - null, AccessibilityAction: ACTION_CLEAR_SELECTION - null, AccessibilityAction: ACTION_ACCESSIBILITY_FOCUS - null, AccessibilityAction: ACTION_SCROLL_FORWARD - null, AccessibilityAction: ACTION_SHOW_ON_SCREEN - null]]
01-01 00:18:20.372  3675  7902 D InteractionController: scrollSwipe (971, 973, 971, 260, 55)
01-01 00:18:20.374   635   635 E ANDR-PERF-TARGET: Error: Invalid logical cluster id 0
01-01 00:18:20.374   635   635 E ANDR-PERF-MPCTL: invalid request, no optimizations performed
01-01 00:18:20.391   635   635 E ANDR-PERF-TARGET: Error: Invalid logical cluster id 0
01-01 00:18:20.391   635   635 E ANDR-PERF-MPCTL: invalid request, no optimizations performed
01-01 00:18:20.408   635   635 E ANDR-PERF-TARGET: Error: Invalid logical cluster id 0
01-01 00:18:20.408   635   635 E ANDR-PERF-MPCTL: invalid request, no optimizations performed
01-01 00:18:20.424   635   635 E ANDR-PERF-TARGET: Error: Invalid logical cluster id 0
01-01 00:18:20.424   635   635 E ANDR-PERF-MPCTL: invalid request, no optimizations performed
01-01 00:18:20.441   635   635 E ANDR-PERF-TARGET: Error: Invalid logical cluster id 0
01-01 00:18:20.441   635   635 E ANDR-PERF-MPCTL: invalid request, no optimizations performed
01-01 00:18:20.458   635   635 E ANDR-PERF-TARGET: Error: Invalid logical cluster id 0
01-01 00:18:20.458   635   635 E ANDR-PERF-MPCTL: invalid request, no optimizations performed
01-01 00:18:20.474   635   635 E ANDR-PERF-TARGET: Error: Invalid logical cluster id 0
01-01 00:18:20.475   635   635 E ANDR-PERF-MPCTL: invalid request, no optimizations performed
01-01 00:18:20.487  1933  1933 I LCMANDR : SWR_OOB_HV_MF_009|FUN=ResourceMonitoringService::movingMemoryAverage|2|Moving memory average :27.485083
01-01 00:18:20.487  1933  1933 W LCMANDR : SWR_OOB_HV_MF_009|FUN=ResourceMonitoringService::getCpuUsageStatistic|Moving MEM AVG :::::::::27.485083
01-01 00:18:20.488  1933  1933 W LCMANDR : SWR_OOB_HV_MF_009|FUN=ResourceMonitoringService::getCpuUsageStatistic|2|Total cpu usage :31.496063
01-01 00:18:20.488  1933  1933 I LCMANDR : SWR_OOB_HV_MF_009|FUN=ResourceMonitoringService::getCpuUsageStatistic|Cpu usage of core  0 is34.013603
01-01 00:18:20.488  1933  1933 I LCMANDR : SWR_OOB_HV_MF_009|FUN=ResourceMonitoringService::getCpuUsageStatistic|Cpu usage of core  1 is27.777779
01-01 00:18:20.488  1933  1933 I LCMANDR : SWR_OOB_HV_MF_009|FUN=ResourceMonitoringService::getCpuUsageStatistic|Cpu usage of core  2 is32.573288
01-01 00:18:20.488  1933  1933 I LCMANDR : ResourceMonitoringService::movingCpuAverage()
01-01 00:18:20.488  1933  1933 I LCMANDR : SWR_OOB_HV_MF_009|FUN=ResourceMonitoringService::movingCpuAverage|2|Moving window average of CPU 22.213455
01-01 00:18:20.488  1933  1933 I LCMANDR : SWR_OOB_HV_MF_009|FUN=ResourceMonitoringService::movingCpuAverage|2|Cpu moving average of core  0 is22.310062
01-01 00:18:20.488  1933  1933 I LCMANDR : SWR_OOB_HV_MF_009|FUN=ResourceMonitoringService::movingCpuAverage|2|Cpu moving average of core  1 is19.916595
01-01 00:18:20.489  1933  1933 I LCMANDR : SWR_OOB_HV_MF_009|FUN=ResourceMonitoringService::movingCpuAverage|2|Cpu moving average of core  2 is24.182095
01-01 00:18:20.489  1933  1933 D LCMANDR : SWR_OOB_HV_MF_009|FUN=ResourceMonitoringService::movingCpuAverage|2|Exiting VAL = 22.213455
01-01 00:18:20.491   635   635 E ANDR-PERF-TARGET: Error: Invalid logical cluster id 0
01-01 00:18:20.491   635   635 E ANDR-PERF-MPCTL: invalid request, no optimizations performed
01-01 00:18:20.508   635   635 E ANDR-PERF-TARGET: Error: Invalid logical cluster id 0
01-01 00:18:20.508   635   635 E ANDR-PERF-MPCTL: invalid request, no optimizations performed
01-01 00:18:20.525   635   635 E ANDR-PERF-TARGET: Error: Invalid logical cluster id 0
01-01 00:18:20.525   635   635 E ANDR-PERF-MPCTL: invalid request, no optimizations performed
01-01 00:18:20.541   635   635 E ANDR-PERF-TARGET: Error: Invalid logical cluster id 0
01-01 00:18:20.541   635   635 E ANDR-PERF-MPCTL: invalid request, no optimizations performed
01-01 00:18:20.547   729   748 I sssv-lib: sendMsg enter
01-01 00:18:20.547   729   748 I sssv-lib: sendMsg complete.
01-01 00:18:20.558   635   635 E ANDR-PERF-TARGET: Error: Invalid logical cluster id 0
01-01 00:18:20.558   635   635 E ANDR-PERF-MPCTL: invalid request, no optimizations performed
01-01 00:18:20.575   635   635 E ANDR-PERF-TARGET: Error: Invalid logical cluster id 0
01-01 00:18:20.575   635   635 E ANDR-PERF-MPCTL: invalid request, no optimizations performed
01-01 00:18:20.591   635   635 E ANDR-PERF-TARGET: Error: Invalid logical cluster id 0
01-01 00:18:20.591   635   635 E ANDR-PERF-MPCTL: invalid request, no optimizations performed
01-01 00:18:20.608   635   635 E ANDR-PERF-TARGET: Error: Invalid logical cluster id 0
01-01 00:18:20.608   635   635 E ANDR-PERF-MPCTL: invalid request, no optimizations performed
01-01 00:18:20.625   635   635 E ANDR-PERF-TARGET: Error: Invalid logical cluster id 0
01-01 00:18:20.625   635   635 E ANDR-PERF-MPCTL: invalid request, no optimizations performed
01-01 00:18:20.641   635   635 E ANDR-PERF-TARGET: Error: Invalid logical cluster id 0
01-01 00:18:20.641   635   635 E ANDR-PERF-MPCTL: invalid request, no optimizations performed
01-01 00:18:20.658   635   635 E ANDR-PERF-TARGET: Error: Invalid logical cluster id 0
01-01 00:18:20.658   635   635 E ANDR-PERF-MPCTL: invalid request, no optimizations performed
01-01 00:18:20.675   635   635 E ANDR-PERF-TARGET: Error: Invalid logical cluster id 0
01-01 00:18:20.675   635   635 E ANDR-PERF-MPCTL: invalid request, no optimizations performed
01-01 00:18:20.691   635   635 E ANDR-PERF-TARGET: Error: Invalid logical cluster id 0
01-01 00:18:20.691   635   635 E ANDR-PERF-MPCTL: invalid request, no optimizations performed
01-01 00:18:20.708   635   635 E ANDR-PERF-TARGET: Error: Invalid logical cluster id 0
01-01 00:18:20.708   635   635 E ANDR-PERF-MPCTL: invalid request, no optimizations performed
01-01 00:18:20.725   635   635 E ANDR-PERF-TARGET: Error: Invalid logical cluster id 0
01-01 00:18:20.725   635   635 E ANDR-PERF-MPCTL: invalid request, no optimizations performed
01-01 00:18:20.733  1151  1334 D StorageManager: DAI: getStorageFullBytes: fullBytes=5110414950
01-01 00:18:20.733  1151  1334 D StorageManager: DAI: getStorageLowBytes: lowBytes=6132497940
01-01 00:18:20.742   635   635 E ANDR-PERF-TARGET: Error: Invalid logical cluster id 0
01-01 00:18:20.742   635   635 E ANDR-PERF-MPCTL: invalid request, no optimizations performed
01-01 00:18:20.758   635   635 E ANDR-PERF-TARGET: Error: Invalid logical cluster id 0
01-01 00:18:20.758   635   635 E ANDR-PERF-MPCTL: invalid request, no optimizations performed
01-01 00:18:20.775   635   635 E ANDR-PERF-TARGET: Error: Invalid logical cluster id 0
01-01 00:18:20.775   635   635 E ANDR-PERF-MPCTL: invalid request, no optimizations performed
01-01 00:18:20.792   635   635 E ANDR-PERF-TARGET: Error: Invalid logical cluster id 0
01-01 00:18:20.792   635   635 E ANDR-PERF-MPCTL: invalid request, no optimizations performed
01-01 00:18:20.808   635   635 E ANDR-PERF-TARGET: Error: Invalid logical cluster id 0
01-01 00:18:20.809   635   635 E ANDR-PERF-MPCTL: invalid request, no optimizations performed
01-01 00:18:20.825   635   635 E ANDR-PERF-TARGET: Error: Invalid logical cluster id 0
01-01 00:18:20.825   635   635 E ANDR-PERF-MPCTL: invalid request, no optimizations performed
01-01 00:18:20.842   635   635 E ANDR-PERF-TARGET: Error: Invalid logical cluster id 0
01-01 00:18:20.842   635   635 E ANDR-PERF-MPCTL: invalid request, no optimizations performed
01-01 00:18:20.858   635   635 E ANDR-PERF-TARGET: Error: Invalid logical cluster id 0
01-01 00:18:20.859   635   635 E ANDR-PERF-MPCTL: invalid request, no optimizations performed
01-01 00:18:20.875   635   635 E ANDR-PERF-TARGET: Error: Invalid logical cluster id 0
01-01 00:18:20.875   635   635 E ANDR-PERF-MPCTL: invalid request, no optimizations performed
01-01 00:18:20.892   635   635 E ANDR-PERF-TARGET: Error: Invalid logical cluster id 0
01-01 00:18:20.892   635   635 E ANDR-PERF-MPCTL: invalid request, no optimizations performed
01-01 00:18:20.909   635   635 E ANDR-PERF-TARGET: Error: Invalid logical cluster id 0
01-01 00:18:20.909   635   635 E ANDR-PERF-MPCTL: invalid request, no optimizations performed
01-01 00:18:20.925   635   635 E ANDR-PERF-TARGET: Error: Invalid logical cluster id 0
01-01 00:18:20.925   635   635 E ANDR-PERF-MPCTL: invalid request, no optimizations performed
01-01 00:18:20.942   635   635 E ANDR-PERF-TARGET: Error: Invalid logical cluster id 0
01-01 00:18:20.942   635   635 E ANDR-PERF-MPCTL: invalid request, no optimizations performed
01-01 00:18:20.959   635   635 E ANDR-PERF-TARGET: Error: Invalid logical cluster id 0
01-01 00:18:20.959   635   635 E ANDR-PERF-MPCTL: invalid request, no optimizations performed
01-01 00:18:20.975   635   635 E ANDR-PERF-TARGET: Error: Invalid logical cluster id 0
01-01 00:18:20.976   635   635 E ANDR-PERF-MPCTL: invalid request, no optimizations performed
01-01 00:18:20.992   635   635 E ANDR-PERF-TARGET: Error: Invalid logical cluster id 0
01-01 00:18:20.992   635   635 E ANDR-PERF-MPCTL: invalid request, no optimizations performed
01-01 00:18:21.009   635   635 E ANDR-PERF-TARGET: Error: Invalid logical cluster id 0
01-01 00:18:21.009   635   635 E ANDR-PERF-MPCTL: invalid request, no optimizations performed
01-01 00:18:21.026   635   635 E ANDR-PERF-TARGET: Error: Invalid logical cluster id 0
01-01 00:18:21.026   635   635 E ANDR-PERF-MPCTL: invalid request, no optimizations performed
01-01 00:18:21.042   635   635 E ANDR-PERF-TARGET: Error: Invalid logical cluster id 0
01-01 00:18:21.042   635   635 E ANDR-PERF-MPCTL: invalid request, no optimizations performed
01-01 00:18:21.059   635   635 E ANDR-PERF-TARGET: Error: Invalid logical cluster id 0
01-01 00:18:21.059   635   635 E ANDR-PERF-MPCTL: invalid request, no optimizations performed
01-01 00:18:21.076   635   635 E ANDR-PERF-TARGET: Error: Invalid logical cluster id 0
01-01 00:18:21.076   635   635 E ANDR-PERF-MPCTL: invalid request, no optimizations performed
01-01 00:18:21.092   635   635 E ANDR-PERF-TARGET: Error: Invalid logical cluster id 0
01-01 00:18:21.092   635   635 E ANDR-PERF-MPCTL: invalid request, no optimizations performed
01-01 00:18:21.109   635   635 E ANDR-PERF-TARGET: Error: Invalid logical cluster id 0
01-01 00:18:21.109   635   635 E ANDR-PERF-MPCTL: invalid request, no optimizations performed
01-01 00:18:21.126   635   635 E ANDR-PERF-TARGET: Error: Invalid logical cluster id 0
01-01 00:18:21.126   635   635 E ANDR-PERF-MPCTL: invalid request, no optimizations performed
01-01 00:18:21.142   635   635 E ANDR-PERF-TARGET: Error: Invalid logical cluster id 0
01-01 00:18:21.142   635   635 E ANDR-PERF-MPCTL: invalid request, no optimizations performed
01-01 00:18:21.159   635   635 E ANDR-PERF-TARGET: Error: Invalid logical cluster id 0
01-01 00:18:21.159   635   635 E ANDR-PERF-MPCTL: invalid request, no optimizations performed
01-01 00:18:21.176   635   635 E ANDR-PERF-TARGET: Error: Invalid logical cluster id 0
01-01 00:18:21.176   635   635 E ANDR-PERF-MPCTL: invalid request, no optimizations performed
01-01 00:18:21.192   635   635 E ANDR-PERF-TARGET: Error: Invalid logical cluster id 0
01-01 00:18:21.193   635   635 E ANDR-PERF-MPCTL: invalid request, no optimizations performed
01-01 00:18:21.209   635   635 E ANDR-PERF-TARGET: Error: Invalid logical cluster id 0
01-01 00:18:21.209   635   635 E ANDR-PERF-MPCTL: invalid request, no optimizations performed
01-01 00:18:21.226   635   635 E ANDR-PERF-TARGET: Error: Invalid logical cluster id 0
01-01 00:18:21.226   635   635 E ANDR-PERF-MPCTL: invalid request, no optimizations performed
01-01 00:18:21.243   635   635 E ANDR-PERF-TARGET: Error: Invalid logical cluster id 0
01-01 00:18:21.243   635   635 E ANDR-PERF-MPCTL: invalid request, no optimizations performed
01-01 00:18:21.259   635   635 E ANDR-PERF-TARGET: Error: Invalid logical cluster id 0
01-01 00:18:21.259   635   635 E ANDR-PERF-MPCTL: invalid request, no optimizations performed
01-01 00:18:21.276   635   635 E ANDR-PERF-TARGET: Error: Invalid logical cluster id 0
01-01 00:18:21.276   635   635 E ANDR-PERF-MPCTL: invalid request, no optimizations performed
01-01 00:18:21.293   635   635 E ANDR-PERF-TARGET: Error: Invalid logical cluster id 0
01-01 00:18:21.293   635   635 E ANDR-PERF-MPCTL: invalid request, no optimizations performed
01-01 00:18:21.293   635   635 E ANDR-PERF-TARGET: Error: Invalid logical cluster id 0
01-01 00:18:21.293   635   635 E ANDR-PERF-MPCTL: invalid request, no optimizations performed
01-01 00:18:21.309   635   635 E ANDR-PERF-TARGET: Error: Invalid logical cluster id 0
01-01 00:18:21.310   635   635 E ANDR-PERF-MPCTL: invalid request, no optimizations performed
01-01 00:18:21.326   635   635 E ANDR-PERF-TARGET: Error: Invalid logical cluster id 0
01-01 00:18:21.326   635   635 E ANDR-PERF-MPCTL: invalid request, no optimizations performed
01-01 00:18:21.343   635   635 E ANDR-PERF-TARGET: Error: Invalid logical cluster id 0
01-01 00:18:21.343   635   635 E ANDR-PERF-MPCTL: invalid request, no optimizations performed
01-01 00:18:21.348  1933  1957 D LCMANDR : SWR_OOB_HV_MF_009|FUN=LifeCycleManagerService::LifeCycle_ReportCompStatus|GOT ALIVENESS SIGNAL FROM DAIAPP : [0]; HB Counter = [ 428 ]; STATUS INFO = [ 0 ]
01-01 00:18:21.348  1519  1964 I Connectivity_AIDL|AIDL_Handler.AIDL_Helpers.LcmHelper: MBUX App Method: KeepAliveTest |Line No: 408 |Log Type: Critical |Message: ChildThread:MBUX-App HB Count: 430, ResponseCode: 0
01-01 00:18:21.359   635   635 E ANDR-PERF-TARGET: Error: Invalid logical cluster id 0
01-01 00:18:21.360   635   635 E ANDR-PERF-MPCTL: invalid request, no optimizations performed
01-01 00:18:21.376   635   635 E ANDR-PERF-TARGET: Error: Invalid logical cluster id 0
01-01 00:18:21.376   635   635 E ANDR-PERF-MPCTL: invalid request, no optimizations performed
01-01 00:18:21.393   635   635 E ANDR-PERF-TARGET: Error: Invalid logical cluster id 0
01-01 00:18:21.393   635   635 E ANDR-PERF-MPCTL: invalid request, no optimizations performed
01-01 00:18:21.410   635   635 E ANDR-PERF-TARGET: Error: Invalid logical cluster id 0
01-01 00:18:21.410   635   635 E ANDR-PERF-MPCTL: invalid request, no optimizations performed
01-01 00:18:21.426   635   635 E ANDR-PERF-TARGET: Error: Invalid logical cluster id 0
01-01 00:18:21.426   635   635 E ANDR-PERF-MPCTL: invalid request, no optimizations performed
01-01 00:18:21.443   635   635 E ANDR-PERF-TARGET: Error: Invalid logical cluster id 0
01-01 00:18:21.443   635   635 E ANDR-PERF-MPCTL: invalid request, no optimizations performed
01-01 00:18:21.460   635   635 E ANDR-PERF-TARGET: Error: Invalid logical cluster id 0
01-01 00:18:21.460   635   635 E ANDR-PERF-MPCTL: invalid request, no optimizations performed
01-01 00:18:21.476   635   635 E ANDR-PERF-TARGET: Error: Invalid logical cluster id 0
01-01 00:18:21.477   635   635 E ANDR-PERF-MPCTL: invalid request, no optimizations performed
01-01 00:18:21.487  3675  7902 W InteractionController: runAndwaitForEvents timed out waiting for events
01-01 00:18:21.487  3675  7902 D InteractionController: Vertical scrollSwipe reached scroll end: false
01-01 00:18:21.493   635   635 E ANDR-PERF-TARGET: Error: Invalid logical cluster id 0
01-01 00:18:21.493   635   635 E ANDR-PERF-MPCTL: invalid request, no optimizations performed
01-01 00:18:21.510   635   635 E ANDR-PERF-TARGET: Error: Invalid logical cluster id 0
01-01 00:18:21.510   635   635 E ANDR-PERF-MPCTL: invalid request, no optimizations performed
01-01 00:18:21.527   635   635 E ANDR-PERF-TARGET: Error: Invalid logical cluster id 0
01-01 00:18:21.527   635   635 E ANDR-PERF-MPCTL: invalid request, no optimizations performed
01-01 00:18:21.543   635   635 E ANDR-PERF-TARGET: Error: Invalid logical cluster id 0
01-01 00:18:21.543   635   635 E ANDR-PERF-MPCTL: invalid request, no optimizations performed
01-01 00:18:21.548   729   748 I sssv-lib: sendMsg enter
01-01 00:18:21.548   729   748 I sssv-lib: sendMsg complete.
01-01 00:18:21.560   635   635 E ANDR-PERF-TARGET: Error: Invalid logical cluster id 0
01-01 00:18:21.560   635   635 E ANDR-PERF-MPCTL: invalid request, no optimizations performed
01-01 00:18:21.577   635   635 E ANDR-PERF-TARGET: Error: Invalid logical cluster id 0
01-01 00:18:21.577   635   635 E ANDR-PERF-MPCTL: invalid request, no optimizations performed
01-01 00:18:21.593   635   635 E ANDR-PERF-TARGET: Error: Invalid logical cluster id 0
01-01 00:18:21.594   635   635 E ANDR-PERF-MPCTL: invalid request, no optimizations performed
01-01 00:18:21.610   635   635 E ANDR-PERF-TARGET: Error: Invalid logical cluster id 0
01-01 00:18:21.610   635   635 E ANDR-PERF-MPCTL: invalid request, no optimizations performed
01-01 00:18:21.627   635   635 E ANDR-PERF-TARGET: Error: Invalid logical cluster id 0
01-01 00:18:21.627   635   635 E ANDR-PERF-MPCTL: invalid request, no optimizations performed
01-01 00:18:21.644   635   635 E ANDR-PERF-TARGET: Error: Invalid logical cluster id 0
01-01 00:18:21.644   635   635 E ANDR-PERF-MPCTL: invalid request, no optimizations performed
01-01 00:18:21.660   635   635 E ANDR-PERF-TARGET: Error: Invalid logical cluster id 0
01-01 00:18:21.660   635   635 E ANDR-PERF-MPCTL: invalid request, no optimizations performed
01-01 00:18:21.925  1933  1957 D LCMANDR : SWR_OOB_HV_MF_009|FUN=LifeCycleManagerService::LifeCycle_ReportCompStatus|GOT ALIVENESS SIGNAL FROM DAIAPP : [0]; HB Counter = [ 429 ]; STATUS INFO = [ 0 ]
01-01 00:18:21.926  1519  1519 I Connectivity_AIDL|AIDL_Handler.AIDL_Helpers.LcmHelper: MBUX App Method: KeepAliveTest |Line No: 408 |Log Type: Critical |Message: MainThread:MBUX-App HB Count: 431, ResponseCode: 0
01-01 00:18:22.177  3675  7902 I QueryController: Matched selector: UiSelector[SCROLLABLE=true, CHILD=UiSelector[TEXT=RSE_Test]] <<==>> [android.view.accessibility.AccessibilityNodeInfo@105c3ee; boundsInParent: Rect(0, 0 - 1078, 77); boundsInScreen: Rect(354, 497 - 1431, 574); packageName: com.panasonic.hmi2settings; className: android.widget.TextView; text: RSE_Test; error: null; maxTextLength: -1; contentDescription: null; viewIdResName: com.panasonic.hmi2settings:id/wifiName; checkable: false; checked: false; focusable: false; focused: false; selected: false; clickable: false; longClickable: false; contextClickable: false; enabled: true; password: false; scrollable: false; importantForAccessibility: true; actions: [AccessibilityAction: ACTION_SELECT - null, AccessibilityAction: ACTION_CLEAR_SELECTION - null, AccessibilityAction: ACTION_ACCESSIBILITY_FOCUS - null, AccessibilityAction: ACTION_NEXT_AT_MOVEMENT_GRANULARITY - null, AccessibilityAction: ACTION_PREVIOUS_AT_MOVEMENT_GRANULARITY - null, AccessibilityAction: ACTION_SET_SELECTION - null, AccessibilityAction: ACTION_SHOW_ON_SCREEN - null]]
01-01 00:18:22.187  3675  7904 D UIAutomatorStub: URI: /jsonrpc/0, Method: POST, Header: {content-length=176, remote-addr=127.0.0.1, http-client-ip=127.0.0.1, host=localhost:9009, content-type=application/json, connection=close, accept-encoding=identity, user-agent=Python-urllib/2.7}, params, {NanoHttpd.QUERY_STRING=null}, files: {postData={"params": [{"childOrSiblingSelector": [], "text": "RSE_Test", "mask": 1, "childOrSibling": []}], "jsonrpc": "2.0", "method": "click", "id": "42b095ded6bb23a4c9d6b0b1c69d39a2"}}
01-01 00:18:22.247  3739  3739 W HMI2-SETTINGS - CI08.4: className -> WifiAdapter | functionName -> onBindViewHolder | value -> allWifiList.get(position).getSecurityType() : wifiNametrue
01-01 00:18:22.247  3739  3739 W HMI2-SETTINGS - CI08.4: className -> WifiActivity | functionName -> onWifiClick | value -> getSecurityType ->true
01-01 00:18:22.248  3675  7905 D UIAutomatorStub: URI: /jsonrpc/0, Method: POST, Header: {content-length=213, remote-addr=127.0.0.1, http-client-ip=127.0.0.1, host=localhost:9009, content-type=application/json, connection=close, accept-encoding=identity, user-agent=Python-urllib/2.7}, params, {NanoHttpd.QUERY_STRING=null}, files: {postData={"params": [{"childOrSiblingSelector": [], "className": "android.widget.EditText", "mask": 16, "childOrSibling": []}, "Secure7@55"], "jsonrpc": "2.0", "method": "setText", "id": "2f744950cb59978de5ac72b8a4ee9b00"}}
01-01 00:18:22.255  3739  3739 D View    : setSystemUiVisibility: creating intent for action ACTION_ACTIVITY_FULLSCREEN
01-01 00:18:18.485   808   808 I wificond: Enters wifigbk_ageOutHistory
01-01 00:18:22.255  3739  3739 W ContextImpl: Calling a method in the system process without a qualified user: android.app.ContextImpl.startService:1476 android.content.ContextWrapper.startService:650 android.view.View.setSystemUiVisibility:22653 com.panasonic.hmi2settings.activity.WifiActivity.connectToWifi:1215 com.panasonic.hmi2settings.activity.WifiActivity.onWifiClick:522 
01-01 00:18:22.256  1151  1539 D CompatibilityInfo: mCompatibilityFlags - 4
01-01 00:18:22.257  1151  1539 D CompatibilityInfo: applicationDensity - 240
01-01 00:18:22.257  1151  1539 D CompatibilityInfo: applicationScale - 1.0
01-01 00:18:22.258  3739  3739 D View    : setSystemUiVisibility: startService done
01-01 00:18:22.261   635   635 E ANDR-PERF-TARGET: Error: Invalid logical cluster id 0
01-01 00:18:22.262   635   635 E ANDR-PERF-MPCTL: invalid request, no optimizations performed
01-01 00:18:22.264  1392  1392 W SYSTEM_UI: SWR_SYSTEM_UI_007|FUN=CollapsedStatusBarFragment::getAction |1|Broadcast action --> STATUS_UPDATE_ACTION
01-01 00:18:22.264  1392  1392 W SYSTEM_UI: SWR_SYSTEM_UI_007|FUN=CollapsedStatusBarFragment::getIntExtra |1|NotifySystemUpdates dataType --> 101
01-01 00:18:22.264  1392  1392 W SYSTEM_UI - CI07.3: className -> CollapsedStatusBarFragment | functionName -> NotifySystemUpdates | onReceive -->  | value -> FULLSCREEN MODE CHANGED | isFullScreenStatus --> false | fullScreenPackage -->com.panasonic.hmi2settings | fullscreenLastShownPackage -->null | topActivityPackage --> com.panasonic.hmi2settings
01-01 00:18:22.264  1392  1392 W SYSTEM_UI - CI07.3: className -> CollapsedStatusBarFragment | functionName -> NotifySystemUpdates | onReceive -->  | value -> Fullscreen mode changed --> path 5
01-01 00:18:22.265  1151  4493 D WindowManager: addToDisplay >>> FLAG_FULLSCREEN not set in WindowManager.LayoutParams
01-01 00:18:22.266  1151  4493 D WindowManager: startStatusReceiverServiceOnFlagSet: creating intent for action ACTION_ACTIVITY_FULLSCREEN
01-01 00:18:22.266  1151  4493 W ContextImpl: Calling a method in the system process without a qualified user: android.app.ContextImpl.startService:1476 com.android.server.wm.Session.startStatusReceiverServiceOnFlagSet:762 com.android.server.wm.Session.addToDisplay:217 android.view.IWindowSession$Stub.onTransact:124 com.android.server.wm.Session.onTransact:166 
01-01 00:18:22.267  1151  4493 D CompatibilityInfo: mCompatibilityFlags - 4
01-01 00:18:22.267  1151  4493 D CompatibilityInfo: applicationDensity - 240
01-01 00:18:22.267  1151  4493 D CompatibilityInfo: applicationScale - 1.0
01-01 00:18:22.267  1151  4493 D WindowManager: startStatusReceiverServiceOnFlagSet: startService done
01-01 00:18:22.272  3739  3739 W HMI2-SETTINGS: SWR_BAIDU_HMI_0015|FUN=WifiActivity::addView|0|Display password enter dialog with addView method.
01-01 00:18:22.272  3739  3739 W HMI2-SETTINGS: SWR_BAIDU_HMI_0027|FUN=WifiActivity::addView|0|Display password enter dialog with addView method.
01-01 00:18:22.273  1392  1392 W SYSTEM_UI: SWR_SYSTEM_UI_007|FUN=CollapsedStatusBarFragment::getAction |1|Broadcast action --> STATUS_UPDATE_ACTION
01-01 00:18:22.274  1392  1392 W SYSTEM_UI: SWR_SYSTEM_UI_007|FUN=CollapsedStatusBarFragment::getIntExtra |1|NotifySystemUpdates dataType --> 101
01-01 00:18:22.274  1392  1392 W SYSTEM_UI - CI07.3: className -> CollapsedStatusBarFragment | functionName -> NotifySystemUpdates | onReceive -->  | value -> FULLSCREEN MODE CHANGED | isFullScreenStatus --> false | fullScreenPackage -->com.panasonic.hmi2settings | fullscreenLastShownPackage -->null | topActivityPackage --> com.panasonic.hmi2settings
