01-01 00:06:11.860  3739  3739 W HMI2-SETTINGS: SWR_BAIDU_HMI_0015|FUN=WifiActivity::addView|0|Display password enter dialog with addView method.
01-01 00:06:11.860  3739  3739 W HMI2-SETTINGS: SWR_BAIDU_HMI_0027|FUN=WifiActivity::addView|0|Display password enter dialog with addView method.
01-01 00:06:11.861  3739  3739 W HMI2-SETTINGS - CI08.4: className -> WifiActivity | functionName -> setOnFocusChangeListener :   | value -> hasFocus:true
01-01 00:06:11.864  1151  1422 D mEnabledInputMethodsStrCache: com.android.inputmethods.latin/.LatinIME
01-01 00:06:11.864  1151  1422 D systemLanguageCode: en__GB
01-01 00:06:11.864  1151  1422 D mEnabledInputMethodsStrCache: com.android.inputmethods.latin/.LatinIME
01-01 00:06:11.865  1151  1422 D mEnabledInputMethodsStrCache: com.android.inputmethods.latin/.LatinIME
01-01 00:06:11.865  1151  1422 D systemLanguageCode: en__GB
01-01 00:06:11.866  1151  1422 D mEnabledInputMethodsStrCache: com.android.inputmethods.latin/.LatinIME
01-01 00:06:11.868  1151  1422 D mEnabledInputMethodsStrCache: com.android.inputmethods.latin/.LatinIME
01-01 00:06:11.868  1151  1422 D systemLanguageCode: en__GB
01-01 00:06:11.868  1151  1422 D mEnabledInputMethodsStrCache: com.android.inputmethods.latin/.LatinIME
01-01 00:06:11.869  1151  1422 D mEnabledInputMethodsStrCache: com.android.inputmethods.latin/.LatinIME
01-01 00:06:11.869  1151  1422 D systemLanguageCode: en__GB
01-01 00:06:11.869  1151  1422 D mEnabledInputMethodsStrCache: com.android.inputmethods.latin/.LatinIME
01-01 00:06:11.870  1151  1422 D mEnabledInputMethodsStrCache: com.android.inputmethods.latin/.LatinIME
01-01 00:06:11.870  1151  1422 D systemLanguageCode: en__GB
01-01 00:06:11.870  1151  1422 D mEnabledInputMethodsStrCache: com.android.inputmethods.latin/.LatinIME
01-01 00:06:11.870  1151  1422 D mEnabledInputMethodsStrCache: com.android.inputmethods.latin/.LatinIME
01-01 00:06:11.870  1151  1422 D systemLanguageCode: en__GB
01-01 00:06:11.871  1151  1422 D mEnabledInputMethodsStrCache: com.android.inputmethods.latin/.LatinIME
01-01 00:06:11.872  1379  1379 I LatinIME: SWR_HMISERVICE_SPELLER_MF_001||FUN=onStartInputViewInternal || 1 || Starting input. Cursor position = -1,-1
01-01 00:06:11.876  1151  1422 D WindowManager: relayout packageName=com.panasonic.hmi2settings::session=Session{c47ecfc 3739:1000}::window=android.view.IWindow$Stub$Proxy@3b97c62::attrs.flags=1000100
01-01 00:06:11.876  1151  1422 D WindowManager: relayout >>> FLAG_FULLSCREEN not set in WindowManager.LayoutParams
01-01 00:06:11.876  1151  1422 D WindowManager: startStatusReceiverServiceOnFlagSet: creating intent for action ACTION_ACTIVITY_FULLSCREEN
01-01 00:06:11.876  1151  1422 W ContextImpl: Calling a method in the system process without a qualified user: android.app.ContextImpl.startService:1476 com.android.server.wm.Session.startStatusReceiverServiceOnFlagSet:762 com.android.server.wm.Session.relayout:276 android.view.IWindowSession$Stub.onTransact:286 com.android.server.wm.Session.onTransact:166 
01-01 00:06:11.878  1151  1422 D CompatibilityInfo: mCompatibilityFlags - 4
01-01 00:06:11.878  1151  1422 D CompatibilityInfo: applicationDensity - 240
01-01 00:06:11.879  1151  1422 D CompatibilityInfo: applicationScale - 1.0
01-01 00:06:11.879  1151  1422 D WindowManager: startStatusReceiverServiceOnFlagSet: startService done
01-01 00:06:11.883  1392  1392 W SYSTEM_UI: SWR_SYSTEM_UI_007|FUN=CollapsedStatusBarFragment::getAction |1|Broadcast action --> STATUS_UPDATE_ACTION
01-01 00:06:11.885  1392  1392 W SYSTEM_UI: SWR_SYSTEM_UI_007|FUN=CollapsedStatusBarFragment::getIntExtra |1|NotifySystemUpdates dataType --> 101
01-01 00:06:11.885  1392  1392 W SYSTEM_UI - CI07.3: className -> CollapsedStatusBarFragment | functionName -> NotifySystemUpdates | onReceive -->  | value -> FULLSCREEN MODE CHANGED | isFullScreenStatus --> false | fullScreenPackage -->com.panasonic.hmi2settings | fullscreenLastShownPackage -->null | topActivityPackage --> com.panasonic.hmi2settings
01-01 00:06:11.885  1392  1392 W SYSTEM_UI - CI07.3: className -> CollapsedStatusBarFragment | functionName -> NotifySystemUpdates | onReceive -->  | value -> Fullscreen mode changed --> path 5
01-01 00:06:11.902  3675  4757 W ByMatcher: Node returned null child: android.view.accessibility.AccessibilityNodeInfo@7442; boundsInParent: Rect(0, 0 - 1920, 104); boundsInScreen: Rect(0, 0 - 1920, 104); packageName: com.android.systemui; className: android.widget.FrameLayout; text: null; error: null; maxTextLength: -1; contentDescription: null; viewIdResName: null; checkable: false; checked: false; focusable: false; focused: false; selected: false; clickable: false; longClickable: false; contextClickable: false; enabled: true; password: false; scrollable: false; importantForAccessibility: true; actions: [AccessibilityAction: ACTION_SELECT - null, AccessibilityAction: ACTION_CLEAR_SELECTION - null, AccessibilityAction: ACTION_ACCESSIBILITY_FOCUS - null, AccessibilityAction: ACTION_SHOW_ON_SCREEN - null]
01-01 00:06:11.902  3675  4757 W ByMatcher: Skipping null child (0 of 4)
01-01 00:06:11.903  3675  4757 W ByMatcher: Skipping null child (1 of 4)
01-01 00:06:11.904  3675  4757 W ByMatcher: Skipping null child (2 of 4)
01-01 00:06:11.905  3675  4757 W ByMatcher: Skipping null child (3 of 4)
01-01 00:06:11.907  3675  4757 W ByMatcher: Node returned null child: android.view.accessibility.AccessibilityNodeInfo@7442; boundsInParent: Rect(0, 0 - 1920, 104); boundsInScreen: Rect(0, 0 - 1920, 104); packageName: com.android.systemui; className: android.widget.FrameLayout; text: null; error: null; maxTextLength: -1; contentDescription: null; viewIdResName: null; checkable: false; checked: false; focusable: false; focused: false; selected: false; clickable: false; longClickable: false; contextClickable: false; enabled: true; password: false; scrollable: false; importantForAccessibility: true; actions: [AccessibilityAction: ACTION_SELECT - null, AccessibilityAction: ACTION_CLEAR_SELECTION - null, AccessibilityAction: ACTION_ACCESSIBILITY_FOCUS - null, AccessibilityAction: ACTION_SHOW_ON_SCREEN - null]
01-01 00:06:11.907  3675  4757 W ByMatcher: Skipping null child (0 of 4)
01-01 00:06:11.908  3675  4757 W ByMatcher: Skipping null child (1 of 4)
01-01 00:06:11.916  3675  4757 W ByMatcher: Skipping null child (2 of 4)
01-01 00:06:11.917  3675  4757 W ByMatcher: Skipping null child (3 of 4)
01-01 00:06:11.919  3675  4757 W ByMatcher: Node returned null child: android.view.accessibility.AccessibilityNodeInfo@80006d04; boundsInParent: Rect(0, 0 - 1920, 1080); boundsInScreen: Rect(0, 0 - 1920, 1080); packageName: com.panasonic.hmi2settings; className: android.widget.FrameLayout; text: null; error: null; maxTextLength: -1; contentDescription: null; viewIdResName: null; checkable: false; checked: false; focusable: false; focused: false; selected: false; clickable: false; longClickable: false; contextClickable: false; enabled: true; password: false; scrollable: false; importantForAccessibility: true; actions: [AccessibilityAction: ACTION_SELECT - null, AccessibilityAction: ACTION_CLEAR_SELECTION - null, AccessibilityAction: ACTION_ACCESSIBILITY_FOCUS - null, AccessibilityAction: ACTION_SHOW_ON_SCREEN - null]
01-01 00:06:11.920  3675  4757 W ByMatcher: Skipping null child (0 of 1)
01-01 00:06:11.921  3675  4757 W ByMatcher: Node returned null child: android.view.accessibility.AccessibilityNodeInfo@80006d04; boundsInParent: Rect(0, 0 - 1920, 1080); boundsInScreen: Rect(0, 0 - 1920, 1080); packageName: com.panasonic.hmi2settings; className: android.widget.FrameLayout; text: null; error: null; maxTextLength: -1; contentDescription: null; viewIdResName: null; checkable: false; checked: false; focusable: false; focused: false; selected: false; clickable: false; longClickable: false; contextClickable: false; enabled: true; password: false; scrollable: false; importantForAccessibility: true; actions: [AccessibilityAction: ACTION_SELECT - null, AccessibilityAction: ACTION_CLEAR_SELECTION - null, AccessibilityAction: ACTION_ACCESSIBILITY_FOCUS - null, AccessibilityAction: ACTION_SHOW_ON_SCREEN - null]
01-01 00:06:11.922  3675  4757 W ByMatcher: Skipping null child (0 of 1)
01-01 00:06:11.950  1379  1379 I InputAttributes: InputType.TYPE_NULL is specified
01-01 00:06:11.952  1151  1422 D mEnabledInputMethodsStrCache: com.android.inputmethods.latin/.LatinIME
01-01 00:06:11.952  1151  1422 D systemLanguageCode: en__GB
01-01 00:06:11.952  1151  1422 D mEnabledInputMethodsStrCache: com.android.inputmethods.latin/.LatinIME
01-01 00:06:11.954  1379  1379 V KeyboardState: onLoadKeyboard: [keyboard=UNSHIFTED shift=RELEASING symbol=RELEASING switch=ALPHA] autoCapsFlags=none recapitalizeMode=undefined
01-01 00:06:11.955  1379  1379 D KeyboardState: setAlphabetKeyboard: [keyboard=UNSHIFTED shift=RELEASING symbol=RELEASING switch=ALPHA] autoCapsFlags=none recapitalizeMode=undefined
01-01 00:06:11.955  1379  1379 D KeyboardSwitcher: setAlphabetKeyboard
01-01 00:06:11.956  1151  2264 D mEnabledInputMethodsStrCache: com.android.inputmethods.latin/.LatinIME
01-01 00:06:11.957  1151  2264 D systemLanguageCode: en__GB
01-01 00:06:11.957  1151  2264 D mEnabledInputMethodsStrCache: com.android.inputmethods.latin/.LatinIME
01-01 00:06:11.958  1379  1379 D KeyboardSwitcher: requestUpdatingShiftState:  autoCapsFlags=none recapitalizeMode=undefined
01-01 00:06:11.958  1379  1379 D KeyboardState: onUpdateShiftState: [keyboard=UNSHIFTED shift=RELEASING symbol=RELEASING switch=ALPHA] autoCapsFlags=none recapitalizeMode=undefined
01-01 00:06:11.958  1379  1379 D KeyboardState: setShifted: shiftMode=UNSHIFT [keyboard=UNSHIFTED shift=RELEASING symbol=RELEASING switch=ALPHA]
01-01 00:06:11.958  1151  2264 D mEnabledInputMethodsStrCache: com.android.inputmethods.latin/.LatinIME
01-01 00:06:11.958  1151  2264 D systemLanguageCode: en__GB
01-01 00:06:11.958  1151  2264 D mEnabledInputMethodsStrCache: com.android.inputmethods.latin/.LatinIME
01-01 00:06:11.959  1151  2264 D mEnabledInputMethodsStrCache: com.android.inputmethods.latin/.LatinIME
01-01 00:06:11.959  1151  2264 D systemLanguageCode: en__GB
01-01 00:06:11.959  1151  2264 D mEnabledInputMethodsStrCache: com.android.inputmethods.latin/.LatinIME
01-01 00:06:11.960  1379  1379 I NuanceUtil: Language text: en_GB, Language code: 5
01-01 00:06:11.960  1379  1379 I NuanceLog: Active Language: ET9LIDEnglish_UK
01-01 00:06:11.960  1379  1379 I NuanceLog: Active LDB: /system/etc/RSESpeller/configs/LDBs/v13.1.0/englishuk/ENubUNUK_xt9_ALM3.ldb
01-01 00:06:11.960  1379  1379 I LatinIME: Nuance API Initialized successfully
01-01 00:06:11.961  1379  1379 I LatinIME: Suggestion strip view visibility gone
01-01 00:06:11.965  1151  2264 D mEnabledInputMethodsStrCache: com.android.inputmethods.latin/.LatinIME
01-01 00:06:11.965  1151  2264 D systemLanguageCode: en__GB
01-01 00:06:11.965  1151  2264 D mEnabledInputMethodsStrCache: com.android.inputmethods.latin/.LatinIME
01-01 00:06:11.965  1151  2264 D mEnabledInputMethodsStrCache: com.android.inputmethods.latin/.LatinIME
01-01 00:06:11.965  1151  2264 D systemLanguageCode: en__GB
01-01 00:06:11.966  1151  2264 D mEnabledInputMethodsStrCache: com.android.inputmethods.latin/.LatinIME
01-01 00:06:11.967  1151  2264 D mEnabledInputMethodsStrCache: com.android.inputmethods.latin/.LatinIME
01-01 00:06:11.967  1151  2264 D systemLanguageCode: en__GB
01-01 00:06:11.967  1151  2264 D mEnabledInputMethodsStrCache: com.android.inputmethods.latin/.LatinIME
01-01 00:06:11.967  1151  2264 D mEnabledInputMethodsStrCache: com.android.inputmethods.latin/.LatinIME
01-01 00:06:11.968  1151  2264 D systemLanguageCode: en__GB
01-01 00:06:11.968  1151  2264 D mEnabledInputMethodsStrCache: com.android.inputmethods.latin/.LatinIME
01-01 00:06:11.969  1151  2264 D WindowManager: relayout packageName=com.android.inputmethods.latin::session=Session{ca2ba78 1379:1000}::window=android.view.IWindow$Stub$Proxy@c5b1129::attrs.flags=800108
01-01 00:06:11.969  1151  2264 D WindowManager: relayout >>> FLAG_FULLSCREEN not set in WindowManager.LayoutParams
01-01 00:06:11.969  1151  2264 D WindowManager: startStatusReceiverServiceOnFlagSet: creating intent for action ACTION_ACTIVITY_FULLSCREEN
01-01 00:06:11.970  1151  2264 W ContextImpl: Calling a method in the system process without a qualified user: android.app.ContextImpl.startService:1476 com.android.server.wm.Session.startStatusReceiverServiceOnFlagSet:762 com.android.server.wm.Session.relayout:276 android.view.IWindowSession$Stub.onTransact:286 com.android.server.wm.Session.onTransact:166 
01-01 00:06:11.971  1151  2264 D CompatibilityInfo: mCompatibilityFlags - 4
01-01 00:06:11.971  1151  2264 D CompatibilityInfo: applicationDensity - 240
01-01 00:06:11.971  1151  2264 D CompatibilityInfo: applicationScale - 1.0
01-01 00:06:11.971  1151  2264 D WindowManager: startStatusReceiverServiceOnFlagSet: startService done
01-01 00:06:11.975  1392  1392 W SYSTEM_UI: SWR_SYSTEM_UI_007|FUN=CollapsedStatusBarFragment::getAction |1|Broadcast action --> STATUS_UPDATE_ACTION
01-01 00:06:11.975  1392  1392 W SYSTEM_UI: SWR_SYSTEM_UI_007|FUN=CollapsedStatusBarFragment::getIntExtra |1|NotifySystemUpdates dataType --> 101
01-01 00:06:11.975  1392  1392 W SYSTEM_UI - CI07.3: className -> CollapsedStatusBarFragment | functionName -> NotifySystemUpdates | onReceive -->  | value -> FULLSCREEN MODE CHANGED | isFullScreenStatus --> false | fullScreenPackage -->com.android.inputmethods.latin | fullscreenLastShownPackage -->null | topActivityPackage --> com.panasonic.hmi2settings
01-01 00:06:11.975  1392  1392 W SYSTEM_UI - CI07.3: className -> CollapsedStatusBarFragment | functionName -> NotifySystemUpdates | onReceive -->  | value -> Fullscreen mode changed --> path 0
01-01 00:06:11.987  1151  2264 D mEnabledInputMethodsStrCache: com.android.inputmethods.latin/.LatinIME
01-01 00:06:11.987  1151  2264 D systemLanguageCode: en__GB
01-01 00:06:11.987  1151  2264 D mEnabledInputMethodsStrCache: com.android.inputmethods.latin/.LatinIME
01-01 00:06:11.990  1151  1422 D mEnabledInputMethodsStrCache: com.android.inputmethods.latin/.LatinIME
01-01 00:06:11.990  1151  1422 D systemLanguageCode: en__GB
01-01 00:06:11.990  1151  1422 D mEnabledInputMethodsStrCache: com.android.inputmethods.latin/.LatinIME
01-01 00:06:11.991  1151  1422 D mEnabledInputMethodsStrCache: com.android.inputmethods.latin/.LatinIME
01-01 00:06:11.991  1151  1422 D systemLanguageCode: en__GB
01-01 00:06:11.991  1151  1422 D mEnabledInputMethodsStrCache: com.android.inputmethods.latin/.LatinIME
01-01 00:06:11.992  1151  1422 D mEnabledInputMethodsStrCache: com.android.inputmethods.latin/.LatinIME
01-01 00:06:11.992  1151  1422 D systemLanguageCode: en__GB
01-01 00:06:11.992  1151  1422 D mEnabledInputMethodsStrCache: com.android.inputmethods.latin/.LatinIME
01-01 00:06:11.992  1151  1422 D mEnabledInputMethodsStrCache: com.android.inputmethods.latin/.LatinIME
01-01 00:06:11.992  1151  1422 D systemLanguageCode: en__GB
01-01 00:06:11.992  1151  1422 D mEnabledInputMethodsStrCache: com.android.inputmethods.latin/.LatinIME
01-01 00:06:11.993  1379  1379 I LatinIME: SWR_HMISERVICE_SPELLER_MF_001||FUN=onStartInputViewInternal || 1 || Starting input. Cursor position = 0,0
01-01 00:06:12.016  1151  2264 D mEnabledInputMethodsStrCache: com.android.inputmethods.latin/.LatinIME
01-01 00:06:12.016  1151  2264 D systemLanguageCode: en__GB
01-01 00:06:12.016  1151  2264 D mEnabledInputMethodsStrCache: com.android.inputmethods.latin/.LatinIME
01-01 00:06:12.017  1379  1379 V KeyboardState: onLoadKeyboard: [keyboard=UNSHIFTED shift=RELEASING symbol=RELEASING switch=ALPHA] autoCapsFlags=none recapitalizeMode=undefined
01-01 00:06:12.018  1379  1379 D KeyboardState: setAlphabetKeyboard: [keyboard=UNSHIFTED shift=RELEASING symbol=RELEASING switch=ALPHA] autoCapsFlags=none recapitalizeMode=undefined
01-01 00:06:12.018  1379  1379 D KeyboardSwitcher: setAlphabetKeyboard
01-01 00:06:12.018  1151  2264 D mEnabledInputMethodsStrCache: com.android.inputmethods.latin/.LatinIME
01-01 00:06:12.018  1151  2264 D systemLanguageCode: en__GB
01-01 00:06:12.019  1151  2264 D mEnabledInputMethodsStrCache: com.android.inputmethods.latin/.LatinIME
01-01 00:06:12.020  1379  1379 D KeyboardSwitcher: requestUpdatingShiftState:  autoCapsFlags=none recapitalizeMode=undefined
01-01 00:06:12.020  1379  1379 D KeyboardState: onUpdateShiftState: [keyboard=UNSHIFTED shift=RELEASING symbol=RELEASING switch=ALPHA] autoCapsFlags=none recapitalizeMode=undefined
01-01 00:06:12.020  1379  1379 D KeyboardState: setShifted: shiftMode=UNSHIFT [keyboard=UNSHIFTED shift=RELEASING symbol=RELEASING switch=ALPHA]
01-01 00:06:12.021  1151  2264 D mEnabledInputMethodsStrCache: com.android.inputmethods.latin/.LatinIME
01-01 00:06:12.021  1151  2264 D systemLanguageCode: en__GB
01-01 00:06:12.021  1151  2264 D mEnabledInputMethodsStrCache: com.android.inputmethods.latin/.LatinIME
01-01 00:06:12.023  1151  2264 D mEnabledInputMethodsStrCache: com.android.inputmethods.latin/.LatinIME
01-01 00:06:12.023  1151  2264 D systemLanguageCode: en__GB
01-01 00:06:12.023  1151  2264 D mEnabledInputMethodsStrCache: com.android.inputmethods.latin/.LatinIME
01-01 00:06:12.024  1379  1379 I NuanceUtil: Language text: en_GB, Language code: 5
01-01 00:06:12.024  1379  1379 I NuanceLog: Active Language: ET9LIDEnglish_UK
01-01 00:06:12.024  1379  1379 I NuanceLog: Active LDB: /system/etc/RSESpeller/configs/LDBs/v13.1.0/englishuk/ENubUNUK_xt9_ALM3.ldb
01-01 00:06:12.024  1379  1379 I LatinIME: Nuance API Initialized successfully
01-01 00:06:12.024  1379  1379 I LatinIME: Suggestion strip view visibility gone
01-01 00:06:12.026  1151  2264 D mEnabledInputMethodsStrCache: com.android.inputmethods.latin/.LatinIME
01-01 00:06:12.026  1151  2264 D systemLanguageCode: en__GB
01-01 00:06:12.026  1151  2264 D mEnabledInputMethodsStrCache: com.android.inputmethods.latin/.LatinIME
01-01 00:06:12.026  1151  2264 D mEnabledInputMethodsStrCache: com.android.inputmethods.latin/.LatinIME
01-01 00:06:12.026  1151  2264 D systemLanguageCode: en__GB
01-01 00:06:12.026  1151  2264 D mEnabledInputMethodsStrCache: com.android.inputmethods.latin/.LatinIME
01-01 00:06:12.505  1933  1933 D LCMANDR : SWR_OOB_HV_MF_009|FUN=LifeCycleManagerService::getDAIAppAlivenessStatus|Aliveness:: DAIAPP HB DIFF = 2 [ DaimlerAppHBCounter ] = 137[ DaimlerAppHBCounterOld ] = 135
01-01 00:06:12.505  1933  1933 I LCMANDR : SWR_OOB_HV_MF_009|FUN=LifeCycleManagerService::getDAIAppAlivenessStatus|Aliveness::ANDROID HB IS VALID... setting OLD VAL, and resetting Fail Counter
01-01 00:06:12.507  1933  1933 I LCMANDR : SWR_OOB_HV_MF_009|FUN=LifeCycleManagerService::getDAIPID|DAIMLER APP(com.daimler.rse.ntg6) PID is [ 1519 ]
01-01 00:06:12.507  1933  1933 I LCMANDR : SWR_OOB_HV_MF_009|FUN=LifeCycleManagerService::getDAIAPPStatus|Aliveness::SAME PID! DAIAPP is not restarted
01-01 00:06:12.507  1933  1933 W LCMANDR : SWR_OOB_HV_MF_009|FUN=LifeCycleManagerService::getDAIAppAlivenessStatus|Aliveness::Status to send id : ALIVE
01-01 00:06:12.507  1933  1933 D LCMANDR : SWR_OOB_HV_MF_005|FUN=LifeCycleManagerService::sendPacketToLnx|data = [B@60c0582
01-01 00:06:12.507  1933  1933 D LCMANDR : SWR_OOB_HV_MF_009|FUN=LifeCycleManagerService::postAppsStatusInfo|Setting AppPacket info
01-01 00:06:12.507  1933  1933 I LCMANDR : SWR_OOB_HV_MF_009|FUN=AlivenessMonitoring::getRunningApps| packet sent
01-01 00:06:12.507  1933  1956 D LCMANDR : SWR_OOB_HV_MF_010|FUN=LifeCycleManagerService::RseNodeStateManagement|SEND_IGC_CB
01-01 00:06:12.507  1933  1956 I LCMANDR : SWR_OOB_HV_MF_005|FUN=LifeCycleManagerService::igcsendData|Call hit in RSENodeStateManagement::igcsendData
01-01 00:06:12.507  1933  1956 I LCMANDR : SWR_OOB_HV_MF_005|FUN=LifeCycleManagerService::igcsendData|SEND DATA LEN is : 15
01-01 00:06:12.507  1933  1956 I LCMANDR : SWR_OOB_HV_MF_007|FUN=LifeCycleManagerService::sendPacketFromIntentService|Package to send : [ 65, 0, 0, 0, 9, 0, 2, 0, 1, 0, 5, 65, 65, 0, 0, ]
01-01 00:06:12.507  1933  1956 I IGC     :  IGC::sendData ==> [ 65, 0, 0, 0, 9, 0, 2, 0, 1, 0, 5, 65, 65, 0, 0,  ]
01-01 00:06:12.507  1933  1956 I IGC     :  Igc::sendData data size is :: 15
01-01 00:06:12.507  1933  1956 D         : Enqueue: sem count = 1
01-01 00:06:12.508  1933  1956 I LCMANDR : SWR_OOB_HV_MF_007|FUN=LifeCycleManagerService::sendPacketFromIntentService|Sending Data to Linux is successful( [65, 0, 0, 0, 9, 0, 2, 0, 1, 0, 5, 65, 65, 0, 0] )
01-01 00:06:12.508  1933  1956 I LCMANDR : SWR_OOB_HV_MF_005|FUN=LifeCycleManagerService::igcsendData| DATA SEND SUCCESSFULLY 
01-01 00:06:12.796   729   748 I sssv-lib: sendMsg enter
01-01 00:06:12.797   729   748 I sssv-lib: sendMsg complete.
01-01 00:06:12.884  3675  4757 I QueryController: Matched selector: UiSelector[CLASS=android.widget.EditText] <<==>> [android.view.accessibility.AccessibilityNodeInfo@3c7d05; boundsInParent: Rect(0, 7 - 1241, 137); boundsInScreen: Rect(339, 225 - 1580, 355); packageName: com.panasonic.hmi2settings; className: android.widget.EditText; text: null; error: null; maxTextLength: 63; contentDescription: null; viewIdResName: com.panasonic.hmi2settings:id/textPassword; checkable: false; checked: false; focusable: true; focused: true; selected: false; clickable: true; longClickable: false; contextClickable: false; enabled: true; password: false; scrollable: false; importantForAccessibility: true; actions: [AccessibilityAction: ACTION_CLEAR_FOCUS - null, AccessibilityAction: ACTION_SELECT - null, AccessibilityAction: ACTION_CLEAR_SELECTION - null, AccessibilityAction: ACTION_CLICK - null, AccessibilityAction: ACTION_ACCESSIBILITY_FOCUS - null, AccessibilityAction: ACTION_SET_TEXT - null, AccessibilityAction: ACTION_SHOW_ON_SCREEN - null]]
01-01 00:06:12.889  1151  2264 D mEnabledInputMethodsStrCache: com.android.inputmethods.latin/.LatinIME
01-01 00:06:12.889  1151  2264 D systemLanguageCode: en__GB
01-01 00:06:12.889  1151  2264 D mEnabledInputMethodsStrCache: com.android.inputmethods.latin/.LatinIME
01-01 00:06:12.890  1151  1407 D mEnabledInputMethodsStrCache: com.android.inputmethods.latin/.LatinIME
01-01 00:06:12.890  1151  1407 D systemLanguageCode: en__GB
01-01 00:06:12.890  1151  1407 D mEnabledInputMethodsStrCache: com.android.inputmethods.latin/.LatinIME
01-01 00:06:12.890  1151  2229 D mEnabledInputMethodsStrCache: com.android.inputmethods.latin/.LatinIME
01-01 00:06:12.891  1151  2229 D systemLanguageCode: en__GB
01-01 00:06:12.891  1151  2229 D mEnabledInputMethodsStrCache: com.android.inputmethods.latin/.LatinIME
01-01 00:06:12.892  1151  2229 D mEnabledInputMethodsStrCache: com.android.inputmethods.latin/.LatinIME
01-01 00:06:12.892  1151  2229 D systemLanguageCode: en__GB
01-01 00:06:12.892  1151  2229 D mEnabledInputMethodsStrCache: com.android.inputmethods.latin/.LatinIME
01-01 00:06:12.893  1151  2229 D mEnabledInputMethodsStrCache: com.android.inputmethods.latin/.LatinIME
01-01 00:06:12.893  1151  2229 D systemLanguageCode: en__GB
01-01 00:06:12.893  1151  2229 D mEnabledInputMethodsStrCache: com.android.inputmethods.latin/.LatinIME
01-01 00:06:12.893  1151  2229 D mEnabledInputMethodsStrCache: com.android.inputmethods.latin/.LatinIME
01-01 00:06:12.893  1151  2229 D systemLanguageCode: en__GB
01-01 00:06:12.893  1151  2229 D mEnabledInputMethodsStrCache: com.android.inputmethods.latin/.LatinIME
01-01 00:06:12.893  1379  1379 I LatinIME: SWR_HMISERVICE_SPELLER_MF_001||FUN=onStartInputViewInternal || 1 || Starting input. Cursor position = 0,0
01-01 00:06:12.905  3675  4762 D UIAutomatorStub: URI: /jsonrpc/0, Method: POST, Header: {content-length=170, remote-addr=127.0.0.1, http-client-ip=127.0.0.1, host=localhost:9009, content-type=application/json, connection=close, accept-encoding=identity, user-agent=Python-urllib/2.7}, params, {NanoHttpd.QUERY_STRING=null}, files: {postData={"params": [{"childOrSiblingSelector": [], "text": "OK", "mask": 1, "childOrSibling": []}], "jsonrpc": "2.0", "method": "click", "id": "b8cd2f1b7489f16f20e8c55fc4b4cbf2"}}
01-01 00:06:12.917  1379  1379 D KeyboardState: onResetKeyboardStateToAlphabet: [keyboard=UNSHIFTED shift=RELEASING symbol=RELEASING switch=ALPHA] autoCapsFlags=none recapitalizeMode=undefined
01-01 00:06:12.917  1379  1379 D KeyboardState: resetKeyboardStateToAlphabet: [keyboard=UNSHIFTED shift=RELEASING symbol=RELEASING switch=ALPHA] autoCapsFlags=none recapitalizeMode=undefined
01-01 00:06:12.917  1379  1379 D KeyboardSwitcher: requestUpdatingShiftState:  autoCapsFlags=none recapitalizeMode=undefined
01-01 00:06:12.917  1379  1379 D KeyboardState: onUpdateShiftState: [keyboard=UNSHIFTED shift=RELEASING symbol=RELEASING switch=ALPHA] autoCapsFlags=none recapitalizeMode=undefined
01-01 00:06:12.919  1379  1379 D KeyboardState: setShifted: shiftMode=UNSHIFT [keyboard=UNSHIFTED shift=RELEASING symbol=RELEASING switch=ALPHA]
01-01 00:06:12.919  1151  2264 D mEnabledInputMethodsStrCache: com.android.inputmethods.latin/.LatinIME
01-01 00:06:12.919  1151  2264 D systemLanguageCode: en__GB
01-01 00:06:12.919  1151  2264 D mEnabledInputMethodsStrCache: com.android.inputmethods.latin/.LatinIME
01-01 00:06:12.921  1151  1407 D mEnabledInputMethodsStrCache: com.android.inputmethods.latin/.LatinIME
01-01 00:06:12.921  1151  1407 D systemLanguageCode: en__GB
01-01 00:06:12.921  1151  1407 D mEnabledInputMethodsStrCache: com.android.inputmethods.latin/.LatinIME
01-01 00:06:12.924  1379  1379 I NuanceUtil: Language text: en_GB, Language code: 5
01-01 00:06:12.924  1379  1379 I NuanceLog: Active Language: ET9LIDEnglish_UK
01-01 00:06:12.924  1379  1379 I NuanceLog: Active LDB: /system/etc/RSESpeller/configs/LDBs/v13.1.0/englishuk/ENubUNUK_xt9_ALM3.ldb
01-01 00:06:12.924  1379  1379 I LatinIME: Nuance API Initialized successfully
01-01 00:06:12.924  1379  1379 I LatinIME: Suggestion strip view visibility gone
01-01 00:06:12.926  1151  1407 D mEnabledInputMethodsStrCache: com.android.inputmethods.latin/.LatinIME
01-01 00:06:12.926  1151  1407 D systemLanguageCode: en__GB
01-01 00:06:12.926  1151  1407 D mEnabledInputMethodsStrCache: com.android.inputmethods.latin/.LatinIME
01-01 00:06:12.926  1151  1407 D mEnabledInputMethodsStrCache: com.android.inputmethods.latin/.LatinIME
01-01 00:06:12.926  1151  1407 D systemLanguageCode: en__GB
01-01 00:06:12.926  1151  1407 D mEnabledInputMethodsStrCache: com.android.inputmethods.latin/.LatinIME
01-01 00:06:13.446  3675  4763 D UIAutomatorStub: URI: /jsonrpc/0, Method: POST, Header: {content-length=274, remote-addr=127.0.0.1, http-client-ip=127.0.0.1, host=localhost:9009, content-type=application/json, connection=close, accept-encoding=identity, user-agent=Python-urllib/2.7}, params, {NanoHttpd.QUERY_STRING=null}, files: {postData={"params": [{"childOrSiblingSelector": [], "scrollable": true, "mask": 16384, "childOrSibling": []}, {"childOrSiblingSelector": [], "text": "RSE_Test", "mask": 1, "childOrSibling": []}, true], "jsonrpc": "2.0", "method": "scrollTo", "id": "196dce777dceb4bc4f14e3d5b8aa7403"}}
01-01 00:06:13.450  1933  1933 I LCMANDR : SWR_OOB_HV_MF_009|FUN=ResourceMonitoringService::movingMemoryAverage|2|Moving memory average :24.215008
01-01 00:06:13.450  1933  1933 W LCMANDR : SWR_OOB_HV_MF_009|FUN=ResourceMonitoringService::getCpuUsageStatistic|Moving MEM AVG :::::::::24.215008
01-01 00:06:13.450  3739  3739 W HMI2-SETTINGS - CI08.4: className -> WifiActivity | functionName -> handlePassOkClick:  | value -> handlePassOkClick with ssid :RSE_Test enter callFromdialogButton
01-01 00:06:13.454  1379  1379 E LatinIME: hideWindow Called
01-01 00:06:13.454  3739  3739 W HMI2-SETTINGS - CI08.4: className -> WifiActivity | functionName -> hideSoftKeyboard | value -> hideSoftInputFromWindow id=true
01-01 00:06:13.456  1933  1933 W LCMANDR : SWR_OOB_HV_MF_009|FUN=ResourceMonitoringService::getCpuUsageStatistic|2|Total cpu usage :20.574713
01-01 00:06:13.456  1933  1933 I LCMANDR : SWR_OOB_HV_MF_009|FUN=ResourceMonitoringService::getCpuUsageStatistic|Cpu usage of core  0 is24.742268
01-01 00:06:13.456  1933  1933 I LCMANDR : SWR_OOB_HV_MF_009|FUN=ResourceMonitoringService::getCpuUsageStatistic|Cpu usage of core  1 is19.512194
01-01 00:06:13.457  1933  1933 I LCMANDR : SWR_OOB_HV_MF_009|FUN=ResourceMonitoringService::getCpuUsageStatistic|Cpu usage of core  2 is17.465754
01-01 00:06:13.457  1933  1933 I LCMANDR : ResourceMonitoringService::movingCpuAverage()
01-01 00:06:13.457  1933  1933 I LCMANDR : SWR_OOB_HV_MF_009|FUN=ResourceMonitoringService::movingCpuAverage|2|Moving window average of CPU 23.47884
01-01 00:06:13.457  1933  1933 I LCMANDR : SWR_OOB_HV_MF_009|FUN=ResourceMonitoringService::movingCpuAverage|2|Cpu moving average of core  0 is24.052952
01-01 00:06:13.457  1933  1933 I LCMANDR : SWR_OOB_HV_MF_009|FUN=ResourceMonitoringService::movingCpuAverage|2|Cpu moving average of core  1 is21.753857
01-01 00:06:13.457  1933  1933 I LCMANDR : SWR_OOB_HV_MF_009|FUN=ResourceMonitoringService::movingCpuAverage|2|Cpu moving average of core  2 is24.574762
01-01 00:06:13.457  1933  1933 D LCMANDR : SWR_OOB_HV_MF_009|FUN=ResourceMonitoringService::movingCpuAverage|2|Exiting VAL = 23.47884
01-01 00:06:13.461  1151  2229 I WifiService: getWifiEnabledState uid=1000
01-01 00:06:13.461  3739  3739 W HMI2-SETTINGS - CI08.4: className -> WifiActivity | functionName -> removePassEnterWindow : callFrom  | value -> connectToWifi_isPasswordValid
01-01 00:06:13.467  3739  3739 W HMI2-SETTINGS: SWR_BAIDU_HMI_0015|FUN=WifiActivity::finallyConnect|0|networkSSID::RSE_Test|NotOpen|isWapiConnect:false
01-01 00:06:13.468  1151  2229 I WifiService: addOrUpdateNetwork uid=1000
01-01 00:06:13.468  1151  2229 I addOrUpdateNetwork:  uid = 1000 SSID "RSE_Test" nid=-1
01-01 00:06:13.468  1151  1317 D WifiConfiguration: configKey: false
01-01 00:06:13.468  1151  1317 D WifiConfiguration: configKey: false
01-01 00:06:13.468  1151  1317 E WifiConfigManager: Cannot find network with networkId -1 or configKey "RSE_Test"WPA_PSK
01-01 00:06:13.469  1151  1317 D WifiConfiguration: configKey: false
01-01 00:06:13.469  1151  1317 E WifiConfigManager: Cannot find network with configKey "RSE_Test"WPA_PSK
01-01 00:06:13.470  1151  1317 D WifiConfiguration: configKey: false
01-01 00:06:13.472  1151  2264 D WindowManager: relayout packageName=com.android.inputmethods.latin::session=Session{ca2ba78 1379:1000}::window=android.view.IWindow$Stub$Proxy@9fa35ba::attrs.flags=800108
01-01 00:06:13.472  1151  2264 D WindowManager: relayout >>> FLAG_FULLSCREEN not set in WindowManager.LayoutParams
01-01 00:06:13.473  1151  2264 D WindowManager: startStatusReceiverServiceOnFlagSet: creating intent for action ACTION_ACTIVITY_FULLSCREEN
01-01 00:06:13.473  1151  2264 W ContextImpl: Calling a method in the system process without a qualified user: android.app.ContextImpl.startService:1476 com.android.server.wm.Session.startStatusReceiverServiceOnFlagSet:762 com.android.server.wm.Session.relayout:276 android.view.IWindowSession$Stub.onTransact:286 com.android.server.wm.Session.onTransact:166 
01-01 00:06:13.474  1151  2264 D CompatibilityInfo: mCompatibilityFlags - 4
01-01 00:06:13.474  1151  2264 D CompatibilityInfo: applicationDensity - 240
01-01 00:06:13.474  1151  2264 D CompatibilityInfo: applicationScale - 1.0
01-01 00:06:13.474  1151  2264 D WindowManager: startStatusReceiverServiceOnFlagSet: startService done
01-01 00:06:13.476  1151  1317 D WifiConfiguration: configKey: false
01-01 00:06:13.477  1392  1392 W SYSTEM_UI: SWR_SYSTEM_UI_007|FUN=CollapsedStatusBarFragment::getAction |1|Broadcast action --> STATUS_UPDATE_ACTION
01-01 00:06:13.477  1392  1392 W SYSTEM_UI: SWR_SYSTEM_UI_007|FUN=CollapsedStatusBarFragment::getIntExtra |1|NotifySystemUpdates dataType --> 101
01-01 00:06:13.477  1392  1392 W SYSTEM_UI - CI07.3: className -> CollapsedStatusBarFragment | functionName -> NotifySystemUpdates | onReceive -->  | value -> FULLSCREEN MODE CHANGED | isFullScreenStatus --> false | fullScreenPackage -->com.android.inputmethods.latin | fullscreenLastShownPackage -->null | topActivityPackage --> com.panasonic.hmi2settings
01-01 00:06:13.478  1392  1392 W SYSTEM_UI - CI07.3: className -> CollapsedStatusBarFragment | functionName -> NotifySystemUpdates | onReceive -->  | value -> Fullscreen mode changed --> path 0
01-01 00:06:13.499  1151  1317 D WifiConfigStore: Writing to stores completed in 23 ms.
01-01 00:06:13.499  1151  1317 D WifiConfiguration: configKey: false
01-01 00:06:13.500  3739  3739 W HMI2-SETTINGS: SWR_BAIDU_HMI_0015|FUN=WifiActivity::addNetwork|0|Getting network id with addNetwork method.
01-01 00:06:13.500  3739  3739 W HMI2-SETTINGS - CI08.4: className -> WifiActivity | functionName -> connectNewNetwork : | value ->  addNetwork success netId->10
01-01 00:06:13.500  1151  2229 I WifiService: enableNetwork uid=1000 disableOthers=true
01-01 00:06:13.500  1151  1317 D WifiStateMachine: connectToUserSelectNetwork netId 10, uid 1000, forceReconnect = false
01-01 00:06:13.501  1151  1317 D WifiConfiguration: configKey: false
01-01 00:06:13.502  1151  1317 I chatty  : uid=1000(system) WifiStateMachin identical 1 line
01-01 00:06:13.504  1151  1317 D WifiConfiguration: configKey: false
01-01 00:06:13.522  1151  1317 D WifiConfigStore: Writing to stores completed in 18 ms.
01-01 00:06:13.524  1151  1317 D WifiConfiguration: configKey: false
01-01 00:06:13.525  1151  1317 D WifiConfiguration: configKey: false
01-01 00:06:13.525  3739  3739 W HMI2-SETTINGS - CI08.4: className -> WifiActivity | functionName -> connectNewNetwork :  | value -> enable success netId->10
01-01 00:06:13.525  1151  1317 D WifiConfiguration: configKey: false
01-01 00:06:13.526  1151  1317 D WifiStateMachine: CMD_START_CONNECT sup state DisconnectedState my state DisconnectedState nid=10 roam=false
01-01 00:06:13.526  1151  2229 I WifiService: getWifiServiceMessenger uid=1000
01-01 00:06:13.526   808   808 W wificond: Scan is not started. Ignore abort request
01-01 00:06:13.527  3739  3739 W HMI2-SETTINGS: SWR_BAIDU_HMI_0015|SWR_BAIDU_HMI_0027|FUN=WifiActivity::connect|0|Connected to new network
01-01 00:06:13.527  3739  3739 W HMI2-SETTINGS - CI08.4: className -> WifiActivity | functionName -> finallyConnect : ssid-> | value -> "RSE_Test"|isClickedForConnection:false
01-01 00:06:13.527  1151  1316 D WifiService: New client listening to asynchronous messages
01-01 00:06:13.527  1151  1316 D WifiService: CONNECT  nid=10 uid=1000 name=android.uid.system:1000
01-01 00:06:13.527  1151  1316 D WifiService: Connect with networkId 10
01-01 00:06:13.528  1151  1317 D WifiConfiguration: configKey: false
01-01 00:06:13.528  1151  1317 D SupplicantStaIfaceHal: connectToNetwork "RSE_Test"WPA_PSK
01-01 00:06:13.529  3023  3023 E wpa_supplicant: Deregistering network from hidl control: 0
01-01 00:06:13.529  1151  1317 I SupplicantStaIfaceHal: addSupplicantStaNetwork via HIDL
01-01 00:06:13.530  3023  3023 E wpa_supplicant: Registering network to hidl control: 0
01-01 00:06:13.534  1933  1947 D LCMANDR : SWR_OOB_HV_MF_009|FUN=LifeCycleManagerService::LifeCycle_ReportCompStatus|GOT ALIVENESS SIGNAL FROM DAIAPP : [0]; HB Counter = [ 138 ]; STATUS INFO = [ 0 ]
01-01 00:06:13.537  1519  1964 I Connectivity_AIDL|AIDL_Handler.AIDL_Helpers.LcmHelper: MBUX App Method: KeepAliveTest |Line No: 408 |Log Type: Critical |Message: ChildThread:MBUX-App HB Count: 140, ResponseCode: 0
01-01 00:06:13.543  1151  1317 D WifiConfiguration: configKey: false
01-01 00:06:13.545  3023  3023 E wpa_supplicant: Notifying state change event to hidl control: 3
01-01 00:06:13.545  1151  1317 D WifiStateMachine: processMessage:  connect success 
01-01 00:06:13.546  1151  1317 D WifiStateMachine: processMessage: connect over
01-01 00:06:13.546  1151  1317 D WifiConfiguration: configKey: false
01-01 00:06:13.546  1151  1317 D WifiStateMachine: connectToUserSelectNetwork netId 10, uid 1000, forceReconnect = false
01-01 00:06:13.547  1151  1317 D WifiConfiguration: configKey: false
01-01 00:06:13.548  1151  1317 I chatty  : uid=1000(system) WifiStateMachin identical 1 line
01-01 00:06:13.551  1151  1317 D WifiConfiguration: configKey: false
01-01 00:06:13.570  1151  1317 D WifiConfigStore: Writing to stores completed in 18 ms.
01-01 00:06:13.571  1151  1317 D WifiConfiguration: configKey: false
01-01 00:06:13.572  3739  3757 E HMI2-SETTINGS - CI08.4: className -> WifiActivity | functionName -> mConnectListener | error ->onSuccess
01-01 00:06:13.572  1151  1317 D WifiConfiguration: configKey: false
01-01 00:06:13.578  2145  2145 D HMI_SERVICE: USE_CASE_NA|FUN=HmiApplication| [action] android.net.wifi.STATE_CHANGE
01-01 00:06:13.578  2145  2145 D HmiApplication: DetailedState:DISCONNECTED
01-01 00:06:13.578  2145  2145 W HMI_SERVICE: USE_CASE_NA|FUN=HmiApplication|executeLinuxCmdB2C command:6|isFromCManager:true
01-01 00:06:13.579  2677  2690 W ANDR_PERSISTENCY_CLIENT: SWR_PERSISTENCE_HV_LA_MF_0003|FUN=VCPUPersistenceService::executeLinuxBackgroundCommand |0|msg: param [6]
01-01 00:06:13.579  2677  2690 W ANDR_PERSISTENCY_CLIENT: SWR_PERSISTENCE_HV_LA_MF_0005|FUN=TCPHandler:: getInstance |2|msg: invoked 
01-01 00:06:13.579  2677  2690 W ANDR_PERSISTENCY_CLIENT: SWR_PERSISTENCE_HV_LA_MF_0005|FUN=TCPHandler:: sendWriteRequestToPersistenceLinuxInt |2|data= [6]key= 0 commandKey= 10
01-01 00:06:13.579  2677  2690 W ANDR_PERSISTENCY_CLIENT: SWR_PERSISTENCE_HV_LA_MF_0005|FUN=TCPHandler:: getUID |2|msg: invoked 
01-01 00:06:13.579  2677  2690 W ANDR_PERSISTENCY_CLIENT: SWR_PERSISTENCE_HV_LA_MF_0005|FUN=TCPHandler:: setAction |2|msg:setAction=1
01-01 00:06:13.579  2677  2690 W ANDR_PERSISTENCY_CLIENT: SWR_PERSISTENCE_HV_LA_MF_0005|FUN=TCPHandler:: setUID |2|msg:uid=8
01-01 00:06:13.579  2677  2690 W ANDR_PERSISTENCY_CLIENT: SWR_PERSISTENCE_HV_LA_MF_0005|FUN=TCPHandler:: setKey |2|msg:uid=8
01-01 00:06:13.579  2677  2690 W ANDR_PERSISTENCY_CLIENT: SWR_PERSISTENCE_HV_LA_MF_0005|FUN=TCPHandler::setCommandKey|2|msg:commandKey=10
01-01 00:06:13.579  2677  2690 W ANDR_PERSISTENCY_CLIENT: SWR_PERSISTENCE_HV_LA_MF_0005|FUN=TCPHandler:: registerCallBack |2|invoked 
01-01 00:06:13.579  2677  2690 W ANDR_PERSISTENCY_CLIENT: SWR_PERSISTENCE_HV_LA_MF_0005|FUN=TCPHandler::start|2|msg: byteArrayToInt : b [6]
01-01 00:06:13.579  2677  2690 W ANDR_PERSISTENCY_CLIENT: SWR_PERSISTENCE_HV_LA_MF_0005|FUN=TCPHandler::sendWriteRequestToPersistenceLinuxInt|2|listKey=8_10;keyString=0x00;key=0;command=6
01-01 00:06:13.580  2677  2725 W ANDR_PERSISTENCY_CLIENT: SWR_PERSISTENCE_HV_LA_MF_0005|FUN=TCPHandler:: getAction |2|msg:getAction=1
01-01 00:06:13.580  2677  2725 W ANDR_PERSISTENCY_CLIENT: SWR_PERSISTENCE_HV_LA_MF_0005|FUN=TCPHandler:: sender:ACTION_REQUEST |2|msg:condition 
01-01 00:06:13.580  2677  2725 W ANDR_PERSISTENCY_CLIENT: SWR_PERSISTENCE_HV_LA_MF_0005|FUN=TCPHandler:: getWrappedData |2|msg: msg com.panasonic.dairse.vcpupersistence.TCPHandler$Message@a2d40b1
01-01 00:06:13.580  2677  2725 W ANDR_PERSISTENCY_CLIENT: SWR_PERSISTENCE_HV_LA_MF_0005|FUN=TCPHandler::getCommandKey|2|msg:commandKey=10
01-01 00:06:13.580  2677  2725 W ANDR_PERSISTENCY_CLIENT: SWR_PERSISTENCE_HV_LA_MF_0005|FUN=TCPHandler:: intToBytes |2| data 1
01-01 00:06:13.580  2677  2725 W ANDR_PERSISTENCY_CLIENT: SWR_PERSISTENCE_HV_LA_MF_0005|FUN=TCPHandler:: intToBytes |2| data 13
01-01 00:06:13.580  2677  2725 W ANDR_PERSISTENCY_CLIENT: SWR_PERSISTENCE_HV_LA_MF_0005|FUN=TCPHandler:: getUID |2|msg:uid=8
01-01 00:06:13.580  2677  2725 W ANDR_PERSISTENCY_CLIENT: SWR_PERSISTENCE_HV_LA_MF_0005|FUN=TCPHandler::start|2|msg:sender::msg=[0, 0, 0, 13, 1, 8, 10, 4, 48, 120, 48, 48, 0, 0, 0, 1, 6]
01-01 00:06:13.580  1392  1392 W SYSTEM_UI: SWR_SYSTEM_UI_008|FUN=CollapsedStatusBarFragment::AndroidEventReceiver | getAction |1|Broadcast action:android.net.wifi.STATE_CHANGE received
01-01 00:06:13.580  2145  2145 D HMI_SERVICE: USE_CASE_NA|FUN=HmiApplication| [action] android.net.wifi.STATE_CHANGE
01-01 00:06:13.580  2677  2725 W ANDR_PERSISTENCY_CLIENT: SWR_PERSISTENCE_HV_LA_MF_0005|FUN=TCPHandler:: sender : Thread.interrupted() |2|msg:condition 
01-01 00:06:13.580  1392  1392 W SYSTEM_UI - CI07.3: className -> CollapsedStatusBarFragment | functionName -> AndroidEventReceiver | onReceive -->  | value -> Wifi connection status--> false
01-01 00:06:13.580  1392  1392 W SYSTEM_UI: SWR_SYSTEM_UI_008|FUN=CollapsedStatusBarFragment::isConnected |1|Wifi connection status--> false
01-01 00:06:13.580  1392  1392 W SYSTEM_UI - CI07.3: className -> CollapsedStatusBarFragment | functionName -> updateHermsDataType | value -> Update Herms Data Type :: networkType --> 0
01-01 00:06:13.581  1392  1392 W SYSTEM_UI - CI07.3: className -> CollapsedStatusBarFragment | functionName -> updateHermsDataType | value -> Update Herms Data Type :: isWebsiteSecure --> false
01-01 00:06:13.581  1392  1392 W SYSTEM_UI - CI07.3: className -> CollapsedStatusBarFragment | functionName -> updateHermsDataType | value -> Update Herms Data Type :: connection status --> 1
01-01 00:06:13.581  1392  1392 W SYSTEM_UI - CI07.3: className -> CollapsedStatusBarFragment | functionName -> updateHermsDataType | value -> Update Herms Data Type :: data Transfer --> false
01-01 00:06:13.581  1392  1392 W SYSTEM_UI - CI07.3: className -> CollapsedStatusBarFragment | functionName -> updateHermsDataType | value -> Update Herms Data Type :: wifiConnectionStatus --> false
01-01 00:06:13.581  1392  1392 W SYSTEM_UI - CI07.3: className -> CollapsedStatusBarFragment | functionName -> updateHermsDataType | value -> path 2
01-01 00:06:13.581  1392  1392 W SYSTEM_UI - CI07.3: className -> CollapsedStatusBarFragment | functionName -> updateHermsDataType | value -> path 3
01-01 00:06:13.582  2677  2726 W ANDR_PERSISTENCY_CLIENT: SWR_PERSISTENCE_HV_LA_MF_0005|FUN=TCPHandler::start|2|msg:receiver::run: size of totalLength 4
01-01 00:06:13.583  1151  1317 D WifiStateMachine: CMD_START_CONNECT sup state DisconnectedState my state DisconnectedState nid=10 roam=false
01-01 00:06:13.583  2677  2726 W ANDR_PERSISTENCY_CLIENT: SWR_PERSISTENCE_HV_LA_MF_0005|FUN=TCPHandler::start|2|msg:receiver::run: totalLength is > 0
01-01 00:06:13.584   808   808 W wificond: Scan is not started. Ignore abort request
01-01 00:06:13.585  1151  1317 D WifiConfiguration: configKey: false
01-01 00:06:13.586  1151  1317 D SupplicantStaIfaceHal: connectToNetwork "RSE_Test"WPA_PSK
01-01 00:06:13.586  2677  2726 W ANDR_PERSISTENCY_CLIENT: SWR_PERSISTENCE_HV_LA_MF_0005|FUN=TCPHandler::start|2|msg:receiver::response length= 12
01-01 00:06:13.586  1151  1317 D SupplicantStaIfaceHal: Network is already saved, will not trigger remove and add operation.
01-01 00:06:13.586  2677  2726 W ANDR_PERSISTENCY_CLIENT: SWR_PERSISTENCE_HV_LA_MF_0005|FUN=TCPHandler::handleInBoundData|2|message=[0, 8, 10, 0, 0, 0, 0, 4, 1, 0, 0, 0]
01-01 00:06:13.586  2677  2726 W ANDR_PERSISTENCY_CLIENT: SWR_PERSISTENCE_HV_LA_MF_0005|FUN=TCPHandler::handleInBoundData|2|msg:response listKey=8_10
01-01 00:06:13.586  2677  2726 W ANDR_PERSISTENCY_CLIENT: SWR_PERSISTENCE_HV_LA_MF_0005|FUN=TCPHandler::handleInBoundData|2|msg:TCPHandler.handleInBoundData success response=0
01-01 00:06:13.586  2677  2726 W ANDR_PERSISTENCY_CLIENT: SWR_PERSISTENCE_HV_LA_MF_0005|FUN=TCPHandler::isB2cResponce|2|msg: message [0, 8, 10, 0, 0, 0, 0, 4, 1, 0, 0, 0]
01-01 00:06:13.586  2677  2726 W ANDR_PERSISTENCY_CLIENT: SWR_PERSISTENCE_HV_LA_MF_0005|FUN=TCPHandler::handleInBoundData|2|msg:  isB2cResponce
01-01 00:06:13.586  2677  2726 W ANDR_PERSISTENCY_CLIENT: SWR_PERSISTENCE_HV_LA_MF_0005|FUN=TCPHandler::sendResponse|2|msg:send Response using IVCPUServiceCallBack=[0, 8, 10, 0, 0, 0, 0, 4, 1, 0, 0, 0]
01-01 00:06:13.586  2677  2726 W ANDR_PERSISTENCY_CLIENT: SWR_PERSISTENCE_HV_LA_MF_0005|FUN=TCPHandler::sendResponse|2|msg:send Response using IVCPUServiceCallBack=[0, 8, 10, 0, 0, 0, 0, 4, 1, 0, 0, 0]
01-01 00:06:13.587  2145  4727 W HMI_SERVICE: USE_CASE_NA|FUN=HmiApplication|executeLinuxCmdConnection responseData:[0, 8, 10, 0, 0, 0, 0, 4, 1, 0, 0, 0]
01-01 00:06:13.587  2145  4727 W HMI_SERVICE: USE_CASE_NA|FUN=HmiApplication|executeLinuxCmdConnection responseData=not valid:16777216
01-01 00:06:13.587  2145  4727 W HMI_SERVICE: USE_CASE_NA|FUN=HmiApplication|executeLinuxCmdConnection responseReturnData=
01-01 00:06:13.587  2145  4727 W HMI_SERVICE: USE_CASE_NA|FUN=HmiApplication|executeLinuxCmdB2C response=true
01-01 00:06:13.589  1508  1601 W QCNEJ   : |CORE| notifyWifiStatusChanged failed
01-01 00:06:13.589  1508  1601 W QCNEJ   : |CORE| notifyRatConnectionStatusChanged failed
01-01 00:06:13.590  1151  1317 D WifiStateMachine: processMessage:  connect success 
01-01 00:06:13.590  1151  1317 D WifiStateMachine: processMessage: connect over
01-01 00:06:13.593  1151  1317 D WifiConfiguration: configKey: false
01-01 00:06:13.595  2145  2145 D HMI_SERVICE: USE_CASE_NA|FUN=HmiApplication| [action] android.net.wifi.supplicant.STATE_CHANGE
01-01 00:06:13.595  3675  4763 E QueryController: Got null root node from accessibility - Retrying...
01-01 00:06:13.605  3739  3739 E HMI2-SETTINGS - CI08.4: className -> WifiActivity | functionName -> mWifiScanReceiver -> onReceive | error ->intent_action:android.net.wifi.CONFIGURED_NETWORKS_CHANGE
01-01 00:06:13.605  1151  2229 I WifiService: getWifiEnabledState uid=1000
01-01 00:06:13.606  3739  3739 W HMI2-SETTINGS: SWR_BAIDU_HMI_0020|FUN=WifiActivity::handleConnectedNetworkVisibility|0|getWifiStat::true
01-01 00:06:13.607  1151  2229 I WifiService: getConfiguredNetworks uid=1000
01-01 00:06:13.609  3739  3739 W HMI2-SETTINGS - CI08.4: className -> WifiActivity | functionName -> getSavedNetworkList | value -> config.netID ->10
01-01 00:06:13.609  3739  3739 W HMI2-SETTINGS - CI08.4: className -> WifiActivity | functionName -> getSavedNetworkList | value -> config.SSID ->"RSE_Test"
01-01 00:06:13.609  3739  3739 W HMI2-SETTINGS - CI08.4: className -> WifiActivity | functionName -> getSavedNetworkList | value -> config.BSSID ->null
01-01 00:06:13.610  3739  3739 W HMI2-SETTINGS: SWR_BAIDU_HMI_0027|SWR_BAIDU_HMI_0015|FUN=WifiActivity::getScanResults|1|Get list of available wifi hotspots.
01-01 00:06:13.616  3739  3739 W HMI2-SETTINGS - CI08.4: className -> WifiActivity | functionName -> isWapiVariantBlocked | value -> security_type:2
01-01 00:06:13.616  3739  3739 W HMI2-SETTINGS - CI08.4: className -> WifiActivity | functionName -> isInConnected | value -> |ACSIA_CORP1|0|2
01-01 00:06:13.617  3739  3739 W HMI2-SETTINGS - CI08.4: className -> WifiActivity | functionName -> isWapiVariantBlocked | value -> security_type:2
01-01 00:06:13.617  3739  3739 W HMI2-SETTINGS - CI08.4: className -> WifiActivity | functionName -> isInConnected | value -> | ACSIA_CORP3|0|2
01-01 00:06:13.617  3739  3739 W HMI2-SETTINGS - CI08.4: className -> WifiActivity | functionName -> isWapiVariantBlocked | value -> security_type:2
01-01 00:06:13.617  3739  3739 W HMI2-SETTINGS - CI08.4: className -> WifiActivity | functionName -> isInConnected | value -> |ACSIA_Management|0|2
01-01 00:06:13.617  3739  3739 W HMI2-SETTINGS - CI08.4: className -> WifiActivity | functionName -> isWapiVariantBlocked | value -> security_type:2
01-01 00:06:13.617  3739  3739 W HMI2-SETTINGS - CI08.4: className -> WifiActivity | functionName -> isInConnected | value -> |ACSIA_CORP2|0|2
01-01 00:06:13.617  3739  3739 W HMI2-SETTINGS - CI08.4: className -> WifiActivity | functionName -> isWapiVariantBlocked | value -> security_type:2
01-01 00:06:13.617  3739  3739 W HMI2-SETTINGS - CI08.4: className -> WifiActivity | functionName -> isInConnected | value -> |RSE_Test|0|2
01-01 00:06:13.617  3739  3739 W HMI2-SETTINGS - CI08.4: className -> WifiActivity | functionName -> isWapiVariantBlocked | value -> security_type:2
01-01 00:06:13.617  3739  3739 W HMI2-SETTINGS - CI08.4: className -> WifiActivity | functionName -> isInConnected | value -> |ACSIA_GUEST1|0|2
01-01 00:06:13.617  3739  3739 W HMI2-SETTINGS - CI08.4: className -> WifiActivity | functionName -> isWapiVariantBlocked | value -> security_type:2
01-01 00:06:13.617  3739  3739 W HMI2-SETTINGS - CI08.4: className -> WifiActivity | functionName -> isInConnected | value -> |ACSIA_DEV|0|2
01-01 00:06:13.617  3739  3739 W HMI2-SETTINGS - CI08.4: className -> WifiActivity | functionName -> isWapiVariantBlocked | value -> security_type:2
01-01 00:06:13.617  3739  3739 W HMI2-SETTINGS - CI08.4: className -> WifiActivity | functionName -> isInConnected | value -> |NETGEAR66-5G|0|2
01-01 00:06:13.617  3739  3739 W HMI2-SETTINGS - CI08.4: className -> WifiActivity | functionName -> isWapiVariantBlocked | value -> security_type:2
01-01 00:06:13.617  3739  3739 W HMI2-SETTINGS - CI08.4: className -> WifiActivity | functionName -> isInConnected | value -> |Secure|0|2
01-01 00:06:13.617  3739  3739 W HMI2-SETTINGS - CI08.4: className -> WifiActivity | functionName -> isWapiVariantBlocked | value -> security_type:2
01-01 00:06:13.617  3739  3739 W HMI2-SETTINGS - CI08.4: className -> WifiActivity | functionName -> isInConnected | value -> |DIRECT-YOATLP042msDU|0|2
01-01 00:06:13.617  3739  3739 W HMI2-SETTINGS - CI08.4: className -> WifiActivity | functionName -> isWapiVariantBlocked | value -> security_type:2
01-01 00:06:13.617  3739  3739 W HMI2-SETTINGS - CI08.4: className -> WifiActivity | functionName -> isInConnected | value -> | ACSIA_CORP3|0|2
01-01 00:06:13.617  3739  3739 W HMI2-SETTINGS - CI08.4: className -> WifiActivity | functionName -> isWapiVariantBlocked | value -> security_type:2
01-01 00:06:13.617  3739  3739 W HMI2-SETTINGS - CI08.4: className -> WifiActivity | functionName -> isInConnected | value -> |ACSIA_CORP1|0|2
01-01 00:06:13.617  3739  3739 W HMI2-SETTINGS - CI08.4: className -> WifiActivity | functionName -> isWapiVariantBlocked | value -> security_type:2
01-01 00:06:13.617  3739  3739 W HMI2-SETTINGS - CI08.4: className -> WifiActivity | functionName -> isInConnected | value -> |ACSIA_GUEST1|0|2
01-01 00:06:13.617  3739  3739 W HMI2-SETTINGS - CI08.4: className -> WifiActivity | functionName -> isWapiVariantBlocked | value -> security_type:2
