01-01 01:10:38.413  1392  1392 W SYSTEM_UI: SWR_SYSTEM_UI_007|FUN=CollapsedStatusBarFragment::getAction |1|Broadcast action --> STATUS_UPDATE_ACTION
01-01 01:10:38.414  1392  1392 W SYSTEM_UI: SWR_SYSTEM_UI_007|FUN=CollapsedStatusBarFragment::getIntExtra |1|NotifySystemUpdates dataType --> 101
01-01 01:10:38.414  1392  1392 W SYSTEM_UI - CI07.3: className -> CollapsedStatusBarFragment | functionName -> NotifySystemUpdates | onReceive -->  | value -> FULLSCREEN MODE CHANGED | isFullScreenStatus --> false | fullScreenPackage -->com.panasonic.hmi2settings | fullscreenLastShownPackage -->null | topActivityPackage --> com.panasonic.hmi2settings
01-01 01:10:38.414  1392  1392 W SYSTEM_UI - CI07.3: className -> CollapsedStatusBarFragment | functionName -> NotifySystemUpdates | onReceive -->  | value -> Fullscreen mode changed --> path 5
01-01 01:10:38.655  1151  1162 I zygote64: NativeAlloc concurrent copying GC freed 177609(7MB) AllocSpace objects, 48(2MB) LOS objects, 42% free, 15MB/27MB, paused 146us total 135.987ms
01-01 01:10:38.720  1933  1957 D LCMANDR : SWR_OOB_HV_MF_009|FUN=LifeCycleManagerService::LifeCycle_ReportCompStatus|GOT ALIVENESS SIGNAL FROM DAIAPP : [0]; HB Counter = [ 1680 ]; STATUS INFO = [ 0 ]
01-01 01:10:38.721  1519  1964 I Connectivity_AIDL|AIDL_Handler.AIDL_Helpers.LcmHelper: MBUX App Method: KeepAliveTest |Line No: 408 |Log Type: Critical |Message: ChildThread:MBUX-App HB Count: 1682, ResponseCode: 0
01-01 01:10:38.819     1   452 I init    : Uptime: 04234.956391 LocalTime: 01-01 01:10:38.819
01-01 01:10:38.958   729   748 I sssv-lib: sendMsg enter
01-01 01:10:38.958   729   748 I sssv-lib: sendMsg complete.
01-01 01:10:39.017   625   625 D WifiHAL : Start get packet fate command
01-01 01:10:39.017   625   625 D WifiHAL : createRequest Get Tx packet fate request
01-01 01:10:39.017   625   625 E WifiHAL : Failed to register get pkt fate response; result = -95
01-01 01:10:39.018  1151  1317 E WifiVendorHal: getTxPktFates(l.2067) failed {.code = ERROR_UNKNOWN, .description = errno: -95 (Unknown error -95)}
01-01 01:10:39.018   625   625 D WifiHAL : Start get packet fate command
01-01 01:10:39.018   625   625 D WifiHAL : createRequest Get Rx packet fate request
01-01 01:10:39.018   625   625 E WifiHAL : Failed to register get pkt fate response; result = -95
01-01 01:10:39.020  1151  1317 E WifiVendorHal: getRxPktFates(l.2107) failed {.code = ERROR_UNKNOWN, .description = errno: -95 (Unknown error -95)}
01-01 01:10:39.031  1151  2234 D WificondControl: Scan result ready event
01-01 01:10:39.031  1151  1323 I WifiService: isScanAlwaysAvailable uid=1000
01-01 01:10:39.031  1151  1323 I WifiService: getWifiEnabledState uid=1000
01-01 01:10:39.032   808   808 I wificond: Enters wifigbk_ageOutHistory
01-01 01:10:39.034   921  1439 I LOWI-8.5.0.3.c: [LOWI-Scan] lowi_close_record:Scan completed in 4219073ms and Recieved 44 APs scan results
01-01 01:10:39.035   921   961 I LOWI-8.5.0.3.c: [LOWIUtils] responseToOutPostcard - TO: GTP-FDAL, FROM:   LOWI-SERVER, RESP:  LOWI_ASYNC_DISCOVERY_SCAN_RESULTS
01-01 01:10:39.040   924   979 W XTCC-6.1.2.10-a: [LOWIUtils] to_eScanTypeResponse - default case
01-01 01:10:39.041   924   979 W XTCC-6.1.2.10-a: [WifiScanner] WiFi scan result : [44] AP's, async result: 1
01-01 01:10:39.043  1151  1323 D WificondScannerImpl: Filtering out 1 scan results.
01-01 01:10:39.043  1151  1323 I WifiService: isScanAlwaysAvailable uid=1000
01-01 01:10:39.043  1151  1323 I WifiService: getWifiEnabledState uid=1000
01-01 01:10:39.047  1151  1317 D ScanResultUtil: isScanResultForWapiPskNetwork: false
01-01 01:10:39.047  1151  1317 I chatty  : uid=1000(system) WifiStateMachin identical 6 lines
01-01 01:10:39.047  1151  1317 D ScanResultUtil: isScanResultForWapiPskNetwork: false
01-01 01:10:39.047  2145  2145 D HMI_SERVICE: USE_CASE_NA|FUN=HmiApplication| [action] android.net.wifi.SCAN_RESULTS
01-01 01:10:39.047  1151  1317 D ScanResultUtil: isScanResultForWapiPskNetwork: false
01-01 01:10:39.047  1151  1317 I chatty  : uid=1000(system) WifiStateMachin identical 4 lines
01-01 01:10:39.047  1151  1317 D ScanResultUtil: isScanResultForWapiPskNetwork: false
01-01 01:10:39.047  3739  3739 E HMI2-SETTINGS - CI08.4: className -> WifiActivity | functionName -> mWifiScanReceiver -> onReceive | error ->intent_action:android.net.wifi.SCAN_RESULTS
01-01 01:10:39.047  1151  1317 D ScanResultUtil: isScanResultForWapiPskNetwork: false
01-01 01:10:39.048  1151  1317 I chatty  : uid=1000(system) WifiStateMachin identical 13 lines
01-01 01:10:39.048  1151  1317 D ScanResultUtil: isScanResultForWapiPskNetwork: false
01-01 01:10:39.048  1151  2234 I WifiService: getWifiEnabledState uid=1000
01-01 01:10:39.048  1151  1317 D ScanResultUtil: isScanResultForWapiPskNetwork: false
01-01 01:10:39.049  1151  1317 I chatty  : uid=1000(system) WifiStateMachin identical 22 lines
01-01 01:10:39.049  1151  1317 D ScanResultUtil: isScanResultForWapiPskNetwork: false
01-01 01:10:39.049  1151  2234 I WifiService: getConfiguredNetworks uid=1000
01-01 01:10:39.049  1151  1317 D ScanResultUtil: isScanResultForWapiPskNetwork: false
01-01 01:10:39.049  1151  1317 I chatty  : uid=1000(system) WifiStateMachin identical 5 lines
01-01 01:10:39.049  1151  1317 D ScanResultUtil: isScanResultForWapiPskNetwork: false
01-01 01:10:39.050  1151  1317 W WifiConfigManager: Looking up network with invalid networkId -1
01-01 01:10:39.053  1151  1317 D ScanResultUtil: isScanResultForWapiPskNetwork: false
01-01 01:10:39.056  1151  1317 I chatty  : uid=1000(system) WifiStateMachin identical 31 lines
01-01 01:10:39.056  1151  1317 D ScanResultUtil: isScanResultForWapiPskNetwork: false
01-01 01:10:39.057  3739  3739 W HMI2-SETTINGS: SWR_BAIDU_HMI_0027|SWR_BAIDU_HMI_0015|FUN=WifiActivity::getScanResults|1|Get list of available wifi hotspots.
01-01 01:10:39.063  3739  3739 W HMI2-SETTINGS - CI08.4: className -> WifiActivity | functionName -> isWapiVariantBlocked | value -> security_type:2
01-01 01:10:39.063  3739  3739 W HMI2-SETTINGS - CI08.4: className -> WifiActivity | functionName -> isInConnected | value -> |ACSIA_CORP1|0|2
01-01 01:10:39.063  3739  3739 W HMI2-SETTINGS - CI08.4: className -> WifiActivity | functionName -> isWapiVariantBlocked | value -> security_type:2
01-01 01:10:39.063  3739  3739 W HMI2-SETTINGS - CI08.4: className -> WifiActivity | functionName -> isInConnected | value -> | ACSIA_CORP3|0|2
01-01 01:10:39.063  3739  3739 W HMI2-SETTINGS - CI08.4: className -> WifiActivity | functionName -> isWapiVariantBlocked | value -> security_type:2
01-01 01:10:39.063  3739  3739 W HMI2-SETTINGS - CI08.4: className -> WifiActivity | functionName -> isInConnected | value -> |ACSIA_Management|0|2
01-01 01:10:39.063  3739  3739 W HMI2-SETTINGS - CI08.4: className -> WifiActivity | functionName -> isWapiVariantBlocked | value -> security_type:2
01-01 01:10:39.063  3739  3739 W HMI2-SETTINGS - CI08.4: className -> WifiActivity | functionName -> isInConnected | value -> |ACSIA_GUEST1|0|2
01-01 01:10:39.063  3739  3739 W HMI2-SETTINGS - CI08.4: className -> WifiActivity | functionName -> isWapiVariantBlocked | value -> security_type:2
01-01 01:10:39.063  3739  3739 W HMI2-SETTINGS - CI08.4: className -> WifiActivity | functionName -> isInConnected | value -> |ACSIA_CORP2|0|2
01-01 01:10:39.064  3739  3739 W HMI2-SETTINGS - CI08.4: className -> WifiActivity | functionName -> isWapiVariantBlocked | value -> security_type:2
01-01 01:10:39.064  3739  3739 W HMI2-SETTINGS - CI08.4: className -> WifiActivity | functionName -> isInConnected | value -> |ACSIA_DEV|0|2
01-01 01:10:39.064  3739  3739 W HMI2-SETTINGS - CI08.4: className -> WifiActivity | functionName -> isWapiVariantBlocked | value -> security_type:2
01-01 01:10:39.064  3739  3739 W HMI2-SETTINGS - CI08.4: className -> WifiActivity | functionName -> isInConnected | value -> |RSE_Test|0|2
01-01 01:10:39.064  3739  3739 W HMI2-SETTINGS - CI08.4: className -> WifiActivity | functionName -> isWapiVariantBlocked | value -> security_type:2
01-01 01:10:39.064  3739  3739 W HMI2-SETTINGS - CI08.4: className -> WifiActivity | functionName -> isInConnected | value -> |Secure|0|2
01-01 01:10:39.064  3739  3739 W HMI2-SETTINGS - CI08.4: className -> WifiActivity | functionName -> isWapiVariantBlocked | value -> security_type:2
01-01 01:10:39.064  3739  3739 W HMI2-SETTINGS - CI08.4: className -> WifiActivity | functionName -> isInConnected | value -> |NETGEAR66-5G|0|2
01-01 01:10:39.064  3739  3739 W HMI2-SETTINGS - CI08.4: className -> WifiActivity | functionName -> isWapiVariantBlocked | value -> security_type:2
01-01 01:10:39.064  3739  3739 W HMI2-SETTINGS - CI08.4: className -> WifiActivity | functionName -> isInConnected | value -> |ACSIA_Management|0|2
01-01 01:10:39.064  3739  3739 W HMI2-SETTINGS - CI08.4: className -> WifiActivity | functionName -> isWapiVariantBlocked | value -> security_type:2
01-01 01:10:39.064  3739  3739 W HMI2-SETTINGS - CI08.4: className -> WifiActivity | functionName -> isInConnected | value -> |ACSIA_CORP1|0|2
01-01 01:10:39.064  3739  3739 W HMI2-SETTINGS - CI08.4: className -> WifiActivity | functionName -> isWapiVariantBlocked | value -> security_type:2
01-01 01:10:39.064  3739  3739 W HMI2-SETTINGS - CI08.4: className -> WifiActivity | functionName -> isInConnected | value -> |ACSIA_CORP2|0|2
01-01 01:10:39.064  3739  3739 W HMI2-SETTINGS - CI08.4: className -> WifiActivity | functionName -> isWapiVariantBlocked | value -> security_type:2
01-01 01:10:39.064  3739  3739 W HMI2-SETTINGS - CI08.4: className -> WifiActivity | functionName -> isInConnected | value -> | ACSIA_CORP3|0|2
01-01 01:10:39.064  3739  3739 W HMI2-SETTINGS - CI08.4: className -> WifiActivity | functionName -> isWapiVariantBlocked | value -> security_type:2
01-01 01:10:39.064  3739  3739 W HMI2-SETTINGS - CI08.4: className -> WifiActivity | functionName -> isInConnected | value -> |ACSIA_GUEST1|0|2
01-01 01:10:39.064  3739  3739 W HMI2-SETTINGS - CI08.4: className -> WifiActivity | functionName -> isWapiVariantBlocked | value -> security_type:2
01-01 01:10:39.064  3739  3739 W HMI2-SETTINGS - CI08.4: className -> WifiActivity | functionName -> isInConnected | value -> |ACSIA_DEV|0|2
01-01 01:10:39.064  3739  3739 W HMI2-SETTINGS - CI08.4: className -> WifiActivity | functionName -> isWapiVariantBlocked | value -> security_type:2
01-01 01:10:39.064  3739  3739 W HMI2-SETTINGS - CI08.4: className -> WifiActivity | functionName -> isInConnected | value -> |RSE_Test|0|2
01-01 01:10:39.064  3739  3739 W HMI2-SETTINGS - CI08.4: className -> WifiActivity | functionName -> isWapiVariantBlocked | value -> security_type:2
01-01 01:10:39.064  3739  3739 W HMI2-SETTINGS - CI08.4: className -> WifiActivity | functionName -> isInConnected | value -> |HUWIFI|0|2
01-01 01:10:39.064  3739  3739 W HMI2-SETTINGS - CI08.4: className -> WifiActivity | functionName -> isWapiVariantBlocked | value -> security_type:2
01-01 01:10:39.064  3739  3739 W HMI2-SETTINGS - CI08.4: className -> WifiActivity | functionName -> isInConnected | value -> |DIRECT-vQINLT044msmJ|0|2
01-01 01:10:39.064  3739  3739 W HMI2-SETTINGS - CI08.4: className -> WifiActivity | functionName -> isWapiVariantBlocked | value -> security_type:2
01-01 01:10:39.064  3739  3739 W HMI2-SETTINGS - CI08.4: className -> WifiActivity | functionName -> isInConnected | value -> |DIRECT-DMATCLWI2064msNL|0|2
01-01 01:10:39.064  3739  3739 W HMI2-SETTINGS - CI08.4: className -> WifiActivity | functionName -> isWapiVariantBlocked | value -> security_type:2
01-01 01:10:39.064  3739  3739 W HMI2-SETTINGS - CI08.4: className -> WifiActivity | functionName -> isInConnected | value -> |AUTOMATION_TEST|0|2
01-01 01:10:39.064  3739  3739 W HMI2-SETTINGS - CI08.4: className -> WifiActivity | functionName -> isWapiVariantBlocked | value -> security_type:2
01-01 01:10:39.064  3739  3739 W HMI2-SETTINGS - CI08.4: className -> WifiActivity | functionName -> isInConnected | value -> |ACSIA_CORP1|0|2
01-01 01:10:39.064  3739  3739 W HMI2-SETTINGS - CI08.4: className -> WifiActivity | functionName -> isWapiVariantBlocked | value -> security_type:2
01-01 01:10:39.064  3739  3739 W HMI2-SETTINGS - CI08.4: className -> WifiActivity | functionName -> isInConnected | value -> |RSE_Test|0|2
01-01 01:10:39.064  3739  3739 W HMI2-SETTINGS - CI08.4: className -> WifiActivity | functionName -> isWapiVariantBlocked | value -> security_type:2
01-01 01:10:39.064  3739  3739 W HMI2-SETTINGS - CI08.4: className -> WifiActivity | functionName -> isInConnected | value -> |ACSIA_GUEST1|0|2
01-01 01:10:39.065  3739  3739 W HMI2-SETTINGS - CI08.4: className -> WifiActivity | functionName -> isWapiVariantBlocked | value -> security_type:2
01-01 01:10:39.065  3739  3739 W HMI2-SETTINGS - CI08.4: className -> WifiActivity | functionName -> isInConnected | value -> |ACSIA_DEV|0|2
01-01 01:10:39.065  3739  3739 W HMI2-SETTINGS - CI08.4: className -> WifiActivity | functionName -> isWapiVariantBlocked | value -> security_type:2
01-01 01:10:39.065  3739  3739 W HMI2-SETTINGS - CI08.4: className -> WifiActivity | functionName -> isInConnected | value -> |ACSIA_CORP2|0|2
01-01 01:10:39.065  3739  3739 W HMI2-SETTINGS - CI08.4: className -> WifiActivity | functionName -> isWapiVariantBlocked | value -> security_type:2
01-01 01:10:39.065  3739  3739 W HMI2-SETTINGS - CI08.4: className -> WifiActivity | functionName -> isInConnected | value -> | ACSIA_CORP3|0|2
01-01 01:10:39.065  3739  3739 W HMI2-SETTINGS - CI08.4: className -> WifiActivity | functionName -> isWapiVariantBlocked | value -> security_type:2
01-01 01:10:39.065  3739  3739 W HMI2-SETTINGS - CI08.4: className -> WifiActivity | functionName -> isInConnected | value -> |ACSIA_Management|0|2
01-01 01:10:39.065  3739  3739 W HMI2-SETTINGS - CI08.4: className -> WifiActivity | functionName -> isWapiVariantBlocked | value -> security_type:2
01-01 01:10:39.065  3739  3739 W HMI2-SETTINGS - CI08.4: className -> WifiActivity | functionName -> isInConnected | value -> |MB Hotspot 61185|0|2
01-01 01:10:39.065  3739  3739 W HMI2-SETTINGS - CI08.4: className -> WifiActivity | functionName -> isWapiVariantBlocked | value -> security_type:0
01-01 01:10:39.065  3739  3739 W HMI2-SETTINGS - CI08.4: className -> WifiActivity | functionName -> isInConnected | value -> |HP-Print-DB-LaserJet Pro MFP|0|0
01-01 01:10:39.065  3739  3739 W HMI2-SETTINGS - CI08.4: className -> WifiActivity | functionName -> handleAllAvailNetwork | value -> savedNetwork ->0
01-01 01:10:39.065  3739  3739 W HMI2-SETTINGS - CI08.4: className -> WifiActivity | functionName -> handleAllAvailNetwork | value -> presentVisibleNetwork ->29
01-01 01:10:39.068  3739  3739 W HMI2-SETTINGS - CI08.4: className -> WifiActivity | functionName -> handleIfWifiAvailableNetworks: config is  | value -> null
01-01 01:10:39.093  3675 21183 D UIAutomatorStub: URI: /jsonrpc/0, Method: POST, Header: {content-length=274, remote-addr=127.0.0.1, http-client-ip=127.0.0.1, host=localhost:9009, content-type=application/json, connection=close, accept-encoding=identity, user-agent=Python-urllib/2.7}, params, {NanoHttpd.QUERY_STRING=null}, files: {postData={"params": [{"childOrSiblingSelector": [], "scrollable": true, "mask": 16384, "childOrSibling": []}, {"childOrSiblingSelector": [], "text": "RSE_Test", "mask": 1, "childOrSibling": []}, true], "jsonrpc": "2.0", "method": "scrollTo", "id": "e6d762a52b27fa13122257a0280d7889"}}
01-01 01:10:39.136   625   625 D WifiHAL : Start get packet fate command
01-01 01:10:39.136   625   625 D WifiHAL : createRequest Get Tx packet fate request
01-01 01:10:39.137   625   625 E WifiHAL : Failed to register get pkt fate response; result = -95
01-01 01:10:39.138  1151  1317 E WifiVendorHal: getTxPktFates(l.2067) failed {.code = ERROR_UNKNOWN, .description = errno: -95 (Unknown error -95)}
01-01 01:10:39.139   625   625 D WifiHAL : Start get packet fate command
01-01 01:10:39.139   625   625 D WifiHAL : createRequest Get Rx packet fate request
01-01 01:10:39.139   625   625 E WifiHAL : Failed to register get pkt fate response; result = -95
01-01 01:10:39.140  1151  1317 E WifiVendorHal: getRxPktFates(l.2107) failed {.code = ERROR_UNKNOWN, .description = errno: -95 (Unknown error -95)}
01-01 01:10:39.674  3739  3750 I zygote64: Background concurrent copying GC freed 413273(22MB) AllocSpace objects, 0(0B) LOS objects, 25% free, 68MB/92MB, paused 110us total 582.253ms
01-01 01:10:39.741  2054  2054 E         : 
01-01 01:10:39.741  2054  2054 E         : Buffer Size = 1048576
01-01 01:10:39.748  3675 21183 D UiScrollable: scrollToBeginning() on selector = UiSelector[SCROLLABLE=true]
01-01 01:10:39.748  3675 21183 D UiScrollable: scrollBackward() on selector = UiSelector[SCROLLABLE=true]
01-01 01:10:39.757  3675 21183 I QueryController: Matched selector: UiSelector[SCROLLABLE=true] <<==>> [android.view.accessibility.AccessibilityNodeInfo@44ba98e; boundsInParent: Rect(0, 0 - 1332, 889); boundsInScreen: Rect(305, 172 - 1637, 1061); packageName: com.panasonic.hmi2settings; className: android.widget.ScrollView; text: null; error: null; maxTextLength: -1; contentDescription: null; viewIdResName: com.panasonic.hmi2settings:id/scrollWifi; checkable: false; checked: false; focusable: true; focused: false; selected: false; clickable: false; longClickable: false; contextClickable: false; enabled: true; password: false; scrollable: true; importantForAccessibility: true; actions: [AccessibilityAction: ACTION_FOCUS - null, AccessibilityAction: ACTION_SELECT - null, AccessibilityAction: ACTION_CLEAR_SELECTION - null, AccessibilityAction: ACTION_ACCESSIBILITY_FOCUS - null, AccessibilityAction: ACTION_SCROLL_FORWARD - null, AccessibilityAction: ACTION_SHOW_ON_SCREEN - null]]
01-01 01:10:39.757  3675 21183 D UiScrollable: scrollToBegining() using vertical scroll
01-01 01:10:39.757  3675 21183 D InteractionController: scrollSwipe (971, 260, 971, 973, 55)
01-01 01:10:39.765  2054  2054 E         : 
01-01 01:10:39.765  2054  2054 E         : <6>[ 3900.571104] QSEECOM: scm_call_qcpe:429 : IN: 0x42000d0a, 0x3, 0x0, 0x4138, 0x76d, 0x0, 0x0
01-01 01:10:39.765  2054  2054 E         : <6>[ 3900.572505] QSEECOM: scm_call_qcpe:503 : OUT: 0x0, 0x0, 0x0, 0x0
01-01 01:10:39.765  2054  2054 E         : <6>[ 3900.587817] QSEECOM: scm_call_qcpe:429 : IN: 0x42000d0a, 0x3, 0x0, 0x414d, 0x790, 0x0, 0x0
01-01 01:10:39.765  2054  2054 E         : <6>[ 3900.589305] QSEECOM: scm_call_qcpe:503 : OUT: 0x0, 0x0, 0x0, 0x0
01-01 01:10:39.765  2054  2054 E         : <6>[ 3900.604496] QSEECOM: scm_call_qcpe:429 : IN: 0x42000d0a, 0x3, 0x0, 0x4133, 0x77b, 0x0, 0x0
01-01 01:10:39.765  2054  2054 E         : <6>[ 3900.606247] QSEECOM: scm_call_qcpe:503 : OUT: 0x0, 0x0, 0x0, 0x0
01-01 01:10:39.765  2054  2054 E         : <6>[ 3900.621214] QSEECOM: scm_call_qcpe:429 : IN: 0x42000d0a, 0x3, 0x0, 0x4157, 0x796, 0x0, 0x0
01-01 01:10:39.765  2054  2054 E         : <6>[ 3900.622622] QSEECOM: scm_call_qcpe:503 : OUT: 0x0, 0x0, 0x0, 0x0
01-01 01:10:39.765  2054  2054 E         : <6>[ 3900.637920] QSEECOM: scm_call_qcpe:429 : IN: 0x42000d0a, 0x3, 0x0, 0x4147, 0x790, 0x0, 0x0
01-01 01:10:39.765  2054  2054 E         : <6>[ 3900.639298] QSEECOM: scm_call_qcpe:503 : OUT: 0x0, 0x0, 0x0, 0x0
01-01 01:10:39.765  2054  2054 E         : <6>[ 3900.654635] QSEECOM: scm_call_qcpe:429 : IN: 0x42000d0a, 0x3, 0x0, 0x4159, 0x77b, 0x0, 0x0
01-01 01:10:39.765  2054  2054 E         : <6>[ 3900.655967] QSEECOM: scm_call_qcpe:503 : OUT: 0x0, 0x0, 0x0, 0x0
01-01 01:10:39.765  2054  2054 E         : <6>[ 3900.6713
01-01 01:10:39.769  2054  2054 E         : USB Hub Detector 1.0
01-01 01:10:39.947  1933  1933 I LCMANDR : SWR_OOB_HV_MF_009|FUN=ResourceMonitoringService::movingMemoryAverage|2|Moving memory average :31.755035
01-01 01:10:39.948  1933  1933 W LCMANDR : SWR_OOB_HV_MF_009|FUN=ResourceMonitoringService::getCpuUsageStatistic|Moving MEM AVG :::::::::31.755035
01-01 01:10:39.949  1933  1933 W LCMANDR : SWR_OOB_HV_MF_009|FUN=ResourceMonitoringService::getCpuUsageStatistic|2|Total cpu usage :34.305717
01-01 01:10:39.949  1933  1933 I LCMANDR : SWR_OOB_HV_MF_009|FUN=ResourceMonitoringService::getCpuUsageStatistic|Cpu usage of core  0 is29.642857
01-01 01:10:39.949  1933  1933 I LCMANDR : SWR_OOB_HV_MF_009|FUN=ResourceMonitoringService::getCpuUsageStatistic|Cpu usage of core  1 is23.214285
01-01 01:10:39.949  1933  1933 I LCMANDR : SWR_OOB_HV_MF_009|FUN=ResourceMonitoringService::getCpuUsageStatistic|Cpu usage of core  2 is49.15825
01-01 01:10:39.949  1933  1933 I LCMANDR : ResourceMonitoringService::movingCpuAverage()
01-01 01:10:39.949  1933  1933 I LCMANDR : SWR_OOB_HV_MF_009|FUN=ResourceMonitoringService::movingCpuAverage|2|Moving window average of CPU 24.98892
01-01 01:10:39.949  1933  1933 I LCMANDR : SWR_OOB_HV_MF_009|FUN=ResourceMonitoringService::movingCpuAverage|2|Cpu moving average of core  0 is25.240925
01-01 01:10:39.949  1933  1933 I LCMANDR : SWR_OOB_HV_MF_009|FUN=ResourceMonitoringService::movingCpuAverage|2|Cpu moving average of core  1 is21.091595
01-01 01:10:39.949  1933  1933 I LCMANDR : SWR_OOB_HV_MF_009|FUN=ResourceMonitoringService::movingCpuAverage|2|Cpu moving average of core  2 is28.468943
01-01 01:10:39.949  1933  1933 D LCMANDR : SWR_OOB_HV_MF_009|FUN=ResourceMonitoringService::movingCpuAverage|2|Exiting VAL = 24.98892
01-01 01:10:39.959   729   748 I sssv-lib: sendMsg enter
01-01 01:10:39.959   729   748 I sssv-lib: sendMsg complete.
01-01 01:10:40.606   635   635 E ANDR-PERF-TARGET: Error: Invalid logical cluster id 0
01-01 01:10:40.606   635   635 E ANDR-PERF-MPCTL: invalid request, no optimizations performed
01-01 01:10:40.622   635   635 E ANDR-PERF-TARGET: Error: Invalid logical cluster id 0
01-01 01:10:40.622   635   635 E ANDR-PERF-MPCTL: invalid request, no optimizations performed
01-01 01:10:40.639   635   635 E ANDR-PERF-TARGET: Error: Invalid logical cluster id 0
01-01 01:10:40.639   635   635 E ANDR-PERF-MPCTL: invalid request, no optimizations performed
01-01 01:10:40.656   635   635 E ANDR-PERF-TARGET: Error: Invalid logical cluster id 0
01-01 01:10:40.656   635   635 E ANDR-PERF-MPCTL: invalid request, no optimizations performed
01-01 01:10:40.673   635   635 E ANDR-PERF-TARGET: Error: Invalid logical cluster id 0
01-01 01:10:40.673   635   635 E ANDR-PERF-MPCTL: invalid request, no optimizations performed
01-01 01:10:40.673   635   635 E ANDR-PERF-TARGET: Error: Invalid logical cluster id 0
01-01 01:10:40.673   635   635 E ANDR-PERF-MPCTL: invalid request, no optimizations performed
01-01 01:10:40.689   635   635 E ANDR-PERF-TARGET: Error: Invalid logical cluster id 0
01-01 01:10:40.689   635   635 E ANDR-PERF-MPCTL: invalid request, no optimizations performed
01-01 01:10:40.706   635   635 E ANDR-PERF-TARGET: Error: Invalid logical cluster id 0
01-01 01:10:40.706   635   635 E ANDR-PERF-MPCTL: invalid request, no optimizations performed
01-01 01:10:40.723   635   635 E ANDR-PERF-TARGET: Error: Invalid logical cluster id 0
01-01 01:10:40.723   635   635 E ANDR-PERF-MPCTL: invalid request, no optimizations performed
01-01 01:10:40.739   635   635 E ANDR-PERF-TARGET: Error: Invalid logical cluster id 0
01-01 01:10:40.739   635   635 E ANDR-PERF-MPCTL: invalid request, no optimizations performed
01-01 01:10:40.756   635   635 E ANDR-PERF-TARGET: Error: Invalid logical cluster id 0
01-01 01:10:40.756   635   635 E ANDR-PERF-MPCTL: invalid request, no optimizations performed
01-01 01:10:40.773   635   635 E ANDR-PERF-TARGET: Error: Invalid logical cluster id 0
01-01 01:10:40.773   635   635 E ANDR-PERF-MPCTL: invalid request, no optimizations performed
01-01 01:10:40.789   635   635 E ANDR-PERF-TARGET: Error: Invalid logical cluster id 0
01-01 01:10:40.790   635   635 E ANDR-PERF-MPCTL: invalid request, no optimizations performed
01-01 01:10:40.806   635   635 E ANDR-PERF-TARGET: Error: Invalid logical cluster id 0
01-01 01:10:40.806   635   635 E ANDR-PERF-MPCTL: invalid request, no optimizations performed
01-01 01:10:40.823   635   635 E ANDR-PERF-TARGET: Error: Invalid logical cluster id 0
01-01 01:10:40.823   635   635 E ANDR-PERF-MPCTL: invalid request, no optimizations performed
01-01 01:10:40.839   635   635 E ANDR-PERF-TARGET: Error: Invalid logical cluster id 0
01-01 01:10:40.840   635   635 E ANDR-PERF-MPCTL: invalid request, no optimizations performed
01-01 01:10:40.856   635   635 E ANDR-PERF-TARGET: Error: Invalid logical cluster id 0
01-01 01:10:40.856   635   635 E ANDR-PERF-MPCTL: invalid request, no optimizations performed
01-01 01:10:40.867  3675 21183 W InteractionController: runAndwaitForEvents timed out waiting for events
01-01 01:10:40.873   635   635 E ANDR-PERF-TARGET: Error: Invalid logical cluster id 0
01-01 01:10:40.873   635   635 E ANDR-PERF-MPCTL: invalid request, no optimizations performed
01-01 01:10:40.876  3675 21183 D UiScrollable: scrollForward() on selector = UiSelector[SCROLLABLE=true]
01-01 01:10:40.885  3675 21183 I QueryController: Matched selector: UiSelector[SCROLLABLE=true] <<==>> [android.view.accessibility.AccessibilityNodeInfo@44ba98e; boundsInParent: Rect(0, 0 - 1332, 889); boundsInScreen: Rect(305, 172 - 1637, 1061); packageName: com.panasonic.hmi2settings; className: android.widget.ScrollView; text: null; error: null; maxTextLength: -1; contentDescription: null; viewIdResName: com.panasonic.hmi2settings:id/scrollWifi; checkable: false; checked: false; focusable: true; focused: false; selected: false; clickable: false; longClickable: false; contextClickable: false; enabled: true; password: false; scrollable: true; importantForAccessibility: true; actions: [AccessibilityAction: ACTION_FOCUS - null, AccessibilityAction: ACTION_SELECT - null, AccessibilityAction: ACTION_CLEAR_SELECTION - null, AccessibilityAction: ACTION_ACCESSIBILITY_FOCUS - null, AccessibilityAction: ACTION_SCROLL_FORWARD - null, AccessibilityAction: ACTION_SHOW_ON_SCREEN - null]]
01-01 01:10:40.885  3675 21183 D InteractionController: scrollSwipe (971, 973, 971, 260, 55)
01-01 01:10:40.890   635   635 E ANDR-PERF-TARGET: Error: Invalid logical cluster id 0
01-01 01:10:40.890   635   635 E ANDR-PERF-MPCTL: invalid request, no optimizations performed
01-01 01:10:40.906   635   635 E ANDR-PERF-TARGET: Error: Invalid logical cluster id 0
01-01 01:10:40.906   635   635 E ANDR-PERF-MPCTL: invalid request, no optimizations performed
01-01 01:10:40.923   635   635 E ANDR-PERF-TARGET: Error: Invalid logical cluster id 0
01-01 01:10:40.923   635   635 E ANDR-PERF-MPCTL: invalid request, no optimizations performed
01-01 01:10:40.940   635   635 E ANDR-PERF-TARGET: Error: Invalid logical cluster id 0
01-01 01:10:40.940   635   635 E ANDR-PERF-MPCTL: invalid request, no optimizations performed
01-01 01:10:40.956   635   635 E ANDR-PERF-TARGET: Error: Invalid logical cluster id 0
01-01 01:10:40.956   635   635 E ANDR-PERF-MPCTL: invalid request, no optimizations performed
01-01 01:10:40.960   729   748 I sssv-lib: sendMsg enter
01-01 01:10:40.960   729   748 I sssv-lib: sendMsg complete.
01-01 01:10:40.973   635   635 E ANDR-PERF-TARGET: Error: Invalid logical cluster id 0
01-01 01:10:40.973   635   635 E ANDR-PERF-MPCTL: invalid request, no optimizations performed
01-01 01:10:40.990   635   635 E ANDR-PERF-TARGET: Error: Invalid logical cluster id 0
01-01 01:10:40.990   635   635 E ANDR-PERF-MPCTL: invalid request, no optimizations performed
01-01 01:10:41.006   635   635 E ANDR-PERF-TARGET: Error: Invalid logical cluster id 0
01-01 01:10:41.007   635   635 E ANDR-PERF-MPCTL: invalid request, no optimizations performed
01-01 01:10:41.023   635   635 E ANDR-PERF-TARGET: Error: Invalid logical cluster id 0
01-01 01:10:41.023   635   635 E ANDR-PERF-MPCTL: invalid request, no optimizations performed
01-01 01:10:41.040   635   635 E ANDR-PERF-TARGET: Error: Invalid logical cluster id 0
01-01 01:10:41.040   635   635 E ANDR-PERF-MPCTL: invalid request, no optimizations performed
01-01 01:10:41.057   635   635 E ANDR-PERF-TARGET: Error: Invalid logical cluster id 0
01-01 01:10:41.057   635   635 E ANDR-PERF-MPCTL: invalid request, no optimizations performed
01-01 01:10:41.073   635   635 E ANDR-PERF-TARGET: Error: Invalid logical cluster id 0
01-01 01:10:41.073   635   635 E ANDR-PERF-MPCTL: invalid request, no optimizations performed
01-01 01:10:41.090   635   635 E ANDR-PERF-TARGET: Error: Invalid logical cluster id 0
01-01 01:10:41.090   635   635 E ANDR-PERF-MPCTL: invalid request, no optimizations performed
01-01 01:10:41.107   635   635 E ANDR-PERF-TARGET: Error: Invalid logical cluster id 0
01-01 01:10:41.107   635   635 E ANDR-PERF-MPCTL: invalid request, no optimizations performed
01-01 01:10:41.124   635   635 E ANDR-PERF-TARGET: Error: Invalid logical cluster id 0
01-01 01:10:41.124   635   635 E ANDR-PERF-MPCTL: invalid request, no optimizations performed
01-01 01:10:41.140   635   635 E ANDR-PERF-TARGET: Error: Invalid logical cluster id 0
01-01 01:10:41.140   635   635 E ANDR-PERF-MPCTL: invalid request, no optimizations performed
01-01 01:10:41.157   635   635 E ANDR-PERF-TARGET: Error: Invalid logical cluster id 0
01-01 01:10:41.157   635   635 E ANDR-PERF-MPCTL: invalid request, no optimizations performed
01-01 01:10:41.174   635   635 E ANDR-PERF-TARGET: Error: Invalid logical cluster id 0
01-01 01:10:41.174   635   635 E ANDR-PERF-MPCTL: invalid request, no optimizations performed
01-01 01:10:41.190   635   635 E ANDR-PERF-TARGET: Error: Invalid logical cluster id 0
01-01 01:10:41.190   635   635 E ANDR-PERF-MPCTL: invalid request, no optimizations performed
01-01 01:10:41.207   635   635 E ANDR-PERF-TARGET: Error: Invalid logical cluster id 0
01-01 01:10:41.207   635   635 E ANDR-PERF-MPCTL: invalid request, no optimizations performed
01-01 01:10:41.224   635   635 E ANDR-PERF-TARGET: Error: Invalid logical cluster id 0
01-01 01:10:41.224   635   635 E ANDR-PERF-MPCTL: invalid request, no optimizations performed
01-01 01:10:41.240   635   635 E ANDR-PERF-TARGET: Error: Invalid logical cluster id 0
01-01 01:10:41.240   635   635 E ANDR-PERF-MPCTL: invalid request, no optimizations performed
01-01 01:10:41.257   635   635 E ANDR-PERF-TARGET: Error: Invalid logical cluster id 0
01-01 01:10:41.257   635   635 E ANDR-PERF-MPCTL: invalid request, no optimizations performed
01-01 01:10:41.274   635   635 E ANDR-PERF-TARGET: Error: Invalid logical cluster id 0
01-01 01:10:41.274   635   635 E ANDR-PERF-MPCTL: invalid request, no optimizations performed
01-01 01:10:41.290   635   635 E ANDR-PERF-TARGET: Error: Invalid logical cluster id 0
01-01 01:10:41.290   635   635 E ANDR-PERF-MPCTL: invalid request, no optimizations performed
01-01 01:10:41.307   635   635 E ANDR-PERF-TARGET: Error: Invalid logical cluster id 0
01-01 01:10:41.307   635   635 E ANDR-PERF-MPCTL: invalid request, no optimizations performed
01-01 01:10:41.324   635   635 E ANDR-PERF-TARGET: Error: Invalid logical cluster id 0
01-01 01:10:41.324   635   635 E ANDR-PERF-MPCTL: invalid request, no optimizations performed
01-01 01:10:41.341   635   635 E ANDR-PERF-TARGET: Error: Invalid logical cluster id 0
01-01 01:10:41.341   635   635 E ANDR-PERF-MPCTL: invalid request, no optimizations performed
01-01 01:10:41.357   635   635 E ANDR-PERF-TARGET: Error: Invalid logical cluster id 0
01-01 01:10:41.357   635   635 E ANDR-PERF-MPCTL: invalid request, no optimizations performed
01-01 01:10:41.374   635   635 E ANDR-PERF-TARGET: Error: Invalid logical cluster id 0
01-01 01:10:41.374   635   635 E ANDR-PERF-MPCTL: invalid request, no optimizations performed
01-01 01:10:41.391   635   635 E ANDR-PERF-TARGET: Error: Invalid logical cluster id 0
01-01 01:10:41.391   635   635 E ANDR-PERF-MPCTL: invalid request, no optimizations performed
01-01 01:10:41.407   635   635 E ANDR-PERF-TARGET: Error: Invalid logical cluster id 0
01-01 01:10:41.407   635   635 E ANDR-PERF-MPCTL: invalid request, no optimizations performed
01-01 01:10:41.424   635   635 E ANDR-PERF-TARGET: Error: Invalid logical cluster id 0
01-01 01:10:41.424   635   635 E ANDR-PERF-MPCTL: invalid request, no optimizations performed
01-01 01:10:41.441   635   635 E ANDR-PERF-TARGET: Error: Invalid logical cluster id 0
01-01 01:10:41.441   635   635 E ANDR-PERF-MPCTL: invalid request, no optimizations performed
01-01 01:10:41.458   635   635 E ANDR-PERF-TARGET: Error: Invalid logical cluster id 0
01-01 01:10:41.458   635   635 E ANDR-PERF-MPCTL: invalid request, no optimizations performed
01-01 01:10:41.474   635   635 E ANDR-PERF-TARGET: Error: Invalid logical cluster id 0
01-01 01:10:41.474   635   635 E ANDR-PERF-MPCTL: invalid request, no optimizations performed
01-01 01:10:41.491   635   635 E ANDR-PERF-TARGET: Error: Invalid logical cluster id 0
01-01 01:10:41.491   635   635 E ANDR-PERF-MPCTL: invalid request, no optimizations performed
01-01 01:10:41.508   635   635 E ANDR-PERF-TARGET: Error: Invalid logical cluster id 0
01-01 01:10:41.508   635   635 E ANDR-PERF-MPCTL: invalid request, no optimizations performed
01-01 01:10:41.524   635   635 E ANDR-PERF-TARGET: Error: Invalid logical cluster id 0
01-01 01:10:41.524   635   635 E ANDR-PERF-MPCTL: invalid request, no optimizations performed
01-01 01:10:41.541   635   635 E ANDR-PERF-TARGET: Error: Invalid logical cluster id 0
01-01 01:10:41.541   635   635 E ANDR-PERF-MPCTL: invalid request, no optimizations performed
01-01 01:10:41.558   635   635 E ANDR-PERF-TARGET: Error: Invalid logical cluster id 0
01-01 01:10:41.558   635   635 E ANDR-PERF-MPCTL: invalid request, no optimizations performed
01-01 01:10:41.574   635   635 E ANDR-PERF-TARGET: Error: Invalid logical cluster id 0
01-01 01:10:41.574   635   635 E ANDR-PERF-MPCTL: invalid request, no optimizations performed
01-01 01:10:41.591   635   635 E ANDR-PERF-TARGET: Error: Invalid logical cluster id 0
01-01 01:10:41.591   635   635 E ANDR-PERF-MPCTL: invalid request, no optimizations performed
01-01 01:10:41.608   635   635 E ANDR-PERF-TARGET: Error: Invalid logical cluster id 0
01-01 01:10:41.608   635   635 E ANDR-PERF-MPCTL: invalid request, no optimizations performed
01-01 01:10:41.625   635   635 E ANDR-PERF-TARGET: Error: Invalid logical cluster id 0
01-01 01:10:41.625   635   635 E ANDR-PERF-MPCTL: invalid request, no optimizations performed
01-01 01:10:41.641   635   635 E ANDR-PERF-TARGET: Error: Invalid logical cluster id 0
01-01 01:10:41.641   635   635 E ANDR-PERF-MPCTL: invalid request, no optimizations performed
01-01 01:10:41.658   635   635 E ANDR-PERF-TARGET: Error: Invalid logical cluster id 0
01-01 01:10:41.658   635   635 E ANDR-PERF-MPCTL: invalid request, no optimizations performed
01-01 01:10:41.675   635   635 E ANDR-PERF-TARGET: Error: Invalid logical cluster id 0
01-01 01:10:41.675   635   635 E ANDR-PERF-MPCTL: invalid request, no optimizations performed
01-01 01:10:41.691   635   635 E ANDR-PERF-TARGET: Error: Invalid logical cluster id 0
01-01 01:10:41.691   635   635 E ANDR-PERF-MPCTL: invalid request, no optimizations performed
01-01 01:10:41.708   635   635 E ANDR-PERF-TARGET: Error: Invalid logical cluster id 0
01-01 01:10:41.708   635   635 E ANDR-PERF-MPCTL: invalid request, no optimizations performed
01-01 01:10:41.725   635   635 E ANDR-PERF-TARGET: Error: Invalid logical cluster id 0
01-01 01:10:41.725   635   635 E ANDR-PERF-MPCTL: invalid request, no optimizations performed
01-01 01:10:41.741   635   635 E ANDR-PERF-TARGET: Error: Invalid logical cluster id 0
01-01 01:10:41.742   635   635 E ANDR-PERF-MPCTL: invalid request, no optimizations performed
01-01 01:10:41.758   635   635 E ANDR-PERF-TARGET: Error: Invalid logical cluster id 0
01-01 01:10:41.758   635   635 E ANDR-PERF-MPCTL: invalid request, no optimizations performed
01-01 01:10:41.775   635   635 E ANDR-PERF-TARGET: Error: Invalid logical cluster id 0
01-01 01:10:41.775   635   635 E ANDR-PERF-MPCTL: invalid request, no optimizations performed
01-01 01:10:41.792   635   635 E ANDR-PERF-TARGET: Error: Invalid logical cluster id 0
01-01 01:10:41.792   635   635 E ANDR-PERF-MPCTL: invalid request, no optimizations performed
01-01 01:10:41.808   635   635 E ANDR-PERF-TARGET: Error: Invalid logical cluster id 0
01-01 01:10:41.808   635   635 E ANDR-PERF-MPCTL: invalid request, no optimizations performed
01-01 01:10:41.809   635   635 E ANDR-PERF-TARGET: Error: Invalid logical cluster id 0
01-01 01:10:41.809   635   635 E ANDR-PERF-MPCTL: invalid request, no optimizations performed
01-01 01:10:41.825   635   635 E ANDR-PERF-TARGET: Error: Invalid logical cluster id 0
01-01 01:10:41.825   635   635 E ANDR-PERF-MPCTL: invalid request, no optimizations performed
01-01 01:10:41.842   635   635 E ANDR-PERF-TARGET: Error: Invalid logical cluster id 0
01-01 01:10:41.842   635   635 E ANDR-PERF-MPCTL: invalid request, no optimizations performed
01-01 01:10:41.858   635   635 E ANDR-PERF-TARGET: Error: Invalid logical cluster id 0
01-01 01:10:41.858   635   635 E ANDR-PERF-MPCTL: invalid request, no optimizations performed
01-01 01:10:41.875   635   635 E ANDR-PERF-TARGET: Error: Invalid logical cluster id 0
01-01 01:10:41.875   635   635 E ANDR-PERF-MPCTL: invalid request, no optimizations performed
01-01 01:10:41.892   635   635 E ANDR-PERF-TARGET: Error: Invalid logical cluster id 0
01-01 01:10:41.892   635   635 E ANDR-PERF-MPCTL: invalid request, no optimizations performed
01-01 01:10:41.908   635   635 E ANDR-PERF-TARGET: Error: Invalid logical cluster id 0
01-01 01:10:41.909   635   635 E ANDR-PERF-MPCTL: invalid request, no optimizations performed
01-01 01:10:41.925   635   635 E ANDR-PERF-TARGET: Error: Invalid logical cluster id 0
01-01 01:10:41.925   635   635 E ANDR-PERF-MPCTL: invalid request, no optimizations performed
01-01 01:10:41.942   635   635 E ANDR-PERF-TARGET: Error: Invalid logical cluster id 0
01-01 01:10:41.942   635   635 E ANDR-PERF-MPCTL: invalid request, no optimizations performed
01-01 01:10:41.959   635   635 E ANDR-PERF-TARGET: Error: Invalid logical cluster id 0
01-01 01:10:41.959   635   635 E ANDR-PERF-MPCTL: invalid request, no optimizations performed
01-01 01:10:41.963   729   748 I sssv-lib: sendMsg enter
01-01 01:10:41.963   729   748 I sssv-lib: sendMsg complete.
01-01 01:10:41.975   635   635 E ANDR-PERF-TARGET: Error: Invalid logical cluster id 0
01-01 01:10:41.975   635   635 E ANDR-PERF-MPCTL: invalid request, no optimizations performed
01-01 01:10:41.992   635   635 E ANDR-PERF-TARGET: Error: Invalid logical cluster id 0
01-01 01:10:41.992   635   635 E ANDR-PERF-MPCTL: invalid request, no optimizations performed
01-01 01:10:42.003  3675 21183 W InteractionController: runAndwaitForEvents timed out waiting for events
01-01 01:10:42.003  3675 21183 D InteractionController: Vertical scrollSwipe reached scroll end: false
01-01 01:10:42.009   635   635 E ANDR-PERF-TARGET: Error: Invalid logical cluster id 0
01-01 01:10:42.009   635   635 E ANDR-PERF-MPCTL: invalid request, no optimizations performed
01-01 01:10:42.025   635   635 E ANDR-PERF-TARGET: Error: Invalid logical cluster id 0
01-01 01:10:42.026   635   635 E ANDR-PERF-MPCTL: invalid request, no optimizations performed
01-01 01:10:42.042   635   635 E ANDR-PERF-TARGET: Error: Invalid logical cluster id 0
01-01 01:10:42.042   635   635 E ANDR-PERF-MPCTL: invalid request, no optimizations performed
01-01 01:10:42.059   635   635 E ANDR-PERF-TARGET: Error: Invalid logical cluster id 0
01-01 01:10:42.059   635   635 E ANDR-PERF-MPCTL: invalid request, no optimizations performed
01-01 01:10:42.076   635   635 E ANDR-PERF-TARGET: Error: Invalid logical cluster id 0
01-01 01:10:42.076   635   635 E ANDR-PERF-MPCTL: invalid request, no optimizations performed
01-01 01:10:42.092   635   635 E ANDR-PERF-TARGET: Error: Invalid logical cluster id 0
01-01 01:10:42.092   635   635 E ANDR-PERF-MPCTL: invalid request, no optimizations performed
01-01 01:10:42.109   635   635 E ANDR-PERF-TARGET: Error: Invalid logical cluster id 0
01-01 01:10:42.109   635   635 E ANDR-PERF-MPCTL: invalid request, no optimizations performed
01-01 01:10:42.126   635   635 E ANDR-PERF-TARGET: Error: Invalid logical cluster id 0
01-01 01:10:42.126   635   635 E ANDR-PERF-MPCTL: invalid request, no optimizations performed
01-01 01:10:42.142   635   635 E ANDR-PERF-TARGET: Error: Invalid logical cluster id 0
01-01 01:10:42.142   635   635 E ANDR-PERF-MPCTL: invalid request, no optimizations performed
01-01 01:10:42.159   635   635 E ANDR-PERF-TARGET: Error: Invalid logical cluster id 0
01-01 01:10:42.159   635   635 E ANDR-PERF-MPCTL: invalid request, no optimizations performed
01-01 01:10:42.176   635   635 E ANDR-PERF-TARGET: Error: Invalid logical cluster id 0
01-01 01:10:42.176   635   635 E ANDR-PERF-MPCTL: invalid request, no optimizations performed
01-01 01:10:42.192   635   635 E ANDR-PERF-TARGET: Error: Invalid logical cluster id 0
01-01 01:10:42.193   635   635 E ANDR-PERF-MPCTL: invalid request, no optimizations performed
01-01 01:10:42.601  1933  1933 D LCMANDR : SWR_OOB_HV_MF_009|FUN=LifeCycleManagerService::getDAIAppAlivenessStatus|Aliveness:: DAIAPP HB DIFF = 2 [ DaimlerAppHBCounter ] = 1680[ DaimlerAppHBCounterOld ] = 1678
01-01 01:10:42.601  1933  1933 I LCMANDR : SWR_OOB_HV_MF_009|FUN=LifeCycleManagerService::getDAIAppAlivenessStatus|Aliveness::ANDROID HB IS VALID... setting OLD VAL, and resetting Fail Counter
01-01 01:10:42.604  1933  1933 I LCMANDR : SWR_OOB_HV_MF_009|FUN=LifeCycleManagerService::getDAIPID|DAIMLER APP(com.daimler.rse.ntg6) PID is [ 1519 ]
01-01 01:10:42.604  1933  1933 I LCMANDR : SWR_OOB_HV_MF_009|FUN=LifeCycleManagerService::getDAIAPPStatus|Aliveness::SAME PID! DAIAPP is not restarted
01-01 01:10:42.605  1933  1933 W LCMANDR : SWR_OOB_HV_MF_009|FUN=LifeCycleManagerService::getDAIAppAlivenessStatus|Aliveness::Status to send id : ALIVE
01-01 01:10:42.605  1933  1933 D LCMANDR : SWR_OOB_HV_MF_005|FUN=LifeCycleManagerService::sendPacketToLnx|data = [B@99e63ef
01-01 01:10:42.605  1933  1933 D LCMANDR : SWR_OOB_HV_MF_009|FUN=LifeCycleManagerService::postAppsStatusInfo|Setting AppPacket info
01-01 01:10:42.605  1933  1933 I LCMANDR : SWR_OOB_HV_MF_009|FUN=AlivenessMonitoring::getRunningApps| packet sent
01-01 01:10:42.605  1933  1956 D LCMANDR : SWR_OOB_HV_MF_010|FUN=LifeCycleManagerService::RseNodeStateManagement|SEND_IGC_CB
01-01 01:10:42.605  1933  1956 I LCMANDR : SWR_OOB_HV_MF_005|FUN=LifeCycleManagerService::igcsendData|Call hit in RSENodeStateManagement::igcsendData
01-01 01:10:42.605  1933  1956 I LCMANDR : SWR_OOB_HV_MF_005|FUN=LifeCycleManagerService::igcsendData|SEND DATA LEN is : 15
01-01 01:10:42.605  1933  1956 I LCMANDR : SWR_OOB_HV_MF_007|FUN=LifeCycleManagerService::sendPacketFromIntentService|Package to send : [ 65, 0, 0, 0, 9, 0, 2, 0, 1, 0, 5, 65, 65, 0, 0, ]
01-01 01:10:42.605  1933  1956 I IGC     :  IGC::sendData ==> [ 65, 0, 0, 0, 9, 0, 2, 0, 1, 0, 5, 65, 65, 0, 0,  ]
01-01 01:10:42.605  1933  1956 I IGC     :  Igc::sendData data size is :: 15
01-01 01:10:42.605  1933  1956 D         : Enqueue: sem count = 1
01-01 01:10:42.605  1933  1956 I LCMANDR : SWR_OOB_HV_MF_007|FUN=LifeCycleManagerService::sendPacketFromIntentService|Sending Data to Linux is successful( [65, 0, 0, 0, 9, 0, 2, 0, 1, 0, 5, 65, 65, 0, 0] )
01-01 01:10:42.605  1933  1956 I LCMANDR : SWR_OOB_HV_MF_005|FUN=LifeCycleManagerService::igcsendData| DATA SEND SUCCESSFULLY 
01-01 01:10:42.705  3675 21183 I QueryController: Matched selector: UiSelector[SCROLLABLE=true, CHILD=UiSelector[TEXT=RSE_Test]] <<==>> [android.view.accessibility.AccessibilityNodeInfo@44d9cd3; boundsInParent: Rect(0, 0 - 1078, 77); boundsInScreen: Rect(354, 491 - 1431, 568); packageName: com.panasonic.hmi2settings; className: android.widget.TextView; text: RSE_Test; error: null; maxTextLength: -1; contentDescription: null; viewIdResName: com.panasonic.hmi2settings:id/wifiName; checkable: false; checked: false; focusable: false; focused: false; selected: false; clickable: false; longClickable: false; contextClickable: false; enabled: true; password: false; scrollable: false; importantForAccessibility: true; actions: [AccessibilityAction: ACTION_SELECT - null, AccessibilityAction: ACTION_CLEAR_SELECTION - null, AccessibilityAction: ACTION_ACCESSIBILITY_FOCUS - null, AccessibilityAction: ACTION_NEXT_AT_MOVEMENT_GRANULARITY - null, AccessibilityAction: ACTION_PREVIOUS_AT_MOVEMENT_GRANULARITY - null, AccessibilityAction: ACTION_SET_SELECTION - null, AccessibilityAction: ACTION_SHOW_ON_SCREEN - null]]
01-01 01:10:42.714  3675 21184 D UIAutomatorStub: URI: /jsonrpc/0, Method: POST, Header: {content-length=176, remote-addr=127.0.0.1, http-client-ip=127.0.0.1, host=localhost:9009, content-type=application/json, connection=close, accept-encoding=identity, user-agent=Python-urllib/2.7}, params, {NanoHttpd.QUERY_STRING=null}, files: {postData={"params": [{"childOrSiblingSelector": [], "text": "RSE_Test", "mask": 1, "childOrSibling": []}], "jsonrpc": "2.0", "method": "click", "id": "702dc00be40ae2ab6310759042cb9c92"}}
01-01 01:10:42.779  3739  3739 W HMI2-SETTINGS - CI08.4: className -> WifiAdapter | functionName -> onBindViewHolder | value -> allWifiList.get(position).getSecurityType() : wifiNametrue
01-01 01:10:42.779  3739  3739 W HMI2-SETTINGS - CI08.4: className -> WifiActivity | functionName -> onWifiClick | value -> getSecurityType ->true
01-01 01:10:42.785  3675 21185 D UIAutomatorStub: URI: /jsonrpc/0, Method: POST, Header: {content-length=213, remote-addr=127.0.0.1, http-client-ip=127.0.0.1, host=localhost:9009, content-type=application/json, connection=close, accept-encoding=identity, user-agent=Python-urllib/2.7}, params, {NanoHttpd.QUERY_STRING=null}, files: {postData={"params": [{"childOrSiblingSelector": [], "className": "android.widget.EditText", "mask": 16, "childOrSibling": []}, "Secure7@55"], "jsonrpc": "2.0", "method": "setText", "id": "7ed20b1e35090112b5f0465b64ed69f7"}}
01-01 01:10:42.794   635   635 E ANDR-PERF-TARGET: Error: Invalid logical cluster id 0
01-01 01:10:42.794   635   635 E ANDR-PERF-MPCTL: invalid request, no optimizations performed
01-01 01:10:42.811  3739  3739 D View    : setSystemUiVisibility: creating intent for action ACTION_ACTIVITY_FULLSCREEN
01-01 01:10:42.811  3739  3739 W ContextImpl: Calling a method in the system process without a qualified user: android.app.ContextImpl.startService:1476 android.content.ContextWrapper.startService:650 android.view.View.setSystemUiVisibility:22653 com.panasonic.hmi2settings.activity.WifiActivity.connectToWifi:1215 com.panasonic.hmi2settings.activity.WifiActivity.onWifiClick:522 
01-01 01:10:42.813  1151  2234 D CompatibilityInfo: mCompatibilityFlags - 4
01-01 01:10:42.813  1151  2234 D CompatibilityInfo: applicationDensity - 240
01-01 01:10:42.813  1151  2234 D CompatibilityInfo: applicationScale - 1.0
01-01 01:10:42.814  3739  3739 D View    : setSystemUiVisibility: startService done
01-01 01:10:42.816  1392  1392 W SYSTEM_UI: SWR_SYSTEM_UI_007|FUN=CollapsedStatusBarFragment::getAction |1|Broadcast action --> STATUS_UPDATE_ACTION
01-01 01:10:42.816  1392  1392 W SYSTEM_UI: SWR_SYSTEM_UI_007|FUN=CollapsedStatusBarFragment::getIntExtra |1|NotifySystemUpdates dataType --> 101
01-01 01:10:42.816  1392  1392 W SYSTEM_UI - CI07.3: className -> CollapsedStatusBarFragment | functionName -> NotifySystemUpdates | onReceive -->  | value -> FULLSCREEN MODE CHANGED | isFullScreenStatus --> false | fullScreenPackage -->com.panasonic.hmi2settings | fullscreenLastShownPackage -->null | topActivityPackage --> com.panasonic.hmi2settings
01-01 01:10:42.816  1392  1392 W SYSTEM_UI - CI07.3: className -> CollapsedStatusBarFragment | functionName -> NotifySystemUpdates | onReceive -->  | value -> Fullscreen mode changed --> path 5
01-01 01:10:42.820  1151  2234 D WindowManager: addToDisplay >>> FLAG_FULLSCREEN not set in WindowManager.LayoutParams
01-01 01:10:42.820  1151  2234 D WindowManager: startStatusReceiverServiceOnFlagSet: creating intent for action ACTION_ACTIVITY_FULLSCREEN
01-01 01:10:42.820  1151  2234 W ContextImpl: Calling a method in the system process without a qualified user: android.app.ContextImpl.startService:1476 com.android.server.wm.Session.startStatusReceiverServiceOnFlagSet:762 com.android.server.wm.Session.addToDisplay:217 android.view.IWindowSession$Stub.onTransact:124 com.android.server.wm.Session.onTransact:166 
01-01 01:10:42.821  1151  2234 D CompatibilityInfo: mCompatibilityFlags - 4
01-01 01:10:42.821  1151  2234 D CompatibilityInfo: applicationDensity - 240
01-01 01:10:42.821  1151  2234 D CompatibilityInfo: applicationScale - 1.0
01-01 01:10:42.821  1151  2234 D WindowManager: startStatusReceiverServiceOnFlagSet: startService done
01-01 01:10:42.826  3739  3739 W HMI2-SETTINGS: SWR_BAIDU_HMI_0015|FUN=WifiActivity::addView|0|Display password enter dialog with addView method.
01-01 01:10:42.826  1392  1392 W SYSTEM_UI: SWR_SYSTEM_UI_007|FUN=CollapsedStatusBarFragment::getAction |1|Broadcast action --> STATUS_UPDATE_ACTION
01-01 01:10:42.826  3739  3739 W HMI2-SETTINGS: SWR_BAIDU_HMI_0027|FUN=WifiActivity::addView|0|Display password enter dialog with addView method.
01-01 01:10:42.826  1392  1392 W SYSTEM_UI: SWR_SYSTEM_UI_007|FUN=CollapsedStatusBarFragment::getIntExtra |1|NotifySystemUpdates dataType --> 101
01-01 01:10:42.826  1392  1392 W SYSTEM_UI - CI07.3: className -> CollapsedStatusBarFragment | functionName -> NotifySystemUpdates | onReceive -->  | value -> FULLSCREEN MODE CHANGED | isFullScreenStatus --> false | fullScreenPackage -->com.panasonic.hmi2settings | fullscreenLastShownPackage -->null | topActivityPackage --> com.panasonic.hmi2settings
01-01 01:10:42.827  1392  1392 W SYSTEM_UI - CI07.3: className -> CollapsedStatusBarFragment | functionName -> NotifySystemUpdates | onReceive -->  | value -> Fullscreen mode changed --> path 5
01-01 01:10:42.828  3739  3739 W HMI2-SETTINGS - CI08.4: className -> WifiActivity | functionName -> setOnFocusChangeListener :   | value -> hasFocus:true
