01-01 00:38:44.186  2677  2726 W ANDR_PERSISTENCY_CLIENT: SWR_PERSISTENCE_HV_LA_MF_0005|FUN=TCPHandler::sendResponseToSettings|2|message=[0, -2, 5, 0, 0, 0, 14, -5, 32, 50, 53, 51, 32, 32, 32, 32, 32, 32, 32, 48, 32, 122, 114, 97, 109, 48, 32, 48, 32, 48, 32, 48, 32, 48, 32, 48, 32, 48, 32, 48, 32, 48, 32, 48, 32, 48, 32, 48, 10, 32, 50, 53, 51, 32, 32, 32, 32, 32, 32, 32, 49, 32, 122, 114, 97, 109, 49, 32, 48, 32, 48, 32, 48, 32, 48, 32, 48, 32, 48, 32, 48, 32, 48, 32, 48, 32, 48, 32, 48, 10, 32, 50, 53, 51, 32, 32, 32, 32, 32, 32, 32, 50, 32, 122, 114, 97, 109, 50, 32, 48, 32, 48, 32, 48, 32, 48, 32, 48, 32, 48, 32, 48, 32, 48, 32, 48, 32, 48, 32, 48, 10, 32, 50, 53, 51, 32, 32, 32, 32, 32, 32, 32, 51, 32, 122, 114, 97, 109, 51, 32, 48, 32, 48, 32, 48, 32, 48, 32, 48, 32, 48, 32, 48, 32, 48, 32, 48, 32, 48, 32, 48, 10, 32, 49, 55, 57, 32, 32, 32, 32, 32, 32, 32, 48, 32, 109, 109, 99, 98, 108, 107, 48, 32, 49, 52, 53, 51, 55, 32, 50, 55, 54, 32, 51, 52, 56, 51, 56, 57, 57, 32, 50, 50, 57, 48, 52, 32, 52, 54, 51, 56, 54, 32, 54, 55, 51, 48, 54, 53, 32, 57, 51, 52, 50, 50, 50, 32, 53, 53, 50, 50, 56, 32, 48, 32, 53, 52, 49, 55, 50, 32, 55, 56, 48, 51, 54, 10, 32, 49, 55, 57, 32, 32, 32, 32, 32, 32, 32, 49, 32, 109, 109, 99, 98, 108, 107, 48, 112, 49, 32, 49, 32, 48, 32, 49, 54, 32, 48, 32, 48, 32, 48, 32, 48, 32, 48, 32, 48, 32, 48, 32, 48, 10, 32, 49, 55, 57, 32, 32, 32, 32, 32, 32, 32, 50, 32, 109, 109, 99, 98, 108, 107, 48, 112, 50, 32, 57, 32, 48, 32, 52, 54, 52, 32, 52, 32, 48, 32, 48, 32, 48, 32, 48, 32, 48, 32, 52, 32, 52, 10, 32, 49, 55, 57, 32, 32, 32, 32, 32, 32, 32, 51, 32, 109, 109, 99, 98, 108, 107, 48, 112, 51, 32, 57, 32, 48, 32, 52, 54, 52, 32, 52, 32, 48, 32, 48, 32, 48, 32, 48, 32, 48, 32, 52, 32, 52, 10, 32, 49, 55, 57, 32, 32, 32, 32, 32, 32, 32, 52, 32, 109, 109, 99, 98, 108, 107, 48, 112, 52, 32, 50, 51, 32, 48, 32, 51, 56, 48, 56, 32, 54, 56, 32, 48, 32, 48, 32, 48, 32, 48, 32, 48, 32, 53, 54, 32, 54, 56, 10, 32, 49, 55, 57, 32, 32, 32, 32, 32, 32, 32, 53, 32, 109, 109, 99, 98, 108, 107, 48, 112, 53, 32, 49, 54, 32, 48, 32, 53, 55, 54, 32, 53, 50, 32, 51, 32, 48, 32, 50, 52, 32, 48, 32, 48, 32, 53, 50, 32, 53, 50, 10, 32, 49, 55, 57, 32, 32, 32, 32, 32, 32, 32, 54, 32, 109, 109, 99, 98, 108, 107, 48, 112, 54, 32, 49, 51, 32, 48, 32, 52, 57, 54, 32, 52, 32, 54, 32, 48, 32, 52, 56, 32, 52, 32, 48, 32, 56, 32, 56, 10, 32, 49, 55, 57, 32, 32, 32, 32, 32, 32, 32, 55, 32, 109, 109, 99, 98, 108, 107, 48, 112, 55, 32, 49, 54, 32, 48, 32, 49, 50, 56, 32, 48, 32, 48, 32, 48, 32, 48, 32, 48, 32, 48, 32, 48, 32, 48, 10, 32, 49, 55, 57, 32, 32, 32, 32, 32, 32, 32, 56, 32, 109, 109, 99, 98, 108, 107, 48, 112, 56, 32, 49, 48, 32, 48, 32, 52, 55, 50, 32, 52, 32, 48, 32, 48, 32, 48, 32, 48, 32, 48, 32, 52, 32, 52, 10, 32, 49, 55, 57, 32, 32, 32, 32, 32, 32, 32, 57, 32, 109, 109, 99, 98, 108, 107, 48, 112, 57, 32, 55, 53, 32, 48, 32, 56, 53, 56, 32, 49, 50, 32, 48, 32, 48, 32, 48, 32, 48, 32, 48, 32, 49, 50, 32, 49, 50, 10, 32, 49, 55, 57, 32, 32, 32, 32, 32, 32, 49, 48, 32, 109, 109, 99, 98, 108, 107, 48, 112, 49, 48, 32, 49, 48, 32, 48, 32, 52, 55, 50, 32, 48, 32, 48, 32, 48, 32, 48, 32, 48, 32, 48, 32, 48, 32, 48, 10, 32, 49, 55, 57, 32, 32, 32, 32, 32, 32, 49, 49, 32, 109, 109, 99, 98, 108, 107, 48, 112, 49, 49, 32, 49, 32, 48, 32, 56, 32, 48, 32, 48, 32, 48, 32, 48, 32, 48, 32, 48, 32, 48, 32, 48, 10, 32, 49, 55, 57, 32, 32, 32, 32, 32, 32, 49, 50, 32, 109, 109, 99, 98, 108, 107, 48, 112, 49, 50, 32, 51, 48, 32, 48, 32, 50, 52, 48, 32, 52, 32, 48, 32, 48, 32, 48, 32, 48, 32, 48, 32, 52, 32, 52, 10, 32, 49, 55, 57, 32, 32, 32, 32, 32, 32, 49, 51, 32, 109, 109, 99, 98, 108, 107, 48, 112, 49, 51, 32, 51, 48, 32, 48, 32, 50, 52, 48, 32, 56, 32, 48, 32, 48, 32, 48, 32, 48, 32, 48, 32, 56, 32, 56, 10, 32, 49, 55, 57, 32, 32, 32, 32, 32, 32, 49, 52, 32, 109, 109, 99, 98, 108, 107, 48, 112, 49, 52, 32, 51, 48, 32, 48, 32, 50, 52, 48, 32, 52, 32, 48, 32, 48, 32, 48, 32, 48, 32, 48, 32, 52, 32, 52, 10, 32, 49, 55, 57, 32, 32, 32, 32, 32, 32, 49, 53, 32, 109, 109, 99, 98, 108, 107, 48, 112, 49, 53, 32, 51, 48, 32, 48, 32, 50, 
01-01 00:38:44.186  2677  2726 W ANDR_PERSISTENCY_CLIENT: SWR_PERSISTENCE_HV_LA_MF_0005|FUN=TCPHandler::sendResponseToSettings|2|;success=truelength 3843
01-01 00:38:44.186  2677  2726 W ANDR_PERSISTENCY_CLIENT: SWR_PERSISTENCE_HV_LA_MF_0005|FUN=TCPHandler::sendResponseToSettings|2| length>8
01-01 00:38:44.186  2677  2726 W ANDR_PERSISTENCY_CLIENT: SWR_PERSISTENCE_HV_LA_MF_0005|FUN=TCPHandler:: bytesToInt |2| data [B@b91b696
01-01 00:38:44.187  2677  2726 W ANDR_PERSISTENCY_CLIENT: SWR_PERSISTENCE_HV_LA_MF_0005|FUN=TCPHandler::sendResponseToSettings|2| dataLength 3835
01-01 00:38:44.187  2677  2726 W ANDR_PERSISTENCY_CLIENT: SWR_PERSISTENCE_HV_LA_MF_0005|FUN=TCPHandler::sendResponseToSettings|2| dataLength > 0 
01-01 00:38:44.187  2677  2726 W ANDR_PERSISTENCY_CLIENT: SWR_PERSISTENCE_HV_LA_MF_0005|FUN=TCPHandler::sendResponseToSettings|2| dataLength [B@b0a217
01-01 00:38:44.187  2677  2726 W ANDR_PERSISTENCY_CLIENT: SWR_PERSISTENCE_HV_LA_MF_0005|FUN=TCPHandler::sendResponseToSettings 2|2|msg:dataString= 253       0 zram0 0 0 0 0 0 0 0 0 0 0 0
01-01 00:38:44.187  2677  2726 W ANDR_PERSISTENCY_CLIENT:  253       1 zram1 0 0 0 0 0 0 0 0 0 0 0
01-01 00:38:44.187  2677  2726 W ANDR_PERSISTENCY_CLIENT:  253       2 zram2 0 0 0 0 0 0 0 0 0 0 0
01-01 00:38:44.187  2677  2726 W ANDR_PERSISTENCY_CLIENT:  253       3 zram3 0 0 0 0 0 0 0 0 0 0 0
01-01 00:38:44.187  2677  2726 W ANDR_PERSISTENCY_CLIENT:  179       0 mmcblk0 14537 276 3483899 22904 46386 673065 934222 55228 0 54172 78036
01-01 00:38:44.187  2677  2726 W ANDR_PERSISTENCY_CLIENT:  179       1 mmcblk0p1 1 0 16 0 0 0 0 0 0 0 0
01-01 00:38:44.187  2677  2726 W ANDR_PERSISTENCY_CLIENT:  179       2 mmcblk0p2 9 0 464 4 0 0 0 0 0 4 4
01-01 00:38:44.187  2677  2726 W ANDR_PERSISTENCY_CLIENT:  179       3 mmcblk0p3 9 0 464 4 0 0 0 0 0 4 4
01-01 00:38:44.187  2677  2726 W ANDR_PERSISTENCY_CLIENT:  179       4 mmcblk0p4 23 0 3808 68 0 0 0 0 0 56 68
01-01 00:38:44.187  2677  2726 W ANDR_PERSISTENCY_CLIENT:  179       5 mmcblk0p5 16 0 576 52 3 0 24 0 0 52 52
01-01 00:38:44.187  2677  2726 W ANDR_PERSISTENCY_CLIENT:  179       6 mmcblk0p6 13 0 496 4 6 0 48 4 0 8 8
01-01 00:38:44.187  2677  2726 W ANDR_PERSISTENCY_CLIENT:  179       7 mmcblk0p7 16 0 128 0 0 0 0 0 0 0 0
01-01 00:38:44.187  2677  2726 W ANDR_PERSISTENCY_CLIENT:  179       8 mmcblk0p8 10 0 472 4 0 0 0 0 0 4 4
01-01 00:38:44.187  2677  2726 W ANDR_PERSISTENCY_CLIENT:  179       9 mmcblk0p9 75 0 858 12 0 0 0 0 0 12 12
01-01 00:38:44.187  2677  2726 W ANDR_PERSISTENCY_CLIENT:  179      10 mmcblk0p10 10 0 472 0 0 0 0 0 0 0 0
01-01 00:38:44.187  2677  2726 W ANDR_PERSISTENCY_CLIENT:  179      11 mmcblk0p11 1 0 8 0 0 0 0 0 0 0 0
01-01 00:38:44.187  2677  2726 W ANDR_PERSISTENCY_CLIENT:  179      12 mmcblk0p12 30 0 240 4 0 0 0 0 0 4 4
01-01 00:38:44.187  2677  2726 W ANDR_PERSISTENCY_CLIENT:  179      13 mmcblk0p13 30 0 240 8 0 0 0 0 0 8 8
01-01 00:38:44.187  2677  2726 W ANDR_PERSISTENCY_CLIENT:  179      14 mmcblk0p14 30 0 240 4 0 0 0 0 0 4 4
01-01 00:38:44.187  2677  2726 W ANDR_PERSISTENCY_CLIENT:  179      15 mmcblk0p15 30 0 240 0 0 0 0 0 0 0 0
01-01 00:38:44.187  2677  2726 W ANDR_PERSISTENCY_CLIENT:  179      16 mmcblk0p16 20 0 160 4 0 0 0 0 0 4 4
01-01 00:38:44.187  2677  2726 W ANDR_PERSISTENCY_CLIENT:  179      17 mmcblk0p17 20 0 160 8 0 0 0 0 0 8 8
01-01 00:38:44.187  2677  2726 W ANDR_PERSISTENCY_CLIENT:  179      18 mmcblk0p18 20 0 160 8 0 0 0 0 0 8 8
01-01 00:38:44.187  2677  2726 W ANDR_PERSISTENCY_CLIENT:  179      19 mmcblk0p19 20 0 160 0 0 0 0 0 0 0 0
01-01 00:38:44.187  2677  2726 W ANDR_PERSISTENCY_CLIENT:  179      20 mmcblk0p20 20 0 160 0 0 0 0 0 0 0 0
01-01 00:38:44.187  2677  2726 W ANDR_PERSISTENCY_CLIENT:  179      21 mmcblk0p21 20 0 160 4 0 0 0 0 0 4 4
01-01 00:38:44.187  2677  2726 W ANDR_PERSISTENCY_CLIENT:  179      22 mmcblk0p22 9 0 464 0 0 0 0 0 0 0 0
01-01 00:38:44.187  2677  2726 W ANDR_PERSISTENCY_CLIENT:  179      23 mmcblk0p23 18 0 144 0 0 0 0 0 0 0 0
01-01 00:38:44.187  2677  2726 W ANDR_PERSISTENCY_CLIENT:  179      24 mmcblk0p24 18 0 144 4 0 0 0 0 0 4 4
01-01 00:38:44.187  2677  2726 W ANDR_PERSISTENCY_CLIENT:  179      25 mmcblk0p25 22 0 176 4 0 0 0 0 0 4 4
01-01 00:38:44.187  2677  2726 W ANDR_PERSISTENCY_CLIENT:  179      26 mmcblk0p26 22 0 176 0 0 0 0 0 0 0 0
01-01 00:38:44.187  2677  2726 W ANDR_PERSISTENCY_CLIENT:  179      27 mmcblk0p27 40 0 4128 32 0 0 0 0 0 24 32
01-01 00:38:44.187  2677  2726 W ANDR_PERSISTENCY_CLIENT:  179      28 mmcblk0p28 40 0 4128 64 0 0 0 0 0 40 64
01-01 00:38:44.187  2677  2726 W ANDR_PERSISTENCY_CLIENT:  179      29 mmcblk0p29 17 0 4008 40 0 0 0 0 0 24 40
01-01 00:38:44.187  2677  2726 W ANDR_PERSISTENCY_CLIENT:  179      30 mmcblk0p30 4965 3 1997096 9172 0 0 0 0 0 6920 9168
01-01 00:38:44.187  2677  2726 W ANDR_PERSISTENCY_CLIENT:  179      31 mmcblk0p31 17 0 4008 36 0 0 0 0 0 20 36
01-01 00:38:44.187  2677  2726 W ANDR_PERSISTENCY_CLIENT:  259       0 mmcblk0p32 1390 0 348344 1740 0 0 0 0 0 1504 1732
01-01 00:38:44.187  2677  2726 W ANDR_PERSISTENCY_CLIENT:  259       1 mmcblk0p33 20 0 160 28 0 0 0 0 0 28 28
01-01 00:38:44.187  2677  2726 W ANDR_PERSISTENCY_CLIENT:  259       2 mmcblk0p34 20 0 160 20 0 0 0 0 0 20 20
01-01 00:38:44.187  2677  2726 W ANDR_PERSISTENCY_CLIENT:  259       3 mmcblk0p35 18 0 144 16 0 0 0 0 0 16 16
01-01 00:38:44.187  2677  2726 W ANDR_PERSISTENCY_CLIENT:  259       4 mmcblk0p36 18 0 144 8 0 0 0 0 0 8 8
01-01 00:38:44.187  2677  2726 W ANDR_PERSISTENCY_CLIENT:  259       5 mmcblk0p37 20 0 160 0 0 0 0 0 0 0 0
01-01 00:38:44.187  2677  2726 W ANDR_PERSISTENCY_CLIENT:  259       6 mmcblk0p38 20 0 160 0 0 0 0 0 0 0 0
01-01 00:38:44.187  2677  2726 W ANDR_PERSISTENCY_CLIENT:  259       7 mmcblk0p39 17 0 4008 12 0 0 0 0 0 8 12
01-01 00:38:44.187  2677  2726 W ANDR_PERSISTENCY_CLIENT:  259       8 mmcblk0p40 188 0 151072 516 0 0 0 0 0 464 516
01-01 00:38:44.187  2677  2726 W ANDR_PERSISTENCY_CLIENT:  259       9 mmcblk0p41 11 0 2000 12 0 0 0 0 0 8 12
01-01 00:38:44.187  2677  2726 W ANDR_PERSISTENCY_CLIENT:  259      10 mmcblk0p42 25 0 5152 28 0 0 0 0 0 16 28
01-01 00:38:44.187  2677  2726 W ANDR_PERSISTENCY_CLIENT:  259      11 mmcblk0p43 22 0 176 8 0 0 0 0 0 8 8
01-01 00:38:44.187  2677  2726 W ANDR_PERSISTENCY_CLIENT:  259      12 mmcblk0p44 32 0 1136 12 0 0 0 0 0 12 12
01-01 00:38:44.187  2677  2726 W ANDR_PERSISTENCY_CLIENT:  259      13 mmcblk0p45 1 0 2 0 0 0 0 0 0 0 0
01-01 00:38:44.187  2677  2726 W ANDR_PERSISTENCY_CLIENT:  259      14 mmcblk0p46 18 0 144 4 0 0 0 0 0 4 4
01-01 00:38:44.187  2677  2726 W ANDR_PERSISTENCY_CLIENT:  259      15 mmcblk0p47 18 0 144 0 0 0 0 0 0 0 0
01-01 00:38:44.187  2677  2726 W ANDR_PERSISTENCY_CLIENT:  259      16 mmcblk0p48 2 0 4 4 0 0 0 0 0 4 4
01-01 00:38:44.187  2677  2726 W ANDR_PERSISTENCY_CLIENT:  259      17 mmcblk0p49 11 0 2000 8 0 0 0 0 0 4 8
01-01 00:38:44.187  2677  2726 W ANDR_PERSISTENCY_CLIENT:  259      18 mmcblk0p50 22 0 176 0 0 0 0 0 0 0 0
01-01 00:38:44.187  2677  2726 W ANDR_PERSISTENCY_CLIENT:  259      19 mmcblk0p51 18 0 144 0 0 0 0 0 0 0 0
01-01 00:38:44.187  2677  2726 W ANDR_PERSISTENCY_CLIENT:  259      20 mmcblk0p52 3 0 168 4 0 0 0 0 0 4 4
01-01 00:38:44.187  2677  2726 W ANDR_PERSISTENCY_CLIENT:  259      21 mmcblk0p53 9 0 1256 0 0 0 0 0 0 0 0
01-01 00:38:44.187  2677  2726 W ANDR_PERSISTENCY_CLIENT:  259      22 mmcblk0p54 32 0 256 20 0 0 0 0 0 20 20
01-01 00:38:44.187  2677  2726 W ANDR_PERSISTENCY_CLIENT:  259      23 mmcblk0p55 20 0 2064 24 0 0 0 0 0 16 24
01-01 00:38:44.187  2677  2726 W ANDR_PERSISTENCY_CLIENT:  259      24 mmcblk0p56 2789 113 261462 6436 1049 572 24208 1532 0 3308 7968
01-01 00:38:44.187  2677  2726 W ANDR_PERSISTENCY_CLIENT:  259      25 mmcblk0p57 23 0 2504 16 9 8 136 16 0 28 32
01-01 00:38:44.187  2677  2726 W ANDR_PERSISTENCY_CLIENT:  259      26 mmcblk0p58 230 0 61056 296 1471 22463 191472 6380 0 4640 6672
01-01 00:38:44.187  2677  2726 W ANDR_PERSISTENCY_CLIENT:  259      27 mmcblk0p59 523 157 28472 336 261 241 44756 1948 0 584 2284
01-01 00:38:44.187  2677  2726 W ANDR_PERSISTENCY_CLIENT:  259      28 mmcblk0p60 1 0 2 0 0 0 0 0 0 0 0
01-01 00:38:44.187  2677  2726 W ANDR_PERSISTENCY_CLIENT:  259      29 mmcblk0p61 5 0 432 8 0 0 0 0 0 8 8
01-01 00:38:44.187  2677  2726 W ANDR_PERSISTENCY_CLIENT:  259      30 mmcblk0p62 12 2 106 32 0 0 0 0 0 32 32
01-01 00:38:44.187  2677  2726 W ANDR_PERSISTENCY_CLIENT:  259      31 mmcblk0p63 18 0 144 4 0 0 0 0 0 4 4
01-01 00:38:44.187  2677  2726 W ANDR_PERSISTENCY_CLIENT:  259      32 mmcblk0p64 18 0 144 4 0 0 0 0 0 4 4
01-01 00:38:44.187  2677  2726 W ANDR_PERSISTENCY_CLIENT:  259      33 mmcblk0p65 20 0 160 8 0 0 0 0 0 0 0
01-01 00:38:44.187  2677  2726 W ANDR_PERSISTENCY_CLIENT:  259      34 mmcblk0p66 30 0 240 0 0 0 0 0 0 0 0
01-01 00:38:44.187  2677  2726 W ANDR_PERSISTENCY_CLIENT:  259      35 mmcblk0p67 224 0 5722 116 85 109 1576 72 0 124 188
01-01 00:38:44.187  2677  2726 W ANDR_PERSISTENCY_CLIENT:  259      36 mmcblk0p68 3068 1 578607 3620 21463 649638 671458 32476 0 28348 36044
01-01 00:38:44.187  2677  2726 W ANDR_PERSISTENCY_CLIENT:  179      32 mmcblk0rpmb 4 0 32 0 0 0 0 0 0 0 0
01-01 00:38:44.187  2677  2726 W ANDR_PERSISTENCY_CLIENT: ;command=cat /proc/diskstats
01-01 00:38:44.187  2677  2726 W ANDR_PERSISTENCY_CLIENT: SWR_PERSISTENCE_HV_LA_MF_0005|FUN=TCPHandler::handleInBoundData|2|msg:command=cat /proc/diskstats
01-01 00:38:44.187  2677  2726 W ANDR_PERSISTENCY_CLIENT: SWR_PERSISTENCE_HV_LA_MF_0005|FUN=TCPHandler:: handleInBoundData |2| remove key 
01-01 00:38:44.187  2677  2726 W ANDR_PERSISTENCY_CLIENT: SWR_PERSISTENCE_HV_LA_MF_0005|FUN=TCPHandler::sendResponseToSettings|2|msg:send=3835
01-01 00:38:44.188  2145  2145 D HMI_SERVICE: USE_CASE_NA|FUN=StoragedJobIntentService::onReceiveResult|1|received
01-01 00:38:44.193  2145  2145 D HMI_SERVICE: USE_CASE_NA|FUN=StoragedJobIntentService::doAppMonitor|1|init
01-01 00:38:44.193  2145  2145 D HMI_SERVICE: USE_CASE_NA|FUN=StoragedJobIntentService::lifeTimeMonitor|1|init
01-01 00:38:44.193  2145  2145 D HMI_SERVICE: USE_CASE_NA|FUN=StoragedJobIntentService::doAppMonitor|1|init
01-01 00:38:44.193  2145  2145 D HMI_SERVICE: USE_CASE_NA|FUN=StoragedJobIntentService::lifeTimeMonitor|1|init
01-01 00:38:44.193  2145  2145 D HMI_SERVICE: USE_CASE_NA|FUN=StoragedJobIntentService::doAppMonitor|1|init
01-01 00:38:44.193  2145  2145 D HMI_SERVICE: USE_CASE_NA|FUN=StoragedJobIntentService::lifeTimeMonitor|1|init
01-01 00:38:44.193  2145  2145 D HMI_SERVICE: USE_CASE_NA|FUN=StoragedJobIntentService::doAppMonitor|1|init
01-01 00:38:44.193  2145  2145 D HMI_SERVICE: USE_CASE_NA|FUN=StoragedJobIntentService::lifeTimeMonitorBaiduApps|1|init
01-01 00:38:44.193  2145  2145 D HMI_SERVICE: USE_CASE_NA|FUN=StoragedJobIntentService::onReceiveResult|1|continousWrite478321664
01-01 00:38:44.306   635   635 E ANDR-PERF-TARGET: Error: Invalid logical cluster id 0
01-01 00:38:44.306   635   635 E ANDR-PERF-MPCTL: invalid request, no optimizations performed
01-01 00:38:44.323   635   635 E ANDR-PERF-TARGET: Error: Invalid logical cluster id 0
01-01 00:38:44.323   635   635 E ANDR-PERF-MPCTL: invalid request, no optimizations performed
01-01 00:38:44.340   635   635 E ANDR-PERF-TARGET: Error: Invalid logical cluster id 0
01-01 00:38:44.340   635   635 E ANDR-PERF-MPCTL: invalid request, no optimizations performed
01-01 00:38:44.356   635   635 E ANDR-PERF-TARGET: Error: Invalid logical cluster id 0
01-01 00:38:44.356   635   635 E ANDR-PERF-MPCTL: invalid request, no optimizations performed
01-01 00:38:44.373   635   635 E ANDR-PERF-TARGET: Error: Invalid logical cluster id 0
01-01 00:38:44.373   635   635 E ANDR-PERF-MPCTL: invalid request, no optimizations performed
01-01 00:38:44.374   635   635 E ANDR-PERF-TARGET: Error: Invalid logical cluster id 0
01-01 00:38:44.374   635   635 E ANDR-PERF-MPCTL: invalid request, no optimizations performed
01-01 00:38:44.390   635   635 E ANDR-PERF-TARGET: Error: Invalid logical cluster id 0
01-01 00:38:44.390   635   635 E ANDR-PERF-MPCTL: invalid request, no optimizations performed
01-01 00:38:44.406   635   635 E ANDR-PERF-TARGET: Error: Invalid logical cluster id 0
01-01 00:38:44.407   635   635 E ANDR-PERF-MPCTL: invalid request, no optimizations performed
01-01 00:38:44.423   635   635 E ANDR-PERF-TARGET: Error: Invalid logical cluster id 0
01-01 00:38:44.423   635   635 E ANDR-PERF-MPCTL: invalid request, no optimizations performed
01-01 00:38:44.440   635   635 E ANDR-PERF-TARGET: Error: Invalid logical cluster id 0
01-01 00:38:44.440   635   635 E ANDR-PERF-MPCTL: invalid request, no optimizations performed
01-01 00:38:44.457   635   635 E ANDR-PERF-TARGET: Error: Invalid logical cluster id 0
01-01 00:38:44.457   635   635 E ANDR-PERF-MPCTL: invalid request, no optimizations performed
01-01 00:38:44.473   635   635 E ANDR-PERF-TARGET: Error: Invalid logical cluster id 0
01-01 00:38:44.473   635   635 E ANDR-PERF-MPCTL: invalid request, no optimizations performed
01-01 00:38:44.490   635   635 E ANDR-PERF-TARGET: Error: Invalid logical cluster id 0
01-01 00:38:44.490   635   635 E ANDR-PERF-MPCTL: invalid request, no optimizations performed
01-01 00:38:44.507   635   635 E ANDR-PERF-TARGET: Error: Invalid logical cluster id 0
01-01 00:38:44.507   635   635 E ANDR-PERF-MPCTL: invalid request, no optimizations performed
01-01 00:38:44.523   635   635 E ANDR-PERF-TARGET: Error: Invalid logical cluster id 0
01-01 00:38:44.524   635   635 E ANDR-PERF-MPCTL: invalid request, no optimizations performed
01-01 00:38:44.540   635   635 E ANDR-PERF-TARGET: Error: Invalid logical cluster id 0
01-01 00:38:44.540   635   635 E ANDR-PERF-MPCTL: invalid request, no optimizations performed
01-01 00:38:44.557   635   635 E ANDR-PERF-TARGET: Error: Invalid logical cluster id 0
01-01 00:38:44.557   635   635 E ANDR-PERF-MPCTL: invalid request, no optimizations performed
01-01 00:38:44.568  3675 13112 W InteractionController: runAndwaitForEvents timed out waiting for events
01-01 00:38:44.574   635   635 E ANDR-PERF-TARGET: Error: Invalid logical cluster id 0
01-01 00:38:44.574   635   635 E ANDR-PERF-MPCTL: invalid request, no optimizations performed
01-01 00:38:44.576  3675 13112 D UiScrollable: scrollForward() on selector = UiSelector[SCROLLABLE=true]
01-01 00:38:44.582  3675 13112 I QueryController: Matched selector: UiSelector[SCROLLABLE=true] <<==>> [android.view.accessibility.AccessibilityNodeInfo@24e5e8d; boundsInParent: Rect(0, 0 - 1332, 889); boundsInScreen: Rect(305, 172 - 1637, 1061); packageName: com.panasonic.hmi2settings; className: android.widget.ScrollView; text: null; error: null; maxTextLength: -1; contentDescription: null; viewIdResName: com.panasonic.hmi2settings:id/scrollWifi; checkable: false; checked: false; focusable: true; focused: false; selected: false; clickable: false; longClickable: false; contextClickable: false; enabled: true; password: false; scrollable: true; importantForAccessibility: true; actions: [AccessibilityAction: ACTION_FOCUS - null, AccessibilityAction: ACTION_SELECT - null, AccessibilityAction: ACTION_CLEAR_SELECTION - null, AccessibilityAction: ACTION_ACCESSIBILITY_FOCUS - null, AccessibilityAction: ACTION_SCROLL_FORWARD - null, AccessibilityAction: ACTION_SHOW_ON_SCREEN - null]]
01-01 00:38:44.582  3675 13112 D InteractionController: scrollSwipe (971, 973, 971, 260, 55)
01-01 00:38:44.590   635   635 E ANDR-PERF-TARGET: Error: Invalid logical cluster id 0
01-01 00:38:44.590   635   635 E ANDR-PERF-MPCTL: invalid request, no optimizations performed
01-01 00:38:44.607   635   635 E ANDR-PERF-TARGET: Error: Invalid logical cluster id 0
01-01 00:38:44.607   635   635 E ANDR-PERF-MPCTL: invalid request, no optimizations performed
01-01 00:38:44.624   635   635 E ANDR-PERF-TARGET: Error: Invalid logical cluster id 0
01-01 00:38:44.624   635   635 E ANDR-PERF-MPCTL: invalid request, no optimizations performed
01-01 00:38:44.640   635   635 E ANDR-PERF-TARGET: Error: Invalid logical cluster id 0
01-01 00:38:44.641   635   635 E ANDR-PERF-MPCTL: invalid request, no optimizations performed
01-01 00:38:44.657   635   635 E ANDR-PERF-TARGET: Error: Invalid logical cluster id 0
01-01 00:38:44.657   635   635 E ANDR-PERF-MPCTL: invalid request, no optimizations performed
01-01 00:38:44.674   635   635 E ANDR-PERF-TARGET: Error: Invalid logical cluster id 0
01-01 00:38:44.674   635   635 E ANDR-PERF-MPCTL: invalid request, no optimizations performed
01-01 00:38:44.691   635   635 E ANDR-PERF-TARGET: Error: Invalid logical cluster id 0
01-01 00:38:44.691   635   635 E ANDR-PERF-MPCTL: invalid request, no optimizations performed
01-01 00:38:44.707   635   635 E ANDR-PERF-TARGET: Error: Invalid logical cluster id 0
01-01 00:38:44.707   635   635 E ANDR-PERF-MPCTL: invalid request, no optimizations performed
01-01 00:38:44.724   635   635 E ANDR-PERF-TARGET: Error: Invalid logical cluster id 0
01-01 00:38:44.724   635   635 E ANDR-PERF-MPCTL: invalid request, no optimizations performed
01-01 00:38:44.740   635   635 E ANDR-PERF-TARGET: Error: Invalid logical cluster id 0
01-01 00:38:44.741   635   635 E ANDR-PERF-MPCTL: invalid request, no optimizations performed
01-01 00:38:44.757   635   635 E ANDR-PERF-TARGET: Error: Invalid logical cluster id 0
01-01 00:38:44.757   635   635 E ANDR-PERF-MPCTL: invalid request, no optimizations performed
01-01 00:38:44.774   635   635 E ANDR-PERF-TARGET: Error: Invalid logical cluster id 0
01-01 00:38:44.774   635   635 E ANDR-PERF-MPCTL: invalid request, no optimizations performed
01-01 00:38:44.791   635   635 E ANDR-PERF-TARGET: Error: Invalid logical cluster id 0
01-01 00:38:44.791   635   635 E ANDR-PERF-MPCTL: invalid request, no optimizations performed
01-01 00:38:44.807   635   635 E ANDR-PERF-TARGET: Error: Invalid logical cluster id 0
01-01 00:38:44.808   635   635 E ANDR-PERF-MPCTL: invalid request, no optimizations performed
01-01 00:38:44.824   635   635 E ANDR-PERF-TARGET: Error: Invalid logical cluster id 0
01-01 00:38:44.824   635   635 E ANDR-PERF-MPCTL: invalid request, no optimizations performed
01-01 00:38:44.841   635   635 E ANDR-PERF-TARGET: Error: Invalid logical cluster id 0
01-01 00:38:44.841   635   635 E ANDR-PERF-MPCTL: invalid request, no optimizations performed
01-01 00:38:44.858   635   635 E ANDR-PERF-TARGET: Error: Invalid logical cluster id 0
01-01 00:38:44.858   635   635 E ANDR-PERF-MPCTL: invalid request, no optimizations performed
01-01 00:38:44.872  1933  1933 W LCMANDR : SWR_OOB_HV_MF_009|FUN=MonitoringTimer::checkStatus|memoryInfo.availMem[MB] = 4827
01-01 00:38:44.874   635   635 E ANDR-PERF-TARGET: Error: Invalid logical cluster id 0
01-01 00:38:44.874   635   635 E ANDR-PERF-MPCTL: invalid request, no optimizations performed
01-01 00:38:44.891   635   635 E ANDR-PERF-TARGET: Error: Invalid logical cluster id 0
01-01 00:38:44.891   635   635 E ANDR-PERF-MPCTL: invalid request, no optimizations performed
01-01 00:38:44.908   635   635 E ANDR-PERF-TARGET: Error: Invalid logical cluster id 0
01-01 00:38:44.908   635   635 E ANDR-PERF-MPCTL: invalid request, no optimizations performed
01-01 00:38:44.914   729   748 I sssv-lib: sendMsg enter
01-01 00:38:44.914   729   748 I sssv-lib: sendMsg complete.
01-01 00:38:44.924   635   635 E ANDR-PERF-TARGET: Error: Invalid logical cluster id 0
01-01 00:38:44.924   635   635 E ANDR-PERF-MPCTL: invalid request, no optimizations performed
01-01 00:38:44.941   635   635 E ANDR-PERF-TARGET: Error: Invalid logical cluster id 0
01-01 00:38:44.941   635   635 E ANDR-PERF-MPCTL: invalid request, no optimizations performed
01-01 00:38:44.958   635   635 E ANDR-PERF-TARGET: Error: Invalid logical cluster id 0
01-01 00:38:44.958   635   635 E ANDR-PERF-MPCTL: invalid request, no optimizations performed
01-01 00:38:44.974   635   635 E ANDR-PERF-TARGET: Error: Invalid logical cluster id 0
01-01 00:38:44.974   635   635 E ANDR-PERF-MPCTL: invalid request, no optimizations performed
01-01 00:38:44.991   635   635 E ANDR-PERF-TARGET: Error: Invalid logical cluster id 0
01-01 00:38:44.991   635   635 E ANDR-PERF-MPCTL: invalid request, no optimizations performed
01-01 00:38:45.008   635   635 E ANDR-PERF-TARGET: Error: Invalid logical cluster id 0
01-01 00:38:45.008   635   635 E ANDR-PERF-MPCTL: invalid request, no optimizations performed
01-01 00:38:45.024   635   635 E ANDR-PERF-TARGET: Error: Invalid logical cluster id 0
01-01 00:38:45.025   635   635 E ANDR-PERF-MPCTL: invalid request, no optimizations performed
01-01 00:38:45.041   635   635 E ANDR-PERF-TARGET: Error: Invalid logical cluster id 0
01-01 00:38:45.041   635   635 E ANDR-PERF-MPCTL: invalid request, no optimizations performed
01-01 00:38:45.058   635   635 E ANDR-PERF-TARGET: Error: Invalid logical cluster id 0
01-01 00:38:45.058   635   635 E ANDR-PERF-MPCTL: invalid request, no optimizations performed
01-01 00:38:45.075   635   635 E ANDR-PERF-TARGET: Error: Invalid logical cluster id 0
01-01 00:38:45.075   635   635 E ANDR-PERF-MPCTL: invalid request, no optimizations performed
01-01 00:38:45.091   635   635 E ANDR-PERF-TARGET: Error: Invalid logical cluster id 0
01-01 00:38:45.091   635   635 E ANDR-PERF-MPCTL: invalid request, no optimizations performed
01-01 00:38:45.108   635   635 E ANDR-PERF-TARGET: Error: Invalid logical cluster id 0
01-01 00:38:45.108   635   635 E ANDR-PERF-MPCTL: invalid request, no optimizations performed
01-01 00:38:45.125   635   635 E ANDR-PERF-TARGET: Error: Invalid logical cluster id 0
01-01 00:38:45.125   635   635 E ANDR-PERF-MPCTL: invalid request, no optimizations performed
01-01 00:38:45.141   635   635 E ANDR-PERF-TARGET: Error: Invalid logical cluster id 0
01-01 00:38:45.142   635   635 E ANDR-PERF-MPCTL: invalid request, no optimizations performed
01-01 00:38:45.146  1933  1933 D LCMANDR : SWR_OOB_HV_MF_009|FUN=LifeCycleManagerService::getDAIAppAlivenessStatus|Aliveness:: DAIAPP HB DIFF = 2 [ DaimlerAppHBCounter ] = 916[ DaimlerAppHBCounterOld ] = 914
01-01 00:38:45.146  1933  1933 I LCMANDR : SWR_OOB_HV_MF_009|FUN=LifeCycleManagerService::getDAIAppAlivenessStatus|Aliveness::ANDROID HB IS VALID... setting OLD VAL, and resetting Fail Counter
01-01 00:38:45.149   625   625 D WifiHAL : Start get packet fate command
01-01 00:38:45.149   625   625 D WifiHAL : createRequest Get Tx packet fate request
01-01 00:38:45.149   625   625 E WifiHAL : Failed to register get pkt fate response; result = -95
01-01 00:38:45.150  1151  1317 E WifiVendorHal: getTxPktFates(l.2067) failed {.code = ERROR_UNKNOWN, .description = errno: -95 (Unknown error -95)}
01-01 00:38:45.150   625   625 D WifiHAL : Start get packet fate command
01-01 00:38:45.150   625   625 D WifiHAL : createRequest Get Rx packet fate request
01-01 00:38:45.150   625   625 E WifiHAL : Failed to register get pkt fate response; result = -95
01-01 00:38:45.151  1151  1317 E WifiVendorHal: getRxPktFates(l.2107) failed {.code = ERROR_UNKNOWN, .description = errno: -95 (Unknown error -95)}
01-01 00:38:45.151  1933  1933 I LCMANDR : SWR_OOB_HV_MF_009|FUN=LifeCycleManagerService::getDAIPID|DAIMLER APP(com.daimler.rse.ntg6) PID is [ 1519 ]
01-01 00:38:45.151  1933  1933 I LCMANDR : SWR_OOB_HV_MF_009|FUN=LifeCycleManagerService::getDAIAPPStatus|Aliveness::SAME PID! DAIAPP is not restarted
01-01 00:38:45.151  1933  1933 W LCMANDR : SWR_OOB_HV_MF_009|FUN=LifeCycleManagerService::getDAIAppAlivenessStatus|Aliveness::Status to send id : ALIVE
01-01 00:38:45.151  1933  1933 D LCMANDR : SWR_OOB_HV_MF_005|FUN=LifeCycleManagerService::sendPacketToLnx|data = [B@ff91a7c
01-01 00:38:45.151  1933  1933 D LCMANDR : SWR_OOB_HV_MF_009|FUN=LifeCycleManagerService::postAppsStatusInfo|Setting AppPacket info
01-01 00:38:45.151  1933  1933 I LCMANDR : SWR_OOB_HV_MF_009|FUN=AlivenessMonitoring::getRunningApps| packet sent
01-01 00:38:45.151  1933  1956 D LCMANDR : SWR_OOB_HV_MF_010|FUN=LifeCycleManagerService::RseNodeStateManagement|SEND_IGC_CB
01-01 00:38:45.151  1933  1956 I LCMANDR : SWR_OOB_HV_MF_005|FUN=LifeCycleManagerService::igcsendData|Call hit in RSENodeStateManagement::igcsendData
01-01 00:38:45.151  1933  1956 I LCMANDR : SWR_OOB_HV_MF_005|FUN=LifeCycleManagerService::igcsendData|SEND DATA LEN is : 15
01-01 00:38:45.151  1933  1956 I LCMANDR : SWR_OOB_HV_MF_007|FUN=LifeCycleManagerService::sendPacketFromIntentService|Package to send : [ 65, 0, 0, 0, 9, 0, 2, 0, 1, 0, 5, 65, 65, 0, 0, ]
01-01 00:38:45.151  1933  1956 I IGC     :  IGC::sendData ==> [ 65, 0, 0, 0, 9, 0, 2, 0, 1, 0, 5, 65, 65, 0, 0,  ]
01-01 00:38:45.151  1933  1956 I IGC     :  Igc::sendData data size is :: 15
01-01 00:38:45.151  1933  1956 D         : Enqueue: sem count = 1
01-01 00:38:45.152  1933  1956 I LCMANDR : SWR_OOB_HV_MF_007|FUN=LifeCycleManagerService::sendPacketFromIntentService|Sending Data to Linux is successful( [65, 0, 0, 0, 9, 0, 2, 0, 1, 0, 5, 65, 65, 0, 0] )
01-01 00:38:45.152  1933  1956 I LCMANDR : SWR_OOB_HV_MF_005|FUN=LifeCycleManagerService::igcsendData| DATA SEND SUCCESSFULLY 
01-01 00:38:45.158   635   635 E ANDR-PERF-TARGET: Error: Invalid logical cluster id 0
01-01 00:38:45.158   635   635 E ANDR-PERF-MPCTL: invalid request, no optimizations performed
01-01 00:38:45.175   635   635 E ANDR-PERF-TARGET: Error: Invalid logical cluster id 0
01-01 00:38:45.175   635   635 E ANDR-PERF-MPCTL: invalid request, no optimizations performed
01-01 00:38:45.191   635   635 E ANDR-PERF-TARGET: Error: Invalid logical cluster id 0
01-01 00:38:45.192   635   635 E ANDR-PERF-MPCTL: invalid request, no optimizations performed
01-01 00:38:45.206   625   625 D WifiHAL : Start get packet fate command
01-01 00:38:45.206   625   625 D WifiHAL : createRequest Get Tx packet fate request
01-01 00:38:45.206   625   625 E WifiHAL : Failed to register get pkt fate response; result = -95
01-01 00:38:45.207  1151  1317 E WifiVendorHal: getTxPktFates(l.2067) failed {.code = ERROR_UNKNOWN, .description = errno: -95 (Unknown error -95)}
01-01 00:38:45.208   625   625 D WifiHAL : Start get packet fate command
01-01 00:38:45.208   625   625 D WifiHAL : createRequest Get Rx packet fate request
01-01 00:38:45.208   625   625 E WifiHAL : Failed to register get pkt fate response; result = -95
01-01 00:38:45.208   635   635 E ANDR-PERF-TARGET: Error: Invalid logical cluster id 0
01-01 00:38:45.208   635   635 E ANDR-PERF-MPCTL: invalid request, no optimizations performed
01-01 00:38:45.209  1151  1317 E WifiVendorHal: getRxPktFates(l.2107) failed {.code = ERROR_UNKNOWN, .description = errno: -95 (Unknown error -95)}
01-01 00:38:45.225   635   635 E ANDR-PERF-TARGET: Error: Invalid logical cluster id 0
01-01 00:38:45.225   635   635 E ANDR-PERF-MPCTL: invalid request, no optimizations performed
01-01 00:38:45.242   635   635 E ANDR-PERF-TARGET: Error: Invalid logical cluster id 0
01-01 00:38:45.242   635   635 E ANDR-PERF-MPCTL: invalid request, no optimizations performed
01-01 00:38:45.258   635   635 E ANDR-PERF-TARGET: Error: Invalid logical cluster id 0
01-01 00:38:45.258   635   635 E ANDR-PERF-MPCTL: invalid request, no optimizations performed
01-01 00:38:45.275   635   635 E ANDR-PERF-TARGET: Error: Invalid logical cluster id 0
01-01 00:38:45.275   635   635 E ANDR-PERF-MPCTL: invalid request, no optimizations performed
01-01 00:38:45.292   635   635 E ANDR-PERF-TARGET: Error: Invalid logical cluster id 0
01-01 00:38:45.292   635   635 E ANDR-PERF-MPCTL: invalid request, no optimizations performed
01-01 00:38:45.309   635   635 E ANDR-PERF-TARGET: Error: Invalid logical cluster id 0
01-01 00:38:45.309   635   635 E ANDR-PERF-MPCTL: invalid request, no optimizations performed
01-01 00:38:45.325   635   635 E ANDR-PERF-TARGET: Error: Invalid logical cluster id 0
01-01 00:38:45.325   635   635 E ANDR-PERF-MPCTL: invalid request, no optimizations performed
01-01 00:38:45.342   635   635 E ANDR-PERF-TARGET: Error: Invalid logical cluster id 0
01-01 00:38:45.342   635   635 E ANDR-PERF-MPCTL: invalid request, no optimizations performed
01-01 00:38:45.359   635   635 E ANDR-PERF-TARGET: Error: Invalid logical cluster id 0
01-01 00:38:45.359   635   635 E ANDR-PERF-MPCTL: invalid request, no optimizations performed
01-01 00:38:45.375   635   635 E ANDR-PERF-TARGET: Error: Invalid logical cluster id 0
01-01 00:38:45.375   635   635 E ANDR-PERF-MPCTL: invalid request, no optimizations performed
01-01 00:38:45.392   635   635 E ANDR-PERF-TARGET: Error: Invalid logical cluster id 0
01-01 00:38:45.392   635   635 E ANDR-PERF-MPCTL: invalid request, no optimizations performed
01-01 00:38:45.409   635   635 E ANDR-PERF-TARGET: Error: Invalid logical cluster id 0
01-01 00:38:45.409   635   635 E ANDR-PERF-MPCTL: invalid request, no optimizations performed
01-01 00:38:45.425   635   635 E ANDR-PERF-TARGET: Error: Invalid logical cluster id 0
01-01 00:38:45.426   635   635 E ANDR-PERF-MPCTL: invalid request, no optimizations performed
01-01 00:38:45.442   635   635 E ANDR-PERF-TARGET: Error: Invalid logical cluster id 0
01-01 00:38:45.442   635   635 E ANDR-PERF-MPCTL: invalid request, no optimizations performed
01-01 00:38:45.459   635   635 E ANDR-PERF-TARGET: Error: Invalid logical cluster id 0
01-01 00:38:45.459   635   635 E ANDR-PERF-MPCTL: invalid request, no optimizations performed
01-01 00:38:45.476   635   635 E ANDR-PERF-TARGET: Error: Invalid logical cluster id 0
01-01 00:38:45.476   635   635 E ANDR-PERF-MPCTL: invalid request, no optimizations performed
01-01 00:38:45.492   635   635 E ANDR-PERF-TARGET: Error: Invalid logical cluster id 0
01-01 00:38:45.492   635   635 E ANDR-PERF-MPCTL: invalid request, no optimizations performed
01-01 00:38:45.492   635   635 E ANDR-PERF-TARGET: Error: Invalid logical cluster id 0
01-01 00:38:45.493   635   635 E ANDR-PERF-MPCTL: invalid request, no optimizations performed
01-01 00:38:45.509   635   635 E ANDR-PERF-TARGET: Error: Invalid logical cluster id 0
01-01 00:38:45.509   635   635 E ANDR-PERF-MPCTL: invalid request, no optimizations performed
01-01 00:38:45.526   635   635 E ANDR-PERF-TARGET: Error: Invalid logical cluster id 0
01-01 00:38:45.526   635   635 E ANDR-PERF-MPCTL: invalid request, no optimizations performed
01-01 00:38:45.542   635   635 E ANDR-PERF-TARGET: Error: Invalid logical cluster id 0
01-01 00:38:45.542   635   635 E ANDR-PERF-MPCTL: invalid request, no optimizations performed
01-01 00:38:45.559   635   635 E ANDR-PERF-TARGET: Error: Invalid logical cluster id 0
01-01 00:38:45.559   635   635 E ANDR-PERF-MPCTL: invalid request, no optimizations performed
01-01 00:38:45.576   635   635 E ANDR-PERF-TARGET: Error: Invalid logical cluster id 0
01-01 00:38:45.576   635   635 E ANDR-PERF-MPCTL: invalid request, no optimizations performed
01-01 00:38:45.592   635   635 E ANDR-PERF-TARGET: Error: Invalid logical cluster id 0
01-01 00:38:45.593   635   635 E ANDR-PERF-MPCTL: invalid request, no optimizations performed
01-01 00:38:45.609   635   635 E ANDR-PERF-TARGET: Error: Invalid logical cluster id 0
01-01 00:38:45.609   635   635 E ANDR-PERF-MPCTL: invalid request, no optimizations performed
01-01 00:38:45.626   635   635 E ANDR-PERF-TARGET: Error: Invalid logical cluster id 0
01-01 00:38:45.626   635   635 E ANDR-PERF-MPCTL: invalid request, no optimizations performed
01-01 00:38:45.643   635   635 E ANDR-PERF-TARGET: Error: Invalid logical cluster id 0
01-01 00:38:45.643   635   635 E ANDR-PERF-MPCTL: invalid request, no optimizations performed
01-01 00:38:45.659   635   635 E ANDR-PERF-TARGET: Error: Invalid logical cluster id 0
01-01 00:38:45.660   635   635 E ANDR-PERF-MPCTL: invalid request, no optimizations performed
01-01 00:38:45.676   635   635 E ANDR-PERF-TARGET: Error: Invalid logical cluster id 0
01-01 00:38:45.676   635   635 E ANDR-PERF-MPCTL: invalid request, no optimizations performed
01-01 00:38:45.686  3675 13112 W InteractionController: runAndwaitForEvents timed out waiting for events
01-01 00:38:45.686  3675 13112 D InteractionController: Vertical scrollSwipe reached scroll end: false
01-01 00:38:45.693   635   635 E ANDR-PERF-TARGET: Error: Invalid logical cluster id 0
01-01 00:38:45.693   635   635 E ANDR-PERF-MPCTL: invalid request, no optimizations performed
01-01 00:38:45.709   635   635 E ANDR-PERF-TARGET: Error: Invalid logical cluster id 0
01-01 00:38:45.710   635   635 E ANDR-PERF-MPCTL: invalid request, no optimizations performed
01-01 00:38:45.726   635   635 E ANDR-PERF-TARGET: Error: Invalid logical cluster id 0
01-01 00:38:45.726   635   635 E ANDR-PERF-MPCTL: invalid request, no optimizations performed
01-01 00:38:45.743   635   635 E ANDR-PERF-TARGET: Error: Invalid logical cluster id 0
01-01 00:38:45.743   635   635 E ANDR-PERF-MPCTL: invalid request, no optimizations performed
01-01 00:38:45.760   635   635 E ANDR-PERF-TARGET: Error: Invalid logical cluster id 0
01-01 00:38:45.760   635   635 E ANDR-PERF-MPCTL: invalid request, no optimizations performed
01-01 00:38:45.776   635   635 E ANDR-PERF-TARGET: Error: Invalid logical cluster id 0
01-01 00:38:45.776   635   635 E ANDR-PERF-MPCTL: invalid request, no optimizations performed
01-01 00:38:45.793   635   635 E ANDR-PERF-TARGET: Error: Invalid logical cluster id 0
01-01 00:38:45.793   635   635 E ANDR-PERF-MPCTL: invalid request, no optimizations performed
01-01 00:38:45.810   635   635 E ANDR-PERF-TARGET: Error: Invalid logical cluster id 0
01-01 00:38:45.810   635   635 E ANDR-PERF-MPCTL: invalid request, no optimizations performed
01-01 00:38:45.826   635   635 E ANDR-PERF-TARGET: Error: Invalid logical cluster id 0
01-01 00:38:45.826   635   635 E ANDR-PERF-MPCTL: invalid request, no optimizations performed
01-01 00:38:45.843   635   635 E ANDR-PERF-TARGET: Error: Invalid logical cluster id 0
01-01 00:38:45.843   635   635 E ANDR-PERF-MPCTL: invalid request, no optimizations performed
01-01 00:38:45.860   635   635 E ANDR-PERF-TARGET: Error: Invalid logical cluster id 0
01-01 00:38:45.860   635   635 E ANDR-PERF-MPCTL: invalid request, no optimizations performed
01-01 00:38:45.876   635   635 E ANDR-PERF-TARGET: Error: Invalid logical cluster id 0
01-01 00:38:45.877   635   635 E ANDR-PERF-MPCTL: invalid request, no optimizations performed
01-01 00:38:45.893   635   635 E ANDR-PERF-TARGET: Error: Invalid logical cluster id 0
01-01 00:38:45.893   635   635 E ANDR-PERF-MPCTL: invalid request, no optimizations performed
01-01 00:38:45.914   729   748 I sssv-lib: sendMsg enter
01-01 00:38:45.914   729   748 I sssv-lib: sendMsg complete.
01-01 00:38:45.934  1933  1957 D LCMANDR : SWR_OOB_HV_MF_009|FUN=LifeCycleManagerService::LifeCycle_ReportCompStatus|GOT ALIVENESS SIGNAL FROM DAIAPP : [0]; HB Counter = [ 917 ]; STATUS INFO = [ 0 ]
01-01 00:38:45.936  1519  1964 I Connectivity_AIDL|AIDL_Handler.AIDL_Helpers.LcmHelper: MBUX App Method: KeepAliveTest |Line No: 408 |Log Type: Critical |Message: ChildThread:MBUX-App HB Count: 919, ResponseCode: 0
01-01 00:38:46.199  1933  1933 I LCMANDR : SWR_OOB_HV_MF_009|FUN=ResourceMonitoringService::movingMemoryAverage|2|Moving memory average :30.367224
01-01 00:38:46.200  1933  1933 W LCMANDR : SWR_OOB_HV_MF_009|FUN=ResourceMonitoringService::getCpuUsageStatistic|Moving MEM AVG :::::::::30.367224
01-01 00:38:46.201  1933  1933 W LCMANDR : SWR_OOB_HV_MF_009|FUN=ResourceMonitoringService::getCpuUsageStatistic|2|Total cpu usage :30.033747
01-01 00:38:46.201  1933  1933 I LCMANDR : SWR_OOB_HV_MF_009|FUN=ResourceMonitoringService::getCpuUsageStatistic|Cpu usage of core  0 is36.394558
01-01 00:38:46.201  1933  1933 I LCMANDR : SWR_OOB_HV_MF_009|FUN=ResourceMonitoringService::getCpuUsageStatistic|Cpu usage of core  1 is30.405405
01-01 00:38:46.201  1933  1933 I LCMANDR : SWR_OOB_HV_MF_009|FUN=ResourceMonitoringService::getCpuUsageStatistic|Cpu usage of core  2 is23.411371
01-01 00:38:46.201  1933  1933 I LCMANDR : ResourceMonitoringService::movingCpuAverage()
01-01 00:38:46.201  1933  1933 I LCMANDR : SWR_OOB_HV_MF_009|FUN=ResourceMonitoringService::movingCpuAverage|2|Moving window average of CPU 22.874027
01-01 00:38:46.201  1933  1933 I LCMANDR : SWR_OOB_HV_MF_009|FUN=ResourceMonitoringService::movingCpuAverage|2|Cpu moving average of core  0 is25.917068
01-01 00:38:46.201  1933  1933 I LCMANDR : SWR_OOB_HV_MF_009|FUN=ResourceMonitoringService::movingCpuAverage|2|Cpu moving average of core  1 is20.589025
01-01 00:38:46.201  1933  1933 I LCMANDR : SWR_OOB_HV_MF_009|FUN=ResourceMonitoringService::movingCpuAverage|2|Cpu moving average of core  2 is22.074162
01-01 00:38:46.201  1933  1933 D LCMANDR : SWR_OOB_HV_MF_009|FUN=ResourceMonitoringService::movingCpuAverage|2|Exiting VAL = 22.874027
01-01 00:38:46.393  3675 13112 I QueryController: Matched selector: UiSelector[SCROLLABLE=true, CHILD=UiSelector[TEXT=RSE_Test]] <<==>> [android.view.accessibility.AccessibilityNodeInfo@2504e11; boundsInParent: Rect(0, 0 - 1078, 77); boundsInScreen: Rect(354, 474 - 1431, 551); packageName: com.panasonic.hmi2settings; className: android.widget.TextView; text: RSE_Test; error: null; maxTextLength: -1; contentDescription: null; viewIdResName: com.panasonic.hmi2settings:id/wifiName; checkable: false; checked: false; focusable: false; focused: false; selected: false; clickable: false; longClickable: false; contextClickable: false; enabled: true; password: false; scrollable: false; importantForAccessibility: true; actions: [AccessibilityAction: ACTION_SELECT - null, AccessibilityAction: ACTION_CLEAR_SELECTION - null, AccessibilityAction: ACTION_ACCESSIBILITY_FOCUS - null, AccessibilityAction: ACTION_NEXT_AT_MOVEMENT_GRANULARITY - null, AccessibilityAction: ACTION_PREVIOUS_AT_MOVEMENT_GRANULARITY - null, AccessibilityAction: ACTION_SET_SELECTION - null, AccessibilityAction: ACTION_SHOW_ON_SCREEN - null]]
01-01 00:38:46.403  3675 13114 D UIAutomatorStub: URI: /jsonrpc/0, Method: POST, Header: {content-length=176, remote-addr=127.0.0.1, http-client-ip=127.0.0.1, host=localhost:9009, content-type=application/json, connection=close, accept-encoding=identity, user-agent=Python-urllib/2.7}, params, {NanoHttpd.QUERY_STRING=null}, files: {postData={"params": [{"childOrSiblingSelector": [], "text": "RSE_Test", "mask": 1, "childOrSibling": []}], "jsonrpc": "2.0", "method": "click", "id": "9c7471ff76d0a50219c699357a27c36b"}}
01-01 00:38:46.467  3739  3739 W HMI2-SETTINGS - CI08.4: className -> WifiAdapter | functionName -> onBindViewHolder | value -> allWifiList.get(position).getSecurityType() : wifiNametrue
01-01 00:38:46.467  3739  3739 W HMI2-SETTINGS - CI08.4: className -> WifiActivity | functionName -> onWifiClick | value -> getSecurityType ->true
01-01 00:38:46.473  3739  3739 D View    : setSystemUiVisibility: creating intent for action ACTION_ACTIVITY_FULLSCREEN
01-01 00:38:46.475  3675 13115 D UIAutomatorStub: URI: /jsonrpc/0, Method: POST, Header: {content-length=213, remote-addr=127.0.0.1, http-client-ip=127.0.0.1, host=localhost:9009, content-type=application/json, connection=close, accept-encoding=identity, user-agent=Python-urllib/2.7}, params, {NanoHttpd.QUERY_STRING=null}, files: {postData={"params": [{"childOrSiblingSelector": [], "className": "android.widget.EditText", "mask": 16, "childOrSibling": []}, "Secure7@55"], "jsonrpc": "2.0", "method": "setText", "id": "a30962a33f096b823480c237c6637b57"}}
01-01 00:38:46.475  3739  3739 W ContextImpl: Calling a method in the system process without a qualified user: android.app.ContextImpl.startService:1476 android.content.ContextWrapper.startService:650 android.view.View.setSystemUiVisibility:22653 com.panasonic.hmi2settings.activity.WifiActivity.connectToWifi:1215 com.panasonic.hmi2settings.activity.WifiActivity.onWifiClick:522 
01-01 00:38:46.478  1151  1538 D CompatibilityInfo: mCompatibilityFlags - 4
01-01 00:38:46.478  1151  1538 D CompatibilityInfo: applicationDensity - 240
01-01 00:38:46.478  1151  1538 D CompatibilityInfo: applicationScale - 1.0
01-01 00:38:46.478   635   635 E ANDR-PERF-TARGET: Error: Invalid logical cluster id 0
01-01 00:38:46.479   635   635 E ANDR-PERF-MPCTL: invalid request, no optimizations performed
01-01 00:38:46.480  3739  3739 D View    : setSystemUiVisibility: startService done
01-01 00:38:46.482  1392  1392 W SYSTEM_UI: SWR_SYSTEM_UI_007|FUN=CollapsedStatusBarFragment::getAction |1|Broadcast action --> STATUS_UPDATE_ACTION
01-01 00:38:46.482  1392  1392 W SYSTEM_UI: SWR_SYSTEM_UI_007|FUN=CollapsedStatusBarFragment::getIntExtra |1|NotifySystemUpdates dataType --> 101
01-01 00:38:46.483  1392  1392 W SYSTEM_UI - CI07.3: className -> CollapsedStatusBarFragment | functionName -> NotifySystemUpdates | onReceive -->  | value -> FULLSCREEN MODE CHANGED | isFullScreenStatus --> false | fullScreenPackage -->com.panasonic.hmi2settings | fullscreenLastShownPackage -->null | topActivityPackage --> com.panasonic.hmi2settings
01-01 00:38:46.483  1392  1392 W SYSTEM_UI - CI07.3: className -> CollapsedStatusBarFragment | functionName -> NotifySystemUpdates | onReceive -->  | value -> Fullscreen mode changed --> path 5
01-01 00:38:46.487  1151  1538 D WindowManager: addToDisplay >>> FLAG_FULLSCREEN not set in WindowManager.LayoutParams
01-01 00:38:46.487  1151  1538 D WindowManager: startStatusReceiverServiceOnFlagSet: creating intent for action ACTION_ACTIVITY_FULLSCREEN
01-01 00:38:46.487  1151  1538 W ContextImpl: Calling a method in the system process without a qualified user: android.app.ContextImpl.startService:1476 com.android.server.wm.Session.startStatusReceiverServiceOnFlagSet:762 com.android.server.wm.Session.addToDisplay:217 android.view.IWindowSession$Stub.onTransact:124 com.android.server.wm.Session.onTransact:166 
01-01 00:38:46.488  1151  1538 D CompatibilityInfo: mCompatibilityFlags - 4
01-01 00:38:46.488  1151  1538 D CompatibilityInfo: applicationDensity - 240
01-01 00:38:46.488  1151  1538 D CompatibilityInfo: applicationScale - 1.0
01-01 00:38:46.489  1151  1538 D WindowManager: startStatusReceiverServiceOnFlagSet: startService done
01-01 00:38:46.495  1392  1392 W SYSTEM_UI: SWR_SYSTEM_UI_007|FUN=CollapsedStatusBarFragment::getAction |1|Broadcast action --> STATUS_UPDATE_ACTION
01-01 00:38:46.495  1392  1392 W SYSTEM_UI: SWR_SYSTEM_UI_007|FUN=CollapsedStatusBarFragment::getIntExtra |1|NotifySystemUpdates dataType --> 101
01-01 00:38:46.495  1392  1392 W SYSTEM_UI - CI07.3: className -> CollapsedStatusBarFragment | functionName -> NotifySystemUpdates | onReceive -->  | value -> FULLSCREEN MODE CHANGED | isFullScreenStatus --> false | fullScreenPackage -->com.panasonic.hmi2settings | fullscreenLastShownPackage -->null | topActivityPackage --> com.panasonic.hmi2settings
01-01 00:38:46.495  1392  1392 W SYSTEM_UI - CI07.3: className -> CollapsedStatusBarFragment | functionName -> NotifySystemUpdates | onReceive -->  | value -> Fullscreen mode changed --> path 5
01-01 00:38:46.495  3739  3739 W HMI2-SETTINGS: SWR_BAIDU_HMI_0015|FUN=WifiActivity::addView|0|Display password enter dialog with addView method.
01-01 00:38:46.495  3739  3739 W HMI2-SETTINGS: SWR_BAIDU_HMI_0027|FUN=WifiActivity::addView|0|Display password enter dialog with addView method.
01-01 00:38:46.497  3739  3739 W HMI2-SETTINGS - CI08.4: className -> WifiActivity | functionName -> setOnFocusChangeListener :   | value -> hasFocus:true
01-01 00:38:46.499  1151  2233 D mEnabledInputMethodsStrCache: com.android.inputmethods.latin/.LatinIME
01-01 00:38:46.500  1151  2233 D systemLanguageCode: en__GB
01-01 00:38:46.500  1151  2233 D mEnabledInputMethodsStrCache: com.android.inputmethods.latin/.LatinIME
01-01 00:38:46.500  1151  2229 D mEnabledInputMethodsStrCache: com.android.inputmethods.latin/.LatinIME
01-01 00:38:46.500  1151  2229 D systemLanguageCode: en__GB
01-01 00:38:46.501  1151  2229 D mEnabledInputMethodsStrCache: com.android.inputmethods.latin/.LatinIME
01-01 00:38:46.502  1151  2229 D mEnabledInputMethodsStrCache: com.android.inputmethods.latin/.LatinIME
01-01 00:38:46.502  1151  2229 D systemLanguageCode: en__GB
01-01 00:38:46.502  1151  2229 D mEnabledInputMethodsStrCache: com.android.inputmethods.latin/.LatinIME
01-01 00:38:46.503  1151  2229 D mEnabledInputMethodsStrCache: com.android.inputmethods.latin/.LatinIME
01-01 00:38:46.503  1151  2229 D systemLanguageCode: en__GB
01-01 00:38:46.503  1151  2229 D mEnabledInputMethodsStrCache: com.android.inputmethods.latin/.LatinIME
01-01 00:38:46.504  1151  2229 D mEnabledInputMethodsStrCache: com.android.inputmethods.latin/.LatinIME
01-01 00:38:46.504  1151  2229 D systemLanguageCode: en__GB
01-01 00:38:46.504  1151  2229 D mEnabledInputMethodsStrCache: com.android.inputmethods.latin/.LatinIME
01-01 00:38:46.504  1151  2229 D mEnabledInputMethodsStrCache: com.android.inputmethods.latin/.LatinIME
01-01 00:38:46.504  1151  2229 D systemLanguageCode: en__GB
01-01 00:38:46.504  1151  2229 D mEnabledInputMethodsStrCache: com.android.inputmethods.latin/.LatinIME
01-01 00:38:46.505  1379  1379 I LatinIME: SWR_HMISERVICE_SPELLER_MF_001||FUN=onStartInputViewInternal || 1 || Starting input. Cursor position = -1,-1
01-01 00:38:46.511  1151  2233 D WindowManager: relayout packageName=com.panasonic.hmi2settings::session=Session{c47ecfc 3739:1000}::window=android.view.IWindow$Stub$Proxy@ed305ad::attrs.flags=1000100
01-01 00:38:46.511  1151  2233 D WindowManager: relayout >>> FLAG_FULLSCREEN not set in WindowManager.LayoutParams
01-01 00:38:46.511  1151  2233 D WindowManager: startStatusReceiverServiceOnFlagSet: creating intent for action ACTION_ACTIVITY_FULLSCREEN
01-01 00:38:46.511  1151  2233 W ContextImpl: Calling a method in the system process without a qualified user: android.app.ContextImpl.startService:1476 com.android.server.wm.Session.startStatusReceiverServiceOnFlagSet:762 com.android.server.wm.Session.relayout:276 android.view.IWindowSession$Stub.onTransact:286 com.android.server.wm.Session.onTransact:166 
01-01 00:38:46.512  1151  2233 D CompatibilityInfo: mCompatibilityFlags - 4
01-01 00:38:46.512  1151  2233 D CompatibilityInfo: applicationDensity - 240
01-01 00:38:46.512  1151  2233 D CompatibilityInfo: applicationScale - 1.0
