01-01 01:07:44.506  1151  1539 W ContextImpl: Calling a method in the system process without a qualified user: android.app.ContextImpl.startService:1476 com.android.server.wm.Session.startStatusReceiverServiceOnFlagSet:762 com.android.server.wm.Session.addToDisplay:217 android.view.IWindowSession$Stub.onTransact:124 com.android.server.wm.Session.onTransact:166 
01-01 01:07:44.506  1151  1539 D CompatibilityInfo: mCompatibilityFlags - 4
01-01 01:07:44.507  1151  1539 D CompatibilityInfo: applicationDensity - 240
01-01 01:07:44.507  1151  1539 D CompatibilityInfo: applicationScale - 1.0
01-01 01:07:44.507  1151  1539 D WindowManager: startStatusReceiverServiceOnFlagSet: startService done
01-01 01:07:44.510  1392  1392 W SYSTEM_UI: SWR_SYSTEM_UI_007|FUN=CollapsedStatusBarFragment::getAction |1|Broadcast action --> STATUS_UPDATE_ACTION
01-01 01:07:44.510  1392  1392 W SYSTEM_UI: SWR_SYSTEM_UI_007|FUN=CollapsedStatusBarFragment::getIntExtra |1|NotifySystemUpdates dataType --> 101
01-01 01:07:44.510  1392  1392 W SYSTEM_UI - CI07.3: className -> CollapsedStatusBarFragment | functionName -> NotifySystemUpdates | onReceive -->  | value -> FULLSCREEN MODE CHANGED | isFullScreenStatus --> false | fullScreenPackage -->com.panasonic.hmi2settings | fullscreenLastShownPackage -->null | topActivityPackage --> com.panasonic.hmi2settings
01-01 01:07:44.510  1392  1392 W SYSTEM_UI - CI07.3: className -> CollapsedStatusBarFragment | functionName -> NotifySystemUpdates | onReceive -->  | value -> Fullscreen mode changed --> path 5
01-01 01:07:44.512  3739  3739 E HMI2-SETTINGS - CI08.4: className -> WifiActivity | functionName -> mWifiScanReceiver -> onReceive | error ->intent_action:android.net.wifi.STATE_CHANGE
01-01 01:07:44.512  3739  3739 W HMI2-SETTINGS - CI08.4: className -> WifiActivity | functionName -> handleNetworkStateChanged | value -> detailedState->DISCONNECTED
01-01 01:07:44.512  3739  3739 W HMI2-SETTINGS - CI08.4: className -> WifiActivity | functionName -> handleNetworkStateChanged: config is | value ->  null
01-01 01:07:44.512  3739  3739 E HMI2-SETTINGS - CI08.4: className -> WifiActivity | functionName -> mWifiScanReceiver -> onReceive | error ->intent_action:android.net.wifi.WIFI_STATE_CHANGED
01-01 01:07:44.512  3739  3739 W HMI2-SETTINGS - CI08.4: className -> WifiActivity | functionName -> handleWifiStateChanged | value -> state = 3
01-01 01:07:44.513  1151  1539 I WifiService: getWifiEnabledState uid=1000
01-01 01:07:44.515  3739  3739 W HMI2-SETTINGS: SWR_BAIDU_HMI_0020|FUN=WifiActivity::handleConnectedNetworkVisibility|0|getWifiStat::true
01-01 01:07:44.516  1151  2264 I WifiService: getConfiguredNetworks uid=1000
01-01 01:07:44.517  3739  3739 W HMI2-SETTINGS: SWR_BAIDU_HMI_0027|SWR_BAIDU_HMI_0015|FUN=WifiActivity::getScanResults|1|Get list of available wifi hotspots.
01-01 01:07:44.540  3739  3739 W HMI2-SETTINGS - CI08.4: className -> WifiActivity | functionName -> isWapiVariantBlocked | value -> security_type:2
01-01 01:07:44.541  3739  3739 W HMI2-SETTINGS - CI08.4: className -> WifiActivity | functionName -> isInConnected | value -> |ACSIA_CORP1|0|2
01-01 01:07:44.541  3739  3739 W HMI2-SETTINGS - CI08.4: className -> WifiActivity | functionName -> isWapiVariantBlocked | value -> security_type:2
01-01 01:07:44.541  3739  3739 W HMI2-SETTINGS - CI08.4: className -> WifiActivity | functionName -> isInConnected | value -> | ACSIA_CORP3|0|2
01-01 01:07:44.541  3739  3739 W HMI2-SETTINGS - CI08.4: className -> WifiActivity | functionName -> isWapiVariantBlocked | value -> security_type:2
01-01 01:07:44.541  3739  3739 W HMI2-SETTINGS - CI08.4: className -> WifiActivity | functionName -> isInConnected | value -> |ACSIA_GUEST1|0|2
01-01 01:07:44.541  3739  3739 W HMI2-SETTINGS - CI08.4: className -> WifiActivity | functionName -> isWapiVariantBlocked | value -> security_type:2
01-01 01:07:44.541  3739  3739 W HMI2-SETTINGS - CI08.4: className -> WifiActivity | functionName -> isInConnected | value -> |ACSIA_CORP2|0|2
01-01 01:07:44.541  3739  3739 W HMI2-SETTINGS - CI08.4: className -> WifiActivity | functionName -> isWapiVariantBlocked | value -> security_type:2
01-01 01:07:44.541  3739  3739 W HMI2-SETTINGS - CI08.4: className -> WifiActivity | functionName -> isInConnected | value -> |ACSIA_DEV|0|2
01-01 01:07:44.541  3739  3739 W HMI2-SETTINGS - CI08.4: className -> WifiActivity | functionName -> isWapiVariantBlocked | value -> security_type:2
01-01 01:07:44.541  3739  3739 W HMI2-SETTINGS - CI08.4: className -> WifiActivity | functionName -> isInConnected | value -> |RSE_Test|0|2
01-01 01:07:44.541  3739  3739 W HMI2-SETTINGS - CI08.4: className -> WifiActivity | functionName -> isWapiVariantBlocked | value -> security_type:2
01-01 01:07:44.541  3739  3739 W HMI2-SETTINGS - CI08.4: className -> WifiActivity | functionName -> isInConnected | value -> |ACSIA_Management|0|2
01-01 01:07:44.541  3739  3739 W HMI2-SETTINGS - CI08.4: className -> WifiActivity | functionName -> isWapiVariantBlocked | value -> security_type:2
01-01 01:07:44.541  3739  3739 W HMI2-SETTINGS - CI08.4: className -> WifiActivity | functionName -> isInConnected | value -> |NETGEAR66-5G|0|2
01-01 01:07:44.541  3739  3739 W HMI2-SETTINGS - CI08.4: className -> WifiActivity | functionName -> isWapiVariantBlocked | value -> security_type:2
01-01 01:07:44.541  3739  3739 W HMI2-SETTINGS - CI08.4: className -> WifiActivity | functionName -> isInConnected | value -> |Secure|0|2
01-01 01:07:44.541  3739  3739 W HMI2-SETTINGS - CI08.4: className -> WifiActivity | functionName -> isWapiVariantBlocked | value -> security_type:2
01-01 01:07:44.541  3739  3739 W HMI2-SETTINGS - CI08.4: className -> WifiActivity | functionName -> isInConnected | value -> |DIRECT-YOATLP042msDU|0|2
01-01 01:07:44.541  3739  3739 W HMI2-SETTINGS - CI08.4: className -> WifiActivity | functionName -> isWapiVariantBlocked | value -> security_type:2
01-01 01:07:44.541  3739  3739 W HMI2-SETTINGS - CI08.4: className -> WifiActivity | functionName -> isInConnected | value -> |HUWIFI|0|2
01-01 01:07:44.541  3739  3739 W HMI2-SETTINGS - CI08.4: className -> WifiActivity | functionName -> isWapiVariantBlocked | value -> security_type:2
01-01 01:07:44.541  3739  3739 W HMI2-SETTINGS - CI08.4: className -> WifiActivity | functionName -> isInConnected | value -> |ACSIA_CORP2|0|2
01-01 01:07:44.541  3739  3739 W HMI2-SETTINGS - CI08.4: className -> WifiActivity | functionName -> isWapiVariantBlocked | value -> security_type:2
01-01 01:07:44.541  3739  3739 W HMI2-SETTINGS - CI08.4: className -> WifiActivity | functionName -> isInConnected | value -> |ACSIA_Management|0|2
01-01 01:07:44.541  3739  3739 W HMI2-SETTINGS - CI08.4: className -> WifiActivity | functionName -> isWapiVariantBlocked | value -> security_type:2
01-01 01:07:44.541  3739  3739 W HMI2-SETTINGS - CI08.4: className -> WifiActivity | functionName -> isInConnected | value -> | ACSIA_CORP3|0|2
01-01 01:07:44.541  3739  3739 W HMI2-SETTINGS - CI08.4: className -> WifiActivity | functionName -> isWapiVariantBlocked | value -> security_type:2
01-01 01:07:44.541  3739  3739 W HMI2-SETTINGS - CI08.4: className -> WifiActivity | functionName -> isInConnected | value -> |RSE_Test|0|2
01-01 01:07:44.541  3739  3739 W HMI2-SETTINGS - CI08.4: className -> WifiActivity | functionName -> isWapiVariantBlocked | value -> security_type:2
01-01 01:07:44.541  3739  3739 W HMI2-SETTINGS - CI08.4: className -> WifiActivity | functionName -> isInConnected | value -> |ACSIA_CORP1|0|2
01-01 01:07:44.541  3739  3739 W HMI2-SETTINGS - CI08.4: className -> WifiActivity | functionName -> isWapiVariantBlocked | value -> security_type:2
01-01 01:07:44.541  3739  3739 W HMI2-SETTINGS - CI08.4: className -> WifiActivity | functionName -> isInConnected | value -> |ACSIA_GUEST1|0|2
01-01 01:07:44.541  3739  3739 W HMI2-SETTINGS - CI08.4: className -> WifiActivity | functionName -> isWapiVariantBlocked | value -> security_type:2
01-01 01:07:44.541  3739  3739 W HMI2-SETTINGS - CI08.4: className -> WifiActivity | functionName -> isInConnected | value -> |ACSIA_DEV|0|2
01-01 01:07:44.542  3739  3739 W HMI2-SETTINGS - CI08.4: className -> WifiActivity | functionName -> isWapiVariantBlocked | value -> security_type:2
01-01 01:07:44.542  3739  3739 W HMI2-SETTINGS - CI08.4: className -> WifiActivity | functionName -> isInConnected | value -> |DIRECT-vQINLT044msmJ|0|2
01-01 01:07:44.542  3739  3739 W HMI2-SETTINGS - CI08.4: className -> WifiActivity | functionName -> isWapiVariantBlocked | value -> security_type:2
01-01 01:07:44.542  3739  3739 W HMI2-SETTINGS - CI08.4: className -> WifiActivity | functionName -> isInConnected | value -> |DIRECT-DMATCLWI2064msNL|0|2
01-01 01:07:44.542  3739  3739 W HMI2-SETTINGS - CI08.4: className -> WifiActivity | functionName -> isWapiVariantBlocked | value -> security_type:2
01-01 01:07:44.542  3739  3739 W HMI2-SETTINGS - CI08.4: className -> WifiActivity | functionName -> isInConnected | value -> |AUTOMATION_TEST|0|2
01-01 01:07:44.542  3739  3739 W HMI2-SETTINGS - CI08.4: className -> WifiActivity | functionName -> isWapiVariantBlocked | value -> security_type:2
01-01 01:07:44.542  3739  3739 W HMI2-SETTINGS - CI08.4: className -> WifiActivity | functionName -> isInConnected | value -> |RSE_Test|0|2
01-01 01:07:44.542  3739  3739 W HMI2-SETTINGS - CI08.4: className -> WifiActivity | functionName -> isWapiVariantBlocked | value -> security_type:2
01-01 01:07:44.542  3739  3739 W HMI2-SETTINGS - CI08.4: className -> WifiActivity | functionName -> isInConnected | value -> |ACSIA_CORP1|0|2
01-01 01:07:44.542  3739  3739 W HMI2-SETTINGS - CI08.4: className -> WifiActivity | functionName -> isWapiVariantBlocked | value -> security_type:2
01-01 01:07:44.542  3739  3739 W HMI2-SETTINGS - CI08.4: className -> WifiActivity | functionName -> isInConnected | value -> |ACSIA_GUEST1|0|2
01-01 01:07:44.542  3739  3739 W HMI2-SETTINGS - CI08.4: className -> WifiActivity | functionName -> isWapiVariantBlocked | value -> security_type:2
01-01 01:07:44.542  3739  3739 W HMI2-SETTINGS - CI08.4: className -> WifiActivity | functionName -> isInConnected | value -> |ACSIA_DEV|0|2
01-01 01:07:44.542  3739  3739 W HMI2-SETTINGS - CI08.4: className -> WifiActivity | functionName -> isWapiVariantBlocked | value -> security_type:2
01-01 01:07:44.542  3739  3739 W HMI2-SETTINGS - CI08.4: className -> WifiActivity | functionName -> isInConnected | value -> |ACSIA_CORP2|0|2
01-01 01:07:44.542  3739  3739 W HMI2-SETTINGS - CI08.4: className -> WifiActivity | functionName -> isWapiVariantBlocked | value -> security_type:2
01-01 01:07:44.542  3739  3739 W HMI2-SETTINGS - CI08.4: className -> WifiActivity | functionName -> isInConnected | value -> | ACSIA_CORP3|0|2
01-01 01:07:44.542  3739  3739 W HMI2-SETTINGS - CI08.4: className -> WifiActivity | functionName -> isWapiVariantBlocked | value -> security_type:2
01-01 01:07:44.542  3739  3739 W HMI2-SETTINGS - CI08.4: className -> WifiActivity | functionName -> isInConnected | value -> |ACSIA_Management|0|2
01-01 01:07:44.542  3739  3739 W HMI2-SETTINGS - CI08.4: className -> WifiActivity | functionName -> isWapiVariantBlocked | value -> security_type:2
01-01 01:07:44.542  3739  3739 W HMI2-SETTINGS - CI08.4: className -> WifiActivity | functionName -> isInConnected | value -> |MB Hotspot 61185|0|2
01-01 01:07:44.542  3739  3739 W HMI2-SETTINGS - CI08.4: className -> WifiActivity | functionName -> isWapiVariantBlocked | value -> security_type:0
01-01 01:07:44.542  3739  3739 W HMI2-SETTINGS - CI08.4: className -> WifiActivity | functionName -> isInConnected | value -> |HP-Print-DB-LaserJet Pro MFP|0|0
01-01 01:07:44.542  3739  3739 W HMI2-SETTINGS - CI08.4: className -> WifiActivity | functionName -> handleAllAvailNetwork | value -> savedNetwork ->0
01-01 01:07:44.542  3739  3739 W HMI2-SETTINGS - CI08.4: className -> WifiActivity | functionName -> handleAllAvailNetwork | value -> presentVisibleNetwork ->30
01-01 01:07:44.543  3739  3739 W HMI2-SETTINGS - CI08.4: className -> WifiActivity | functionName -> handleIfWifiAvailableNetworks: config is  | value -> null
01-01 01:07:44.544  1151  1539 I WifiService: startScan uid=1000
01-01 01:07:44.598  1151  1538 D WindowManager: relayout packageName=com.panasonic.hmi2settings::session=Session{c47ecfc 3739:1000}::window=android.view.IWindow$Stub$Proxy@5c4a1c1::attrs.flags=1010300
01-01 01:07:44.598  1151  1538 D WindowManager: relayout >>> FLAG_FULLSCREEN not set in WindowManager.LayoutParams
01-01 01:07:44.598  1151  1538 D WindowManager: startStatusReceiverServiceOnFlagSet: creating intent for action ACTION_ACTIVITY_FULLSCREEN
01-01 01:07:44.599  1151  1538 W ContextImpl: Calling a method in the system process without a qualified user: android.app.ContextImpl.startService:1476 com.android.server.wm.Session.startStatusReceiverServiceOnFlagSet:762 com.android.server.wm.Session.relayout:276 android.view.IWindowSession$Stub.onTransact:286 com.android.server.wm.Session.onTransact:166 
01-01 01:07:44.599  1151  1538 D CompatibilityInfo: mCompatibilityFlags - 4
01-01 01:07:44.599  1151  1538 D CompatibilityInfo: applicationDensity - 240
01-01 01:07:44.600  1151  1538 D CompatibilityInfo: applicationScale - 1.0
01-01 01:07:44.600  1151  1538 D WindowManager: startStatusReceiverServiceOnFlagSet: startService done
01-01 01:07:44.603  1392  1392 W SYSTEM_UI: SWR_SYSTEM_UI_007|FUN=CollapsedStatusBarFragment::getAction |1|Broadcast action --> STATUS_UPDATE_ACTION
01-01 01:07:44.604  1392  1392 W SYSTEM_UI: SWR_SYSTEM_UI_007|FUN=CollapsedStatusBarFragment::getIntExtra |1|NotifySystemUpdates dataType --> 101
01-01 01:07:44.605  1392  1392 W SYSTEM_UI - CI07.3: className -> CollapsedStatusBarFragment | functionName -> NotifySystemUpdates | onReceive -->  | value -> FULLSCREEN MODE CHANGED | isFullScreenStatus --> false | fullScreenPackage -->com.panasonic.hmi2settings | fullscreenLastShownPackage -->null | topActivityPackage --> com.panasonic.hmi2settings
01-01 01:07:44.605  1392  1392 W SYSTEM_UI - CI07.3: className -> CollapsedStatusBarFragment | functionName -> NotifySystemUpdates | onReceive -->  | value -> Fullscreen mode changed --> path 5
01-01 01:07:44.671  1392  1774 D CommandQueue: animate_trace: appTransitionStarting; duration=0;hardcoded forced=false to false
01-01 01:07:44.693  1392  1774 D CommandQueue: animate_trace: appTransitionFinished
01-01 01:07:44.700  1151  1192 I ActivityManager: Displayed com.panasonic.hmi2settings/.activity.WifiActivity: +238ms
01-01 01:07:44.702  1151  1192 E ANDR-PERF-JNI: Iop tryGetService failed
01-01 01:07:44.708  1151  1539 D WindowManager: relayout packageName=com.panasonic.hmi2settings::session=Session{c47ecfc 3739:1000}::window=android.view.IWindow$Stub$Proxy@d114154::attrs.flags=null
01-01 01:07:44.709  1151  1539 D WindowManager: relayout >>> FLAG_FULLSCREEN not set in WindowManager.LayoutParams
01-01 01:07:44.709  1151  1539 D WindowManager: startStatusReceiverServiceOnFlagSet: creating intent for action ACTION_ACTIVITY_FULLSCREEN
01-01 01:07:44.709  1151  1539 W ContextImpl: Calling a method in the system process without a qualified user: android.app.ContextImpl.startService:1476 com.android.server.wm.Session.startStatusReceiverServiceOnFlagSet:762 com.android.server.wm.Session.relayout:276 android.view.IWindowSession$Stub.onTransact:286 com.android.server.wm.Session.onTransact:166 
01-01 01:07:44.710  1151  1539 D CompatibilityInfo: mCompatibilityFlags - 4
01-01 01:07:44.710  1151  1539 D CompatibilityInfo: applicationDensity - 240
01-01 01:07:44.710  1151  1539 D CompatibilityInfo: applicationScale - 1.0
01-01 01:07:44.712  1151  1539 D WindowManager: startStatusReceiverServiceOnFlagSet: startService done
01-01 01:07:44.727  1392  1392 W SYSTEM_UI: SWR_SYSTEM_UI_007|FUN=CollapsedStatusBarFragment::getAction |1|Broadcast action --> STATUS_UPDATE_ACTION
01-01 01:07:44.727  1392  1392 W SYSTEM_UI: SWR_SYSTEM_UI_007|FUN=CollapsedStatusBarFragment::getIntExtra |1|NotifySystemUpdates dataType --> 101
01-01 01:07:44.727  1392  1392 W SYSTEM_UI - CI07.3: className -> CollapsedStatusBarFragment | functionName -> NotifySystemUpdates | onReceive -->  | value -> FULLSCREEN MODE CHANGED | isFullScreenStatus --> false | fullScreenPackage -->com.panasonic.hmi2settings | fullscreenLastShownPackage -->null | topActivityPackage --> com.panasonic.hmi2settings
01-01 01:07:44.727  1392  1392 W SYSTEM_UI - CI07.3: className -> CollapsedStatusBarFragment | functionName -> NotifySystemUpdates | onReceive -->  | value -> Fullscreen mode changed --> path 5
01-01 01:07:44.728  1151  1538 D ActivityTrigger: ActivityTrigger activityStopTrigger 
01-01 01:07:44.729  3739  3739 V Activity: back_button: onSaveInstanceState entry:com.panasonic.hmi2settings.activity.WifiManagerActivity@200cf74
01-01 01:07:44.730  3739  3739 V Activity: onSaveInstanceState com.panasonic.hmi2settings.activity.WifiManagerActivity@200cf74: Bundle[{android:viewHierarchyState=Bundle[{android:views={16908290=android.view.AbsSavedState$1@499b012, 2131427430=android.view.AbsSavedState$1@499b012, 2131427431=android.view.AbsSavedState$1@499b012, 2131427450=android.view.AbsSavedState$1@499b012, 2131427452=android.view.AbsSavedState$1@499b012, 2131427460=android.view.AbsSavedState$1@499b012, 2131427507=android.view.AbsSavedState$1@499b012, 2131427508=android.view.AbsSavedState$1@499b012, 2131427509=android.view.AbsSavedState$1@499b012, 2131427510=android.view.AbsSavedState$1@499b012, 2131427511=android.view.AbsSavedState$1@499b012, 2131427512=android.view.AbsSavedState$1@499b012, 2131427513=android.view.AbsSavedState$1@499b012, 2131427514=android.view.AbsSavedState$1@499b012}}], android:lastAutofillId=1073741823, android:fragments=android.app.FragmentManagerState@cb43d08}]
01-01 01:07:44.731  3739  3739 V Activity: onStop com.panasonic.hmi2settings.activity.WifiManagerActivity@200cf74
01-01 01:07:44.758   729   748 I sssv-lib: sendMsg enter
01-01 01:07:44.758   729   748 I sssv-lib: sendMsg complete.
01-01 01:07:44.872  1933  1933 W LCMANDR : SWR_OOB_HV_MF_009|FUN=MonitoringTimer::checkStatus|memoryInfo.availMem[MB] = 4750
01-01 01:07:44.878  1151  1162 I zygote64: NativeAlloc concurrent copying GC freed 164477(7MB) AllocSpace objects, 49(2MB) LOS objects, 42% free, 15MB/27MB, paused 198us total 168.683ms
01-01 01:07:45.346   921  1439 I LOWI-8.5.0.3.c: [LOWI-Scan] lowi_close_record:Scan completed in 4045385ms and Recieved 45 APs scan results
01-01 01:07:45.348   921   961 I LOWI-8.5.0.3.c: [LOWIUtils] responseToOutPostcard - TO: GTP-FDAL, FROM:   LOWI-SERVER, RESP:  LOWI_ASYNC_DISCOVERY_SCAN_RESULTS
01-01 01:07:45.348  1151  1539 D WificondControl: Scan result ready event
01-01 01:07:45.349  1151  1323 I WifiService: isScanAlwaysAvailable uid=1000
01-01 01:07:45.349  1151  1323 I WifiService: getWifiEnabledState uid=1000
01-01 01:07:45.351   808   808 I wificond: Enters wifigbk_ageOutHistory
01-01 01:07:45.354   924   979 W XTCC-6.1.2.10-a: [LOWIUtils] to_eScanTypeResponse - default case
01-01 01:07:45.354   924   979 W XTCC-6.1.2.10-a: [WifiScanner] WiFi scan result : [45] AP's, async result: 1
01-01 01:07:45.360  1151  1323 D WificondScannerImpl: Filtering out 2 scan results.
01-01 01:07:45.360  1151  1323 I WifiService: isScanAlwaysAvailable uid=1000
01-01 01:07:45.361  1151  1323 I WifiService: getWifiEnabledState uid=1000
01-01 01:07:45.365  1151  1317 D ScanResultUtil: isScanResultForWapiPskNetwork: false
01-01 01:07:45.365  1151  1317 D ScanResultUtil: isScanResultForWapiPskNetwork: false
01-01 01:07:45.365  2145  2145 D HMI_SERVICE: USE_CASE_NA|FUN=HmiApplication| [action] android.net.wifi.SCAN_RESULTS
01-01 01:07:45.365  1151  1317 D ScanResultUtil: isScanResultForWapiPskNetwork: false
01-01 01:07:45.365  1151  1317 I chatty  : uid=1000(system) WifiStateMachin identical 2 lines
01-01 01:07:45.365  1151  1317 D ScanResultUtil: isScanResultForWapiPskNetwork: false
01-01 01:07:45.365  3739  3739 E HMI2-SETTINGS - CI08.4: className -> WifiActivity | functionName -> mWifiScanReceiver -> onReceive | error ->intent_action:android.net.wifi.SCAN_RESULTS
01-01 01:07:45.366  1151  1317 D ScanResultUtil: isScanResultForWapiPskNetwork: false
01-01 01:07:45.366  1151  1317 I chatty  : uid=1000(system) WifiStateMachin identical 6 lines
01-01 01:07:45.366  1151  1317 D ScanResultUtil: isScanResultForWapiPskNetwork: false
01-01 01:07:45.366  1151  1539 I WifiService: getWifiEnabledState uid=1000
01-01 01:07:45.366  1151  1317 D ScanResultUtil: isScanResultForWapiPskNetwork: false
01-01 01:07:45.366  1151  1317 I chatty  : uid=1000(system) WifiStateMachin identical 17 lines
01-01 01:07:45.366  1151  1317 D ScanResultUtil: isScanResultForWapiPskNetwork: false
01-01 01:07:45.366  1151  1539 I WifiService: getConfiguredNetworks uid=1000
01-01 01:07:45.366  1151  1317 D ScanResultUtil: isScanResultForWapiPskNetwork: false
01-01 01:07:45.367  1151  1317 I chatty  : uid=1000(system) WifiStateMachin identical 25 lines
01-01 01:07:45.367  1151  1317 D ScanResultUtil: isScanResultForWapiPskNetwork: false
01-01 01:07:45.368  1151  1317 W WifiConfigManager: Looking up network with invalid networkId -1
01-01 01:07:45.370  1151  1317 D ScanResultUtil: isScanResultForWapiPskNetwork: false
01-01 01:07:45.372  1151  1317 I chatty  : uid=1000(system) WifiStateMachin identical 31 lines
01-01 01:07:45.372  1151  1317 D ScanResultUtil: isScanResultForWapiPskNetwork: false
01-01 01:07:45.373  3739  3739 W HMI2-SETTINGS: SWR_BAIDU_HMI_0027|SWR_BAIDU_HMI_0015|FUN=WifiActivity::getScanResults|1|Get list of available wifi hotspots.
01-01 01:07:45.379  3739  3739 W HMI2-SETTINGS - CI08.4: className -> WifiActivity | functionName -> isWapiVariantBlocked | value -> security_type:2
01-01 01:07:45.379  3739  3739 W HMI2-SETTINGS - CI08.4: className -> WifiActivity | functionName -> isInConnected | value -> |ACSIA_CORP1|0|2
01-01 01:07:45.379  3739  3739 W HMI2-SETTINGS - CI08.4: className -> WifiActivity | functionName -> isWapiVariantBlocked | value -> security_type:2
01-01 01:07:45.379  3739  3739 W HMI2-SETTINGS - CI08.4: className -> WifiActivity | functionName -> isInConnected | value -> | ACSIA_CORP3|0|2
01-01 01:07:45.379  3739  3739 W HMI2-SETTINGS - CI08.4: className -> WifiActivity | functionName -> isWapiVariantBlocked | value -> security_type:2
01-01 01:07:45.379  3739  3739 W HMI2-SETTINGS - CI08.4: className -> WifiActivity | functionName -> isInConnected | value -> |ACSIA_Management|0|2
01-01 01:07:45.379  3739  3739 W HMI2-SETTINGS - CI08.4: className -> WifiActivity | functionName -> isWapiVariantBlocked | value -> security_type:2
01-01 01:07:45.379  3739  3739 W HMI2-SETTINGS - CI08.4: className -> WifiActivity | functionName -> isInConnected | value -> |ACSIA_GUEST1|0|2
01-01 01:07:45.379  3739  3739 W HMI2-SETTINGS - CI08.4: className -> WifiActivity | functionName -> isWapiVariantBlocked | value -> security_type:2
01-01 01:07:45.379  3739  3739 W HMI2-SETTINGS - CI08.4: className -> WifiActivity | functionName -> isInConnected | value -> |ACSIA_CORP2|0|2
01-01 01:07:45.379  3739  3739 W HMI2-SETTINGS - CI08.4: className -> WifiActivity | functionName -> isWapiVariantBlocked | value -> security_type:2
01-01 01:07:45.379  3739  3739 W HMI2-SETTINGS - CI08.4: className -> WifiActivity | functionName -> isInConnected | value -> |ACSIA_DEV|0|2
01-01 01:07:45.379  3739  3739 W HMI2-SETTINGS - CI08.4: className -> WifiActivity | functionName -> isWapiVariantBlocked | value -> security_type:2
01-01 01:07:45.379  3739  3739 W HMI2-SETTINGS - CI08.4: className -> WifiActivity | functionName -> isInConnected | value -> |RSE_Test|0|2
01-01 01:07:45.379  3739  3739 W HMI2-SETTINGS - CI08.4: className -> WifiActivity | functionName -> isWapiVariantBlocked | value -> security_type:2
01-01 01:07:45.379  3739  3739 W HMI2-SETTINGS - CI08.4: className -> WifiActivity | functionName -> isInConnected | value -> |Secure|0|2
01-01 01:07:45.379  3739  3739 W HMI2-SETTINGS - CI08.4: className -> WifiActivity | functionName -> isWapiVariantBlocked | value -> security_type:2
01-01 01:07:45.379  3739  3739 W HMI2-SETTINGS - CI08.4: className -> WifiActivity | functionName -> isInConnected | value -> |NETGEAR66-5G|0|2
01-01 01:07:45.379  3739  3739 W HMI2-SETTINGS - CI08.4: className -> WifiActivity | functionName -> isWapiVariantBlocked | value -> security_type:2
01-01 01:07:45.380  3739  3739 W HMI2-SETTINGS - CI08.4: className -> WifiActivity | functionName -> isInConnected | value -> |ACSIA_CORP1|0|2
01-01 01:07:45.380  3739  3739 W HMI2-SETTINGS - CI08.4: className -> WifiActivity | functionName -> isWapiVariantBlocked | value -> security_type:2
01-01 01:07:45.380  3739  3739 W HMI2-SETTINGS - CI08.4: className -> WifiActivity | functionName -> isInConnected | value -> |ACSIA_GUEST1|0|2
01-01 01:07:45.380  3739  3739 W HMI2-SETTINGS - CI08.4: className -> WifiActivity | functionName -> isWapiVariantBlocked | value -> security_type:2
01-01 01:07:45.380  3739  3739 W HMI2-SETTINGS - CI08.4: className -> WifiActivity | functionName -> isInConnected | value -> |ACSIA_DEV|0|2
01-01 01:07:45.380  3739  3739 W HMI2-SETTINGS - CI08.4: className -> WifiActivity | functionName -> isWapiVariantBlocked | value -> security_type:2
01-01 01:07:45.380  3739  3739 W HMI2-SETTINGS - CI08.4: className -> WifiActivity | functionName -> isInConnected | value -> |ACSIA_CORP2|0|2
01-01 01:07:45.380  3739  3739 W HMI2-SETTINGS - CI08.4: className -> WifiActivity | functionName -> isWapiVariantBlocked | value -> security_type:2
01-01 01:07:45.380  3739  3739 W HMI2-SETTINGS - CI08.4: className -> WifiActivity | functionName -> isInConnected | value -> |ACSIA_Management|0|2
01-01 01:07:45.380  3739  3739 W HMI2-SETTINGS - CI08.4: className -> WifiActivity | functionName -> isWapiVariantBlocked | value -> security_type:2
01-01 01:07:45.380  3739  3739 W HMI2-SETTINGS - CI08.4: className -> WifiActivity | functionName -> isInConnected | value -> | ACSIA_CORP3|0|2
01-01 01:07:45.380  3739  3739 W HMI2-SETTINGS - CI08.4: className -> WifiActivity | functionName -> isWapiVariantBlocked | value -> security_type:2
01-01 01:07:45.380  3739  3739 W HMI2-SETTINGS - CI08.4: className -> WifiActivity | functionName -> isInConnected | value -> |RSE_Test|0|2
01-01 01:07:45.380  3739  3739 W HMI2-SETTINGS - CI08.4: className -> WifiActivity | functionName -> isWapiVariantBlocked | value -> security_type:2
01-01 01:07:45.380  3739  3739 W HMI2-SETTINGS - CI08.4: className -> WifiActivity | functionName -> isInConnected | value -> |HUWIFI|0|2
01-01 01:07:45.380  3739  3739 W HMI2-SETTINGS - CI08.4: className -> WifiActivity | functionName -> isWapiVariantBlocked | value -> security_type:2
01-01 01:07:45.380  3739  3739 W HMI2-SETTINGS - CI08.4: className -> WifiActivity | functionName -> isInConnected | value -> |DIRECT-DMATCLWI2064msNL|0|2
01-01 01:07:45.380  3739  3739 W HMI2-SETTINGS - CI08.4: className -> WifiActivity | functionName -> isWapiVariantBlocked | value -> security_type:2
01-01 01:07:45.380  3739  3739 W HMI2-SETTINGS - CI08.4: className -> WifiActivity | functionName -> isInConnected | value -> |DIRECT-vQINLT044msmJ|0|2
01-01 01:07:45.380  3739  3739 W HMI2-SETTINGS - CI08.4: className -> WifiActivity | functionName -> isWapiVariantBlocked | value -> security_type:2
01-01 01:07:45.380  3739  3739 W HMI2-SETTINGS - CI08.4: className -> WifiActivity | functionName -> isInConnected | value -> |AUTOMATION_TEST|0|2
01-01 01:07:45.380  3739  3739 W HMI2-SETTINGS - CI08.4: className -> WifiActivity | functionName -> isWapiVariantBlocked | value -> security_type:2
01-01 01:07:45.380  3739  3739 W HMI2-SETTINGS - CI08.4: className -> WifiActivity | functionName -> isInConnected | value -> |ACSIA_DEV|0|2
01-01 01:07:45.380  3739  3739 W HMI2-SETTINGS - CI08.4: className -> WifiActivity | functionName -> isWapiVariantBlocked | value -> security_type:2
01-01 01:07:45.380  3739  3739 W HMI2-SETTINGS - CI08.4: className -> WifiActivity | functionName -> isInConnected | value -> | ACSIA_CORP3|0|2
01-01 01:07:45.380  3739  3739 W HMI2-SETTINGS - CI08.4: className -> WifiActivity | functionName -> isWapiVariantBlocked | value -> security_type:2
01-01 01:07:45.380  3739  3739 W HMI2-SETTINGS - CI08.4: className -> WifiActivity | functionName -> isInConnected | value -> |ACSIA_CORP1|0|2
01-01 01:07:45.380  3739  3739 W HMI2-SETTINGS - CI08.4: className -> WifiActivity | functionName -> isWapiVariantBlocked | value -> security_type:2
01-01 01:07:45.380  3739  3739 W HMI2-SETTINGS - CI08.4: className -> WifiActivity | functionName -> isInConnected | value -> |ACSIA_GUEST1|0|2
01-01 01:07:45.380  3739  3739 W HMI2-SETTINGS - CI08.4: className -> WifiActivity | functionName -> isWapiVariantBlocked | value -> security_type:2
01-01 01:07:45.380  3739  3739 W HMI2-SETTINGS - CI08.4: className -> WifiActivity | functionName -> isInConnected | value -> |ACSIA_CORP2|0|2
01-01 01:07:45.380  3739  3739 W HMI2-SETTINGS - CI08.4: className -> WifiActivity | functionName -> isWapiVariantBlocked | value -> security_type:2
01-01 01:07:45.380  3739  3739 W HMI2-SETTINGS - CI08.4: className -> WifiActivity | functionName -> isInConnected | value -> |ACSIA_Management|0|2
01-01 01:07:45.381  3739  3739 W HMI2-SETTINGS - CI08.4: className -> WifiActivity | functionName -> isWapiVariantBlocked | value -> security_type:2
01-01 01:07:45.381  3739  3739 W HMI2-SETTINGS - CI08.4: className -> WifiActivity | functionName -> isInConnected | value -> |RSE_Test|0|2
01-01 01:07:45.381  3739  3739 W HMI2-SETTINGS - CI08.4: className -> WifiActivity | functionName -> isWapiVariantBlocked | value -> security_type:2
01-01 01:07:45.381  3739  3739 W HMI2-SETTINGS - CI08.4: className -> WifiActivity | functionName -> isInConnected | value -> |MB Hotspot 61185|0|2
01-01 01:07:45.381  3739  3739 W HMI2-SETTINGS - CI08.4: className -> WifiActivity | functionName -> isWapiVariantBlocked | value -> security_type:0
01-01 01:07:45.381  3739  3739 W HMI2-SETTINGS - CI08.4: className -> WifiActivity | functionName -> isInConnected | value -> |HP-Print-DB-LaserJet Pro MFP|0|0
01-01 01:07:45.381  3739  3739 W HMI2-SETTINGS - CI08.4: className -> WifiActivity | functionName -> handleAllAvailNetwork | value -> savedNetwork ->0
01-01 01:07:45.381  3739  3739 W HMI2-SETTINGS - CI08.4: className -> WifiActivity | functionName -> handleAllAvailNetwork | value -> presentVisibleNetwork ->29
01-01 01:07:45.384  3739  3739 W HMI2-SETTINGS - CI08.4: className -> WifiActivity | functionName -> handleIfWifiAvailableNetworks: config is  | value -> null
01-01 01:07:45.419  3675 20453 D UIAutomatorStub: URI: /jsonrpc/0, Method: POST, Header: {content-length=274, remote-addr=127.0.0.1, http-client-ip=127.0.0.1, host=localhost:9009, content-type=application/json, connection=close, accept-encoding=identity, user-agent=Python-urllib/2.7}, params, {NanoHttpd.QUERY_STRING=null}, files: {postData={"params": [{"childOrSiblingSelector": [], "scrollable": true, "mask": 16384, "childOrSibling": []}, {"childOrSiblingSelector": [], "text": "RSE_Test", "mask": 1, "childOrSibling": []}, true], "jsonrpc": "2.0", "method": "scrollTo", "id": "a37850dd2e80b67973b4f22f9b485d7c"}}
01-01 01:07:45.709  1933  1933 I LCMANDR : SWR_OOB_HV_MF_009|FUN=ResourceMonitoringService::movingMemoryAverage|2|Moving memory average :31.021854
01-01 01:07:45.709  1933  1933 W LCMANDR : SWR_OOB_HV_MF_009|FUN=ResourceMonitoringService::getCpuUsageStatistic|Moving MEM AVG :::::::::31.021854
01-01 01:07:45.711  1933  1933 W LCMANDR : SWR_OOB_HV_MF_009|FUN=ResourceMonitoringService::getCpuUsageStatistic|2|Total cpu usage :29.875988
01-01 01:07:45.711  1933  1933 I LCMANDR : SWR_OOB_HV_MF_009|FUN=ResourceMonitoringService::getCpuUsageStatistic|Cpu usage of core  0 is30.743244
01-01 01:07:45.711  1933  1933 I LCMANDR : SWR_OOB_HV_MF_009|FUN=ResourceMonitoringService::getCpuUsageStatistic|Cpu usage of core  1 is26.510065
01-01 01:07:45.711  1933  1933 I LCMANDR : SWR_OOB_HV_MF_009|FUN=ResourceMonitoringService::getCpuUsageStatistic|Cpu usage of core  2 is32.423206
01-01 01:07:45.711  1933  1933 I LCMANDR : ResourceMonitoringService::movingCpuAverage()
01-01 01:07:45.711  1933  1933 I LCMANDR : SWR_OOB_HV_MF_009|FUN=ResourceMonitoringService::movingCpuAverage|2|Moving window average of CPU 26.197754
01-01 01:07:45.711  1933  1933 I LCMANDR : SWR_OOB_HV_MF_009|FUN=ResourceMonitoringService::movingCpuAverage|2|Cpu moving average of core  0 is27.22099
01-01 01:07:45.711  1933  1933 I LCMANDR : SWR_OOB_HV_MF_009|FUN=ResourceMonitoringService::movingCpuAverage|2|Cpu moving average of core  1 is23.262133
01-01 01:07:45.712  1933  1933 I LCMANDR : SWR_OOB_HV_MF_009|FUN=ResourceMonitoringService::movingCpuAverage|2|Cpu moving average of core  2 is28.14303
01-01 01:07:45.712  1933  1933 D LCMANDR : SWR_OOB_HV_MF_009|FUN=ResourceMonitoringService::movingCpuAverage|2|Exiting VAL = 26.197754
01-01 01:07:45.759   729   748 I sssv-lib: sendMsg enter
01-01 01:07:45.759   729   748 I sssv-lib: sendMsg complete.
01-01 01:07:46.055  3675 20453 D UiScrollable: scrollToBeginning() on selector = UiSelector[SCROLLABLE=true]
01-01 01:07:46.055  3675 20453 D UiScrollable: scrollBackward() on selector = UiSelector[SCROLLABLE=true]
01-01 01:07:46.064  3675 20453 I QueryController: Matched selector: UiSelector[SCROLLABLE=true] <<==>> [android.view.accessibility.AccessibilityNodeInfo@41efef8; boundsInParent: Rect(0, 0 - 1332, 889); boundsInScreen: Rect(305, 172 - 1637, 1061); packageName: com.panasonic.hmi2settings; className: android.widget.ScrollView; text: null; error: null; maxTextLength: -1; contentDescription: null; viewIdResName: com.panasonic.hmi2settings:id/scrollWifi; checkable: false; checked: false; focusable: true; focused: false; selected: false; clickable: false; longClickable: false; contextClickable: false; enabled: true; password: false; scrollable: true; importantForAccessibility: true; actions: [AccessibilityAction: ACTION_FOCUS - null, AccessibilityAction: ACTION_SELECT - null, AccessibilityAction: ACTION_CLEAR_SELECTION - null, AccessibilityAction: ACTION_ACCESSIBILITY_FOCUS - null, AccessibilityAction: ACTION_SCROLL_FORWARD - null, AccessibilityAction: ACTION_SHOW_ON_SCREEN - null]]
01-01 01:07:46.064  3675 20453 D UiScrollable: scrollToBegining() using vertical scroll
01-01 01:07:46.064  3675 20453 D InteractionController: scrollSwipe (971, 260, 971, 973, 55)
01-01 01:07:46.728   625   625 D WifiHAL : Start get packet fate command
01-01 01:07:46.728   625   625 D WifiHAL : createRequest Get Tx packet fate request
01-01 01:07:46.729   625   625 E WifiHAL : Failed to register get pkt fate response; result = -95
01-01 01:07:46.729  1151  1317 E WifiVendorHal: getTxPktFates(l.2067) failed {.code = ERROR_UNKNOWN, .description = errno: -95 (Unknown error -95)}
01-01 01:07:46.730   625   625 D WifiHAL : Start get packet fate command
01-01 01:07:46.730   625   625 D WifiHAL : createRequest Get Rx packet fate request
01-01 01:07:46.730   625   625 E WifiHAL : Failed to register get pkt fate response; result = -95
01-01 01:07:46.731  1151  1317 E WifiVendorHal: getRxPktFates(l.2107) failed {.code = ERROR_UNKNOWN, .description = errno: -95 (Unknown error -95)}
01-01 01:07:46.763   729   748 I sssv-lib: sendMsg enter
01-01 01:07:46.763   729   748 I sssv-lib: sendMsg complete.
01-01 01:07:46.908   635   635 E ANDR-PERF-TARGET: Error: Invalid logical cluster id 0
01-01 01:07:46.908   635   635 E ANDR-PERF-MPCTL: invalid request, no optimizations performed
01-01 01:07:46.925   635   635 E ANDR-PERF-TARGET: Error: Invalid logical cluster id 0
01-01 01:07:46.925   635   635 E ANDR-PERF-MPCTL: invalid request, no optimizations performed
01-01 01:07:46.927   625   625 D WifiHAL : Start get packet fate command
01-01 01:07:46.927   625   625 D WifiHAL : createRequest Get Tx packet fate request
01-01 01:07:46.927   625   625 E WifiHAL : Failed to register get pkt fate response; result = -95
01-01 01:07:46.928  1151  1317 E WifiVendorHal: getTxPktFates(l.2067) failed {.code = ERROR_UNKNOWN, .description = errno: -95 (Unknown error -95)}
01-01 01:07:46.928   625   625 D WifiHAL : Start get packet fate command
01-01 01:07:46.929   625   625 D WifiHAL : createRequest Get Rx packet fate request
01-01 01:07:46.929   625   625 E WifiHAL : Failed to register get pkt fate response; result = -95
01-01 01:07:46.929  1151  1317 E WifiVendorHal: getRxPktFates(l.2107) failed {.code = ERROR_UNKNOWN, .description = errno: -95 (Unknown error -95)}
01-01 01:07:46.942   635   635 E ANDR-PERF-TARGET: Error: Invalid logical cluster id 0
01-01 01:07:46.942   635   635 E ANDR-PERF-MPCTL: invalid request, no optimizations performed
01-01 01:07:46.958   635   635 E ANDR-PERF-TARGET: Error: Invalid logical cluster id 0
01-01 01:07:46.959   635   635 E ANDR-PERF-MPCTL: invalid request, no optimizations performed
01-01 01:07:46.975   635   635 E ANDR-PERF-TARGET: Error: Invalid logical cluster id 0
01-01 01:07:46.975   635   635 E ANDR-PERF-MPCTL: invalid request, no optimizations performed
01-01 01:07:46.992   635   635 E ANDR-PERF-TARGET: Error: Invalid logical cluster id 0
01-01 01:07:46.992   635   635 E ANDR-PERF-MPCTL: invalid request, no optimizations performed
01-01 01:07:47.008   635   635 E ANDR-PERF-TARGET: Error: Invalid logical cluster id 0
01-01 01:07:47.009   635   635 E ANDR-PERF-MPCTL: invalid request, no optimizations performed
01-01 01:07:47.025   635   635 E ANDR-PERF-TARGET: Error: Invalid logical cluster id 0
01-01 01:07:47.025   635   635 E ANDR-PERF-MPCTL: invalid request, no optimizations performed
01-01 01:07:47.042   635   635 E ANDR-PERF-TARGET: Error: Invalid logical cluster id 0
01-01 01:07:47.042   635   635 E ANDR-PERF-MPCTL: invalid request, no optimizations performed
01-01 01:07:47.059   635   635 E ANDR-PERF-TARGET: Error: Invalid logical cluster id 0
01-01 01:07:47.059   635   635 E ANDR-PERF-MPCTL: invalid request, no optimizations performed
01-01 01:07:47.075   635   635 E ANDR-PERF-TARGET: Error: Invalid logical cluster id 0
01-01 01:07:47.075   635   635 E ANDR-PERF-MPCTL: invalid request, no optimizations performed
01-01 01:07:47.092   635   635 E ANDR-PERF-TARGET: Error: Invalid logical cluster id 0
01-01 01:07:47.092   635   635 E ANDR-PERF-MPCTL: invalid request, no optimizations performed
01-01 01:07:47.109   635   635 E ANDR-PERF-TARGET: Error: Invalid logical cluster id 0
01-01 01:07:47.109   635   635 E ANDR-PERF-MPCTL: invalid request, no optimizations performed
01-01 01:07:47.125   635   635 E ANDR-PERF-TARGET: Error: Invalid logical cluster id 0
01-01 01:07:47.125   635   635 E ANDR-PERF-MPCTL: invalid request, no optimizations performed
01-01 01:07:47.142   635   635 E ANDR-PERF-TARGET: Error: Invalid logical cluster id 0
01-01 01:07:47.142   635   635 E ANDR-PERF-MPCTL: invalid request, no optimizations performed
01-01 01:07:47.159   635   635 E ANDR-PERF-TARGET: Error: Invalid logical cluster id 0
01-01 01:07:47.159   635   635 E ANDR-PERF-MPCTL: invalid request, no optimizations performed
01-01 01:07:47.175   635   635 E ANDR-PERF-TARGET: Error: Invalid logical cluster id 0
01-01 01:07:47.176   635   635 E ANDR-PERF-MPCTL: invalid request, no optimizations performed
01-01 01:07:47.188  3675 20453 W InteractionController: runAndwaitForEvents timed out waiting for events
01-01 01:07:47.192   635   635 E ANDR-PERF-TARGET: Error: Invalid logical cluster id 0
01-01 01:07:47.192   635   635 E ANDR-PERF-MPCTL: invalid request, no optimizations performed
01-01 01:07:47.197  3675 20453 D UiScrollable: scrollForward() on selector = UiSelector[SCROLLABLE=true]
01-01 01:07:47.205  3675 20453 I QueryController: Matched selector: UiSelector[SCROLLABLE=true] <<==>> [android.view.accessibility.AccessibilityNodeInfo@41efef8; boundsInParent: Rect(0, 0 - 1332, 889); boundsInScreen: Rect(305, 172 - 1637, 1061); packageName: com.panasonic.hmi2settings; className: android.widget.ScrollView; text: null; error: null; maxTextLength: -1; contentDescription: null; viewIdResName: com.panasonic.hmi2settings:id/scrollWifi; checkable: false; checked: false; focusable: true; focused: false; selected: false; clickable: false; longClickable: false; contextClickable: false; enabled: true; password: false; scrollable: true; importantForAccessibility: true; actions: [AccessibilityAction: ACTION_FOCUS - null, AccessibilityAction: ACTION_SELECT - null, AccessibilityAction: ACTION_CLEAR_SELECTION - null, AccessibilityAction: ACTION_ACCESSIBILITY_FOCUS - null, AccessibilityAction: ACTION_SCROLL_FORWARD - null, AccessibilityAction: ACTION_SHOW_ON_SCREEN - null]]
01-01 01:07:47.205  3675 20453 D InteractionController: scrollSwipe (971, 973, 971, 260, 55)
01-01 01:07:47.209   635   635 E ANDR-PERF-TARGET: Error: Invalid logical cluster id 0
01-01 01:07:47.209   635   635 E ANDR-PERF-MPCTL: invalid request, no optimizations performed
01-01 01:07:47.226   635   635 E ANDR-PERF-TARGET: Error: Invalid logical cluster id 0
01-01 01:07:47.226   635   635 E ANDR-PERF-MPCTL: invalid request, no optimizations performed
01-01 01:07:47.242   635   635 E ANDR-PERF-TARGET: Error: Invalid logical cluster id 0
01-01 01:07:47.242   635   635 E ANDR-PERF-MPCTL: invalid request, no optimizations performed
01-01 01:07:47.259   635   635 E ANDR-PERF-TARGET: Error: Invalid logical cluster id 0
01-01 01:07:47.259   635   635 E ANDR-PERF-MPCTL: invalid request, no optimizations performed
01-01 01:07:47.276   635   635 E ANDR-PERF-TARGET: Error: Invalid logical cluster id 0
01-01 01:07:47.276   635   635 E ANDR-PERF-MPCTL: invalid request, no optimizations performed
01-01 01:07:47.292   635   635 E ANDR-PERF-TARGET: Error: Invalid logical cluster id 0
01-01 01:07:47.292   635   635 E ANDR-PERF-MPCTL: invalid request, no optimizations performed
01-01 01:07:47.309   635   635 E ANDR-PERF-TARGET: Error: Invalid logical cluster id 0
01-01 01:07:47.309   635   635 E ANDR-PERF-MPCTL: invalid request, no optimizations performed
01-01 01:07:47.326   635   635 E ANDR-PERF-TARGET: Error: Invalid logical cluster id 0
01-01 01:07:47.326   635   635 E ANDR-PERF-MPCTL: invalid request, no optimizations performed
01-01 01:07:47.342   635   635 E ANDR-PERF-TARGET: Error: Invalid logical cluster id 0
01-01 01:07:47.343   635   635 E ANDR-PERF-MPCTL: invalid request, no optimizations performed
01-01 01:07:47.359   635   635 E ANDR-PERF-TARGET: Error: Invalid logical cluster id 0
01-01 01:07:47.359   635   635 E ANDR-PERF-MPCTL: invalid request, no optimizations performed
01-01 01:07:47.376  1933  1933 D LCMANDR : SWR_OOB_HV_MF_009|FUN=LifeCycleManagerService::getDAIAppAlivenessStatus|Aliveness:: DAIAPP HB DIFF = 2 [ DaimlerAppHBCounter ] = 1610[ DaimlerAppHBCounterOld ] = 1608
01-01 01:07:47.376  1933  1933 I LCMANDR : SWR_OOB_HV_MF_009|FUN=LifeCycleManagerService::getDAIAppAlivenessStatus|Aliveness::ANDROID HB IS VALID... setting OLD VAL, and resetting Fail Counter
01-01 01:07:47.376   635   635 E ANDR-PERF-TARGET: Error: Invalid logical cluster id 0
01-01 01:07:47.376   635   635 E ANDR-PERF-MPCTL: invalid request, no optimizations performed
01-01 01:07:47.381  1933  1933 I LCMANDR : SWR_OOB_HV_MF_009|FUN=LifeCycleManagerService::getDAIPID|DAIMLER APP(com.daimler.rse.ntg6) PID is [ 1519 ]
01-01 01:07:47.381  1933  1933 I LCMANDR : SWR_OOB_HV_MF_009|FUN=LifeCycleManagerService::getDAIAPPStatus|Aliveness::SAME PID! DAIAPP is not restarted
01-01 01:07:47.381  1933  1933 W LCMANDR : SWR_OOB_HV_MF_009|FUN=LifeCycleManagerService::getDAIAppAlivenessStatus|Aliveness::Status to send id : ALIVE
01-01 01:07:47.381  1933  1933 D LCMANDR : SWR_OOB_HV_MF_005|FUN=LifeCycleManagerService::sendPacketToLnx|data = [B@7ffef70
01-01 01:07:47.381  1933  1933 D LCMANDR : SWR_OOB_HV_MF_009|FUN=LifeCycleManagerService::postAppsStatusInfo|Setting AppPacket info
01-01 01:07:47.381  1933  1933 I LCMANDR : SWR_OOB_HV_MF_009|FUN=AlivenessMonitoring::getRunningApps| packet sent
01-01 01:07:47.381  1933  1956 D LCMANDR : SWR_OOB_HV_MF_010|FUN=LifeCycleManagerService::RseNodeStateManagement|SEND_IGC_CB
01-01 01:07:47.381  1933  1956 I LCMANDR : SWR_OOB_HV_MF_005|FUN=LifeCycleManagerService::igcsendData|Call hit in RSENodeStateManagement::igcsendData
01-01 01:07:47.381  1933  1956 I LCMANDR : SWR_OOB_HV_MF_005|FUN=LifeCycleManagerService::igcsendData|SEND DATA LEN is : 15
01-01 01:07:47.381  1933  1956 I LCMANDR : SWR_OOB_HV_MF_007|FUN=LifeCycleManagerService::sendPacketFromIntentService|Package to send : [ 65, 0, 0, 0, 9, 0, 2, 0, 1, 0, 5, 65, 65, 0, 0, ]
01-01 01:07:47.381  1933  1956 I IGC     :  IGC::sendData ==> [ 65, 0, 0, 0, 9, 0, 2, 0, 1, 0, 5, 65, 65, 0, 0,  ]
01-01 01:07:47.381  1933  1956 I IGC     :  Igc::sendData data size is :: 15
01-01 01:07:47.382  1933  1956 D         : Enqueue: sem count = 1
01-01 01:07:47.382  1933  1956 I LCMANDR : SWR_OOB_HV_MF_007|FUN=LifeCycleManagerService::sendPacketFromIntentService|Sending Data to Linux is successful( [65, 0, 0, 0, 9, 0, 2, 0, 1, 0, 5, 65, 65, 0, 0] )
01-01 01:07:47.382  1933  1956 I LCMANDR : SWR_OOB_HV_MF_005|FUN=LifeCycleManagerService::igcsendData| DATA SEND SUCCESSFULLY 
01-01 01:07:47.393   635   635 E ANDR-PERF-TARGET: Error: Invalid logical cluster id 0
01-01 01:07:47.393   635   635 E ANDR-PERF-MPCTL: invalid request, no optimizations performed
01-01 01:07:47.409   635   635 E ANDR-PERF-TARGET: Error: Invalid logical cluster id 0
01-01 01:07:47.409   635   635 E ANDR-PERF-MPCTL: invalid request, no optimizations performed
01-01 01:07:47.426   635   635 E ANDR-PERF-TARGET: Error: Invalid logical cluster id 0
01-01 01:07:47.426   635   635 E ANDR-PERF-MPCTL: invalid request, no optimizations performed
01-01 01:07:47.443   635   635 E ANDR-PERF-TARGET: Error: Invalid logical cluster id 0
01-01 01:07:47.443   635   635 E ANDR-PERF-MPCTL: invalid request, no optimizations performed
01-01 01:07:47.459   635   635 E ANDR-PERF-TARGET: Error: Invalid logical cluster id 0
01-01 01:07:47.459   635   635 E ANDR-PERF-MPCTL: invalid request, no optimizations performed
01-01 01:07:47.476   635   635 E ANDR-PERF-TARGET: Error: Invalid logical cluster id 0
01-01 01:07:47.476   635   635 E ANDR-PERF-MPCTL: invalid request, no optimizations performed
01-01 01:07:47.493   635   635 E ANDR-PERF-TARGET: Error: Invalid logical cluster id 0
01-01 01:07:47.493   635   635 E ANDR-PERF-MPCTL: invalid request, no optimizations performed
01-01 01:07:47.510   635   635 E ANDR-PERF-TARGET: Error: Invalid logical cluster id 0
01-01 01:07:47.510   635   635 E ANDR-PERF-MPCTL: invalid request, no optimizations performed
01-01 01:07:47.526   635   635 E ANDR-PERF-TARGET: Error: Invalid logical cluster id 0
01-01 01:07:47.526   635   635 E ANDR-PERF-MPCTL: invalid request, no optimizations performed
01-01 01:07:47.543   635   635 E ANDR-PERF-TARGET: Error: Invalid logical cluster id 0
01-01 01:07:47.543   635   635 E ANDR-PERF-MPCTL: invalid request, no optimizations performed
01-01 01:07:47.560   635   635 E ANDR-PERF-TARGET: Error: Invalid logical cluster id 0
01-01 01:07:47.560   635   635 E ANDR-PERF-MPCTL: invalid request, no optimizations performed
01-01 01:07:47.576   635   635 E ANDR-PERF-TARGET: Error: Invalid logical cluster id 0
01-01 01:07:47.576   635   635 E ANDR-PERF-MPCTL: invalid request, no optimizations performed
01-01 01:07:47.593   635   635 E ANDR-PERF-TARGET: Error: Invalid logical cluster id 0
01-01 01:07:47.593   635   635 E ANDR-PERF-MPCTL: invalid request, no optimizations performed
01-01 01:07:47.610   635   635 E ANDR-PERF-TARGET: Error: Invalid logical cluster id 0
01-01 01:07:47.610   635   635 E ANDR-PERF-MPCTL: invalid request, no optimizations performed
01-01 01:07:47.626   635   635 E ANDR-PERF-TARGET: Error: Invalid logical cluster id 0
01-01 01:07:47.627   635   635 E ANDR-PERF-MPCTL: invalid request, no optimizations performed
01-01 01:07:47.643   635   635 E ANDR-PERF-TARGET: Error: Invalid logical cluster id 0
01-01 01:07:47.643   635   635 E ANDR-PERF-MPCTL: invalid request, no optimizations performed
01-01 01:07:47.660   635   635 E ANDR-PERF-TARGET: Error: Invalid logical cluster id 0
01-01 01:07:47.660   635   635 E ANDR-PERF-MPCTL: invalid request, no optimizations performed
01-01 01:07:47.676   635   635 E ANDR-PERF-TARGET: Error: Invalid logical cluster id 0
01-01 01:07:47.677   635   635 E ANDR-PERF-MPCTL: invalid request, no optimizations performed
01-01 01:07:47.677  1933  1957 D LCMANDR : SWR_OOB_HV_MF_009|FUN=LifeCycleManagerService::LifeCycle_ReportCompStatus|GOT ALIVENESS SIGNAL FROM DAIAPP : [0]; HB Counter = [ 1611 ]; STATUS INFO = [ 0 ]
01-01 01:07:47.678  1519  1519 I Connectivity_AIDL|AIDL_Handler.AIDL_Helpers.LcmHelper: MBUX App Method: KeepAliveTest |Line No: 408 |Log Type: Critical |Message: MainThread:MBUX-App HB Count: 1613, ResponseCode: 0
01-01 01:07:47.693   635   635 E ANDR-PERF-TARGET: Error: Invalid logical cluster id 0
01-01 01:07:47.693   635   635 E ANDR-PERF-MPCTL: invalid request, no optimizations performed
01-01 01:07:47.710   635   635 E ANDR-PERF-TARGET: Error: Invalid logical cluster id 0
01-01 01:07:47.710   635   635 E ANDR-PERF-MPCTL: invalid request, no optimizations performed
01-01 01:07:47.727   635   635 E ANDR-PERF-TARGET: Error: Invalid logical cluster id 0
01-01 01:07:47.727   635   635 E ANDR-PERF-MPCTL: invalid request, no optimizations performed
01-01 01:07:47.743   635   635 E ANDR-PERF-TARGET: Error: Invalid logical cluster id 0
01-01 01:07:47.743   635   635 E ANDR-PERF-MPCTL: invalid request, no optimizations performed
01-01 01:07:47.760   635   635 E ANDR-PERF-TARGET: Error: Invalid logical cluster id 0
01-01 01:07:47.760   635   635 E ANDR-PERF-MPCTL: invalid request, no optimizations performed
01-01 01:07:47.764   729   748 I sssv-lib: sendMsg enter
01-01 01:07:47.764   729   748 I sssv-lib: sendMsg complete.
01-01 01:07:47.777   635   635 E ANDR-PERF-TARGET: Error: Invalid logical cluster id 0
01-01 01:07:47.777   635   635 E ANDR-PERF-MPCTL: invalid request, no optimizations performed
