01-01 00:12:30.269  3739  3739 W HMI2-SETTINGS: SWR_BAIDU_HMI_0027|SWR_BAIDU_HMI_0015|FUN=WifiActivity::getScanResults|1|Get list of available wifi hotspots.
01-01 00:12:30.275  3739  3739 W HMI2-SETTINGS - CI08.4: className -> WifiActivity | functionName -> isWapiVariantBlocked | value -> security_type:2
01-01 00:12:30.276  3739  3739 W HMI2-SETTINGS - CI08.4: className -> WifiActivity | functionName -> isInConnected | value -> |ACSIA_Management|0|2
01-01 00:12:30.276  3739  3739 W HMI2-SETTINGS - CI08.4: className -> WifiActivity | functionName -> isWapiVariantBlocked | value -> security_type:2
01-01 00:12:30.276  3739  3739 W HMI2-SETTINGS - CI08.4: className -> WifiActivity | functionName -> isInConnected | value -> |ACSIA_CORP1|0|2
01-01 00:12:30.276  3739  3739 W HMI2-SETTINGS - CI08.4: className -> WifiActivity | functionName -> isWapiVariantBlocked | value -> security_type:2
01-01 00:12:30.276  3739  3739 W HMI2-SETTINGS - CI08.4: className -> WifiActivity | functionName -> isInConnected | value -> | ACSIA_CORP3|0|2
01-01 00:12:30.276  3739  3739 W HMI2-SETTINGS - CI08.4: className -> WifiActivity | functionName -> isWapiVariantBlocked | value -> security_type:2
01-01 00:12:30.276  3739  3739 W HMI2-SETTINGS - CI08.4: className -> WifiActivity | functionName -> isInConnected | value -> |ACSIA_GUEST1|0|2
01-01 00:12:30.276  3739  3739 W HMI2-SETTINGS - CI08.4: className -> WifiActivity | functionName -> isWapiVariantBlocked | value -> security_type:2
01-01 00:12:30.276  3739  3739 W HMI2-SETTINGS - CI08.4: className -> WifiActivity | functionName -> isInConnected | value -> |ACSIA_CORP2|0|2
01-01 00:12:30.276  3739  3739 W HMI2-SETTINGS - CI08.4: className -> WifiActivity | functionName -> isWapiVariantBlocked | value -> security_type:2
01-01 00:12:30.276  3739  3739 W HMI2-SETTINGS - CI08.4: className -> WifiActivity | functionName -> isInConnected | value -> |ACSIA_DEV|0|2
01-01 00:12:30.276  3739  3739 W HMI2-SETTINGS - CI08.4: className -> WifiActivity | functionName -> isWapiVariantBlocked | value -> security_type:2
01-01 00:12:30.276  3739  3739 W HMI2-SETTINGS - CI08.4: className -> WifiActivity | functionName -> isInConnected | value -> |RSE_Test|0|2
01-01 00:12:30.276  3739  3739 W HMI2-SETTINGS - CI08.4: className -> WifiActivity | functionName -> isWapiVariantBlocked | value -> security_type:2
01-01 00:12:30.276  3739  3739 W HMI2-SETTINGS - CI08.4: className -> WifiActivity | functionName -> isInConnected | value -> |NETGEAR66-5G|0|2
01-01 00:12:30.276  3739  3739 W HMI2-SETTINGS - CI08.4: className -> WifiActivity | functionName -> isWapiVariantBlocked | value -> security_type:2
01-01 00:12:30.276  3739  3739 W HMI2-SETTINGS - CI08.4: className -> WifiActivity | functionName -> isInConnected | value -> |Secure|0|2
01-01 00:12:30.276  3739  3739 W HMI2-SETTINGS - CI08.4: className -> WifiActivity | functionName -> isWapiVariantBlocked | value -> security_type:2
01-01 00:12:30.276  3739  3739 W HMI2-SETTINGS - CI08.4: className -> WifiActivity | functionName -> isInConnected | value -> |ACSIA_GUEST1|0|2
01-01 00:12:30.276  3739  3739 W HMI2-SETTINGS - CI08.4: className -> WifiActivity | functionName -> isWapiVariantBlocked | value -> security_type:2
01-01 00:12:30.276  3739  3739 W HMI2-SETTINGS - CI08.4: className -> WifiActivity | functionName -> isInConnected | value -> |ACSIA_Management|0|2
01-01 00:12:30.276  3739  3739 W HMI2-SETTINGS - CI08.4: className -> WifiActivity | functionName -> isWapiVariantBlocked | value -> security_type:2
01-01 00:12:30.276  3739  3739 W HMI2-SETTINGS - CI08.4: className -> WifiActivity | functionName -> isInConnected | value -> | ACSIA_CORP3|0|2
01-01 00:12:30.276  3739  3739 W HMI2-SETTINGS - CI08.4: className -> WifiActivity | functionName -> isWapiVariantBlocked | value -> security_type:2
01-01 00:12:30.276  3739  3739 W HMI2-SETTINGS - CI08.4: className -> WifiActivity | functionName -> isInConnected | value -> |RSE_Test|0|2
01-01 00:12:30.276  3739  3739 W HMI2-SETTINGS - CI08.4: className -> WifiActivity | functionName -> isWapiVariantBlocked | value -> security_type:2
01-01 00:12:30.276  3739  3739 W HMI2-SETTINGS - CI08.4: className -> WifiActivity | functionName -> isInConnected | value -> |ACSIA_CORP1|0|2
01-01 00:12:30.276  3739  3739 W HMI2-SETTINGS - CI08.4: className -> WifiActivity | functionName -> isWapiVariantBlocked | value -> security_type:2
01-01 00:12:30.276  3739  3739 W HMI2-SETTINGS - CI08.4: className -> WifiActivity | functionName -> isInConnected | value -> |ACSIA_DEV|0|2
01-01 00:12:30.276  3739  3739 W HMI2-SETTINGS - CI08.4: className -> WifiActivity | functionName -> isWapiVariantBlocked | value -> security_type:2
01-01 00:12:30.276  3739  3739 W HMI2-SETTINGS - CI08.4: className -> WifiActivity | functionName -> isInConnected | value -> |ACSIA_CORP2|0|2
01-01 00:12:30.276  3739  3739 W HMI2-SETTINGS - CI08.4: className -> WifiActivity | functionName -> isWapiVariantBlocked | value -> security_type:2
01-01 00:12:30.277  3739  3739 W HMI2-SETTINGS - CI08.4: className -> WifiActivity | functionName -> isInConnected | value -> |HUWIFI|0|2
01-01 00:12:30.277  3739  3739 W HMI2-SETTINGS - CI08.4: className -> WifiActivity | functionName -> isWapiVariantBlocked | value -> security_type:2
01-01 00:12:30.277  3739  3739 W HMI2-SETTINGS - CI08.4: className -> WifiActivity | functionName -> isInConnected | value -> |DIRECT-vQINLT044msmJ|0|2
01-01 00:12:30.277  3739  3739 W HMI2-SETTINGS - CI08.4: className -> WifiActivity | functionName -> isWapiVariantBlocked | value -> security_type:2
01-01 00:12:30.277  3739  3739 W HMI2-SETTINGS - CI08.4: className -> WifiActivity | functionName -> isInConnected | value -> |AUTOMATION_TEST|0|2
01-01 00:12:30.277  3739  3739 W HMI2-SETTINGS - CI08.4: className -> WifiActivity | functionName -> isWapiVariantBlocked | value -> security_type:2
01-01 00:12:30.277  3739  3739 W HMI2-SETTINGS - CI08.4: className -> WifiActivity | functionName -> isInConnected | value -> |DIRECT-DMATCLWI2064msNL|0|2
01-01 00:12:30.277  3739  3739 W HMI2-SETTINGS - CI08.4: className -> WifiActivity | functionName -> isWapiVariantBlocked | value -> security_type:2
01-01 00:12:30.277  3739  3739 W HMI2-SETTINGS - CI08.4: className -> WifiActivity | functionName -> isInConnected | value -> |ACSIA_CORP1|0|2
01-01 00:12:30.277  3739  3739 W HMI2-SETTINGS - CI08.4: className -> WifiActivity | functionName -> isWapiVariantBlocked | value -> security_type:2
01-01 00:12:30.277  3739  3739 W HMI2-SETTINGS - CI08.4: className -> WifiActivity | functionName -> isInConnected | value -> |ACSIA_CORP2|0|2
01-01 00:12:30.277  3739  3739 W HMI2-SETTINGS - CI08.4: className -> WifiActivity | functionName -> isWapiVariantBlocked | value -> security_type:2
01-01 00:12:30.277  3739  3739 W HMI2-SETTINGS - CI08.4: className -> WifiActivity | functionName -> isInConnected | value -> |ACSIA_GUEST1|0|2
01-01 00:12:30.277  3739  3739 W HMI2-SETTINGS - CI08.4: className -> WifiActivity | functionName -> isWapiVariantBlocked | value -> security_type:2
01-01 00:12:30.277  3739  3739 W HMI2-SETTINGS - CI08.4: className -> WifiActivity | functionName -> isInConnected | value -> |ACSIA_DEV|0|2
01-01 00:12:30.277  3739  3739 W HMI2-SETTINGS - CI08.4: className -> WifiActivity | functionName -> isWapiVariantBlocked | value -> security_type:2
01-01 00:12:30.277  3739  3739 W HMI2-SETTINGS - CI08.4: className -> WifiActivity | functionName -> isInConnected | value -> |RSE_Test|0|2
01-01 00:12:30.277  3739  3739 W HMI2-SETTINGS - CI08.4: className -> WifiActivity | functionName -> isWapiVariantBlocked | value -> security_type:2
01-01 00:12:30.277  3739  3739 W HMI2-SETTINGS - CI08.4: className -> WifiActivity | functionName -> isInConnected | value -> | ACSIA_CORP3|0|2
01-01 00:12:30.277  3739  3739 W HMI2-SETTINGS - CI08.4: className -> WifiActivity | functionName -> isWapiVariantBlocked | value -> security_type:2
01-01 00:12:30.277  3739  3739 W HMI2-SETTINGS - CI08.4: className -> WifiActivity | functionName -> isInConnected | value -> |ACSIA_Management|0|2
01-01 00:12:30.277  3739  3739 W HMI2-SETTINGS - CI08.4: className -> WifiActivity | functionName -> isWapiVariantBlocked | value -> security_type:2
01-01 00:12:30.277  3739  3739 W HMI2-SETTINGS - CI08.4: className -> WifiActivity | functionName -> isInConnected | value -> |MB Hotspot 61185|0|2
01-01 00:12:30.277  3739  3739 W HMI2-SETTINGS - CI08.4: className -> WifiActivity | functionName -> isWapiVariantBlocked | value -> security_type:0
01-01 00:12:30.277  3739  3739 W HMI2-SETTINGS - CI08.4: className -> WifiActivity | functionName -> isInConnected | value -> |HP-Print-DB-LaserJet Pro MFP|0|0
01-01 00:12:30.277  3739  3739 W HMI2-SETTINGS - CI08.4: className -> WifiActivity | functionName -> handleAllAvailNetwork | value -> savedNetwork ->0
01-01 00:12:30.277  3739  3739 W HMI2-SETTINGS - CI08.4: className -> WifiActivity | functionName -> handleAllAvailNetwork | value -> presentVisibleNetwork ->29
01-01 00:12:30.281  3739  3739 W HMI2-SETTINGS - CI08.4: className -> WifiActivity | functionName -> handleIfWifiAvailableNetworks: config is  | value -> null
01-01 00:12:30.289  3675  6422 D UIAutomatorStub: URI: /jsonrpc/0, Method: POST, Header: {content-length=274, remote-addr=127.0.0.1, http-client-ip=127.0.0.1, host=localhost:9009, content-type=application/json, connection=close, accept-encoding=identity, user-agent=Python-urllib/2.7}, params, {NanoHttpd.QUERY_STRING=null}, files: {postData={"params": [{"childOrSiblingSelector": [], "scrollable": true, "mask": 16384, "childOrSibling": []}, {"childOrSiblingSelector": [], "text": "RSE_Test", "mask": 1, "childOrSibling": []}, true], "jsonrpc": "2.0", "method": "scrollTo", "id": "f672d9efec5729fdb3fef20a7dd7c58d"}}
01-01 00:12:30.786   625   625 D WifiHAL : Start get packet fate command
01-01 00:12:30.787   625   625 D WifiHAL : createRequest Get Tx packet fate request
01-01 00:12:30.787   625   625 E WifiHAL : Failed to register get pkt fate response; result = -95
01-01 00:12:30.787  1151  1317 E WifiVendorHal: getTxPktFates(l.2067) failed {.code = ERROR_UNKNOWN, .description = errno: -95 (Unknown error -95)}
01-01 00:12:30.788   625   625 D WifiHAL : Start get packet fate command
01-01 00:12:30.788   625   625 D WifiHAL : createRequest Get Rx packet fate request
01-01 00:12:30.788   625   625 E WifiHAL : Failed to register get pkt fate response; result = -95
01-01 00:12:30.789  1151  1317 E WifiVendorHal: getRxPktFates(l.2107) failed {.code = ERROR_UNKNOWN, .description = errno: -95 (Unknown error -95)}
01-01 00:12:30.847   625   625 D WifiHAL : Start get packet fate command
01-01 00:12:30.847   625   625 D WifiHAL : createRequest Get Tx packet fate request
01-01 00:12:30.847   625   625 E WifiHAL : Failed to register get pkt fate response; result = -95
01-01 00:12:30.848  1151  1317 E WifiVendorHal: getTxPktFates(l.2067) failed {.code = ERROR_UNKNOWN, .description = errno: -95 (Unknown error -95)}
01-01 00:12:30.848   625   625 D WifiHAL : Start get packet fate command
01-01 00:12:30.848   625   625 D WifiHAL : createRequest Get Rx packet fate request
01-01 00:12:30.849   625   625 E WifiHAL : Failed to register get pkt fate response; result = -95
01-01 00:12:30.850  1151  1317 E WifiVendorHal: getRxPktFates(l.2107) failed {.code = ERROR_UNKNOWN, .description = errno: -95 (Unknown error -95)}
01-01 00:12:30.956  3675  6422 D UiScrollable: scrollToBeginning() on selector = UiSelector[SCROLLABLE=true]
01-01 00:12:30.956  3675  6422 D UiScrollable: scrollBackward() on selector = UiSelector[SCROLLABLE=true]
01-01 00:12:30.962  3675  6422 I QueryController: Matched selector: UiSelector[SCROLLABLE=true] <<==>> [android.view.accessibility.AccessibilityNodeInfo@a582ea; boundsInParent: Rect(0, 0 - 1332, 889); boundsInScreen: Rect(305, 172 - 1637, 1061); packageName: com.panasonic.hmi2settings; className: android.widget.ScrollView; text: null; error: null; maxTextLength: -1; contentDescription: null; viewIdResName: com.panasonic.hmi2settings:id/scrollWifi; checkable: false; checked: false; focusable: true; focused: false; selected: false; clickable: false; longClickable: false; contextClickable: false; enabled: true; password: false; scrollable: true; importantForAccessibility: true; actions: [AccessibilityAction: ACTION_FOCUS - null, AccessibilityAction: ACTION_SELECT - null, AccessibilityAction: ACTION_CLEAR_SELECTION - null, AccessibilityAction: ACTION_ACCESSIBILITY_FOCUS - null, AccessibilityAction: ACTION_SCROLL_FORWARD - null, AccessibilityAction: ACTION_SHOW_ON_SCREEN - null]]
01-01 00:12:30.962  3675  6422 D UiScrollable: scrollToBegining() using vertical scroll
01-01 00:12:30.962  3675  6422 D InteractionController: scrollSwipe (971, 260, 971, 973, 55)
01-01 00:12:31.193   729   748 I sssv-lib: sendMsg enter
01-01 00:12:31.193   729   748 I sssv-lib: sendMsg complete.
01-01 00:12:31.557  1933  1947 D LCMANDR : SWR_OOB_HV_MF_009|FUN=LifeCycleManagerService::LifeCycle_ReportCompStatus|GOT ALIVENESS SIGNAL FROM DAIAPP : [0]; HB Counter = [ 289 ]; STATUS INFO = [ 0 ]
01-01 00:12:31.557  1519  1519 I Connectivity_AIDL|AIDL_Handler.AIDL_Helpers.LcmHelper: MBUX App Method: KeepAliveTest |Line No: 408 |Log Type: Critical |Message: MainThread:MBUX-App HB Count: 291, ResponseCode: 0
01-01 00:12:31.811   635   635 E ANDR-PERF-TARGET: Error: Invalid logical cluster id 0
01-01 00:12:31.811   635   635 E ANDR-PERF-MPCTL: invalid request, no optimizations performed
01-01 00:12:31.827   635   635 E ANDR-PERF-TARGET: Error: Invalid logical cluster id 0
01-01 00:12:31.827   635   635 E ANDR-PERF-MPCTL: invalid request, no optimizations performed
01-01 00:12:31.844   635   635 E ANDR-PERF-TARGET: Error: Invalid logical cluster id 0
01-01 00:12:31.844   635   635 E ANDR-PERF-MPCTL: invalid request, no optimizations performed
01-01 00:12:31.861   635   635 E ANDR-PERF-TARGET: Error: Invalid logical cluster id 0
01-01 00:12:31.861   635   635 E ANDR-PERF-MPCTL: invalid request, no optimizations performed
01-01 00:12:31.877   635   635 E ANDR-PERF-TARGET: Error: Invalid logical cluster id 0
01-01 00:12:31.877   635   635 E ANDR-PERF-MPCTL: invalid request, no optimizations performed
01-01 00:12:31.878   635   635 E ANDR-PERF-TARGET: Error: Invalid logical cluster id 0
01-01 00:12:31.878   635   635 E ANDR-PERF-MPCTL: invalid request, no optimizations performed
01-01 00:12:31.894   635   635 E ANDR-PERF-TARGET: Error: Invalid logical cluster id 0
01-01 00:12:31.894   635   635 E ANDR-PERF-MPCTL: invalid request, no optimizations performed
01-01 00:12:31.911   635   635 E ANDR-PERF-TARGET: Error: Invalid logical cluster id 0
01-01 00:12:31.911   635   635 E ANDR-PERF-MPCTL: invalid request, no optimizations performed
01-01 00:12:31.927   635   635 E ANDR-PERF-TARGET: Error: Invalid logical cluster id 0
01-01 00:12:31.928   635   635 E ANDR-PERF-MPCTL: invalid request, no optimizations performed
01-01 00:12:31.944   635   635 E ANDR-PERF-TARGET: Error: Invalid logical cluster id 0
01-01 00:12:31.944   635   635 E ANDR-PERF-MPCTL: invalid request, no optimizations performed
01-01 00:12:31.961   635   635 E ANDR-PERF-TARGET: Error: Invalid logical cluster id 0
01-01 00:12:31.961   635   635 E ANDR-PERF-MPCTL: invalid request, no optimizations performed
01-01 00:12:31.978   635   635 E ANDR-PERF-TARGET: Error: Invalid logical cluster id 0
01-01 00:12:31.978   635   635 E ANDR-PERF-MPCTL: invalid request, no optimizations performed
01-01 00:12:31.994   635   635 E ANDR-PERF-TARGET: Error: Invalid logical cluster id 0
01-01 00:12:31.994   635   635 E ANDR-PERF-MPCTL: invalid request, no optimizations performed
01-01 00:12:32.005  1933  1933 I LCMANDR : SWR_OOB_HV_MF_009|FUN=ResourceMonitoringService::movingMemoryAverage|2|Moving memory average :26.075424
01-01 00:12:32.005  1933  1933 W LCMANDR : SWR_OOB_HV_MF_009|FUN=ResourceMonitoringService::getCpuUsageStatistic|Moving MEM AVG :::::::::26.075424
01-01 00:12:32.007  1933  1933 W LCMANDR : SWR_OOB_HV_MF_009|FUN=ResourceMonitoringService::getCpuUsageStatistic|2|Total cpu usage :27.885714
01-01 00:12:32.007  1933  1933 I LCMANDR : SWR_OOB_HV_MF_009|FUN=ResourceMonitoringService::getCpuUsageStatistic|Cpu usage of core  0 is28.421053
01-01 00:12:32.007  1933  1933 I LCMANDR : SWR_OOB_HV_MF_009|FUN=ResourceMonitoringService::getCpuUsageStatistic|Cpu usage of core  1 is26.804123
01-01 00:12:32.007  1933  1933 I LCMANDR : SWR_OOB_HV_MF_009|FUN=ResourceMonitoringService::getCpuUsageStatistic|Cpu usage of core  2 is28.428093
01-01 00:12:32.007  1933  1933 I LCMANDR : ResourceMonitoringService::movingCpuAverage()
01-01 00:12:32.007  1933  1933 I LCMANDR : SWR_OOB_HV_MF_009|FUN=ResourceMonitoringService::movingCpuAverage|2|Moving window average of CPU 22.994305
01-01 00:12:32.007  1933  1933 I LCMANDR : SWR_OOB_HV_MF_009|FUN=ResourceMonitoringService::movingCpuAverage|2|Cpu moving average of core  0 is23.449364
01-01 00:12:32.007  1933  1933 I LCMANDR : SWR_OOB_HV_MF_009|FUN=ResourceMonitoringService::movingCpuAverage|2|Cpu moving average of core  1 is20.556467
01-01 00:12:32.007  1933  1933 I LCMANDR : SWR_OOB_HV_MF_009|FUN=ResourceMonitoringService::movingCpuAverage|2|Cpu moving average of core  2 is24.886824
01-01 00:12:32.007  1933  1933 D LCMANDR : SWR_OOB_HV_MF_009|FUN=ResourceMonitoringService::movingCpuAverage|2|Exiting VAL = 22.994305
01-01 00:12:32.011   635   635 E ANDR-PERF-TARGET: Error: Invalid logical cluster id 0
01-01 00:12:32.011   635   635 E ANDR-PERF-MPCTL: invalid request, no optimizations performed
01-01 00:12:32.028   635   635 E ANDR-PERF-TARGET: Error: Invalid logical cluster id 0
01-01 00:12:32.028   635   635 E ANDR-PERF-MPCTL: invalid request, no optimizations performed
01-01 00:12:32.044   635   635 E ANDR-PERF-TARGET: Error: Invalid logical cluster id 0
01-01 00:12:32.044   635   635 E ANDR-PERF-MPCTL: invalid request, no optimizations performed
01-01 00:12:32.061   635   635 E ANDR-PERF-TARGET: Error: Invalid logical cluster id 0
01-01 00:12:32.061   635   635 E ANDR-PERF-MPCTL: invalid request, no optimizations performed
01-01 00:12:32.072  3675  6422 W InteractionController: runAndwaitForEvents timed out waiting for events
01-01 00:12:32.078   635   635 E ANDR-PERF-TARGET: Error: Invalid logical cluster id 0
01-01 00:12:32.078   635   635 E ANDR-PERF-MPCTL: invalid request, no optimizations performed
01-01 00:12:32.082  3675  6422 D UiScrollable: scrollForward() on selector = UiSelector[SCROLLABLE=true]
01-01 00:12:32.090  3675  6422 I QueryController: Matched selector: UiSelector[SCROLLABLE=true] <<==>> [android.view.accessibility.AccessibilityNodeInfo@a582ea; boundsInParent: Rect(0, 0 - 1332, 889); boundsInScreen: Rect(305, 172 - 1637, 1061); packageName: com.panasonic.hmi2settings; className: android.widget.ScrollView; text: null; error: null; maxTextLength: -1; contentDescription: null; viewIdResName: com.panasonic.hmi2settings:id/scrollWifi; checkable: false; checked: false; focusable: true; focused: false; selected: false; clickable: false; longClickable: false; contextClickable: false; enabled: true; password: false; scrollable: true; importantForAccessibility: true; actions: [AccessibilityAction: ACTION_FOCUS - null, AccessibilityAction: ACTION_SELECT - null, AccessibilityAction: ACTION_CLEAR_SELECTION - null, AccessibilityAction: ACTION_ACCESSIBILITY_FOCUS - null, AccessibilityAction: ACTION_SCROLL_FORWARD - null, AccessibilityAction: ACTION_SHOW_ON_SCREEN - null]]
01-01 00:12:32.091  3675  6422 D InteractionController: scrollSwipe (971, 973, 971, 260, 55)
01-01 00:12:32.095   635   635 E ANDR-PERF-TARGET: Error: Invalid logical cluster id 0
01-01 00:12:32.095   635   635 E ANDR-PERF-MPCTL: invalid request, no optimizations performed
01-01 00:12:32.111   635   635 E ANDR-PERF-TARGET: Error: Invalid logical cluster id 0
01-01 00:12:32.111   635   635 E ANDR-PERF-MPCTL: invalid request, no optimizations performed
01-01 00:12:32.128   635   635 E ANDR-PERF-TARGET: Error: Invalid logical cluster id 0
01-01 00:12:32.128   635   635 E ANDR-PERF-MPCTL: invalid request, no optimizations performed
01-01 00:12:32.145   635   635 E ANDR-PERF-TARGET: Error: Invalid logical cluster id 0
01-01 00:12:32.145   635   635 E ANDR-PERF-MPCTL: invalid request, no optimizations performed
01-01 00:12:32.161   635   635 E ANDR-PERF-TARGET: Error: Invalid logical cluster id 0
01-01 00:12:32.162   635   635 E ANDR-PERF-MPCTL: invalid request, no optimizations performed
01-01 00:12:32.178   635   635 E ANDR-PERF-TARGET: Error: Invalid logical cluster id 0
01-01 00:12:32.178   635   635 E ANDR-PERF-MPCTL: invalid request, no optimizations performed
01-01 00:12:32.194   729   748 I sssv-lib: sendMsg enter
01-01 00:12:32.194   729   748 I sssv-lib: sendMsg complete.
01-01 00:12:32.195   635   635 E ANDR-PERF-TARGET: Error: Invalid logical cluster id 0
01-01 00:12:32.195   635   635 E ANDR-PERF-MPCTL: invalid request, no optimizations performed
01-01 00:12:32.212   635   635 E ANDR-PERF-TARGET: Error: Invalid logical cluster id 0
01-01 00:12:32.212   635   635 E ANDR-PERF-MPCTL: invalid request, no optimizations performed
01-01 00:12:32.228   635   635 E ANDR-PERF-TARGET: Error: Invalid logical cluster id 0
01-01 00:12:32.228   635   635 E ANDR-PERF-MPCTL: invalid request, no optimizations performed
01-01 00:12:32.245   635   635 E ANDR-PERF-TARGET: Error: Invalid logical cluster id 0
01-01 00:12:32.245   635   635 E ANDR-PERF-MPCTL: invalid request, no optimizations performed
01-01 00:12:32.262   635   635 E ANDR-PERF-TARGET: Error: Invalid logical cluster id 0
01-01 00:12:32.262   635   635 E ANDR-PERF-MPCTL: invalid request, no optimizations performed
01-01 00:12:32.278   635   635 E ANDR-PERF-TARGET: Error: Invalid logical cluster id 0
01-01 00:12:32.278   635   635 E ANDR-PERF-MPCTL: invalid request, no optimizations performed
01-01 00:12:32.295   635   635 E ANDR-PERF-TARGET: Error: Invalid logical cluster id 0
01-01 00:12:32.295   635   635 E ANDR-PERF-MPCTL: invalid request, no optimizations performed
01-01 00:12:32.312   635   635 E ANDR-PERF-TARGET: Error: Invalid logical cluster id 0
01-01 00:12:32.312   635   635 E ANDR-PERF-MPCTL: invalid request, no optimizations performed
01-01 00:12:32.328   635   635 E ANDR-PERF-TARGET: Error: Invalid logical cluster id 0
01-01 00:12:32.328   635   635 E ANDR-PERF-MPCTL: invalid request, no optimizations performed
01-01 00:12:32.345   635   635 E ANDR-PERF-TARGET: Error: Invalid logical cluster id 0
01-01 00:12:32.345   635   635 E ANDR-PERF-MPCTL: invalid request, no optimizations performed
01-01 00:12:32.362   635   635 E ANDR-PERF-TARGET: Error: Invalid logical cluster id 0
01-01 00:12:32.362   635   635 E ANDR-PERF-MPCTL: invalid request, no optimizations performed
01-01 00:12:32.379   635   635 E ANDR-PERF-TARGET: Error: Invalid logical cluster id 0
01-01 00:12:32.379   635   635 E ANDR-PERF-MPCTL: invalid request, no optimizations performed
01-01 00:12:32.395   635   635 E ANDR-PERF-TARGET: Error: Invalid logical cluster id 0
01-01 00:12:32.395   635   635 E ANDR-PERF-MPCTL: invalid request, no optimizations performed
01-01 00:12:32.412   635   635 E ANDR-PERF-TARGET: Error: Invalid logical cluster id 0
01-01 00:12:32.412   635   635 E ANDR-PERF-MPCTL: invalid request, no optimizations performed
01-01 00:12:32.429   635   635 E ANDR-PERF-TARGET: Error: Invalid logical cluster id 0
01-01 00:12:32.429   635   635 E ANDR-PERF-MPCTL: invalid request, no optimizations performed
01-01 00:12:32.445   635   635 E ANDR-PERF-TARGET: Error: Invalid logical cluster id 0
01-01 00:12:32.445   635   635 E ANDR-PERF-MPCTL: invalid request, no optimizations performed
01-01 00:12:32.462   635   635 E ANDR-PERF-TARGET: Error: Invalid logical cluster id 0
01-01 00:12:32.462   635   635 E ANDR-PERF-MPCTL: invalid request, no optimizations performed
01-01 00:12:32.479   635   635 E ANDR-PERF-TARGET: Error: Invalid logical cluster id 0
01-01 00:12:32.479   635   635 E ANDR-PERF-MPCTL: invalid request, no optimizations performed
01-01 00:12:32.495   635   635 E ANDR-PERF-TARGET: Error: Invalid logical cluster id 0
01-01 00:12:32.496   635   635 E ANDR-PERF-MPCTL: invalid request, no optimizations performed
01-01 00:12:32.512   635   635 E ANDR-PERF-TARGET: Error: Invalid logical cluster id 0
01-01 00:12:32.512   635   635 E ANDR-PERF-MPCTL: invalid request, no optimizations performed
01-01 00:12:32.529   635   635 E ANDR-PERF-TARGET: Error: Invalid logical cluster id 0
01-01 00:12:32.529   635   635 E ANDR-PERF-MPCTL: invalid request, no optimizations performed
01-01 00:12:32.546   635   635 E ANDR-PERF-TARGET: Error: Invalid logical cluster id 0
01-01 00:12:32.546   635   635 E ANDR-PERF-MPCTL: invalid request, no optimizations performed
01-01 00:12:32.562   635   635 E ANDR-PERF-TARGET: Error: Invalid logical cluster id 0
01-01 00:12:32.562   635   635 E ANDR-PERF-MPCTL: invalid request, no optimizations performed
01-01 00:12:32.579   635   635 E ANDR-PERF-TARGET: Error: Invalid logical cluster id 0
01-01 00:12:32.579   635   635 E ANDR-PERF-MPCTL: invalid request, no optimizations performed
01-01 00:12:32.596   635   635 E ANDR-PERF-TARGET: Error: Invalid logical cluster id 0
01-01 00:12:32.596   635   635 E ANDR-PERF-MPCTL: invalid request, no optimizations performed
01-01 00:12:32.612   635   635 E ANDR-PERF-TARGET: Error: Invalid logical cluster id 0
01-01 00:12:32.613   635   635 E ANDR-PERF-MPCTL: invalid request, no optimizations performed
01-01 00:12:32.629   635   635 E ANDR-PERF-TARGET: Error: Invalid logical cluster id 0
01-01 00:12:32.629   635   635 E ANDR-PERF-MPCTL: invalid request, no optimizations performed
01-01 00:12:32.646   635   635 E ANDR-PERF-TARGET: Error: Invalid logical cluster id 0
01-01 00:12:32.646   635   635 E ANDR-PERF-MPCTL: invalid request, no optimizations performed
01-01 00:12:32.663   635   635 E ANDR-PERF-TARGET: Error: Invalid logical cluster id 0
01-01 00:12:32.663   635   635 E ANDR-PERF-MPCTL: invalid request, no optimizations performed
01-01 00:12:32.679   635   635 E ANDR-PERF-TARGET: Error: Invalid logical cluster id 0
01-01 00:12:32.679   635   635 E ANDR-PERF-MPCTL: invalid request, no optimizations performed
01-01 00:12:32.696   635   635 E ANDR-PERF-TARGET: Error: Invalid logical cluster id 0
01-01 00:12:32.696   635   635 E ANDR-PERF-MPCTL: invalid request, no optimizations performed
01-01 00:12:32.712   635   635 E ANDR-PERF-TARGET: Error: Invalid logical cluster id 0
01-01 00:12:32.712   635   635 E ANDR-PERF-MPCTL: invalid request, no optimizations performed
01-01 00:12:32.729   635   635 E ANDR-PERF-TARGET: Error: Invalid logical cluster id 0
01-01 00:12:32.729   635   635 E ANDR-PERF-MPCTL: invalid request, no optimizations performed
01-01 00:12:32.746   635   635 E ANDR-PERF-TARGET: Error: Invalid logical cluster id 0
01-01 00:12:32.746   635   635 E ANDR-PERF-MPCTL: invalid request, no optimizations performed
01-01 00:12:32.762   635   635 E ANDR-PERF-TARGET: Error: Invalid logical cluster id 0
01-01 00:12:32.762   635   635 E ANDR-PERF-MPCTL: invalid request, no optimizations performed
01-01 00:12:32.779   635   635 E ANDR-PERF-TARGET: Error: Invalid logical cluster id 0
01-01 00:12:32.779   635   635 E ANDR-PERF-MPCTL: invalid request, no optimizations performed
01-01 00:12:32.796   635   635 E ANDR-PERF-TARGET: Error: Invalid logical cluster id 0
01-01 00:12:32.796   635   635 E ANDR-PERF-MPCTL: invalid request, no optimizations performed
01-01 00:12:32.812   635   635 E ANDR-PERF-TARGET: Error: Invalid logical cluster id 0
01-01 00:12:32.812   635   635 E ANDR-PERF-MPCTL: invalid request, no optimizations performed
01-01 00:12:32.829   635   635 E ANDR-PERF-TARGET: Error: Invalid logical cluster id 0
01-01 00:12:32.829   635   635 E ANDR-PERF-MPCTL: invalid request, no optimizations performed
01-01 00:12:32.846   635   635 E ANDR-PERF-TARGET: Error: Invalid logical cluster id 0
01-01 00:12:32.846   635   635 E ANDR-PERF-MPCTL: invalid request, no optimizations performed
01-01 00:12:32.862   635   635 E ANDR-PERF-TARGET: Error: Invalid logical cluster id 0
01-01 00:12:32.863   635   635 E ANDR-PERF-MPCTL: invalid request, no optimizations performed
01-01 00:12:32.879   635   635 E ANDR-PERF-TARGET: Error: Invalid logical cluster id 0
01-01 00:12:32.879   635   635 E ANDR-PERF-MPCTL: invalid request, no optimizations performed
01-01 00:12:32.896   635   635 E ANDR-PERF-TARGET: Error: Invalid logical cluster id 0
01-01 00:12:32.896   635   635 E ANDR-PERF-MPCTL: invalid request, no optimizations performed
01-01 00:12:32.913   635   635 E ANDR-PERF-TARGET: Error: Invalid logical cluster id 0
01-01 00:12:32.913   635   635 E ANDR-PERF-MPCTL: invalid request, no optimizations performed
01-01 00:12:32.929   635   635 E ANDR-PERF-TARGET: Error: Invalid logical cluster id 0
01-01 00:12:32.929   635   635 E ANDR-PERF-MPCTL: invalid request, no optimizations performed
01-01 00:12:32.946   635   635 E ANDR-PERF-TARGET: Error: Invalid logical cluster id 0
01-01 00:12:32.946   635   635 E ANDR-PERF-MPCTL: invalid request, no optimizations performed
01-01 00:12:32.950  1933  1933 D LCMANDR : SWR_OOB_HV_MF_009|FUN=LifeCycleManagerService::getDAIAppAlivenessStatus|Aliveness:: DAIAPP HB DIFF = 2 [ DaimlerAppHBCounter ] = 289[ DaimlerAppHBCounterOld ] = 287
01-01 00:12:32.951  1933  1933 I LCMANDR : SWR_OOB_HV_MF_009|FUN=LifeCycleManagerService::getDAIAppAlivenessStatus|Aliveness::ANDROID HB IS VALID... setting OLD VAL, and resetting Fail Counter
01-01 00:12:32.954  1933  1933 I LCMANDR : SWR_OOB_HV_MF_009|FUN=LifeCycleManagerService::getDAIPID|DAIMLER APP(com.daimler.rse.ntg6) PID is [ 1519 ]
01-01 00:12:32.954  1933  1933 I LCMANDR : SWR_OOB_HV_MF_009|FUN=LifeCycleManagerService::getDAIAPPStatus|Aliveness::SAME PID! DAIAPP is not restarted
01-01 00:12:32.954  1933  1933 W LCMANDR : SWR_OOB_HV_MF_009|FUN=LifeCycleManagerService::getDAIAppAlivenessStatus|Aliveness::Status to send id : ALIVE
01-01 00:12:32.955  1933  1933 D LCMANDR : SWR_OOB_HV_MF_005|FUN=LifeCycleManagerService::sendPacketToLnx|data = [B@5e3f566
01-01 00:12:32.955  1933  1933 D LCMANDR : SWR_OOB_HV_MF_009|FUN=LifeCycleManagerService::postAppsStatusInfo|Setting AppPacket info
01-01 00:12:32.955  1933  1933 I LCMANDR : SWR_OOB_HV_MF_009|FUN=AlivenessMonitoring::getRunningApps| packet sent
01-01 00:12:32.955  1933  1956 D LCMANDR : SWR_OOB_HV_MF_010|FUN=LifeCycleManagerService::RseNodeStateManagement|SEND_IGC_CB
01-01 00:12:32.955  1933  1956 I LCMANDR : SWR_OOB_HV_MF_005|FUN=LifeCycleManagerService::igcsendData|Call hit in RSENodeStateManagement::igcsendData
01-01 00:12:32.955  1933  1956 I LCMANDR : SWR_OOB_HV_MF_005|FUN=LifeCycleManagerService::igcsendData|SEND DATA LEN is : 15
01-01 00:12:32.955  1933  1956 I LCMANDR : SWR_OOB_HV_MF_007|FUN=LifeCycleManagerService::sendPacketFromIntentService|Package to send : [ 65, 0, 0, 0, 9, 0, 2, 0, 1, 0, 5, 65, 65, 0, 0, ]
01-01 00:12:32.955  1933  1956 I IGC     :  IGC::sendData ==> [ 65, 0, 0, 0, 9, 0, 2, 0, 1, 0, 5, 65, 65, 0, 0,  ]
01-01 00:12:32.955  1933  1956 I IGC     :  Igc::sendData data size is :: 15
01-01 00:12:32.955  1933  1956 D         : Enqueue: sem count = 1
01-01 00:12:32.955  1933  1956 I LCMANDR : SWR_OOB_HV_MF_007|FUN=LifeCycleManagerService::sendPacketFromIntentService|Sending Data to Linux is successful( [65, 0, 0, 0, 9, 0, 2, 0, 1, 0, 5, 65, 65, 0, 0] )
01-01 00:12:32.955  1933  1956 I LCMANDR : SWR_OOB_HV_MF_005|FUN=LifeCycleManagerService::igcsendData| DATA SEND SUCCESSFULLY 
01-01 00:12:32.963   635   635 E ANDR-PERF-TARGET: Error: Invalid logical cluster id 0
01-01 00:12:32.963   635   635 E ANDR-PERF-MPCTL: invalid request, no optimizations performed
01-01 00:12:32.979   635   635 E ANDR-PERF-TARGET: Error: Invalid logical cluster id 0
01-01 00:12:32.980   635   635 E ANDR-PERF-MPCTL: invalid request, no optimizations performed
01-01 00:12:32.996   635   635 E ANDR-PERF-TARGET: Error: Invalid logical cluster id 0
01-01 00:12:32.996   635   635 E ANDR-PERF-MPCTL: invalid request, no optimizations performed
01-01 00:12:33.013   635   635 E ANDR-PERF-TARGET: Error: Invalid logical cluster id 0
01-01 00:12:33.013   635   635 E ANDR-PERF-MPCTL: invalid request, no optimizations performed
01-01 00:12:33.013   635   635 E ANDR-PERF-TARGET: Error: Invalid logical cluster id 0
01-01 00:12:33.013   635   635 E ANDR-PERF-MPCTL: invalid request, no optimizations performed
01-01 00:12:33.030   635   635 E ANDR-PERF-TARGET: Error: Invalid logical cluster id 0
01-01 00:12:33.030   635   635 E ANDR-PERF-MPCTL: invalid request, no optimizations performed
01-01 00:12:33.046   635   635 E ANDR-PERF-TARGET: Error: Invalid logical cluster id 0
01-01 00:12:33.047   635   635 E ANDR-PERF-MPCTL: invalid request, no optimizations performed
01-01 00:12:33.063   635   635 E ANDR-PERF-TARGET: Error: Invalid logical cluster id 0
01-01 00:12:33.063   635   635 E ANDR-PERF-MPCTL: invalid request, no optimizations performed
01-01 00:12:33.080   635   635 E ANDR-PERF-TARGET: Error: Invalid logical cluster id 0
01-01 00:12:33.080   635   635 E ANDR-PERF-MPCTL: invalid request, no optimizations performed
01-01 00:12:33.096   635   635 E ANDR-PERF-TARGET: Error: Invalid logical cluster id 0
01-01 00:12:33.096   635   635 E ANDR-PERF-MPCTL: invalid request, no optimizations performed
01-01 00:12:33.113   635   635 E ANDR-PERF-TARGET: Error: Invalid logical cluster id 0
01-01 00:12:33.113   635   635 E ANDR-PERF-MPCTL: invalid request, no optimizations performed
01-01 00:12:33.117  2054  2054 E         : 
01-01 00:12:33.117  2054  2054 E         : Buffer Size = 1048576
01-01 00:12:33.130   635   635 E ANDR-PERF-TARGET: Error: Invalid logical cluster id 0
01-01 00:12:33.130   635   635 E ANDR-PERF-MPCTL: invalid request, no optimizations performed
01-01 00:12:33.141  2054  2054 E         : 
01-01 00:12:33.141  2054  2054 E         : <6>[  411.509218] QSEECOM: scm_call_qcpe:429 : IN: 0x4200010a, 0x2, 0x0, 0xd, 0x0, 0x0, 0x0
01-01 00:12:33.141  2054  2054 E         : <6>[  411.510810] QSEECOM: scm_call_qcpe:503 : OUT: 0x0, 0x0, 0x0, 0x0
01-01 00:12:33.141  2054  2054 E         : <6>[  411.594078] QSEECOM: scm_call_qcpe:429 : IN: 0x42000d07, 0x0, 0x0, 0x0, 0x0, 0x0, 0x0
01-01 00:12:33.141  2054  2054 E         : <6>[  411.595164] QSEECOM: scm_call_qcpe:503 : OUT: 0x0, 0x0, 0x0, 0x0
01-01 00:12:33.141  2054  2054 E         : <6>[  411.989430] QSEECOM: scm_call_qcpe:429 : IN: 0x4200010a, 0x2, 0x0, 0xd, 0x0, 0x0, 0x0
01-01 00:12:33.141  2054  2054 E         : <6>[  411.991468] QSEECOM: scm_call_qcpe:503 : OUT: 0x0, 0x0, 0x0, 0x0
01-01 00:12:33.141  2054  2054 E         : <6>[  412.073830] QSEECOM: scm_call_qcpe:429 : IN: 0x42000d07, 0x0, 0x0, 0x0, 0x0, 0x0, 0x0
01-01 00:12:33.141  2054  2054 E         : <6>[  412.074728] QSEECOM: scm_call_qcpe:503 : OUT: 0x0, 0x0, 0x0, 0x0
01-01 00:12:33.141  2054  2054 E         : <6>[  412.485381] QSEECOM: scm_call_qcpe:429 : IN: 0x4200010a, 0x2, 0x0, 0xd, 0x0, 0x0, 0x0
01-01 00:12:33.141  2054  2054 E         : <6>[  412.487431] QSEECOM: scm_call_qcpe:503 : OUT: 0x0, 0x0, 0x0, 0x0
01-01 00:12:33.141  2054  2054 E         : <6>[  412.570683] QSEECOM: scm_call_qcpe:429 : IN: 0x42000d0a, 0x3, 0x0, 0x143db, 0x13fc, 0x0, 0x0
01-01 00:12:33.141  2054  2054 E         : <6>[  412.573058] QSEECOM: scm_call_qcpe:503 : OUT: 0x0, 0x0, 0x0, 0x0
01-01 00:12:33.141  2054  2054 E         : <6>[  412.664685] QSEECOM: scm_call_q
01-01 00:12:33.144  2054  2054 E         : USB Hub Detector 1.0
01-01 00:12:33.147   635   635 E ANDR-PERF-TARGET: Error: Invalid logical cluster id 0
01-01 00:12:33.147   635   635 E ANDR-PERF-MPCTL: invalid request, no optimizations performed
01-01 00:12:33.163   635   635 E ANDR-PERF-TARGET: Error: Invalid logical cluster id 0
01-01 00:12:33.163   635   635 E ANDR-PERF-MPCTL: invalid request, no optimizations performed
01-01 00:12:33.180   635   635 E ANDR-PERF-TARGET: Error: Invalid logical cluster id 0
01-01 00:12:33.180   635   635 E ANDR-PERF-MPCTL: invalid request, no optimizations performed
01-01 00:12:33.194   729   748 I sssv-lib: sendMsg enter
01-01 00:12:33.195   729   748 I sssv-lib: sendMsg complete.
01-01 00:12:33.197   635   635 E ANDR-PERF-TARGET: Error: Invalid logical cluster id 0
01-01 00:12:33.197   635   635 E ANDR-PERF-MPCTL: invalid request, no optimizations performed
01-01 00:12:33.206  3675  6422 W InteractionController: runAndwaitForEvents timed out waiting for events
01-01 00:12:33.207  3675  6422 D InteractionController: Vertical scrollSwipe reached scroll end: false
01-01 00:12:33.213   635   635 E ANDR-PERF-TARGET: Error: Invalid logical cluster id 0
01-01 00:12:33.214   635   635 E ANDR-PERF-MPCTL: invalid request, no optimizations performed
01-01 00:12:33.230   635   635 E ANDR-PERF-TARGET: Error: Invalid logical cluster id 0
01-01 00:12:33.230   635   635 E ANDR-PERF-MPCTL: invalid request, no optimizations performed
01-01 00:12:33.247   635   635 E ANDR-PERF-TARGET: Error: Invalid logical cluster id 0
01-01 00:12:33.247   635   635 E ANDR-PERF-MPCTL: invalid request, no optimizations performed
01-01 00:12:33.263   635   635 E ANDR-PERF-TARGET: Error: Invalid logical cluster id 0
01-01 00:12:33.263   635   635 E ANDR-PERF-MPCTL: invalid request, no optimizations performed
01-01 00:12:33.280   635   635 E ANDR-PERF-TARGET: Error: Invalid logical cluster id 0
01-01 00:12:33.280   635   635 E ANDR-PERF-MPCTL: invalid request, no optimizations performed
01-01 00:12:33.297   635   635 E ANDR-PERF-TARGET: Error: Invalid logical cluster id 0
01-01 00:12:33.297   635   635 E ANDR-PERF-MPCTL: invalid request, no optimizations performed
01-01 00:12:33.314   635   635 E ANDR-PERF-TARGET: Error: Invalid logical cluster id 0
01-01 00:12:33.314   635   635 E ANDR-PERF-MPCTL: invalid request, no optimizations performed
01-01 00:12:33.330   635   635 E ANDR-PERF-TARGET: Error: Invalid logical cluster id 0
01-01 00:12:33.330   635   635 E ANDR-PERF-MPCTL: invalid request, no optimizations performed
01-01 00:12:33.347   635   635 E ANDR-PERF-TARGET: Error: Invalid logical cluster id 0
01-01 00:12:33.347   635   635 E ANDR-PERF-MPCTL: invalid request, no optimizations performed
01-01 00:12:33.364   635   635 E ANDR-PERF-TARGET: Error: Invalid logical cluster id 0
01-01 00:12:33.364   635   635 E ANDR-PERF-MPCTL: invalid request, no optimizations performed
01-01 00:12:33.380   635   635 E ANDR-PERF-TARGET: Error: Invalid logical cluster id 0
01-01 00:12:33.380   635   635 E ANDR-PERF-MPCTL: invalid request, no optimizations performed
01-01 00:12:33.397   635   635 E ANDR-PERF-TARGET: Error: Invalid logical cluster id 0
01-01 00:12:33.397   635   635 E ANDR-PERF-MPCTL: invalid request, no optimizations performed
01-01 00:12:33.894  3675  6422 I QueryController: Matched selector: UiSelector[SCROLLABLE=true, CHILD=UiSelector[TEXT=RSE_Test]] <<==>> [android.view.accessibility.AccessibilityNodeInfo@a68d71; boundsInParent: Rect(0, 0 - 1078, 77); boundsInScreen: Rect(354, 485 - 1431, 562); packageName: com.panasonic.hmi2settings; className: android.widget.TextView; text: RSE_Test; error: null; maxTextLength: -1; contentDescription: null; viewIdResName: com.panasonic.hmi2settings:id/wifiName; checkable: false; checked: false; focusable: false; focused: false; selected: false; clickable: false; longClickable: false; contextClickable: false; enabled: true; password: false; scrollable: false; importantForAccessibility: true; actions: [AccessibilityAction: ACTION_SELECT - null, AccessibilityAction: ACTION_CLEAR_SELECTION - null, AccessibilityAction: ACTION_ACCESSIBILITY_FOCUS - null, AccessibilityAction: ACTION_NEXT_AT_MOVEMENT_GRANULARITY - null, AccessibilityAction: ACTION_PREVIOUS_AT_MOVEMENT_GRANULARITY - null, AccessibilityAction: ACTION_SET_SELECTION - null, AccessibilityAction: ACTION_SHOW_ON_SCREEN - null]]
01-01 00:12:33.904  3675  6423 D UIAutomatorStub: URI: /jsonrpc/0, Method: POST, Header: {content-length=176, remote-addr=127.0.0.1, http-client-ip=127.0.0.1, host=localhost:9009, content-type=application/json, connection=close, accept-encoding=identity, user-agent=Python-urllib/2.7}, params, {NanoHttpd.QUERY_STRING=null}, files: {postData={"params": [{"childOrSiblingSelector": [], "text": "RSE_Test", "mask": 1, "childOrSibling": []}], "jsonrpc": "2.0", "method": "click", "id": "c9502c467e31ac5f4348d8a94d81f4d6"}}
01-01 00:12:33.958  3675  6424 D UIAutomatorStub: URI: /jsonrpc/0, Method: POST, Header: {content-length=213, remote-addr=127.0.0.1, http-client-ip=127.0.0.1, host=localhost:9009, content-type=application/json, connection=close, accept-encoding=identity, user-agent=Python-urllib/2.7}, params, {NanoHttpd.QUERY_STRING=null}, files: {postData={"params": [{"childOrSiblingSelector": [], "className": "android.widget.EditText", "mask": 16, "childOrSibling": []}, "Secure7@55"], "jsonrpc": "2.0", "method": "setText", "id": "706aa3549204a0b71d8699b8109f40f8"}}
01-01 00:12:33.967  3739  3739 W HMI2-SETTINGS - CI08.4: className -> WifiAdapter | functionName -> onBindViewHolder | value -> allWifiList.get(position).getSecurityType() : wifiNametrue
01-01 00:12:33.967  3739  3739 W HMI2-SETTINGS - CI08.4: className -> WifiActivity | functionName -> onWifiClick | value -> getSecurityType ->true
01-01 00:12:33.973  3739  3739 D View    : setSystemUiVisibility: creating intent for action ACTION_ACTIVITY_FULLSCREEN
01-01 00:12:33.974  3739  3739 W ContextImpl: Calling a method in the system process without a qualified user: android.app.ContextImpl.startService:1476 android.content.ContextWrapper.startService:650 android.view.View.setSystemUiVisibility:22653 com.panasonic.hmi2settings.activity.WifiActivity.connectToWifi:1215 com.panasonic.hmi2settings.activity.WifiActivity.onWifiClick:522 
01-01 00:12:33.975  1151  1168 D CompatibilityInfo: mCompatibilityFlags - 4
01-01 00:12:33.975  1151  1168 D CompatibilityInfo: applicationDensity - 240
01-01 00:12:33.975  1151  1168 D CompatibilityInfo: applicationScale - 1.0
01-01 00:12:33.976  3739  3739 D View    : setSystemUiVisibility: startService done
01-01 00:12:33.980  1392  1392 W SYSTEM_UI: SWR_SYSTEM_UI_007|FUN=CollapsedStatusBarFragment::getAction |1|Broadcast action --> STATUS_UPDATE_ACTION
01-01 00:12:33.980  1151  1407 D WindowManager: addToDisplay >>> FLAG_FULLSCREEN not set in WindowManager.LayoutParams
01-01 00:12:33.980  1151  1407 D WindowManager: startStatusReceiverServiceOnFlagSet: creating intent for action ACTION_ACTIVITY_FULLSCREEN
01-01 00:12:33.980  1392  1392 W SYSTEM_UI: SWR_SYSTEM_UI_007|FUN=CollapsedStatusBarFragment::getIntExtra |1|NotifySystemUpdates dataType --> 101
01-01 00:12:33.980  1392  1392 W SYSTEM_UI - CI07.3: className -> CollapsedStatusBarFragment | functionName -> NotifySystemUpdates | onReceive -->  | value -> FULLSCREEN MODE CHANGED | isFullScreenStatus --> false | fullScreenPackage -->com.panasonic.hmi2settings | fullscreenLastShownPackage -->null | topActivityPackage --> com.panasonic.hmi2settings
01-01 00:12:33.981  1392  1392 W SYSTEM_UI - CI07.3: className -> CollapsedStatusBarFragment | functionName -> NotifySystemUpdates | onReceive -->  | value -> Fullscreen mode changed --> path 5
01-01 00:12:33.981  1151  1407 W ContextImpl: Calling a method in the system process without a qualified user: android.app.ContextImpl.startService:1476 com.android.server.wm.Session.startStatusReceiverServiceOnFlagSet:762 com.android.server.wm.Session.addToDisplay:217 android.view.IWindowSession$Stub.onTransact:124 com.android.server.wm.Session.onTransact:166 
01-01 00:12:33.981  1151  1407 D CompatibilityInfo: mCompatibilityFlags - 4
01-01 00:12:33.981  1151  1407 D CompatibilityInfo: applicationDensity - 240
01-01 00:12:33.981  1151  1407 D CompatibilityInfo: applicationScale - 1.0
01-01 00:12:33.982   635   635 E ANDR-PERF-TARGET: Error: Invalid logical cluster id 0
01-01 00:12:33.982   635   635 E ANDR-PERF-MPCTL: invalid request, no optimizations performed
01-01 00:12:33.982  1151  1407 D WindowManager: startStatusReceiverServiceOnFlagSet: startService done
01-01 00:12:33.987  3739  3739 W HMI2-SETTINGS: SWR_BAIDU_HMI_0015|FUN=WifiActivity::addView|0|Display password enter dialog with addView method.
01-01 00:12:33.987  3739  3739 W HMI2-SETTINGS: SWR_BAIDU_HMI_0027|FUN=WifiActivity::addView|0|Display password enter dialog with addView method.
01-01 00:12:33.989  1392  1392 W SYSTEM_UI: SWR_SYSTEM_UI_007|FUN=CollapsedStatusBarFragment::getAction |1|Broadcast action --> STATUS_UPDATE_ACTION
01-01 00:12:33.989  1392  1392 W SYSTEM_UI: SWR_SYSTEM_UI_007|FUN=CollapsedStatusBarFragment::getIntExtra |1|NotifySystemUpdates dataType --> 101
01-01 00:12:33.989  1392  1392 W SYSTEM_UI - CI07.3: className -> CollapsedStatusBarFragment | functionName -> NotifySystemUpdates | onReceive -->  | value -> FULLSCREEN MODE CHANGED | isFullScreenStatus --> false | fullScreenPackage -->com.panasonic.hmi2settings | fullscreenLastShownPackage -->null | topActivityPackage --> com.panasonic.hmi2settings
01-01 00:12:33.989  1392  1392 W SYSTEM_UI - CI07.3: className -> CollapsedStatusBarFragment | functionName -> NotifySystemUpdates | onReceive -->  | value -> Fullscreen mode changed --> path 5
01-01 00:12:33.989  3739  3739 W HMI2-SETTINGS - CI08.4: className -> WifiActivity | functionName -> setOnFocusChangeListener :   | value -> hasFocus:true
01-01 00:12:33.992  1151  1407 D mEnabledInputMethodsStrCache: com.android.inputmethods.latin/.LatinIME
01-01 00:12:33.992  1151  1407 D systemLanguageCode: en__GB
01-01 00:12:33.993  1151  1407 D mEnabledInputMethodsStrCache: com.android.inputmethods.latin/.LatinIME
01-01 00:12:33.994  1151  1553 D mEnabledInputMethodsStrCache: com.android.inputmethods.latin/.LatinIME
01-01 00:12:33.994  1151  1553 D systemLanguageCode: en__GB
01-01 00:12:33.994  1151  1553 D mEnabledInputMethodsStrCache: com.android.inputmethods.latin/.LatinIME
01-01 00:12:33.997  1151  1407 D mEnabledInputMethodsStrCache: com.android.inputmethods.latin/.LatinIME
01-01 00:12:33.997  1151  1407 D systemLanguageCode: en__GB
01-01 00:12:33.997  1151  1407 D mEnabledInputMethodsStrCache: com.android.inputmethods.latin/.LatinIME
01-01 00:12:33.999  1151  1168 D mEnabledInputMethodsStrCache: com.android.inputmethods.latin/.LatinIME
01-01 00:12:33.999  1151  1168 D systemLanguageCode: en__GB
01-01 00:12:33.999  1151  1168 D mEnabledInputMethodsStrCache: com.android.inputmethods.latin/.LatinIME
01-01 00:12:34.001  1151  1407 D mEnabledInputMethodsStrCache: com.android.inputmethods.latin/.LatinIME
01-01 00:12:34.001  1151  1407 D systemLanguageCode: en__GB
01-01 00:12:34.001  1151  1407 D mEnabledInputMethodsStrCache: com.android.inputmethods.latin/.LatinIME
01-01 00:12:34.001  1151  1407 D mEnabledInputMethodsStrCache: com.android.inputmethods.latin/.LatinIME
01-01 00:12:34.001  1151  1407 D systemLanguageCode: en__GB
01-01 00:12:34.001  1151  1407 D mEnabledInputMethodsStrCache: com.android.inputmethods.latin/.LatinIME
01-01 00:12:34.001  1379  1379 I LatinIME: SWR_HMISERVICE_SPELLER_MF_001||FUN=onStartInputViewInternal || 1 || Starting input. Cursor position = -1,-1
01-01 00:12:34.004  1151  1553 D WindowManager: relayout packageName=com.panasonic.hmi2settings::session=Session{c47ecfc 3739:1000}::window=android.view.IWindow$Stub$Proxy@42f0d5a::attrs.flags=1000100
01-01 00:12:34.004  1151  1553 D WindowManager: relayout >>> FLAG_FULLSCREEN not set in WindowManager.LayoutParams
01-01 00:12:34.004  1151  1553 D WindowManager: startStatusReceiverServiceOnFlagSet: creating intent for action ACTION_ACTIVITY_FULLSCREEN
01-01 00:12:34.005  1151  1553 W ContextImpl: Calling a method in the system process without a qualified user: android.app.ContextImpl.startService:1476 com.android.server.wm.Session.startStatusReceiverServiceOnFlagSet:762 com.android.server.wm.Session.relayout:276 android.view.IWindowSession$Stub.onTransact:286 com.android.server.wm.Session.onTransact:166 
01-01 00:12:34.005  1151  1553 D CompatibilityInfo: mCompatibilityFlags - 4
01-01 00:12:34.005  1151  1553 D CompatibilityInfo: applicationDensity - 240
01-01 00:12:34.005  1151  1553 D CompatibilityInfo: applicationScale - 1.0
01-01 00:12:34.006  1151  1553 D WindowManager: startStatusReceiverServiceOnFlagSet: startService done
01-01 00:12:34.013  1392  1392 W SYSTEM_UI: SWR_SYSTEM_UI_007|FUN=CollapsedStatusBarFragment::getAction |1|Broadcast action --> STATUS_UPDATE_ACTION
01-01 00:12:34.013  1392  1392 W SYSTEM_UI: SWR_SYSTEM_UI_007|FUN=CollapsedStatusBarFragment::getIntExtra |1|NotifySystemUpdates dataType --> 101
01-01 00:12:34.014  1392  1392 W SYSTEM_UI - CI07.3: className -> CollapsedStatusBarFragment | functionName -> NotifySystemUpdates | onReceive -->  | value -> FULLSCREEN MODE CHANGED | isFullScreenStatus --> false | fullScreenPackage -->com.panasonic.hmi2settings | fullscreenLastShownPackage -->null | topActivityPackage --> com.panasonic.hmi2settings
01-01 00:12:34.014  1392  1392 W SYSTEM_UI - CI07.3: className -> CollapsedStatusBarFragment | functionName -> NotifySystemUpdates | onReceive -->  | value -> Fullscreen mode changed --> path 5
01-01 00:12:34.030  3675  6424 W ByMatcher: Node returned null child: android.view.accessibility.AccessibilityNodeInfo@80006d70; boundsInParent: Rect(0, 0 - 1920, 1080); boundsInScreen: Rect(0, 0 - 1920, 1080); packageName: com.panasonic.hmi2settings; className: android.widget.FrameLayout; text: null; error: null; maxTextLength: -1; contentDescription: null; viewIdResName: null; checkable: false; checked: false; focusable: false; focused: false; selected: false; clickable: false; longClickable: false; contextClickable: false; enabled: true; password: false; scrollable: false; importantForAccessibility: true; actions: [AccessibilityAction: ACTION_SELECT - null, AccessibilityAction: ACTION_CLEAR_SELECTION - null, AccessibilityAction: ACTION_ACCESSIBILITY_FOCUS - null, AccessibilityAction: ACTION_SHOW_ON_SCREEN - null]
01-01 00:12:34.030  3675  6424 W ByMatcher: Skipping null child (0 of 1)
