01-01 00:17:18.305   635   635 E ANDR-PERF-TARGET: Error: Invalid logical cluster id 0
01-01 00:17:18.305   635   635 E ANDR-PERF-MPCTL: invalid request, no optimizations performed
01-01 00:17:18.322   635   635 E ANDR-PERF-TARGET: Error: Invalid logical cluster id 0
01-01 00:17:18.322   635   635 E ANDR-PERF-MPCTL: invalid request, no optimizations performed
01-01 00:17:18.338   635   635 E ANDR-PERF-TARGET: Error: Invalid logical cluster id 0
01-01 00:17:18.338   635   635 E ANDR-PERF-MPCTL: invalid request, no optimizations performed
01-01 00:17:18.355   635   635 E ANDR-PERF-TARGET: Error: Invalid logical cluster id 0
01-01 00:17:18.355   635   635 E ANDR-PERF-MPCTL: invalid request, no optimizations performed
01-01 00:17:18.363  1933  1933 D LCMANDR : SWR_OOB_HV_MF_009|FUN=LifeCycleManagerService::getDAIAppAlivenessStatus|Aliveness:: DAIAPP HB DIFF = 2 [ DaimlerAppHBCounter ] = 403[ DaimlerAppHBCounterOld ] = 401
01-01 00:17:18.363  1933  1933 I LCMANDR : SWR_OOB_HV_MF_009|FUN=LifeCycleManagerService::getDAIAppAlivenessStatus|Aliveness::ANDROID HB IS VALID... setting OLD VAL, and resetting Fail Counter
01-01 00:17:18.366  1933  1933 I LCMANDR : SWR_OOB_HV_MF_009|FUN=LifeCycleManagerService::getDAIPID|DAIMLER APP(com.daimler.rse.ntg6) PID is [ 1519 ]
01-01 00:17:18.366  1933  1933 I LCMANDR : SWR_OOB_HV_MF_009|FUN=LifeCycleManagerService::getDAIAPPStatus|Aliveness::SAME PID! DAIAPP is not restarted
01-01 00:17:18.366  1933  1933 W LCMANDR : SWR_OOB_HV_MF_009|FUN=LifeCycleManagerService::getDAIAppAlivenessStatus|Aliveness::Status to send id : ALIVE
01-01 00:17:18.366  1933  1933 D LCMANDR : SWR_OOB_HV_MF_005|FUN=LifeCycleManagerService::sendPacketToLnx|data = [B@f8b9e6f
01-01 00:17:18.366  1933  1933 D LCMANDR : SWR_OOB_HV_MF_009|FUN=LifeCycleManagerService::postAppsStatusInfo|Setting AppPacket info
01-01 00:17:18.366  1933  1933 I LCMANDR : SWR_OOB_HV_MF_009|FUN=AlivenessMonitoring::getRunningApps| packet sent
01-01 00:17:18.366  1933  1956 D LCMANDR : SWR_OOB_HV_MF_010|FUN=LifeCycleManagerService::RseNodeStateManagement|SEND_IGC_CB
01-01 00:17:18.366  1933  1956 I LCMANDR : SWR_OOB_HV_MF_005|FUN=LifeCycleManagerService::igcsendData|Call hit in RSENodeStateManagement::igcsendData
01-01 00:17:18.366  1933  1956 I LCMANDR : SWR_OOB_HV_MF_005|FUN=LifeCycleManagerService::igcsendData|SEND DATA LEN is : 15
01-01 00:17:18.366  1933  1956 I LCMANDR : SWR_OOB_HV_MF_007|FUN=LifeCycleManagerService::sendPacketFromIntentService|Package to send : [ 65, 0, 0, 0, 9, 0, 2, 0, 1, 0, 5, 65, 65, 0, 0, ]
01-01 00:17:18.367  1933  1956 I IGC     :  IGC::sendData ==> [ 65, 0, 0, 0, 9, 0, 2, 0, 1, 0, 5, 65, 65, 0, 0,  ]
01-01 00:17:18.367  1933  1956 I IGC     :  Igc::sendData data size is :: 15
01-01 00:17:18.367  1933  1956 D         : Enqueue: sem count = 1
01-01 00:17:18.367  1933  1956 I LCMANDR : SWR_OOB_HV_MF_007|FUN=LifeCycleManagerService::sendPacketFromIntentService|Sending Data to Linux is successful( [65, 0, 0, 0, 9, 0, 2, 0, 1, 0, 5, 65, 65, 0, 0] )
01-01 00:17:18.367  1933  1956 I LCMANDR : SWR_OOB_HV_MF_005|FUN=LifeCycleManagerService::igcsendData| DATA SEND SUCCESSFULLY 
01-01 00:17:18.372   635   635 E ANDR-PERF-TARGET: Error: Invalid logical cluster id 0
01-01 00:17:18.372   635   635 E ANDR-PERF-MPCTL: invalid request, no optimizations performed
01-01 00:17:18.388   635   635 E ANDR-PERF-TARGET: Error: Invalid logical cluster id 0
01-01 00:17:18.389   635   635 E ANDR-PERF-MPCTL: invalid request, no optimizations performed
01-01 00:17:18.405   635   635 E ANDR-PERF-TARGET: Error: Invalid logical cluster id 0
01-01 00:17:18.405   635   635 E ANDR-PERF-MPCTL: invalid request, no optimizations performed
01-01 00:17:18.422   635   635 E ANDR-PERF-TARGET: Error: Invalid logical cluster id 0
01-01 00:17:18.422   635   635 E ANDR-PERF-MPCTL: invalid request, no optimizations performed
01-01 00:17:18.439   635   635 E ANDR-PERF-TARGET: Error: Invalid logical cluster id 0
01-01 00:17:18.439   635   635 E ANDR-PERF-MPCTL: invalid request, no optimizations performed
01-01 00:17:18.455   635   635 E ANDR-PERF-TARGET: Error: Invalid logical cluster id 0
01-01 00:17:18.455   635   635 E ANDR-PERF-MPCTL: invalid request, no optimizations performed
01-01 00:17:18.472   635   635 E ANDR-PERF-TARGET: Error: Invalid logical cluster id 0
01-01 00:17:18.472   635   635 E ANDR-PERF-MPCTL: invalid request, no optimizations performed
01-01 00:17:18.481   729   748 I sssv-lib: sendMsg enter
01-01 00:17:18.481   729   748 I sssv-lib: sendMsg complete.
01-01 00:17:18.489   635   635 E ANDR-PERF-TARGET: Error: Invalid logical cluster id 0
01-01 00:17:18.489   635   635 E ANDR-PERF-MPCTL: invalid request, no optimizations performed
01-01 00:17:18.505   635   635 E ANDR-PERF-TARGET: Error: Invalid logical cluster id 0
01-01 00:17:18.506   635   635 E ANDR-PERF-MPCTL: invalid request, no optimizations performed
01-01 00:17:18.522   635   635 E ANDR-PERF-TARGET: Error: Invalid logical cluster id 0
01-01 00:17:18.522   635   635 E ANDR-PERF-MPCTL: invalid request, no optimizations performed
01-01 00:17:18.539   635   635 E ANDR-PERF-TARGET: Error: Invalid logical cluster id 0
01-01 00:17:18.539   635   635 E ANDR-PERF-MPCTL: invalid request, no optimizations performed
01-01 00:17:18.556   635   635 E ANDR-PERF-TARGET: Error: Invalid logical cluster id 0
01-01 00:17:18.556   635   635 E ANDR-PERF-MPCTL: invalid request, no optimizations performed
01-01 00:17:18.572   635   635 E ANDR-PERF-TARGET: Error: Invalid logical cluster id 0
01-01 00:17:18.572   635   635 E ANDR-PERF-MPCTL: invalid request, no optimizations performed
01-01 00:17:18.589   635   635 E ANDR-PERF-TARGET: Error: Invalid logical cluster id 0
01-01 00:17:18.589   635   635 E ANDR-PERF-MPCTL: invalid request, no optimizations performed
01-01 00:17:18.606   635   635 E ANDR-PERF-TARGET: Error: Invalid logical cluster id 0
01-01 00:17:18.606   635   635 E ANDR-PERF-MPCTL: invalid request, no optimizations performed
01-01 00:17:18.622   635   635 E ANDR-PERF-TARGET: Error: Invalid logical cluster id 0
01-01 00:17:18.622   635   635 E ANDR-PERF-MPCTL: invalid request, no optimizations performed
01-01 00:17:18.639   635   635 E ANDR-PERF-TARGET: Error: Invalid logical cluster id 0
01-01 00:17:18.639   635   635 E ANDR-PERF-MPCTL: invalid request, no optimizations performed
01-01 00:17:18.656   635   635 E ANDR-PERF-TARGET: Error: Invalid logical cluster id 0
01-01 00:17:18.656   635   635 E ANDR-PERF-MPCTL: invalid request, no optimizations performed
01-01 00:17:18.670     1   452 I init    : Uptime: 01034.807487 LocalTime: 01-01 00:17:18.670
01-01 00:17:18.672   635   635 E ANDR-PERF-TARGET: Error: Invalid logical cluster id 0
01-01 00:17:18.673   635   635 E ANDR-PERF-MPCTL: invalid request, no optimizations performed
01-01 00:17:18.689   635   635 E ANDR-PERF-TARGET: Error: Invalid logical cluster id 0
01-01 00:17:18.689   635   635 E ANDR-PERF-MPCTL: invalid request, no optimizations performed
01-01 00:17:18.706   635   635 E ANDR-PERF-TARGET: Error: Invalid logical cluster id 0
01-01 00:17:18.706   635   635 E ANDR-PERF-MPCTL: invalid request, no optimizations performed
01-01 00:17:18.723   635   635 E ANDR-PERF-TARGET: Error: Invalid logical cluster id 0
01-01 00:17:18.723   635   635 E ANDR-PERF-MPCTL: invalid request, no optimizations performed
01-01 00:17:18.739   635   635 E ANDR-PERF-TARGET: Error: Invalid logical cluster id 0
01-01 00:17:18.739   635   635 E ANDR-PERF-MPCTL: invalid request, no optimizations performed
01-01 00:17:18.756   635   635 E ANDR-PERF-TARGET: Error: Invalid logical cluster id 0
01-01 00:17:18.756   635   635 E ANDR-PERF-MPCTL: invalid request, no optimizations performed
01-01 00:17:18.773   635   635 E ANDR-PERF-TARGET: Error: Invalid logical cluster id 0
01-01 00:17:18.773   635   635 E ANDR-PERF-MPCTL: invalid request, no optimizations performed
01-01 00:17:18.789   635   635 E ANDR-PERF-TARGET: Error: Invalid logical cluster id 0
01-01 00:17:18.790   635   635 E ANDR-PERF-MPCTL: invalid request, no optimizations performed
01-01 00:17:18.806   635   635 E ANDR-PERF-TARGET: Error: Invalid logical cluster id 0
01-01 00:17:18.806   635   635 E ANDR-PERF-MPCTL: invalid request, no optimizations performed
01-01 00:17:18.823   635   635 E ANDR-PERF-TARGET: Error: Invalid logical cluster id 0
01-01 00:17:18.823   635   635 E ANDR-PERF-MPCTL: invalid request, no optimizations performed
01-01 00:17:18.839   635   635 E ANDR-PERF-TARGET: Error: Invalid logical cluster id 0
01-01 00:17:18.840   635   635 E ANDR-PERF-MPCTL: invalid request, no optimizations performed
01-01 00:17:18.848  3675  7633 I QueryController: Matched selector: UiSelector[SCROLLABLE=true] <<==>> [android.view.accessibility.AccessibilityNodeInfo@f35533; boundsInParent: Rect(0, 0 - 1332, 889); boundsInScreen: Rect(305, 172 - 1637, 1061); packageName: com.panasonic.hmi2settings; className: android.widget.ScrollView; text: null; error: null; maxTextLength: -1; contentDescription: null; viewIdResName: com.panasonic.hmi2settings:id/scrollWifi; checkable: false; checked: false; focusable: true; focused: false; selected: false; clickable: false; longClickable: false; contextClickable: false; enabled: true; password: false; scrollable: true; importantForAccessibility: true; actions: [AccessibilityAction: ACTION_FOCUS - null, AccessibilityAction: ACTION_SELECT - null, AccessibilityAction: ACTION_CLEAR_SELECTION - null, AccessibilityAction: ACTION_ACCESSIBILITY_FOCUS - null, AccessibilityAction: ACTION_SCROLL_FORWARD - null, AccessibilityAction: ACTION_SHOW_ON_SCREEN - null]]
01-01 00:17:18.848  3675  7633 D UiScrollable: scrollToBegining() using vertical scroll
01-01 00:17:18.848  3675  7633 D InteractionController: scrollSwipe (971, 260, 971, 973, 55)
01-01 00:17:18.856   635   635 E ANDR-PERF-TARGET: Error: Invalid logical cluster id 0
01-01 00:17:18.856   635   635 E ANDR-PERF-MPCTL: invalid request, no optimizations performed
01-01 00:17:18.873   635   635 E ANDR-PERF-TARGET: Error: Invalid logical cluster id 0
01-01 00:17:18.873   635   635 E ANDR-PERF-MPCTL: invalid request, no optimizations performed
01-01 00:17:18.890   635   635 E ANDR-PERF-TARGET: Error: Invalid logical cluster id 0
01-01 00:17:18.890   635   635 E ANDR-PERF-MPCTL: invalid request, no optimizations performed
01-01 00:17:18.906   635   635 E ANDR-PERF-TARGET: Error: Invalid logical cluster id 0
01-01 00:17:18.907   635   635 E ANDR-PERF-MPCTL: invalid request, no optimizations performed
01-01 00:17:18.923   635   635 E ANDR-PERF-TARGET: Error: Invalid logical cluster id 0
01-01 00:17:18.923   635   635 E ANDR-PERF-MPCTL: invalid request, no optimizations performed
01-01 00:17:18.940   635   635 E ANDR-PERF-TARGET: Error: Invalid logical cluster id 0
01-01 00:17:18.940   635   635 E ANDR-PERF-MPCTL: invalid request, no optimizations performed
01-01 00:17:18.956   635   635 E ANDR-PERF-TARGET: Error: Invalid logical cluster id 0
01-01 00:17:18.957   635   635 E ANDR-PERF-MPCTL: invalid request, no optimizations performed
01-01 00:17:18.973   635   635 E ANDR-PERF-TARGET: Error: Invalid logical cluster id 0
01-01 00:17:18.973   635   635 E ANDR-PERF-MPCTL: invalid request, no optimizations performed
01-01 00:17:18.990   635   635 E ANDR-PERF-TARGET: Error: Invalid logical cluster id 0
01-01 00:17:18.990   635   635 E ANDR-PERF-MPCTL: invalid request, no optimizations performed
01-01 00:17:19.007   635   635 E ANDR-PERF-TARGET: Error: Invalid logical cluster id 0
01-01 00:17:19.007   635   635 E ANDR-PERF-MPCTL: invalid request, no optimizations performed
01-01 00:17:19.023   635   635 E ANDR-PERF-TARGET: Error: Invalid logical cluster id 0
01-01 00:17:19.023   635   635 E ANDR-PERF-MPCTL: invalid request, no optimizations performed
01-01 00:17:19.040   635   635 E ANDR-PERF-TARGET: Error: Invalid logical cluster id 0
01-01 00:17:19.040   635   635 E ANDR-PERF-MPCTL: invalid request, no optimizations performed
01-01 00:17:19.057   635   635 E ANDR-PERF-TARGET: Error: Invalid logical cluster id 0
01-01 00:17:19.057   635   635 E ANDR-PERF-MPCTL: invalid request, no optimizations performed
01-01 00:17:19.073   635   635 E ANDR-PERF-TARGET: Error: Invalid logical cluster id 0
01-01 00:17:19.074   635   635 E ANDR-PERF-MPCTL: invalid request, no optimizations performed
01-01 00:17:19.090   635   635 E ANDR-PERF-TARGET: Error: Invalid logical cluster id 0
01-01 00:17:19.090   635   635 E ANDR-PERF-MPCTL: invalid request, no optimizations performed
01-01 00:17:19.107   635   635 E ANDR-PERF-TARGET: Error: Invalid logical cluster id 0
01-01 00:17:19.107   635   635 E ANDR-PERF-MPCTL: invalid request, no optimizations performed
01-01 00:17:19.124   635   635 E ANDR-PERF-TARGET: Error: Invalid logical cluster id 0
01-01 00:17:19.124   635   635 E ANDR-PERF-MPCTL: invalid request, no optimizations performed
01-01 00:17:19.140   635   635 E ANDR-PERF-TARGET: Error: Invalid logical cluster id 0
01-01 00:17:19.140   635   635 E ANDR-PERF-MPCTL: invalid request, no optimizations performed
01-01 00:17:19.157   635   635 E ANDR-PERF-TARGET: Error: Invalid logical cluster id 0
01-01 00:17:19.157   635   635 E ANDR-PERF-MPCTL: invalid request, no optimizations performed
01-01 00:17:19.174   635   635 E ANDR-PERF-TARGET: Error: Invalid logical cluster id 0
01-01 00:17:19.174   635   635 E ANDR-PERF-MPCTL: invalid request, no optimizations performed
01-01 00:17:19.190   635   635 E ANDR-PERF-TARGET: Error: Invalid logical cluster id 0
01-01 00:17:19.190   635   635 E ANDR-PERF-MPCTL: invalid request, no optimizations performed
01-01 00:17:19.207   635   635 E ANDR-PERF-TARGET: Error: Invalid logical cluster id 0
01-01 00:17:19.207   635   635 E ANDR-PERF-MPCTL: invalid request, no optimizations performed
01-01 00:17:19.224   635   635 E ANDR-PERF-TARGET: Error: Invalid logical cluster id 0
01-01 00:17:19.224   635   635 E ANDR-PERF-MPCTL: invalid request, no optimizations performed
01-01 00:17:19.240   635   635 E ANDR-PERF-TARGET: Error: Invalid logical cluster id 0
01-01 00:17:19.241   635   635 E ANDR-PERF-MPCTL: invalid request, no optimizations performed
01-01 00:17:19.257   635   635 E ANDR-PERF-TARGET: Error: Invalid logical cluster id 0
01-01 00:17:19.257   635   635 E ANDR-PERF-MPCTL: invalid request, no optimizations performed
01-01 00:17:19.274   635   635 E ANDR-PERF-TARGET: Error: Invalid logical cluster id 0
01-01 00:17:19.274   635   635 E ANDR-PERF-MPCTL: invalid request, no optimizations performed
01-01 00:17:19.291   635   635 E ANDR-PERF-TARGET: Error: Invalid logical cluster id 0
01-01 00:17:19.291   635   635 E ANDR-PERF-MPCTL: invalid request, no optimizations performed
01-01 00:17:19.307   635   635 E ANDR-PERF-TARGET: Error: Invalid logical cluster id 0
01-01 00:17:19.307   635   635 E ANDR-PERF-MPCTL: invalid request, no optimizations performed
01-01 00:17:19.324   635   635 E ANDR-PERF-TARGET: Error: Invalid logical cluster id 0
01-01 00:17:19.324   635   635 E ANDR-PERF-MPCTL: invalid request, no optimizations performed
01-01 00:17:19.341   635   635 E ANDR-PERF-TARGET: Error: Invalid logical cluster id 0
01-01 00:17:19.341   635   635 E ANDR-PERF-MPCTL: invalid request, no optimizations performed
01-01 00:17:19.357   635   635 E ANDR-PERF-TARGET: Error: Invalid logical cluster id 0
01-01 00:17:19.357   635   635 E ANDR-PERF-MPCTL: invalid request, no optimizations performed
01-01 00:17:19.374   635   635 E ANDR-PERF-TARGET: Error: Invalid logical cluster id 0
01-01 00:17:19.374   635   635 E ANDR-PERF-MPCTL: invalid request, no optimizations performed
01-01 00:17:19.384  1151  2264 I WifiService: startScan uid=1000
01-01 00:17:19.391   635   635 E ANDR-PERF-TARGET: Error: Invalid logical cluster id 0
01-01 00:17:19.391   635   635 E ANDR-PERF-MPCTL: invalid request, no optimizations performed
01-01 00:17:19.408   635   635 E ANDR-PERF-TARGET: Error: Invalid logical cluster id 0
01-01 00:17:19.408   635   635 E ANDR-PERF-MPCTL: invalid request, no optimizations performed
01-01 00:17:19.424   635   635 E ANDR-PERF-TARGET: Error: Invalid logical cluster id 0
01-01 00:17:19.424   635   635 E ANDR-PERF-MPCTL: invalid request, no optimizations performed
01-01 00:17:19.441   635   635 E ANDR-PERF-TARGET: Error: Invalid logical cluster id 0
01-01 00:17:19.441   635   635 E ANDR-PERF-MPCTL: invalid request, no optimizations performed
01-01 00:17:19.458   635   635 E ANDR-PERF-TARGET: Error: Invalid logical cluster id 0
01-01 00:17:19.458   635   635 E ANDR-PERF-MPCTL: invalid request, no optimizations performed
01-01 00:17:19.474   635   635 E ANDR-PERF-TARGET: Error: Invalid logical cluster id 0
01-01 00:17:19.474   635   635 E ANDR-PERF-MPCTL: invalid request, no optimizations performed
01-01 00:17:19.482   729   748 I sssv-lib: sendMsg enter
01-01 00:17:19.482   729   748 I sssv-lib: sendMsg complete.
01-01 00:17:19.491   635   635 E ANDR-PERF-TARGET: Error: Invalid logical cluster id 0
01-01 00:17:19.491   635   635 E ANDR-PERF-MPCTL: invalid request, no optimizations performed
01-01 00:17:19.508   635   635 E ANDR-PERF-TARGET: Error: Invalid logical cluster id 0
01-01 00:17:19.508   635   635 E ANDR-PERF-MPCTL: invalid request, no optimizations performed
01-01 00:17:19.524   635   635 E ANDR-PERF-TARGET: Error: Invalid logical cluster id 0
01-01 00:17:19.525   635   635 E ANDR-PERF-MPCTL: invalid request, no optimizations performed
01-01 00:17:19.541   635   635 E ANDR-PERF-TARGET: Error: Invalid logical cluster id 0
01-01 00:17:19.541   635   635 E ANDR-PERF-MPCTL: invalid request, no optimizations performed
01-01 00:17:19.558   635   635 E ANDR-PERF-TARGET: Error: Invalid logical cluster id 0
01-01 00:17:19.558   635   635 E ANDR-PERF-MPCTL: invalid request, no optimizations performed
01-01 00:17:19.575   635   635 E ANDR-PERF-TARGET: Error: Invalid logical cluster id 0
01-01 00:17:19.575   635   635 E ANDR-PERF-MPCTL: invalid request, no optimizations performed
01-01 00:17:19.591   635   635 E ANDR-PERF-TARGET: Error: Invalid logical cluster id 0
01-01 00:17:19.591   635   635 E ANDR-PERF-MPCTL: invalid request, no optimizations performed
01-01 00:17:19.608   635   635 E ANDR-PERF-TARGET: Error: Invalid logical cluster id 0
01-01 00:17:19.608   635   635 E ANDR-PERF-MPCTL: invalid request, no optimizations performed
01-01 00:17:19.625   635   635 E ANDR-PERF-TARGET: Error: Invalid logical cluster id 0
01-01 00:17:19.625   635   635 E ANDR-PERF-MPCTL: invalid request, no optimizations performed
01-01 00:17:19.641   635   635 E ANDR-PERF-TARGET: Error: Invalid logical cluster id 0
01-01 00:17:19.641   635   635 E ANDR-PERF-MPCTL: invalid request, no optimizations performed
01-01 00:17:19.658   635   635 E ANDR-PERF-TARGET: Error: Invalid logical cluster id 0
01-01 00:17:19.658   635   635 E ANDR-PERF-MPCTL: invalid request, no optimizations performed
01-01 00:17:19.675   635   635 E ANDR-PERF-TARGET: Error: Invalid logical cluster id 0
01-01 00:17:19.675   635   635 E ANDR-PERF-MPCTL: invalid request, no optimizations performed
01-01 00:17:19.692   635   635 E ANDR-PERF-TARGET: Error: Invalid logical cluster id 0
01-01 00:17:19.692   635   635 E ANDR-PERF-MPCTL: invalid request, no optimizations performed
01-01 00:17:19.708   635   635 E ANDR-PERF-TARGET: Error: Invalid logical cluster id 0
01-01 00:17:19.708   635   635 E ANDR-PERF-MPCTL: invalid request, no optimizations performed
01-01 00:17:19.725   635   635 E ANDR-PERF-TARGET: Error: Invalid logical cluster id 0
01-01 00:17:19.725   635   635 E ANDR-PERF-MPCTL: invalid request, no optimizations performed
01-01 00:17:19.742   635   635 E ANDR-PERF-TARGET: Error: Invalid logical cluster id 0
01-01 00:17:19.742   635   635 E ANDR-PERF-MPCTL: invalid request, no optimizations performed
01-01 00:17:19.758   635   635 E ANDR-PERF-TARGET: Error: Invalid logical cluster id 0
01-01 00:17:19.758   635   635 E ANDR-PERF-MPCTL: invalid request, no optimizations performed
01-01 00:17:19.759   635   635 E ANDR-PERF-TARGET: Error: Invalid logical cluster id 0
01-01 00:17:19.759   635   635 E ANDR-PERF-MPCTL: invalid request, no optimizations performed
01-01 00:17:19.775   635   635 E ANDR-PERF-TARGET: Error: Invalid logical cluster id 0
01-01 00:17:19.775   635   635 E ANDR-PERF-MPCTL: invalid request, no optimizations performed
01-01 00:17:19.792   635   635 E ANDR-PERF-TARGET: Error: Invalid logical cluster id 0
01-01 00:17:19.792   635   635 E ANDR-PERF-MPCTL: invalid request, no optimizations performed
01-01 00:17:19.808   635   635 E ANDR-PERF-TARGET: Error: Invalid logical cluster id 0
01-01 00:17:19.809   635   635 E ANDR-PERF-MPCTL: invalid request, no optimizations performed
01-01 00:17:19.825   635   635 E ANDR-PERF-TARGET: Error: Invalid logical cluster id 0
01-01 00:17:19.825   635   635 E ANDR-PERF-MPCTL: invalid request, no optimizations performed
01-01 00:17:19.842   635   635 E ANDR-PERF-TARGET: Error: Invalid logical cluster id 0
01-01 00:17:19.842   635   635 E ANDR-PERF-MPCTL: invalid request, no optimizations performed
01-01 00:17:19.859   635   635 E ANDR-PERF-TARGET: Error: Invalid logical cluster id 0
01-01 00:17:19.859   635   635 E ANDR-PERF-MPCTL: invalid request, no optimizations performed
01-01 00:17:19.859  2054  2054 E         : 
01-01 00:17:19.859  2054  2054 E         : Buffer Size = 1048576
01-01 00:17:19.875   635   635 E ANDR-PERF-TARGET: Error: Invalid logical cluster id 0
01-01 00:17:19.875   635   635 E ANDR-PERF-MPCTL: invalid request, no optimizations performed
01-01 00:17:19.884  2054  2054 E         : 
01-01 00:17:19.884  2054  2054 E         : <6>[  704.993784] QSEECOM: scm_call_qcpe:503 : OUT: 0x0, 0x1, 0x0, 0x0
01-01 00:17:19.884  2054  2054 E         : <6>[  705.009990] QSEECOM: scm_call_qcpe:429 : IN: 0x42000d0a, 0x3, 0x0, 0x4476, 0x7b8, 0x0, 0x0
01-01 00:17:19.884  2054  2054 E         : <6>[  705.011903] QSEECOM: scm_call_qcpe:503 : OUT: 0x0, 0x0, 0x0, 0x0
01-01 00:17:19.884  2054  2054 E         : <6>[  705.025735] QSEECOM: scm_call_qcpe:429 : IN: 0x42000d0a, 0x3, 0x0, 0x3d7f, 0x7af, 0x0, 0x0
01-01 00:17:19.884  2054  2054 E         : <6>[  705.027056] QSEECOM: scm_call_qcpe:503 : OUT: 0x0, 0x0, 0x0, 0x0
01-01 00:17:19.884  2054  2054 E         : <6>[  705.043854] QSEECOM: scm_call_qcpe:429 : IN: 0x42000d0a, 0x3, 0x0, 0x46c6, 0x7c2, 0x0, 0x0
01-01 00:17:19.884  2054  2054 E         : <6>[  705.045663] QSEECOM: scm_call_qcpe:503 : OUT: 0x0, 0x0, 0x0, 0x0
01-01 00:17:19.884  2054  2054 E         : <6>[  705.059305] QSEECOM: scm_call_qcpe:429 : IN: 0x42000d0a, 0x3, 0x0, 0x3c5b, 0x7b8, 0x0, 0x0
01-01 00:17:19.884  2054  2054 E         : <6>[  705.060607] QSEECOM: scm_call_qcpe:503 : OUT: 0x0, 0x0, 0x0, 0x0
01-01 00:17:19.884  2054  2054 E         : <6>[  705.075954] QSEECOM: scm_call_qcpe:429 : IN: 0x42000d0a, 0x3, 0x0, 0x4109, 0x7c2, 0x0, 0x0
01-01 00:17:19.884  2054  2054 E         : <6>[  705.077168] QSEECOM: scm_call_qcpe:503 : OUT: 0x0, 0x1, 0x0, 0x0
01-01 00:17:19.884  2054  2054 E         : <6>[  705.093728] QSEECOM: scm_call_qcpe:429 : IN: 0x42000d0a, 0x3, 0x0, 0x456e, 0x81c, 0x0, 0x0
01-01 00:17:19.884  2054  2054 E         : <6>[  705.0951
01-01 00:17:19.888  2054  2054 E         : USB Hub Detector 1.0
01-01 00:17:19.892   635   635 E ANDR-PERF-TARGET: Error: Invalid logical cluster id 0
01-01 00:17:19.892   635   635 E ANDR-PERF-MPCTL: invalid request, no optimizations performed
01-01 00:17:19.908   635   635 E ANDR-PERF-TARGET: Error: Invalid logical cluster id 0
01-01 00:17:19.908   635   635 E ANDR-PERF-MPCTL: invalid request, no optimizations performed
01-01 00:17:19.925   635   635 E ANDR-PERF-TARGET: Error: Invalid logical cluster id 0
01-01 00:17:19.925   635   635 E ANDR-PERF-MPCTL: invalid request, no optimizations performed
01-01 00:17:19.942   635   635 E ANDR-PERF-TARGET: Error: Invalid logical cluster id 0
01-01 00:17:19.942   635   635 E ANDR-PERF-MPCTL: invalid request, no optimizations performed
01-01 00:17:19.953  3675  7633 W InteractionController: runAndwaitForEvents timed out waiting for events
01-01 00:17:19.958   635   635 E ANDR-PERF-TARGET: Error: Invalid logical cluster id 0
01-01 00:17:19.959   635   635 E ANDR-PERF-MPCTL: invalid request, no optimizations performed
01-01 00:17:19.965  3675  7633 I QueryController: Matched selector: UiSelector[SCROLLABLE=true, CHILD=UiSelector[TEXT=RSE_Test]] <<==>> [android.view.accessibility.AccessibilityNodeInfo@f6bc1b; boundsInParent: Rect(0, 0 - 943, 77); boundsInScreen: Rect(354, 352 - 1296, 429); packageName: com.panasonic.hmi2settings; className: android.widget.TextView; text: RSE_Test; error: null; maxTextLength: -1; contentDescription: null; viewIdResName: com.panasonic.hmi2settings:id/wifiName; checkable: false; checked: false; focusable: false; focused: false; selected: false; clickable: false; longClickable: false; contextClickable: false; enabled: true; password: false; scrollable: false; importantForAccessibility: true; actions: [AccessibilityAction: ACTION_SELECT - null, AccessibilityAction: ACTION_CLEAR_SELECTION - null, AccessibilityAction: ACTION_ACCESSIBILITY_FOCUS - null, AccessibilityAction: ACTION_NEXT_AT_MOVEMENT_GRANULARITY - null, AccessibilityAction: ACTION_PREVIOUS_AT_MOVEMENT_GRANULARITY - null, AccessibilityAction: ACTION_SET_SELECTION - null, AccessibilityAction: ACTION_SHOW_ON_SCREEN - null]]
01-01 00:17:19.975   635   635 E ANDR-PERF-TARGET: Error: Invalid logical cluster id 0
01-01 00:17:19.975   635   635 E ANDR-PERF-MPCTL: invalid request, no optimizations performed
01-01 00:17:19.992   635   635 E ANDR-PERF-TARGET: Error: Invalid logical cluster id 0
01-01 00:17:19.992   635   635 E ANDR-PERF-MPCTL: invalid request, no optimizations performed
01-01 00:17:20.008   635   635 E ANDR-PERF-TARGET: Error: Invalid logical cluster id 0
01-01 00:17:20.009   635   635 E ANDR-PERF-MPCTL: invalid request, no optimizations performed
01-01 00:17:20.025   635   635 E ANDR-PERF-TARGET: Error: Invalid logical cluster id 0
01-01 00:17:20.025   635   635 E ANDR-PERF-MPCTL: invalid request, no optimizations performed
01-01 00:17:20.042   635   635 E ANDR-PERF-TARGET: Error: Invalid logical cluster id 0
01-01 00:17:20.042   635   635 E ANDR-PERF-MPCTL: invalid request, no optimizations performed
01-01 00:17:20.058   635   635 E ANDR-PERF-TARGET: Error: Invalid logical cluster id 0
01-01 00:17:20.059   635   635 E ANDR-PERF-MPCTL: invalid request, no optimizations performed
01-01 00:17:20.075   635   635 E ANDR-PERF-TARGET: Error: Invalid logical cluster id 0
01-01 00:17:20.075   635   635 E ANDR-PERF-MPCTL: invalid request, no optimizations performed
01-01 00:17:20.092   635   635 E ANDR-PERF-TARGET: Error: Invalid logical cluster id 0
01-01 00:17:20.092   635   635 E ANDR-PERF-MPCTL: invalid request, no optimizations performed
01-01 00:17:20.109   635   635 E ANDR-PERF-TARGET: Error: Invalid logical cluster id 0
01-01 00:17:20.109   635   635 E ANDR-PERF-MPCTL: invalid request, no optimizations performed
01-01 00:17:20.125   635   635 E ANDR-PERF-TARGET: Error: Invalid logical cluster id 0
01-01 00:17:20.125   635   635 E ANDR-PERF-MPCTL: invalid request, no optimizations performed
01-01 00:17:20.142   635   635 E ANDR-PERF-TARGET: Error: Invalid logical cluster id 0
01-01 00:17:20.142   635   635 E ANDR-PERF-MPCTL: invalid request, no optimizations performed
01-01 00:17:20.159   635   635 E ANDR-PERF-TARGET: Error: Invalid logical cluster id 0
01-01 00:17:20.159   635   635 E ANDR-PERF-MPCTL: invalid request, no optimizations performed
01-01 00:17:20.175   635   635 E ANDR-PERF-TARGET: Error: Invalid logical cluster id 0
01-01 00:17:20.175   635   635 E ANDR-PERF-MPCTL: invalid request, no optimizations performed
01-01 00:17:20.192   635   635 E ANDR-PERF-TARGET: Error: Invalid logical cluster id 0
01-01 00:17:20.192   635   635 E ANDR-PERF-MPCTL: invalid request, no optimizations performed
01-01 00:17:20.209   635   635 E ANDR-PERF-TARGET: Error: Invalid logical cluster id 0
01-01 00:17:20.209   635   635 E ANDR-PERF-MPCTL: invalid request, no optimizations performed
01-01 00:17:20.225   635   635 E ANDR-PERF-TARGET: Error: Invalid logical cluster id 0
01-01 00:17:20.226   635   635 E ANDR-PERF-MPCTL: invalid request, no optimizations performed
01-01 00:17:20.242   635   635 E ANDR-PERF-TARGET: Error: Invalid logical cluster id 0
01-01 00:17:20.242   635   635 E ANDR-PERF-MPCTL: invalid request, no optimizations performed
01-01 00:17:20.259   635   635 E ANDR-PERF-TARGET: Error: Invalid logical cluster id 0
01-01 00:17:20.259   635   635 E ANDR-PERF-MPCTL: invalid request, no optimizations performed
01-01 00:17:20.276   635   635 E ANDR-PERF-TARGET: Error: Invalid logical cluster id 0
01-01 00:17:20.276   635   635 E ANDR-PERF-MPCTL: invalid request, no optimizations performed
01-01 00:17:20.292   635   635 E ANDR-PERF-TARGET: Error: Invalid logical cluster id 0
01-01 00:17:20.292   635   635 E ANDR-PERF-MPCTL: invalid request, no optimizations performed
01-01 00:17:20.298  2752  7640 D UEStatPoster: statistic key: 016501
01-01 00:17:20.298  2752  7640 D UEStatPoster: :{"016501":["1040298"]}
01-01 00:17:20.298  2752  7640 D BaseStatisticsManager: addStatisticsLog:type=useraction_appsearch_tablet:values=[{"016501":["1040298"]}]
01-01 00:17:20.299  2752  7640 D BaseStatisticsManager: addStatisticsLog:mIsUploadEnabled=true
01-01 00:17:20.309   635   635 E ANDR-PERF-TARGET: Error: Invalid logical cluster id 0
01-01 00:17:20.309   635   635 E ANDR-PERF-MPCTL: invalid request, no optimizations performed
01-01 00:17:20.326   635   635 E ANDR-PERF-TARGET: Error: Invalid logical cluster id 0
01-01 00:17:20.326   635   635 E ANDR-PERF-MPCTL: invalid request, no optimizations performed
01-01 00:17:20.343   635   635 E ANDR-PERF-TARGET: Error: Invalid logical cluster id 0
01-01 00:17:20.343   635   635 E ANDR-PERF-MPCTL: invalid request, no optimizations performed
01-01 00:17:20.359   635   635 E ANDR-PERF-TARGET: Error: Invalid logical cluster id 0
01-01 00:17:20.359   635   635 E ANDR-PERF-MPCTL: invalid request, no optimizations performed
01-01 00:17:20.376   635   635 E ANDR-PERF-TARGET: Error: Invalid logical cluster id 0
01-01 00:17:20.376   635   635 E ANDR-PERF-MPCTL: invalid request, no optimizations performed
01-01 00:17:20.392  1933  1933 I LCMANDR : SWR_OOB_HV_MF_009|FUN=ResourceMonitoringService::movingMemoryAverage|2|Moving memory average :27.439331
01-01 00:17:20.392  1933  1933 W LCMANDR : SWR_OOB_HV_MF_009|FUN=ResourceMonitoringService::getCpuUsageStatistic|Moving MEM AVG :::::::::27.439331
01-01 00:17:20.394  1933  1933 W LCMANDR : SWR_OOB_HV_MF_009|FUN=ResourceMonitoringService::getCpuUsageStatistic|2|Total cpu usage :33.101048
01-01 00:17:20.394  1933  1933 I LCMANDR : SWR_OOB_HV_MF_009|FUN=ResourceMonitoringService::getCpuUsageStatistic|Cpu usage of core  0 is39.37282
01-01 00:17:20.394  1933  1933 I LCMANDR : SWR_OOB_HV_MF_009|FUN=ResourceMonitoringService::getCpuUsageStatistic|Cpu usage of core  1 is32.404182
01-01 00:17:20.394  1933  1933 I LCMANDR : SWR_OOB_HV_MF_009|FUN=ResourceMonitoringService::getCpuUsageStatistic|Cpu usage of core  2 is27.52613
01-01 00:17:20.394  1933  1933 I LCMANDR : ResourceMonitoringService::movingCpuAverage()
01-01 00:17:20.394  1933  1933 I LCMANDR : SWR_OOB_HV_MF_009|FUN=ResourceMonitoringService::movingCpuAverage|2|Moving window average of CPU 28.00481
01-01 00:17:20.394  1933  1933 I LCMANDR : SWR_OOB_HV_MF_009|FUN=ResourceMonitoringService::movingCpuAverage|2|Cpu moving average of core  0 is31.60313
01-01 00:17:20.394  1933  1933 I LCMANDR : SWR_OOB_HV_MF_009|FUN=ResourceMonitoringService::movingCpuAverage|2|Cpu moving average of core  1 is26.36562
01-01 00:17:20.394  1933  1933 I LCMANDR : SWR_OOB_HV_MF_009|FUN=ResourceMonitoringService::movingCpuAverage|2|Cpu moving average of core  2 is26.03838
01-01 00:17:20.394  1933  1933 D LCMANDR : SWR_OOB_HV_MF_009|FUN=ResourceMonitoringService::movingCpuAverage|2|Exiting VAL = 28.00481
01-01 00:17:20.484   729   748 I sssv-lib: sendMsg enter
01-01 00:17:20.484   729   748 I sssv-lib: sendMsg complete.
01-01 00:17:20.634  1151  1334 D StorageManager: DAI: getStorageFullBytes: fullBytes=5110414950
01-01 00:17:20.634  1151  1334 D StorageManager: DAI: getStorageLowBytes: lowBytes=6132497940
01-01 00:17:20.976  3675  7641 D UIAutomatorStub: URI: /jsonrpc/0, Method: POST, Header: {content-length=225, remote-addr=127.0.0.1, http-client-ip=127.0.0.1, host=localhost:9009, content-type=application/json, connection=close, accept-encoding=identity, user-agent=Python-urllib/2.7}, params, {NanoHttpd.QUERY_STRING=null}, files: {postData={"params": [{"childOrSiblingSelector": [], "resourceId": "com.panasonic.hmi2settings:id/tvConnectedWifi", "mask": 2097152, "childOrSibling": []}], "jsonrpc": "2.0", "method": "exist", "id": "82924e48d1740aa5a56eb4eba508dd9a"}}
01-01 00:17:21.027  3675  7642 D UIAutomatorStub: URI: /jsonrpc/0, Method: POST, Header: {content-length=194, remote-addr=127.0.0.1, http-client-ip=127.0.0.1, host=localhost:9009, content-type=application/json, connection=close, accept-encoding=identity, user-agent=Python-urllib/2.7}, params, {NanoHttpd.QUERY_STRING=null}, files: {postData={"params": [{"childOrSiblingSelector": [], "scrollable": true, "mask": 16384, "childOrSibling": []}, true], "jsonrpc": "2.0", "method": "flingBackward", "id": "8110557c70b12eb310aa16ec9eb94022"}}
01-01 00:17:21.028  3675  7642 D UiScrollable: scrollBackward() on selector = UiSelector[SCROLLABLE=true]
01-01 00:17:21.036  3675  7642 I QueryController: Matched selector: UiSelector[SCROLLABLE=true] <<==>> [android.view.accessibility.AccessibilityNodeInfo@f35533; boundsInParent: Rect(0, 0 - 1332, 889); boundsInScreen: Rect(305, 172 - 1637, 1061); packageName: com.panasonic.hmi2settings; className: android.widget.ScrollView; text: null; error: null; maxTextLength: -1; contentDescription: null; viewIdResName: com.panasonic.hmi2settings:id/scrollWifi; checkable: false; checked: false; focusable: true; focused: false; selected: false; clickable: false; longClickable: false; contextClickable: false; enabled: true; password: false; scrollable: true; importantForAccessibility: true; actions: [AccessibilityAction: ACTION_FOCUS - null, AccessibilityAction: ACTION_SELECT - null, AccessibilityAction: ACTION_CLEAR_SELECTION - null, AccessibilityAction: ACTION_ACCESSIBILITY_FOCUS - null, AccessibilityAction: ACTION_SCROLL_FORWARD - null, AccessibilityAction: ACTION_SHOW_ON_SCREEN - null]]
01-01 00:17:21.036  3675  7642 D UiScrollable: scrollToBegining() using vertical scroll
01-01 00:17:21.036  3675  7642 D InteractionController: scrollSwipe (971, 260, 971, 973, 5)
01-01 00:17:21.061   635   635 E ANDR-PERF-TARGET: Error: Invalid logical cluster id 0
01-01 00:17:21.061   635   635 E ANDR-PERF-MPCTL: invalid request, no optimizations performed
01-01 00:17:21.074  1933  1957 D LCMANDR : SWR_OOB_HV_MF_009|FUN=LifeCycleManagerService::LifeCycle_ReportCompStatus|GOT ALIVENESS SIGNAL FROM DAIAPP : [0]; HB Counter = [ 404 ]; STATUS INFO = [ 0 ]
01-01 00:17:21.074  1519  1964 I Connectivity_AIDL|AIDL_Handler.AIDL_Helpers.LcmHelper: MBUX App Method: KeepAliveTest |Line No: 408 |Log Type: Critical |Message: ChildThread:MBUX-App HB Count: 406, ResponseCode: 0
01-01 00:17:21.077   635   635 E ANDR-PERF-TARGET: Error: Invalid logical cluster id 0
01-01 00:17:21.078   635   635 E ANDR-PERF-MPCTL: invalid request, no optimizations performed
01-01 00:17:21.094   635   635 E ANDR-PERF-TARGET: Error: Invalid logical cluster id 0
01-01 00:17:21.094   635   635 E ANDR-PERF-MPCTL: invalid request, no optimizations performed
01-01 00:17:21.111   635   635 E ANDR-PERF-TARGET: Error: Invalid logical cluster id 0
01-01 00:17:21.111   635   635 E ANDR-PERF-MPCTL: invalid request, no optimizations performed
01-01 00:17:21.111   635   635 E ANDR-PERF-TARGET: Error: Invalid logical cluster id 0
01-01 00:17:21.111   635   635 E ANDR-PERF-MPCTL: invalid request, no optimizations performed
01-01 00:17:21.127   635   635 E ANDR-PERF-TARGET: Error: Invalid logical cluster id 0
01-01 00:17:21.128   635   635 E ANDR-PERF-MPCTL: invalid request, no optimizations performed
01-01 00:17:21.144   635   635 E ANDR-PERF-TARGET: Error: Invalid logical cluster id 0
01-01 00:17:21.144   635   635 E ANDR-PERF-MPCTL: invalid request, no optimizations performed
01-01 00:17:21.161   635   635 E ANDR-PERF-TARGET: Error: Invalid logical cluster id 0
01-01 00:17:21.161   635   635 E ANDR-PERF-MPCTL: invalid request, no optimizations performed
01-01 00:17:21.178   635   635 E ANDR-PERF-TARGET: Error: Invalid logical cluster id 0
01-01 00:17:21.178   635   635 E ANDR-PERF-MPCTL: invalid request, no optimizations performed
01-01 00:17:21.195   635   635 E ANDR-PERF-TARGET: Error: Invalid logical cluster id 0
01-01 00:17:21.195   635   635 E ANDR-PERF-MPCTL: invalid request, no optimizations performed
01-01 00:17:21.211   635   635 E ANDR-PERF-TARGET: Error: Invalid logical cluster id 0
01-01 00:17:21.211   635   635 E ANDR-PERF-MPCTL: invalid request, no optimizations performed
01-01 00:17:21.228   635   635 E ANDR-PERF-TARGET: Error: Invalid logical cluster id 0
01-01 00:17:21.228   635   635 E ANDR-PERF-MPCTL: invalid request, no optimizations performed
01-01 00:17:21.245   635   635 E ANDR-PERF-TARGET: Error: Invalid logical cluster id 0
01-01 00:17:21.245   635   635 E ANDR-PERF-MPCTL: invalid request, no optimizations performed
01-01 00:17:21.261   635   635 E ANDR-PERF-TARGET: Error: Invalid logical cluster id 0
01-01 00:17:21.261   635   635 E ANDR-PERF-MPCTL: invalid request, no optimizations performed
01-01 00:17:21.278   635   635 E ANDR-PERF-TARGET: Error: Invalid logical cluster id 0
01-01 00:17:21.278   635   635 E ANDR-PERF-MPCTL: invalid request, no optimizations performed
01-01 00:17:21.295   635   635 E ANDR-PERF-TARGET: Error: Invalid logical cluster id 0
01-01 00:17:21.295   635   635 E ANDR-PERF-MPCTL: invalid request, no optimizations performed
01-01 00:17:21.305  3675  7642 W InteractionController: runAndwaitForEvents timed out waiting for events
01-01 00:17:21.311   635   635 E ANDR-PERF-TARGET: Error: Invalid logical cluster id 0
01-01 00:17:21.312   635   635 E ANDR-PERF-MPCTL: invalid request, no optimizations performed
01-01 00:17:21.317  3675  7643 D UIAutomatorStub: URI: /jsonrpc/0, Method: POST, Header: {content-length=225, remote-addr=127.0.0.1, http-client-ip=127.0.0.1, host=localhost:9009, content-type=application/json, connection=close, accept-encoding=identity, user-agent=Python-urllib/2.7}, params, {NanoHttpd.QUERY_STRING=null}, files: {postData={"params": [{"childOrSiblingSelector": [], "resourceId": "com.panasonic.hmi2settings:id/tvConnectedWifi", "mask": 2097152, "childOrSibling": []}], "jsonrpc": "2.0", "method": "exist", "id": "c6aa58b26e043ae4ad9730c1e221f581"}}
01-01 00:17:21.328   635   635 E ANDR-PERF-TARGET: Error: Invalid logical cluster id 0
01-01 00:17:21.328   635   635 E ANDR-PERF-MPCTL: invalid request, no optimizations performed
01-01 00:17:21.345   635   635 E ANDR-PERF-TARGET: Error: Invalid logical cluster id 0
01-01 00:17:21.345   635   635 E ANDR-PERF-MPCTL: invalid request, no optimizations performed
