01-01 00:27:39.506  1151  1317 D ScanResultUtil: isScanResultForWapiPskNetwork: false
01-01 00:27:39.507  1151  1317 I chatty  : uid=1000(system) WifiStateMachin identical 7 lines
01-01 00:27:39.507  1151  1317 D ScanResultUtil: isScanResultForWapiPskNetwork: false
01-01 00:27:39.507  2145  2145 D HMI_SERVICE: USE_CASE_NA|FUN=HmiApplication| [action] android.net.wifi.SCAN_RESULTS
01-01 00:27:39.507  1151  1317 D ScanResultUtil: isScanResultForWapiPskNetwork: false
01-01 00:27:39.507  1151  1317 I chatty  : uid=1000(system) WifiStateMachin identical 8 lines
01-01 00:27:39.507  1151  1317 D ScanResultUtil: isScanResultForWapiPskNetwork: false
01-01 00:27:39.507  1151 10154 I WifiService: getWifiEnabledState uid=1000
01-01 00:27:39.507  1151  1317 D ScanResultUtil: isScanResultForWapiPskNetwork: false
01-01 00:27:39.508  1151  1317 I chatty  : uid=1000(system) WifiStateMachin identical 29 lines
01-01 00:27:39.508  1151  1317 D ScanResultUtil: isScanResultForWapiPskNetwork: false
01-01 00:27:39.509  1151  2264 I WifiService: getConfiguredNetworks uid=1000
01-01 00:27:39.509  1151  1317 W WifiConfigManager: Looking up network with invalid networkId -1
01-01 00:27:39.511  1151  1317 D ScanResultUtil: isScanResultForWapiPskNetwork: false
01-01 00:27:39.515  1151  1317 I chatty  : uid=1000(system) WifiStateMachin identical 31 lines
01-01 00:27:39.515  1151  1317 D ScanResultUtil: isScanResultForWapiPskNetwork: false
01-01 00:27:39.516  3739  3739 W HMI2-SETTINGS: SWR_BAIDU_HMI_0027|SWR_BAIDU_HMI_0015|FUN=WifiActivity::getScanResults|1|Get list of available wifi hotspots.
01-01 00:27:39.522  3739  3739 W HMI2-SETTINGS - CI08.4: className -> WifiActivity | functionName -> isWapiVariantBlocked | value -> security_type:2
01-01 00:27:39.523  3739  3739 W HMI2-SETTINGS - CI08.4: className -> WifiActivity | functionName -> isInConnected | value -> |ACSIA_CORP1|0|2
01-01 00:27:39.523  3739  3739 W HMI2-SETTINGS - CI08.4: className -> WifiActivity | functionName -> isWapiVariantBlocked | value -> security_type:2
01-01 00:27:39.523  3739  3739 W HMI2-SETTINGS - CI08.4: className -> WifiActivity | functionName -> isInConnected | value -> | ACSIA_CORP3|0|2
01-01 00:27:39.523  3739  3739 W HMI2-SETTINGS - CI08.4: className -> WifiActivity | functionName -> isWapiVariantBlocked | value -> security_type:2
01-01 00:27:39.523  3739  3739 W HMI2-SETTINGS - CI08.4: className -> WifiActivity | functionName -> isInConnected | value -> |ACSIA_Management|0|2
01-01 00:27:39.523  3739  3739 W HMI2-SETTINGS - CI08.4: className -> WifiActivity | functionName -> isWapiVariantBlocked | value -> security_type:2
01-01 00:27:39.523  3739  3739 W HMI2-SETTINGS - CI08.4: className -> WifiActivity | functionName -> isInConnected | value -> |ACSIA_GUEST1|0|2
01-01 00:27:39.523  3739  3739 W HMI2-SETTINGS - CI08.4: className -> WifiActivity | functionName -> isWapiVariantBlocked | value -> security_type:2
01-01 00:27:39.523  3739  3739 W HMI2-SETTINGS - CI08.4: className -> WifiActivity | functionName -> isInConnected | value -> |ACSIA_CORP2|0|2
01-01 00:27:39.523  3739  3739 W HMI2-SETTINGS - CI08.4: className -> WifiActivity | functionName -> isWapiVariantBlocked | value -> security_type:2
01-01 00:27:39.523  3739  3739 W HMI2-SETTINGS - CI08.4: className -> WifiActivity | functionName -> isInConnected | value -> |ACSIA_DEV|0|2
01-01 00:27:39.523  3739  3739 W HMI2-SETTINGS - CI08.4: className -> WifiActivity | functionName -> isWapiVariantBlocked | value -> security_type:2
01-01 00:27:39.523  3739  3739 W HMI2-SETTINGS - CI08.4: className -> WifiActivity | functionName -> isInConnected | value -> |RSE_Test|0|2
01-01 00:27:39.523  3739  3739 W HMI2-SETTINGS - CI08.4: className -> WifiActivity | functionName -> isWapiVariantBlocked | value -> security_type:2
01-01 00:27:39.523  3739  3739 W HMI2-SETTINGS - CI08.4: className -> WifiActivity | functionName -> isInConnected | value -> |Secure|0|2
01-01 00:27:39.523  3739  3739 W HMI2-SETTINGS - CI08.4: className -> WifiActivity | functionName -> isWapiVariantBlocked | value -> security_type:2
01-01 00:27:39.523  3739  3739 W HMI2-SETTINGS - CI08.4: className -> WifiActivity | functionName -> isInConnected | value -> |ACSIA_CORP2|0|2
01-01 00:27:39.523  3739  3739 W HMI2-SETTINGS - CI08.4: className -> WifiActivity | functionName -> isWapiVariantBlocked | value -> security_type:2
01-01 00:27:39.523  3739  3739 W HMI2-SETTINGS - CI08.4: className -> WifiActivity | functionName -> isInConnected | value -> |NETGEAR66-5G|0|2
01-01 00:27:39.523  3739  3739 W HMI2-SETTINGS - CI08.4: className -> WifiActivity | functionName -> isWapiVariantBlocked | value -> security_type:2
01-01 00:27:39.523  3739  3739 W HMI2-SETTINGS - CI08.4: className -> WifiActivity | functionName -> isInConnected | value -> |HUWIFI|0|2
01-01 00:27:39.523  3739  3739 W HMI2-SETTINGS - CI08.4: className -> WifiActivity | functionName -> isWapiVariantBlocked | value -> security_type:2
01-01 00:27:39.524  3739  3739 W HMI2-SETTINGS - CI08.4: className -> WifiActivity | functionName -> isInConnected | value -> |ACSIA_CORP1|0|2
01-01 00:27:39.524  3739  3739 W HMI2-SETTINGS - CI08.4: className -> WifiActivity | functionName -> isWapiVariantBlocked | value -> security_type:2
01-01 00:27:39.524  3739  3739 W HMI2-SETTINGS - CI08.4: className -> WifiActivity | functionName -> isInConnected | value -> |ACSIA_GUEST1|0|2
01-01 00:27:39.524  3739  3739 W HMI2-SETTINGS - CI08.4: className -> WifiActivity | functionName -> isWapiVariantBlocked | value -> security_type:2
01-01 00:27:39.524  3739  3739 W HMI2-SETTINGS - CI08.4: className -> WifiActivity | functionName -> isInConnected | value -> |ACSIA_DEV|0|2
01-01 00:27:39.524  3739  3739 W HMI2-SETTINGS - CI08.4: className -> WifiActivity | functionName -> isWapiVariantBlocked | value -> security_type:2
01-01 00:27:39.524  3739  3739 W HMI2-SETTINGS - CI08.4: className -> WifiActivity | functionName -> isInConnected | value -> |ACSIA_Management|0|2
01-01 00:27:39.524  3739  3739 W HMI2-SETTINGS - CI08.4: className -> WifiActivity | functionName -> isWapiVariantBlocked | value -> security_type:2
01-01 00:27:39.524  3739  3739 W HMI2-SETTINGS - CI08.4: className -> WifiActivity | functionName -> isInConnected | value -> | ACSIA_CORP3|0|2
01-01 00:27:39.524  3739  3739 W HMI2-SETTINGS - CI08.4: className -> WifiActivity | functionName -> isWapiVariantBlocked | value -> security_type:2
01-01 00:27:39.524  3739  3739 W HMI2-SETTINGS - CI08.4: className -> WifiActivity | functionName -> isInConnected | value -> |RSE_Test|0|2
01-01 00:27:39.524  3739  3739 W HMI2-SETTINGS - CI08.4: className -> WifiActivity | functionName -> isWapiVariantBlocked | value -> security_type:2
01-01 00:27:39.524  3739  3739 W HMI2-SETTINGS - CI08.4: className -> WifiActivity | functionName -> isInConnected | value -> |DIRECT-vQINLT044msmJ|0|2
01-01 00:27:39.524  3739  3739 W HMI2-SETTINGS - CI08.4: className -> WifiActivity | functionName -> isWapiVariantBlocked | value -> security_type:2
01-01 00:27:39.524  3739  3739 W HMI2-SETTINGS - CI08.4: className -> WifiActivity | functionName -> isInConnected | value -> |DIRECT-DMATCLWI2064msNL|0|2
01-01 00:27:39.524  3739  3739 W HMI2-SETTINGS - CI08.4: className -> WifiActivity | functionName -> isWapiVariantBlocked | value -> security_type:2
01-01 00:27:39.524  3739  3739 W HMI2-SETTINGS - CI08.4: className -> WifiActivity | functionName -> isInConnected | value -> |ACSIA_CORP1|0|2
01-01 00:27:39.524  3739  3739 W HMI2-SETTINGS - CI08.4: className -> WifiActivity | functionName -> isWapiVariantBlocked | value -> security_type:2
01-01 00:27:39.524  3739  3739 W HMI2-SETTINGS - CI08.4: className -> WifiActivity | functionName -> isInConnected | value -> |ACSIA_GUEST1|0|2
01-01 00:27:39.524  3739  3739 W HMI2-SETTINGS - CI08.4: className -> WifiActivity | functionName -> isWapiVariantBlocked | value -> security_type:2
01-01 00:27:39.524  3739  3739 W HMI2-SETTINGS - CI08.4: className -> WifiActivity | functionName -> isInConnected | value -> |ACSIA_DEV|0|2
01-01 00:27:39.524  3739  3739 W HMI2-SETTINGS - CI08.4: className -> WifiActivity | functionName -> isWapiVariantBlocked | value -> security_type:2
01-01 00:27:39.524  3739  3739 W HMI2-SETTINGS - CI08.4: className -> WifiActivity | functionName -> isInConnected | value -> |RSE_Test|0|2
01-01 00:27:39.524  3675 10282 D UIAutomatorStub: URI: /jsonrpc/0, Method: POST, Header: {content-length=274, remote-addr=127.0.0.1, http-client-ip=127.0.0.1, host=localhost:9009, content-type=application/json, connection=close, accept-encoding=identity, user-agent=Python-urllib/2.7}, params, {NanoHttpd.QUERY_STRING=null}, files: {postData={"params": [{"childOrSiblingSelector": [], "scrollable": true, "mask": 16384, "childOrSibling": []}, {"childOrSiblingSelector": [], "text": "RSE_Test", "mask": 1, "childOrSibling": []}, true], "jsonrpc": "2.0", "method": "scrollTo", "id": "f361911314b2e4b0a83650957a15889e"}}
01-01 00:27:39.524  3739  3739 W HMI2-SETTINGS - CI08.4: className -> WifiActivity | functionName -> isWapiVariantBlocked | value -> security_type:2
01-01 00:27:39.524  3739  3739 W HMI2-SETTINGS - CI08.4: className -> WifiActivity | functionName -> isInConnected | value -> |ACSIA_Management|0|2
01-01 00:27:39.524  3739  3739 W HMI2-SETTINGS - CI08.4: className -> WifiActivity | functionName -> isWapiVariantBlocked | value -> security_type:2
01-01 00:27:39.524  3739  3739 W HMI2-SETTINGS - CI08.4: className -> WifiActivity | functionName -> isInConnected | value -> |AUTOMATION_TEST|0|2
01-01 00:27:39.524  3739  3739 W HMI2-SETTINGS - CI08.4: className -> WifiActivity | functionName -> isWapiVariantBlocked | value -> security_type:2
01-01 00:27:39.524  3739  3739 W HMI2-SETTINGS - CI08.4: className -> WifiActivity | functionName -> isInConnected | value -> |ACSIA_CORP2|0|2
01-01 00:27:39.524  3739  3739 W HMI2-SETTINGS - CI08.4: className -> WifiActivity | functionName -> isWapiVariantBlocked | value -> security_type:2
01-01 00:27:39.524  3739  3739 W HMI2-SETTINGS - CI08.4: className -> WifiActivity | functionName -> isInConnected | value -> | ACSIA_CORP3|0|2
01-01 00:27:39.524  3739  3739 W HMI2-SETTINGS - CI08.4: className -> WifiActivity | functionName -> isWapiVariantBlocked | value -> security_type:2
01-01 00:27:39.524  3739  3739 W HMI2-SETTINGS - CI08.4: className -> WifiActivity | functionName -> isInConnected | value -> |MB Hotspot 61185|0|2
01-01 00:27:39.525  3739  3739 W HMI2-SETTINGS - CI08.4: className -> WifiActivity | functionName -> isWapiVariantBlocked | value -> security_type:0
01-01 00:27:39.525  3739  3739 W HMI2-SETTINGS - CI08.4: className -> WifiActivity | functionName -> isInConnected | value -> |HP-Print-DB-LaserJet Pro MFP|0|0
01-01 00:27:39.525  3739  3739 W HMI2-SETTINGS - CI08.4: className -> WifiActivity | functionName -> handleAllAvailNetwork | value -> savedNetwork ->0
01-01 00:27:39.525  3739  3739 W HMI2-SETTINGS - CI08.4: className -> WifiActivity | functionName -> handleAllAvailNetwork | value -> presentVisibleNetwork ->29
01-01 00:27:39.529  3739  3739 W HMI2-SETTINGS - CI08.4: className -> WifiActivity | functionName -> handleIfWifiAvailableNetworks: config is  | value -> null
01-01 00:27:39.598  3675 10282 D UiScrollable: scrollToBeginning() on selector = UiSelector[SCROLLABLE=true]
01-01 00:27:39.598  3675 10282 D UiScrollable: scrollBackward() on selector = UiSelector[SCROLLABLE=true]
01-01 00:27:40.150   729   748 I sssv-lib: sendMsg enter
01-01 00:27:40.150   729   748 I sssv-lib: sendMsg complete.
01-01 00:27:40.180  3675 10282 I QueryController: Matched selector: UiSelector[SCROLLABLE=true] <<==>> [android.view.accessibility.AccessibilityNodeInfo@19b746a; boundsInParent: Rect(0, 0 - 1332, 889); boundsInScreen: Rect(305, 172 - 1637, 1061); packageName: com.panasonic.hmi2settings; className: android.widget.ScrollView; text: null; error: null; maxTextLength: -1; contentDescription: null; viewIdResName: com.panasonic.hmi2settings:id/scrollWifi; checkable: false; checked: false; focusable: true; focused: false; selected: false; clickable: false; longClickable: false; contextClickable: false; enabled: true; password: false; scrollable: true; importantForAccessibility: true; actions: [AccessibilityAction: ACTION_FOCUS - null, AccessibilityAction: ACTION_SELECT - null, AccessibilityAction: ACTION_CLEAR_SELECTION - null, AccessibilityAction: ACTION_ACCESSIBILITY_FOCUS - null, AccessibilityAction: ACTION_SCROLL_FORWARD - null, AccessibilityAction: ACTION_SHOW_ON_SCREEN - null]]
01-01 00:27:40.180  3675 10282 D UiScrollable: scrollToBegining() using vertical scroll
01-01 00:27:40.180  3675 10282 D InteractionController: scrollSwipe (971, 260, 971, 973, 55)
01-01 00:27:41.036   635   635 E ANDR-PERF-TARGET: Error: Invalid logical cluster id 0
01-01 00:27:41.036   635   635 E ANDR-PERF-MPCTL: invalid request, no optimizations performed
01-01 00:27:41.053   635   635 E ANDR-PERF-TARGET: Error: Invalid logical cluster id 0
01-01 00:27:41.053   635   635 E ANDR-PERF-MPCTL: invalid request, no optimizations performed
01-01 00:27:41.069   635   635 E ANDR-PERF-TARGET: Error: Invalid logical cluster id 0
01-01 00:27:41.070   635   635 E ANDR-PERF-MPCTL: invalid request, no optimizations performed
01-01 00:27:41.086   635   635 E ANDR-PERF-TARGET: Error: Invalid logical cluster id 0
01-01 00:27:41.086   635   635 E ANDR-PERF-MPCTL: invalid request, no optimizations performed
01-01 00:27:41.103   635   635 E ANDR-PERF-TARGET: Error: Invalid logical cluster id 0
01-01 00:27:41.103   635   635 E ANDR-PERF-MPCTL: invalid request, no optimizations performed
01-01 00:27:41.103   635   635 E ANDR-PERF-TARGET: Error: Invalid logical cluster id 0
01-01 00:27:41.103   635   635 E ANDR-PERF-MPCTL: invalid request, no optimizations performed
01-01 00:27:41.120   635   635 E ANDR-PERF-TARGET: Error: Invalid logical cluster id 0
01-01 00:27:41.120   635   635 E ANDR-PERF-MPCTL: invalid request, no optimizations performed
01-01 00:27:41.136   635   635 E ANDR-PERF-TARGET: Error: Invalid logical cluster id 0
01-01 00:27:41.136   635   635 E ANDR-PERF-MPCTL: invalid request, no optimizations performed
01-01 00:27:41.151   729   748 I sssv-lib: sendMsg enter
01-01 00:27:41.151   729   748 I sssv-lib: sendMsg complete.
01-01 00:27:41.153   635   635 E ANDR-PERF-TARGET: Error: Invalid logical cluster id 0
01-01 00:27:41.153   635   635 E ANDR-PERF-MPCTL: invalid request, no optimizations performed
01-01 00:27:41.170   635   635 E ANDR-PERF-TARGET: Error: Invalid logical cluster id 0
01-01 00:27:41.170   635   635 E ANDR-PERF-MPCTL: invalid request, no optimizations performed
01-01 00:27:41.186   635   635 E ANDR-PERF-TARGET: Error: Invalid logical cluster id 0
01-01 00:27:41.186   635   635 E ANDR-PERF-MPCTL: invalid request, no optimizations performed
01-01 00:27:41.203   635   635 E ANDR-PERF-TARGET: Error: Invalid logical cluster id 0
01-01 00:27:41.203   635   635 E ANDR-PERF-MPCTL: invalid request, no optimizations performed
01-01 00:27:41.220   635   635 E ANDR-PERF-TARGET: Error: Invalid logical cluster id 0
01-01 00:27:41.220   635   635 E ANDR-PERF-MPCTL: invalid request, no optimizations performed
01-01 00:27:41.236   635   635 E ANDR-PERF-TARGET: Error: Invalid logical cluster id 0
01-01 00:27:41.236   635   635 E ANDR-PERF-MPCTL: invalid request, no optimizations performed
01-01 00:27:41.253   635   635 E ANDR-PERF-TARGET: Error: Invalid logical cluster id 0
01-01 00:27:41.253   635   635 E ANDR-PERF-MPCTL: invalid request, no optimizations performed
01-01 00:27:41.270   635   635 E ANDR-PERF-TARGET: Error: Invalid logical cluster id 0
01-01 00:27:41.270   635   635 E ANDR-PERF-MPCTL: invalid request, no optimizations performed
01-01 00:27:41.286   635   635 E ANDR-PERF-TARGET: Error: Invalid logical cluster id 0
01-01 00:27:41.287   635   635 E ANDR-PERF-MPCTL: invalid request, no optimizations performed
01-01 00:27:41.297  3675 10282 W InteractionController: runAndwaitForEvents timed out waiting for events
01-01 00:27:41.303   635   635 E ANDR-PERF-TARGET: Error: Invalid logical cluster id 0
01-01 00:27:41.304   635   635 E ANDR-PERF-MPCTL: invalid request, no optimizations performed
01-01 00:27:41.320   635   635 E ANDR-PERF-TARGET: Error: Invalid logical cluster id 0
01-01 00:27:41.320   635   635 E ANDR-PERF-MPCTL: invalid request, no optimizations performed
01-01 00:27:41.324  3675 10282 D UiScrollable: scrollForward() on selector = UiSelector[SCROLLABLE=true]
01-01 00:27:41.331  3675 10282 I QueryController: Matched selector: UiSelector[SCROLLABLE=true] <<==>> [android.view.accessibility.AccessibilityNodeInfo@19b746a; boundsInParent: Rect(0, 0 - 1332, 889); boundsInScreen: Rect(305, 172 - 1637, 1061); packageName: com.panasonic.hmi2settings; className: android.widget.ScrollView; text: null; error: null; maxTextLength: -1; contentDescription: null; viewIdResName: com.panasonic.hmi2settings:id/scrollWifi; checkable: false; checked: false; focusable: true; focused: false; selected: false; clickable: false; longClickable: false; contextClickable: false; enabled: true; password: false; scrollable: true; importantForAccessibility: true; actions: [AccessibilityAction: ACTION_FOCUS - null, AccessibilityAction: ACTION_SELECT - null, AccessibilityAction: ACTION_CLEAR_SELECTION - null, AccessibilityAction: ACTION_ACCESSIBILITY_FOCUS - null, AccessibilityAction: ACTION_SCROLL_FORWARD - null, AccessibilityAction: ACTION_SHOW_ON_SCREEN - null]]
01-01 00:27:41.332  3675 10282 D InteractionController: scrollSwipe (971, 973, 971, 260, 55)
01-01 00:27:41.337   635   635 E ANDR-PERF-TARGET: Error: Invalid logical cluster id 0
01-01 00:27:41.337   635   635 E ANDR-PERF-MPCTL: invalid request, no optimizations performed
01-01 00:27:41.353   635   635 E ANDR-PERF-TARGET: Error: Invalid logical cluster id 0
01-01 00:27:41.354   635   635 E ANDR-PERF-MPCTL: invalid request, no optimizations performed
01-01 00:27:41.370   635   635 E ANDR-PERF-TARGET: Error: Invalid logical cluster id 0
01-01 00:27:41.370   635   635 E ANDR-PERF-MPCTL: invalid request, no optimizations performed
01-01 00:27:41.387   635   635 E ANDR-PERF-TARGET: Error: Invalid logical cluster id 0
01-01 00:27:41.387   635   635 E ANDR-PERF-MPCTL: invalid request, no optimizations performed
01-01 00:27:41.404   635   635 E ANDR-PERF-TARGET: Error: Invalid logical cluster id 0
01-01 00:27:41.404   635   635 E ANDR-PERF-MPCTL: invalid request, no optimizations performed
01-01 00:27:41.420   635   635 E ANDR-PERF-TARGET: Error: Invalid logical cluster id 0
01-01 00:27:41.420   635   635 E ANDR-PERF-MPCTL: invalid request, no optimizations performed
01-01 00:27:41.437   635   635 E ANDR-PERF-TARGET: Error: Invalid logical cluster id 0
01-01 00:27:41.437   635   635 E ANDR-PERF-MPCTL: invalid request, no optimizations performed
01-01 00:27:41.454   635   635 E ANDR-PERF-TARGET: Error: Invalid logical cluster id 0
01-01 00:27:41.454   635   635 E ANDR-PERF-MPCTL: invalid request, no optimizations performed
01-01 00:27:41.470   635   635 E ANDR-PERF-TARGET: Error: Invalid logical cluster id 0
01-01 00:27:41.470   635   635 E ANDR-PERF-MPCTL: invalid request, no optimizations performed
01-01 00:27:41.487   635   635 E ANDR-PERF-TARGET: Error: Invalid logical cluster id 0
01-01 00:27:41.487   635   635 E ANDR-PERF-MPCTL: invalid request, no optimizations performed
01-01 00:27:41.504   635   635 E ANDR-PERF-TARGET: Error: Invalid logical cluster id 0
01-01 00:27:41.504   635   635 E ANDR-PERF-MPCTL: invalid request, no optimizations performed
01-01 00:27:41.520   635   635 E ANDR-PERF-TARGET: Error: Invalid logical cluster id 0
01-01 00:27:41.520   635   635 E ANDR-PERF-MPCTL: invalid request, no optimizations performed
01-01 00:27:41.537   635   635 E ANDR-PERF-TARGET: Error: Invalid logical cluster id 0
01-01 00:27:41.537   635   635 E ANDR-PERF-MPCTL: invalid request, no optimizations performed
01-01 00:27:41.554   635   635 E ANDR-PERF-TARGET: Error: Invalid logical cluster id 0
01-01 00:27:41.554   635   635 E ANDR-PERF-MPCTL: invalid request, no optimizations performed
01-01 00:27:41.571   635   635 E ANDR-PERF-TARGET: Error: Invalid logical cluster id 0
01-01 00:27:41.571   635   635 E ANDR-PERF-MPCTL: invalid request, no optimizations performed
01-01 00:27:41.587   635   635 E ANDR-PERF-TARGET: Error: Invalid logical cluster id 0
01-01 00:27:41.587   635   635 E ANDR-PERF-MPCTL: invalid request, no optimizations performed
01-01 00:27:41.604   635   635 E ANDR-PERF-TARGET: Error: Invalid logical cluster id 0
01-01 00:27:41.604   635   635 E ANDR-PERF-MPCTL: invalid request, no optimizations performed
01-01 00:27:41.621   635   635 E ANDR-PERF-TARGET: Error: Invalid logical cluster id 0
01-01 00:27:41.621   635   635 E ANDR-PERF-MPCTL: invalid request, no optimizations performed
01-01 00:27:41.637   635   635 E ANDR-PERF-TARGET: Error: Invalid logical cluster id 0
01-01 00:27:41.637   635   635 E ANDR-PERF-MPCTL: invalid request, no optimizations performed
01-01 00:27:41.654   635   635 E ANDR-PERF-TARGET: Error: Invalid logical cluster id 0
01-01 00:27:41.654   635   635 E ANDR-PERF-MPCTL: invalid request, no optimizations performed
01-01 00:27:41.671   635   635 E ANDR-PERF-TARGET: Error: Invalid logical cluster id 0
01-01 00:27:41.671   635   635 E ANDR-PERF-MPCTL: invalid request, no optimizations performed
01-01 00:27:41.687   635   635 E ANDR-PERF-TARGET: Error: Invalid logical cluster id 0
01-01 00:27:41.688   635   635 E ANDR-PERF-MPCTL: invalid request, no optimizations performed
01-01 00:27:41.704   635   635 E ANDR-PERF-TARGET: Error: Invalid logical cluster id 0
01-01 00:27:41.704   635   635 E ANDR-PERF-MPCTL: invalid request, no optimizations performed
01-01 00:27:41.721   635   635 E ANDR-PERF-TARGET: Error: Invalid logical cluster id 0
01-01 00:27:41.721   635   635 E ANDR-PERF-MPCTL: invalid request, no optimizations performed
01-01 00:27:41.738   635   635 E ANDR-PERF-TARGET: Error: Invalid logical cluster id 0
01-01 00:27:41.738   635   635 E ANDR-PERF-MPCTL: invalid request, no optimizations performed
01-01 00:27:41.754   635   635 E ANDR-PERF-TARGET: Error: Invalid logical cluster id 0
01-01 00:27:41.754   635   635 E ANDR-PERF-MPCTL: invalid request, no optimizations performed
01-01 00:27:41.771   635   635 E ANDR-PERF-TARGET: Error: Invalid logical cluster id 0
01-01 00:27:41.771   635   635 E ANDR-PERF-MPCTL: invalid request, no optimizations performed
01-01 00:27:41.788   635   635 E ANDR-PERF-TARGET: Error: Invalid logical cluster id 0
01-01 00:27:41.788   635   635 E ANDR-PERF-MPCTL: invalid request, no optimizations performed
01-01 00:27:41.804   635   635 E ANDR-PERF-TARGET: Error: Invalid logical cluster id 0
01-01 00:27:41.804   635   635 E ANDR-PERF-MPCTL: invalid request, no optimizations performed
01-01 00:27:41.821   635   635 E ANDR-PERF-TARGET: Error: Invalid logical cluster id 0
01-01 00:27:41.821   635   635 E ANDR-PERF-MPCTL: invalid request, no optimizations performed
01-01 00:27:41.838   635   635 E ANDR-PERF-TARGET: Error: Invalid logical cluster id 0
01-01 00:27:41.838   635   635 E ANDR-PERF-MPCTL: invalid request, no optimizations performed
01-01 00:27:41.854   635   635 E ANDR-PERF-TARGET: Error: Invalid logical cluster id 0
01-01 00:27:41.855   635   635 E ANDR-PERF-MPCTL: invalid request, no optimizations performed
01-01 00:27:41.871   635   635 E ANDR-PERF-TARGET: Error: Invalid logical cluster id 0
01-01 00:27:41.871   635   635 E ANDR-PERF-MPCTL: invalid request, no optimizations performed
01-01 00:27:41.888   635   635 E ANDR-PERF-TARGET: Error: Invalid logical cluster id 0
01-01 00:27:41.888   635   635 E ANDR-PERF-MPCTL: invalid request, no optimizations performed
01-01 00:27:41.905   635   635 E ANDR-PERF-TARGET: Error: Invalid logical cluster id 0
01-01 00:27:41.905   635   635 E ANDR-PERF-MPCTL: invalid request, no optimizations performed
01-01 00:27:41.921   635   635 E ANDR-PERF-TARGET: Error: Invalid logical cluster id 0
01-01 00:27:41.921   635   635 E ANDR-PERF-MPCTL: invalid request, no optimizations performed
01-01 00:27:41.938   635   635 E ANDR-PERF-TARGET: Error: Invalid logical cluster id 0
01-01 00:27:41.938   635   635 E ANDR-PERF-MPCTL: invalid request, no optimizations performed
01-01 00:27:41.955   635   635 E ANDR-PERF-TARGET: Error: Invalid logical cluster id 0
01-01 00:27:41.955   635   635 E ANDR-PERF-MPCTL: invalid request, no optimizations performed
01-01 00:27:41.971   635   635 E ANDR-PERF-TARGET: Error: Invalid logical cluster id 0
01-01 00:27:41.971   635   635 E ANDR-PERF-MPCTL: invalid request, no optimizations performed
01-01 00:27:41.988   635   635 E ANDR-PERF-TARGET: Error: Invalid logical cluster id 0
01-01 00:27:41.988   635   635 E ANDR-PERF-MPCTL: invalid request, no optimizations performed
01-01 00:27:42.005   635   635 E ANDR-PERF-TARGET: Error: Invalid logical cluster id 0
01-01 00:27:42.005   635   635 E ANDR-PERF-MPCTL: invalid request, no optimizations performed
01-01 00:27:42.021   635   635 E ANDR-PERF-TARGET: Error: Invalid logical cluster id 0
01-01 00:27:42.022   635   635 E ANDR-PERF-MPCTL: invalid request, no optimizations performed
01-01 00:27:42.038   635   635 E ANDR-PERF-TARGET: Error: Invalid logical cluster id 0
01-01 00:27:42.038   635   635 E ANDR-PERF-MPCTL: invalid request, no optimizations performed
01-01 00:27:42.055   635   635 E ANDR-PERF-TARGET: Error: Invalid logical cluster id 0
01-01 00:27:42.055   635   635 E ANDR-PERF-MPCTL: invalid request, no optimizations performed
01-01 00:27:42.072   635   635 E ANDR-PERF-TARGET: Error: Invalid logical cluster id 0
01-01 00:27:42.072   635   635 E ANDR-PERF-MPCTL: invalid request, no optimizations performed
01-01 00:27:42.088   635   635 E ANDR-PERF-TARGET: Error: Invalid logical cluster id 0
01-01 00:27:42.088   635   635 E ANDR-PERF-MPCTL: invalid request, no optimizations performed
01-01 00:27:42.105   635   635 E ANDR-PERF-TARGET: Error: Invalid logical cluster id 0
01-01 00:27:42.105   635   635 E ANDR-PERF-MPCTL: invalid request, no optimizations performed
01-01 00:27:42.122   635   635 E ANDR-PERF-TARGET: Error: Invalid logical cluster id 0
01-01 00:27:42.122   635   635 E ANDR-PERF-MPCTL: invalid request, no optimizations performed
01-01 00:27:42.138   635   635 E ANDR-PERF-TARGET: Error: Invalid logical cluster id 0
01-01 00:27:42.139   635   635 E ANDR-PERF-MPCTL: invalid request, no optimizations performed
01-01 00:27:42.151   729   748 I sssv-lib: sendMsg enter
01-01 00:27:42.151   729   748 I sssv-lib: sendMsg complete.
01-01 00:27:42.155   635   635 E ANDR-PERF-TARGET: Error: Invalid logical cluster id 0
01-01 00:27:42.155   635   635 E ANDR-PERF-MPCTL: invalid request, no optimizations performed
01-01 00:27:42.172   635   635 E ANDR-PERF-TARGET: Error: Invalid logical cluster id 0
01-01 00:27:42.172   635   635 E ANDR-PERF-MPCTL: invalid request, no optimizations performed
01-01 00:27:42.189   635   635 E ANDR-PERF-TARGET: Error: Invalid logical cluster id 0
01-01 00:27:42.189   635   635 E ANDR-PERF-MPCTL: invalid request, no optimizations performed
01-01 00:27:42.205   635   635 E ANDR-PERF-TARGET: Error: Invalid logical cluster id 0
01-01 00:27:42.205   635   635 E ANDR-PERF-MPCTL: invalid request, no optimizations performed
01-01 00:27:42.222   635   635 E ANDR-PERF-TARGET: Error: Invalid logical cluster id 0
01-01 00:27:42.222   635   635 E ANDR-PERF-MPCTL: invalid request, no optimizations performed
01-01 00:27:42.239   635   635 E ANDR-PERF-TARGET: Error: Invalid logical cluster id 0
01-01 00:27:42.239   635   635 E ANDR-PERF-MPCTL: invalid request, no optimizations performed
01-01 00:27:42.255   635   635 E ANDR-PERF-TARGET: Error: Invalid logical cluster id 0
01-01 00:27:42.255   635   635 E ANDR-PERF-MPCTL: invalid request, no optimizations performed
01-01 00:27:42.256   635   635 E ANDR-PERF-TARGET: Error: Invalid logical cluster id 0
01-01 00:27:42.256   635   635 E ANDR-PERF-MPCTL: invalid request, no optimizations performed
01-01 00:27:42.265  1933  1933 I LCMANDR : SWR_OOB_HV_MF_009|FUN=ResourceMonitoringService::movingMemoryAverage|2|Moving memory average :28.08721
01-01 00:27:42.265  1933  1933 W LCMANDR : SWR_OOB_HV_MF_009|FUN=ResourceMonitoringService::getCpuUsageStatistic|Moving MEM AVG :::::::::28.08721
01-01 00:27:42.267  1933  1933 W LCMANDR : SWR_OOB_HV_MF_009|FUN=ResourceMonitoringService::getCpuUsageStatistic|2|Total cpu usage :26.255709
01-01 00:27:42.267  1933  1933 I LCMANDR : SWR_OOB_HV_MF_009|FUN=ResourceMonitoringService::getCpuUsageStatistic|Cpu usage of core  0 is30.795849
01-01 00:27:42.267  1933  1933 I LCMANDR : SWR_OOB_HV_MF_009|FUN=ResourceMonitoringService::getCpuUsageStatistic|Cpu usage of core  1 is23.404255
01-01 00:27:42.267  1933  1933 I LCMANDR : SWR_OOB_HV_MF_009|FUN=ResourceMonitoringService::getCpuUsageStatistic|Cpu usage of core  2 is24.590164
01-01 00:27:42.267  1933  1933 I LCMANDR : ResourceMonitoringService::movingCpuAverage()
01-01 00:27:42.267  1933  1933 I LCMANDR : SWR_OOB_HV_MF_009|FUN=ResourceMonitoringService::movingCpuAverage|2|Moving window average of CPU 23.90473
01-01 00:27:42.267  1933  1933 I LCMANDR : SWR_OOB_HV_MF_009|FUN=ResourceMonitoringService::movingCpuAverage|2|Cpu moving average of core  0 is24.615198
01-01 00:27:42.267  1933  1933 I LCMANDR : SWR_OOB_HV_MF_009|FUN=ResourceMonitoringService::movingCpuAverage|2|Cpu moving average of core  1 is21.385662
01-01 00:27:42.267  1933  1933 I LCMANDR : SWR_OOB_HV_MF_009|FUN=ResourceMonitoringService::movingCpuAverage|2|Cpu moving average of core  2 is25.721043
01-01 00:27:42.267  1933  1933 D LCMANDR : SWR_OOB_HV_MF_009|FUN=ResourceMonitoringService::movingCpuAverage|2|Exiting VAL = 23.90473
01-01 00:27:42.272   635   635 E ANDR-PERF-TARGET: Error: Invalid logical cluster id 0
01-01 00:27:42.272   635   635 E ANDR-PERF-MPCTL: invalid request, no optimizations performed
01-01 00:27:42.289   635   635 E ANDR-PERF-TARGET: Error: Invalid logical cluster id 0
01-01 00:27:42.289   635   635 E ANDR-PERF-MPCTL: invalid request, no optimizations performed
01-01 00:27:42.305   635   635 E ANDR-PERF-TARGET: Error: Invalid logical cluster id 0
01-01 00:27:42.306   635   635 E ANDR-PERF-MPCTL: invalid request, no optimizations performed
01-01 00:27:42.322   635   635 E ANDR-PERF-TARGET: Error: Invalid logical cluster id 0
01-01 00:27:42.322   635   635 E ANDR-PERF-MPCTL: invalid request, no optimizations performed
01-01 00:27:42.339   635   635 E ANDR-PERF-TARGET: Error: Invalid logical cluster id 0
01-01 00:27:42.339   635   635 E ANDR-PERF-MPCTL: invalid request, no optimizations performed
01-01 00:27:42.356   635   635 E ANDR-PERF-TARGET: Error: Invalid logical cluster id 0
01-01 00:27:42.356   635   635 E ANDR-PERF-MPCTL: invalid request, no optimizations performed
01-01 00:27:42.372   635   635 E ANDR-PERF-TARGET: Error: Invalid logical cluster id 0
01-01 00:27:42.372   635   635 E ANDR-PERF-MPCTL: invalid request, no optimizations performed
01-01 00:27:42.389   635   635 E ANDR-PERF-TARGET: Error: Invalid logical cluster id 0
01-01 00:27:42.389   635   635 E ANDR-PERF-MPCTL: invalid request, no optimizations performed
01-01 00:27:42.406   635   635 E ANDR-PERF-TARGET: Error: Invalid logical cluster id 0
01-01 00:27:42.406   635   635 E ANDR-PERF-MPCTL: invalid request, no optimizations performed
01-01 00:27:42.422   635   635 E ANDR-PERF-TARGET: Error: Invalid logical cluster id 0
01-01 00:27:42.422   635   635 E ANDR-PERF-MPCTL: invalid request, no optimizations performed
01-01 00:27:42.439   635   635 E ANDR-PERF-TARGET: Error: Invalid logical cluster id 0
01-01 00:27:42.439   635   635 E ANDR-PERF-MPCTL: invalid request, no optimizations performed
01-01 00:27:42.449  3675 10282 W InteractionController: runAndwaitForEvents timed out waiting for events
01-01 00:27:42.449  3675 10282 D InteractionController: Vertical scrollSwipe reached scroll end: false
01-01 00:27:42.456   635   635 E ANDR-PERF-TARGET: Error: Invalid logical cluster id 0
01-01 00:27:42.456   635   635 E ANDR-PERF-MPCTL: invalid request, no optimizations performed
01-01 00:27:42.472   635   635 E ANDR-PERF-TARGET: Error: Invalid logical cluster id 0
01-01 00:27:42.473   635   635 E ANDR-PERF-MPCTL: invalid request, no optimizations performed
01-01 00:27:42.489   635   635 E ANDR-PERF-TARGET: Error: Invalid logical cluster id 0
01-01 00:27:42.489   635   635 E ANDR-PERF-MPCTL: invalid request, no optimizations performed
01-01 00:27:42.506   635   635 E ANDR-PERF-TARGET: Error: Invalid logical cluster id 0
01-01 00:27:42.506   635   635 E ANDR-PERF-MPCTL: invalid request, no optimizations performed
01-01 00:27:42.523   635   635 E ANDR-PERF-TARGET: Error: Invalid logical cluster id 0
01-01 00:27:42.523   635   635 E ANDR-PERF-MPCTL: invalid request, no optimizations performed
01-01 00:27:42.539   635   635 E ANDR-PERF-TARGET: Error: Invalid logical cluster id 0
01-01 00:27:42.539   635   635 E ANDR-PERF-MPCTL: invalid request, no optimizations performed
01-01 00:27:42.556   635   635 E ANDR-PERF-TARGET: Error: Invalid logical cluster id 0
01-01 00:27:42.556   635   635 E ANDR-PERF-MPCTL: invalid request, no optimizations performed
01-01 00:27:42.573   635   635 E ANDR-PERF-TARGET: Error: Invalid logical cluster id 0
01-01 00:27:42.573   635   635 E ANDR-PERF-MPCTL: invalid request, no optimizations performed
01-01 00:27:42.589   635   635 E ANDR-PERF-TARGET: Error: Invalid logical cluster id 0
01-01 00:27:42.589   635   635 E ANDR-PERF-MPCTL: invalid request, no optimizations performed
01-01 00:27:42.606   635   635 E ANDR-PERF-TARGET: Error: Invalid logical cluster id 0
01-01 00:27:42.606   635   635 E ANDR-PERF-MPCTL: invalid request, no optimizations performed
01-01 00:27:42.623   635   635 E ANDR-PERF-TARGET: Error: Invalid logical cluster id 0
01-01 00:27:42.623   635   635 E ANDR-PERF-MPCTL: invalid request, no optimizations performed
01-01 00:27:42.640   635   635 E ANDR-PERF-TARGET: Error: Invalid logical cluster id 0
01-01 00:27:42.640   635   635 E ANDR-PERF-MPCTL: invalid request, no optimizations performed
01-01 00:27:42.814  1933  1957 D LCMANDR : SWR_OOB_HV_MF_009|FUN=LifeCycleManagerService::LifeCycle_ReportCompStatus|GOT ALIVENESS SIGNAL FROM DAIAPP : [0]; HB Counter = [ 652 ]; STATUS INFO = [ 0 ]
01-01 00:27:42.814  1519  1519 I Connectivity_AIDL|AIDL_Handler.AIDL_Helpers.LcmHelper: MBUX App Method: KeepAliveTest |Line No: 408 |Log Type: Critical |Message: MainThread:MBUX-App HB Count: 654, ResponseCode: 0
01-01 00:27:43.152   729   748 I sssv-lib: sendMsg enter
01-01 00:27:43.152   729   748 I sssv-lib: sendMsg complete.
01-01 00:27:43.159  3675 10282 I QueryController: Matched selector: UiSelector[SCROLLABLE=true, CHILD=UiSelector[TEXT=RSE_Test]] <<==>> [android.view.accessibility.AccessibilityNodeInfo@19c7ef1; boundsInParent: Rect(0, 0 - 1078, 77); boundsInScreen: Rect(354, 490 - 1431, 567); packageName: com.panasonic.hmi2settings; className: android.widget.TextView; text: RSE_Test; error: null; maxTextLength: -1; contentDescription: null; viewIdResName: com.panasonic.hmi2settings:id/wifiName; checkable: false; checked: false; focusable: false; focused: false; selected: false; clickable: false; longClickable: false; contextClickable: false; enabled: true; password: false; scrollable: false; importantForAccessibility: true; actions: [AccessibilityAction: ACTION_SELECT - null, AccessibilityAction: ACTION_CLEAR_SELECTION - null, AccessibilityAction: ACTION_ACCESSIBILITY_FOCUS - null, AccessibilityAction: ACTION_NEXT_AT_MOVEMENT_GRANULARITY - null, AccessibilityAction: ACTION_PREVIOUS_AT_MOVEMENT_GRANULARITY - null, AccessibilityAction: ACTION_SET_SELECTION - null, AccessibilityAction: ACTION_SHOW_ON_SCREEN - null]]
01-01 00:27:43.169  3675 10283 D UIAutomatorStub: URI: /jsonrpc/0, Method: POST, Header: {content-length=176, remote-addr=127.0.0.1, http-client-ip=127.0.0.1, host=localhost:9009, content-type=application/json, connection=close, accept-encoding=identity, user-agent=Python-urllib/2.7}, params, {NanoHttpd.QUERY_STRING=null}, files: {postData={"params": [{"childOrSiblingSelector": [], "text": "RSE_Test", "mask": 1, "childOrSibling": []}], "jsonrpc": "2.0", "method": "click", "id": "f80be4bcb5ea807263d120cdae031d0e"}}
01-01 00:27:43.235  3675 10284 D UIAutomatorStub: URI: /jsonrpc/0, Method: POST, Header: {content-length=213, remote-addr=127.0.0.1, http-client-ip=127.0.0.1, host=localhost:9009, content-type=application/json, connection=close, accept-encoding=identity, user-agent=Python-urllib/2.7}, params, {NanoHttpd.QUERY_STRING=null}, files: {postData={"params": [{"childOrSiblingSelector": [], "className": "android.widget.EditText", "mask": 16, "childOrSibling": []}, "Secure7@55"], "jsonrpc": "2.0", "method": "setText", "id": "5ee2794ca69425e760640292ccdd18b6"}}
01-01 00:27:43.236  3739  3739 W HMI2-SETTINGS - CI08.4: className -> WifiAdapter | functionName -> onBindViewHolder | value -> allWifiList.get(position).getSecurityType() : wifiNametrue
01-01 00:27:43.236  3739  3739 W HMI2-SETTINGS - CI08.4: className -> WifiActivity | functionName -> onWifiClick | value -> getSecurityType ->true
01-01 00:27:43.242  3739  3739 W ContextImpl: Calling a method in the system process without a qualified user: android.app.ContextImpl.startService:1476 android.content.ContextWrapper.startService:650 android.view.View.setSystemUiVisibility:22653 com.panasonic.hmi2settings.activity.WifiActivity.connectToWifi:1215 com.panasonic.hmi2settings.activity.WifiActivity.onWifiClick:522 
01-01 00:27:43.244   635   635 E ANDR-PERF-TARGET: Error: Invalid logical cluster id 0
01-01 00:27:43.244   635   635 E ANDR-PERF-MPCTL: invalid request, no optimizations performed
01-01 00:27:43.245  1151  1168 D CompatibilityInfo: mCompatibilityFlags - 4
01-01 00:27:43.245  1151  1168 D CompatibilityInfo: applicationDensity - 240
01-01 00:27:43.245  1151  1168 D CompatibilityInfo: applicationScale - 1.0
01-01 00:27:43.247  3739  3739 D View    : setSystemUiVisibility: startService done
01-01 00:27:43.249  1392  1392 W SYSTEM_UI: SWR_SYSTEM_UI_007|FUN=CollapsedStatusBarFragment::getAction |1|Broadcast action --> STATUS_UPDATE_ACTION
01-01 00:27:43.250  1392  1392 W SYSTEM_UI: SWR_SYSTEM_UI_007|FUN=CollapsedStatusBarFragment::getIntExtra |1|NotifySystemUpdates dataType --> 101
01-01 00:27:43.250  1392  1392 W SYSTEM_UI - CI07.3: className -> CollapsedStatusBarFragment | functionName -> NotifySystemUpdates | onReceive -->  | value -> FULLSCREEN MODE CHANGED | isFullScreenStatus --> false | fullScreenPackage -->com.panasonic.hmi2settings | fullscreenLastShownPackage -->null | topActivityPackage --> com.panasonic.hmi2settings
01-01 00:27:43.250  1392  1392 W SYSTEM_UI - CI07.3: className -> CollapsedStatusBarFragment | functionName -> NotifySystemUpdates | onReceive -->  | value -> Fullscreen mode changed --> path 5
01-01 00:27:43.252  1151  1168 D WindowManager: addToDisplay >>> FLAG_FULLSCREEN not set in WindowManager.LayoutParams
01-01 00:27:43.252  1151  1168 D WindowManager: startStatusReceiverServiceOnFlagSet: creating intent for action ACTION_ACTIVITY_FULLSCREEN
01-01 00:27:43.253  1151  1168 W ContextImpl: Calling a method in the system process without a qualified user: android.app.ContextImpl.startService:1476 com.android.server.wm.Session.startStatusReceiverServiceOnFlagSet:762 com.android.server.wm.Session.addToDisplay:217 android.view.IWindowSession$Stub.onTransact:124 com.android.server.wm.Session.onTransact:166 
01-01 00:27:43.254  1151  1168 D CompatibilityInfo: mCompatibilityFlags - 4
01-01 00:27:43.254  1151  1168 D CompatibilityInfo: applicationDensity - 240
01-01 00:27:43.254  1151  1168 D CompatibilityInfo: applicationScale - 1.0
01-01 00:27:43.254  1151  1168 D WindowManager: startStatusReceiverServiceOnFlagSet: startService done
01-01 00:27:43.258  3739  3739 W HMI2-SETTINGS: SWR_BAIDU_HMI_0015|FUN=WifiActivity::addView|0|Display password enter dialog with addView method.
01-01 00:27:43.258  3739  3739 W HMI2-SETTINGS: SWR_BAIDU_HMI_0027|FUN=WifiActivity::addView|0|Display password enter dialog with addView method.
01-01 00:27:43.260  1392  1392 W SYSTEM_UI: SWR_SYSTEM_UI_007|FUN=CollapsedStatusBarFragment::getAction |1|Broadcast action --> STATUS_UPDATE_ACTION
01-01 00:27:43.260  1392  1392 W SYSTEM_UI: SWR_SYSTEM_UI_007|FUN=CollapsedStatusBarFragment::getIntExtra |1|NotifySystemUpdates dataType --> 101
01-01 00:27:43.260  1392  1392 W SYSTEM_UI - CI07.3: className -> CollapsedStatusBarFragment | functionName -> NotifySystemUpdates | onReceive -->  | value -> FULLSCREEN MODE CHANGED | isFullScreenStatus --> false | fullScreenPackage -->com.panasonic.hmi2settings | fullscreenLastShownPackage -->null | topActivityPackage --> com.panasonic.hmi2settings
01-01 00:27:43.260  1392  1392 W SYSTEM_UI - CI07.3: className -> CollapsedStatusBarFragment | functionName -> NotifySystemUpdates | onReceive -->  | value -> Fullscreen mode changed --> path 5
01-01 00:27:43.260  3739  3739 W HMI2-SETTINGS - CI08.4: className -> WifiActivity | functionName -> setOnFocusChangeListener :   | value -> hasFocus:true
01-01 00:27:43.264  1151 10154 D mEnabledInputMethodsStrCache: com.android.inputmethods.latin/.LatinIME
01-01 00:27:43.264  1151 10154 D systemLanguageCode: en__GB
01-01 00:27:43.264  1151 10154 D mEnabledInputMethodsStrCache: com.android.inputmethods.latin/.LatinIME
01-01 00:27:43.266  1151  1168 D mEnabledInputMethodsStrCache: com.android.inputmethods.latin/.LatinIME
01-01 00:27:43.266  1151  1168 D systemLanguageCode: en__GB
01-01 00:27:43.266  1151  1168 D mEnabledInputMethodsStrCache: com.android.inputmethods.latin/.LatinIME
01-01 00:27:43.268  1151  1168 D mEnabledInputMethodsStrCache: com.android.inputmethods.latin/.LatinIME
01-01 00:27:43.268  1151  1168 D systemLanguageCode: en__GB
01-01 00:27:43.268  1151  1168 D mEnabledInputMethodsStrCache: com.android.inputmethods.latin/.LatinIME
01-01 00:27:43.269  1151  1168 D mEnabledInputMethodsStrCache: com.android.inputmethods.latin/.LatinIME
01-01 00:27:43.269  1151  1168 D systemLanguageCode: en__GB
01-01 00:27:43.269  1151  1168 D mEnabledInputMethodsStrCache: com.android.inputmethods.latin/.LatinIME
01-01 00:27:43.269  1151  1168 D mEnabledInputMethodsStrCache: com.android.inputmethods.latin/.LatinIME
01-01 00:27:43.269  1151  1168 D systemLanguageCode: en__GB
01-01 00:27:43.269  1151  1168 D mEnabledInputMethodsStrCache: com.android.inputmethods.latin/.LatinIME
01-01 00:27:43.269  1151  1168 D mEnabledInputMethodsStrCache: com.android.inputmethods.latin/.LatinIME
01-01 00:27:43.269  1151  1168 D systemLanguageCode: en__GB
01-01 00:27:43.269  1151  1168 D mEnabledInputMethodsStrCache: com.android.inputmethods.latin/.LatinIME
01-01 00:27:43.270  1379  1379 I LatinIME: SWR_HMISERVICE_SPELLER_MF_001||FUN=onStartInputViewInternal || 1 || Starting input. Cursor position = -1,-1
01-01 00:27:43.274  1151  1168 D WindowManager: relayout packageName=com.panasonic.hmi2settings::session=Session{c47ecfc 3739:1000}::window=android.view.IWindow$Stub$Proxy@ccdb8d2::attrs.flags=1000100
01-01 00:27:43.274  1151  1168 D WindowManager: relayout >>> FLAG_FULLSCREEN not set in WindowManager.LayoutParams
01-01 00:27:43.274  1151  1168 D WindowManager: startStatusReceiverServiceOnFlagSet: creating intent for action ACTION_ACTIVITY_FULLSCREEN
01-01 00:27:43.274  1151  1168 W ContextImpl: Calling a method in the system process without a qualified user: android.app.ContextImpl.startService:1476 com.android.server.wm.Session.startStatusReceiverServiceOnFlagSet:762 com.android.server.wm.Session.relayout:276 android.view.IWindowSession$Stub.onTransact:286 com.android.server.wm.Session.onTransact:166 
01-01 00:27:43.275  1151  1168 D CompatibilityInfo: mCompatibilityFlags - 4
01-01 00:27:43.275  1151  1168 D CompatibilityInfo: applicationDensity - 240
01-01 00:27:43.275  1151  1168 D CompatibilityInfo: applicationScale - 1.0
01-01 00:27:43.276  1151  1168 D WindowManager: startStatusReceiverServiceOnFlagSet: startService done
01-01 00:27:43.283  1392  1392 W SYSTEM_UI: SWR_SYSTEM_UI_007|FUN=CollapsedStatusBarFragment::getAction |1|Broadcast action --> STATUS_UPDATE_ACTION
01-01 00:27:43.283  1392  1392 W SYSTEM_UI: SWR_SYSTEM_UI_007|FUN=CollapsedStatusBarFragment::getIntExtra |1|NotifySystemUpdates dataType --> 101
01-01 00:27:43.283  1392  1392 W SYSTEM_UI - CI07.3: className -> CollapsedStatusBarFragment | functionName -> NotifySystemUpdates | onReceive -->  | value -> FULLSCREEN MODE CHANGED | isFullScreenStatus --> false | fullScreenPackage -->com.panasonic.hmi2settings | fullscreenLastShownPackage -->null | topActivityPackage --> com.panasonic.hmi2settings
01-01 00:27:43.283  1392  1392 W SYSTEM_UI - CI07.3: className -> CollapsedStatusBarFragment | functionName -> NotifySystemUpdates | onReceive -->  | value -> Fullscreen mode changed --> path 5
01-01 00:27:43.298  3675 10284 W ByMatcher: Node returned null child: android.view.accessibility.AccessibilityNodeInfo@7442; boundsInParent: Rect(0, 0 - 1920, 104); boundsInScreen: Rect(0, 0 - 1920, 104); packageName: com.android.systemui; className: android.widget.FrameLayout; text: null; error: null; maxTextLength: -1; contentDescription: null; viewIdResName: null; checkable: false; checked: false; focusable: false; focused: false; selected: false; clickable: false; longClickable: false; contextClickable: false; enabled: true; password: false; scrollable: false; importantForAccessibility: true; actions: [AccessibilityAction: ACTION_SELECT - null, AccessibilityAction: ACTION_CLEAR_SELECTION - null, AccessibilityAction: ACTION_ACCESSIBILITY_FOCUS - null, AccessibilityAction: ACTION_SHOW_ON_SCREEN - null]
01-01 00:27:43.299  3675 10284 W ByMatcher: Skipping null child (0 of 4)
01-01 00:27:43.299  3675 10284 W ByMatcher: Skipping null child (1 of 4)
01-01 00:27:43.300  3675 10284 W ByMatcher: Skipping null child (2 of 4)
01-01 00:27:43.302  3675 10284 W ByMatcher: Skipping null child (3 of 4)
01-01 00:27:43.303  3675 10284 W ByMatcher: Node returned null child: android.view.accessibility.AccessibilityNodeInfo@7442; boundsInParent: Rect(0, 0 - 1920, 104); boundsInScreen: Rect(0, 0 - 1920, 104); packageName: com.android.systemui; className: android.widget.FrameLayout; text: null; error: null; maxTextLength: -1; contentDescription: null; viewIdResName: null; checkable: false; checked: false; focusable: false; focused: false; selected: false; clickable: false; longClickable: false; contextClickable: false; enabled: true; password: false; scrollable: false; importantForAccessibility: true; actions: [AccessibilityAction: ACTION_SELECT - null, AccessibilityAction: ACTION_CLEAR_SELECTION - null, AccessibilityAction: ACTION_ACCESSIBILITY_FOCUS - null, AccessibilityAction: ACTION_SHOW_ON_SCREEN - null]
01-01 00:27:43.303  3675 10284 W ByMatcher: Skipping null child (0 of 4)
01-01 00:27:43.304  3675 10284 W ByMatcher: Skipping null child (1 of 4)
01-01 00:27:43.305  3675 10284 W ByMatcher: Skipping null child (2 of 4)
01-01 00:27:43.305  3675 10284 W ByMatcher: Skipping null child (3 of 4)
01-01 00:27:43.314  3675 10284 W ByMatcher: Node returned null child: android.view.accessibility.AccessibilityNodeInfo@80006e6c; boundsInParent: Rect(0, 0 - 1920, 1080); boundsInScreen: Rect(0, 0 - 1920, 1080); packageName: com.panasonic.hmi2settings; className: android.widget.FrameLayout; text: null; error: null; maxTextLength: -1; contentDescription: null; viewIdResName: null; checkable: false; checked: false; focusable: false; focused: false; selected: false; clickable: false; longClickable: false; contextClickable: false; enabled: true; password: false; scrollable: false; importantForAccessibility: true; actions: [AccessibilityAction: ACTION_SELECT - null, AccessibilityAction: ACTION_CLEAR_SELECTION - null, AccessibilityAction: ACTION_ACCESSIBILITY_FOCUS - null, AccessibilityAction: ACTION_SHOW_ON_SCREEN - null]
01-01 00:27:43.314  3675 10284 W ByMatcher: Skipping null child (0 of 1)
01-01 00:27:43.316  3675 10284 W ByMatcher: Node returned null child: android.view.accessibility.AccessibilityNodeInfo@80006e6c; boundsInParent: Rect(0, 0 - 1920, 1080); boundsInScreen: Rect(0, 0 - 1920, 1080); packageName: com.panasonic.hmi2settings; className: android.widget.FrameLayout; text: null; error: null; maxTextLength: -1; contentDescription: null; viewIdResName: null; checkable: false; checked: false; focusable: false; focused: false; selected: false; clickable: false; longClickable: false; contextClickable: false; enabled: true; password: false; scrollable: false; importantForAccessibility: true; actions: [AccessibilityAction: ACTION_SELECT - null, AccessibilityAction: ACTION_CLEAR_SELECTION - null, AccessibilityAction: ACTION_ACCESSIBILITY_FOCUS - null, AccessibilityAction: ACTION_SHOW_ON_SCREEN - null]
01-01 00:27:43.316  3675 10284 W ByMatcher: Skipping null child (0 of 1)
01-01 00:27:43.347  1379  1379 I InputAttributes: InputType.TYPE_NULL is specified
01-01 00:27:43.349  1151 10154 D mEnabledInputMethodsStrCache: com.android.inputmethods.latin/.LatinIME
01-01 00:27:43.349  1151 10154 D systemLanguageCode: en__GB
01-01 00:27:43.349  1151 10154 D mEnabledInputMethodsStrCache: com.android.inputmethods.latin/.LatinIME
01-01 00:27:43.351  1379  1379 V KeyboardState: onLoadKeyboard: [keyboard=UNSHIFTED shift=RELEASING symbol=RELEASING switch=ALPHA] autoCapsFlags=none recapitalizeMode=undefined
01-01 00:27:43.351  1379  1379 D KeyboardState: setAlphabetKeyboard: [keyboard=UNSHIFTED shift=RELEASING symbol=RELEASING switch=ALPHA] autoCapsFlags=none recapitalizeMode=undefined
01-01 00:27:43.351  1379  1379 D KeyboardSwitcher: setAlphabetKeyboard
01-01 00:27:43.352  1151 10154 D mEnabledInputMethodsStrCache: com.android.inputmethods.latin/.LatinIME
01-01 00:27:43.352  1151 10154 D systemLanguageCode: en__GB
01-01 00:27:43.352  1151 10154 D mEnabledInputMethodsStrCache: com.android.inputmethods.latin/.LatinIME
