01-01 00:19:31.580   635   635 E ANDR-PERF-MPCTL: invalid request, no optimizations performed
01-01 00:19:31.597   635   635 E ANDR-PERF-TARGET: Error: Invalid logical cluster id 0
01-01 00:19:31.597   635   635 E ANDR-PERF-MPCTL: invalid request, no optimizations performed
01-01 00:19:31.604  1933  1957 D LCMANDR : SWR_OOB_HV_MF_009|FUN=LifeCycleManagerService::LifeCycle_ReportCompStatus|GOT ALIVENESS SIGNAL FROM DAIAPP : [0]; HB Counter = [ 456 ]; STATUS INFO = [ 0 ]
01-01 00:19:31.605  1519  1964 I Connectivity_AIDL|AIDL_Handler.AIDL_Helpers.LcmHelper: MBUX App Method: KeepAliveTest |Line No: 408 |Log Type: Critical |Message: ChildThread:MBUX-App HB Count: 458, ResponseCode: 0
01-01 00:19:31.614   635   635 E ANDR-PERF-TARGET: Error: Invalid logical cluster id 0
01-01 00:19:31.614   635   635 E ANDR-PERF-MPCTL: invalid request, no optimizations performed
01-01 00:19:31.619   729   748 I sssv-lib: sendMsg enter
01-01 00:19:31.619   729   748 I sssv-lib: sendMsg complete.
01-01 00:19:31.631   635   635 E ANDR-PERF-TARGET: Error: Invalid logical cluster id 0
01-01 00:19:31.631   635   635 E ANDR-PERF-MPCTL: invalid request, no optimizations performed
01-01 00:19:31.648   635   635 E ANDR-PERF-TARGET: Error: Invalid logical cluster id 0
01-01 00:19:31.648   635   635 E ANDR-PERF-MPCTL: invalid request, no optimizations performed
01-01 00:19:31.664   635   635 E ANDR-PERF-TARGET: Error: Invalid logical cluster id 0
01-01 00:19:31.665   635   635 E ANDR-PERF-MPCTL: invalid request, no optimizations performed
01-01 00:19:31.681   635   635 E ANDR-PERF-TARGET: Error: Invalid logical cluster id 0
01-01 00:19:31.681   635   635 E ANDR-PERF-MPCTL: invalid request, no optimizations performed
01-01 00:19:31.698   635   635 E ANDR-PERF-TARGET: Error: Invalid logical cluster id 0
01-01 00:19:31.698   635   635 E ANDR-PERF-MPCTL: invalid request, no optimizations performed
01-01 00:19:31.714   635   635 E ANDR-PERF-TARGET: Error: Invalid logical cluster id 0
01-01 00:19:31.714   635   635 E ANDR-PERF-MPCTL: invalid request, no optimizations performed
01-01 00:19:31.731   635   635 E ANDR-PERF-TARGET: Error: Invalid logical cluster id 0
01-01 00:19:31.731   635   635 E ANDR-PERF-MPCTL: invalid request, no optimizations performed
01-01 00:19:31.747   635   635 E ANDR-PERF-TARGET: Error: Invalid logical cluster id 0
01-01 00:19:31.748   635   635 E ANDR-PERF-MPCTL: invalid request, no optimizations performed
01-01 00:19:31.764   635   635 E ANDR-PERF-TARGET: Error: Invalid logical cluster id 0
01-01 00:19:31.764   635   635 E ANDR-PERF-MPCTL: invalid request, no optimizations performed
01-01 00:19:31.781   635   635 E ANDR-PERF-TARGET: Error: Invalid logical cluster id 0
01-01 00:19:31.781   635   635 E ANDR-PERF-MPCTL: invalid request, no optimizations performed
01-01 00:19:31.797   635   635 E ANDR-PERF-TARGET: Error: Invalid logical cluster id 0
01-01 00:19:31.797   635   635 E ANDR-PERF-MPCTL: invalid request, no optimizations performed
01-01 00:19:31.814   635   635 E ANDR-PERF-TARGET: Error: Invalid logical cluster id 0
01-01 00:19:31.815   635   635 E ANDR-PERF-MPCTL: invalid request, no optimizations performed
01-01 00:19:31.831   635   635 E ANDR-PERF-TARGET: Error: Invalid logical cluster id 0
01-01 00:19:31.831   635   635 E ANDR-PERF-MPCTL: invalid request, no optimizations performed
01-01 00:19:31.848   635   635 E ANDR-PERF-TARGET: Error: Invalid logical cluster id 0
01-01 00:19:31.848   635   635 E ANDR-PERF-MPCTL: invalid request, no optimizations performed
01-01 00:19:31.865   635   635 E ANDR-PERF-TARGET: Error: Invalid logical cluster id 0
01-01 00:19:31.865   635   635 E ANDR-PERF-MPCTL: invalid request, no optimizations performed
01-01 00:19:31.881   635   635 E ANDR-PERF-TARGET: Error: Invalid logical cluster id 0
01-01 00:19:31.881   635   635 E ANDR-PERF-MPCTL: invalid request, no optimizations performed
01-01 00:19:31.898   635   635 E ANDR-PERF-TARGET: Error: Invalid logical cluster id 0
01-01 00:19:31.898   635   635 E ANDR-PERF-MPCTL: invalid request, no optimizations performed
01-01 00:19:31.915   635   635 E ANDR-PERF-TARGET: Error: Invalid logical cluster id 0
01-01 00:19:31.915   635   635 E ANDR-PERF-MPCTL: invalid request, no optimizations performed
01-01 00:19:31.931   635   635 E ANDR-PERF-TARGET: Error: Invalid logical cluster id 0
01-01 00:19:31.931   635   635 E ANDR-PERF-MPCTL: invalid request, no optimizations performed
01-01 00:19:31.948   635   635 E ANDR-PERF-TARGET: Error: Invalid logical cluster id 0
01-01 00:19:31.948   635   635 E ANDR-PERF-MPCTL: invalid request, no optimizations performed
01-01 00:19:31.965   635   635 E ANDR-PERF-TARGET: Error: Invalid logical cluster id 0
01-01 00:19:31.965   635   635 E ANDR-PERF-MPCTL: invalid request, no optimizations performed
01-01 00:19:31.982   635   635 E ANDR-PERF-TARGET: Error: Invalid logical cluster id 0
01-01 00:19:31.982   635   635 E ANDR-PERF-MPCTL: invalid request, no optimizations performed
01-01 00:19:31.998   635   635 E ANDR-PERF-TARGET: Error: Invalid logical cluster id 0
01-01 00:19:31.998   635   635 E ANDR-PERF-MPCTL: invalid request, no optimizations performed
01-01 00:19:32.016   635   635 E ANDR-PERF-TARGET: Error: Invalid logical cluster id 0
01-01 00:19:32.016   635   635 E ANDR-PERF-MPCTL: invalid request, no optimizations performed
01-01 00:19:32.032   635   635 E ANDR-PERF-TARGET: Error: Invalid logical cluster id 0
01-01 00:19:32.032   635   635 E ANDR-PERF-MPCTL: invalid request, no optimizations performed
01-01 00:19:32.048   635   635 E ANDR-PERF-TARGET: Error: Invalid logical cluster id 0
01-01 00:19:32.048   635   635 E ANDR-PERF-MPCTL: invalid request, no optimizations performed
01-01 00:19:32.051  1933  1957 D LCMANDR : SWR_OOB_HV_MF_009|FUN=LifeCycleManagerService::LifeCycle_ReportCompStatus|GOT ALIVENESS SIGNAL FROM DAIAPP : [0]; HB Counter = [ 457 ]; STATUS INFO = [ 0 ]
01-01 00:19:32.052  1519  1519 I Connectivity_AIDL|AIDL_Handler.AIDL_Helpers.LcmHelper: MBUX App Method: KeepAliveTest |Line No: 408 |Log Type: Critical |Message: MainThread:MBUX-App HB Count: 459, ResponseCode: 0
01-01 00:19:32.066   635   635 E ANDR-PERF-TARGET: Error: Invalid logical cluster id 0
01-01 00:19:32.066   635   635 E ANDR-PERF-MPCTL: invalid request, no optimizations performed
01-01 00:19:32.082   635   635 E ANDR-PERF-TARGET: Error: Invalid logical cluster id 0
01-01 00:19:32.082   635   635 E ANDR-PERF-MPCTL: invalid request, no optimizations performed
01-01 00:19:32.099   635   635 E ANDR-PERF-TARGET: Error: Invalid logical cluster id 0
01-01 00:19:32.099   635   635 E ANDR-PERF-MPCTL: invalid request, no optimizations performed
01-01 00:19:32.115   635   635 E ANDR-PERF-TARGET: Error: Invalid logical cluster id 0
01-01 00:19:32.116   635   635 E ANDR-PERF-MPCTL: invalid request, no optimizations performed
01-01 00:19:32.131   635   635 E ANDR-PERF-TARGET: Error: Invalid logical cluster id 0
01-01 00:19:32.131   635   635 E ANDR-PERF-MPCTL: invalid request, no optimizations performed
01-01 00:19:32.149   635   635 E ANDR-PERF-TARGET: Error: Invalid logical cluster id 0
01-01 00:19:32.149   635   635 E ANDR-PERF-MPCTL: invalid request, no optimizations performed
01-01 00:19:32.165   635   635 E ANDR-PERF-TARGET: Error: Invalid logical cluster id 0
01-01 00:19:32.166   635   635 E ANDR-PERF-MPCTL: invalid request, no optimizations performed
01-01 00:19:32.175  3675  8182 I QueryController: Matched selector: UiSelector[SCROLLABLE=true] <<==>> [android.view.accessibility.AccessibilityNodeInfo@115cec6; boundsInParent: Rect(0, 0 - 1332, 889); boundsInScreen: Rect(305, 172 - 1637, 1061); packageName: com.panasonic.hmi2settings; className: android.widget.ScrollView; text: null; error: null; maxTextLength: -1; contentDescription: null; viewIdResName: com.panasonic.hmi2settings:id/scrollWifi; checkable: false; checked: false; focusable: true; focused: false; selected: false; clickable: false; longClickable: false; contextClickable: false; enabled: true; password: false; scrollable: true; importantForAccessibility: true; actions: [AccessibilityAction: ACTION_FOCUS - null, AccessibilityAction: ACTION_SELECT - null, AccessibilityAction: ACTION_CLEAR_SELECTION - null, AccessibilityAction: ACTION_ACCESSIBILITY_FOCUS - null, AccessibilityAction: ACTION_SCROLL_FORWARD - null, AccessibilityAction: ACTION_SHOW_ON_SCREEN - null]]
01-01 00:19:32.175  3675  8182 D UiScrollable: scrollToBegining() using vertical scroll
01-01 00:19:32.175  3675  8182 D InteractionController: scrollSwipe (971, 260, 971, 973, 55)
01-01 00:19:32.182   635   635 E ANDR-PERF-TARGET: Error: Invalid logical cluster id 0
01-01 00:19:32.182   635   635 E ANDR-PERF-MPCTL: invalid request, no optimizations performed
01-01 00:19:32.199   635   635 E ANDR-PERF-TARGET: Error: Invalid logical cluster id 0
01-01 00:19:32.199   635   635 E ANDR-PERF-MPCTL: invalid request, no optimizations performed
01-01 00:19:32.215   635   635 E ANDR-PERF-TARGET: Error: Invalid logical cluster id 0
01-01 00:19:32.215   635   635 E ANDR-PERF-MPCTL: invalid request, no optimizations performed
01-01 00:19:32.232   635   635 E ANDR-PERF-TARGET: Error: Invalid logical cluster id 0
01-01 00:19:32.232   635   635 E ANDR-PERF-MPCTL: invalid request, no optimizations performed
01-01 00:19:32.250   635   635 E ANDR-PERF-TARGET: Error: Invalid logical cluster id 0
01-01 00:19:32.250   635   635 E ANDR-PERF-MPCTL: invalid request, no optimizations performed
01-01 00:19:32.266   635   635 E ANDR-PERF-TARGET: Error: Invalid logical cluster id 0
01-01 00:19:32.266   635   635 E ANDR-PERF-MPCTL: invalid request, no optimizations performed
01-01 00:19:32.282   635   635 E ANDR-PERF-TARGET: Error: Invalid logical cluster id 0
01-01 00:19:32.282   635   635 E ANDR-PERF-MPCTL: invalid request, no optimizations performed
01-01 00:19:32.299   635   635 E ANDR-PERF-TARGET: Error: Invalid logical cluster id 0
01-01 00:19:32.299   635   635 E ANDR-PERF-MPCTL: invalid request, no optimizations performed
01-01 00:19:32.316   635   635 E ANDR-PERF-TARGET: Error: Invalid logical cluster id 0
01-01 00:19:32.316   635   635 E ANDR-PERF-MPCTL: invalid request, no optimizations performed
01-01 00:19:32.332   635   635 E ANDR-PERF-TARGET: Error: Invalid logical cluster id 0
01-01 00:19:32.332   635   635 E ANDR-PERF-MPCTL: invalid request, no optimizations performed
01-01 00:19:32.349   635   635 E ANDR-PERF-TARGET: Error: Invalid logical cluster id 0
01-01 00:19:32.350   635   635 E ANDR-PERF-MPCTL: invalid request, no optimizations performed
01-01 00:19:32.366   635   635 E ANDR-PERF-TARGET: Error: Invalid logical cluster id 0
01-01 00:19:32.366   635   635 E ANDR-PERF-MPCTL: invalid request, no optimizations performed
01-01 00:19:32.382   635   635 E ANDR-PERF-TARGET: Error: Invalid logical cluster id 0
01-01 00:19:32.382   635   635 E ANDR-PERF-MPCTL: invalid request, no optimizations performed
01-01 00:19:32.399   635   635 E ANDR-PERF-TARGET: Error: Invalid logical cluster id 0
01-01 00:19:32.399   635   635 E ANDR-PERF-MPCTL: invalid request, no optimizations performed
01-01 00:19:32.415   635   635 E ANDR-PERF-TARGET: Error: Invalid logical cluster id 0
01-01 00:19:32.416   635   635 E ANDR-PERF-MPCTL: invalid request, no optimizations performed
01-01 00:19:32.432   635   635 E ANDR-PERF-TARGET: Error: Invalid logical cluster id 0
01-01 00:19:32.432   635   635 E ANDR-PERF-MPCTL: invalid request, no optimizations performed
01-01 00:19:32.449   635   635 E ANDR-PERF-TARGET: Error: Invalid logical cluster id 0
01-01 00:19:32.449   635   635 E ANDR-PERF-MPCTL: invalid request, no optimizations performed
01-01 00:19:32.466   635   635 E ANDR-PERF-TARGET: Error: Invalid logical cluster id 0
01-01 00:19:32.466   635   635 E ANDR-PERF-MPCTL: invalid request, no optimizations performed
01-01 00:19:32.482   635   635 E ANDR-PERF-TARGET: Error: Invalid logical cluster id 0
01-01 00:19:32.482   635   635 E ANDR-PERF-MPCTL: invalid request, no optimizations performed
01-01 00:19:32.499   635   635 E ANDR-PERF-TARGET: Error: Invalid logical cluster id 0
01-01 00:19:32.499   635   635 E ANDR-PERF-MPCTL: invalid request, no optimizations performed
01-01 00:19:32.516   635   635 E ANDR-PERF-TARGET: Error: Invalid logical cluster id 0
01-01 00:19:32.516   635   635 E ANDR-PERF-MPCTL: invalid request, no optimizations performed
01-01 00:19:32.532   635   635 E ANDR-PERF-TARGET: Error: Invalid logical cluster id 0
01-01 00:19:32.532   635   635 E ANDR-PERF-MPCTL: invalid request, no optimizations performed
01-01 00:19:32.549   635   635 E ANDR-PERF-TARGET: Error: Invalid logical cluster id 0
01-01 00:19:32.550   635   635 E ANDR-PERF-MPCTL: invalid request, no optimizations performed
01-01 00:19:32.566   635   635 E ANDR-PERF-TARGET: Error: Invalid logical cluster id 0
01-01 00:19:32.566   635   635 E ANDR-PERF-MPCTL: invalid request, no optimizations performed
01-01 00:19:32.582   635   635 E ANDR-PERF-TARGET: Error: Invalid logical cluster id 0
01-01 00:19:32.583   635   635 E ANDR-PERF-MPCTL: invalid request, no optimizations performed
01-01 00:19:32.584  1933  1933 I LCMANDR : SWR_OOB_HV_MF_009|FUN=ResourceMonitoringService::movingMemoryAverage|2|Moving memory average :26.163303
01-01 00:19:32.584  1933  1933 W LCMANDR : SWR_OOB_HV_MF_009|FUN=ResourceMonitoringService::getCpuUsageStatistic|Moving MEM AVG :::::::::26.163303
01-01 00:19:32.587  1933  1933 W LCMANDR : SWR_OOB_HV_MF_009|FUN=ResourceMonitoringService::getCpuUsageStatistic|2|Total cpu usage :35.864487
01-01 00:19:32.587  1933  1933 I LCMANDR : SWR_OOB_HV_MF_009|FUN=ResourceMonitoringService::getCpuUsageStatistic|Cpu usage of core  0 is39.130436
01-01 00:19:32.587  1933  1933 I LCMANDR : SWR_OOB_HV_MF_009|FUN=ResourceMonitoringService::getCpuUsageStatistic|Cpu usage of core  1 is35.19164
01-01 00:19:32.587  1933  1933 I LCMANDR : SWR_OOB_HV_MF_009|FUN=ResourceMonitoringService::getCpuUsageStatistic|Cpu usage of core  2 is33.447098
01-01 00:19:32.587  1933  1933 I LCMANDR : ResourceMonitoringService::movingCpuAverage()
01-01 00:19:32.587  1933  1933 I LCMANDR : SWR_OOB_HV_MF_009|FUN=ResourceMonitoringService::movingCpuAverage|2|Moving window average of CPU 32.113358
01-01 00:19:32.587  1933  1933 I LCMANDR : SWR_OOB_HV_MF_009|FUN=ResourceMonitoringService::movingCpuAverage|2|Cpu moving average of core  0 is33.147366
01-01 00:19:32.587  1933  1933 I LCMANDR : SWR_OOB_HV_MF_009|FUN=ResourceMonitoringService::movingCpuAverage|2|Cpu moving average of core  1 is29.016666
01-01 00:19:32.587  1933  1933 I LCMANDR : SWR_OOB_HV_MF_009|FUN=ResourceMonitoringService::movingCpuAverage|2|Cpu moving average of core  2 is34.149864
01-01 00:19:32.587  1933  1933 D LCMANDR : SWR_OOB_HV_MF_009|FUN=ResourceMonitoringService::movingCpuAverage|2|Exiting VAL = 32.113358
01-01 00:19:32.600   635   635 E ANDR-PERF-TARGET: Error: Invalid logical cluster id 0
01-01 00:19:32.600   635   635 E ANDR-PERF-MPCTL: invalid request, no optimizations performed
01-01 00:19:32.616   635   635 E ANDR-PERF-TARGET: Error: Invalid logical cluster id 0
01-01 00:19:32.616   635   635 E ANDR-PERF-MPCTL: invalid request, no optimizations performed
01-01 00:19:32.622   729   748 I sssv-lib: sendMsg enter
01-01 00:19:32.622   729   748 I sssv-lib: sendMsg complete.
01-01 00:19:32.633   635   635 E ANDR-PERF-TARGET: Error: Invalid logical cluster id 0
01-01 00:19:32.633   635   635 E ANDR-PERF-MPCTL: invalid request, no optimizations performed
01-01 00:19:32.649   635   635 E ANDR-PERF-TARGET: Error: Invalid logical cluster id 0
01-01 00:19:32.649   635   635 E ANDR-PERF-MPCTL: invalid request, no optimizations performed
01-01 00:19:32.666   635   635 E ANDR-PERF-TARGET: Error: Invalid logical cluster id 0
01-01 00:19:32.666   635   635 E ANDR-PERF-MPCTL: invalid request, no optimizations performed
01-01 00:19:32.683   635   635 E ANDR-PERF-TARGET: Error: Invalid logical cluster id 0
01-01 00:19:32.683   635   635 E ANDR-PERF-MPCTL: invalid request, no optimizations performed
01-01 00:19:32.699   635   635 E ANDR-PERF-TARGET: Error: Invalid logical cluster id 0
01-01 00:19:32.699   635   635 E ANDR-PERF-MPCTL: invalid request, no optimizations performed
01-01 00:19:32.716   635   635 E ANDR-PERF-TARGET: Error: Invalid logical cluster id 0
01-01 00:19:32.716   635   635 E ANDR-PERF-MPCTL: invalid request, no optimizations performed
01-01 00:19:32.733   635   635 E ANDR-PERF-TARGET: Error: Invalid logical cluster id 0
01-01 00:19:32.733   635   635 E ANDR-PERF-MPCTL: invalid request, no optimizations performed
01-01 00:19:32.750   635   635 E ANDR-PERF-TARGET: Error: Invalid logical cluster id 0
01-01 00:19:32.750   635   635 E ANDR-PERF-MPCTL: invalid request, no optimizations performed
01-01 00:19:32.766   635   635 E ANDR-PERF-TARGET: Error: Invalid logical cluster id 0
01-01 00:19:32.766   635   635 E ANDR-PERF-MPCTL: invalid request, no optimizations performed
01-01 00:19:32.784   635   635 E ANDR-PERF-TARGET: Error: Invalid logical cluster id 0
01-01 00:19:32.784   635   635 E ANDR-PERF-MPCTL: invalid request, no optimizations performed
01-01 00:19:32.800   635   635 E ANDR-PERF-TARGET: Error: Invalid logical cluster id 0
01-01 00:19:32.800   635   635 E ANDR-PERF-MPCTL: invalid request, no optimizations performed
01-01 00:19:32.817   635   635 E ANDR-PERF-TARGET: Error: Invalid logical cluster id 0
01-01 00:19:32.817   635   635 E ANDR-PERF-MPCTL: invalid request, no optimizations performed
01-01 00:19:32.833   635   635 E ANDR-PERF-TARGET: Error: Invalid logical cluster id 0
01-01 00:19:32.834   635   635 E ANDR-PERF-MPCTL: invalid request, no optimizations performed
01-01 00:19:32.850   635   635 E ANDR-PERF-TARGET: Error: Invalid logical cluster id 0
01-01 00:19:32.850   635   635 E ANDR-PERF-MPCTL: invalid request, no optimizations performed
01-01 00:19:32.867   635   635 E ANDR-PERF-TARGET: Error: Invalid logical cluster id 0
01-01 00:19:32.867   635   635 E ANDR-PERF-MPCTL: invalid request, no optimizations performed
01-01 00:19:32.884   635   635 E ANDR-PERF-TARGET: Error: Invalid logical cluster id 0
01-01 00:19:32.884   635   635 E ANDR-PERF-MPCTL: invalid request, no optimizations performed
01-01 00:19:32.900   635   635 E ANDR-PERF-TARGET: Error: Invalid logical cluster id 0
01-01 00:19:32.900   635   635 E ANDR-PERF-MPCTL: invalid request, no optimizations performed
01-01 00:19:32.917   635   635 E ANDR-PERF-TARGET: Error: Invalid logical cluster id 0
01-01 00:19:32.917   635   635 E ANDR-PERF-MPCTL: invalid request, no optimizations performed
01-01 00:19:32.934   635   635 E ANDR-PERF-TARGET: Error: Invalid logical cluster id 0
01-01 00:19:32.934   635   635 E ANDR-PERF-MPCTL: invalid request, no optimizations performed
01-01 00:19:32.951   635   635 E ANDR-PERF-TARGET: Error: Invalid logical cluster id 0
01-01 00:19:32.951   635   635 E ANDR-PERF-MPCTL: invalid request, no optimizations performed
01-01 00:19:32.967   635   635 E ANDR-PERF-TARGET: Error: Invalid logical cluster id 0
01-01 00:19:32.967   635   635 E ANDR-PERF-MPCTL: invalid request, no optimizations performed
01-01 00:19:32.984   635   635 E ANDR-PERF-TARGET: Error: Invalid logical cluster id 0
01-01 00:19:32.984   635   635 E ANDR-PERF-MPCTL: invalid request, no optimizations performed
01-01 00:19:33.000   635   635 E ANDR-PERF-TARGET: Error: Invalid logical cluster id 0
01-01 00:19:33.000   635   635 E ANDR-PERF-MPCTL: invalid request, no optimizations performed
01-01 00:19:33.017   635   635 E ANDR-PERF-TARGET: Error: Invalid logical cluster id 0
01-01 00:19:33.017   635   635 E ANDR-PERF-MPCTL: invalid request, no optimizations performed
01-01 00:19:33.034   635   635 E ANDR-PERF-TARGET: Error: Invalid logical cluster id 0
01-01 00:19:33.034   635   635 E ANDR-PERF-MPCTL: invalid request, no optimizations performed
01-01 00:19:33.050   635   635 E ANDR-PERF-TARGET: Error: Invalid logical cluster id 0
01-01 00:19:33.050   635   635 E ANDR-PERF-MPCTL: invalid request, no optimizations performed
01-01 00:19:33.067   635   635 E ANDR-PERF-TARGET: Error: Invalid logical cluster id 0
01-01 00:19:33.067   635   635 E ANDR-PERF-MPCTL: invalid request, no optimizations performed
01-01 00:19:33.080  1151  2234 I WifiService: startScan uid=1000
01-01 00:19:33.081  1151  1323 I WifiService: isScanAlwaysAvailable uid=1000
01-01 00:19:33.081  1151  1323 I WifiService: getWifiEnabledState uid=1000
01-01 00:19:33.084   635   635 E ANDR-PERF-TARGET: Error: Invalid logical cluster id 0
01-01 00:19:33.084   635   635 E ANDR-PERF-MPCTL: invalid request, no optimizations performed
01-01 00:19:33.085   635   635 E ANDR-PERF-TARGET: Error: Invalid logical cluster id 0
01-01 00:19:33.085   635   635 E ANDR-PERF-MPCTL: invalid request, no optimizations performed
01-01 00:19:33.100   635   635 E ANDR-PERF-TARGET: Error: Invalid logical cluster id 0
01-01 00:19:33.100   635   635 E ANDR-PERF-MPCTL: invalid request, no optimizations performed
01-01 00:19:33.117   635   635 E ANDR-PERF-TARGET: Error: Invalid logical cluster id 0
01-01 00:19:33.117   635   635 E ANDR-PERF-MPCTL: invalid request, no optimizations performed
01-01 00:19:33.134   635   635 E ANDR-PERF-TARGET: Error: Invalid logical cluster id 0
01-01 00:19:33.134   635   635 E ANDR-PERF-MPCTL: invalid request, no optimizations performed
01-01 00:19:33.151   635   635 E ANDR-PERF-TARGET: Error: Invalid logical cluster id 0
01-01 00:19:33.151   635   635 E ANDR-PERF-MPCTL: invalid request, no optimizations performed
01-01 00:19:33.167   635   635 E ANDR-PERF-TARGET: Error: Invalid logical cluster id 0
01-01 00:19:33.167   635   635 E ANDR-PERF-MPCTL: invalid request, no optimizations performed
01-01 00:19:33.184   635   635 E ANDR-PERF-TARGET: Error: Invalid logical cluster id 0
01-01 00:19:33.184   635   635 E ANDR-PERF-MPCTL: invalid request, no optimizations performed
01-01 00:19:33.200   635   635 E ANDR-PERF-TARGET: Error: Invalid logical cluster id 0
01-01 00:19:33.201   635   635 E ANDR-PERF-MPCTL: invalid request, no optimizations performed
01-01 00:19:33.218   635   635 E ANDR-PERF-TARGET: Error: Invalid logical cluster id 0
01-01 00:19:33.218   635   635 E ANDR-PERF-MPCTL: invalid request, no optimizations performed
01-01 00:19:33.234   635   635 E ANDR-PERF-TARGET: Error: Invalid logical cluster id 0
01-01 00:19:33.234   635   635 E ANDR-PERF-MPCTL: invalid request, no optimizations performed
01-01 00:19:33.251   635   635 E ANDR-PERF-TARGET: Error: Invalid logical cluster id 0
01-01 00:19:33.251   635   635 E ANDR-PERF-MPCTL: invalid request, no optimizations performed
01-01 00:19:33.267   635   635 E ANDR-PERF-TARGET: Error: Invalid logical cluster id 0
01-01 00:19:33.267   635   635 E ANDR-PERF-MPCTL: invalid request, no optimizations performed
01-01 00:19:33.279  3675  8182 W InteractionController: runAndwaitForEvents timed out waiting for events
01-01 00:19:33.285   635   635 E ANDR-PERF-TARGET: Error: Invalid logical cluster id 0
01-01 00:19:33.285   635   635 E ANDR-PERF-MPCTL: invalid request, no optimizations performed
01-01 00:19:33.293  3675  8182 I QueryController: Matched selector: UiSelector[SCROLLABLE=true, CHILD=UiSelector[TEXT=RSE_Test]] <<==>> [android.view.accessibility.AccessibilityNodeInfo@1170a1a; boundsInParent: Rect(0, 0 - 922, 77); boundsInScreen: Rect(353, 263 - 1275, 340); packageName: com.panasonic.hmi2settings; className: android.widget.TextView; text: RSE_Test; error: null; maxTextLength: -1; contentDescription: null; viewIdResName: com.panasonic.hmi2settings:id/tvConnectedWifi; checkable: false; checked: false; focusable: false; focused: false; selected: false; clickable: false; longClickable: false; contextClickable: false; enabled: true; password: false; scrollable: false; importantForAccessibility: true; actions: [AccessibilityAction: ACTION_SELECT - null, AccessibilityAction: ACTION_CLEAR_SELECTION - null, AccessibilityAction: ACTION_ACCESSIBILITY_FOCUS - null, AccessibilityAction: ACTION_NEXT_AT_MOVEMENT_GRANULARITY - null, AccessibilityAction: ACTION_PREVIOUS_AT_MOVEMENT_GRANULARITY - null, AccessibilityAction: ACTION_SET_SELECTION - null, AccessibilityAction: ACTION_SHOW_ON_SCREEN - null]]
01-01 00:19:33.301   635   635 E ANDR-PERF-TARGET: Error: Invalid logical cluster id 0
01-01 00:19:33.301   635   635 E ANDR-PERF-MPCTL: invalid request, no optimizations performed
01-01 00:19:33.318   635   635 E ANDR-PERF-TARGET: Error: Invalid logical cluster id 0
01-01 00:19:33.318   635   635 E ANDR-PERF-MPCTL: invalid request, no optimizations performed
01-01 00:19:33.329  1151  1317 I WifiConfigManager: No scan detail and linked configs associated with networkId 47
01-01 00:19:33.329  1151  1317 D WifiConfiguration: configKey: false
01-01 00:19:33.334   635   635 E ANDR-PERF-TARGET: Error: Invalid logical cluster id 0
01-01 00:19:33.334   635   635 E ANDR-PERF-MPCTL: invalid request, no optimizations performed
01-01 00:19:33.351   635   635 E ANDR-PERF-TARGET: Error: Invalid logical cluster id 0
01-01 00:19:33.351   635   635 E ANDR-PERF-MPCTL: invalid request, no optimizations performed
01-01 00:19:33.368   635   635 E ANDR-PERF-TARGET: Error: Invalid logical cluster id 0
01-01 00:19:33.368   635   635 E ANDR-PERF-MPCTL: invalid request, no optimizations performed
01-01 00:19:33.384   635   635 E ANDR-PERF-TARGET: Error: Invalid logical cluster id 0
01-01 00:19:33.384   635   635 E ANDR-PERF-MPCTL: invalid request, no optimizations performed
01-01 00:19:33.401   635   635 E ANDR-PERF-TARGET: Error: Invalid logical cluster id 0
01-01 00:19:33.401   635   635 E ANDR-PERF-MPCTL: invalid request, no optimizations performed
01-01 00:19:33.418   635   635 E ANDR-PERF-TARGET: Error: Invalid logical cluster id 0
01-01 00:19:33.418   635   635 E ANDR-PERF-MPCTL: invalid request, no optimizations performed
01-01 00:19:33.435   635   635 E ANDR-PERF-TARGET: Error: Invalid logical cluster id 0
01-01 00:19:33.435   635   635 E ANDR-PERF-MPCTL: invalid request, no optimizations performed
01-01 00:19:33.452   635   635 E ANDR-PERF-TARGET: Error: Invalid logical cluster id 0
01-01 00:19:33.452   635   635 E ANDR-PERF-MPCTL: invalid request, no optimizations performed
01-01 00:19:33.468   635   635 E ANDR-PERF-TARGET: Error: Invalid logical cluster id 0
01-01 00:19:33.468   635   635 E ANDR-PERF-MPCTL: invalid request, no optimizations performed
01-01 00:19:33.485   635   635 E ANDR-PERF-TARGET: Error: Invalid logical cluster id 0
01-01 00:19:33.485   635   635 E ANDR-PERF-MPCTL: invalid request, no optimizations performed
01-01 00:19:33.501   635   635 E ANDR-PERF-TARGET: Error: Invalid logical cluster id 0
01-01 00:19:33.501   635   635 E ANDR-PERF-MPCTL: invalid request, no optimizations performed
01-01 00:19:33.518   635   635 E ANDR-PERF-TARGET: Error: Invalid logical cluster id 0
01-01 00:19:33.518   635   635 E ANDR-PERF-MPCTL: invalid request, no optimizations performed
01-01 00:19:33.535   635   635 E ANDR-PERF-TARGET: Error: Invalid logical cluster id 0
01-01 00:19:33.535   635   635 E ANDR-PERF-MPCTL: invalid request, no optimizations performed
01-01 00:19:33.552   635   635 E ANDR-PERF-TARGET: Error: Invalid logical cluster id 0
01-01 00:19:33.552   635   635 E ANDR-PERF-MPCTL: invalid request, no optimizations performed
01-01 00:19:33.568   635   635 E ANDR-PERF-TARGET: Error: Invalid logical cluster id 0
01-01 00:19:33.568   635   635 E ANDR-PERF-MPCTL: invalid request, no optimizations performed
01-01 00:19:33.585   635   635 E ANDR-PERF-TARGET: Error: Invalid logical cluster id 0
01-01 00:19:33.585   635   635 E ANDR-PERF-MPCTL: invalid request, no optimizations performed
01-01 00:19:33.590  1933  1933 D LCMANDR : SWR_OOB_HV_MF_009|FUN=LifeCycleManagerService::getDAIAppAlivenessStatus|Aliveness:: DAIAPP HB DIFF = 2 [ DaimlerAppHBCounter ] = 457[ DaimlerAppHBCounterOld ] = 455
01-01 00:19:33.590  1933  1933 I LCMANDR : SWR_OOB_HV_MF_009|FUN=LifeCycleManagerService::getDAIAppAlivenessStatus|Aliveness::ANDROID HB IS VALID... setting OLD VAL, and resetting Fail Counter
01-01 00:19:33.591  1933  1933 I LCMANDR : SWR_OOB_HV_MF_009|FUN=LifeCycleManagerService::getDAIPID|DAIMLER APP(com.daimler.rse.ntg6) PID is [ 1519 ]
01-01 00:19:33.591  1933  1933 I LCMANDR : SWR_OOB_HV_MF_009|FUN=LifeCycleManagerService::getDAIAPPStatus|Aliveness::SAME PID! DAIAPP is not restarted
01-01 00:19:33.591  1933  1933 W LCMANDR : SWR_OOB_HV_MF_009|FUN=LifeCycleManagerService::getDAIAppAlivenessStatus|Aliveness::Status to send id : ALIVE
01-01 00:19:33.591  1933  1933 D LCMANDR : SWR_OOB_HV_MF_005|FUN=LifeCycleManagerService::sendPacketToLnx|data = [B@49dea62
01-01 00:19:33.592  1933  1933 D LCMANDR : SWR_OOB_HV_MF_009|FUN=LifeCycleManagerService::postAppsStatusInfo|Setting AppPacket info
01-01 00:19:33.592  1933  1933 I LCMANDR : SWR_OOB_HV_MF_009|FUN=AlivenessMonitoring::getRunningApps| packet sent
01-01 00:19:33.592  1933  1956 D LCMANDR : SWR_OOB_HV_MF_010|FUN=LifeCycleManagerService::RseNodeStateManagement|SEND_IGC_CB
01-01 00:19:33.592  1933  1956 I LCMANDR : SWR_OOB_HV_MF_005|FUN=LifeCycleManagerService::igcsendData|Call hit in RSENodeStateManagement::igcsendData
01-01 00:19:33.592  1933  1956 I LCMANDR : SWR_OOB_HV_MF_005|FUN=LifeCycleManagerService::igcsendData|SEND DATA LEN is : 15
01-01 00:19:33.592  1933  1956 I LCMANDR : SWR_OOB_HV_MF_007|FUN=LifeCycleManagerService::sendPacketFromIntentService|Package to send : [ 65, 0, 0, 0, 9, 0, 2, 0, 1, 0, 5, 65, 65, 0, 0, ]
01-01 00:19:33.592  1933  1956 I IGC     :  IGC::sendData ==> [ 65, 0, 0, 0, 9, 0, 2, 0, 1, 0, 5, 65, 65, 0, 0,  ]
01-01 00:19:33.592  1933  1956 I IGC     :  Igc::sendData data size is :: 15
01-01 00:19:33.592  1933  1956 D         : Enqueue: sem count = 1
01-01 00:19:33.592  1933  1956 I LCMANDR : SWR_OOB_HV_MF_007|FUN=LifeCycleManagerService::sendPacketFromIntentService|Sending Data to Linux is successful( [65, 0, 0, 0, 9, 0, 2, 0, 1, 0, 5, 65, 65, 0, 0] )
01-01 00:19:33.592  1933  1956 I LCMANDR : SWR_OOB_HV_MF_005|FUN=LifeCycleManagerService::igcsendData| DATA SEND SUCCESSFULLY 
01-01 00:19:33.602   635   635 E ANDR-PERF-TARGET: Error: Invalid logical cluster id 0
01-01 00:19:33.602   635   635 E ANDR-PERF-MPCTL: invalid request, no optimizations performed
01-01 00:19:33.618   635   635 E ANDR-PERF-TARGET: Error: Invalid logical cluster id 0
01-01 00:19:33.618   635   635 E ANDR-PERF-MPCTL: invalid request, no optimizations performed
01-01 00:19:33.623   729   748 I sssv-lib: sendMsg enter
01-01 00:19:33.623   729   748 I sssv-lib: sendMsg complete.
01-01 00:19:33.635   635   635 E ANDR-PERF-TARGET: Error: Invalid logical cluster id 0
01-01 00:19:33.635   635   635 E ANDR-PERF-MPCTL: invalid request, no optimizations performed
01-01 00:19:33.652   635   635 E ANDR-PERF-TARGET: Error: Invalid logical cluster id 0
01-01 00:19:33.652   635   635 E ANDR-PERF-MPCTL: invalid request, no optimizations performed
01-01 00:19:33.668   635   635 E ANDR-PERF-TARGET: Error: Invalid logical cluster id 0
01-01 00:19:33.669   635   635 E ANDR-PERF-MPCTL: invalid request, no optimizations performed
01-01 00:19:33.685   635   635 E ANDR-PERF-TARGET: Error: Invalid logical cluster id 0
01-01 00:19:33.685   635   635 E ANDR-PERF-MPCTL: invalid request, no optimizations performed
01-01 00:19:33.699   921  1439 I LOWI-8.5.0.3.c: [LOWI-Scan] lowi_close_record:Scan completed in 1153738ms and Recieved 45 APs scan results
01-01 00:19:33.699  1151  1416 D WificondControl: Scan result ready event
01-01 00:19:33.700  1151  1323 I WifiService: isScanAlwaysAvailable uid=1000
01-01 00:19:33.700  1151  1323 I WifiService: getWifiEnabledState uid=1000
01-01 00:19:33.702   635   635 E ANDR-PERF-TARGET: Error: Invalid logical cluster id 0
01-01 00:19:33.702   635   635 E ANDR-PERF-MPCTL: invalid request, no optimizations performed
01-01 00:19:33.702   808   808 I wificond: Enters wifigbk_ageOutHistory
01-01 00:19:33.706   921   961 I LOWI-8.5.0.3.c: [LOWIUtils] responseToOutPostcard - TO: GTP-FDAL, FROM:   LOWI-SERVER, RESP:  LOWI_ASYNC_DISCOVERY_SCAN_RESULTS
01-01 00:19:33.709  1151  1323 D WificondScannerImpl: Filtering out 4 scan results.
01-01 00:19:33.709  1151  1317 D WifiConfiguration: configKey: false
01-01 00:19:33.710  1151  1323 I WifiService: isScanAlwaysAvailable uid=1000
01-01 00:19:33.710  1151  1323 I WifiService: getWifiEnabledState uid=1000
01-01 00:19:33.713   924   979 W XTCC-6.1.2.10-a: [LOWIUtils] to_eScanTypeResponse - default case
01-01 00:19:33.714   924   979 W XTCC-6.1.2.10-a: [WifiScanner] WiFi scan result : [45] AP's, async result: 1
01-01 00:19:33.716  1151  1317 D ScanResultUtil: isScanResultForWapiPskNetwork: false
01-01 00:19:33.718  1151  1317 I chatty  : uid=1000(system) WifiStateMachin identical 48 lines
01-01 00:19:33.718  1151  1317 D ScanResultUtil: isScanResultForWapiPskNetwork: false
01-01 00:19:33.718   635   635 E ANDR-PERF-TARGET: Error: Invalid logical cluster id 0
01-01 00:19:33.718  1151  1317 D ScanResultUtil: isScanResultForWapiPskNetwork: false
01-01 00:19:33.718   635   635 E ANDR-PERF-MPCTL: invalid request, no optimizations performed
01-01 00:19:33.718  1151  1317 D ScanResultUtil: isScanResultForWapiPskNetwork: false
01-01 00:19:33.718  1151  1317 I chatty  : uid=1000(system) WifiStateMachin identical 1 line
01-01 00:19:33.718  1151  1317 D ScanResultUtil: isScanResultForWapiPskNetwork: false
01-01 00:19:33.719  2145  2145 D HMI_SERVICE: USE_CASE_NA|FUN=HmiApplication| [action] android.net.wifi.SCAN_RESULTS
01-01 00:19:33.719  3739  3739 E HMI2-SETTINGS - CI08.4: className -> WifiActivity | functionName -> mWifiScanReceiver -> onReceive | error ->intent_action:android.net.wifi.SCAN_RESULTS
01-01 00:19:33.720  1151  1416 I WifiService: getWifiEnabledState uid=1000
01-01 00:19:33.721  1151  2234 I WifiService: getConnectionInfo uid=1000
01-01 00:19:33.722  1151  1317 D ScanResultUtil: isScanResultForWapiPskNetwork: false
01-01 00:19:33.722  1151  1317 I chatty  : uid=1000(system) WifiStateMachin identical 17 lines
01-01 00:19:33.722  1151  1317 D ScanResultUtil: isScanResultForWapiPskNetwork: false
01-01 00:19:33.722  1151  2234 I WifiService: getConfiguredNetworks uid=1000
01-01 00:19:33.722  1151  1317 D ScanResultUtil: isScanResultForWapiPskNetwork: false
01-01 00:19:33.722  1151  1317 D WifiConfiguration: configKey: false
01-01 00:19:33.723  1151  1317 D WifiConfiguration: configKey: false
01-01 00:19:33.723  1151  1317 D ScanResultUtil: isScanResultForWapiPskNetwork: false
01-01 00:19:33.723  1151  1317 I chatty  : uid=1000(system) WifiStateMachin identical 4 lines
01-01 00:19:33.723  1151  1317 D ScanResultUtil: isScanResultForWapiPskNetwork: false
01-01 00:19:33.723  1151  1317 D WifiConfiguration: configKey: false
01-01 00:19:33.723  1151  1317 D WifiConfiguration: configKey: false
01-01 00:19:33.723  1151  1317 D ScanResultUtil: isScanResultForWapiPskNetwork: false
01-01 00:19:33.724  1151  1317 D WifiConfiguration: configKey: false
01-01 00:19:33.724  1151  1317 D WifiConfiguration: configKey: false
01-01 00:19:33.728  3739  3739 W HMI2-SETTINGS - CI08.4: className -> WifiActivity | functionName -> getSavedNetworkList | value -> config.netID ->47
01-01 00:19:33.729  3739  3739 W HMI2-SETTINGS - CI08.4: className -> WifiActivity | functionName -> getSavedNetworkList | value -> config.SSID ->"RSE_Test"
01-01 00:19:33.729  3739  3739 W HMI2-SETTINGS - CI08.4: className -> WifiActivity | functionName -> getSavedNetworkList | value -> config.BSSID ->null
01-01 00:19:33.729  3739  3739 W HMI2-SETTINGS: SWR_BAIDU_HMI_0027|SWR_BAIDU_HMI_0015|FUN=WifiActivity::getScanResults|1|Get list of available wifi hotspots.
01-01 00:19:33.735  1151  2234 I WifiService: getConnectionInfo uid=1000
01-01 00:19:33.736  3739  3739 W HMI2-SETTINGS - CI08.4: className -> WifiActivity | functionName -> isWapiVariantBlocked | value -> security_type:2
01-01 00:19:33.736  3739  3739 W HMI2-SETTINGS - CI08.4: className -> WifiActivity | functionName -> isInConnected | value -> RSE_Test|ACSIA_GUEST1|2|2
01-01 00:19:33.736  3739  3739 W HMI2-SETTINGS - CI08.4: className -> WifiActivity | functionName -> isWapiVariantBlocked | value -> security_type:2
01-01 00:19:33.736  3739  3739 W HMI2-SETTINGS - CI08.4: className -> WifiActivity | functionName -> isInConnected | value -> RSE_Test|ACSIA_CORP1|2|2
01-01 00:19:33.736  3739  3739 W HMI2-SETTINGS - CI08.4: className -> WifiActivity | functionName -> isWapiVariantBlocked | value -> security_type:2
01-01 00:19:33.736  3739  3739 W HMI2-SETTINGS - CI08.4: className -> WifiActivity | functionName -> isInConnected | value -> RSE_Test| ACSIA_CORP3|2|2
01-01 00:19:33.736  3739  3739 W HMI2-SETTINGS - CI08.4: className -> WifiActivity | functionName -> isWapiVariantBlocked | value -> security_type:2
01-01 00:19:33.736  3739  3739 W HMI2-SETTINGS - CI08.4: className -> WifiActivity | functionName -> isInConnected | value -> RSE_Test|ACSIA_Management|2|2
01-01 00:19:33.736  3739  3739 W HMI2-SETTINGS - CI08.4: className -> WifiActivity | functionName -> isWapiVariantBlocked | value -> security_type:2
01-01 00:19:33.736  3739  3739 W HMI2-SETTINGS - CI08.4: className -> WifiActivity | functionName -> isInConnected | value -> RSE_Test|ACSIA_CORP2|2|2
01-01 00:19:33.736  3739  3739 W HMI2-SETTINGS - CI08.4: className -> WifiActivity | functionName -> isWapiVariantBlocked | value -> security_type:2
01-01 00:19:33.736  3739  3739 W HMI2-SETTINGS - CI08.4: className -> WifiActivity | functionName -> isInConnected | value -> RSE_Test|ACSIA_DEV|2|2
01-01 00:19:33.736  3739  3739 W HMI2-SETTINGS - CI08.4: className -> WifiActivity | functionName -> isWapiVariantBlocked | value -> security_type:2
01-01 00:19:33.736  3739  3739 W HMI2-SETTINGS - CI08.4: className -> WifiActivity | functionName -> isInConnected | value -> RSE_Test|RSE_Test|2|2
01-01 00:19:33.736  3739  3739 W HMI2-SETTINGS - CI08.4: className -> WifiActivity | functionName -> isWapiVariantBlocked | value -> security_type:2
01-01 00:19:33.736  3739  3739 W HMI2-SETTINGS - CI08.4: className -> WifiActivity | functionName -> isInConnected | value -> RSE_Test|Secure|2|2
01-01 00:19:33.736  3739  3739 W HMI2-SETTINGS - CI08.4: className -> WifiActivity | functionName -> isWapiVariantBlocked | value -> security_type:2
01-01 00:19:33.736  3739  3739 W HMI2-SETTINGS - CI08.4: className -> WifiActivity | functionName -> isInConnected | value -> RSE_Test|NETGEAR66-5G|2|2
01-01 00:19:33.736  3739  3739 W HMI2-SETTINGS - CI08.4: className -> WifiActivity | functionName -> isWapiVariantBlocked | value -> security_type:2
01-01 00:19:33.736  3739  3739 W HMI2-SETTINGS - CI08.4: className -> WifiActivity | functionName -> isInConnected | value -> RSE_Test|ACSIA_CORP1|2|2
01-01 00:19:33.736  3739  3739 W HMI2-SETTINGS - CI08.4: className -> WifiActivity | functionName -> isWapiVariantBlocked | value -> security_type:2
01-01 00:19:33.737  3739  3739 W HMI2-SETTINGS - CI08.4: className -> WifiActivity | functionName -> isInConnected | value -> RSE_Test|ACSIA_GUEST1|2|2
01-01 00:19:33.737  3739  3739 W HMI2-SETTINGS - CI08.4: className -> WifiActivity | functionName -> isWapiVariantBlocked | value -> security_type:2
01-01 00:19:33.737  3739  3739 W HMI2-SETTINGS - CI08.4: className -> WifiActivity | functionName -> isInConnected | value -> RSE_Test|ACSIA_DEV|2|2
01-01 00:19:33.737  3739  3739 W HMI2-SETTINGS - CI08.4: className -> WifiActivity | functionName -> isWapiVariantBlocked | value -> security_type:2
01-01 00:19:33.737  3739  3739 W HMI2-SETTINGS - CI08.4: className -> WifiActivity | functionName -> isInConnected | value -> RSE_Test|ACSIA_CORP2|2|2
01-01 00:19:33.737  3739  3739 W HMI2-SETTINGS - CI08.4: className -> WifiActivity | functionName -> isWapiVariantBlocked | value -> security_type:2
01-01 00:19:33.737  3739  3739 W HMI2-SETTINGS - CI08.4: className -> WifiActivity | functionName -> isInConnected | value -> RSE_Test|ACSIA_Management|2|2
01-01 00:19:33.737  3739  3739 W HMI2-SETTINGS - CI08.4: className -> WifiActivity | functionName -> isWapiVariantBlocked | value -> security_type:2
01-01 00:19:33.737  3739  3739 W HMI2-SETTINGS - CI08.4: className -> WifiActivity | functionName -> isInConnected | value -> RSE_Test| ACSIA_CORP3|2|2
01-01 00:19:33.737  3739  3739 W HMI2-SETTINGS - CI08.4: className -> WifiActivity | functionName -> isWapiVariantBlocked | value -> security_type:2
01-01 00:19:33.737  3739  3739 W HMI2-SETTINGS - CI08.4: className -> WifiActivity | functionName -> isInConnected | value -> RSE_Test|RSE_Test|2|2
01-01 00:19:33.737  3739  3739 W HMI2-SETTINGS - CI08.4: className -> WifiActivity | functionName -> isWapiVariantBlocked | value -> security_type:2
01-01 00:19:33.737  3739  3739 W HMI2-SETTINGS - CI08.4: className -> WifiActivity | functionName -> isInConnected | value -> RSE_Test|DIRECT-vQINLT044msmJ|2|2
01-01 00:19:33.737  3739  3739 W HMI2-SETTINGS - CI08.4: className -> WifiActivity | functionName -> isWapiVariantBlocked | value -> security_type:2
01-01 00:19:33.737  3739  3739 W HMI2-SETTINGS - CI08.4: className -> WifiActivity | functionName -> isInConnected | value -> RSE_Test|DIRECT-DMATCLWI2064msNL|2|2
01-01 00:19:33.737  3739  3739 W HMI2-SETTINGS - CI08.4: className -> WifiActivity | functionName -> isWapiVariantBlocked | value -> security_type:2
01-01 00:19:33.737  3739  3739 W HMI2-SETTINGS - CI08.4: className -> WifiActivity | functionName -> isInConnected | value -> RSE_Test|AUTOMATION_TEST|2|2
01-01 00:19:33.737  3739  3739 W HMI2-SETTINGS - CI08.4: className -> WifiActivity | functionName -> isWapiVariantBlocked | value -> security_type:2
01-01 00:19:33.737  3739  3739 W HMI2-SETTINGS - CI08.4: className -> WifiActivity | functionName -> isInConnected | value -> RSE_Test|ACSIA_CORP1|2|2
01-01 00:19:33.737  3739  3739 W HMI2-SETTINGS - CI08.4: className -> WifiActivity | functionName -> isWapiVariantBlocked | value -> security_type:2
01-01 00:19:33.737  3739  3739 W HMI2-SETTINGS - CI08.4: className -> WifiActivity | functionName -> isInConnected | value -> RSE_Test|ACSIA_GUEST1|2|2
01-01 00:19:33.737  3739  3739 W HMI2-SETTINGS - CI08.4: className -> WifiActivity | functionName -> isWapiVariantBlocked | value -> security_type:2
01-01 00:19:33.737  3739  3739 W HMI2-SETTINGS - CI08.4: className -> WifiActivity | functionName -> isInConnected | value -> RSE_Test|ACSIA_DEV|2|2
01-01 00:19:33.737  3739  3739 W HMI2-SETTINGS - CI08.4: className -> WifiActivity | functionName -> isWapiVariantBlocked | value -> security_type:2
01-01 00:19:33.737  3739  3739 W HMI2-SETTINGS - CI08.4: className -> WifiActivity | functionName -> isInConnected | value -> RSE_Test|RSE_Test|2|2
01-01 00:19:33.738  3739  3739 W HMI2-SETTINGS - CI08.4: className -> WifiActivity | functionName -> isWapiVariantBlocked | value -> security_type:2
01-01 00:19:33.738  3739  3739 W HMI2-SETTINGS - CI08.4: className -> WifiActivity | functionName -> isInConnected | value -> RSE_Test|ACSIA_CORP2|2|2
01-01 00:19:33.738  3739  3739 W HMI2-SETTINGS - CI08.4: className -> WifiActivity | functionName -> isWapiVariantBlocked | value -> security_type:2
01-01 00:19:33.738  3739  3739 W HMI2-SETTINGS - CI08.4: className -> WifiActivity | functionName -> isInConnected | value -> RSE_Test| ACSIA_CORP3|2|2
01-01 00:19:33.738  3739  3739 W HMI2-SETTINGS - CI08.4: className -> WifiActivity | functionName -> isWapiVariantBlocked | value -> security_type:2
01-01 00:19:33.738  3739  3739 W HMI2-SETTINGS - CI08.4: className -> WifiActivity | functionName -> isInConnected | value -> RSE_Test|ACSIA_Management|2|2
01-01 00:19:33.738  3739  3739 W HMI2-SETTINGS - CI08.4: className -> WifiActivity | functionName -> isWapiVariantBlocked | value -> security_type:2
01-01 00:19:33.738  3739  3739 W HMI2-SETTINGS - CI08.4: className -> WifiActivity | functionName -> isInConnected | value -> RSE_Test|MB Hotspot 61185|2|2
01-01 00:19:33.738  3739  3739 W HMI2-SETTINGS - CI08.4: className -> WifiActivity | functionName -> handleAllAvailNetwork | value -> savedNetwork ->1
01-01 00:19:33.738  3739  3739 W HMI2-SETTINGS - CI08.4: className -> WifiActivity | functionName -> handleAllAvailNetwork | value -> presentVisibleNetwork ->24
01-01 00:19:33.741  1151  1416 I WifiService: getConnectionInfo uid=1000
01-01 00:19:33.743  1151  1416 I WifiService: getConnectionInfo uid=1000
01-01 00:19:33.744  3739  3739 W HMI2-SETTINGS - CI08.4: className -> WifiActivity | functionName -> setCurrentConfig | value ->  current->RSE_Test ConnectedSSID->RSE_Test
01-01 00:19:33.744  3739  3739 W HMI2-SETTINGS - CI08.4: className -> WifiActivity | functionName -> same ssid configuration | value ->  skip save
01-01 00:19:33.745  1151  1416 I WifiService: getConfiguredNetworks uid=1000
01-01 00:19:33.746  3739  3739 W HMI2-SETTINGS - CI08.4: className -> WifiActivity | functionName -> getConfig: success-> | value -> "RSE_Test"
01-01 00:19:33.746  3739  3739 W HMI2-SETTINGS - CI08.4: className -> WifiActivity | functionName -> getConnectSummary | value -> getConnectSummary* ID: 47 SSID: "RSE_Test" PROVIDER-NAME: null BSSID: null FQDN: null PRIO: 0 HIDDEN: false
01-01 00:19:33.746  3739  3739 W HMI2-SETTINGS - CI08.4:  NetworkSelectionStatus NETWORK_SELECTION_ENABLED
01-01 00:19:33.746  3739  3739 W HMI2-SETTINGS - CI08.4:  hasEverConnected: true
01-01 00:19:33.746  3739  3739 W HMI2-SETTINGS - CI08.4:  numAssociation 2
01-01 00:19:33.746  3739  3739 W HMI2-SETTINGS - CI08.4:  validatedInternetAccess
01-01 00:19:33.746  3739  3739 W HMI2-SETTINGS - CI08.4:  KeyMgmt: WPA_PSK Protocols: WPA RSN
01-01 00:19:33.746  3739  3739 W HMI2-SETTINGS - CI08.4:  AuthAlgorithms: OPEN
01-01 00:19:33.746  3739  3739 W HMI2-SETTINGS - CI08.4:  PairwiseCiphers: TKIP CCMP
01-01 00:19:33.746  3739  3739 W HMI2-SETTINGS - CI08.4:  GroupCiphers: TKIP CCMP
01-01 00:19:33.746  3739  3739 W HMI2-SETTINGS - CI08.4:  PSK: *
01-01 00:19:33.746  3739  3739 W HMI2-SETTINGS - CI08.4: 
01-01 00:19:33.746  3739  3739 W HMI2-SETTINGS - CI08.4:  sim_num 
01-01 00:19:33.746  3739  3739 W HMI2-SETTINGS - CI08.4: Enterprise config:
01-01 00:19:33.746  3739  3739 W HMI2-SETTINGS - CI08.4: IP config:
01-01 00:19:33.746  3739  3739 W HMI2-SETTINGS - CI08.4: IP assignment: DHCP
01-01 00:19:33.746  3739  3739 W HMI2-SETTINGS - CI08.4: Proxy settings: NONE
01-01 00:19:33.746  3739  3739 W HMI2-SETTINGS - CI08.4:  cuid=1000 cname=android.uid.system:1000 luid=1000 lname=android.uid.system:1000 lcuid=1000 userApproved=USER_UNSPECIFIED noInternetAccessExpected=false roamingFailureBlackListTimeMilli: 1000
01-01 00:19:33.746  3739  3739 W HMI2-SETTINGS - CI08.4: recentFailure: Association Rejection code: 0
01-01 00:19:33.746  3739  3739 W HMI2-SETTINGS - CI08.4: ShareThisAp: false
01-01 00:19:33.747  3739  3739 W HMI2-SETTINGS - CI08.4: className -> WifiActivity | functionName -> getConnectSummary : | value ->  Saved
01-01 00:19:33.802   635   635 E ANDR-PERF-TARGET: Error: Invalid logical cluster id 0
01-01 00:19:33.802   635   635 E ANDR-PERF-MPCTL: invalid request, no optimizations performed
01-01 00:19:34.137  1151  1416 D CompatibilityInfo: mCompatibilityFlags - 4
01-01 00:19:34.137  1151  1416 D CompatibilityInfo: applicationDensity - 240
01-01 00:19:34.137  1151  1416 D CompatibilityInfo: applicationScale - 1.0
01-01 00:19:34.139  2145  2145 D HMI_SERVICE: USE_CASE_NA|FUN=StoragedJobIntentService::onCreate|1|init
01-01 00:19:34.143  2145  3079 D HMI_SERVICE: USE_CASE_NA|FUN=StoragedJobIntentService::onHandleIntent|1|ACTION_MONITOR_APPS
01-01 00:19:34.143  2145  3079 I HMI_SERVICE: USE_CASE_NA|FUN=StoragedJobIntentService::onHandleIntent|1|msg:storageType:64totalWriteValue371974144
01-01 00:19:34.143  2145  3079 D HMI_SERVICE: USE_CASE_NA|FUN=StoragedJobIntentService::initMonitorApps|1|init
01-01 00:19:34.144  2145  3079 D HMI_SERVICE: USE_CASE_NA|FUN=EmmcUtils::getAppUid|1|uid:10027
01-01 00:19:34.144  2145  3079 D HMI_SERVICE: USE_CASE_NA|FUN=EmmcUtils::getAppUid|1|uid:10033
01-01 00:19:34.145  2677  2690 W ANDR_PERSISTENCY_CLIENT: SWR_PERSISTENCE_HV_LA_MF_0003|FUN=VCPUPersistenceService::executeLinuxCommand|0| init 
01-01 00:19:33.703   808   808 I wificond: Enters wifigbk_ageOutHistory
01-01 00:19:34.145  2677  2690 W ContextImpl: Calling a method in the system process without a qualified user: android.app.ContextImpl.startService:1476 android.content.ContextWrapper.startService:650 com.panasonic.dairse.vcpupersistence.VCPUPersistenceService$1.executeLinuxCommand:392 com.panasonic.dairse.vcpupersistence.IVCPUPersistenceService$Stub.onTransact:437 android.os.Binder.execTransact:706 
01-01 00:19:34.146  2145  2145 D HMI_SERVICE: USE_CASE_NA|FUN=StoragedJobIntentService::onDestroy|1|init
01-01 00:19:34.148  1151  2234 D CompatibilityInfo: mCompatibilityFlags - 4
01-01 00:19:34.148  1151  2234 D CompatibilityInfo: applicationDensity - 240
01-01 00:19:34.148  1151  2234 D CompatibilityInfo: applicationScale - 1.0
01-01 00:19:34.151  2677  8202 W ANDR_PERSISTENCY_CLIENT: SWR_PERSISTENCE_HV_LA_MF_0004|FUN=UT_VCPUService:: onHandleIntent |2| [action] 16
01-01 00:19:34.151  2677  8202 W ANDR_PERSISTENCY_CLIENT: SWR_PERSISTENCE_HV_LA_MF_0003|FUN=PersConnHandler:: executeLinuxCommand |2| [id] execute_procedure
01-01 00:19:34.152  2677  8202 W ANDR_PERSISTENCY_CLIENT: SWR_PERSISTENCE_HV_LA_MF_0005|FUN=TCPHandler:: getInstance |2|msg: invoked 
01-01 00:19:34.152  2677  8202 W ANDR_PERSISTENCY_CLIENT: SWR_PERSISTENCE_HV_LA_MF_0005|FUN=TCPHandler::sendWriteRequestToPersistenceLinux|2|key= 0commandKey= 5 data= [99, 97, 116, 32, 47, 112, 114, 111, 99, 47, 100, 105, 115, 107, 115, 116, 97, 116, 115]
01-01 00:19:34.152  2677  8202 W ANDR_PERSISTENCY_CLIENT: SWR_PERSISTENCE_HV_LA_MF_0005|FUN=TCPHandler:: getUID |2|msg: invoked 
01-01 00:19:34.152  2677  8202 W ANDR_PERSISTENCY_CLIENT: SWR_PERSISTENCE_HV_LA_MF_0005|FUN=TCPHandler:: setAction |2|msg:setAction=1
01-01 00:19:34.152  2677  8202 W ANDR_PERSISTENCY_CLIENT: SWR_PERSISTENCE_HV_LA_MF_0005|FUN=TCPHandler:: setUID |2|msg:uid=-85
01-01 00:19:34.152  2677  8202 W ANDR_PERSISTENCY_CLIENT: SWR_PERSISTENCE_HV_LA_MF_0005|FUN=TCPHandler:: setKey |2|msg:uid=-85
