01-01 00:47:05.872  1519  3627 V CinemoMediaEngine: L0 00:47:05.872 Z5 T3627 NmeHTTPConnectionTracker RequestStart(): 1 pending, 2 open connections
01-01 00:47:05.872  1519  3627 V CinemoMediaEngine: L0 00:47:05.872 Z5 T3627 NmeHTTPConnectionTracker RequestFinished(): 0 pending, 2 open connections
01-01 00:47:05.872  1519  3627 V CinemoMediaEngine: L0 00:47:05.872 Z5 T3627 NmeHTTPConnectionTracker Found and reusing an existing connection to 127.0.0.1:55566, source 127.0.0.1:40368
01-01 00:47:05.872  1519  3627 V CinemoMediaEngine: L0 00:47:05.872 Z5 T3627 NmeHTTPConnectionTracker RequestStart(): 1 pending, 2 open connections
01-01 00:47:05.873  1519  3627 V CinemoMediaEngine: L0 00:47:05.873 Z5 T3627 NmeHTTPConnectionTracker RequestFinished(): 0 pending, 2 open connections
01-01 00:47:05.873  1519  3627 D CinemoMediaEngine: L1 00:47:05.873 Z5 T3627 NmeVfsUPNP [0000007E52153700]->Wait()
01-01 00:47:05.941  1519  3633 D CinemoMediaEngine: L1 00:47:05.941 Z6 T3633 NmeVfsUPNP [0000007E6D528700]->Wait() returned due to timeout
01-01 00:47:05.941  1519  3633 D CinemoMediaEngine: L1 00:47:05.941 Z6 T3633 NmeVfsUPNP [0000007E6D528700]->CheckTimeouts()
01-01 00:47:05.942  1519  3633 V CinemoMediaEngine: L0 00:47:05.942 Z6 T3633 NmeHTTPConnectionTracker RequestStart(): 1 pending, 2 open connections
01-01 00:47:05.942  1519  3633 V CinemoMediaEngine: L0 00:47:05.942 Z6 T3633 NmeHTTPConnectionTracker RequestFinished(): 0 pending, 2 open connections
01-01 00:47:05.942  1519  3633 V CinemoMediaEngine: L0 00:47:05.942 Z6 T3633 NmeHTTPConnectionTracker Found and reusing an existing connection to 127.0.0.1:55566, source 127.0.0.1:40368
01-01 00:47:05.942  1519  3633 V CinemoMediaEngine: L0 00:47:05.942 Z6 T3633 NmeHTTPConnectionTracker RequestStart(): 1 pending, 2 open connections
01-01 00:47:05.943  1519  3633 V CinemoMediaEngine: L0 00:47:05.943 Z6 T3633 NmeHTTPConnectionTracker RequestFinished(): 0 pending, 2 open connections
01-01 00:47:05.943  1519  3633 D CinemoMediaEngine: L1 00:47:05.943 Z6 T3633 NmeVfsUPNP [0000007E6D528700]->Wait()
01-01 00:47:05.956  1519  3640 D CinemoMediaEngine: L1 00:47:05.956 Z7 T3640 NmeVfsUPNP [0000007E52156100]->Wait() returned due to timeout
01-01 00:47:05.957  1519  3640 D CinemoMediaEngine: L1 00:47:05.957 Z7 T3640 NmeVfsUPNP [0000007E52156100]->CheckTimeouts()
01-01 00:47:05.957  1519  3640 V CinemoMediaEngine: L0 00:47:05.957 Z7 T3640 NmeHTTPConnectionTracker RequestStart(): 1 pending, 2 open connections
01-01 00:47:05.957  1519  3640 V CinemoMediaEngine: L0 00:47:05.957 Z7 T3640 NmeHTTPConnectionTracker RequestFinished(): 0 pending, 2 open connections
01-01 00:47:05.957  1519  3640 V CinemoMediaEngine: L0 00:47:05.957 Z7 T3640 NmeHTTPConnectionTracker Found and reusing an existing connection to 127.0.0.1:55566, source 127.0.0.1:40368
01-01 00:47:05.957  1519  3640 V CinemoMediaEngine: L0 00:47:05.957 Z7 T3640 NmeHTTPConnectionTracker RequestStart(): 1 pending, 2 open connections
01-01 00:47:05.958  1519  3640 V CinemoMediaEngine: L0 00:47:05.958 Z7 T3640 NmeHTTPConnectionTracker RequestFinished(): 0 pending, 2 open connections
01-01 00:47:05.958  1519  3640 D CinemoMediaEngine: L1 00:47:05.958 Z7 T3640 NmeVfsUPNP [0000007E52156100]->Wait()
01-01 00:47:06.424   635   635 E ANDR-PERF-TARGET: Error: Invalid logical cluster id 0
01-01 00:47:06.424   635   635 E ANDR-PERF-MPCTL: invalid request, no optimizations performed
01-01 00:47:06.440   635   635 E ANDR-PERF-TARGET: Error: Invalid logical cluster id 0
01-01 00:47:06.440   635   635 E ANDR-PERF-MPCTL: invalid request, no optimizations performed
01-01 00:47:06.453   729   748 I sssv-lib: sendMsg enter
01-01 00:47:06.453   729   748 I sssv-lib: sendMsg complete.
01-01 00:47:06.457   635   635 E ANDR-PERF-TARGET: Error: Invalid logical cluster id 0
01-01 00:47:06.457   635   635 E ANDR-PERF-MPCTL: invalid request, no optimizations performed
01-01 00:47:06.473   635   635 E ANDR-PERF-TARGET: Error: Invalid logical cluster id 0
01-01 00:47:06.474   635   635 E ANDR-PERF-MPCTL: invalid request, no optimizations performed
01-01 00:47:06.490   635   635 E ANDR-PERF-TARGET: Error: Invalid logical cluster id 0
01-01 00:47:06.490   635   635 E ANDR-PERF-MPCTL: invalid request, no optimizations performed
01-01 00:47:06.491   635   635 E ANDR-PERF-TARGET: Error: Invalid logical cluster id 0
01-01 00:47:06.491   635   635 E ANDR-PERF-MPCTL: invalid request, no optimizations performed
01-01 00:47:06.507   635   635 E ANDR-PERF-TARGET: Error: Invalid logical cluster id 0
01-01 00:47:06.507   635   635 E ANDR-PERF-MPCTL: invalid request, no optimizations performed
01-01 00:47:06.524   635   635 E ANDR-PERF-TARGET: Error: Invalid logical cluster id 0
01-01 00:47:06.524   635   635 E ANDR-PERF-MPCTL: invalid request, no optimizations performed
01-01 00:47:06.540   635   635 E ANDR-PERF-TARGET: Error: Invalid logical cluster id 0
01-01 00:47:06.540   635   635 E ANDR-PERF-MPCTL: invalid request, no optimizations performed
01-01 00:47:06.557   635   635 E ANDR-PERF-TARGET: Error: Invalid logical cluster id 0
01-01 00:47:06.557   635   635 E ANDR-PERF-MPCTL: invalid request, no optimizations performed
01-01 00:47:06.574   635   635 E ANDR-PERF-TARGET: Error: Invalid logical cluster id 0
01-01 00:47:06.574   635   635 E ANDR-PERF-MPCTL: invalid request, no optimizations performed
01-01 00:47:06.590   635   635 E ANDR-PERF-TARGET: Error: Invalid logical cluster id 0
01-01 00:47:06.590   635   635 E ANDR-PERF-MPCTL: invalid request, no optimizations performed
01-01 00:47:06.607   635   635 E ANDR-PERF-TARGET: Error: Invalid logical cluster id 0
01-01 00:47:06.607   635   635 E ANDR-PERF-MPCTL: invalid request, no optimizations performed
01-01 00:47:06.624   635   635 E ANDR-PERF-TARGET: Error: Invalid logical cluster id 0
01-01 00:47:06.624   635   635 E ANDR-PERF-MPCTL: invalid request, no optimizations performed
01-01 00:47:06.640   635   635 E ANDR-PERF-TARGET: Error: Invalid logical cluster id 0
01-01 00:47:06.640   635   635 E ANDR-PERF-MPCTL: invalid request, no optimizations performed
01-01 00:47:06.657   635   635 E ANDR-PERF-TARGET: Error: Invalid logical cluster id 0
01-01 00:47:06.657   635   635 E ANDR-PERF-MPCTL: invalid request, no optimizations performed
01-01 00:47:06.674   635   635 E ANDR-PERF-TARGET: Error: Invalid logical cluster id 0
01-01 00:47:06.674   635   635 E ANDR-PERF-MPCTL: invalid request, no optimizations performed
01-01 00:47:06.685  3675 15204 W InteractionController: runAndwaitForEvents timed out waiting for events
01-01 00:47:06.691   635   635 E ANDR-PERF-TARGET: Error: Invalid logical cluster id 0
01-01 00:47:06.691   635   635 E ANDR-PERF-MPCTL: invalid request, no optimizations performed
01-01 00:47:06.694  3675 15204 D UiScrollable: scrollForward() on selector = UiSelector[SCROLLABLE=true]
01-01 00:47:06.701  3675 15204 I QueryController: Matched selector: UiSelector[SCROLLABLE=true] <<==>> [android.view.accessibility.AccessibilityNodeInfo@2cfc38f; boundsInParent: Rect(0, 0 - 1332, 889); boundsInScreen: Rect(305, 172 - 1637, 1061); packageName: com.panasonic.hmi2settings; className: android.widget.ScrollView; text: null; error: null; maxTextLength: -1; contentDescription: null; viewIdResName: com.panasonic.hmi2settings:id/scrollWifi; checkable: false; checked: false; focusable: true; focused: false; selected: false; clickable: false; longClickable: false; contextClickable: false; enabled: true; password: false; scrollable: true; importantForAccessibility: true; actions: [AccessibilityAction: ACTION_FOCUS - null, AccessibilityAction: ACTION_SELECT - null, AccessibilityAction: ACTION_CLEAR_SELECTION - null, AccessibilityAction: ACTION_ACCESSIBILITY_FOCUS - null, AccessibilityAction: ACTION_SCROLL_FORWARD - null, AccessibilityAction: ACTION_SHOW_ON_SCREEN - null]]
01-01 00:47:06.701  3675 15204 D InteractionController: scrollSwipe (971, 973, 971, 260, 55)
01-01 00:47:06.707   635   635 E ANDR-PERF-TARGET: Error: Invalid logical cluster id 0
01-01 00:47:06.707   635   635 E ANDR-PERF-MPCTL: invalid request, no optimizations performed
01-01 00:47:06.724   635   635 E ANDR-PERF-TARGET: Error: Invalid logical cluster id 0
01-01 00:47:06.724   635   635 E ANDR-PERF-MPCTL: invalid request, no optimizations performed
01-01 00:47:06.741   635   635 E ANDR-PERF-TARGET: Error: Invalid logical cluster id 0
01-01 00:47:06.741   635   635 E ANDR-PERF-MPCTL: invalid request, no optimizations performed
01-01 00:47:06.757   635   635 E ANDR-PERF-TARGET: Error: Invalid logical cluster id 0
01-01 00:47:06.757   635   635 E ANDR-PERF-MPCTL: invalid request, no optimizations performed
01-01 00:47:06.774   635   635 E ANDR-PERF-TARGET: Error: Invalid logical cluster id 0
01-01 00:47:06.774   635   635 E ANDR-PERF-MPCTL: invalid request, no optimizations performed
01-01 00:47:06.791   635   635 E ANDR-PERF-TARGET: Error: Invalid logical cluster id 0
01-01 00:47:06.791   635   635 E ANDR-PERF-MPCTL: invalid request, no optimizations performed
01-01 00:47:06.807   635   635 E ANDR-PERF-TARGET: Error: Invalid logical cluster id 0
01-01 00:47:06.808   635   635 E ANDR-PERF-MPCTL: invalid request, no optimizations performed
01-01 00:47:06.824   635   635 E ANDR-PERF-TARGET: Error: Invalid logical cluster id 0
01-01 00:47:06.824   635   635 E ANDR-PERF-MPCTL: invalid request, no optimizations performed
01-01 00:47:06.841   635   635 E ANDR-PERF-TARGET: Error: Invalid logical cluster id 0
01-01 00:47:06.841   635   635 E ANDR-PERF-MPCTL: invalid request, no optimizations performed
01-01 00:47:06.857   635   635 E ANDR-PERF-TARGET: Error: Invalid logical cluster id 0
01-01 00:47:06.858   635   635 E ANDR-PERF-MPCTL: invalid request, no optimizations performed
01-01 00:47:06.874   635   635 E ANDR-PERF-TARGET: Error: Invalid logical cluster id 0
01-01 00:47:06.874   635   635 E ANDR-PERF-MPCTL: invalid request, no optimizations performed
01-01 00:47:06.891   635   635 E ANDR-PERF-TARGET: Error: Invalid logical cluster id 0
01-01 00:47:06.891   635   635 E ANDR-PERF-MPCTL: invalid request, no optimizations performed
01-01 00:47:06.908   635   635 E ANDR-PERF-TARGET: Error: Invalid logical cluster id 0
01-01 00:47:06.908   635   635 E ANDR-PERF-MPCTL: invalid request, no optimizations performed
01-01 00:47:06.924   635   635 E ANDR-PERF-TARGET: Error: Invalid logical cluster id 0
01-01 00:47:06.924   635   635 E ANDR-PERF-MPCTL: invalid request, no optimizations performed
01-01 00:47:06.941   635   635 E ANDR-PERF-TARGET: Error: Invalid logical cluster id 0
01-01 00:47:06.941   635   635 E ANDR-PERF-MPCTL: invalid request, no optimizations performed
01-01 00:47:06.958   635   635 E ANDR-PERF-TARGET: Error: Invalid logical cluster id 0
01-01 00:47:06.958   635   635 E ANDR-PERF-MPCTL: invalid request, no optimizations performed
01-01 00:47:06.974   635   635 E ANDR-PERF-TARGET: Error: Invalid logical cluster id 0
01-01 00:47:06.974   635   635 E ANDR-PERF-MPCTL: invalid request, no optimizations performed
01-01 00:47:06.991   635   635 E ANDR-PERF-TARGET: Error: Invalid logical cluster id 0
01-01 00:47:06.991   635   635 E ANDR-PERF-MPCTL: invalid request, no optimizations performed
01-01 00:47:07.008   635   635 E ANDR-PERF-TARGET: Error: Invalid logical cluster id 0
01-01 00:47:07.008   635   635 E ANDR-PERF-MPCTL: invalid request, no optimizations performed
01-01 00:47:07.025   635   635 E ANDR-PERF-TARGET: Error: Invalid logical cluster id 0
01-01 00:47:07.025   635   635 E ANDR-PERF-MPCTL: invalid request, no optimizations performed
01-01 00:47:07.041   635   635 E ANDR-PERF-TARGET: Error: Invalid logical cluster id 0
01-01 00:47:07.041   635   635 E ANDR-PERF-MPCTL: invalid request, no optimizations performed
01-01 00:47:07.058   635   635 E ANDR-PERF-TARGET: Error: Invalid logical cluster id 0
01-01 00:47:07.058   635   635 E ANDR-PERF-MPCTL: invalid request, no optimizations performed
01-01 00:47:07.075   635   635 E ANDR-PERF-TARGET: Error: Invalid logical cluster id 0
01-01 00:47:07.075   635   635 E ANDR-PERF-MPCTL: invalid request, no optimizations performed
01-01 00:47:07.091   635   635 E ANDR-PERF-TARGET: Error: Invalid logical cluster id 0
01-01 00:47:07.091   635   635 E ANDR-PERF-MPCTL: invalid request, no optimizations performed
01-01 00:47:07.108   635   635 E ANDR-PERF-TARGET: Error: Invalid logical cluster id 0
01-01 00:47:07.108   635   635 E ANDR-PERF-MPCTL: invalid request, no optimizations performed
01-01 00:47:07.125   635   635 E ANDR-PERF-TARGET: Error: Invalid logical cluster id 0
01-01 00:47:07.125   635   635 E ANDR-PERF-MPCTL: invalid request, no optimizations performed
01-01 00:47:07.141   635   635 E ANDR-PERF-TARGET: Error: Invalid logical cluster id 0
01-01 00:47:07.142   635   635 E ANDR-PERF-MPCTL: invalid request, no optimizations performed
01-01 00:47:07.158   635   635 E ANDR-PERF-TARGET: Error: Invalid logical cluster id 0
01-01 00:47:07.158   635   635 E ANDR-PERF-MPCTL: invalid request, no optimizations performed
01-01 00:47:07.166   625   625 D WifiHAL : Start get packet fate command
01-01 00:47:07.166   625   625 D WifiHAL : createRequest Get Tx packet fate request
01-01 00:47:07.167   625   625 E WifiHAL : Failed to register get pkt fate response; result = -95
01-01 00:47:07.167  1151  1317 E WifiVendorHal: getTxPktFates(l.2067) failed {.code = ERROR_UNKNOWN, .description = errno: -95 (Unknown error -95)}
01-01 00:47:07.168   625   625 D WifiHAL : Start get packet fate command
01-01 00:47:07.168   625   625 D WifiHAL : createRequest Get Rx packet fate request
01-01 00:47:07.168   625   625 E WifiHAL : Failed to register get pkt fate response; result = -95
01-01 00:47:07.168  1151  1317 E WifiVendorHal: getRxPktFates(l.2107) failed {.code = ERROR_UNKNOWN, .description = errno: -95 (Unknown error -95)}
01-01 00:47:07.175   635   635 E ANDR-PERF-TARGET: Error: Invalid logical cluster id 0
01-01 00:47:07.175   635   635 E ANDR-PERF-MPCTL: invalid request, no optimizations performed
01-01 00:47:07.192   635   635 E ANDR-PERF-TARGET: Error: Invalid logical cluster id 0
01-01 00:47:07.192   635   635 E ANDR-PERF-MPCTL: invalid request, no optimizations performed
01-01 00:47:07.208   635   635 E ANDR-PERF-TARGET: Error: Invalid logical cluster id 0
01-01 00:47:07.208   635   635 E ANDR-PERF-MPCTL: invalid request, no optimizations performed
01-01 00:47:07.225   635   635 E ANDR-PERF-TARGET: Error: Invalid logical cluster id 0
01-01 00:47:07.225   635   635 E ANDR-PERF-MPCTL: invalid request, no optimizations performed
01-01 00:47:07.228   625   625 D WifiHAL : Start get packet fate command
01-01 00:47:07.229   625   625 D WifiHAL : createRequest Get Tx packet fate request
01-01 00:47:07.229   625   625 E WifiHAL : Failed to register get pkt fate response; result = -95
01-01 00:47:07.230  1151  1317 E WifiVendorHal: getTxPktFates(l.2067) failed {.code = ERROR_UNKNOWN, .description = errno: -95 (Unknown error -95)}
01-01 00:47:07.231   625   625 D WifiHAL : Start get packet fate command
01-01 00:47:07.231   625   625 D WifiHAL : createRequest Get Rx packet fate request
01-01 00:47:07.231   625   625 E WifiHAL : Failed to register get pkt fate response; result = -95
01-01 00:47:07.232  1151  1317 E WifiVendorHal: getRxPktFates(l.2107) failed {.code = ERROR_UNKNOWN, .description = errno: -95 (Unknown error -95)}
01-01 00:47:07.242   635   635 E ANDR-PERF-TARGET: Error: Invalid logical cluster id 0
01-01 00:47:07.242   635   635 E ANDR-PERF-MPCTL: invalid request, no optimizations performed
01-01 00:47:07.258   635   635 E ANDR-PERF-TARGET: Error: Invalid logical cluster id 0
01-01 00:47:07.259   635   635 E ANDR-PERF-MPCTL: invalid request, no optimizations performed
01-01 00:47:07.275   635   635 E ANDR-PERF-TARGET: Error: Invalid logical cluster id 0
01-01 00:47:07.275   635   635 E ANDR-PERF-MPCTL: invalid request, no optimizations performed
01-01 00:47:07.292   635   635 E ANDR-PERF-TARGET: Error: Invalid logical cluster id 0
01-01 00:47:07.292   635   635 E ANDR-PERF-MPCTL: invalid request, no optimizations performed
01-01 00:47:07.309   635   635 E ANDR-PERF-TARGET: Error: Invalid logical cluster id 0
01-01 00:47:07.309   635   635 E ANDR-PERF-MPCTL: invalid request, no optimizations performed
01-01 00:47:07.325   635   635 E ANDR-PERF-TARGET: Error: Invalid logical cluster id 0
01-01 00:47:07.325   635   635 E ANDR-PERF-MPCTL: invalid request, no optimizations performed
01-01 00:47:07.342   635   635 E ANDR-PERF-TARGET: Error: Invalid logical cluster id 0
01-01 00:47:07.342   635   635 E ANDR-PERF-MPCTL: invalid request, no optimizations performed
01-01 00:47:07.359   635   635 E ANDR-PERF-TARGET: Error: Invalid logical cluster id 0
01-01 00:47:07.359   635   635 E ANDR-PERF-MPCTL: invalid request, no optimizations performed
01-01 00:47:07.375   635   635 E ANDR-PERF-TARGET: Error: Invalid logical cluster id 0
01-01 00:47:07.375   635   635 E ANDR-PERF-MPCTL: invalid request, no optimizations performed
01-01 00:47:07.392   635   635 E ANDR-PERF-TARGET: Error: Invalid logical cluster id 0
01-01 00:47:07.392   635   635 E ANDR-PERF-MPCTL: invalid request, no optimizations performed
01-01 00:47:07.409   635   635 E ANDR-PERF-TARGET: Error: Invalid logical cluster id 0
01-01 00:47:07.409   635   635 E ANDR-PERF-MPCTL: invalid request, no optimizations performed
01-01 00:47:07.425   635   635 E ANDR-PERF-TARGET: Error: Invalid logical cluster id 0
01-01 00:47:07.426   635   635 E ANDR-PERF-MPCTL: invalid request, no optimizations performed
01-01 00:47:07.442   635   635 E ANDR-PERF-TARGET: Error: Invalid logical cluster id 0
01-01 00:47:07.442   635   635 E ANDR-PERF-MPCTL: invalid request, no optimizations performed
01-01 00:47:07.454   729   748 I sssv-lib: sendMsg enter
01-01 00:47:07.454   729   748 I sssv-lib: sendMsg complete.
01-01 00:47:07.459   635   635 E ANDR-PERF-TARGET: Error: Invalid logical cluster id 0
01-01 00:47:07.459   635   635 E ANDR-PERF-MPCTL: invalid request, no optimizations performed
01-01 00:47:07.476   635   635 E ANDR-PERF-TARGET: Error: Invalid logical cluster id 0
01-01 00:47:07.476   635   635 E ANDR-PERF-MPCTL: invalid request, no optimizations performed
01-01 00:47:07.492   635   635 E ANDR-PERF-TARGET: Error: Invalid logical cluster id 0
01-01 00:47:07.492   635   635 E ANDR-PERF-MPCTL: invalid request, no optimizations performed
01-01 00:47:07.509   635   635 E ANDR-PERF-TARGET: Error: Invalid logical cluster id 0
01-01 00:47:07.509   635   635 E ANDR-PERF-MPCTL: invalid request, no optimizations performed
01-01 00:47:07.526   635   635 E ANDR-PERF-TARGET: Error: Invalid logical cluster id 0
01-01 00:47:07.526   635   635 E ANDR-PERF-MPCTL: invalid request, no optimizations performed
01-01 00:47:07.542   635   635 E ANDR-PERF-TARGET: Error: Invalid logical cluster id 0
01-01 00:47:07.542   635   635 E ANDR-PERF-MPCTL: invalid request, no optimizations performed
01-01 00:47:07.559   635   635 E ANDR-PERF-TARGET: Error: Invalid logical cluster id 0
01-01 00:47:07.559   635   635 E ANDR-PERF-MPCTL: invalid request, no optimizations performed
01-01 00:47:07.576   635   635 E ANDR-PERF-TARGET: Error: Invalid logical cluster id 0
01-01 00:47:07.576   635   635 E ANDR-PERF-MPCTL: invalid request, no optimizations performed
01-01 00:47:07.593   635   635 E ANDR-PERF-TARGET: Error: Invalid logical cluster id 0
01-01 00:47:07.593   635   635 E ANDR-PERF-MPCTL: invalid request, no optimizations performed
01-01 00:47:07.609   635   635 E ANDR-PERF-TARGET: Error: Invalid logical cluster id 0
01-01 00:47:07.609   635   635 E ANDR-PERF-MPCTL: invalid request, no optimizations performed
01-01 00:47:07.609   635   635 E ANDR-PERF-TARGET: Error: Invalid logical cluster id 0
01-01 00:47:07.610   635   635 E ANDR-PERF-MPCTL: invalid request, no optimizations performed
01-01 00:47:07.626   635   635 E ANDR-PERF-TARGET: Error: Invalid logical cluster id 0
01-01 00:47:07.626   635   635 E ANDR-PERF-MPCTL: invalid request, no optimizations performed
01-01 00:47:07.643   635   635 E ANDR-PERF-TARGET: Error: Invalid logical cluster id 0
01-01 00:47:07.643   635   635 E ANDR-PERF-MPCTL: invalid request, no optimizations performed
01-01 00:47:07.659   635   635 E ANDR-PERF-TARGET: Error: Invalid logical cluster id 0
01-01 00:47:07.660   635   635 E ANDR-PERF-MPCTL: invalid request, no optimizations performed
01-01 00:47:07.676   635   635 E ANDR-PERF-TARGET: Error: Invalid logical cluster id 0
01-01 00:47:07.676   635   635 E ANDR-PERF-MPCTL: invalid request, no optimizations performed
01-01 00:47:07.693   635   635 E ANDR-PERF-TARGET: Error: Invalid logical cluster id 0
01-01 00:47:07.693   635   635 E ANDR-PERF-MPCTL: invalid request, no optimizations performed
01-01 00:47:07.709   635   635 E ANDR-PERF-TARGET: Error: Invalid logical cluster id 0
01-01 00:47:07.710   635   635 E ANDR-PERF-MPCTL: invalid request, no optimizations performed
01-01 00:47:07.726   635   635 E ANDR-PERF-TARGET: Error: Invalid logical cluster id 0
01-01 00:47:07.726   635   635 E ANDR-PERF-MPCTL: invalid request, no optimizations performed
01-01 00:47:07.743   635   635 E ANDR-PERF-TARGET: Error: Invalid logical cluster id 0
01-01 00:47:07.743   635   635 E ANDR-PERF-MPCTL: invalid request, no optimizations performed
01-01 00:47:07.760   635   635 E ANDR-PERF-TARGET: Error: Invalid logical cluster id 0
01-01 00:47:07.760   635   635 E ANDR-PERF-MPCTL: invalid request, no optimizations performed
01-01 00:47:07.776   635   635 E ANDR-PERF-TARGET: Error: Invalid logical cluster id 0
01-01 00:47:07.776   635   635 E ANDR-PERF-MPCTL: invalid request, no optimizations performed
01-01 00:47:07.793   635   635 E ANDR-PERF-TARGET: Error: Invalid logical cluster id 0
01-01 00:47:07.793   635   635 E ANDR-PERF-MPCTL: invalid request, no optimizations performed
01-01 00:47:07.805  3675 15204 W InteractionController: runAndwaitForEvents timed out waiting for events
01-01 00:47:07.805  3675 15204 D InteractionController: Vertical scrollSwipe reached scroll end: false
01-01 00:47:07.810   635   635 E ANDR-PERF-TARGET: Error: Invalid logical cluster id 0
01-01 00:47:07.810   635   635 E ANDR-PERF-MPCTL: invalid request, no optimizations performed
01-01 00:47:07.826   635   635 E ANDR-PERF-TARGET: Error: Invalid logical cluster id 0
01-01 00:47:07.827   635   635 E ANDR-PERF-MPCTL: invalid request, no optimizations performed
01-01 00:47:07.843   635   635 E ANDR-PERF-TARGET: Error: Invalid logical cluster id 0
01-01 00:47:07.843   635   635 E ANDR-PERF-MPCTL: invalid request, no optimizations performed
01-01 00:47:07.860   635   635 E ANDR-PERF-TARGET: Error: Invalid logical cluster id 0
01-01 00:47:07.860   635   635 E ANDR-PERF-MPCTL: invalid request, no optimizations performed
01-01 00:47:07.868  1933  1957 D LCMANDR : SWR_OOB_HV_MF_009|FUN=LifeCycleManagerService::LifeCycle_ReportCompStatus|GOT ALIVENESS SIGNAL FROM DAIAPP : [0]; HB Counter = [ 1117 ]; STATUS INFO = [ 0 ]
01-01 00:47:07.868  1519  1964 I Connectivity_AIDL|AIDL_Handler.AIDL_Helpers.LcmHelper: MBUX App Method: KeepAliveTest |Line No: 408 |Log Type: Critical |Message: ChildThread:MBUX-App HB Count: 1119, ResponseCode: 0
01-01 00:47:07.876   635   635 E ANDR-PERF-TARGET: Error: Invalid logical cluster id 0
01-01 00:47:07.877   635   635 E ANDR-PERF-MPCTL: invalid request, no optimizations performed
01-01 00:47:07.893   635   635 E ANDR-PERF-TARGET: Error: Invalid logical cluster id 0
01-01 00:47:07.893   635   635 E ANDR-PERF-MPCTL: invalid request, no optimizations performed
01-01 00:47:07.902  1933  1933 I LCMANDR : SWR_OOB_HV_MF_009|FUN=ResourceMonitoringService::movingMemoryAverage|2|Moving memory average :29.93783
01-01 00:47:07.902  1933  1933 W LCMANDR : SWR_OOB_HV_MF_009|FUN=ResourceMonitoringService::getCpuUsageStatistic|Moving MEM AVG :::::::::29.93783
01-01 00:47:07.904  1933  1933 W LCMANDR : SWR_OOB_HV_MF_009|FUN=ResourceMonitoringService::getCpuUsageStatistic|2|Total cpu usage :29.411766
01-01 00:47:07.904  1933  1933 I LCMANDR : SWR_OOB_HV_MF_009|FUN=ResourceMonitoringService::getCpuUsageStatistic|Cpu usage of core  0 is36.54485
01-01 00:47:07.904  1933  1933 I LCMANDR : SWR_OOB_HV_MF_009|FUN=ResourceMonitoringService::getCpuUsageStatistic|Cpu usage of core  1 is26.923079
01-01 00:47:07.904  1933  1933 I LCMANDR : SWR_OOB_HV_MF_009|FUN=ResourceMonitoringService::getCpuUsageStatistic|Cpu usage of core  2 is24.579124
01-01 00:47:07.904  1933  1933 I LCMANDR : ResourceMonitoringService::movingCpuAverage()
01-01 00:47:07.904  1933  1933 I LCMANDR : SWR_OOB_HV_MF_009|FUN=ResourceMonitoringService::movingCpuAverage|2|Moving window average of CPU 23.998568
01-01 00:47:07.904  1933  1933 I LCMANDR : SWR_OOB_HV_MF_009|FUN=ResourceMonitoringService::movingCpuAverage|2|Cpu moving average of core  0 is27.005676
01-01 00:47:07.904  1933  1933 I LCMANDR : SWR_OOB_HV_MF_009|FUN=ResourceMonitoringService::movingCpuAverage|2|Cpu moving average of core  1 is20.641714
01-01 00:47:07.904  1933  1933 I LCMANDR : SWR_OOB_HV_MF_009|FUN=ResourceMonitoringService::movingCpuAverage|2|Cpu moving average of core  2 is24.196888
01-01 00:47:07.904  1933  1933 D LCMANDR : SWR_OOB_HV_MF_009|FUN=ResourceMonitoringService::movingCpuAverage|2|Exiting VAL = 23.998568
01-01 00:47:07.910   635   635 E ANDR-PERF-TARGET: Error: Invalid logical cluster id 0
01-01 00:47:07.910   635   635 E ANDR-PERF-MPCTL: invalid request, no optimizations performed
01-01 00:47:07.927   635   635 E ANDR-PERF-TARGET: Error: Invalid logical cluster id 0
01-01 00:47:07.927   635   635 E ANDR-PERF-MPCTL: invalid request, no optimizations performed
01-01 00:47:07.943   635   635 E ANDR-PERF-TARGET: Error: Invalid logical cluster id 0
01-01 00:47:07.944   635   635 E ANDR-PERF-MPCTL: invalid request, no optimizations performed
01-01 00:47:07.960   635   635 E ANDR-PERF-TARGET: Error: Invalid logical cluster id 0
01-01 00:47:07.960   635   635 E ANDR-PERF-MPCTL: invalid request, no optimizations performed
01-01 00:47:07.977   635   635 E ANDR-PERF-TARGET: Error: Invalid logical cluster id 0
01-01 00:47:07.977   635   635 E ANDR-PERF-MPCTL: invalid request, no optimizations performed
01-01 00:47:08.454   729   748 I sssv-lib: sendMsg enter
01-01 00:47:08.454   729   748 I sssv-lib: sendMsg complete.
01-01 00:47:08.527  3675 15204 I QueryController: Matched selector: UiSelector[SCROLLABLE=true, CHILD=UiSelector[TEXT=RSE_Test]] <<==>> [android.view.accessibility.AccessibilityNodeInfo@2d0d959; boundsInParent: Rect(0, 0 - 1078, 77); boundsInScreen: Rect(354, 497 - 1431, 574); packageName: com.panasonic.hmi2settings; className: android.widget.TextView; text: RSE_Test; error: null; maxTextLength: -1; contentDescription: null; viewIdResName: com.panasonic.hmi2settings:id/wifiName; checkable: false; checked: false; focusable: false; focused: false; selected: false; clickable: false; longClickable: false; contextClickable: false; enabled: true; password: false; scrollable: false; importantForAccessibility: true; actions: [AccessibilityAction: ACTION_SELECT - null, AccessibilityAction: ACTION_CLEAR_SELECTION - null, AccessibilityAction: ACTION_ACCESSIBILITY_FOCUS - null, AccessibilityAction: ACTION_NEXT_AT_MOVEMENT_GRANULARITY - null, AccessibilityAction: ACTION_PREVIOUS_AT_MOVEMENT_GRANULARITY - null, AccessibilityAction: ACTION_SET_SELECTION - null, AccessibilityAction: ACTION_SHOW_ON_SCREEN - null]]
01-01 00:47:08.537  3675 15205 D UIAutomatorStub: URI: /jsonrpc/0, Method: POST, Header: {content-length=176, remote-addr=127.0.0.1, http-client-ip=127.0.0.1, host=localhost:9009, content-type=application/json, connection=close, accept-encoding=identity, user-agent=Python-urllib/2.7}, params, {NanoHttpd.QUERY_STRING=null}, files: {postData={"params": [{"childOrSiblingSelector": [], "text": "RSE_Test", "mask": 1, "childOrSibling": []}], "jsonrpc": "2.0", "method": "click", "id": "b6b8fc563086c9537e8995aeb0ec972f"}}
01-01 00:47:08.597  3739  3739 W HMI2-SETTINGS - CI08.4: className -> WifiAdapter | functionName -> onBindViewHolder | value -> allWifiList.get(position).getSecurityType() : wifiNametrue
01-01 00:47:08.597  3675 15206 D UIAutomatorStub: URI: /jsonrpc/0, Method: POST, Header: {content-length=213, remote-addr=127.0.0.1, http-client-ip=127.0.0.1, host=localhost:9009, content-type=application/json, connection=close, accept-encoding=identity, user-agent=Python-urllib/2.7}, params, {NanoHttpd.QUERY_STRING=null}, files: {postData={"params": [{"childOrSiblingSelector": [], "className": "android.widget.EditText", "mask": 16, "childOrSibling": []}, "Secure7@55"], "jsonrpc": "2.0", "method": "setText", "id": "8612b0b5eb6d057f04a1603ecf3650e2"}}
01-01 00:47:08.597  3739  3739 W HMI2-SETTINGS - CI08.4: className -> WifiActivity | functionName -> onWifiClick | value -> getSecurityType ->true
01-01 00:47:08.604  3739  3739 D View    : setSystemUiVisibility: creating intent for action ACTION_ACTIVITY_FULLSCREEN
01-01 00:47:04.861   808   808 I wificond: Enters wifigbk_ageOutHistory
01-01 00:47:08.604  3739  3739 W ContextImpl: Calling a method in the system process without a qualified user: android.app.ContextImpl.startService:1476 android.content.ContextWrapper.startService:650 android.view.View.setSystemUiVisibility:22653 com.panasonic.hmi2settings.activity.WifiActivity.connectToWifi:1215 com.panasonic.hmi2settings.activity.WifiActivity.onWifiClick:522 
01-01 00:47:08.606  1151  2231 D CompatibilityInfo: mCompatibilityFlags - 4
01-01 00:47:08.607  1151  2231 D CompatibilityInfo: applicationDensity - 240
01-01 00:47:08.607  1151  2231 D CompatibilityInfo: applicationScale - 1.0
01-01 00:47:08.608  3739  3739 D View    : setSystemUiVisibility: startService done
01-01 00:47:08.611   635   635 E ANDR-PERF-TARGET: Error: Invalid logical cluster id 0
01-01 00:47:08.611   635   635 E ANDR-PERF-MPCTL: invalid request, no optimizations performed
01-01 00:47:08.617  1151  2233 D WindowManager: addToDisplay >>> FLAG_FULLSCREEN not set in WindowManager.LayoutParams
01-01 00:47:08.617  1151  2233 D WindowManager: startStatusReceiverServiceOnFlagSet: creating intent for action ACTION_ACTIVITY_FULLSCREEN
01-01 00:47:08.617  1151  2233 W ContextImpl: Calling a method in the system process without a qualified user: android.app.ContextImpl.startService:1476 com.android.server.wm.Session.startStatusReceiverServiceOnFlagSet:762 com.android.server.wm.Session.addToDisplay:217 android.view.IWindowSession$Stub.onTransact:124 com.android.server.wm.Session.onTransact:166 
01-01 00:47:08.617  1151  2233 D WindowManager: startStatusReceiverServiceOnFlagSet: startService done
01-01 00:47:08.619  1392  1392 W SYSTEM_UI: SWR_SYSTEM_UI_007|FUN=CollapsedStatusBarFragment::getAction |1|Broadcast action --> STATUS_UPDATE_ACTION
01-01 00:47:08.619  1392  1392 W SYSTEM_UI: SWR_SYSTEM_UI_007|FUN=CollapsedStatusBarFragment::getIntExtra |1|NotifySystemUpdates dataType --> 101
01-01 00:47:08.619  1392  1392 W SYSTEM_UI - CI07.3: className -> CollapsedStatusBarFragment | functionName -> NotifySystemUpdates | onReceive -->  | value -> FULLSCREEN MODE CHANGED | isFullScreenStatus --> false | fullScreenPackage -->com.panasonic.hmi2settings | fullscreenLastShownPackage -->null | topActivityPackage --> com.panasonic.hmi2settings
01-01 00:47:08.619  1392  1392 W SYSTEM_UI - CI07.3: className -> CollapsedStatusBarFragment | functionName -> NotifySystemUpdates | onReceive -->  | value -> Fullscreen mode changed --> path 5
01-01 00:47:08.621  1392  1392 W SYSTEM_UI: SWR_SYSTEM_UI_007|FUN=CollapsedStatusBarFragment::getAction |1|Broadcast action --> STATUS_UPDATE_ACTION
01-01 00:47:08.621  1392  1392 W SYSTEM_UI: SWR_SYSTEM_UI_007|FUN=CollapsedStatusBarFragment::getIntExtra |1|NotifySystemUpdates dataType --> 101
01-01 00:47:08.621  1392  1392 W SYSTEM_UI - CI07.3: className -> CollapsedStatusBarFragment | functionName -> NotifySystemUpdates | onReceive -->  | value -> FULLSCREEN MODE CHANGED | isFullScreenStatus --> false | fullScreenPackage -->com.panasonic.hmi2settings | fullscreenLastShownPackage -->null | topActivityPackage --> com.panasonic.hmi2settings
01-01 00:47:08.621  1392  1392 W SYSTEM_UI - CI07.3: className -> CollapsedStatusBarFragment | functionName -> NotifySystemUpdates | onReceive -->  | value -> Fullscreen mode changed --> path 5
01-01 00:47:08.623  3739  3739 W HMI2-SETTINGS: SWR_BAIDU_HMI_0015|FUN=WifiActivity::addView|0|Display password enter dialog with addView method.
01-01 00:47:08.623  3739  3739 W HMI2-SETTINGS: SWR_BAIDU_HMI_0027|FUN=WifiActivity::addView|0|Display password enter dialog with addView method.
01-01 00:47:08.624  3739  3739 W HMI2-SETTINGS - CI08.4: className -> WifiActivity | functionName -> setOnFocusChangeListener :   | value -> hasFocus:true
01-01 00:47:08.625  1151  2233 D mEnabledInputMethodsStrCache: com.android.inputmethods.latin/.LatinIME
01-01 00:47:08.625  1151  2233 D systemLanguageCode: en__GB
01-01 00:47:08.625  1151  2233 D mEnabledInputMethodsStrCache: com.android.inputmethods.latin/.LatinIME
01-01 00:47:08.634  1151  8140 D mEnabledInputMethodsStrCache: com.android.inputmethods.latin/.LatinIME
01-01 00:47:08.634  1151  8140 D systemLanguageCode: en__GB
01-01 00:47:08.634  1151  2231 D WindowManager: relayout packageName=com.panasonic.hmi2settings::session=Session{c47ecfc 3739:1000}::window=android.view.IWindow$Stub$Proxy@98d3cc2::attrs.flags=1000100
01-01 00:47:08.634  1151  8140 D mEnabledInputMethodsStrCache: com.android.inputmethods.latin/.LatinIME
01-01 00:47:08.634  1151  2231 D WindowManager: relayout >>> FLAG_FULLSCREEN not set in WindowManager.LayoutParams
01-01 00:47:08.634  1151  2231 D WindowManager: startStatusReceiverServiceOnFlagSet: creating intent for action ACTION_ACTIVITY_FULLSCREEN
01-01 00:47:08.634  1151  2231 W ContextImpl: Calling a method in the system process without a qualified user: android.app.ContextImpl.startService:1476 com.android.server.wm.Session.startStatusReceiverServiceOnFlagSet:762 com.android.server.wm.Session.relayout:276 android.view.IWindowSession$Stub.onTransact:286 com.android.server.wm.Session.onTransact:166 
01-01 00:47:08.635  1151  2231 D CompatibilityInfo: mCompatibilityFlags - 4
01-01 00:47:08.635  1151  2231 D CompatibilityInfo: applicationDensity - 240
01-01 00:47:08.635  1151  2231 D CompatibilityInfo: applicationScale - 1.0
01-01 00:47:08.636  1151  2231 D WindowManager: startStatusReceiverServiceOnFlagSet: startService done
01-01 00:47:08.639  1151  8140 D mEnabledInputMethodsStrCache: com.android.inputmethods.latin/.LatinIME
01-01 00:47:08.639  1151  8140 D systemLanguageCode: en__GB
01-01 00:47:08.639  1151  8140 D mEnabledInputMethodsStrCache: com.android.inputmethods.latin/.LatinIME
01-01 00:47:08.641  1151  8140 D mEnabledInputMethodsStrCache: com.android.inputmethods.latin/.LatinIME
01-01 00:47:08.641  1151  8140 D systemLanguageCode: en__GB
01-01 00:47:08.641  1151  8140 D mEnabledInputMethodsStrCache: com.android.inputmethods.latin/.LatinIME
01-01 00:47:08.642  1151  8140 D mEnabledInputMethodsStrCache: com.android.inputmethods.latin/.LatinIME
01-01 00:47:08.642  1151  8140 D systemLanguageCode: en__GB
01-01 00:47:08.642  1151  8140 D mEnabledInputMethodsStrCache: com.android.inputmethods.latin/.LatinIME
01-01 00:47:08.642  1151  8140 D mEnabledInputMethodsStrCache: com.android.inputmethods.latin/.LatinIME
01-01 00:47:08.642  1151  8140 D systemLanguageCode: en__GB
01-01 00:47:08.642  1151  8140 D mEnabledInputMethodsStrCache: com.android.inputmethods.latin/.LatinIME
01-01 00:47:08.642  1379  1379 I LatinIME: SWR_HMISERVICE_SPELLER_MF_001||FUN=onStartInputViewInternal || 1 || Starting input. Cursor position = -1,-1
01-01 00:47:08.646  1392  1392 W SYSTEM_UI: SWR_SYSTEM_UI_007|FUN=CollapsedStatusBarFragment::getAction |1|Broadcast action --> STATUS_UPDATE_ACTION
01-01 00:47:08.647  1392  1392 W SYSTEM_UI: SWR_SYSTEM_UI_007|FUN=CollapsedStatusBarFragment::getIntExtra |1|NotifySystemUpdates dataType --> 101
01-01 00:47:08.647  1392  1392 W SYSTEM_UI - CI07.3: className -> CollapsedStatusBarFragment | functionName -> NotifySystemUpdates | onReceive -->  | value -> FULLSCREEN MODE CHANGED | isFullScreenStatus --> false | fullScreenPackage -->com.panasonic.hmi2settings | fullscreenLastShownPackage -->null | topActivityPackage --> com.panasonic.hmi2settings
01-01 00:47:08.647  1392  1392 W SYSTEM_UI - CI07.3: className -> CollapsedStatusBarFragment | functionName -> NotifySystemUpdates | onReceive -->  | value -> Fullscreen mode changed --> path 5
01-01 00:47:08.715  3675 15206 W ByMatcher: Node returned null child: android.view.accessibility.AccessibilityNodeInfo@80006fb0; boundsInParent: Rect(0, 0 - 1920, 1080); boundsInScreen: Rect(0, 0 - 1920, 1080); packageName: com.panasonic.hmi2settings; className: android.widget.FrameLayout; text: null; error: null; maxTextLength: -1; contentDescription: null; viewIdResName: null; checkable: false; checked: false; focusable: false; focused: false; selected: false; clickable: false; longClickable: false; contextClickable: false; enabled: true; password: false; scrollable: false; importantForAccessibility: true; actions: [AccessibilityAction: ACTION_SELECT - null, AccessibilityAction: ACTION_CLEAR_SELECTION - null, AccessibilityAction: ACTION_ACCESSIBILITY_FOCUS - null, AccessibilityAction: ACTION_SHOW_ON_SCREEN - null]
01-01 00:47:08.716  3675 15206 W ByMatcher: Skipping null child (0 of 1)
01-01 00:47:08.717  3675 15206 W ByMatcher: Node returned null child: android.view.accessibility.AccessibilityNodeInfo@80006fb0; boundsInParent: Rect(0, 0 - 1920, 1080); boundsInScreen: Rect(0, 0 - 1920, 1080); packageName: com.panasonic.hmi2settings; className: android.widget.FrameLayout; text: null; error: null; maxTextLength: -1; contentDescription: null; viewIdResName: null; checkable: false; checked: false; focusable: false; focused: false; selected: false; clickable: false; longClickable: false; contextClickable: false; enabled: true; password: false; scrollable: false; importantForAccessibility: true; actions: [AccessibilityAction: ACTION_SELECT - null, AccessibilityAction: ACTION_CLEAR_SELECTION - null, AccessibilityAction: ACTION_ACCESSIBILITY_FOCUS - null, AccessibilityAction: ACTION_SHOW_ON_SCREEN - null]
01-01 00:47:08.717  1379  1379 I InputAttributes: InputType.TYPE_NULL is specified
01-01 00:47:08.717  3675 15206 W ByMatcher: Skipping null child (0 of 1)
01-01 00:47:08.719  3675 15206 W ByMatcher: Node returned null child: android.view.accessibility.AccessibilityNodeInfo@7442; boundsInParent: Rect(0, 0 - 1920, 104); boundsInScreen: Rect(0, 0 - 1920, 104); packageName: com.android.systemui; className: android.widget.FrameLayout; text: null; error: null; maxTextLength: -1; contentDescription: null; viewIdResName: null; checkable: false; checked: false; focusable: false; focused: false; selected: false; clickable: false; longClickable: false; contextClickable: false; enabled: true; password: false; scrollable: false; importantForAccessibility: true; actions: [AccessibilityAction: ACTION_SELECT - null, AccessibilityAction: ACTION_CLEAR_SELECTION - null, AccessibilityAction: ACTION_ACCESSIBILITY_FOCUS - null, AccessibilityAction: ACTION_SHOW_ON_SCREEN - null]
01-01 00:47:08.719  3675 15206 W ByMatcher: Skipping null child (0 of 4)
01-01 00:47:08.720  3675 15206 W ByMatcher: Skipping null child (1 of 4)
01-01 00:47:08.720  3675 15206 W ByMatcher: Skipping null child (2 of 4)
01-01 00:47:08.721  1151  1538 D mEnabledInputMethodsStrCache: com.android.inputmethods.latin/.LatinIME
01-01 00:47:08.721  1151  1538 D systemLanguageCode: en__GB
01-01 00:47:08.721  1151  1538 D mEnabledInputMethodsStrCache: com.android.inputmethods.latin/.LatinIME
01-01 00:47:08.722  3675 15206 W ByMatcher: Skipping null child (3 of 4)
01-01 00:47:08.723  3675 15206 W ByMatcher: Node returned null child: android.view.accessibility.AccessibilityNodeInfo@7442; boundsInParent: Rect(0, 0 - 1920, 104); boundsInScreen: Rect(0, 0 - 1920, 104); packageName: com.android.systemui; className: android.widget.FrameLayout; text: null; error: null; maxTextLength: -1; contentDescription: null; viewIdResName: null; checkable: false; checked: false; focusable: false; focused: false; selected: false; clickable: false; longClickable: false; contextClickable: false; enabled: true; password: false; scrollable: false; importantForAccessibility: true; actions: [AccessibilityAction: ACTION_SELECT - null, AccessibilityAction: ACTION_CLEAR_SELECTION - null, AccessibilityAction: ACTION_ACCESSIBILITY_FOCUS - null, AccessibilityAction: ACTION_SHOW_ON_SCREEN - null]
01-01 00:47:08.723  3675 15206 W ByMatcher: Skipping null child (0 of 4)
01-01 00:47:08.724  1379  1379 V KeyboardState: onLoadKeyboard: [keyboard=UNSHIFTED shift=RELEASING symbol=RELEASING switch=ALPHA] autoCapsFlags=none recapitalizeMode=undefined
01-01 00:47:08.724  1379  1379 D KeyboardState: setAlphabetKeyboard: [keyboard=UNSHIFTED shift=RELEASING symbol=RELEASING switch=ALPHA] autoCapsFlags=none recapitalizeMode=undefined
01-01 00:47:08.724  1379  1379 D KeyboardSwitcher: setAlphabetKeyboard
01-01 00:47:08.725  3675 15206 W ByMatcher: Skipping null child (1 of 4)
01-01 00:47:08.725  3675 15206 W ByMatcher: Skipping null child (2 of 4)
01-01 00:47:08.726  3675 15206 W ByMatcher: Skipping null child (3 of 4)
01-01 00:47:08.735  1151  2231 D mEnabledInputMethodsStrCache: com.android.inputmethods.latin/.LatinIME
01-01 00:47:08.735  1151  2231 D systemLanguageCode: en__GB
01-01 00:47:08.735  1151  2231 D mEnabledInputMethodsStrCache: com.android.inputmethods.latin/.LatinIME
01-01 00:47:08.737  1379  1379 D KeyboardSwitcher: requestUpdatingShiftState:  autoCapsFlags=none recapitalizeMode=undefined
01-01 00:47:08.737  1379  1379 D KeyboardState: onUpdateShiftState: [keyboard=UNSHIFTED shift=RELEASING symbol=RELEASING switch=ALPHA] autoCapsFlags=none recapitalizeMode=undefined
01-01 00:47:08.737  1379  1379 D KeyboardState: setShifted: shiftMode=UNSHIFT [keyboard=UNSHIFTED shift=RELEASING symbol=RELEASING switch=ALPHA]
01-01 00:47:08.737  1151  2231 D mEnabledInputMethodsStrCache: com.android.inputmethods.latin/.LatinIME
01-01 00:47:08.737  1151  2231 D systemLanguageCode: en__GB
01-01 00:47:08.737  1151  2231 D mEnabledInputMethodsStrCache: com.android.inputmethods.latin/.LatinIME
01-01 00:47:08.738  1151  2231 D mEnabledInputMethodsStrCache: com.android.inputmethods.latin/.LatinIME
01-01 00:47:08.738  1151  2231 D systemLanguageCode: en__GB
01-01 00:47:08.738  1151  2231 D mEnabledInputMethodsStrCache: com.android.inputmethods.latin/.LatinIME
01-01 00:47:08.739  1379  1379 I NuanceUtil: Language text: en_GB, Language code: 5
01-01 00:47:08.739  1379  1379 I NuanceLog: Active Language: ET9LIDEnglish_UK
01-01 00:47:08.739  1379  1379 I NuanceLog: Active LDB: /system/etc/RSESpeller/configs/LDBs/v13.1.0/englishuk/ENubUNUK_xt9_ALM3.ldb
01-01 00:47:08.739  1379  1379 I LatinIME: Nuance API Initialized successfully
01-01 00:47:08.739  1379  1379 I LatinIME: Suggestion strip view visibility gone
01-01 00:47:08.740  1151  2231 D mEnabledInputMethodsStrCache: com.android.inputmethods.latin/.LatinIME
01-01 00:47:08.740  1151  2231 D systemLanguageCode: en__GB
01-01 00:47:08.740  1151  2231 D mEnabledInputMethodsStrCache: com.android.inputmethods.latin/.LatinIME
01-01 00:47:08.740  1151  2231 D mEnabledInputMethodsStrCache: com.android.inputmethods.latin/.LatinIME
01-01 00:47:08.740  1151  2231 D systemLanguageCode: en__GB
01-01 00:47:08.740  1151  2231 D mEnabledInputMethodsStrCache: com.android.inputmethods.latin/.LatinIME
01-01 00:47:08.742  1151  2231 D mEnabledInputMethodsStrCache: com.android.inputmethods.latin/.LatinIME
01-01 00:47:08.742  1151  2231 D systemLanguageCode: en__GB
01-01 00:47:08.742  1151  2231 D mEnabledInputMethodsStrCache: com.android.inputmethods.latin/.LatinIME
01-01 00:47:08.742  1151  2231 D mEnabledInputMethodsStrCache: com.android.inputmethods.latin/.LatinIME
01-01 00:47:08.742  1151  2231 D systemLanguageCode: en__GB
01-01 00:47:08.742  1151  2231 D mEnabledInputMethodsStrCache: com.android.inputmethods.latin/.LatinIME
01-01 00:47:08.744  1151  2231 D WindowManager: relayout packageName=com.android.inputmethods.latin::session=Session{ca2ba78 1379:1000}::window=android.view.IWindow$Stub$Proxy@b389509::attrs.flags=800108
01-01 00:47:08.745  1151  2231 D WindowManager: relayout >>> FLAG_FULLSCREEN not set in WindowManager.LayoutParams
01-01 00:47:08.745  1151  2231 D WindowManager: startStatusReceiverServiceOnFlagSet: creating intent for action ACTION_ACTIVITY_FULLSCREEN
01-01 00:47:08.745  1151  2231 W ContextImpl: Calling a method in the system process without a qualified user: android.app.ContextImpl.startService:1476 com.android.server.wm.Session.startStatusReceiverServiceOnFlagSet:762 com.android.server.wm.Session.relayout:276 android.view.IWindowSession$Stub.onTransact:286 com.android.server.wm.Session.onTransact:166 
01-01 00:47:08.746  1151  2231 D CompatibilityInfo: mCompatibilityFlags - 4
01-01 00:47:08.746  1151  2231 D CompatibilityInfo: applicationDensity - 240
01-01 00:47:08.746  1151  2231 D CompatibilityInfo: applicationScale - 1.0
01-01 00:47:08.746  1151  2231 D WindowManager: startStatusReceiverServiceOnFlagSet: startService done
01-01 00:47:08.748  1392  1392 W SYSTEM_UI: SWR_SYSTEM_UI_007|FUN=CollapsedStatusBarFragment::getAction |1|Broadcast action --> STATUS_UPDATE_ACTION
01-01 00:47:08.749  1392  1392 W SYSTEM_UI: SWR_SYSTEM_UI_007|FUN=CollapsedStatusBarFragment::getIntExtra |1|NotifySystemUpdates dataType --> 101
01-01 00:47:08.749  1392  1392 W SYSTEM_UI - CI07.3: className -> CollapsedStatusBarFragment | functionName -> NotifySystemUpdates | onReceive -->  | value -> FULLSCREEN MODE CHANGED | isFullScreenStatus --> false | fullScreenPackage -->com.android.inputmethods.latin | fullscreenLastShownPackage -->null | topActivityPackage --> com.panasonic.hmi2settings
01-01 00:47:08.749  1392  1392 W SYSTEM_UI - CI07.3: className -> CollapsedStatusBarFragment | functionName -> NotifySystemUpdates | onReceive -->  | value -> Fullscreen mode changed --> path 0
01-01 00:47:08.758     1   452 I init    : Uptime: 02824.894480 LocalTime: 01-01 00:47:08.757
01-01 00:47:08.762  1151  1538 D mEnabledInputMethodsStrCache: com.android.inputmethods.latin/.LatinIME
01-01 00:47:08.762  1151  1538 D systemLanguageCode: en__GB
01-01 00:47:08.762  1151  1538 D mEnabledInputMethodsStrCache: com.android.inputmethods.latin/.LatinIME
01-01 00:47:08.764  1151  1538 D mEnabledInputMethodsStrCache: com.android.inputmethods.latin/.LatinIME
01-01 00:47:08.764  1151  1538 D systemLanguageCode: en__GB
01-01 00:47:08.765  1151  1538 D mEnabledInputMethodsStrCache: com.android.inputmethods.latin/.LatinIME
01-01 00:47:08.765  1151  1538 D mEnabledInputMethodsStrCache: com.android.inputmethods.latin/.LatinIME
01-01 00:47:08.765  1151  1538 D systemLanguageCode: en__GB
01-01 00:47:08.765  1151  1538 D mEnabledInputMethodsStrCache: com.android.inputmethods.latin/.LatinIME
01-01 00:47:08.766  1151  2231 D mEnabledInputMethodsStrCache: com.android.inputmethods.latin/.LatinIME
01-01 00:47:08.766  1151  2231 D systemLanguageCode: en__GB
01-01 00:47:08.766  1151  2231 D mEnabledInputMethodsStrCache: com.android.inputmethods.latin/.LatinIME
01-01 00:47:08.766  1151  2231 D mEnabledInputMethodsStrCache: com.android.inputmethods.latin/.LatinIME
01-01 00:47:08.766  1151  2231 D systemLanguageCode: en__GB
01-01 00:47:08.767  1151  2231 D mEnabledInputMethodsStrCache: com.android.inputmethods.latin/.LatinIME
01-01 00:47:08.768  1379  1379 I LatinIME: SWR_HMISERVICE_SPELLER_MF_001||FUN=onStartInputViewInternal || 1 || Starting input. Cursor position = 0,0
01-01 00:47:08.799  1151  2231 D mEnabledInputMethodsStrCache: com.android.inputmethods.latin/.LatinIME
01-01 00:47:08.799  1151  2231 D systemLanguageCode: en__GB
01-01 00:47:08.799  1151  2231 D mEnabledInputMethodsStrCache: com.android.inputmethods.latin/.LatinIME
01-01 00:47:08.801  1379  1379 V KeyboardState: onLoadKeyboard: [keyboard=UNSHIFTED shift=RELEASING symbol=RELEASING switch=ALPHA] autoCapsFlags=none recapitalizeMode=undefined
01-01 00:47:08.801  1379  1379 D KeyboardState: setAlphabetKeyboard: [keyboard=UNSHIFTED shift=RELEASING symbol=RELEASING switch=ALPHA] autoCapsFlags=none recapitalizeMode=undefined
01-01 00:47:08.801  1379  1379 D KeyboardSwitcher: setAlphabetKeyboard
01-01 00:47:08.802  1151  2231 D mEnabledInputMethodsStrCache: com.android.inputmethods.latin/.LatinIME
01-01 00:47:08.803  1151  2231 D systemLanguageCode: en__GB
01-01 00:47:08.803  1151  2231 D mEnabledInputMethodsStrCache: com.android.inputmethods.latin/.LatinIME
01-01 00:47:08.803  1379  1379 D KeyboardSwitcher: requestUpdatingShiftState:  autoCapsFlags=none recapitalizeMode=undefined
01-01 00:47:08.803  1379  1379 D KeyboardState: onUpdateShiftState: [keyboard=UNSHIFTED shift=RELEASING symbol=RELEASING switch=ALPHA] autoCapsFlags=none recapitalizeMode=undefined
01-01 00:47:08.803  1379  1379 D KeyboardState: setShifted: shiftMode=UNSHIFT [keyboard=UNSHIFTED shift=RELEASING symbol=RELEASING switch=ALPHA]
01-01 00:47:08.804  1151  2231 D mEnabledInputMethodsStrCache: com.android.inputmethods.latin/.LatinIME
01-01 00:47:08.804  1151  2231 D systemLanguageCode: en__GB
01-01 00:47:08.804  1151  2231 D mEnabledInputMethodsStrCache: com.android.inputmethods.latin/.LatinIME
01-01 00:47:08.805  1151  2231 D mEnabledInputMethodsStrCache: com.android.inputmethods.latin/.LatinIME
01-01 00:47:08.805  1151  2231 D systemLanguageCode: en__GB
01-01 00:47:08.805  1151  2231 D mEnabledInputMethodsStrCache: com.android.inputmethods.latin/.LatinIME
01-01 00:47:08.806  1379  1379 I NuanceUtil: Language text: en_GB, Language code: 5
01-01 00:47:08.806  1379  1379 I NuanceLog: Active Language: ET9LIDEnglish_UK
01-01 00:47:08.806  1379  1379 I NuanceLog: Active LDB: /system/etc/RSESpeller/configs/LDBs/v13.1.0/englishuk/ENubUNUK_xt9_ALM3.ldb
01-01 00:47:08.806  1379  1379 I LatinIME: Nuance API Initialized successfully
01-01 00:47:08.806  1379  1379 I LatinIME: Suggestion strip view visibility gone
