01-01 01:13:58.907   635   635 E ANDR-PERF-TARGET: Error: Invalid logical cluster id 0
01-01 01:13:58.907   635   635 E ANDR-PERF-MPCTL: invalid request, no optimizations performed
01-01 01:13:58.924   635   635 E ANDR-PERF-TARGET: Error: Invalid logical cluster id 0
01-01 01:13:58.924   635   635 E ANDR-PERF-MPCTL: invalid request, no optimizations performed
01-01 01:13:58.940   635   635 E ANDR-PERF-TARGET: Error: Invalid logical cluster id 0
01-01 01:13:58.940   635   635 E ANDR-PERF-MPCTL: invalid request, no optimizations performed
01-01 01:13:58.957   635   635 E ANDR-PERF-TARGET: Error: Invalid logical cluster id 0
01-01 01:13:58.957   635   635 E ANDR-PERF-MPCTL: invalid request, no optimizations performed
01-01 01:13:58.967  3675 22013 W InteractionController: runAndwaitForEvents timed out waiting for events
01-01 01:13:58.967  3675 22013 D InteractionController: Vertical scrollSwipe reached scroll end: false
01-01 01:13:58.974   635   635 E ANDR-PERF-TARGET: Error: Invalid logical cluster id 0
01-01 01:13:58.974   635   635 E ANDR-PERF-MPCTL: invalid request, no optimizations performed
01-01 01:13:58.991   635   635 E ANDR-PERF-TARGET: Error: Invalid logical cluster id 0
01-01 01:13:58.991   635   635 E ANDR-PERF-MPCTL: invalid request, no optimizations performed
01-01 01:13:59.007   635   635 E ANDR-PERF-TARGET: Error: Invalid logical cluster id 0
01-01 01:13:59.007   635   635 E ANDR-PERF-MPCTL: invalid request, no optimizations performed
01-01 01:13:59.024   635   635 E ANDR-PERF-TARGET: Error: Invalid logical cluster id 0
01-01 01:13:59.024   635   635 E ANDR-PERF-MPCTL: invalid request, no optimizations performed
01-01 01:13:59.041   635   635 E ANDR-PERF-TARGET: Error: Invalid logical cluster id 0
01-01 01:13:59.041   635   635 E ANDR-PERF-MPCTL: invalid request, no optimizations performed
01-01 01:13:59.057   635   635 E ANDR-PERF-TARGET: Error: Invalid logical cluster id 0
01-01 01:13:59.057   635   635 E ANDR-PERF-MPCTL: invalid request, no optimizations performed
01-01 01:13:59.074   635   635 E ANDR-PERF-TARGET: Error: Invalid logical cluster id 0
01-01 01:13:59.074   635   635 E ANDR-PERF-MPCTL: invalid request, no optimizations performed
01-01 01:13:59.091   635   635 E ANDR-PERF-TARGET: Error: Invalid logical cluster id 0
01-01 01:13:59.091   635   635 E ANDR-PERF-MPCTL: invalid request, no optimizations performed
01-01 01:13:59.107   635   635 E ANDR-PERF-TARGET: Error: Invalid logical cluster id 0
01-01 01:13:59.108   635   635 E ANDR-PERF-MPCTL: invalid request, no optimizations performed
01-01 01:13:59.124   635   635 E ANDR-PERF-TARGET: Error: Invalid logical cluster id 0
01-01 01:13:59.124   635   635 E ANDR-PERF-MPCTL: invalid request, no optimizations performed
01-01 01:13:59.141   635   635 E ANDR-PERF-TARGET: Error: Invalid logical cluster id 0
01-01 01:13:59.141   635   635 E ANDR-PERF-MPCTL: invalid request, no optimizations performed
01-01 01:13:59.158   635   635 E ANDR-PERF-TARGET: Error: Invalid logical cluster id 0
01-01 01:13:59.158   635   635 E ANDR-PERF-MPCTL: invalid request, no optimizations performed
01-01 01:13:59.167   729   748 I sssv-lib: sendMsg enter
01-01 01:13:59.167   729   748 I sssv-lib: sendMsg complete.
01-01 01:13:59.476  1933  1957 D LCMANDR : SWR_OOB_HV_MF_009|FUN=LifeCycleManagerService::LifeCycle_ReportCompStatus|GOT ALIVENESS SIGNAL FROM DAIAPP : [0]; HB Counter = [ 1760 ]; STATUS INFO = [ 0 ]
01-01 01:13:59.477  1519  1964 I Connectivity_AIDL|AIDL_Handler.AIDL_Helpers.LcmHelper: MBUX App Method: KeepAliveTest |Line No: 408 |Log Type: Critical |Message: ChildThread:MBUX-App HB Count: 1762, ResponseCode: 0
01-01 01:13:59.675  3675 22013 I QueryController: Matched selector: UiSelector[SCROLLABLE=true, CHILD=UiSelector[TEXT=RSE_Test]] <<==>> [android.view.accessibility.AccessibilityNodeInfo@48028c0; boundsInParent: Rect(0, 0 - 1078, 77); boundsInScreen: Rect(354, 480 - 1431, 557); packageName: com.panasonic.hmi2settings; className: android.widget.TextView; text: RSE_Test; error: null; maxTextLength: -1; contentDescription: null; viewIdResName: com.panasonic.hmi2settings:id/wifiName; checkable: false; checked: false; focusable: false; focused: false; selected: false; clickable: false; longClickable: false; contextClickable: false; enabled: true; password: false; scrollable: false; importantForAccessibility: true; actions: [AccessibilityAction: ACTION_SELECT - null, AccessibilityAction: ACTION_CLEAR_SELECTION - null, AccessibilityAction: ACTION_ACCESSIBILITY_FOCUS - null, AccessibilityAction: ACTION_NEXT_AT_MOVEMENT_GRANULARITY - null, AccessibilityAction: ACTION_PREVIOUS_AT_MOVEMENT_GRANULARITY - null, AccessibilityAction: ACTION_SET_SELECTION - null, AccessibilityAction: ACTION_SHOW_ON_SCREEN - null]]
01-01 01:13:59.686  3675 22014 D UIAutomatorStub: URI: /jsonrpc/0, Method: POST, Header: {content-length=176, remote-addr=127.0.0.1, http-client-ip=127.0.0.1, host=localhost:9009, content-type=application/json, connection=close, accept-encoding=identity, user-agent=Python-urllib/2.7}, params, {NanoHttpd.QUERY_STRING=null}, files: {postData={"params": [{"childOrSiblingSelector": [], "text": "RSE_Test", "mask": 1, "childOrSibling": []}], "jsonrpc": "2.0", "method": "click", "id": "2cefebfc0aa1d2fd7f84f9c8c1ea9fbf"}}
01-01 01:13:59.742  3675 22015 D UIAutomatorStub: URI: /jsonrpc/0, Method: POST, Header: {content-length=213, remote-addr=127.0.0.1, http-client-ip=127.0.0.1, host=localhost:9009, content-type=application/json, connection=close, accept-encoding=identity, user-agent=Python-urllib/2.7}, params, {NanoHttpd.QUERY_STRING=null}, files: {postData={"params": [{"childOrSiblingSelector": [], "className": "android.widget.EditText", "mask": 16, "childOrSibling": []}, "Secure7@55"], "jsonrpc": "2.0", "method": "setText", "id": "0515c2029665b18a9a02c0d1d1d8a8c0"}}
01-01 01:13:59.744  3739  3739 W HMI2-SETTINGS - CI08.4: className -> WifiAdapter | functionName -> onBindViewHolder | value -> allWifiList.get(position).getSecurityType() : wifiNametrue
01-01 01:13:59.744  3739  3739 W HMI2-SETTINGS - CI08.4: className -> WifiActivity | functionName -> onWifiClick | value -> getSecurityType ->true
01-01 01:13:59.756  3739  3739 D View    : setSystemUiVisibility: creating intent for action ACTION_ACTIVITY_FULLSCREEN
01-01 01:13:59.756  3739  3739 W ContextImpl: Calling a method in the system process without a qualified user: android.app.ContextImpl.startService:1476 android.content.ContextWrapper.startService:650 android.view.View.setSystemUiVisibility:22653 com.panasonic.hmi2settings.activity.WifiActivity.connectToWifi:1215 com.panasonic.hmi2settings.activity.WifiActivity.onWifiClick:522 
01-01 01:13:59.757  1151  1407 D CompatibilityInfo: mCompatibilityFlags - 4
01-01 01:13:59.757  1151  1407 D CompatibilityInfo: applicationDensity - 240
01-01 01:13:59.757  1151  1407 D CompatibilityInfo: applicationScale - 1.0
01-01 01:13:59.759   635   635 E ANDR-PERF-TARGET: Error: Invalid logical cluster id 0
01-01 01:13:59.759   635   635 E ANDR-PERF-MPCTL: invalid request, no optimizations performed
01-01 01:13:59.759  3739  3739 D View    : setSystemUiVisibility: startService done
01-01 01:13:59.761  1392  1392 W SYSTEM_UI: SWR_SYSTEM_UI_007|FUN=CollapsedStatusBarFragment::getAction |1|Broadcast action --> STATUS_UPDATE_ACTION
01-01 01:13:59.761  1392  1392 W SYSTEM_UI: SWR_SYSTEM_UI_007|FUN=CollapsedStatusBarFragment::getIntExtra |1|NotifySystemUpdates dataType --> 101
01-01 01:13:59.761  1392  1392 W SYSTEM_UI - CI07.3: className -> CollapsedStatusBarFragment | functionName -> NotifySystemUpdates | onReceive -->  | value -> FULLSCREEN MODE CHANGED | isFullScreenStatus --> false | fullScreenPackage -->com.panasonic.hmi2settings | fullscreenLastShownPackage -->null | topActivityPackage --> com.panasonic.hmi2settings
01-01 01:13:59.761  1392  1392 W SYSTEM_UI - CI07.3: className -> CollapsedStatusBarFragment | functionName -> NotifySystemUpdates | onReceive -->  | value -> Fullscreen mode changed --> path 5
01-01 01:13:59.764  1151  1407 D WindowManager: addToDisplay >>> FLAG_FULLSCREEN not set in WindowManager.LayoutParams
01-01 01:13:59.764  1151  1407 D WindowManager: startStatusReceiverServiceOnFlagSet: creating intent for action ACTION_ACTIVITY_FULLSCREEN
01-01 01:13:59.764  1151  1407 W ContextImpl: Calling a method in the system process without a qualified user: android.app.ContextImpl.startService:1476 com.android.server.wm.Session.startStatusReceiverServiceOnFlagSet:762 com.android.server.wm.Session.addToDisplay:217 android.view.IWindowSession$Stub.onTransact:124 com.android.server.wm.Session.onTransact:166 
01-01 01:13:59.765  1151  1407 D CompatibilityInfo: mCompatibilityFlags - 4
01-01 01:13:59.765  1151  1407 D CompatibilityInfo: applicationDensity - 240
01-01 01:13:59.765  1151  1407 D CompatibilityInfo: applicationScale - 1.0
01-01 01:13:59.766  1151  1407 D WindowManager: startStatusReceiverServiceOnFlagSet: startService done
01-01 01:13:59.771  1392  1392 W SYSTEM_UI: SWR_SYSTEM_UI_007|FUN=CollapsedStatusBarFragment::getAction |1|Broadcast action --> STATUS_UPDATE_ACTION
01-01 01:13:59.771  3739  3739 W HMI2-SETTINGS: SWR_BAIDU_HMI_0015|FUN=WifiActivity::addView|0|Display password enter dialog with addView method.
01-01 01:13:59.771  3739  3739 W HMI2-SETTINGS: SWR_BAIDU_HMI_0027|FUN=WifiActivity::addView|0|Display password enter dialog with addView method.
01-01 01:13:59.771  1392  1392 W SYSTEM_UI: SWR_SYSTEM_UI_007|FUN=CollapsedStatusBarFragment::getIntExtra |1|NotifySystemUpdates dataType --> 101
01-01 01:13:59.771  1392  1392 W SYSTEM_UI - CI07.3: className -> CollapsedStatusBarFragment | functionName -> NotifySystemUpdates | onReceive -->  | value -> FULLSCREEN MODE CHANGED | isFullScreenStatus --> false | fullScreenPackage -->com.panasonic.hmi2settings | fullscreenLastShownPackage -->null | topActivityPackage --> com.panasonic.hmi2settings
01-01 01:13:59.771  1392  1392 W SYSTEM_UI - CI07.3: className -> CollapsedStatusBarFragment | functionName -> NotifySystemUpdates | onReceive -->  | value -> Fullscreen mode changed --> path 5
01-01 01:13:59.773  3739  3739 W HMI2-SETTINGS - CI08.4: className -> WifiActivity | functionName -> setOnFocusChangeListener :   | value -> hasFocus:true
01-01 01:13:59.776  1151  1416 D mEnabledInputMethodsStrCache: com.android.inputmethods.latin/.LatinIME
01-01 01:13:59.776  1151  1416 D systemLanguageCode: en__GB
01-01 01:13:59.776  1151  1416 D mEnabledInputMethodsStrCache: com.android.inputmethods.latin/.LatinIME
01-01 01:13:59.777  1151  1416 D mEnabledInputMethodsStrCache: com.android.inputmethods.latin/.LatinIME
01-01 01:13:59.777  1151  1416 D systemLanguageCode: en__GB
01-01 01:13:59.777  1151  1416 D mEnabledInputMethodsStrCache: com.android.inputmethods.latin/.LatinIME
01-01 01:13:59.778  1151  1416 D mEnabledInputMethodsStrCache: com.android.inputmethods.latin/.LatinIME
01-01 01:13:59.778  1151  1416 D systemLanguageCode: en__GB
01-01 01:13:59.778  1151  1416 D mEnabledInputMethodsStrCache: com.android.inputmethods.latin/.LatinIME
01-01 01:13:59.779  1151  1416 D mEnabledInputMethodsStrCache: com.android.inputmethods.latin/.LatinIME
01-01 01:13:59.779  1151  1416 D systemLanguageCode: en__GB
01-01 01:13:59.779  1151  1416 D mEnabledInputMethodsStrCache: com.android.inputmethods.latin/.LatinIME
01-01 01:13:59.779  1151  1416 D mEnabledInputMethodsStrCache: com.android.inputmethods.latin/.LatinIME
01-01 01:13:59.779  1151  1416 D systemLanguageCode: en__GB
01-01 01:13:59.779  1151  1416 D mEnabledInputMethodsStrCache: com.android.inputmethods.latin/.LatinIME
01-01 01:13:59.779  1151  1416 D mEnabledInputMethodsStrCache: com.android.inputmethods.latin/.LatinIME
01-01 01:13:59.779  1151  1416 D systemLanguageCode: en__GB
01-01 01:13:59.779  1151  1416 D mEnabledInputMethodsStrCache: com.android.inputmethods.latin/.LatinIME
01-01 01:13:59.780  1379  1379 I LatinIME: SWR_HMISERVICE_SPELLER_MF_001||FUN=onStartInputViewInternal || 1 || Starting input. Cursor position = -1,-1
01-01 01:13:59.785  1151  1407 D WindowManager: relayout packageName=com.panasonic.hmi2settings::session=Session{c47ecfc 3739:1000}::window=android.view.IWindow$Stub$Proxy@c8dd784::attrs.flags=1000100
01-01 01:13:59.785  1151  1407 D WindowManager: relayout >>> FLAG_FULLSCREEN not set in WindowManager.LayoutParams
01-01 01:13:59.785  1151  1407 D WindowManager: startStatusReceiverServiceOnFlagSet: creating intent for action ACTION_ACTIVITY_FULLSCREEN
01-01 01:13:59.785  1151  1407 W ContextImpl: Calling a method in the system process without a qualified user: android.app.ContextImpl.startService:1476 com.android.server.wm.Session.startStatusReceiverServiceOnFlagSet:762 com.android.server.wm.Session.relayout:276 android.view.IWindowSession$Stub.onTransact:286 com.android.server.wm.Session.onTransact:166 
01-01 01:13:59.786  1151  1407 D CompatibilityInfo: mCompatibilityFlags - 4
01-01 01:13:59.786  1151  1407 D CompatibilityInfo: applicationDensity - 240
01-01 01:13:59.786  1151  1407 D CompatibilityInfo: applicationScale - 1.0
01-01 01:13:59.787  1151  1407 D WindowManager: startStatusReceiverServiceOnFlagSet: startService done
01-01 01:13:59.798  1392  1392 W SYSTEM_UI: SWR_SYSTEM_UI_007|FUN=CollapsedStatusBarFragment::getAction |1|Broadcast action --> STATUS_UPDATE_ACTION
01-01 01:13:59.800  1392  1392 W SYSTEM_UI: SWR_SYSTEM_UI_007|FUN=CollapsedStatusBarFragment::getIntExtra |1|NotifySystemUpdates dataType --> 101
01-01 01:13:59.800  1392  1392 W SYSTEM_UI - CI07.3: className -> CollapsedStatusBarFragment | functionName -> NotifySystemUpdates | onReceive -->  | value -> FULLSCREEN MODE CHANGED | isFullScreenStatus --> false | fullScreenPackage -->com.panasonic.hmi2settings | fullscreenLastShownPackage -->null | topActivityPackage --> com.panasonic.hmi2settings
01-01 01:13:59.800  1392  1392 W SYSTEM_UI - CI07.3: className -> CollapsedStatusBarFragment | functionName -> NotifySystemUpdates | onReceive -->  | value -> Fullscreen mode changed --> path 5
01-01 01:13:59.809  3675 22015 W ByMatcher: Node returned null child: android.view.accessibility.AccessibilityNodeInfo@80007172; boundsInParent: Rect(0, 0 - 1920, 1080); boundsInScreen: Rect(0, 0 - 1920, 1080); packageName: com.panasonic.hmi2settings; className: android.widget.FrameLayout; text: null; error: null; maxTextLength: -1; contentDescription: null; viewIdResName: null; checkable: false; checked: false; focusable: false; focused: false; selected: false; clickable: false; longClickable: false; contextClickable: false; enabled: true; password: false; scrollable: false; importantForAccessibility: true; actions: [AccessibilityAction: ACTION_SELECT - null, AccessibilityAction: ACTION_CLEAR_SELECTION - null, AccessibilityAction: ACTION_ACCESSIBILITY_FOCUS - null, AccessibilityAction: ACTION_SHOW_ON_SCREEN - null]
01-01 01:13:59.809  3675 22015 W ByMatcher: Skipping null child (0 of 1)
01-01 01:13:59.811  3675 22015 W ByMatcher: Node returned null child: android.view.accessibility.AccessibilityNodeInfo@80007172; boundsInParent: Rect(0, 0 - 1920, 1080); boundsInScreen: Rect(0, 0 - 1920, 1080); packageName: com.panasonic.hmi2settings; className: android.widget.FrameLayout; text: null; error: null; maxTextLength: -1; contentDescription: null; viewIdResName: null; checkable: false; checked: false; focusable: false; focused: false; selected: false; clickable: false; longClickable: false; contextClickable: false; enabled: true; password: false; scrollable: false; importantForAccessibility: true; actions: [AccessibilityAction: ACTION_SELECT - null, AccessibilityAction: ACTION_CLEAR_SELECTION - null, AccessibilityAction: ACTION_ACCESSIBILITY_FOCUS - null, AccessibilityAction: ACTION_SHOW_ON_SCREEN - null]
01-01 01:13:59.811  3675 22015 W ByMatcher: Skipping null child (0 of 1)
01-01 01:13:59.813  3675 22015 W ByMatcher: Node returned null child: android.view.accessibility.AccessibilityNodeInfo@7442; boundsInParent: Rect(0, 0 - 1920, 104); boundsInScreen: Rect(0, 0 - 1920, 104); packageName: com.android.systemui; className: android.widget.FrameLayout; text: null; error: null; maxTextLength: -1; contentDescription: null; viewIdResName: null; checkable: false; checked: false; focusable: false; focused: false; selected: false; clickable: false; longClickable: false; contextClickable: false; enabled: true; password: false; scrollable: false; importantForAccessibility: true; actions: [AccessibilityAction: ACTION_SELECT - null, AccessibilityAction: ACTION_CLEAR_SELECTION - null, AccessibilityAction: ACTION_ACCESSIBILITY_FOCUS - null, AccessibilityAction: ACTION_SHOW_ON_SCREEN - null]
01-01 01:13:59.813  3675 22015 W ByMatcher: Skipping null child (0 of 4)
01-01 01:13:59.815  3675 22015 W ByMatcher: Skipping null child (1 of 4)
01-01 01:13:59.817  3675 22015 W ByMatcher: Skipping null child (2 of 4)
01-01 01:13:59.818  3675 22015 W ByMatcher: Skipping null child (3 of 4)
01-01 01:13:59.819  3675 22015 W ByMatcher: Node returned null child: android.view.accessibility.AccessibilityNodeInfo@7442; boundsInParent: Rect(0, 0 - 1920, 104); boundsInScreen: Rect(0, 0 - 1920, 104); packageName: com.android.systemui; className: android.widget.FrameLayout; text: null; error: null; maxTextLength: -1; contentDescription: null; viewIdResName: null; checkable: false; checked: false; focusable: false; focused: false; selected: false; clickable: false; longClickable: false; contextClickable: false; enabled: true; password: false; scrollable: false; importantForAccessibility: true; actions: [AccessibilityAction: ACTION_SELECT - null, AccessibilityAction: ACTION_CLEAR_SELECTION - null, AccessibilityAction: ACTION_ACCESSIBILITY_FOCUS - null, AccessibilityAction: ACTION_SHOW_ON_SCREEN - null]
01-01 01:13:59.819  3675 22015 W ByMatcher: Skipping null child (0 of 4)
01-01 01:13:59.820  3675 22015 W ByMatcher: Skipping null child (1 of 4)
01-01 01:13:59.821  3675 22015 W ByMatcher: Skipping null child (2 of 4)
01-01 01:13:59.822  3675 22015 W ByMatcher: Skipping null child (3 of 4)
01-01 01:13:59.862  1379  1379 I InputAttributes: InputType.TYPE_NULL is specified
01-01 01:13:59.865  1151  1416 D mEnabledInputMethodsStrCache: com.android.inputmethods.latin/.LatinIME
01-01 01:13:59.865  1151  1416 D systemLanguageCode: en__GB
01-01 01:13:59.865  1151  1416 D mEnabledInputMethodsStrCache: com.android.inputmethods.latin/.LatinIME
01-01 01:13:59.868  1379  1379 V KeyboardState: onLoadKeyboard: [keyboard=UNSHIFTED shift=RELEASING symbol=RELEASING switch=ALPHA] autoCapsFlags=none recapitalizeMode=undefined
01-01 01:13:59.868  1379  1379 D KeyboardState: setAlphabetKeyboard: [keyboard=UNSHIFTED shift=RELEASING symbol=RELEASING switch=ALPHA] autoCapsFlags=none recapitalizeMode=undefined
01-01 01:13:59.868  1379  1379 D KeyboardSwitcher: setAlphabetKeyboard
01-01 01:13:59.869  1151  2229 D mEnabledInputMethodsStrCache: com.android.inputmethods.latin/.LatinIME
01-01 01:13:59.869  1151  2229 D systemLanguageCode: en__GB
01-01 01:13:59.869  1151  2229 D mEnabledInputMethodsStrCache: com.android.inputmethods.latin/.LatinIME
01-01 01:13:59.870  1379  1379 D KeyboardSwitcher: requestUpdatingShiftState:  autoCapsFlags=none recapitalizeMode=undefined
01-01 01:13:59.870  1379  1379 D KeyboardState: onUpdateShiftState: [keyboard=UNSHIFTED shift=RELEASING symbol=RELEASING switch=ALPHA] autoCapsFlags=none recapitalizeMode=undefined
01-01 01:13:59.870  1379  1379 D KeyboardState: setShifted: shiftMode=UNSHIFT [keyboard=UNSHIFTED shift=RELEASING symbol=RELEASING switch=ALPHA]
01-01 01:13:59.871  1151  2229 D mEnabledInputMethodsStrCache: com.android.inputmethods.latin/.LatinIME
01-01 01:13:59.871  1151  2229 D systemLanguageCode: en__GB
01-01 01:13:59.871  1151  2229 D mEnabledInputMethodsStrCache: com.android.inputmethods.latin/.LatinIME
01-01 01:13:59.872  1151  2229 D mEnabledInputMethodsStrCache: com.android.inputmethods.latin/.LatinIME
01-01 01:13:59.872  1151  2229 D systemLanguageCode: en__GB
01-01 01:13:59.872  1151  2229 D mEnabledInputMethodsStrCache: com.android.inputmethods.latin/.LatinIME
01-01 01:13:59.873  1379  1379 I NuanceUtil: Language text: en_GB, Language code: 5
01-01 01:13:59.873  1379  1379 I NuanceLog: Active Language: ET9LIDEnglish_UK
01-01 01:13:59.873  1379  1379 I NuanceLog: Active LDB: /system/etc/RSESpeller/configs/LDBs/v13.1.0/englishuk/ENubUNUK_xt9_ALM3.ldb
01-01 01:13:59.873  1379  1379 I LatinIME: Nuance API Initialized successfully
01-01 01:13:59.874  1379  1379 I LatinIME: Suggestion strip view visibility gone
01-01 01:13:59.874  1151  2229 D mEnabledInputMethodsStrCache: com.android.inputmethods.latin/.LatinIME
01-01 01:13:59.874  1151  2229 D systemLanguageCode: en__GB
01-01 01:13:59.874  1151  2229 D mEnabledInputMethodsStrCache: com.android.inputmethods.latin/.LatinIME
01-01 01:13:59.875  1151  2229 D mEnabledInputMethodsStrCache: com.android.inputmethods.latin/.LatinIME
01-01 01:13:59.875  1151  2229 D systemLanguageCode: en__GB
01-01 01:13:59.875  1151  2229 D mEnabledInputMethodsStrCache: com.android.inputmethods.latin/.LatinIME
01-01 01:13:59.878  1151  2229 D mEnabledInputMethodsStrCache: com.android.inputmethods.latin/.LatinIME
01-01 01:13:59.878  1151  2229 D systemLanguageCode: en__GB
01-01 01:13:59.878  1151  2229 D mEnabledInputMethodsStrCache: com.android.inputmethods.latin/.LatinIME
01-01 01:13:59.878  1151  2229 D mEnabledInputMethodsStrCache: com.android.inputmethods.latin/.LatinIME
01-01 01:13:59.878  1151  2229 D systemLanguageCode: en__GB
01-01 01:13:59.878  1151  2229 D mEnabledInputMethodsStrCache: com.android.inputmethods.latin/.LatinIME
01-01 01:13:59.880  1151  2229 D WindowManager: relayout packageName=com.android.inputmethods.latin::session=Session{ca2ba78 1379:1000}::window=android.view.IWindow$Stub$Proxy@d067833::attrs.flags=800108
01-01 01:13:59.880  1151  2229 D WindowManager: relayout >>> FLAG_FULLSCREEN not set in WindowManager.LayoutParams
01-01 01:13:59.880  1151  2229 D WindowManager: startStatusReceiverServiceOnFlagSet: creating intent for action ACTION_ACTIVITY_FULLSCREEN
01-01 01:13:59.880  1151  2229 W ContextImpl: Calling a method in the system process without a qualified user: android.app.ContextImpl.startService:1476 com.android.server.wm.Session.startStatusReceiverServiceOnFlagSet:762 com.android.server.wm.Session.relayout:276 android.view.IWindowSession$Stub.onTransact:286 com.android.server.wm.Session.onTransact:166 
01-01 01:13:59.881  1151  2229 D CompatibilityInfo: mCompatibilityFlags - 4
01-01 01:13:59.881  1151  2229 D CompatibilityInfo: applicationDensity - 240
01-01 01:13:59.881  1151  2229 D CompatibilityInfo: applicationScale - 1.0
01-01 01:13:59.882  1151  2229 D WindowManager: startStatusReceiverServiceOnFlagSet: startService done
01-01 01:13:59.888  1392  1392 W SYSTEM_UI: SWR_SYSTEM_UI_007|FUN=CollapsedStatusBarFragment::getAction |1|Broadcast action --> STATUS_UPDATE_ACTION
01-01 01:13:59.888  1392  1392 W SYSTEM_UI: SWR_SYSTEM_UI_007|FUN=CollapsedStatusBarFragment::getIntExtra |1|NotifySystemUpdates dataType --> 101
01-01 01:13:59.888  1392  1392 W SYSTEM_UI - CI07.3: className -> CollapsedStatusBarFragment | functionName -> NotifySystemUpdates | onReceive -->  | value -> FULLSCREEN MODE CHANGED | isFullScreenStatus --> false | fullScreenPackage -->com.android.inputmethods.latin | fullscreenLastShownPackage -->null | topActivityPackage --> com.panasonic.hmi2settings
01-01 01:13:59.888  1392  1392 W SYSTEM_UI - CI07.3: className -> CollapsedStatusBarFragment | functionName -> NotifySystemUpdates | onReceive -->  | value -> Fullscreen mode changed --> path 0
01-01 01:13:59.899  1151  1416 D mEnabledInputMethodsStrCache: com.android.inputmethods.latin/.LatinIME
01-01 01:13:59.899  1151  1416 D systemLanguageCode: en__GB
01-01 01:13:59.899  1151  1416 D mEnabledInputMethodsStrCache: com.android.inputmethods.latin/.LatinIME
01-01 01:13:59.901  1151  1553 D mEnabledInputMethodsStrCache: com.android.inputmethods.latin/.LatinIME
01-01 01:13:59.901  1151  1553 D systemLanguageCode: en__GB
01-01 01:13:59.902  1151  1553 D mEnabledInputMethodsStrCache: com.android.inputmethods.latin/.LatinIME
01-01 01:13:59.904  1151  1553 D mEnabledInputMethodsStrCache: com.android.inputmethods.latin/.LatinIME
01-01 01:13:59.904  1151  1553 D systemLanguageCode: en__GB
01-01 01:13:59.904  1151  1553 D mEnabledInputMethodsStrCache: com.android.inputmethods.latin/.LatinIME
01-01 01:13:59.904  1151  1553 D mEnabledInputMethodsStrCache: com.android.inputmethods.latin/.LatinIME
01-01 01:13:59.904  1151  1553 D systemLanguageCode: en__GB
01-01 01:13:59.904  1151  1553 D mEnabledInputMethodsStrCache: com.android.inputmethods.latin/.LatinIME
01-01 01:13:59.904  1151  1553 D mEnabledInputMethodsStrCache: com.android.inputmethods.latin/.LatinIME
01-01 01:13:59.904  1151  1553 D systemLanguageCode: en__GB
01-01 01:13:59.904  1151  1553 D mEnabledInputMethodsStrCache: com.android.inputmethods.latin/.LatinIME
01-01 01:13:59.905  1379  1379 I LatinIME: SWR_HMISERVICE_SPELLER_MF_001||FUN=onStartInputViewInternal || 1 || Starting input. Cursor position = 0,0
01-01 01:13:59.930  1151  1553 D mEnabledInputMethodsStrCache: com.android.inputmethods.latin/.LatinIME
01-01 01:13:59.930  1151  1553 D systemLanguageCode: en__GB
01-01 01:13:59.930  1151  1553 D mEnabledInputMethodsStrCache: com.android.inputmethods.latin/.LatinIME
01-01 01:13:59.932  1379  1379 V KeyboardState: onLoadKeyboard: [keyboard=UNSHIFTED shift=RELEASING symbol=RELEASING switch=ALPHA] autoCapsFlags=none recapitalizeMode=undefined
01-01 01:13:59.932  1379  1379 D KeyboardState: setAlphabetKeyboard: [keyboard=UNSHIFTED shift=RELEASING symbol=RELEASING switch=ALPHA] autoCapsFlags=none recapitalizeMode=undefined
01-01 01:13:59.932  1379  1379 D KeyboardSwitcher: setAlphabetKeyboard
01-01 01:13:59.933  1151  1553 D mEnabledInputMethodsStrCache: com.android.inputmethods.latin/.LatinIME
01-01 01:13:59.933  1151  1553 D systemLanguageCode: en__GB
01-01 01:13:59.933  1151  1553 D mEnabledInputMethodsStrCache: com.android.inputmethods.latin/.LatinIME
01-01 01:13:59.934  1379  1379 D KeyboardSwitcher: requestUpdatingShiftState:  autoCapsFlags=none recapitalizeMode=undefined
01-01 01:13:59.934  1379  1379 D KeyboardState: onUpdateShiftState: [keyboard=UNSHIFTED shift=RELEASING symbol=RELEASING switch=ALPHA] autoCapsFlags=none recapitalizeMode=undefined
01-01 01:13:59.934  1379  1379 D KeyboardState: setShifted: shiftMode=UNSHIFT [keyboard=UNSHIFTED shift=RELEASING symbol=RELEASING switch=ALPHA]
01-01 01:13:59.935  1151  1553 D mEnabledInputMethodsStrCache: com.android.inputmethods.latin/.LatinIME
01-01 01:13:59.935  1151  1553 D systemLanguageCode: en__GB
01-01 01:13:59.935  1151  1553 D mEnabledInputMethodsStrCache: com.android.inputmethods.latin/.LatinIME
01-01 01:13:59.936  1151  1416 D mEnabledInputMethodsStrCache: com.android.inputmethods.latin/.LatinIME
01-01 01:13:59.936  1151  1416 D systemLanguageCode: en__GB
01-01 01:13:59.936  1151  1416 D mEnabledInputMethodsStrCache: com.android.inputmethods.latin/.LatinIME
01-01 01:13:59.937  1379  1379 I NuanceUtil: Language text: en_GB, Language code: 5
01-01 01:13:59.937  1379  1379 I NuanceLog: Active Language: ET9LIDEnglish_UK
01-01 01:13:59.938  1379  1379 I NuanceLog: Active LDB: /system/etc/RSESpeller/configs/LDBs/v13.1.0/englishuk/ENubUNUK_xt9_ALM3.ldb
01-01 01:13:59.938  1379  1379 I LatinIME: Nuance API Initialized successfully
01-01 01:13:59.938  1379  1379 I LatinIME: Suggestion strip view visibility gone
01-01 01:13:59.940  1151  1553 D mEnabledInputMethodsStrCache: com.android.inputmethods.latin/.LatinIME
01-01 01:13:59.940  1151  1553 D systemLanguageCode: en__GB
01-01 01:13:59.940  1151  1553 D mEnabledInputMethodsStrCache: com.android.inputmethods.latin/.LatinIME
01-01 01:13:59.940  1151  1553 D mEnabledInputMethodsStrCache: com.android.inputmethods.latin/.LatinIME
01-01 01:13:59.940  1151  1553 D systemLanguageCode: en__GB
01-01 01:13:59.940  1151  1553 D mEnabledInputMethodsStrCache: com.android.inputmethods.latin/.LatinIME
01-01 01:14:00.002  1392  1392 D KeyguardUpdateMonitor: received broadcast android.intent.action.TIME_TICK
01-01 01:14:00.002  1392  1392 D KeyguardUpdateMonitor: handleTimeUpdate
01-01 01:14:00.008  1392  1392 D PhoneStatusBarView: status_line: onPanelCollapsed
01-01 01:14:00.028  1392  1392 W SYSTEM_UI: SWR_SYSTEM_UI_008|FUN=CollapsedStatusBarFragment::AndroidEventReceiver | getAction |1|Broadcast action:android.intent.action.TIME_TICK received
01-01 01:14:00.028  1392  1392 W SYSTEM_UI - CI07.3: className -> CollapsedStatusBarFragment | functionName -> setTime | value -> Setting the time to textView
01-01 01:14:00.028  1392  1392 W SYSTEM_UI: SWR_SYSTEM_UI_008|FUN=CollapsedStatusBarFragment::getTime |1|Get current time.
01-01 01:14:00.168   729   748 I sssv-lib: sendMsg enter
01-01 01:14:00.168   729   748 I sssv-lib: sendMsg complete.
01-01 01:14:00.798  3675 22015 I QueryController: Matched selector: UiSelector[CLASS=android.widget.EditText] <<==>> [android.view.accessibility.AccessibilityNodeInfo@4804308; boundsInParent: Rect(0, 7 - 1241, 137); boundsInScreen: Rect(339, 225 - 1580, 355); packageName: com.panasonic.hmi2settings; className: android.widget.EditText; text: null; error: null; maxTextLength: 63; contentDescription: null; viewIdResName: com.panasonic.hmi2settings:id/textPassword; checkable: false; checked: false; focusable: true; focused: true; selected: false; clickable: true; longClickable: false; contextClickable: false; enabled: true; password: false; scrollable: false; importantForAccessibility: true; actions: [AccessibilityAction: ACTION_CLEAR_FOCUS - null, AccessibilityAction: ACTION_SELECT - null, AccessibilityAction: ACTION_CLEAR_SELECTION - null, AccessibilityAction: ACTION_CLICK - null, AccessibilityAction: ACTION_ACCESSIBILITY_FOCUS - null, AccessibilityAction: ACTION_SET_TEXT - null, AccessibilityAction: ACTION_SHOW_ON_SCREEN - null]]
01-01 01:14:00.817  1151  1407 D mEnabledInputMethodsStrCache: com.android.inputmethods.latin/.LatinIME
01-01 01:14:00.817  1151  1407 D systemLanguageCode: en__GB
01-01 01:14:00.817  1151  1407 D mEnabledInputMethodsStrCache: com.android.inputmethods.latin/.LatinIME
01-01 01:14:00.817  1151  2229 D mEnabledInputMethodsStrCache: com.android.inputmethods.latin/.LatinIME
01-01 01:14:00.817  1151  2229 D systemLanguageCode: en__GB
01-01 01:14:00.817  1151  2229 D mEnabledInputMethodsStrCache: com.android.inputmethods.latin/.LatinIME
01-01 01:14:00.820  1151  2229 D mEnabledInputMethodsStrCache: com.android.inputmethods.latin/.LatinIME
01-01 01:14:00.820  1151  2229 D systemLanguageCode: en__GB
01-01 01:14:00.820  1151  2229 D mEnabledInputMethodsStrCache: com.android.inputmethods.latin/.LatinIME
01-01 01:14:00.820  1151  2229 D mEnabledInputMethodsStrCache: com.android.inputmethods.latin/.LatinIME
01-01 01:14:00.820  1151  2229 D systemLanguageCode: en__GB
01-01 01:14:00.820  1151  2229 D mEnabledInputMethodsStrCache: com.android.inputmethods.latin/.LatinIME
01-01 01:14:00.821  1151  2229 D mEnabledInputMethodsStrCache: com.android.inputmethods.latin/.LatinIME
01-01 01:14:00.821  1151  2229 D systemLanguageCode: en__GB
01-01 01:14:00.821  1151  2229 D mEnabledInputMethodsStrCache: com.android.inputmethods.latin/.LatinIME
01-01 01:14:00.821  1151  2229 D mEnabledInputMethodsStrCache: com.android.inputmethods.latin/.LatinIME
01-01 01:14:00.821  1151  2229 D systemLanguageCode: en__GB
01-01 01:14:00.821  1151  2229 D mEnabledInputMethodsStrCache: com.android.inputmethods.latin/.LatinIME
01-01 01:14:00.821  1379  1379 I LatinIME: SWR_HMISERVICE_SPELLER_MF_001||FUN=onStartInputViewInternal || 1 || Starting input. Cursor position = 0,0
01-01 01:14:00.836  3675 22020 D UIAutomatorStub: URI: /jsonrpc/0, Method: POST, Header: {content-length=170, remote-addr=127.0.0.1, http-client-ip=127.0.0.1, host=localhost:9009, content-type=application/json, connection=close, accept-encoding=identity, user-agent=Python-urllib/2.7}, params, {NanoHttpd.QUERY_STRING=null}, files: {postData={"params": [{"childOrSiblingSelector": [], "text": "OK", "mask": 1, "childOrSibling": []}], "jsonrpc": "2.0", "method": "click", "id": "8307d1c2e9a1e670c8cfc4c3e2223418"}}
01-01 01:14:00.847  1379  1379 D KeyboardState: onResetKeyboardStateToAlphabet: [keyboard=UNSHIFTED shift=RELEASING symbol=RELEASING switch=ALPHA] autoCapsFlags=none recapitalizeMode=undefined
01-01 01:14:00.847  1379  1379 D KeyboardState: resetKeyboardStateToAlphabet: [keyboard=UNSHIFTED shift=RELEASING symbol=RELEASING switch=ALPHA] autoCapsFlags=none recapitalizeMode=undefined
01-01 01:14:00.847  1379  1379 D KeyboardSwitcher: requestUpdatingShiftState:  autoCapsFlags=none recapitalizeMode=undefined
01-01 01:14:00.847  1379  1379 D KeyboardState: onUpdateShiftState: [keyboard=UNSHIFTED shift=RELEASING symbol=RELEASING switch=ALPHA] autoCapsFlags=none recapitalizeMode=undefined
01-01 01:14:00.848  1379  1379 D KeyboardState: setShifted: shiftMode=UNSHIFT [keyboard=UNSHIFTED shift=RELEASING symbol=RELEASING switch=ALPHA]
01-01 01:14:00.848  1151  1416 D mEnabledInputMethodsStrCache: com.android.inputmethods.latin/.LatinIME
01-01 01:14:00.848  1151  1416 D systemLanguageCode: en__GB
01-01 01:14:00.848  1151  1416 D mEnabledInputMethodsStrCache: com.android.inputmethods.latin/.LatinIME
01-01 01:14:00.849  1151  1416 D mEnabledInputMethodsStrCache: com.android.inputmethods.latin/.LatinIME
01-01 01:14:00.849  1151  1416 D systemLanguageCode: en__GB
01-01 01:14:00.849  1151  1416 D mEnabledInputMethodsStrCache: com.android.inputmethods.latin/.LatinIME
01-01 01:14:00.850  1379  1379 I NuanceUtil: Language text: en_GB, Language code: 5
01-01 01:14:00.850  1379  1379 I NuanceLog: Active Language: ET9LIDEnglish_UK
01-01 01:14:00.850  1379  1379 I NuanceLog: Active LDB: /system/etc/RSESpeller/configs/LDBs/v13.1.0/englishuk/ENubUNUK_xt9_ALM3.ldb
01-01 01:14:00.850  1379  1379 I LatinIME: Nuance API Initialized successfully
01-01 01:14:00.850  1379  1379 I LatinIME: Suggestion strip view visibility gone
01-01 01:14:00.851  1151  2229 D mEnabledInputMethodsStrCache: com.android.inputmethods.latin/.LatinIME
01-01 01:14:00.851  1151  2229 D systemLanguageCode: en__GB
01-01 01:14:00.851  1151  2229 D mEnabledInputMethodsStrCache: com.android.inputmethods.latin/.LatinIME
01-01 01:14:00.851  1151  2229 D mEnabledInputMethodsStrCache: com.android.inputmethods.latin/.LatinIME
01-01 01:14:00.851  1151  2229 D systemLanguageCode: en__GB
01-01 01:14:00.851  1151  2229 D mEnabledInputMethodsStrCache: com.android.inputmethods.latin/.LatinIME
01-01 01:14:01.146  2054  2054 E         : 
01-01 01:14:01.146  2054  2054 E         : Buffer Size = 1048576
01-01 01:14:01.169   729   748 I sssv-lib: sendMsg enter
01-01 01:14:01.169   729   748 I sssv-lib: sendMsg complete.
01-01 01:14:01.170  2054  2054 E         : 
01-01 01:14:01.170  2054  2054 E         : <6>[ 4111.762898] DHCP[wlan0] - DISCOVER [TX]
01-01 01:14:01.170  2054  2054 E         : <6>[ 4111.762925] dhd_prot_flow_ring_create: Send Flow Create Req flow ID 40 for peer ff:ff:ff:ff:ff:ff prio 0 ifindex 0
01-01 01:14:01.170  2054  2054 E         : <6>[ 4111.763223] dhd_prot_flow_ring_create_response_process: Flow Create Response status = 0 Flow 40
01-01 01:14:01.170  2054  2054 E         : <6>[ 4111.775020] QSEECOM: scm_call_qcpe:429 : IN: 0x42000d0a, 0x3, 0x0, 0x3ecd, 0x79b, 0x0, 0x0
01-01 01:14:01.170  2054  2054 E         : <6>[ 4111.776405] QSEECOM: scm_call_qcpe:503 : OUT: 0x0, 0x0, 0x0, 0x0
01-01 01:14:01.170  2054  2054 E         : <6>[ 4111.792087] QSEECOM: scm_call_qcpe:429 : IN: 0x42000d0a, 0x3, 0x0, 0x42ad, 0x7b2, 0x0, 0x0
01-01 01:14:01.170  2054  2054 E         : <6>[ 4111.793617] QSEECOM: scm_call_qcpe:503 : OUT: 0x0, 0x0, 0x0, 0x0
01-01 01:14:01.170  2054  2054 E         : <6>[ 4111.799816] DHCP[wlan0] - OFFER [RX]
01-01 01:14:01.170  2054  2054 E         : <6>[ 4111.801902] DHCP[wlan0] - REQUEST [TX]
01-01 01:14:01.170  2054  2054 E         : <6>[ 4111.810239] QSEECOM: scm_call_qcpe:429 : IN: 0x42000d0a, 0x3, 0x0, 0x46ea, 0x798, 0x0, 0x0
01-01 01:14:01.170  2054  2054 E         : <6>[ 4111.811859] QSEECOM: scm_call_qcpe:503 : OUT: 0x0, 0x0, 0x0, 0x0
01-01 01:14:01.170  2054  2054 E         : <6>[ 4111.824738] QSEECOM: scm_call_qcpe:429 : IN: 0x42000d0a, 0x3, 0x0, 0x389f, 0x7b7, 0x0, 0x0
01-01 01:14:01.170  2054  2054 E         : <6>[ 4111.825868] DHCP[wlan0] - ACK [RX]
01-01 01:14:01.170  2054  2054 E         : <6>[ 4111.826668] QSEEC
01-01 01:14:01.173  2054  2054 E         : USB Hub Detector 1.0
01-01 01:14:01.215  1933  1933 I LCMANDR : SWR_OOB_HV_MF_009|FUN=ResourceMonitoringService::movingMemoryAverage|2|Moving memory average :32.605
01-01 01:14:01.215  1933  1933 W LCMANDR : SWR_OOB_HV_MF_009|FUN=ResourceMonitoringService::getCpuUsageStatistic|Moving MEM AVG :::::::::32.605
01-01 01:14:01.216  1933  1933 W LCMANDR : SWR_OOB_HV_MF_009|FUN=ResourceMonitoringService::getCpuUsageStatistic|2|Total cpu usage :21.843002
01-01 01:14:01.216  1933  1933 I LCMANDR : SWR_OOB_HV_MF_009|FUN=ResourceMonitoringService::getCpuUsageStatistic|Cpu usage of core  0 is26.46048
01-01 01:14:01.216  1933  1933 I LCMANDR : SWR_OOB_HV_MF_009|FUN=ResourceMonitoringService::getCpuUsageStatistic|Cpu usage of core  1 is21.649485
01-01 01:14:01.216  1933  1933 I LCMANDR : SWR_OOB_HV_MF_009|FUN=ResourceMonitoringService::getCpuUsageStatistic|Cpu usage of core  2 is17.508417
01-01 01:14:01.216  1933  1933 I LCMANDR : ResourceMonitoringService::movingCpuAverage()
01-01 01:14:01.216  1933  1933 I LCMANDR : SWR_OOB_HV_MF_009|FUN=ResourceMonitoringService::movingCpuAverage|2|Moving window average of CPU 23.395931
01-01 01:14:01.216  1933  1933 I LCMANDR : SWR_OOB_HV_MF_009|FUN=ResourceMonitoringService::movingCpuAverage|2|Cpu moving average of core  0 is24.299297
01-01 01:14:01.216  1933  1933 I LCMANDR : SWR_OOB_HV_MF_009|FUN=ResourceMonitoringService::movingCpuAverage|2|Cpu moving average of core  1 is20.15974
01-01 01:14:01.216  1933  1933 I LCMANDR : SWR_OOB_HV_MF_009|FUN=ResourceMonitoringService::movingCpuAverage|2|Cpu moving average of core  2 is25.666845
01-01 01:14:01.216  1933  1933 D LCMANDR : SWR_OOB_HV_MF_009|FUN=ResourceMonitoringService::movingCpuAverage|2|Exiting VAL = 23.395931
01-01 01:14:01.399  3675 22021 D UIAutomatorStub: URI: /jsonrpc/0, Method: POST, Header: {content-length=274, remote-addr=127.0.0.1, http-client-ip=127.0.0.1, host=localhost:9009, content-type=application/json, connection=close, accept-encoding=identity, user-agent=Python-urllib/2.7}, params, {NanoHttpd.QUERY_STRING=null}, files: {postData={"params": [{"childOrSiblingSelector": [], "scrollable": true, "mask": 16384, "childOrSibling": []}, {"childOrSiblingSelector": [], "text": "RSE_Test", "mask": 1, "childOrSibling": []}, true], "jsonrpc": "2.0", "method": "scrollTo", "id": "9996875bbc88ee977502da3c1db75f52"}}
01-01 01:14:01.403  3739  3739 W HMI2-SETTINGS - CI08.4: className -> WifiActivity | functionName -> handlePassOkClick:  | value -> handlePassOkClick with ssid :RSE_Test enter callFromdialogButton
01-01 01:14:01.406  3739  3739 W HMI2-SETTINGS - CI08.4: className -> WifiActivity | functionName -> hideSoftKeyboard | value -> hideSoftInputFromWindow id=true
01-01 01:14:01.406  1379  1379 E LatinIME: hideWindow Called
01-01 01:14:01.411  1151  1407 I WifiService: getWifiEnabledState uid=1000
01-01 01:14:01.411  3739  3739 W HMI2-SETTINGS - CI08.4: className -> WifiActivity | functionName -> removePassEnterWindow : callFrom  | value -> connectToWifi_isPasswordValid
01-01 01:14:01.417  1151  1407 D WindowManager: relayout packageName=com.android.inputmethods.latin::session=Session{ca2ba78 1379:1000}::window=android.view.IWindow$Stub$Proxy@5175b25::attrs.flags=800108
01-01 01:14:01.417  1151  1407 D WindowManager: relayout >>> FLAG_FULLSCREEN not set in WindowManager.LayoutParams
01-01 01:14:01.417  1151  1407 D WindowManager: startStatusReceiverServiceOnFlagSet: creating intent for action ACTION_ACTIVITY_FULLSCREEN
01-01 01:14:01.417  1151  1407 W ContextImpl: Calling a method in the system process without a qualified user: android.app.ContextImpl.startService:1476 com.android.server.wm.Session.startStatusReceiverServiceOnFlagSet:762 com.android.server.wm.Session.relayout:276 android.view.IWindowSession$Stub.onTransact:286 com.android.server.wm.Session.onTransact:166 
01-01 01:14:01.419  1151  1407 D CompatibilityInfo: mCompatibilityFlags - 4
01-01 01:14:01.419  1151  1407 D CompatibilityInfo: applicationDensity - 240
01-01 01:14:01.419  1151  1407 D CompatibilityInfo: applicationScale - 1.0
01-01 01:14:01.419  3739  3739 W HMI2-SETTINGS: SWR_BAIDU_HMI_0015|FUN=WifiActivity::finallyConnect|0|networkSSID::RSE_Test|NotOpen|isWapiConnect:false
01-01 01:14:01.419  1151  1416 I WifiService: addOrUpdateNetwork uid=1000
01-01 01:14:01.419  1151  1407 D WindowManager: startStatusReceiverServiceOnFlagSet: startService done
01-01 01:14:01.419  1151  1416 I addOrUpdateNetwork:  uid = 1000 SSID "RSE_Test" nid=-1
01-01 01:14:01.420  1151  1317 D WifiConfiguration: configKey: false
01-01 01:14:01.420  1151  1317 D WifiConfiguration: configKey: false
01-01 01:14:01.420  1151  1317 E WifiConfigManager: Cannot find network with networkId -1 or configKey "RSE_Test"WPA_PSK
01-01 01:14:01.421  1151  1317 D WifiConfiguration: configKey: false
01-01 01:14:01.421  1151  1317 E WifiConfigManager: Cannot find network with configKey "RSE_Test"WPA_PSK
01-01 01:14:01.421  1151  1317 D WifiConfiguration: configKey: false
01-01 01:14:01.424  1151  1317 D WifiConfiguration: configKey: false
01-01 01:14:01.426  1392  1392 W SYSTEM_UI: SWR_SYSTEM_UI_007|FUN=CollapsedStatusBarFragment::getAction |1|Broadcast action --> STATUS_UPDATE_ACTION
01-01 01:14:01.426  1392  1392 W SYSTEM_UI: SWR_SYSTEM_UI_007|FUN=CollapsedStatusBarFragment::getIntExtra |1|NotifySystemUpdates dataType --> 101
01-01 01:14:01.426  1392  1392 W SYSTEM_UI - CI07.3: className -> CollapsedStatusBarFragment | functionName -> NotifySystemUpdates | onReceive -->  | value -> FULLSCREEN MODE CHANGED | isFullScreenStatus --> false | fullScreenPackage -->com.android.inputmethods.latin | fullscreenLastShownPackage -->null | topActivityPackage --> com.panasonic.hmi2settings
01-01 01:14:01.426  1392  1392 W SYSTEM_UI - CI07.3: className -> CollapsedStatusBarFragment | functionName -> NotifySystemUpdates | onReceive -->  | value -> Fullscreen mode changed --> path 0
01-01 01:14:01.454  1151  1317 D WifiConfigStore: Writing to stores completed in 29 ms.
01-01 01:14:01.454  1151  1317 D WifiConfiguration: configKey: false
01-01 01:14:01.454  3739  3739 W HMI2-SETTINGS: SWR_BAIDU_HMI_0015|FUN=WifiActivity::addNetwork|0|Getting network id with addNetwork method.
01-01 01:14:01.454  3739  3739 W HMI2-SETTINGS - CI08.4: className -> WifiActivity | functionName -> connectNewNetwork : | value ->  addNetwork success netId->199
01-01 01:14:01.455  1151  1416 I WifiService: enableNetwork uid=1000 disableOthers=true
01-01 01:14:01.456  1151  1317 D WifiStateMachine: connectToUserSelectNetwork netId 199, uid 1000, forceReconnect = false
01-01 01:14:01.456  1151  1317 D WifiConfiguration: configKey: false
01-01 01:14:01.457  1151  1317 I chatty  : uid=1000(system) WifiStateMachin identical 1 line
01-01 01:14:01.458  1151  1317 D WifiConfiguration: configKey: false
01-01 01:14:01.477  1151  1317 D WifiConfigStore: Writing to stores completed in 18 ms.
01-01 01:14:01.477  1151  1317 D WifiConfiguration: configKey: false
01-01 01:14:01.478  1151  1317 I chatty  : uid=1000(system) WifiStateMachin identical 1 line
01-01 01:14:01.478  1151  1317 D WifiConfiguration: configKey: false
01-01 01:14:01.478  1151  1317 D WifiStateMachine: CMD_START_CONNECT sup state DisconnectedState my state DisconnectedState nid=199 roam=false
01-01 01:14:01.479  3739  3739 W HMI2-SETTINGS - CI08.4: className -> WifiActivity | functionName -> connectNewNetwork :  | value -> enable success netId->199
01-01 01:14:01.480   808   808 W wificond: Scan is not started. Ignore abort request
01-01 01:14:01.481  1151  2229 I WifiService: getWifiServiceMessenger uid=1000
01-01 01:14:01.483  3739  3739 W HMI2-SETTINGS: SWR_BAIDU_HMI_0015|SWR_BAIDU_HMI_0027|FUN=WifiActivity::connect|0|Connected to new network
01-01 01:14:01.483  3739  3739 W HMI2-SETTINGS - CI08.4: className -> WifiActivity | functionName -> finallyConnect : ssid-> | value -> "RSE_Test"|isClickedForConnection:false
01-01 01:14:01.483  1151  1316 D WifiService: CONNECT  nid=199 uid=1000 name=android.uid.system:1000
01-01 01:14:01.483  1151  1316 D WifiService: Connect with networkId 199
01-01 01:14:01.483  1151  1316 D WifiService: New client listening to asynchronous messages
01-01 01:14:01.482  1151  1317 D WifiConfiguration: configKey: false
01-01 01:14:01.484  1151  1317 D SupplicantStaIfaceHal: connectToNetwork "RSE_Test"WPA_PSK
01-01 01:14:01.484  3023  3023 E wpa_supplicant: Deregistering network from hidl control: 0
01-01 01:14:01.485  1151  1317 I SupplicantStaIfaceHal: addSupplicantStaNetwork via HIDL
01-01 01:14:01.486  3023  3023 E wpa_supplicant: Registering network to hidl control: 0
01-01 01:14:01.495  1151  1317 D WifiConfiguration: configKey: false
01-01 01:14:01.499  3023  3023 E wpa_supplicant: Notifying state change event to hidl control: 3
01-01 01:14:01.499  1151  1317 D WifiStateMachine: processMessage:  connect success 
01-01 01:14:01.500  1151  1317 D WifiStateMachine: processMessage: connect over
01-01 01:14:01.500  1151  1317 D WifiConfiguration: configKey: false
01-01 01:14:01.500  1151  1317 D WifiStateMachine: connectToUserSelectNetwork netId 199, uid 1000, forceReconnect = false
01-01 01:14:01.501  1151  1317 D WifiConfiguration: configKey: false
01-01 01:14:01.502  1151  1317 I chatty  : uid=1000(system) WifiStateMachin identical 1 line
01-01 01:14:01.502  1151  1317 D WifiConfiguration: configKey: false
01-01 01:14:01.525  1151  1317 D WifiConfigStore: Writing to stores completed in 22 ms.
01-01 01:14:01.526  1151  1317 D WifiConfiguration: configKey: false
01-01 01:14:01.526  1151  1317 D WifiConfiguration: configKey: false
01-01 01:14:01.526  3739  3757 E HMI2-SETTINGS - CI08.4: className -> WifiActivity | functionName -> mConnectListener | error ->onSuccess
01-01 01:14:01.528  1508  1601 W QCNEJ   : |CORE| notifyWifiStatusChanged failed
01-01 01:14:01.529  1508  1601 W QCNEJ   : |CORE| notifyRatConnectionStatusChanged failed
01-01 01:14:01.531  1392  1392 W SYSTEM_UI: SWR_SYSTEM_UI_008|FUN=CollapsedStatusBarFragment::AndroidEventReceiver | getAction |1|Broadcast action:android.net.wifi.STATE_CHANGE received
01-01 01:14:01.531  1392  1392 W SYSTEM_UI - CI07.3: className -> CollapsedStatusBarFragment | functionName -> AndroidEventReceiver | onReceive -->  | value -> Wifi connection status--> false
01-01 01:14:01.532  1392  1392 W SYSTEM_UI: SWR_SYSTEM_UI_008|FUN=CollapsedStatusBarFragment::isConnected |1|Wifi connection status--> false
01-01 01:14:01.532  1392  1392 W SYSTEM_UI - CI07.3: className -> CollapsedStatusBarFragment | functionName -> updateHermsDataType | value -> Update Herms Data Type :: networkType --> 0
01-01 01:14:01.532  1392  1392 W SYSTEM_UI - CI07.3: className -> CollapsedStatusBarFragment | functionName -> updateHermsDataType | value -> Update Herms Data Type :: isWebsiteSecure --> false
01-01 01:14:01.532  1392  1392 W SYSTEM_UI - CI07.3: className -> CollapsedStatusBarFragment | functionName -> updateHermsDataType | value -> Update Herms Data Type :: connection status --> 1
01-01 01:14:01.532  1392  1392 W SYSTEM_UI - CI07.3: className -> CollapsedStatusBarFragment | functionName -> updateHermsDataType | value -> Update Herms Data Type :: data Transfer --> false
01-01 01:14:01.532  1392  1392 W SYSTEM_UI - CI07.3: className -> CollapsedStatusBarFragment | functionName -> updateHermsDataType | value -> Update Herms Data Type :: wifiConnectionStatus --> false
01-01 01:14:01.532  1392  1392 W SYSTEM_UI - CI07.3: className -> CollapsedStatusBarFragment | functionName -> updateHermsDataType | value -> path 2
01-01 01:14:01.532  2145  2145 D HMI_SERVICE: USE_CASE_NA|FUN=HmiApplication| [action] android.net.wifi.STATE_CHANGE
01-01 01:14:01.532  1392  1392 W SYSTEM_UI - CI07.3: className -> CollapsedStatusBarFragment | functionName -> updateHermsDataType | value -> path 3
01-01 01:14:01.532  2145  2145 D HmiApplication: DetailedState:DISCONNECTED
01-01 01:14:01.532  2145  2145 W HMI_SERVICE: USE_CASE_NA|FUN=HmiApplication|executeLinuxCmdB2C command:6|isFromCManager:true
01-01 01:14:01.532  2677  9144 W ANDR_PERSISTENCY_CLIENT: SWR_PERSISTENCE_HV_LA_MF_0003|FUN=VCPUPersistenceService::executeLinuxBackgroundCommand |0|msg: param [6]
01-01 01:14:01.532  2677  9144 W ANDR_PERSISTENCY_CLIENT: SWR_PERSISTENCE_HV_LA_MF_0005|FUN=TCPHandler:: getInstance |2|msg: invoked 
01-01 01:14:01.533  2677  9144 W ANDR_PERSISTENCY_CLIENT: SWR_PERSISTENCE_HV_LA_MF_0005|FUN=TCPHandler:: sendWriteRequestToPersistenceLinuxInt |2|data= [6]key= 0 commandKey= 10
01-01 01:14:01.533  2677  9144 W ANDR_PERSISTENCY_CLIENT: SWR_PERSISTENCE_HV_LA_MF_0005|FUN=TCPHandler:: getUID |2|msg: invoked 
01-01 01:14:01.533  2677  9144 W ANDR_PERSISTENCY_CLIENT: SWR_PERSISTENCE_HV_LA_MF_0005|FUN=TCPHandler:: setAction |2|msg:setAction=1
01-01 01:14:01.533  2677  9144 W ANDR_PERSISTENCY_CLIENT: SWR_PERSISTENCE_HV_LA_MF_0005|FUN=TCPHandler:: setUID |2|msg:uid=70
01-01 01:14:01.533  2677  9144 W ANDR_PERSISTENCY_CLIENT: SWR_PERSISTENCE_HV_LA_MF_0005|FUN=TCPHandler:: setKey |2|msg:uid=70
01-01 01:14:01.533  2677  9144 W ANDR_PERSISTENCY_CLIENT: SWR_PERSISTENCE_HV_LA_MF_0005|FUN=TCPHandler::setCommandKey|2|msg:commandKey=10
01-01 01:14:01.533  2677  9144 W ANDR_PERSISTENCY_CLIENT: SWR_PERSISTENCE_HV_LA_MF_0005|FUN=TCPHandler:: registerCallBack |2|invoked 
01-01 01:14:01.533  2677  9144 W ANDR_PERSISTENCY_CLIENT: SWR_PERSISTENCE_HV_LA_MF_0005|FUN=TCPHandler::start|2|msg: byteArrayToInt : b [6]
