01-01 00:13:56.755  3739  3739 W HMI2-SETTINGS - CI08.4: className -> WifiActivity | functionName -> isWapiVariantBlocked | value -> security_type:2
01-01 00:13:56.755  3739  3739 W HMI2-SETTINGS - CI08.4: className -> WifiActivity | functionName -> isInConnected | value -> |ACSIA_DEV|0|2
01-01 00:13:56.755  3739  3739 W HMI2-SETTINGS - CI08.4: className -> WifiActivity | functionName -> isWapiVariantBlocked | value -> security_type:2
01-01 00:13:56.755  3739  3739 W HMI2-SETTINGS - CI08.4: className -> WifiActivity | functionName -> isInConnected | value -> |NETGEAR66-5G|0|2
01-01 00:13:56.755  3739  3739 W HMI2-SETTINGS - CI08.4: className -> WifiActivity | functionName -> isWapiVariantBlocked | value -> security_type:2
01-01 00:13:56.755  3739  3739 W HMI2-SETTINGS - CI08.4: className -> WifiActivity | functionName -> isInConnected | value -> |Secure|0|2
01-01 00:13:56.755  3739  3739 W HMI2-SETTINGS - CI08.4: className -> WifiActivity | functionName -> isWapiVariantBlocked | value -> security_type:2
01-01 00:13:56.756  3739  3739 W HMI2-SETTINGS - CI08.4: className -> WifiActivity | functionName -> isInConnected | value -> |DIRECT-YOATLP042msDU|0|2
01-01 00:13:56.756  3739  3739 W HMI2-SETTINGS - CI08.4: className -> WifiActivity | functionName -> isWapiVariantBlocked | value -> security_type:2
01-01 00:13:56.756  3739  3739 W HMI2-SETTINGS - CI08.4: className -> WifiActivity | functionName -> isInConnected | value -> |HUWIFI|0|2
01-01 00:13:56.756  3739  3739 W HMI2-SETTINGS - CI08.4: className -> WifiActivity | functionName -> isWapiVariantBlocked | value -> security_type:2
01-01 00:13:56.756  3739  3739 W HMI2-SETTINGS - CI08.4: className -> WifiActivity | functionName -> isInConnected | value -> |RSE_Test|0|2
01-01 00:13:56.756  3739  3739 W HMI2-SETTINGS - CI08.4: className -> WifiActivity | functionName -> isWapiVariantBlocked | value -> security_type:2
01-01 00:13:56.756  3739  3739 W HMI2-SETTINGS - CI08.4: className -> WifiActivity | functionName -> isInConnected | value -> |DIRECT-vQINLT044msmJ|0|2
01-01 00:13:56.756  3739  3739 W HMI2-SETTINGS - CI08.4: className -> WifiActivity | functionName -> isWapiVariantBlocked | value -> security_type:2
01-01 00:13:56.756  3739  3739 W HMI2-SETTINGS - CI08.4: className -> WifiActivity | functionName -> isInConnected | value -> |AUTOMATION_TEST|0|2
01-01 00:13:56.756  3739  3739 W HMI2-SETTINGS - CI08.4: className -> WifiActivity | functionName -> isWapiVariantBlocked | value -> security_type:2
01-01 00:13:56.756  3739  3739 W HMI2-SETTINGS - CI08.4: className -> WifiActivity | functionName -> isInConnected | value -> |DIRECT-DMATCLWI2064msNL|0|2
01-01 00:13:56.756  3739  3739 W HMI2-SETTINGS - CI08.4: className -> WifiActivity | functionName -> isWapiVariantBlocked | value -> security_type:2
01-01 00:13:56.756  3739  3739 W HMI2-SETTINGS - CI08.4: className -> WifiActivity | functionName -> isInConnected | value -> |ACSIA_CORP1|0|2
01-01 00:13:56.756  3739  3739 W HMI2-SETTINGS - CI08.4: className -> WifiActivity | functionName -> isWapiVariantBlocked | value -> security_type:2
01-01 00:13:56.756  3739  3739 W HMI2-SETTINGS - CI08.4: className -> WifiActivity | functionName -> isInConnected | value -> |ACSIA_GUEST1|0|2
01-01 00:13:56.756  3739  3739 W HMI2-SETTINGS - CI08.4: className -> WifiActivity | functionName -> isWapiVariantBlocked | value -> security_type:2
01-01 00:13:56.756  3739  3739 W HMI2-SETTINGS - CI08.4: className -> WifiActivity | functionName -> isInConnected | value -> |ACSIA_DEV|0|2
01-01 00:13:56.756  3739  3739 W HMI2-SETTINGS - CI08.4: className -> WifiActivity | functionName -> isWapiVariantBlocked | value -> security_type:2
01-01 00:13:56.756  3739  3739 W HMI2-SETTINGS - CI08.4: className -> WifiActivity | functionName -> isInConnected | value -> |RSE_Test|0|2
01-01 00:13:56.756  3739  3739 W HMI2-SETTINGS - CI08.4: className -> WifiActivity | functionName -> isWapiVariantBlocked | value -> security_type:2
01-01 00:13:56.756  3739  3739 W HMI2-SETTINGS - CI08.4: className -> WifiActivity | functionName -> isInConnected | value -> |ACSIA_CORP2|0|2
01-01 00:13:56.756  3739  3739 W HMI2-SETTINGS - CI08.4: className -> WifiActivity | functionName -> isWapiVariantBlocked | value -> security_type:2
01-01 00:13:56.756  3739  3739 W HMI2-SETTINGS - CI08.4: className -> WifiActivity | functionName -> isInConnected | value -> | ACSIA_CORP3|0|2
01-01 00:13:56.756  3739  3739 W HMI2-SETTINGS - CI08.4: className -> WifiActivity | functionName -> isWapiVariantBlocked | value -> security_type:2
01-01 00:13:56.756  3739  3739 W HMI2-SETTINGS - CI08.4: className -> WifiActivity | functionName -> isInConnected | value -> |ACSIA_Management|0|2
01-01 00:13:56.756  3739  3739 W HMI2-SETTINGS - CI08.4: className -> WifiActivity | functionName -> isWapiVariantBlocked | value -> security_type:2
01-01 00:13:56.756  3739  3739 W HMI2-SETTINGS - CI08.4: className -> WifiActivity | functionName -> isInConnected | value -> |MB Hotspot 61185|0|2
01-01 00:13:56.756  3739  3739 W HMI2-SETTINGS - CI08.4: className -> WifiActivity | functionName -> isWapiVariantBlocked | value -> security_type:0
01-01 00:13:56.756  3739  3739 W HMI2-SETTINGS - CI08.4: className -> WifiActivity | functionName -> isInConnected | value -> |HP-Print-DB-LaserJet Pro MFP|0|0
01-01 00:13:56.756  3739  3739 W HMI2-SETTINGS - CI08.4: className -> WifiActivity | functionName -> handleAllAvailNetwork | value -> savedNetwork ->0
01-01 00:13:56.756  3739  3739 W HMI2-SETTINGS - CI08.4: className -> WifiActivity | functionName -> handleAllAvailNetwork | value -> presentVisibleNetwork ->24
01-01 00:13:56.761  3739  3739 W HMI2-SETTINGS - CI08.4: className -> WifiActivity | functionName -> handleIfWifiAvailableNetworks: config is  | value -> null
01-01 00:13:56.792  3675  6797 D UIAutomatorStub: URI: /jsonrpc/0, Method: POST, Header: {content-length=274, remote-addr=127.0.0.1, http-client-ip=127.0.0.1, host=localhost:9009, content-type=application/json, connection=close, accept-encoding=identity, user-agent=Python-urllib/2.7}, params, {NanoHttpd.QUERY_STRING=null}, files: {postData={"params": [{"childOrSiblingSelector": [], "scrollable": true, "mask": 16384, "childOrSibling": []}, {"childOrSiblingSelector": [], "text": "RSE_Test", "mask": 1, "childOrSibling": []}, true], "jsonrpc": "2.0", "method": "scrollTo", "id": "2a6e7ed26405a50e02da9d5b6d8be371"}}
01-01 00:13:57.278   729   748 I sssv-lib: sendMsg enter
01-01 00:13:57.278   729   748 I sssv-lib: sendMsg complete.
01-01 00:13:57.433  3675  6797 D UiScrollable: scrollToBeginning() on selector = UiSelector[SCROLLABLE=true]
01-01 00:13:57.433  3675  6797 D UiScrollable: scrollBackward() on selector = UiSelector[SCROLLABLE=true]
01-01 00:13:57.442  3675  6797 I QueryController: Matched selector: UiSelector[SCROLLABLE=true] <<==>> [android.view.accessibility.AccessibilityNodeInfo@bda5f0; boundsInParent: Rect(0, 0 - 1332, 889); boundsInScreen: Rect(305, 172 - 1637, 1061); packageName: com.panasonic.hmi2settings; className: android.widget.ScrollView; text: null; error: null; maxTextLength: -1; contentDescription: null; viewIdResName: com.panasonic.hmi2settings:id/scrollWifi; checkable: false; checked: false; focusable: true; focused: false; selected: false; clickable: false; longClickable: false; contextClickable: false; enabled: true; password: false; scrollable: true; importantForAccessibility: true; actions: [AccessibilityAction: ACTION_FOCUS - null, AccessibilityAction: ACTION_SELECT - null, AccessibilityAction: ACTION_CLEAR_SELECTION - null, AccessibilityAction: ACTION_ACCESSIBILITY_FOCUS - null, AccessibilityAction: ACTION_SCROLL_FORWARD - null, AccessibilityAction: ACTION_SHOW_ON_SCREEN - null]]
01-01 00:13:57.442  3675  6797 D UiScrollable: scrollToBegining() using vertical scroll
01-01 00:13:57.442  3675  6797 D InteractionController: scrollSwipe (971, 260, 971, 973, 55)
01-01 00:13:58.092  1933  1933 D LCMANDR : SWR_OOB_HV_MF_009|FUN=LifeCycleManagerService::getDAIAppAlivenessStatus|Aliveness:: DAIAPP HB DIFF = 2 [ DaimlerAppHBCounter ] = 323[ DaimlerAppHBCounterOld ] = 321
01-01 00:13:58.092  1933  1933 I LCMANDR : SWR_OOB_HV_MF_009|FUN=LifeCycleManagerService::getDAIAppAlivenessStatus|Aliveness::ANDROID HB IS VALID... setting OLD VAL, and resetting Fail Counter
01-01 00:13:58.095  1933  1933 I LCMANDR : SWR_OOB_HV_MF_009|FUN=LifeCycleManagerService::getDAIPID|DAIMLER APP(com.daimler.rse.ntg6) PID is [ 1519 ]
01-01 00:13:58.095  1933  1933 I LCMANDR : SWR_OOB_HV_MF_009|FUN=LifeCycleManagerService::getDAIAPPStatus|Aliveness::SAME PID! DAIAPP is not restarted
01-01 00:13:58.095  1933  1933 W LCMANDR : SWR_OOB_HV_MF_009|FUN=LifeCycleManagerService::getDAIAppAlivenessStatus|Aliveness::Status to send id : ALIVE
01-01 00:13:58.095  1933  1933 D LCMANDR : SWR_OOB_HV_MF_005|FUN=LifeCycleManagerService::sendPacketToLnx|data = [B@37d2197
01-01 00:13:58.095  1933  1933 D LCMANDR : SWR_OOB_HV_MF_009|FUN=LifeCycleManagerService::postAppsStatusInfo|Setting AppPacket info
01-01 00:13:58.095  1933  1933 I LCMANDR : SWR_OOB_HV_MF_009|FUN=AlivenessMonitoring::getRunningApps| packet sent
01-01 00:13:58.095  1933  1956 D LCMANDR : SWR_OOB_HV_MF_010|FUN=LifeCycleManagerService::RseNodeStateManagement|SEND_IGC_CB
01-01 00:13:58.095  1933  1956 I LCMANDR : SWR_OOB_HV_MF_005|FUN=LifeCycleManagerService::igcsendData|Call hit in RSENodeStateManagement::igcsendData
01-01 00:13:58.095  1933  1956 I LCMANDR : SWR_OOB_HV_MF_005|FUN=LifeCycleManagerService::igcsendData|SEND DATA LEN is : 15
01-01 00:13:58.095  1933  1956 I LCMANDR : SWR_OOB_HV_MF_007|FUN=LifeCycleManagerService::sendPacketFromIntentService|Package to send : [ 65, 0, 0, 0, 9, 0, 2, 0, 1, 0, 5, 65, 65, 0, 0, ]
01-01 00:13:58.095  1933  1956 I IGC     :  IGC::sendData ==> [ 65, 0, 0, 0, 9, 0, 2, 0, 1, 0, 5, 65, 65, 0, 0,  ]
01-01 00:13:58.095  1933  1956 I IGC     :  Igc::sendData data size is :: 15
01-01 00:13:58.095  1933  1956 D         : Enqueue: sem count = 1
01-01 00:13:58.095  1933  1956 I LCMANDR : SWR_OOB_HV_MF_007|FUN=LifeCycleManagerService::sendPacketFromIntentService|Sending Data to Linux is successful( [65, 0, 0, 0, 9, 0, 2, 0, 1, 0, 5, 65, 65, 0, 0] )
01-01 00:13:58.095  1933  1956 I LCMANDR : SWR_OOB_HV_MF_005|FUN=LifeCycleManagerService::igcsendData| DATA SEND SUCCESSFULLY 
01-01 00:13:58.279   729   748 I sssv-lib: sendMsg enter
01-01 00:13:58.279   729   748 I sssv-lib: sendMsg complete.
01-01 00:13:58.300   635   635 E ANDR-PERF-TARGET: Error: Invalid logical cluster id 0
01-01 00:13:58.300   635   635 E ANDR-PERF-MPCTL: invalid request, no optimizations performed
01-01 00:13:58.317   635   635 E ANDR-PERF-TARGET: Error: Invalid logical cluster id 0
01-01 00:13:58.317   635   635 E ANDR-PERF-MPCTL: invalid request, no optimizations performed
01-01 00:13:58.333   635   635 E ANDR-PERF-TARGET: Error: Invalid logical cluster id 0
01-01 00:13:58.334   635   635 E ANDR-PERF-MPCTL: invalid request, no optimizations performed
01-01 00:13:58.350   635   635 E ANDR-PERF-TARGET: Error: Invalid logical cluster id 0
01-01 00:13:58.350   635   635 E ANDR-PERF-MPCTL: invalid request, no optimizations performed
01-01 00:13:58.367   635   635 E ANDR-PERF-TARGET: Error: Invalid logical cluster id 0
01-01 00:13:58.367   635   635 E ANDR-PERF-MPCTL: invalid request, no optimizations performed
01-01 00:13:58.368   635   635 E ANDR-PERF-TARGET: Error: Invalid logical cluster id 0
01-01 00:13:58.368   635   635 E ANDR-PERF-MPCTL: invalid request, no optimizations performed
01-01 00:13:58.383   635   635 E ANDR-PERF-TARGET: Error: Invalid logical cluster id 0
01-01 00:13:58.383   635   635 E ANDR-PERF-MPCTL: invalid request, no optimizations performed
01-01 00:13:58.400   635   635 E ANDR-PERF-TARGET: Error: Invalid logical cluster id 0
01-01 00:13:58.400   635   635 E ANDR-PERF-MPCTL: invalid request, no optimizations performed
01-01 00:13:58.417   635   635 E ANDR-PERF-TARGET: Error: Invalid logical cluster id 0
01-01 00:13:58.417   635   635 E ANDR-PERF-MPCTL: invalid request, no optimizations performed
01-01 00:13:58.434   635   635 E ANDR-PERF-TARGET: Error: Invalid logical cluster id 0
01-01 00:13:58.434   635   635 E ANDR-PERF-MPCTL: invalid request, no optimizations performed
01-01 00:13:58.450   635   635 E ANDR-PERF-TARGET: Error: Invalid logical cluster id 0
01-01 00:13:58.450   635   635 E ANDR-PERF-MPCTL: invalid request, no optimizations performed
01-01 00:13:58.467   635   635 E ANDR-PERF-TARGET: Error: Invalid logical cluster id 0
01-01 00:13:58.467   635   635 E ANDR-PERF-MPCTL: invalid request, no optimizations performed
01-01 00:13:58.484   635   635 E ANDR-PERF-TARGET: Error: Invalid logical cluster id 0
01-01 00:13:58.484   635   635 E ANDR-PERF-MPCTL: invalid request, no optimizations performed
01-01 00:13:58.500   635   635 E ANDR-PERF-TARGET: Error: Invalid logical cluster id 0
01-01 00:13:58.500   635   635 E ANDR-PERF-MPCTL: invalid request, no optimizations performed
01-01 00:13:58.517   635   635 E ANDR-PERF-TARGET: Error: Invalid logical cluster id 0
01-01 00:13:58.517   635   635 E ANDR-PERF-MPCTL: invalid request, no optimizations performed
01-01 00:13:58.534   635   635 E ANDR-PERF-TARGET: Error: Invalid logical cluster id 0
01-01 00:13:58.534   635   635 E ANDR-PERF-MPCTL: invalid request, no optimizations performed
01-01 00:13:58.550   635   635 E ANDR-PERF-TARGET: Error: Invalid logical cluster id 0
01-01 00:13:58.551   635   635 E ANDR-PERF-MPCTL: invalid request, no optimizations performed
01-01 00:13:58.561  3675  6797 W InteractionController: runAndwaitForEvents timed out waiting for events
01-01 00:13:58.567   635   635 E ANDR-PERF-TARGET: Error: Invalid logical cluster id 0
01-01 00:13:58.567   635   635 E ANDR-PERF-MPCTL: invalid request, no optimizations performed
01-01 00:13:58.570  3675  6797 D UiScrollable: scrollForward() on selector = UiSelector[SCROLLABLE=true]
01-01 00:13:58.578  3675  6797 I QueryController: Matched selector: UiSelector[SCROLLABLE=true] <<==>> [android.view.accessibility.AccessibilityNodeInfo@bda5f0; boundsInParent: Rect(0, 0 - 1332, 889); boundsInScreen: Rect(305, 172 - 1637, 1061); packageName: com.panasonic.hmi2settings; className: android.widget.ScrollView; text: null; error: null; maxTextLength: -1; contentDescription: null; viewIdResName: com.panasonic.hmi2settings:id/scrollWifi; checkable: false; checked: false; focusable: true; focused: false; selected: false; clickable: false; longClickable: false; contextClickable: false; enabled: true; password: false; scrollable: true; importantForAccessibility: true; actions: [AccessibilityAction: ACTION_FOCUS - null, AccessibilityAction: ACTION_SELECT - null, AccessibilityAction: ACTION_CLEAR_SELECTION - null, AccessibilityAction: ACTION_ACCESSIBILITY_FOCUS - null, AccessibilityAction: ACTION_SCROLL_FORWARD - null, AccessibilityAction: ACTION_SHOW_ON_SCREEN - null]]
01-01 00:13:58.578  3675  6797 D InteractionController: scrollSwipe (971, 973, 971, 260, 55)
01-01 00:13:58.584   635   635 E ANDR-PERF-TARGET: Error: Invalid logical cluster id 0
01-01 00:13:58.584   635   635 E ANDR-PERF-MPCTL: invalid request, no optimizations performed
01-01 00:13:58.601   635   635 E ANDR-PERF-TARGET: Error: Invalid logical cluster id 0
01-01 00:13:58.601   635   635 E ANDR-PERF-MPCTL: invalid request, no optimizations performed
01-01 00:13:58.615  2054  2054 E         : 
01-01 00:13:58.615  2054  2054 E         : Buffer Size = 1048576
01-01 00:13:58.621   635   635 E ANDR-PERF-TARGET: Error: Invalid logical cluster id 0
01-01 00:13:58.621   635   635 E ANDR-PERF-MPCTL: invalid request, no optimizations performed
01-01 00:13:58.634   635   635 E ANDR-PERF-TARGET: Error: Invalid logical cluster id 0
01-01 00:13:58.634   635   635 E ANDR-PERF-MPCTL: invalid request, no optimizations performed
01-01 00:13:58.639  2054  2054 E         : 
01-01 00:13:58.639  2054  2054 E         : <6>[  494.130378] QSEECOM: scm_call_qcpe:429 : IN: 0x42000d0a, 0x3, 0x0, 0x40ae, 0x759, 0x0, 0x0
01-01 00:13:58.639  2054  2054 E         : <6>[  494.131529] QSEECOM: scm_call_qcpe:503 : OUT: 0x0, 0x0, 0x0, 0x0
01-01 00:13:58.639  2054  2054 E         : <6>[  494.146906] QSEECOM: scm_call_qcpe:429 : IN: 0x42000d0a, 0x3, 0x0, 0x4091, 0x748, 0x0, 0x0
01-01 00:13:58.639  2054  2054 E         : <6>[  494.148158] QSEECOM: scm_call_qcpe:503 : OUT: 0x0, 0x1, 0x0, 0x0
01-01 00:13:58.639  2054  2054 E         : <6>[  494.164013] QSEECOM: scm_call_qcpe:429 : IN: 0x42000d0a, 0x3, 0x0, 0x42d5, 0x74e, 0x0, 0x0
01-01 00:13:58.639  2054  2054 E         : <6>[  494.165053] QSEECOM: scm_call_qcpe:503 : OUT: 0x0, 0x0, 0x0, 0x0
01-01 00:13:58.639  2054  2054 E         : <6>[  494.180304] QSEECOM: scm_call_qcpe:429 : IN: 0x42000d0a, 0x3, 0x0, 0x3f9f, 0x757, 0x0, 0x0
01-01 00:13:58.639  2054  2054 E         : <6>[  494.181794] QSEECOM: scm_call_qcpe:503 : OUT: 0x0, 0x0, 0x0, 0x0
01-01 00:13:58.639  2054  2054 E         : <6>[  494.196831] QSEECOM: scm_call_qcpe:429 : IN: 0x42000d0a, 0x3, 0x0, 0x408a, 0x74b, 0x0, 0x0
01-01 00:13:58.639  2054  2054 E         : <6>[  494.197978] QSEECOM: scm_call_qcpe:503 : OUT: 0x0, 0x0, 0x0, 0x0
01-01 00:13:58.639  2054  2054 E         : <6>[  494.213702] QSEECOM: scm_call_qcpe:429 : IN: 0x42000d0a, 0x3, 0x0, 0x41e8, 0x75d, 0x0, 0x0
01-01 00:13:58.639  2054  2054 E         : <6>[  494.215560] QSEECOM: scm_call_qcpe:503 : OUT: 0x0, 0x0, 0x0, 0x0
01-01 00:13:58.639  2054  2054 E         : <6>[  494.2306
01-01 00:13:58.643  2054  2054 E         : USB Hub Detector 1.0
01-01 00:13:58.651   635   635 E ANDR-PERF-TARGET: Error: Invalid logical cluster id 0
01-01 00:13:58.651   635   635 E ANDR-PERF-MPCTL: invalid request, no optimizations performed
01-01 00:13:58.661     1   452 I init    : Uptime: 00834.798350 LocalTime: 01-01 00:13:58.661
01-01 00:13:58.667   635   635 E ANDR-PERF-TARGET: Error: Invalid logical cluster id 0
01-01 00:13:58.667   635   635 E ANDR-PERF-MPCTL: invalid request, no optimizations performed
01-01 00:13:58.684   635   635 E ANDR-PERF-TARGET: Error: Invalid logical cluster id 0
01-01 00:13:58.684   635   635 E ANDR-PERF-MPCTL: invalid request, no optimizations performed
01-01 00:13:58.701   635   635 E ANDR-PERF-TARGET: Error: Invalid logical cluster id 0
01-01 00:13:58.701   635   635 E ANDR-PERF-MPCTL: invalid request, no optimizations performed
01-01 00:13:58.717   635   635 E ANDR-PERF-TARGET: Error: Invalid logical cluster id 0
01-01 00:13:58.718   635   635 E ANDR-PERF-MPCTL: invalid request, no optimizations performed
01-01 00:13:58.734   635   635 E ANDR-PERF-TARGET: Error: Invalid logical cluster id 0
01-01 00:13:58.734   635   635 E ANDR-PERF-MPCTL: invalid request, no optimizations performed
01-01 00:13:58.751   635   635 E ANDR-PERF-TARGET: Error: Invalid logical cluster id 0
01-01 00:13:58.751   635   635 E ANDR-PERF-MPCTL: invalid request, no optimizations performed
01-01 00:13:58.768   635   635 E ANDR-PERF-TARGET: Error: Invalid logical cluster id 0
01-01 00:13:58.768   635   635 E ANDR-PERF-MPCTL: invalid request, no optimizations performed
01-01 00:13:58.784   635   635 E ANDR-PERF-TARGET: Error: Invalid logical cluster id 0
01-01 00:13:58.784   635   635 E ANDR-PERF-MPCTL: invalid request, no optimizations performed
01-01 00:13:58.801   635   635 E ANDR-PERF-TARGET: Error: Invalid logical cluster id 0
01-01 00:13:58.801   635   635 E ANDR-PERF-MPCTL: invalid request, no optimizations performed
01-01 00:13:58.818   635   635 E ANDR-PERF-TARGET: Error: Invalid logical cluster id 0
01-01 00:13:58.818   635   635 E ANDR-PERF-MPCTL: invalid request, no optimizations performed
01-01 00:13:58.834   635   635 E ANDR-PERF-TARGET: Error: Invalid logical cluster id 0
01-01 00:13:58.835   635   635 E ANDR-PERF-MPCTL: invalid request, no optimizations performed
01-01 00:13:58.851   635   635 E ANDR-PERF-TARGET: Error: Invalid logical cluster id 0
01-01 00:13:58.851   635   635 E ANDR-PERF-MPCTL: invalid request, no optimizations performed
01-01 00:13:58.868   635   635 E ANDR-PERF-TARGET: Error: Invalid logical cluster id 0
01-01 00:13:58.868   635   635 E ANDR-PERF-MPCTL: invalid request, no optimizations performed
01-01 00:13:58.884   635   635 E ANDR-PERF-TARGET: Error: Invalid logical cluster id 0
01-01 00:13:58.885   635   635 E ANDR-PERF-MPCTL: invalid request, no optimizations performed
01-01 00:13:58.901   635   635 E ANDR-PERF-TARGET: Error: Invalid logical cluster id 0
01-01 00:13:58.901   635   635 E ANDR-PERF-MPCTL: invalid request, no optimizations performed
01-01 00:13:58.918   635   635 E ANDR-PERF-TARGET: Error: Invalid logical cluster id 0
01-01 00:13:58.918   635   635 E ANDR-PERF-MPCTL: invalid request, no optimizations performed
01-01 00:13:58.935   635   635 E ANDR-PERF-TARGET: Error: Invalid logical cluster id 0
01-01 00:13:58.935   635   635 E ANDR-PERF-MPCTL: invalid request, no optimizations performed
01-01 00:13:58.951   635   635 E ANDR-PERF-TARGET: Error: Invalid logical cluster id 0
01-01 00:13:58.951   635   635 E ANDR-PERF-MPCTL: invalid request, no optimizations performed
01-01 00:13:58.968   635   635 E ANDR-PERF-TARGET: Error: Invalid logical cluster id 0
01-01 00:13:58.968   635   635 E ANDR-PERF-MPCTL: invalid request, no optimizations performed
01-01 00:13:58.985   635   635 E ANDR-PERF-TARGET: Error: Invalid logical cluster id 0
01-01 00:13:58.985   635   635 E ANDR-PERF-MPCTL: invalid request, no optimizations performed
01-01 00:13:59.001   635   635 E ANDR-PERF-TARGET: Error: Invalid logical cluster id 0
01-01 00:13:59.002   635   635 E ANDR-PERF-MPCTL: invalid request, no optimizations performed
01-01 00:13:59.018   635   635 E ANDR-PERF-TARGET: Error: Invalid logical cluster id 0
01-01 00:13:59.018   635   635 E ANDR-PERF-MPCTL: invalid request, no optimizations performed
01-01 00:13:59.035   635   635 E ANDR-PERF-TARGET: Error: Invalid logical cluster id 0
01-01 00:13:59.035   635   635 E ANDR-PERF-MPCTL: invalid request, no optimizations performed
01-01 00:13:59.052   635   635 E ANDR-PERF-TARGET: Error: Invalid logical cluster id 0
01-01 00:13:59.052   635   635 E ANDR-PERF-MPCTL: invalid request, no optimizations performed
01-01 00:13:59.068   635   635 E ANDR-PERF-TARGET: Error: Invalid logical cluster id 0
01-01 00:13:59.068   635   635 E ANDR-PERF-MPCTL: invalid request, no optimizations performed
01-01 00:13:59.085   635   635 E ANDR-PERF-TARGET: Error: Invalid logical cluster id 0
01-01 00:13:59.085   635   635 E ANDR-PERF-MPCTL: invalid request, no optimizations performed
01-01 00:13:59.102   635   635 E ANDR-PERF-TARGET: Error: Invalid logical cluster id 0
01-01 00:13:59.102   635   635 E ANDR-PERF-MPCTL: invalid request, no optimizations performed
01-01 00:13:59.116  1933  1933 I LCMANDR : SWR_OOB_HV_MF_009|FUN=ResourceMonitoringService::movingMemoryAverage|2|Moving memory average :26.366207
01-01 00:13:59.116  1933  1933 W LCMANDR : SWR_OOB_HV_MF_009|FUN=ResourceMonitoringService::getCpuUsageStatistic|Moving MEM AVG :::::::::26.366207
01-01 00:13:59.118  1933  1933 W LCMANDR : SWR_OOB_HV_MF_009|FUN=ResourceMonitoringService::getCpuUsageStatistic|2|Total cpu usage :25.19685
01-01 00:13:59.118  1933  1933 I LCMANDR : SWR_OOB_HV_MF_009|FUN=ResourceMonitoringService::getCpuUsageStatistic|Cpu usage of core  0 is29.966331
01-01 00:13:59.118  1933  1933 I LCMANDR : SWR_OOB_HV_MF_009|FUN=ResourceMonitoringService::getCpuUsageStatistic|Cpu usage of core  1 is21.649485
01-01 00:13:59.118  1933  1933 I LCMANDR : SWR_OOB_HV_MF_009|FUN=ResourceMonitoringService::getCpuUsageStatistic|Cpu usage of core  2 is23.920267
01-01 00:13:59.118  1933  1933 I LCMANDR : ResourceMonitoringService::movingCpuAverage()
01-01 00:13:59.118  1933  1933 I LCMANDR : SWR_OOB_HV_MF_009|FUN=ResourceMonitoringService::movingCpuAverage|2|Moving window average of CPU 23.75917
01-01 00:13:59.118  1933  1933 I LCMANDR : SWR_OOB_HV_MF_009|FUN=ResourceMonitoringService::movingCpuAverage|2|Cpu moving average of core  0 is25.880077
01-01 00:13:59.118  1933  1933 I LCMANDR : SWR_OOB_HV_MF_009|FUN=ResourceMonitoringService::movingCpuAverage|2|Cpu moving average of core  1 is21.204813
01-01 00:13:59.118   635   635 E ANDR-PERF-TARGET: Error: Invalid logical cluster id 0
01-01 00:13:59.118  1933  1933 I LCMANDR : SWR_OOB_HV_MF_009|FUN=ResourceMonitoringService::movingCpuAverage|2|Cpu moving average of core  2 is24.13894
01-01 00:13:59.119   635   635 E ANDR-PERF-MPCTL: invalid request, no optimizations performed
01-01 00:13:59.119  1933  1933 D LCMANDR : SWR_OOB_HV_MF_009|FUN=ResourceMonitoringService::movingCpuAverage|2|Exiting VAL = 23.75917
01-01 00:13:59.135   635   635 E ANDR-PERF-TARGET: Error: Invalid logical cluster id 0
01-01 00:13:59.135   635   635 E ANDR-PERF-MPCTL: invalid request, no optimizations performed
01-01 00:13:59.152   635   635 E ANDR-PERF-TARGET: Error: Invalid logical cluster id 0
01-01 00:13:59.152   635   635 E ANDR-PERF-MPCTL: invalid request, no optimizations performed
01-01 00:13:59.169   635   635 E ANDR-PERF-TARGET: Error: Invalid logical cluster id 0
01-01 00:13:59.169   635   635 E ANDR-PERF-MPCTL: invalid request, no optimizations performed
01-01 00:13:59.185   635   635 E ANDR-PERF-TARGET: Error: Invalid logical cluster id 0
01-01 00:13:59.185   635   635 E ANDR-PERF-MPCTL: invalid request, no optimizations performed
01-01 00:13:59.202   635   635 E ANDR-PERF-TARGET: Error: Invalid logical cluster id 0
01-01 00:13:59.202   635   635 E ANDR-PERF-MPCTL: invalid request, no optimizations performed
01-01 00:13:59.219   635   635 E ANDR-PERF-TARGET: Error: Invalid logical cluster id 0
01-01 00:13:59.219   635   635 E ANDR-PERF-MPCTL: invalid request, no optimizations performed
01-01 00:13:59.235   635   635 E ANDR-PERF-TARGET: Error: Invalid logical cluster id 0
01-01 00:13:59.235   635   635 E ANDR-PERF-MPCTL: invalid request, no optimizations performed
01-01 00:13:59.252   635   635 E ANDR-PERF-TARGET: Error: Invalid logical cluster id 0
01-01 00:13:59.252   635   635 E ANDR-PERF-MPCTL: invalid request, no optimizations performed
01-01 00:13:59.269   635   635 E ANDR-PERF-TARGET: Error: Invalid logical cluster id 0
01-01 00:13:59.269   635   635 E ANDR-PERF-MPCTL: invalid request, no optimizations performed
01-01 00:13:59.279   729   748 I sssv-lib: sendMsg enter
01-01 00:13:59.279   729   748 I sssv-lib: sendMsg complete.
01-01 00:13:59.285   635   635 E ANDR-PERF-TARGET: Error: Invalid logical cluster id 0
01-01 00:13:59.286   635   635 E ANDR-PERF-MPCTL: invalid request, no optimizations performed
01-01 00:13:59.302   635   635 E ANDR-PERF-TARGET: Error: Invalid logical cluster id 0
01-01 00:13:59.302   635   635 E ANDR-PERF-MPCTL: invalid request, no optimizations performed
01-01 00:13:59.319   635   635 E ANDR-PERF-TARGET: Error: Invalid logical cluster id 0
01-01 00:13:59.319   635   635 E ANDR-PERF-MPCTL: invalid request, no optimizations performed
01-01 00:13:59.336   635   635 E ANDR-PERF-TARGET: Error: Invalid logical cluster id 0
01-01 00:13:59.336   635   635 E ANDR-PERF-MPCTL: invalid request, no optimizations performed
01-01 00:13:59.352   635   635 E ANDR-PERF-TARGET: Error: Invalid logical cluster id 0
01-01 00:13:59.352   635   635 E ANDR-PERF-MPCTL: invalid request, no optimizations performed
01-01 00:13:59.369   635   635 E ANDR-PERF-TARGET: Error: Invalid logical cluster id 0
01-01 00:13:59.369   635   635 E ANDR-PERF-MPCTL: invalid request, no optimizations performed
01-01 00:13:59.386   635   635 E ANDR-PERF-TARGET: Error: Invalid logical cluster id 0
01-01 00:13:59.386   635   635 E ANDR-PERF-MPCTL: invalid request, no optimizations performed
01-01 00:13:59.402   635   635 E ANDR-PERF-TARGET: Error: Invalid logical cluster id 0
01-01 00:13:59.402   635   635 E ANDR-PERF-MPCTL: invalid request, no optimizations performed
01-01 00:13:59.419   635   635 E ANDR-PERF-TARGET: Error: Invalid logical cluster id 0
01-01 00:13:59.419   635   635 E ANDR-PERF-MPCTL: invalid request, no optimizations performed
01-01 00:13:59.436   635   635 E ANDR-PERF-TARGET: Error: Invalid logical cluster id 0
01-01 00:13:59.436   635   635 E ANDR-PERF-MPCTL: invalid request, no optimizations performed
01-01 00:13:59.453   635   635 E ANDR-PERF-TARGET: Error: Invalid logical cluster id 0
01-01 00:13:59.453   635   635 E ANDR-PERF-MPCTL: invalid request, no optimizations performed
01-01 00:13:59.469   635   635 E ANDR-PERF-TARGET: Error: Invalid logical cluster id 0
01-01 00:13:59.469   635   635 E ANDR-PERF-MPCTL: invalid request, no optimizations performed
01-01 00:13:59.486   635   635 E ANDR-PERF-TARGET: Error: Invalid logical cluster id 0
01-01 00:13:59.486   635   635 E ANDR-PERF-MPCTL: invalid request, no optimizations performed
01-01 00:13:59.486   635   635 E ANDR-PERF-TARGET: Error: Invalid logical cluster id 0
01-01 00:13:59.486   635   635 E ANDR-PERF-MPCTL: invalid request, no optimizations performed
01-01 00:13:59.503   635   635 E ANDR-PERF-TARGET: Error: Invalid logical cluster id 0
01-01 00:13:59.503   635   635 E ANDR-PERF-MPCTL: invalid request, no optimizations performed
01-01 00:13:59.519   635   635 E ANDR-PERF-TARGET: Error: Invalid logical cluster id 0
01-01 00:13:59.519   635   635 E ANDR-PERF-MPCTL: invalid request, no optimizations performed
01-01 00:13:59.536   635   635 E ANDR-PERF-TARGET: Error: Invalid logical cluster id 0
01-01 00:13:59.536   635   635 E ANDR-PERF-MPCTL: invalid request, no optimizations performed
01-01 00:13:59.553   635   635 E ANDR-PERF-TARGET: Error: Invalid logical cluster id 0
01-01 00:13:59.553   635   635 E ANDR-PERF-MPCTL: invalid request, no optimizations performed
01-01 00:13:59.569   635   635 E ANDR-PERF-TARGET: Error: Invalid logical cluster id 0
01-01 00:13:59.570   635   635 E ANDR-PERF-MPCTL: invalid request, no optimizations performed
01-01 00:13:59.586   635   635 E ANDR-PERF-TARGET: Error: Invalid logical cluster id 0
01-01 00:13:59.586   635   635 E ANDR-PERF-MPCTL: invalid request, no optimizations performed
01-01 00:13:59.603   635   635 E ANDR-PERF-TARGET: Error: Invalid logical cluster id 0
01-01 00:13:59.603   635   635 E ANDR-PERF-MPCTL: invalid request, no optimizations performed
01-01 00:13:59.620   635   635 E ANDR-PERF-TARGET: Error: Invalid logical cluster id 0
01-01 00:13:59.620   635   635 E ANDR-PERF-MPCTL: invalid request, no optimizations performed
01-01 00:13:59.636   635   635 E ANDR-PERF-TARGET: Error: Invalid logical cluster id 0
01-01 00:13:59.636   635   635 E ANDR-PERF-MPCTL: invalid request, no optimizations performed
01-01 00:13:59.653   635   635 E ANDR-PERF-TARGET: Error: Invalid logical cluster id 0
01-01 00:13:59.653   635   635 E ANDR-PERF-MPCTL: invalid request, no optimizations performed
01-01 00:13:59.670   635   635 E ANDR-PERF-TARGET: Error: Invalid logical cluster id 0
01-01 00:13:59.670   635   635 E ANDR-PERF-MPCTL: invalid request, no optimizations performed
01-01 00:13:59.679  3675  6797 W InteractionController: runAndwaitForEvents timed out waiting for events
01-01 00:13:59.679  3675  6797 D InteractionController: Vertical scrollSwipe reached scroll end: false
01-01 00:13:59.686   635   635 E ANDR-PERF-TARGET: Error: Invalid logical cluster id 0
01-01 00:13:59.686   635   635 E ANDR-PERF-MPCTL: invalid request, no optimizations performed
01-01 00:13:59.703   635   635 E ANDR-PERF-TARGET: Error: Invalid logical cluster id 0
01-01 00:13:59.703   635   635 E ANDR-PERF-MPCTL: invalid request, no optimizations performed
01-01 00:13:59.720   635   635 E ANDR-PERF-TARGET: Error: Invalid logical cluster id 0
01-01 00:13:59.720   635   635 E ANDR-PERF-MPCTL: invalid request, no optimizations performed
01-01 00:13:59.737   635   635 E ANDR-PERF-TARGET: Error: Invalid logical cluster id 0
01-01 00:13:59.737   635   635 E ANDR-PERF-MPCTL: invalid request, no optimizations performed
01-01 00:13:59.753   635   635 E ANDR-PERF-TARGET: Error: Invalid logical cluster id 0
01-01 00:13:59.753   635   635 E ANDR-PERF-MPCTL: invalid request, no optimizations performed
01-01 00:13:59.770   635   635 E ANDR-PERF-TARGET: Error: Invalid logical cluster id 0
01-01 00:13:59.770   635   635 E ANDR-PERF-MPCTL: invalid request, no optimizations performed
01-01 00:13:59.787   635   635 E ANDR-PERF-TARGET: Error: Invalid logical cluster id 0
01-01 00:13:59.787   635   635 E ANDR-PERF-MPCTL: invalid request, no optimizations performed
01-01 00:13:59.803   635   635 E ANDR-PERF-TARGET: Error: Invalid logical cluster id 0
01-01 00:13:59.803   635   635 E ANDR-PERF-MPCTL: invalid request, no optimizations performed
01-01 00:13:59.820   635   635 E ANDR-PERF-TARGET: Error: Invalid logical cluster id 0
01-01 00:13:59.820   635   635 E ANDR-PERF-MPCTL: invalid request, no optimizations performed
01-01 00:13:59.837   635   635 E ANDR-PERF-TARGET: Error: Invalid logical cluster id 0
01-01 00:13:59.837   635   635 E ANDR-PERF-MPCTL: invalid request, no optimizations performed
01-01 00:13:59.854   635   635 E ANDR-PERF-TARGET: Error: Invalid logical cluster id 0
01-01 00:13:59.854   635   635 E ANDR-PERF-MPCTL: invalid request, no optimizations performed
01-01 00:13:59.870   635   635 E ANDR-PERF-TARGET: Error: Invalid logical cluster id 0
01-01 00:13:59.870   635   635 E ANDR-PERF-MPCTL: invalid request, no optimizations performed
01-01 00:13:59.887   635   635 E ANDR-PERF-TARGET: Error: Invalid logical cluster id 0
01-01 00:13:59.887   635   635 E ANDR-PERF-MPCTL: invalid request, no optimizations performed
01-01 00:14:00.002  1392  1392 D KeyguardUpdateMonitor: received broadcast android.intent.action.TIME_TICK
01-01 00:14:00.002  1392  1392 D KeyguardUpdateMonitor: handleTimeUpdate
01-01 00:14:00.009  1392  1392 D PhoneStatusBarView: status_line: onPanelCollapsed
01-01 00:14:00.021  1392  1392 W SYSTEM_UI: SWR_SYSTEM_UI_008|FUN=CollapsedStatusBarFragment::AndroidEventReceiver | getAction |1|Broadcast action:android.intent.action.TIME_TICK received
01-01 00:14:00.022  1392  1392 W SYSTEM_UI - CI07.3: className -> CollapsedStatusBarFragment | functionName -> setTime | value -> Setting the time to textView
01-01 00:14:00.022  1392  1392 W SYSTEM_UI: SWR_SYSTEM_UI_008|FUN=CollapsedStatusBarFragment::getTime |1|Get current time.
01-01 00:14:00.054   635   635 E ANDR-PERF-TARGET: Error: Invalid logical cluster id 0
01-01 00:14:00.054   635   635 E ANDR-PERF-MPCTL: invalid request, no optimizations performed
01-01 00:14:00.280   729   748 I sssv-lib: sendMsg enter
01-01 00:14:00.280   729   748 I sssv-lib: sendMsg complete.
01-01 00:14:00.323  1933  1957 D LCMANDR : SWR_OOB_HV_MF_009|FUN=LifeCycleManagerService::LifeCycle_ReportCompStatus|GOT ALIVENESS SIGNAL FROM DAIAPP : [0]; HB Counter = [ 324 ]; STATUS INFO = [ 0 ]
01-01 00:14:00.324  1519  1964 I Connectivity_AIDL|AIDL_Handler.AIDL_Helpers.LcmHelper: MBUX App Method: KeepAliveTest |Line No: 408 |Log Type: Critical |Message: ChildThread:MBUX-App HB Count: 326, ResponseCode: 0
01-01 00:14:00.622  3675  6797 I QueryController: Matched selector: UiSelector[SCROLLABLE=true, CHILD=UiSelector[TEXT=RSE_Test]] <<==>> [android.view.accessibility.AccessibilityNodeInfo@bfa478; boundsInParent: Rect(0, 0 - 1078, 77); boundsInScreen: Rect(354, 475 - 1431, 552); packageName: com.panasonic.hmi2settings; className: android.widget.TextView; text: RSE_Test; error: null; maxTextLength: -1; contentDescription: null; viewIdResName: com.panasonic.hmi2settings:id/wifiName; checkable: false; checked: false; focusable: false; focused: false; selected: false; clickable: false; longClickable: false; contextClickable: false; enabled: true; password: false; scrollable: false; importantForAccessibility: true; actions: [AccessibilityAction: ACTION_SELECT - null, AccessibilityAction: ACTION_CLEAR_SELECTION - null, AccessibilityAction: ACTION_ACCESSIBILITY_FOCUS - null, AccessibilityAction: ACTION_NEXT_AT_MOVEMENT_GRANULARITY - null, AccessibilityAction: ACTION_PREVIOUS_AT_MOVEMENT_GRANULARITY - null, AccessibilityAction: ACTION_SET_SELECTION - null, AccessibilityAction: ACTION_SHOW_ON_SCREEN - null]]
01-01 00:14:00.632  3675  6798 D UIAutomatorStub: URI: /jsonrpc/0, Method: POST, Header: {content-length=176, remote-addr=127.0.0.1, http-client-ip=127.0.0.1, host=localhost:9009, content-type=application/json, connection=close, accept-encoding=identity, user-agent=Python-urllib/2.7}, params, {NanoHttpd.QUERY_STRING=null}, files: {postData={"params": [{"childOrSiblingSelector": [], "text": "RSE_Test", "mask": 1, "childOrSibling": []}], "jsonrpc": "2.0", "method": "click", "id": "ae2b37aa07c03259ef85ec72dc54e488"}}
01-01 00:14:00.699  3675  6799 D UIAutomatorStub: URI: /jsonrpc/0, Method: POST, Header: {content-length=213, remote-addr=127.0.0.1, http-client-ip=127.0.0.1, host=localhost:9009, content-type=application/json, connection=close, accept-encoding=identity, user-agent=Python-urllib/2.7}, params, {NanoHttpd.QUERY_STRING=null}, files: {postData={"params": [{"childOrSiblingSelector": [], "className": "android.widget.EditText", "mask": 16, "childOrSibling": []}, "Secure7@55"], "jsonrpc": "2.0", "method": "setText", "id": "6f193ac98fd94660facf7d74c9839e7f"}}
01-01 00:14:00.700  3739  3739 W HMI2-SETTINGS - CI08.4: className -> WifiAdapter | functionName -> onBindViewHolder | value -> allWifiList.get(position).getSecurityType() : wifiNametrue
01-01 00:14:00.700  3739  3739 W HMI2-SETTINGS - CI08.4: className -> WifiActivity | functionName -> onWifiClick | value -> getSecurityType ->true
01-01 00:14:00.722   635   635 E ANDR-PERF-TARGET: Error: Invalid logical cluster id 0
01-01 00:14:00.722   635   635 E ANDR-PERF-MPCTL: invalid request, no optimizations performed
01-01 00:14:00.731  3739  3739 W ContextImpl: Calling a method in the system process without a qualified user: android.app.ContextImpl.startService:1476 android.content.ContextWrapper.startService:650 android.view.View.setSystemUiVisibility:22653 com.panasonic.hmi2settings.activity.WifiActivity.connectToWifi:1215 com.panasonic.hmi2settings.activity.WifiActivity.onWifiClick:522 
01-01 00:14:00.732  1151  1550 D CompatibilityInfo: mCompatibilityFlags - 4
01-01 00:14:00.732  1151  1550 D CompatibilityInfo: applicationDensity - 240
01-01 00:14:00.732  1151  1550 D CompatibilityInfo: applicationScale - 1.0
01-01 00:14:00.733  3739  3739 D View    : setSystemUiVisibility: startService done
01-01 00:14:00.736  1392  1392 W SYSTEM_UI: SWR_SYSTEM_UI_007|FUN=CollapsedStatusBarFragment::getAction |1|Broadcast action --> STATUS_UPDATE_ACTION
01-01 00:14:00.736  1392  1392 W SYSTEM_UI: SWR_SYSTEM_UI_007|FUN=CollapsedStatusBarFragment::getIntExtra |1|NotifySystemUpdates dataType --> 101
01-01 00:14:00.736  1392  1392 W SYSTEM_UI - CI07.3: className -> CollapsedStatusBarFragment | functionName -> NotifySystemUpdates | onReceive -->  | value -> FULLSCREEN MODE CHANGED | isFullScreenStatus --> false | fullScreenPackage -->com.panasonic.hmi2settings | fullscreenLastShownPackage -->null | topActivityPackage --> com.panasonic.hmi2settings
01-01 00:14:00.736  1392  1392 W SYSTEM_UI - CI07.3: className -> CollapsedStatusBarFragment | functionName -> NotifySystemUpdates | onReceive -->  | value -> Fullscreen mode changed --> path 5
01-01 00:14:00.738  1151  1538 D WindowManager: addToDisplay >>> FLAG_FULLSCREEN not set in WindowManager.LayoutParams
01-01 00:14:00.738  1151  1538 D WindowManager: startStatusReceiverServiceOnFlagSet: creating intent for action ACTION_ACTIVITY_FULLSCREEN
01-01 00:14:00.738  1151  1538 W ContextImpl: Calling a method in the system process without a qualified user: android.app.ContextImpl.startService:1476 com.android.server.wm.Session.startStatusReceiverServiceOnFlagSet:762 com.android.server.wm.Session.addToDisplay:217 android.view.IWindowSession$Stub.onTransact:124 com.android.server.wm.Session.onTransact:166 
01-01 00:14:00.739  1151  1538 D CompatibilityInfo: mCompatibilityFlags - 4
01-01 00:14:00.739  1151  1538 D CompatibilityInfo: applicationDensity - 240
01-01 00:14:00.739  1151  1538 D CompatibilityInfo: applicationScale - 1.0
01-01 00:14:00.740  1151  1538 D WindowManager: startStatusReceiverServiceOnFlagSet: startService done
01-01 00:14:00.743  1392  1392 W SYSTEM_UI: SWR_SYSTEM_UI_007|FUN=CollapsedStatusBarFragment::getAction |1|Broadcast action --> STATUS_UPDATE_ACTION
01-01 00:14:00.744  1392  1392 W SYSTEM_UI: SWR_SYSTEM_UI_007|FUN=CollapsedStatusBarFragment::getIntExtra |1|NotifySystemUpdates dataType --> 101
01-01 00:14:00.744  1392  1392 W SYSTEM_UI - CI07.3: className -> CollapsedStatusBarFragment | functionName -> NotifySystemUpdates | onReceive -->  | value -> FULLSCREEN MODE CHANGED | isFullScreenStatus --> false | fullScreenPackage -->com.panasonic.hmi2settings | fullscreenLastShownPackage -->null | topActivityPackage --> com.panasonic.hmi2settings
01-01 00:14:00.744  1392  1392 W SYSTEM_UI - CI07.3: className -> CollapsedStatusBarFragment | functionName -> NotifySystemUpdates | onReceive -->  | value -> Fullscreen mode changed --> path 5
01-01 00:14:00.746  3739  3739 W HMI2-SETTINGS: SWR_BAIDU_HMI_0015|FUN=WifiActivity::addView|0|Display password enter dialog with addView method.
01-01 00:14:00.746  3739  3739 W HMI2-SETTINGS: SWR_BAIDU_HMI_0027|FUN=WifiActivity::addView|0|Display password enter dialog with addView method.
01-01 00:14:00.747  3739  3739 W HMI2-SETTINGS - CI08.4: className -> WifiActivity | functionName -> setOnFocusChangeListener :   | value -> hasFocus:true
01-01 00:14:00.748  1151  2263 D mEnabledInputMethodsStrCache: com.android.inputmethods.latin/.LatinIME
01-01 00:14:00.748  1151  2263 D systemLanguageCode: en__GB
01-01 00:14:00.748  1151  2263 D mEnabledInputMethodsStrCache: com.android.inputmethods.latin/.LatinIME
01-01 00:14:00.753  1151  1538 D mEnabledInputMethodsStrCache: com.android.inputmethods.latin/.LatinIME
01-01 00:14:00.753  1151  1538 D systemLanguageCode: en__GB
01-01 00:14:00.753  1151  1538 D mEnabledInputMethodsStrCache: com.android.inputmethods.latin/.LatinIME
01-01 00:14:00.755  1151  1538 D mEnabledInputMethodsStrCache: com.android.inputmethods.latin/.LatinIME
01-01 00:14:00.755  1151  1538 D systemLanguageCode: en__GB
01-01 00:14:00.755  1151  1538 D mEnabledInputMethodsStrCache: com.android.inputmethods.latin/.LatinIME
01-01 00:14:00.756  1151  2263 D mEnabledInputMethodsStrCache: com.android.inputmethods.latin/.LatinIME
01-01 00:14:00.756  1151  2263 D systemLanguageCode: en__GB
01-01 00:14:00.756  1151  2263 D mEnabledInputMethodsStrCache: com.android.inputmethods.latin/.LatinIME
01-01 00:14:00.757  1151  2263 D mEnabledInputMethodsStrCache: com.android.inputmethods.latin/.LatinIME
01-01 00:14:00.757  1151  2263 D systemLanguageCode: en__GB
01-01 00:14:00.757  1151  2263 D mEnabledInputMethodsStrCache: com.android.inputmethods.latin/.LatinIME
01-01 00:14:00.757  1151  2263 D mEnabledInputMethodsStrCache: com.android.inputmethods.latin/.LatinIME
01-01 00:14:00.757  1151  2263 D systemLanguageCode: en__GB
01-01 00:14:00.757  1151  2263 D mEnabledInputMethodsStrCache: com.android.inputmethods.latin/.LatinIME
01-01 00:14:00.758  1379  1379 I LatinIME: SWR_HMISERVICE_SPELLER_MF_001||FUN=onStartInputViewInternal || 1 || Starting input. Cursor position = -1,-1
01-01 00:14:00.762  1151  2263 D WindowManager: relayout packageName=com.panasonic.hmi2settings::session=Session{c47ecfc 3739:1000}::window=android.view.IWindow$Stub$Proxy@f1107c0::attrs.flags=1000100
01-01 00:14:00.762  1151  2263 D WindowManager: relayout >>> FLAG_FULLSCREEN not set in WindowManager.LayoutParams
01-01 00:14:00.762  1151  2263 D WindowManager: startStatusReceiverServiceOnFlagSet: creating intent for action ACTION_ACTIVITY_FULLSCREEN
01-01 00:14:00.763  1151  2263 W ContextImpl: Calling a method in the system process without a qualified user: android.app.ContextImpl.startService:1476 com.android.server.wm.Session.startStatusReceiverServiceOnFlagSet:762 com.android.server.wm.Session.relayout:276 android.view.IWindowSession$Stub.onTransact:286 com.android.server.wm.Session.onTransact:166 
01-01 00:14:00.763  1151  2263 D CompatibilityInfo: mCompatibilityFlags - 4
01-01 00:14:00.763  1151  2263 D CompatibilityInfo: applicationDensity - 240
01-01 00:14:00.763  1151  2263 D CompatibilityInfo: applicationScale - 1.0
01-01 00:14:00.764  1151  2263 D WindowManager: startStatusReceiverServiceOnFlagSet: startService done
01-01 00:14:00.768  1392  1392 W SYSTEM_UI: SWR_SYSTEM_UI_007|FUN=CollapsedStatusBarFragment::getAction |1|Broadcast action --> STATUS_UPDATE_ACTION
01-01 00:14:00.768  1392  1392 W SYSTEM_UI: SWR_SYSTEM_UI_007|FUN=CollapsedStatusBarFragment::getIntExtra |1|NotifySystemUpdates dataType --> 101
01-01 00:14:00.768  1392  1392 W SYSTEM_UI - CI07.3: className -> CollapsedStatusBarFragment | functionName -> NotifySystemUpdates | onReceive -->  | value -> FULLSCREEN MODE CHANGED | isFullScreenStatus --> false | fullScreenPackage -->com.panasonic.hmi2settings | fullscreenLastShownPackage -->null | topActivityPackage --> com.panasonic.hmi2settings
01-01 00:14:00.768  1392  1392 W SYSTEM_UI - CI07.3: className -> CollapsedStatusBarFragment | functionName -> NotifySystemUpdates | onReceive -->  | value -> Fullscreen mode changed --> path 5
01-01 00:14:00.786  3675  6799 W ByMatcher: Node returned null child: android.view.accessibility.AccessibilityNodeInfo@7442; boundsInParent: Rect(0, 0 - 1920, 104); boundsInScreen: Rect(0, 0 - 1920, 104); packageName: com.android.systemui; className: android.widget.FrameLayout; text: null; error: null; maxTextLength: -1; contentDescription: null; viewIdResName: null; checkable: false; checked: false; focusable: false; focused: false; selected: false; clickable: false; longClickable: false; contextClickable: false; enabled: true; password: false; scrollable: false; importantForAccessibility: true; actions: [AccessibilityAction: ACTION_SELECT - null, AccessibilityAction: ACTION_CLEAR_SELECTION - null, AccessibilityAction: ACTION_ACCESSIBILITY_FOCUS - null, AccessibilityAction: ACTION_SHOW_ON_SCREEN - null]
01-01 00:14:00.787  3675  6799 W ByMatcher: Skipping null child (0 of 4)
01-01 00:14:00.787  3675  6799 W ByMatcher: Skipping null child (1 of 4)
01-01 00:14:00.789  3675  6799 W ByMatcher: Skipping null child (2 of 4)
01-01 00:14:00.789  3675  6799 W ByMatcher: Skipping null child (3 of 4)
01-01 00:14:00.791  3675  6799 W ByMatcher: Node returned null child: android.view.accessibility.AccessibilityNodeInfo@7442; boundsInParent: Rect(0, 0 - 1920, 104); boundsInScreen: Rect(0, 0 - 1920, 104); packageName: com.android.systemui; className: android.widget.FrameLayout; text: null; error: null; maxTextLength: -1; contentDescription: null; viewIdResName: null; checkable: false; checked: false; focusable: false; focused: false; selected: false; clickable: false; longClickable: false; contextClickable: false; enabled: true; password: false; scrollable: false; importantForAccessibility: true; actions: [AccessibilityAction: ACTION_SELECT - null, AccessibilityAction: ACTION_CLEAR_SELECTION - null, AccessibilityAction: ACTION_ACCESSIBILITY_FOCUS - null, AccessibilityAction: ACTION_SHOW_ON_SCREEN - null]
01-01 00:14:00.791  3675  6799 W ByMatcher: Skipping null child (0 of 4)
01-01 00:14:00.792  3675  6799 W ByMatcher: Skipping null child (1 of 4)
01-01 00:14:00.792  3675  6799 W ByMatcher: Skipping null child (2 of 4)
01-01 00:14:00.794  3675  6799 W ByMatcher: Skipping null child (3 of 4)
01-01 00:14:00.795  3675  6799 W ByMatcher: Node returned null child: android.view.accessibility.AccessibilityNodeInfo@80006d88; boundsInParent: Rect(0, 0 - 1920, 1080); boundsInScreen: Rect(0, 0 - 1920, 1080); packageName: com.panasonic.hmi2settings; className: android.widget.FrameLayout; text: null; error: null; maxTextLength: -1; contentDescription: null; viewIdResName: null; checkable: false; checked: false; focusable: false; focused: false; selected: false; clickable: false; longClickable: false; contextClickable: false; enabled: true; password: false; scrollable: false; importantForAccessibility: true; actions: [AccessibilityAction: ACTION_SELECT - null, AccessibilityAction: ACTION_CLEAR_SELECTION - null, AccessibilityAction: ACTION_ACCESSIBILITY_FOCUS - null, AccessibilityAction: ACTION_SHOW_ON_SCREEN - null]
01-01 00:14:00.795  3675  6799 W ByMatcher: Skipping null child (0 of 1)
01-01 00:14:00.796  3675  6799 W ByMatcher: Node returned null child: android.view.accessibility.AccessibilityNodeInfo@80006d88; boundsInParent: Rect(0, 0 - 1920, 1080); boundsInScreen: Rect(0, 0 - 1920, 1080); packageName: com.panasonic.hmi2settings; className: android.widget.FrameLayout; text: null; error: null; maxTextLength: -1; contentDescription: null; viewIdResName: null; checkable: false; checked: false; focusable: false; focused: false; selected: false; clickable: false; longClickable: false; contextClickable: false; enabled: true; password: false; scrollable: false; importantForAccessibility: true; actions: [AccessibilityAction: ACTION_SELECT - null, AccessibilityAction: ACTION_CLEAR_SELECTION - null, AccessibilityAction: ACTION_ACCESSIBILITY_FOCUS - null, AccessibilityAction: ACTION_SHOW_ON_SCREEN - null]
01-01 00:14:00.796  3675  6799 W ByMatcher: Skipping null child (0 of 1)
01-01 00:14:00.836  1379  1379 I InputAttributes: InputType.TYPE_NULL is specified
01-01 00:14:00.843  1151  1550 D mEnabledInputMethodsStrCache: com.android.inputmethods.latin/.LatinIME
01-01 00:14:00.843  1151  1550 D systemLanguageCode: en__GB
01-01 00:14:00.843  1151  1550 D mEnabledInputMethodsStrCache: com.android.inputmethods.latin/.LatinIME
01-01 00:14:00.846  1379  1379 V KeyboardState: onLoadKeyboard: [keyboard=UNSHIFTED shift=RELEASING symbol=RELEASING switch=ALPHA] autoCapsFlags=none recapitalizeMode=undefined
01-01 00:14:00.846  1379  1379 D KeyboardState: setAlphabetKeyboard: [keyboard=UNSHIFTED shift=RELEASING symbol=RELEASING switch=ALPHA] autoCapsFlags=none recapitalizeMode=undefined
01-01 00:14:00.846  1379  1379 D KeyboardSwitcher: setAlphabetKeyboard
01-01 00:14:00.848  1151  1550 D mEnabledInputMethodsStrCache: com.android.inputmethods.latin/.LatinIME
