01-01 00:09:27.531  2677  2725 W ANDR_PERSISTENCY_CLIENT: SWR_PERSISTENCE_HV_LA_MF_0005|FUN=TCPHandler:: getWrappedData |2|msg: msg com.panasonic.dairse.vcpupersistence.TCPHandler$Message@e732bb2
01-01 00:09:27.531  1392  1392 W SYSTEM_UI - CI07.3: className -> CollapsedStatusBarFragment | functionName -> updateHermsDataType | value -> Update Herms Data Type :: connection status --> 1
01-01 00:09:27.531  2677  2725 W ANDR_PERSISTENCY_CLIENT: SWR_PERSISTENCE_HV_LA_MF_0005|FUN=TCPHandler::getCommandKey|2|msg:commandKey=10
01-01 00:09:27.531  1392  1392 W SYSTEM_UI - CI07.3: className -> CollapsedStatusBarFragment | functionName -> updateHermsDataType | value -> Update Herms Data Type :: data Transfer --> false
01-01 00:09:27.531  1392  1392 W SYSTEM_UI - CI07.3: className -> CollapsedStatusBarFragment | functionName -> updateHermsDataType | value -> Update Herms Data Type :: wifiConnectionStatus --> false
01-01 00:09:27.531  1392  1392 W SYSTEM_UI - CI07.3: className -> CollapsedStatusBarFragment | functionName -> updateHermsDataType | value -> path 2
01-01 00:09:27.531  1392  1392 W SYSTEM_UI - CI07.3: className -> CollapsedStatusBarFragment | functionName -> updateHermsDataType | value -> path 3
01-01 00:09:27.532  1151  1317 D WifiConfiguration: configKey: false
01-01 00:09:27.532  1151  1317 D SupplicantStaIfaceHal: connectToNetwork "RSE_Test"WPA_PSK
01-01 00:09:27.532  1151  1317 D SupplicantStaIfaceHal: Network is already saved, will not trigger remove and add operation.
01-01 00:09:27.532  3739  3739 W HMI2-SETTINGS: SWR_BAIDU_HMI_0020|FUN=WifiActivity::handleConnectedNetworkVisibility|0|getWifiStat::true
01-01 00:09:27.532  1151  1317 D WifiStateMachine: processMessage:  connect success 
01-01 00:09:27.532  1151  1317 D WifiStateMachine: processMessage: connect over
01-01 00:09:27.532  1151  1317 D WifiConfiguration: configKey: false
01-01 00:09:27.533  1151  1168 I WifiService: getConfiguredNetworks uid=1000
01-01 00:09:27.533  2677  2725 W ANDR_PERSISTENCY_CLIENT: SWR_PERSISTENCE_HV_LA_MF_0005|FUN=TCPHandler:: intToBytes |2| data 1
01-01 00:09:27.533  2677  2725 W ANDR_PERSISTENCY_CLIENT: SWR_PERSISTENCE_HV_LA_MF_0005|FUN=TCPHandler:: intToBytes |2| data 13
01-01 00:09:27.533  2677  2725 W ANDR_PERSISTENCY_CLIENT: SWR_PERSISTENCE_HV_LA_MF_0005|FUN=TCPHandler:: getUID |2|msg:uid=109
01-01 00:09:27.534  2677  2725 W ANDR_PERSISTENCY_CLIENT: SWR_PERSISTENCE_HV_LA_MF_0005|FUN=TCPHandler::start|2|msg:sender::msg=[0, 0, 0, 13, 1, 109, 10, 4, 48, 120, 48, 48, 0, 0, 0, 1, 6]
01-01 00:09:27.534  2677  2725 W ANDR_PERSISTENCY_CLIENT: SWR_PERSISTENCE_HV_LA_MF_0005|FUN=TCPHandler:: sender : Thread.interrupted() |2|msg:condition 
01-01 00:09:27.535  2145  2145 D HMI_SERVICE: USE_CASE_NA|FUN=HmiApplication| [action] android.net.wifi.supplicant.STATE_CHANGE
01-01 00:09:27.536  3739  3739 W HMI2-SETTINGS - CI08.4: className -> WifiActivity | functionName -> getSavedNetworkList | value -> config.netID ->19
01-01 00:09:27.536  3739  3739 W HMI2-SETTINGS - CI08.4: className -> WifiActivity | functionName -> getSavedNetworkList | value -> config.SSID ->"RSE_Test"
01-01 00:09:27.536  3739  3739 W HMI2-SETTINGS - CI08.4: className -> WifiActivity | functionName -> getSavedNetworkList | value -> config.BSSID ->null
01-01 00:09:27.536  3739  3739 W HMI2-SETTINGS: SWR_BAIDU_HMI_0027|SWR_BAIDU_HMI_0015|FUN=WifiActivity::getScanResults|1|Get list of available wifi hotspots.
01-01 00:09:27.537  2677  2726 W ANDR_PERSISTENCY_CLIENT: SWR_PERSISTENCE_HV_LA_MF_0005|FUN=TCPHandler::start|2|msg:receiver::run: size of totalLength 4
01-01 00:09:27.537  2677  2726 W ANDR_PERSISTENCY_CLIENT: SWR_PERSISTENCE_HV_LA_MF_0005|FUN=TCPHandler::start|2|msg:receiver::run: totalLength is > 0
01-01 00:09:27.537  2677  2726 W ANDR_PERSISTENCY_CLIENT: SWR_PERSISTENCE_HV_LA_MF_0005|FUN=TCPHandler::start|2|msg:receiver::response length= 12
01-01 00:09:27.537  2677  2726 W ANDR_PERSISTENCY_CLIENT: SWR_PERSISTENCE_HV_LA_MF_0005|FUN=TCPHandler::handleInBoundData|2|message=[0, 109, 10, 0, 0, 0, 0, 4, 1, 0, 0, 0]
01-01 00:09:27.537  2677  2726 W ANDR_PERSISTENCY_CLIENT: SWR_PERSISTENCE_HV_LA_MF_0005|FUN=TCPHandler::handleInBoundData|2|msg:response listKey=109_10
01-01 00:09:27.537  2677  2726 W ANDR_PERSISTENCY_CLIENT: SWR_PERSISTENCE_HV_LA_MF_0005|FUN=TCPHandler::handleInBoundData|2|msg:TCPHandler.handleInBoundData success response=0
01-01 00:09:27.537  2677  2726 W ANDR_PERSISTENCY_CLIENT: SWR_PERSISTENCE_HV_LA_MF_0005|FUN=TCPHandler::isB2cResponce|2|msg: message [0, 109, 10, 0, 0, 0, 0, 4, 1, 0, 0, 0]
01-01 00:09:27.538  2677  2726 W ANDR_PERSISTENCY_CLIENT: SWR_PERSISTENCE_HV_LA_MF_0005|FUN=TCPHandler::handleInBoundData|2|msg:  isB2cResponce
01-01 00:09:27.542  2677  2726 W ANDR_PERSISTENCY_CLIENT: SWR_PERSISTENCE_HV_LA_MF_0005|FUN=TCPHandler::sendResponse|2|msg:send Response using IVCPUServiceCallBack=[0, 109, 10, 0, 0, 0, 0, 4, 1, 0, 0, 0]
01-01 00:09:27.542  2677  2726 W ANDR_PERSISTENCY_CLIENT: SWR_PERSISTENCE_HV_LA_MF_0005|FUN=TCPHandler::sendResponse|2|msg:send Response using IVCPUServiceCallBack=[0, 109, 10, 0, 0, 0, 0, 4, 1, 0, 0, 0]
01-01 00:09:27.542  2145  2187 W HMI_SERVICE: USE_CASE_NA|FUN=HmiApplication|executeLinuxCmdConnection responseData:[0, 109, 10, 0, 0, 0, 0, 4, 1, 0, 0, 0]
01-01 00:09:27.543  2145  2187 W HMI_SERVICE: USE_CASE_NA|FUN=HmiApplication|executeLinuxCmdConnection responseData=not valid:16777216
01-01 00:09:27.543  2145  2187 W HMI_SERVICE: USE_CASE_NA|FUN=HmiApplication|executeLinuxCmdConnection responseReturnData=
01-01 00:09:27.543  2145  2187 W HMI_SERVICE: USE_CASE_NA|FUN=HmiApplication|executeLinuxCmdB2C response=true
01-01 00:09:27.546  3739  3739 W HMI2-SETTINGS - CI08.4: className -> WifiActivity | functionName -> isWapiVariantBlocked | value -> security_type:2
01-01 00:09:27.546  3739  3739 W HMI2-SETTINGS - CI08.4: className -> WifiActivity | functionName -> isInConnected | value -> |ACSIA_CORP1|0|2
01-01 00:09:27.546  3739  3739 W HMI2-SETTINGS - CI08.4: className -> WifiActivity | functionName -> isWapiVariantBlocked | value -> security_type:2
01-01 00:09:27.546  3739  3739 W HMI2-SETTINGS - CI08.4: className -> WifiActivity | functionName -> isInConnected | value -> | ACSIA_CORP3|0|2
01-01 00:09:27.547  3739  3739 W HMI2-SETTINGS - CI08.4: className -> WifiActivity | functionName -> isWapiVariantBlocked | value -> security_type:2
01-01 00:09:27.547  3739  3739 W HMI2-SETTINGS - CI08.4: className -> WifiActivity | functionName -> isInConnected | value -> |ACSIA_Management|0|2
01-01 00:09:27.547  3739  3739 W HMI2-SETTINGS - CI08.4: className -> WifiActivity | functionName -> isWapiVariantBlocked | value -> security_type:2
01-01 00:09:27.547  3739  3739 W HMI2-SETTINGS - CI08.4: className -> WifiActivity | functionName -> isInConnected | value -> |ACSIA_GUEST1|0|2
01-01 00:09:27.547  3739  3739 W HMI2-SETTINGS - CI08.4: className -> WifiActivity | functionName -> isWapiVariantBlocked | value -> security_type:2
01-01 00:09:27.547  3739  3739 W HMI2-SETTINGS - CI08.4: className -> WifiActivity | functionName -> isInConnected | value -> |ACSIA_CORP2|0|2
01-01 00:09:27.547  3739  3739 W HMI2-SETTINGS - CI08.4: className -> WifiActivity | functionName -> isWapiVariantBlocked | value -> security_type:2
01-01 00:09:27.547  3739  3739 W HMI2-SETTINGS - CI08.4: className -> WifiActivity | functionName -> isInConnected | value -> |ACSIA_DEV|0|2
01-01 00:09:27.547  3739  3739 W HMI2-SETTINGS - CI08.4: className -> WifiActivity | functionName -> isWapiVariantBlocked | value -> security_type:2
01-01 00:09:27.547  3739  3739 W HMI2-SETTINGS - CI08.4: className -> WifiActivity | functionName -> isInConnected | value -> |RSE_Test|0|2
01-01 00:09:27.547  3739  3739 W HMI2-SETTINGS - CI08.4: className -> WifiActivity | functionName -> isWapiVariantBlocked | value -> security_type:2
01-01 00:09:27.547  3739  3739 W HMI2-SETTINGS - CI08.4: className -> WifiActivity | functionName -> isInConnected | value -> |NETGEAR66-5G|0|2
01-01 00:09:27.547  3739  3739 W HMI2-SETTINGS - CI08.4: className -> WifiActivity | functionName -> isWapiVariantBlocked | value -> security_type:2
01-01 00:09:27.547  3739  3739 W HMI2-SETTINGS - CI08.4: className -> WifiActivity | functionName -> isInConnected | value -> |Secure|0|2
01-01 00:09:27.547  3739  3739 W HMI2-SETTINGS - CI08.4: className -> WifiActivity | functionName -> isWapiVariantBlocked | value -> security_type:2
01-01 00:09:27.547  3739  3739 W HMI2-SETTINGS - CI08.4: className -> WifiActivity | functionName -> isInConnected | value -> |ACSIA_CORP1|0|2
01-01 00:09:27.547  3739  3739 W HMI2-SETTINGS - CI08.4: className -> WifiActivity | functionName -> isWapiVariantBlocked | value -> security_type:2
01-01 00:09:27.547  3739  3739 W HMI2-SETTINGS - CI08.4: className -> WifiActivity | functionName -> isInConnected | value -> |ACSIA_DEV|0|2
01-01 00:09:27.547  3739  3739 W HMI2-SETTINGS - CI08.4: className -> WifiActivity | functionName -> isWapiVariantBlocked | value -> security_type:2
01-01 00:09:27.547  3739  3739 W HMI2-SETTINGS - CI08.4: className -> WifiActivity | functionName -> isInConnected | value -> |ACSIA_CORP2|0|2
01-01 00:09:27.547  3739  3739 W HMI2-SETTINGS - CI08.4: className -> WifiActivity | functionName -> isWapiVariantBlocked | value -> security_type:2
01-01 00:09:27.547  3739  3739 W HMI2-SETTINGS - CI08.4: className -> WifiActivity | functionName -> isInConnected | value -> |ACSIA_GUEST1|0|2
01-01 00:09:27.547  3739  3739 W HMI2-SETTINGS - CI08.4: className -> WifiActivity | functionName -> isWapiVariantBlocked | value -> security_type:2
01-01 00:09:27.547  3739  3739 W HMI2-SETTINGS - CI08.4: className -> WifiActivity | functionName -> isInConnected | value -> |ACSIA_Management|0|2
01-01 00:09:27.547  3739  3739 W HMI2-SETTINGS - CI08.4: className -> WifiActivity | functionName -> isWapiVariantBlocked | value -> security_type:2
01-01 00:09:27.547  3739  3739 W HMI2-SETTINGS - CI08.4: className -> WifiActivity | functionName -> isInConnected | value -> | ACSIA_CORP3|0|2
01-01 00:09:27.547  3739  3739 W HMI2-SETTINGS - CI08.4: className -> WifiActivity | functionName -> isWapiVariantBlocked | value -> security_type:2
01-01 00:09:27.547  3739  3739 W HMI2-SETTINGS - CI08.4: className -> WifiActivity | functionName -> isInConnected | value -> |RSE_Test|0|2
01-01 00:09:27.547  3739  3739 W HMI2-SETTINGS - CI08.4: className -> WifiActivity | functionName -> isWapiVariantBlocked | value -> security_type:2
01-01 00:09:27.547  3739  3739 W HMI2-SETTINGS - CI08.4: className -> WifiActivity | functionName -> isInConnected | value -> |HUWIFI|0|2
01-01 00:09:27.547  3739  3739 W HMI2-SETTINGS - CI08.4: className -> WifiActivity | functionName -> isWapiVariantBlocked | value -> security_type:2
01-01 00:09:27.547  3739  3739 W HMI2-SETTINGS - CI08.4: className -> WifiActivity | functionName -> isInConnected | value -> |DIRECT-vQINLT044msmJ|0|2
01-01 00:09:27.547  3739  3739 W HMI2-SETTINGS - CI08.4: className -> WifiActivity | functionName -> isWapiVariantBlocked | value -> security_type:2
01-01 00:09:27.547  3739  3739 W HMI2-SETTINGS - CI08.4: className -> WifiActivity | functionName -> isInConnected | value -> |DIRECT-DMATCLWI2064msNL|0|2
01-01 00:09:27.547  3739  3739 W HMI2-SETTINGS - CI08.4: className -> WifiActivity | functionName -> isWapiVariantBlocked | value -> security_type:2
01-01 00:09:27.547  3739  3739 W HMI2-SETTINGS - CI08.4: className -> WifiActivity | functionName -> isInConnected | value -> |AUTOMATION_TEST|0|2
01-01 00:09:27.547  3739  3739 W HMI2-SETTINGS - CI08.4: className -> WifiActivity | functionName -> isWapiVariantBlocked | value -> security_type:2
01-01 00:09:27.548  3739  3739 W HMI2-SETTINGS - CI08.4: className -> WifiActivity | functionName -> isInConnected | value -> |ACSIA_CORP1|0|2
01-01 00:09:27.548  3739  3739 W HMI2-SETTINGS - CI08.4: className -> WifiActivity | functionName -> isWapiVariantBlocked | value -> security_type:2
01-01 00:09:27.548  3739  3739 W HMI2-SETTINGS - CI08.4: className -> WifiActivity | functionName -> isInConnected | value -> |ACSIA_GUEST1|0|2
01-01 00:09:27.548  3739  3739 W HMI2-SETTINGS - CI08.4: className -> WifiActivity | functionName -> isWapiVariantBlocked | value -> security_type:2
01-01 00:09:27.548  3739  3739 W HMI2-SETTINGS - CI08.4: className -> WifiActivity | functionName -> isInConnected | value -> |ACSIA_DEV|0|2
01-01 00:09:27.548  3739  3739 W HMI2-SETTINGS - CI08.4: className -> WifiActivity | functionName -> isWapiVariantBlocked | value -> security_type:2
01-01 00:09:27.548  3739  3739 W HMI2-SETTINGS - CI08.4: className -> WifiActivity | functionName -> isInConnected | value -> |RSE_Test|0|2
01-01 00:09:27.548  3739  3739 W HMI2-SETTINGS - CI08.4: className -> WifiActivity | functionName -> isWapiVariantBlocked | value -> security_type:2
01-01 00:09:27.548  3739  3739 W HMI2-SETTINGS - CI08.4: className -> WifiActivity | functionName -> isInConnected | value -> | ACSIA_CORP3|0|2
01-01 00:09:27.548  3739  3739 W HMI2-SETTINGS - CI08.4: className -> WifiActivity | functionName -> isWapiVariantBlocked | value -> security_type:2
01-01 00:09:27.548  3739  3739 W HMI2-SETTINGS - CI08.4: className -> WifiActivity | functionName -> isInConnected | value -> |ACSIA_Management|0|2
01-01 00:09:27.548  3739  3739 W HMI2-SETTINGS - CI08.4: className -> WifiActivity | functionName -> isWapiVariantBlocked | value -> security_type:2
01-01 00:09:27.548  3739  3739 W HMI2-SETTINGS - CI08.4: className -> WifiActivity | functionName -> isInConnected | value -> |ACSIA_CORP2|0|2
01-01 00:09:27.548  3739  3739 W HMI2-SETTINGS - CI08.4: className -> WifiActivity | functionName -> isWapiVariantBlocked | value -> security_type:2
01-01 00:09:27.548  3739  3739 W HMI2-SETTINGS - CI08.4: className -> WifiActivity | functionName -> isInConnected | value -> |MB Hotspot 61185|0|2
01-01 00:09:27.548  3739  3739 W HMI2-SETTINGS - CI08.4: className -> WifiActivity | functionName -> isWapiVariantBlocked | value -> security_type:0
01-01 00:09:27.548  3739  3739 W HMI2-SETTINGS - CI08.4: className -> WifiActivity | functionName -> isInConnected | value -> |HP-Print-DB-LaserJet Pro MFP|0|0
01-01 00:09:27.548  3739  3739 W HMI2-SETTINGS - CI08.4: className -> WifiActivity | functionName -> handleAllAvailNetwork | value -> savedNetwork ->1
01-01 00:09:27.548  3739  3739 W HMI2-SETTINGS - CI08.4: className -> WifiActivity | functionName -> handleAllAvailNetwork | value -> presentVisibleNetwork ->29
01-01 00:09:27.552  1151  2229 I WifiService: getConfiguredNetworks uid=1000
01-01 00:09:27.553  3739  3739 W HMI2-SETTINGS - CI08.4: className -> WifiActivity | functionName -> getConfig: success-> | value -> "RSE_Test"
01-01 00:09:27.553  3739  3739 W HMI2-SETTINGS - CI08.4: className -> WifiActivity | functionName -> getConnectSummary | value -> getConnectSummaryID: 19 SSID: "RSE_Test" PROVIDER-NAME: null BSSID: null FQDN: null PRIO: 0 HIDDEN: false
01-01 00:09:27.553  3739  3739 W HMI2-SETTINGS - CI08.4:  NetworkSelectionStatus NETWORK_SELECTION_ENABLED
01-01 00:09:27.553  3739  3739 W HMI2-SETTINGS - CI08.4:  hasEverConnected: false
01-01 00:09:27.553  3739  3739 W HMI2-SETTINGS - CI08.4:  KeyMgmt: WPA_PSK Protocols: WPA RSN
01-01 00:09:27.553  3739  3739 W HMI2-SETTINGS - CI08.4:  AuthAlgorithms: OPEN
01-01 00:09:27.553  3739  3739 W HMI2-SETTINGS - CI08.4:  PairwiseCiphers: TKIP CCMP
01-01 00:09:27.553  3739  3739 W HMI2-SETTINGS - CI08.4:  GroupCiphers: TKIP CCMP
01-01 00:09:27.553  3739  3739 W HMI2-SETTINGS - CI08.4:  PSK: *
01-01 00:09:27.553  3739  3739 W HMI2-SETTINGS - CI08.4: 
01-01 00:09:27.553  3739  3739 W HMI2-SETTINGS - CI08.4:  sim_num 
01-01 00:09:27.553  3739  3739 W HMI2-SETTINGS - CI08.4: Enterprise config:
01-01 00:09:27.553  3739  3739 W HMI2-SETTINGS - CI08.4: IP config:
01-01 00:09:27.553  3739  3739 W HMI2-SETTINGS - CI08.4: IP assignment: DHCP
01-01 00:09:27.553  3739  3739 W HMI2-SETTINGS - CI08.4: Proxy settings: NONE
01-01 00:09:27.553  3739  3739 W HMI2-SETTINGS - CI08.4:  cuid=1000 cname=android.uid.system:1000 luid=1000 lname=android.uid.system:1000 lcuid=1000 userApproved=USER_UNSPECIFIED noInternetAccessExpected=false roamingFailureBlackListTimeMilli: 1000
01-01 00:09:27.553  3739  3739 W HMI2-SETTINGS - CI08.4: recentFailure: Association Rejection code: 0
01-01 00:09:27.553  3739  3739 W HMI2-SETTINGS - CI08.4: ShareThisAp: false
01-01 00:09:27.553  3739  3739 W HMI2-SETTINGS - CI08.4: className -> WifiActivity | functionName -> getConnectSummary : | value ->  Saved
01-01 00:09:27.553  3739  3739 E HMI2-SETTINGS - CI08.4: className -> WifiActivity | functionName -> mWifiScanReceiver -> onReceive | error ->intent_action:android.net.wifi.CONFIGURED_NETWORKS_CHANGE
01-01 00:09:27.554  1151  2229 I WifiService: getWifiEnabledState uid=1000
01-01 00:09:27.555  3739  3739 W HMI2-SETTINGS: SWR_BAIDU_HMI_0020|FUN=WifiActivity::handleConnectedNetworkVisibility|0|getWifiStat::true
01-01 00:09:27.556  1151  1168 I WifiService: getConfiguredNetworks uid=1000
01-01 00:09:27.559  3739  3739 W HMI2-SETTINGS - CI08.4: className -> WifiActivity | functionName -> getSavedNetworkList | value -> config.netID ->19
01-01 00:09:27.559  3739  3739 W HMI2-SETTINGS - CI08.4: className -> WifiActivity | functionName -> getSavedNetworkList | value -> config.SSID ->"RSE_Test"
01-01 00:09:27.559  3739  3739 W HMI2-SETTINGS - CI08.4: className -> WifiActivity | functionName -> getSavedNetworkList | value -> config.BSSID ->null
01-01 00:09:27.559  3739  3739 W HMI2-SETTINGS: SWR_BAIDU_HMI_0027|SWR_BAIDU_HMI_0015|FUN=WifiActivity::getScanResults|1|Get list of available wifi hotspots.
01-01 00:09:27.566  3739  3739 W HMI2-SETTINGS - CI08.4: className -> WifiActivity | functionName -> isWapiVariantBlocked | value -> security_type:2
01-01 00:09:27.566  3739  3739 W HMI2-SETTINGS - CI08.4: className -> WifiActivity | functionName -> isInConnected | value -> |ACSIA_CORP1|0|2
01-01 00:09:27.566  3739  3739 W HMI2-SETTINGS - CI08.4: className -> WifiActivity | functionName -> isWapiVariantBlocked | value -> security_type:2
01-01 00:09:27.566  3739  3739 W HMI2-SETTINGS - CI08.4: className -> WifiActivity | functionName -> isInConnected | value -> | ACSIA_CORP3|0|2
01-01 00:09:27.567  3739  3739 W HMI2-SETTINGS - CI08.4: className -> WifiActivity | functionName -> isWapiVariantBlocked | value -> security_type:2
01-01 00:09:27.567  3739  3739 W HMI2-SETTINGS - CI08.4: className -> WifiActivity | functionName -> isInConnected | value -> |ACSIA_Management|0|2
01-01 00:09:27.567  3739  3739 W HMI2-SETTINGS - CI08.4: className -> WifiActivity | functionName -> isWapiVariantBlocked | value -> security_type:2
01-01 00:09:27.567  3739  3739 W HMI2-SETTINGS - CI08.4: className -> WifiActivity | functionName -> isInConnected | value -> |ACSIA_GUEST1|0|2
01-01 00:09:27.567  3739  3739 W HMI2-SETTINGS - CI08.4: className -> WifiActivity | functionName -> isWapiVariantBlocked | value -> security_type:2
01-01 00:09:27.567  3739  3739 W HMI2-SETTINGS - CI08.4: className -> WifiActivity | functionName -> isInConnected | value -> |ACSIA_CORP2|0|2
01-01 00:09:27.567  3739  3739 W HMI2-SETTINGS - CI08.4: className -> WifiActivity | functionName -> isWapiVariantBlocked | value -> security_type:2
01-01 00:09:27.567  3739  3739 W HMI2-SETTINGS - CI08.4: className -> WifiActivity | functionName -> isInConnected | value -> |ACSIA_DEV|0|2
01-01 00:09:27.567  3739  3739 W HMI2-SETTINGS - CI08.4: className -> WifiActivity | functionName -> isWapiVariantBlocked | value -> security_type:2
01-01 00:09:27.567  3739  3739 W HMI2-SETTINGS - CI08.4: className -> WifiActivity | functionName -> isInConnected | value -> |RSE_Test|0|2
01-01 00:09:27.567  3739  3739 W HMI2-SETTINGS - CI08.4: className -> WifiActivity | functionName -> isWapiVariantBlocked | value -> security_type:2
01-01 00:09:27.567  3739  3739 W HMI2-SETTINGS - CI08.4: className -> WifiActivity | functionName -> isInConnected | value -> |NETGEAR66-5G|0|2
01-01 00:09:27.567  3739  3739 W HMI2-SETTINGS - CI08.4: className -> WifiActivity | functionName -> isWapiVariantBlocked | value -> security_type:2
01-01 00:09:27.567  3739  3739 W HMI2-SETTINGS - CI08.4: className -> WifiActivity | functionName -> isInConnected | value -> |Secure|0|2
01-01 00:09:27.567  3739  3739 W HMI2-SETTINGS - CI08.4: className -> WifiActivity | functionName -> isWapiVariantBlocked | value -> security_type:2
01-01 00:09:27.567  3739  3739 W HMI2-SETTINGS - CI08.4: className -> WifiActivity | functionName -> isInConnected | value -> |ACSIA_CORP1|0|2
01-01 00:09:27.567  3739  3739 W HMI2-SETTINGS - CI08.4: className -> WifiActivity | functionName -> isWapiVariantBlocked | value -> security_type:2
01-01 00:09:27.567  3739  3739 W HMI2-SETTINGS - CI08.4: className -> WifiActivity | functionName -> isInConnected | value -> |ACSIA_DEV|0|2
01-01 00:09:27.567  3739  3739 W HMI2-SETTINGS - CI08.4: className -> WifiActivity | functionName -> isWapiVariantBlocked | value -> security_type:2
01-01 00:09:27.567  3739  3739 W HMI2-SETTINGS - CI08.4: className -> WifiActivity | functionName -> isInConnected | value -> |ACSIA_CORP2|0|2
01-01 00:09:27.567  3739  3739 W HMI2-SETTINGS - CI08.4: className -> WifiActivity | functionName -> isWapiVariantBlocked | value -> security_type:2
01-01 00:09:27.567  3739  3739 W HMI2-SETTINGS - CI08.4: className -> WifiActivity | functionName -> isInConnected | value -> |ACSIA_GUEST1|0|2
01-01 00:09:27.567  3739  3739 W HMI2-SETTINGS - CI08.4: className -> WifiActivity | functionName -> isWapiVariantBlocked | value -> security_type:2
01-01 00:09:27.567  3739  3739 W HMI2-SETTINGS - CI08.4: className -> WifiActivity | functionName -> isInConnected | value -> |ACSIA_Management|0|2
01-01 00:09:27.567  3739  3739 W HMI2-SETTINGS - CI08.4: className -> WifiActivity | functionName -> isWapiVariantBlocked | value -> security_type:2
01-01 00:09:27.567  3739  3739 W HMI2-SETTINGS - CI08.4: className -> WifiActivity | functionName -> isInConnected | value -> | ACSIA_CORP3|0|2
01-01 00:09:27.567  3739  3739 W HMI2-SETTINGS - CI08.4: className -> WifiActivity | functionName -> isWapiVariantBlocked | value -> security_type:2
01-01 00:09:27.567  3739  3739 W HMI2-SETTINGS - CI08.4: className -> WifiActivity | functionName -> isInConnected | value -> |RSE_Test|0|2
01-01 00:09:27.567  3739  3739 W HMI2-SETTINGS - CI08.4: className -> WifiActivity | functionName -> isWapiVariantBlocked | value -> security_type:2
01-01 00:09:27.567  3739  3739 W HMI2-SETTINGS - CI08.4: className -> WifiActivity | functionName -> isInConnected | value -> |HUWIFI|0|2
01-01 00:09:27.567  3739  3739 W HMI2-SETTINGS - CI08.4: className -> WifiActivity | functionName -> isWapiVariantBlocked | value -> security_type:2
01-01 00:09:27.567  3739  3739 W HMI2-SETTINGS - CI08.4: className -> WifiActivity | functionName -> isInConnected | value -> |DIRECT-vQINLT044msmJ|0|2
01-01 00:09:27.567  3739  3739 W HMI2-SETTINGS - CI08.4: className -> WifiActivity | functionName -> isWapiVariantBlocked | value -> security_type:2
01-01 00:09:27.567  3739  3739 W HMI2-SETTINGS - CI08.4: className -> WifiActivity | functionName -> isInConnected | value -> |DIRECT-DMATCLWI2064msNL|0|2
01-01 00:09:27.567  3739  3739 W HMI2-SETTINGS - CI08.4: className -> WifiActivity | functionName -> isWapiVariantBlocked | value -> security_type:2
01-01 00:09:27.567  3739  3739 W HMI2-SETTINGS - CI08.4: className -> WifiActivity | functionName -> isInConnected | value -> |AUTOMATION_TEST|0|2
01-01 00:09:27.567  3739  3739 W HMI2-SETTINGS - CI08.4: className -> WifiActivity | functionName -> isWapiVariantBlocked | value -> security_type:2
01-01 00:09:27.567  3739  3739 W HMI2-SETTINGS - CI08.4: className -> WifiActivity | functionName -> isInConnected | value -> |ACSIA_CORP1|0|2
01-01 00:09:27.568  3739  3739 W HMI2-SETTINGS - CI08.4: className -> WifiActivity | functionName -> isWapiVariantBlocked | value -> security_type:2
01-01 00:09:27.568  3739  3739 W HMI2-SETTINGS - CI08.4: className -> WifiActivity | functionName -> isInConnected | value -> |ACSIA_GUEST1|0|2
01-01 00:09:27.568  3739  3739 W HMI2-SETTINGS - CI08.4: className -> WifiActivity | functionName -> isWapiVariantBlocked | value -> security_type:2
01-01 00:09:27.568  3739  3739 W HMI2-SETTINGS - CI08.4: className -> WifiActivity | functionName -> isInConnected | value -> |ACSIA_DEV|0|2
01-01 00:09:27.568  3739  3739 W HMI2-SETTINGS - CI08.4: className -> WifiActivity | functionName -> isWapiVariantBlocked | value -> security_type:2
01-01 00:09:27.568  3739  3739 W HMI2-SETTINGS - CI08.4: className -> WifiActivity | functionName -> isInConnected | value -> |RSE_Test|0|2
01-01 00:09:27.568  3739  3739 W HMI2-SETTINGS - CI08.4: className -> WifiActivity | functionName -> isWapiVariantBlocked | value -> security_type:2
01-01 00:09:27.568  3739  3739 W HMI2-SETTINGS - CI08.4: className -> WifiActivity | functionName -> isInConnected | value -> | ACSIA_CORP3|0|2
01-01 00:09:27.568  3739  3739 W HMI2-SETTINGS - CI08.4: className -> WifiActivity | functionName -> isWapiVariantBlocked | value -> security_type:2
01-01 00:09:27.568  3739  3739 W HMI2-SETTINGS - CI08.4: className -> WifiActivity | functionName -> isInConnected | value -> |ACSIA_Management|0|2
01-01 00:09:27.568  3739  3739 W HMI2-SETTINGS - CI08.4: className -> WifiActivity | functionName -> isWapiVariantBlocked | value -> security_type:2
01-01 00:09:27.568  3739  3739 W HMI2-SETTINGS - CI08.4: className -> WifiActivity | functionName -> isInConnected | value -> |ACSIA_CORP2|0|2
01-01 00:09:27.568  3739  3739 W HMI2-SETTINGS - CI08.4: className -> WifiActivity | functionName -> isWapiVariantBlocked | value -> security_type:2
01-01 00:09:27.568  3739  3739 W HMI2-SETTINGS - CI08.4: className -> WifiActivity | functionName -> isInConnected | value -> |MB Hotspot 61185|0|2
01-01 00:09:27.568  3739  3739 W HMI2-SETTINGS - CI08.4: className -> WifiActivity | functionName -> isWapiVariantBlocked | value -> security_type:0
01-01 00:09:27.568  3739  3739 W HMI2-SETTINGS - CI08.4: className -> WifiActivity | functionName -> isInConnected | value -> |HP-Print-DB-LaserJet Pro MFP|0|0
01-01 00:09:27.568  3739  3739 W HMI2-SETTINGS - CI08.4: className -> WifiActivity | functionName -> handleAllAvailNetwork | value -> savedNetwork ->1
01-01 00:09:27.568  3739  3739 W HMI2-SETTINGS - CI08.4: className -> WifiActivity | functionName -> handleAllAvailNetwork | value -> presentVisibleNetwork ->29
01-01 00:09:27.570  1151  2229 I WifiService: getConfiguredNetworks uid=1000
01-01 00:09:27.571  3739  3739 W HMI2-SETTINGS - CI08.4: className -> WifiActivity | functionName -> getConfig: success-> | value -> "RSE_Test"
01-01 00:09:27.571  3739  3739 W HMI2-SETTINGS - CI08.4: className -> WifiActivity | functionName -> getConnectSummary | value -> getConnectSummaryID: 19 SSID: "RSE_Test" PROVIDER-NAME: null BSSID: null FQDN: null PRIO: 0 HIDDEN: false
01-01 00:09:27.571  3739  3739 W HMI2-SETTINGS - CI08.4:  NetworkSelectionStatus NETWORK_SELECTION_ENABLED
01-01 00:09:27.571  3739  3739 W HMI2-SETTINGS - CI08.4:  hasEverConnected: false
01-01 00:09:27.571  3739  3739 W HMI2-SETTINGS - CI08.4:  KeyMgmt: WPA_PSK Protocols: WPA RSN
01-01 00:09:27.571  3739  3739 W HMI2-SETTINGS - CI08.4:  AuthAlgorithms: OPEN
01-01 00:09:27.571  3739  3739 W HMI2-SETTINGS - CI08.4:  PairwiseCiphers: TKIP CCMP
01-01 00:09:27.571  3739  3739 W HMI2-SETTINGS - CI08.4:  GroupCiphers: TKIP CCMP
01-01 00:09:27.571  3739  3739 W HMI2-SETTINGS - CI08.4:  PSK: *
01-01 00:09:27.571  3739  3739 W HMI2-SETTINGS - CI08.4: 
01-01 00:09:27.571  3739  3739 W HMI2-SETTINGS - CI08.4:  sim_num 
01-01 00:09:27.571  3739  3739 W HMI2-SETTINGS - CI08.4: Enterprise config:
01-01 00:09:27.571  3739  3739 W HMI2-SETTINGS - CI08.4: IP config:
01-01 00:09:27.571  3739  3739 W HMI2-SETTINGS - CI08.4: IP assignment: DHCP
01-01 00:09:27.571  3739  3739 W HMI2-SETTINGS - CI08.4: Proxy settings: NONE
01-01 00:09:27.571  3739  3739 W HMI2-SETTINGS - CI08.4:  cuid=1000 cname=android.uid.system:1000 luid=1000 lname=android.uid.system:1000 lcuid=1000 userApproved=USER_UNSPECIFIED noInternetAccessExpected=false roamingFailureBlackListTimeMilli: 1000
01-01 00:09:27.571  3739  3739 W HMI2-SETTINGS - CI08.4: recentFailure: Association Rejection code: 0
01-01 00:09:27.571  3739  3739 W HMI2-SETTINGS - CI08.4: ShareThisAp: false
01-01 00:09:27.571  3739  3739 W HMI2-SETTINGS - CI08.4: className -> WifiActivity | functionName -> getConnectSummary : | value ->  Saved
01-01 00:09:27.571  3739  3739 E HMI2-SETTINGS - CI08.4: className -> WifiActivity | functionName -> mWifiScanReceiver -> onReceive | error ->intent_action:android.net.wifi.CONFIGURED_NETWORKS_CHANGE
01-01 00:09:27.572  1151  2229 I WifiService: getWifiEnabledState uid=1000
01-01 00:09:27.573  3739  3739 W HMI2-SETTINGS: SWR_BAIDU_HMI_0020|FUN=WifiActivity::handleConnectedNetworkVisibility|0|getWifiStat::true
01-01 00:09:27.574  1151  2229 I WifiService: getConfiguredNetworks uid=1000
01-01 00:09:27.577  3739  3739 W HMI2-SETTINGS - CI08.4: className -> WifiActivity | functionName -> getSavedNetworkList | value -> config.netID ->19
01-01 00:09:27.577  3739  3739 W HMI2-SETTINGS - CI08.4: className -> WifiActivity | functionName -> getSavedNetworkList | value -> config.SSID ->"RSE_Test"
01-01 00:09:27.577  3739  3739 W HMI2-SETTINGS - CI08.4: className -> WifiActivity | functionName -> getSavedNetworkList | value -> config.BSSID ->null
01-01 00:09:27.577  3739  3739 W HMI2-SETTINGS: SWR_BAIDU_HMI_0027|SWR_BAIDU_HMI_0015|FUN=WifiActivity::getScanResults|1|Get list of available wifi hotspots.
01-01 00:09:27.583  3739  3739 W HMI2-SETTINGS - CI08.4: className -> WifiActivity | functionName -> isWapiVariantBlocked | value -> security_type:2
01-01 00:09:27.584  3739  3739 W HMI2-SETTINGS - CI08.4: className -> WifiActivity | functionName -> isInConnected | value -> |ACSIA_CORP1|0|2
01-01 00:09:27.584  3739  3739 W HMI2-SETTINGS - CI08.4: className -> WifiActivity | functionName -> isWapiVariantBlocked | value -> security_type:2
01-01 00:09:27.584  3739  3739 W HMI2-SETTINGS - CI08.4: className -> WifiActivity | functionName -> isInConnected | value -> | ACSIA_CORP3|0|2
01-01 00:09:27.584  3739  3739 W HMI2-SETTINGS - CI08.4: className -> WifiActivity | functionName -> isWapiVariantBlocked | value -> security_type:2
01-01 00:09:27.584  3739  3739 W HMI2-SETTINGS - CI08.4: className -> WifiActivity | functionName -> isInConnected | value -> |ACSIA_Management|0|2
01-01 00:09:27.584  3739  3739 W HMI2-SETTINGS - CI08.4: className -> WifiActivity | functionName -> isWapiVariantBlocked | value -> security_type:2
01-01 00:09:27.584  3739  3739 W HMI2-SETTINGS - CI08.4: className -> WifiActivity | functionName -> isInConnected | value -> |ACSIA_GUEST1|0|2
01-01 00:09:27.584  3739  3739 W HMI2-SETTINGS - CI08.4: className -> WifiActivity | functionName -> isWapiVariantBlocked | value -> security_type:2
01-01 00:09:27.584  3739  3739 W HMI2-SETTINGS - CI08.4: className -> WifiActivity | functionName -> isInConnected | value -> |ACSIA_CORP2|0|2
01-01 00:09:27.584  3739  3739 W HMI2-SETTINGS - CI08.4: className -> WifiActivity | functionName -> isWapiVariantBlocked | value -> security_type:2
01-01 00:09:27.584  3739  3739 W HMI2-SETTINGS - CI08.4: className -> WifiActivity | functionName -> isInConnected | value -> |ACSIA_DEV|0|2
01-01 00:09:27.584  3739  3739 W HMI2-SETTINGS - CI08.4: className -> WifiActivity | functionName -> isWapiVariantBlocked | value -> security_type:2
01-01 00:09:27.584  3739  3739 W HMI2-SETTINGS - CI08.4: className -> WifiActivity | functionName -> isInConnected | value -> |RSE_Test|0|2
01-01 00:09:27.584  3739  3739 W HMI2-SETTINGS - CI08.4: className -> WifiActivity | functionName -> isWapiVariantBlocked | value -> security_type:2
01-01 00:09:27.584  3739  3739 W HMI2-SETTINGS - CI08.4: className -> WifiActivity | functionName -> isInConnected | value -> |NETGEAR66-5G|0|2
01-01 00:09:27.584  3739  3739 W HMI2-SETTINGS - CI08.4: className -> WifiActivity | functionName -> isWapiVariantBlocked | value -> security_type:2
01-01 00:09:27.584  3739  3739 W HMI2-SETTINGS - CI08.4: className -> WifiActivity | functionName -> isInConnected | value -> |Secure|0|2
01-01 00:09:27.584  3739  3739 W HMI2-SETTINGS - CI08.4: className -> WifiActivity | functionName -> isWapiVariantBlocked | value -> security_type:2
01-01 00:09:27.584  3739  3739 W HMI2-SETTINGS - CI08.4: className -> WifiActivity | functionName -> isInConnected | value -> |ACSIA_CORP1|0|2
01-01 00:09:27.584  3739  3739 W HMI2-SETTINGS - CI08.4: className -> WifiActivity | functionName -> isWapiVariantBlocked | value -> security_type:2
01-01 00:09:27.584  3739  3739 W HMI2-SETTINGS - CI08.4: className -> WifiActivity | functionName -> isInConnected | value -> |ACSIA_DEV|0|2
01-01 00:09:27.584  3739  3739 W HMI2-SETTINGS - CI08.4: className -> WifiActivity | functionName -> isWapiVariantBlocked | value -> security_type:2
01-01 00:09:27.584  3739  3739 W HMI2-SETTINGS - CI08.4: className -> WifiActivity | functionName -> isInConnected | value -> |ACSIA_CORP2|0|2
01-01 00:09:27.584  3739  3739 W HMI2-SETTINGS - CI08.4: className -> WifiActivity | functionName -> isWapiVariantBlocked | value -> security_type:2
01-01 00:09:27.584  3739  3739 W HMI2-SETTINGS - CI08.4: className -> WifiActivity | functionName -> isInConnected | value -> |ACSIA_GUEST1|0|2
01-01 00:09:27.584  3739  3739 W HMI2-SETTINGS - CI08.4: className -> WifiActivity | functionName -> isWapiVariantBlocked | value -> security_type:2
01-01 00:09:27.584  3739  3739 W HMI2-SETTINGS - CI08.4: className -> WifiActivity | functionName -> isInConnected | value -> |ACSIA_Management|0|2
01-01 00:09:27.584  3739  3739 W HMI2-SETTINGS - CI08.4: className -> WifiActivity | functionName -> isWapiVariantBlocked | value -> security_type:2
01-01 00:09:27.585  3739  3739 W HMI2-SETTINGS - CI08.4: className -> WifiActivity | functionName -> isInConnected | value -> | ACSIA_CORP3|0|2
01-01 00:09:27.585  3739  3739 W HMI2-SETTINGS - CI08.4: className -> WifiActivity | functionName -> isWapiVariantBlocked | value -> security_type:2
01-01 00:09:27.585  3739  3739 W HMI2-SETTINGS - CI08.4: className -> WifiActivity | functionName -> isInConnected | value -> |RSE_Test|0|2
01-01 00:09:27.585  3739  3739 W HMI2-SETTINGS - CI08.4: className -> WifiActivity | functionName -> isWapiVariantBlocked | value -> security_type:2
01-01 00:09:27.585  3739  3739 W HMI2-SETTINGS - CI08.4: className -> WifiActivity | functionName -> isInConnected | value -> |HUWIFI|0|2
01-01 00:09:27.585  3739  3739 W HMI2-SETTINGS - CI08.4: className -> WifiActivity | functionName -> isWapiVariantBlocked | value -> security_type:2
01-01 00:09:27.585  3739  3739 W HMI2-SETTINGS - CI08.4: className -> WifiActivity | functionName -> isInConnected | value -> |DIRECT-vQINLT044msmJ|0|2
01-01 00:09:27.585  3739  3739 W HMI2-SETTINGS - CI08.4: className -> WifiActivity | functionName -> isWapiVariantBlocked | value -> security_type:2
01-01 00:09:27.585  3739  3739 W HMI2-SETTINGS - CI08.4: className -> WifiActivity | functionName -> isInConnected | value -> |DIRECT-DMATCLWI2064msNL|0|2
01-01 00:09:27.585  3739  3739 W HMI2-SETTINGS - CI08.4: className -> WifiActivity | functionName -> isWapiVariantBlocked | value -> security_type:2
01-01 00:09:27.585  3739  3739 W HMI2-SETTINGS - CI08.4: className -> WifiActivity | functionName -> isInConnected | value -> |AUTOMATION_TEST|0|2
01-01 00:09:27.585  3739  3739 W HMI2-SETTINGS - CI08.4: className -> WifiActivity | functionName -> isWapiVariantBlocked | value -> security_type:2
01-01 00:09:27.585  3739  3739 W HMI2-SETTINGS - CI08.4: className -> WifiActivity | functionName -> isInConnected | value -> |ACSIA_CORP1|0|2
01-01 00:09:27.585  3739  3739 W HMI2-SETTINGS - CI08.4: className -> WifiActivity | functionName -> isWapiVariantBlocked | value -> security_type:2
01-01 00:09:27.585  3739  3739 W HMI2-SETTINGS - CI08.4: className -> WifiActivity | functionName -> isInConnected | value -> |ACSIA_GUEST1|0|2
01-01 00:09:27.585  3739  3739 W HMI2-SETTINGS - CI08.4: className -> WifiActivity | functionName -> isWapiVariantBlocked | value -> security_type:2
01-01 00:09:27.585  3739  3739 W HMI2-SETTINGS - CI08.4: className -> WifiActivity | functionName -> isInConnected | value -> |ACSIA_DEV|0|2
01-01 00:09:27.585  3739  3739 W HMI2-SETTINGS - CI08.4: className -> WifiActivity | functionName -> isWapiVariantBlocked | value -> security_type:2
01-01 00:09:27.585  3739  3739 W HMI2-SETTINGS - CI08.4: className -> WifiActivity | functionName -> isInConnected | value -> |RSE_Test|0|2
01-01 00:09:27.585  3739  3739 W HMI2-SETTINGS - CI08.4: className -> WifiActivity | functionName -> isWapiVariantBlocked | value -> security_type:2
01-01 00:09:27.585  3739  3739 W HMI2-SETTINGS - CI08.4: className -> WifiActivity | functionName -> isInConnected | value -> | ACSIA_CORP3|0|2
01-01 00:09:27.585  3739  3739 W HMI2-SETTINGS - CI08.4: className -> WifiActivity | functionName -> isWapiVariantBlocked | value -> security_type:2
01-01 00:09:27.585  3739  3739 W HMI2-SETTINGS - CI08.4: className -> WifiActivity | functionName -> isInConnected | value -> |ACSIA_Management|0|2
01-01 00:09:27.585  3739  3739 W HMI2-SETTINGS - CI08.4: className -> WifiActivity | functionName -> isWapiVariantBlocked | value -> security_type:2
01-01 00:09:27.585  3739  3739 W HMI2-SETTINGS - CI08.4: className -> WifiActivity | functionName -> isInConnected | value -> |ACSIA_CORP2|0|2
01-01 00:09:27.585  3739  3739 W HMI2-SETTINGS - CI08.4: className -> WifiActivity | functionName -> isWapiVariantBlocked | value -> security_type:2
01-01 00:09:27.585  3739  3739 W HMI2-SETTINGS - CI08.4: className -> WifiActivity | functionName -> isInConnected | value -> |MB Hotspot 61185|0|2
01-01 00:09:27.585  3739  3739 W HMI2-SETTINGS - CI08.4: className -> WifiActivity | functionName -> isWapiVariantBlocked | value -> security_type:0
01-01 00:09:27.585  3739  3739 W HMI2-SETTINGS - CI08.4: className -> WifiActivity | functionName -> isInConnected | value -> |HP-Print-DB-LaserJet Pro MFP|0|0
01-01 00:09:27.586  3739  3739 W HMI2-SETTINGS - CI08.4: className -> WifiActivity | functionName -> handleAllAvailNetwork | value -> savedNetwork ->1
01-01 00:09:27.586  3739  3739 W HMI2-SETTINGS - CI08.4: className -> WifiActivity | functionName -> handleAllAvailNetwork | value -> presentVisibleNetwork ->29
01-01 00:09:27.587  1151  1168 I WifiService: getConfiguredNetworks uid=1000
01-01 00:09:27.593  3739  3739 W HMI2-SETTINGS - CI08.4: className -> WifiActivity | functionName -> getConfig: success-> | value -> "RSE_Test"
01-01 00:09:27.593  3739  3739 W HMI2-SETTINGS - CI08.4: className -> WifiActivity | functionName -> getConnectSummary | value -> getConnectSummaryID: 19 SSID: "RSE_Test" PROVIDER-NAME: null BSSID: null FQDN: null PRIO: 0 HIDDEN: false
01-01 00:09:27.593  3739  3739 W HMI2-SETTINGS - CI08.4:  NetworkSelectionStatus NETWORK_SELECTION_ENABLED
01-01 00:09:27.593  3739  3739 W HMI2-SETTINGS - CI08.4:  hasEverConnected: false
01-01 00:09:27.593  3739  3739 W HMI2-SETTINGS - CI08.4:  KeyMgmt: WPA_PSK Protocols: WPA RSN
01-01 00:09:27.593  3739  3739 W HMI2-SETTINGS - CI08.4:  AuthAlgorithms: OPEN
01-01 00:09:27.593  3739  3739 W HMI2-SETTINGS - CI08.4:  PairwiseCiphers: TKIP CCMP
01-01 00:09:27.593  3739  3739 W HMI2-SETTINGS - CI08.4:  GroupCiphers: TKIP CCMP
01-01 00:09:27.593  3739  3739 W HMI2-SETTINGS - CI08.4:  PSK: *
01-01 00:09:27.593  3739  3739 W HMI2-SETTINGS - CI08.4: 
01-01 00:09:27.593  3739  3739 W HMI2-SETTINGS - CI08.4:  sim_num 
01-01 00:09:27.593  3739  3739 W HMI2-SETTINGS - CI08.4: Enterprise config:
01-01 00:09:27.593  3739  3739 W HMI2-SETTINGS - CI08.4: IP config:
01-01 00:09:27.593  3739  3739 W HMI2-SETTINGS - CI08.4: IP assignment: DHCP
01-01 00:09:27.593  3739  3739 W HMI2-SETTINGS - CI08.4: Proxy settings: NONE
01-01 00:09:27.593  3739  3739 W HMI2-SETTINGS - CI08.4:  cuid=1000 cname=android.uid.system:1000 luid=1000 lname=android.uid.system:1000 lcuid=1000 userApproved=USER_UNSPECIFIED noInternetAccessExpected=false roamingFailureBlackListTimeMilli: 1000
01-01 00:09:27.593  3739  3739 W HMI2-SETTINGS - CI08.4: recentFailure: Association Rejection code: 0
01-01 00:09:27.593  3739  3739 W HMI2-SETTINGS - CI08.4: ShareThisAp: false
01-01 00:09:27.593  3739  3739 W HMI2-SETTINGS - CI08.4: className -> WifiActivity | functionName -> getConnectSummary : | value ->  Saved
01-01 00:09:27.593  3739  3739 E HMI2-SETTINGS - CI08.4: className -> WifiActivity | functionName -> mWifiScanReceiver -> onReceive | error ->intent_action:android.net.wifi.STATE_CHANGE
01-01 00:09:27.594  3739  3739 W HMI2-SETTINGS - CI08.4: className -> WifiActivity | functionName -> handleNetworkStateChanged | value -> detailedState->DISCONNECTED
01-01 00:09:27.594  1151  2229 I WifiService: getConfiguredNetworks uid=1000
01-01 00:09:27.596  3739  3739 W HMI2-SETTINGS - CI08.4: className -> WifiActivity | functionName -> getConfig: success-> | value -> "RSE_Test"
01-01 00:09:27.597  3739  3739 W HMI2-SETTINGS - CI08.4: className -> WifiActivity | functionName -> getConnectSummary | value -> getConnectSummaryID: 19 SSID: "RSE_Test" PROVIDER-NAME: null BSSID: null FQDN: null PRIO: 0 HIDDEN: false
01-01 00:09:27.597  3739  3739 W HMI2-SETTINGS - CI08.4:  NetworkSelectionStatus NETWORK_SELECTION_ENABLED
01-01 00:09:27.597  3739  3739 W HMI2-SETTINGS - CI08.4:  hasEverConnected: false
01-01 00:09:27.597  3739  3739 W HMI2-SETTINGS - CI08.4:  KeyMgmt: WPA_PSK Protocols: WPA RSN
01-01 00:09:27.597  3739  3739 W HMI2-SETTINGS - CI08.4:  AuthAlgorithms: OPEN
01-01 00:09:27.597  3739  3739 W HMI2-SETTINGS - CI08.4:  PairwiseCiphers: TKIP CCMP
01-01 00:09:27.597  3739  3739 W HMI2-SETTINGS - CI08.4:  GroupCiphers: TKIP CCMP
01-01 00:09:27.597  3739  3739 W HMI2-SETTINGS - CI08.4:  PSK: *
01-01 00:09:27.597  3739  3739 W HMI2-SETTINGS - CI08.4: 
01-01 00:09:27.597  3739  3739 W HMI2-SETTINGS - CI08.4:  sim_num 
01-01 00:09:27.597  3739  3739 W HMI2-SETTINGS - CI08.4: Enterprise config:
01-01 00:09:27.597  3739  3739 W HMI2-SETTINGS - CI08.4: IP config:
01-01 00:09:27.597  3739  3739 W HMI2-SETTINGS - CI08.4: IP assignment: DHCP
01-01 00:09:27.597  3739  3739 W HMI2-SETTINGS - CI08.4: Proxy settings: NONE
01-01 00:09:27.597  3739  3739 W HMI2-SETTINGS - CI08.4:  cuid=1000 cname=android.uid.system:1000 luid=1000 lname=android.uid.system:1000 lcuid=1000 userApproved=USER_UNSPECIFIED noInternetAccessExpected=false roamingFailureBlackListTimeMilli: 1000
01-01 00:09:27.597  3739  3739 W HMI2-SETTINGS - CI08.4: recentFailure: Association Rejection code: 0
01-01 00:09:27.597  3739  3739 W HMI2-SETTINGS - CI08.4: ShareThisAp: false
01-01 00:09:27.597  3739  3739 W HMI2-SETTINGS - CI08.4: className -> WifiActivity | functionName -> getConnectSummary : | value ->  Saved
01-01 00:09:27.597  3739  3739 E HMI2-SETTINGS - CI08.4: className -> WifiActivity | functionName -> mWifiScanReceiver -> onReceive | error ->intent_action:android.net.wifi.STATE_CHANGE
01-01 00:09:27.597  3739  3739 W HMI2-SETTINGS - CI08.4: className -> WifiActivity | functionName -> handleNetworkStateChanged | value -> detailedState->SCANNING
01-01 00:09:27.597  1151  2229 I WifiService: getConfiguredNetworks uid=1000
01-01 00:09:27.599  3739  3739 W HMI2-SETTINGS - CI08.4: className -> WifiActivity | functionName -> getConfig: success-> | value -> "RSE_Test"
01-01 00:09:27.599  3739  3739 W HMI2-SETTINGS - CI08.4: className -> WifiActivity | functionName -> getConnectSummary | value -> getConnectSummaryID: 19 SSID: "RSE_Test" PROVIDER-NAME: null BSSID: null FQDN: null PRIO: 0 HIDDEN: false
01-01 00:09:27.599  3739  3739 W HMI2-SETTINGS - CI08.4:  NetworkSelectionStatus NETWORK_SELECTION_ENABLED
01-01 00:09:27.599  3739  3739 W HMI2-SETTINGS - CI08.4:  hasEverConnected: false
01-01 00:09:27.599  3739  3739 W HMI2-SETTINGS - CI08.4:  KeyMgmt: WPA_PSK Protocols: WPA RSN
01-01 00:09:27.599  3739  3739 W HMI2-SETTINGS - CI08.4:  AuthAlgorithms: OPEN
01-01 00:09:27.599  3739  3739 W HMI2-SETTINGS - CI08.4:  PairwiseCiphers: TKIP CCMP
01-01 00:09:27.599  3739  3739 W HMI2-SETTINGS - CI08.4:  GroupCiphers: TKIP CCMP
01-01 00:09:27.599  3739  3739 W HMI2-SETTINGS - CI08.4:  PSK: *
01-01 00:09:27.599  3739  3739 W HMI2-SETTINGS - CI08.4: 
01-01 00:09:27.599  3739  3739 W HMI2-SETTINGS - CI08.4:  sim_num 
01-01 00:09:27.599  3739  3739 W HMI2-SETTINGS - CI08.4: Enterprise config:
01-01 00:09:27.599  3739  3739 W HMI2-SETTINGS - CI08.4: IP config:
01-01 00:09:27.599  3739  3739 W HMI2-SETTINGS - CI08.4: IP assignment: DHCP
01-01 00:09:27.599  3739  3739 W HMI2-SETTINGS - CI08.4: Proxy settings: NONE
01-01 00:09:27.599  3739  3739 W HMI2-SETTINGS - CI08.4:  cuid=1000 cname=android.uid.system:1000 luid=1000 lname=android.uid.system:1000 lcuid=1000 userApproved=USER_UNSPECIFIED noInternetAccessExpected=false roamingFailureBlackListTimeMilli: 1000
01-01 00:09:27.599  3739  3739 W HMI2-SETTINGS - CI08.4: recentFailure: Association Rejection code: 0
01-01 00:09:27.599  3739  3739 W HMI2-SETTINGS - CI08.4: ShareThisAp: false
01-01 00:09:27.599  3739  3739 W HMI2-SETTINGS - CI08.4: className -> WifiActivity | functionName -> getConnectSummary : | value ->  Saved
01-01 00:09:27.729  1933  1933 D LCMANDR : SWR_OOB_HV_MF_009|FUN=LifeCycleManagerService::getDAIAppAlivenessStatus|Aliveness:: DAIAPP HB DIFF = 2 [ DaimlerAppHBCounter ] = 215[ DaimlerAppHBCounterOld ] = 213
01-01 00:09:27.729  1933  1933 I LCMANDR : SWR_OOB_HV_MF_009|FUN=LifeCycleManagerService::getDAIAppAlivenessStatus|Aliveness::ANDROID HB IS VALID... setting OLD VAL, and resetting Fail Counter
01-01 00:09:27.732  1933  1933 I LCMANDR : SWR_OOB_HV_MF_009|FUN=LifeCycleManagerService::getDAIPID|DAIMLER APP(com.daimler.rse.ntg6) PID is [ 1519 ]
01-01 00:09:27.732  1933  1933 I LCMANDR : SWR_OOB_HV_MF_009|FUN=LifeCycleManagerService::getDAIAPPStatus|Aliveness::SAME PID! DAIAPP is not restarted
01-01 00:09:27.732  1933  1933 W LCMANDR : SWR_OOB_HV_MF_009|FUN=LifeCycleManagerService::getDAIAppAlivenessStatus|Aliveness::Status to send id : ALIVE
01-01 00:09:27.732  1933  1933 D LCMANDR : SWR_OOB_HV_MF_005|FUN=LifeCycleManagerService::sendPacketToLnx|data = [B@2dac965
01-01 00:09:27.732  1933  1933 D LCMANDR : SWR_OOB_HV_MF_009|FUN=LifeCycleManagerService::postAppsStatusInfo|Setting AppPacket info
01-01 00:09:27.732  1933  1933 I LCMANDR : SWR_OOB_HV_MF_009|FUN=AlivenessMonitoring::getRunningApps| packet sent
01-01 00:09:27.732  1933  1956 D LCMANDR : SWR_OOB_HV_MF_010|FUN=LifeCycleManagerService::RseNodeStateManagement|SEND_IGC_CB
01-01 00:09:27.732  1933  1956 I LCMANDR : SWR_OOB_HV_MF_005|FUN=LifeCycleManagerService::igcsendData|Call hit in RSENodeStateManagement::igcsendData
01-01 00:09:27.732  1933  1956 I LCMANDR : SWR_OOB_HV_MF_005|FUN=LifeCycleManagerService::igcsendData|SEND DATA LEN is : 15
01-01 00:09:27.732  1933  1956 I LCMANDR : SWR_OOB_HV_MF_007|FUN=LifeCycleManagerService::sendPacketFromIntentService|Package to send : [ 65, 0, 0, 0, 9, 0, 2, 0, 1, 0, 5, 65, 65, 0, 0, ]
01-01 00:09:27.732  1933  1956 I IGC     :  IGC::sendData ==> [ 65, 0, 0, 0, 9, 0, 2, 0, 1, 0, 5, 65, 65, 0, 0,  ]
01-01 00:09:27.732  1933  1956 I IGC     :  Igc::sendData data size is :: 15
01-01 00:09:27.732  1933  1956 D         : Enqueue: sem count = 1
01-01 00:09:27.732  1933  1956 I LCMANDR : SWR_OOB_HV_MF_007|FUN=LifeCycleManagerService::sendPacketFromIntentService|Sending Data to Linux is successful( [65, 0, 0, 0, 9, 0, 2, 0, 1, 0, 5, 65, 65, 0, 0] )
01-01 00:09:27.732  1933  1956 I LCMANDR : SWR_OOB_HV_MF_005|FUN=LifeCycleManagerService::igcsendData| DATA SEND SUCCESSFULLY 
01-01 00:09:27.793  3675  5595 D UiScrollable: scrollToBeginning() on selector = UiSelector[SCROLLABLE=true]
01-01 00:09:27.793  3675  5595 D UiScrollable: scrollBackward() on selector = UiSelector[SCROLLABLE=true]
01-01 00:09:27.995   729   748 I sssv-lib: sendMsg enter
01-01 00:09:27.995   729   748 I sssv-lib: sendMsg complete.
01-01 00:09:28.252  3675  5595 I QueryController: Matched selector: UiSelector[SCROLLABLE=true] <<==>> [android.view.accessibility.AccessibilityNodeInfo@6f35fd; boundsInParent: Rect(0, 768 - 1332, 1657); boundsInScreen: Rect(305, 172 - 1637, 1061); packageName: com.panasonic.hmi2settings; className: android.widget.ScrollView; text: null; error: null; maxTextLength: -1; contentDescription: null; viewIdResName: com.panasonic.hmi2settings:id/scrollWifi; checkable: false; checked: false; focusable: true; focused: false; selected: false; clickable: false; longClickable: false; contextClickable: false; enabled: true; password: false; scrollable: true; importantForAccessibility: true; actions: [AccessibilityAction: ACTION_FOCUS - null, AccessibilityAction: ACTION_SELECT - null, AccessibilityAction: ACTION_CLEAR_SELECTION - null, AccessibilityAction: ACTION_ACCESSIBILITY_FOCUS - null, AccessibilityAction: ACTION_SCROLL_FORWARD - null, AccessibilityAction: ACTION_SCROLL_BACKWARD - null, AccessibilityAction: ACTION_SHOW_ON_SCREEN - null]]
01-01 00:09:28.252  3675  5595 D UiScrollable: scrollToBegining() using vertical scroll
01-01 00:09:28.253  3675  5595 D InteractionController: scrollSwipe (971, 260, 971, 973, 55)
01-01 00:09:28.320  3023  3023 I wpa_supplicant: CTRL-EVENT-SCAN-RESULTS Scan completed in 0.810721 seconds
01-01 00:09:28.321  3023  3023 I wpa_supplicant: wlan0: Trying to associate with SSID 'RSE_Test'
01-01 00:09:28.321  3023  3023 E wpa_supplicant: Notifying state change event to hidl control: 5
01-01 00:09:28.322   808   808 I wificond: Received external scan result notification from kernel.
01-01 00:09:28.322   921  1439 I LOWI-8.5.0.3.c: [LOWI-Scan] lowi_close_record:Scan completed in 548361ms and Recieved 45 APs scan results
01-01 00:09:28.322  1151  2229 D WificondControl: Scan result ready event
01-01 00:09:28.322  1151  1323 W AlarmManager: Unrecognized alarm listener com.android.server.wifi.scanner.WificondScannerImpl$3@207a0a6
01-01 00:09:28.323  1151  1323 I WifiService: isScanAlwaysAvailable uid=1000
