01-01 00:23:44.166  2677  2726 W ANDR_PERSISTENCY_CLIENT:  179      15 mmcblk0p15 30 0 240 0 0 0 0 0 0 0 0
01-01 00:23:44.166  2677  2726 W ANDR_PERSISTENCY_CLIENT:  179      16 mmcblk0p16 20 0 160 4 0 0 0 0 0 4 4
01-01 00:23:44.166  2677  2726 W ANDR_PERSISTENCY_CLIENT:  179      17 mmcblk0p17 20 0 160 8 0 0 0 0 0 8 8
01-01 00:23:44.166  2677  2726 W ANDR_PERSISTENCY_CLIENT:  179      18 mmcblk0p18 20 0 160 8 0 0 0 0 0 8 8
01-01 00:23:44.166  2677  2726 W ANDR_PERSISTENCY_CLIENT:  179      19 mmcblk0p19 20 0 160 0 0 0 0 0 0 0 0
01-01 00:23:44.166  2677  2726 W ANDR_PERSISTENCY_CLIENT:  179      20 mmcblk0p20 20 0 160 0 0 0 0 0 0 0 0
01-01 00:23:44.166  2677  2726 W ANDR_PERSISTENCY_CLIENT:  179      21 mmcblk0p21 20 0 160 4 0 0 0 0 0 4 4
01-01 00:23:44.166  2677  2726 W ANDR_PERSISTENCY_CLIENT:  179      22 mmcblk0p22 9 0 464 0 0 0 0 0 0 0 0
01-01 00:23:44.166  2677  2726 W ANDR_PERSISTENCY_CLIENT:  179      23 mmcblk0p23 18 0 144 0 0 0 0 0 0 0 0
01-01 00:23:44.166  2677  2726 W ANDR_PERSISTENCY_CLIENT:  179      24 mmcblk0p24 18 0 144 4 0 0 0 0 0 4 4
01-01 00:23:44.166  2677  2726 W ANDR_PERSISTENCY_CLIENT:  179      25 mmcblk0p25 22 0 176 4 0 0 0 0 0 4 4
01-01 00:23:44.166  2677  2726 W ANDR_PERSISTENCY_CLIENT:  179      26 mmcblk0p26 22 0 176 0 0 0 0 0 0 0 0
01-01 00:23:44.166  2677  2726 W ANDR_PERSISTENCY_CLIENT:  179      27 mmcblk0p27 40 0 4128 32 0 0 0 0 0 24 32
01-01 00:23:44.166  2677  2726 W ANDR_PERSISTENCY_CLIENT:  179      28 mmcblk0p28 40 0 4128 64 0 0 0 0 0 40 64
01-01 00:23:44.166  2677  2726 W ANDR_PERSISTENCY_CLIENT:  179      29 mmcblk0p29 17 0 4008 40 0 0 0 0 0 24 40
01-01 00:23:44.166  2677  2726 W ANDR_PERSISTENCY_CLIENT:  179      30 mmcblk0p30 4965 3 1997096 9172 0 0 0 0 0 6920 9168
01-01 00:23:44.166  2677  2726 W ANDR_PERSISTENCY_CLIENT:  179      31 mmcblk0p31 17 0 4008 36 0 0 0 0 0 20 36
01-01 00:23:44.166  2677  2726 W ANDR_PERSISTENCY_CLIENT:  259       0 mmcblk0p32 1390 0 348344 1740 0 0 0 0 0 1504 1732
01-01 00:23:44.166  2677  2726 W ANDR_PERSISTENCY_CLIENT:  259       1 mmcblk0p33 20 0 160 28 0 0 0 0 0 28 28
01-01 00:23:44.166  2677  2726 W ANDR_PERSISTENCY_CLIENT:  259       2 mmcblk0p34 20 0 160 20 0 0 0 0 0 20 20
01-01 00:23:44.166  2677  2726 W ANDR_PERSISTENCY_CLIENT:  259       3 mmcblk0p35 18 0 144 16 0 0 0 0 0 16 16
01-01 00:23:44.166  2677  2726 W ANDR_PERSISTENCY_CLIENT:  259       4 mmcblk0p36 18 0 144 8 0 0 0 0 0 8 8
01-01 00:23:44.166  2677  2726 W ANDR_PERSISTENCY_CLIENT:  259       5 mmcblk0p37 20 0 160 0 0 0 0 0 0 0 0
01-01 00:23:44.166  2677  2726 W ANDR_PERSISTENCY_CLIENT:  259       6 mmcblk0p38 20 0 160 0 0 0 0 0 0 0 0
01-01 00:23:44.166  2677  2726 W ANDR_PERSISTENCY_CLIENT:  259       7 mmcblk0p39 17 0 4008 12 0 0 0 0 0 8 12
01-01 00:23:44.166  2677  2726 W ANDR_PERSISTENCY_CLIENT:  259       8 mmcblk0p40 188 0 151072 516 0 0 0 0 0 464 516
01-01 00:23:44.166  2677  2726 W ANDR_PERSISTENCY_CLIENT:  259       9 mmcblk0p41 11 0 2000 12 0 0 0 0 0 8 12
01-01 00:23:44.166  2677  2726 W ANDR_PERSISTENCY_CLIENT:  259      10 mmcblk0p42 25 0 5152 28 0 0 0 0 0 16 28
01-01 00:23:44.166  2677  2726 W ANDR_PERSISTENCY_CLIENT:  259      11 mmcblk0p43 22 0 176 8 0 0 0 0 0 8 8
01-01 00:23:44.166  2677  2726 W ANDR_PERSISTENCY_CLIENT:  259      12 mmcblk0p44 32 0 1136 12 0 0 0 0 0 12 12
01-01 00:23:44.166  2677  2726 W ANDR_PERSISTENCY_CLIENT:  259      13 mmcblk0p45 1 0 2 0 0 0 0 0 0 0 0
01-01 00:23:44.166  2677  2726 W ANDR_PERSISTENCY_CLIENT:  259      14 mmcblk0p46 18 0 144 4 0 0 0 0 0 4 4
01-01 00:23:44.166  2677  2726 W ANDR_PERSISTENCY_CLIENT:  259      15 mmcblk0p47 18 0 144 0 0 0 0 0 0 0 0
01-01 00:23:44.166  2677  2726 W ANDR_PERSISTENCY_CLIENT:  259      16 mmcblk0p48 2 0 4 4 0 0 0 0 0 4 4
01-01 00:23:44.166  2677  2726 W ANDR_PERSISTENCY_CLIENT:  259      17 mmcblk0p49 11 0 2000 8 0 0 0 0 0 4 8
01-01 00:23:44.166  2677  2726 W ANDR_PERSISTENCY_CLIENT:  259      18 mmcblk0p50 22 0 176 0 0 0 0 0 0 0 0
01-01 00:23:44.166  2677  2726 W ANDR_PERSISTENCY_CLIENT:  259      19 mmcblk0p51 18 0 144 0 0 0 0 0 0 0 0
01-01 00:23:44.166  2677  2726 W ANDR_PERSISTENCY_CLIENT:  259      20 mmcblk0p52 3 0 168 4 0 0 0 0 0 4 4
01-01 00:23:44.166  2677  2726 W ANDR_PERSISTENCY_CLIENT:  259      21 mmcblk0p53 9 0 1256 0 0 0 0 0 0 0 0
01-01 00:23:44.166  2677  2726 W ANDR_PERSISTENCY_CLIENT:  259      22 mmcblk0p54 32 0 256 20 0 0 0 0 0 20 20
01-01 00:23:44.166  2677  2726 W ANDR_PERSISTENCY_CLIENT:  259      23 mmcblk0p55 20 0 2064 24 0 0 0 0 0 16 24
01-01 00:23:44.166  2677  2726 W ANDR_PERSISTENCY_CLIENT:  259      24 mmcblk0p56 2788 113 261454 6436 653 359 14800 892 0 2672 7328
01-01 00:23:44.166  2677  2726 W ANDR_PERSISTENCY_CLIENT:  259      25 mmcblk0p57 23 0 2504 16 9 8 136 16 0 28 32
01-01 00:23:44.166  2677  2726 W ANDR_PERSISTENCY_CLIENT:  259      26 mmcblk0p58 229 0 61048 292 1463 22390 190824 6360 0 4616 6648
01-01 00:23:44.166  2677  2726 W ANDR_PERSISTENCY_CLIENT:  259      27 mmcblk0p59 523 157 28472 336 261 241 44756 1948 0 584 2284
01-01 00:23:44.166  2677  2726 W ANDR_PERSISTENCY_CLIENT:  259      28 mmcblk0p60 1 0 2 0 0 0 0 0 0 0 0
01-01 00:23:44.166  2677  2726 W ANDR_PERSISTENCY_CLIENT:  259      29 mmcblk0p61 5 0 432 8 0 0 0 0 0 8 8
01-01 00:23:44.166  2677  2726 W ANDR_PERSISTENCY_CLIENT:  259      30 mmcblk0p62 12 2 106 32 0 0 0 0 0 32 32
01-01 00:23:44.166  2677  2726 W ANDR_PERSISTENCY_CLIENT:  259      31 mmcblk0p63 18 0 144 4 0 0 0 0 0 4 4
01-01 00:23:44.166  2677  2726 W ANDR_PERSISTENCY_CLIENT:  259      32 mmcblk0p64 18 0 144 4 0 0 0 0 0 4 4
01-01 00:23:44.166  2677  2726 W ANDR_PERSISTENCY_CLIENT:  259      33 mmcblk0p65 20 0 160 8 0 0 0 0 0 0 0
01-01 00:23:44.166  2677  2726 W ANDR_PERSISTENCY_CLIENT:  259      34 mmcblk0p66 30 0 240 0 0 0 0 0 0 0 0
01-01 00:23:44.166  2677  2726 W ANDR_PERSISTENCY_CLIENT:  259      35 mmcblk0p67 224 0 5722 116 85 109 1576 72 0 124 188
01-01 00:23:44.166  2677  2726 W ANDR_PERSISTENCY_CLIENT:  259      36 mmcblk0p68 3066 1 578591 3620 13303 409222 422882 20520 0 18168 24104
01-01 00:23:44.166  2677  2726 W ANDR_PERSISTENCY_CLIENT:  179      32 mmcblk0rpmb 4 0 32 0 0 0 0 0 0 0 0
01-01 00:23:44.166  2677  2726 W ANDR_PERSISTENCY_CLIENT: ;command=cat /proc/diskstats
01-01 00:23:44.166  2677  2726 W ANDR_PERSISTENCY_CLIENT: SWR_PERSISTENCE_HV_LA_MF_0005|FUN=TCPHandler::handleInBoundData|2|msg:command=cat /proc/diskstats
01-01 00:23:44.166  2677  2726 W ANDR_PERSISTENCY_CLIENT: SWR_PERSISTENCE_HV_LA_MF_0005|FUN=TCPHandler:: handleInBoundData |2| remove key 
01-01 00:23:44.167  2145  2145 D HMI_SERVICE: USE_CASE_NA|FUN=StoragedJobIntentService::onReceiveResult|1|received
01-01 00:23:44.168  2145  2145 D HMI_SERVICE: USE_CASE_NA|FUN=StoragedJobIntentService::doAppMonitor|1|init
01-01 00:23:44.168  2145  2145 D HMI_SERVICE: USE_CASE_NA|FUN=StoragedJobIntentService::lifeTimeMonitor|1|init
01-01 00:23:44.168  2145  2145 D HMI_SERVICE: USE_CASE_NA|FUN=StoragedJobIntentService::doAppMonitor|1|init
01-01 00:23:44.168  2145  2145 D HMI_SERVICE: USE_CASE_NA|FUN=StoragedJobIntentService::lifeTimeMonitor|1|init
01-01 00:23:44.169  2145  2145 D HMI_SERVICE: USE_CASE_NA|FUN=StoragedJobIntentService::doAppMonitor|1|init
01-01 00:23:44.169  2145  2145 D HMI_SERVICE: USE_CASE_NA|FUN=StoragedJobIntentService::lifeTimeMonitor|1|init
01-01 00:23:44.169  2145  2145 D HMI_SERVICE: USE_CASE_NA|FUN=StoragedJobIntentService::doAppMonitor|1|init
01-01 00:23:44.169  2145  2145 D HMI_SERVICE: USE_CASE_NA|FUN=StoragedJobIntentService::lifeTimeMonitorBaiduApps|1|init
01-01 00:23:44.169  2145  2145 D HMI_SERVICE: USE_CASE_NA|FUN=StoragedJobIntentService::onReceiveResult|1|continousWrite345902080
01-01 00:23:44.170  2677  2726 W ANDR_PERSISTENCY_CLIENT: SWR_PERSISTENCE_HV_LA_MF_0005|FUN=TCPHandler::sendResponseToSettings|2|msg:send=3833
01-01 00:23:44.247  3675  9273 I QueryController: Matched selector: UiSelector[SCROLLABLE=true, CHILD=UiSelector[TEXT=RSE_Test]] <<==>> [android.view.accessibility.AccessibilityNodeInfo@15d7c26; boundsInParent: Rect(0, 0 - 1078, 77); boundsInScreen: Rect(354, 492 - 1431, 569); packageName: com.panasonic.hmi2settings; className: android.widget.TextView; text: RSE_Test; error: null; maxTextLength: -1; contentDescription: null; viewIdResName: com.panasonic.hmi2settings:id/wifiName; checkable: false; checked: false; focusable: false; focused: false; selected: false; clickable: false; longClickable: false; contextClickable: false; enabled: true; password: false; scrollable: false; importantForAccessibility: true; actions: [AccessibilityAction: ACTION_SELECT - null, AccessibilityAction: ACTION_CLEAR_SELECTION - null, AccessibilityAction: ACTION_ACCESSIBILITY_FOCUS - null, AccessibilityAction: ACTION_NEXT_AT_MOVEMENT_GRANULARITY - null, AccessibilityAction: ACTION_PREVIOUS_AT_MOVEMENT_GRANULARITY - null, AccessibilityAction: ACTION_SET_SELECTION - null, AccessibilityAction: ACTION_SHOW_ON_SCREEN - null]]
01-01 00:23:44.257  3675  9275 D UIAutomatorStub: URI: /jsonrpc/0, Method: POST, Header: {content-length=176, remote-addr=127.0.0.1, http-client-ip=127.0.0.1, host=localhost:9009, content-type=application/json, connection=close, accept-encoding=identity, user-agent=Python-urllib/2.7}, params, {NanoHttpd.QUERY_STRING=null}, files: {postData={"params": [{"childOrSiblingSelector": [], "text": "RSE_Test", "mask": 1, "childOrSibling": []}], "jsonrpc": "2.0", "method": "click", "id": "2f470252e7fa813d7a9a9fa79a174b71"}}
01-01 00:23:44.324  3675  9276 D UIAutomatorStub: URI: /jsonrpc/0, Method: POST, Header: {content-length=213, remote-addr=127.0.0.1, http-client-ip=127.0.0.1, host=localhost:9009, content-type=application/json, connection=close, accept-encoding=identity, user-agent=Python-urllib/2.7}, params, {NanoHttpd.QUERY_STRING=null}, files: {postData={"params": [{"childOrSiblingSelector": [], "className": "android.widget.EditText", "mask": 16, "childOrSibling": []}, "Secure7@55"], "jsonrpc": "2.0", "method": "setText", "id": "c50f34aaa4a0c0969f57ff3a7f225cdc"}}
01-01 00:23:44.336  3739  3739 W HMI2-SETTINGS - CI08.4: className -> WifiAdapter | functionName -> onBindViewHolder | value -> allWifiList.get(position).getSecurityType() : wifiNametrue
01-01 00:23:44.336  3739  3739 W HMI2-SETTINGS - CI08.4: className -> WifiActivity | functionName -> onWifiClick | value -> getSecurityType ->true
01-01 00:23:44.342  3739  3739 D View    : setSystemUiVisibility: creating intent for action ACTION_ACTIVITY_FULLSCREEN
01-01 00:23:44.343  3739  3739 W ContextImpl: Calling a method in the system process without a qualified user: android.app.ContextImpl.startService:1476 android.content.ContextWrapper.startService:650 android.view.View.setSystemUiVisibility:22653 com.panasonic.hmi2settings.activity.WifiActivity.connectToWifi:1215 com.panasonic.hmi2settings.activity.WifiActivity.onWifiClick:522 
01-01 00:23:44.345  1151  4493 D CompatibilityInfo: mCompatibilityFlags - 4
01-01 00:23:44.345  1151  4493 D CompatibilityInfo: applicationDensity - 240
01-01 00:23:44.345  1151  4493 D CompatibilityInfo: applicationScale - 1.0
01-01 00:23:44.346  3739  3739 D View    : setSystemUiVisibility: startService done
01-01 00:23:44.349  1392  1392 W SYSTEM_UI: SWR_SYSTEM_UI_007|FUN=CollapsedStatusBarFragment::getAction |1|Broadcast action --> STATUS_UPDATE_ACTION
01-01 00:23:44.349  1392  1392 W SYSTEM_UI: SWR_SYSTEM_UI_007|FUN=CollapsedStatusBarFragment::getIntExtra |1|NotifySystemUpdates dataType --> 101
01-01 00:23:44.349  1392  1392 W SYSTEM_UI - CI07.3: className -> CollapsedStatusBarFragment | functionName -> NotifySystemUpdates | onReceive -->  | value -> FULLSCREEN MODE CHANGED | isFullScreenStatus --> false | fullScreenPackage -->com.panasonic.hmi2settings | fullscreenLastShownPackage -->null | topActivityPackage --> com.panasonic.hmi2settings
01-01 00:23:44.349  1392  1392 W SYSTEM_UI - CI07.3: className -> CollapsedStatusBarFragment | functionName -> NotifySystemUpdates | onReceive -->  | value -> Fullscreen mode changed --> path 5
01-01 00:23:44.351   635   635 E ANDR-PERF-TARGET: Error: Invalid logical cluster id 0
01-01 00:23:44.351   635   635 E ANDR-PERF-MPCTL: invalid request, no optimizations performed
01-01 00:23:44.354  1151  4493 D WindowManager: addToDisplay >>> FLAG_FULLSCREEN not set in WindowManager.LayoutParams
01-01 00:23:44.354  1151  4493 D WindowManager: startStatusReceiverServiceOnFlagSet: creating intent for action ACTION_ACTIVITY_FULLSCREEN
01-01 00:23:44.354  1151  4493 W ContextImpl: Calling a method in the system process without a qualified user: android.app.ContextImpl.startService:1476 com.android.server.wm.Session.startStatusReceiverServiceOnFlagSet:762 com.android.server.wm.Session.addToDisplay:217 android.view.IWindowSession$Stub.onTransact:124 com.android.server.wm.Session.onTransact:166 
01-01 00:23:44.355  1151  4493 D CompatibilityInfo: mCompatibilityFlags - 4
01-01 00:23:44.355  1151  4493 D CompatibilityInfo: applicationDensity - 240
01-01 00:23:44.355  1151  4493 D CompatibilityInfo: applicationScale - 1.0
01-01 00:23:44.355  1151  4493 D WindowManager: startStatusReceiverServiceOnFlagSet: startService done
01-01 00:23:44.359  3739  3739 W HMI2-SETTINGS: SWR_BAIDU_HMI_0015|FUN=WifiActivity::addView|0|Display password enter dialog with addView method.
01-01 00:23:44.359  3739  3739 W HMI2-SETTINGS: SWR_BAIDU_HMI_0027|FUN=WifiActivity::addView|0|Display password enter dialog with addView method.
01-01 00:23:44.359  1392  1392 W SYSTEM_UI: SWR_SYSTEM_UI_007|FUN=CollapsedStatusBarFragment::getAction |1|Broadcast action --> STATUS_UPDATE_ACTION
01-01 00:23:44.360  1392  1392 W SYSTEM_UI: SWR_SYSTEM_UI_007|FUN=CollapsedStatusBarFragment::getIntExtra |1|NotifySystemUpdates dataType --> 101
01-01 00:23:44.360  1392  1392 W SYSTEM_UI - CI07.3: className -> CollapsedStatusBarFragment | functionName -> NotifySystemUpdates | onReceive -->  | value -> FULLSCREEN MODE CHANGED | isFullScreenStatus --> false | fullScreenPackage -->com.panasonic.hmi2settings | fullscreenLastShownPackage -->null | topActivityPackage --> com.panasonic.hmi2settings
01-01 00:23:44.360  1392  1392 W SYSTEM_UI - CI07.3: className -> CollapsedStatusBarFragment | functionName -> NotifySystemUpdates | onReceive -->  | value -> Fullscreen mode changed --> path 5
01-01 00:23:44.360  3739  3739 W HMI2-SETTINGS - CI08.4: className -> WifiActivity | functionName -> setOnFocusChangeListener :   | value -> hasFocus:true
01-01 00:23:44.363  1151  8140 D mEnabledInputMethodsStrCache: com.android.inputmethods.latin/.LatinIME
01-01 00:23:44.364  1151  8140 D systemLanguageCode: en__GB
01-01 00:23:44.364  1151  8140 D mEnabledInputMethodsStrCache: com.android.inputmethods.latin/.LatinIME
01-01 00:23:44.364  1151  1422 D mEnabledInputMethodsStrCache: com.android.inputmethods.latin/.LatinIME
01-01 00:23:44.364  1151  1422 D systemLanguageCode: en__GB
01-01 00:23:44.364  1151  1422 D mEnabledInputMethodsStrCache: com.android.inputmethods.latin/.LatinIME
01-01 00:23:44.365  1151  2229 D mEnabledInputMethodsStrCache: com.android.inputmethods.latin/.LatinIME
01-01 00:23:44.366  1151  2229 D systemLanguageCode: en__GB
01-01 00:23:44.366  1151  2229 D mEnabledInputMethodsStrCache: com.android.inputmethods.latin/.LatinIME
01-01 00:23:44.367  1151  2229 D mEnabledInputMethodsStrCache: com.android.inputmethods.latin/.LatinIME
01-01 00:23:44.367  1151  2229 D systemLanguageCode: en__GB
01-01 00:23:44.367  1151  2229 D mEnabledInputMethodsStrCache: com.android.inputmethods.latin/.LatinIME
01-01 00:23:44.367  1151  2229 D mEnabledInputMethodsStrCache: com.android.inputmethods.latin/.LatinIME
01-01 00:23:44.367  1151  2229 D systemLanguageCode: en__GB
01-01 00:23:44.368  1151  2229 D mEnabledInputMethodsStrCache: com.android.inputmethods.latin/.LatinIME
01-01 00:23:44.368  1151  2229 D mEnabledInputMethodsStrCache: com.android.inputmethods.latin/.LatinIME
01-01 00:23:44.368  1151  2229 D systemLanguageCode: en__GB
01-01 00:23:44.368  1151  2229 D mEnabledInputMethodsStrCache: com.android.inputmethods.latin/.LatinIME
01-01 00:23:44.368  1379  1379 I LatinIME: SWR_HMISERVICE_SPELLER_MF_001||FUN=onStartInputViewInternal || 1 || Starting input. Cursor position = -1,-1
01-01 00:23:44.374  1151  8140 D WindowManager: relayout packageName=com.panasonic.hmi2settings::session=Session{c47ecfc 3739:1000}::window=android.view.IWindow$Stub$Proxy@3c8b8b0::attrs.flags=1000100
01-01 00:23:44.375  1151  8140 D WindowManager: relayout >>> FLAG_FULLSCREEN not set in WindowManager.LayoutParams
01-01 00:23:44.375  1151  8140 D WindowManager: startStatusReceiverServiceOnFlagSet: creating intent for action ACTION_ACTIVITY_FULLSCREEN
01-01 00:23:44.375  1151  8140 W ContextImpl: Calling a method in the system process without a qualified user: android.app.ContextImpl.startService:1476 com.android.server.wm.Session.startStatusReceiverServiceOnFlagSet:762 com.android.server.wm.Session.relayout:276 android.view.IWindowSession$Stub.onTransact:286 com.android.server.wm.Session.onTransact:166 
01-01 00:23:44.376  1151  8140 D CompatibilityInfo: mCompatibilityFlags - 4
01-01 00:23:44.376  1151  8140 D CompatibilityInfo: applicationDensity - 240
01-01 00:23:44.376  1151  8140 D CompatibilityInfo: applicationScale - 1.0
01-01 00:23:44.376  1151  8140 D WindowManager: startStatusReceiverServiceOnFlagSet: startService done
01-01 00:23:44.387  1392  1392 W SYSTEM_UI: SWR_SYSTEM_UI_007|FUN=CollapsedStatusBarFragment::getAction |1|Broadcast action --> STATUS_UPDATE_ACTION
01-01 00:23:44.387  1392  1392 W SYSTEM_UI: SWR_SYSTEM_UI_007|FUN=CollapsedStatusBarFragment::getIntExtra |1|NotifySystemUpdates dataType --> 101
01-01 00:23:44.387  1392  1392 W SYSTEM_UI - CI07.3: className -> CollapsedStatusBarFragment | functionName -> NotifySystemUpdates | onReceive -->  | value -> FULLSCREEN MODE CHANGED | isFullScreenStatus --> false | fullScreenPackage -->com.panasonic.hmi2settings | fullscreenLastShownPackage -->null | topActivityPackage --> com.panasonic.hmi2settings
01-01 00:23:44.387  1392  1392 W SYSTEM_UI - CI07.3: className -> CollapsedStatusBarFragment | functionName -> NotifySystemUpdates | onReceive -->  | value -> Fullscreen mode changed --> path 5
01-01 00:23:44.400  3675  9276 W ByMatcher: Node returned null child: android.view.accessibility.AccessibilityNodeInfo@7442; boundsInParent: Rect(0, 0 - 1920, 104); boundsInScreen: Rect(0, 0 - 1920, 104); packageName: com.android.systemui; className: android.widget.FrameLayout; text: null; error: null; maxTextLength: -1; contentDescription: null; viewIdResName: null; checkable: false; checked: false; focusable: false; focused: false; selected: false; clickable: false; longClickable: false; contextClickable: false; enabled: true; password: false; scrollable: false; importantForAccessibility: true; actions: [AccessibilityAction: ACTION_SELECT - null, AccessibilityAction: ACTION_CLEAR_SELECTION - null, AccessibilityAction: ACTION_ACCESSIBILITY_FOCUS - null, AccessibilityAction: ACTION_SHOW_ON_SCREEN - null]
01-01 00:23:44.400  3675  9276 W ByMatcher: Skipping null child (0 of 4)
01-01 00:23:44.402  3675  9276 W ByMatcher: Skipping null child (1 of 4)
01-01 00:23:44.404  3675  9276 W ByMatcher: Skipping null child (2 of 4)
01-01 00:23:44.404  3675  9276 W ByMatcher: Skipping null child (3 of 4)
01-01 00:23:44.406  3675  9276 W ByMatcher: Node returned null child: android.view.accessibility.AccessibilityNodeInfo@7442; boundsInParent: Rect(0, 0 - 1920, 104); boundsInScreen: Rect(0, 0 - 1920, 104); packageName: com.android.systemui; className: android.widget.FrameLayout; text: null; error: null; maxTextLength: -1; contentDescription: null; viewIdResName: null; checkable: false; checked: false; focusable: false; focused: false; selected: false; clickable: false; longClickable: false; contextClickable: false; enabled: true; password: false; scrollable: false; importantForAccessibility: true; actions: [AccessibilityAction: ACTION_SELECT - null, AccessibilityAction: ACTION_CLEAR_SELECTION - null, AccessibilityAction: ACTION_ACCESSIBILITY_FOCUS - null, AccessibilityAction: ACTION_SHOW_ON_SCREEN - null]
01-01 00:23:44.406  3675  9276 W ByMatcher: Skipping null child (0 of 4)
01-01 00:23:44.407  3675  9276 W ByMatcher: Skipping null child (1 of 4)
01-01 00:23:44.408  3675  9276 W ByMatcher: Skipping null child (2 of 4)
01-01 00:23:44.409  3675  9276 W ByMatcher: Skipping null child (3 of 4)
01-01 00:23:44.410  3675  9276 W ByMatcher: Node returned null child: android.view.accessibility.AccessibilityNodeInfo@80006e2a; boundsInParent: Rect(0, 0 - 1920, 1080); boundsInScreen: Rect(0, 0 - 1920, 1080); packageName: com.panasonic.hmi2settings; className: android.widget.FrameLayout; text: null; error: null; maxTextLength: -1; contentDescription: null; viewIdResName: null; checkable: false; checked: false; focusable: false; focused: false; selected: false; clickable: false; longClickable: false; contextClickable: false; enabled: true; password: false; scrollable: false; importantForAccessibility: true; actions: [AccessibilityAction: ACTION_SELECT - null, AccessibilityAction: ACTION_CLEAR_SELECTION - null, AccessibilityAction: ACTION_ACCESSIBILITY_FOCUS - null, AccessibilityAction: ACTION_SHOW_ON_SCREEN - null]
01-01 00:23:44.416  3675  9276 W ByMatcher: Skipping null child (0 of 1)
01-01 00:23:44.418  3675  9276 W ByMatcher: Node returned null child: android.view.accessibility.AccessibilityNodeInfo@80006e2a; boundsInParent: Rect(0, 0 - 1920, 1080); boundsInScreen: Rect(0, 0 - 1920, 1080); packageName: com.panasonic.hmi2settings; className: android.widget.FrameLayout; text: null; error: null; maxTextLength: -1; contentDescription: null; viewIdResName: null; checkable: false; checked: false; focusable: false; focused: false; selected: false; clickable: false; longClickable: false; contextClickable: false; enabled: true; password: false; scrollable: false; importantForAccessibility: true; actions: [AccessibilityAction: ACTION_SELECT - null, AccessibilityAction: ACTION_CLEAR_SELECTION - null, AccessibilityAction: ACTION_ACCESSIBILITY_FOCUS - null, AccessibilityAction: ACTION_SHOW_ON_SCREEN - null]
01-01 00:23:44.418  3675  9276 W ByMatcher: Skipping null child (0 of 1)
01-01 00:23:44.449  1379  1379 I InputAttributes: InputType.TYPE_NULL is specified
01-01 00:23:44.453  1151  1422 D mEnabledInputMethodsStrCache: com.android.inputmethods.latin/.LatinIME
01-01 00:23:44.453  1151  1422 D systemLanguageCode: en__GB
01-01 00:23:44.453  1151  1422 D mEnabledInputMethodsStrCache: com.android.inputmethods.latin/.LatinIME
01-01 00:23:44.455  1379  1379 V KeyboardState: onLoadKeyboard: [keyboard=UNSHIFTED shift=RELEASING symbol=RELEASING switch=ALPHA] autoCapsFlags=none recapitalizeMode=undefined
01-01 00:23:44.455  1379  1379 D KeyboardState: setAlphabetKeyboard: [keyboard=UNSHIFTED shift=RELEASING symbol=RELEASING switch=ALPHA] autoCapsFlags=none recapitalizeMode=undefined
01-01 00:23:44.455  1379  1379 D KeyboardSwitcher: setAlphabetKeyboard
01-01 00:23:44.458  1151  1422 D mEnabledInputMethodsStrCache: com.android.inputmethods.latin/.LatinIME
01-01 00:23:44.458  1151  1422 D systemLanguageCode: en__GB
01-01 00:23:44.458  1151  1422 D mEnabledInputMethodsStrCache: com.android.inputmethods.latin/.LatinIME
01-01 00:23:44.459  1379  1379 D KeyboardSwitcher: requestUpdatingShiftState:  autoCapsFlags=none recapitalizeMode=undefined
01-01 00:23:44.459  1379  1379 D KeyboardState: onUpdateShiftState: [keyboard=UNSHIFTED shift=RELEASING symbol=RELEASING switch=ALPHA] autoCapsFlags=none recapitalizeMode=undefined
01-01 00:23:44.459  1379  1379 D KeyboardState: setShifted: shiftMode=UNSHIFT [keyboard=UNSHIFTED shift=RELEASING symbol=RELEASING switch=ALPHA]
01-01 00:23:44.459  1151  1422 D mEnabledInputMethodsStrCache: com.android.inputmethods.latin/.LatinIME
01-01 00:23:44.459  1151  1422 D systemLanguageCode: en__GB
01-01 00:23:44.459  1151  1422 D mEnabledInputMethodsStrCache: com.android.inputmethods.latin/.LatinIME
01-01 00:23:44.460  1151  1422 D mEnabledInputMethodsStrCache: com.android.inputmethods.latin/.LatinIME
01-01 00:23:44.460  1151  1422 D systemLanguageCode: en__GB
01-01 00:23:44.460  1151  1422 D mEnabledInputMethodsStrCache: com.android.inputmethods.latin/.LatinIME
01-01 00:23:44.461  1379  1379 I NuanceUtil: Language text: en_GB, Language code: 5
01-01 00:23:44.461  1379  1379 I NuanceLog: Active Language: ET9LIDEnglish_UK
01-01 00:23:44.461  1379  1379 I NuanceLog: Active LDB: /system/etc/RSESpeller/configs/LDBs/v13.1.0/englishuk/ENubUNUK_xt9_ALM3.ldb
01-01 00:23:44.462  1379  1379 I LatinIME: Nuance API Initialized successfully
01-01 00:23:44.462  1379  1379 I LatinIME: Suggestion strip view visibility gone
01-01 00:23:44.462  1151  1422 D mEnabledInputMethodsStrCache: com.android.inputmethods.latin/.LatinIME
01-01 00:23:44.462  1151  1422 D systemLanguageCode: en__GB
01-01 00:23:44.463  1151  1422 D mEnabledInputMethodsStrCache: com.android.inputmethods.latin/.LatinIME
01-01 00:23:44.463  1151  1422 D mEnabledInputMethodsStrCache: com.android.inputmethods.latin/.LatinIME
01-01 00:23:44.463  1151  1422 D systemLanguageCode: en__GB
01-01 00:23:44.463  1151  1422 D mEnabledInputMethodsStrCache: com.android.inputmethods.latin/.LatinIME
01-01 00:23:44.464  1151  1422 D mEnabledInputMethodsStrCache: com.android.inputmethods.latin/.LatinIME
01-01 00:23:44.464  1151  1422 D systemLanguageCode: en__GB
01-01 00:23:44.464  1151  1422 D mEnabledInputMethodsStrCache: com.android.inputmethods.latin/.LatinIME
01-01 00:23:44.465  1151  1422 D mEnabledInputMethodsStrCache: com.android.inputmethods.latin/.LatinIME
01-01 00:23:44.465  1151  1422 D systemLanguageCode: en__GB
01-01 00:23:44.465  1151  1422 D mEnabledInputMethodsStrCache: com.android.inputmethods.latin/.LatinIME
01-01 00:23:44.466  1151  1422 D WindowManager: relayout packageName=com.android.inputmethods.latin::session=Session{ca2ba78 1379:1000}::window=android.view.IWindow$Stub$Proxy@97ffc4f::attrs.flags=800108
01-01 00:23:44.467  1151  1422 D WindowManager: relayout >>> FLAG_FULLSCREEN not set in WindowManager.LayoutParams
01-01 00:23:44.467  1151  1422 D WindowManager: startStatusReceiverServiceOnFlagSet: creating intent for action ACTION_ACTIVITY_FULLSCREEN
01-01 00:23:44.467  1151  1422 W ContextImpl: Calling a method in the system process without a qualified user: android.app.ContextImpl.startService:1476 com.android.server.wm.Session.startStatusReceiverServiceOnFlagSet:762 com.android.server.wm.Session.relayout:276 android.view.IWindowSession$Stub.onTransact:286 com.android.server.wm.Session.onTransact:166 
01-01 00:23:44.470  1151  1422 D CompatibilityInfo: mCompatibilityFlags - 4
01-01 00:23:44.470  1151  1422 D CompatibilityInfo: applicationDensity - 240
01-01 00:23:44.470  1151  1422 D CompatibilityInfo: applicationScale - 1.0
01-01 00:23:44.470  1151  1422 D WindowManager: startStatusReceiverServiceOnFlagSet: startService done
01-01 00:23:44.475  1392  1392 W SYSTEM_UI: SWR_SYSTEM_UI_007|FUN=CollapsedStatusBarFragment::getAction |1|Broadcast action --> STATUS_UPDATE_ACTION
01-01 00:23:44.475  1392  1392 W SYSTEM_UI: SWR_SYSTEM_UI_007|FUN=CollapsedStatusBarFragment::getIntExtra |1|NotifySystemUpdates dataType --> 101
01-01 00:23:44.475  1392  1392 W SYSTEM_UI - CI07.3: className -> CollapsedStatusBarFragment | functionName -> NotifySystemUpdates | onReceive -->  | value -> FULLSCREEN MODE CHANGED | isFullScreenStatus --> false | fullScreenPackage -->com.android.inputmethods.latin | fullscreenLastShownPackage -->null | topActivityPackage --> com.panasonic.hmi2settings
01-01 00:23:44.476  1392  1392 W SYSTEM_UI - CI07.3: className -> CollapsedStatusBarFragment | functionName -> NotifySystemUpdates | onReceive -->  | value -> Fullscreen mode changed --> path 0
01-01 00:23:44.488  1151  2229 D mEnabledInputMethodsStrCache: com.android.inputmethods.latin/.LatinIME
01-01 00:23:44.488  1151  2229 D systemLanguageCode: en__GB
01-01 00:23:44.488  1151  2229 D mEnabledInputMethodsStrCache: com.android.inputmethods.latin/.LatinIME
01-01 00:23:44.490  1151  2229 D mEnabledInputMethodsStrCache: com.android.inputmethods.latin/.LatinIME
01-01 00:23:44.490  1151  2229 D systemLanguageCode: en__GB
01-01 00:23:44.490  1151  2229 D mEnabledInputMethodsStrCache: com.android.inputmethods.latin/.LatinIME
01-01 00:23:44.490  1151  2229 D mEnabledInputMethodsStrCache: com.android.inputmethods.latin/.LatinIME
01-01 00:23:44.490  1151  2229 D systemLanguageCode: en__GB
01-01 00:23:44.491  1151  2229 D mEnabledInputMethodsStrCache: com.android.inputmethods.latin/.LatinIME
01-01 00:23:44.491  1151  2229 D mEnabledInputMethodsStrCache: com.android.inputmethods.latin/.LatinIME
01-01 00:23:44.491  1151  2229 D systemLanguageCode: en__GB
01-01 00:23:44.491  1151  2229 D mEnabledInputMethodsStrCache: com.android.inputmethods.latin/.LatinIME
01-01 00:23:44.491  1151  2229 D mEnabledInputMethodsStrCache: com.android.inputmethods.latin/.LatinIME
01-01 00:23:44.492  1151  2229 D systemLanguageCode: en__GB
01-01 00:23:44.492  1151  2229 D mEnabledInputMethodsStrCache: com.android.inputmethods.latin/.LatinIME
01-01 00:23:44.493  1379  1379 I LatinIME: SWR_HMISERVICE_SPELLER_MF_001||FUN=onStartInputViewInternal || 1 || Starting input. Cursor position = 0,0
01-01 00:23:44.523  1151  2229 D mEnabledInputMethodsStrCache: com.android.inputmethods.latin/.LatinIME
01-01 00:23:44.523  1151  2229 D systemLanguageCode: en__GB
01-01 00:23:44.523  1151  2229 D mEnabledInputMethodsStrCache: com.android.inputmethods.latin/.LatinIME
01-01 00:23:44.525  1379  1379 V KeyboardState: onLoadKeyboard: [keyboard=UNSHIFTED shift=RELEASING symbol=RELEASING switch=ALPHA] autoCapsFlags=none recapitalizeMode=undefined
01-01 00:23:44.526  1379  1379 D KeyboardState: setAlphabetKeyboard: [keyboard=UNSHIFTED shift=RELEASING symbol=RELEASING switch=ALPHA] autoCapsFlags=none recapitalizeMode=undefined
01-01 00:23:44.526  1379  1379 D KeyboardSwitcher: setAlphabetKeyboard
01-01 00:23:44.526  1151  8140 D mEnabledInputMethodsStrCache: com.android.inputmethods.latin/.LatinIME
01-01 00:23:44.526  1151  8140 D systemLanguageCode: en__GB
01-01 00:23:44.526  1151  8140 D mEnabledInputMethodsStrCache: com.android.inputmethods.latin/.LatinIME
01-01 00:23:44.527  1379  1379 D KeyboardSwitcher: requestUpdatingShiftState:  autoCapsFlags=none recapitalizeMode=undefined
01-01 00:23:44.527  1379  1379 D KeyboardState: onUpdateShiftState: [keyboard=UNSHIFTED shift=RELEASING symbol=RELEASING switch=ALPHA] autoCapsFlags=none recapitalizeMode=undefined
01-01 00:23:44.527  1379  1379 D KeyboardState: setShifted: shiftMode=UNSHIFT [keyboard=UNSHIFTED shift=RELEASING symbol=RELEASING switch=ALPHA]
01-01 00:23:44.527  1151  8140 D mEnabledInputMethodsStrCache: com.android.inputmethods.latin/.LatinIME
01-01 00:23:44.527  1151  8140 D systemLanguageCode: en__GB
01-01 00:23:44.527  1151  8140 D mEnabledInputMethodsStrCache: com.android.inputmethods.latin/.LatinIME
01-01 00:23:44.528  1151  8140 D mEnabledInputMethodsStrCache: com.android.inputmethods.latin/.LatinIME
01-01 00:23:44.528  1151  8140 D systemLanguageCode: en__GB
01-01 00:23:44.528  1151  8140 D mEnabledInputMethodsStrCache: com.android.inputmethods.latin/.LatinIME
01-01 00:23:44.529  1379  1379 I NuanceUtil: Language text: en_GB, Language code: 5
01-01 00:23:44.529  1379  1379 I NuanceLog: Active Language: ET9LIDEnglish_UK
01-01 00:23:44.529  1379  1379 I NuanceLog: Active LDB: /system/etc/RSESpeller/configs/LDBs/v13.1.0/englishuk/ENubUNUK_xt9_ALM3.ldb
01-01 00:23:44.529  1379  1379 I LatinIME: Nuance API Initialized successfully
01-01 00:23:44.529  1379  1379 I LatinIME: Suggestion strip view visibility gone
01-01 00:23:44.530  1151  8140 D mEnabledInputMethodsStrCache: com.android.inputmethods.latin/.LatinIME
01-01 00:23:44.530  1151  8140 D systemLanguageCode: en__GB
01-01 00:23:44.530  1151  8140 D mEnabledInputMethodsStrCache: com.android.inputmethods.latin/.LatinIME
01-01 00:23:44.530  1151  8140 D mEnabledInputMethodsStrCache: com.android.inputmethods.latin/.LatinIME
01-01 00:23:44.530  1151  8140 D systemLanguageCode: en__GB
01-01 00:23:44.530  1151  8140 D mEnabledInputMethodsStrCache: com.android.inputmethods.latin/.LatinIME
01-01 00:23:44.872  1933  1933 W LCMANDR : SWR_OOB_HV_MF_009|FUN=MonitoringTimer::checkStatus|memoryInfo.availMem[MB] = 5028
01-01 00:23:44.895   729   748 I sssv-lib: sendMsg enter
01-01 00:23:44.895   729   748 I sssv-lib: sendMsg complete.
01-01 00:23:44.940  1933  1933 I LCMANDR : SWR_OOB_HV_MF_009|FUN=ResourceMonitoringService::movingMemoryAverage|2|Moving memory average :27.277277
01-01 00:23:44.941  1933  1933 W LCMANDR : SWR_OOB_HV_MF_009|FUN=ResourceMonitoringService::getCpuUsageStatistic|Moving MEM AVG :::::::::27.277277
01-01 00:23:44.942  1933  1933 W LCMANDR : SWR_OOB_HV_MF_009|FUN=ResourceMonitoringService::getCpuUsageStatistic|2|Total cpu usage :30.612246
01-01 00:23:44.942  1933  1933 I LCMANDR : SWR_OOB_HV_MF_009|FUN=ResourceMonitoringService::getCpuUsageStatistic|Cpu usage of core  0 is36.486485
01-01 00:23:44.942  1933  1933 I LCMANDR : SWR_OOB_HV_MF_009|FUN=ResourceMonitoringService::getCpuUsageStatistic|Cpu usage of core  1 is30.479452
01-01 00:23:44.942  1933  1933 I LCMANDR : SWR_OOB_HV_MF_009|FUN=ResourceMonitoringService::getCpuUsageStatistic|Cpu usage of core  2 is24.829931
01-01 00:23:44.942  1933  1933 I LCMANDR : ResourceMonitoringService::movingCpuAverage()
01-01 00:23:44.942  1933  1933 I LCMANDR : SWR_OOB_HV_MF_009|FUN=ResourceMonitoringService::movingCpuAverage|2|Moving window average of CPU 24.666103
01-01 00:23:44.942  1933  1933 I LCMANDR : SWR_OOB_HV_MF_009|FUN=ResourceMonitoringService::movingCpuAverage|2|Cpu moving average of core  0 is26.040775
01-01 00:23:44.942  1933  1933 I LCMANDR : SWR_OOB_HV_MF_009|FUN=ResourceMonitoringService::movingCpuAverage|2|Cpu moving average of core  1 is23.136553
01-01 00:23:44.942  1933  1933 I LCMANDR : SWR_OOB_HV_MF_009|FUN=ResourceMonitoringService::movingCpuAverage|2|Cpu moving average of core  2 is24.814749
01-01 00:23:44.942  1933  1933 D LCMANDR : SWR_OOB_HV_MF_009|FUN=ResourceMonitoringService::movingCpuAverage|2|Exiting VAL = 24.666103
01-01 00:23:45.391  3675  9276 I QueryController: Matched selector: UiSelector[CLASS=android.widget.EditText] <<==>> [android.view.accessibility.AccessibilityNodeInfo@15d966e; boundsInParent: Rect(0, 7 - 1241, 137); boundsInScreen: Rect(339, 225 - 1580, 355); packageName: com.panasonic.hmi2settings; className: android.widget.EditText; text: null; error: null; maxTextLength: 63; contentDescription: null; viewIdResName: com.panasonic.hmi2settings:id/textPassword; checkable: false; checked: false; focusable: true; focused: true; selected: false; clickable: true; longClickable: false; contextClickable: false; enabled: true; password: false; scrollable: false; importantForAccessibility: true; actions: [AccessibilityAction: ACTION_CLEAR_FOCUS - null, AccessibilityAction: ACTION_SELECT - null, AccessibilityAction: ACTION_CLEAR_SELECTION - null, AccessibilityAction: ACTION_CLICK - null, AccessibilityAction: ACTION_ACCESSIBILITY_FOCUS - null, AccessibilityAction: ACTION_SET_TEXT - null, AccessibilityAction: ACTION_SHOW_ON_SCREEN - null]]
01-01 00:23:45.396  1151  4493 D mEnabledInputMethodsStrCache: com.android.inputmethods.latin/.LatinIME
01-01 00:23:45.396  1151  4493 D systemLanguageCode: en__GB
01-01 00:23:45.396  1151  4493 D mEnabledInputMethodsStrCache: com.android.inputmethods.latin/.LatinIME
01-01 00:23:45.397  1151  1422 D mEnabledInputMethodsStrCache: com.android.inputmethods.latin/.LatinIME
01-01 00:23:45.397  1151  1422 D systemLanguageCode: en__GB
01-01 00:23:45.397  1151  1422 D mEnabledInputMethodsStrCache: com.android.inputmethods.latin/.LatinIME
01-01 00:23:45.398  1151  1422 D mEnabledInputMethodsStrCache: com.android.inputmethods.latin/.LatinIME
01-01 00:23:45.398  1151  1422 D systemLanguageCode: en__GB
01-01 00:23:45.398  1151  1422 D mEnabledInputMethodsStrCache: com.android.inputmethods.latin/.LatinIME
01-01 00:23:45.398  1151  1422 D mEnabledInputMethodsStrCache: com.android.inputmethods.latin/.LatinIME
01-01 00:23:45.398  1151  1422 D systemLanguageCode: en__GB
01-01 00:23:45.398  1151  1422 D mEnabledInputMethodsStrCache: com.android.inputmethods.latin/.LatinIME
01-01 00:23:45.399  1151  1422 D mEnabledInputMethodsStrCache: com.android.inputmethods.latin/.LatinIME
01-01 00:23:45.399  1151  1422 D systemLanguageCode: en__GB
01-01 00:23:45.399  1151  1422 D mEnabledInputMethodsStrCache: com.android.inputmethods.latin/.LatinIME
01-01 00:23:45.399  1151  1422 D mEnabledInputMethodsStrCache: com.android.inputmethods.latin/.LatinIME
01-01 00:23:45.399  1151  1422 D systemLanguageCode: en__GB
01-01 00:23:45.399  1151  1422 D mEnabledInputMethodsStrCache: com.android.inputmethods.latin/.LatinIME
01-01 00:23:45.400  1379  1379 I LatinIME: SWR_HMISERVICE_SPELLER_MF_001||FUN=onStartInputViewInternal || 1 || Starting input. Cursor position = 0,0
01-01 00:23:45.408  3675  9281 D UIAutomatorStub: URI: /jsonrpc/0, Method: POST, Header: {content-length=170, remote-addr=127.0.0.1, http-client-ip=127.0.0.1, host=localhost:9009, content-type=application/json, connection=close, accept-encoding=identity, user-agent=Python-urllib/2.7}, params, {NanoHttpd.QUERY_STRING=null}, files: {postData={"params": [{"childOrSiblingSelector": [], "text": "OK", "mask": 1, "childOrSibling": []}], "jsonrpc": "2.0", "method": "click", "id": "15dccc0e289ebf4aee022c2211956d19"}}
01-01 00:23:45.423  1379  1379 D KeyboardState: onResetKeyboardStateToAlphabet: [keyboard=UNSHIFTED shift=RELEASING symbol=RELEASING switch=ALPHA] autoCapsFlags=none recapitalizeMode=undefined
01-01 00:23:45.423  1379  1379 D KeyboardState: resetKeyboardStateToAlphabet: [keyboard=UNSHIFTED shift=RELEASING symbol=RELEASING switch=ALPHA] autoCapsFlags=none recapitalizeMode=undefined
01-01 00:23:45.424  1379  1379 D KeyboardSwitcher: requestUpdatingShiftState:  autoCapsFlags=none recapitalizeMode=undefined
01-01 00:23:45.424  1379  1379 D KeyboardState: onUpdateShiftState: [keyboard=UNSHIFTED shift=RELEASING symbol=RELEASING switch=ALPHA] autoCapsFlags=none recapitalizeMode=undefined
01-01 00:23:45.424  1379  1379 D KeyboardState: setShifted: shiftMode=UNSHIFT [keyboard=UNSHIFTED shift=RELEASING symbol=RELEASING switch=ALPHA]
01-01 00:23:45.424  1151  4493 D mEnabledInputMethodsStrCache: com.android.inputmethods.latin/.LatinIME
01-01 00:23:45.424  1151  4493 D systemLanguageCode: en__GB
01-01 00:23:45.424  1151  4493 D mEnabledInputMethodsStrCache: com.android.inputmethods.latin/.LatinIME
01-01 00:23:45.425  1151  4493 D mEnabledInputMethodsStrCache: com.android.inputmethods.latin/.LatinIME
01-01 00:23:45.425  1151  4493 D systemLanguageCode: en__GB
01-01 00:23:45.425  1151  4493 D mEnabledInputMethodsStrCache: com.android.inputmethods.latin/.LatinIME
01-01 00:23:45.427  1379  1379 I NuanceUtil: Language text: en_GB, Language code: 5
01-01 00:23:45.427  1379  1379 I NuanceLog: Active Language: ET9LIDEnglish_UK
01-01 00:23:45.427  1379  1379 I NuanceLog: Active LDB: /system/etc/RSESpeller/configs/LDBs/v13.1.0/englishuk/ENubUNUK_xt9_ALM3.ldb
01-01 00:23:45.427  1379  1379 I LatinIME: Nuance API Initialized successfully
01-01 00:23:45.427  1379  1379 I LatinIME: Suggestion strip view visibility gone
01-01 00:23:45.428  1151  4493 D mEnabledInputMethodsStrCache: com.android.inputmethods.latin/.LatinIME
01-01 00:23:45.428  1151  4493 D systemLanguageCode: en__GB
01-01 00:23:45.428  1151  4493 D mEnabledInputMethodsStrCache: com.android.inputmethods.latin/.LatinIME
01-01 00:23:45.428  1151  4493 D mEnabledInputMethodsStrCache: com.android.inputmethods.latin/.LatinIME
01-01 00:23:45.428  1151  4493 D systemLanguageCode: en__GB
01-01 00:23:45.428  1151  4493 D mEnabledInputMethodsStrCache: com.android.inputmethods.latin/.LatinIME
01-01 00:23:45.895   729   748 I sssv-lib: sendMsg enter
01-01 00:23:45.895   729   748 I sssv-lib: sendMsg complete.
01-01 00:23:45.954  3675  9282 D UIAutomatorStub: URI: /jsonrpc/0, Method: POST, Header: {content-length=274, remote-addr=127.0.0.1, http-client-ip=127.0.0.1, host=localhost:9009, content-type=application/json, connection=close, accept-encoding=identity, user-agent=Python-urllib/2.7}, params, {NanoHttpd.QUERY_STRING=null}, files: {postData={"params": [{"childOrSiblingSelector": [], "scrollable": true, "mask": 16384, "childOrSibling": []}, {"childOrSiblingSelector": [], "text": "RSE_Test", "mask": 1, "childOrSibling": []}, true], "jsonrpc": "2.0", "method": "scrollTo", "id": "4e8cbac6f52751b4013cb63267db261f"}}
01-01 00:23:45.958  3739  3739 W HMI2-SETTINGS - CI08.4: className -> WifiActivity | functionName -> handlePassOkClick:  | value -> handlePassOkClick with ssid :RSE_Test enter callFromdialogButton
01-01 00:23:45.964  3739  3739 W HMI2-SETTINGS - CI08.4: className -> WifiActivity | functionName -> hideSoftKeyboard | value -> hideSoftInputFromWindow id=true
01-01 00:23:45.964  1379  1379 E LatinIME: hideWindow Called
01-01 00:23:45.972  1151  4493 I WifiService: getWifiEnabledState uid=1000
01-01 00:23:45.973  3739  3739 W HMI2-SETTINGS - CI08.4: className -> WifiActivity | functionName -> removePassEnterWindow : callFrom  | value -> connectToWifi_isPasswordValid
01-01 00:23:45.979  1151  4493 D WindowManager: relayout packageName=com.android.inputmethods.latin::session=Session{ca2ba78 1379:1000}::window=android.view.IWindow$Stub$Proxy@2ceedc8::attrs.flags=800108
01-01 00:23:45.979  1151  4493 D WindowManager: relayout >>> FLAG_FULLSCREEN not set in WindowManager.LayoutParams
01-01 00:23:45.979  1151  4493 D WindowManager: startStatusReceiverServiceOnFlagSet: creating intent for action ACTION_ACTIVITY_FULLSCREEN
01-01 00:23:45.979  1151  4493 W ContextImpl: Calling a method in the system process without a qualified user: android.app.ContextImpl.startService:1476 com.android.server.wm.Session.startStatusReceiverServiceOnFlagSet:762 com.android.server.wm.Session.relayout:276 android.view.IWindowSession$Stub.onTransact:286 com.android.server.wm.Session.onTransact:166 
01-01 00:23:45.979  3739  3739 W HMI2-SETTINGS: SWR_BAIDU_HMI_0015|FUN=WifiActivity::finallyConnect|0|networkSSID::RSE_Test|NotOpen|isWapiConnect:false
01-01 00:23:45.980  1151  4493 D CompatibilityInfo: mCompatibilityFlags - 4
01-01 00:23:45.980  1151  4493 D CompatibilityInfo: applicationDensity - 240
01-01 00:23:45.980  1151  4493 D CompatibilityInfo: applicationScale - 1.0
01-01 00:23:45.980  1151  1422 I WifiService: addOrUpdateNetwork uid=1000
01-01 00:23:45.980  1151  1422 I addOrUpdateNetwork:  uid = 1000 SSID "RSE_Test" nid=-1
01-01 00:23:45.981  1151  1317 D WifiConfiguration: configKey: false
01-01 00:23:45.981  1151  1317 D WifiConfiguration: configKey: false
01-01 00:23:45.981  1151  1317 E WifiConfigManager: Cannot find network with networkId -1 or configKey "RSE_Test"WPA_PSK
01-01 00:23:45.981  1151  4493 D WindowManager: startStatusReceiverServiceOnFlagSet: startService done
01-01 00:23:45.981  1151  1317 D WifiConfiguration: configKey: false
01-01 00:23:45.981  1151  1317 E WifiConfigManager: Cannot find network with configKey "RSE_Test"WPA_PSK
01-01 00:23:45.982  1151  1317 D WifiConfiguration: configKey: false
01-01 00:23:45.984  1151  1317 D WifiConfiguration: configKey: false
01-01 00:23:45.986  1392  1392 W SYSTEM_UI: SWR_SYSTEM_UI_007|FUN=CollapsedStatusBarFragment::getAction |1|Broadcast action --> STATUS_UPDATE_ACTION
01-01 00:23:45.986  1392  1392 W SYSTEM_UI: SWR_SYSTEM_UI_007|FUN=CollapsedStatusBarFragment::getIntExtra |1|NotifySystemUpdates dataType --> 101
01-01 00:23:45.986  1392  1392 W SYSTEM_UI - CI07.3: className -> CollapsedStatusBarFragment | functionName -> NotifySystemUpdates | onReceive -->  | value -> FULLSCREEN MODE CHANGED | isFullScreenStatus --> false | fullScreenPackage -->com.android.inputmethods.latin | fullscreenLastShownPackage -->null | topActivityPackage --> com.panasonic.hmi2settings
01-01 00:23:45.986  1392  1392 W SYSTEM_UI - CI07.3: className -> CollapsedStatusBarFragment | functionName -> NotifySystemUpdates | onReceive -->  | value -> Fullscreen mode changed --> path 0
01-01 00:23:46.006  1151  1317 D WifiConfigStore: Writing to stores completed in 21 ms.
01-01 00:23:46.006  1151  1317 D WifiConfiguration: configKey: false
01-01 00:23:46.006  3739  3739 W HMI2-SETTINGS: SWR_BAIDU_HMI_0015|FUN=WifiActivity::addNetwork|0|Getting network id with addNetwork method.
01-01 00:23:46.007  3739  3739 W HMI2-SETTINGS - CI08.4: className -> WifiActivity | functionName -> connectNewNetwork : | value ->  addNetwork success netId->59
01-01 00:23:46.007  1151  1422 I WifiService: enableNetwork uid=1000 disableOthers=true
01-01 00:23:46.007  1151  1317 D WifiStateMachine: connectToUserSelectNetwork netId 59, uid 1000, forceReconnect = false
01-01 00:23:46.008  1151  1317 D WifiConfiguration: configKey: false
01-01 00:23:46.009  1151  1317 I chatty  : uid=1000(system) WifiStateMachin identical 1 line
01-01 00:23:46.009  1151  1317 D WifiConfiguration: configKey: false
01-01 00:23:46.031  1151  1317 D WifiConfigStore: Writing to stores completed in 22 ms.
01-01 00:23:46.032  1151  1317 D WifiConfiguration: configKey: false
01-01 00:23:46.034  1151  1317 D WifiConfiguration: configKey: false
01-01 00:23:46.034  3739  3739 W HMI2-SETTINGS - CI08.4: className -> WifiActivity | functionName -> connectNewNetwork :  | value -> enable success netId->59
01-01 00:23:46.034  1151  1317 D WifiConfiguration: configKey: false
01-01 00:23:46.035  1151  1422 I WifiService: getWifiServiceMessenger uid=1000
01-01 00:23:46.036  3739  3739 W HMI2-SETTINGS: SWR_BAIDU_HMI_0015|SWR_BAIDU_HMI_0027|FUN=WifiActivity::connect|0|Connected to new network
01-01 00:23:46.036  1151  1316 D WifiService: New client listening to asynchronous messages
01-01 00:23:46.036  3739  3739 W HMI2-SETTINGS - CI08.4: className -> WifiActivity | functionName -> finallyConnect : ssid-> | value -> "RSE_Test"|isClickedForConnection:false
01-01 00:23:46.037  1151  1316 D WifiService: CONNECT  nid=59 uid=1000 name=android.uid.system:1000
01-01 00:23:46.037  1151  1316 D WifiService: Connect with networkId 59
01-01 00:23:46.037  1151  1317 D WifiStateMachine: CMD_START_CONNECT sup state DisconnectedState my state DisconnectedState nid=59 roam=false
01-01 00:23:46.038   808   808 W wificond: Scan is not started. Ignore abort request
01-01 00:23:46.040  1151  1317 D WifiConfiguration: configKey: false
01-01 00:23:46.041  1151  1317 D SupplicantStaIfaceHal: connectToNetwork "RSE_Test"WPA_PSK
01-01 00:23:46.042  3023  3023 E wpa_supplicant: Deregistering network from hidl control: 0
01-01 00:23:46.043  1151  1317 I SupplicantStaIfaceHal: addSupplicantStaNetwork via HIDL
01-01 00:23:46.043  3023  3023 E wpa_supplicant: Registering network to hidl control: 0
01-01 00:23:46.051  1151  1317 D WifiConfiguration: configKey: false
01-01 00:23:46.055  3023  3023 E wpa_supplicant: Notifying state change event to hidl control: 3
01-01 00:23:46.059  1151  1317 D WifiStateMachine: processMessage:  connect success 
01-01 00:23:46.059  1151  1317 D WifiStateMachine: processMessage: connect over
01-01 00:23:46.059  1151  1317 D WifiConfiguration: configKey: false
01-01 00:23:46.059  1151  1317 D WifiStateMachine: connectToUserSelectNetwork netId 59, uid 1000, forceReconnect = false
01-01 00:23:46.061  1151  1317 D WifiConfiguration: configKey: false
01-01 00:23:46.062  1151  1317 I chatty  : uid=1000(system) WifiStateMachin identical 1 line
01-01 00:23:46.063  1151  1317 D WifiConfiguration: configKey: false
01-01 00:23:46.084  1151  1317 D WifiConfigStore: Writing to stores completed in 20 ms.
01-01 00:23:46.085  1151  1317 D WifiConfiguration: configKey: false
01-01 00:23:46.086  3739  3757 E HMI2-SETTINGS - CI08.4: className -> WifiActivity | functionName -> mConnectListener | error ->onSuccess
01-01 00:23:46.086  1151  1317 D WifiConfiguration: configKey: false
01-01 00:23:46.090  1392  1392 W SYSTEM_UI: SWR_SYSTEM_UI_008|FUN=CollapsedStatusBarFragment::AndroidEventReceiver | getAction |1|Broadcast action:android.net.wifi.STATE_CHANGE received
01-01 00:23:46.090  2145  2145 D HMI_SERVICE: USE_CASE_NA|FUN=HmiApplication| [action] android.net.wifi.STATE_CHANGE
01-01 00:23:46.090  2145  2145 D HmiApplication: DetailedState:DISCONNECTED
01-01 00:23:46.092  2677  2725 W ANDR_PERSISTENCY_CLIENT: SWR_PERSISTENCE_HV_LA_MF_0005|FUN=TCPHandler:: intToBytes |2| data 1
01-01 00:23:46.092  2677  2725 W ANDR_PERSISTENCY_CLIENT: SWR_PERSISTENCE_HV_LA_MF_0005|FUN=TCPHandler:: intToBytes |2| data 13
01-01 00:23:46.092  2677  2725 W ANDR_PERSISTENCY_CLIENT: SWR_PERSISTENCE_HV_LA_MF_0005|FUN=TCPHandler:: getUID |2|msg:uid=44
01-01 00:23:46.092  2677  2725 W ANDR_PERSISTENCY_CLIENT: SWR_PERSISTENCE_HV_LA_MF_0005|FUN=TCPHandler::start|2|msg:sender::msg=[0, 0, 0, 13, 1, 44, 10, 4, 48, 120, 48, 48, 0, 0, 0, 1, 6]
01-01 00:23:46.092  2677  2725 W ANDR_PERSISTENCY_CLIENT: SWR_PERSISTENCE_HV_LA_MF_0005|FUN=TCPHandler:: sender : Thread.interrupted() |2|msg:condition 
01-01 00:23:46.093  1508  1601 W QCNEJ   : |CORE| notifyWifiStatusChanged failed
01-01 00:23:46.093  1508  1601 W QCNEJ   : |CORE| notifyRatConnectionStatusChanged failed
01-01 00:23:46.095  2145  2145 D HMI_SERVICE: USE_CASE_NA|FUN=HmiApplication| [action] android.net.wifi.STATE_CHANGE
01-01 00:23:46.095  1392  1392 W SYSTEM_UI: SWR_SYSTEM_UI_008|FUN=CollapsedStatusBarFragment::AndroidEventReceiver | getAction |1|Broadcast action:android.net.wifi.STATE_CHANGE received
01-01 00:23:46.095  2677  2726 W ANDR_PERSISTENCY_CLIENT: SWR_PERSISTENCE_HV_LA_MF_0005|FUN=TCPHandler::start|2|msg:receiver::run: size of totalLength 4
01-01 00:23:46.095  2677  2726 W ANDR_PERSISTENCY_CLIENT: SWR_PERSISTENCE_HV_LA_MF_0005|FUN=TCPHandler::start|2|msg:receiver::run: totalLength is > 0
01-01 00:23:46.095  1392  1392 W SYSTEM_UI - CI07.3: className -> CollapsedStatusBarFragment | functionName -> AndroidEventReceiver | onReceive -->  | value -> Wifi connection status--> false
