01-01 00:37:41.535   635   635 E ANDR-PERF-TARGET: Error: Invalid logical cluster id 0
01-01 00:37:41.536   635   635 E ANDR-PERF-MPCTL: invalid request, no optimizations performed
01-01 00:37:41.552   635   635 E ANDR-PERF-TARGET: Error: Invalid logical cluster id 0
01-01 00:37:41.552   635   635 E ANDR-PERF-MPCTL: invalid request, no optimizations performed
01-01 00:37:41.569   635   635 E ANDR-PERF-TARGET: Error: Invalid logical cluster id 0
01-01 00:37:41.569   635   635 E ANDR-PERF-MPCTL: invalid request, no optimizations performed
01-01 00:37:41.586   635   635 E ANDR-PERF-TARGET: Error: Invalid logical cluster id 0
01-01 00:37:41.586   635   635 E ANDR-PERF-MPCTL: invalid request, no optimizations performed
01-01 00:37:41.602   635   635 E ANDR-PERF-TARGET: Error: Invalid logical cluster id 0
01-01 00:37:41.602   635   635 E ANDR-PERF-MPCTL: invalid request, no optimizations performed
01-01 00:37:41.619   635   635 E ANDR-PERF-TARGET: Error: Invalid logical cluster id 0
01-01 00:37:41.619   635   635 E ANDR-PERF-MPCTL: invalid request, no optimizations performed
01-01 00:37:41.636   635   635 E ANDR-PERF-TARGET: Error: Invalid logical cluster id 0
01-01 00:37:41.636   635   635 E ANDR-PERF-MPCTL: invalid request, no optimizations performed
01-01 00:37:41.652   635   635 E ANDR-PERF-TARGET: Error: Invalid logical cluster id 0
01-01 00:37:41.652   635   635 E ANDR-PERF-MPCTL: invalid request, no optimizations performed
01-01 00:37:41.669   635   635 E ANDR-PERF-TARGET: Error: Invalid logical cluster id 0
01-01 00:37:41.669   635   635 E ANDR-PERF-MPCTL: invalid request, no optimizations performed
01-01 00:37:41.686   635   635 E ANDR-PERF-TARGET: Error: Invalid logical cluster id 0
01-01 00:37:41.686   635   635 E ANDR-PERF-MPCTL: invalid request, no optimizations performed
01-01 00:37:41.702   635   635 E ANDR-PERF-TARGET: Error: Invalid logical cluster id 0
01-01 00:37:41.703   635   635 E ANDR-PERF-MPCTL: invalid request, no optimizations performed
01-01 00:37:41.719   635   635 E ANDR-PERF-TARGET: Error: Invalid logical cluster id 0
01-01 00:37:41.719   635   635 E ANDR-PERF-MPCTL: invalid request, no optimizations performed
01-01 00:37:41.736   635   635 E ANDR-PERF-TARGET: Error: Invalid logical cluster id 0
01-01 00:37:41.736   635   635 E ANDR-PERF-MPCTL: invalid request, no optimizations performed
01-01 00:37:41.753   635   635 E ANDR-PERF-TARGET: Error: Invalid logical cluster id 0
01-01 00:37:41.753   635   635 E ANDR-PERF-MPCTL: invalid request, no optimizations performed
01-01 00:37:41.769   635   635 E ANDR-PERF-TARGET: Error: Invalid logical cluster id 0
01-01 00:37:41.769   635   635 E ANDR-PERF-MPCTL: invalid request, no optimizations performed
01-01 00:37:41.786   635   635 E ANDR-PERF-TARGET: Error: Invalid logical cluster id 0
01-01 00:37:41.786   635   635 E ANDR-PERF-MPCTL: invalid request, no optimizations performed
01-01 00:37:41.803   635   635 E ANDR-PERF-TARGET: Error: Invalid logical cluster id 0
01-01 00:37:41.803   635   635 E ANDR-PERF-MPCTL: invalid request, no optimizations performed
01-01 00:37:41.819   635   635 E ANDR-PERF-TARGET: Error: Invalid logical cluster id 0
01-01 00:37:41.819   635   635 E ANDR-PERF-MPCTL: invalid request, no optimizations performed
01-01 00:37:41.836   635   635 E ANDR-PERF-TARGET: Error: Invalid logical cluster id 0
01-01 00:37:41.836   635   635 E ANDR-PERF-MPCTL: invalid request, no optimizations performed
01-01 00:37:41.837   729   748 I sssv-lib: sendMsg enter
01-01 00:37:41.837   729   748 I sssv-lib: sendMsg complete.
01-01 00:37:41.853   635   635 E ANDR-PERF-TARGET: Error: Invalid logical cluster id 0
01-01 00:37:41.853   635   635 E ANDR-PERF-MPCTL: invalid request, no optimizations performed
01-01 00:37:41.869   635   635 E ANDR-PERF-TARGET: Error: Invalid logical cluster id 0
01-01 00:37:41.870   635   635 E ANDR-PERF-MPCTL: invalid request, no optimizations performed
01-01 00:37:41.886   635   635 E ANDR-PERF-TARGET: Error: Invalid logical cluster id 0
01-01 00:37:41.886   635   635 E ANDR-PERF-MPCTL: invalid request, no optimizations performed
01-01 00:37:41.903   635   635 E ANDR-PERF-TARGET: Error: Invalid logical cluster id 0
01-01 00:37:41.903   635   635 E ANDR-PERF-MPCTL: invalid request, no optimizations performed
01-01 00:37:41.920   635   635 E ANDR-PERF-TARGET: Error: Invalid logical cluster id 0
01-01 00:37:41.920   635   635 E ANDR-PERF-MPCTL: invalid request, no optimizations performed
01-01 00:37:41.936   635   635 E ANDR-PERF-TARGET: Error: Invalid logical cluster id 0
01-01 00:37:41.936   635   635 E ANDR-PERF-MPCTL: invalid request, no optimizations performed
01-01 00:37:41.953   635   635 E ANDR-PERF-TARGET: Error: Invalid logical cluster id 0
01-01 00:37:41.953   635   635 E ANDR-PERF-MPCTL: invalid request, no optimizations performed
01-01 00:37:41.970   635   635 E ANDR-PERF-TARGET: Error: Invalid logical cluster id 0
01-01 00:37:41.970   635   635 E ANDR-PERF-MPCTL: invalid request, no optimizations performed
01-01 00:37:41.986   635   635 E ANDR-PERF-TARGET: Error: Invalid logical cluster id 0
01-01 00:37:41.986   635   635 E ANDR-PERF-MPCTL: invalid request, no optimizations performed
01-01 00:37:42.003   635   635 E ANDR-PERF-TARGET: Error: Invalid logical cluster id 0
01-01 00:37:42.003   635   635 E ANDR-PERF-MPCTL: invalid request, no optimizations performed
01-01 00:37:42.020   635   635 E ANDR-PERF-TARGET: Error: Invalid logical cluster id 0
01-01 00:37:42.020   635   635 E ANDR-PERF-MPCTL: invalid request, no optimizations performed
01-01 00:37:42.037   635   635 E ANDR-PERF-TARGET: Error: Invalid logical cluster id 0
01-01 00:37:42.037   635   635 E ANDR-PERF-MPCTL: invalid request, no optimizations performed
01-01 00:37:42.053   635   635 E ANDR-PERF-TARGET: Error: Invalid logical cluster id 0
01-01 00:37:42.053   635   635 E ANDR-PERF-MPCTL: invalid request, no optimizations performed
01-01 00:37:42.070   635   635 E ANDR-PERF-TARGET: Error: Invalid logical cluster id 0
01-01 00:37:42.070   635   635 E ANDR-PERF-MPCTL: invalid request, no optimizations performed
01-01 00:37:42.087   635   635 E ANDR-PERF-TARGET: Error: Invalid logical cluster id 0
01-01 00:37:42.087   635   635 E ANDR-PERF-MPCTL: invalid request, no optimizations performed
01-01 00:37:42.103   635   635 E ANDR-PERF-TARGET: Error: Invalid logical cluster id 0
01-01 00:37:42.103   635   635 E ANDR-PERF-MPCTL: invalid request, no optimizations performed
01-01 00:37:42.120   635   635 E ANDR-PERF-TARGET: Error: Invalid logical cluster id 0
01-01 00:37:42.120   635   635 E ANDR-PERF-MPCTL: invalid request, no optimizations performed
01-01 00:37:42.137   635   635 E ANDR-PERF-TARGET: Error: Invalid logical cluster id 0
01-01 00:37:42.137   635   635 E ANDR-PERF-MPCTL: invalid request, no optimizations performed
01-01 00:37:42.153   635   635 E ANDR-PERF-TARGET: Error: Invalid logical cluster id 0
01-01 00:37:42.153   635   635 E ANDR-PERF-MPCTL: invalid request, no optimizations performed
01-01 00:37:42.170   635   635 E ANDR-PERF-TARGET: Error: Invalid logical cluster id 0
01-01 00:37:42.170   635   635 E ANDR-PERF-MPCTL: invalid request, no optimizations performed
01-01 00:37:42.187   635   635 E ANDR-PERF-TARGET: Error: Invalid logical cluster id 0
01-01 00:37:42.187   635   635 E ANDR-PERF-MPCTL: invalid request, no optimizations performed
01-01 00:37:42.204   635   635 E ANDR-PERF-TARGET: Error: Invalid logical cluster id 0
01-01 00:37:42.204   635   635 E ANDR-PERF-MPCTL: invalid request, no optimizations performed
01-01 00:37:42.220   635   635 E ANDR-PERF-TARGET: Error: Invalid logical cluster id 0
01-01 00:37:42.220   635   635 E ANDR-PERF-MPCTL: invalid request, no optimizations performed
01-01 00:37:42.226  2054  2054 E         : 
01-01 00:37:42.226  2054  2054 E         : Buffer Size = 1048576
01-01 00:37:42.237   635   635 E ANDR-PERF-TARGET: Error: Invalid logical cluster id 0
01-01 00:37:42.237   635   635 E ANDR-PERF-MPCTL: invalid request, no optimizations performed
01-01 00:37:42.251  2054  2054 E         : 
01-01 00:37:42.251  2054  2054 E         : <6>[ 1935.625332] QSEECOM: scm_call_qcpe:503 : OUT: 0x0, 0x0, 0x0, 0x0
01-01 00:37:42.251  2054  2054 E         : <6>[ 1935.640888] QSEECOM: scm_call_qcpe:429 : IN: 0x42000d0a, 0x3, 0x0, 0x41b1, 0x7a5, 0x0, 0x0
01-01 00:37:42.251  2054  2054 E         : <6>[ 1935.642232] QSEECOM: scm_call_qcpe:503 : OUT: 0x0, 0x1, 0x0, 0x0
01-01 00:37:42.251  2054  2054 E         : <6>[ 1935.658233] QSEECOM: scm_call_qcpe:429 : IN: 0x42000d0a, 0x3, 0x0, 0x43c1, 0x7a0, 0x0, 0x0
01-01 00:37:42.251  2054  2054 E         : <6>[ 1935.660213] QSEECOM: scm_call_qcpe:503 : OUT: 0x0, 0x0, 0x0, 0x0
01-01 00:37:42.251  2054  2054 E         : <6>[ 1935.673168] QSEECOM: scm_call_qcpe:429 : IN: 0x42000d0a, 0x3, 0x0, 0x3a5a, 0x796, 0x0, 0x0
01-01 00:37:42.251  2054  2054 E         : <6>[ 1935.674245] QSEECOM: scm_call_qcpe:503 : OUT: 0x0, 0x0, 0x0, 0x0
01-01 00:37:42.251  2054  2054 E         : <6>[ 1935.689991] QSEECOM: scm_call_qcpe:429 : IN: 0x42000d0a, 0x3, 0x0, 0x41b5, 0x7a8, 0x0, 0x0
01-01 00:37:42.251  2054  2054 E         : <6>[ 1935.691882] QSEECOM: scm_call_qcpe:503 : OUT: 0x0, 0x0, 0x0, 0x0
01-01 00:37:42.251  2054  2054 E         : <6>[ 1935.707147] QSEECOM: scm_call_qcpe:429 : IN: 0x42000d0a, 0x3, 0x0, 0x4303, 0x79d, 0x0, 0x0
01-01 00:37:42.251  2054  2054 E         : <6>[ 1935.708266] QSEECOM: scm_call_qcpe:503 : OUT: 0x0, 0x0, 0x0, 0x0
01-01 00:37:42.251  2054  2054 E         : <6>[ 1935.723149] QSEECOM: scm_call_qcpe:429 : IN: 0x42000d0a, 0x3, 0x0, 0x3e82, 0x798, 0x0, 0x0
01-01 00:37:42.251  2054  2054 E         : <6>[ 1935.7242
01-01 00:37:42.254   635   635 E ANDR-PERF-TARGET: Error: Invalid logical cluster id 0
01-01 00:37:42.254   635   635 E ANDR-PERF-MPCTL: invalid request, no optimizations performed
01-01 00:37:42.255  2054  2054 E         : USB Hub Detector 1.0
01-01 00:37:42.270   635   635 E ANDR-PERF-TARGET: Error: Invalid logical cluster id 0
01-01 00:37:42.270   635   635 E ANDR-PERF-MPCTL: invalid request, no optimizations performed
01-01 00:37:42.287   635   635 E ANDR-PERF-TARGET: Error: Invalid logical cluster id 0
01-01 00:37:42.287   635   635 E ANDR-PERF-MPCTL: invalid request, no optimizations performed
01-01 00:37:42.304   635   635 E ANDR-PERF-TARGET: Error: Invalid logical cluster id 0
01-01 00:37:42.304   635   635 E ANDR-PERF-MPCTL: invalid request, no optimizations performed
01-01 00:37:42.320   635   635 E ANDR-PERF-TARGET: Error: Invalid logical cluster id 0
01-01 00:37:42.320   635   635 E ANDR-PERF-MPCTL: invalid request, no optimizations performed
01-01 00:37:42.337   635   635 E ANDR-PERF-TARGET: Error: Invalid logical cluster id 0
01-01 00:37:42.337   635   635 E ANDR-PERF-MPCTL: invalid request, no optimizations performed
01-01 00:37:42.354   635   635 E ANDR-PERF-TARGET: Error: Invalid logical cluster id 0
01-01 00:37:42.354   635   635 E ANDR-PERF-MPCTL: invalid request, no optimizations performed
01-01 00:37:42.370   635   635 E ANDR-PERF-TARGET: Error: Invalid logical cluster id 0
01-01 00:37:42.371   635   635 E ANDR-PERF-MPCTL: invalid request, no optimizations performed
01-01 00:37:42.387   635   635 E ANDR-PERF-TARGET: Error: Invalid logical cluster id 0
01-01 00:37:42.387   635   635 E ANDR-PERF-MPCTL: invalid request, no optimizations performed
01-01 00:37:42.404   635   635 E ANDR-PERF-TARGET: Error: Invalid logical cluster id 0
01-01 00:37:42.404   635   635 E ANDR-PERF-MPCTL: invalid request, no optimizations performed
01-01 00:37:42.421   635   635 E ANDR-PERF-TARGET: Error: Invalid logical cluster id 0
01-01 00:37:42.421   635   635 E ANDR-PERF-MPCTL: invalid request, no optimizations performed
01-01 00:37:42.421   635   635 E ANDR-PERF-TARGET: Error: Invalid logical cluster id 0
01-01 00:37:42.421   635   635 E ANDR-PERF-MPCTL: invalid request, no optimizations performed
01-01 00:37:42.437   635   635 E ANDR-PERF-TARGET: Error: Invalid logical cluster id 0
01-01 00:37:42.437   635   635 E ANDR-PERF-MPCTL: invalid request, no optimizations performed
01-01 00:37:42.454   635   635 E ANDR-PERF-TARGET: Error: Invalid logical cluster id 0
01-01 00:37:42.454   635   635 E ANDR-PERF-MPCTL: invalid request, no optimizations performed
01-01 00:37:42.471   635   635 E ANDR-PERF-TARGET: Error: Invalid logical cluster id 0
01-01 00:37:42.471   635   635 E ANDR-PERF-MPCTL: invalid request, no optimizations performed
01-01 00:37:42.487   635   635 E ANDR-PERF-TARGET: Error: Invalid logical cluster id 0
01-01 00:37:42.488   635   635 E ANDR-PERF-MPCTL: invalid request, no optimizations performed
01-01 00:37:42.504   635   635 E ANDR-PERF-TARGET: Error: Invalid logical cluster id 0
01-01 00:37:42.504   635   635 E ANDR-PERF-MPCTL: invalid request, no optimizations performed
01-01 00:37:42.521   635   635 E ANDR-PERF-TARGET: Error: Invalid logical cluster id 0
01-01 00:37:42.521   635   635 E ANDR-PERF-MPCTL: invalid request, no optimizations performed
01-01 00:37:42.538   635   635 E ANDR-PERF-TARGET: Error: Invalid logical cluster id 0
01-01 00:37:42.538   635   635 E ANDR-PERF-MPCTL: invalid request, no optimizations performed
01-01 00:37:42.554   635   635 E ANDR-PERF-TARGET: Error: Invalid logical cluster id 0
01-01 00:37:42.554   635   635 E ANDR-PERF-MPCTL: invalid request, no optimizations performed
01-01 00:37:42.571   635   635 E ANDR-PERF-TARGET: Error: Invalid logical cluster id 0
01-01 00:37:42.571   635   635 E ANDR-PERF-MPCTL: invalid request, no optimizations performed
01-01 00:37:42.588   635   635 E ANDR-PERF-TARGET: Error: Invalid logical cluster id 0
01-01 00:37:42.588   635   635 E ANDR-PERF-MPCTL: invalid request, no optimizations performed
01-01 00:37:42.604   635   635 E ANDR-PERF-TARGET: Error: Invalid logical cluster id 0
01-01 00:37:42.604   635   635 E ANDR-PERF-MPCTL: invalid request, no optimizations performed
01-01 00:37:42.615  3675 12847 W InteractionController: runAndwaitForEvents timed out waiting for events
01-01 00:37:42.615  3675 12847 D InteractionController: Vertical scrollSwipe reached scroll end: false
01-01 00:37:42.621   635   635 E ANDR-PERF-TARGET: Error: Invalid logical cluster id 0
01-01 00:37:42.621   635   635 E ANDR-PERF-MPCTL: invalid request, no optimizations performed
01-01 00:37:42.638   635   635 E ANDR-PERF-TARGET: Error: Invalid logical cluster id 0
01-01 00:37:42.638   635   635 E ANDR-PERF-MPCTL: invalid request, no optimizations performed
01-01 00:37:42.654   635   635 E ANDR-PERF-TARGET: Error: Invalid logical cluster id 0
01-01 00:37:42.655   635   635 E ANDR-PERF-MPCTL: invalid request, no optimizations performed
01-01 00:37:42.671   635   635 E ANDR-PERF-TARGET: Error: Invalid logical cluster id 0
01-01 00:37:42.671   635   635 E ANDR-PERF-MPCTL: invalid request, no optimizations performed
01-01 00:37:42.688   635   635 E ANDR-PERF-TARGET: Error: Invalid logical cluster id 0
01-01 00:37:42.688   635   635 E ANDR-PERF-MPCTL: invalid request, no optimizations performed
01-01 00:37:42.705   635   635 E ANDR-PERF-TARGET: Error: Invalid logical cluster id 0
01-01 00:37:42.705   635   635 E ANDR-PERF-MPCTL: invalid request, no optimizations performed
01-01 00:37:42.721   635   635 E ANDR-PERF-TARGET: Error: Invalid logical cluster id 0
01-01 00:37:42.721   635   635 E ANDR-PERF-MPCTL: invalid request, no optimizations performed
01-01 00:37:42.738   635   635 E ANDR-PERF-TARGET: Error: Invalid logical cluster id 0
01-01 00:37:42.738   635   635 E ANDR-PERF-MPCTL: invalid request, no optimizations performed
01-01 00:37:42.755   635   635 E ANDR-PERF-TARGET: Error: Invalid logical cluster id 0
01-01 00:37:42.755   635   635 E ANDR-PERF-MPCTL: invalid request, no optimizations performed
01-01 00:37:42.771   635   635 E ANDR-PERF-TARGET: Error: Invalid logical cluster id 0
01-01 00:37:42.772   635   635 E ANDR-PERF-MPCTL: invalid request, no optimizations performed
01-01 00:37:42.788   635   635 E ANDR-PERF-TARGET: Error: Invalid logical cluster id 0
01-01 00:37:42.788   635   635 E ANDR-PERF-MPCTL: invalid request, no optimizations performed
01-01 00:37:42.805   635   635 E ANDR-PERF-TARGET: Error: Invalid logical cluster id 0
01-01 00:37:42.805   635   635 E ANDR-PERF-MPCTL: invalid request, no optimizations performed
01-01 00:37:42.822   635   635 E ANDR-PERF-TARGET: Error: Invalid logical cluster id 0
01-01 00:37:42.822   635   635 E ANDR-PERF-MPCTL: invalid request, no optimizations performed
01-01 00:37:42.840   729   748 I sssv-lib: sendMsg enter
01-01 00:37:42.840   729   748 I sssv-lib: sendMsg complete.
01-01 00:37:43.109  1933  1933 I LCMANDR : SWR_OOB_HV_MF_009|FUN=ResourceMonitoringService::movingMemoryAverage|2|Moving memory average :29.987957
01-01 00:37:43.109  1933  1933 W LCMANDR : SWR_OOB_HV_MF_009|FUN=ResourceMonitoringService::getCpuUsageStatistic|Moving MEM AVG :::::::::29.987957
01-01 00:37:43.110  1933  1933 W LCMANDR : SWR_OOB_HV_MF_009|FUN=ResourceMonitoringService::getCpuUsageStatistic|2|Total cpu usage :27.283236
01-01 00:37:43.110  1933  1933 I LCMANDR : SWR_OOB_HV_MF_009|FUN=ResourceMonitoringService::getCpuUsageStatistic|Cpu usage of core  0 is34.58904
01-01 00:37:43.110  1933  1933 I LCMANDR : SWR_OOB_HV_MF_009|FUN=ResourceMonitoringService::getCpuUsageStatistic|Cpu usage of core  1 is26.501766
01-01 00:37:43.110  1933  1933 I LCMANDR : SWR_OOB_HV_MF_009|FUN=ResourceMonitoringService::getCpuUsageStatistic|Cpu usage of core  2 is20.689655
01-01 00:37:43.110  1933  1933 I LCMANDR : ResourceMonitoringService::movingCpuAverage()
01-01 00:37:43.110  1933  1933 I LCMANDR : SWR_OOB_HV_MF_009|FUN=ResourceMonitoringService::movingCpuAverage|2|Moving window average of CPU 22.604244
01-01 00:37:43.110  1933  1933 I LCMANDR : SWR_OOB_HV_MF_009|FUN=ResourceMonitoringService::movingCpuAverage|2|Cpu moving average of core  0 is24.136494
01-01 00:37:43.110  1933  1933 I LCMANDR : SWR_OOB_HV_MF_009|FUN=ResourceMonitoringService::movingCpuAverage|2|Cpu moving average of core  1 is20.374353
01-01 00:37:43.110  1933  1933 I LCMANDR : SWR_OOB_HV_MF_009|FUN=ResourceMonitoringService::movingCpuAverage|2|Cpu moving average of core  2 is23.234676
01-01 00:37:43.110  1933  1933 D LCMANDR : SWR_OOB_HV_MF_009|FUN=ResourceMonitoringService::movingCpuAverage|2|Exiting VAL = 22.604244
01-01 00:37:43.324  3675 12847 I QueryController: Matched selector: UiSelector[SCROLLABLE=true, CHILD=UiSelector[TEXT=RSE_Test]] <<==>> [android.view.accessibility.AccessibilityNodeInfo@23f1aaa; boundsInParent: Rect(0, 0 - 1078, 77); boundsInScreen: Rect(354, 478 - 1431, 555); packageName: com.panasonic.hmi2settings; className: android.widget.TextView; text: RSE_Test; error: null; maxTextLength: -1; contentDescription: null; viewIdResName: com.panasonic.hmi2settings:id/wifiName; checkable: false; checked: false; focusable: false; focused: false; selected: false; clickable: false; longClickable: false; contextClickable: false; enabled: true; password: false; scrollable: false; importantForAccessibility: true; actions: [AccessibilityAction: ACTION_SELECT - null, AccessibilityAction: ACTION_CLEAR_SELECTION - null, AccessibilityAction: ACTION_ACCESSIBILITY_FOCUS - null, AccessibilityAction: ACTION_NEXT_AT_MOVEMENT_GRANULARITY - null, AccessibilityAction: ACTION_PREVIOUS_AT_MOVEMENT_GRANULARITY - null, AccessibilityAction: ACTION_SET_SELECTION - null, AccessibilityAction: ACTION_SHOW_ON_SCREEN - null]]
01-01 00:37:43.334  3675 12848 D UIAutomatorStub: URI: /jsonrpc/0, Method: POST, Header: {content-length=176, remote-addr=127.0.0.1, http-client-ip=127.0.0.1, host=localhost:9009, content-type=application/json, connection=close, accept-encoding=identity, user-agent=Python-urllib/2.7}, params, {NanoHttpd.QUERY_STRING=null}, files: {postData={"params": [{"childOrSiblingSelector": [], "text": "RSE_Test", "mask": 1, "childOrSibling": []}], "jsonrpc": "2.0", "method": "click", "id": "adcac112be9d87b9dc2e499c3a521da6"}}
01-01 00:37:43.391  3739  3739 W HMI2-SETTINGS - CI08.4: className -> WifiAdapter | functionName -> onBindViewHolder | value -> allWifiList.get(position).getSecurityType() : wifiNametrue
01-01 00:37:43.391  3739  3739 W HMI2-SETTINGS - CI08.4: className -> WifiActivity | functionName -> onWifiClick | value -> getSecurityType ->true
01-01 00:37:43.402  3739  3739 D View    : setSystemUiVisibility: creating intent for action ACTION_ACTIVITY_FULLSCREEN
01-01 00:37:43.402  3739  3739 W ContextImpl: Calling a method in the system process without a qualified user: android.app.ContextImpl.startService:1476 android.content.ContextWrapper.startService:650 android.view.View.setSystemUiVisibility:22653 com.panasonic.hmi2settings.activity.WifiActivity.connectToWifi:1215 com.panasonic.hmi2settings.activity.WifiActivity.onWifiClick:522 
01-01 00:37:43.404  1151  2264 D CompatibilityInfo: mCompatibilityFlags - 4
01-01 00:37:43.404  1151  2264 D CompatibilityInfo: applicationDensity - 240
01-01 00:37:43.404  1151  2264 D CompatibilityInfo: applicationScale - 1.0
01-01 00:37:43.405  3739  3739 D View    : setSystemUiVisibility: startService done
01-01 00:37:43.406  3675 12849 D UIAutomatorStub: URI: /jsonrpc/0, Method: POST, Header: {content-length=213, remote-addr=127.0.0.1, http-client-ip=127.0.0.1, host=localhost:9009, content-type=application/json, connection=close, accept-encoding=identity, user-agent=Python-urllib/2.7}, params, {NanoHttpd.QUERY_STRING=null}, files: {postData={"params": [{"childOrSiblingSelector": [], "className": "android.widget.EditText", "mask": 16, "childOrSibling": []}, "Secure7@55"], "jsonrpc": "2.0", "method": "setText", "id": "0e69e97e51da039e8279ee34fbfcab38"}}
01-01 00:37:43.406   635   635 E ANDR-PERF-TARGET: Error: Invalid logical cluster id 0
01-01 00:37:43.406   635   635 E ANDR-PERF-MPCTL: invalid request, no optimizations performed
01-01 00:37:43.412  1392  1392 W SYSTEM_UI: SWR_SYSTEM_UI_007|FUN=CollapsedStatusBarFragment::getAction |1|Broadcast action --> STATUS_UPDATE_ACTION
01-01 00:37:43.412  1392  1392 W SYSTEM_UI: SWR_SYSTEM_UI_007|FUN=CollapsedStatusBarFragment::getIntExtra |1|NotifySystemUpdates dataType --> 101
01-01 00:37:43.412  1392  1392 W SYSTEM_UI - CI07.3: className -> CollapsedStatusBarFragment | functionName -> NotifySystemUpdates | onReceive -->  | value -> FULLSCREEN MODE CHANGED | isFullScreenStatus --> false | fullScreenPackage -->com.panasonic.hmi2settings | fullscreenLastShownPackage -->null | topActivityPackage --> com.panasonic.hmi2settings
01-01 00:37:43.412  1392  1392 W SYSTEM_UI - CI07.3: className -> CollapsedStatusBarFragment | functionName -> NotifySystemUpdates | onReceive -->  | value -> Fullscreen mode changed --> path 5
01-01 00:37:43.412  1151  2264 D WindowManager: addToDisplay >>> FLAG_FULLSCREEN not set in WindowManager.LayoutParams
01-01 00:37:43.412  1151  2264 D WindowManager: startStatusReceiverServiceOnFlagSet: creating intent for action ACTION_ACTIVITY_FULLSCREEN
01-01 00:37:43.412  1151  2264 W ContextImpl: Calling a method in the system process without a qualified user: android.app.ContextImpl.startService:1476 com.android.server.wm.Session.startStatusReceiverServiceOnFlagSet:762 com.android.server.wm.Session.addToDisplay:217 android.view.IWindowSession$Stub.onTransact:124 com.android.server.wm.Session.onTransact:166 
01-01 00:37:43.413  1151  2264 D CompatibilityInfo: mCompatibilityFlags - 4
01-01 00:37:43.413  1151  2264 D CompatibilityInfo: applicationDensity - 240
01-01 00:37:43.413  1151  2264 D CompatibilityInfo: applicationScale - 1.0
01-01 00:37:43.414  1151  2264 D WindowManager: startStatusReceiverServiceOnFlagSet: startService done
01-01 00:37:43.417  1392  1392 W SYSTEM_UI: SWR_SYSTEM_UI_007|FUN=CollapsedStatusBarFragment::getAction |1|Broadcast action --> STATUS_UPDATE_ACTION
01-01 00:37:43.418  1392  1392 W SYSTEM_UI: SWR_SYSTEM_UI_007|FUN=CollapsedStatusBarFragment::getIntExtra |1|NotifySystemUpdates dataType --> 101
01-01 00:37:43.418  1392  1392 W SYSTEM_UI - CI07.3: className -> CollapsedStatusBarFragment | functionName -> NotifySystemUpdates | onReceive -->  | value -> FULLSCREEN MODE CHANGED | isFullScreenStatus --> false | fullScreenPackage -->com.panasonic.hmi2settings | fullscreenLastShownPackage -->null | topActivityPackage --> com.panasonic.hmi2settings
01-01 00:37:43.418  1392  1392 W SYSTEM_UI - CI07.3: className -> CollapsedStatusBarFragment | functionName -> NotifySystemUpdates | onReceive -->  | value -> Fullscreen mode changed --> path 5
01-01 00:37:43.419  3739  3739 W HMI2-SETTINGS: SWR_BAIDU_HMI_0015|FUN=WifiActivity::addView|0|Display password enter dialog with addView method.
01-01 00:37:43.419  3739  3739 W HMI2-SETTINGS: SWR_BAIDU_HMI_0027|FUN=WifiActivity::addView|0|Display password enter dialog with addView method.
01-01 00:37:43.421  3739  3739 W HMI2-SETTINGS - CI08.4: className -> WifiActivity | functionName -> setOnFocusChangeListener :   | value -> hasFocus:true
01-01 00:37:43.422  1151  1538 D mEnabledInputMethodsStrCache: com.android.inputmethods.latin/.LatinIME
01-01 00:37:43.422  1151  1538 D systemLanguageCode: en__GB
01-01 00:37:43.423  1151  1538 D mEnabledInputMethodsStrCache: com.android.inputmethods.latin/.LatinIME
01-01 00:37:43.426  1151  1538 D mEnabledInputMethodsStrCache: com.android.inputmethods.latin/.LatinIME
01-01 00:37:43.426  1151  1538 D systemLanguageCode: en__GB
01-01 00:37:43.426  1151  1538 D mEnabledInputMethodsStrCache: com.android.inputmethods.latin/.LatinIME
01-01 00:37:43.428  1151  2233 D mEnabledInputMethodsStrCache: com.android.inputmethods.latin/.LatinIME
01-01 00:37:43.428  1151  2233 D systemLanguageCode: en__GB
01-01 00:37:43.428  1151  2233 D mEnabledInputMethodsStrCache: com.android.inputmethods.latin/.LatinIME
01-01 00:37:43.429  1151  2233 D mEnabledInputMethodsStrCache: com.android.inputmethods.latin/.LatinIME
01-01 00:37:43.429  1151  2233 D systemLanguageCode: en__GB
01-01 00:37:43.429  1151  2233 D mEnabledInputMethodsStrCache: com.android.inputmethods.latin/.LatinIME
01-01 00:37:43.431  1151  1538 D WindowManager: relayout packageName=com.panasonic.hmi2settings::session=Session{c47ecfc 3739:1000}::window=android.view.IWindow$Stub$Proxy@abd5454::attrs.flags=1000100
01-01 00:37:43.431  1151  2233 D mEnabledInputMethodsStrCache: com.android.inputmethods.latin/.LatinIME
01-01 00:37:43.431  1151  2233 D systemLanguageCode: en__GB
01-01 00:37:43.431  1151  1538 D WindowManager: relayout >>> FLAG_FULLSCREEN not set in WindowManager.LayoutParams
01-01 00:37:43.431  1151  1538 D WindowManager: startStatusReceiverServiceOnFlagSet: creating intent for action ACTION_ACTIVITY_FULLSCREEN
01-01 00:37:43.431  1151  2233 D mEnabledInputMethodsStrCache: com.android.inputmethods.latin/.LatinIME
01-01 00:37:43.431  1151  2233 D mEnabledInputMethodsStrCache: com.android.inputmethods.latin/.LatinIME
01-01 00:37:43.431  1151  2233 D systemLanguageCode: en__GB
01-01 00:37:43.431  1151  2233 D mEnabledInputMethodsStrCache: com.android.inputmethods.latin/.LatinIME
01-01 00:37:43.431  1151  1538 W ContextImpl: Calling a method in the system process without a qualified user: android.app.ContextImpl.startService:1476 com.android.server.wm.Session.startStatusReceiverServiceOnFlagSet:762 com.android.server.wm.Session.relayout:276 android.view.IWindowSession$Stub.onTransact:286 com.android.server.wm.Session.onTransact:166 
01-01 00:37:43.432  1151  1538 D CompatibilityInfo: mCompatibilityFlags - 4
01-01 00:37:43.432  1151  1538 D CompatibilityInfo: applicationDensity - 240
01-01 00:37:43.432  1151  1538 D CompatibilityInfo: applicationScale - 1.0
01-01 00:37:43.432  1151  1538 D WindowManager: startStatusReceiverServiceOnFlagSet: startService done
01-01 00:37:43.432  1379  1379 I LatinIME: SWR_HMISERVICE_SPELLER_MF_001||FUN=onStartInputViewInternal || 1 || Starting input. Cursor position = -1,-1
01-01 00:37:43.436  1392  1392 W SYSTEM_UI: SWR_SYSTEM_UI_007|FUN=CollapsedStatusBarFragment::getAction |1|Broadcast action --> STATUS_UPDATE_ACTION
01-01 00:37:43.437  1392  1392 W SYSTEM_UI: SWR_SYSTEM_UI_007|FUN=CollapsedStatusBarFragment::getIntExtra |1|NotifySystemUpdates dataType --> 101
01-01 00:37:43.437  1392  1392 W SYSTEM_UI - CI07.3: className -> CollapsedStatusBarFragment | functionName -> NotifySystemUpdates | onReceive -->  | value -> FULLSCREEN MODE CHANGED | isFullScreenStatus --> false | fullScreenPackage -->com.panasonic.hmi2settings | fullscreenLastShownPackage -->null | topActivityPackage --> com.panasonic.hmi2settings
01-01 00:37:43.437  1392  1392 W SYSTEM_UI - CI07.3: className -> CollapsedStatusBarFragment | functionName -> NotifySystemUpdates | onReceive -->  | value -> Fullscreen mode changed --> path 5
01-01 00:37:43.451  3675 12849 W UiDevice: Skipping null root node for window: AccessibilityWindowInfo[title=Settingsid=598, type=TYPE_APPLICATION, layer=21020, bounds=Rect(0, 0 - 1920, 1080), focused=false, active=false, pictureInPicture=false, hasParent=false, isAnchored=false, hasChildren=false]
01-01 00:37:43.451  3675 12849 W ByMatcher: Node returned null child: android.view.accessibility.AccessibilityNodeInfo@7442; boundsInParent: Rect(0, 0 - 1920, 104); boundsInScreen: Rect(0, 0 - 1920, 104); packageName: com.android.systemui; className: android.widget.FrameLayout; text: null; error: null; maxTextLength: -1; contentDescription: null; viewIdResName: null; checkable: false; checked: false; focusable: false; focused: false; selected: false; clickable: false; longClickable: false; contextClickable: false; enabled: true; password: false; scrollable: false; importantForAccessibility: true; actions: [AccessibilityAction: ACTION_SELECT - null, AccessibilityAction: ACTION_CLEAR_SELECTION - null, AccessibilityAction: ACTION_ACCESSIBILITY_FOCUS - null, AccessibilityAction: ACTION_SHOW_ON_SCREEN - null]
01-01 00:37:43.452  3675 12849 W ByMatcher: Skipping null child (0 of 4)
01-01 00:37:43.452  3675 12849 W ByMatcher: Skipping null child (1 of 4)
01-01 00:37:43.453  3675 12849 W ByMatcher: Skipping null child (2 of 4)
01-01 00:37:43.455  3675 12849 W ByMatcher: Skipping null child (3 of 4)
01-01 00:37:43.457  3675 12849 W ByMatcher: Node returned null child: android.view.accessibility.AccessibilityNodeInfo@7442; boundsInParent: Rect(0, 0 - 1920, 104); boundsInScreen: Rect(0, 0 - 1920, 104); packageName: com.android.systemui; className: android.widget.FrameLayout; text: null; error: null; maxTextLength: -1; contentDescription: null; viewIdResName: null; checkable: false; checked: false; focusable: false; focused: false; selected: false; clickable: false; longClickable: false; contextClickable: false; enabled: true; password: false; scrollable: false; importantForAccessibility: true; actions: [AccessibilityAction: ACTION_SELECT - null, AccessibilityAction: ACTION_CLEAR_SELECTION - null, AccessibilityAction: ACTION_ACCESSIBILITY_FOCUS - null, AccessibilityAction: ACTION_SHOW_ON_SCREEN - null]
01-01 00:37:43.457  3675 12849 W ByMatcher: Skipping null child (0 of 4)
01-01 00:37:43.458  3675 12849 W ByMatcher: Skipping null child (1 of 4)
01-01 00:37:43.459  3675 12849 W ByMatcher: Skipping null child (2 of 4)
01-01 00:37:43.460  3675 12849 W ByMatcher: Skipping null child (3 of 4)
01-01 00:37:43.461  3675 12849 W ByMatcher: Node returned null child: android.view.accessibility.AccessibilityNodeInfo@80006f14; boundsInParent: Rect(0, 0 - 1920, 1080); boundsInScreen: Rect(0, 0 - 1920, 1080); packageName: com.panasonic.hmi2settings; className: android.widget.FrameLayout; text: null; error: null; maxTextLength: -1; contentDescription: null; viewIdResName: null; checkable: false; checked: false; focusable: false; focused: false; selected: false; clickable: false; longClickable: false; contextClickable: false; enabled: true; password: false; scrollable: false; importantForAccessibility: true; actions: [AccessibilityAction: ACTION_SELECT - null, AccessibilityAction: ACTION_CLEAR_SELECTION - null, AccessibilityAction: ACTION_ACCESSIBILITY_FOCUS - null, AccessibilityAction: ACTION_SHOW_ON_SCREEN - null]
01-01 00:37:43.462  3675 12849 W ByMatcher: Skipping null child (0 of 1)
01-01 00:37:43.463  3675 12849 W ByMatcher: Node returned null child: android.view.accessibility.AccessibilityNodeInfo@80006f14; boundsInParent: Rect(0, 0 - 1920, 1080); boundsInScreen: Rect(0, 0 - 1920, 1080); packageName: com.panasonic.hmi2settings; className: android.widget.FrameLayout; text: null; error: null; maxTextLength: -1; contentDescription: null; viewIdResName: null; checkable: false; checked: false; focusable: false; focused: false; selected: false; clickable: false; longClickable: false; contextClickable: false; enabled: true; password: false; scrollable: false; importantForAccessibility: true; actions: [AccessibilityAction: ACTION_SELECT - null, AccessibilityAction: ACTION_CLEAR_SELECTION - null, AccessibilityAction: ACTION_ACCESSIBILITY_FOCUS - null, AccessibilityAction: ACTION_SHOW_ON_SCREEN - null]
01-01 00:37:43.463  3675 12849 W ByMatcher: Skipping null child (0 of 1)
01-01 00:37:43.515  1379  1379 I InputAttributes: InputType.TYPE_NULL is specified
01-01 00:37:43.518  1151  1416 D mEnabledInputMethodsStrCache: com.android.inputmethods.latin/.LatinIME
01-01 00:37:43.518  1151  1416 D systemLanguageCode: en__GB
01-01 00:37:43.519  1151  1416 D mEnabledInputMethodsStrCache: com.android.inputmethods.latin/.LatinIME
01-01 00:37:43.520  1379  1379 V KeyboardState: onLoadKeyboard: [keyboard=UNSHIFTED shift=RELEASING symbol=RELEASING switch=ALPHA] autoCapsFlags=none recapitalizeMode=undefined
01-01 00:37:43.521  1379  1379 D KeyboardState: setAlphabetKeyboard: [keyboard=UNSHIFTED shift=RELEASING symbol=RELEASING switch=ALPHA] autoCapsFlags=none recapitalizeMode=undefined
01-01 00:37:43.521  1379  1379 D KeyboardSwitcher: setAlphabetKeyboard
01-01 00:37:43.522  1151  1538 D mEnabledInputMethodsStrCache: com.android.inputmethods.latin/.LatinIME
01-01 00:37:43.522  1151  1538 D systemLanguageCode: en__GB
01-01 00:37:43.522  1151  1538 D mEnabledInputMethodsStrCache: com.android.inputmethods.latin/.LatinIME
01-01 00:37:43.523  1379  1379 D KeyboardSwitcher: requestUpdatingShiftState:  autoCapsFlags=none recapitalizeMode=undefined
01-01 00:37:43.523  1379  1379 D KeyboardState: onUpdateShiftState: [keyboard=UNSHIFTED shift=RELEASING symbol=RELEASING switch=ALPHA] autoCapsFlags=none recapitalizeMode=undefined
01-01 00:37:43.523  1379  1379 D KeyboardState: setShifted: shiftMode=UNSHIFT [keyboard=UNSHIFTED shift=RELEASING symbol=RELEASING switch=ALPHA]
01-01 00:37:43.524  1151  2229 D mEnabledInputMethodsStrCache: com.android.inputmethods.latin/.LatinIME
01-01 00:37:43.524  1151  2229 D systemLanguageCode: en__GB
01-01 00:37:43.524  1151  2229 D mEnabledInputMethodsStrCache: com.android.inputmethods.latin/.LatinIME
01-01 00:37:43.525  1151  1538 D mEnabledInputMethodsStrCache: com.android.inputmethods.latin/.LatinIME
01-01 00:37:43.525  1151  1538 D systemLanguageCode: en__GB
01-01 00:37:43.525  1151  1538 D mEnabledInputMethodsStrCache: com.android.inputmethods.latin/.LatinIME
01-01 00:37:43.526  1379  1379 I NuanceUtil: Language text: en_GB, Language code: 5
01-01 00:37:43.526  1379  1379 I NuanceLog: Active Language: ET9LIDEnglish_UK
01-01 00:37:43.526  1379  1379 I NuanceLog: Active LDB: /system/etc/RSESpeller/configs/LDBs/v13.1.0/englishuk/ENubUNUK_xt9_ALM3.ldb
01-01 00:37:43.526  1379  1379 I LatinIME: Nuance API Initialized successfully
01-01 00:37:43.527  1379  1379 I LatinIME: Suggestion strip view visibility gone
01-01 00:37:43.527  1151  1538 D mEnabledInputMethodsStrCache: com.android.inputmethods.latin/.LatinIME
01-01 00:37:43.527  1151  1538 D systemLanguageCode: en__GB
01-01 00:37:43.527  1151  1538 D mEnabledInputMethodsStrCache: com.android.inputmethods.latin/.LatinIME
01-01 00:37:43.527  1151  1538 D mEnabledInputMethodsStrCache: com.android.inputmethods.latin/.LatinIME
01-01 00:37:43.527  1151  1538 D systemLanguageCode: en__GB
01-01 00:37:43.528  1151  1538 D mEnabledInputMethodsStrCache: com.android.inputmethods.latin/.LatinIME
01-01 00:37:43.530  1151  1538 D mEnabledInputMethodsStrCache: com.android.inputmethods.latin/.LatinIME
01-01 00:37:43.530  1151  1538 D systemLanguageCode: en__GB
01-01 00:37:43.530  1151  1538 D mEnabledInputMethodsStrCache: com.android.inputmethods.latin/.LatinIME
01-01 00:37:43.530  1151  1538 D mEnabledInputMethodsStrCache: com.android.inputmethods.latin/.LatinIME
01-01 00:37:43.530  1151  1538 D systemLanguageCode: en__GB
01-01 00:37:43.530  1151  1538 D mEnabledInputMethodsStrCache: com.android.inputmethods.latin/.LatinIME
01-01 00:37:43.533  1151  1538 D WindowManager: relayout packageName=com.android.inputmethods.latin::session=Session{ca2ba78 1379:1000}::window=android.view.IWindow$Stub$Proxy@5d27743::attrs.flags=800108
01-01 00:37:43.533  1151  1538 D WindowManager: relayout >>> FLAG_FULLSCREEN not set in WindowManager.LayoutParams
01-01 00:37:43.533  1151  1538 D WindowManager: startStatusReceiverServiceOnFlagSet: creating intent for action ACTION_ACTIVITY_FULLSCREEN
01-01 00:37:43.533  1151  1538 W ContextImpl: Calling a method in the system process without a qualified user: android.app.ContextImpl.startService:1476 com.android.server.wm.Session.startStatusReceiverServiceOnFlagSet:762 com.android.server.wm.Session.relayout:276 android.view.IWindowSession$Stub.onTransact:286 com.android.server.wm.Session.onTransact:166 
01-01 00:37:43.534  1151  1538 D CompatibilityInfo: mCompatibilityFlags - 4
01-01 00:37:43.534  1151  1538 D CompatibilityInfo: applicationDensity - 240
01-01 00:37:43.534  1151  1538 D CompatibilityInfo: applicationScale - 1.0
01-01 00:37:43.535  1151  1538 D WindowManager: startStatusReceiverServiceOnFlagSet: startService done
01-01 00:37:43.539  1392  1392 W SYSTEM_UI: SWR_SYSTEM_UI_007|FUN=CollapsedStatusBarFragment::getAction |1|Broadcast action --> STATUS_UPDATE_ACTION
01-01 00:37:43.540  1392  1392 W SYSTEM_UI: SWR_SYSTEM_UI_007|FUN=CollapsedStatusBarFragment::getIntExtra |1|NotifySystemUpdates dataType --> 101
01-01 00:37:43.540  1392  1392 W SYSTEM_UI - CI07.3: className -> CollapsedStatusBarFragment | functionName -> NotifySystemUpdates | onReceive -->  | value -> FULLSCREEN MODE CHANGED | isFullScreenStatus --> false | fullScreenPackage -->com.android.inputmethods.latin | fullscreenLastShownPackage -->null | topActivityPackage --> com.panasonic.hmi2settings
01-01 00:37:43.540  1392  1392 W SYSTEM_UI - CI07.3: className -> CollapsedStatusBarFragment | functionName -> NotifySystemUpdates | onReceive -->  | value -> Fullscreen mode changed --> path 0
01-01 00:37:43.552  1151  1538 D mEnabledInputMethodsStrCache: com.android.inputmethods.latin/.LatinIME
01-01 00:37:43.552  1151  1538 D systemLanguageCode: en__GB
01-01 00:37:43.552  1151  1538 D mEnabledInputMethodsStrCache: com.android.inputmethods.latin/.LatinIME
01-01 00:37:43.553  1151  1538 D mEnabledInputMethodsStrCache: com.android.inputmethods.latin/.LatinIME
01-01 00:37:43.553  1151  1538 D systemLanguageCode: en__GB
01-01 00:37:43.553  1151  1538 D mEnabledInputMethodsStrCache: com.android.inputmethods.latin/.LatinIME
01-01 00:37:43.555  1151  1538 D mEnabledInputMethodsStrCache: com.android.inputmethods.latin/.LatinIME
01-01 00:37:43.555  1151  1538 D systemLanguageCode: en__GB
01-01 00:37:43.555  1151  1538 D mEnabledInputMethodsStrCache: com.android.inputmethods.latin/.LatinIME
01-01 00:37:43.556  1151  1538 D mEnabledInputMethodsStrCache: com.android.inputmethods.latin/.LatinIME
01-01 00:37:43.556  1151  1538 D systemLanguageCode: en__GB
01-01 00:37:43.556  1151  1538 D mEnabledInputMethodsStrCache: com.android.inputmethods.latin/.LatinIME
01-01 00:37:43.556  1151  1538 D mEnabledInputMethodsStrCache: com.android.inputmethods.latin/.LatinIME
01-01 00:37:43.557  1151  1538 D systemLanguageCode: en__GB
01-01 00:37:43.557  1151  1538 D mEnabledInputMethodsStrCache: com.android.inputmethods.latin/.LatinIME
01-01 00:37:43.558  1379  1379 I LatinIME: SWR_HMISERVICE_SPELLER_MF_001||FUN=onStartInputViewInternal || 1 || Starting input. Cursor position = 0,0
01-01 00:37:43.577  1151  1538 D mEnabledInputMethodsStrCache: com.android.inputmethods.latin/.LatinIME
01-01 00:37:43.577  1151  1538 D systemLanguageCode: en__GB
01-01 00:37:43.577  1151  1538 D mEnabledInputMethodsStrCache: com.android.inputmethods.latin/.LatinIME
01-01 00:37:43.578  1379  1379 V KeyboardState: onLoadKeyboard: [keyboard=UNSHIFTED shift=RELEASING symbol=RELEASING switch=ALPHA] autoCapsFlags=none recapitalizeMode=undefined
01-01 00:37:43.578  1379  1379 D KeyboardState: setAlphabetKeyboard: [keyboard=UNSHIFTED shift=RELEASING symbol=RELEASING switch=ALPHA] autoCapsFlags=none recapitalizeMode=undefined
01-01 00:37:43.578  1379  1379 D KeyboardSwitcher: setAlphabetKeyboard
01-01 00:37:43.579  1151  1538 D mEnabledInputMethodsStrCache: com.android.inputmethods.latin/.LatinIME
01-01 00:37:43.579  1151  1538 D systemLanguageCode: en__GB
01-01 00:37:43.579  1151  1538 D mEnabledInputMethodsStrCache: com.android.inputmethods.latin/.LatinIME
01-01 00:37:43.580  1379  1379 D KeyboardSwitcher: requestUpdatingShiftState:  autoCapsFlags=none recapitalizeMode=undefined
01-01 00:37:43.580  1379  1379 D KeyboardState: onUpdateShiftState: [keyboard=UNSHIFTED shift=RELEASING symbol=RELEASING switch=ALPHA] autoCapsFlags=none recapitalizeMode=undefined
01-01 00:37:43.580  1379  1379 D KeyboardState: setShifted: shiftMode=UNSHIFT [keyboard=UNSHIFTED shift=RELEASING symbol=RELEASING switch=ALPHA]
01-01 00:37:43.580  1151  1538 D mEnabledInputMethodsStrCache: com.android.inputmethods.latin/.LatinIME
01-01 00:37:43.580  1151  1538 D systemLanguageCode: en__GB
01-01 00:37:43.580  1151  1538 D mEnabledInputMethodsStrCache: com.android.inputmethods.latin/.LatinIME
01-01 00:37:43.581  1151  1416 D mEnabledInputMethodsStrCache: com.android.inputmethods.latin/.LatinIME
01-01 00:37:43.581  1151  1416 D systemLanguageCode: en__GB
01-01 00:37:43.581  1151  1416 D mEnabledInputMethodsStrCache: com.android.inputmethods.latin/.LatinIME
01-01 00:37:43.582  1379  1379 I NuanceUtil: Language text: en_GB, Language code: 5
01-01 00:37:43.582  1379  1379 I NuanceLog: Active Language: ET9LIDEnglish_UK
01-01 00:37:43.582  1379  1379 I NuanceLog: Active LDB: /system/etc/RSESpeller/configs/LDBs/v13.1.0/englishuk/ENubUNUK_xt9_ALM3.ldb
01-01 00:37:43.582  1379  1379 I LatinIME: Nuance API Initialized successfully
01-01 00:37:43.583  1379  1379 I LatinIME: Suggestion strip view visibility gone
01-01 00:37:43.584  1151  1538 D mEnabledInputMethodsStrCache: com.android.inputmethods.latin/.LatinIME
01-01 00:37:43.584  1151  1538 D systemLanguageCode: en__GB
01-01 00:37:43.584  1151  1538 D mEnabledInputMethodsStrCache: com.android.inputmethods.latin/.LatinIME
01-01 00:37:43.585  1151  1538 D mEnabledInputMethodsStrCache: com.android.inputmethods.latin/.LatinIME
01-01 00:37:43.585  1151  1538 D systemLanguageCode: en__GB
01-01 00:37:43.585  1151  1538 D mEnabledInputMethodsStrCache: com.android.inputmethods.latin/.LatinIME
01-01 00:37:43.734  1933  1957 D LCMANDR : SWR_OOB_HV_MF_009|FUN=LifeCycleManagerService::LifeCycle_ReportCompStatus|GOT ALIVENESS SIGNAL FROM DAIAPP : [0]; HB Counter = [ 892 ]; STATUS INFO = [ 0 ]
01-01 00:37:43.734  1519  1519 I Connectivity_AIDL|AIDL_Handler.AIDL_Helpers.LcmHelper: MBUX App Method: KeepAliveTest |Line No: 408 |Log Type: Critical |Message: MainThread:MBUX-App HB Count: 894, ResponseCode: 0
01-01 00:37:43.842   729   748 I sssv-lib: sendMsg enter
01-01 00:37:43.842   729   748 I sssv-lib: sendMsg complete.
01-01 00:37:44.158  1151  1538 D CompatibilityInfo: mCompatibilityFlags - 4
01-01 00:37:44.158  1151  1538 D CompatibilityInfo: applicationDensity - 240
01-01 00:37:44.158  1151  1538 D CompatibilityInfo: applicationScale - 1.0
01-01 00:37:44.159  2145  2145 D HMI_SERVICE: USE_CASE_NA|FUN=StoragedJobIntentService::onCreate|1|init
01-01 00:37:44.163  2145 10175 D HMI_SERVICE: USE_CASE_NA|FUN=StoragedJobIntentService::onHandleIntent|1|ACTION_MONITOR_APPS
01-01 00:37:44.164  2145 10175 I HMI_SERVICE: USE_CASE_NA|FUN=StoragedJobIntentService::onHandleIntent|1|msg:storageType:64totalWriteValue371974144
01-01 00:37:44.164  2145 10175 D HMI_SERVICE: USE_CASE_NA|FUN=StoragedJobIntentService::initMonitorApps|1|init
01-01 00:37:44.165  2145 10175 D HMI_SERVICE: USE_CASE_NA|FUN=EmmcUtils::getAppUid|1|uid:10027
01-01 00:37:44.166  2145 10175 D HMI_SERVICE: USE_CASE_NA|FUN=EmmcUtils::getAppUid|1|uid:10033
01-01 00:37:44.167  2677  2692 W ANDR_PERSISTENCY_CLIENT: SWR_PERSISTENCE_HV_LA_MF_0003|FUN=VCPUPersistenceService::executeLinuxCommand|0| init 
01-01 00:37:44.167  2677  2692 W ContextImpl: Calling a method in the system process without a qualified user: android.app.ContextImpl.startService:1476 android.content.ContextWrapper.startService:650 com.panasonic.dairse.vcpupersistence.VCPUPersistenceService$1.executeLinuxCommand:392 com.panasonic.dairse.vcpupersistence.IVCPUPersistenceService$Stub.onTransact:437 android.os.Binder.execTransact:706 
01-01 00:37:44.168  2145  2145 D HMI_SERVICE: USE_CASE_NA|FUN=StoragedJobIntentService::onDestroy|1|init
01-01 00:37:44.170  1151  1416 D CompatibilityInfo: mCompatibilityFlags - 4
01-01 00:37:44.170  1151  1416 D CompatibilityInfo: applicationDensity - 240
01-01 00:37:44.170  1151  1416 D CompatibilityInfo: applicationScale - 1.0
01-01 00:37:44.172  2677 12854 W ANDR_PERSISTENCY_CLIENT: SWR_PERSISTENCE_HV_LA_MF_0004|FUN=UT_VCPUService:: onHandleIntent |2| [action] 16
01-01 00:37:44.172  2677 12854 W ANDR_PERSISTENCY_CLIENT: SWR_PERSISTENCE_HV_LA_MF_0003|FUN=PersConnHandler:: executeLinuxCommand |2| [id] execute_procedure
01-01 00:37:44.172  2677 12854 W ANDR_PERSISTENCY_CLIENT: SWR_PERSISTENCE_HV_LA_MF_0005|FUN=TCPHandler:: getInstance |2|msg: invoked 
01-01 00:37:44.172  2677 12854 W ANDR_PERSISTENCY_CLIENT: SWR_PERSISTENCE_HV_LA_MF_0005|FUN=TCPHandler::sendWriteRequestToPersistenceLinux|2|key= 0commandKey= 5 data= [99, 97, 116, 32, 47, 112, 114, 111, 99, 47, 100, 105, 115, 107, 115, 116, 97, 116, 115]
01-01 00:37:44.173  2677 12854 W ANDR_PERSISTENCY_CLIENT: SWR_PERSISTENCE_HV_LA_MF_0005|FUN=TCPHandler:: getUID |2|msg: invoked 
01-01 00:37:44.173  2677 12854 W ANDR_PERSISTENCY_CLIENT: SWR_PERSISTENCE_HV_LA_MF_0005|FUN=TCPHandler:: setAction |2|msg:setAction=1
01-01 00:37:44.173  2677 12854 W ANDR_PERSISTENCY_CLIENT: SWR_PERSISTENCE_HV_LA_MF_0005|FUN=TCPHandler:: setUID |2|msg:uid=-35
01-01 00:37:44.173  2677 12854 W ANDR_PERSISTENCY_CLIENT: SWR_PERSISTENCE_HV_LA_MF_0005|FUN=TCPHandler:: setKey |2|msg:uid=-35
01-01 00:37:44.173  2677 12854 W ANDR_PERSISTENCY_CLIENT: SWR_PERSISTENCE_HV_LA_MF_0005|FUN=TCPHandler::setCommandKey|2|msg:commandKey=5
01-01 00:37:44.173  2677 12854 W ANDR_PERSISTENCY_CLIENT: SWR_PERSISTENCE_HV_LA_MF_0005|FUN=TCPHandler::sendWriteRequestToPersistenceLinux|2|listKey=-35_5;keyString=0x00;key=0;command=cat /proc/diskstats
01-01 00:37:44.173  2677  2725 W ANDR_PERSISTENCY_CLIENT: SWR_PERSISTENCE_HV_LA_MF_0005|FUN=TCPHandler:: getAction |2|msg:getAction=1
01-01 00:37:44.173  2677  2725 W ANDR_PERSISTENCY_CLIENT: SWR_PERSISTENCE_HV_LA_MF_0005|FUN=TCPHandler:: sender:ACTION_REQUEST |2|msg:condition 
01-01 00:37:44.173  2677  2725 W ANDR_PERSISTENCY_CLIENT: SWR_PERSISTENCE_HV_LA_MF_0005|FUN=TCPHandler:: getWrappedData |2|msg: msg com.panasonic.dairse.vcpupersistence.TCPHandler$Message@209f0f3
01-01 00:37:44.173  2677  2725 W ANDR_PERSISTENCY_CLIENT: SWR_PERSISTENCE_HV_LA_MF_0005|FUN=TCPHandler::getCommandKey|2|msg:commandKey=5
01-01 00:37:44.173  2677  2725 W ANDR_PERSISTENCY_CLIENT: SWR_PERSISTENCE_HV_LA_MF_0005|FUN=TCPHandler:: intToBytes |2| data 19
01-01 00:37:44.173  2677  2725 W ANDR_PERSISTENCY_CLIENT: SWR_PERSISTENCE_HV_LA_MF_0005|FUN=TCPHandler:: intToBytes |2| data 31
01-01 00:37:44.173  2677  2725 W ANDR_PERSISTENCY_CLIENT: SWR_PERSISTENCE_HV_LA_MF_0005|FUN=TCPHandler:: getUID |2|msg:uid=-35
01-01 00:37:44.174  2677  2725 W ANDR_PERSISTENCY_CLIENT: SWR_PERSISTENCE_HV_LA_MF_0005|FUN=TCPHandler::start|2|msg:sender::msg=[0, 0, 0, 31, 1, -35, 5, 4, 48, 120, 48, 48, 0, 0, 0, 19, 99, 97, 116, 32, 47, 112, 114, 111, 99, 47, 100, 105, 115, 107, 115, 116, 97, 116, 115]
01-01 00:37:44.174  2677  2725 W ANDR_PERSISTENCY_CLIENT: SWR_PERSISTENCE_HV_LA_MF_0005|FUN=TCPHandler:: sender : Thread.interrupted() |2|msg:condition 
01-01 00:37:44.183  2677  2726 W ANDR_PERSISTENCY_CLIENT: SWR_PERSISTENCE_HV_LA_MF_0005|FUN=TCPHandler::start|2|msg:receiver::run: size of totalLength 4
01-01 00:37:44.183  2677  2726 W ANDR_PERSISTENCY_CLIENT: SWR_PERSISTENCE_HV_LA_MF_0005|FUN=TCPHandler::start|2|msg:receiver::run: totalLength is > 0
01-01 00:37:44.183  2677  2726 W ANDR_PERSISTENCY_CLIENT: SWR_PERSISTENCE_HV_LA_MF_0005|FUN=TCPHandler::start|2|msg:receiver::response length= 3843
