01-01 01:02:19.618  1392  1392 W SYSTEM_UI - CI07.3: className -> CollapsedStatusBarFragment | functionName -> NotifySystemUpdates | onReceive -->  | value -> FULLSCREEN MODE CHANGED | isFullScreenStatus --> true | fullScreenPackage -->com.daimler.rse.ntg6 | fullscreenLastShownPackage -->null | topActivityPackage --> com.daimler.rse.ntg6
01-01 01:02:19.618  1392  1392 W SYSTEM_UI - CI07.3: className -> CollapsedStatusBarFragment | functionName -> NotifySystemUpdates | onReceive -->  | value -> Fullscreen mode changed --> path 1
01-01 01:02:19.619  1392  1392 W SYSTEM_UI - CI07.3: className -> CollapsedStatusBarFragment | functionName -> NotifySystemUpdates | onReceive -->  | value -> Fullscreen mode changed --> path 3
01-01 01:02:19.619   528   528 D SurfaceFlinger: duplicate layer name: changing com.daimler.rse.ntg6/md59d95dbab71941e137ef724fbceda5f0e.MainOverlayActivity to com.daimler.rse.ntg6/md59d95dbab71941e137ef724fbceda5f0e.MainOverlayActivity#1
01-01 01:02:19.634  1519  1519 I HomeScreen|HMI_Common.Fragments.MainOverlay.HomeScreenFragment: MBUX App Method: SetAppropriateImageResources |Line No: 921 |Log Type: Information |Message: SetAppropriateImageResources _receivedItems: AppExit browserstate: True
01-01 01:02:19.635  1519  1519 I HomeScreen|HMI_Common.Fragments.MainOverlay.HomeScreenFragment: MBUX App Method: SetAppropriateImageResources |Line No: 921 |Log Type: Information |Message: SetAppropriateImageResources _receivedItems: Settings browserstate: True
01-01 01:02:19.656  1392  1404 D CommandQueue: animate_trace: appTransitionStarting; duration=0;hardcoded forced=false to false
01-01 01:02:19.658  1392  1404 D CommandQueue: animate_trace: appTransitionFinished
01-01 01:02:19.663  1151  1192 I ActivityManager: Displayed com.daimler.rse.ntg6/md59d95dbab71941e137ef724fbceda5f0e.MainOverlayActivity: +260ms
01-01 01:02:19.665  1151  1192 E ANDR-PERF-JNI: Iop tryGetService failed
01-01 01:02:19.680  1151  8140 D WindowManager: relayout packageName=com.daimler.rse.ntg6::session=Session{6485514 1519:u0a10027}::window=android.view.IWindow$Stub$Proxy@8c89959::attrs.flags=null
01-01 01:02:19.680  1151  8140 D WindowManager: relayout >>> FLAG_FULLSCREEN not set in WindowManager.LayoutParams
01-01 01:02:19.680  1151  8140 D WindowManager: startStatusReceiverServiceOnFlagSet: creating intent for action ACTION_ACTIVITY_FULLSCREEN
01-01 01:02:19.681  1151  8140 W ContextImpl: Calling a method in the system process without a qualified user: android.app.ContextImpl.startService:1476 com.android.server.wm.Session.startStatusReceiverServiceOnFlagSet:762 com.android.server.wm.Session.relayout:276 android.view.IWindowSession$Stub.onTransact:286 com.android.server.wm.Session.onTransact:166 
01-01 01:02:19.681  1151  8140 D CompatibilityInfo: mCompatibilityFlags - 4
01-01 01:02:19.682  1151  8140 D CompatibilityInfo: applicationDensity - 240
01-01 01:02:19.682  1151  8140 D CompatibilityInfo: applicationScale - 1.0
01-01 01:02:19.682  1151  8140 D WindowManager: startStatusReceiverServiceOnFlagSet: startService done
01-01 01:02:19.685  1392  1392 W SYSTEM_UI: SWR_SYSTEM_UI_007|FUN=CollapsedStatusBarFragment::getAction |1|Broadcast action --> STATUS_UPDATE_ACTION
01-01 01:02:19.685  1392  1392 W SYSTEM_UI: SWR_SYSTEM_UI_007|FUN=CollapsedStatusBarFragment::getIntExtra |1|NotifySystemUpdates dataType --> 101
01-01 01:02:19.685  1392  1392 W SYSTEM_UI - CI07.3: className -> CollapsedStatusBarFragment | functionName -> NotifySystemUpdates | onReceive -->  | value -> FULLSCREEN MODE CHANGED | isFullScreenStatus --> false | fullScreenPackage -->com.daimler.rse.ntg6 | fullscreenLastShownPackage -->null | topActivityPackage --> com.daimler.rse.ntg6
01-01 01:02:19.685  1392  1392 W SYSTEM_UI - CI07.3: className -> CollapsedStatusBarFragment | functionName -> NotifySystemUpdates | onReceive -->  | value -> Fullscreen mode changed --> path 5
01-01 01:02:19.690  1151  8140 D WindowManager: relayout packageName=com.daimler.rse.ntg6::session=Session{6485514 1519:u0a10027}::window=android.view.IWindow$Stub$Proxy@6b485ff::attrs.flags=null
01-01 01:02:19.690  1151  8140 D WindowManager: relayout >>> FLAG_FULLSCREEN not set in WindowManager.LayoutParams
01-01 01:02:19.690  1151  8140 D WindowManager: startStatusReceiverServiceOnFlagSet: creating intent for action ACTION_ACTIVITY_FULLSCREEN
01-01 01:02:19.691  1151  8140 W ContextImpl: Calling a method in the system process without a qualified user: android.app.ContextImpl.startService:1476 com.android.server.wm.Session.startStatusReceiverServiceOnFlagSet:762 com.android.server.wm.Session.relayout:276 android.view.IWindowSession$Stub.onTransact:286 com.android.server.wm.Session.onTransact:166 
01-01 01:02:19.693  1151  8140 D CompatibilityInfo: mCompatibilityFlags - 4
01-01 01:02:19.693  1151  8140 D CompatibilityInfo: applicationDensity - 240
01-01 01:02:19.693  1151  8140 D CompatibilityInfo: applicationScale - 1.0
01-01 01:02:19.694  1151  8140 D WindowManager: startStatusReceiverServiceOnFlagSet: startService done
01-01 01:02:19.700  1151  8140 D ActivityTrigger: ActivityTrigger activityStopTrigger 
01-01 01:02:19.700  1392  1392 W SYSTEM_UI: SWR_SYSTEM_UI_007|FUN=CollapsedStatusBarFragment::getAction |1|Broadcast action --> STATUS_UPDATE_ACTION
01-01 01:02:19.700  1392  1392 W SYSTEM_UI: SWR_SYSTEM_UI_007|FUN=CollapsedStatusBarFragment::getIntExtra |1|NotifySystemUpdates dataType --> 101
01-01 01:02:19.701  1392  1392 W SYSTEM_UI - CI07.3: className -> CollapsedStatusBarFragment | functionName -> NotifySystemUpdates | onReceive -->  | value -> FULLSCREEN MODE CHANGED | isFullScreenStatus --> false | fullScreenPackage -->com.daimler.rse.ntg6 | fullscreenLastShownPackage -->null | topActivityPackage --> com.daimler.rse.ntg6
01-01 01:02:19.701  1392  1392 W SYSTEM_UI - CI07.3: className -> CollapsedStatusBarFragment | functionName -> NotifySystemUpdates | onReceive -->  | value -> Fullscreen mode changed --> path 5
01-01 01:02:19.701  1519  1519 V Activity: back_button: onSaveInstanceState entry:com.daimler.rse.ntg6.StartUpActivity@6d639f8
01-01 01:02:19.703  1519  1519 V Activity: onSaveInstanceState com.daimler.rse.ntg6.StartUpActivity@6d639f8: Bundle[{android:viewHierarchyState=Bundle[{android:views={16908290=android.view.AbsSavedState$1@4f57e89, 2131296938=android.view.AbsSavedState$1@4f57e89, 2131296939=android.view.AbsSavedState$1@4f57e89, 2131296940=android.view.AbsSavedState$1@4f57e89, 2131296941=android.view.AbsSavedState$1@4f57e89, 2131296942=android.view.AbsSavedState$1@4f57e89, 2131296943=android.view.AbsSavedState$1@4f57e89, 2131297551=android.view.AbsSavedState$1@4f57e89}}], android:lastAutofillId=1073741823, android:fragments=android.app.FragmentManagerState@3c8c845}]
01-01 01:02:19.703  1519  1519 I Connectivity|HMI_Common.Activities.StartUpActivity: MBUX App Method: OnStop |Line No: 235 |Log Type: Information |Message: StartUpActivity OnStop
01-01 01:02:19.703  1519  1519 V Activity: onStop com.daimler.rse.ntg6.StartUpActivity@6d639f8
01-01 01:02:19.705  1519  1519 I HomeScreen|HMI_Common.Activities.MainOverlayActivity: MBUX App Method: OnStop |Line No: 345 |Log Type: Information |Message: OnStop() BaseActivity
01-01 01:02:19.705  1519  1519 V Activity: onStop md59d95dbab71941e137ef724fbceda5f0e.MainOverlayActivity@d13b953
01-01 01:02:19.706  1519  1519 V Activity: onDestroy md59d95dbab71941e137ef724fbceda5f0e.MainOverlayActivity@d13b953
01-01 01:02:19.710  1519  1519 I TelephonyRse|HMI_Common.HMIBackend.Telephony.TelephonyBackend: MBUX App Method: UnSubscribeBtEvents |Line No: 51 |Log Type: Information |Message: UnSubscribing bluetooth events.
01-01 01:02:19.711  1519  1519 I Connectivity|HMI_Common.Activities.MainOverlayActivity: MBUX App Method: DeRegisterEntertainmentSharingEvents |Line No: 487 |Log Type: Critical |Message: OnDestroy:  for MainOverlayActivity...UN-registering for EntertainmentBackendEvents!!
01-01 01:02:19.711  1519  1519 I AudioManagement|HMI_Common.Activities.MainOverlayActivity: MBUX App Method: SubscribeEntertainmentSharingEvent |Line No: 31 |Log Type: Critical |Message: SetEntertainmentLister: False RegisterEntertainmentSharingEvents for ComponentInfo{com.daimler.rse.ntg6/md59d95dbab71941e137ef724fbceda5f0e.MainOverlayActivity}
01-01 01:02:19.711  1519  1519 I HomeScreen|HMI_Common.HMIBackend.CommonControlsBackend.BaseScreenBackend: MBUX App Method: IsAppKeepAliveSuccess |Line No: 775 |Log Type: Critical |Message: App Authentication Status : Checking keep alive status for : Player & status : True
01-01 01:02:19.711  1519  1519 I HomeScreen|HMI_Common.HMIBackend.CommonControlsBackend.BaseScreenBackend: MBUX App Method: IsAppKeepAliveSuccess |Line No: 775 |Log Type: Critical |Message: App Authentication Status : Checking keep alive status for : Tuner & status : True
01-01 01:02:19.711  1519  1519 I BaseScreen|HMI_Common.Activities.MainOverlayActivity: MBUX App Method: GetHMI2LaunchedFlag |Line No: 1231 |Log Type: Critical |Message: UpdateSharedPrefForRseRebooted() called
01-01 01:02:19.711  1519  1519 I HomeScreen|HMI_Common.Activities.MainOverlayActivity: MBUX App Method: RemoveScreenOnOffEvents |Line No: 1909 |Log Type: Critical |Message: RemoveScreenOnOffEvents called : HMI2 Launched : False
01-01 01:02:19.714  1519  1519 I BaseScreen|HMI_Common.HMIBackend.VolumeControl.VolumeControlBackend: MBUX App Method: UnsubscribePanaVolumeControlEvents |Line No: 98 |Log Type: Critical |Message: VolumeControlBackend UnsubscribePanaVolumeControlEvents() Called
01-01 01:02:19.714  1519  1519 I VolumeControl|HMI_Common.HMIBackend.VolumeControl.VolumeControlBackend: MBUX App Method: RemoveCacheProperties |Line No: 171 |Log Type: Critical |Message: VolumeControlBackend RemoveCacheProperties() called - _volumeControlApplication = 
01-01 01:02:19.714  1519  1519 I BaseScreen|HMI_Common.HMIBackend.CommonControlsBackend.BaseScreenBackend: MBUX App Method: UnsubscribeCabinAudioEvents |Line No: 98 |Log Type: Information |Message: UnsubscribeCabinAudioEvents
01-01 01:02:19.715  1519  1519 I BaseScreen|HMI_Common.Activities.MainOverlayActivity: MBUX App Method: Dispose |Line No: 1095 |Log Type: Critical |Message: Disposing basescreen views. Disposing value: True
01-01 01:02:20.408  3675 19075 D UIAutomatorStub: URI: /jsonrpc/0, Method: POST, Header: {content-length=176, remote-addr=127.0.0.1, http-client-ip=127.0.0.1, host=localhost:9009, content-type=application/json, connection=close, accept-encoding=identity, user-agent=Python-urllib/2.7}, params, {NanoHttpd.QUERY_STRING=null}, files: {postData={"params": [{"childOrSiblingSelector": [], "text": "Settings", "mask": 1, "childOrSibling": []}], "jsonrpc": "2.0", "method": "exist", "id": "fde288dbb1f699f1f7a446eed01a2bce"}}
01-01 01:02:20.414   729   748 I sssv-lib: sendMsg enter
01-01 01:02:20.414   729   748 I sssv-lib: sendMsg complete.
01-01 01:02:20.438  3675 19076 D UIAutomatorStub: URI: /jsonrpc/0, Method: POST, Header: {content-length=176, remote-addr=127.0.0.1, http-client-ip=127.0.0.1, host=localhost:9009, content-type=application/json, connection=close, accept-encoding=identity, user-agent=Python-urllib/2.7}, params, {NanoHttpd.QUERY_STRING=null}, files: {postData={"params": [{"childOrSiblingSelector": [], "text": "Settings", "mask": 1, "childOrSibling": []}], "jsonrpc": "2.0", "method": "click", "id": "481204ec0852ef944fa713206759cdfc"}}
01-01 01:02:20.470  1519  1519 I BaseScreen|HMI_Common.Activities.MainOverlayActivity: MBUX App Method: UpdateHMI2LaunchedFlag |Line No: 1222 |Log Type: Critical |Message: UpdateHMI2LaunchedFlag() called isLaunched = False
01-01 01:02:20.470  1519  1519 I BaseScreen|HMI_Common.HMIBackend.SharedPreferences.SharedPrefBackend: MBUX App Method: UpdateHMI2LaunchedFlag |Line No: 93 |Log Type: Critical |Message: UpdateHMI2LaunchedFlag called isLaunched = False
01-01 01:02:20.470  1519  1519 I HomeScreen|HMI_Common.Activities.MainOverlayActivity: MBUX App Method: HandleMainItemClickedEvent |Line No: 682 |Log Type: Critical |Message: Homescreen... HandleMainItemClickedEvent for : Settings, Position : 6 & isActive : True
01-01 01:02:20.471  1519  1519 I HomeScreen|HMI_Common.CustomComponents.MainOverlay.Adapters.OverlayItemAdapter: MBUX App Method: EnableFocusForAppropriateItem |Line No: 107 |Log Type: Information |Message: MainOverLayActivity, EnableFocusForAppropriateItem called for item : Settings, Call Trace :   at HMI_Common.CustomComponents.MainOverlay.Adapters.OverlayItemAdapter.EnableFocusForAppropriateItem (HMI_Common.CustomComponents.MainOverlay.Adapters.MainOverlayItems appropriateItem) [0x00000] in <f8fa5baf696a40f0aba99447f8842d83>:0 
01-01 01:02:20.471  1519  1519 I HomeScreen|HMI_Common.CustomComponents.MainOverlay.Adapters.OverlayItemAdapter:   at HMI_Common.Activities.MainOverlayActivity.HandleMainItemClickedEvent (HMI_Common.CustomComponents.MainOverlay.Adapters.MainOverlayItems items, System.Int32 position, System.Boolean isActive) [0x00000] in <f8fa5baf696a40f0aba99447f8842d83>:0 
01-01 01:02:20.471  1519  1519 I HomeScreen|HMI_Common.CustomComponents.MainOverlay.Adapters.OverlayItemAdapter:   at HMI_Common.Activities.MainOverlayActivity.HMI_Common.Fragments.MainOverlay.HomeScreenFragment.IInteractionListener.OnMainIconClicked (HMI_Common.CustomComponents.MainOverlay.Adapters.MainOverlayItems items, System.Int32 position, System.Boolean isActive) [0x00000] in <f8fa5baf696a40f0aba99447f8842d83>:0 
01-01 01:02:20.471  1519  1519 I HomeScreen|HMI_Common.CustomComponents.MainOverlay.Adapters.OverlayItemAdapter:   at HMI_Common.Fragments.MainOverlay.HomeScreenFragment.OnClicked (System.Object sender, System.EventArgs e) [0x00000] in <f8fa5baf696a40f0aba99447f8842d83>:0 
01-01 01:02:20.471  1519  1519 I HomeScreen|HMI_Common.CustomComponents.MainOverlay.Adapters.OverlayItemAdapter:   at Android.Views.View+IOnClickListenerImplementor.OnClick (Android.Views.View v) [0x00000] in <a978e35ae19444089185d9470330e432>:0 
01-01 01:02:20.471  1519  1519 I HomeScreen|HMI_Common.CustomComponents.MainOverlay.Adapters.OverlayItemAdapter:   at Android.Views.View+IOnClickListenerInvoker.n_OnClick_Landroid_view_View_ (System.IntPtr jnienv, System.IntPtr native__this, System.IntPtr native_v) [0x00000] in <a978e35ae19444089185d9470330e432>:0 
01-01 01:02:20.471  1519  1519 I HomeScreen|HMI_Common.CustomComponents.MainOverlay.Adapters.OverlayItemAdapter:   at Android.Runtime.DynamicMethodNameCounter.24 (System.IntPtr , System.IntPtr , System.IntPtr ) [0x00000] in <a978e35ae19444089185d9470330e432>:0 
01-01 01:02:20.472  1519  1519 I HomeScreen|HMI_Common.Activities.MainOverlayActivity: MBUX App Method: HandleMainItemClickedEvent |Line No: 762 |Log Type: Information |Message: Homescreen...Settings launched TA_HOMESCREEN_SETTINGS_LAUNCHED_
01-01 01:02:20.473  1151  2233 I ActivityManager: START u0 {flg=0x4000000 cmp=com.daimler.rse.ntg6/md59d95dbab71941e137ef724fbceda5f0e.SettingsBaseActivity} from uid 10027
01-01 01:02:20.474   635   635 E ANDR-PERF-TARGET: Error: Invalid logical cluster id 0
01-01 01:02:20.474   635   635 E ANDR-PERF-MPCTL: invalid request, no optimizations performed
01-01 01:02:20.478  1151  2233 D ActivityTrigger: activityStartTrigger: Activity is Triggerred in full screen ApplicationInfo{4ed449e com.daimler.rse.ntg6}
01-01 01:02:20.478  1151  2233 E ActivityTrigger: activityStartTrigger: not whiteListedcom.daimler.rse.ntg6/md59d95dbab71941e137ef724fbceda5f0e.SettingsBaseActivity/5
01-01 01:02:20.478  1151  2233 D CompatibilityInfo: mCompatibilityFlags - 4
01-01 01:02:20.478  1151  2233 D CompatibilityInfo: applicationDensity - 240
01-01 01:02:20.478  1151  2233 D CompatibilityInfo: applicationScale - 1.0
01-01 01:02:20.480  1151  2233 D ActivityTrigger: activityResumeTrigger: The activity in ApplicationInfo{4ed449e com.daimler.rse.ntg6} is now in focus and seems to be in full-screen mode
01-01 01:02:20.480  1151  2233 E ActivityTrigger: activityResumeTrigger: not whiteListedcom.daimler.rse.ntg6/md59d95dbab71941e137ef724fbceda5f0e.SettingsBaseActivity/5
01-01 01:02:20.480  1151  2233 D ActivityTrigger: ActivityTrigger activityPauseTrigger 
01-01 01:02:20.485  1519  1519 V Activity: onPause md59d95dbab71941e137ef724fbceda5f0e.MainOverlayActivity@a2d3522
01-01 01:02:20.489  1151  2233 D ActivityTrigger: activityResumeTrigger: The activity in ApplicationInfo{4ed449e com.daimler.rse.ntg6} is now in focus and seems to be in full-screen mode
01-01 01:02:20.489  1151  2233 E ActivityTrigger: activityResumeTrigger: not whiteListedcom.daimler.rse.ntg6/md59d95dbab71941e137ef724fbceda5f0e.SettingsBaseActivity/5
01-01 01:02:20.490  1151  2233 D CompatibilityInfo: mCompatibilityFlags - 4
01-01 01:02:20.490  1151  2233 D CompatibilityInfo: applicationDensity - 240
01-01 01:02:20.490  1151  2233 D CompatibilityInfo: applicationScale - 1.0
01-01 01:02:20.502  1519  1519 V Activity: onCreate md59d95dbab71941e137ef724fbceda5f0e.SettingsBaseActivity@bd6ca8: null
01-01 01:02:20.504  1519  1519 I HomeScreen|HMI_Common.Activities.SettingsBaseActivity: MBUX App Method: OnCreate |Line No: 105 |Log Type: Critical |Message: Device Language : en_GB
01-01 01:02:20.504  1519  1519 I HomeScreen|HMI_Common.Activities.SettingsBaseActivity: MBUX App Method: OnCreate |Line No: 106 |Log Type: Critical |Message: LanguageEnglish
01-01 01:02:20.504  1519  1519 I HomeScreen|HMI_Common.Activities.SettingsBaseActivity: MBUX App Method: OnCreate |Line No: 117 |Log Type: Critical |Message: App-theme successfully changed to AppTheme
01-01 01:02:20.504  1519  1519 I HomeScreen|HMI_Common.Activities.SettingsBaseActivity: MBUX App Method: OnCreate |Line No: 121 |Log Type: Critical |Message: Base Activity onCreate Called
01-01 01:02:20.535  1519  1519 I BaseScreen|HMI_Common.Activities.SettingsBaseActivity: MBUX App Method: UpdateHMI2LaunchedFlag |Line No: 1222 |Log Type: Critical |Message: UpdateHMI2LaunchedFlag() called isLaunched = False
01-01 01:02:20.535  1519  1519 I BaseScreen|HMI_Common.HMIBackend.SharedPreferences.SharedPrefBackend: MBUX App Method: UpdateHMI2LaunchedFlag |Line No: 93 |Log Type: Critical |Message: UpdateHMI2LaunchedFlag called isLaunched = False
01-01 01:02:20.542  1519  1519 I BaseScreen|HMI_Common.Activities.SettingsBaseActivity: MBUX App Method: LastStoredMediaVolume |Line No: 1198 |Log Type: Critical |Message: LastStoredMediaVolume() called
01-01 01:02:20.543  1519  1519 I BaseScreen|HMI_Common.Activities.SettingsBaseActivity: MBUX App Method: IsRseRebooted |Line No: 1190 |Log Type: Critical |Message: IsRseRebooted() called
01-01 01:02:20.543  1519  1519 I VolumeControl|HMI_Common.Activities.SettingsBaseActivity: MBUX App Method: initBtHeadsetSeekbarProgress |Line No: 292 |Log Type: Information |Message: VolumeControl initBtHeadsetSeekbarProgress() called,  MediaMaxVolume = 15 currentMediaVolume = 0 isRseRebooted = False comfortMinLevel = 0 comfortMaxLevel = 0
01-01 01:02:20.544  1519  1519 I VolumeControl|HMI_Common.Activities.SettingsBaseActivity: MBUX App Method: intializeVolumeLevel |Line No: 337 |Log Type: Information |Message: VolumeControl intializeVolumeLevel() called, isDemoMode == True
01-01 01:02:20.548  1519  1519 I HomeScreen|HMI_Common.Activities.SettingsBaseActivity: MBUX App Method: HandleClimateControlsVisibility |Line No: 324 |Log Type: Information |Message: md59d95dbab71941e137ef724fbceda5f0e.SettingsBaseActivity@bd6ca8 BaseActivity.statusLine HandleClimateControlsVisibility isViewVisible : True
01-01 01:02:20.550  1519  1519 I Main|HMI_Common.Activities.SettingsBaseActivity: MBUX App Method: OnCreate |Line No: 35 |Log Type: Information |Message: language clickedFalse
01-01 01:02:20.550  1519  1519 I HomeScreen|HMI_Common.Activities.SettingsBaseActivity: MBUX App Method: HandleClimateControlsVisibility |Line No: 324 |Log Type: Information |Message: md59d95dbab71941e137ef724fbceda5f0e.SettingsBaseActivity@bd6ca8 BaseActivity.statusLine HandleClimateControlsVisibility isViewVisible : False
01-01 01:02:20.550  1519  1519 I Main|HMI_Common.Activities.SettingsBaseActivity: MBUX App Method: cleareBackstacks |Line No: 67 |Log Type: Information |Message: count : 0
01-01 01:02:20.553  1519  1519 I HomeScreen|HMI_Common.Activities.SettingsBaseActivity: MBUX App Method: OnStart |Line No: 338 |Log Type: Information |Message: OnStart() BaseActivity
01-01 01:02:20.553  1519  1519 V Activity: onStart md59d95dbab71941e137ef724fbceda5f0e.SettingsBaseActivity@bd6ca8
01-01 01:02:20.568  1519  1519 I Main|HMI_Common.Fragments.SettingsFragments.SettingsBaseFragment: MBUX App Method: setTextForResetPopUp |Line No: 599 |Log Type: Information |Message: reset values : 3-2
01-01 01:02:20.569  1519  1519 I Main|HMI_Common.Fragments.SettingsFragments.SettingsBaseFragment: MBUX App Method: OnCreateView |Line No: 71 |Log Type: Information |Message: _islanguagechanged: False
01-01 01:02:20.573  1519  1519 I HomeScreen|HMI_Common.Activities.SettingsBaseActivity: MBUX App Method: HandleClimateControlsVisibility |Line No: 324 |Log Type: Information |Message: md59d95dbab71941e137ef724fbceda5f0e.SettingsBaseActivity@bd6ca8 BaseActivity.statusLine HandleClimateControlsVisibility isViewVisible : False
01-01 01:02:20.574  1519  1519 I Media|HMI_Common.Activities.SettingsBaseActivity: MBUX App Method: HandleVisibilityForStatusLine |Line No: 496 |Log Type: Information |Message: BaseActivity, HandleVisibilityForStatusLine visibility : True Activity Name:md59d95dbab71941e137ef724fbceda5f0e.SettingsBaseActivity@bd6ca8
01-01 01:02:20.575  1519  1519 V Activity: onResume md59d95dbab71941e137ef724fbceda5f0e.SettingsBaseActivity@bd6ca8
01-01 01:02:20.578  1151  2233 D CompatibilityInfo: mCompatibilityFlags - 4
01-01 01:02:20.578  1151  2233 D CompatibilityInfo: applicationDensity - 240
01-01 01:02:20.578  1151  2233 D CompatibilityInfo: applicationScale - 1.0
01-01 01:02:20.579  1519  1519 D Activity: onStart: startService done
01-01 01:02:20.579  1519  1519 I HomeScreen|HMI_Common.Activities.SettingsBaseActivity: MBUX App Method: OnResume |Line No: 240 |Log Type: Information |Message: BaseActivity OnResume called
01-01 01:02:20.581  1519  1519 I VolumeControl|HMI_Common.HMIBackend.VolumeControl.VolumeControlBackend: MBUX App Method: GetEntertainmentVolumeGroupStatus |Line No: 215 |Log Type: Critical |Message: VolumeControlBackend GetEntertainmentVolumeGroupStatus() called VolumeControlApplication Instance ==  
01-01 01:02:20.581  1519  1519 I VolumeControl|HMI_Common.HMIBackend.VolumeControl.VolumeControlBackend: MBUX App Method: GetEntertainmentVolumeGroupStatus |Line No: 220 |Log Type: Critical |Message: VolumeControlBackend GetEntertainmentVolumeGroupStatus() ::: VolumeControlApplication Instance is Null - Volume Control Functionality will not work!!!!!!!
01-01 01:02:20.581  1519  1519 I VolumeControl|HMI_Common.Activities.SettingsBaseActivity: MBUX App Method: GetCurrentForegroundVolumeGroup |Line No: 1377 |Log Type: Critical |Message: VolumeControl GetCurrentForegroundVolumeGroup Called : VolumeControlBackend Instance = HMI_Common.HMIBackend.VolumeControl.VolumeControlBackend isEntertainmentInForeground = False
01-01 01:02:20.581  1519  1519 I BaseScreen|HMI_Common.Activities.SettingsBaseActivity: MBUX App Method: EnableAppropriateView |Line No: 810 |Log Type: Information |Message: BaseActivity EnableAppropriateView() Called  isViewEnabled = True desiredView = android.widget.ImageView{5239580 VFED..C.. ......I. 0,0-0,0 #7f090561 app:id/VolumePanelImageView}
01-01 01:02:20.581  1519  1519 I VolumeControl|HMI_Common.Activities.SettingsBaseActivity: MBUX App Method: HandleSendToCabinAudioVisibility |Line No: 451 |Log Type: Information |Message: VolumeControl HandleSendToCabinAudioVisibility() Called
01-01 01:02:20.581  1519  1519 I VolumeControl|HMI_Common.Activities.SettingsBaseActivity: MBUX App Method: HandleSendToCabinAudioVisibility |Line No: 458 |Log Type: Information |Message: VolumeControl HandleSendToCabinAudioVisibility() isPlayerCurrentStreamingSource = False
01-01 01:02:20.581  1519  1519 I HomeScreen|HMI_Common.Activities.SettingsBaseActivity: MBUX App Method: HandleSendToCabinAudioVisibility |Line No: 479 |Log Type: Information |Message: VolumeControl handleSendToCabinAudioVisibility:TV or Tuner ready
01-01 01:02:20.582  1519  1519 I VolumeControl|HMI_Common.Activities.SettingsBaseActivity: MBUX App Method: UpdateSendToCabinAudioIcon |Line No: 206 |Log Type: Critical |Message: VolumeControl InitializeSendToCabinAudioFalse
01-01 01:02:20.583  1519  1519 I VolumeControl|HMI_Common.HMIBackend.VolumeControl.VolumeControlBackend: MBUX App Method: GetMuteStates |Line No: 194 |Log Type: Critical |Message: VolumeControlBackend GetMuteStates() called CabinAudioMuteStatus == False
01-01 01:02:20.583  1392  1392 W SYSTEM_UI: SWR_SYSTEM_UI_007|FUN=CollapsedStatusBarFragment::getAction |1|Broadcast action --> STATUS_UPDATE_ACTION
01-01 01:02:20.583  1392  1392 W SYSTEM_UI: SWR_SYSTEM_UI_007|FUN=CollapsedStatusBarFragment::getIntExtra |1|NotifySystemUpdates dataType --> 100
01-01 01:02:20.583  1392  1392 W SYSTEM_UI: SWR_SYSTEM_UI_006|FUN=CollapsedStatusBarFragment::NotifySystemUpdates | onReceive --> |1|TOP ACTIVITY CHANGED | package --> com.daimler.rse.ntg6 | class --> md59d95dbab71941e137ef724fbceda5f0e.SettingsBaseActivity
01-01 01:02:20.583  1392  1392 W SYSTEM_UI - CI07.3: className -> CollapsedStatusBarFragment | functionName -> NotifySystemUpdates | onReceive -->  | value -> TOP ACTIVITY CHANGED | package --> com.daimler.rse.ntg6 | class --> md59d95dbab71941e137ef724fbceda5f0e.SettingsBaseActivity
01-01 01:02:20.584  1519  1519 I Connectivity_AIDL|HMI_Common.RsePlatformInterface.ParentalControlImpl: MBUX App Method: UnSubscribeToParentalControlEvents |Line No: 121 |Log Type: Information |Message: UnSubscribeToParentalControlEvents = 
01-01 01:02:20.585  1519  1519 I Connectivity_AIDL|HMI_Common.RsePlatformInterface.ParentalControlImpl: MBUX App Method: .ctor |Line No: 32 |Log Type: Critical |Message: ParentalControlImpl Constructor
01-01 01:02:20.585  1519  1519 I Connectivity_AIDL|HMI_Common.RsePlatformInterface.ParentalControlImpl: MBUX App Method: GetParentalControlApplication |Line No: 89 |Log Type: Critical |Message: GetParentalControlApplication : 
01-01 01:02:20.585  1519  1519 I Connectivity_AIDL|HMI_Common.RsePlatformInterface.ParentalControlImpl: MBUX App Method: SubscribeToParentalControlEvents |Line No: 96 |Log Type: Information |Message: SubscribeToParentalControlEvents isDemoMode = True
01-01 01:02:20.585  1519  1519 I HomeScreen|HMI_Common.Activities.SettingsBaseActivity: MBUX App Method: UpdateNavigationETAInfo |Line No: 113 |Log Type: Critical |Message: UpdateNavigationETAInfo, subtitle text : 
01-01 01:02:20.585  1519  1519 I HomeScreen|HMI_Common.Activities.SettingsBaseActivity: MBUX App Method: IsETAInfoToBeDisplayed |Line No: 128 |Log Type: Information |Message: Navigation, IsETAInfoToBeDisplayed etaInfoText: 
01-01 01:02:20.590  1519  1519 I TelephonyRse|HMI_Common.Activities.SettingsBaseActivity: MBUX App Method: HandlestatusLineNetworkSignalStrength |Line No: 944 |Log Type: Information |Message: BaseActivity StatusLine:HandlestatusLineNetworkSignalStrength deviceList size :
01-01 01:02:20.590  1519  1519 I TelephonyRse|HMI_Common.Activities.SettingsBaseActivity: MBUX App Method: HandlestatusLineNetworkSignalStrength |Line No: 966 |Log Type: Information |Message: BaseActivity StatusLine:HandlestatusLineNetworkSignalStrength deviceList size empty:
01-01 01:02:20.590  1519  1519 I TelephonyRse|HMI_Common.Activities.SettingsBaseActivity: MBUX App Method: HandlestatusLinePhoneBatteryLevelVisibility |Line No: 1063 |Log Type: Information |Message: BaseActivity StatusLine:HandlestatusLinePhoneBatteryLevelVisibility deviceList size :
01-01 01:02:20.590  1519  1519 I TelephonyRse|HMI_Common.Activities.SettingsBaseActivity: MBUX App Method: HandlestatusLinePhoneBatteryLevelVisibility |Line No: 1086 |Log Type: Information |Message: BaseActivity StatusLine:HandlestatusLineNetworkSignalStrength deviceList size empty:
01-01 01:02:20.596  1151  4493 D WindowManager: addToDisplay >>> FLAG_FULLSCREEN set in WindowManager.LayoutParams
01-01 01:02:20.596  1151  4493 D WindowManager: startStatusReceiverServiceOnFlagSet: creating intent for action ACTION_ACTIVITY_FULLSCREEN
01-01 01:02:20.596  1151  4493 W ContextImpl: Calling a method in the system process without a qualified user: android.app.ContextImpl.startService:1476 com.android.server.wm.Session.startStatusReceiverServiceOnFlagSet:762 com.android.server.wm.Session.addToDisplay:214 android.view.IWindowSession$Stub.onTransact:124 com.android.server.wm.Session.onTransact:166 
01-01 01:02:20.599  1151  4493 D CompatibilityInfo: mCompatibilityFlags - 4
01-01 01:02:20.599  1151  4493 D CompatibilityInfo: applicationDensity - 240
01-01 01:02:20.599  1151  4493 D CompatibilityInfo: applicationScale - 1.0
01-01 01:02:20.600  1151  4493 D WindowManager: startStatusReceiverServiceOnFlagSet: startService done
01-01 01:02:20.606  1392  1392 W SYSTEM_UI: SWR_SYSTEM_UI_007|FUN=CollapsedStatusBarFragment::getAction |1|Broadcast action --> STATUS_UPDATE_ACTION
01-01 01:02:20.606  1392  1392 W SYSTEM_UI: SWR_SYSTEM_UI_007|FUN=CollapsedStatusBarFragment::getIntExtra |1|NotifySystemUpdates dataType --> 101
01-01 01:02:20.606  1392  1392 W SYSTEM_UI - CI07.3: className -> CollapsedStatusBarFragment | functionName -> NotifySystemUpdates | onReceive -->  | value -> FULLSCREEN MODE CHANGED | isFullScreenStatus --> true | fullScreenPackage -->com.daimler.rse.ntg6 | fullscreenLastShownPackage -->null | topActivityPackage --> com.daimler.rse.ntg6
01-01 01:02:20.606  1392  1392 W SYSTEM_UI - CI07.3: className -> CollapsedStatusBarFragment | functionName -> NotifySystemUpdates | onReceive -->  | value -> Fullscreen mode changed --> path 1
01-01 01:02:20.607  1392  1392 W SYSTEM_UI - CI07.3: className -> CollapsedStatusBarFragment | functionName -> NotifySystemUpdates | onReceive -->  | value -> Fullscreen mode changed --> path 3
01-01 01:02:20.613  1151  2233 D WindowManager: relayout packageName=com.daimler.rse.ntg6::session=Session{6485514 1519:u0a10027}::window=android.view.IWindow$Stub$Proxy@d80ecef::attrs.flags=81810500
01-01 01:02:20.613  1151  2233 D WindowManager: relayout >>> FLAG_FULLSCREEN set in WindowManager.LayoutParams
01-01 01:02:20.613  1151  2233 D WindowManager: startStatusReceiverServiceOnFlagSet: creating intent for action ACTION_ACTIVITY_FULLSCREEN
01-01 01:02:20.614  1151  2233 W ContextImpl: Calling a method in the system process without a qualified user: android.app.ContextImpl.startService:1476 com.android.server.wm.Session.startStatusReceiverServiceOnFlagSet:762 com.android.server.wm.Session.relayout:273 android.view.IWindowSession$Stub.onTransact:286 com.android.server.wm.Session.onTransact:166 
01-01 01:02:20.614  1151  2233 D CompatibilityInfo: mCompatibilityFlags - 4
01-01 01:02:20.614  1151  2233 D CompatibilityInfo: applicationDensity - 240
01-01 01:02:20.614  1151  2233 D CompatibilityInfo: applicationScale - 1.0
01-01 01:02:20.615  1151  2233 D WindowManager: startStatusReceiverServiceOnFlagSet: startService done
01-01 01:02:20.619  1392  1392 W SYSTEM_UI: SWR_SYSTEM_UI_007|FUN=CollapsedStatusBarFragment::getAction |1|Broadcast action --> STATUS_UPDATE_ACTION
01-01 01:02:20.620  1392  1392 W SYSTEM_UI: SWR_SYSTEM_UI_007|FUN=CollapsedStatusBarFragment::getIntExtra |1|NotifySystemUpdates dataType --> 101
01-01 01:02:20.620  1392  1392 W SYSTEM_UI - CI07.3: className -> CollapsedStatusBarFragment | functionName -> NotifySystemUpdates | onReceive -->  | value -> FULLSCREEN MODE CHANGED | isFullScreenStatus --> true | fullScreenPackage -->com.daimler.rse.ntg6 | fullscreenLastShownPackage -->null | topActivityPackage --> com.daimler.rse.ntg6
01-01 01:02:20.620  1392  1392 W SYSTEM_UI - CI07.3: className -> CollapsedStatusBarFragment | functionName -> NotifySystemUpdates | onReceive -->  | value -> Fullscreen mode changed --> path 1
01-01 01:02:20.622  1392  1392 W SYSTEM_UI - CI07.3: className -> CollapsedStatusBarFragment | functionName -> NotifySystemUpdates | onReceive -->  | value -> Fullscreen mode changed --> path 3
01-01 01:02:20.652  1392  1404 D CommandQueue: animate_trace: appTransitionStarting; duration=0;hardcoded forced=false to false
01-01 01:02:20.652  1392  1404 D CommandQueue: animate_trace: appTransitionFinished
01-01 01:02:20.657  1151  1192 I ActivityManager: Displayed com.daimler.rse.ntg6/md59d95dbab71941e137ef724fbceda5f0e.SettingsBaseActivity: +162ms
01-01 01:02:20.659  1151  1192 E ANDR-PERF-JNI: Iop tryGetService failed
01-01 01:02:20.665  1151  2233 D WindowManager: relayout packageName=com.daimler.rse.ntg6::session=Session{6485514 1519:u0a10027}::window=android.view.IWindow$Stub$Proxy@1de30da::attrs.flags=null
01-01 01:02:20.665  1151  2233 D WindowManager: relayout >>> FLAG_FULLSCREEN not set in WindowManager.LayoutParams
01-01 01:02:20.665  1151  2233 D WindowManager: startStatusReceiverServiceOnFlagSet: creating intent for action ACTION_ACTIVITY_FULLSCREEN
01-01 01:02:20.666  1151  2233 W ContextImpl: Calling a method in the system process without a qualified user: android.app.ContextImpl.startService:1476 com.android.server.wm.Session.startStatusReceiverServiceOnFlagSet:762 com.android.server.wm.Session.relayout:276 android.view.IWindowSession$Stub.onTransact:286 com.android.server.wm.Session.onTransact:166 
01-01 01:02:20.668  1151  1179 D ActivityTrigger: ActivityTrigger activityStopTrigger 
01-01 01:02:20.670  1151  2233 D CompatibilityInfo: mCompatibilityFlags - 4
01-01 01:02:20.670  1151  2233 D CompatibilityInfo: applicationDensity - 240
01-01 01:02:20.670  1151  2233 D CompatibilityInfo: applicationScale - 1.0
01-01 01:02:20.671  1151  2233 D WindowManager: startStatusReceiverServiceOnFlagSet: startService done
01-01 01:02:20.673  1392  1392 W SYSTEM_UI: SWR_SYSTEM_UI_007|FUN=CollapsedStatusBarFragment::getAction |1|Broadcast action --> STATUS_UPDATE_ACTION
01-01 01:02:20.673  1392  1392 W SYSTEM_UI: SWR_SYSTEM_UI_007|FUN=CollapsedStatusBarFragment::getIntExtra |1|NotifySystemUpdates dataType --> 101
01-01 01:02:20.673  1392  1392 W SYSTEM_UI - CI07.3: className -> CollapsedStatusBarFragment | functionName -> NotifySystemUpdates | onReceive -->  | value -> FULLSCREEN MODE CHANGED | isFullScreenStatus --> false | fullScreenPackage -->com.daimler.rse.ntg6 | fullscreenLastShownPackage -->null | topActivityPackage --> com.daimler.rse.ntg6
01-01 01:02:20.673  1392  1392 W SYSTEM_UI - CI07.3: className -> CollapsedStatusBarFragment | functionName -> NotifySystemUpdates | onReceive -->  | value -> Fullscreen mode changed --> path 5
01-01 01:02:20.678  1519  1519 V Activity: back_button: onSaveInstanceState entry:md59d95dbab71941e137ef724fbceda5f0e.MainOverlayActivity@a2d3522
01-01 01:02:20.680  1519  1519 V Activity: onSaveInstanceState md59d95dbab71941e137ef724fbceda5f0e.MainOverlayActivity@a2d3522: Bundle[{android:viewHierarchyState=Bundle[{android:views={16908290=android.view.AbsSavedState$1@4f57e89, 2131296420=android.view.AbsSavedState$1@4f57e89, 2131296421=android.widget.ProgressBar$SavedState@edcf591, 2131296422=android.view.AbsSavedState$1@4f57e89, 2131296424=android.view.AbsSavedState$1@4f57e89, 2131296425=android.view.AbsSavedState$1@4f57e89, 2131296426=FragmentPager.SavedState{60cecf6 position=6}, 2131296427=android.view.AbsSavedState$1@4f57e89, 2131296649=android.view.AbsSavedState$1@4f57e89, 2131296650=android.view.AbsSavedState$1@4f57e89, 2131296651=android.view.AbsSavedState$1@4f57e89, 2131296652=android.view.AbsSavedState$1@4f57e89, 2131296653=android.view.AbsSavedState$1@4f57e89, 2131296654=CompoundButton.SavedState{ff808f7 checked=true}, 2131296940=android.view.AbsSavedState$1@4f57e89, 2131296941=android.view.AbsSavedState$1@4f57e89, 2131296942=android.view.AbsSavedState$1@4f57e89, 2131296943=android.view.AbsSavedState$1@4f57e89, 2131297117=android.view.AbsSavedState$1@4f57e89, 2131297185=android.view.AbsSavedState$1@4f57e89, 2131297186=android.view.AbsSavedState$1@4f57e89, 2131297187=android.view.AbsSavedState$1@4f57e89, 2131297188=android.view.AbsSavedState$1@4f57e89, 2131297298=android.view.AbsSavedState$1@4f57e89, 2131297299=android.view.AbsSavedState$1@4f57e89, 2131297303=android.view.AbsSavedState$1@4f57e89, 2131297304=android.view.AbsSavedState$1@4f57e89, 2131297338=android.view.AbsSavedState$1@4f57e89, 2131297339=android.view.AbsSavedState$1@4f57e89, 2131297340=android.view.AbsSavedState$1@4f57e89, 2131297341=android.view.AbsSavedState$1@4f57e89, 2131297447=android.view.AbsSavedState$1@4f57e89, 2131297456=android.view.AbsSavedState$1@4f57e89, 2131297457=android.view.AbsSavedState$1@4f57e89, 2131297458=android.view.AbsSavedState$1@4f57e89, 2131297459=android.view.AbsSavedState$1@4f57e89, 2131297460=android.view.AbsSavedState$1@4f57e89, 2131297461=android.view.AbsSavedState$1@4f57e89, 2131297462=android.view.AbsSavedState$1@4f57e89, 2131297463=android.view.AbsSavedState$1@4f57e89, 2131297464=android.view.AbsSavedState$1@4f57e89, 2131297465=android.view.AbsSavedState$1@4f57e89, 2131297466=android.view.AbsSavedState$1@4f57e89, 2131297467=android.view.AbsSavedState$1@4f57e89, 2131297468=android.view.AbsSavedState$1@4f57e89, 2131297469=android.view.AbsSavedState$1@4f57e89, 2131297551=android.view.AbsSavedState$1@4f57e89, 2131297617=android.view.AbsSavedState$1@4f57e89, 2131297618=android.view.AbsSavedState$1@4f57e89, 2131297619=android.view.AbsSavedState$1@4f57e89, 2131297620=android.widget.ProgressBar$SavedState@5614364, 2131297621=android.view.AbsSavedState$1@4f57e89, 2131297622=android.view.AbsSavedState$1@4f57e89, 2131297623=android.widget.ProgressBar$SavedState@4a59cd, 2131297624=android.view.AbsSavedState$1@4f57e89, 2131297625=android.view.AbsSavedState$1@4f57e89, 2131297626=android.view.AbsSavedState$1@4f57e89, 2131297627=android.view.AbsSavedState$1@4f57e89, 2131297633=android.view.AbsSavedState$1@4f57e89}, android:focusedViewId=2131296426}], remote=false, android:support:fragments=android.support.v4.app.FragmentManagerState@892e282, check=true, media=true, tuner=true, android:lastAutofillId=1073741824, android:fragments=android.app.FragmentManagerState@a1a3d93}]
01-01 01:02:20.681  1519  1519 I HomeScreen|HMI_Common.Activities.MainOverlayActivity: MBUX App Method: OnStop |Line No: 345 |Log Type: Information |Message: OnStop() BaseActivity
01-01 01:02:20.681  1519  1519 V Activity: onStop md59d95dbab71941e137ef724fbceda5f0e.MainOverlayActivity@a2d3522
01-01 01:02:21.190  1933  1933 I LCMANDR : SWR_OOB_HV_MF_009|FUN=ResourceMonitoringService::movingMemoryAverage|2|Moving memory average :32.67082
01-01 01:02:21.190  1933  1933 W LCMANDR : SWR_OOB_HV_MF_009|FUN=ResourceMonitoringService::getCpuUsageStatistic|Moving MEM AVG :::::::::32.67082
01-01 01:02:21.191  1933  1933 W LCMANDR : SWR_OOB_HV_MF_009|FUN=ResourceMonitoringService::getCpuUsageStatistic|2|Total cpu usage :35.67384
01-01 01:02:21.191  1933  1933 I LCMANDR : SWR_OOB_HV_MF_009|FUN=ResourceMonitoringService::getCpuUsageStatistic|Cpu usage of core  0 is36.824326
01-01 01:02:21.191  1933  1933 I LCMANDR : SWR_OOB_HV_MF_009|FUN=ResourceMonitoringService::getCpuUsageStatistic|Cpu usage of core  1 is30.584192
01-01 01:02:21.191  1933  1933 I LCMANDR : SWR_OOB_HV_MF_009|FUN=ResourceMonitoringService::getCpuUsageStatistic|Cpu usage of core  2 is39.527027
01-01 01:02:21.192  1933  1933 I LCMANDR : ResourceMonitoringService::movingCpuAverage()
01-01 01:02:21.192  1933  1933 I LCMANDR : SWR_OOB_HV_MF_009|FUN=ResourceMonitoringService::movingCpuAverage|2|Moving window average of CPU 23.866629
01-01 01:02:21.192  1933  1933 I LCMANDR : SWR_OOB_HV_MF_009|FUN=ResourceMonitoringService::movingCpuAverage|2|Cpu moving average of core  0 is26.149609
01-01 01:02:21.192  1933  1933 I LCMANDR : SWR_OOB_HV_MF_009|FUN=ResourceMonitoringService::movingCpuAverage|2|Cpu moving average of core  1 is21.8925
01-01 01:02:21.192  1933  1933 I LCMANDR : SWR_OOB_HV_MF_009|FUN=ResourceMonitoringService::movingCpuAverage|2|Cpu moving average of core  2 is23.559446
01-01 01:02:21.192  1933  1933 D LCMANDR : SWR_OOB_HV_MF_009|FUN=ResourceMonitoringService::movingCpuAverage|2|Exiting VAL = 23.866629
01-01 01:02:21.270  1933  1957 D LCMANDR : SWR_OOB_HV_MF_009|FUN=LifeCycleManagerService::LifeCycle_ReportCompStatus|GOT ALIVENESS SIGNAL FROM DAIAPP : [0]; HB Counter = [ 1481 ]; STATUS INFO = [ 0 ]
01-01 01:02:21.271  1519  1519 I Connectivity_AIDL|AIDL_Handler.AIDL_Helpers.LcmHelper: MBUX App Method: KeepAliveTest |Line No: 408 |Log Type: Critical |Message: MainThread:MBUX-App HB Count: 1483, ResponseCode: 0
01-01 01:02:21.415   729   748 I sssv-lib: sendMsg enter
01-01 01:02:21.415   729   748 I sssv-lib: sendMsg complete.
01-01 01:02:21.478  2054  2054 E         : 
01-01 01:02:21.478  2054  2054 E         : Buffer Size = 1048576
01-01 01:02:21.484  3675 19082 D UIAutomatorStub: URI: /jsonrpc/0, Method: POST, Header: {content-length=173, remote-addr=127.0.0.1, http-client-ip=127.0.0.1, host=localhost:9009, content-type=application/json, connection=close, accept-encoding=identity, user-agent=Python-urllib/2.7}, params, {NanoHttpd.QUERY_STRING=null}, files: {postData={"params": [{"childOrSiblingSelector": [], "text": "WI-FI", "mask": 1, "childOrSibling": []}], "jsonrpc": "2.0", "method": "exist", "id": "0d88a888386910bfcce3126af2616bd1"}}
01-01 01:02:21.502  2054  2054 E         : 
01-01 01:02:21.502  2054  2054 E         : <6>[ 3402.806180] QSEECOM: scm_call_qcpe:503 : OUT: 0x0, 0x0, 0x0, 0x0
01-01 01:02:21.502  2054  2054 E         : <6>[ 3402.821648] QSEECOM: scm_call_qcpe:429 : IN: 0x42000d0a, 0x3, 0x0, 0x41e8, 0x7ab, 0x0, 0x0
01-01 01:02:21.502  2054  2054 E         : <6>[ 3402.823044] QSEECOM: scm_call_qcpe:503 : OUT: 0x0, 0x0, 0x0, 0x0
01-01 01:02:21.502  2054  2054 E         : <6>[ 3402.838990] QSEECOM: scm_call_qcpe:429 : IN: 0x42000d0a, 0x3, 0x0, 0x43b9, 0x7a6, 0x0, 0x0
01-01 01:02:21.502  2054  2054 E         : <6>[ 3402.840900] QSEECOM: scm_call_qcpe:503 : OUT: 0x0, 0x0, 0x0, 0x0
01-01 01:02:21.502  2054  2054 E         : <6>[ 3402.854576] QSEECOM: scm_call_qcpe:429 : IN: 0x42000d0a, 0x3, 0x0, 0x3ce5, 0x79c, 0x0, 0x0
01-01 01:02:21.502  2054  2054 E         : <6>[ 3402.855807] QSEECOM: scm_call_qcpe:503 : OUT: 0x0, 0x0, 0x0, 0x0
01-01 01:02:21.502  2054  2054 E         : <6>[ 3402.856540] dhd_set_suspend: Remove extra suspend setting 
01-01 01:02:21.502  2054  2054 E         : <6>[ 3402.856550] dhd_enable_packet_filter: enter, value = 0
01-01 01:02:21.502  2054  2054 E         : <6>[ 3402.859877] dhd_prot_ioctl: status ret value is -23 
01-01 01:02:21.502  2054  2054 E         : <6>[ 3402.859885] failed to set nd_ra_filter (-23)
01-01 01:02:21.502  2054  2054 E         : <6>[ 3402.863323] DHCP[wlan0] - DISCOVER [TX]
01-01 01:02:21.502  2054  2054 E         : <6>[ 3402.863347] dhd_prot_flow_ring_create: Send Flow Create Req flow ID 40 for peer ff:ff:ff:ff:ff:ff prio 0 ifindex 0
01-01 01:02:21.502  2054  2054 E         : <6>[ 3402.863579] dhd_prot_flow_ring_create_
01-01 01:02:21.504  3675 19083 D UIAutomatorStub: URI: /jsonrpc/0, Method: POST, Header: {content-length=173, remote-addr=127.0.0.1, http-client-ip=127.0.0.1, host=localhost:9009, content-type=application/json, connection=close, accept-encoding=identity, user-agent=Python-urllib/2.7}, params, {NanoHttpd.QUERY_STRING=null}, files: {postData={"params": [{"childOrSiblingSelector": [], "text": "WI-FI", "mask": 1, "childOrSibling": []}], "jsonrpc": "2.0", "method": "click", "id": "8aad034c10016f1aeca1a7be9022aa8b"}}
01-01 01:02:21.505  2054  2054 E         : USB Hub Detector 1.0
01-01 01:02:21.533  1519  1519 I Connectivity_AIDL|HMI_Common.Fragments.SettingsFragments.SettingsBaseFragment: MBUX App Method: LinkOutWifiSettings |Line No: 331 |Log Type: Information |Message: in::LinkOutWifiSettings()
01-01 01:02:21.535  1151  2233 I ActivityManager: START u0 {act=android.intent.action.MAIN cmp=com.panasonic.hmi2settings/.activity.WifiManagerActivity} from uid 10027
01-01 01:02:21.535  1151  2233 W ActivityManager: startActivity called from non-Activity context; forcing Intent.FLAG_ACTIVITY_NEW_TASK for: Intent { act=android.intent.action.MAIN cmp=com.panasonic.hmi2settings/.activity.WifiManagerActivity }
01-01 01:02:21.541  1151  2233 D ActivityTrigger: activityResumeTrigger: The activity in ApplicationInfo{5e1ff91 com.panasonic.hmi2settings} is now in focus and seems to be in full-screen mode
01-01 01:02:21.541  1151  2233 E ActivityTrigger: activityResumeTrigger: not whiteListedcom.panasonic.hmi2settings/com.panasonic.hmi2settings.activity.WifiManagerActivity/27
01-01 01:02:21.541  1151  2233 D ActivityTrigger: ActivityTrigger activityPauseTrigger 
01-01 01:02:21.543  1151  2233 D CompatibilityInfo: mCompatibilityFlags - 4
01-01 01:02:21.543  1151  2233 D CompatibilityInfo: applicationDensity - 240
01-01 01:02:21.543  1151  2233 D CompatibilityInfo: applicationScale - 1.0
01-01 01:02:21.544  1151  2233 D ActivityTrigger: activityResumeTrigger: The activity in ApplicationInfo{5e1ff91 com.panasonic.hmi2settings} is now in focus and seems to be in full-screen mode
01-01 01:02:21.544  1151  2233 E ActivityTrigger: activityResumeTrigger: not whiteListedcom.panasonic.hmi2settings/com.panasonic.hmi2settings.activity.WifiManagerActivity/27
01-01 01:02:21.544  3675 19084 D UIAutomatorStub: URI: /jsonrpc/0, Method: POST, Header: {content-length=187, remote-addr=127.0.0.1, http-client-ip=127.0.0.1, host=localhost:9009, content-type=application/json, connection=close, accept-encoding=identity, user-agent=Python-urllib/2.7}, params, {NanoHttpd.QUERY_STRING=null}, files: {postData={"params": [{"childOrSiblingSelector": [], "text": "Internet settings", "mask": 1, "childOrSibling": []}], "jsonrpc": "2.0", "method": "objInfo", "id": "899113a6ccc791673287f13eb88d2b66"}}
01-01 01:02:21.548  1519  1519 V Activity: onPause md59d95dbab71941e137ef724fbceda5f0e.SettingsBaseActivity@bd6ca8
01-01 01:02:21.551  1151  8140 D ActivityTrigger: activityResumeTrigger: The activity in ApplicationInfo{5e1ff91 com.panasonic.hmi2settings} is now in focus and seems to be in full-screen mode
01-01 01:02:21.551  1151  8140 E ActivityTrigger: activityResumeTrigger: not whiteListedcom.panasonic.hmi2settings/com.panasonic.hmi2settings.activity.WifiManagerActivity/27
01-01 01:02:21.562  1151  4493 D WindowManager: relayout packageName=com.panasonic.hmi2settings::session=Session{c47ecfc 3739:1000}::window=android.view.IWindow$Stub$Proxy@f5543e8::attrs.flags=null
01-01 01:02:21.562  1151  4493 D WindowManager: relayout >>> FLAG_FULLSCREEN not set in WindowManager.LayoutParams
01-01 01:02:21.563  1151  4493 D WindowManager: startStatusReceiverServiceOnFlagSet: creating intent for action ACTION_ACTIVITY_FULLSCREEN
01-01 01:02:21.563  1151  4493 W ContextImpl: Calling a method in the system process without a qualified user: android.app.ContextImpl.startService:1476 com.android.server.wm.Session.startStatusReceiverServiceOnFlagSet:762 com.android.server.wm.Session.relayout:276 android.view.IWindowSession$Stub.onTransact:286 com.android.server.wm.Session.onTransact:166 
01-01 01:02:21.577  1151  4493 D CompatibilityInfo: mCompatibilityFlags - 4
01-01 01:02:21.577  1151  4493 D CompatibilityInfo: applicationDensity - 240
01-01 01:02:21.577  1151  4493 D CompatibilityInfo: applicationScale - 1.0
01-01 01:02:21.578  1151  4493 D WindowManager: startStatusReceiverServiceOnFlagSet: startService done
01-01 01:02:21.581  1519  1519 V Activity: onTrimMemory md59d95dbab71941e137ef724fbceda5f0e.MainOverlayActivity@a2d3522: 20
01-01 01:02:21.581  1519  1519 V Activity: onTrimMemory com.daimler.rse.ntg6.StartUpActivity@6d639f8: 20
01-01 01:02:21.581  1519  1519 V Activity: onTrimMemory md59d95dbab71941e137ef724fbceda5f0e.SettingsBaseActivity@bd6ca8: 20
01-01 01:02:21.586  3739  3739 V Activity: onStart com.panasonic.hmi2settings.activity.WifiManagerActivity@200cf74
01-01 01:02:21.587  3739  3739 V Activity: onResume com.panasonic.hmi2settings.activity.WifiManagerActivity@200cf74
01-01 01:02:21.589  3739  3739 W ContextImpl: Calling a method in the system process without a qualified user: android.app.ContextImpl.startService:1476 android.content.ContextWrapper.startService:650 android.app.Activity.onResume:1329 android.support.v4.app.FragmentActivity.onResume:451 com.panasonic.hmi2settings.activity.BaseActivity.onResume:65 
01-01 01:02:21.593  3739  3739 D Activity: onStart: startService done
01-01 01:02:21.594  3739  3739 W HMI2-SETTINGS - CI08.4: className -> BaseActivity | functionName -> onResume | value -> onResume
01-01 01:02:21.594  3739  3739 W HMI2-SETTINGS - CI08.4: className -> BaseActivity | functionName -> registerIntentFilter | value -> Register IntentFilter
01-01 01:02:21.597  3739  3739 W HMI2-SETTINGS - CI08.4: className -> WifiManagerActivity | functionName -> isWifiVariantsEnabled  | value -> entry
01-01 01:02:21.597  3739  3739 W HMI2-SETTINGS - CI08.4: className -> WifiManagerActivity | functionName -> isWifiVariantsEnabled  | value -> mainData ->TRUE|wifiData ->TRUE
01-01 01:02:21.597  1151  8140 I WifiService: getWifiEnabledState uid=1000
01-01 01:02:21.598  3739  3739 W HMI2-SETTINGS - CI08.4: className -> WifiManagerActivity | functionName -> handleConnectedNetworkVisibility | value -> WifiEnabled is true
01-01 01:02:21.598  3739  3739 W HMI2-SETTINGS: SWR_BAIDU_HMI_0014|FUN=WifiManagerActivity::handleWifiButtonStat|0|wifiStat::true
01-01 01:02:21.598  3739  3739 W HMI2-SETTINGS - CI08.4: className -> WifiManagerActivity | functionName -> handleSwitching | value -> WifiEnabled is true
01-01 01:02:21.600  1151  4493 I WifiService: startScan uid=1000
01-01 01:02:21.601  3739  3739 W HMI2-SETTINGS: SWR_BAIDU_HMI_0020|FUN=WifiManagerActivity::onPause|0|handleWifiButtonStat::true
01-01 01:02:21.601  1151  1323 I WifiService: isScanAlwaysAvailable uid=1000
01-01 01:02:21.601  1151  1323 I WifiService: getWifiEnabledState uid=1000
