01-01 00:06:28.967  3739  3739 W HMI2-SETTINGS - CI08.4: className -> WifiActivity | functionName -> isInConnected | value -> |ACSIA_DEV|0|2
01-01 00:06:28.967  3739  3739 W HMI2-SETTINGS - CI08.4: className -> WifiActivity | functionName -> isWapiVariantBlocked | value -> security_type:2
01-01 00:06:28.967  3739  3739 W HMI2-SETTINGS - CI08.4: className -> WifiActivity | functionName -> isInConnected | value -> |RSE_Test|0|2
01-01 00:06:28.967  3739  3739 W HMI2-SETTINGS - CI08.4: className -> WifiActivity | functionName -> isWapiVariantBlocked | value -> security_type:2
01-01 00:06:28.967  3739  3739 W HMI2-SETTINGS - CI08.4: className -> WifiActivity | functionName -> isInConnected | value -> | ACSIA_CORP3|0|2
01-01 00:06:28.967  3739  3739 W HMI2-SETTINGS - CI08.4: className -> WifiActivity | functionName -> isWapiVariantBlocked | value -> security_type:2
01-01 00:06:28.967  3739  3739 W HMI2-SETTINGS - CI08.4: className -> WifiActivity | functionName -> isInConnected | value -> |NETGEAR66-5G|0|2
01-01 00:06:28.967  3739  3739 W HMI2-SETTINGS - CI08.4: className -> WifiActivity | functionName -> isWapiVariantBlocked | value -> security_type:2
01-01 00:06:28.967  3739  3739 W HMI2-SETTINGS - CI08.4: className -> WifiActivity | functionName -> isInConnected | value -> |Secure|0|2
01-01 00:06:28.967  3739  3739 W HMI2-SETTINGS - CI08.4: className -> WifiActivity | functionName -> isWapiVariantBlocked | value -> security_type:2
01-01 00:06:28.967  3739  3739 W HMI2-SETTINGS - CI08.4: className -> WifiActivity | functionName -> isInConnected | value -> |ACSIA_CORP2|0|2
01-01 00:06:28.967  3739  3739 W HMI2-SETTINGS - CI08.4: className -> WifiActivity | functionName -> isWapiVariantBlocked | value -> security_type:2
01-01 00:06:28.967  3739  3739 W HMI2-SETTINGS - CI08.4: className -> WifiActivity | functionName -> isInConnected | value -> |ACSIA_CORP1|0|2
01-01 00:06:28.967  3739  3739 W HMI2-SETTINGS - CI08.4: className -> WifiActivity | functionName -> isWapiVariantBlocked | value -> security_type:2
01-01 00:06:28.967  3739  3739 W HMI2-SETTINGS - CI08.4: className -> WifiActivity | functionName -> isInConnected | value -> |ACSIA_GUEST1|0|2
01-01 00:06:28.967  3739  3739 W HMI2-SETTINGS - CI08.4: className -> WifiActivity | functionName -> isWapiVariantBlocked | value -> security_type:2
01-01 00:06:28.967  3739  3739 W HMI2-SETTINGS - CI08.4: className -> WifiActivity | functionName -> isInConnected | value -> |ACSIA_DEV|0|2
01-01 00:06:28.967  3739  3739 W HMI2-SETTINGS - CI08.4: className -> WifiActivity | functionName -> isWapiVariantBlocked | value -> security_type:2
01-01 00:06:28.967  3739  3739 W HMI2-SETTINGS - CI08.4: className -> WifiActivity | functionName -> isInConnected | value -> |RSE_Test|0|2
01-01 00:06:28.967  3739  3739 W HMI2-SETTINGS - CI08.4: className -> WifiActivity | functionName -> isWapiVariantBlocked | value -> security_type:2
01-01 00:06:28.967  3739  3739 W HMI2-SETTINGS - CI08.4: className -> WifiActivity | functionName -> isInConnected | value -> |ACSIA_Management|0|2
01-01 00:06:28.967  3739  3739 W HMI2-SETTINGS - CI08.4: className -> WifiActivity | functionName -> isWapiVariantBlocked | value -> security_type:2
01-01 00:06:28.967  3739  3739 W HMI2-SETTINGS - CI08.4: className -> WifiActivity | functionName -> isInConnected | value -> | ACSIA_CORP3|0|2
01-01 00:06:28.967  3739  3739 W HMI2-SETTINGS - CI08.4: className -> WifiActivity | functionName -> isWapiVariantBlocked | value -> security_type:2
01-01 00:06:28.967  3739  3739 W HMI2-SETTINGS - CI08.4: className -> WifiActivity | functionName -> isInConnected | value -> |DIRECT-YOATLP042msDU|0|2
01-01 00:06:28.967  3739  3739 W HMI2-SETTINGS - CI08.4: className -> WifiActivity | functionName -> isWapiVariantBlocked | value -> security_type:2
01-01 00:06:28.967  3739  3739 W HMI2-SETTINGS - CI08.4: className -> WifiActivity | functionName -> isInConnected | value -> |HUWIFI|0|2
01-01 00:06:28.967  3739  3739 W HMI2-SETTINGS - CI08.4: className -> WifiActivity | functionName -> isWapiVariantBlocked | value -> security_type:2
01-01 00:06:28.967  3739  3739 W HMI2-SETTINGS - CI08.4: className -> WifiActivity | functionName -> isInConnected | value -> |DIRECT-vQINLT044msmJ|0|2
01-01 00:06:28.968  3739  3739 W HMI2-SETTINGS - CI08.4: className -> WifiActivity | functionName -> isWapiVariantBlocked | value -> security_type:2
01-01 00:06:28.968  3739  3739 W HMI2-SETTINGS - CI08.4: className -> WifiActivity | functionName -> isInConnected | value -> |DIRECT-DMATCLWI2064msNL|0|2
01-01 00:06:28.968  3739  3739 W HMI2-SETTINGS - CI08.4: className -> WifiActivity | functionName -> isWapiVariantBlocked | value -> security_type:2
01-01 00:06:28.968  3739  3739 W HMI2-SETTINGS - CI08.4: className -> WifiActivity | functionName -> isInConnected | value -> |AUTOMATION_TEST|0|2
01-01 00:06:28.968  3739  3739 W HMI2-SETTINGS - CI08.4: className -> WifiActivity | functionName -> isWapiVariantBlocked | value -> security_type:2
01-01 00:06:28.968  3739  3739 W HMI2-SETTINGS - CI08.4: className -> WifiActivity | functionName -> isInConnected | value -> |ACSIA_CORP1|0|2
01-01 00:06:28.968  3739  3739 W HMI2-SETTINGS - CI08.4: className -> WifiActivity | functionName -> isWapiVariantBlocked | value -> security_type:2
01-01 00:06:28.968  3739  3739 W HMI2-SETTINGS - CI08.4: className -> WifiActivity | functionName -> isInConnected | value -> |ACSIA_GUEST1|0|2
01-01 00:06:28.968  3739  3739 W HMI2-SETTINGS - CI08.4: className -> WifiActivity | functionName -> isWapiVariantBlocked | value -> security_type:2
01-01 00:06:28.968  3739  3739 W HMI2-SETTINGS - CI08.4: className -> WifiActivity | functionName -> isInConnected | value -> |RSE_Test|0|2
01-01 00:06:28.968  3739  3739 W HMI2-SETTINGS - CI08.4: className -> WifiActivity | functionName -> isWapiVariantBlocked | value -> security_type:2
01-01 00:06:28.968  3739  3739 W HMI2-SETTINGS - CI08.4: className -> WifiActivity | functionName -> isInConnected | value -> |ACSIA_CORP2|0|2
01-01 00:06:28.968  3739  3739 W HMI2-SETTINGS - CI08.4: className -> WifiActivity | functionName -> isWapiVariantBlocked | value -> security_type:2
01-01 00:06:28.968  3739  3739 W HMI2-SETTINGS - CI08.4: className -> WifiActivity | functionName -> isInConnected | value -> | ACSIA_CORP3|0|2
01-01 00:06:28.968  3739  3739 W HMI2-SETTINGS - CI08.4: className -> WifiActivity | functionName -> isWapiVariantBlocked | value -> security_type:2
01-01 00:06:28.968  3739  3739 W HMI2-SETTINGS - CI08.4: className -> WifiActivity | functionName -> isInConnected | value -> |ACSIA_Management|0|2
01-01 00:06:28.968  3739  3739 W HMI2-SETTINGS - CI08.4: className -> WifiActivity | functionName -> isWapiVariantBlocked | value -> security_type:2
01-01 00:06:28.968  3739  3739 W HMI2-SETTINGS - CI08.4: className -> WifiActivity | functionName -> isInConnected | value -> |ACSIA_DEV|0|2
01-01 00:06:28.968  3739  3739 W HMI2-SETTINGS - CI08.4: className -> WifiActivity | functionName -> isWapiVariantBlocked | value -> security_type:2
01-01 00:06:28.968  3739  3739 W HMI2-SETTINGS - CI08.4: className -> WifiActivity | functionName -> isInConnected | value -> |MB Hotspot 61185|0|2
01-01 00:06:28.968  3739  3739 W HMI2-SETTINGS - CI08.4: className -> WifiActivity | functionName -> isWapiVariantBlocked | value -> security_type:0
01-01 00:06:28.968  3739  3739 W HMI2-SETTINGS - CI08.4: className -> WifiActivity | functionName -> isInConnected | value -> |HP-Print-DB-LaserJet Pro MFP|0|0
01-01 00:06:28.968  3739  3739 W HMI2-SETTINGS - CI08.4: className -> WifiActivity | functionName -> handleAllAvailNetwork | value -> savedNetwork ->0
01-01 00:06:28.968  3739  3739 W HMI2-SETTINGS - CI08.4: className -> WifiActivity | functionName -> handleAllAvailNetwork | value -> presentVisibleNetwork ->30
01-01 00:06:28.973  3739  3739 W HMI2-SETTINGS - CI08.4: className -> WifiActivity | functionName -> handleIfWifiAvailableNetworks: config is  | value -> null
01-01 00:06:29.002  3675  4851 D UIAutomatorStub: URI: /jsonrpc/0, Method: POST, Header: {content-length=274, remote-addr=127.0.0.1, http-client-ip=127.0.0.1, host=localhost:9009, content-type=application/json, connection=close, accept-encoding=identity, user-agent=Python-urllib/2.7}, params, {NanoHttpd.QUERY_STRING=null}, files: {postData={"params": [{"childOrSiblingSelector": [], "scrollable": true, "mask": 16384, "childOrSibling": []}, {"childOrSiblingSelector": [], "text": "RSE_Test", "mask": 1, "childOrSibling": []}, true], "jsonrpc": "2.0", "method": "scrollTo", "id": "d7d0a14ca92371196a2189b64b6143f3"}}
01-01 00:06:29.046  1392  1392 W SYSTEM_UI: SWR_BAIDU_HMI_0023|SWR_SYSTEM_UI_003|FUN=StatusBar::getActiveNotifications|1|Get active notifications from Android framework.
01-01 00:06:29.046  1392  1392 W SYSTEM_UI: SWR_SYSTEM_UI_004|FUN=StatusBar::getActiveNotifications|1|Get active notifications from Android framework.
01-01 00:06:29.046  1392  1392 D StatusBar: notification received at statusbar 3
01-01 00:06:29.058  1392  1392 W SYSTEM_UI - CI07.3: className -> NotificationUIService | functionName -> onStartCommand | value -> onStartCommand NotificationServiceListener
01-01 00:06:29.058  1392  1392 W SYSTEM_UI - CI07.3: className -> NotificationUIService | functionName -> onStartCommand | value -> onStartCommand NotificationServiceListenerACTION_NOTIFICATION_UPDATE
01-01 00:06:29.058  1392  1392 W SYSTEM_UI - CI07.3: className -> NotificationUIService | functionName -> onStartCommand | value -> ActionName --> ACTION_NOTIFICATION_UPDATE
01-01 00:06:29.073  1392  1392 D ScrimController: animate_trace: updateScrims entry
01-01 00:06:29.074  1392  1392 D ScrimController: animate_trace: setScrimBehindAlpha :hardcoding alpha=0.0 to 0
01-01 00:06:29.074  1392  1392 D ScrimController: animate_trace: setScrimInFrontAlpha :hardcoding alpha=0.0 to 0
01-01 00:06:29.109  1392  4852 W SYSTEM_UI - CI07.3: className -> NotificationUIService | functionName -> FilterTask | doInBackground | value -> doInBackground
01-01 00:06:29.110  1392  4852 W SYSTEM_UI - CI07.3: className -> NotificationUIService | functionName -> populateValidNotifications | value -> NOTIFICATION_INFO || packageName --> android | notificationTitle --> Connect to open WiFi network | notificationText --> HP-Print-DB-LaserJet Pro MFP | postedTime --> 388953 | notificationId --> 17303299 | notificationFlag --> 256 | isClearable --> true | isOngoing --> false | notificationPriority --> 0 | notificationChannelImportance --> 2
01-01 00:06:29.110  1392  4852 W SYSTEM_UI - CI07.3: className -> NotificationUIService | functionName -> populateValidNotifications | value -> Notification entry not valid. System notification.
01-01 00:06:29.111  1392  4852 W SYSTEM_UI - CI07.3: className -> NotificationUIService | functionName -> populateValidNotifications | value -> NOTIFICATION_INFO || packageName --> android | notificationTitle --> USB debugging connected | notificationText --> Tap to disable USB debugging. | postedTime --> 19764 | notificationId --> 26 | notificationFlag --> 2 | isClearable --> false | isOngoing --> true | notificationPriority --> 0 | notificationChannelImportance --> 2
01-01 00:06:29.112  1392  4852 W SYSTEM_UI - CI07.3: className -> NotificationUIService | functionName -> populateValidNotifications | value -> Notification entry not valid. System notification.
01-01 00:06:29.112  1392  4852 W SYSTEM_UI - CI07.3: className -> NotificationUIService | functionName -> populateValidNotifications | value -> NOTIFICATION_INFO || packageName --> android | notificationTitle --> USB charging this device | notificationText --> Tap for more options. | postedTime --> 19755 | notificationId --> 32 | notificationFlag --> 2 | isClearable --> false | isOngoing --> true | notificationPriority --> 0 | notificationChannelImportance --> 1
01-01 00:06:29.113  1392  4852 W SYSTEM_UI - CI07.3: className -> NotificationUIService | functionName -> populateValidNotifications | value -> Notification entry not valid. System notification.
01-01 00:06:29.113  1392  4852 W SYSTEM_UI: SWR_SYSTEM_UI_003|FUN=NotificationUIService::notifyStatusLineNotifications|1|statusLineNotificationPackages size --> 0
01-01 00:06:29.113  1392  4852 W SYSTEM_UI - CI07.3: className -> NotificationUIService | functionName -> updateData | value -> passed
01-01 00:06:29.113  1392  1392 W SYSTEM_UI: SWR_SYSTEM_UI_007|FUN=CollapsedStatusBarFragment::getAction |1|Broadcast action --> STATUS_UPDATE_ACTION
01-01 00:06:29.113  1392  4852 W SYSTEM_UI: SWR_BAIDU_HMI_0023 SWR_SYSTEM_UI_003 SWR_SYSTEM_UI_004|FUN=NotificationUIService::updateData|1|Received notifications from Android framework
01-01 00:06:29.113  1392  1392 W SYSTEM_UI: SWR_SYSTEM_UI_007|FUN=CollapsedStatusBarFragment::getIntExtra |1|NotifySystemUpdates dataType --> 102
01-01 00:06:29.113  1392  4852 W SYSTEM_UI - CI07.3: className -> NotificationUIService | functionName -> FilterTask | doInBackground | value -> updateData value --> []
01-01 00:06:29.113  1392  1392 W SYSTEM_UI - CI07.3: className -> CollapsedStatusBarFragment | functionName -> NotifySystemUpdates | onReceive -->  | value -> DATATYPE_NOTIFICATION: 0
01-01 00:06:29.113  1392  1392 W SYSTEM_UI: SWR_SYSTEM_UI_003|FUN=CollapsedStatusBarFragment::NotifySystemUpdates | onREeceive|1|DATATYPE_NOTIFICATION: 0
01-01 00:06:29.113  1392  1392 W SYSTEM_UI - CI07.3: className -> NotificationUIService | functionName -> FilterTask | onPostExecute | value -> stateWindow --> -1
01-01 00:06:29.113  1392  1392 W SYSTEM_UI - CI07.3: className -> NotificationUIService | functionName -> showHeadsUpNotification | value -> headsup disabled
01-01 00:06:29.213  1392  1392 W SYSTEM_UI - CI07.3: className -> NotificationUIService | functionName -> populateValidNotifications | value -> NOTIFICATION_INFO || packageName --> android | notificationTitle --> Connect to open WiFi network | notificationText --> HP-Print-DB-LaserJet Pro MFP | postedTime --> 388953 | notificationId --> 17303299 | notificationFlag --> 256 | isClearable --> true | isOngoing --> false | notificationPriority --> 0 | notificationChannelImportance --> 2
01-01 00:06:29.214  1392  1392 W SYSTEM_UI - CI07.3: className -> NotificationUIService | functionName -> populateValidNotifications | value -> Notification entry not valid. System notification.
01-01 00:06:29.215  1392  1392 W SYSTEM_UI - CI07.3: className -> NotificationUIService | functionName -> populateValidNotifications | value -> NOTIFICATION_INFO || packageName --> android | notificationTitle --> USB debugging connected | notificationText --> Tap to disable USB debugging. | postedTime --> 19764 | notificationId --> 26 | notificationFlag --> 2 | isClearable --> false | isOngoing --> true | notificationPriority --> 0 | notificationChannelImportance --> 2
01-01 00:06:29.216  1392  1392 W SYSTEM_UI - CI07.3: className -> NotificationUIService | functionName -> populateValidNotifications | value -> Notification entry not valid. System notification.
01-01 00:06:29.216  1392  1392 W SYSTEM_UI - CI07.3: className -> NotificationUIService | functionName -> populateValidNotifications | value -> NOTIFICATION_INFO || packageName --> android | notificationTitle --> USB charging this device | notificationText --> Tap for more options. | postedTime --> 19755 | notificationId --> 32 | notificationFlag --> 2 | isClearable --> false | isOngoing --> true | notificationPriority --> 0 | notificationChannelImportance --> 1
01-01 00:06:29.217  1392  1392 W SYSTEM_UI - CI07.3: className -> NotificationUIService | functionName -> populateValidNotifications | value -> Notification entry not valid. System notification.
01-01 00:06:29.217  1392  1392 W SYSTEM_UI: SWR_SYSTEM_UI_003|FUN=NotificationUIService::notifyStatusLineNotifications|1|statusLineNotificationPackages size --> 0
01-01 00:06:29.217  1392  1392 W SYSTEM_UI - CI07.3: className -> NotificationUIService | functionName -> updateData | value -> passed
01-01 00:06:29.218  1392  1392 W SYSTEM_UI: SWR_BAIDU_HMI_0023 SWR_SYSTEM_UI_003 SWR_SYSTEM_UI_004|FUN=NotificationUIService::updateData|1|Received notifications from Android framework
01-01 00:06:29.218  1392  1392 W SYSTEM_UI - CI07.3: className -> NotificationUIService | functionName -> refresh | value -> updateData value --> []
01-01 00:06:29.218  1392  1392 W SYSTEM_UI: SWR_SYSTEM_UI_007|FUN=CollapsedStatusBarFragment::getAction |1|Broadcast action --> STATUS_UPDATE_ACTION
01-01 00:06:29.218  1392  1392 W SYSTEM_UI: SWR_SYSTEM_UI_007|FUN=CollapsedStatusBarFragment::getIntExtra |1|NotifySystemUpdates dataType --> 102
01-01 00:06:29.218  1392  1392 W SYSTEM_UI - CI07.3: className -> CollapsedStatusBarFragment | functionName -> NotifySystemUpdates | onReceive -->  | value -> DATATYPE_NOTIFICATION: 0
01-01 00:06:29.219  1392  1392 W SYSTEM_UI: SWR_SYSTEM_UI_003|FUN=CollapsedStatusBarFragment::NotifySystemUpdates | onREeceive|1|DATATYPE_NOTIFICATION: 0
01-01 00:06:29.676  3675  4851 D UiScrollable: scrollToBeginning() on selector = UiSelector[SCROLLABLE=true]
01-01 00:06:29.677  3675  4851 D UiScrollable: scrollBackward() on selector = UiSelector[SCROLLABLE=true]
01-01 00:06:29.683  3675  4851 I QueryController: Matched selector: UiSelector[SCROLLABLE=true] <<==>> [android.view.accessibility.AccessibilityNodeInfo@3fef35; boundsInParent: Rect(0, 0 - 1332, 889); boundsInScreen: Rect(305, 172 - 1637, 1061); packageName: com.panasonic.hmi2settings; className: android.widget.ScrollView; text: null; error: null; maxTextLength: -1; contentDescription: null; viewIdResName: com.panasonic.hmi2settings:id/scrollWifi; checkable: false; checked: false; focusable: true; focused: false; selected: false; clickable: false; longClickable: false; contextClickable: false; enabled: true; password: false; scrollable: true; importantForAccessibility: true; actions: [AccessibilityAction: ACTION_FOCUS - null, AccessibilityAction: ACTION_SELECT - null, AccessibilityAction: ACTION_CLEAR_SELECTION - null, AccessibilityAction: ACTION_ACCESSIBILITY_FOCUS - null, AccessibilityAction: ACTION_SCROLL_FORWARD - null, AccessibilityAction: ACTION_SHOW_ON_SCREEN - null]]
01-01 00:06:29.683  3675  4851 D UiScrollable: scrollToBegining() using vertical scroll
01-01 00:06:29.684  3675  4851 D InteractionController: scrollSwipe (971, 260, 971, 973, 55)
01-01 00:06:29.812   729   748 I sssv-lib: sendMsg enter
01-01 00:06:29.812   729   748 I sssv-lib: sendMsg complete.
01-01 00:06:30.086   625   625 D WifiHAL : Start get packet fate command
01-01 00:06:30.086   625   625 D WifiHAL : createRequest Get Tx packet fate request
01-01 00:06:30.086   625   625 E WifiHAL : Failed to register get pkt fate response; result = -95
01-01 00:06:30.087  1151  1317 E WifiVendorHal: getTxPktFates(l.2067) failed {.code = ERROR_UNKNOWN, .description = errno: -95 (Unknown error -95)}
01-01 00:06:30.088   625   625 D WifiHAL : Start get packet fate command
01-01 00:06:30.088   625   625 D WifiHAL : createRequest Get Rx packet fate request
01-01 00:06:30.088   625   625 E WifiHAL : Failed to register get pkt fate response; result = -95
01-01 00:06:30.089  1151  1317 E WifiVendorHal: getRxPktFates(l.2107) failed {.code = ERROR_UNKNOWN, .description = errno: -95 (Unknown error -95)}
01-01 00:06:30.145   625   625 D WifiHAL : Start get packet fate command
01-01 00:06:30.145   625   625 D WifiHAL : createRequest Get Tx packet fate request
01-01 00:06:30.145   625   625 E WifiHAL : Failed to register get pkt fate response; result = -95
01-01 00:06:30.146  1151  1317 E WifiVendorHal: getTxPktFates(l.2067) failed {.code = ERROR_UNKNOWN, .description = errno: -95 (Unknown error -95)}
01-01 00:06:30.146   625   625 D WifiHAL : Start get packet fate command
01-01 00:06:30.146   625   625 D WifiHAL : createRequest Get Rx packet fate request
01-01 00:06:30.146   625   625 E WifiHAL : Failed to register get pkt fate response; result = -95
01-01 00:06:30.147  1151  1317 E WifiVendorHal: getRxPktFates(l.2107) failed {.code = ERROR_UNKNOWN, .description = errno: -95 (Unknown error -95)}
01-01 00:06:30.518   635   635 E ANDR-PERF-TARGET: Error: Invalid logical cluster id 0
01-01 00:06:30.519   635   635 E ANDR-PERF-MPCTL: invalid request, no optimizations performed
01-01 00:06:30.535   635   635 E ANDR-PERF-TARGET: Error: Invalid logical cluster id 0
01-01 00:06:30.535   635   635 E ANDR-PERF-MPCTL: invalid request, no optimizations performed
01-01 00:06:30.552   635   635 E ANDR-PERF-TARGET: Error: Invalid logical cluster id 0
01-01 00:06:30.552   635   635 E ANDR-PERF-MPCTL: invalid request, no optimizations performed
01-01 00:06:30.569   635   635 E ANDR-PERF-TARGET: Error: Invalid logical cluster id 0
01-01 00:06:30.569   635   635 E ANDR-PERF-MPCTL: invalid request, no optimizations performed
01-01 00:06:30.585   635   635 E ANDR-PERF-TARGET: Error: Invalid logical cluster id 0
01-01 00:06:30.585   635   635 E ANDR-PERF-MPCTL: invalid request, no optimizations performed
01-01 00:06:30.602   635   635 E ANDR-PERF-TARGET: Error: Invalid logical cluster id 0
01-01 00:06:30.602   635   635 E ANDR-PERF-MPCTL: invalid request, no optimizations performed
01-01 00:06:30.619   635   635 E ANDR-PERF-TARGET: Error: Invalid logical cluster id 0
01-01 00:06:30.619   635   635 E ANDR-PERF-MPCTL: invalid request, no optimizations performed
01-01 00:06:30.619   635   635 E ANDR-PERF-TARGET: Error: Invalid logical cluster id 0
01-01 00:06:30.619   635   635 E ANDR-PERF-MPCTL: invalid request, no optimizations performed
01-01 00:06:30.635   635   635 E ANDR-PERF-TARGET: Error: Invalid logical cluster id 0
01-01 00:06:30.636   635   635 E ANDR-PERF-MPCTL: invalid request, no optimizations performed
01-01 00:06:30.652   635   635 E ANDR-PERF-TARGET: Error: Invalid logical cluster id 0
01-01 00:06:30.652   635   635 E ANDR-PERF-MPCTL: invalid request, no optimizations performed
01-01 00:06:30.669   635   635 E ANDR-PERF-TARGET: Error: Invalid logical cluster id 0
01-01 00:06:30.669   635   635 E ANDR-PERF-MPCTL: invalid request, no optimizations performed
01-01 00:06:30.686   635   635 E ANDR-PERF-TARGET: Error: Invalid logical cluster id 0
01-01 00:06:30.686   635   635 E ANDR-PERF-MPCTL: invalid request, no optimizations performed
01-01 00:06:30.702   635   635 E ANDR-PERF-TARGET: Error: Invalid logical cluster id 0
01-01 00:06:30.702   635   635 E ANDR-PERF-MPCTL: invalid request, no optimizations performed
01-01 00:06:30.719   635   635 E ANDR-PERF-TARGET: Error: Invalid logical cluster id 0
01-01 00:06:30.719   635   635 E ANDR-PERF-MPCTL: invalid request, no optimizations performed
01-01 00:06:30.736   635   635 E ANDR-PERF-TARGET: Error: Invalid logical cluster id 0
01-01 00:06:30.736   635   635 E ANDR-PERF-MPCTL: invalid request, no optimizations performed
01-01 00:06:30.752   635   635 E ANDR-PERF-TARGET: Error: Invalid logical cluster id 0
01-01 00:06:30.752   635   635 E ANDR-PERF-MPCTL: invalid request, no optimizations performed
01-01 00:06:30.769   635   635 E ANDR-PERF-TARGET: Error: Invalid logical cluster id 0
01-01 00:06:30.769   635   635 E ANDR-PERF-MPCTL: invalid request, no optimizations performed
01-01 00:06:30.786   635   635 E ANDR-PERF-TARGET: Error: Invalid logical cluster id 0
01-01 00:06:30.786   635   635 E ANDR-PERF-MPCTL: invalid request, no optimizations performed
01-01 00:06:30.802   635   635 E ANDR-PERF-TARGET: Error: Invalid logical cluster id 0
01-01 00:06:30.803   635   635 E ANDR-PERF-MPCTL: invalid request, no optimizations performed
01-01 00:06:30.813  3675  4851 W InteractionController: runAndwaitForEvents timed out waiting for events
01-01 00:06:30.814   729   748 I sssv-lib: sendMsg enter
01-01 00:06:30.814   729   748 I sssv-lib: sendMsg complete.
01-01 00:06:30.819   635   635 E ANDR-PERF-TARGET: Error: Invalid logical cluster id 0
01-01 00:06:30.819   635   635 E ANDR-PERF-MPCTL: invalid request, no optimizations performed
01-01 00:06:30.823  3675  4851 D UiScrollable: scrollForward() on selector = UiSelector[SCROLLABLE=true]
01-01 00:06:30.830  3675  4851 I QueryController: Matched selector: UiSelector[SCROLLABLE=true] <<==>> [android.view.accessibility.AccessibilityNodeInfo@3fef35; boundsInParent: Rect(0, 0 - 1332, 889); boundsInScreen: Rect(305, 172 - 1637, 1061); packageName: com.panasonic.hmi2settings; className: android.widget.ScrollView; text: null; error: null; maxTextLength: -1; contentDescription: null; viewIdResName: com.panasonic.hmi2settings:id/scrollWifi; checkable: false; checked: false; focusable: true; focused: false; selected: false; clickable: false; longClickable: false; contextClickable: false; enabled: true; password: false; scrollable: true; importantForAccessibility: true; actions: [AccessibilityAction: ACTION_FOCUS - null, AccessibilityAction: ACTION_SELECT - null, AccessibilityAction: ACTION_CLEAR_SELECTION - null, AccessibilityAction: ACTION_ACCESSIBILITY_FOCUS - null, AccessibilityAction: ACTION_SCROLL_FORWARD - null, AccessibilityAction: ACTION_SHOW_ON_SCREEN - null]]
01-01 00:06:30.830  3675  4851 D InteractionController: scrollSwipe (971, 973, 971, 260, 55)
01-01 00:06:30.836   635   635 E ANDR-PERF-TARGET: Error: Invalid logical cluster id 0
01-01 00:06:30.836   635   635 E ANDR-PERF-MPCTL: invalid request, no optimizations performed
01-01 00:06:30.853   635   635 E ANDR-PERF-TARGET: Error: Invalid logical cluster id 0
01-01 00:06:30.853   635   635 E ANDR-PERF-MPCTL: invalid request, no optimizations performed
01-01 00:06:30.869   635   635 E ANDR-PERF-TARGET: Error: Invalid logical cluster id 0
01-01 00:06:30.869   635   635 E ANDR-PERF-MPCTL: invalid request, no optimizations performed
01-01 00:06:30.886   635   635 E ANDR-PERF-TARGET: Error: Invalid logical cluster id 0
01-01 00:06:30.886   635   635 E ANDR-PERF-MPCTL: invalid request, no optimizations performed
01-01 00:06:30.900  2054  2054 E         : 
01-01 00:06:30.900  2054  2054 E         : Buffer Size = 1048576
01-01 00:06:30.904   635   635 E ANDR-PERF-TARGET: Error: Invalid logical cluster id 0
01-01 00:06:30.904   635   635 E ANDR-PERF-MPCTL: invalid request, no optimizations performed
01-01 00:06:30.919  2054  2054 E         : 
01-01 00:06:30.919  2054  2054 E         : <6>[   32.265908] QSEECOM: scm_call_qcpe:503 : OUT: 0x0, 0x0, 0xee01, 0x20002
01-01 00:06:30.919  2054  2054 E         : <31>[   32.338283] logd: logdr: UID=0 GID=1000 PID=3215 b tail=0 logMask=1f pid=0 start=0ns timeout=0ns
01-01 00:06:30.919  2054  2054 E         : <14>[   34.762271] init: Uptime: 00034.762142 LocalTime: 01-01 00:00:38.625
01-01 00:06:30.919  2054  2054 E         : <14>[   34.762293] init: 
01-01 00:06:30.919  2054  2054 E         : <38>[   36.840082] type=1400 audit(33.169:16): avc: denied { read write } for pid=2982 comm="lklog" path="/dev/vchar-aux9" dev="tmpfs" ino=15450 scontext=u:r:np_lklog:s0 tcontext=u:object_r:vchar_aux9_device:s0 tclass=chr_file permissive=1
01-01 00:06:30.919  2054  2054 E         : <38>[   36.840105] type=1400 audit(40.689:17): avc: denied { read write } for pid=3276 comm="lklog" path="/dev/vchar-aux9" dev="tmpfs" ino=15450 scontext=u:r:np_lklog:s0 tcontext=u:object_r:vchar_aux9_device:s0 tclass=chr_file permissive=1
01-01 00:06:30.919  2054  2054 E         : <3>[   37.610085] subsys-restart: wait_for_err_ready(): [modem]: Error ready timed out
01-01 00:06:30.919  2054  2054 E         : <6>[   37.621153] pil-q6v5-mss 2080000.qcom,mss: MSS is shutting down
01-01 00:06:30.919  2054  2054 E         : <4>[   37.646241] pil-q6v5-mss 2080000.qcom,mss: Port 0000000000000000 halt timeout
01-01 00:06:30.919  2054  2054 E         : <4>[   37.678874]
01-01 00:06:30.920   635   635 E ANDR-PERF-TARGET: Error: Invalid logical cluster id 0
01-01 00:06:30.920   635   635 E ANDR-PERF-MPCTL: invalid request, no optimizations performed
01-01 00:06:30.922  2054  2054 E         : USB Hub Detector 1.0
01-01 00:06:30.936   635   635 E ANDR-PERF-TARGET: Error: Invalid logical cluster id 0
01-01 00:06:30.936   635   635 E ANDR-PERF-MPCTL: invalid request, no optimizations performed
01-01 00:06:30.953   635   635 E ANDR-PERF-TARGET: Error: Invalid logical cluster id 0
01-01 00:06:30.953   635   635 E ANDR-PERF-MPCTL: invalid request, no optimizations performed
01-01 00:06:30.970   635   635 E ANDR-PERF-TARGET: Error: Invalid logical cluster id 0
01-01 00:06:30.970   635   635 E ANDR-PERF-MPCTL: invalid request, no optimizations performed
01-01 00:06:30.986   635   635 E ANDR-PERF-TARGET: Error: Invalid logical cluster id 0
01-01 00:06:30.986   635   635 E ANDR-PERF-MPCTL: invalid request, no optimizations performed
01-01 00:06:31.003   635   635 E ANDR-PERF-TARGET: Error: Invalid logical cluster id 0
01-01 00:06:31.003   635   635 E ANDR-PERF-MPCTL: invalid request, no optimizations performed
01-01 00:06:31.020   635   635 E ANDR-PERF-TARGET: Error: Invalid logical cluster id 0
01-01 00:06:31.020   635   635 E ANDR-PERF-MPCTL: invalid request, no optimizations performed
01-01 00:06:31.036   635   635 E ANDR-PERF-TARGET: Error: Invalid logical cluster id 0
01-01 00:06:31.036   635   635 E ANDR-PERF-MPCTL: invalid request, no optimizations performed
01-01 00:06:31.053   635   635 E ANDR-PERF-TARGET: Error: Invalid logical cluster id 0
01-01 00:06:31.053   635   635 E ANDR-PERF-MPCTL: invalid request, no optimizations performed
01-01 00:06:31.070   635   635 E ANDR-PERF-TARGET: Error: Invalid logical cluster id 0
01-01 00:06:31.070   635   635 E ANDR-PERF-MPCTL: invalid request, no optimizations performed
01-01 00:06:31.086   635   635 E ANDR-PERF-TARGET: Error: Invalid logical cluster id 0
01-01 00:06:31.087   635   635 E ANDR-PERF-MPCTL: invalid request, no optimizations performed
01-01 00:06:31.103   635   635 E ANDR-PERF-TARGET: Error: Invalid logical cluster id 0
01-01 00:06:31.103   635   635 E ANDR-PERF-MPCTL: invalid request, no optimizations performed
01-01 00:06:31.120   635   635 E ANDR-PERF-TARGET: Error: Invalid logical cluster id 0
01-01 00:06:31.120   635   635 E ANDR-PERF-MPCTL: invalid request, no optimizations performed
01-01 00:06:31.137   635   635 E ANDR-PERF-TARGET: Error: Invalid logical cluster id 0
01-01 00:06:31.137   635   635 E ANDR-PERF-MPCTL: invalid request, no optimizations performed
01-01 00:06:31.153   635   635 E ANDR-PERF-TARGET: Error: Invalid logical cluster id 0
01-01 00:06:31.153   635   635 E ANDR-PERF-MPCTL: invalid request, no optimizations performed
01-01 00:06:31.170   635   635 E ANDR-PERF-TARGET: Error: Invalid logical cluster id 0
01-01 00:06:31.170   635   635 E ANDR-PERF-MPCTL: invalid request, no optimizations performed
01-01 00:06:31.187   635   635 E ANDR-PERF-TARGET: Error: Invalid logical cluster id 0
01-01 00:06:31.187   635   635 E ANDR-PERF-MPCTL: invalid request, no optimizations performed
01-01 00:06:31.204   635   635 E ANDR-PERF-TARGET: Error: Invalid logical cluster id 0
01-01 00:06:31.204   635   635 E ANDR-PERF-MPCTL: invalid request, no optimizations performed
01-01 00:06:31.220   635   635 E ANDR-PERF-TARGET: Error: Invalid logical cluster id 0
01-01 00:06:31.220   635   635 E ANDR-PERF-MPCTL: invalid request, no optimizations performed
01-01 00:06:31.237   635   635 E ANDR-PERF-TARGET: Error: Invalid logical cluster id 0
01-01 00:06:31.237   635   635 E ANDR-PERF-MPCTL: invalid request, no optimizations performed
01-01 00:06:31.254   635   635 E ANDR-PERF-TARGET: Error: Invalid logical cluster id 0
01-01 00:06:31.254   635   635 E ANDR-PERF-MPCTL: invalid request, no optimizations performed
01-01 00:06:31.270   635   635 E ANDR-PERF-TARGET: Error: Invalid logical cluster id 0
01-01 00:06:31.270   635   635 E ANDR-PERF-MPCTL: invalid request, no optimizations performed
01-01 00:06:31.271  1933  1947 D LCMANDR : SWR_OOB_HV_MF_009|FUN=LifeCycleManagerService::LifeCycle_ReportCompStatus|GOT ALIVENESS SIGNAL FROM DAIAPP : [0]; HB Counter = [ 145 ]; STATUS INFO = [ 0 ]
01-01 00:06:31.272  1519  1519 I Connectivity_AIDL|AIDL_Handler.AIDL_Helpers.LcmHelper: MBUX App Method: KeepAliveTest |Line No: 408 |Log Type: Critical |Message: MainThread:MBUX-App HB Count: 147, ResponseCode: 0
01-01 00:06:31.287   635   635 E ANDR-PERF-TARGET: Error: Invalid logical cluster id 0
01-01 00:06:31.287   635   635 E ANDR-PERF-MPCTL: invalid request, no optimizations performed
01-01 00:06:31.304   635   635 E ANDR-PERF-TARGET: Error: Invalid logical cluster id 0
01-01 00:06:31.304   635   635 E ANDR-PERF-MPCTL: invalid request, no optimizations performed
01-01 00:06:31.320   635   635 E ANDR-PERF-TARGET: Error: Invalid logical cluster id 0
01-01 00:06:31.320   635   635 E ANDR-PERF-MPCTL: invalid request, no optimizations performed
01-01 00:06:31.337   635   635 E ANDR-PERF-TARGET: Error: Invalid logical cluster id 0
01-01 00:06:31.337   635   635 E ANDR-PERF-MPCTL: invalid request, no optimizations performed
01-01 00:06:31.354   635   635 E ANDR-PERF-TARGET: Error: Invalid logical cluster id 0
01-01 00:06:31.354   635   635 E ANDR-PERF-MPCTL: invalid request, no optimizations performed
01-01 00:06:31.371   635   635 E ANDR-PERF-TARGET: Error: Invalid logical cluster id 0
01-01 00:06:31.371   635   635 E ANDR-PERF-MPCTL: invalid request, no optimizations performed
01-01 00:06:31.387   635   635 E ANDR-PERF-TARGET: Error: Invalid logical cluster id 0
01-01 00:06:31.387   635   635 E ANDR-PERF-MPCTL: invalid request, no optimizations performed
01-01 00:06:31.404   635   635 E ANDR-PERF-TARGET: Error: Invalid logical cluster id 0
01-01 00:06:31.404   635   635 E ANDR-PERF-MPCTL: invalid request, no optimizations performed
01-01 00:06:31.421   635   635 E ANDR-PERF-TARGET: Error: Invalid logical cluster id 0
01-01 00:06:31.421   635   635 E ANDR-PERF-MPCTL: invalid request, no optimizations performed
01-01 00:06:31.437   635   635 E ANDR-PERF-TARGET: Error: Invalid logical cluster id 0
01-01 00:06:31.437   635   635 E ANDR-PERF-MPCTL: invalid request, no optimizations performed
01-01 00:06:31.454   635   635 E ANDR-PERF-TARGET: Error: Invalid logical cluster id 0
01-01 00:06:31.454   635   635 E ANDR-PERF-MPCTL: invalid request, no optimizations performed
01-01 00:06:31.471   635   635 E ANDR-PERF-TARGET: Error: Invalid logical cluster id 0
01-01 00:06:31.471   635   635 E ANDR-PERF-MPCTL: invalid request, no optimizations performed
01-01 00:06:31.478  1933  1933 I LCMANDR : SWR_OOB_HV_MF_009|FUN=ResourceMonitoringService::movingMemoryAverage|2|Moving memory average :24.355564
01-01 00:06:31.478  1933  1933 W LCMANDR : SWR_OOB_HV_MF_009|FUN=ResourceMonitoringService::getCpuUsageStatistic|Moving MEM AVG :::::::::24.355564
01-01 00:06:31.482  1933  1933 W LCMANDR : SWR_OOB_HV_MF_009|FUN=ResourceMonitoringService::getCpuUsageStatistic|2|Total cpu usage :25.404158
01-01 00:06:31.482  1933  1933 I LCMANDR : SWR_OOB_HV_MF_009|FUN=ResourceMonitoringService::getCpuUsageStatistic|Cpu usage of core  0 is31.61512
01-01 00:06:31.482  1933  1933 I LCMANDR : SWR_OOB_HV_MF_009|FUN=ResourceMonitoringService::getCpuUsageStatistic|Cpu usage of core  1 is25.605536
01-01 00:06:31.482  1933  1933 I LCMANDR : SWR_OOB_HV_MF_009|FUN=ResourceMonitoringService::getCpuUsageStatistic|Cpu usage of core  2 is18.881119
01-01 00:06:31.482  1933  1933 I LCMANDR : ResourceMonitoringService::movingCpuAverage()
01-01 00:06:31.482  1933  1933 I LCMANDR : SWR_OOB_HV_MF_009|FUN=ResourceMonitoringService::movingCpuAverage|2|Moving window average of CPU 24.614985
01-01 00:06:31.482  1933  1933 I LCMANDR : SWR_OOB_HV_MF_009|FUN=ResourceMonitoringService::movingCpuAverage|2|Cpu moving average of core  0 is25.75217
01-01 00:06:31.482  1933  1933 I LCMANDR : SWR_OOB_HV_MF_009|FUN=ResourceMonitoringService::movingCpuAverage|2|Cpu moving average of core  1 is21.821606
01-01 00:06:31.482  1933  1933 I LCMANDR : SWR_OOB_HV_MF_009|FUN=ResourceMonitoringService::movingCpuAverage|2|Cpu moving average of core  2 is25.971582
01-01 00:06:31.482  1933  1933 D LCMANDR : SWR_OOB_HV_MF_009|FUN=ResourceMonitoringService::movingCpuAverage|2|Exiting VAL = 24.614985
01-01 00:06:31.487   635   635 E ANDR-PERF-TARGET: Error: Invalid logical cluster id 0
01-01 00:06:31.487   635   635 E ANDR-PERF-MPCTL: invalid request, no optimizations performed
01-01 00:06:31.504   635   635 E ANDR-PERF-TARGET: Error: Invalid logical cluster id 0
01-01 00:06:31.504   635   635 E ANDR-PERF-MPCTL: invalid request, no optimizations performed
01-01 00:06:31.521   635   635 E ANDR-PERF-TARGET: Error: Invalid logical cluster id 0
01-01 00:06:31.521   635   635 E ANDR-PERF-MPCTL: invalid request, no optimizations performed
01-01 00:06:31.537   635   635 E ANDR-PERF-TARGET: Error: Invalid logical cluster id 0
01-01 00:06:31.538   635   635 E ANDR-PERF-MPCTL: invalid request, no optimizations performed
01-01 00:06:31.554   635   635 E ANDR-PERF-TARGET: Error: Invalid logical cluster id 0
01-01 00:06:31.554   635   635 E ANDR-PERF-MPCTL: invalid request, no optimizations performed
01-01 00:06:31.571   635   635 E ANDR-PERF-TARGET: Error: Invalid logical cluster id 0
01-01 00:06:31.571   635   635 E ANDR-PERF-MPCTL: invalid request, no optimizations performed
01-01 00:06:31.588   635   635 E ANDR-PERF-TARGET: Error: Invalid logical cluster id 0
01-01 00:06:31.588   635   635 E ANDR-PERF-MPCTL: invalid request, no optimizations performed
01-01 00:06:31.604   635   635 E ANDR-PERF-TARGET: Error: Invalid logical cluster id 0
01-01 00:06:31.604   635   635 E ANDR-PERF-MPCTL: invalid request, no optimizations performed
01-01 00:06:31.621   635   635 E ANDR-PERF-TARGET: Error: Invalid logical cluster id 0
01-01 00:06:31.621   635   635 E ANDR-PERF-MPCTL: invalid request, no optimizations performed
01-01 00:06:31.638   635   635 E ANDR-PERF-TARGET: Error: Invalid logical cluster id 0
01-01 00:06:31.638   635   635 E ANDR-PERF-MPCTL: invalid request, no optimizations performed
01-01 00:06:31.654   635   635 E ANDR-PERF-TARGET: Error: Invalid logical cluster id 0
01-01 00:06:31.654   635   635 E ANDR-PERF-MPCTL: invalid request, no optimizations performed
01-01 00:06:31.671   635   635 E ANDR-PERF-TARGET: Error: Invalid logical cluster id 0
01-01 00:06:31.671   635   635 E ANDR-PERF-MPCTL: invalid request, no optimizations performed
01-01 00:06:31.688   635   635 E ANDR-PERF-TARGET: Error: Invalid logical cluster id 0
01-01 00:06:31.688   635   635 E ANDR-PERF-MPCTL: invalid request, no optimizations performed
01-01 00:06:31.704   635   635 E ANDR-PERF-TARGET: Error: Invalid logical cluster id 0
01-01 00:06:31.705   635   635 E ANDR-PERF-MPCTL: invalid request, no optimizations performed
01-01 00:06:31.721   635   635 E ANDR-PERF-TARGET: Error: Invalid logical cluster id 0
01-01 00:06:31.721   635   635 E ANDR-PERF-MPCTL: invalid request, no optimizations performed
01-01 00:06:31.738   635   635 E ANDR-PERF-TARGET: Error: Invalid logical cluster id 0
01-01 00:06:31.738   635   635 E ANDR-PERF-MPCTL: invalid request, no optimizations performed
01-01 00:06:31.755   635   635 E ANDR-PERF-TARGET: Error: Invalid logical cluster id 0
01-01 00:06:31.755   635   635 E ANDR-PERF-MPCTL: invalid request, no optimizations performed
01-01 00:06:31.755   635   635 E ANDR-PERF-TARGET: Error: Invalid logical cluster id 0
01-01 00:06:31.755   635   635 E ANDR-PERF-MPCTL: invalid request, no optimizations performed
01-01 00:06:31.771   635   635 E ANDR-PERF-TARGET: Error: Invalid logical cluster id 0
01-01 00:06:31.771   635   635 E ANDR-PERF-MPCTL: invalid request, no optimizations performed
01-01 00:06:31.788   635   635 E ANDR-PERF-TARGET: Error: Invalid logical cluster id 0
01-01 00:06:31.788   635   635 E ANDR-PERF-MPCTL: invalid request, no optimizations performed
01-01 00:06:31.805   635   635 E ANDR-PERF-TARGET: Error: Invalid logical cluster id 0
01-01 00:06:31.805   635   635 E ANDR-PERF-MPCTL: invalid request, no optimizations performed
01-01 00:06:31.815   729   748 I sssv-lib: sendMsg enter
01-01 00:06:31.815   729   748 I sssv-lib: sendMsg complete.
01-01 00:06:31.822   635   635 E ANDR-PERF-TARGET: Error: Invalid logical cluster id 0
01-01 00:06:31.822   635   635 E ANDR-PERF-MPCTL: invalid request, no optimizations performed
01-01 00:06:31.838   635   635 E ANDR-PERF-TARGET: Error: Invalid logical cluster id 0
01-01 00:06:31.838   635   635 E ANDR-PERF-MPCTL: invalid request, no optimizations performed
01-01 00:06:31.855   635   635 E ANDR-PERF-TARGET: Error: Invalid logical cluster id 0
01-01 00:06:31.855   635   635 E ANDR-PERF-MPCTL: invalid request, no optimizations performed
01-01 00:06:31.872   635   635 E ANDR-PERF-TARGET: Error: Invalid logical cluster id 0
01-01 00:06:31.872   635   635 E ANDR-PERF-MPCTL: invalid request, no optimizations performed
01-01 00:06:31.888   635   635 E ANDR-PERF-TARGET: Error: Invalid logical cluster id 0
01-01 00:06:31.888   635   635 E ANDR-PERF-MPCTL: invalid request, no optimizations performed
01-01 00:06:31.905   635   635 E ANDR-PERF-TARGET: Error: Invalid logical cluster id 0
01-01 00:06:31.905   635   635 E ANDR-PERF-MPCTL: invalid request, no optimizations performed
01-01 00:06:31.922   635   635 E ANDR-PERF-TARGET: Error: Invalid logical cluster id 0
01-01 00:06:31.922   635   635 E ANDR-PERF-MPCTL: invalid request, no optimizations performed
01-01 00:06:31.938   635   635 E ANDR-PERF-TARGET: Error: Invalid logical cluster id 0
01-01 00:06:31.938   635   635 E ANDR-PERF-MPCTL: invalid request, no optimizations performed
01-01 00:06:31.949  3675  4851 W InteractionController: runAndwaitForEvents timed out waiting for events
01-01 00:06:31.949  3675  4851 D InteractionController: Vertical scrollSwipe reached scroll end: false
01-01 00:06:31.955   635   635 E ANDR-PERF-TARGET: Error: Invalid logical cluster id 0
01-01 00:06:31.955   635   635 E ANDR-PERF-MPCTL: invalid request, no optimizations performed
01-01 00:06:31.972   635   635 E ANDR-PERF-TARGET: Error: Invalid logical cluster id 0
01-01 00:06:31.972   635   635 E ANDR-PERF-MPCTL: invalid request, no optimizations performed
01-01 00:06:31.988   635   635 E ANDR-PERF-TARGET: Error: Invalid logical cluster id 0
01-01 00:06:31.989   635   635 E ANDR-PERF-MPCTL: invalid request, no optimizations performed
01-01 00:06:32.005   635   635 E ANDR-PERF-TARGET: Error: Invalid logical cluster id 0
01-01 00:06:32.005   635   635 E ANDR-PERF-MPCTL: invalid request, no optimizations performed
01-01 00:06:32.022   635   635 E ANDR-PERF-TARGET: Error: Invalid logical cluster id 0
01-01 00:06:32.022   635   635 E ANDR-PERF-MPCTL: invalid request, no optimizations performed
01-01 00:06:32.039   635   635 E ANDR-PERF-TARGET: Error: Invalid logical cluster id 0
01-01 00:06:32.039   635   635 E ANDR-PERF-MPCTL: invalid request, no optimizations performed
01-01 00:06:32.055   635   635 E ANDR-PERF-TARGET: Error: Invalid logical cluster id 0
01-01 00:06:32.055   635   635 E ANDR-PERF-MPCTL: invalid request, no optimizations performed
01-01 00:06:32.072   635   635 E ANDR-PERF-TARGET: Error: Invalid logical cluster id 0
01-01 00:06:32.072   635   635 E ANDR-PERF-MPCTL: invalid request, no optimizations performed
01-01 00:06:32.089   635   635 E ANDR-PERF-TARGET: Error: Invalid logical cluster id 0
01-01 00:06:32.089   635   635 E ANDR-PERF-MPCTL: invalid request, no optimizations performed
01-01 00:06:32.105   635   635 E ANDR-PERF-TARGET: Error: Invalid logical cluster id 0
01-01 00:06:32.106   635   635 E ANDR-PERF-MPCTL: invalid request, no optimizations performed
01-01 00:06:32.122   635   635 E ANDR-PERF-TARGET: Error: Invalid logical cluster id 0
01-01 00:06:32.122   635   635 E ANDR-PERF-MPCTL: invalid request, no optimizations performed
01-01 00:06:32.525  1933  1933 D LCMANDR : SWR_OOB_HV_MF_009|FUN=LifeCycleManagerService::getDAIAppAlivenessStatus|Aliveness:: DAIAPP HB DIFF = 2 [ DaimlerAppHBCounter ] = 145[ DaimlerAppHBCounterOld ] = 143
01-01 00:06:32.525  1933  1933 I LCMANDR : SWR_OOB_HV_MF_009|FUN=LifeCycleManagerService::getDAIAppAlivenessStatus|Aliveness::ANDROID HB IS VALID... setting OLD VAL, and resetting Fail Counter
01-01 00:06:32.527  1933  1933 I LCMANDR : SWR_OOB_HV_MF_009|FUN=LifeCycleManagerService::getDAIPID|DAIMLER APP(com.daimler.rse.ntg6) PID is [ 1519 ]
01-01 00:06:32.527  1933  1933 I LCMANDR : SWR_OOB_HV_MF_009|FUN=LifeCycleManagerService::getDAIAPPStatus|Aliveness::SAME PID! DAIAPP is not restarted
01-01 00:06:32.527  1933  1933 W LCMANDR : SWR_OOB_HV_MF_009|FUN=LifeCycleManagerService::getDAIAppAlivenessStatus|Aliveness::Status to send id : ALIVE
01-01 00:06:32.527  1933  1933 D LCMANDR : SWR_OOB_HV_MF_005|FUN=LifeCycleManagerService::sendPacketToLnx|data = [B@f8f7ce
01-01 00:06:32.527  1933  1933 D LCMANDR : SWR_OOB_HV_MF_009|FUN=LifeCycleManagerService::postAppsStatusInfo|Setting AppPacket info
01-01 00:06:32.527  1933  1933 I LCMANDR : SWR_OOB_HV_MF_009|FUN=AlivenessMonitoring::getRunningApps| packet sent
01-01 00:06:32.527  1933  1956 D LCMANDR : SWR_OOB_HV_MF_010|FUN=LifeCycleManagerService::RseNodeStateManagement|SEND_IGC_CB
01-01 00:06:32.527  1933  1956 I LCMANDR : SWR_OOB_HV_MF_005|FUN=LifeCycleManagerService::igcsendData|Call hit in RSENodeStateManagement::igcsendData
01-01 00:06:32.527  1933  1956 I LCMANDR : SWR_OOB_HV_MF_005|FUN=LifeCycleManagerService::igcsendData|SEND DATA LEN is : 15
01-01 00:06:32.527  1933  1956 I LCMANDR : SWR_OOB_HV_MF_007|FUN=LifeCycleManagerService::sendPacketFromIntentService|Package to send : [ 65, 0, 0, 0, 9, 0, 2, 0, 1, 0, 5, 65, 65, 0, 0, ]
01-01 00:06:32.527  1933  1956 I IGC     :  IGC::sendData ==> [ 65, 0, 0, 0, 9, 0, 2, 0, 1, 0, 5, 65, 65, 0, 0,  ]
01-01 00:06:32.527  1933  1956 I IGC     :  Igc::sendData data size is :: 15
01-01 00:06:32.527  1933  1956 D         : Enqueue: sem count = 1
01-01 00:06:32.527  1933  1956 I LCMANDR : SWR_OOB_HV_MF_007|FUN=LifeCycleManagerService::sendPacketFromIntentService|Sending Data to Linux is successful( [65, 0, 0, 0, 9, 0, 2, 0, 1, 0, 5, 65, 65, 0, 0] )
01-01 00:06:32.527  1933  1956 I LCMANDR : SWR_OOB_HV_MF_005|FUN=LifeCycleManagerService::igcsendData| DATA SEND SUCCESSFULLY 
01-01 00:06:32.675  3675  4851 I QueryController: Matched selector: UiSelector[SCROLLABLE=true, CHILD=UiSelector[TEXT=RSE_Test]] <<==>> [android.view.accessibility.AccessibilityNodeInfo@41f900; boundsInParent: Rect(0, 0 - 1078, 77); boundsInScreen: Rect(354, 495 - 1431, 572); packageName: com.panasonic.hmi2settings; className: android.widget.TextView; text: RSE_Test; error: null; maxTextLength: -1; contentDescription: null; viewIdResName: com.panasonic.hmi2settings:id/wifiName; checkable: false; checked: false; focusable: false; focused: false; selected: false; clickable: false; longClickable: false; contextClickable: false; enabled: true; password: false; scrollable: false; importantForAccessibility: true; actions: [AccessibilityAction: ACTION_SELECT - null, AccessibilityAction: ACTION_CLEAR_SELECTION - null, AccessibilityAction: ACTION_ACCESSIBILITY_FOCUS - null, AccessibilityAction: ACTION_NEXT_AT_MOVEMENT_GRANULARITY - null, AccessibilityAction: ACTION_PREVIOUS_AT_MOVEMENT_GRANULARITY - null, AccessibilityAction: ACTION_SET_SELECTION - null, AccessibilityAction: ACTION_SHOW_ON_SCREEN - null]]
01-01 00:06:32.685  3675  4853 D UIAutomatorStub: URI: /jsonrpc/0, Method: POST, Header: {content-length=176, remote-addr=127.0.0.1, http-client-ip=127.0.0.1, host=localhost:9009, content-type=application/json, connection=close, accept-encoding=identity, user-agent=Python-urllib/2.7}, params, {NanoHttpd.QUERY_STRING=null}, files: {postData={"params": [{"childOrSiblingSelector": [], "text": "RSE_Test", "mask": 1, "childOrSibling": []}], "jsonrpc": "2.0", "method": "click", "id": "68bbca2d569318bd59e4226e7f6f2a75"}}
01-01 00:06:32.750  3739  3739 W HMI2-SETTINGS - CI08.4: className -> WifiAdapter | functionName -> onBindViewHolder | value -> allWifiList.get(position).getSecurityType() : wifiNametrue
01-01 00:06:32.750  3739  3739 W HMI2-SETTINGS - CI08.4: className -> WifiActivity | functionName -> onWifiClick | value -> getSecurityType ->true
01-01 00:06:32.757   635   635 E ANDR-PERF-TARGET: Error: Invalid logical cluster id 0
01-01 00:06:32.757   635   635 E ANDR-PERF-MPCTL: invalid request, no optimizations performed
01-01 00:06:32.768  3675  4854 D UIAutomatorStub: URI: /jsonrpc/0, Method: POST, Header: {content-length=213, remote-addr=127.0.0.1, http-client-ip=127.0.0.1, host=localhost:9009, content-type=application/json, connection=close, accept-encoding=identity, user-agent=Python-urllib/2.7}, params, {NanoHttpd.QUERY_STRING=null}, files: {postData={"params": [{"childOrSiblingSelector": [], "className": "android.widget.EditText", "mask": 16, "childOrSibling": []}, "Secure7@55"], "jsonrpc": "2.0", "method": "setText", "id": "f7d9064bced287ee2a86353dd7bc88f1"}}
01-01 00:06:32.786  3739  3739 D View    : setSystemUiVisibility: creating intent for action ACTION_ACTIVITY_FULLSCREEN
01-01 00:06:32.787  3739  3739 W ContextImpl: Calling a method in the system process without a qualified user: android.app.ContextImpl.startService:1476 android.content.ContextWrapper.startService:650 android.view.View.setSystemUiVisibility:22653 com.panasonic.hmi2settings.activity.WifiActivity.connectToWifi:1215 com.panasonic.hmi2settings.activity.WifiActivity.onWifiClick:522 
01-01 00:06:32.788  1151  2264 D CompatibilityInfo: mCompatibilityFlags - 4
01-01 00:06:32.788  1151  2264 D CompatibilityInfo: applicationDensity - 240
01-01 00:06:32.788  1151  2264 D CompatibilityInfo: applicationScale - 1.0
01-01 00:06:32.791  3739  3739 D View    : setSystemUiVisibility: startService done
01-01 00:06:32.791  1392  1392 W SYSTEM_UI: SWR_SYSTEM_UI_007|FUN=CollapsedStatusBarFragment::getAction |1|Broadcast action --> STATUS_UPDATE_ACTION
01-01 00:06:32.792  1392  1392 W SYSTEM_UI: SWR_SYSTEM_UI_007|FUN=CollapsedStatusBarFragment::getIntExtra |1|NotifySystemUpdates dataType --> 101
