01-01 00:32:02.820  1392 10670 W SYSTEM_UI - CI07.3: className -> NotificationUIService | functionName -> populateValidNotifications | value -> NOTIFICATION_INFO || packageName --> android | notificationTitle --> USB debugging connected | notificationText --> Tap to disable USB debugging. | postedTime --> 19764 | notificationId --> 26 | notificationFlag --> 2 | isClearable --> false | isOngoing --> true | notificationPriority --> 0 | notificationChannelImportance --> 2
01-01 00:32:02.821  3739  3739 E HMI2-SETTINGS - CI08.4: className -> WifiActivity | functionName -> mWifiScanReceiver -> onReceive | error ->intent_action:android.net.wifi.CONFIGURED_NETWORKS_CHANGE
01-01 00:32:02.822  1392 10670 W SYSTEM_UI - CI07.3: className -> NotificationUIService | functionName -> populateValidNotifications | value -> Notification entry not valid. System notification.
01-01 00:32:02.822  1392 10670 W SYSTEM_UI - CI07.3: className -> NotificationUIService | functionName -> populateValidNotifications | value -> NOTIFICATION_INFO || packageName --> android | notificationTitle --> USB charging this device | notificationText --> Tap for more options. | postedTime --> 19755 | notificationId --> 32 | notificationFlag --> 2 | isClearable --> false | isOngoing --> true | notificationPriority --> 0 | notificationChannelImportance --> 1
01-01 00:32:02.823  1392 10670 W SYSTEM_UI - CI07.3: className -> NotificationUIService | functionName -> populateValidNotifications | value -> Notification entry not valid. System notification.
01-01 00:32:02.823  1392 10670 W SYSTEM_UI: SWR_SYSTEM_UI_003|FUN=NotificationUIService::notifyStatusLineNotifications|1|statusLineNotificationPackages size --> 0
01-01 00:32:02.824  1392 10670 W SYSTEM_UI - CI07.3: className -> NotificationUIService | functionName -> updateData | value -> passed
01-01 00:32:02.824  1392 10670 W SYSTEM_UI: SWR_BAIDU_HMI_0023 SWR_SYSTEM_UI_003 SWR_SYSTEM_UI_004|FUN=NotificationUIService::updateData|1|Received notifications from Android framework
01-01 00:32:02.824  1392  1392 W SYSTEM_UI: SWR_SYSTEM_UI_007|FUN=CollapsedStatusBarFragment::getAction |1|Broadcast action --> STATUS_UPDATE_ACTION
01-01 00:32:02.824  1392 10670 W SYSTEM_UI - CI07.3: className -> NotificationUIService | functionName -> FilterTask | doInBackground | value -> updateData value --> []
01-01 00:32:02.824  1392  1392 W SYSTEM_UI: SWR_SYSTEM_UI_007|FUN=CollapsedStatusBarFragment::getIntExtra |1|NotifySystemUpdates dataType --> 102
01-01 00:32:02.824  1392  1392 W SYSTEM_UI - CI07.3: className -> CollapsedStatusBarFragment | functionName -> NotifySystemUpdates | onReceive -->  | value -> DATATYPE_NOTIFICATION: 0
01-01 00:32:02.824  1392  1392 W SYSTEM_UI: SWR_SYSTEM_UI_003|FUN=CollapsedStatusBarFragment::NotifySystemUpdates | onREeceive|1|DATATYPE_NOTIFICATION: 0
01-01 00:32:02.824  1151  1538 I WifiService: getWifiEnabledState uid=1000
01-01 00:32:02.824  1392  1392 W SYSTEM_UI - CI07.3: className -> NotificationUIService | functionName -> FilterTask | onPostExecute | value -> stateWindow --> -1
01-01 00:32:02.824  1392  1392 W SYSTEM_UI - CI07.3: className -> NotificationUIService | functionName -> showHeadsUpNotification | value -> headsup disabled
01-01 00:32:02.829  3739  3739 W HMI2-SETTINGS: SWR_BAIDU_HMI_0020|FUN=WifiActivity::handleConnectedNetworkVisibility|0|getWifiStat::true
01-01 00:32:02.830  1151  1416 I WifiService: getConnectionInfo uid=1000
01-01 00:32:02.831  1151  1416 I WifiService: getConfiguredNetworks uid=1000
01-01 00:32:02.833  3739  3739 W HMI2-SETTINGS - CI08.4: className -> WifiActivity | functionName -> getSavedNetworkList | value -> config.netID ->82
01-01 00:32:02.833  3739  3739 W HMI2-SETTINGS - CI08.4: className -> WifiActivity | functionName -> getSavedNetworkList | value -> config.SSID ->"RSE_Test"
01-01 00:32:02.833  3739  3739 W HMI2-SETTINGS - CI08.4: className -> WifiActivity | functionName -> getSavedNetworkList | value -> config.BSSID ->null
01-01 00:32:02.833  3739  3739 W HMI2-SETTINGS: SWR_BAIDU_HMI_0027|SWR_BAIDU_HMI_0015|FUN=WifiActivity::getScanResults|1|Get list of available wifi hotspots.
01-01 00:32:02.839  1151  1538 I WifiService: getConnectionInfo uid=1000
01-01 00:32:02.840  3739  3739 W HMI2-SETTINGS - CI08.4: className -> WifiActivity | functionName -> isWapiVariantBlocked | value -> security_type:2
01-01 00:32:02.840  3739  3739 W HMI2-SETTINGS - CI08.4: className -> WifiActivity | functionName -> isInConnected | value -> RSE_Test|ACSIA_CORP1|2|2
01-01 00:32:02.840  3739  3739 W HMI2-SETTINGS - CI08.4: className -> WifiActivity | functionName -> isWapiVariantBlocked | value -> security_type:2
01-01 00:32:02.840  3739  3739 W HMI2-SETTINGS - CI08.4: className -> WifiActivity | functionName -> isInConnected | value -> RSE_Test| ACSIA_CORP3|2|2
01-01 00:32:02.840  3739  3739 W HMI2-SETTINGS - CI08.4: className -> WifiActivity | functionName -> isWapiVariantBlocked | value -> security_type:2
01-01 00:32:02.840  3739  3739 W HMI2-SETTINGS - CI08.4: className -> WifiActivity | functionName -> isInConnected | value -> RSE_Test|ACSIA_Management|2|2
01-01 00:32:02.840  3739  3739 W HMI2-SETTINGS - CI08.4: className -> WifiActivity | functionName -> isWapiVariantBlocked | value -> security_type:2
01-01 00:32:02.840  3739  3739 W HMI2-SETTINGS - CI08.4: className -> WifiActivity | functionName -> isInConnected | value -> RSE_Test|ACSIA_GUEST1|2|2
01-01 00:32:02.840  3739  3739 W HMI2-SETTINGS - CI08.4: className -> WifiActivity | functionName -> isWapiVariantBlocked | value -> security_type:2
01-01 00:32:02.840  3739  3739 W HMI2-SETTINGS - CI08.4: className -> WifiActivity | functionName -> isInConnected | value -> RSE_Test|ACSIA_CORP2|2|2
01-01 00:32:02.840  3739  3739 W HMI2-SETTINGS - CI08.4: className -> WifiActivity | functionName -> isWapiVariantBlocked | value -> security_type:2
01-01 00:32:02.840  3739  3739 W HMI2-SETTINGS - CI08.4: className -> WifiActivity | functionName -> isInConnected | value -> RSE_Test|ACSIA_DEV|2|2
01-01 00:32:02.840  3739  3739 W HMI2-SETTINGS - CI08.4: className -> WifiActivity | functionName -> isWapiVariantBlocked | value -> security_type:2
01-01 00:32:02.840  3739  3739 W HMI2-SETTINGS - CI08.4: className -> WifiActivity | functionName -> isInConnected | value -> RSE_Test|RSE_Test|2|2
01-01 00:32:02.840  3739  3739 W HMI2-SETTINGS - CI08.4: className -> WifiActivity | functionName -> isWapiVariantBlocked | value -> security_type:2
01-01 00:32:02.840  3739  3739 W HMI2-SETTINGS - CI08.4: className -> WifiActivity | functionName -> isInConnected | value -> RSE_Test|ACSIA_CORP2|2|2
01-01 00:32:02.840  3739  3739 W HMI2-SETTINGS - CI08.4: className -> WifiActivity | functionName -> isWapiVariantBlocked | value -> security_type:2
01-01 00:32:02.840  3739  3739 W HMI2-SETTINGS - CI08.4: className -> WifiActivity | functionName -> isInConnected | value -> RSE_Test|Secure|2|2
01-01 00:32:02.840  3739  3739 W HMI2-SETTINGS - CI08.4: className -> WifiActivity | functionName -> isWapiVariantBlocked | value -> security_type:2
01-01 00:32:02.840  3739  3739 W HMI2-SETTINGS - CI08.4: className -> WifiActivity | functionName -> isInConnected | value -> RSE_Test|ACSIA_Management|2|2
01-01 00:32:02.840  3739  3739 W HMI2-SETTINGS - CI08.4: className -> WifiActivity | functionName -> isWapiVariantBlocked | value -> security_type:2
01-01 00:32:02.840  3739  3739 W HMI2-SETTINGS - CI08.4: className -> WifiActivity | functionName -> isInConnected | value -> RSE_Test| ACSIA_CORP3|2|2
01-01 00:32:02.840  3739  3739 W HMI2-SETTINGS - CI08.4: className -> WifiActivity | functionName -> isWapiVariantBlocked | value -> security_type:2
01-01 00:32:02.840  3739  3739 W HMI2-SETTINGS - CI08.4: className -> WifiActivity | functionName -> isInConnected | value -> RSE_Test|NETGEAR66-5G|2|2
01-01 00:32:02.840  3739  3739 W HMI2-SETTINGS - CI08.4: className -> WifiActivity | functionName -> isWapiVariantBlocked | value -> security_type:2
01-01 00:32:02.840  3739  3739 W HMI2-SETTINGS - CI08.4: className -> WifiActivity | functionName -> isInConnected | value -> RSE_Test|RSE_Test|2|2
01-01 00:32:02.841  3739  3739 W HMI2-SETTINGS - CI08.4: className -> WifiActivity | functionName -> isWapiVariantBlocked | value -> security_type:2
01-01 00:32:02.841  3739  3739 W HMI2-SETTINGS - CI08.4: className -> WifiActivity | functionName -> isInConnected | value -> RSE_Test|HUWIFI|2|2
01-01 00:32:02.841  3739  3739 W HMI2-SETTINGS - CI08.4: className -> WifiActivity | functionName -> isWapiVariantBlocked | value -> security_type:2
01-01 00:32:02.841  3739  3739 W HMI2-SETTINGS - CI08.4: className -> WifiActivity | functionName -> isInConnected | value -> RSE_Test|ACSIA_CORP1|2|2
01-01 00:32:02.841  3739  3739 W HMI2-SETTINGS - CI08.4: className -> WifiActivity | functionName -> isWapiVariantBlocked | value -> security_type:2
01-01 00:32:02.841  3739  3739 W HMI2-SETTINGS - CI08.4: className -> WifiActivity | functionName -> isInConnected | value -> RSE_Test|ACSIA_GUEST1|2|2
01-01 00:32:02.841  3739  3739 W HMI2-SETTINGS - CI08.4: className -> WifiActivity | functionName -> isWapiVariantBlocked | value -> security_type:2
01-01 00:32:02.841  3739  3739 W HMI2-SETTINGS - CI08.4: className -> WifiActivity | functionName -> isInConnected | value -> RSE_Test|ACSIA_DEV|2|2
01-01 00:32:02.841  3739  3739 W HMI2-SETTINGS - CI08.4: className -> WifiActivity | functionName -> isWapiVariantBlocked | value -> security_type:2
01-01 00:32:02.841  3739  3739 W HMI2-SETTINGS - CI08.4: className -> WifiActivity | functionName -> isInConnected | value -> RSE_Test|DIRECT-vQINLT044msmJ|2|2
01-01 00:32:02.841  3739  3739 W HMI2-SETTINGS - CI08.4: className -> WifiActivity | functionName -> isWapiVariantBlocked | value -> security_type:2
01-01 00:32:02.841  3739  3739 W HMI2-SETTINGS - CI08.4: className -> WifiActivity | functionName -> isInConnected | value -> RSE_Test|DIRECT-DMATCLWI2064msNL|2|2
01-01 00:32:02.841  3739  3739 W HMI2-SETTINGS - CI08.4: className -> WifiActivity | functionName -> isWapiVariantBlocked | value -> security_type:2
01-01 00:32:02.841  3739  3739 W HMI2-SETTINGS - CI08.4: className -> WifiActivity | functionName -> isInConnected | value -> RSE_Test|AUTOMATION_TEST|2|2
01-01 00:32:02.841  3739  3739 W HMI2-SETTINGS - CI08.4: className -> WifiActivity | functionName -> isWapiVariantBlocked | value -> security_type:2
01-01 00:32:02.841  3739  3739 W HMI2-SETTINGS - CI08.4: className -> WifiActivity | functionName -> isInConnected | value -> RSE_Test|MB Hotspot 61185|2|2
01-01 00:32:02.841  3739  3739 W HMI2-SETTINGS - CI08.4: className -> WifiActivity | functionName -> isWapiVariantBlocked | value -> security_type:0
01-01 00:32:02.841  3739  3739 W HMI2-SETTINGS - CI08.4: className -> WifiActivity | functionName -> isInConnected | value -> RSE_Test|HP-Print-DB-LaserJet Pro MFP|2|0
01-01 00:32:02.841  3739  3739 W HMI2-SETTINGS - CI08.4: className -> WifiActivity | functionName -> handleAllAvailNetwork | value -> savedNetwork ->1
01-01 00:32:02.841  3739  3739 W HMI2-SETTINGS - CI08.4: className -> WifiActivity | functionName -> handleAllAvailNetwork | value -> presentVisibleNetwork ->20
01-01 00:32:02.847   561   604 D CommandListener: Clearing all IP addresses on eth0
01-01 00:32:02.852  1151  1325 D ConnectivityService: Lingering NetworkAgentInfo [Ethernet () - 264] for 30000ms
01-01 00:32:02.853  1508  1599 W QCNEJ   : |CORE| notifyDefaultNetworkChanged failed
01-01 00:32:02.854  1151  1325 D ConnectivityService: Sending DISCONNECTED broadcast for type 9 NetworkAgentInfo [Ethernet () - 264] isDefaultNetwork=true
01-01 00:32:02.855  1151  1325 D ConnectivityService: Sending CONNECTED broadcast for type 1 NetworkAgentInfo [WIFI () - 265] isDefaultNetwork=true
01-01 00:32:02.857  2752  3822 W ContextImpl: Calling a method in the system process without a qualified user: android.app.ContextImpl.startService:1476 android.content.ContextWrapper.startService:650 com.baidu.appsearch.util.ab.a:0 com.baidu.appsearch.download.UpdateReceiver$1.run:243 java.util.concurrent.ThreadPoolExecutor.runWorker:1162 
01-01 00:32:02.859  1508  1599 W QCNEJ   : |CORE| notifyWifiStatusChanged failed
01-01 00:32:02.860  1151  1313 I WifiService: getConnectionInfo uid=1000
01-01 00:32:02.861  1151  1416 I WifiService: getConnectionInfo uid=1000
01-01 00:32:02.864  1151  1416 I WifiService: getConnectionInfo uid=1000
01-01 00:32:02.865  3739  3739 W HMI2-SETTINGS - CI08.4: className -> WifiActivity | functionName -> setCurrentConfig | value ->  current->RSE_Test ConnectedSSID->RSE_Test
01-01 00:32:02.865  3739  3739 W HMI2-SETTINGS - CI08.4: className -> WifiActivity | functionName -> same ssid configuration | value ->  skip save
01-01 00:32:02.865  1151  1538 I WifiService: getConfiguredNetworks uid=1000
01-01 00:32:02.867  3739  3739 W HMI2-SETTINGS - CI08.4: className -> WifiActivity | functionName -> getConfig: success-> | value -> "RSE_Test"
01-01 00:32:02.867  3739  3739 W HMI2-SETTINGS - CI08.4: className -> WifiActivity | functionName -> getConnectSummary | value -> getConnectSummary* ID: 82 SSID: "RSE_Test" PROVIDER-NAME: null BSSID: null FQDN: null PRIO: 0 HIDDEN: false
01-01 00:32:02.867  3739  3739 W HMI2-SETTINGS - CI08.4:  NetworkSelectionStatus NETWORK_SELECTION_ENABLED
01-01 00:32:02.867  3739  3739 W HMI2-SETTINGS - CI08.4:  hasEverConnected: true
01-01 00:32:02.867  3739  3739 W HMI2-SETTINGS - CI08.4:  numAssociation 2
01-01 00:32:02.867  3739  3739 W HMI2-SETTINGS - CI08.4:  KeyMgmt: WPA_PSK Protocols: WPA RSN
01-01 00:32:02.867  3739  3739 W HMI2-SETTINGS - CI08.4:  AuthAlgorithms: OPEN
01-01 00:32:02.867  3739  3739 W HMI2-SETTINGS - CI08.4:  PairwiseCiphers: TKIP CCMP
01-01 00:32:02.867  3739  3739 W HMI2-SETTINGS - CI08.4:  GroupCiphers: TKIP CCMP
01-01 00:32:02.867  3739  3739 W HMI2-SETTINGS - CI08.4:  PSK: *
01-01 00:32:02.867  3739  3739 W HMI2-SETTINGS - CI08.4: 
01-01 00:32:02.867  3739  3739 W HMI2-SETTINGS - CI08.4:  sim_num 
01-01 00:32:02.867  3739  3739 W HMI2-SETTINGS - CI08.4: Enterprise config:
01-01 00:32:02.867  3739  3739 W HMI2-SETTINGS - CI08.4: IP config:
01-01 00:32:02.867  3739  3739 W HMI2-SETTINGS - CI08.4: IP assignment: DHCP
01-01 00:32:02.867  3739  3739 W HMI2-SETTINGS - CI08.4: Proxy settings: NONE
01-01 00:32:02.867  3739  3739 W HMI2-SETTINGS - CI08.4:  cuid=1000 cname=android.uid.system:1000 luid=1000 lname=android.uid.system:1000 lcuid=1000 userApproved=USER_UNSPECIFIED noInternetAccessExpected=false roamingFailureBlackListTimeMilli: 1000
01-01 00:32:02.867  3739  3739 W HMI2-SETTINGS - CI08.4: recentFailure: Association Rejection code: 0
01-01 00:32:02.867  3739  3739 W HMI2-SETTINGS - CI08.4: ShareThisAp: false
01-01 00:32:02.867  1151 11335 D DhcpClient: Receive thread stopped
01-01 00:32:02.867  3739  3739 W HMI2-SETTINGS - CI08.4: className -> WifiActivity | functionName -> getConnectSummary : | value ->  Saved
01-01 00:32:02.867  3739  3739 E HMI2-SETTINGS - CI08.4: className -> WifiActivity | functionName -> mWifiScanReceiver -> onReceive | error ->intent_action:android.net.wifi.STATE_CHANGE
01-01 00:32:02.867  3739  3739 W HMI2-SETTINGS - CI08.4: className -> WifiActivity | functionName -> handleNetworkStateChanged | value -> detailedState->CONNECTED
01-01 00:32:02.868  1151  1325 D ConnectivityService: NetworkAgentInfo [Ethernet () - 264] EVENT_NETWORK_INFO_CHANGED, going from CONNECTED to DISCONNECTED
01-01 00:32:02.868  1151  1325 I Nat464Xlat: Android Xlat is disabled
01-01 00:32:02.868  1151  1317 D WifiConfiguration: configKey: false
01-01 00:32:02.868  1151  1325 D ConnectivityService: NetworkAgentInfo [Ethernet () - 264] got DISCONNECTED, was satisfying 2
01-01 00:32:02.869  1151  1351 D Ethernet: NetworkAgent: NetworkAgent channel lost
01-01 00:32:02.869  1151  1416 I WifiService: getConfiguredNetworks uid=1000
01-01 00:32:02.872  2752  8372 W ContextImpl: Calling a method in the system process without a qualified user: android.app.ContextImpl.startService:1476 android.content.ContextWrapper.startService:650 com.baidu.appsearch.util.ab.a:0 com.baidu.appsearch.download.UpdateReceiver$1.run:243 java.util.concurrent.ThreadPoolExecutor.runWorker:1162 
01-01 00:32:02.872  3739  3739 W HMI2-SETTINGS - CI08.4: className -> WifiActivity | functionName -> getConfig: success-> | value -> "RSE_Test"
01-01 00:32:02.873  3739  3739 W HMI2-SETTINGS - CI08.4: className -> WifiActivity | functionName -> getConnectSummary | value -> getConnectSummary* ID: 82 SSID: "RSE_Test" PROVIDER-NAME: null BSSID: null FQDN: null PRIO: 0 HIDDEN: false
01-01 00:32:02.873  3739  3739 W HMI2-SETTINGS - CI08.4:  NetworkSelectionStatus NETWORK_SELECTION_ENABLED
01-01 00:32:02.873  3739  3739 W HMI2-SETTINGS - CI08.4:  hasEverConnected: true
01-01 00:32:02.873  3739  3739 W HMI2-SETTINGS - CI08.4:  numAssociation 2
01-01 00:32:02.873  3739  3739 W HMI2-SETTINGS - CI08.4:  validatedInternetAccess
01-01 00:32:02.873  3739  3739 W HMI2-SETTINGS - CI08.4:  KeyMgmt: WPA_PSK Protocols: WPA RSN
01-01 00:32:02.873  3739  3739 W HMI2-SETTINGS - CI08.4:  AuthAlgorithms: OPEN
01-01 00:32:02.873  3739  3739 W HMI2-SETTINGS - CI08.4:  PairwiseCiphers: TKIP CCMP
01-01 00:32:02.873  3739  3739 W HMI2-SETTINGS - CI08.4:  GroupCiphers: TKIP CCMP
01-01 00:32:02.873  3739  3739 W HMI2-SETTINGS - CI08.4:  PSK: *
01-01 00:32:02.873  3739  3739 W HMI2-SETTINGS - CI08.4: 
01-01 00:32:02.873  3739  3739 W HMI2-SETTINGS - CI08.4:  sim_num 
01-01 00:32:02.873  3739  3739 W HMI2-SETTINGS - CI08.4: Enterprise config:
01-01 00:32:02.873  3739  3739 W HMI2-SETTINGS - CI08.4: IP config:
01-01 00:32:02.873  3739  3739 W HMI2-SETTINGS - CI08.4: IP assignment: DHCP
01-01 00:32:02.873  3739  3739 W HMI2-SETTINGS - CI08.4: Proxy settings: NONE
01-01 00:32:02.873  3739  3739 W HMI2-SETTINGS - CI08.4:  cuid=1000 cname=android.uid.system:1000 luid=1000 lname=android.uid.system:1000 lcuid=1000 userApproved=USER_UNSPECIFIED noInternetAccessExpected=false roamingFailureBlackListTimeMilli: 1000
01-01 00:32:02.873  3739  3739 W HMI2-SETTINGS - CI08.4: recentFailure: Association Rejection code: 0
01-01 00:32:02.873  3739  3739 W HMI2-SETTINGS - CI08.4: ShareThisAp: false
01-01 00:32:02.873  3739  3739 W HMI2-SETTINGS - CI08.4: className -> WifiActivity | functionName -> getConnectSummary : | value ->  Saved
01-01 00:32:02.873  3739  3739 E HMI2-SETTINGS - CI08.4: className -> WifiActivity | functionName -> mWifiScanReceiver -> onReceive | error ->intent_action:android.net.wifi.CONFIGURED_NETWORKS_CHANGE
01-01 00:32:02.873  1151  1416 I WifiService: getWifiEnabledState uid=1000
01-01 00:32:02.874  3739  3739 W HMI2-SETTINGS: SWR_BAIDU_HMI_0020|FUN=WifiActivity::handleConnectedNetworkVisibility|0|getWifiStat::true
01-01 00:32:02.875  1151  1550 I WifiService: getConnectionInfo uid=1000
01-01 00:32:02.876  1151  1550 I WifiService: getConfiguredNetworks uid=1000
01-01 00:32:02.877  3739  3739 W HMI2-SETTINGS - CI08.4: className -> WifiActivity | functionName -> getSavedNetworkList | value -> config.netID ->82
01-01 00:32:02.878  3739  3739 W HMI2-SETTINGS - CI08.4: className -> WifiActivity | functionName -> getSavedNetworkList | value -> config.SSID ->"RSE_Test"
01-01 00:32:02.878  3739  3739 W HMI2-SETTINGS - CI08.4: className -> WifiActivity | functionName -> getSavedNetworkList | value -> config.BSSID ->null
01-01 00:32:02.878  3739  3739 W HMI2-SETTINGS: SWR_BAIDU_HMI_0027|SWR_BAIDU_HMI_0015|FUN=WifiActivity::getScanResults|1|Get list of available wifi hotspots.
01-01 00:32:02.886  1151  1550 I WifiService: getConnectionInfo uid=1000
01-01 00:32:02.886  3739  3739 W HMI2-SETTINGS - CI08.4: className -> WifiActivity | functionName -> isWapiVariantBlocked | value -> security_type:2
01-01 00:32:02.887  3739  3739 W HMI2-SETTINGS - CI08.4: className -> WifiActivity | functionName -> isInConnected | value -> RSE_Test|ACSIA_CORP1|2|2
01-01 00:32:02.887  3739  3739 W HMI2-SETTINGS - CI08.4: className -> WifiActivity | functionName -> isWapiVariantBlocked | value -> security_type:2
01-01 00:32:02.887  3739  3739 W HMI2-SETTINGS - CI08.4: className -> WifiActivity | functionName -> isInConnected | value -> RSE_Test| ACSIA_CORP3|2|2
01-01 00:32:02.887  3739  3739 W HMI2-SETTINGS - CI08.4: className -> WifiActivity | functionName -> isWapiVariantBlocked | value -> security_type:2
01-01 00:32:02.887  3739  3739 W HMI2-SETTINGS - CI08.4: className -> WifiActivity | functionName -> isInConnected | value -> RSE_Test|ACSIA_Management|2|2
01-01 00:32:02.887  3739  3739 W HMI2-SETTINGS - CI08.4: className -> WifiActivity | functionName -> isWapiVariantBlocked | value -> security_type:2
01-01 00:32:02.887  3739  3739 W HMI2-SETTINGS - CI08.4: className -> WifiActivity | functionName -> isInConnected | value -> RSE_Test|ACSIA_GUEST1|2|2
01-01 00:32:02.887  3739  3739 W HMI2-SETTINGS - CI08.4: className -> WifiActivity | functionName -> isWapiVariantBlocked | value -> security_type:2
01-01 00:32:02.887  3739  3739 W HMI2-SETTINGS - CI08.4: className -> WifiActivity | functionName -> isInConnected | value -> RSE_Test|ACSIA_CORP2|2|2
01-01 00:32:02.887  3739  3739 W HMI2-SETTINGS - CI08.4: className -> WifiActivity | functionName -> isWapiVariantBlocked | value -> security_type:2
01-01 00:32:02.887  3739  3739 W HMI2-SETTINGS - CI08.4: className -> WifiActivity | functionName -> isInConnected | value -> RSE_Test|ACSIA_DEV|2|2
01-01 00:32:02.887  3739  3739 W HMI2-SETTINGS - CI08.4: className -> WifiActivity | functionName -> isWapiVariantBlocked | value -> security_type:2
01-01 00:32:02.887  3739  3739 W HMI2-SETTINGS - CI08.4: className -> WifiActivity | functionName -> isInConnected | value -> RSE_Test|RSE_Test|2|2
01-01 00:32:02.887  3739  3739 W HMI2-SETTINGS - CI08.4: className -> WifiActivity | functionName -> isWapiVariantBlocked | value -> security_type:2
01-01 00:32:02.887  3739  3739 W HMI2-SETTINGS - CI08.4: className -> WifiActivity | functionName -> isInConnected | value -> RSE_Test|ACSIA_CORP2|2|2
01-01 00:32:02.887  3739  3739 W HMI2-SETTINGS - CI08.4: className -> WifiActivity | functionName -> isWapiVariantBlocked | value -> security_type:2
01-01 00:32:02.887  3739  3739 W HMI2-SETTINGS - CI08.4: className -> WifiActivity | functionName -> isInConnected | value -> RSE_Test|Secure|2|2
01-01 00:32:02.887  3739  3739 W HMI2-SETTINGS - CI08.4: className -> WifiActivity | functionName -> isWapiVariantBlocked | value -> security_type:2
01-01 00:32:02.887  3739  3739 W HMI2-SETTINGS - CI08.4: className -> WifiActivity | functionName -> isInConnected | value -> RSE_Test|ACSIA_Management|2|2
01-01 00:32:02.887  3739  3739 W HMI2-SETTINGS - CI08.4: className -> WifiActivity | functionName -> isWapiVariantBlocked | value -> security_type:2
01-01 00:32:02.887  3739  3739 W HMI2-SETTINGS - CI08.4: className -> WifiActivity | functionName -> isInConnected | value -> RSE_Test| ACSIA_CORP3|2|2
01-01 00:32:02.887  3739  3739 W HMI2-SETTINGS - CI08.4: className -> WifiActivity | functionName -> isWapiVariantBlocked | value -> security_type:2
01-01 00:32:02.887  3739  3739 W HMI2-SETTINGS - CI08.4: className -> WifiActivity | functionName -> isInConnected | value -> RSE_Test|NETGEAR66-5G|2|2
01-01 00:32:02.887  3739  3739 W HMI2-SETTINGS - CI08.4: className -> WifiActivity | functionName -> isWapiVariantBlocked | value -> security_type:2
01-01 00:32:02.887  3739  3739 W HMI2-SETTINGS - CI08.4: className -> WifiActivity | functionName -> isInConnected | value -> RSE_Test|RSE_Test|2|2
01-01 00:32:02.887  3739  3739 W HMI2-SETTINGS - CI08.4: className -> WifiActivity | functionName -> isWapiVariantBlocked | value -> security_type:2
01-01 00:32:02.887  3739  3739 W HMI2-SETTINGS - CI08.4: className -> WifiActivity | functionName -> isInConnected | value -> RSE_Test|HUWIFI|2|2
01-01 00:32:02.888  3739  3739 W HMI2-SETTINGS - CI08.4: className -> WifiActivity | functionName -> isWapiVariantBlocked | value -> security_type:2
01-01 00:32:02.888  3739  3739 W HMI2-SETTINGS - CI08.4: className -> WifiActivity | functionName -> isInConnected | value -> RSE_Test|ACSIA_CORP1|2|2
01-01 00:32:02.888  3739  3739 W HMI2-SETTINGS - CI08.4: className -> WifiActivity | functionName -> isWapiVariantBlocked | value -> security_type:2
01-01 00:32:02.888  3739  3739 W HMI2-SETTINGS - CI08.4: className -> WifiActivity | functionName -> isInConnected | value -> RSE_Test|ACSIA_GUEST1|2|2
01-01 00:32:02.888  3739  3739 W HMI2-SETTINGS - CI08.4: className -> WifiActivity | functionName -> isWapiVariantBlocked | value -> security_type:2
01-01 00:32:02.888  3739  3739 W HMI2-SETTINGS - CI08.4: className -> WifiActivity | functionName -> isInConnected | value -> RSE_Test|ACSIA_DEV|2|2
01-01 00:32:02.888  3739  3739 W HMI2-SETTINGS - CI08.4: className -> WifiActivity | functionName -> isWapiVariantBlocked | value -> security_type:2
01-01 00:32:02.888  3739  3739 W HMI2-SETTINGS - CI08.4: className -> WifiActivity | functionName -> isInConnected | value -> RSE_Test|DIRECT-vQINLT044msmJ|2|2
01-01 00:32:02.888  3739  3739 W HMI2-SETTINGS - CI08.4: className -> WifiActivity | functionName -> isWapiVariantBlocked | value -> security_type:2
01-01 00:32:02.888  3739  3739 W HMI2-SETTINGS - CI08.4: className -> WifiActivity | functionName -> isInConnected | value -> RSE_Test|DIRECT-DMATCLWI2064msNL|2|2
01-01 00:32:02.888  3739  3739 W HMI2-SETTINGS - CI08.4: className -> WifiActivity | functionName -> isWapiVariantBlocked | value -> security_type:2
01-01 00:32:02.888  3739  3739 W HMI2-SETTINGS - CI08.4: className -> WifiActivity | functionName -> isInConnected | value -> RSE_Test|AUTOMATION_TEST|2|2
01-01 00:32:02.888  3739  3739 W HMI2-SETTINGS - CI08.4: className -> WifiActivity | functionName -> isWapiVariantBlocked | value -> security_type:2
01-01 00:32:02.888  3739  3739 W HMI2-SETTINGS - CI08.4: className -> WifiActivity | functionName -> isInConnected | value -> RSE_Test|MB Hotspot 61185|2|2
01-01 00:32:02.888  3739  3739 W HMI2-SETTINGS - CI08.4: className -> WifiActivity | functionName -> isWapiVariantBlocked | value -> security_type:0
01-01 00:32:02.888  3739  3739 W HMI2-SETTINGS - CI08.4: className -> WifiActivity | functionName -> isInConnected | value -> RSE_Test|HP-Print-DB-LaserJet Pro MFP|2|0
01-01 00:32:02.888  3739  3739 W HMI2-SETTINGS - CI08.4: className -> WifiActivity | functionName -> handleAllAvailNetwork | value -> savedNetwork ->1
01-01 00:32:02.888  3739  3739 W HMI2-SETTINGS - CI08.4: className -> WifiActivity | functionName -> handleAllAvailNetwork | value -> presentVisibleNetwork ->20
01-01 00:32:02.891  2145  2399 D HMI_SERVICE: USE_CASE_NA|FUN=HmiApplication| hasInternetConnection init 
01-01 00:32:02.892  2145  2399 D getConnectivityIntent:: onLinkPropertiesChanged  validatedtrue
01-01 00:32:02.893  2145  2399 D HMI_SERVICE: USE_CASE_NA|FUN=HmiApplication| hasInternetConnection init 
01-01 00:32:02.893  1151  1538 I WifiService: getConnectionInfo uid=1000
01-01 00:32:02.894  2145  2399 W getConnectivityIntent:: Network  validatedtrue
01-01 00:32:02.894  1151  1416 I WifiService: getConnectionInfo uid=1000
01-01 00:32:02.894  2145  2399 D getConnectivityIntent:: Network  NET_CAPABILITY_VALIDATED:false
01-01 00:32:02.894  2145  2399 D getConnectivityIntent:: Network  NET_CAPABILITY_INTERNET:true
01-01 00:32:02.895  2145  2399 D getConnectivityIntent:: Network  NET_CAPABILITY_INTERNET:[ Transports: WIFI Capabilities: NOT_METERED&INTERNET&NOT_RESTRICTED&TRUSTED&NOT_VPN&FOREGROUND LinkUpBandwidth>=1048576Kbps LinkDnBandwidth>=1048576Kbps SignalStrength: -44]
01-01 00:32:02.895  2145  2399 D HMI_SERVICE: USE_CASE_NA|FUN=HmiApplication| hasInternetConnection init 
01-01 00:32:02.895  3739  3739 W HMI2-SETTINGS - CI08.4: className -> WifiActivity | functionName -> setCurrentConfig | value ->  current->RSE_Test ConnectedSSID->RSE_Test
01-01 00:32:02.895  3739  3739 W HMI2-SETTINGS - CI08.4: className -> WifiActivity | functionName -> same ssid configuration | value ->  skip save
01-01 00:32:02.896  1151  1550 I WifiService: getConfiguredNetworks uid=1000
01-01 00:32:02.897  3739  3739 W HMI2-SETTINGS - CI08.4: className -> WifiActivity | functionName -> getConfig: success-> | value -> "RSE_Test"
01-01 00:32:02.897  3739  3739 W HMI2-SETTINGS - CI08.4: className -> WifiActivity | functionName -> getConnectSummary | value -> getConnectSummary* ID: 82 SSID: "RSE_Test" PROVIDER-NAME: null BSSID: null FQDN: null PRIO: 0 HIDDEN: false
01-01 00:32:02.897  3739  3739 W HMI2-SETTINGS - CI08.4:  NetworkSelectionStatus NETWORK_SELECTION_ENABLED
01-01 00:32:02.897  3739  3739 W HMI2-SETTINGS - CI08.4:  hasEverConnected: true
01-01 00:32:02.897  3739  3739 W HMI2-SETTINGS - CI08.4:  numAssociation 2
01-01 00:32:02.897  3739  3739 W HMI2-SETTINGS - CI08.4:  validatedInternetAccess
01-01 00:32:02.897  3739  3739 W HMI2-SETTINGS - CI08.4:  KeyMgmt: WPA_PSK Protocols: WPA RSN
01-01 00:32:02.897  3739  3739 W HMI2-SETTINGS - CI08.4:  AuthAlgorithms: OPEN
01-01 00:32:02.897  3739  3739 W HMI2-SETTINGS - CI08.4:  PairwiseCiphers: TKIP CCMP
01-01 00:32:02.897  3739  3739 W HMI2-SETTINGS - CI08.4:  GroupCiphers: TKIP CCMP
01-01 00:32:02.897  3739  3739 W HMI2-SETTINGS - CI08.4:  PSK: *
01-01 00:32:02.897  3739  3739 W HMI2-SETTINGS - CI08.4: 
01-01 00:32:02.897  3739  3739 W HMI2-SETTINGS - CI08.4:  sim_num 
01-01 00:32:02.897  3739  3739 W HMI2-SETTINGS - CI08.4: Enterprise config:
01-01 00:32:02.897  3739  3739 W HMI2-SETTINGS - CI08.4: IP config:
01-01 00:32:02.897  3739  3739 W HMI2-SETTINGS - CI08.4: IP assignment: DHCP
01-01 00:32:02.897  3739  3739 W HMI2-SETTINGS - CI08.4: Proxy settings: NONE
01-01 00:32:02.897  3739  3739 W HMI2-SETTINGS - CI08.4:  cuid=1000 cname=android.uid.system:1000 luid=1000 lname=android.uid.system:1000 lcuid=1000 userApproved=USER_UNSPECIFIED noInternetAccessExpected=false roamingFailureBlackListTimeMilli: 1000
01-01 00:32:02.897  3739  3739 W HMI2-SETTINGS - CI08.4: recentFailure: Association Rejection code: 0
01-01 00:32:02.897  3739  3739 W HMI2-SETTINGS - CI08.4: ShareThisAp: false
01-01 00:32:02.897  3739  3739 W HMI2-SETTINGS - CI08.4: className -> WifiActivity | functionName -> getConnectSummary : | value ->  Saved
01-01 00:32:02.901  2145  2399 E Internet Available: hasInternetConnection_
01-01 00:32:02.901  2145  2399 E Internet Available: Internet Available2
01-01 00:32:02.902  2145  2399 W HMI_SERVICE: USE_CASE_NA|FUN=HmiApplication:: executeLinuxCmdConnectionB2C : |0| [command] 3
01-01 00:32:02.904  2145  2399 D HMI_SERVICE: USE_CASE_NA|FUN=HmiApplication::runCommandToShell invoked |1|command=setdns 1010 8.8.8.8
01-01 00:32:02.904  2677  2690 W ANDR_PERSISTENCY_CLIENT: SWR_PERSISTENCE_HV_LA_MF_0003|FUN=VCPUPersistenceService::executeLinuxBackgroundCommand |0|msg: [param] [3] [commandParam] 3
01-01 00:32:02.904  2677  2690 W ANDR_PERSISTENCY_CLIENT: SWR_PERSISTENCE_HV_LA_MF_0005|FUN=TCPHandler:: getInstance |2|msg: invoked 
01-01 00:32:02.904  2677  2690 W ANDR_PERSISTENCY_CLIENT: SWR_PERSISTENCE_HV_LA_MF_0005|FUN=TCPHandler:: sendWriteRequestToPersistenceLinuxInt |2|data= [3]key= 0 commandKey= 10
01-01 00:32:02.904  2677  2690 W ANDR_PERSISTENCY_CLIENT: SWR_PERSISTENCE_HV_LA_MF_0005|FUN=TCPHandler:: getUID |2|msg: invoked 
01-01 00:32:02.904  2677  2690 W ANDR_PERSISTENCY_CLIENT: SWR_PERSISTENCE_HV_LA_MF_0005|FUN=TCPHandler:: setAction |2|msg:setAction=1
01-01 00:32:02.905  2677  2690 W ANDR_PERSISTENCY_CLIENT: SWR_PERSISTENCE_HV_LA_MF_0005|FUN=TCPHandler:: setUID |2|msg:uid=48
01-01 00:32:02.905  2677  2690 W ANDR_PERSISTENCY_CLIENT: SWR_PERSISTENCE_HV_LA_MF_0005|FUN=TCPHandler:: setKey |2|msg:uid=48
01-01 00:32:02.905  2677  2690 W ANDR_PERSISTENCY_CLIENT: SWR_PERSISTENCE_HV_LA_MF_0005|FUN=TCPHandler::setCommandKey|2|msg:commandKey=10
01-01 00:32:02.905  2677  2690 W ANDR_PERSISTENCY_CLIENT: SWR_PERSISTENCE_HV_LA_MF_0005|FUN=TCPHandler:: registerCallBack |2|invoked 
01-01 00:32:02.905  2677  2690 W ANDR_PERSISTENCY_CLIENT: SWR_PERSISTENCE_HV_LA_MF_0005|FUN=TCPHandler::start|2|msg: byteArrayToInt : b [3]
01-01 00:32:02.905  2677  2690 W ANDR_PERSISTENCY_CLIENT: SWR_PERSISTENCE_HV_LA_MF_0005|FUN=TCPHandler::sendWriteRequestToPersistenceLinuxInt|2|listKey=48_10;keyString=0x00;key=0;command=3
01-01 00:32:02.905  2677  2725 W ANDR_PERSISTENCY_CLIENT: SWR_PERSISTENCE_HV_LA_MF_0005|FUN=TCPHandler:: getAction |2|msg:getAction=1
01-01 00:32:02.905  2677  2725 W ANDR_PERSISTENCY_CLIENT: SWR_PERSISTENCE_HV_LA_MF_0005|FUN=TCPHandler:: sender:ACTION_REQUEST |2|msg:condition 
01-01 00:32:02.905  2677  2725 W ANDR_PERSISTENCY_CLIENT: SWR_PERSISTENCE_HV_LA_MF_0005|FUN=TCPHandler:: getWrappedData |2|msg: msg com.panasonic.dairse.vcpupersistence.TCPHandler$Message@44e60c6
01-01 00:32:02.905  2677  2725 W ANDR_PERSISTENCY_CLIENT: SWR_PERSISTENCE_HV_LA_MF_0005|FUN=TCPHandler::getCommandKey|2|msg:commandKey=10
01-01 00:32:02.905  2677  2725 W ANDR_PERSISTENCY_CLIENT: SWR_PERSISTENCE_HV_LA_MF_0005|FUN=TCPHandler:: intToBytes |2| data 1
01-01 00:32:02.905  2677  2725 W ANDR_PERSISTENCY_CLIENT: SWR_PERSISTENCE_HV_LA_MF_0005|FUN=TCPHandler:: intToBytes |2| data 13
01-01 00:32:02.906  2677  2725 W ANDR_PERSISTENCY_CLIENT: SWR_PERSISTENCE_HV_LA_MF_0005|FUN=TCPHandler:: getUID |2|msg:uid=48
01-01 00:32:02.906  2677  2725 W ANDR_PERSISTENCY_CLIENT: SWR_PERSISTENCE_HV_LA_MF_0005|FUN=TCPHandler::start|2|msg:sender::msg=[0, 0, 0, 13, 1, 48, 10, 4, 48, 120, 48, 48, 0, 0, 0, 1, 3]
01-01 00:32:02.906  2677  2725 W ANDR_PERSISTENCY_CLIENT: SWR_PERSISTENCE_HV_LA_MF_0005|FUN=TCPHandler:: sender : Thread.interrupted() |2|msg:condition 
01-01 00:32:02.907  2145  2399 D HMI_SERVICE: USE_CASE_NA|FUN=HmiApplication::runCommandToShell|1| executeCommand has been initiated to run linux command 
01-01 00:32:02.907  2052  4490 E         : Calling MSG: PID=2145, UID=1000
01-01 00:32:02.907  2052  4490 E         : ExecutecommandbuildTypePropuserdebug...
01-01 00:32:02.907  2052  4490 E         : ExecutecommandForIRunCommandsetdns 1010 8.8.8.8...
01-01 00:32:02.908  1151  1325 I WifiService: getConnectionInfo uid=1000
01-01 00:32:02.909  2677  2726 W ANDR_PERSISTENCY_CLIENT: SWR_PERSISTENCE_HV_LA_MF_0005|FUN=TCPHandler::start|2|msg:receiver::run: size of totalLength 4
01-01 00:32:02.911  2677  2726 W ANDR_PERSISTENCY_CLIENT: SWR_PERSISTENCE_HV_LA_MF_0005|FUN=TCPHandler::start|2|msg:receiver::run: totalLength is > 0
01-01 00:32:02.911  2677  2726 W ANDR_PERSISTENCY_CLIENT: SWR_PERSISTENCE_HV_LA_MF_0005|FUN=TCPHandler::start|2|msg:receiver::response length= 12
01-01 00:32:02.911  2677  2726 W ANDR_PERSISTENCY_CLIENT: SWR_PERSISTENCE_HV_LA_MF_0005|FUN=TCPHandler::handleInBoundData|2|message=[0, 48, 10, 0, 0, 0, 0, 4, 1, 0, 0, 0]
01-01 00:32:02.911  2677  2726 W ANDR_PERSISTENCY_CLIENT: SWR_PERSISTENCE_HV_LA_MF_0005|FUN=TCPHandler::handleInBoundData|2|msg:response listKey=48_10
01-01 00:32:02.911  2677  2726 W ANDR_PERSISTENCY_CLIENT: SWR_PERSISTENCE_HV_LA_MF_0005|FUN=TCPHandler::handleInBoundData|2|msg:TCPHandler.handleInBoundData success response=0
01-01 00:32:02.911  2677  2726 W ANDR_PERSISTENCY_CLIENT: SWR_PERSISTENCE_HV_LA_MF_0005|FUN=TCPHandler::isB2cResponce|2|msg: message [0, 48, 10, 0, 0, 0, 0, 4, 1, 0, 0, 0]
01-01 00:32:02.911  2677  2726 W ANDR_PERSISTENCY_CLIENT: SWR_PERSISTENCE_HV_LA_MF_0005|FUN=TCPHandler::handleInBoundData|2|msg:  isB2cResponce
01-01 00:32:02.911  2677  2726 W ANDR_PERSISTENCY_CLIENT: SWR_PERSISTENCE_HV_LA_MF_0005|FUN=TCPHandler::sendResponse|2|msg:send Response using IVCPUServiceCallBack=[0, 48, 10, 0, 0, 0, 0, 4, 1, 0, 0, 0]
01-01 00:32:02.911  2677  2726 W ANDR_PERSISTENCY_CLIENT: SWR_PERSISTENCE_HV_LA_MF_0005|FUN=TCPHandler::sendResponse|2|msg:send Response using IVCPUServiceCallBack=[0, 48, 10, 0, 0, 0, 0, 4, 1, 0, 0, 0]
01-01 00:32:02.912  2145  8389 W HMI_SERVICE: USE_CASE_NA|FUN=HmiApplication|executeLinuxCmdConnectionB2C responseReturnData=
01-01 00:32:02.925  1151  1313 I WifiService: getConnectionInfo uid=1000
01-01 00:32:02.933  1392  1392 W SYSTEM_UI - CI07.3: className -> NotificationUIService | functionName -> populateValidNotifications | value -> NOTIFICATION_INFO || packageName --> android | notificationTitle --> USB debugging connected | notificationText --> Tap to disable USB debugging. | postedTime --> 19764 | notificationId --> 26 | notificationFlag --> 2 | isClearable --> false | isOngoing --> true | notificationPriority --> 0 | notificationChannelImportance --> 2
01-01 00:32:02.935  1392  1392 W SYSTEM_UI - CI07.3: className -> NotificationUIService | functionName -> populateValidNotifications | value -> Notification entry not valid. System notification.
01-01 00:32:02.935  1392  1392 W SYSTEM_UI - CI07.3: className -> NotificationUIService | functionName -> populateValidNotifications | value -> NOTIFICATION_INFO || packageName --> android | notificationTitle --> USB charging this device | notificationText --> Tap for more options. | postedTime --> 19755 | notificationId --> 32 | notificationFlag --> 2 | isClearable --> false | isOngoing --> true | notificationPriority --> 0 | notificationChannelImportance --> 1
01-01 00:32:02.935  1392  1392 W SYSTEM_UI - CI07.3: className -> NotificationUIService | functionName -> populateValidNotifications | value -> Notification entry not valid. System notification.
01-01 00:32:02.935  1392  1392 W SYSTEM_UI: SWR_SYSTEM_UI_003|FUN=NotificationUIService::notifyStatusLineNotifications|1|statusLineNotificationPackages size --> 0
01-01 00:32:02.935  1392  1392 W SYSTEM_UI - CI07.3: className -> NotificationUIService | functionName -> updateData | value -> passed
01-01 00:32:02.935  1392  1392 W SYSTEM_UI: SWR_BAIDU_HMI_0023 SWR_SYSTEM_UI_003 SWR_SYSTEM_UI_004|FUN=NotificationUIService::updateData|1|Received notifications from Android framework
01-01 00:32:02.936  1392  1392 W SYSTEM_UI - CI07.3: className -> NotificationUIService | functionName -> refresh | value -> updateData value --> []
01-01 00:32:02.936  1392  1392 W SYSTEM_UI: SWR_SYSTEM_UI_007|FUN=CollapsedStatusBarFragment::getAction |1|Broadcast action --> STATUS_UPDATE_ACTION
01-01 00:32:02.936  1392  1392 W SYSTEM_UI: SWR_SYSTEM_UI_007|FUN=CollapsedStatusBarFragment::getIntExtra |1|NotifySystemUpdates dataType --> 102
01-01 00:32:02.936  1392  1392 W SYSTEM_UI - CI07.3: className -> CollapsedStatusBarFragment | functionName -> NotifySystemUpdates | onReceive -->  | value -> DATATYPE_NOTIFICATION: 0
01-01 00:32:02.936  1392  1392 W SYSTEM_UI: SWR_SYSTEM_UI_003|FUN=CollapsedStatusBarFragment::NotifySystemUpdates | onREeceive|1|DATATYPE_NOTIFICATION: 0
01-01 00:32:02.987  2145  2399 D HMI_SERVICE: USE_CASE_NA|FUN=HmiApplication| hasInternetConnection init 
01-01 00:32:02.987  2145  2399 W getConnectivityIntent:: Network  validatedtrue
01-01 00:32:02.988  2145  2399 D getConnectivityIntent:: Network  NET_CAPABILITY_VALIDATED:true
01-01 00:32:02.988  2145  2399 D getConnectivityIntent:: Network  NET_CAPABILITY_INTERNET:true
01-01 00:32:02.988  2145  2399 D getConnectivityIntent:: Network  NET_CAPABILITY_INTERNET:[ Transports: WIFI Capabilities: NOT_METERED&INTERNET&NOT_RESTRICTED&TRUSTED&NOT_VPN&VALIDATED&FOREGROUND LinkUpBandwidth>=1048576Kbps LinkDnBandwidth>=1048576Kbps SignalStrength: -44]
01-01 00:32:02.988  2145  2399 D HMI_SERVICE: USE_CASE_NA|FUN=HmiApplication| hasInternetConnection init 
01-01 00:32:02.989  2145  2399 E Internet Available: hasInternetConnection_
01-01 00:32:02.989  2145  2399 E Internet Available: Internet Available2
01-01 00:32:02.989  2145  2399 W HMI_SERVICE: USE_CASE_NA|FUN=HmiApplication:: executeLinuxCmdConnectionB2C : |0| [command] 3
01-01 00:32:02.989  2145  2399 D HMI_SERVICE: USE_CASE_NA|FUN=HmiApplication::runCommandToShell invoked |1|command=setdns 1010 8.8.8.8
01-01 00:32:02.990  2677  2690 W ANDR_PERSISTENCY_CLIENT: SWR_PERSISTENCE_HV_LA_MF_0003|FUN=VCPUPersistenceService::executeLinuxBackgroundCommand |0|msg: [param] [3] [commandParam] 3
01-01 00:32:02.990  2677  2690 W ANDR_PERSISTENCY_CLIENT: SWR_PERSISTENCE_HV_LA_MF_0005|FUN=TCPHandler:: getInstance |2|msg: invoked 
01-01 00:32:02.990  2677  2690 W ANDR_PERSISTENCY_CLIENT: SWR_PERSISTENCE_HV_LA_MF_0005|FUN=TCPHandler:: sendWriteRequestToPersistenceLinuxInt |2|data= [3]key= 0 commandKey= 10
01-01 00:32:02.990  2677  2690 W ANDR_PERSISTENCY_CLIENT: SWR_PERSISTENCE_HV_LA_MF_0005|FUN=TCPHandler:: getUID |2|msg: invoked 
01-01 00:32:02.990  2677  2690 W ANDR_PERSISTENCY_CLIENT: SWR_PERSISTENCE_HV_LA_MF_0005|FUN=TCPHandler:: setAction |2|msg:setAction=1
01-01 00:32:02.990  2677  2690 W ANDR_PERSISTENCY_CLIENT: SWR_PERSISTENCE_HV_LA_MF_0005|FUN=TCPHandler:: setUID |2|msg:uid=49
01-01 00:32:02.990  2677  2690 W ANDR_PERSISTENCY_CLIENT: SWR_PERSISTENCE_HV_LA_MF_0005|FUN=TCPHandler:: setKey |2|msg:uid=49
01-01 00:32:02.990  2677  2690 W ANDR_PERSISTENCY_CLIENT: SWR_PERSISTENCE_HV_LA_MF_0005|FUN=TCPHandler::setCommandKey|2|msg:commandKey=10
01-01 00:32:02.990  2677  2690 W ANDR_PERSISTENCY_CLIENT: SWR_PERSISTENCE_HV_LA_MF_0005|FUN=TCPHandler:: registerCallBack |2|invoked 
01-01 00:32:02.990  2677  2690 W ANDR_PERSISTENCY_CLIENT: SWR_PERSISTENCE_HV_LA_MF_0005|FUN=TCPHandler::start|2|msg: byteArrayToInt : b [3]
01-01 00:32:02.990  2677  2690 W ANDR_PERSISTENCY_CLIENT: SWR_PERSISTENCE_HV_LA_MF_0005|FUN=TCPHandler::sendWriteRequestToPersistenceLinuxInt|2|listKey=49_10;keyString=0x00;key=0;command=3
01-01 00:32:02.991  2677  2725 W ANDR_PERSISTENCY_CLIENT: SWR_PERSISTENCE_HV_LA_MF_0005|FUN=TCPHandler:: getAction |2|msg:getAction=1
01-01 00:32:02.991  2677  2725 W ANDR_PERSISTENCY_CLIENT: SWR_PERSISTENCE_HV_LA_MF_0005|FUN=TCPHandler:: sender:ACTION_REQUEST |2|msg:condition 
01-01 00:32:02.991  2677  2725 W ANDR_PERSISTENCY_CLIENT: SWR_PERSISTENCE_HV_LA_MF_0005|FUN=TCPHandler:: getWrappedData |2|msg: msg com.panasonic.dairse.vcpupersistence.TCPHandler$Message@5ffb887
01-01 00:32:02.991  2677  2725 W ANDR_PERSISTENCY_CLIENT: SWR_PERSISTENCE_HV_LA_MF_0005|FUN=TCPHandler::getCommandKey|2|msg:commandKey=10
01-01 00:32:02.991  2677  2725 W ANDR_PERSISTENCY_CLIENT: SWR_PERSISTENCE_HV_LA_MF_0005|FUN=TCPHandler:: intToBytes |2| data 1
01-01 00:32:02.991  2677  2725 W ANDR_PERSISTENCY_CLIENT: SWR_PERSISTENCE_HV_LA_MF_0005|FUN=TCPHandler:: intToBytes |2| data 13
01-01 00:32:02.991  2677  2725 W ANDR_PERSISTENCY_CLIENT: SWR_PERSISTENCE_HV_LA_MF_0005|FUN=TCPHandler:: getUID |2|msg:uid=49
01-01 00:32:02.991  2677  2725 W ANDR_PERSISTENCY_CLIENT: SWR_PERSISTENCE_HV_LA_MF_0005|FUN=TCPHandler::start|2|msg:sender::msg=[0, 0, 0, 13, 1, 49, 10, 4, 48, 120, 48, 48, 0, 0, 0, 1, 3]
01-01 00:32:02.991  2677  2725 W ANDR_PERSISTENCY_CLIENT: SWR_PERSISTENCE_HV_LA_MF_0005|FUN=TCPHandler:: sender : Thread.interrupted() |2|msg:condition 
01-01 00:32:02.992  2145  2399 D HMI_SERVICE: USE_CASE_NA|FUN=HmiApplication::runCommandToShell|1| executeCommand has been initiated to run linux command 
01-01 00:32:02.992  2052  4490 E         : Calling MSG: PID=2145, UID=1000
01-01 00:32:02.992  2052  4490 E         : ExecutecommandbuildTypePropuserdebug...
01-01 00:32:02.992  2052  4490 E         : ExecutecommandForIRunCommandsetdns 1010 8.8.8.8...
01-01 00:32:02.993  2677  2726 W ANDR_PERSISTENCY_CLIENT: SWR_PERSISTENCE_HV_LA_MF_0005|FUN=TCPHandler::start|2|msg:receiver::run: size of totalLength 4
01-01 00:32:02.993  2677  2726 W ANDR_PERSISTENCY_CLIENT: SWR_PERSISTENCE_HV_LA_MF_0005|FUN=TCPHandler::start|2|msg:receiver::run: totalLength is > 0
01-01 00:32:02.993  2677  2726 W ANDR_PERSISTENCY_CLIENT: SWR_PERSISTENCE_HV_LA_MF_0005|FUN=TCPHandler::start|2|msg:receiver::response length= 12
01-01 00:32:02.993  2677  2726 W ANDR_PERSISTENCY_CLIENT: SWR_PERSISTENCE_HV_LA_MF_0005|FUN=TCPHandler::handleInBoundData|2|message=[0, 49, 10, 0, 0, 0, 0, 4, 1, 0, 0, 0]
01-01 00:32:02.994  2677  2726 W ANDR_PERSISTENCY_CLIENT: SWR_PERSISTENCE_HV_LA_MF_0005|FUN=TCPHandler::handleInBoundData|2|msg:response listKey=49_10
01-01 00:32:02.994  2677  2726 W ANDR_PERSISTENCY_CLIENT: SWR_PERSISTENCE_HV_LA_MF_0005|FUN=TCPHandler::handleInBoundData|2|msg:TCPHandler.handleInBoundData success response=0
01-01 00:32:02.994  2677  2726 W ANDR_PERSISTENCY_CLIENT: SWR_PERSISTENCE_HV_LA_MF_0005|FUN=TCPHandler::isB2cResponce|2|msg: message [0, 49, 10, 0, 0, 0, 0, 4, 1, 0, 0, 0]
01-01 00:32:02.994  2677  2726 W ANDR_PERSISTENCY_CLIENT: SWR_PERSISTENCE_HV_LA_MF_0005|FUN=TCPHandler::handleInBoundData|2|msg:  isB2cResponce
01-01 00:32:02.994  2677  2726 W ANDR_PERSISTENCY_CLIENT: SWR_PERSISTENCE_HV_LA_MF_0005|FUN=TCPHandler::sendResponse|2|msg:send Response using IVCPUServiceCallBack=[0, 49, 10, 0, 0, 0, 0, 4, 1, 0, 0, 0]
01-01 00:32:02.994  2677  2726 W ANDR_PERSISTENCY_CLIENT: SWR_PERSISTENCE_HV_LA_MF_0005|FUN=TCPHandler::sendResponse|2|msg:send Response using IVCPUServiceCallBack=[0, 49, 10, 0, 0, 0, 0, 4, 1, 0, 0, 0]
01-01 00:32:02.996  2145  8389 W HMI_SERVICE: USE_CASE_NA|FUN=HmiApplication|executeLinuxCmdConnectionB2C responseReturnData=
01-01 00:32:03.266  1933  1957 D LCMANDR : SWR_OOB_HV_MF_009|FUN=LifeCycleManagerService::LifeCycle_ReportCompStatus|GOT ALIVENESS SIGNAL FROM DAIAPP : [0]; HB Counter = [ 756 ]; STATUS INFO = [ 0 ]
01-01 00:32:03.266  1519  1519 I Connectivity_AIDL|AIDL_Handler.AIDL_Helpers.LcmHelper: MBUX App Method: KeepAliveTest |Line No: 408 |Log Type: Critical |Message: MainThread:MBUX-App HB Count: 758, ResponseCode: 0
01-01 00:32:03.361   635   635 E ANDR-PERF-TARGET: Error: Invalid logical cluster id 0
01-01 00:32:03.361   635   635 E ANDR-PERF-MPCTL: invalid request, no optimizations performed
01-01 00:32:03.377   635   635 E ANDR-PERF-TARGET: Error: Invalid logical cluster id 0
01-01 00:32:03.378   635   635 E ANDR-PERF-MPCTL: invalid request, no optimizations performed
01-01 00:32:03.394   635   635 E ANDR-PERF-TARGET: Error: Invalid logical cluster id 0
01-01 00:32:03.394   635   635 E ANDR-PERF-MPCTL: invalid request, no optimizations performed
01-01 00:32:03.411   635   635 E ANDR-PERF-TARGET: Error: Invalid logical cluster id 0
01-01 00:32:03.411   635   635 E ANDR-PERF-MPCTL: invalid request, no optimizations performed
01-01 00:32:03.428   635   635 E ANDR-PERF-TARGET: Error: Invalid logical cluster id 0
01-01 00:32:03.428   635   635 E ANDR-PERF-MPCTL: invalid request, no optimizations performed
01-01 00:32:03.444   635   635 E ANDR-PERF-TARGET: Error: Invalid logical cluster id 0
01-01 00:32:03.444   635   635 E ANDR-PERF-MPCTL: invalid request, no optimizations performed
01-01 00:32:03.461   635   635 E ANDR-PERF-TARGET: Error: Invalid logical cluster id 0
01-01 00:32:03.461   635   635 E ANDR-PERF-MPCTL: invalid request, no optimizations performed
01-01 00:32:03.466   729   748 I sssv-lib: sendMsg enter
01-01 00:32:03.466   729   748 I sssv-lib: sendMsg complete.
01-01 00:32:03.478   635   635 E ANDR-PERF-TARGET: Error: Invalid logical cluster id 0
01-01 00:32:03.478   635   635 E ANDR-PERF-MPCTL: invalid request, no optimizations performed
01-01 00:32:03.478   635   635 E ANDR-PERF-TARGET: Error: Invalid logical cluster id 0
01-01 00:32:03.478   635   635 E ANDR-PERF-MPCTL: invalid request, no optimizations performed
01-01 00:32:03.494   635   635 E ANDR-PERF-TARGET: Error: Invalid logical cluster id 0
01-01 00:32:03.495   635   635 E ANDR-PERF-MPCTL: invalid request, no optimizations performed
01-01 00:32:03.511   635   635 E ANDR-PERF-TARGET: Error: Invalid logical cluster id 0
01-01 00:32:03.511   635   635 E ANDR-PERF-MPCTL: invalid request, no optimizations performed
01-01 00:32:03.528   635   635 E ANDR-PERF-TARGET: Error: Invalid logical cluster id 0
01-01 00:32:03.528   635   635 E ANDR-PERF-MPCTL: invalid request, no optimizations performed
01-01 00:32:03.544   635   635 E ANDR-PERF-TARGET: Error: Invalid logical cluster id 0
01-01 00:32:03.545   635   635 E ANDR-PERF-MPCTL: invalid request, no optimizations performed
01-01 00:32:03.561   635   635 E ANDR-PERF-TARGET: Error: Invalid logical cluster id 0
01-01 00:32:03.561   635   635 E ANDR-PERF-MPCTL: invalid request, no optimizations performed
01-01 00:32:03.578   635   635 E ANDR-PERF-TARGET: Error: Invalid logical cluster id 0
01-01 00:32:03.578   635   635 E ANDR-PERF-MPCTL: invalid request, no optimizations performed
01-01 00:32:03.595   635   635 E ANDR-PERF-TARGET: Error: Invalid logical cluster id 0
01-01 00:32:03.595   635   635 E ANDR-PERF-MPCTL: invalid request, no optimizations performed
01-01 00:32:03.611   635   635 E ANDR-PERF-TARGET: Error: Invalid logical cluster id 0
01-01 00:32:03.611   635   635 E ANDR-PERF-MPCTL: invalid request, no optimizations performed
01-01 00:32:03.628   635   635 E ANDR-PERF-TARGET: Error: Invalid logical cluster id 0
01-01 00:32:03.628   635   635 E ANDR-PERF-MPCTL: invalid request, no optimizations performed
01-01 00:32:03.645   635   635 E ANDR-PERF-TARGET: Error: Invalid logical cluster id 0
01-01 00:32:03.645   635   635 E ANDR-PERF-MPCTL: invalid request, no optimizations performed
01-01 00:32:03.654  1933  1933 I LCMANDR : SWR_OOB_HV_MF_009|FUN=ResourceMonitoringService::movingMemoryAverage|2|Moving memory average :28.849934
01-01 00:32:03.654  1933  1933 W LCMANDR : SWR_OOB_HV_MF_009|FUN=ResourceMonitoringService::getCpuUsageStatistic|Moving MEM AVG :::::::::28.849934
01-01 00:32:03.656  1933  1933 W LCMANDR : SWR_OOB_HV_MF_009|FUN=ResourceMonitoringService::getCpuUsageStatistic|2|Total cpu usage :37.243736
01-01 00:32:03.656  1933  1933 I LCMANDR : SWR_OOB_HV_MF_009|FUN=ResourceMonitoringService::getCpuUsageStatistic|Cpu usage of core  0 is39.5189
01-01 00:32:03.656  1933  1933 I LCMANDR : SWR_OOB_HV_MF_009|FUN=ResourceMonitoringService::getCpuUsageStatistic|Cpu usage of core  1 is36.61017
01-01 00:32:03.656  1933  1933 I LCMANDR : SWR_OOB_HV_MF_009|FUN=ResourceMonitoringService::getCpuUsageStatistic|Cpu usage of core  2 is35.61644
01-01 00:32:03.656  1933  1933 I LCMANDR : ResourceMonitoringService::movingCpuAverage()
01-01 00:32:03.656  1933  1933 I LCMANDR : SWR_OOB_HV_MF_009|FUN=ResourceMonitoringService::movingCpuAverage|2|Moving window average of CPU 28.662785
01-01 00:32:03.656  1933  1933 I LCMANDR : SWR_OOB_HV_MF_009|FUN=ResourceMonitoringService::movingCpuAverage|2|Cpu moving average of core  0 is29.471088
