01-01 00:19:28.683  1151  1167 D mEnabledInputMethodsStrCache: com.android.inputmethods.latin/.LatinIME
01-01 00:19:28.685  1151  2234 D mEnabledInputMethodsStrCache: com.android.inputmethods.latin/.LatinIME
01-01 00:19:28.685  1151  2234 D systemLanguageCode: en__GB
01-01 00:19:28.685  1151  2234 D mEnabledInputMethodsStrCache: com.android.inputmethods.latin/.LatinIME
01-01 00:19:28.687  1151  1167 D mEnabledInputMethodsStrCache: com.android.inputmethods.latin/.LatinIME
01-01 00:19:28.687  1151  1167 D systemLanguageCode: en__GB
01-01 00:19:28.688  1151  1167 D mEnabledInputMethodsStrCache: com.android.inputmethods.latin/.LatinIME
01-01 00:19:28.689  1151  1416 D mEnabledInputMethodsStrCache: com.android.inputmethods.latin/.LatinIME
01-01 00:19:28.689  1151  1416 D systemLanguageCode: en__GB
01-01 00:19:28.689  1151  1416 D mEnabledInputMethodsStrCache: com.android.inputmethods.latin/.LatinIME
01-01 00:19:28.691  1151  1167 D mEnabledInputMethodsStrCache: com.android.inputmethods.latin/.LatinIME
01-01 00:19:28.691  1151  1167 D systemLanguageCode: en__GB
01-01 00:19:28.691  1151  1167 D mEnabledInputMethodsStrCache: com.android.inputmethods.latin/.LatinIME
01-01 00:19:28.691  1151  1167 D mEnabledInputMethodsStrCache: com.android.inputmethods.latin/.LatinIME
01-01 00:19:28.691  1151  1167 D systemLanguageCode: en__GB
01-01 00:19:28.691  1151  1167 D mEnabledInputMethodsStrCache: com.android.inputmethods.latin/.LatinIME
01-01 00:19:28.692  1379  1379 I LatinIME: SWR_HMISERVICE_SPELLER_MF_001||FUN=onStartInputViewInternal || 1 || Starting input. Cursor position = 0,0
01-01 00:19:28.706  3675  8181 D UIAutomatorStub: URI: /jsonrpc/0, Method: POST, Header: {content-length=170, remote-addr=127.0.0.1, http-client-ip=127.0.0.1, host=localhost:9009, content-type=application/json, connection=close, accept-encoding=identity, user-agent=Python-urllib/2.7}, params, {NanoHttpd.QUERY_STRING=null}, files: {postData={"params": [{"childOrSiblingSelector": [], "text": "OK", "mask": 1, "childOrSibling": []}], "jsonrpc": "2.0", "method": "click", "id": "457bdfb9a04b5258032e8ff27d337ddf"}}
01-01 00:19:28.713  1379  1379 D KeyboardState: onResetKeyboardStateToAlphabet: [keyboard=UNSHIFTED shift=RELEASING symbol=RELEASING switch=ALPHA] autoCapsFlags=none recapitalizeMode=undefined
01-01 00:19:28.713  1379  1379 D KeyboardState: resetKeyboardStateToAlphabet: [keyboard=UNSHIFTED shift=RELEASING symbol=RELEASING switch=ALPHA] autoCapsFlags=none recapitalizeMode=undefined
01-01 00:19:28.713  1379  1379 D KeyboardSwitcher: requestUpdatingShiftState:  autoCapsFlags=none recapitalizeMode=undefined
01-01 00:19:28.713  1379  1379 D KeyboardState: onUpdateShiftState: [keyboard=UNSHIFTED shift=RELEASING symbol=RELEASING switch=ALPHA] autoCapsFlags=none recapitalizeMode=undefined
01-01 00:19:28.713  1379  1379 D KeyboardState: setShifted: shiftMode=UNSHIFT [keyboard=UNSHIFTED shift=RELEASING symbol=RELEASING switch=ALPHA]
01-01 00:19:28.714  1151  1416 D mEnabledInputMethodsStrCache: com.android.inputmethods.latin/.LatinIME
01-01 00:19:28.714  1151  1416 D systemLanguageCode: en__GB
01-01 00:19:28.714  1151  1416 D mEnabledInputMethodsStrCache: com.android.inputmethods.latin/.LatinIME
01-01 00:19:28.714  1151  1416 D mEnabledInputMethodsStrCache: com.android.inputmethods.latin/.LatinIME
01-01 00:19:28.715  1151  1416 D systemLanguageCode: en__GB
01-01 00:19:28.715  1151  1416 D mEnabledInputMethodsStrCache: com.android.inputmethods.latin/.LatinIME
01-01 00:19:28.716  1379  1379 I NuanceUtil: Language text: en_GB, Language code: 5
01-01 00:19:28.716  1379  1379 I NuanceLog: Active Language: ET9LIDEnglish_UK
01-01 00:19:28.716  1379  1379 I NuanceLog: Active LDB: /system/etc/RSESpeller/configs/LDBs/v13.1.0/englishuk/ENubUNUK_xt9_ALM3.ldb
01-01 00:19:28.716  1379  1379 I LatinIME: Nuance API Initialized successfully
01-01 00:19:28.716  1379  1379 I LatinIME: Suggestion strip view visibility gone
01-01 00:19:28.717  1151  1167 D mEnabledInputMethodsStrCache: com.android.inputmethods.latin/.LatinIME
01-01 00:19:28.717  1151  1167 D systemLanguageCode: en__GB
01-01 00:19:28.717  1151  1167 D mEnabledInputMethodsStrCache: com.android.inputmethods.latin/.LatinIME
01-01 00:19:28.717  1151  1167 D mEnabledInputMethodsStrCache: com.android.inputmethods.latin/.LatinIME
01-01 00:19:28.717  1151  1167 D systemLanguageCode: en__GB
01-01 00:19:28.717  1151  1167 D mEnabledInputMethodsStrCache: com.android.inputmethods.latin/.LatinIME
01-01 00:19:29.267  1379  1379 E LatinIME: hideWindow Called
01-01 00:19:29.271  3675  8182 D UIAutomatorStub: URI: /jsonrpc/0, Method: POST, Header: {content-length=274, remote-addr=127.0.0.1, http-client-ip=127.0.0.1, host=localhost:9009, content-type=application/json, connection=close, accept-encoding=identity, user-agent=Python-urllib/2.7}, params, {NanoHttpd.QUERY_STRING=null}, files: {postData={"params": [{"childOrSiblingSelector": [], "scrollable": true, "mask": 16384, "childOrSibling": []}, {"childOrSiblingSelector": [], "text": "RSE_Test", "mask": 1, "childOrSibling": []}, true], "jsonrpc": "2.0", "method": "scrollTo", "id": "27b6a33ef55dffe7b533b51406947412"}}
01-01 00:19:29.273  1151  2234 I WifiService: getWifiEnabledState uid=1000
01-01 00:19:29.280  1151  2234 I WifiService: addOrUpdateNetwork uid=1000
01-01 00:19:29.280  1151  2234 I addOrUpdateNetwork:  uid = 1000 SSID "RSE_Test" nid=-1
01-01 00:19:29.281  1151  1317 D WifiConfiguration: configKey: false
01-01 00:19:29.281  1151  1317 D WifiConfiguration: configKey: false
01-01 00:19:29.281  1151  1317 E WifiConfigManager: Cannot find network with networkId -1 or configKey "RSE_Test"WPA_PSK
01-01 00:19:29.281  1151  1167 D WindowManager: relayout packageName=com.android.inputmethods.latin::session=Session{ca2ba78 1379:1000}::window=android.view.IWindow$Stub$Proxy@6e16808::attrs.flags=800108
01-01 00:19:29.281  1151  1167 D WindowManager: relayout >>> FLAG_FULLSCREEN not set in WindowManager.LayoutParams
01-01 00:19:29.281  1151  1167 D WindowManager: startStatusReceiverServiceOnFlagSet: creating intent for action ACTION_ACTIVITY_FULLSCREEN
01-01 00:19:29.281  1151  1317 D WifiConfiguration: configKey: false
01-01 00:19:29.281  1151  1317 E WifiConfigManager: Cannot find network with configKey "RSE_Test"WPA_PSK
01-01 00:19:29.282  1151  1167 W ContextImpl: Calling a method in the system process without a qualified user: android.app.ContextImpl.startService:1476 com.android.server.wm.Session.startStatusReceiverServiceOnFlagSet:762 com.android.server.wm.Session.relayout:276 android.view.IWindowSession$Stub.onTransact:286 com.android.server.wm.Session.onTransact:166 
01-01 00:19:29.283  1151  1167 D CompatibilityInfo: mCompatibilityFlags - 4
01-01 00:19:29.283  1151  1167 D CompatibilityInfo: applicationDensity - 240
01-01 00:19:29.283  1151  1167 D CompatibilityInfo: applicationScale - 1.0
01-01 00:19:29.283  1151  1167 D WindowManager: startStatusReceiverServiceOnFlagSet: startService done
01-01 00:19:29.286  1151  1317 D WifiConfiguration: configKey: false
01-01 00:19:29.287  1392  1392 W SYSTEM_UI: SWR_SYSTEM_UI_007|FUN=CollapsedStatusBarFragment::getAction |1|Broadcast action --> STATUS_UPDATE_ACTION
01-01 00:19:29.287  1392  1392 W SYSTEM_UI: SWR_SYSTEM_UI_007|FUN=CollapsedStatusBarFragment::getIntExtra |1|NotifySystemUpdates dataType --> 101
01-01 00:19:29.287  1392  1392 W SYSTEM_UI - CI07.3: className -> CollapsedStatusBarFragment | functionName -> NotifySystemUpdates | onReceive -->  | value -> FULLSCREEN MODE CHANGED | isFullScreenStatus --> false | fullScreenPackage -->com.android.inputmethods.latin | fullscreenLastShownPackage -->null | topActivityPackage --> com.panasonic.hmi2settings
01-01 00:19:29.287  1392  1392 W SYSTEM_UI - CI07.3: className -> CollapsedStatusBarFragment | functionName -> NotifySystemUpdates | onReceive -->  | value -> Fullscreen mode changed --> path 0
01-01 00:19:29.289  1151  1317 D WifiConfiguration: configKey: false
01-01 00:19:29.311  1151  1317 D WifiConfigStore: Writing to stores completed in 21 ms.
01-01 00:19:29.311  1151  1317 D WifiConfiguration: configKey: false
01-01 00:19:29.312  1151  2234 I WifiService: enableNetwork uid=1000 disableOthers=true
01-01 00:19:29.312  1151  1317 D WifiStateMachine: connectToUserSelectNetwork netId 47, uid 1000, forceReconnect = false
01-01 00:19:29.314  1151  1317 D WifiConfiguration: configKey: false
01-01 00:19:29.316  1151  1317 I chatty  : uid=1000(system) WifiStateMachin identical 3 lines
01-01 00:19:29.317  1151  1317 D WifiConfiguration: configKey: false
01-01 00:19:29.335  1151  1317 D WifiConfigStore: Writing to stores completed in 18 ms.
01-01 00:19:29.336  1151  1317 D WifiConfiguration: configKey: false
01-01 00:19:29.337  1151  1317 D WifiConfiguration: configKey: false
01-01 00:19:29.337  1151  1317 D WifiStateMachine: CMD_START_CONNECT sup state DisconnectedState my state DisconnectedState nid=47 roam=false
01-01 00:19:29.337   808   808 W wificond: Scan is not started. Ignore abort request
01-01 00:19:29.337  1151  1167 I WifiService: getWifiServiceMessenger uid=1000
01-01 00:19:29.339  1151  1316 D WifiService: CONNECT  nid=47 uid=1000 name=android.uid.system:1000
01-01 00:19:29.339  1151  1316 D WifiService: Connect with networkId 47
01-01 00:19:29.340  1151  1316 D WifiService: New client listening to asynchronous messages
01-01 00:19:29.340  1151  1317 D WifiConfiguration: configKey: false
01-01 00:19:29.340  1151  1317 D SupplicantStaIfaceHal: connectToNetwork "RSE_Test"WPA_PSK
01-01 00:19:29.343  3023  3023 E wpa_supplicant: Deregistering network from hidl control: 0
01-01 00:19:29.343  1151  1317 I SupplicantStaIfaceHal: addSupplicantStaNetwork via HIDL
01-01 00:19:29.344  3023  3023 E wpa_supplicant: Registering network to hidl control: 0
01-01 00:19:29.356  1151  1317 D WifiConfiguration: configKey: false
01-01 00:19:29.358  3023  3023 E wpa_supplicant: Notifying state change event to hidl control: 3
01-01 00:19:29.360  1151  1317 D WifiStateMachine: processMessage:  connect success 
01-01 00:19:29.361  1151  1317 D WifiStateMachine: processMessage: connect over
01-01 00:19:29.361  1151  1317 D WifiConfiguration: configKey: false
01-01 00:19:29.361  1151  1317 D WifiStateMachine: connectToUserSelectNetwork netId 47, uid 1000, forceReconnect = false
01-01 00:19:29.361  1151  1317 D WifiConfiguration: configKey: false
01-01 00:19:29.364  1151  1317 D WifiConfiguration: configKey: false
01-01 00:19:29.388  1151  1317 D WifiConfigStore: Writing to stores completed in 24 ms.
01-01 00:19:29.389  1151  1317 D WifiConfiguration: configKey: false
01-01 00:19:29.390  1151  1317 D WifiConfiguration: configKey: false
01-01 00:19:29.390  3739  3757 I chatty  : uid=1000(system) ConnectivityThr expire 1 line
01-01 00:19:29.398  1508  1601 W QCNEJ   : |CORE| notifyWifiStatusChanged failed
01-01 00:19:29.399  1508  1601 W QCNEJ   : |CORE| notifyRatConnectionStatusChanged failed
01-01 00:19:29.399  1392  1392 W SYSTEM_UI: SWR_SYSTEM_UI_008|FUN=CollapsedStatusBarFragment::AndroidEventReceiver | getAction |1|Broadcast action:android.net.wifi.STATE_CHANGE received
01-01 00:19:29.399  1392  1392 W SYSTEM_UI - CI07.3: className -> CollapsedStatusBarFragment | functionName -> AndroidEventReceiver | onReceive -->  | value -> Wifi connection status--> false
01-01 00:19:29.399  1392  1392 W SYSTEM_UI: SWR_SYSTEM_UI_008|FUN=CollapsedStatusBarFragment::isConnected |1|Wifi connection status--> false
01-01 00:19:29.399  1392  1392 W SYSTEM_UI - CI07.3: className -> CollapsedStatusBarFragment | functionName -> updateHermsDataType | value -> Update Herms Data Type :: networkType --> 0
01-01 00:19:29.399  1392  1392 W SYSTEM_UI - CI07.3: className -> CollapsedStatusBarFragment | functionName -> updateHermsDataType | value -> Update Herms Data Type :: isWebsiteSecure --> false
01-01 00:19:29.399  1392  1392 W SYSTEM_UI - CI07.3: className -> CollapsedStatusBarFragment | functionName -> updateHermsDataType | value -> Update Herms Data Type :: connection status --> 1
01-01 00:19:29.399  1392  1392 W SYSTEM_UI - CI07.3: className -> CollapsedStatusBarFragment | functionName -> updateHermsDataType | value -> Update Herms Data Type :: data Transfer --> false
01-01 00:19:29.399  1392  1392 W SYSTEM_UI - CI07.3: className -> CollapsedStatusBarFragment | functionName -> updateHermsDataType | value -> Update Herms Data Type :: wifiConnectionStatus --> false
01-01 00:19:29.399  1392  1392 W SYSTEM_UI - CI07.3: className -> CollapsedStatusBarFragment | functionName -> updateHermsDataType | value -> path 2
01-01 00:19:29.399  1392  1392 W SYSTEM_UI - CI07.3: className -> CollapsedStatusBarFragment | functionName -> updateHermsDataType | value -> path 3
01-01 00:19:29.400  2145  2145 D HMI_SERVICE: USE_CASE_NA|FUN=HmiApplication| [action] android.net.wifi.STATE_CHANGE
01-01 00:19:29.400  2145  2145 D HmiApplication: DetailedState:DISCONNECTED
01-01 00:19:29.400  2145  2145 W HMI_SERVICE: USE_CASE_NA|FUN=HmiApplication|executeLinuxCmdB2C command:6|isFromCManager:true
01-01 00:19:29.401  2677  2690 W ANDR_PERSISTENCY_CLIENT: SWR_PERSISTENCE_HV_LA_MF_0003|FUN=VCPUPersistenceService::executeLinuxBackgroundCommand |0|msg: param [6]
01-01 00:19:29.401  2677  2690 W ANDR_PERSISTENCY_CLIENT: SWR_PERSISTENCE_HV_LA_MF_0005|FUN=TCPHandler:: getInstance |2|msg: invoked 
01-01 00:19:29.401  2677  2690 W ANDR_PERSISTENCY_CLIENT: SWR_PERSISTENCE_HV_LA_MF_0005|FUN=TCPHandler:: sendWriteRequestToPersistenceLinuxInt |2|data= [6]key= 0 commandKey= 10
01-01 00:19:29.401  2677  2690 W ANDR_PERSISTENCY_CLIENT: SWR_PERSISTENCE_HV_LA_MF_0005|FUN=TCPHandler:: getUID |2|msg: invoked 
01-01 00:19:29.401  2677  2690 W ANDR_PERSISTENCY_CLIENT: SWR_PERSISTENCE_HV_LA_MF_0005|FUN=TCPHandler:: setAction |2|msg:setAction=1
01-01 00:19:29.401  2677  2690 W ANDR_PERSISTENCY_CLIENT: SWR_PERSISTENCE_HV_LA_MF_0005|FUN=TCPHandler:: setUID |2|msg:uid=-91
01-01 00:19:29.401  2677  2690 W ANDR_PERSISTENCY_CLIENT: SWR_PERSISTENCE_HV_LA_MF_0005|FUN=TCPHandler:: setKey |2|msg:uid=-91
01-01 00:19:29.401  2677  2690 W ANDR_PERSISTENCY_CLIENT: SWR_PERSISTENCE_HV_LA_MF_0005|FUN=TCPHandler::setCommandKey|2|msg:commandKey=10
01-01 00:19:29.401  2677  2690 W ANDR_PERSISTENCY_CLIENT: SWR_PERSISTENCE_HV_LA_MF_0005|FUN=TCPHandler:: registerCallBack |2|invoked 
01-01 00:19:29.401  2677  2690 W ANDR_PERSISTENCY_CLIENT: SWR_PERSISTENCE_HV_LA_MF_0005|FUN=TCPHandler::start|2|msg: byteArrayToInt : b [6]
01-01 00:19:29.401  2677  2690 W ANDR_PERSISTENCY_CLIENT: SWR_PERSISTENCE_HV_LA_MF_0005|FUN=TCPHandler::sendWriteRequestToPersistenceLinuxInt|2|listKey=-91_10;keyString=0x00;key=0;command=6
01-01 00:19:29.401  2677  2725 W ANDR_PERSISTENCY_CLIENT: SWR_PERSISTENCE_HV_LA_MF_0005|FUN=TCPHandler:: getAction |2|msg:getAction=1
01-01 00:19:29.401  2677  2725 W ANDR_PERSISTENCY_CLIENT: SWR_PERSISTENCE_HV_LA_MF_0005|FUN=TCPHandler:: sender:ACTION_REQUEST |2|msg:condition 
01-01 00:19:29.401  2677  2725 W ANDR_PERSISTENCY_CLIENT: SWR_PERSISTENCE_HV_LA_MF_0005|FUN=TCPHandler:: getWrappedData |2|msg: msg com.panasonic.dairse.vcpupersistence.TCPHandler$Message@f6250c
01-01 00:19:29.401  2677  2725 W ANDR_PERSISTENCY_CLIENT: SWR_PERSISTENCE_HV_LA_MF_0005|FUN=TCPHandler::getCommandKey|2|msg:commandKey=10
01-01 00:19:29.402  2677  2725 W ANDR_PERSISTENCY_CLIENT: SWR_PERSISTENCE_HV_LA_MF_0005|FUN=TCPHandler:: intToBytes |2| data 1
01-01 00:19:29.402  2677  2725 W ANDR_PERSISTENCY_CLIENT: SWR_PERSISTENCE_HV_LA_MF_0005|FUN=TCPHandler:: intToBytes |2| data 13
01-01 00:19:29.402  2677  2725 W ANDR_PERSISTENCY_CLIENT: SWR_PERSISTENCE_HV_LA_MF_0005|FUN=TCPHandler:: getUID |2|msg:uid=-91
01-01 00:19:29.403  1392  1392 W SYSTEM_UI: SWR_SYSTEM_UI_008|FUN=CollapsedStatusBarFragment::AndroidEventReceiver | getAction |1|Broadcast action:android.net.wifi.STATE_CHANGE received
01-01 00:19:29.403  1392  1392 W SYSTEM_UI - CI07.3: className -> CollapsedStatusBarFragment | functionName -> AndroidEventReceiver | onReceive -->  | value -> Wifi connection status--> false
01-01 00:19:29.403  1392  1392 W SYSTEM_UI: SWR_SYSTEM_UI_008|FUN=CollapsedStatusBarFragment::isConnected |1|Wifi connection status--> false
01-01 00:19:29.403  1392  1392 W SYSTEM_UI - CI07.3: className -> CollapsedStatusBarFragment | functionName -> updateHermsDataType | value -> Update Herms Data Type :: networkType --> 0
01-01 00:19:29.403  1392  1392 W SYSTEM_UI - CI07.3: className -> CollapsedStatusBarFragment | functionName -> updateHermsDataType | value -> Update Herms Data Type :: isWebsiteSecure --> false
01-01 00:19:29.403  1392  1392 W SYSTEM_UI - CI07.3: className -> CollapsedStatusBarFragment | functionName -> updateHermsDataType | value -> Update Herms Data Type :: connection status --> 1
01-01 00:19:29.403  1392  1392 W SYSTEM_UI - CI07.3: className -> CollapsedStatusBarFragment | functionName -> updateHermsDataType | value -> Update Herms Data Type :: data Transfer --> false
01-01 00:19:29.403  1392  1392 W SYSTEM_UI - CI07.3: className -> CollapsedStatusBarFragment | functionName -> updateHermsDataType | value -> Update Herms Data Type :: wifiConnectionStatus --> false
01-01 00:19:29.403  1392  1392 W SYSTEM_UI - CI07.3: className -> CollapsedStatusBarFragment | functionName -> updateHermsDataType | value -> path 2
01-01 00:19:29.403  1392  1392 W SYSTEM_UI - CI07.3: className -> CollapsedStatusBarFragment | functionName -> updateHermsDataType | value -> path 3
01-01 00:19:29.404  2145  2145 D HMI_SERVICE: USE_CASE_NA|FUN=HmiApplication| [action] android.net.wifi.STATE_CHANGE
01-01 00:19:29.404  1508  1601 W QCNEJ   : |CORE| notifyWifiStatusChanged failed
01-01 00:19:29.404  1508  1601 W QCNEJ   : |CORE| notifyRatConnectionStatusChanged failed
01-01 00:19:29.405  2677  2725 W ANDR_PERSISTENCY_CLIENT: SWR_PERSISTENCE_HV_LA_MF_0005|FUN=TCPHandler::start|2|msg:sender::msg=[0, 0, 0, 13, 1, -91, 10, 4, 48, 120, 48, 48, 0, 0, 0, 1, 6]
01-01 00:19:29.405  2677  2725 W ANDR_PERSISTENCY_CLIENT: SWR_PERSISTENCE_HV_LA_MF_0005|FUN=TCPHandler:: sender : Thread.interrupted() |2|msg:condition 
01-01 00:19:29.406  1151  1317 D WifiStateMachine: CMD_START_CONNECT sup state DisconnectedState my state DisconnectedState nid=47 roam=false
01-01 00:19:29.406   808   808 W wificond: Scan is not started. Ignore abort request
01-01 00:19:29.407  2677  2726 W ANDR_PERSISTENCY_CLIENT: SWR_PERSISTENCE_HV_LA_MF_0005|FUN=TCPHandler::start|2|msg:receiver::run: size of totalLength 4
01-01 00:19:29.407  2677  2726 W ANDR_PERSISTENCY_CLIENT: SWR_PERSISTENCE_HV_LA_MF_0005|FUN=TCPHandler::start|2|msg:receiver::run: totalLength is > 0
01-01 00:19:29.408  2677  2726 W ANDR_PERSISTENCY_CLIENT: SWR_PERSISTENCE_HV_LA_MF_0005|FUN=TCPHandler::start|2|msg:receiver::response length= 12
01-01 00:19:29.408  2677  2726 W ANDR_PERSISTENCY_CLIENT: SWR_PERSISTENCE_HV_LA_MF_0005|FUN=TCPHandler::handleInBoundData|2|message=[0, -91, 10, 0, 0, 0, 0, 4, 1, 0, 0, 0]
01-01 00:19:29.408  2677  2726 W ANDR_PERSISTENCY_CLIENT: SWR_PERSISTENCE_HV_LA_MF_0005|FUN=TCPHandler::handleInBoundData|2|msg:response listKey=-91_10
01-01 00:19:29.408  2677  2726 W ANDR_PERSISTENCY_CLIENT: SWR_PERSISTENCE_HV_LA_MF_0005|FUN=TCPHandler::handleInBoundData|2|msg:TCPHandler.handleInBoundData success response=0
01-01 00:19:29.408  2677  2726 W ANDR_PERSISTENCY_CLIENT: SWR_PERSISTENCE_HV_LA_MF_0005|FUN=TCPHandler::isB2cResponce|2|msg: message [0, -91, 10, 0, 0, 0, 0, 4, 1, 0, 0, 0]
01-01 00:19:29.408  2677  2726 W ANDR_PERSISTENCY_CLIENT: SWR_PERSISTENCE_HV_LA_MF_0005|FUN=TCPHandler::handleInBoundData|2|msg:  isB2cResponce
01-01 00:19:29.408  2677  2726 W ANDR_PERSISTENCY_CLIENT: SWR_PERSISTENCE_HV_LA_MF_0005|FUN=TCPHandler::sendResponse|2|msg:send Response using IVCPUServiceCallBack=[0, -91, 10, 0, 0, 0, 0, 4, 1, 0, 0, 0]
01-01 00:19:29.408  2677  2726 W ANDR_PERSISTENCY_CLIENT: SWR_PERSISTENCE_HV_LA_MF_0005|FUN=TCPHandler::sendResponse|2|msg:send Response using IVCPUServiceCallBack=[0, -91, 10, 0, 0, 0, 0, 4, 1, 0, 0, 0]
01-01 00:19:29.408  2145  3324 W HMI_SERVICE: USE_CASE_NA|FUN=HmiApplication|executeLinuxCmdConnection responseData:[0, -91, 10, 0, 0, 0, 0, 4, 1, 0, 0, 0]
01-01 00:19:29.409  2145  3324 W HMI_SERVICE: USE_CASE_NA|FUN=HmiApplication|executeLinuxCmdConnection responseData=not valid:16777216
01-01 00:19:29.409  2145  3324 W HMI_SERVICE: USE_CASE_NA|FUN=HmiApplication|executeLinuxCmdConnection responseReturnData=
01-01 00:19:29.409  2145  3324 W HMI_SERVICE: USE_CASE_NA|FUN=HmiApplication|executeLinuxCmdB2C response=true
01-01 00:19:29.415  1151  1317 D WifiConfiguration: configKey: false
01-01 00:19:29.415  1151  1317 D SupplicantStaIfaceHal: connectToNetwork "RSE_Test"WPA_PSK
01-01 00:19:29.415  1151  1317 D SupplicantStaIfaceHal: Network is already saved, will not trigger remove and add operation.
01-01 00:19:29.416  1151  1317 D WifiStateMachine: processMessage:  connect success 
01-01 00:19:29.416  1151  1317 D WifiStateMachine: processMessage: connect over
01-01 00:19:29.416  1151  1317 D WifiConfiguration: configKey: false
01-01 00:19:29.417  2145  2145 D HMI_SERVICE: USE_CASE_NA|FUN=HmiApplication| [action] android.net.wifi.supplicant.STATE_CHANGE
01-01 00:19:29.420  1151  1167 I WifiService: getWifiEnabledState uid=1000
01-01 00:19:29.423  1151  2229 I WifiService: getConfiguredNetworks uid=1000
01-01 00:19:29.437  1151  2229 I WifiService: getConfiguredNetworks uid=1000
01-01 00:19:29.440  1151  2234 I WifiService: getWifiEnabledState uid=1000
01-01 00:19:29.442  1151  2234 I WifiService: getConfiguredNetworks uid=1000
01-01 00:19:29.456  1151  2234 I WifiService: getConfiguredNetworks uid=1000
01-01 00:19:29.459  1151  2234 I WifiService: getWifiEnabledState uid=1000
01-01 00:19:29.462  1151  2234 I WifiService: getConfiguredNetworks uid=1000
01-01 00:19:29.473  1151  2234 I WifiService: getConfiguredNetworks uid=1000
01-01 00:19:29.478  1151  2229 I WifiService: getConfiguredNetworks uid=1000
01-01 00:19:29.480  1151  2229 I WifiService: getConfiguredNetworks uid=1000
01-01 00:19:29.579  1933  1933 I LCMANDR : SWR_OOB_HV_MF_009|FUN=ResourceMonitoringService::movingMemoryAverage|2|Moving memory average :26.45138
01-01 00:19:29.580  1933  1933 W LCMANDR : SWR_OOB_HV_MF_009|FUN=ResourceMonitoringService::getCpuUsageStatistic|Moving MEM AVG :::::::::26.45138
01-01 00:19:29.581  1933  1933 W LCMANDR : SWR_OOB_HV_MF_009|FUN=ResourceMonitoringService::getCpuUsageStatistic|2|Total cpu usage :24.604965
01-01 00:19:29.581  1933  1933 I LCMANDR : SWR_OOB_HV_MF_009|FUN=ResourceMonitoringService::getCpuUsageStatistic|Cpu usage of core  0 is28.093645
01-01 00:19:29.581  1933  1933 I LCMANDR : SWR_OOB_HV_MF_009|FUN=ResourceMonitoringService::getCpuUsageStatistic|Cpu usage of core  1 is22.569445
01-01 00:19:29.581  1933  1933 I LCMANDR : SWR_OOB_HV_MF_009|FUN=ResourceMonitoringService::getCpuUsageStatistic|Cpu usage of core  2 is23.076923
01-01 00:19:29.581  1933  1933 I LCMANDR : ResourceMonitoringService::movingCpuAverage()
01-01 00:19:29.581  1933  1933 I LCMANDR : SWR_OOB_HV_MF_009|FUN=ResourceMonitoringService::movingCpuAverage|2|Moving window average of CPU 25.344501
01-01 00:19:29.581  1933  1933 I LCMANDR : SWR_OOB_HV_MF_009|FUN=ResourceMonitoringService::movingCpuAverage|2|Cpu moving average of core  0 is25.99468
01-01 00:19:29.582  1933  1933 I LCMANDR : SWR_OOB_HV_MF_009|FUN=ResourceMonitoringService::movingCpuAverage|2|Cpu moving average of core  1 is22.317322
01-01 00:19:29.582  1933  1933 I LCMANDR : SWR_OOB_HV_MF_009|FUN=ResourceMonitoringService::movingCpuAverage|2|Cpu moving average of core  2 is27.661118
01-01 00:19:29.582  1933  1933 D LCMANDR : SWR_OOB_HV_MF_009|FUN=ResourceMonitoringService::movingCpuAverage|2|Exiting VAL = 25.344501
01-01 00:19:29.614   729   748 I sssv-lib: sendMsg enter
01-01 00:19:29.614   729   748 I sssv-lib: sendMsg complete.
01-01 00:19:30.158  3675  8182 D UiScrollable: scrollToBeginning() on selector = UiSelector[SCROLLABLE=true]
01-01 00:19:30.158  3675  8182 D UiScrollable: scrollBackward() on selector = UiSelector[SCROLLABLE=true]
01-01 00:19:30.165  3675  8182 I QueryController: Matched selector: UiSelector[SCROLLABLE=true] <<==>> [android.view.accessibility.AccessibilityNodeInfo@115cec6; boundsInParent: Rect(0, 784 - 1332, 1673); boundsInScreen: Rect(305, 172 - 1637, 1061); packageName: com.panasonic.hmi2settings; className: android.widget.ScrollView; text: null; error: null; maxTextLength: -1; contentDescription: null; viewIdResName: com.panasonic.hmi2settings:id/scrollWifi; checkable: false; checked: false; focusable: true; focused: false; selected: false; clickable: false; longClickable: false; contextClickable: false; enabled: true; password: false; scrollable: true; importantForAccessibility: true; actions: [AccessibilityAction: ACTION_FOCUS - null, AccessibilityAction: ACTION_SELECT - null, AccessibilityAction: ACTION_CLEAR_SELECTION - null, AccessibilityAction: ACTION_ACCESSIBILITY_FOCUS - null, AccessibilityAction: ACTION_SCROLL_FORWARD - null, AccessibilityAction: ACTION_SCROLL_BACKWARD - null, AccessibilityAction: ACTION_SHOW_ON_SCREEN - null]]
01-01 00:19:30.165  3675  8182 D UiScrollable: scrollToBegining() using vertical scroll
01-01 00:19:30.165  3675  8182 D InteractionController: scrollSwipe (971, 260, 971, 973, 55)
01-01 00:19:30.212  3023  3023 I wpa_supplicant: CTRL-EVENT-SCAN-RESULTS Scan completed in 0.814440 seconds
01-01 00:19:30.214  3023  3023 I wpa_supplicant: wlan0: Trying to associate with SSID 'RSE_Test'
01-01 00:19:30.214  3023  3023 E wpa_supplicant: Notifying state change event to hidl control: 5
01-01 00:19:30.215   808   808 I wificond: Received external scan result notification from kernel.
01-01 00:19:30.215   921  1439 I LOWI-8.5.0.3.c: [LOWI-Scan] lowi_close_record:Scan completed in 1150254ms and Recieved 46 APs scan results
01-01 00:19:30.215  1151  2229 D WificondControl: Scan result ready event
01-01 00:19:30.216  1151  1323 W AlarmManager: Unrecognized alarm listener com.android.server.wifi.scanner.WificondScannerImpl$3@207a0a6
01-01 00:19:30.216  1151  1323 I WifiService: isScanAlwaysAvailable uid=1000
01-01 00:19:30.216  1151  1323 I WifiService: getWifiEnabledState uid=1000
01-01 00:19:30.217   921   961 I LOWI-8.5.0.3.c: [LOWIUtils] responseToOutPostcard - TO: GTP-FDAL, FROM:   LOWI-SERVER, RESP:  LOWI_ASYNC_DISCOVERY_SCAN_RESULTS
01-01 00:19:30.223   924   979 W XTCC-6.1.2.10-a: [LOWIUtils] to_eScanTypeResponse - default case
01-01 00:19:30.223   924   979 W XTCC-6.1.2.10-a: [WifiScanner] WiFi scan result : [46] AP's, async result: 1
01-01 00:19:30.253   808   808 I wificond: Enters wifigbk_ageOutHistory
01-01 00:19:30.258  1151  1317 D WifiConfiguration: configKey: false
01-01 00:19:30.261  1392  1392 W SYSTEM_UI: SWR_SYSTEM_UI_008|FUN=CollapsedStatusBarFragment::AndroidEventReceiver | getAction |1|Broadcast action:android.net.wifi.STATE_CHANGE received
01-01 00:19:30.261  1392  1392 W SYSTEM_UI - CI07.3: className -> CollapsedStatusBarFragment | functionName -> AndroidEventReceiver | onReceive -->  | value -> Wifi connection status--> false
01-01 00:19:30.261  1392  1392 W SYSTEM_UI: SWR_SYSTEM_UI_008|FUN=CollapsedStatusBarFragment::isConnected |1|Wifi connection status--> false
01-01 00:19:30.261  1392  1392 W SYSTEM_UI - CI07.3: className -> CollapsedStatusBarFragment | functionName -> updateHermsDataType | value -> Update Herms Data Type :: networkType --> 0
01-01 00:19:30.262  1392  1392 W SYSTEM_UI - CI07.3: className -> CollapsedStatusBarFragment | functionName -> updateHermsDataType | value -> Update Herms Data Type :: isWebsiteSecure --> false
01-01 00:19:30.262  1392  1392 W SYSTEM_UI - CI07.3: className -> CollapsedStatusBarFragment | functionName -> updateHermsDataType | value -> Update Herms Data Type :: connection status --> 1
01-01 00:19:30.262  1392  1392 W SYSTEM_UI - CI07.3: className -> CollapsedStatusBarFragment | functionName -> updateHermsDataType | value -> Update Herms Data Type :: data Transfer --> false
01-01 00:19:30.262  1392  1392 W SYSTEM_UI - CI07.3: className -> CollapsedStatusBarFragment | functionName -> updateHermsDataType | value -> Update Herms Data Type :: wifiConnectionStatus --> false
01-01 00:19:30.262  1392  1392 W SYSTEM_UI - CI07.3: className -> CollapsedStatusBarFragment | functionName -> updateHermsDataType | value -> path 2
01-01 00:19:30.262  1392  1392 W SYSTEM_UI - CI07.3: className -> CollapsedStatusBarFragment | functionName -> updateHermsDataType | value -> path 3
01-01 00:19:30.262  2145  2145 D HMI_SERVICE: USE_CASE_NA|FUN=HmiApplication| [action] android.net.wifi.STATE_CHANGE
01-01 00:19:30.262  1508  1601 W QCNEJ   : |CORE| notifyWifiStatusChanged failed
01-01 00:19:30.262  1508  1601 W QCNEJ   : |CORE| notifyRatConnectionStatusChanged failed
01-01 00:19:30.265  3739  3739 I chatty  : uid=1000(system) com.panasonic.hmi2settings expire 137 lines
01-01 00:19:30.266  1151  2229 I WifiService: getConfiguredNetworks uid=1000
01-01 00:19:30.269  2145  2145 D HMI_SERVICE: USE_CASE_NA|FUN=HmiApplication| [action] android.net.wifi.supplicant.STATE_CHANGE
01-01 00:19:30.338  3023  3023 E wpa_supplicant: Notifying state change event to hidl control: 6
01-01 00:19:30.338  3023  3023 I wpa_supplicant: wlan0: Associated with ec:58:ea:f6:10:88
01-01 00:19:30.340  3023  3023 E wpa_supplicant: Notifying state change event to hidl control: 7
01-01 00:19:30.342  2145  2145 D HMI_SERVICE: USE_CASE_NA|FUN=HmiApplication| [action] android.net.wifi.supplicant.STATE_CHANGE
01-01 00:19:30.342  1508  1601 W QCNEJ   : |CORE| notifyWifiStatusChanged failed
01-01 00:19:30.342  1508  1601 W QCNEJ   : |CORE| notifyRatConnectionStatusChanged failed
01-01 00:19:30.342  1392  1392 W SYSTEM_UI: SWR_SYSTEM_UI_008|FUN=CollapsedStatusBarFragment::AndroidEventReceiver | getAction |1|Broadcast action:android.net.wifi.STATE_CHANGE received
01-01 00:19:30.343  1392  1392 W SYSTEM_UI - CI07.3: className -> CollapsedStatusBarFragment | functionName -> AndroidEventReceiver | onReceive -->  | value -> Wifi connection status--> false
01-01 00:19:30.343  1392  1392 W SYSTEM_UI: SWR_SYSTEM_UI_008|FUN=CollapsedStatusBarFragment::isConnected |1|Wifi connection status--> false
01-01 00:19:30.343  1392  1392 W SYSTEM_UI - CI07.3: className -> CollapsedStatusBarFragment | functionName -> updateHermsDataType | value -> Update Herms Data Type :: networkType --> 0
01-01 00:19:30.343  1392  1392 W SYSTEM_UI - CI07.3: className -> CollapsedStatusBarFragment | functionName -> updateHermsDataType | value -> Update Herms Data Type :: isWebsiteSecure --> false
01-01 00:19:30.344  1151  2229 I WifiService: getConfiguredNetworks uid=1000
01-01 00:19:30.343  1392  1392 W SYSTEM_UI - CI07.3: className -> CollapsedStatusBarFragment | functionName -> updateHermsDataType | value -> Update Herms Data Type :: connection status --> 1
01-01 00:19:30.344  1392  1392 W SYSTEM_UI - CI07.3: className -> CollapsedStatusBarFragment | functionName -> updateHermsDataType | value -> Update Herms Data Type :: data Transfer --> false
01-01 00:19:30.344  1392  1392 W SYSTEM_UI - CI07.3: className -> CollapsedStatusBarFragment | functionName -> updateHermsDataType | value -> Update Herms Data Type :: wifiConnectionStatus --> false
01-01 00:19:30.344  1392  1392 W SYSTEM_UI - CI07.3: className -> CollapsedStatusBarFragment | functionName -> updateHermsDataType | value -> path 2
01-01 00:19:30.344  1392  1392 W SYSTEM_UI - CI07.3: className -> CollapsedStatusBarFragment | functionName -> updateHermsDataType | value -> path 3
01-01 00:19:30.345  2145  2145 D HMI_SERVICE: USE_CASE_NA|FUN=HmiApplication| [action] android.net.wifi.STATE_CHANGE
01-01 00:19:30.347  2145  2145 D HMI_SERVICE: USE_CASE_NA|FUN=HmiApplication| [action] android.net.wifi.supplicant.STATE_CHANGE
01-01 00:19:30.364  3023  3023 E wpa_supplicant: Notifying state change event to hidl control: 8
01-01 00:19:30.366  3023  3023 I wpa_supplicant: wlan0: WPA: Key negotiation completed with ec:58:ea:f6:10:88 [PTK=CCMP GTK=CCMP]
01-01 00:19:30.366  3023  3023 I wpa_supplicant: wlan0: CTRL-EVENT-CONNECTED - Connection to ec:58:ea:f6:10:88 completed [id=0 id_str=%7B%22configKey%22%3A%22%5C%22RSE_Test%5C%22WPA_PSK%22%2C%22creatorUid%22%3A%221000%22%7D]
01-01 00:19:30.366  3023  3023 E wpa_supplicant: Notifying state change event to hidl control: 9
01-01 00:19:30.368  2145  2145 D HMI_SERVICE: USE_CASE_NA|FUN=HmiApplication| [action] android.net.wifi.supplicant.STATE_CHANGE
01-01 00:19:30.370   921  1439 I LOWI-8.5.0.3.c: [LOWI-Scan] get_intf_mode: WLAN interface type 2, err 0
01-01 00:19:30.372  1508  1601 W QCNEJ   : |CORE| notifyWifiStatusChanged failed
01-01 00:19:30.372  1508  1601 W QCNEJ   : |CORE| notifyRatConnectionStatusChanged failed
01-01 00:19:30.372  2145  2145 D HMI_SERVICE: USE_CASE_NA|FUN=HmiApplication| [action] android.net.wifi.STATE_CHANGE
01-01 00:19:30.372  1392  1392 W SYSTEM_UI: SWR_SYSTEM_UI_008|FUN=CollapsedStatusBarFragment::AndroidEventReceiver | getAction |1|Broadcast action:android.net.wifi.STATE_CHANGE received
01-01 00:19:30.372  1392  1392 W SYSTEM_UI - CI07.3: className -> CollapsedStatusBarFragment | functionName -> AndroidEventReceiver | onReceive -->  | value -> Wifi connection status--> false
01-01 00:19:30.372  1392  1392 W SYSTEM_UI: SWR_SYSTEM_UI_008|FUN=CollapsedStatusBarFragment::isConnected |1|Wifi connection status--> false
01-01 00:19:30.372  1392  1392 W SYSTEM_UI - CI07.3: className -> CollapsedStatusBarFragment | functionName -> updateHermsDataType | value -> Update Herms Data Type :: networkType --> 0
01-01 00:19:30.372  1392  1392 W SYSTEM_UI - CI07.3: className -> CollapsedStatusBarFragment | functionName -> updateHermsDataType | value -> Update Herms Data Type :: isWebsiteSecure --> false
01-01 00:19:30.373  1151  2229 I WifiService: getConfiguredNetworks uid=1000
01-01 00:19:30.373  1392  1392 W SYSTEM_UI - CI07.3: className -> CollapsedStatusBarFragment | functionName -> updateHermsDataType | value -> Update Herms Data Type :: connection status --> 1
01-01 00:19:30.373  1392  1392 W SYSTEM_UI - CI07.3: className -> CollapsedStatusBarFragment | functionName -> updateHermsDataType | value -> Update Herms Data Type :: data Transfer --> false
01-01 00:19:30.373  1392  1392 W SYSTEM_UI - CI07.3: className -> CollapsedStatusBarFragment | functionName -> updateHermsDataType | value -> Update Herms Data Type :: wifiConnectionStatus --> false
01-01 00:19:30.373  1392  1392 W SYSTEM_UI - CI07.3: className -> CollapsedStatusBarFragment | functionName -> updateHermsDataType | value -> path 2
01-01 00:19:30.373  1392  1392 W SYSTEM_UI - CI07.3: className -> CollapsedStatusBarFragment | functionName -> updateHermsDataType | value -> path 3
01-01 00:19:30.373  1151  1317 D WifiConfiguration: configKey: false
01-01 00:19:30.373  1151  1317 D WifiConfiguration: configKey: false
01-01 00:19:30.376  1508  1601 W QCNEJ   : |CORE| notifyWifiStatusChanged failed
01-01 00:19:30.376  1508  1601 W QCNEJ   : |CORE| notifyRatConnectionStatusChanged failed
01-01 00:19:30.376  1392  1392 W SYSTEM_UI: SWR_SYSTEM_UI_008|FUN=CollapsedStatusBarFragment::AndroidEventReceiver | getAction |1|Broadcast action:android.net.wifi.STATE_CHANGE received
01-01 00:19:30.376  1392  1392 W SYSTEM_UI - CI07.3: className -> CollapsedStatusBarFragment | functionName -> AndroidEventReceiver | onReceive -->  | value -> Wifi connection status--> false
01-01 00:19:30.377  1392  1392 W SYSTEM_UI: SWR_SYSTEM_UI_008|FUN=CollapsedStatusBarFragment::isConnected |1|Wifi connection status--> false
01-01 00:19:30.379  2145  2145 D HMI_SERVICE: USE_CASE_NA|FUN=HmiApplication| [action] android.net.wifi.STATE_CHANGE
01-01 00:19:30.377  1392  1392 W SYSTEM_UI - CI07.3: className -> CollapsedStatusBarFragment | functionName -> updateHermsDataType | value -> Update Herms Data Type :: networkType --> 0
01-01 00:19:30.379  1392  1392 W SYSTEM_UI - CI07.3: className -> CollapsedStatusBarFragment | functionName -> updateHermsDataType | value -> Update Herms Data Type :: isWebsiteSecure --> false
01-01 00:19:30.379  1392  1392 W SYSTEM_UI - CI07.3: className -> CollapsedStatusBarFragment | functionName -> updateHermsDataType | value -> Update Herms Data Type :: connection status --> 1
01-01 00:19:30.380  1392  1392 W SYSTEM_UI - CI07.3: className -> CollapsedStatusBarFragment | functionName -> updateHermsDataType | value -> Update Herms Data Type :: data Transfer --> false
01-01 00:19:30.380  1392  1392 W SYSTEM_UI - CI07.3: className -> CollapsedStatusBarFragment | functionName -> updateHermsDataType | value -> Update Herms Data Type :: wifiConnectionStatus --> false
01-01 00:19:30.380  1392  1392 W SYSTEM_UI - CI07.3: className -> CollapsedStatusBarFragment | functionName -> updateHermsDataType | value -> path 2
01-01 00:19:30.339   808   808 I wificond: Enters wifigbk_ageOutHistory
01-01 00:19:30.380  1151  1317 D ConnectivityService: registerNetworkAgent NetworkAgentInfo{ ni{[type: WIFI[], state: CONNECTING/CONNECTING, reason: (unspecified), extra: "RSE_Test", failover: false, available: true, roaming: false]}  network{195}  nethandle{837535058654}  lp{{LinkAddresses: []  Routes: [] DnsAddresses: [] Domains: null MTU: 0}}  nc{[ Transports: WIFI Capabilities: NOT_METERED&INTERNET&NOT_RESTRICTED&TRUSTED&NOT_VPN LinkUpBandwidth>=1048576Kbps LinkDnBandwidth>=1048576Kbps]}  Score{20}  everValidated{false}  lastValidated{false}  created{false} lingering{false} explicitlySelected{false} acceptUnvalidated{false} everCaptivePortalDetected{false} lastCaptivePortalDetected{false} clat{null} }
01-01 00:19:30.380  1392  1392 W SYSTEM_UI - CI07.3: className -> CollapsedStatusBarFragment | functionName -> updateHermsDataType | value -> path 3
01-01 00:19:30.380  1151  1325 D ConnectivityService: NetworkAgentInfo [WIFI () - 195] EVENT_NETWORK_INFO_CHANGED, going from null to CONNECTING
01-01 00:19:30.383  2145  2145 D HMI_SERVICE: USE_CASE_NA|FUN=HmiApplication| [action] android.net.wifi.STATE_CHANGE
01-01 00:19:30.383  1392  1392 W SYSTEM_UI: SWR_SYSTEM_UI_008|FUN=CollapsedStatusBarFragment::AndroidEventReceiver | getAction |1|Broadcast action:android.net.wifi.STATE_CHANGE received
01-01 00:19:30.383  1392  1392 W SYSTEM_UI - CI07.3: className -> CollapsedStatusBarFragment | functionName -> AndroidEventReceiver | onReceive -->  | value -> Wifi connection status--> false
01-01 00:19:30.383  1392  1392 W SYSTEM_UI: SWR_SYSTEM_UI_008|FUN=CollapsedStatusBarFragment::isConnected |1|Wifi connection status--> false
01-01 00:19:30.384  1392  1392 W SYSTEM_UI - CI07.3: className -> CollapsedStatusBarFragment | functionName -> updateHermsDataType | value -> Update Herms Data Type :: networkType --> 0
01-01 00:19:30.384  1392  1392 W SYSTEM_UI - CI07.3: className -> CollapsedStatusBarFragment | functionName -> updateHermsDataType | value -> Update Herms Data Type :: isWebsiteSecure --> false
01-01 00:19:30.384  1392  1392 W SYSTEM_UI - CI07.3: className -> CollapsedStatusBarFragment | functionName -> updateHermsDataType | value -> Update Herms Data Type :: connection status --> 1
01-01 00:19:30.384  1392  1392 W SYSTEM_UI - CI07.3: className -> CollapsedStatusBarFragment | functionName -> updateHermsDataType | value -> Update Herms Data Type :: data Transfer --> false
01-01 00:19:30.384  1392  1392 W SYSTEM_UI - CI07.3: className -> CollapsedStatusBarFragment | functionName -> updateHermsDataType | value -> Update Herms Data Type :: wifiConnectionStatus --> false
01-01 00:19:30.384  1392  1392 W SYSTEM_UI - CI07.3: className -> CollapsedStatusBarFragment | functionName -> updateHermsDataType | value -> path 2
01-01 00:19:30.384  1392  1392 W SYSTEM_UI - CI07.3: className -> CollapsedStatusBarFragment | functionName -> updateHermsDataType | value -> path 3
01-01 00:19:30.384  1508  1601 W QCNEJ   : |CORE| notifyWifiStatusChanged failed
01-01 00:19:30.384  1508  1601 W QCNEJ   : |CORE| notifyRatConnectionStatusChanged failed
01-01 00:19:30.387  1151  1317 E SupplicantStaIfaceHal: ISupplicantStaIface.setBtCoexistenceMode failed: FAILURE_UNKNOWN, 
01-01 00:19:30.388   625   625 D WifiHAL : Getting APF capabilities, halHandle = 0x7f734319a0
01-01 00:19:30.388   625   625 I WifiHAL : 
01-01 00:19:30.388   625   625 I WifiHAL : createRequest: APF get capabilities request
01-01 00:19:30.388   625   625 I WifiHAL : Request Response failed for APF, result = -95
01-01 00:19:30.388  1151  1317 E WifiVendorHal: getApfCapabilities(l.1623) failed {.code = ERROR_UNKNOWN, .description = errno: -95 (Unknown error -95)}
01-01 00:19:30.396  1151  1317 E WifiVendorHal: configureNeighborDiscoveryOffload(l.2366) failed {.code = ERROR_UNKNOWN, .description = errno: -95 (Unknown error -95)}
01-01 00:19:30.398  2145  2145 D HMI_SERVICE: USE_CASE_NA|FUN=HmiApplication| [action] android.net.wifi.supplicant.STATE_CHANGE
01-01 00:19:30.400  1151  2234 I WifiService: getConfiguredNetworks uid=1000
01-01 00:19:30.404  1151  2229 I WifiService: getConfiguredNetworks uid=1000
01-01 00:19:30.495  1151  8188 D DhcpClient: Receive thread started
01-01 00:19:30.568  1151  1317 E SupplicantStaIfaceHal: ISupplicantStaIface.setBtCoexistenceMode failed: FAILURE_UNKNOWN, 
01-01 00:19:30.575  1151  8186 D DhcpClient: Broadcasting DHCPDISCOVER
01-01 00:19:30.586  1151  8188 D DhcpClient: Received packet: 00:9d:6b:17:da:19 OFFER, ip /192.168.0.61, mask /255.255.255.0, DNS servers: /8.8.8.8 , gateways [/192.168.0.1] lease time 691200, domain null
01-01 00:19:30.586  1151  8186 D DhcpClient: server address: 192.168.0.1 client address: 192.168.0.61/24 iface: wlan0 rapid commit: false
01-01 00:19:30.586  1151  8186 D DhcpClient: Got pending lease: IP address 192.168.0.61/24 Gateway 192.168.0.1  DNS servers: [ 8.8.8.8 ] Domains  DHCP server /192.168.0.1 Vendor info null lease 691200 seconds
01-01 00:19:30.587  1151  8186 D DhcpClient: Broadcasting DHCPREQUEST ciaddr=0.0.0.0 request=192.168.0.61 serverid=192.168.0.1
01-01 00:19:30.596  2054  2054 E         : 
01-01 00:19:30.596  2054  2054 E         : Buffer Size = 1048576
01-01 00:19:30.605  1151  8188 D DhcpClient: Received packet: 00:9d:6b:17:da:19 ACK: your new IP /192.168.0.61, netmask /255.255.255.0, gateways [/192.168.0.1] DNS servers: /8.8.8.8 , lease time 691200
01-01 00:19:30.605  1151  8186 D DhcpClient: Confirmed lease: IP address 192.168.0.61/24 Gateway 192.168.0.1  DNS servers: [ 8.8.8.8 ] Domains  DHCP server /192.168.0.1 Vendor info null lease 691200 seconds
01-01 00:19:30.608   561   604 D CommandListener: Setting iface cfg
01-01 00:19:30.612  1151  1317 E SupplicantStaIfaceHal: ISupplicantStaIface.setBtCoexistenceMode failed: FAILURE_UNKNOWN, 
01-01 00:19:30.618   729   748 I sssv-lib: sendMsg enter
01-01 00:19:30.618   729   748 I sssv-lib: sendMsg complete.
01-01 00:19:30.618  2145  2145 D HMI_SERVICE: USE_CASE_NA|FUN=HmiApplication| [action] android.net.wifi.STATE_CHANGE
01-01 00:19:30.618  1392  1392 W SYSTEM_UI: SWR_SYSTEM_UI_008|FUN=CollapsedStatusBarFragment::AndroidEventReceiver | getAction |1|Broadcast action:android.net.wifi.STATE_CHANGE received
01-01 00:19:30.619  1392  1392 W SYSTEM_UI - CI07.3: className -> CollapsedStatusBarFragment | functionName -> AndroidEventReceiver | onReceive -->  | value -> Wifi connection status--> false
01-01 00:19:30.619  1392  1392 W SYSTEM_UI: SWR_SYSTEM_UI_008|FUN=CollapsedStatusBarFragment::isConnected |1|Wifi connection status--> false
01-01 00:19:30.619  1392  1392 W SYSTEM_UI - CI07.3: className -> CollapsedStatusBarFragment | functionName -> updateHermsDataType | value -> Update Herms Data Type :: networkType --> 0
01-01 00:19:30.619  1392  1392 W SYSTEM_UI - CI07.3: className -> CollapsedStatusBarFragment | functionName -> updateHermsDataType | value -> Update Herms Data Type :: isWebsiteSecure --> false
01-01 00:19:30.619  1392  1392 W SYSTEM_UI - CI07.3: className -> CollapsedStatusBarFragment | functionName -> updateHermsDataType | value -> Update Herms Data Type :: connection status --> 1
01-01 00:19:30.619  1392  1392 W SYSTEM_UI - CI07.3: className -> CollapsedStatusBarFragment | functionName -> updateHermsDataType | value -> Update Herms Data Type :: data Transfer --> false
01-01 00:19:30.619  1392  1392 W SYSTEM_UI - CI07.3: className -> CollapsedStatusBarFragment | functionName -> updateHermsDataType | value -> Update Herms Data Type :: wifiConnectionStatus --> false
01-01 00:19:30.619  1392  1392 W SYSTEM_UI - CI07.3: className -> CollapsedStatusBarFragment | functionName -> updateHermsDataType | value -> path 2
01-01 00:19:30.619  1392  1392 W SYSTEM_UI - CI07.3: className -> CollapsedStatusBarFragment | functionName -> updateHermsDataType | value -> path 3
01-01 00:19:30.620  1508  1601 W QCNEJ   : |CORE| notifyWifiStatusChanged failed
01-01 00:19:30.620  1508  1601 W QCNEJ   : |CORE| notifyRatConnectionStatusChanged failed
01-01 00:19:30.621  1151  1167 I WifiService: getConfiguredNetworks uid=1000
01-01 00:19:30.624  2054  2054 E         : 
01-01 00:19:30.624  2054  2054 E         : <6>[  831.929932] QSEECOM: scm_call_qcpe:503 : OUT: 0x0, 0x0, 0x0, 0x0
01-01 00:19:30.624  2054  2054 E         : <6>[  831.948204] QSEECOM: scm_call_qcpe:429 : IN: 0x42000d0a, 0x3, 0x0, 0x45b1, 0x898, 0x0, 0x0
01-01 00:19:30.624  2054  2054 E         : <6>[  831.950659] QSEECOM: scm_call_qcpe:503 : OUT: 0x0, 0x0, 0x0, 0x0
01-01 00:19:30.624  2054  2054 E         : <6>[  832.027109] CFG80211-ERROR) wl_run_escan :  LEGACY E-SCAN START
01-01 00:19:30.624  2054  2054 E         : <6>[  832.054381] CFG80211-ERROR) wl_run_escan : LEGACY_SCAN sync ID: 4660, bssidx: 0
01-01 00:19:30.624  2054  2054 E         : <6>[  832.115605] QSEECOM: scm_call_qcpe:429 : IN: 0x42000d07, 0x0, 0x0, 0x0, 0x0, 0x0, 0x0
01-01 00:19:30.624  2054  2054 E         : <6>[  832.117656] QSEECOM: scm_call_qcpe:503 : OUT: 0x0, 0x0, 0x0, 0x0
01-01 00:19:30.624  2054  2054 E         : <6>[  832.140696] QSEECOM: scm_call_qcpe:429 : IN: 0x4200010a, 0x2, 0x0, 0xd, 0x0, 0x0, 0x0
01-01 00:19:30.624  2054  2054 E         : <6>[  832.142259] QSEECOM: scm_call_qcpe:503 : OUT: 0x0, 0x0, 0x0, 0x0
01-01 00:19:30.624  2054  2054 E         : <6>[  832.173485] QSEECOM: scm_call_qcpe:429 : IN: 0x42000d0a, 0x3, 0x0, 0x7884, 0xde6, 0x0, 0x0
01-01 00:19:30.624  2054  2054 E         : <6>[  832.175778] QSEECOM: scm_call_qcpe:503 : OUT: 0x0, 0x0, 0x0, 0x0
01-01 00:19:30.624  2054  2054 E         : <6>[  832.207759] QSEECOM: scm_call_qcpe:429 : IN: 0x42000d0a, 0x3, 0x0, 0x85eb, 0x74e, 0x0, 0x0
01-01 00:19:30.624  2054  2054 E         : <6>[  832.210660] QSEECOM: scm_call_
01-01 00:19:30.629  2054  2054 E         : USB Hub Detector 1.0
01-01 00:19:30.630  1151  1317 D WifiConfiguration: configKey: false
01-01 00:19:30.630  1151  1317 D WifiStateMachine: WifiStateMachine: handleSuccessfulIpConfiguration and no scan results"RSE_Test"WPA_PSK
01-01 00:19:30.631  1151  1325 D ConnectivityService: NetworkAgentInfo [WIFI () - 195] EVENT_NETWORK_INFO_CHANGED, going from CONNECTING to CONNECTED
01-01 00:19:30.633  1151  8186 D DhcpClient: Scheduling renewal in 345599s
01-01 00:19:30.633  1151  8186 D DhcpClient: Scheduling rebind in 604799s
01-01 00:19:30.633  1151  8186 D DhcpClient: Scheduling expiry in 691199s
01-01 00:19:30.634  1151  1325 D ConnectivityService: Adding iface wlan0 to network 195
01-01 00:19:30.638  2145  2145 D HMI_SERVICE: USE_CASE_NA|FUN=HmiApplication| [action] android.net.wifi.RSSI_CHANGED
01-01 00:19:30.639  1508  1601 W QCNEJ   : |CORE| notifyWifiStatusChanged failed
01-01 00:19:30.642  1392  1392 W SYSTEM_UI: SWR_SYSTEM_UI_008|FUN=CollapsedStatusBarFragment::AndroidEventReceiver | getAction |1|Broadcast action:android.net.wifi.STATE_CHANGE received
01-01 00:19:30.643  1392  1392 W SYSTEM_UI - CI07.3: className -> CollapsedStatusBarFragment | functionName -> AndroidEventReceiver | onReceive -->  | value -> Wifi connection status--> true
01-01 00:19:30.643  1392  1392 W SYSTEM_UI: SWR_SYSTEM_UI_008|FUN=CollapsedStatusBarFragment::isConnected |1|Wifi connection status--> true
01-01 00:19:30.643  1392  1392 W SYSTEM_UI - CI07.3: className -> CollapsedStatusBarFragment | functionName -> updateHermsDataType | value -> Update Herms Data Type :: networkType --> 0
01-01 00:19:30.643  1392  1392 W SYSTEM_UI - CI07.3: className -> CollapsedStatusBarFragment | functionName -> updateHermsDataType | value -> Update Herms Data Type :: isWebsiteSecure --> false
01-01 00:19:30.643  1392  1392 W SYSTEM_UI - CI07.3: className -> CollapsedStatusBarFragment | functionName -> updateHermsDataType | value -> Update Herms Data Type :: connection status --> 1
01-01 00:19:30.643  1392  1392 W SYSTEM_UI - CI07.3: className -> CollapsedStatusBarFragment | functionName -> updateHermsDataType | value -> Update Herms Data Type :: data Transfer --> false
01-01 00:19:30.643  1392  1392 W SYSTEM_UI - CI07.3: className -> CollapsedStatusBarFragment | functionName -> updateHermsDataType | value -> Update Herms Data Type :: wifiConnectionStatus --> true
01-01 00:19:30.643  1392  1392 W SYSTEM_UI - CI07.3: className -> CollapsedStatusBarFragment | functionName -> updateHermsDataType | value -> path 1
01-01 00:19:30.643  1392  1392 D PhoneStatusBarView: status_line: onPanelCollapsed
01-01 00:19:30.645  2145  2145 D HMI_SERVICE: USE_CASE_NA|FUN=HmiApplication| [action] android.net.wifi.STATE_CHANGE
01-01 00:19:30.645  2145  2145 D HmiApplication: DetailedState:Connected
01-01 00:19:30.645  2145  2145 D HMI_SERVICE: USE_CASE_NA|FUN=HmiApplication| hasInternetConnection init 
01-01 00:19:30.645  1151  2234 I WifiService: getWifiEnabledState uid=1000
01-01 00:19:30.647  1508  1601 W QCNEJ   : |CORE| notifyWifiStatusChanged failed
01-01 00:19:30.647  1508  1601 W QCNEJ   : |CORE| notifyRatConnectionStatusChanged failed
01-01 00:19:30.648  1151  1317 D WifiConfiguration: configKey: false
01-01 00:19:30.650  1151  2234 I WifiService: getConfiguredNetworks uid=1000
01-01 00:19:30.655  2145  2145 E Internet Available: hasInternetConnection_
01-01 00:19:30.655  2145  2145 E Internet Available: Internet Available2
01-01 00:19:30.655  2145  2145 W HMI_SERVICE: USE_CASE_NA|FUN=HmiApplication:: executeLinuxCmdConnectionB2C : |0| [command] 3
