01-01 00:06:04.156  2677  2725 W ANDR_PERSISTENCY_CLIENT: SWR_PERSISTENCE_HV_LA_MF_0005|FUN=TCPHandler:: intToBytes |2| data 31
01-01 00:06:04.156  2677  2725 W ANDR_PERSISTENCY_CLIENT: SWR_PERSISTENCE_HV_LA_MF_0005|FUN=TCPHandler:: getUID |2|msg:uid=7
01-01 00:06:04.156  2677  2725 W ANDR_PERSISTENCY_CLIENT: SWR_PERSISTENCE_HV_LA_MF_0005|FUN=TCPHandler::start|2|msg:sender::msg=[0, 0, 0, 31, 1, 7, 5, 4, 48, 120, 48, 48, 0, 0, 0, 19, 99, 97, 116, 32, 47, 112, 114, 111, 99, 47, 100, 105, 115, 107, 115, 116, 97, 116, 115]
01-01 00:06:04.156  2677  2725 W ANDR_PERSISTENCY_CLIENT: SWR_PERSISTENCE_HV_LA_MF_0005|FUN=TCPHandler:: sender : Thread.interrupted() |2|msg:condition 
01-01 00:06:04.158  1519  1519 I HomeScreen|HMI_Common.Fragments.MainOverlay.HomeScreenFragment: MBUX App Method: SetAppropriateImageResources |Line No: 921 |Log Type: Information |Message: SetAppropriateImageResources _receivedItems: RSEBrowserApps browserstate: True
01-01 00:06:04.159  1519  1519 I HomeScreen|HMI_Common.Fragments.MainOverlay.HomeScreenFragment: MBUX App Method: OnCreateView |Line No: 95 |Log Type: Critical |Message: HomeScreenFragment OnCreateView Called for item : RSEBrowserApps
01-01 00:06:04.161  1519  1519 I HomeScreen|HMI_Common.Fragments.MainOverlay.HomeScreenFragment: MBUX App Method: OnCreateView |Line No: 250 |Log Type: Information |Message: HomeScreenFragment OnCreateView finished for item : RSEBrowserApps
01-01 00:06:04.162  1519  1519 I HomeScreen|HMI_Common.Fragments.MainOverlay.HomeScreenFragment: MBUX App Method: OnViewCreated |Line No: 532 |Log Type: Information |Message: HomeScreenFragment OnViewCreated called for item : RSEBrowserApps
01-01 00:06:04.166  2677  2726 W ANDR_PERSISTENCY_CLIENT: SWR_PERSISTENCE_HV_LA_MF_0005|FUN=TCPHandler::start|2|msg:receiver::run: size of totalLength 4
01-01 00:06:04.166  2677  2726 W ANDR_PERSISTENCY_CLIENT: SWR_PERSISTENCE_HV_LA_MF_0005|FUN=TCPHandler::start|2|msg:receiver::run: totalLength is > 0
01-01 00:06:04.166  2677  2726 W ANDR_PERSISTENCY_CLIENT: SWR_PERSISTENCE_HV_LA_MF_0005|FUN=TCPHandler::start|2|msg:receiver::response length= 3836
01-01 00:06:04.167  2677  2726 W ANDR_PERSISTENCY_CLIENT: SWR_PERSISTENCE_HV_LA_MF_0005|FUN=TCPHandler::handleInBoundData|2|message=[0, 7, 5, 0, 0, 0, 14, -12, 32, 50, 53, 51, 32, 32, 32, 32, 32, 32, 32, 48, 32, 122, 114, 97, 109, 48, 32, 48, 32, 48, 32, 48, 32, 48, 32, 48, 32, 48, 32, 48, 32, 48, 32, 48, 32, 48, 32, 48, 10, 32, 50, 53, 51, 32, 32, 32, 32, 32, 32, 32, 49, 32, 122, 114, 97, 109, 49, 32, 48, 32, 48, 32, 48, 32, 48, 32, 48, 32, 48, 32, 48, 32, 48, 32, 48, 32, 48, 32, 48, 10, 32, 50, 53, 51, 32, 32, 32, 32, 32, 32, 32, 50, 32, 122, 114, 97, 109, 50, 32, 48, 32, 48, 32, 48, 32, 48, 32, 48, 32, 48, 32, 48, 32, 48, 32, 48, 32, 48, 32, 48, 10, 32, 50, 53, 51, 32, 32, 32, 32, 32, 32, 32, 51, 32, 122, 114, 97, 109, 51, 32, 48, 32, 48, 32, 48, 32, 48, 32, 48, 32, 48, 32, 48, 32, 48, 32, 48, 32, 48, 32, 48, 10, 32, 49, 55, 57, 32, 32, 32, 32, 32, 32, 32, 48, 32, 109, 109, 99, 98, 108, 107, 48, 32, 49, 52, 53, 49, 57, 32, 50, 55, 54, 32, 51, 52, 56, 50, 57, 55, 57, 32, 50, 50, 56, 52, 56, 32, 49, 48, 57, 49, 48, 32, 49, 52, 56, 50, 52, 57, 32, 51, 55, 49, 51, 57, 48, 32, 49, 56, 52, 48, 56, 32, 48, 32, 50, 50, 49, 56, 52, 32, 52, 49, 50, 49, 50, 10, 32, 49, 55, 57, 32, 32, 32, 32, 32, 32, 32, 49, 32, 109, 109, 99, 98, 108, 107, 48, 112, 49, 32, 49, 32, 48, 32, 49, 54, 32, 48, 32, 48, 32, 48, 32, 48, 32, 48, 32, 48, 32, 48, 32, 48, 10, 32, 49, 55, 57, 32, 32, 32, 32, 32, 32, 32, 50, 32, 109, 109, 99, 98, 108, 107, 48, 112, 50, 32, 57, 32, 48, 32, 52, 54, 52, 32, 52, 32, 48, 32, 48, 32, 48, 32, 48, 32, 48, 32, 52, 32, 52, 10, 32, 49, 55, 57, 32, 32, 32, 32, 32, 32, 32, 51, 32, 109, 109, 99, 98, 108, 107, 48, 112, 51, 32, 57, 32, 48, 32, 52, 54, 52, 32, 52, 32, 48, 32, 48, 32, 48, 32, 48, 32, 48, 32, 52, 32, 52, 10, 32, 49, 55, 57, 32, 32, 32, 32, 32, 32, 32, 52, 32, 109, 109, 99, 98, 108, 107, 48, 112, 52, 32, 50, 51, 32, 48, 32, 51, 56, 48, 56, 32, 54, 56, 32, 48, 32, 48, 32, 48, 32, 48, 32, 48, 32, 53, 54, 32, 54, 56, 10, 32, 49, 55, 57, 32, 32, 32, 32, 32, 32, 32, 53, 32, 109, 109, 99, 98, 108, 107, 48, 112, 53, 32, 49, 54, 32, 48, 32, 53, 55, 54, 32, 53, 50, 32, 51, 32, 48, 32, 50, 52, 32, 48, 32, 48, 32, 53, 50, 32, 53, 50, 10, 32, 49, 55, 57, 32, 32, 32, 32, 32, 32, 32, 54, 32, 109, 109, 99, 98, 108, 107, 48, 112, 54, 32, 49, 51, 32, 48, 32, 52, 57, 54, 32, 52, 32, 54, 32, 48, 32, 52, 56, 32, 52, 32, 48, 32, 56, 32, 56, 10, 32, 49, 55, 57, 32, 32, 32, 32, 32, 32, 32, 55, 32, 109, 109, 99, 98, 108, 107, 48, 112, 55, 32, 49, 54, 32, 48, 32, 49, 50, 56, 32, 48, 32, 48, 32, 48, 32, 48, 32, 48, 32, 48, 32, 48, 32, 48, 10, 32, 49, 55, 57, 32, 32, 32, 32, 32, 32, 32, 56, 32, 109, 109, 99, 98, 108, 107, 48, 112, 56, 32, 49, 48, 32, 48, 32, 52, 55, 50, 32, 52, 32, 48, 32, 48, 32, 48, 32, 48, 32, 48, 32, 52, 32, 52, 10, 32, 49, 55, 57, 32, 32, 32, 32, 32, 32, 32, 57, 32, 109, 109, 99, 98, 108, 107, 48, 112, 57, 32, 55, 53, 32, 48, 32, 56, 53, 56, 32, 49, 50, 32, 48, 32, 48, 32, 48, 32, 48, 32, 48, 32, 49, 50, 32, 49, 50, 10, 32, 49, 55, 57, 32, 32, 32, 32, 32, 32, 49, 48, 32, 109, 109, 99, 98, 108, 107, 48, 112, 49, 48, 32, 49, 48, 32, 48, 32, 52, 55, 50, 32, 48, 32, 48, 32, 48, 32, 48, 32, 48, 32, 48, 32, 48, 32, 48, 10, 32, 49, 55, 57, 32, 32, 32, 32, 32, 32, 49, 49, 32, 109, 109, 99, 98, 108, 107, 48, 112, 49, 49, 32, 49, 32, 48, 32, 56, 32, 48, 32, 48, 32, 48, 32, 48, 32, 48, 32, 48, 32, 48, 32, 48, 10, 32, 49, 55, 57, 32, 32, 32, 32, 32, 32, 49, 50, 32, 109, 109, 99, 98, 108, 107, 48, 112, 49, 50, 32, 51, 48, 32, 48, 32, 50, 52, 48, 32, 52, 32, 48, 32, 48, 32, 48, 32, 48, 32, 48, 32, 52, 32, 52, 10, 32, 49, 55, 57, 32, 32, 32, 32, 32, 32, 49, 51, 32, 109, 109, 99, 98, 108, 107, 48, 112, 49, 51, 32, 51, 48, 32, 48, 32, 50, 52, 48, 32, 56, 32, 48, 32, 48, 32, 48, 32, 48, 32, 48, 32, 56, 32, 56, 10, 32, 49, 55, 57, 32, 32, 32, 32, 32, 32, 49, 52, 32, 109, 109, 99, 98, 108, 107, 48, 112, 49, 52, 32, 51, 48, 32, 48, 32, 50, 52, 48, 32, 52, 32, 48, 32, 48, 32, 48, 32, 48, 32, 48, 32, 52, 32, 52, 10, 32, 49, 55, 57, 32, 32, 32, 32, 32, 32, 49, 53, 32, 109, 109, 99, 98, 108, 107, 48, 112, 49, 53, 32, 51, 48, 32, 48, 32, 50, 52, 4
01-01 00:06:04.168  2677  2726 W ANDR_PERSISTENCY_CLIENT: SWR_PERSISTENCE_HV_LA_MF_0005|FUN=TCPHandler::handleInBoundData|2|msg:response listKey=7_5
01-01 00:06:04.168  2677  2726 W ANDR_PERSISTENCY_CLIENT: SWR_PERSISTENCE_HV_LA_MF_0005|FUN=TCPHandler::handleInBoundData|2|msg:TCPHandler.handleInBoundData success response=0
01-01 00:06:04.168  2677  2726 W ANDR_PERSISTENCY_CLIENT: SWR_PERSISTENCE_HV_LA_MF_0005|FUN=TCPHandler::handleInBoundData|2|msg: containsKey ListKey
01-01 00:06:04.168  2677  2726 W ANDR_PERSISTENCY_CLIENT: SWR_PERSISTENCE_HV_LA_MF_0005|FUN=TCPHandler::sendResponseToSettings|2|message=[0, 7, 5, 0, 0, 0, 14, -12, 32, 50, 53, 51, 32, 32, 32, 32, 32, 32, 32, 48, 32, 122, 114, 97, 109, 48, 32, 48, 32, 48, 32, 48, 32, 48, 32, 48, 32, 48, 32, 48, 32, 48, 32, 48, 32, 48, 32, 48, 10, 32, 50, 53, 51, 32, 32, 32, 32, 32, 32, 32, 49, 32, 122, 114, 97, 109, 49, 32, 48, 32, 48, 32, 48, 32, 48, 32, 48, 32, 48, 32, 48, 32, 48, 32, 48, 32, 48, 32, 48, 10, 32, 50, 53, 51, 32, 32, 32, 32, 32, 32, 32, 50, 32, 122, 114, 97, 109, 50, 32, 48, 32, 48, 32, 48, 32, 48, 32, 48, 32, 48, 32, 48, 32, 48, 32, 48, 32, 48, 32, 48, 10, 32, 50, 53, 51, 32, 32, 32, 32, 32, 32, 32, 51, 32, 122, 114, 97, 109, 51, 32, 48, 32, 48, 32, 48, 32, 48, 32, 48, 32, 48, 32, 48, 32, 48, 32, 48, 32, 48, 32, 48, 10, 32, 49, 55, 57, 32, 32, 32, 32, 32, 32, 32, 48, 32, 109, 109, 99, 98, 108, 107, 48, 32, 49, 52, 53, 49, 57, 32, 50, 55, 54, 32, 51, 52, 56, 50, 57, 55, 57, 32, 50, 50, 56, 52, 56, 32, 49, 48, 57, 49, 48, 32, 49, 52, 56, 50, 52, 57, 32, 51, 55, 49, 51, 57, 48, 32, 49, 56, 52, 48, 56, 32, 48, 32, 50, 50, 49, 56, 52, 32, 52, 49, 50, 49, 50, 10, 32, 49, 55, 57, 32, 32, 32, 32, 32, 32, 32, 49, 32, 109, 109, 99, 98, 108, 107, 48, 112, 49, 32, 49, 32, 48, 32, 49, 54, 32, 48, 32, 48, 32, 48, 32, 48, 32, 48, 32, 48, 32, 48, 32, 48, 10, 32, 49, 55, 57, 32, 32, 32, 32, 32, 32, 32, 50, 32, 109, 109, 99, 98, 108, 107, 48, 112, 50, 32, 57, 32, 48, 32, 52, 54, 52, 32, 52, 32, 48, 32, 48, 32, 48, 32, 48, 32, 48, 32, 52, 32, 52, 10, 32, 49, 55, 57, 32, 32, 32, 32, 32, 32, 32, 51, 32, 109, 109, 99, 98, 108, 107, 48, 112, 51, 32, 57, 32, 48, 32, 52, 54, 52, 32, 52, 32, 48, 32, 48, 32, 48, 32, 48, 32, 48, 32, 52, 32, 52, 10, 32, 49, 55, 57, 32, 32, 32, 32, 32, 32, 32, 52, 32, 109, 109, 99, 98, 108, 107, 48, 112, 52, 32, 50, 51, 32, 48, 32, 51, 56, 48, 56, 32, 54, 56, 32, 48, 32, 48, 32, 48, 32, 48, 32, 48, 32, 53, 54, 32, 54, 56, 10, 32, 49, 55, 57, 32, 32, 32, 32, 32, 32, 32, 53, 32, 109, 109, 99, 98, 108, 107, 48, 112, 53, 32, 49, 54, 32, 48, 32, 53, 55, 54, 32, 53, 50, 32, 51, 32, 48, 32, 50, 52, 32, 48, 32, 48, 32, 53, 50, 32, 53, 50, 10, 32, 49, 55, 57, 32, 32, 32, 32, 32, 32, 32, 54, 32, 109, 109, 99, 98, 108, 107, 48, 112, 54, 32, 49, 51, 32, 48, 32, 52, 57, 54, 32, 52, 32, 54, 32, 48, 32, 52, 56, 32, 52, 32, 48, 32, 56, 32, 56, 10, 32, 49, 55, 57, 32, 32, 32, 32, 32, 32, 32, 55, 32, 109, 109, 99, 98, 108, 107, 48, 112, 55, 32, 49, 54, 32, 48, 32, 49, 50, 56, 32, 48, 32, 48, 32, 48, 32, 48, 32, 48, 32, 48, 32, 48, 32, 48, 10, 32, 49, 55, 57, 32, 32, 32, 32, 32, 32, 32, 56, 32, 109, 109, 99, 98, 108, 107, 48, 112, 56, 32, 49, 48, 32, 48, 32, 52, 55, 50, 32, 52, 32, 48, 32, 48, 32, 48, 32, 48, 32, 48, 32, 52, 32, 52, 10, 32, 49, 55, 57, 32, 32, 32, 32, 32, 32, 32, 57, 32, 109, 109, 99, 98, 108, 107, 48, 112, 57, 32, 55, 53, 32, 48, 32, 56, 53, 56, 32, 49, 50, 32, 48, 32, 48, 32, 48, 32, 48, 32, 48, 32, 49, 50, 32, 49, 50, 10, 32, 49, 55, 57, 32, 32, 32, 32, 32, 32, 49, 48, 32, 109, 109, 99, 98, 108, 107, 48, 112, 49, 48, 32, 49, 48, 32, 48, 32, 52, 55, 50, 32, 48, 32, 48, 32, 48, 32, 48, 32, 48, 32, 48, 32, 48, 32, 48, 10, 32, 49, 55, 57, 32, 32, 32, 32, 32, 32, 49, 49, 32, 109, 109, 99, 98, 108, 107, 48, 112, 49, 49, 32, 49, 32, 48, 32, 56, 32, 48, 32, 48, 32, 48, 32, 48, 32, 48, 32, 48, 32, 48, 32, 48, 10, 32, 49, 55, 57, 32, 32, 32, 32, 32, 32, 49, 50, 32, 109, 109, 99, 98, 108, 107, 48, 112, 49, 50, 32, 51, 48, 32, 48, 32, 50, 52, 48, 32, 52, 32, 48, 32, 48, 32, 48, 32, 48, 32, 48, 32, 52, 32, 52, 10, 32, 49, 55, 57, 32, 32, 32, 32, 32, 32, 49, 51, 32, 109, 109, 99, 98, 108, 107, 48, 112, 49, 51, 32, 51, 48, 32, 48, 32, 50, 52, 48, 32, 56, 32, 48, 32, 48, 32, 48, 32, 48, 32, 48, 32, 56, 32, 56, 10, 32, 49, 55, 57, 32, 32, 32, 32, 32, 32, 49, 52, 32, 109, 109, 99, 98, 108, 107, 48, 112, 49, 52, 32, 51, 48, 32, 48, 32, 50, 52, 48, 32, 52, 32, 48, 32, 48, 32, 48, 32, 48, 32, 48, 32, 52, 32, 52, 10, 32, 49, 55, 57, 32, 32, 32, 32, 32, 32, 49, 53, 32, 109, 109, 99, 98, 108, 107, 48, 112, 49, 53, 32, 51, 48, 32, 48, 32, 50, 
01-01 00:06:04.169  2677  2726 W ANDR_PERSISTENCY_CLIENT: SWR_PERSISTENCE_HV_LA_MF_0005|FUN=TCPHandler::sendResponseToSettings|2|;success=truelength 3836
01-01 00:06:04.169  2677  2726 W ANDR_PERSISTENCY_CLIENT: SWR_PERSISTENCE_HV_LA_MF_0005|FUN=TCPHandler::sendResponseToSettings|2| length>8
01-01 00:06:04.169  2677  2726 W ANDR_PERSISTENCY_CLIENT: SWR_PERSISTENCE_HV_LA_MF_0005|FUN=TCPHandler:: bytesToInt |2| data [B@9e0743b
01-01 00:06:04.169  2677  2726 W ANDR_PERSISTENCY_CLIENT: SWR_PERSISTENCE_HV_LA_MF_0005|FUN=TCPHandler::sendResponseToSettings|2| dataLength 3828
01-01 00:06:04.169  2677  2726 W ANDR_PERSISTENCY_CLIENT: SWR_PERSISTENCE_HV_LA_MF_0005|FUN=TCPHandler::sendResponseToSettings|2| dataLength > 0 
01-01 00:06:04.169  2677  2726 W ANDR_PERSISTENCY_CLIENT: SWR_PERSISTENCE_HV_LA_MF_0005|FUN=TCPHandler::sendResponseToSettings|2| dataLength [B@89da758
01-01 00:06:04.169  2677  2726 W ANDR_PERSISTENCY_CLIENT: SWR_PERSISTENCE_HV_LA_MF_0005|FUN=TCPHandler::sendResponseToSettings 2|2|msg:dataString= 253       0 zram0 0 0 0 0 0 0 0 0 0 0 0
01-01 00:06:04.169  2677  2726 W ANDR_PERSISTENCY_CLIENT:  253       1 zram1 0 0 0 0 0 0 0 0 0 0 0
01-01 00:06:04.169  2677  2726 W ANDR_PERSISTENCY_CLIENT:  253       2 zram2 0 0 0 0 0 0 0 0 0 0 0
01-01 00:06:04.169  2677  2726 W ANDR_PERSISTENCY_CLIENT:  253       3 zram3 0 0 0 0 0 0 0 0 0 0 0
01-01 00:06:04.169  2677  2726 W ANDR_PERSISTENCY_CLIENT:  179       0 mmcblk0 14519 276 3482979 22848 10910 148249 371390 18408 0 22184 41212
01-01 00:06:04.169  2677  2726 W ANDR_PERSISTENCY_CLIENT:  179       1 mmcblk0p1 1 0 16 0 0 0 0 0 0 0 0
01-01 00:06:04.169  2677  2726 W ANDR_PERSISTENCY_CLIENT:  179       2 mmcblk0p2 9 0 464 4 0 0 0 0 0 4 4
01-01 00:06:04.169  2677  2726 W ANDR_PERSISTENCY_CLIENT:  179       3 mmcblk0p3 9 0 464 4 0 0 0 0 0 4 4
01-01 00:06:04.169  2677  2726 W ANDR_PERSISTENCY_CLIENT:  179       4 mmcblk0p4 23 0 3808 68 0 0 0 0 0 56 68
01-01 00:06:04.169  2677  2726 W ANDR_PERSISTENCY_CLIENT:  179       5 mmcblk0p5 16 0 576 52 3 0 24 0 0 52 52
01-01 00:06:04.169  2677  2726 W ANDR_PERSISTENCY_CLIENT:  179       6 mmcblk0p6 13 0 496 4 6 0 48 4 0 8 8
01-01 00:06:04.169  2677  2726 W ANDR_PERSISTENCY_CLIENT:  179       7 mmcblk0p7 16 0 128 0 0 0 0 0 0 0 0
01-01 00:06:04.169  2677  2726 W ANDR_PERSISTENCY_CLIENT:  179       8 mmcblk0p8 10 0 472 4 0 0 0 0 0 4 4
01-01 00:06:04.169  2677  2726 W ANDR_PERSISTENCY_CLIENT:  179       9 mmcblk0p9 75 0 858 12 0 0 0 0 0 12 12
01-01 00:06:04.169  2677  2726 W ANDR_PERSISTENCY_CLIENT:  179      10 mmcblk0p10 10 0 472 0 0 0 0 0 0 0 0
01-01 00:06:04.169  2677  2726 W ANDR_PERSISTENCY_CLIENT:  179      11 mmcblk0p11 1 0 8 0 0 0 0 0 0 0 0
01-01 00:06:04.169  2677  2726 W ANDR_PERSISTENCY_CLIENT:  179      12 mmcblk0p12 30 0 240 4 0 0 0 0 0 4 4
01-01 00:06:04.169  2677  2726 W ANDR_PERSISTENCY_CLIENT:  179      13 mmcblk0p13 30 0 240 8 0 0 0 0 0 8 8
01-01 00:06:04.169  2677  2726 W ANDR_PERSISTENCY_CLIENT:  179      14 mmcblk0p14 30 0 240 4 0 0 0 0 0 4 4
01-01 00:06:04.169  2677  2726 W ANDR_PERSISTENCY_CLIENT:  179      15 mmcblk0p15 30 0 240 0 0 0 0 0 0 0 0
01-01 00:06:04.169  2677  2726 W ANDR_PERSISTENCY_CLIENT:  179      16 mmcblk0p16 20 0 160 4 0 0 0 0 0 4 4
01-01 00:06:04.169  2677  2726 W ANDR_PERSISTENCY_CLIENT:  179      17 mmcblk0p17 20 0 160 8 0 0 0 0 0 8 8
01-01 00:06:04.169  2677  2726 W ANDR_PERSISTENCY_CLIENT:  179      18 mmcblk0p18 20 0 160 8 0 0 0 0 0 8 8
01-01 00:06:04.169  2677  2726 W ANDR_PERSISTENCY_CLIENT:  179      19 mmcblk0p19 20 0 160 0 0 0 0 0 0 0 0
01-01 00:06:04.169  2677  2726 W ANDR_PERSISTENCY_CLIENT:  179      20 mmcblk0p20 20 0 160 0 0 0 0 0 0 0 0
01-01 00:06:04.169  2677  2726 W ANDR_PERSISTENCY_CLIENT:  179      21 mmcblk0p21 20 0 160 4 0 0 0 0 0 4 4
01-01 00:06:04.169  2677  2726 W ANDR_PERSISTENCY_CLIENT:  179      22 mmcblk0p22 9 0 464 0 0 0 0 0 0 0 0
01-01 00:06:04.169  2677  2726 W ANDR_PERSISTENCY_CLIENT:  179      23 mmcblk0p23 18 0 144 0 0 0 0 0 0 0 0
01-01 00:06:04.169  2677  2726 W ANDR_PERSISTENCY_CLIENT:  179      24 mmcblk0p24 18 0 144 4 0 0 0 0 0 4 4
01-01 00:06:04.169  2677  2726 W ANDR_PERSISTENCY_CLIENT:  179      25 mmcblk0p25 22 0 176 4 0 0 0 0 0 4 4
01-01 00:06:04.169  2677  2726 W ANDR_PERSISTENCY_CLIENT:  179      26 mmcblk0p26 22 0 176 0 0 0 0 0 0 0 0
01-01 00:06:04.169  2677  2726 W ANDR_PERSISTENCY_CLIENT:  179      27 mmcblk0p27 40 0 4128 32 0 0 0 0 0 24 32
01-01 00:06:04.169  2677  2726 W ANDR_PERSISTENCY_CLIENT:  179      28 mmcblk0p28 40 0 4128 64 0 0 0 0 0 40 64
01-01 00:06:04.169  2677  2726 W ANDR_PERSISTENCY_CLIENT:  179      29 mmcblk0p29 17 0 4008 40 0 0 0 0 0 24 40
01-01 00:06:04.169  2677  2726 W ANDR_PERSISTENCY_CLIENT:  179      30 mmcblk0p30 4965 3 1997096 9172 0 0 0 0 0 6920 9168
01-01 00:06:04.169  2677  2726 W ANDR_PERSISTENCY_CLIENT:  179      31 mmcblk0p31 17 0 4008 36 0 0 0 0 0 20 36
01-01 00:06:04.169  2677  2726 W ANDR_PERSISTENCY_CLIENT:  259       0 mmcblk0p32 1390 0 348344 1740 0 0 0 0 0 1504 1732
01-01 00:06:04.169  2677  2726 W ANDR_PERSISTENCY_CLIENT:  259       1 mmcblk0p33 20 0 160 28 0 0 0 0 0 28 28
01-01 00:06:04.169  2677  2726 W ANDR_PERSISTENCY_CLIENT:  259       2 mmcblk0p34 20 0 160 20 0 0 0 0 0 20 20
01-01 00:06:04.169  2677  2726 W ANDR_PERSISTENCY_CLIENT:  259       3 mmcblk0p35 18 0 144 16 0 0 0 0 0 16 16
01-01 00:06:04.169  2677  2726 W ANDR_PERSISTENCY_CLIENT:  259       4 mmcblk0p36 18 0 144 8 0 0 0 0 0 8 8
01-01 00:06:04.169  2677  2726 W ANDR_PERSISTENCY_CLIENT:  259       5 mmcblk0p37 20 0 160 0 0 0 0 0 0 0 0
01-01 00:06:04.169  2677  2726 W ANDR_PERSISTENCY_CLIENT:  259       6 mmcblk0p38 20 0 160 0 0 0 0 0 0 0 0
01-01 00:06:04.169  2677  2726 W ANDR_PERSISTENCY_CLIENT:  259       7 mmcblk0p39 17 0 4008 12 0 0 0 0 0 8 12
01-01 00:06:04.169  2677  2726 W ANDR_PERSISTENCY_CLIENT:  259       8 mmcblk0p40 188 0 151072 516 0 0 0 0 0 464 516
01-01 00:06:04.169  2677  2726 W ANDR_PERSISTENCY_CLIENT:  259       9 mmcblk0p41 11 0 2000 12 0 0 0 0 0 8 12
01-01 00:06:04.169  2677  2726 W ANDR_PERSISTENCY_CLIENT:  259      10 mmcblk0p42 25 0 5152 28 0 0 0 0 0 16 28
01-01 00:06:04.169  2677  2726 W ANDR_PERSISTENCY_CLIENT:  259      11 mmcblk0p43 22 0 176 8 0 0 0 0 0 8 8
01-01 00:06:04.169  2677  2726 W ANDR_PERSISTENCY_CLIENT:  259      12 mmcblk0p44 32 0 1136 12 0 0 0 0 0 12 12
01-01 00:06:04.169  2677  2726 W ANDR_PERSISTENCY_CLIENT:  259      13 mmcblk0p45 1 0 2 0 0 0 0 0 0 0 0
01-01 00:06:04.169  2677  2726 W ANDR_PERSISTENCY_CLIENT:  259      14 mmcblk0p46 18 0 144 4 0 0 0 0 0 4 4
01-01 00:06:04.169  2677  2726 W ANDR_PERSISTENCY_CLIENT:  259      15 mmcblk0p47 18 0 144 0 0 0 0 0 0 0 0
01-01 00:06:04.169  2677  2726 W ANDR_PERSISTENCY_CLIENT:  259      16 mmcblk0p48 2 0 4 4 0 0 0 0 0 4 4
01-01 00:06:04.169  2677  2726 W ANDR_PERSISTENCY_CLIENT:  259      17 mmcblk0p49 11 0 2000 8 0 0 0 0 0 4 8
01-01 00:06:04.169  2677  2726 W ANDR_PERSISTENCY_CLIENT:  259      18 mmcblk0p50 22 0 176 0 0 0 0 0 0 0 0
01-01 00:06:04.169  2677  2726 W ANDR_PERSISTENCY_CLIENT:  259      19 mmcblk0p51 18 0 144 0 0 0 0 0 0 0 0
01-01 00:06:04.169  2677  2726 W ANDR_PERSISTENCY_CLIENT:  259      20 mmcblk0p52 3 0 168 4 0 0 0 0 0 4 4
01-01 00:06:04.169  2677  2726 W ANDR_PERSISTENCY_CLIENT:  259      21 mmcblk0p53 9 0 1256 0 0 0 0 0 0 0 0
01-01 00:06:04.169  2677  2726 W ANDR_PERSISTENCY_CLIENT:  259      22 mmcblk0p54 32 0 256 20 0 0 0 0 0 20 20
01-01 00:06:04.169  2677  2726 W ANDR_PERSISTENCY_CLIENT:  259      23 mmcblk0p55 20 0 2064 24 0 0 0 0 0 16 24
01-01 00:06:04.169  2677  2726 W ANDR_PERSISTENCY_CLIENT:  259      24 mmcblk0p56 2779 113 260606 6388 192 107 3976 480 0 2232 6868
01-01 00:06:04.169  2677  2726 W ANDR_PERSISTENCY_CLIENT:  259      25 mmcblk0p57 23 0 2504 16 9 8 136 16 0 28 32
01-01 00:06:04.169  2677  2726 W ANDR_PERSISTENCY_CLIENT:  259      26 mmcblk0p58 229 0 61048 292 1463 22390 190824 6360 0 4616 6648
01-01 00:06:04.169  2677  2726 W ANDR_PERSISTENCY_CLIENT:  259      27 mmcblk0p59 523 157 28472 336 261 241 44756 1948 0 584 2284
01-01 00:06:04.169  2677  2726 W ANDR_PERSISTENCY_CLIENT:  259      28 mmcblk0p60 1 0 2 0 0 0 0 0 0 0 0
01-01 00:06:04.169  2677  2726 W ANDR_PERSISTENCY_CLIENT:  259      29 mmcblk0p61 5 0 432 8 0 0 0 0 0 8 8
01-01 00:06:04.169  2677  2726 W ANDR_PERSISTENCY_CLIENT:  259      30 mmcblk0p62 12 2 106 32 0 0 0 0 0 32 32
01-01 00:06:04.169  2677  2726 W ANDR_PERSISTENCY_CLIENT:  259      31 mmcblk0p63 18 0 144 4 0 0 0 0 0 4 4
01-01 00:06:04.169  2677  2726 W ANDR_PERSISTENCY_CLIENT:  259      32 mmcblk0p64 18 0 144 4 0 0 0 0 0 4 4
01-01 00:06:04.169  2677  2726 W ANDR_PERSISTENCY_CLIENT:  259      33 mmcblk0p65 20 0 160 8 0 0 0 0 0 0 0
01-01 00:06:04.169  2677  2726 W ANDR_PERSISTENCY_CLIENT:  259      34 mmcblk0p66 30 0 240 0 0 0 0 0 0 0 0
01-01 00:06:04.169  2677  2726 W ANDR_PERSISTENCY_CLIENT:  259      35 mmcblk0p67 222 0 5706 112 85 109 1576 72 0 120 184
01-01 00:06:04.169  2677  2726 W ANDR_PERSISTENCY_CLIENT:  259      36 mmcblk0p68 3063 1 578567 3620 3789 125360 129506 6108 0 6748 9712
01-01 00:06:04.169  2677  2726 W ANDR_PERSISTENCY_CLIENT:  179      32 mmcblk0rpmb 4 0 32 0 0 0 0 0 0 0 0
01-01 00:06:04.169  2677  2726 W ANDR_PERSISTENCY_CLIENT: ;command=cat /proc/diskstats
01-01 00:06:04.169  1519  1519 I HomeScreen|HMI_Common.Fragments.MainOverlay.HomeScreenFragment: MBUX App Method: SetAppropriateImageResources |Line No: 921 |Log Type: Information |Message: SetAppropriateImageResources _receivedItems: Comfort browserstate: True
01-01 00:06:04.169  2677  2726 W ANDR_PERSISTENCY_CLIENT: SWR_PERSISTENCE_HV_LA_MF_0005|FUN=TCPHandler::handleInBoundData|2|msg:command=cat /proc/diskstats
01-01 00:06:04.169  2677  2726 W ANDR_PERSISTENCY_CLIENT: SWR_PERSISTENCE_HV_LA_MF_0005|FUN=TCPHandler:: handleInBoundData |2| remove key 
01-01 00:06:04.169  2677  2726 W ANDR_PERSISTENCY_CLIENT: SWR_PERSISTENCE_HV_LA_MF_0005|FUN=TCPHandler::sendResponseToSettings|2|msg:send=3828
01-01 00:06:04.169  1519  1519 I HomeScreen|HMI_Common.Fragments.MainOverlay.HomeScreenFragment: MBUX App Method: OnCreateView |Line No: 95 |Log Type: Critical |Message: HomeScreenFragment OnCreateView Called for item : Comfort
01-01 00:06:04.170  2145  2145 D HMI_SERVICE: USE_CASE_NA|FUN=StoragedJobIntentService::onReceiveResult|1|received
01-01 00:06:04.171  1519  1519 I HomeScreen|HMI_Common.Fragments.MainOverlay.HomeScreenFragment: MBUX App Method: OnCreateView |Line No: 250 |Log Type: Information |Message: HomeScreenFragment OnCreateView finished for item : Comfort
01-01 00:06:04.172  2145  2145 D HMI_SERVICE: USE_CASE_NA|FUN=StoragedJobIntentService::doAppMonitor|1|init
01-01 00:06:04.172  2145  2145 D HMI_SERVICE: USE_CASE_NA|FUN=StoragedJobIntentService::lifeTimeMonitor|1|init
01-01 00:06:04.172  2145  2145 D HMI_SERVICE: USE_CASE_NA|FUN=StoragedJobIntentService::doAppMonitor|1|init
01-01 00:06:04.172  2145  2145 D HMI_SERVICE: USE_CASE_NA|FUN=StoragedJobIntentService::lifeTimeMonitor|1|init
01-01 00:06:04.172  2145  2145 D HMI_SERVICE: USE_CASE_NA|FUN=StoragedJobIntentService::doAppMonitor|1|init
01-01 00:06:04.172  2145  2145 D HMI_SERVICE: USE_CASE_NA|FUN=StoragedJobIntentService::lifeTimeMonitor|1|init
01-01 00:06:04.172  2145  2145 D HMI_SERVICE: USE_CASE_NA|FUN=StoragedJobIntentService::doAppMonitor|1|init
01-01 00:06:04.172  2145  2145 D HMI_SERVICE: USE_CASE_NA|FUN=StoragedJobIntentService::lifeTimeMonitorBaiduApps|1|init
01-01 00:06:04.172  1519  1519 I HomeScreen|HMI_Common.Fragments.MainOverlay.HomeScreenFragment: MBUX App Method: OnViewCreated |Line No: 532 |Log Type: Information |Message: HomeScreenFragment OnViewCreated called for item : Comfort
01-01 00:06:04.172  2145  2145 D HMI_SERVICE: USE_CASE_NA|FUN=StoragedJobIntentService::onReceiveResult|1|continousWrite190151680
01-01 00:06:04.179  1519  1519 I HomeScreen|HMI_Common.Fragments.MainOverlay.HomeScreenFragment: MBUX App Method: SetAppropriateImageResources |Line No: 921 |Log Type: Information |Message: SetAppropriateImageResources _receivedItems: Media browserstate: True
01-01 00:06:04.179  1519  1519 I HomeScreen|HMI_Common.HMIBackend.CommonControlsBackend.BaseScreenBackend: MBUX App Method: IsAppKeepAliveSuccess |Line No: 775 |Log Type: Critical |Message: App Authentication Status : Checking keep alive status for : Player & status : True
01-01 00:06:04.179  1519  1519 I HomeScreen|HMI_Common.Fragments.MainOverlay.HomeScreenFragment: MBUX App Method: SetMediaImageAsPerDrive |Line No: 1604 |Log Type: Information |Message: Home Screen SetMediaImageAsPerDrive : 
01-01 00:06:04.180  1519  1519 I HomeScreen|HMI_Common.Fragments.MainOverlay.HomeScreenFragment: MBUX App Method: OnCreateView |Line No: 95 |Log Type: Critical |Message: HomeScreenFragment OnCreateView Called for item : Media
01-01 00:06:04.180  1519  1519 I HomeScreen|HMI_Common.Fragments.MainOverlay.HomeScreenFragment: MBUX App Method: SetMediaImageAsPerDrive |Line No: 1604 |Log Type: Information |Message: Home Screen SetMediaImageAsPerDrive : 
01-01 00:06:04.180  1519  1519 I HomeScreen|HMI_Common.HMIBackend.CommonControlsBackend.BaseScreenBackend: MBUX App Method: IsTVCurrentSourcePlayedForMedia |Line No: 986 |Log Type: Information |Message: Basescreen backend IsTVCurrentSourcePlayedForMedia isTVPrevious : False
01-01 00:06:04.180  1519  1519 I HomeScreen|HMI_Common.Activities.MainOverlayActivity: MBUX App Method: IsTVSourceToBeHandled |Line No: 1649 |Log Type: Information |Message: IsTVSourceToBeHandled, IsPlayerCurrentStreamingSource() : False & IsTVPreviousStreamingSource() : False, RseMediaApplication.Instance.CurrentStreamingSource = Unknown, RseMediaApplication.Instance.PreviousStreamingSource = Unknown
01-01 00:06:04.180  1519  1519 I HomeScreen|HMI_Common.HMIBackend.CommonControlsBackend.BaseScreenBackend: MBUX App Method: IsTVCurrentSourcePlayedForMedia |Line No: 986 |Log Type: Information |Message: Basescreen backend IsTVCurrentSourcePlayedForMedia isTVPrevious : False
01-01 00:06:04.183  1519  1519 I HomeScreen|HMI_Common.Fragments.MainOverlay.HomeScreenFragment: MBUX App Method: OnCreateView |Line No: 250 |Log Type: Information |Message: HomeScreenFragment OnCreateView finished for item : Media
01-01 00:06:04.183  1519  1519 I HomeScreen|HMI_Common.Fragments.MainOverlay.HomeScreenFragment: MBUX App Method: OnViewCreated |Line No: 532 |Log Type: Information |Message: HomeScreenFragment OnViewCreated called for item : Media
01-01 00:06:04.191  1519  1519 I HomeScreen|HMI_Common.Fragments.MainOverlay.HomeScreenFragment: MBUX App Method: SetAppropriateImageResources |Line No: 921 |Log Type: Information |Message: SetAppropriateImageResources _receivedItems: Radio browserstate: True
01-01 00:06:04.191  1519  1519 I HomeScreen|HMI_Common.HMIBackend.CommonControlsBackend.BaseScreenBackend: MBUX App Method: IsAppKeepAliveSuccess |Line No: 775 |Log Type: Critical |Message: App Authentication Status : Checking keep alive status for : Tuner & status : True
01-01 00:06:04.192  1519  1519 I HomeScreen|HMI_Common.Fragments.MainOverlay.HomeScreenFragment: MBUX App Method: OnCreateView |Line No: 95 |Log Type: Critical |Message: HomeScreenFragment OnCreateView Called for item : Radio
01-01 00:06:04.192  1519  1519 I HomeScreen|HMI_Common.Fragments.MainOverlay.HomeScreenFragment: MBUX App Method: DisplayInitTunerView |Line No: 445 |Log Type: Information |Message: Homescreenfragment DisplayInitTunerView : isForBTPlayPause : False
01-01 00:06:04.194  1519  1519 I HomeScreen|HMI_Common.Fragments.MainOverlay.HomeScreenFragment: MBUX App Method: OnCreateView |Line No: 250 |Log Type: Information |Message: HomeScreenFragment OnCreateView finished for item : Radio
01-01 00:06:04.195  1519  1519 I HomeScreen|HMI_Common.Fragments.MainOverlay.HomeScreenFragment: MBUX App Method: OnViewCreated |Line No: 532 |Log Type: Information |Message: HomeScreenFragment OnViewCreated called for item : Radio
01-01 00:06:04.199  1151  1422 D WindowManager: relayout packageName=com.daimler.rse.ntg6::session=Session{6485514 1519:u0a10027}::window=android.view.IWindow$Stub$Proxy@acaef31::attrs.flags=81810500
01-01 00:06:04.200  1151  1422 D WindowManager: relayout >>> FLAG_FULLSCREEN set in WindowManager.LayoutParams
01-01 00:06:04.200  1151  1422 D WindowManager: startStatusReceiverServiceOnFlagSet: creating intent for action ACTION_ACTIVITY_FULLSCREEN
01-01 00:06:04.200  1151  1422 W ContextImpl: Calling a method in the system process without a qualified user: android.app.ContextImpl.startService:1476 com.android.server.wm.Session.startStatusReceiverServiceOnFlagSet:762 com.android.server.wm.Session.relayout:273 android.view.IWindowSession$Stub.onTransact:286 com.android.server.wm.Session.onTransact:166 
01-01 00:06:04.202  1151  1422 D CompatibilityInfo: mCompatibilityFlags - 4
01-01 00:06:04.202  1151  1422 D CompatibilityInfo: applicationDensity - 240
01-01 00:06:04.202  1151  1422 D CompatibilityInfo: applicationScale - 1.0
01-01 00:06:04.203  1151  1422 D WindowManager: startStatusReceiverServiceOnFlagSet: startService done
01-01 00:06:04.206  1392  1392 W SYSTEM_UI: SWR_SYSTEM_UI_007|FUN=CollapsedStatusBarFragment::getAction |1|Broadcast action --> STATUS_UPDATE_ACTION
01-01 00:06:04.206  1392  1392 W SYSTEM_UI: SWR_SYSTEM_UI_007|FUN=CollapsedStatusBarFragment::getIntExtra |1|NotifySystemUpdates dataType --> 101
01-01 00:06:04.206  1392  1392 W SYSTEM_UI - CI07.3: className -> CollapsedStatusBarFragment | functionName -> NotifySystemUpdates | onReceive -->  | value -> FULLSCREEN MODE CHANGED | isFullScreenStatus --> true | fullScreenPackage -->com.daimler.rse.ntg6 | fullscreenLastShownPackage -->null | topActivityPackage --> com.daimler.rse.ntg6
01-01 00:06:04.206  1392  1392 W SYSTEM_UI - CI07.3: className -> CollapsedStatusBarFragment | functionName -> NotifySystemUpdates | onReceive -->  | value -> Fullscreen mode changed --> path 1
01-01 00:06:04.207  1392  1392 W SYSTEM_UI - CI07.3: className -> CollapsedStatusBarFragment | functionName -> NotifySystemUpdates | onReceive -->  | value -> Fullscreen mode changed --> path 3
01-01 00:06:04.209   528   528 D SurfaceFlinger: duplicate layer name: changing com.daimler.rse.ntg6/md59d95dbab71941e137ef724fbceda5f0e.MainOverlayActivity to com.daimler.rse.ntg6/md59d95dbab71941e137ef724fbceda5f0e.MainOverlayActivity#1
01-01 00:06:04.227  1519  1519 I HomeScreen|HMI_Common.Fragments.MainOverlay.HomeScreenFragment: MBUX App Method: SetAppropriateImageResources |Line No: 921 |Log Type: Information |Message: SetAppropriateImageResources _receivedItems: AppExit browserstate: True
01-01 00:06:04.227  1519  1519 I HomeScreen|HMI_Common.Fragments.MainOverlay.HomeScreenFragment: MBUX App Method: SetAppropriateImageResources |Line No: 921 |Log Type: Information |Message: SetAppropriateImageResources _receivedItems: Settings browserstate: True
01-01 00:06:04.247  1392  1404 D CommandQueue: animate_trace: appTransitionStarting; duration=0;hardcoded forced=false to false
01-01 00:06:04.248  1392  1404 D CommandQueue: animate_trace: appTransitionFinished
01-01 00:06:04.252  1151  1192 I ActivityManager: Displayed com.daimler.rse.ntg6/md59d95dbab71941e137ef724fbceda5f0e.MainOverlayActivity: +297ms
01-01 00:06:04.254  1151  1192 E ANDR-PERF-JNI: Iop tryGetService failed
01-01 00:06:04.267  1151  4493 D WindowManager: relayout packageName=com.daimler.rse.ntg6::session=Session{6485514 1519:u0a10027}::window=android.view.IWindow$Stub$Proxy@b144184::attrs.flags=null
01-01 00:06:04.267  1151  4493 D WindowManager: relayout >>> FLAG_FULLSCREEN not set in WindowManager.LayoutParams
01-01 00:06:04.267  1151  4493 D WindowManager: startStatusReceiverServiceOnFlagSet: creating intent for action ACTION_ACTIVITY_FULLSCREEN
01-01 00:06:04.268  1151  4493 W ContextImpl: Calling a method in the system process without a qualified user: android.app.ContextImpl.startService:1476 com.android.server.wm.Session.startStatusReceiverServiceOnFlagSet:762 com.android.server.wm.Session.relayout:276 android.view.IWindowSession$Stub.onTransact:286 com.android.server.wm.Session.onTransact:166 
01-01 00:06:04.269  1151  4493 D CompatibilityInfo: mCompatibilityFlags - 4
01-01 00:06:04.269  1151  4493 D CompatibilityInfo: applicationDensity - 240
01-01 00:06:04.269  1151  4493 D CompatibilityInfo: applicationScale - 1.0
01-01 00:06:04.270  1151  4493 D WindowManager: startStatusReceiverServiceOnFlagSet: startService done
01-01 00:06:04.272  1392  1392 W SYSTEM_UI: SWR_SYSTEM_UI_007|FUN=CollapsedStatusBarFragment::getAction |1|Broadcast action --> STATUS_UPDATE_ACTION
01-01 00:06:04.272  1392  1392 W SYSTEM_UI: SWR_SYSTEM_UI_007|FUN=CollapsedStatusBarFragment::getIntExtra |1|NotifySystemUpdates dataType --> 101
01-01 00:06:04.272  1392  1392 W SYSTEM_UI - CI07.3: className -> CollapsedStatusBarFragment | functionName -> NotifySystemUpdates | onReceive -->  | value -> FULLSCREEN MODE CHANGED | isFullScreenStatus --> false | fullScreenPackage -->com.daimler.rse.ntg6 | fullscreenLastShownPackage -->null | topActivityPackage --> com.daimler.rse.ntg6
01-01 00:06:04.272  1392  1392 W SYSTEM_UI - CI07.3: className -> CollapsedStatusBarFragment | functionName -> NotifySystemUpdates | onReceive -->  | value -> Fullscreen mode changed --> path 5
01-01 00:06:04.280  1151  1422 D WindowManager: relayout packageName=com.daimler.rse.ntg6::session=Session{6485514 1519:u0a10027}::window=android.view.IWindow$Stub$Proxy@c1c5da2::attrs.flags=null
01-01 00:06:04.280  1151  1422 D WindowManager: relayout >>> FLAG_FULLSCREEN not set in WindowManager.LayoutParams
01-01 00:06:04.280  1151  1422 D WindowManager: startStatusReceiverServiceOnFlagSet: creating intent for action ACTION_ACTIVITY_FULLSCREEN
01-01 00:06:04.280  1151  1422 W ContextImpl: Calling a method in the system process without a qualified user: android.app.ContextImpl.startService:1476 com.android.server.wm.Session.startStatusReceiverServiceOnFlagSet:762 com.android.server.wm.Session.relayout:276 android.view.IWindowSession$Stub.onTransact:286 com.android.server.wm.Session.onTransact:166 
01-01 00:06:04.281  1151  1422 D CompatibilityInfo: mCompatibilityFlags - 4
01-01 00:06:04.281  1151  1422 D CompatibilityInfo: applicationDensity - 240
01-01 00:06:04.281  1151  1422 D CompatibilityInfo: applicationScale - 1.0
01-01 00:06:04.282  1151  1422 D WindowManager: startStatusReceiverServiceOnFlagSet: startService done
01-01 00:06:04.286  1392  1392 W SYSTEM_UI: SWR_SYSTEM_UI_007|FUN=CollapsedStatusBarFragment::getAction |1|Broadcast action --> STATUS_UPDATE_ACTION
01-01 00:06:04.286  1392  1392 W SYSTEM_UI: SWR_SYSTEM_UI_007|FUN=CollapsedStatusBarFragment::getIntExtra |1|NotifySystemUpdates dataType --> 101
01-01 00:06:04.286  1392  1392 W SYSTEM_UI - CI07.3: className -> CollapsedStatusBarFragment | functionName -> NotifySystemUpdates | onReceive -->  | value -> FULLSCREEN MODE CHANGED | isFullScreenStatus --> false | fullScreenPackage -->com.daimler.rse.ntg6 | fullscreenLastShownPackage -->null | topActivityPackage --> com.daimler.rse.ntg6
01-01 00:06:04.286  1392  1392 W SYSTEM_UI - CI07.3: className -> CollapsedStatusBarFragment | functionName -> NotifySystemUpdates | onReceive -->  | value -> Fullscreen mode changed --> path 5
01-01 00:06:04.290  1151  4493 D ActivityTrigger: ActivityTrigger activityStopTrigger 
01-01 00:06:04.291  1519  1519 V Activity: back_button: onSaveInstanceState entry:com.daimler.rse.ntg6.StartUpActivity@6d639f8
01-01 00:06:04.292  1519  1519 V Activity: onSaveInstanceState com.daimler.rse.ntg6.StartUpActivity@6d639f8: Bundle[{android:viewHierarchyState=Bundle[{android:views={16908290=android.view.AbsSavedState$1@4f57e89, 2131296938=android.view.AbsSavedState$1@4f57e89, 2131296939=android.view.AbsSavedState$1@4f57e89, 2131296940=android.view.AbsSavedState$1@4f57e89, 2131296941=android.view.AbsSavedState$1@4f57e89, 2131296942=android.view.AbsSavedState$1@4f57e89, 2131296943=android.view.AbsSavedState$1@4f57e89, 2131297551=android.view.AbsSavedState$1@4f57e89}}], android:lastAutofillId=1073741823, android:fragments=android.app.FragmentManagerState@d5e7ed5}]
01-01 00:06:04.293  1519  1519 I Connectivity|HMI_Common.Activities.StartUpActivity: MBUX App Method: OnStop |Line No: 235 |Log Type: Information |Message: StartUpActivity OnStop
01-01 00:06:04.293  1519  1519 V Activity: onStop com.daimler.rse.ntg6.StartUpActivity@6d639f8
01-01 00:06:04.296  1519  1519 I HomeScreen|HMI_Common.Activities.MainOverlayActivity: MBUX App Method: OnStop |Line No: 345 |Log Type: Information |Message: OnStop() BaseActivity
01-01 00:06:04.296  1519  1519 V Activity: onStop md59d95dbab71941e137ef724fbceda5f0e.MainOverlayActivity@b2dd92e
01-01 00:06:04.297  1519  1519 V Activity: onDestroy md59d95dbab71941e137ef724fbceda5f0e.MainOverlayActivity@b2dd92e
01-01 00:06:04.300  1519  1519 I TelephonyRse|HMI_Common.HMIBackend.Telephony.TelephonyBackend: MBUX App Method: UnSubscribeBtEvents |Line No: 51 |Log Type: Information |Message: UnSubscribing bluetooth events.
01-01 00:06:04.301  1519  1519 I Connectivity|HMI_Common.Activities.MainOverlayActivity: MBUX App Method: DeRegisterEntertainmentSharingEvents |Line No: 487 |Log Type: Critical |Message: OnDestroy:  for MainOverlayActivity...UN-registering for EntertainmentBackendEvents!!
01-01 00:06:04.301  1519  1519 I AudioManagement|HMI_Common.Activities.MainOverlayActivity: MBUX App Method: SubscribeEntertainmentSharingEvent |Line No: 31 |Log Type: Critical |Message: SetEntertainmentLister: False RegisterEntertainmentSharingEvents for ComponentInfo{com.daimler.rse.ntg6/md59d95dbab71941e137ef724fbceda5f0e.MainOverlayActivity}
01-01 00:06:04.301  1519  1519 I HomeScreen|HMI_Common.HMIBackend.CommonControlsBackend.BaseScreenBackend: MBUX App Method: IsAppKeepAliveSuccess |Line No: 775 |Log Type: Critical |Message: App Authentication Status : Checking keep alive status for : Player & status : True
01-01 00:06:04.301  1519  1519 I HomeScreen|HMI_Common.HMIBackend.CommonControlsBackend.BaseScreenBackend: MBUX App Method: IsAppKeepAliveSuccess |Line No: 775 |Log Type: Critical |Message: App Authentication Status : Checking keep alive status for : Tuner & status : True
01-01 00:06:04.301  1519  1519 I BaseScreen|HMI_Common.Activities.MainOverlayActivity: MBUX App Method: GetHMI2LaunchedFlag |Line No: 1231 |Log Type: Critical |Message: UpdateSharedPrefForRseRebooted() called
01-01 00:06:04.301  1519  1519 I HomeScreen|HMI_Common.Activities.MainOverlayActivity: MBUX App Method: RemoveScreenOnOffEvents |Line No: 1909 |Log Type: Critical |Message: RemoveScreenOnOffEvents called : HMI2 Launched : False
01-01 00:06:04.304  1519  1519 I BaseScreen|HMI_Common.HMIBackend.VolumeControl.VolumeControlBackend: MBUX App Method: UnsubscribePanaVolumeControlEvents |Line No: 98 |Log Type: Critical |Message: VolumeControlBackend UnsubscribePanaVolumeControlEvents() Called
01-01 00:06:04.305  1519  1519 I VolumeControl|HMI_Common.HMIBackend.VolumeControl.VolumeControlBackend: MBUX App Method: RemoveCacheProperties |Line No: 171 |Log Type: Critical |Message: VolumeControlBackend RemoveCacheProperties() called - _volumeControlApplication = 
01-01 00:06:04.305  1519  1519 I BaseScreen|HMI_Common.HMIBackend.CommonControlsBackend.BaseScreenBackend: MBUX App Method: UnsubscribeCabinAudioEvents |Line No: 98 |Log Type: Information |Message: UnsubscribeCabinAudioEvents
01-01 00:06:04.305  1519  1519 I BaseScreen|HMI_Common.Activities.MainOverlayActivity: MBUX App Method: Dispose |Line No: 1095 |Log Type: Critical |Message: Disposing basescreen views. Disposing value: True
01-01 00:06:04.431  1933  1933 I LCMANDR : SWR_OOB_HV_MF_009|FUN=ResourceMonitoringService::movingMemoryAverage|2|Moving memory average :24.09241
01-01 00:06:04.431  1933  1933 W LCMANDR : SWR_OOB_HV_MF_009|FUN=ResourceMonitoringService::getCpuUsageStatistic|Moving MEM AVG :::::::::24.09241
01-01 00:06:04.432  1933  1933 W LCMANDR : SWR_OOB_HV_MF_009|FUN=ResourceMonitoringService::getCpuUsageStatistic|2|Total cpu usage :32.03125
01-01 00:06:04.433  1933  1933 I LCMANDR : SWR_OOB_HV_MF_009|FUN=ResourceMonitoringService::getCpuUsageStatistic|Cpu usage of core  0 is29.491526
01-01 00:06:04.433  1933  1933 I LCMANDR : SWR_OOB_HV_MF_009|FUN=ResourceMonitoringService::getCpuUsageStatistic|Cpu usage of core  1 is30.000002
01-01 00:06:04.433  1933  1933 I LCMANDR : SWR_OOB_HV_MF_009|FUN=ResourceMonitoringService::getCpuUsageStatistic|Cpu usage of core  2 is36.54485
01-01 00:06:04.433  1933  1933 I LCMANDR : ResourceMonitoringService::movingCpuAverage()
01-01 00:06:04.434  1933  1933 I LCMANDR : SWR_OOB_HV_MF_009|FUN=ResourceMonitoringService::movingCpuAverage|2|Moving window average of CPU 24.541409
01-01 00:06:04.434  1933  1933 I LCMANDR : SWR_OOB_HV_MF_009|FUN=ResourceMonitoringService::movingCpuAverage|2|Cpu moving average of core  0 is26.624752
01-01 00:06:04.434  1933  1933 I LCMANDR : SWR_OOB_HV_MF_009|FUN=ResourceMonitoringService::movingCpuAverage|2|Cpu moving average of core  1 is23.21217
01-01 00:06:04.434  1933  1933 I LCMANDR : SWR_OOB_HV_MF_009|FUN=ResourceMonitoringService::movingCpuAverage|2|Cpu moving average of core  2 is23.754978
01-01 00:06:04.434  1933  1933 D LCMANDR : SWR_OOB_HV_MF_009|FUN=ResourceMonitoringService::movingCpuAverage|2|Exiting VAL = 24.541409
01-01 00:06:04.788   729   748 I sssv-lib: sendMsg enter
01-01 00:06:04.788   729   748 I sssv-lib: sendMsg complete.
01-01 00:06:04.872  1933  1933 W LCMANDR : SWR_OOB_HV_MF_009|FUN=MonitoringTimer::checkStatus|memoryInfo.availMem[MB] = 5268
01-01 00:06:04.952  3675  4731 D UIAutomatorStub: URI: /jsonrpc/0, Method: POST, Header: {content-length=176, remote-addr=127.0.0.1, http-client-ip=127.0.0.1, host=localhost:9009, content-type=application/json, connection=close, accept-encoding=identity, user-agent=Python-urllib/2.7}, params, {NanoHttpd.QUERY_STRING=null}, files: {postData={"params": [{"childOrSiblingSelector": [], "text": "Settings", "mask": 1, "childOrSibling": []}], "jsonrpc": "2.0", "method": "exist", "id": "5fe1bdf2e932fba5860858c06270ef0d"}}
01-01 00:06:04.990  3675  4732 D UIAutomatorStub: URI: /jsonrpc/0, Method: POST, Header: {content-length=176, remote-addr=127.0.0.1, http-client-ip=127.0.0.1, host=localhost:9009, content-type=application/json, connection=close, accept-encoding=identity, user-agent=Python-urllib/2.7}, params, {NanoHttpd.QUERY_STRING=null}, files: {postData={"params": [{"childOrSiblingSelector": [], "text": "Settings", "mask": 1, "childOrSibling": []}], "jsonrpc": "2.0", "method": "click", "id": "c79ba34626e9cf5d65aa6e4a2b0940d3"}}
01-01 00:06:05.030  1519  1519 I BaseScreen|HMI_Common.Activities.MainOverlayActivity: MBUX App Method: UpdateHMI2LaunchedFlag |Line No: 1222 |Log Type: Critical |Message: UpdateHMI2LaunchedFlag() called isLaunched = False
01-01 00:06:05.030  1519  1519 I BaseScreen|HMI_Common.HMIBackend.SharedPreferences.SharedPrefBackend: MBUX App Method: UpdateHMI2LaunchedFlag |Line No: 93 |Log Type: Critical |Message: UpdateHMI2LaunchedFlag called isLaunched = False
01-01 00:06:05.031  1519  1519 I HomeScreen|HMI_Common.Activities.MainOverlayActivity: MBUX App Method: HandleMainItemClickedEvent |Line No: 682 |Log Type: Critical |Message: Homescreen... HandleMainItemClickedEvent for : Settings, Position : 6 & isActive : True
01-01 00:06:05.032  1519  1519 I HomeScreen|HMI_Common.CustomComponents.MainOverlay.Adapters.OverlayItemAdapter: MBUX App Method: EnableFocusForAppropriateItem |Line No: 107 |Log Type: Information |Message: MainOverLayActivity, EnableFocusForAppropriateItem called for item : Settings, Call Trace :   at HMI_Common.CustomComponents.MainOverlay.Adapters.OverlayItemAdapter.EnableFocusForAppropriateItem (HMI_Common.CustomComponents.MainOverlay.Adapters.MainOverlayItems appropriateItem) [0x00000] in <f8fa5baf696a40f0aba99447f8842d83>:0 
01-01 00:06:05.032  1519  1519 I HomeScreen|HMI_Common.CustomComponents.MainOverlay.Adapters.OverlayItemAdapter:   at HMI_Common.Activities.MainOverlayActivity.HandleMainItemClickedEvent (HMI_Common.CustomComponents.MainOverlay.Adapters.MainOverlayItems items, System.Int32 position, System.Boolean isActive) [0x00000] in <f8fa5baf696a40f0aba99447f8842d83>:0 
01-01 00:06:05.032  1519  1519 I HomeScreen|HMI_Common.CustomComponents.MainOverlay.Adapters.OverlayItemAdapter:   at HMI_Common.Activities.MainOverlayActivity.HMI_Common.Fragments.MainOverlay.HomeScreenFragment.IInteractionListener.OnMainIconClicked (HMI_Common.CustomComponents.MainOverlay.Adapters.MainOverlayItems items, System.Int32 position, System.Boolean isActive) [0x00000] in <f8fa5baf696a40f0aba99447f8842d83>:0 
01-01 00:06:05.032  1519  1519 I HomeScreen|HMI_Common.CustomComponents.MainOverlay.Adapters.OverlayItemAdapter:   at HMI_Common.Fragments.MainOverlay.HomeScreenFragment.OnClicked (System.Object sender, System.EventArgs e) [0x00000] in <f8fa5baf696a40f0aba99447f8842d83>:0 
01-01 00:06:05.032  1519  1519 I HomeScreen|HMI_Common.CustomComponents.MainOverlay.Adapters.OverlayItemAdapter:   at Android.Views.View+IOnClickListenerImplementor.OnClick (Android.Views.View v) [0x00000] in <a978e35ae19444089185d9470330e432>:0 
01-01 00:06:05.032  1519  1519 I HomeScreen|HMI_Common.CustomComponents.MainOverlay.Adapters.OverlayItemAdapter:   at Android.Views.View+IOnClickListenerInvoker.n_OnClick_Landroid_view_View_ (System.IntPtr jnienv, System.IntPtr native__this, System.IntPtr native_v) [0x00000] in <a978e35ae19444089185d9470330e432>:0 
01-01 00:06:05.032  1519  1519 I HomeScreen|HMI_Common.CustomComponents.MainOverlay.Adapters.OverlayItemAdapter:   at Android.Runtime.DynamicMethodNameCounter.24 (System.IntPtr , System.IntPtr , System.IntPtr ) [0x00000] in <a978e35ae19444089185d9470330e432>:0 
01-01 00:06:05.032  1519  1519 I HomeScreen|HMI_Common.Activities.MainOverlayActivity: MBUX App Method: HandleMainItemClickedEvent |Line No: 762 |Log Type: Information |Message: Homescreen...Settings launched TA_HOMESCREEN_SETTINGS_LAUNCHED_
01-01 00:06:05.033  1151  1422 I ActivityManager: START u0 {flg=0x4000000 cmp=com.daimler.rse.ntg6/md59d95dbab71941e137ef724fbceda5f0e.SettingsBaseActivity} from uid 10027
01-01 00:06:05.034   635   635 E ANDR-PERF-TARGET: Error: Invalid logical cluster id 0
01-01 00:06:05.034   635   635 E ANDR-PERF-MPCTL: invalid request, no optimizations performed
01-01 00:06:05.038  1151  1422 D ActivityTrigger: activityStartTrigger: Activity is Triggerred in full screen ApplicationInfo{4ed449e com.daimler.rse.ntg6}
01-01 00:06:05.038  1151  1422 E ActivityTrigger: activityStartTrigger: not whiteListedcom.daimler.rse.ntg6/md59d95dbab71941e137ef724fbceda5f0e.SettingsBaseActivity/5
01-01 00:06:05.039  1151  1422 D CompatibilityInfo: mCompatibilityFlags - 4
01-01 00:06:05.039  1151  1422 D CompatibilityInfo: applicationDensity - 240
01-01 00:06:05.039  1151  1422 D CompatibilityInfo: applicationScale - 1.0
01-01 00:06:05.040  1151  1422 D ActivityTrigger: activityResumeTrigger: The activity in ApplicationInfo{4ed449e com.daimler.rse.ntg6} is now in focus and seems to be in full-screen mode
01-01 00:06:05.040  1151  1422 E ActivityTrigger: activityResumeTrigger: not whiteListedcom.daimler.rse.ntg6/md59d95dbab71941e137ef724fbceda5f0e.SettingsBaseActivity/5
01-01 00:06:05.040  1151  1422 D ActivityTrigger: ActivityTrigger activityPauseTrigger 
01-01 00:06:05.047  1519  1519 V Activity: onPause md59d95dbab71941e137ef724fbceda5f0e.MainOverlayActivity@453630c
01-01 00:06:05.051  1151  1422 D ActivityTrigger: activityResumeTrigger: The activity in ApplicationInfo{4ed449e com.daimler.rse.ntg6} is now in focus and seems to be in full-screen mode
01-01 00:06:05.051  1151  1422 E ActivityTrigger: activityResumeTrigger: not whiteListedcom.daimler.rse.ntg6/md59d95dbab71941e137ef724fbceda5f0e.SettingsBaseActivity/5
01-01 00:06:05.053  1151  1422 D CompatibilityInfo: mCompatibilityFlags - 4
01-01 00:06:05.053  1151  1422 D CompatibilityInfo: applicationDensity - 240
01-01 00:06:05.053  1151  1422 D CompatibilityInfo: applicationScale - 1.0
01-01 00:06:05.066  1519  1519 V Activity: onCreate md59d95dbab71941e137ef724fbceda5f0e.SettingsBaseActivity@df94078: null
01-01 00:06:05.068  1519  1519 I HomeScreen|HMI_Common.Activities.SettingsBaseActivity: MBUX App Method: OnCreate |Line No: 105 |Log Type: Critical |Message: Device Language : en_GB
01-01 00:06:05.068  1519  1519 I HomeScreen|HMI_Common.Activities.SettingsBaseActivity: MBUX App Method: OnCreate |Line No: 106 |Log Type: Critical |Message: LanguageEnglish
01-01 00:06:05.068  1519  1519 I HomeScreen|HMI_Common.Activities.SettingsBaseActivity: MBUX App Method: OnCreate |Line No: 117 |Log Type: Critical |Message: App-theme successfully changed to AppTheme
01-01 00:06:05.068  1519  1519 I HomeScreen|HMI_Common.Activities.SettingsBaseActivity: MBUX App Method: OnCreate |Line No: 121 |Log Type: Critical |Message: Base Activity onCreate Called
01-01 00:06:05.097  1519  1519 I BaseScreen|HMI_Common.Activities.SettingsBaseActivity: MBUX App Method: UpdateHMI2LaunchedFlag |Line No: 1222 |Log Type: Critical |Message: UpdateHMI2LaunchedFlag() called isLaunched = False
01-01 00:06:05.097  1519  1519 I BaseScreen|HMI_Common.HMIBackend.SharedPreferences.SharedPrefBackend: MBUX App Method: UpdateHMI2LaunchedFlag |Line No: 93 |Log Type: Critical |Message: UpdateHMI2LaunchedFlag called isLaunched = False
01-01 00:06:05.104  1519  1519 I BaseScreen|HMI_Common.Activities.SettingsBaseActivity: MBUX App Method: LastStoredMediaVolume |Line No: 1198 |Log Type: Critical |Message: LastStoredMediaVolume() called
01-01 00:06:05.105  1519  1519 I BaseScreen|HMI_Common.Activities.SettingsBaseActivity: MBUX App Method: IsRseRebooted |Line No: 1190 |Log Type: Critical |Message: IsRseRebooted() called
01-01 00:06:05.105  1519  1519 I VolumeControl|HMI_Common.Activities.SettingsBaseActivity: MBUX App Method: initBtHeadsetSeekbarProgress |Line No: 292 |Log Type: Information |Message: VolumeControl initBtHeadsetSeekbarProgress() called,  MediaMaxVolume = 15 currentMediaVolume = 0 isRseRebooted = False comfortMinLevel = 0 comfortMaxLevel = 0
01-01 00:06:05.106  1519  1519 I VolumeControl|HMI_Common.Activities.SettingsBaseActivity: MBUX App Method: intializeVolumeLevel |Line No: 337 |Log Type: Information |Message: VolumeControl intializeVolumeLevel() called, isDemoMode == True
01-01 00:06:05.109  1519  1519 I HomeScreen|HMI_Common.Activities.SettingsBaseActivity: MBUX App Method: HandleClimateControlsVisibility |Line No: 324 |Log Type: Information |Message: md59d95dbab71941e137ef724fbceda5f0e.SettingsBaseActivity@df94078 BaseActivity.statusLine HandleClimateControlsVisibility isViewVisible : True
01-01 00:06:05.111  1519  1519 I Main|HMI_Common.Activities.SettingsBaseActivity: MBUX App Method: OnCreate |Line No: 35 |Log Type: Information |Message: language clickedFalse
01-01 00:06:05.111  1519  1519 I HomeScreen|HMI_Common.Activities.SettingsBaseActivity: MBUX App Method: HandleClimateControlsVisibility |Line No: 324 |Log Type: Information |Message: md59d95dbab71941e137ef724fbceda5f0e.SettingsBaseActivity@df94078 BaseActivity.statusLine HandleClimateControlsVisibility isViewVisible : False
01-01 00:06:05.112  1519  1519 I Main|HMI_Common.Activities.SettingsBaseActivity: MBUX App Method: cleareBackstacks |Line No: 67 |Log Type: Information |Message: count : 0
