01-01 00:52:24.264  1392  1392 W SYSTEM_UI - CI07.3: className -> NotificationUIService | functionName -> populateValidNotifications | value -> NOTIFICATION_INFO || packageName --> android | notificationTitle --> Connect to open WiFi network | notificationText --> HP-Print-DB-LaserJet Pro MFP | postedTime --> 3143944 | notificationId --> 17303299 | notificationFlag --> 256 | isClearable --> true | isOngoing --> false | notificationPriority --> 0 | notificationChannelImportance --> 2
01-01 00:52:24.265  1392  1392 W SYSTEM_UI - CI07.3: className -> NotificationUIService | functionName -> populateValidNotifications | value -> Notification entry not valid. System notification.
01-01 00:52:24.265  1392  1392 W SYSTEM_UI - CI07.3: className -> NotificationUIService | functionName -> populateValidNotifications | value -> NOTIFICATION_INFO || packageName --> android | notificationTitle --> USB debugging connected | notificationText --> Tap to disable USB debugging. | postedTime --> 19764 | notificationId --> 26 | notificationFlag --> 2 | isClearable --> false | isOngoing --> true | notificationPriority --> 0 | notificationChannelImportance --> 2
01-01 00:52:24.266  1392  1392 W SYSTEM_UI - CI07.3: className -> NotificationUIService | functionName -> populateValidNotifications | value -> Notification entry not valid. System notification.
01-01 00:52:24.267  1392  1392 W SYSTEM_UI - CI07.3: className -> NotificationUIService | functionName -> populateValidNotifications | value -> NOTIFICATION_INFO || packageName --> android | notificationTitle --> USB charging this device | notificationText --> Tap for more options. | postedTime --> 19755 | notificationId --> 32 | notificationFlag --> 2 | isClearable --> false | isOngoing --> true | notificationPriority --> 0 | notificationChannelImportance --> 1
01-01 00:52:24.267  1392  1392 W SYSTEM_UI - CI07.3: className -> NotificationUIService | functionName -> populateValidNotifications | value -> Notification entry not valid. System notification.
01-01 00:52:24.268  1392  1392 W SYSTEM_UI: SWR_SYSTEM_UI_003|FUN=NotificationUIService::notifyStatusLineNotifications|1|statusLineNotificationPackages size --> 0
01-01 00:52:24.268  1392  1392 W SYSTEM_UI - CI07.3: className -> NotificationUIService | functionName -> updateData | value -> passed
01-01 00:52:24.268  1392  1392 W SYSTEM_UI: SWR_BAIDU_HMI_0023 SWR_SYSTEM_UI_003 SWR_SYSTEM_UI_004|FUN=NotificationUIService::updateData|1|Received notifications from Android framework
01-01 00:52:24.268  1392  1392 W SYSTEM_UI - CI07.3: className -> NotificationUIService | functionName -> refresh | value -> updateData value --> []
01-01 00:52:24.268  1392  1392 W SYSTEM_UI: SWR_SYSTEM_UI_007|FUN=CollapsedStatusBarFragment::getAction |1|Broadcast action --> STATUS_UPDATE_ACTION
01-01 00:52:24.268  1392  1392 W SYSTEM_UI: SWR_SYSTEM_UI_007|FUN=CollapsedStatusBarFragment::getIntExtra |1|NotifySystemUpdates dataType --> 102
01-01 00:52:24.268  1392  1392 W SYSTEM_UI - CI07.3: className -> CollapsedStatusBarFragment | functionName -> NotifySystemUpdates | onReceive -->  | value -> DATATYPE_NOTIFICATION: 0
01-01 00:52:24.268  1392  1392 W SYSTEM_UI: SWR_SYSTEM_UI_003|FUN=CollapsedStatusBarFragment::NotifySystemUpdates | onREeceive|1|DATATYPE_NOTIFICATION: 0
01-01 00:52:24.354  1933  1957 D LCMANDR : SWR_OOB_HV_MF_009|FUN=LifeCycleManagerService::LifeCycle_ReportCompStatus|GOT ALIVENESS SIGNAL FROM DAIAPP : [0]; HB Counter = [ 1243 ]; STATUS INFO = [ 0 ]
01-01 00:52:24.354  1519  1964 I Connectivity_AIDL|AIDL_Handler.AIDL_Helpers.LcmHelper: MBUX App Method: KeepAliveTest |Line No: 408 |Log Type: Critical |Message: ChildThread:MBUX-App HB Count: 1245, ResponseCode: 0
01-01 00:52:24.501  1151  1162 I zygote64: NativeAlloc concurrent copying GC freed 190334(7MB) AllocSpace objects, 49(2MB) LOS objects, 42% free, 15MB/26MB, paused 170us total 133.766ms
01-01 00:52:24.786   729   748 I sssv-lib: sendMsg enter
01-01 00:52:24.786   729   748 I sssv-lib: sendMsg complete.
01-01 00:52:24.872  1933  1933 W LCMANDR : SWR_OOB_HV_MF_009|FUN=MonitoringTimer::checkStatus|memoryInfo.availMem[MB] = 4760
01-01 00:52:24.878  1151  2229 D WificondControl: Scan result ready event
01-01 00:52:24.879  1151  1323 I WifiService: isScanAlwaysAvailable uid=1000
01-01 00:52:24.879  1151  1323 I WifiService: getWifiEnabledState uid=1000
01-01 00:52:24.879   808   808 I wificond: Enters wifigbk_ageOutHistory
01-01 00:52:24.879   921  1439 I LOWI-8.5.0.3.c: [LOWI-Scan] lowi_close_record:Scan completed in 3124918ms and Recieved 47 APs scan results
01-01 00:52:24.882   921   961 I LOWI-8.5.0.3.c: [LOWIUtils] responseToOutPostcard - TO: GTP-FDAL, FROM:   LOWI-SERVER, RESP:  LOWI_ASYNC_DISCOVERY_SCAN_RESULTS
01-01 00:52:24.887   924   979 W XTCC-6.1.2.10-a: [LOWIUtils] to_eScanTypeResponse - default case
01-01 00:52:24.888   924   979 W XTCC-6.1.2.10-a: [WifiScanner] WiFi scan result : [47] AP's, async result: 1
01-01 00:52:24.891  1151  1323 D WificondScannerImpl: Filtering out 3 scan results.
01-01 00:52:24.891  1151  1323 I WifiService: isScanAlwaysAvailable uid=1000
01-01 00:52:24.891  1151  1323 I WifiService: getWifiEnabledState uid=1000
01-01 00:52:24.895  2145  2145 D HMI_SERVICE: USE_CASE_NA|FUN=HmiApplication| [action] android.net.wifi.SCAN_RESULTS
01-01 00:52:24.895  3739  3739 E HMI2-SETTINGS - CI08.4: className -> WifiActivity | functionName -> mWifiScanReceiver -> onReceive | error ->intent_action:android.net.wifi.SCAN_RESULTS
01-01 00:52:24.896  1151  2229 I WifiService: getWifiEnabledState uid=1000
01-01 00:52:24.896  1151  1317 D ScanResultUtil: isScanResultForWapiPskNetwork: false
01-01 00:52:24.896  1151  1317 I chatty  : uid=1000(system) WifiStateMachin identical 2 lines
01-01 00:52:24.896  1151  1317 D ScanResultUtil: isScanResultForWapiPskNetwork: false
01-01 00:52:24.897  1151  1407 I WifiService: getConfiguredNetworks uid=1000
01-01 00:52:24.897  1151  1317 D ScanResultUtil: isScanResultForWapiPskNetwork: false
01-01 00:52:24.899  1151  1317 I chatty  : uid=1000(system) WifiStateMachin identical 52 lines
01-01 00:52:24.899  1151  1317 D ScanResultUtil: isScanResultForWapiPskNetwork: false
01-01 00:52:24.899  1151  1317 W WifiConfigManager: Looking up network with invalid networkId -1
01-01 00:52:24.901  1151  1317 D ScanResultUtil: isScanResultForWapiPskNetwork: false
01-01 00:52:24.903  1151  1317 I chatty  : uid=1000(system) WifiStateMachin identical 30 lines
01-01 00:52:24.903  1151  1317 D ScanResultUtil: isScanResultForWapiPskNetwork: false
01-01 00:52:24.903  3739  3739 W HMI2-SETTINGS: SWR_BAIDU_HMI_0027|SWR_BAIDU_HMI_0015|FUN=WifiActivity::getScanResults|1|Get list of available wifi hotspots.
01-01 00:52:24.910  3739  3739 W HMI2-SETTINGS - CI08.4: className -> WifiActivity | functionName -> isWapiVariantBlocked | value -> security_type:2
01-01 00:52:24.910  3739  3739 W HMI2-SETTINGS - CI08.4: className -> WifiActivity | functionName -> isInConnected | value -> |ACSIA_Management|0|2
01-01 00:52:24.910  3739  3739 W HMI2-SETTINGS - CI08.4: className -> WifiActivity | functionName -> isWapiVariantBlocked | value -> security_type:2
01-01 00:52:24.910  3739  3739 W HMI2-SETTINGS - CI08.4: className -> WifiActivity | functionName -> isInConnected | value -> |ACSIA_GUEST1|0|2
01-01 00:52:24.910  3739  3739 W HMI2-SETTINGS - CI08.4: className -> WifiActivity | functionName -> isWapiVariantBlocked | value -> security_type:2
01-01 00:52:24.910  3739  3739 W HMI2-SETTINGS - CI08.4: className -> WifiActivity | functionName -> isInConnected | value -> |RSE_Test|0|2
01-01 00:52:24.910  3739  3739 W HMI2-SETTINGS - CI08.4: className -> WifiActivity | functionName -> isWapiVariantBlocked | value -> security_type:2
01-01 00:52:24.910  3739  3739 W HMI2-SETTINGS - CI08.4: className -> WifiActivity | functionName -> isInConnected | value -> |ACSIA_CORP1|0|2
01-01 00:52:24.910  3739  3739 W HMI2-SETTINGS - CI08.4: className -> WifiActivity | functionName -> isWapiVariantBlocked | value -> security_type:2
01-01 00:52:24.910  3739  3739 W HMI2-SETTINGS - CI08.4: className -> WifiActivity | functionName -> isInConnected | value -> | ACSIA_CORP3|0|2
01-01 00:52:24.910  3739  3739 W HMI2-SETTINGS - CI08.4: className -> WifiActivity | functionName -> isWapiVariantBlocked | value -> security_type:2
01-01 00:52:24.910  3739  3739 W HMI2-SETTINGS - CI08.4: className -> WifiActivity | functionName -> isInConnected | value -> |ACSIA_CORP2|0|2
01-01 00:52:24.910  3739  3739 W HMI2-SETTINGS - CI08.4: className -> WifiActivity | functionName -> isWapiVariantBlocked | value -> security_type:2
01-01 00:52:24.910  3739  3739 W HMI2-SETTINGS - CI08.4: className -> WifiActivity | functionName -> isInConnected | value -> |ACSIA_DEV|0|2
01-01 00:52:24.910  3739  3739 W HMI2-SETTINGS - CI08.4: className -> WifiActivity | functionName -> isWapiVariantBlocked | value -> security_type:2
01-01 00:52:24.910  3739  3739 W HMI2-SETTINGS - CI08.4: className -> WifiActivity | functionName -> isInConnected | value -> |Secure|0|2
01-01 00:52:24.910  3739  3739 W HMI2-SETTINGS - CI08.4: className -> WifiActivity | functionName -> isWapiVariantBlocked | value -> security_type:2
01-01 00:52:24.910  3739  3739 W HMI2-SETTINGS - CI08.4: className -> WifiActivity | functionName -> isInConnected | value -> |NETGEAR66-5G|0|2
01-01 00:52:24.910  3739  3739 W HMI2-SETTINGS - CI08.4: className -> WifiActivity | functionName -> isWapiVariantBlocked | value -> security_type:2
01-01 00:52:24.910  3739  3739 W HMI2-SETTINGS - CI08.4: className -> WifiActivity | functionName -> isInConnected | value -> |ACSIA_Management|0|2
01-01 00:52:24.910  3739  3739 W HMI2-SETTINGS - CI08.4: className -> WifiActivity | functionName -> isWapiVariantBlocked | value -> security_type:2
01-01 00:52:24.910  3739  3739 W HMI2-SETTINGS - CI08.4: className -> WifiActivity | functionName -> isInConnected | value -> |ACSIA_CORP1|0|2
01-01 00:52:24.910  3739  3739 W HMI2-SETTINGS - CI08.4: className -> WifiActivity | functionName -> isWapiVariantBlocked | value -> security_type:2
01-01 00:52:24.911  3739  3739 W HMI2-SETTINGS - CI08.4: className -> WifiActivity | functionName -> isInConnected | value -> |ACSIA_GUEST1|0|2
01-01 00:52:24.911  3739  3739 W HMI2-SETTINGS - CI08.4: className -> WifiActivity | functionName -> isWapiVariantBlocked | value -> security_type:2
01-01 00:52:24.911  3739  3739 W HMI2-SETTINGS - CI08.4: className -> WifiActivity | functionName -> isInConnected | value -> |ACSIA_DEV|0|2
01-01 00:52:24.911  3739  3739 W HMI2-SETTINGS - CI08.4: className -> WifiActivity | functionName -> isWapiVariantBlocked | value -> security_type:2
01-01 00:52:24.911  3739  3739 W HMI2-SETTINGS - CI08.4: className -> WifiActivity | functionName -> isInConnected | value -> |ACSIA_CORP2|0|2
01-01 00:52:24.911  3739  3739 W HMI2-SETTINGS - CI08.4: className -> WifiActivity | functionName -> isWapiVariantBlocked | value -> security_type:2
01-01 00:52:24.911  3739  3739 W HMI2-SETTINGS - CI08.4: className -> WifiActivity | functionName -> isInConnected | value -> | ACSIA_CORP3|0|2
01-01 00:52:24.911  3739  3739 W HMI2-SETTINGS - CI08.4: className -> WifiActivity | functionName -> isWapiVariantBlocked | value -> security_type:2
01-01 00:52:24.911  3739  3739 W HMI2-SETTINGS - CI08.4: className -> WifiActivity | functionName -> isInConnected | value -> |RSE_Test|0|2
01-01 00:52:24.911  3739  3739 W HMI2-SETTINGS - CI08.4: className -> WifiActivity | functionName -> isWapiVariantBlocked | value -> security_type:2
01-01 00:52:24.911  3739  3739 W HMI2-SETTINGS - CI08.4: className -> WifiActivity | functionName -> isInConnected | value -> |HUWIFI|0|2
01-01 00:52:24.911  3739  3739 W HMI2-SETTINGS - CI08.4: className -> WifiActivity | functionName -> isWapiVariantBlocked | value -> security_type:2
01-01 00:52:24.911  3739  3739 W HMI2-SETTINGS - CI08.4: className -> WifiActivity | functionName -> isInConnected | value -> |DIRECT-vQINLT044msmJ|0|2
01-01 00:52:24.911  3739  3739 W HMI2-SETTINGS - CI08.4: className -> WifiActivity | functionName -> isWapiVariantBlocked | value -> security_type:2
01-01 00:52:24.911  3739  3739 W HMI2-SETTINGS - CI08.4: className -> WifiActivity | functionName -> isInConnected | value -> |DIRECT-DMATCLWI2064msNL|0|2
01-01 00:52:24.911  3739  3739 W HMI2-SETTINGS - CI08.4: className -> WifiActivity | functionName -> isWapiVariantBlocked | value -> security_type:2
01-01 00:52:24.911  3739  3739 W HMI2-SETTINGS - CI08.4: className -> WifiActivity | functionName -> isInConnected | value -> |AUTOMATION_TEST|0|2
01-01 00:52:24.911  3739  3739 W HMI2-SETTINGS - CI08.4: className -> WifiActivity | functionName -> isWapiVariantBlocked | value -> security_type:2
01-01 00:52:24.911  3739  3739 W HMI2-SETTINGS - CI08.4: className -> WifiActivity | functionName -> isInConnected | value -> |ACSIA_CORP1|0|2
01-01 00:52:24.911  3739  3739 W HMI2-SETTINGS - CI08.4: className -> WifiActivity | functionName -> isWapiVariantBlocked | value -> security_type:2
01-01 00:52:24.911  3739  3739 W HMI2-SETTINGS - CI08.4: className -> WifiActivity | functionName -> isInConnected | value -> |ACSIA_GUEST1|0|2
01-01 00:52:24.911  3739  3739 W HMI2-SETTINGS - CI08.4: className -> WifiActivity | functionName -> isWapiVariantBlocked | value -> security_type:2
01-01 00:52:24.911  3739  3739 W HMI2-SETTINGS - CI08.4: className -> WifiActivity | functionName -> isInConnected | value -> |ACSIA_CORP2|0|2
01-01 00:52:24.911  3739  3739 W HMI2-SETTINGS - CI08.4: className -> WifiActivity | functionName -> isWapiVariantBlocked | value -> security_type:2
01-01 00:52:24.911  3739  3739 W HMI2-SETTINGS - CI08.4: className -> WifiActivity | functionName -> isInConnected | value -> | ACSIA_CORP3|0|2
01-01 00:52:24.911  3739  3739 W HMI2-SETTINGS - CI08.4: className -> WifiActivity | functionName -> isWapiVariantBlocked | value -> security_type:2
01-01 00:52:24.911  3739  3739 W HMI2-SETTINGS - CI08.4: className -> WifiActivity | functionName -> isInConnected | value -> |ACSIA_Management|0|2
01-01 00:52:24.911  3739  3739 W HMI2-SETTINGS - CI08.4: className -> WifiActivity | functionName -> isWapiVariantBlocked | value -> security_type:2
01-01 00:52:24.911  3739  3739 W HMI2-SETTINGS - CI08.4: className -> WifiActivity | functionName -> isInConnected | value -> |RSE_Test|0|2
01-01 00:52:24.911  3739  3739 W HMI2-SETTINGS - CI08.4: className -> WifiActivity | functionName -> isWapiVariantBlocked | value -> security_type:2
01-01 00:52:24.911  3739  3739 W HMI2-SETTINGS - CI08.4: className -> WifiActivity | functionName -> isInConnected | value -> |ACSIA_DEV|0|2
01-01 00:52:24.911  3739  3739 W HMI2-SETTINGS - CI08.4: className -> WifiActivity | functionName -> isWapiVariantBlocked | value -> security_type:0
01-01 00:52:24.911  3739  3739 W HMI2-SETTINGS - CI08.4: className -> WifiActivity | functionName -> isInConnected | value -> |HP-Print-DB-LaserJet Pro MFP|0|0
01-01 00:52:24.911  3739  3739 W HMI2-SETTINGS - CI08.4: className -> WifiActivity | functionName -> isWapiVariantBlocked | value -> security_type:2
01-01 00:52:24.911  3739  3739 W HMI2-SETTINGS - CI08.4: className -> WifiActivity | functionName -> isInConnected | value -> |MB Hotspot 61185|0|2
01-01 00:52:24.911  3739  3739 W HMI2-SETTINGS - CI08.4: className -> WifiActivity | functionName -> handleAllAvailNetwork | value -> savedNetwork ->0
01-01 00:52:24.912  3739  3739 W HMI2-SETTINGS - CI08.4: className -> WifiActivity | functionName -> handleAllAvailNetwork | value -> presentVisibleNetwork ->29
01-01 00:52:24.914  3739  3739 W HMI2-SETTINGS - CI08.4: className -> WifiActivity | functionName -> handleIfWifiAvailableNetworks: config is  | value -> null
01-01 00:52:24.939  3675 16551 D UIAutomatorStub: URI: /jsonrpc/0, Method: POST, Header: {content-length=274, remote-addr=127.0.0.1, http-client-ip=127.0.0.1, host=localhost:9009, content-type=application/json, connection=close, accept-encoding=identity, user-agent=Python-urllib/2.7}, params, {NanoHttpd.QUERY_STRING=null}, files: {postData={"params": [{"childOrSiblingSelector": [], "scrollable": true, "mask": 16384, "childOrSibling": []}, {"childOrSiblingSelector": [], "text": "RSE_Test", "mask": 1, "childOrSibling": []}, true], "jsonrpc": "2.0", "method": "scrollTo", "id": "c4b792bae435eaded92d1ddfd4e6a3bd"}}
01-01 00:52:25.463  1933  1957 D LCMANDR : SWR_OOB_HV_MF_009|FUN=LifeCycleManagerService::LifeCycle_ReportCompStatus|GOT ALIVENESS SIGNAL FROM DAIAPP : [0]; HB Counter = [ 1244 ]; STATUS INFO = [ 0 ]
01-01 00:52:25.463  1519  1519 I Connectivity_AIDL|AIDL_Handler.AIDL_Helpers.LcmHelper: MBUX App Method: KeepAliveTest |Line No: 408 |Log Type: Critical |Message: MainThread:MBUX-App HB Count: 1246, ResponseCode: 0
01-01 00:52:25.588  3675 16551 D UiScrollable: scrollToBeginning() on selector = UiSelector[SCROLLABLE=true]
01-01 00:52:25.588  3675 16551 D UiScrollable: scrollBackward() on selector = UiSelector[SCROLLABLE=true]
01-01 00:52:25.596  3675 16551 I QueryController: Matched selector: UiSelector[SCROLLABLE=true] <<==>> [android.view.accessibility.AccessibilityNodeInfo@3283779; boundsInParent: Rect(0, 0 - 1332, 889); boundsInScreen: Rect(305, 172 - 1637, 1061); packageName: com.panasonic.hmi2settings; className: android.widget.ScrollView; text: null; error: null; maxTextLength: -1; contentDescription: null; viewIdResName: com.panasonic.hmi2settings:id/scrollWifi; checkable: false; checked: false; focusable: true; focused: false; selected: false; clickable: false; longClickable: false; contextClickable: false; enabled: true; password: false; scrollable: true; importantForAccessibility: true; actions: [AccessibilityAction: ACTION_FOCUS - null, AccessibilityAction: ACTION_SELECT - null, AccessibilityAction: ACTION_CLEAR_SELECTION - null, AccessibilityAction: ACTION_ACCESSIBILITY_FOCUS - null, AccessibilityAction: ACTION_SCROLL_FORWARD - null, AccessibilityAction: ACTION_SHOW_ON_SCREEN - null]]
01-01 00:52:25.596  3675 16551 D UiScrollable: scrollToBegining() using vertical scroll
01-01 00:52:25.596  3675 16551 D InteractionController: scrollSwipe (971, 260, 971, 973, 55)
01-01 00:52:25.786   729   748 I sssv-lib: sendMsg enter
01-01 00:52:25.787   729   748 I sssv-lib: sendMsg complete.
01-01 00:52:26.201  1933  1933 D LCMANDR : SWR_OOB_HV_MF_009|FUN=LifeCycleManagerService::getDAIAppAlivenessStatus|Aliveness:: DAIAPP HB DIFF = 2 [ DaimlerAppHBCounter ] = 1244[ DaimlerAppHBCounterOld ] = 1242
01-01 00:52:26.201  1933  1933 I LCMANDR : SWR_OOB_HV_MF_009|FUN=LifeCycleManagerService::getDAIAppAlivenessStatus|Aliveness::ANDROID HB IS VALID... setting OLD VAL, and resetting Fail Counter
01-01 00:52:26.204  1933  1933 I LCMANDR : SWR_OOB_HV_MF_009|FUN=LifeCycleManagerService::getDAIPID|DAIMLER APP(com.daimler.rse.ntg6) PID is [ 1519 ]
01-01 00:52:26.204  1933  1933 I LCMANDR : SWR_OOB_HV_MF_009|FUN=LifeCycleManagerService::getDAIAPPStatus|Aliveness::SAME PID! DAIAPP is not restarted
01-01 00:52:26.204  1933  1933 W LCMANDR : SWR_OOB_HV_MF_009|FUN=LifeCycleManagerService::getDAIAppAlivenessStatus|Aliveness::Status to send id : ALIVE
01-01 00:52:26.204  1933  1933 D LCMANDR : SWR_OOB_HV_MF_005|FUN=LifeCycleManagerService::sendPacketToLnx|data = [B@8125e48
01-01 00:52:26.204  1933  1933 D LCMANDR : SWR_OOB_HV_MF_009|FUN=LifeCycleManagerService::postAppsStatusInfo|Setting AppPacket info
01-01 00:52:26.204  1933  1933 I LCMANDR : SWR_OOB_HV_MF_009|FUN=AlivenessMonitoring::getRunningApps| packet sent
01-01 00:52:26.204  1933  1956 D LCMANDR : SWR_OOB_HV_MF_010|FUN=LifeCycleManagerService::RseNodeStateManagement|SEND_IGC_CB
01-01 00:52:26.204  1933  1956 I LCMANDR : SWR_OOB_HV_MF_005|FUN=LifeCycleManagerService::igcsendData|Call hit in RSENodeStateManagement::igcsendData
01-01 00:52:26.204  1933  1956 I LCMANDR : SWR_OOB_HV_MF_005|FUN=LifeCycleManagerService::igcsendData|SEND DATA LEN is : 15
01-01 00:52:26.204  1933  1956 I LCMANDR : SWR_OOB_HV_MF_007|FUN=LifeCycleManagerService::sendPacketFromIntentService|Package to send : [ 65, 0, 0, 0, 9, 0, 2, 0, 1, 0, 5, 65, 65, 0, 0, ]
01-01 00:52:26.205  1933  1956 I IGC     :  IGC::sendData ==> [ 65, 0, 0, 0, 9, 0, 2, 0, 1, 0, 5, 65, 65, 0, 0,  ]
01-01 00:52:26.205  1933  1956 I IGC     :  Igc::sendData data size is :: 15
01-01 00:52:26.205  1933  1956 D         : Enqueue: sem count = 1
01-01 00:52:26.205  1933  1956 I LCMANDR : SWR_OOB_HV_MF_007|FUN=LifeCycleManagerService::sendPacketFromIntentService|Sending Data to Linux is successful( [65, 0, 0, 0, 9, 0, 2, 0, 1, 0, 5, 65, 65, 0, 0] )
01-01 00:52:26.205  1933  1956 I LCMANDR : SWR_OOB_HV_MF_005|FUN=LifeCycleManagerService::igcsendData| DATA SEND SUCCESSFULLY 
01-01 00:52:26.349  1933  1933 I LCMANDR : SWR_OOB_HV_MF_009|FUN=ResourceMonitoringService::movingMemoryAverage|2|Moving memory average :31.134502
01-01 00:52:26.349  1933  1933 W LCMANDR : SWR_OOB_HV_MF_009|FUN=ResourceMonitoringService::getCpuUsageStatistic|Moving MEM AVG :::::::::31.134502
01-01 00:52:26.351  1933  1933 W LCMANDR : SWR_OOB_HV_MF_009|FUN=ResourceMonitoringService::getCpuUsageStatistic|2|Total cpu usage :29.445072
01-01 00:52:26.352  1933  1933 I LCMANDR : SWR_OOB_HV_MF_009|FUN=ResourceMonitoringService::getCpuUsageStatistic|Cpu usage of core  0 is32.98611
01-01 00:52:26.352  1933  1933 I LCMANDR : SWR_OOB_HV_MF_009|FUN=ResourceMonitoringService::getCpuUsageStatistic|Cpu usage of core  1 is26.440678
01-01 00:52:26.352  1933  1933 I LCMANDR : SWR_OOB_HV_MF_009|FUN=ResourceMonitoringService::getCpuUsageStatistic|Cpu usage of core  2 is29.0
01-01 00:52:26.352  1933  1933 I LCMANDR : ResourceMonitoringService::movingCpuAverage()
01-01 00:52:26.352  1933  1933 I LCMANDR : SWR_OOB_HV_MF_009|FUN=ResourceMonitoringService::movingCpuAverage|2|Moving window average of CPU 24.11121
01-01 00:52:26.352  1933  1933 I LCMANDR : SWR_OOB_HV_MF_009|FUN=ResourceMonitoringService::movingCpuAverage|2|Cpu moving average of core  0 is25.276215
01-01 00:52:26.352  1933  1933 I LCMANDR : SWR_OOB_HV_MF_009|FUN=ResourceMonitoringService::movingCpuAverage|2|Cpu moving average of core  1 is20.475857
01-01 00:52:26.352  1933  1933 I LCMANDR : SWR_OOB_HV_MF_009|FUN=ResourceMonitoringService::movingCpuAverage|2|Cpu moving average of core  2 is26.557201
01-01 00:52:26.352  1933  1933 D LCMANDR : SWR_OOB_HV_MF_009|FUN=ResourceMonitoringService::movingCpuAverage|2|Exiting VAL = 24.11121
01-01 00:52:26.441   635   635 E ANDR-PERF-TARGET: Error: Invalid logical cluster id 0
01-01 00:52:26.441   635   635 E ANDR-PERF-MPCTL: invalid request, no optimizations performed
01-01 00:52:26.458   635   635 E ANDR-PERF-TARGET: Error: Invalid logical cluster id 0
01-01 00:52:26.458   635   635 E ANDR-PERF-MPCTL: invalid request, no optimizations performed
01-01 00:52:26.475   635   635 E ANDR-PERF-TARGET: Error: Invalid logical cluster id 0
01-01 00:52:26.475   635   635 E ANDR-PERF-MPCTL: invalid request, no optimizations performed
01-01 00:52:26.491   635   635 E ANDR-PERF-TARGET: Error: Invalid logical cluster id 0
01-01 00:52:26.491   635   635 E ANDR-PERF-MPCTL: invalid request, no optimizations performed
01-01 00:52:26.508   635   635 E ANDR-PERF-TARGET: Error: Invalid logical cluster id 0
01-01 00:52:26.508   635   635 E ANDR-PERF-MPCTL: invalid request, no optimizations performed
01-01 00:52:26.508   635   635 E ANDR-PERF-TARGET: Error: Invalid logical cluster id 0
01-01 00:52:26.508   635   635 E ANDR-PERF-MPCTL: invalid request, no optimizations performed
01-01 00:52:26.525   635   635 E ANDR-PERF-TARGET: Error: Invalid logical cluster id 0
01-01 00:52:26.525   635   635 E ANDR-PERF-MPCTL: invalid request, no optimizations performed
01-01 00:52:26.541   635   635 E ANDR-PERF-TARGET: Error: Invalid logical cluster id 0
01-01 00:52:26.541   635   635 E ANDR-PERF-MPCTL: invalid request, no optimizations performed
01-01 00:52:26.558   635   635 E ANDR-PERF-TARGET: Error: Invalid logical cluster id 0
01-01 00:52:26.558   635   635 E ANDR-PERF-MPCTL: invalid request, no optimizations performed
01-01 00:52:26.575   635   635 E ANDR-PERF-TARGET: Error: Invalid logical cluster id 0
01-01 00:52:26.575   635   635 E ANDR-PERF-MPCTL: invalid request, no optimizations performed
01-01 00:52:26.592   635   635 E ANDR-PERF-TARGET: Error: Invalid logical cluster id 0
01-01 00:52:26.592   635   635 E ANDR-PERF-MPCTL: invalid request, no optimizations performed
01-01 00:52:26.608   635   635 E ANDR-PERF-TARGET: Error: Invalid logical cluster id 0
01-01 00:52:26.608   635   635 E ANDR-PERF-MPCTL: invalid request, no optimizations performed
01-01 00:52:26.625   635   635 E ANDR-PERF-TARGET: Error: Invalid logical cluster id 0
01-01 00:52:26.625   635   635 E ANDR-PERF-MPCTL: invalid request, no optimizations performed
01-01 00:52:26.642   635   635 E ANDR-PERF-TARGET: Error: Invalid logical cluster id 0
01-01 00:52:26.642   635   635 E ANDR-PERF-MPCTL: invalid request, no optimizations performed
01-01 00:52:26.658   635   635 E ANDR-PERF-TARGET: Error: Invalid logical cluster id 0
01-01 00:52:26.658   635   635 E ANDR-PERF-MPCTL: invalid request, no optimizations performed
01-01 00:52:26.675   635   635 E ANDR-PERF-TARGET: Error: Invalid logical cluster id 0
01-01 00:52:26.675   635   635 E ANDR-PERF-MPCTL: invalid request, no optimizations performed
01-01 00:52:26.692   635   635 E ANDR-PERF-TARGET: Error: Invalid logical cluster id 0
01-01 00:52:26.692   635   635 E ANDR-PERF-MPCTL: invalid request, no optimizations performed
01-01 00:52:26.702  3675 16551 W InteractionController: runAndwaitForEvents timed out waiting for events
01-01 00:52:26.709   635   635 E ANDR-PERF-TARGET: Error: Invalid logical cluster id 0
01-01 00:52:26.709   635   635 E ANDR-PERF-MPCTL: invalid request, no optimizations performed
01-01 00:52:26.710  3675 16551 D UiScrollable: scrollForward() on selector = UiSelector[SCROLLABLE=true]
01-01 00:52:26.719  3675 16551 I QueryController: Matched selector: UiSelector[SCROLLABLE=true] <<==>> [android.view.accessibility.AccessibilityNodeInfo@3283779; boundsInParent: Rect(0, 0 - 1332, 889); boundsInScreen: Rect(305, 172 - 1637, 1061); packageName: com.panasonic.hmi2settings; className: android.widget.ScrollView; text: null; error: null; maxTextLength: -1; contentDescription: null; viewIdResName: com.panasonic.hmi2settings:id/scrollWifi; checkable: false; checked: false; focusable: true; focused: false; selected: false; clickable: false; longClickable: false; contextClickable: false; enabled: true; password: false; scrollable: true; importantForAccessibility: true; actions: [AccessibilityAction: ACTION_FOCUS - null, AccessibilityAction: ACTION_SELECT - null, AccessibilityAction: ACTION_CLEAR_SELECTION - null, AccessibilityAction: ACTION_ACCESSIBILITY_FOCUS - null, AccessibilityAction: ACTION_SCROLL_FORWARD - null, AccessibilityAction: ACTION_SHOW_ON_SCREEN - null]]
01-01 00:52:26.719  3675 16551 D InteractionController: scrollSwipe (971, 973, 971, 260, 55)
01-01 00:52:26.725   635   635 E ANDR-PERF-TARGET: Error: Invalid logical cluster id 0
01-01 00:52:26.725   635   635 E ANDR-PERF-MPCTL: invalid request, no optimizations performed
01-01 00:52:26.742   635   635 E ANDR-PERF-TARGET: Error: Invalid logical cluster id 0
01-01 00:52:26.742   635   635 E ANDR-PERF-MPCTL: invalid request, no optimizations performed
01-01 00:52:26.759   635   635 E ANDR-PERF-TARGET: Error: Invalid logical cluster id 0
01-01 00:52:26.759   635   635 E ANDR-PERF-MPCTL: invalid request, no optimizations performed
01-01 00:52:26.775   635   635 E ANDR-PERF-TARGET: Error: Invalid logical cluster id 0
01-01 00:52:26.775   635   635 E ANDR-PERF-MPCTL: invalid request, no optimizations performed
01-01 00:52:26.787   729   748 I sssv-lib: sendMsg enter
01-01 00:52:26.787   729   748 I sssv-lib: sendMsg complete.
01-01 00:52:26.792   635   635 E ANDR-PERF-TARGET: Error: Invalid logical cluster id 0
01-01 00:52:26.792   635   635 E ANDR-PERF-MPCTL: invalid request, no optimizations performed
01-01 00:52:26.809   635   635 E ANDR-PERF-TARGET: Error: Invalid logical cluster id 0
01-01 00:52:26.809   635   635 E ANDR-PERF-MPCTL: invalid request, no optimizations performed
01-01 00:52:26.825   635   635 E ANDR-PERF-TARGET: Error: Invalid logical cluster id 0
01-01 00:52:26.825   635   635 E ANDR-PERF-MPCTL: invalid request, no optimizations performed
01-01 00:52:26.842   635   635 E ANDR-PERF-TARGET: Error: Invalid logical cluster id 0
01-01 00:52:26.842   635   635 E ANDR-PERF-MPCTL: invalid request, no optimizations performed
01-01 00:52:26.859   635   635 E ANDR-PERF-TARGET: Error: Invalid logical cluster id 0
01-01 00:52:26.859   635   635 E ANDR-PERF-MPCTL: invalid request, no optimizations performed
01-01 00:52:26.876   635   635 E ANDR-PERF-TARGET: Error: Invalid logical cluster id 0
01-01 00:52:26.876   635   635 E ANDR-PERF-MPCTL: invalid request, no optimizations performed
01-01 00:52:26.892   635   635 E ANDR-PERF-TARGET: Error: Invalid logical cluster id 0
01-01 00:52:26.892   635   635 E ANDR-PERF-MPCTL: invalid request, no optimizations performed
01-01 00:52:26.909   635   635 E ANDR-PERF-TARGET: Error: Invalid logical cluster id 0
01-01 00:52:26.909   635   635 E ANDR-PERF-MPCTL: invalid request, no optimizations performed
01-01 00:52:26.926   635   635 E ANDR-PERF-TARGET: Error: Invalid logical cluster id 0
01-01 00:52:26.926   635   635 E ANDR-PERF-MPCTL: invalid request, no optimizations performed
01-01 00:52:26.942   635   635 E ANDR-PERF-TARGET: Error: Invalid logical cluster id 0
01-01 00:52:26.942   635   635 E ANDR-PERF-MPCTL: invalid request, no optimizations performed
01-01 00:52:26.959   635   635 E ANDR-PERF-TARGET: Error: Invalid logical cluster id 0
01-01 00:52:26.959   635   635 E ANDR-PERF-MPCTL: invalid request, no optimizations performed
01-01 00:52:26.976   635   635 E ANDR-PERF-TARGET: Error: Invalid logical cluster id 0
01-01 00:52:26.976   635   635 E ANDR-PERF-MPCTL: invalid request, no optimizations performed
01-01 00:52:26.992   635   635 E ANDR-PERF-TARGET: Error: Invalid logical cluster id 0
01-01 00:52:26.993   635   635 E ANDR-PERF-MPCTL: invalid request, no optimizations performed
01-01 00:52:27.009   635   635 E ANDR-PERF-TARGET: Error: Invalid logical cluster id 0
01-01 00:52:27.009   635   635 E ANDR-PERF-MPCTL: invalid request, no optimizations performed
01-01 00:52:27.026   635   635 E ANDR-PERF-TARGET: Error: Invalid logical cluster id 0
01-01 00:52:27.026   635   635 E ANDR-PERF-MPCTL: invalid request, no optimizations performed
01-01 00:52:27.043   635   635 E ANDR-PERF-TARGET: Error: Invalid logical cluster id 0
01-01 00:52:27.043   635   635 E ANDR-PERF-MPCTL: invalid request, no optimizations performed
01-01 00:52:27.059   635   635 E ANDR-PERF-TARGET: Error: Invalid logical cluster id 0
01-01 00:52:27.059   635   635 E ANDR-PERF-MPCTL: invalid request, no optimizations performed
01-01 00:52:27.076   635   635 E ANDR-PERF-TARGET: Error: Invalid logical cluster id 0
01-01 00:52:27.076   635   635 E ANDR-PERF-MPCTL: invalid request, no optimizations performed
01-01 00:52:27.093   635   635 E ANDR-PERF-TARGET: Error: Invalid logical cluster id 0
01-01 00:52:27.093   635   635 E ANDR-PERF-MPCTL: invalid request, no optimizations performed
01-01 00:52:27.110   635   635 E ANDR-PERF-TARGET: Error: Invalid logical cluster id 0
01-01 00:52:27.110   635   635 E ANDR-PERF-MPCTL: invalid request, no optimizations performed
01-01 00:52:27.126   635   635 E ANDR-PERF-TARGET: Error: Invalid logical cluster id 0
01-01 00:52:27.126   635   635 E ANDR-PERF-MPCTL: invalid request, no optimizations performed
01-01 00:52:27.143   635   635 E ANDR-PERF-TARGET: Error: Invalid logical cluster id 0
01-01 00:52:27.143   635   635 E ANDR-PERF-MPCTL: invalid request, no optimizations performed
01-01 00:52:27.160   635   635 E ANDR-PERF-TARGET: Error: Invalid logical cluster id 0
01-01 00:52:27.160   635   635 E ANDR-PERF-MPCTL: invalid request, no optimizations performed
01-01 00:52:27.176   635   635 E ANDR-PERF-TARGET: Error: Invalid logical cluster id 0
01-01 00:52:27.176   635   635 E ANDR-PERF-MPCTL: invalid request, no optimizations performed
01-01 00:52:27.193   635   635 E ANDR-PERF-TARGET: Error: Invalid logical cluster id 0
01-01 00:52:27.193   635   635 E ANDR-PERF-MPCTL: invalid request, no optimizations performed
01-01 00:52:27.210   635   635 E ANDR-PERF-TARGET: Error: Invalid logical cluster id 0
01-01 00:52:27.210   635   635 E ANDR-PERF-MPCTL: invalid request, no optimizations performed
01-01 00:52:27.226   625   625 D WifiHAL : Start get packet fate command
01-01 00:52:27.226   635   635 E ANDR-PERF-TARGET: Error: Invalid logical cluster id 0
01-01 00:52:27.227   635   635 E ANDR-PERF-MPCTL: invalid request, no optimizations performed
01-01 00:52:27.227   625   625 D WifiHAL : createRequest Get Tx packet fate request
01-01 00:52:27.227   625   625 E WifiHAL : Failed to register get pkt fate response; result = -95
01-01 00:52:27.227  1151  1317 E WifiVendorHal: getTxPktFates(l.2067) failed {.code = ERROR_UNKNOWN, .description = errno: -95 (Unknown error -95)}
01-01 00:52:27.228   625   625 D WifiHAL : Start get packet fate command
01-01 00:52:27.228   625   625 D WifiHAL : createRequest Get Rx packet fate request
01-01 00:52:27.228   625   625 E WifiHAL : Failed to register get pkt fate response; result = -95
01-01 00:52:27.229  1151  1317 E WifiVendorHal: getRxPktFates(l.2107) failed {.code = ERROR_UNKNOWN, .description = errno: -95 (Unknown error -95)}
01-01 00:52:27.243   635   635 E ANDR-PERF-TARGET: Error: Invalid logical cluster id 0
01-01 00:52:27.243   635   635 E ANDR-PERF-MPCTL: invalid request, no optimizations performed
01-01 00:52:27.260   635   635 E ANDR-PERF-TARGET: Error: Invalid logical cluster id 0
01-01 00:52:27.260   635   635 E ANDR-PERF-MPCTL: invalid request, no optimizations performed
01-01 00:52:27.277   635   635 E ANDR-PERF-TARGET: Error: Invalid logical cluster id 0
01-01 00:52:27.277   635   635 E ANDR-PERF-MPCTL: invalid request, no optimizations performed
01-01 00:52:27.293   635   635 E ANDR-PERF-TARGET: Error: Invalid logical cluster id 0
01-01 00:52:27.293   635   635 E ANDR-PERF-MPCTL: invalid request, no optimizations performed
01-01 00:52:27.298   625   625 D WifiHAL : Start get packet fate command
01-01 00:52:27.298   625   625 D WifiHAL : createRequest Get Tx packet fate request
01-01 00:52:27.298   625   625 E WifiHAL : Failed to register get pkt fate response; result = -95
01-01 00:52:27.301  1151  1317 E WifiVendorHal: getTxPktFates(l.2067) failed {.code = ERROR_UNKNOWN, .description = errno: -95 (Unknown error -95)}
01-01 00:52:27.302   625   625 D WifiHAL : Start get packet fate command
01-01 00:52:27.302   625   625 D WifiHAL : createRequest Get Rx packet fate request
01-01 00:52:27.302   625   625 E WifiHAL : Failed to register get pkt fate response; result = -95
01-01 00:52:27.305  1151  1317 E WifiVendorHal: getRxPktFates(l.2107) failed {.code = ERROR_UNKNOWN, .description = errno: -95 (Unknown error -95)}
01-01 00:52:27.310   635   635 E ANDR-PERF-TARGET: Error: Invalid logical cluster id 0
01-01 00:52:27.310   635   635 E ANDR-PERF-MPCTL: invalid request, no optimizations performed
01-01 00:52:27.327   635   635 E ANDR-PERF-TARGET: Error: Invalid logical cluster id 0
01-01 00:52:27.327   635   635 E ANDR-PERF-MPCTL: invalid request, no optimizations performed
01-01 00:52:27.343   635   635 E ANDR-PERF-TARGET: Error: Invalid logical cluster id 0
01-01 00:52:27.344   635   635 E ANDR-PERF-MPCTL: invalid request, no optimizations performed
01-01 00:52:27.360   635   635 E ANDR-PERF-TARGET: Error: Invalid logical cluster id 0
01-01 00:52:27.360   635   635 E ANDR-PERF-MPCTL: invalid request, no optimizations performed
01-01 00:52:27.377   635   635 E ANDR-PERF-TARGET: Error: Invalid logical cluster id 0
01-01 00:52:27.377   635   635 E ANDR-PERF-MPCTL: invalid request, no optimizations performed
01-01 00:52:27.394   635   635 E ANDR-PERF-TARGET: Error: Invalid logical cluster id 0
01-01 00:52:27.394   635   635 E ANDR-PERF-MPCTL: invalid request, no optimizations performed
01-01 00:52:27.410   635   635 E ANDR-PERF-TARGET: Error: Invalid logical cluster id 0
01-01 00:52:27.410   635   635 E ANDR-PERF-MPCTL: invalid request, no optimizations performed
01-01 00:52:27.427   635   635 E ANDR-PERF-TARGET: Error: Invalid logical cluster id 0
01-01 00:52:27.427   635   635 E ANDR-PERF-MPCTL: invalid request, no optimizations performed
01-01 00:52:27.444   635   635 E ANDR-PERF-TARGET: Error: Invalid logical cluster id 0
01-01 00:52:27.444   635   635 E ANDR-PERF-MPCTL: invalid request, no optimizations performed
01-01 00:52:27.460   635   635 E ANDR-PERF-TARGET: Error: Invalid logical cluster id 0
01-01 00:52:27.460   635   635 E ANDR-PERF-MPCTL: invalid request, no optimizations performed
01-01 00:52:27.477   635   635 E ANDR-PERF-TARGET: Error: Invalid logical cluster id 0
01-01 00:52:27.477   635   635 E ANDR-PERF-MPCTL: invalid request, no optimizations performed
01-01 00:52:27.494   635   635 E ANDR-PERF-TARGET: Error: Invalid logical cluster id 0
01-01 00:52:27.494   635   635 E ANDR-PERF-MPCTL: invalid request, no optimizations performed
01-01 00:52:27.510   635   635 E ANDR-PERF-TARGET: Error: Invalid logical cluster id 0
01-01 00:52:27.510   635   635 E ANDR-PERF-MPCTL: invalid request, no optimizations performed
01-01 00:52:27.527   635   635 E ANDR-PERF-TARGET: Error: Invalid logical cluster id 0
01-01 00:52:27.527   635   635 E ANDR-PERF-MPCTL: invalid request, no optimizations performed
01-01 00:52:27.544   635   635 E ANDR-PERF-TARGET: Error: Invalid logical cluster id 0
01-01 00:52:27.544   635   635 E ANDR-PERF-MPCTL: invalid request, no optimizations performed
01-01 00:52:27.560   635   635 E ANDR-PERF-TARGET: Error: Invalid logical cluster id 0
01-01 00:52:27.561   635   635 E ANDR-PERF-MPCTL: invalid request, no optimizations performed
01-01 00:52:27.577   635   635 E ANDR-PERF-TARGET: Error: Invalid logical cluster id 0
01-01 00:52:27.577   635   635 E ANDR-PERF-MPCTL: invalid request, no optimizations performed
01-01 00:52:27.594   635   635 E ANDR-PERF-TARGET: Error: Invalid logical cluster id 0
01-01 00:52:27.594   635   635 E ANDR-PERF-MPCTL: invalid request, no optimizations performed
01-01 00:52:27.611   635   635 E ANDR-PERF-TARGET: Error: Invalid logical cluster id 0
01-01 00:52:27.611   635   635 E ANDR-PERF-MPCTL: invalid request, no optimizations performed
01-01 00:52:27.627   635   635 E ANDR-PERF-TARGET: Error: Invalid logical cluster id 0
01-01 00:52:27.627   635   635 E ANDR-PERF-MPCTL: invalid request, no optimizations performed
01-01 00:52:27.628   635   635 E ANDR-PERF-TARGET: Error: Invalid logical cluster id 0
01-01 00:52:27.628   635   635 E ANDR-PERF-MPCTL: invalid request, no optimizations performed
01-01 00:52:27.644   635   635 E ANDR-PERF-TARGET: Error: Invalid logical cluster id 0
01-01 00:52:27.644   635   635 E ANDR-PERF-MPCTL: invalid request, no optimizations performed
01-01 00:52:27.652  2054  2054 E         : 
01-01 00:52:27.652  2054  2054 E         : Buffer Size = 1048576
01-01 00:52:27.661   635   635 E ANDR-PERF-TARGET: Error: Invalid logical cluster id 0
01-01 00:52:27.661   635   635 E ANDR-PERF-MPCTL: invalid request, no optimizations performed
01-01 00:52:27.677  2054  2054 E         : 
01-01 00:52:27.677  2054  2054 E         : <6>[ 2823.484750] QSEECOM: scm_call_qcpe:429 : IN: 0x42000d0a, 0x3, 0x0, 0x40bf, 0x79a, 0x0, 0x0
01-01 00:52:27.677  2054  2054 E         : <6>[ 2823.486061] QSEECOM: scm_call_qcpe:503 : OUT: 0x0, 0x1, 0x0, 0x0
01-01 00:52:27.677  2054  2054 E         : <6>[ 2823.501783] QSEECOM: scm_call_qcpe:429 : IN: 0x42000d0a, 0x3, 0x0, 0x4286, 0x7a6, 0x0, 0x0
01-01 00:52:27.677  2054  2054 E         : <6>[ 2823.503554] QSEECOM: scm_call_qcpe:503 : OUT: 0x0, 0x0, 0x0, 0x0
01-01 00:52:27.677  2054  2054 E         : <6>[ 2823.519061] QSEECOM: scm_call_qcpe:429 : IN: 0x42000d0a, 0x3, 0x0, 0x4380, 0x790, 0x0, 0x0
01-01 00:52:27.677  2054  2054 E         : <6>[ 2823.520484] QSEECOM: scm_call_qcpe:503 : OUT: 0x0, 0x0, 0x0, 0x0
01-01 00:52:27.677  2054  2054 E         : <6>[ 2823.536003] QSEECOM: scm_call_qcpe:429 : IN: 0x42000d0a, 0x3, 0x0, 0x422c, 0x79e, 0x0, 0x0
01-01 00:52:27.677  2054  2054 E         : <6>[ 2823.537973] QSEECOM: scm_call_qcpe:503 : OUT: 0x0, 0x0, 0x0, 0x0
01-01 00:52:27.677  2054  2054 E         : <6>[ 2823.551948] QSEECOM: scm_call_qcpe:429 : IN: 0x42000d0a, 0x3, 0x0, 0x3e48, 0x7a4, 0x0, 0x0
01-01 00:52:27.677  2054  2054 E         : <6>[ 2823.553716] QSEECOM: scm_call_qcpe:503 : OUT: 0x0, 0x0, 0x0, 0x0
01-01 00:52:27.677  2054  2054 E         : <6>[ 2823.568748] QSEECOM: scm_call_qcpe:429 : IN: 0x42000d0a, 0x3, 0x0, 0x41a1, 0x792, 0x0, 0x0
01-01 00:52:27.677  2054  2054 E         : <6>[ 2823.569776] QSEECOM: scm_call_qcpe:503 : OUT: 0x0, 0x1, 0x0, 0x0
01-01 00:52:27.677  2054  2054 E         : <6>[ 2823.5850
01-01 00:52:27.678   635   635 E ANDR-PERF-TARGET: Error: Invalid logical cluster id 0
01-01 00:52:27.678   635   635 E ANDR-PERF-MPCTL: invalid request, no optimizations performed
01-01 00:52:27.682  2054  2054 E         : USB Hub Detector 1.0
01-01 00:52:27.694   635   635 E ANDR-PERF-TARGET: Error: Invalid logical cluster id 0
01-01 00:52:27.694   635   635 E ANDR-PERF-MPCTL: invalid request, no optimizations performed
01-01 00:52:27.711   635   635 E ANDR-PERF-TARGET: Error: Invalid logical cluster id 0
01-01 00:52:27.711   635   635 E ANDR-PERF-MPCTL: invalid request, no optimizations performed
01-01 00:52:27.727   635   635 E ANDR-PERF-TARGET: Error: Invalid logical cluster id 0
01-01 00:52:27.728   635   635 E ANDR-PERF-MPCTL: invalid request, no optimizations performed
01-01 00:52:27.744   635   635 E ANDR-PERF-TARGET: Error: Invalid logical cluster id 0
01-01 00:52:27.744   635   635 E ANDR-PERF-MPCTL: invalid request, no optimizations performed
01-01 00:52:27.761   635   635 E ANDR-PERF-TARGET: Error: Invalid logical cluster id 0
01-01 00:52:27.761   635   635 E ANDR-PERF-MPCTL: invalid request, no optimizations performed
01-01 00:52:27.777   635   635 E ANDR-PERF-TARGET: Error: Invalid logical cluster id 0
01-01 00:52:27.778   635   635 E ANDR-PERF-MPCTL: invalid request, no optimizations performed
01-01 00:52:27.788   729   748 I sssv-lib: sendMsg enter
01-01 00:52:27.788   729   748 I sssv-lib: sendMsg complete.
01-01 00:52:27.794   635   635 E ANDR-PERF-TARGET: Error: Invalid logical cluster id 0
01-01 00:52:27.794   635   635 E ANDR-PERF-MPCTL: invalid request, no optimizations performed
01-01 00:52:27.811   635   635 E ANDR-PERF-TARGET: Error: Invalid logical cluster id 0
01-01 00:52:27.811   635   635 E ANDR-PERF-MPCTL: invalid request, no optimizations performed
01-01 00:52:27.822  3675 16551 W InteractionController: runAndwaitForEvents timed out waiting for events
01-01 00:52:27.822  3675 16551 D InteractionController: Vertical scrollSwipe reached scroll end: false
01-01 00:52:27.828   635   635 E ANDR-PERF-TARGET: Error: Invalid logical cluster id 0
01-01 00:52:27.828   635   635 E ANDR-PERF-MPCTL: invalid request, no optimizations performed
01-01 00:52:27.844   635   635 E ANDR-PERF-TARGET: Error: Invalid logical cluster id 0
01-01 00:52:27.844   635   635 E ANDR-PERF-MPCTL: invalid request, no optimizations performed
01-01 00:52:27.861   635   635 E ANDR-PERF-TARGET: Error: Invalid logical cluster id 0
01-01 00:52:27.861   635   635 E ANDR-PERF-MPCTL: invalid request, no optimizations performed
01-01 00:52:27.878   635   635 E ANDR-PERF-TARGET: Error: Invalid logical cluster id 0
01-01 00:52:27.878   635   635 E ANDR-PERF-MPCTL: invalid request, no optimizations performed
01-01 00:52:27.894   635   635 E ANDR-PERF-TARGET: Error: Invalid logical cluster id 0
01-01 00:52:27.895   635   635 E ANDR-PERF-MPCTL: invalid request, no optimizations performed
01-01 00:52:27.911   635   635 E ANDR-PERF-TARGET: Error: Invalid logical cluster id 0
01-01 00:52:27.911   635   635 E ANDR-PERF-MPCTL: invalid request, no optimizations performed
01-01 00:52:27.928   635   635 E ANDR-PERF-TARGET: Error: Invalid logical cluster id 0
01-01 00:52:27.928   635   635 E ANDR-PERF-MPCTL: invalid request, no optimizations performed
01-01 00:52:27.945   635   635 E ANDR-PERF-TARGET: Error: Invalid logical cluster id 0
01-01 00:52:27.945   635   635 E ANDR-PERF-MPCTL: invalid request, no optimizations performed
01-01 00:52:27.961   635   635 E ANDR-PERF-TARGET: Error: Invalid logical cluster id 0
01-01 00:52:27.961   635   635 E ANDR-PERF-MPCTL: invalid request, no optimizations performed
01-01 00:52:27.978   635   635 E ANDR-PERF-TARGET: Error: Invalid logical cluster id 0
01-01 00:52:27.978   635   635 E ANDR-PERF-MPCTL: invalid request, no optimizations performed
01-01 00:52:27.995   635   635 E ANDR-PERF-TARGET: Error: Invalid logical cluster id 0
01-01 00:52:27.995   635   635 E ANDR-PERF-MPCTL: invalid request, no optimizations performed
01-01 00:52:28.011   635   635 E ANDR-PERF-TARGET: Error: Invalid logical cluster id 0
01-01 00:52:28.012   635   635 E ANDR-PERF-MPCTL: invalid request, no optimizations performed
01-01 00:52:28.527  3675 16551 I QueryController: Matched selector: UiSelector[SCROLLABLE=true, CHILD=UiSelector[TEXT=RSE_Test]] <<==>> [android.view.accessibility.AccessibilityNodeInfo@32a4144; boundsInParent: Rect(0, 0 - 1078, 77); boundsInScreen: Rect(354, 490 - 1431, 567); packageName: com.panasonic.hmi2settings; className: android.widget.TextView; text: RSE_Test; error: null; maxTextLength: -1; contentDescription: null; viewIdResName: com.panasonic.hmi2settings:id/wifiName; checkable: false; checked: false; focusable: false; focused: false; selected: false; clickable: false; longClickable: false; contextClickable: false; enabled: true; password: false; scrollable: false; importantForAccessibility: true; actions: [AccessibilityAction: ACTION_SELECT - null, AccessibilityAction: ACTION_CLEAR_SELECTION - null, AccessibilityAction: ACTION_ACCESSIBILITY_FOCUS - null, AccessibilityAction: ACTION_NEXT_AT_MOVEMENT_GRANULARITY - null, AccessibilityAction: ACTION_PREVIOUS_AT_MOVEMENT_GRANULARITY - null, AccessibilityAction: ACTION_SET_SELECTION - null, AccessibilityAction: ACTION_SHOW_ON_SCREEN - null]]
01-01 00:52:28.535  3675 16552 D UIAutomatorStub: URI: /jsonrpc/0, Method: POST, Header: {content-length=176, remote-addr=127.0.0.1, http-client-ip=127.0.0.1, host=localhost:9009, content-type=application/json, connection=close, accept-encoding=identity, user-agent=Python-urllib/2.7}, params, {NanoHttpd.QUERY_STRING=null}, files: {postData={"params": [{"childOrSiblingSelector": [], "text": "RSE_Test", "mask": 1, "childOrSibling": []}], "jsonrpc": "2.0", "method": "click", "id": "cfc2ac16711a9737f0f21b2429d08263"}}
01-01 00:52:28.604  3739  3739 W ContextImpl: Calling a method in the system process without a qualified user: android.app.ContextImpl.startService:1476 android.content.ContextWrapper.startService:650 android.view.View.setSystemUiVisibility:22653 com.panasonic.hmi2settings.activity.WifiActivity.connectToWifi:1215 com.panasonic.hmi2settings.activity.WifiActivity.onWifiClick:522 
01-01 00:52:28.604  3675 16553 D UIAutomatorStub: URI: /jsonrpc/0, Method: POST, Header: {content-length=213, remote-addr=127.0.0.1, http-client-ip=127.0.0.1, host=localhost:9009, content-type=application/json, connection=close, accept-encoding=identity, user-agent=Python-urllib/2.7}, params, {NanoHttpd.QUERY_STRING=null}, files: {postData={"params": [{"childOrSiblingSelector": [], "className": "android.widget.EditText", "mask": 16, "childOrSibling": []}, "Secure7@55"], "jsonrpc": "2.0", "method": "setText", "id": "c4a317516699106ea46f1733d89de95a"}}
01-01 00:52:28.608  1151  2229 D CompatibilityInfo: mCompatibilityFlags - 4
01-01 00:52:28.608  1151  2229 D CompatibilityInfo: applicationDensity - 240
01-01 00:52:28.608  1151  2229 D CompatibilityInfo: applicationScale - 1.0
01-01 00:52:28.609  3739  3739 D View    : setSystemUiVisibility: startService done
01-01 00:52:28.613   635   635 E ANDR-PERF-TARGET: Error: Invalid logical cluster id 0
01-01 00:52:28.613   635   635 E ANDR-PERF-MPCTL: invalid request, no optimizations performed
01-01 00:52:28.614  1392  1392 W SYSTEM_UI: SWR_SYSTEM_UI_007|FUN=CollapsedStatusBarFragment::getAction |1|Broadcast action --> STATUS_UPDATE_ACTION
01-01 00:52:28.614  1392  1392 W SYSTEM_UI: SWR_SYSTEM_UI_007|FUN=CollapsedStatusBarFragment::getIntExtra |1|NotifySystemUpdates dataType --> 101
01-01 00:52:28.614  1392  1392 W SYSTEM_UI - CI07.3: className -> CollapsedStatusBarFragment | functionName -> NotifySystemUpdates | onReceive -->  | value -> FULLSCREEN MODE CHANGED | isFullScreenStatus --> false | fullScreenPackage -->com.panasonic.hmi2settings | fullscreenLastShownPackage -->null | topActivityPackage --> com.panasonic.hmi2settings
01-01 00:52:28.614  1392  1392 W SYSTEM_UI - CI07.3: className -> CollapsedStatusBarFragment | functionName -> NotifySystemUpdates | onReceive -->  | value -> Fullscreen mode changed --> path 5
01-01 00:52:28.615  1151  2229 D WindowManager: addToDisplay >>> FLAG_FULLSCREEN not set in WindowManager.LayoutParams
01-01 00:52:28.615  1151  2229 D WindowManager: startStatusReceiverServiceOnFlagSet: creating intent for action ACTION_ACTIVITY_FULLSCREEN
01-01 00:52:28.616  1151  2229 W ContextImpl: Calling a method in the system process without a qualified user: android.app.ContextImpl.startService:1476 com.android.server.wm.Session.startStatusReceiverServiceOnFlagSet:762 com.android.server.wm.Session.addToDisplay:217 android.view.IWindowSession$Stub.onTransact:124 com.android.server.wm.Session.onTransact:166 
01-01 00:52:28.616  1151  2229 D CompatibilityInfo: mCompatibilityFlags - 4
01-01 00:52:28.616  1151  2229 D CompatibilityInfo: applicationDensity - 240
01-01 00:52:28.616  1151  2229 D CompatibilityInfo: applicationScale - 1.0
01-01 00:52:28.617  1151  2229 D WindowManager: startStatusReceiverServiceOnFlagSet: startService done
