01-01 00:22:40.319  3739  3739 W HMI2-SETTINGS - CI08.4: className -> WifiActivity | functionName -> isInConnected | value -> | ACSIA_CORP3|0|2
01-01 00:22:40.319  3739  3739 W HMI2-SETTINGS - CI08.4: className -> WifiActivity | functionName -> isWapiVariantBlocked | value -> security_type:2
01-01 00:22:40.319  3739  3739 W HMI2-SETTINGS - CI08.4: className -> WifiActivity | functionName -> isInConnected | value -> |ACSIA_Management|0|2
01-01 00:22:40.319  3739  3739 W HMI2-SETTINGS - CI08.4: className -> WifiActivity | functionName -> isWapiVariantBlocked | value -> security_type:2
01-01 00:22:40.319  3739  3739 W HMI2-SETTINGS - CI08.4: className -> WifiActivity | functionName -> isInConnected | value -> |MB Hotspot 61185|0|2
01-01 00:22:40.319  3739  3739 W HMI2-SETTINGS - CI08.4: className -> WifiActivity | functionName -> isWapiVariantBlocked | value -> security_type:0
01-01 00:22:40.319  3739  3739 W HMI2-SETTINGS - CI08.4: className -> WifiActivity | functionName -> isInConnected | value -> |HP-Print-DB-LaserJet Pro MFP|0|0
01-01 00:22:40.319  3739  3739 W HMI2-SETTINGS - CI08.4: className -> WifiActivity | functionName -> handleAllAvailNetwork | value -> savedNetwork ->1
01-01 00:22:40.319  3739  3739 W HMI2-SETTINGS - CI08.4: className -> WifiActivity | functionName -> handleAllAvailNetwork | value -> presentVisibleNetwork ->29
01-01 00:22:40.320  1151  2229 I WifiService: getConfiguredNetworks uid=1000
01-01 00:22:40.321  3739  3739 W HMI2-SETTINGS - CI08.4: className -> WifiActivity | functionName -> getConfig: success-> | value -> "RSE_Test"
01-01 00:22:40.321  3739  3739 W HMI2-SETTINGS - CI08.4: className -> WifiActivity | functionName -> getConnectSummary | value -> getConnectSummaryID: 56 SSID: "RSE_Test" PROVIDER-NAME: null BSSID: null FQDN: null PRIO: 0 HIDDEN: false
01-01 00:22:40.321  3739  3739 W HMI2-SETTINGS - CI08.4:  NetworkSelectionStatus NETWORK_SELECTION_ENABLED
01-01 00:22:40.321  3739  3739 W HMI2-SETTINGS - CI08.4:  hasEverConnected: false
01-01 00:22:40.321  3739  3739 W HMI2-SETTINGS - CI08.4:  KeyMgmt: WPA_PSK Protocols: WPA RSN
01-01 00:22:40.321  3739  3739 W HMI2-SETTINGS - CI08.4:  AuthAlgorithms: OPEN
01-01 00:22:40.321  3739  3739 W HMI2-SETTINGS - CI08.4:  PairwiseCiphers: TKIP CCMP
01-01 00:22:40.321  3739  3739 W HMI2-SETTINGS - CI08.4:  GroupCiphers: TKIP CCMP
01-01 00:22:40.321  3739  3739 W HMI2-SETTINGS - CI08.4:  PSK: *
01-01 00:22:40.321  3739  3739 W HMI2-SETTINGS - CI08.4: 
01-01 00:22:40.321  3739  3739 W HMI2-SETTINGS - CI08.4:  sim_num 
01-01 00:22:40.321  3739  3739 W HMI2-SETTINGS - CI08.4: Enterprise config:
01-01 00:22:40.321  3739  3739 W HMI2-SETTINGS - CI08.4: IP config:
01-01 00:22:40.321  3739  3739 W HMI2-SETTINGS - CI08.4: IP assignment: DHCP
01-01 00:22:40.321  3739  3739 W HMI2-SETTINGS - CI08.4: Proxy settings: NONE
01-01 00:22:40.321  3739  3739 W HMI2-SETTINGS - CI08.4:  cuid=1000 cname=android.uid.system:1000 luid=1000 lname=android.uid.system:1000 lcuid=1000 userApproved=USER_UNSPECIFIED noInternetAccessExpected=false roamingFailureBlackListTimeMilli: 1000
01-01 00:22:40.321  3739  3739 W HMI2-SETTINGS - CI08.4: recentFailure: Association Rejection code: 0
01-01 00:22:40.321  3739  3739 W HMI2-SETTINGS - CI08.4: ShareThisAp: false
01-01 00:22:40.321  3739  3739 W HMI2-SETTINGS - CI08.4: className -> WifiActivity | functionName -> getConnectSummary : | value ->  Saved
01-01 00:22:40.321  3739  3739 E HMI2-SETTINGS - CI08.4: className -> WifiActivity | functionName -> mWifiScanReceiver -> onReceive | error ->intent_action:android.net.wifi.CONFIGURED_NETWORKS_CHANGE
01-01 00:22:40.322  1151  2229 I WifiService: getWifiEnabledState uid=1000
01-01 00:22:40.323  3739  3739 W HMI2-SETTINGS: SWR_BAIDU_HMI_0020|FUN=WifiActivity::handleConnectedNetworkVisibility|0|getWifiStat::true
01-01 00:22:40.324  1151  2229 I WifiService: getConfiguredNetworks uid=1000
01-01 00:22:40.326  3739  3739 W HMI2-SETTINGS - CI08.4: className -> WifiActivity | functionName -> getSavedNetworkList | value -> config.netID ->56
01-01 00:22:40.326  3739  3739 W HMI2-SETTINGS - CI08.4: className -> WifiActivity | functionName -> getSavedNetworkList | value -> config.SSID ->"RSE_Test"
01-01 00:22:40.326  3739  3739 W HMI2-SETTINGS - CI08.4: className -> WifiActivity | functionName -> getSavedNetworkList | value -> config.BSSID ->null
01-01 00:22:40.326  3739  3739 W HMI2-SETTINGS: SWR_BAIDU_HMI_0027|SWR_BAIDU_HMI_0015|FUN=WifiActivity::getScanResults|1|Get list of available wifi hotspots.
01-01 00:22:40.334  3739  3739 W HMI2-SETTINGS - CI08.4: className -> WifiActivity | functionName -> isWapiVariantBlocked | value -> security_type:2
01-01 00:22:40.334  3739  3739 W HMI2-SETTINGS - CI08.4: className -> WifiActivity | functionName -> isInConnected | value -> |ACSIA_CORP1|0|2
01-01 00:22:40.334  3739  3739 W HMI2-SETTINGS - CI08.4: className -> WifiActivity | functionName -> isWapiVariantBlocked | value -> security_type:2
01-01 00:22:40.334  3739  3739 W HMI2-SETTINGS - CI08.4: className -> WifiActivity | functionName -> isInConnected | value -> | ACSIA_CORP3|0|2
01-01 00:22:40.334  3739  3739 W HMI2-SETTINGS - CI08.4: className -> WifiActivity | functionName -> isWapiVariantBlocked | value -> security_type:2
01-01 00:22:40.334  3739  3739 W HMI2-SETTINGS - CI08.4: className -> WifiActivity | functionName -> isInConnected | value -> |ACSIA_Management|0|2
01-01 00:22:40.334  3739  3739 W HMI2-SETTINGS - CI08.4: className -> WifiActivity | functionName -> isWapiVariantBlocked | value -> security_type:2
01-01 00:22:40.334  3739  3739 W HMI2-SETTINGS - CI08.4: className -> WifiActivity | functionName -> isInConnected | value -> |ACSIA_GUEST1|0|2
01-01 00:22:40.334  3739  3739 W HMI2-SETTINGS - CI08.4: className -> WifiActivity | functionName -> isWapiVariantBlocked | value -> security_type:2
01-01 00:22:40.334  3739  3739 W HMI2-SETTINGS - CI08.4: className -> WifiActivity | functionName -> isInConnected | value -> |ACSIA_CORP2|0|2
01-01 00:22:40.334  3739  3739 W HMI2-SETTINGS - CI08.4: className -> WifiActivity | functionName -> isWapiVariantBlocked | value -> security_type:2
01-01 00:22:40.334  3739  3739 W HMI2-SETTINGS - CI08.4: className -> WifiActivity | functionName -> isInConnected | value -> |ACSIA_DEV|0|2
01-01 00:22:40.334  3739  3739 W HMI2-SETTINGS - CI08.4: className -> WifiActivity | functionName -> isWapiVariantBlocked | value -> security_type:2
01-01 00:22:40.334  3739  3739 W HMI2-SETTINGS - CI08.4: className -> WifiActivity | functionName -> isInConnected | value -> |RSE_Test|0|2
01-01 00:22:40.334  3739  3739 W HMI2-SETTINGS - CI08.4: className -> WifiActivity | functionName -> isWapiVariantBlocked | value -> security_type:2
01-01 00:22:40.334  3739  3739 W HMI2-SETTINGS - CI08.4: className -> WifiActivity | functionName -> isInConnected | value -> |NETGEAR66-5G|0|2
01-01 00:22:40.334  3739  3739 W HMI2-SETTINGS - CI08.4: className -> WifiActivity | functionName -> isWapiVariantBlocked | value -> security_type:2
01-01 00:22:40.334  3739  3739 W HMI2-SETTINGS - CI08.4: className -> WifiActivity | functionName -> isInConnected | value -> |ACSIA_Management|0|2
01-01 00:22:40.334  3739  3739 W HMI2-SETTINGS - CI08.4: className -> WifiActivity | functionName -> isWapiVariantBlocked | value -> security_type:2
01-01 00:22:40.334  3739  3739 W HMI2-SETTINGS - CI08.4: className -> WifiActivity | functionName -> isInConnected | value -> |Secure|0|2
01-01 00:22:40.334  3739  3739 W HMI2-SETTINGS - CI08.4: className -> WifiActivity | functionName -> isWapiVariantBlocked | value -> security_type:2
01-01 00:22:40.334  3739  3739 W HMI2-SETTINGS - CI08.4: className -> WifiActivity | functionName -> isInConnected | value -> |ACSIA_GUEST1|0|2
01-01 00:22:40.334  3739  3739 W HMI2-SETTINGS - CI08.4: className -> WifiActivity | functionName -> isWapiVariantBlocked | value -> security_type:2
01-01 00:22:40.334  3739  3739 W HMI2-SETTINGS - CI08.4: className -> WifiActivity | functionName -> isInConnected | value -> |ACSIA_DEV|0|2
01-01 00:22:40.334  3739  3739 W HMI2-SETTINGS - CI08.4: className -> WifiActivity | functionName -> isWapiVariantBlocked | value -> security_type:2
01-01 00:22:40.334  3739  3739 W HMI2-SETTINGS - CI08.4: className -> WifiActivity | functionName -> isInConnected | value -> |RSE_Test|0|2
01-01 00:22:40.334  3739  3739 W HMI2-SETTINGS - CI08.4: className -> WifiActivity | functionName -> isWapiVariantBlocked | value -> security_type:2
01-01 00:22:40.334  3739  3739 W HMI2-SETTINGS - CI08.4: className -> WifiActivity | functionName -> isInConnected | value -> |ACSIA_CORP1|0|2
01-01 00:22:40.334  3739  3739 W HMI2-SETTINGS - CI08.4: className -> WifiActivity | functionName -> isWapiVariantBlocked | value -> security_type:2
01-01 00:22:40.335  3739  3739 W HMI2-SETTINGS - CI08.4: className -> WifiActivity | functionName -> isInConnected | value -> |ACSIA_CORP2|0|2
01-01 00:22:40.335  3739  3739 W HMI2-SETTINGS - CI08.4: className -> WifiActivity | functionName -> isWapiVariantBlocked | value -> security_type:2
01-01 00:22:40.335  3739  3739 W HMI2-SETTINGS - CI08.4: className -> WifiActivity | functionName -> isInConnected | value -> | ACSIA_CORP3|0|2
01-01 00:22:40.335  3739  3739 W HMI2-SETTINGS - CI08.4: className -> WifiActivity | functionName -> isWapiVariantBlocked | value -> security_type:2
01-01 00:22:40.335  3739  3739 W HMI2-SETTINGS - CI08.4: className -> WifiActivity | functionName -> isInConnected | value -> |HUWIFI|0|2
01-01 00:22:40.335  3739  3739 W HMI2-SETTINGS - CI08.4: className -> WifiActivity | functionName -> isWapiVariantBlocked | value -> security_type:2
01-01 00:22:40.335  3739  3739 W HMI2-SETTINGS - CI08.4: className -> WifiActivity | functionName -> isInConnected | value -> |DIRECT-vQINLT044msmJ|0|2
01-01 00:22:40.335  3739  3739 W HMI2-SETTINGS - CI08.4: className -> WifiActivity | functionName -> isWapiVariantBlocked | value -> security_type:2
01-01 00:22:40.335  3739  3739 W HMI2-SETTINGS - CI08.4: className -> WifiActivity | functionName -> isInConnected | value -> |AUTOMATION_TEST|0|2
01-01 00:22:40.335  3739  3739 W HMI2-SETTINGS - CI08.4: className -> WifiActivity | functionName -> isWapiVariantBlocked | value -> security_type:2
01-01 00:22:40.335  3739  3739 W HMI2-SETTINGS - CI08.4: className -> WifiActivity | functionName -> isInConnected | value -> |DIRECT-DMATCLWI2064msNL|0|2
01-01 00:22:40.335  3739  3739 W HMI2-SETTINGS - CI08.4: className -> WifiActivity | functionName -> isWapiVariantBlocked | value -> security_type:2
01-01 00:22:40.335  3739  3739 W HMI2-SETTINGS - CI08.4: className -> WifiActivity | functionName -> isInConnected | value -> |ACSIA_CORP1|0|2
01-01 00:22:40.335  3739  3739 W HMI2-SETTINGS - CI08.4: className -> WifiActivity | functionName -> isWapiVariantBlocked | value -> security_type:2
01-01 00:22:40.335  3739  3739 W HMI2-SETTINGS - CI08.4: className -> WifiActivity | functionName -> isInConnected | value -> |ACSIA_GUEST1|0|2
01-01 00:22:40.335  3739  3739 W HMI2-SETTINGS - CI08.4: className -> WifiActivity | functionName -> isWapiVariantBlocked | value -> security_type:2
01-01 00:22:40.335  3739  3739 W HMI2-SETTINGS - CI08.4: className -> WifiActivity | functionName -> isInConnected | value -> |ACSIA_DEV|0|2
01-01 00:22:40.335  3739  3739 W HMI2-SETTINGS - CI08.4: className -> WifiActivity | functionName -> isWapiVariantBlocked | value -> security_type:2
01-01 00:22:40.335  3739  3739 W HMI2-SETTINGS - CI08.4: className -> WifiActivity | functionName -> isInConnected | value -> |RSE_Test|0|2
01-01 00:22:40.335  3739  3739 W HMI2-SETTINGS - CI08.4: className -> WifiActivity | functionName -> isWapiVariantBlocked | value -> security_type:2
01-01 00:22:40.335  3739  3739 W HMI2-SETTINGS - CI08.4: className -> WifiActivity | functionName -> isInConnected | value -> |ACSIA_CORP2|0|2
01-01 00:22:40.335  3739  3739 W HMI2-SETTINGS - CI08.4: className -> WifiActivity | functionName -> isWapiVariantBlocked | value -> security_type:2
01-01 00:22:40.335  3739  3739 W HMI2-SETTINGS - CI08.4: className -> WifiActivity | functionName -> isInConnected | value -> | ACSIA_CORP3|0|2
01-01 00:22:40.335  3739  3739 W HMI2-SETTINGS - CI08.4: className -> WifiActivity | functionName -> isWapiVariantBlocked | value -> security_type:2
01-01 00:22:40.335  3739  3739 W HMI2-SETTINGS - CI08.4: className -> WifiActivity | functionName -> isInConnected | value -> |ACSIA_Management|0|2
01-01 00:22:40.335  3739  3739 W HMI2-SETTINGS - CI08.4: className -> WifiActivity | functionName -> isWapiVariantBlocked | value -> security_type:2
01-01 00:22:40.335  3739  3739 W HMI2-SETTINGS - CI08.4: className -> WifiActivity | functionName -> isInConnected | value -> |MB Hotspot 61185|0|2
01-01 00:22:40.335  3739  3739 W HMI2-SETTINGS - CI08.4: className -> WifiActivity | functionName -> isWapiVariantBlocked | value -> security_type:0
01-01 00:22:40.335  3739  3739 W HMI2-SETTINGS - CI08.4: className -> WifiActivity | functionName -> isInConnected | value -> |HP-Print-DB-LaserJet Pro MFP|0|0
01-01 00:22:40.335  3739  3739 W HMI2-SETTINGS - CI08.4: className -> WifiActivity | functionName -> handleAllAvailNetwork | value -> savedNetwork ->1
01-01 00:22:40.335  3739  3739 W HMI2-SETTINGS - CI08.4: className -> WifiActivity | functionName -> handleAllAvailNetwork | value -> presentVisibleNetwork ->29
01-01 00:22:40.336  1151  2229 I WifiService: getConfiguredNetworks uid=1000
01-01 00:22:40.337  3739  3739 W HMI2-SETTINGS - CI08.4: className -> WifiActivity | functionName -> getConfig: success-> | value -> "RSE_Test"
01-01 00:22:40.337  3739  3739 W HMI2-SETTINGS - CI08.4: className -> WifiActivity | functionName -> getConnectSummary | value -> getConnectSummaryID: 56 SSID: "RSE_Test" PROVIDER-NAME: null BSSID: null FQDN: null PRIO: 0 HIDDEN: false
01-01 00:22:40.337  3739  3739 W HMI2-SETTINGS - CI08.4:  NetworkSelectionStatus NETWORK_SELECTION_ENABLED
01-01 00:22:40.337  3739  3739 W HMI2-SETTINGS - CI08.4:  hasEverConnected: false
01-01 00:22:40.337  3739  3739 W HMI2-SETTINGS - CI08.4:  KeyMgmt: WPA_PSK Protocols: WPA RSN
01-01 00:22:40.337  3739  3739 W HMI2-SETTINGS - CI08.4:  AuthAlgorithms: OPEN
01-01 00:22:40.337  3739  3739 W HMI2-SETTINGS - CI08.4:  PairwiseCiphers: TKIP CCMP
01-01 00:22:40.337  3739  3739 W HMI2-SETTINGS - CI08.4:  GroupCiphers: TKIP CCMP
01-01 00:22:40.337  3739  3739 W HMI2-SETTINGS - CI08.4:  PSK: *
01-01 00:22:40.337  3739  3739 W HMI2-SETTINGS - CI08.4: 
01-01 00:22:40.337  3739  3739 W HMI2-SETTINGS - CI08.4:  sim_num 
01-01 00:22:40.337  3739  3739 W HMI2-SETTINGS - CI08.4: Enterprise config:
01-01 00:22:40.337  3739  3739 W HMI2-SETTINGS - CI08.4: IP config:
01-01 00:22:40.337  3739  3739 W HMI2-SETTINGS - CI08.4: IP assignment: DHCP
01-01 00:22:40.337  3739  3739 W HMI2-SETTINGS - CI08.4: Proxy settings: NONE
01-01 00:22:40.337  3739  3739 W HMI2-SETTINGS - CI08.4:  cuid=1000 cname=android.uid.system:1000 luid=1000 lname=android.uid.system:1000 lcuid=1000 userApproved=USER_UNSPECIFIED noInternetAccessExpected=false roamingFailureBlackListTimeMilli: 1000
01-01 00:22:40.337  3739  3739 W HMI2-SETTINGS - CI08.4: recentFailure: Association Rejection code: 0
01-01 00:22:40.337  3739  3739 W HMI2-SETTINGS - CI08.4: ShareThisAp: false
01-01 00:22:40.337  3739  3739 W HMI2-SETTINGS - CI08.4: className -> WifiActivity | functionName -> getConnectSummary : | value ->  Saved
01-01 00:22:40.338  3739  3739 E HMI2-SETTINGS - CI08.4: className -> WifiActivity | functionName -> mWifiScanReceiver -> onReceive | error ->intent_action:android.net.wifi.STATE_CHANGE
01-01 00:22:40.338  3739  3739 W HMI2-SETTINGS - CI08.4: className -> WifiActivity | functionName -> handleNetworkStateChanged | value -> detailedState->DISCONNECTED
01-01 00:22:40.338  1151  2229 I WifiService: getConfiguredNetworks uid=1000
01-01 00:22:40.339  3739  3739 W HMI2-SETTINGS - CI08.4: className -> WifiActivity | functionName -> getConfig: success-> | value -> "RSE_Test"
01-01 00:22:40.339  3739  3739 W HMI2-SETTINGS - CI08.4: className -> WifiActivity | functionName -> getConnectSummary | value -> getConnectSummaryID: 56 SSID: "RSE_Test" PROVIDER-NAME: null BSSID: null FQDN: null PRIO: 0 HIDDEN: false
01-01 00:22:40.339  3739  3739 W HMI2-SETTINGS - CI08.4:  NetworkSelectionStatus NETWORK_SELECTION_ENABLED
01-01 00:22:40.339  3739  3739 W HMI2-SETTINGS - CI08.4:  hasEverConnected: false
01-01 00:22:40.339  3739  3739 W HMI2-SETTINGS - CI08.4:  KeyMgmt: WPA_PSK Protocols: WPA RSN
01-01 00:22:40.339  3739  3739 W HMI2-SETTINGS - CI08.4:  AuthAlgorithms: OPEN
01-01 00:22:40.339  3739  3739 W HMI2-SETTINGS - CI08.4:  PairwiseCiphers: TKIP CCMP
01-01 00:22:40.339  3739  3739 W HMI2-SETTINGS - CI08.4:  GroupCiphers: TKIP CCMP
01-01 00:22:40.339  3739  3739 W HMI2-SETTINGS - CI08.4:  PSK: *
01-01 00:22:40.339  3739  3739 W HMI2-SETTINGS - CI08.4: 
01-01 00:22:40.339  3739  3739 W HMI2-SETTINGS - CI08.4:  sim_num 
01-01 00:22:40.339  3739  3739 W HMI2-SETTINGS - CI08.4: Enterprise config:
01-01 00:22:40.339  3739  3739 W HMI2-SETTINGS - CI08.4: IP config:
01-01 00:22:40.339  3739  3739 W HMI2-SETTINGS - CI08.4: IP assignment: DHCP
01-01 00:22:40.339  3739  3739 W HMI2-SETTINGS - CI08.4: Proxy settings: NONE
01-01 00:22:40.339  3739  3739 W HMI2-SETTINGS - CI08.4:  cuid=1000 cname=android.uid.system:1000 luid=1000 lname=android.uid.system:1000 lcuid=1000 userApproved=USER_UNSPECIFIED noInternetAccessExpected=false roamingFailureBlackListTimeMilli: 1000
01-01 00:22:40.339  3739  3739 W HMI2-SETTINGS - CI08.4: recentFailure: Association Rejection code: 0
01-01 00:22:40.339  3739  3739 W HMI2-SETTINGS - CI08.4: ShareThisAp: false
01-01 00:22:40.339  3739  3739 W HMI2-SETTINGS - CI08.4: className -> WifiActivity | functionName -> getConnectSummary : | value ->  Saved
01-01 00:22:40.339  3739  3739 E HMI2-SETTINGS - CI08.4: className -> WifiActivity | functionName -> mWifiScanReceiver -> onReceive | error ->intent_action:android.net.wifi.STATE_CHANGE
01-01 00:22:40.339  3739  3739 W HMI2-SETTINGS - CI08.4: className -> WifiActivity | functionName -> handleNetworkStateChanged | value -> detailedState->SCANNING
01-01 00:22:40.339  1151  2229 I WifiService: getConfiguredNetworks uid=1000
01-01 00:22:40.340  3739  3739 W HMI2-SETTINGS - CI08.4: className -> WifiActivity | functionName -> getConfig: success-> | value -> "RSE_Test"
01-01 00:22:40.341  3739  3739 W HMI2-SETTINGS - CI08.4: className -> WifiActivity | functionName -> getConnectSummary | value -> getConnectSummaryID: 56 SSID: "RSE_Test" PROVIDER-NAME: null BSSID: null FQDN: null PRIO: 0 HIDDEN: false
01-01 00:22:40.341  3739  3739 W HMI2-SETTINGS - CI08.4:  NetworkSelectionStatus NETWORK_SELECTION_ENABLED
01-01 00:22:40.341  3739  3739 W HMI2-SETTINGS - CI08.4:  hasEverConnected: false
01-01 00:22:40.341  3739  3739 W HMI2-SETTINGS - CI08.4:  KeyMgmt: WPA_PSK Protocols: WPA RSN
01-01 00:22:40.341  3739  3739 W HMI2-SETTINGS - CI08.4:  AuthAlgorithms: OPEN
01-01 00:22:40.341  3739  3739 W HMI2-SETTINGS - CI08.4:  PairwiseCiphers: TKIP CCMP
01-01 00:22:40.341  3739  3739 W HMI2-SETTINGS - CI08.4:  GroupCiphers: TKIP CCMP
01-01 00:22:40.341  3739  3739 W HMI2-SETTINGS - CI08.4:  PSK: *
01-01 00:22:40.341  3739  3739 W HMI2-SETTINGS - CI08.4: 
01-01 00:22:40.341  3739  3739 W HMI2-SETTINGS - CI08.4:  sim_num 
01-01 00:22:40.341  3739  3739 W HMI2-SETTINGS - CI08.4: Enterprise config:
01-01 00:22:40.341  3739  3739 W HMI2-SETTINGS - CI08.4: IP config:
01-01 00:22:40.341  3739  3739 W HMI2-SETTINGS - CI08.4: IP assignment: DHCP
01-01 00:22:40.341  3739  3739 W HMI2-SETTINGS - CI08.4: Proxy settings: NONE
01-01 00:22:40.341  3739  3739 W HMI2-SETTINGS - CI08.4:  cuid=1000 cname=android.uid.system:1000 luid=1000 lname=android.uid.system:1000 lcuid=1000 userApproved=USER_UNSPECIFIED noInternetAccessExpected=false roamingFailureBlackListTimeMilli: 1000
01-01 00:22:40.341  3739  3739 W HMI2-SETTINGS - CI08.4: recentFailure: Association Rejection code: 0
01-01 00:22:40.341  3739  3739 W HMI2-SETTINGS - CI08.4: ShareThisAp: false
01-01 00:22:40.341  3739  3739 W HMI2-SETTINGS - CI08.4: className -> WifiActivity | functionName -> getConnectSummary : | value ->  Saved
01-01 00:22:40.559  3675  8998 D UiScrollable: scrollToBeginning() on selector = UiSelector[SCROLLABLE=true]
01-01 00:22:40.560  3675  8998 D UiScrollable: scrollBackward() on selector = UiSelector[SCROLLABLE=true]
01-01 00:22:40.826   729   748 I sssv-lib: sendMsg enter
01-01 00:22:40.826   729   748 I sssv-lib: sendMsg complete.
01-01 00:22:40.996  3675  8998 I QueryController: Matched selector: UiSelector[SCROLLABLE=true] <<==>> [android.view.accessibility.AccessibilityNodeInfo@14ad8dd; boundsInParent: Rect(0, 777 - 1332, 1666); boundsInScreen: Rect(305, 172 - 1637, 1061); packageName: com.panasonic.hmi2settings; className: android.widget.ScrollView; text: null; error: null; maxTextLength: -1; contentDescription: null; viewIdResName: com.panasonic.hmi2settings:id/scrollWifi; checkable: false; checked: false; focusable: true; focused: false; selected: false; clickable: false; longClickable: false; contextClickable: false; enabled: true; password: false; scrollable: true; importantForAccessibility: true; actions: [AccessibilityAction: ACTION_FOCUS - null, AccessibilityAction: ACTION_SELECT - null, AccessibilityAction: ACTION_CLEAR_SELECTION - null, AccessibilityAction: ACTION_ACCESSIBILITY_FOCUS - null, AccessibilityAction: ACTION_SCROLL_FORWARD - null, AccessibilityAction: ACTION_SCROLL_BACKWARD - null, AccessibilityAction: ACTION_SHOW_ON_SCREEN - null]]
01-01 00:22:40.996  3675  8998 D UiScrollable: scrollToBegining() using vertical scroll
01-01 00:22:40.996  3675  8998 D InteractionController: scrollSwipe (971, 260, 971, 973, 55)
01-01 00:22:41.061  3023  3023 I wpa_supplicant: CTRL-EVENT-SCAN-RESULTS Scan completed in 0.808922 seconds
01-01 00:22:40.265   808   808 W wificond: Scan is not started. Ignore abort request
01-01 00:22:41.061   808   808 I wificond: Received external scan result notification from kernel.
01-01 00:22:41.063  1151  2229 D WificondControl: Scan result ready event
01-01 00:22:41.064  3023  3023 I wpa_supplicant: wlan0: Trying to associate with SSID 'RSE_Test'
01-01 00:22:41.064   921  1439 I LOWI-8.5.0.3.c: [LOWI-Scan] lowi_close_record:Scan completed in 1341103ms and Recieved 44 APs scan results
01-01 00:22:41.064   808   808 I wificond: Enters wifigbk_ageOutHistory
01-01 00:22:41.064  3023  3023 E wpa_supplicant: Notifying state change event to hidl control: 5
01-01 00:22:41.066  1151  1323 W AlarmManager: Unrecognized alarm listener com.android.server.wifi.scanner.WificondScannerImpl$3@207a0a6
01-01 00:22:41.066   921   961 I LOWI-8.5.0.3.c: [LOWIUtils] responseToOutPostcard - TO: GTP-FDAL, FROM:   LOWI-SERVER, RESP:  LOWI_ASYNC_DISCOVERY_SCAN_RESULTS
01-01 00:22:41.066  1151  1323 I WifiService: isScanAlwaysAvailable uid=1000
01-01 00:22:41.066  1151  1323 I WifiService: getWifiEnabledState uid=1000
01-01 00:22:41.071   924   979 W XTCC-6.1.2.10-a: [LOWIUtils] to_eScanTypeResponse - default case
01-01 00:22:41.071   924   979 W XTCC-6.1.2.10-a: [WifiScanner] WiFi scan result : [44] AP's, async result: 1
01-01 00:22:41.073  1151  1317 D WifiConfiguration: configKey: false
01-01 00:22:41.079  1508  1601 W QCNEJ   : |CORE| notifyWifiStatusChanged failed
01-01 00:22:41.079  1508  1601 W QCNEJ   : |CORE| notifyRatConnectionStatusChanged failed
01-01 00:22:41.080  2145  2145 D HMI_SERVICE: USE_CASE_NA|FUN=HmiApplication| [action] android.net.wifi.STATE_CHANGE
01-01 00:22:41.080  1392  1392 W SYSTEM_UI: SWR_SYSTEM_UI_008|FUN=CollapsedStatusBarFragment::AndroidEventReceiver | getAction |1|Broadcast action:android.net.wifi.STATE_CHANGE received
01-01 00:22:41.080  1392  1392 W SYSTEM_UI - CI07.3: className -> CollapsedStatusBarFragment | functionName -> AndroidEventReceiver | onReceive -->  | value -> Wifi connection status--> false
01-01 00:22:41.081  1392  1392 W SYSTEM_UI: SWR_SYSTEM_UI_008|FUN=CollapsedStatusBarFragment::isConnected |1|Wifi connection status--> false
01-01 00:22:41.081  1392  1392 W SYSTEM_UI - CI07.3: className -> CollapsedStatusBarFragment | functionName -> updateHermsDataType | value -> Update Herms Data Type :: networkType --> 0
01-01 00:22:41.081  1392  1392 W SYSTEM_UI - CI07.3: className -> CollapsedStatusBarFragment | functionName -> updateHermsDataType | value -> Update Herms Data Type :: isWebsiteSecure --> false
01-01 00:22:41.081  1392  1392 W SYSTEM_UI - CI07.3: className -> CollapsedStatusBarFragment | functionName -> updateHermsDataType | value -> Update Herms Data Type :: connection status --> 1
01-01 00:22:41.081  1392  1392 W SYSTEM_UI - CI07.3: className -> CollapsedStatusBarFragment | functionName -> updateHermsDataType | value -> Update Herms Data Type :: data Transfer --> false
01-01 00:22:41.081  1392  1392 W SYSTEM_UI - CI07.3: className -> CollapsedStatusBarFragment | functionName -> updateHermsDataType | value -> Update Herms Data Type :: wifiConnectionStatus --> false
01-01 00:22:41.081  1392  1392 W SYSTEM_UI - CI07.3: className -> CollapsedStatusBarFragment | functionName -> updateHermsDataType | value -> path 2
01-01 00:22:41.081  1392  1392 W SYSTEM_UI - CI07.3: className -> CollapsedStatusBarFragment | functionName -> updateHermsDataType | value -> path 3
01-01 00:22:41.082  2145  2145 D HMI_SERVICE: USE_CASE_NA|FUN=HmiApplication| [action] android.net.wifi.supplicant.STATE_CHANGE
01-01 00:22:41.084  3739  3739 E HMI2-SETTINGS - CI08.4: className -> WifiActivity | functionName -> mWifiScanReceiver -> onReceive | error ->intent_action:android.net.wifi.STATE_CHANGE
01-01 00:22:41.084  3739  3739 W HMI2-SETTINGS - CI08.4: className -> WifiActivity | functionName -> handleNetworkStateChanged | value -> detailedState->CONNECTING
01-01 00:22:41.085  1151  2229 I WifiService: getConfiguredNetworks uid=1000
01-01 00:22:41.086  3739  3739 W HMI2-SETTINGS - CI08.4: className -> WifiActivity | functionName -> getConfig: success-> | value -> "RSE_Test"
01-01 00:22:41.086  3739  3739 W HMI2-SETTINGS - CI08.4: className -> WifiActivity | functionName -> getConnectSummary | value -> getConnectSummaryID: 56 SSID: "RSE_Test" PROVIDER-NAME: null BSSID: null FQDN: null PRIO: 0 HIDDEN: false
01-01 00:22:41.086  3739  3739 W HMI2-SETTINGS - CI08.4:  NetworkSelectionStatus NETWORK_SELECTION_ENABLED
01-01 00:22:41.086  3739  3739 W HMI2-SETTINGS - CI08.4:  hasEverConnected: false
01-01 00:22:41.086  3739  3739 W HMI2-SETTINGS - CI08.4:  KeyMgmt: WPA_PSK Protocols: WPA RSN
01-01 00:22:41.086  3739  3739 W HMI2-SETTINGS - CI08.4:  AuthAlgorithms: OPEN
01-01 00:22:41.086  3739  3739 W HMI2-SETTINGS - CI08.4:  PairwiseCiphers: TKIP CCMP
01-01 00:22:41.086  3739  3739 W HMI2-SETTINGS - CI08.4:  GroupCiphers: TKIP CCMP
01-01 00:22:41.086  3739  3739 W HMI2-SETTINGS - CI08.4:  PSK: *
01-01 00:22:41.086  3739  3739 W HMI2-SETTINGS - CI08.4: 
01-01 00:22:41.086  3739  3739 W HMI2-SETTINGS - CI08.4:  sim_num 
01-01 00:22:41.086  3739  3739 W HMI2-SETTINGS - CI08.4: Enterprise config:
01-01 00:22:41.086  3739  3739 W HMI2-SETTINGS - CI08.4: IP config:
01-01 00:22:41.086  3739  3739 W HMI2-SETTINGS - CI08.4: IP assignment: DHCP
01-01 00:22:41.086  3739  3739 W HMI2-SETTINGS - CI08.4: Proxy settings: NONE
01-01 00:22:41.086  3739  3739 W HMI2-SETTINGS - CI08.4:  cuid=1000 cname=android.uid.system:1000 luid=1000 lname=android.uid.system:1000 lcuid=1000 userApproved=USER_UNSPECIFIED noInternetAccessExpected=false roamingFailureBlackListTimeMilli: 1000
01-01 00:22:41.086  3739  3739 W HMI2-SETTINGS - CI08.4: recentFailure: Association Rejection code: 0
01-01 00:22:41.086  3739  3739 W HMI2-SETTINGS - CI08.4: ShareThisAp: false
01-01 00:22:41.086  3739  3739 W HMI2-SETTINGS - CI08.4: className -> WifiActivity | functionName -> getConnectSummary : | value ->  Saved
01-01 00:22:41.155  3023  3023 E wpa_supplicant: Notifying state change event to hidl control: 6
01-01 00:22:41.156  3023  3023 I wpa_supplicant: wlan0: Associated with ec:58:ea:f6:10:88
01-01 00:22:41.159  2145  2145 D HMI_SERVICE: USE_CASE_NA|FUN=HmiApplication| [action] android.net.wifi.supplicant.STATE_CHANGE
01-01 00:22:41.161  3023  3023 E wpa_supplicant: Notifying state change event to hidl control: 7
01-01 00:22:41.165  2145  2145 D HMI_SERVICE: USE_CASE_NA|FUN=HmiApplication| [action] android.net.wifi.STATE_CHANGE
01-01 00:22:41.166  1508  1601 W QCNEJ   : |CORE| notifyWifiStatusChanged failed
01-01 00:22:41.166  1508  1601 W QCNEJ   : |CORE| notifyRatConnectionStatusChanged failed
01-01 00:22:41.166  2145  2145 D HMI_SERVICE: USE_CASE_NA|FUN=HmiApplication| [action] android.net.wifi.supplicant.STATE_CHANGE
01-01 00:22:41.167  1392  1392 W SYSTEM_UI: SWR_SYSTEM_UI_008|FUN=CollapsedStatusBarFragment::AndroidEventReceiver | getAction |1|Broadcast action:android.net.wifi.STATE_CHANGE received
01-01 00:22:41.167  1392  1392 W SYSTEM_UI - CI07.3: className -> CollapsedStatusBarFragment | functionName -> AndroidEventReceiver | onReceive -->  | value -> Wifi connection status--> false
01-01 00:22:41.167  1392  1392 W SYSTEM_UI: SWR_SYSTEM_UI_008|FUN=CollapsedStatusBarFragment::isConnected |1|Wifi connection status--> false
01-01 00:22:41.167  1392  1392 W SYSTEM_UI - CI07.3: className -> CollapsedStatusBarFragment | functionName -> updateHermsDataType | value -> Update Herms Data Type :: networkType --> 0
01-01 00:22:41.167  1392  1392 W SYSTEM_UI - CI07.3: className -> CollapsedStatusBarFragment | functionName -> updateHermsDataType | value -> Update Herms Data Type :: isWebsiteSecure --> false
01-01 00:22:41.167  1392  1392 W SYSTEM_UI - CI07.3: className -> CollapsedStatusBarFragment | functionName -> updateHermsDataType | value -> Update Herms Data Type :: connection status --> 1
01-01 00:22:41.167  1392  1392 W SYSTEM_UI - CI07.3: className -> CollapsedStatusBarFragment | functionName -> updateHermsDataType | value -> Update Herms Data Type :: data Transfer --> false
01-01 00:22:41.167  1392  1392 W SYSTEM_UI - CI07.3: className -> CollapsedStatusBarFragment | functionName -> updateHermsDataType | value -> Update Herms Data Type :: wifiConnectionStatus --> false
01-01 00:22:41.167  1392  1392 W SYSTEM_UI - CI07.3: className -> CollapsedStatusBarFragment | functionName -> updateHermsDataType | value -> path 2
01-01 00:22:41.167  1392  1392 W SYSTEM_UI - CI07.3: className -> CollapsedStatusBarFragment | functionName -> updateHermsDataType | value -> path 3
01-01 00:22:41.169  3739  3739 E HMI2-SETTINGS - CI08.4: className -> WifiActivity | functionName -> mWifiScanReceiver -> onReceive | error ->intent_action:android.net.wifi.STATE_CHANGE
01-01 00:22:41.169  3739  3739 W HMI2-SETTINGS - CI08.4: className -> WifiActivity | functionName -> handleNetworkStateChanged | value -> detailedState->AUTHENTICATING
01-01 00:22:41.169  1151  1550 I WifiService: getConfiguredNetworks uid=1000
01-01 00:22:41.170  3739  3739 W HMI2-SETTINGS - CI08.4: className -> WifiActivity | functionName -> getConfig: success-> | value -> "RSE_Test"
01-01 00:22:41.170  3739  3739 W HMI2-SETTINGS - CI08.4: className -> WifiActivity | functionName -> getConnectSummary | value -> getConnectSummaryID: 56 SSID: "RSE_Test" PROVIDER-NAME: null BSSID: null FQDN: null PRIO: 0 HIDDEN: false
01-01 00:22:41.170  3739  3739 W HMI2-SETTINGS - CI08.4:  NetworkSelectionStatus NETWORK_SELECTION_ENABLED
01-01 00:22:41.170  3739  3739 W HMI2-SETTINGS - CI08.4:  hasEverConnected: false
01-01 00:22:41.170  3739  3739 W HMI2-SETTINGS - CI08.4:  KeyMgmt: WPA_PSK Protocols: WPA RSN
01-01 00:22:41.170  3739  3739 W HMI2-SETTINGS - CI08.4:  AuthAlgorithms: OPEN
01-01 00:22:41.170  3739  3739 W HMI2-SETTINGS - CI08.4:  PairwiseCiphers: TKIP CCMP
01-01 00:22:41.170  3739  3739 W HMI2-SETTINGS - CI08.4:  GroupCiphers: TKIP CCMP
01-01 00:22:41.170  3739  3739 W HMI2-SETTINGS - CI08.4:  PSK: *
01-01 00:22:41.170  3739  3739 W HMI2-SETTINGS - CI08.4: 
01-01 00:22:41.170  3739  3739 W HMI2-SETTINGS - CI08.4:  sim_num 
01-01 00:22:41.170  3739  3739 W HMI2-SETTINGS - CI08.4: Enterprise config:
01-01 00:22:41.170  3739  3739 W HMI2-SETTINGS - CI08.4: IP config:
01-01 00:22:41.170  3739  3739 W HMI2-SETTINGS - CI08.4: IP assignment: DHCP
01-01 00:22:41.170  3739  3739 W HMI2-SETTINGS - CI08.4: Proxy settings: NONE
01-01 00:22:41.170  3739  3739 W HMI2-SETTINGS - CI08.4:  cuid=1000 cname=android.uid.system:1000 luid=1000 lname=android.uid.system:1000 lcuid=1000 userApproved=USER_UNSPECIFIED noInternetAccessExpected=false roamingFailureBlackListTimeMilli: 1000
01-01 00:22:41.170  3739  3739 W HMI2-SETTINGS - CI08.4: recentFailure: Association Rejection code: 0
01-01 00:22:41.170  3739  3739 W HMI2-SETTINGS - CI08.4: ShareThisAp: false
01-01 00:22:41.170  3739  3739 W HMI2-SETTINGS - CI08.4: className -> WifiActivity | functionName -> getConnectSummary : | value ->  Saved
01-01 00:22:41.185  3023  3023 E wpa_supplicant: Notifying state change event to hidl control: 8
01-01 00:22:41.187  3023  3023 I wpa_supplicant: wlan0: WPA: Key negotiation completed with ec:58:ea:f6:10:88 [PTK=CCMP GTK=CCMP]
01-01 00:22:41.187  3023  3023 I wpa_supplicant: wlan0: CTRL-EVENT-CONNECTED - Connection to ec:58:ea:f6:10:88 completed [id=0 id_str=%7B%22configKey%22%3A%22%5C%22RSE_Test%5C%22WPA_PSK%22%2C%22creatorUid%22%3A%221000%22%7D]
01-01 00:22:41.187  3023  3023 E wpa_supplicant: Notifying state change event to hidl control: 9
01-01 00:22:41.189   921  1439 I LOWI-8.5.0.3.c: [LOWI-Scan] get_intf_mode: WLAN interface type 2, err 0
01-01 00:22:41.190  2145  2145 D HMI_SERVICE: USE_CASE_NA|FUN=HmiApplication| [action] android.net.wifi.supplicant.STATE_CHANGE
01-01 00:22:41.191  1151  1317 D WifiConfiguration: configKey: false
01-01 00:22:41.191  1151  1317 D WifiConfiguration: configKey: false
01-01 00:22:41.192  1392  1392 W SYSTEM_UI: SWR_SYSTEM_UI_008|FUN=CollapsedStatusBarFragment::AndroidEventReceiver | getAction |1|Broadcast action:android.net.wifi.STATE_CHANGE received
01-01 00:22:41.192  1392  1392 W SYSTEM_UI - CI07.3: className -> CollapsedStatusBarFragment | functionName -> AndroidEventReceiver | onReceive -->  | value -> Wifi connection status--> false
01-01 00:22:41.192  1392  1392 W SYSTEM_UI: SWR_SYSTEM_UI_008|FUN=CollapsedStatusBarFragment::isConnected |1|Wifi connection status--> false
01-01 00:22:41.192  1392  1392 W SYSTEM_UI - CI07.3: className -> CollapsedStatusBarFragment | functionName -> updateHermsDataType | value -> Update Herms Data Type :: networkType --> 0
01-01 00:22:41.192  1392  1392 W SYSTEM_UI - CI07.3: className -> CollapsedStatusBarFragment | functionName -> updateHermsDataType | value -> Update Herms Data Type :: isWebsiteSecure --> false
01-01 00:22:41.192  1392  1392 W SYSTEM_UI - CI07.3: className -> CollapsedStatusBarFragment | functionName -> updateHermsDataType | value -> Update Herms Data Type :: connection status --> 1
01-01 00:22:41.192  1392  1392 W SYSTEM_UI - CI07.3: className -> CollapsedStatusBarFragment | functionName -> updateHermsDataType | value -> Update Herms Data Type :: data Transfer --> false
01-01 00:22:41.192  1392  1392 W SYSTEM_UI - CI07.3: className -> CollapsedStatusBarFragment | functionName -> updateHermsDataType | value -> Update Herms Data Type :: wifiConnectionStatus --> false
01-01 00:22:41.192  1392  1392 W SYSTEM_UI - CI07.3: className -> CollapsedStatusBarFragment | functionName -> updateHermsDataType | value -> path 2
01-01 00:22:41.192  1392  1392 W SYSTEM_UI - CI07.3: className -> CollapsedStatusBarFragment | functionName -> updateHermsDataType | value -> path 3
01-01 00:22:41.192  3739  3739 E HMI2-SETTINGS - CI08.4: className -> WifiActivity | functionName -> mWifiScanReceiver -> onReceive | error ->intent_action:android.net.wifi.STATE_CHANGE
01-01 00:22:41.193  3739  3739 W HMI2-SETTINGS - CI08.4: className -> WifiActivity | functionName -> handleNetworkStateChanged | value -> detailedState->AUTHENTICATING
01-01 00:22:41.193  2145  2145 D HMI_SERVICE: USE_CASE_NA|FUN=HmiApplication| [action] android.net.wifi.STATE_CHANGE
01-01 00:22:41.193  1508  1601 W QCNEJ   : |CORE| notifyWifiStatusChanged failed
01-01 00:22:41.193  1151  2229 I WifiService: getConfiguredNetworks uid=1000
01-01 00:22:41.193  1508  1601 W QCNEJ   : |CORE| notifyRatConnectionStatusChanged failed
01-01 00:22:41.195  1392  1392 W SYSTEM_UI: SWR_SYSTEM_UI_008|FUN=CollapsedStatusBarFragment::AndroidEventReceiver | getAction |1|Broadcast action:android.net.wifi.STATE_CHANGE received
01-01 00:22:41.195  1392  1392 W SYSTEM_UI - CI07.3: className -> CollapsedStatusBarFragment | functionName -> AndroidEventReceiver | onReceive -->  | value -> Wifi connection status--> false
01-01 00:22:41.195  1392  1392 W SYSTEM_UI: SWR_SYSTEM_UI_008|FUN=CollapsedStatusBarFragment::isConnected |1|Wifi connection status--> false
01-01 00:22:41.195  1392  1392 W SYSTEM_UI - CI07.3: className -> CollapsedStatusBarFragment | functionName -> updateHermsDataType | value -> Update Herms Data Type :: networkType --> 0
01-01 00:22:41.195  1392  1392 W SYSTEM_UI - CI07.3: className -> CollapsedStatusBarFragment | functionName -> updateHermsDataType | value -> Update Herms Data Type :: isWebsiteSecure --> false
01-01 00:22:41.195  1392  1392 W SYSTEM_UI - CI07.3: className -> CollapsedStatusBarFragment | functionName -> updateHermsDataType | value -> Update Herms Data Type :: connection status --> 1
01-01 00:22:41.195  1392  1392 W SYSTEM_UI - CI07.3: className -> CollapsedStatusBarFragment | functionName -> updateHermsDataType | value -> Update Herms Data Type :: data Transfer --> false
01-01 00:22:41.195  1392  1392 W SYSTEM_UI - CI07.3: className -> CollapsedStatusBarFragment | functionName -> updateHermsDataType | value -> Update Herms Data Type :: wifiConnectionStatus --> false
01-01 00:22:41.195  1392  1392 W SYSTEM_UI - CI07.3: className -> CollapsedStatusBarFragment | functionName -> updateHermsDataType | value -> path 2
01-01 00:22:41.195  1392  1392 W SYSTEM_UI - CI07.3: className -> CollapsedStatusBarFragment | functionName -> updateHermsDataType | value -> path 3
01-01 00:22:41.196  1508  1601 W QCNEJ   : |CORE| notifyWifiStatusChanged failed
01-01 00:22:41.196  1508  1601 W QCNEJ   : |CORE| notifyRatConnectionStatusChanged failed
01-01 00:22:41.196  2145  2145 D HMI_SERVICE: USE_CASE_NA|FUN=HmiApplication| [action] android.net.wifi.STATE_CHANGE
01-01 00:22:41.156   808   808 I wificond: Enters wifigbk_ageOutHistory
01-01 00:22:41.197  1151  1317 D ConnectivityService: registerNetworkAgent NetworkAgentInfo{ ni{[type: WIFI[], state: CONNECTING/CONNECTING, reason: (unspecified), extra: "RSE_Test", failover: false, available: true, roaming: false]}  network{213}  nethandle{914844469982}  lp{{LinkAddresses: []  Routes: [] DnsAddresses: [] Domains: null MTU: 0}}  nc{[ Transports: WIFI Capabilities: NOT_METERED&INTERNET&NOT_RESTRICTED&TRUSTED&NOT_VPN LinkUpBandwidth>=1048576Kbps LinkDnBandwidth>=1048576Kbps]}  Score{20}  everValidated{false}  lastValidated{false}  created{false} lingering{false} explicitlySelected{false} acceptUnvalidated{false} everCaptivePortalDetected{false} lastCaptivePortalDetected{false} clat{null} }
01-01 00:22:41.198  1151  1325 D ConnectivityService: NetworkAgentInfo [WIFI () - 213] EVENT_NETWORK_INFO_CHANGED, going from null to CONNECTING
01-01 00:22:41.201  2145  2145 D HMI_SERVICE: USE_CASE_NA|FUN=HmiApplication| [action] android.net.wifi.STATE_CHANGE
01-01 00:22:41.201  1392  1392 W SYSTEM_UI: SWR_SYSTEM_UI_008|FUN=CollapsedStatusBarFragment::AndroidEventReceiver | getAction |1|Broadcast action:android.net.wifi.STATE_CHANGE received
01-01 00:22:41.202  1392  1392 W SYSTEM_UI - CI07.3: className -> CollapsedStatusBarFragment | functionName -> AndroidEventReceiver | onReceive -->  | value -> Wifi connection status--> false
01-01 00:22:41.202  1392  1392 W SYSTEM_UI: SWR_SYSTEM_UI_008|FUN=CollapsedStatusBarFragment::isConnected |1|Wifi connection status--> false
01-01 00:22:41.202  1392  1392 W SYSTEM_UI - CI07.3: className -> CollapsedStatusBarFragment | functionName -> updateHermsDataType | value -> Update Herms Data Type :: networkType --> 0
01-01 00:22:41.202  1392  1392 W SYSTEM_UI - CI07.3: className -> CollapsedStatusBarFragment | functionName -> updateHermsDataType | value -> Update Herms Data Type :: isWebsiteSecure --> false
01-01 00:22:41.202  1392  1392 W SYSTEM_UI - CI07.3: className -> CollapsedStatusBarFragment | functionName -> updateHermsDataType | value -> Update Herms Data Type :: connection status --> 1
01-01 00:22:41.202  1392  1392 W SYSTEM_UI - CI07.3: className -> CollapsedStatusBarFragment | functionName -> updateHermsDataType | value -> Update Herms Data Type :: data Transfer --> false
01-01 00:22:41.202  1392  1392 W SYSTEM_UI - CI07.3: className -> CollapsedStatusBarFragment | functionName -> updateHermsDataType | value -> Update Herms Data Type :: wifiConnectionStatus --> false
01-01 00:22:41.202  1392  1392 W SYSTEM_UI - CI07.3: className -> CollapsedStatusBarFragment | functionName -> updateHermsDataType | value -> path 2
01-01 00:22:41.202  1392  1392 W SYSTEM_UI - CI07.3: className -> CollapsedStatusBarFragment | functionName -> updateHermsDataType | value -> path 3
01-01 00:22:41.203  1508  1601 W QCNEJ   : |CORE| notifyWifiStatusChanged failed
01-01 00:22:41.203  1508  1601 W QCNEJ   : |CORE| notifyRatConnectionStatusChanged failed
01-01 00:22:41.206  1151  1317 E SupplicantStaIfaceHal: ISupplicantStaIface.setBtCoexistenceMode failed: FAILURE_UNKNOWN, 
01-01 00:22:41.207   625   625 D WifiHAL : Getting APF capabilities, halHandle = 0x7f734319a0
01-01 00:22:41.207   625   625 I WifiHAL : 
01-01 00:22:41.207   625   625 I WifiHAL : createRequest: APF get capabilities request
01-01 00:22:41.207   625   625 I WifiHAL : Request Response failed for APF, result = -95
01-01 00:22:41.208  1151  1317 E WifiVendorHal: getApfCapabilities(l.1623) failed {.code = ERROR_UNKNOWN, .description = errno: -95 (Unknown error -95)}
01-01 00:22:41.212  3739  3739 W HMI2-SETTINGS - CI08.4: className -> WifiActivity | functionName -> getConfig: success-> | value -> "RSE_Test"
01-01 00:22:41.213  3739  3739 W HMI2-SETTINGS - CI08.4: className -> WifiActivity | functionName -> getConnectSummary | value -> getConnectSummaryID: 56 SSID: "RSE_Test" PROVIDER-NAME: null BSSID: null FQDN: null PRIO: 0 HIDDEN: false
01-01 00:22:41.213  3739  3739 W HMI2-SETTINGS - CI08.4:  NetworkSelectionStatus NETWORK_SELECTION_ENABLED
01-01 00:22:41.213  3739  3739 W HMI2-SETTINGS - CI08.4:  hasEverConnected: false
01-01 00:22:41.213  3739  3739 W HMI2-SETTINGS - CI08.4:  KeyMgmt: WPA_PSK Protocols: WPA RSN
01-01 00:22:41.213  3739  3739 W HMI2-SETTINGS - CI08.4:  AuthAlgorithms: OPEN
01-01 00:22:41.213  3739  3739 W HMI2-SETTINGS - CI08.4:  PairwiseCiphers: TKIP CCMP
01-01 00:22:41.213  3739  3739 W HMI2-SETTINGS - CI08.4:  GroupCiphers: TKIP CCMP
01-01 00:22:41.213  3739  3739 W HMI2-SETTINGS - CI08.4:  PSK: *
01-01 00:22:41.213  3739  3739 W HMI2-SETTINGS - CI08.4: 
01-01 00:22:41.213  3739  3739 W HMI2-SETTINGS - CI08.4:  sim_num 
01-01 00:22:41.213  3739  3739 W HMI2-SETTINGS - CI08.4: Enterprise config:
01-01 00:22:41.213  3739  3739 W HMI2-SETTINGS - CI08.4: IP config:
01-01 00:22:41.213  3739  3739 W HMI2-SETTINGS - CI08.4: IP assignment: DHCP
01-01 00:22:41.213  3739  3739 W HMI2-SETTINGS - CI08.4: Proxy settings: NONE
01-01 00:22:41.213  3739  3739 W HMI2-SETTINGS - CI08.4:  cuid=1000 cname=android.uid.system:1000 luid=1000 lname=android.uid.system:1000 lcuid=1000 userApproved=USER_UNSPECIFIED noInternetAccessExpected=false roamingFailureBlackListTimeMilli: 1000
01-01 00:22:41.213  3739  3739 W HMI2-SETTINGS - CI08.4: recentFailure: Association Rejection code: 0
01-01 00:22:41.213  3739  3739 W HMI2-SETTINGS - CI08.4: ShareThisAp: false
01-01 00:22:41.213  3739  3739 W HMI2-SETTINGS - CI08.4: className -> WifiActivity | functionName -> getConnectSummary : | value ->  Saved
01-01 00:22:41.213  3739  3739 E HMI2-SETTINGS - CI08.4: className -> WifiActivity | functionName -> mWifiScanReceiver -> onReceive | error ->intent_action:android.net.wifi.STATE_CHANGE
01-01 00:22:41.213  1151  1317 E WifiVendorHal: configureNeighborDiscoveryOffload(l.2366) failed {.code = ERROR_UNKNOWN, .description = errno: -95 (Unknown error -95)}
01-01 00:22:41.213  3739  3739 W HMI2-SETTINGS - CI08.4: className -> WifiActivity | functionName -> handleNetworkStateChanged | value -> detailedState->CONNECTING
01-01 00:22:41.214  1151  1422 I WifiService: getConfiguredNetworks uid=1000
01-01 00:22:41.215  3739  3739 W HMI2-SETTINGS - CI08.4: className -> WifiActivity | functionName -> getConfig: success-> | value -> "RSE_Test"
01-01 00:22:41.215  3739  3739 W HMI2-SETTINGS - CI08.4: className -> WifiActivity | functionName -> getConnectSummary | value -> getConnectSummaryID: 56 SSID: "RSE_Test" PROVIDER-NAME: null BSSID: null FQDN: null PRIO: 0 HIDDEN: false
01-01 00:22:41.215  3739  3739 W HMI2-SETTINGS - CI08.4:  NetworkSelectionStatus NETWORK_SELECTION_ENABLED
01-01 00:22:41.215  3739  3739 W HMI2-SETTINGS - CI08.4:  hasEverConnected: false
01-01 00:22:41.215  3739  3739 W HMI2-SETTINGS - CI08.4:  KeyMgmt: WPA_PSK Protocols: WPA RSN
01-01 00:22:41.215  3739  3739 W HMI2-SETTINGS - CI08.4:  AuthAlgorithms: OPEN
01-01 00:22:41.215  3739  3739 W HMI2-SETTINGS - CI08.4:  PairwiseCiphers: TKIP CCMP
01-01 00:22:41.215  3739  3739 W HMI2-SETTINGS - CI08.4:  GroupCiphers: TKIP CCMP
01-01 00:22:41.215  3739  3739 W HMI2-SETTINGS - CI08.4:  PSK: *
01-01 00:22:41.215  3739  3739 W HMI2-SETTINGS - CI08.4: 
01-01 00:22:41.215  3739  3739 W HMI2-SETTINGS - CI08.4:  sim_num 
01-01 00:22:41.215  3739  3739 W HMI2-SETTINGS - CI08.4: Enterprise config:
01-01 00:22:41.215  3739  3739 W HMI2-SETTINGS - CI08.4: IP config:
01-01 00:22:41.215  3739  3739 W HMI2-SETTINGS - CI08.4: IP assignment: DHCP
01-01 00:22:41.215  3739  3739 W HMI2-SETTINGS - CI08.4: Proxy settings: NONE
01-01 00:22:41.215  3739  3739 W HMI2-SETTINGS - CI08.4:  cuid=1000 cname=android.uid.system:1000 luid=1000 lname=android.uid.system:1000 lcuid=1000 userApproved=USER_UNSPECIFIED noInternetAccessExpected=false roamingFailureBlackListTimeMilli: 1000
01-01 00:22:41.215  3739  3739 W HMI2-SETTINGS - CI08.4: recentFailure: Association Rejection code: 0
01-01 00:22:41.215  3739  3739 W HMI2-SETTINGS - CI08.4: ShareThisAp: false
01-01 00:22:41.215  3739  3739 W HMI2-SETTINGS - CI08.4: className -> WifiActivity | functionName -> getConnectSummary : | value ->  Saved
01-01 00:22:41.216  2145  2145 D HMI_SERVICE: USE_CASE_NA|FUN=HmiApplication| [action] android.net.wifi.supplicant.STATE_CHANGE
01-01 00:22:41.217  3739  3739 E HMI2-SETTINGS - CI08.4: className -> WifiActivity | functionName -> mWifiScanReceiver -> onReceive | error ->intent_action:android.net.wifi.STATE_CHANGE
01-01 00:22:41.218  3739  3739 W HMI2-SETTINGS - CI08.4: className -> WifiActivity | functionName -> handleNetworkStateChanged | value -> detailedState->OBTAINING_IPADDR
01-01 00:22:41.218  1151  1550 I WifiService: getConfiguredNetworks uid=1000
01-01 00:22:41.225  3739  3739 W HMI2-SETTINGS - CI08.4: className -> WifiActivity | functionName -> getConfig: success-> | value -> "RSE_Test"
01-01 00:22:41.225  3739  3739 W HMI2-SETTINGS - CI08.4: className -> WifiActivity | functionName -> getConnectSummary | value -> getConnectSummaryID: 56 SSID: "RSE_Test" PROVIDER-NAME: null BSSID: null FQDN: null PRIO: 0 HIDDEN: false
01-01 00:22:41.225  3739  3739 W HMI2-SETTINGS - CI08.4:  NetworkSelectionStatus NETWORK_SELECTION_ENABLED
01-01 00:22:41.225  3739  3739 W HMI2-SETTINGS - CI08.4:  hasEverConnected: false
01-01 00:22:41.225  3739  3739 W HMI2-SETTINGS - CI08.4:  KeyMgmt: WPA_PSK Protocols: WPA RSN
01-01 00:22:41.225  3739  3739 W HMI2-SETTINGS - CI08.4:  AuthAlgorithms: OPEN
01-01 00:22:41.225  3739  3739 W HMI2-SETTINGS - CI08.4:  PairwiseCiphers: TKIP CCMP
01-01 00:22:41.225  3739  3739 W HMI2-SETTINGS - CI08.4:  GroupCiphers: TKIP CCMP
01-01 00:22:41.225  3739  3739 W HMI2-SETTINGS - CI08.4:  PSK: *
01-01 00:22:41.225  3739  3739 W HMI2-SETTINGS - CI08.4: 
01-01 00:22:41.225  3739  3739 W HMI2-SETTINGS - CI08.4:  sim_num 
01-01 00:22:41.225  3739  3739 W HMI2-SETTINGS - CI08.4: Enterprise config:
01-01 00:22:41.225  3739  3739 W HMI2-SETTINGS - CI08.4: IP config:
01-01 00:22:41.225  3739  3739 W HMI2-SETTINGS - CI08.4: IP assignment: DHCP
01-01 00:22:41.225  3739  3739 W HMI2-SETTINGS - CI08.4: Proxy settings: NONE
01-01 00:22:41.225  3739  3739 W HMI2-SETTINGS - CI08.4:  cuid=1000 cname=android.uid.system:1000 luid=1000 lname=android.uid.system:1000 lcuid=1000 userApproved=USER_UNSPECIFIED noInternetAccessExpected=false roamingFailureBlackListTimeMilli: 1000
01-01 00:22:41.225  3739  3739 W HMI2-SETTINGS - CI08.4: recentFailure: Association Rejection code: 0
01-01 00:22:41.225  3739  3739 W HMI2-SETTINGS - CI08.4: ShareThisAp: false
01-01 00:22:41.225  3739  3739 W HMI2-SETTINGS - CI08.4: className -> WifiActivity | functionName -> getConnectSummary : | value ->  Saved
01-01 00:22:41.266  1151  9004 D DhcpClient: Receive thread started
01-01 00:22:41.340  1151  1317 E SupplicantStaIfaceHal: ISupplicantStaIface.setBtCoexistenceMode failed: FAILURE_UNKNOWN, 
01-01 00:22:41.349  1151  9002 D DhcpClient: Broadcasting DHCPDISCOVER
01-01 00:22:41.374  1151  9004 D DhcpClient: Received packet: 00:9d:6b:17:da:19 OFFER, ip /192.168.0.61, mask /255.255.255.0, DNS servers: /8.8.8.8 , gateways [/192.168.0.1] lease time 691200, domain null
01-01 00:22:41.374  1151  9002 D DhcpClient: server address: 192.168.0.1 client address: 192.168.0.61/24 iface: wlan0 rapid commit: false
01-01 00:22:41.374  1151  9002 D DhcpClient: Got pending lease: IP address 192.168.0.61/24 Gateway 192.168.0.1  DNS servers: [ 8.8.8.8 ] Domains  DHCP server /192.168.0.1 Vendor info null lease 691200 seconds
01-01 00:22:41.375  1151  9002 D DhcpClient: Broadcasting DHCPREQUEST ciaddr=0.0.0.0 request=192.168.0.61 serverid=192.168.0.1
