01-01 00:55:16.918  1151  1167 D WindowManager: addToDisplay >>> FLAG_FULLSCREEN not set in WindowManager.LayoutParams
01-01 00:55:16.918  1151  1167 D WindowManager: startStatusReceiverServiceOnFlagSet: creating intent for action ACTION_ACTIVITY_FULLSCREEN
01-01 00:55:16.919  1151  1167 W ContextImpl: Calling a method in the system process without a qualified user: android.app.ContextImpl.startService:1476 com.android.server.wm.Session.startStatusReceiverServiceOnFlagSet:762 com.android.server.wm.Session.addToDisplay:217 android.view.IWindowSession$Stub.onTransact:124 com.android.server.wm.Session.onTransact:166 
01-01 00:55:16.919  1151  1167 D CompatibilityInfo: mCompatibilityFlags - 4
01-01 00:55:16.920  1151  1167 D CompatibilityInfo: applicationDensity - 240
01-01 00:55:16.920  1151  1167 D CompatibilityInfo: applicationScale - 1.0
01-01 00:55:16.920  1151  1167 D WindowManager: startStatusReceiverServiceOnFlagSet: startService done
01-01 00:55:16.923  1392  1392 W SYSTEM_UI: SWR_SYSTEM_UI_007|FUN=CollapsedStatusBarFragment::getAction |1|Broadcast action --> STATUS_UPDATE_ACTION
01-01 00:55:16.923  1392  1392 W SYSTEM_UI: SWR_SYSTEM_UI_007|FUN=CollapsedStatusBarFragment::getIntExtra |1|NotifySystemUpdates dataType --> 101
01-01 00:55:16.923  1392  1392 W SYSTEM_UI - CI07.3: className -> CollapsedStatusBarFragment | functionName -> NotifySystemUpdates | onReceive -->  | value -> FULLSCREEN MODE CHANGED | isFullScreenStatus --> false | fullScreenPackage -->com.panasonic.hmi2settings | fullscreenLastShownPackage -->null | topActivityPackage --> com.panasonic.hmi2settings
01-01 00:55:16.924  1392  1392 W SYSTEM_UI - CI07.3: className -> CollapsedStatusBarFragment | functionName -> NotifySystemUpdates | onReceive -->  | value -> Fullscreen mode changed --> path 5
01-01 00:55:16.927  3739  3739 W HMI2-SETTINGS: SWR_BAIDU_HMI_0015|FUN=WifiActivity::addView|0|Display password enter dialog with addView method.
01-01 00:55:16.927  3739  3739 W HMI2-SETTINGS: SWR_BAIDU_HMI_0027|FUN=WifiActivity::addView|0|Display password enter dialog with addView method.
01-01 00:55:16.929  3739  3739 W HMI2-SETTINGS - CI08.4: className -> WifiActivity | functionName -> setOnFocusChangeListener :   | value -> hasFocus:true
01-01 00:55:16.929  1151  1550 D mEnabledInputMethodsStrCache: com.android.inputmethods.latin/.LatinIME
01-01 00:55:16.930  1151  1550 D systemLanguageCode: en__GB
01-01 00:55:16.930  1151  1550 D mEnabledInputMethodsStrCache: com.android.inputmethods.latin/.LatinIME
01-01 00:55:16.935  1151  1167 D mEnabledInputMethodsStrCache: com.android.inputmethods.latin/.LatinIME
01-01 00:55:16.935  1151  1167 D systemLanguageCode: en__GB
01-01 00:55:16.935  1151  1167 D mEnabledInputMethodsStrCache: com.android.inputmethods.latin/.LatinIME
01-01 00:55:16.937  1151  2263 D mEnabledInputMethodsStrCache: com.android.inputmethods.latin/.LatinIME
01-01 00:55:16.937  1151  2263 D systemLanguageCode: en__GB
01-01 00:55:16.937  1151  2263 D mEnabledInputMethodsStrCache: com.android.inputmethods.latin/.LatinIME
01-01 00:55:16.938  1151  1167 D mEnabledInputMethodsStrCache: com.android.inputmethods.latin/.LatinIME
01-01 00:55:16.938  1151  1167 D systemLanguageCode: en__GB
01-01 00:55:16.938  1151  1167 D mEnabledInputMethodsStrCache: com.android.inputmethods.latin/.LatinIME
01-01 00:55:16.939  1151  1167 D mEnabledInputMethodsStrCache: com.android.inputmethods.latin/.LatinIME
01-01 00:55:16.939  1151  1167 D systemLanguageCode: en__GB
01-01 00:55:16.939  1151  1167 D mEnabledInputMethodsStrCache: com.android.inputmethods.latin/.LatinIME
01-01 00:55:16.939  1151  1167 D mEnabledInputMethodsStrCache: com.android.inputmethods.latin/.LatinIME
01-01 00:55:16.939  1151  1167 D systemLanguageCode: en__GB
01-01 00:55:16.939  1151  2263 D WindowManager: relayout packageName=com.panasonic.hmi2settings::session=Session{c47ecfc 3739:1000}::window=android.view.IWindow$Stub$Proxy@9800631::attrs.flags=1000100
01-01 00:55:16.939  1151  1167 D mEnabledInputMethodsStrCache: com.android.inputmethods.latin/.LatinIME
01-01 00:55:16.939  1151  2263 D WindowManager: relayout >>> FLAG_FULLSCREEN not set in WindowManager.LayoutParams
01-01 00:55:16.939  1151  2263 D WindowManager: startStatusReceiverServiceOnFlagSet: creating intent for action ACTION_ACTIVITY_FULLSCREEN
01-01 00:55:16.939  1151  2263 W ContextImpl: Calling a method in the system process without a qualified user: android.app.ContextImpl.startService:1476 com.android.server.wm.Session.startStatusReceiverServiceOnFlagSet:762 com.android.server.wm.Session.relayout:276 android.view.IWindowSession$Stub.onTransact:286 com.android.server.wm.Session.onTransact:166 
01-01 00:55:16.940  1151  2263 D CompatibilityInfo: mCompatibilityFlags - 4
01-01 00:55:16.940  1151  2263 D CompatibilityInfo: applicationDensity - 240
01-01 00:55:16.940  1151  2263 D CompatibilityInfo: applicationScale - 1.0
01-01 00:55:16.941  1151  2263 D WindowManager: startStatusReceiverServiceOnFlagSet: startService done
01-01 00:55:16.943  1379  1379 I LatinIME: SWR_HMISERVICE_SPELLER_MF_001||FUN=onStartInputViewInternal || 1 || Starting input. Cursor position = -1,-1
01-01 00:55:16.945  1392  1392 W SYSTEM_UI: SWR_SYSTEM_UI_007|FUN=CollapsedStatusBarFragment::getAction |1|Broadcast action --> STATUS_UPDATE_ACTION
01-01 00:55:16.945  1392  1392 W SYSTEM_UI: SWR_SYSTEM_UI_007|FUN=CollapsedStatusBarFragment::getIntExtra |1|NotifySystemUpdates dataType --> 101
01-01 00:55:16.945  1392  1392 W SYSTEM_UI - CI07.3: className -> CollapsedStatusBarFragment | functionName -> NotifySystemUpdates | onReceive -->  | value -> FULLSCREEN MODE CHANGED | isFullScreenStatus --> false | fullScreenPackage -->com.panasonic.hmi2settings | fullscreenLastShownPackage -->null | topActivityPackage --> com.panasonic.hmi2settings
01-01 00:55:16.945  1392  1392 W SYSTEM_UI - CI07.3: className -> CollapsedStatusBarFragment | functionName -> NotifySystemUpdates | onReceive -->  | value -> Fullscreen mode changed --> path 5
01-01 00:55:16.963  3675 17282 W ByMatcher: Node returned null child: android.view.accessibility.AccessibilityNodeInfo@7442; boundsInParent: Rect(0, 0 - 1920, 104); boundsInScreen: Rect(0, 0 - 1920, 104); packageName: com.android.systemui; className: android.widget.FrameLayout; text: null; error: null; maxTextLength: -1; contentDescription: null; viewIdResName: null; checkable: false; checked: false; focusable: false; focused: false; selected: false; clickable: false; longClickable: false; contextClickable: false; enabled: true; password: false; scrollable: false; importantForAccessibility: true; actions: [AccessibilityAction: ACTION_SELECT - null, AccessibilityAction: ACTION_CLEAR_SELECTION - null, AccessibilityAction: ACTION_ACCESSIBILITY_FOCUS - null, AccessibilityAction: ACTION_SHOW_ON_SCREEN - null]
01-01 00:55:16.963  3675 17282 W ByMatcher: Skipping null child (0 of 4)
01-01 00:55:16.965  3675 17282 W ByMatcher: Skipping null child (1 of 4)
01-01 00:55:16.968  3675 17282 W ByMatcher: Skipping null child (2 of 4)
01-01 00:55:16.969   729   748 I sssv-lib: sendMsg enter
01-01 00:55:16.969   729   748 I sssv-lib: sendMsg complete.
01-01 00:55:16.969  3675 17282 W ByMatcher: Skipping null child (3 of 4)
01-01 00:55:16.972  3675 17282 W ByMatcher: Node returned null child: android.view.accessibility.AccessibilityNodeInfo@7442; boundsInParent: Rect(0, 0 - 1920, 104); boundsInScreen: Rect(0, 0 - 1920, 104); packageName: com.android.systemui; className: android.widget.FrameLayout; text: null; error: null; maxTextLength: -1; contentDescription: null; viewIdResName: null; checkable: false; checked: false; focusable: false; focused: false; selected: false; clickable: false; longClickable: false; contextClickable: false; enabled: true; password: false; scrollable: false; importantForAccessibility: true; actions: [AccessibilityAction: ACTION_SELECT - null, AccessibilityAction: ACTION_CLEAR_SELECTION - null, AccessibilityAction: ACTION_ACCESSIBILITY_FOCUS - null, AccessibilityAction: ACTION_SHOW_ON_SCREEN - null]
01-01 00:55:16.972  3675 17282 W ByMatcher: Skipping null child (0 of 4)
01-01 00:55:16.973  3675 17282 W ByMatcher: Skipping null child (1 of 4)
01-01 00:55:16.974  3675 17282 W ByMatcher: Skipping null child (2 of 4)
01-01 00:55:16.975  3675 17282 W ByMatcher: Skipping null child (3 of 4)
01-01 00:55:16.976  3675 17282 W ByMatcher: Node returned null child: android.view.accessibility.AccessibilityNodeInfo@8000703a; boundsInParent: Rect(0, 0 - 1920, 1080); boundsInScreen: Rect(0, 0 - 1920, 1080); packageName: com.panasonic.hmi2settings; className: android.widget.FrameLayout; text: null; error: null; maxTextLength: -1; contentDescription: null; viewIdResName: null; checkable: false; checked: false; focusable: false; focused: false; selected: false; clickable: false; longClickable: false; contextClickable: false; enabled: true; password: false; scrollable: false; importantForAccessibility: true; actions: [AccessibilityAction: ACTION_SELECT - null, AccessibilityAction: ACTION_CLEAR_SELECTION - null, AccessibilityAction: ACTION_ACCESSIBILITY_FOCUS - null, AccessibilityAction: ACTION_SHOW_ON_SCREEN - null]
01-01 00:55:16.976  3675 17282 W ByMatcher: Skipping null child (0 of 1)
01-01 00:55:16.979  3675 17282 W ByMatcher: Node returned null child: android.view.accessibility.AccessibilityNodeInfo@8000703a; boundsInParent: Rect(0, 0 - 1920, 1080); boundsInScreen: Rect(0, 0 - 1920, 1080); packageName: com.panasonic.hmi2settings; className: android.widget.FrameLayout; text: null; error: null; maxTextLength: -1; contentDescription: null; viewIdResName: null; checkable: false; checked: false; focusable: false; focused: false; selected: false; clickable: false; longClickable: false; contextClickable: false; enabled: true; password: false; scrollable: false; importantForAccessibility: true; actions: [AccessibilityAction: ACTION_SELECT - null, AccessibilityAction: ACTION_CLEAR_SELECTION - null, AccessibilityAction: ACTION_ACCESSIBILITY_FOCUS - null, AccessibilityAction: ACTION_SHOW_ON_SCREEN - null]
01-01 00:55:16.979  3675 17282 W ByMatcher: Skipping null child (0 of 1)
01-01 00:55:17.037  1379  1379 I InputAttributes: InputType.TYPE_NULL is specified
01-01 00:55:17.041  1151  2233 D mEnabledInputMethodsStrCache: com.android.inputmethods.latin/.LatinIME
01-01 00:55:17.042  1151  2233 D systemLanguageCode: en__GB
01-01 00:55:17.043  1151  2233 D mEnabledInputMethodsStrCache: com.android.inputmethods.latin/.LatinIME
01-01 00:55:17.046  1379  1379 V KeyboardState: onLoadKeyboard: [keyboard=UNSHIFTED shift=RELEASING symbol=RELEASING switch=ALPHA] autoCapsFlags=none recapitalizeMode=undefined
01-01 00:55:17.046  1379  1379 D KeyboardState: setAlphabetKeyboard: [keyboard=UNSHIFTED shift=RELEASING symbol=RELEASING switch=ALPHA] autoCapsFlags=none recapitalizeMode=undefined
01-01 00:55:17.046  1379  1379 D KeyboardSwitcher: setAlphabetKeyboard
01-01 00:55:17.050  1151  1550 D mEnabledInputMethodsStrCache: com.android.inputmethods.latin/.LatinIME
01-01 00:55:17.050  1151  1550 D systemLanguageCode: en__GB
01-01 00:55:17.050  1151  1550 D mEnabledInputMethodsStrCache: com.android.inputmethods.latin/.LatinIME
01-01 00:55:17.051  1379  1379 D KeyboardSwitcher: requestUpdatingShiftState:  autoCapsFlags=none recapitalizeMode=undefined
01-01 00:55:17.052  1379  1379 D KeyboardState: onUpdateShiftState: [keyboard=UNSHIFTED shift=RELEASING symbol=RELEASING switch=ALPHA] autoCapsFlags=none recapitalizeMode=undefined
01-01 00:55:17.052  1379  1379 D KeyboardState: setShifted: shiftMode=UNSHIFT [keyboard=UNSHIFTED shift=RELEASING symbol=RELEASING switch=ALPHA]
01-01 00:55:17.053  1151  1550 D mEnabledInputMethodsStrCache: com.android.inputmethods.latin/.LatinIME
01-01 00:55:17.053  1151  1550 D systemLanguageCode: en__GB
01-01 00:55:17.053  1151  1550 D mEnabledInputMethodsStrCache: com.android.inputmethods.latin/.LatinIME
01-01 00:55:17.055  1151  1550 D mEnabledInputMethodsStrCache: com.android.inputmethods.latin/.LatinIME
01-01 00:55:17.055  1151  1550 D systemLanguageCode: en__GB
01-01 00:55:17.056  1151  1550 D mEnabledInputMethodsStrCache: com.android.inputmethods.latin/.LatinIME
01-01 00:55:17.056  1379  1379 I NuanceUtil: Language text: en_GB, Language code: 5
01-01 00:55:17.057  1379  1379 I NuanceLog: Active Language: ET9LIDEnglish_UK
01-01 00:55:17.057  1379  1379 I NuanceLog: Active LDB: /system/etc/RSESpeller/configs/LDBs/v13.1.0/englishuk/ENubUNUK_xt9_ALM3.ldb
01-01 00:55:17.057  1379  1379 I LatinIME: Nuance API Initialized successfully
01-01 00:55:17.057  1379  1379 I LatinIME: Suggestion strip view visibility gone
01-01 00:55:17.058  1151  2233 D mEnabledInputMethodsStrCache: com.android.inputmethods.latin/.LatinIME
01-01 00:55:17.058  1151  2233 D systemLanguageCode: en__GB
01-01 00:55:17.058  1151  2233 D mEnabledInputMethodsStrCache: com.android.inputmethods.latin/.LatinIME
01-01 00:55:17.058  1151  2233 D mEnabledInputMethodsStrCache: com.android.inputmethods.latin/.LatinIME
01-01 00:55:17.058  1151  2233 D systemLanguageCode: en__GB
01-01 00:55:17.058  1151  2233 D mEnabledInputMethodsStrCache: com.android.inputmethods.latin/.LatinIME
01-01 00:55:17.059  1151  2233 D mEnabledInputMethodsStrCache: com.android.inputmethods.latin/.LatinIME
01-01 00:55:17.059  1151  2233 D systemLanguageCode: en__GB
01-01 00:55:17.059  1151  2233 D mEnabledInputMethodsStrCache: com.android.inputmethods.latin/.LatinIME
01-01 00:55:17.059  1151  2233 D mEnabledInputMethodsStrCache: com.android.inputmethods.latin/.LatinIME
01-01 00:55:17.059  1151  2233 D systemLanguageCode: en__GB
01-01 00:55:17.059  1151  2233 D mEnabledInputMethodsStrCache: com.android.inputmethods.latin/.LatinIME
01-01 00:55:17.060  1151  2233 D WindowManager: relayout packageName=com.android.inputmethods.latin::session=Session{ca2ba78 1379:1000}::window=android.view.IWindow$Stub$Proxy@9018484::attrs.flags=800108
01-01 00:55:17.060  1151  2233 D WindowManager: relayout >>> FLAG_FULLSCREEN not set in WindowManager.LayoutParams
01-01 00:55:17.060  1151  2233 D WindowManager: startStatusReceiverServiceOnFlagSet: creating intent for action ACTION_ACTIVITY_FULLSCREEN
01-01 00:55:17.061  1151  2233 W ContextImpl: Calling a method in the system process without a qualified user: android.app.ContextImpl.startService:1476 com.android.server.wm.Session.startStatusReceiverServiceOnFlagSet:762 com.android.server.wm.Session.relayout:276 android.view.IWindowSession$Stub.onTransact:286 com.android.server.wm.Session.onTransact:166 
01-01 00:55:17.061  1151  2233 D CompatibilityInfo: mCompatibilityFlags - 4
01-01 00:55:17.062  1151  2233 D CompatibilityInfo: applicationDensity - 240
01-01 00:55:17.062  1151  2233 D CompatibilityInfo: applicationScale - 1.0
01-01 00:55:17.062  1151  2233 D WindowManager: startStatusReceiverServiceOnFlagSet: startService done
01-01 00:55:17.065  1392  1392 W SYSTEM_UI: SWR_SYSTEM_UI_007|FUN=CollapsedStatusBarFragment::getAction |1|Broadcast action --> STATUS_UPDATE_ACTION
01-01 00:55:17.065  1392  1392 W SYSTEM_UI: SWR_SYSTEM_UI_007|FUN=CollapsedStatusBarFragment::getIntExtra |1|NotifySystemUpdates dataType --> 101
01-01 00:55:17.065  1392  1392 W SYSTEM_UI - CI07.3: className -> CollapsedStatusBarFragment | functionName -> NotifySystemUpdates | onReceive -->  | value -> FULLSCREEN MODE CHANGED | isFullScreenStatus --> false | fullScreenPackage -->com.android.inputmethods.latin | fullscreenLastShownPackage -->null | topActivityPackage --> com.panasonic.hmi2settings
01-01 00:55:17.065  1392  1392 W SYSTEM_UI - CI07.3: className -> CollapsedStatusBarFragment | functionName -> NotifySystemUpdates | onReceive -->  | value -> Fullscreen mode changed --> path 0
01-01 00:55:17.080  1151  2263 D mEnabledInputMethodsStrCache: com.android.inputmethods.latin/.LatinIME
01-01 00:55:17.080  1151  2263 D systemLanguageCode: en__GB
01-01 00:55:17.080  1151  2263 D mEnabledInputMethodsStrCache: com.android.inputmethods.latin/.LatinIME
01-01 00:55:17.085  1151  1550 D mEnabledInputMethodsStrCache: com.android.inputmethods.latin/.LatinIME
01-01 00:55:17.085  1151  1550 D systemLanguageCode: en__GB
01-01 00:55:17.085  1151  1550 D mEnabledInputMethodsStrCache: com.android.inputmethods.latin/.LatinIME
01-01 00:55:17.086  1151  1550 D mEnabledInputMethodsStrCache: com.android.inputmethods.latin/.LatinIME
01-01 00:55:17.086  1151  1550 D systemLanguageCode: en__GB
01-01 00:55:17.086  1151  1550 D mEnabledInputMethodsStrCache: com.android.inputmethods.latin/.LatinIME
01-01 00:55:17.087  1151  1550 D mEnabledInputMethodsStrCache: com.android.inputmethods.latin/.LatinIME
01-01 00:55:17.087  1151  1550 D systemLanguageCode: en__GB
01-01 00:55:17.087  1151  1550 D mEnabledInputMethodsStrCache: com.android.inputmethods.latin/.LatinIME
01-01 00:55:17.087  1151  1550 D mEnabledInputMethodsStrCache: com.android.inputmethods.latin/.LatinIME
01-01 00:55:17.087  1151  1550 D systemLanguageCode: en__GB
01-01 00:55:17.087  1151  1550 D mEnabledInputMethodsStrCache: com.android.inputmethods.latin/.LatinIME
01-01 00:55:17.088  1379  1379 I LatinIME: SWR_HMISERVICE_SPELLER_MF_001||FUN=onStartInputViewInternal || 1 || Starting input. Cursor position = 0,0
01-01 00:55:17.102  1151  1550 D mEnabledInputMethodsStrCache: com.android.inputmethods.latin/.LatinIME
01-01 00:55:17.102  1151  1550 D systemLanguageCode: en__GB
01-01 00:55:17.102  1151  1550 D mEnabledInputMethodsStrCache: com.android.inputmethods.latin/.LatinIME
01-01 00:55:17.103  1379  1379 V KeyboardState: onLoadKeyboard: [keyboard=UNSHIFTED shift=RELEASING symbol=RELEASING switch=ALPHA] autoCapsFlags=none recapitalizeMode=undefined
01-01 00:55:17.103  1379  1379 D KeyboardState: setAlphabetKeyboard: [keyboard=UNSHIFTED shift=RELEASING symbol=RELEASING switch=ALPHA] autoCapsFlags=none recapitalizeMode=undefined
01-01 00:55:17.103  1379  1379 D KeyboardSwitcher: setAlphabetKeyboard
01-01 00:55:17.104  1151  1550 D mEnabledInputMethodsStrCache: com.android.inputmethods.latin/.LatinIME
01-01 00:55:17.104  1151  1550 D systemLanguageCode: en__GB
01-01 00:55:17.104  1151  1550 D mEnabledInputMethodsStrCache: com.android.inputmethods.latin/.LatinIME
01-01 00:55:17.105  1379  1379 D KeyboardSwitcher: requestUpdatingShiftState:  autoCapsFlags=none recapitalizeMode=undefined
01-01 00:55:17.105  1379  1379 D KeyboardState: onUpdateShiftState: [keyboard=UNSHIFTED shift=RELEASING symbol=RELEASING switch=ALPHA] autoCapsFlags=none recapitalizeMode=undefined
01-01 00:55:17.105  1379  1379 D KeyboardState: setShifted: shiftMode=UNSHIFT [keyboard=UNSHIFTED shift=RELEASING symbol=RELEASING switch=ALPHA]
01-01 00:55:17.105  1151  1550 D mEnabledInputMethodsStrCache: com.android.inputmethods.latin/.LatinIME
01-01 00:55:17.106  1151  1550 D systemLanguageCode: en__GB
01-01 00:55:17.106  1151  1550 D mEnabledInputMethodsStrCache: com.android.inputmethods.latin/.LatinIME
01-01 00:55:17.106  1151  1550 D mEnabledInputMethodsStrCache: com.android.inputmethods.latin/.LatinIME
01-01 00:55:17.106  1151  1550 D systemLanguageCode: en__GB
01-01 00:55:17.106  1151  1550 D mEnabledInputMethodsStrCache: com.android.inputmethods.latin/.LatinIME
01-01 00:55:17.107  1379  1379 I NuanceUtil: Language text: en_GB, Language code: 5
01-01 00:55:17.108  1379  1379 I NuanceLog: Active Language: ET9LIDEnglish_UK
01-01 00:55:17.108  1379  1379 I NuanceLog: Active LDB: /system/etc/RSESpeller/configs/LDBs/v13.1.0/englishuk/ENubUNUK_xt9_ALM3.ldb
01-01 00:55:17.108  1379  1379 I LatinIME: Nuance API Initialized successfully
01-01 00:55:17.108  1379  1379 I LatinIME: Suggestion strip view visibility gone
01-01 00:55:17.109  1151  1550 D mEnabledInputMethodsStrCache: com.android.inputmethods.latin/.LatinIME
01-01 00:55:17.109  1151  1550 D systemLanguageCode: en__GB
01-01 00:55:17.109  1151  1550 D mEnabledInputMethodsStrCache: com.android.inputmethods.latin/.LatinIME
01-01 00:55:17.109  1151  1550 D mEnabledInputMethodsStrCache: com.android.inputmethods.latin/.LatinIME
01-01 00:55:17.109  1151  1550 D systemLanguageCode: en__GB
01-01 00:55:17.109  1151  1550 D mEnabledInputMethodsStrCache: com.android.inputmethods.latin/.LatinIME
01-01 00:55:17.595  1933  1933 I LCMANDR : SWR_OOB_HV_MF_009|FUN=ResourceMonitoringService::movingMemoryAverage|2|Moving memory average :31.423086
01-01 00:55:17.595  1933  1933 W LCMANDR : SWR_OOB_HV_MF_009|FUN=ResourceMonitoringService::getCpuUsageStatistic|Moving MEM AVG :::::::::31.423086
01-01 00:55:17.596  1933  1933 W LCMANDR : SWR_OOB_HV_MF_009|FUN=ResourceMonitoringService::getCpuUsageStatistic|2|Total cpu usage :29.31818
01-01 00:55:17.596  1933  1933 I LCMANDR : SWR_OOB_HV_MF_009|FUN=ResourceMonitoringService::getCpuUsageStatistic|Cpu usage of core  0 is34.13793
01-01 00:55:17.596  1933  1933 I LCMANDR : SWR_OOB_HV_MF_009|FUN=ResourceMonitoringService::getCpuUsageStatistic|Cpu usage of core  1 is28.275862
01-01 00:55:17.596  1933  1933 I LCMANDR : SWR_OOB_HV_MF_009|FUN=ResourceMonitoringService::getCpuUsageStatistic|Cpu usage of core  2 is25.666666
01-01 00:55:17.596  1933  1933 I LCMANDR : ResourceMonitoringService::movingCpuAverage()
01-01 00:55:17.596  1933  1933 I LCMANDR : SWR_OOB_HV_MF_009|FUN=ResourceMonitoringService::movingCpuAverage|2|Moving window average of CPU 24.168938
01-01 00:55:17.596  1933  1933 I LCMANDR : SWR_OOB_HV_MF_009|FUN=ResourceMonitoringService::movingCpuAverage|2|Cpu moving average of core  0 is24.730389
01-01 00:55:17.596  1933  1933 I LCMANDR : SWR_OOB_HV_MF_009|FUN=ResourceMonitoringService::movingCpuAverage|2|Cpu moving average of core  1 is21.625683
01-01 00:55:17.596  1933  1933 I LCMANDR : SWR_OOB_HV_MF_009|FUN=ResourceMonitoringService::movingCpuAverage|2|Cpu moving average of core  2 is25.685192
01-01 00:55:17.596  1933  1933 D LCMANDR : SWR_OOB_HV_MF_009|FUN=ResourceMonitoringService::movingCpuAverage|2|Exiting VAL = 24.168938
01-01 00:55:17.955  3675 17282 I QueryController: Matched selector: UiSelector[CLASS=android.widget.EditText] <<==>> [android.view.accessibility.AccessibilityNodeInfo@3585f7e; boundsInParent: Rect(0, 7 - 1241, 137); boundsInScreen: Rect(339, 225 - 1580, 355); packageName: com.panasonic.hmi2settings; className: android.widget.EditText; text: null; error: null; maxTextLength: 63; contentDescription: null; viewIdResName: com.panasonic.hmi2settings:id/textPassword; checkable: false; checked: false; focusable: true; focused: true; selected: false; clickable: true; longClickable: false; contextClickable: false; enabled: true; password: false; scrollable: false; importantForAccessibility: true; actions: [AccessibilityAction: ACTION_CLEAR_FOCUS - null, AccessibilityAction: ACTION_SELECT - null, AccessibilityAction: ACTION_CLEAR_SELECTION - null, AccessibilityAction: ACTION_CLICK - null, AccessibilityAction: ACTION_ACCESSIBILITY_FOCUS - null, AccessibilityAction: ACTION_SET_TEXT - null, AccessibilityAction: ACTION_SHOW_ON_SCREEN - null]]
01-01 00:55:17.959  1151  2263 D mEnabledInputMethodsStrCache: com.android.inputmethods.latin/.LatinIME
01-01 00:55:17.959  1151  2263 D systemLanguageCode: en__GB
01-01 00:55:17.959  1151  2263 D mEnabledInputMethodsStrCache: com.android.inputmethods.latin/.LatinIME
01-01 00:55:17.960  1151  2233 D mEnabledInputMethodsStrCache: com.android.inputmethods.latin/.LatinIME
01-01 00:55:17.960  1151  2233 D systemLanguageCode: en__GB
01-01 00:55:17.960  1151  2233 D mEnabledInputMethodsStrCache: com.android.inputmethods.latin/.LatinIME
01-01 00:55:17.961  1151  2233 D mEnabledInputMethodsStrCache: com.android.inputmethods.latin/.LatinIME
01-01 00:55:17.961  1151  2233 D systemLanguageCode: en__GB
01-01 00:55:17.962  1151  2233 D mEnabledInputMethodsStrCache: com.android.inputmethods.latin/.LatinIME
01-01 00:55:17.962  1151  1550 D mEnabledInputMethodsStrCache: com.android.inputmethods.latin/.LatinIME
01-01 00:55:17.962  1151  1550 D systemLanguageCode: en__GB
01-01 00:55:17.963  1151  1550 D mEnabledInputMethodsStrCache: com.android.inputmethods.latin/.LatinIME
01-01 00:55:17.965  1151  2233 D mEnabledInputMethodsStrCache: com.android.inputmethods.latin/.LatinIME
01-01 00:55:17.965  1151  2233 D systemLanguageCode: en__GB
01-01 00:55:17.965  1151  2233 D mEnabledInputMethodsStrCache: com.android.inputmethods.latin/.LatinIME
01-01 00:55:17.965  1151  2233 D mEnabledInputMethodsStrCache: com.android.inputmethods.latin/.LatinIME
01-01 00:55:17.965  1151  2233 D systemLanguageCode: en__GB
01-01 00:55:17.965  1151  2233 D mEnabledInputMethodsStrCache: com.android.inputmethods.latin/.LatinIME
01-01 00:55:17.966  1379  1379 I LatinIME: SWR_HMISERVICE_SPELLER_MF_001||FUN=onStartInputViewInternal || 1 || Starting input. Cursor position = 0,0
01-01 00:55:17.969   729   748 I sssv-lib: sendMsg enter
01-01 00:55:17.970   729   748 I sssv-lib: sendMsg complete.
01-01 00:55:17.978  3675 17287 D UIAutomatorStub: URI: /jsonrpc/0, Method: POST, Header: {content-length=170, remote-addr=127.0.0.1, http-client-ip=127.0.0.1, host=localhost:9009, content-type=application/json, connection=close, accept-encoding=identity, user-agent=Python-urllib/2.7}, params, {NanoHttpd.QUERY_STRING=null}, files: {postData={"params": [{"childOrSiblingSelector": [], "text": "OK", "mask": 1, "childOrSibling": []}], "jsonrpc": "2.0", "method": "click", "id": "942238153ae1dec815446d7babffb198"}}
01-01 00:55:17.988  1379  1379 D KeyboardState: onResetKeyboardStateToAlphabet: [keyboard=UNSHIFTED shift=RELEASING symbol=RELEASING switch=ALPHA] autoCapsFlags=none recapitalizeMode=undefined
01-01 00:55:17.988  1379  1379 D KeyboardState: resetKeyboardStateToAlphabet: [keyboard=UNSHIFTED shift=RELEASING symbol=RELEASING switch=ALPHA] autoCapsFlags=none recapitalizeMode=undefined
01-01 00:55:17.988  1379  1379 D KeyboardSwitcher: requestUpdatingShiftState:  autoCapsFlags=none recapitalizeMode=undefined
01-01 00:55:17.988  1379  1379 D KeyboardState: onUpdateShiftState: [keyboard=UNSHIFTED shift=RELEASING symbol=RELEASING switch=ALPHA] autoCapsFlags=none recapitalizeMode=undefined
01-01 00:55:17.988  1379  1379 D KeyboardState: setShifted: shiftMode=UNSHIFT [keyboard=UNSHIFTED shift=RELEASING symbol=RELEASING switch=ALPHA]
01-01 00:55:17.988  1151  1550 D mEnabledInputMethodsStrCache: com.android.inputmethods.latin/.LatinIME
01-01 00:55:17.989  1151  1550 D systemLanguageCode: en__GB
01-01 00:55:17.989  1151  1550 D mEnabledInputMethodsStrCache: com.android.inputmethods.latin/.LatinIME
01-01 00:55:17.989  1151  1550 D mEnabledInputMethodsStrCache: com.android.inputmethods.latin/.LatinIME
01-01 00:55:17.989  1151  1550 D systemLanguageCode: en__GB
01-01 00:55:17.989  1151  1550 D mEnabledInputMethodsStrCache: com.android.inputmethods.latin/.LatinIME
01-01 00:55:17.990  1379  1379 I NuanceUtil: Language text: en_GB, Language code: 5
01-01 00:55:17.990  1379  1379 I NuanceLog: Active Language: ET9LIDEnglish_UK
01-01 00:55:17.990  1379  1379 I NuanceLog: Active LDB: /system/etc/RSESpeller/configs/LDBs/v13.1.0/englishuk/ENubUNUK_xt9_ALM3.ldb
01-01 00:55:17.990  1379  1379 I LatinIME: Nuance API Initialized successfully
01-01 00:55:17.991  1379  1379 I LatinIME: Suggestion strip view visibility gone
01-01 00:55:17.992  1151  2233 D mEnabledInputMethodsStrCache: com.android.inputmethods.latin/.LatinIME
01-01 00:55:17.992  1151  2233 D systemLanguageCode: en__GB
01-01 00:55:17.992  1151  2233 D mEnabledInputMethodsStrCache: com.android.inputmethods.latin/.LatinIME
01-01 00:55:17.992  1151  2233 D mEnabledInputMethodsStrCache: com.android.inputmethods.latin/.LatinIME
01-01 00:55:17.992  1151  2233 D systemLanguageCode: en__GB
01-01 00:55:17.992  1151  2233 D mEnabledInputMethodsStrCache: com.android.inputmethods.latin/.LatinIME
01-01 00:55:18.542  3675 17288 D UIAutomatorStub: URI: /jsonrpc/0, Method: POST, Header: {content-length=274, remote-addr=127.0.0.1, http-client-ip=127.0.0.1, host=localhost:9009, content-type=application/json, connection=close, accept-encoding=identity, user-agent=Python-urllib/2.7}, params, {NanoHttpd.QUERY_STRING=null}, files: {postData={"params": [{"childOrSiblingSelector": [], "scrollable": true, "mask": 16384, "childOrSibling": []}, {"childOrSiblingSelector": [], "text": "RSE_Test", "mask": 1, "childOrSibling": []}, true], "jsonrpc": "2.0", "method": "scrollTo", "id": "7ca006a16e8f36ef7bacd0adcede01fd"}}
01-01 00:55:18.547  3739  3739 W HMI2-SETTINGS - CI08.4: className -> WifiActivity | functionName -> handlePassOkClick:  | value -> handlePassOkClick with ssid :RSE_Test enter callFromdialogButton
01-01 00:55:18.549  3739  3739 W HMI2-SETTINGS - CI08.4: className -> WifiActivity | functionName -> hideSoftKeyboard | value -> hideSoftInputFromWindow id=true
01-01 00:55:18.551  1379  1379 E LatinIME: hideWindow Called
01-01 00:55:18.558  1151  2263 I WifiService: getWifiEnabledState uid=1000
01-01 00:55:18.558  3739  3739 W HMI2-SETTINGS - CI08.4: className -> WifiActivity | functionName -> removePassEnterWindow : callFrom  | value -> connectToWifi_isPasswordValid
01-01 00:55:18.562  3739  3739 W HMI2-SETTINGS: SWR_BAIDU_HMI_0015|FUN=WifiActivity::finallyConnect|0|networkSSID::RSE_Test|NotOpen|isWapiConnect:false
01-01 00:55:18.563  1151  2263 I WifiService: addOrUpdateNetwork uid=1000
01-01 00:55:18.563  1151  2263 I addOrUpdateNetwork:  uid = 1000 SSID "RSE_Test" nid=-1
01-01 00:55:18.563  1151  1317 D WifiConfiguration: configKey: false
01-01 00:55:18.563  1151  1317 D WifiConfiguration: configKey: false
01-01 00:55:18.564  1151  1317 E WifiConfigManager: Cannot find network with networkId -1 or configKey "RSE_Test"WPA_PSK
01-01 00:55:18.564  1151  1317 D WifiConfiguration: configKey: false
01-01 00:55:18.564  1151  1317 E WifiConfigManager: Cannot find network with configKey "RSE_Test"WPA_PSK
01-01 00:55:18.565  1151  1317 D WifiConfiguration: configKey: false
01-01 00:55:18.572  1151  2233 D WindowManager: relayout packageName=com.android.inputmethods.latin::session=Session{ca2ba78 1379:1000}::window=android.view.IWindow$Stub$Proxy@3504a69::attrs.flags=800108
01-01 00:55:18.573  1151  2233 D WindowManager: relayout >>> FLAG_FULLSCREEN not set in WindowManager.LayoutParams
01-01 00:55:18.573  1151  2233 D WindowManager: startStatusReceiverServiceOnFlagSet: creating intent for action ACTION_ACTIVITY_FULLSCREEN
01-01 00:55:18.573  1151  2233 W ContextImpl: Calling a method in the system process without a qualified user: android.app.ContextImpl.startService:1476 com.android.server.wm.Session.startStatusReceiverServiceOnFlagSet:762 com.android.server.wm.Session.relayout:276 android.view.IWindowSession$Stub.onTransact:286 com.android.server.wm.Session.onTransact:166 
01-01 00:55:18.566  1151  1317 D WifiConfiguration: configKey: false
01-01 00:55:18.574  1151  2233 D CompatibilityInfo: mCompatibilityFlags - 4
01-01 00:55:18.575  1151  2233 D CompatibilityInfo: applicationDensity - 240
01-01 00:55:18.575  1151  2233 D CompatibilityInfo: applicationScale - 1.0
01-01 00:55:18.576  1151  2233 D WindowManager: startStatusReceiverServiceOnFlagSet: startService done
01-01 00:55:18.578  1392  1392 W SYSTEM_UI: SWR_SYSTEM_UI_007|FUN=CollapsedStatusBarFragment::getAction |1|Broadcast action --> STATUS_UPDATE_ACTION
01-01 00:55:18.579  1392  1392 W SYSTEM_UI: SWR_SYSTEM_UI_007|FUN=CollapsedStatusBarFragment::getIntExtra |1|NotifySystemUpdates dataType --> 101
01-01 00:55:18.579  1392  1392 W SYSTEM_UI - CI07.3: className -> CollapsedStatusBarFragment | functionName -> NotifySystemUpdates | onReceive -->  | value -> FULLSCREEN MODE CHANGED | isFullScreenStatus --> false | fullScreenPackage -->com.android.inputmethods.latin | fullscreenLastShownPackage -->null | topActivityPackage --> com.panasonic.hmi2settings
01-01 00:55:18.579  1392  1392 W SYSTEM_UI - CI07.3: className -> CollapsedStatusBarFragment | functionName -> NotifySystemUpdates | onReceive -->  | value -> Fullscreen mode changed --> path 0
01-01 00:55:18.589  1151  1317 D WifiConfigStore: Writing to stores completed in 23 ms.
01-01 00:55:18.589  1151  1317 D WifiConfiguration: configKey: false
01-01 00:55:18.590  3739  3739 W HMI2-SETTINGS: SWR_BAIDU_HMI_0015|FUN=WifiActivity::addNetwork|0|Getting network id with addNetwork method.
01-01 00:55:18.590  3739  3739 W HMI2-SETTINGS - CI08.4: className -> WifiActivity | functionName -> connectNewNetwork : | value ->  addNetwork success netId->147
01-01 00:55:18.590  1151  2263 I WifiService: enableNetwork uid=1000 disableOthers=true
01-01 00:55:18.591  1151  1317 D WifiStateMachine: connectToUserSelectNetwork netId 147, uid 1000, forceReconnect = false
01-01 00:55:18.594  1151  1317 D WifiConfiguration: configKey: false
01-01 00:55:18.595  1151  1317 I chatty  : uid=1000(system) WifiStateMachin identical 1 line
01-01 00:55:18.596  1151  1317 D WifiConfiguration: configKey: false
01-01 00:55:18.614  1151  1317 D WifiConfigStore: Writing to stores completed in 17 ms.
01-01 00:55:18.614  1151  1317 D WifiConfiguration: configKey: false
01-01 00:55:18.615  1151  1317 I chatty  : uid=1000(system) WifiStateMachin identical 1 line
01-01 00:55:18.615  1151  1317 D WifiConfiguration: configKey: false
01-01 00:55:18.615  3739  3739 W HMI2-SETTINGS - CI08.4: className -> WifiActivity | functionName -> connectNewNetwork :  | value -> enable success netId->147
01-01 00:55:18.615  1151  1317 D WifiStateMachine: CMD_START_CONNECT sup state DisconnectedState my state DisconnectedState nid=147 roam=false
01-01 00:55:18.616  1151  2263 I WifiService: getWifiServiceMessenger uid=1000
01-01 00:55:18.616   808   808 W wificond: Scan is not started. Ignore abort request
01-01 00:55:18.616  1151  1317 D WifiConfiguration: configKey: false
01-01 00:55:18.616  1151  1317 D SupplicantStaIfaceHal: connectToNetwork "RSE_Test"WPA_PSK
01-01 00:55:18.617  3739  3739 W HMI2-SETTINGS: SWR_BAIDU_HMI_0015|SWR_BAIDU_HMI_0027|FUN=WifiActivity::connect|0|Connected to new network
01-01 00:55:18.617  3739  3739 W HMI2-SETTINGS - CI08.4: className -> WifiActivity | functionName -> finallyConnect : ssid-> | value -> "RSE_Test"|isClickedForConnection:false
01-01 00:55:18.618  1151  1316 D WifiService: CONNECT  nid=147 uid=1000 name=android.uid.system:1000
01-01 00:55:18.618  1151  1316 D WifiService: Connect with networkId 147
01-01 00:55:18.618  1151  1316 D WifiService: New client listening to asynchronous messages
01-01 00:55:18.622  3023  3023 E wpa_supplicant: Deregistering network from hidl control: 0
01-01 00:55:18.624  1151  1317 I SupplicantStaIfaceHal: addSupplicantStaNetwork via HIDL
01-01 00:55:18.625  3023  3023 E wpa_supplicant: Registering network to hidl control: 0
01-01 00:55:18.633  1151  1317 D WifiConfiguration: configKey: false
01-01 00:55:18.638  3023  3023 E wpa_supplicant: Notifying state change event to hidl control: 3
01-01 00:55:18.640  1151  1317 D WifiStateMachine: processMessage:  connect success 
01-01 00:55:18.640  1151  1317 D WifiStateMachine: processMessage: connect over
01-01 00:55:18.640  1151  1317 D WifiConfiguration: configKey: false
01-01 00:55:18.640  1151  1317 D WifiStateMachine: connectToUserSelectNetwork netId 147, uid 1000, forceReconnect = false
01-01 00:55:18.642  1151  1317 D WifiConfiguration: configKey: false
01-01 00:55:18.642  1151  1317 I chatty  : uid=1000(system) WifiStateMachin identical 1 line
01-01 00:55:18.644  1151  1317 D WifiConfiguration: configKey: false
01-01 00:55:18.665  1151  1317 D WifiConfigStore: Writing to stores completed in 20 ms.
01-01 00:55:18.666  1151  1317 D WifiConfiguration: configKey: false
01-01 00:55:18.667  1151  1317 D WifiConfiguration: configKey: false
01-01 00:55:18.667  3739  3757 E HMI2-SETTINGS - CI08.4: className -> WifiActivity | functionName -> mConnectListener | error ->onSuccess
01-01 00:55:18.672  1508  1601 W QCNEJ   : |CORE| notifyWifiStatusChanged failed
01-01 00:55:18.672  1392  1392 W SYSTEM_UI: SWR_SYSTEM_UI_008|FUN=CollapsedStatusBarFragment::AndroidEventReceiver | getAction |1|Broadcast action:android.net.wifi.STATE_CHANGE received
01-01 00:55:18.672  1508  1601 W QCNEJ   : |CORE| notifyRatConnectionStatusChanged failed
01-01 00:55:18.672  1392  1392 W SYSTEM_UI - CI07.3: className -> CollapsedStatusBarFragment | functionName -> AndroidEventReceiver | onReceive -->  | value -> Wifi connection status--> false
01-01 00:55:18.672  1392  1392 W SYSTEM_UI: SWR_SYSTEM_UI_008|FUN=CollapsedStatusBarFragment::isConnected |1|Wifi connection status--> false
01-01 00:55:18.672  1392  1392 W SYSTEM_UI - CI07.3: className -> CollapsedStatusBarFragment | functionName -> updateHermsDataType | value -> Update Herms Data Type :: networkType --> 0
01-01 00:55:18.672  1392  1392 W SYSTEM_UI - CI07.3: className -> CollapsedStatusBarFragment | functionName -> updateHermsDataType | value -> Update Herms Data Type :: isWebsiteSecure --> false
01-01 00:55:18.672  1392  1392 W SYSTEM_UI - CI07.3: className -> CollapsedStatusBarFragment | functionName -> updateHermsDataType | value -> Update Herms Data Type :: connection status --> 1
01-01 00:55:18.672  1392  1392 W SYSTEM_UI - CI07.3: className -> CollapsedStatusBarFragment | functionName -> updateHermsDataType | value -> Update Herms Data Type :: data Transfer --> false
01-01 00:55:18.672  1392  1392 W SYSTEM_UI - CI07.3: className -> CollapsedStatusBarFragment | functionName -> updateHermsDataType | value -> Update Herms Data Type :: wifiConnectionStatus --> false
01-01 00:55:18.672  1392  1392 W SYSTEM_UI - CI07.3: className -> CollapsedStatusBarFragment | functionName -> updateHermsDataType | value -> path 2
01-01 00:55:18.672  1392  1392 W SYSTEM_UI - CI07.3: className -> CollapsedStatusBarFragment | functionName -> updateHermsDataType | value -> path 3
01-01 00:55:18.673  2145  2145 D HMI_SERVICE: USE_CASE_NA|FUN=HmiApplication| [action] android.net.wifi.STATE_CHANGE
01-01 00:55:18.673  2145  2145 D HmiApplication: DetailedState:DISCONNECTED
01-01 00:55:18.673  2145  2145 W HMI_SERVICE: USE_CASE_NA|FUN=HmiApplication|executeLinuxCmdB2C command:6|isFromCManager:true
01-01 00:55:18.674  2677  2692 W ANDR_PERSISTENCY_CLIENT: SWR_PERSISTENCE_HV_LA_MF_0003|FUN=VCPUPersistenceService::executeLinuxBackgroundCommand |0|msg: param [6]
01-01 00:55:18.674  2677  2692 W ANDR_PERSISTENCY_CLIENT: SWR_PERSISTENCE_HV_LA_MF_0005|FUN=TCPHandler:: getInstance |2|msg: invoked 
01-01 00:55:18.674  2677  2692 W ANDR_PERSISTENCY_CLIENT: SWR_PERSISTENCE_HV_LA_MF_0005|FUN=TCPHandler:: sendWriteRequestToPersistenceLinuxInt |2|data= [6]key= 0 commandKey= 10
01-01 00:55:18.674  2677  2692 W ANDR_PERSISTENCY_CLIENT: SWR_PERSISTENCE_HV_LA_MF_0005|FUN=TCPHandler:: getUID |2|msg: invoked 
01-01 00:55:18.674  2677  2692 W ANDR_PERSISTENCY_CLIENT: SWR_PERSISTENCE_HV_LA_MF_0005|FUN=TCPHandler:: setAction |2|msg:setAction=1
01-01 00:55:18.674  2677  2692 W ANDR_PERSISTENCY_CLIENT: SWR_PERSISTENCE_HV_LA_MF_0005|FUN=TCPHandler:: setUID |2|msg:uid=0
01-01 00:55:18.674  2677  2692 W ANDR_PERSISTENCY_CLIENT: SWR_PERSISTENCE_HV_LA_MF_0005|FUN=TCPHandler:: setKey |2|msg:uid=0
01-01 00:55:18.674  2677  2692 W ANDR_PERSISTENCY_CLIENT: SWR_PERSISTENCE_HV_LA_MF_0005|FUN=TCPHandler::setCommandKey|2|msg:commandKey=10
01-01 00:55:18.674  2677  2692 W ANDR_PERSISTENCY_CLIENT: SWR_PERSISTENCE_HV_LA_MF_0005|FUN=TCPHandler:: registerCallBack |2|invoked 
01-01 00:55:18.674  2677  2692 W ANDR_PERSISTENCY_CLIENT: SWR_PERSISTENCE_HV_LA_MF_0005|FUN=TCPHandler::start|2|msg: byteArrayToInt : b [6]
01-01 00:55:18.674  2677  2692 W ANDR_PERSISTENCY_CLIENT: SWR_PERSISTENCE_HV_LA_MF_0005|FUN=TCPHandler::sendWriteRequestToPersistenceLinuxInt|2|listKey=0_10;keyString=0x00;key=0;command=6
01-01 00:55:18.676  2677  2725 W ANDR_PERSISTENCY_CLIENT: SWR_PERSISTENCE_HV_LA_MF_0005|FUN=TCPHandler:: getAction |2|msg:getAction=1
01-01 00:55:18.676  2677  2725 W ANDR_PERSISTENCY_CLIENT: SWR_PERSISTENCE_HV_LA_MF_0005|FUN=TCPHandler:: sender:ACTION_REQUEST |2|msg:condition 
01-01 00:55:18.676  2677  2725 W ANDR_PERSISTENCY_CLIENT: SWR_PERSISTENCE_HV_LA_MF_0005|FUN=TCPHandler:: getWrappedData |2|msg: msg com.panasonic.dairse.vcpupersistence.TCPHandler$Message@f00b7ab
01-01 00:55:18.676  2677  2725 W ANDR_PERSISTENCY_CLIENT: SWR_PERSISTENCE_HV_LA_MF_0005|FUN=TCPHandler::getCommandKey|2|msg:commandKey=10
01-01 00:55:18.676  2677  2725 W ANDR_PERSISTENCY_CLIENT: SWR_PERSISTENCE_HV_LA_MF_0005|FUN=TCPHandler:: intToBytes |2| data 1
01-01 00:55:18.676  2677  2725 W ANDR_PERSISTENCY_CLIENT: SWR_PERSISTENCE_HV_LA_MF_0005|FUN=TCPHandler:: intToBytes |2| data 13
01-01 00:55:18.676  2677  2725 W ANDR_PERSISTENCY_CLIENT: SWR_PERSISTENCE_HV_LA_MF_0005|FUN=TCPHandler:: getUID |2|msg:uid=0
01-01 00:55:18.676  2677  2725 W ANDR_PERSISTENCY_CLIENT: SWR_PERSISTENCE_HV_LA_MF_0005|FUN=TCPHandler::start|2|msg:sender::msg=[0, 0, 0, 13, 1, 0, 10, 4, 48, 120, 48, 48, 0, 0, 0, 1, 6]
01-01 00:55:18.676  2677  2725 W ANDR_PERSISTENCY_CLIENT: SWR_PERSISTENCE_HV_LA_MF_0005|FUN=TCPHandler:: sender : Thread.interrupted() |2|msg:condition 
01-01 00:55:18.677  2145  2145 D HMI_SERVICE: USE_CASE_NA|FUN=HmiApplication| [action] android.net.wifi.STATE_CHANGE
01-01 00:55:18.679  1508  1601 W QCNEJ   : |CORE| notifyWifiStatusChanged failed
01-01 00:55:18.679  1508  1601 W QCNEJ   : |CORE| notifyRatConnectionStatusChanged failed
01-01 00:55:18.679  2677  2726 W ANDR_PERSISTENCY_CLIENT: SWR_PERSISTENCE_HV_LA_MF_0005|FUN=TCPHandler::start|2|msg:receiver::run: size of totalLength 4
01-01 00:55:18.679  2677  2726 W ANDR_PERSISTENCY_CLIENT: SWR_PERSISTENCE_HV_LA_MF_0005|FUN=TCPHandler::start|2|msg:receiver::run: totalLength is > 0
01-01 00:55:18.679  2677  2726 W ANDR_PERSISTENCY_CLIENT: SWR_PERSISTENCE_HV_LA_MF_0005|FUN=TCPHandler::start|2|msg:receiver::response length= 12
01-01 00:55:18.679  2677  2726 W ANDR_PERSISTENCY_CLIENT: SWR_PERSISTENCE_HV_LA_MF_0005|FUN=TCPHandler::handleInBoundData|2|message=[0, 0, 10, 0, 0, 0, 0, 4, 1, 0, 0, 0]
01-01 00:55:18.679  2677  2726 W ANDR_PERSISTENCY_CLIENT: SWR_PERSISTENCE_HV_LA_MF_0005|FUN=TCPHandler::handleInBoundData|2|msg:response listKey=0_10
01-01 00:55:18.679  2677  2726 W ANDR_PERSISTENCY_CLIENT: SWR_PERSISTENCE_HV_LA_MF_0005|FUN=TCPHandler::handleInBoundData|2|msg:TCPHandler.handleInBoundData success response=0
01-01 00:55:18.679  2677  2726 W ANDR_PERSISTENCY_CLIENT: SWR_PERSISTENCE_HV_LA_MF_0005|FUN=TCPHandler::isB2cResponce|2|msg: message [0, 0, 10, 0, 0, 0, 0, 4, 1, 0, 0, 0]
01-01 00:55:18.679  2677  2726 W ANDR_PERSISTENCY_CLIENT: SWR_PERSISTENCE_HV_LA_MF_0005|FUN=TCPHandler::handleInBoundData|2|msg:  isB2cResponce
01-01 00:55:18.679  2677  2726 W ANDR_PERSISTENCY_CLIENT: SWR_PERSISTENCE_HV_LA_MF_0005|FUN=TCPHandler::sendResponse|2|msg:send Response using IVCPUServiceCallBack=[0, 0, 10, 0, 0, 0, 0, 4, 1, 0, 0, 0]
01-01 00:55:18.680  2677  2726 W ANDR_PERSISTENCY_CLIENT: SWR_PERSISTENCE_HV_LA_MF_0005|FUN=TCPHandler::sendResponse|2|msg:send Response using IVCPUServiceCallBack=[0, 0, 10, 0, 0, 0, 0, 4, 1, 0, 0, 0]
01-01 00:55:18.680  1392  1392 W SYSTEM_UI: SWR_SYSTEM_UI_008|FUN=CollapsedStatusBarFragment::AndroidEventReceiver | getAction |1|Broadcast action:android.net.wifi.STATE_CHANGE received
01-01 00:55:18.680  1392  1392 W SYSTEM_UI - CI07.3: className -> CollapsedStatusBarFragment | functionName -> AndroidEventReceiver | onReceive -->  | value -> Wifi connection status--> false
01-01 00:55:18.680  1392  1392 W SYSTEM_UI: SWR_SYSTEM_UI_008|FUN=CollapsedStatusBarFragment::isConnected |1|Wifi connection status--> false
01-01 00:55:18.680  1392  1392 W SYSTEM_UI - CI07.3: className -> CollapsedStatusBarFragment | functionName -> updateHermsDataType | value -> Update Herms Data Type :: networkType --> 0
01-01 00:55:18.680  1392  1392 W SYSTEM_UI - CI07.3: className -> CollapsedStatusBarFragment | functionName -> updateHermsDataType | value -> Update Herms Data Type :: isWebsiteSecure --> false
01-01 00:55:18.680  1392  1392 W SYSTEM_UI - CI07.3: className -> CollapsedStatusBarFragment | functionName -> updateHermsDataType | value -> Update Herms Data Type :: connection status --> 1
01-01 00:55:18.680  1392  1392 W SYSTEM_UI - CI07.3: className -> CollapsedStatusBarFragment | functionName -> updateHermsDataType | value -> Update Herms Data Type :: data Transfer --> false
01-01 00:55:18.680  1392  1392 W SYSTEM_UI - CI07.3: className -> CollapsedStatusBarFragment | functionName -> updateHermsDataType | value -> Update Herms Data Type :: wifiConnectionStatus --> false
01-01 00:55:18.680  1392  1392 W SYSTEM_UI - CI07.3: className -> CollapsedStatusBarFragment | functionName -> updateHermsDataType | value -> path 2
01-01 00:55:18.680  2145  2295 W HMI_SERVICE: USE_CASE_NA|FUN=HmiApplication|executeLinuxCmdConnection responseData:[0, 0, 10, 0, 0, 0, 0, 4, 1, 0, 0, 0]
01-01 00:55:18.680  1392  1392 W SYSTEM_UI - CI07.3: className -> CollapsedStatusBarFragment | functionName -> updateHermsDataType | value -> path 3
01-01 00:55:18.680  2145  2295 W HMI_SERVICE: USE_CASE_NA|FUN=HmiApplication|executeLinuxCmdConnection responseData=not valid:16777216
01-01 00:55:18.680  2145  2295 W HMI_SERVICE: USE_CASE_NA|FUN=HmiApplication|executeLinuxCmdConnection responseReturnData=
01-01 00:55:18.680  2145  2295 W HMI_SERVICE: USE_CASE_NA|FUN=HmiApplication|executeLinuxCmdB2C response=true
01-01 00:55:18.682  2054  2054 E         : 
01-01 00:55:18.682  2054  2054 E         : Buffer Size = 1048576
01-01 00:55:18.684  1151  1317 D WifiStateMachine: CMD_START_CONNECT sup state DisconnectedState my state DisconnectedState nid=147 roam=false
01-01 00:55:18.685   808   808 W wificond: Scan is not started. Ignore abort request
01-01 00:55:18.687  1151  1317 D WifiConfiguration: configKey: false
01-01 00:55:18.687  1151  1317 D SupplicantStaIfaceHal: connectToNetwork "RSE_Test"WPA_PSK
01-01 00:55:18.687  1151  1317 D SupplicantStaIfaceHal: Network is already saved, will not trigger remove and add operation.
01-01 00:55:18.688  1151  1317 D WifiStateMachine: processMessage:  connect success 
01-01 00:55:18.688  1151  1317 D WifiStateMachine: processMessage: connect over
01-01 00:55:18.688  1151  1317 D WifiConfiguration: configKey: false
01-01 00:55:18.690  2145  2145 D HMI_SERVICE: USE_CASE_NA|FUN=HmiApplication| [action] android.net.wifi.supplicant.STATE_CHANGE
01-01 00:55:18.691  3675 17288 E QueryController: Got null root node from accessibility - Retrying...
01-01 00:55:18.701  3739  3739 E HMI2-SETTINGS - CI08.4: className -> WifiActivity | functionName -> mWifiScanReceiver -> onReceive | error ->intent_action:android.net.wifi.CONFIGURED_NETWORKS_CHANGE
01-01 00:55:18.702  1151  2233 I WifiService: getWifiEnabledState uid=1000
01-01 00:55:18.705  3739  3739 W HMI2-SETTINGS: SWR_BAIDU_HMI_0020|FUN=WifiActivity::handleConnectedNetworkVisibility|0|getWifiStat::true
01-01 00:55:18.707  1151  2263 I WifiService: getConfiguredNetworks uid=1000
01-01 00:55:18.709  3739  3739 W HMI2-SETTINGS - CI08.4: className -> WifiActivity | functionName -> getSavedNetworkList | value -> config.netID ->147
01-01 00:55:18.709  3739  3739 W HMI2-SETTINGS - CI08.4: className -> WifiActivity | functionName -> getSavedNetworkList | value -> config.SSID ->"RSE_Test"
01-01 00:55:18.709  3739  3739 W HMI2-SETTINGS - CI08.4: className -> WifiActivity | functionName -> getSavedNetworkList | value -> config.BSSID ->null
01-01 00:55:18.709  3739  3739 W HMI2-SETTINGS: SWR_BAIDU_HMI_0027|SWR_BAIDU_HMI_0015|FUN=WifiActivity::getScanResults|1|Get list of available wifi hotspots.
01-01 00:55:18.717  3739  3739 W HMI2-SETTINGS - CI08.4: className -> WifiActivity | functionName -> isWapiVariantBlocked | value -> security_type:2
01-01 00:55:18.717  3739  3739 W HMI2-SETTINGS - CI08.4: className -> WifiActivity | functionName -> isInConnected | value -> |ACSIA_Management|0|2
01-01 00:55:18.717  3739  3739 W HMI2-SETTINGS - CI08.4: className -> WifiActivity | functionName -> isWapiVariantBlocked | value -> security_type:2
01-01 00:55:18.717  3739  3739 W HMI2-SETTINGS - CI08.4: className -> WifiActivity | functionName -> isInConnected | value -> |ACSIA_CORP2|0|2
01-01 00:55:18.718  3739  3739 W HMI2-SETTINGS - CI08.4: className -> WifiActivity | functionName -> isWapiVariantBlocked | value -> security_type:2
01-01 00:55:18.718  3739  3739 W HMI2-SETTINGS - CI08.4: className -> WifiActivity | functionName -> isInConnected | value -> |ACSIA_CORP1|0|2
01-01 00:55:18.718  3739  3739 W HMI2-SETTINGS - CI08.4: className -> WifiActivity | functionName -> isWapiVariantBlocked | value -> security_type:2
01-01 00:55:18.718  3739  3739 W HMI2-SETTINGS - CI08.4: className -> WifiActivity | functionName -> isInConnected | value -> | ACSIA_CORP3|0|2
01-01 00:55:18.718  3739  3739 W HMI2-SETTINGS - CI08.4: className -> WifiActivity | functionName -> isWapiVariantBlocked | value -> security_type:2
01-01 00:55:18.718  3739  3739 W HMI2-SETTINGS - CI08.4: className -> WifiActivity | functionName -> isInConnected | value -> |ACSIA_GUEST1|0|2
01-01 00:55:18.718  3739  3739 W HMI2-SETTINGS - CI08.4: className -> WifiActivity | functionName -> isWapiVariantBlocked | value -> security_type:2
01-01 00:55:18.718  3739  3739 W HMI2-SETTINGS - CI08.4: className -> WifiActivity | functionName -> isInConnected | value -> |ACSIA_DEV|0|2
01-01 00:55:18.718  3739  3739 W HMI2-SETTINGS - CI08.4: className -> WifiActivity | functionName -> isWapiVariantBlocked | value -> security_type:2
01-01 00:55:18.718  3739  3739 W HMI2-SETTINGS - CI08.4: className -> WifiActivity | functionName -> isInConnected | value -> |RSE_Test|0|2
01-01 00:55:18.718  3739  3739 W HMI2-SETTINGS - CI08.4: className -> WifiActivity | functionName -> isWapiVariantBlocked | value -> security_type:2
01-01 00:55:18.718  3739  3739 W HMI2-SETTINGS - CI08.4: className -> WifiActivity | functionName -> isInConnected | value -> |NETGEAR66-5G|0|2
01-01 00:55:18.718  3739  3739 W HMI2-SETTINGS - CI08.4: className -> WifiActivity | functionName -> isWapiVariantBlocked | value -> security_type:2
01-01 00:55:18.718  3739  3739 W HMI2-SETTINGS - CI08.4: className -> WifiActivity | functionName -> isInConnected | value -> |Secure|0|2
