01-01 00:30:09.756  1392  1392 W SYSTEM_UI - CI07.3: className -> NotificationUIService | functionName -> populateValidNotifications | value -> NOTIFICATION_INFO || packageName --> android | notificationTitle --> USB charging this device | notificationText --> Tap for more options. | postedTime --> 19755 | notificationId --> 32 | notificationFlag --> 2 | isClearable --> false | isOngoing --> true | notificationPriority --> 0 | notificationChannelImportance --> 1
01-01 00:30:09.757  1392  1392 W SYSTEM_UI - CI07.3: className -> NotificationUIService | functionName -> populateValidNotifications | value -> Notification entry not valid. System notification.
01-01 00:30:09.757  1392  1392 W SYSTEM_UI: SWR_SYSTEM_UI_003|FUN=NotificationUIService::notifyStatusLineNotifications|1|statusLineNotificationPackages size --> 0
01-01 00:30:09.757  1392  1392 W SYSTEM_UI - CI07.3: className -> NotificationUIService | functionName -> updateData | value -> passed
01-01 00:30:09.757  1392  1392 W SYSTEM_UI: SWR_BAIDU_HMI_0023 SWR_SYSTEM_UI_003 SWR_SYSTEM_UI_004|FUN=NotificationUIService::updateData|1|Received notifications from Android framework
01-01 00:30:09.757  1392  1392 W SYSTEM_UI - CI07.3: className -> NotificationUIService | functionName -> refresh | value -> updateData value --> []
01-01 00:30:09.757  1392  1392 W SYSTEM_UI: SWR_SYSTEM_UI_007|FUN=CollapsedStatusBarFragment::getAction |1|Broadcast action --> STATUS_UPDATE_ACTION
01-01 00:30:09.757  1392  1392 W SYSTEM_UI: SWR_SYSTEM_UI_007|FUN=CollapsedStatusBarFragment::getIntExtra |1|NotifySystemUpdates dataType --> 102
01-01 00:30:09.757  1392  1392 W SYSTEM_UI - CI07.3: className -> CollapsedStatusBarFragment | functionName -> NotifySystemUpdates | onReceive -->  | value -> DATATYPE_NOTIFICATION: 0
01-01 00:30:09.758  1392  1392 W SYSTEM_UI: SWR_SYSTEM_UI_003|FUN=CollapsedStatusBarFragment::NotifySystemUpdates | onREeceive|1|DATATYPE_NOTIFICATION: 0
01-01 00:30:10.222  1151  1553 D WificondControl: Scan result ready event
01-01 00:30:10.223  1151  1323 I WifiService: isScanAlwaysAvailable uid=1000
01-01 00:30:10.223  1151  1323 I WifiService: getWifiEnabledState uid=1000
01-01 00:30:10.224   921  1439 I LOWI-8.5.0.3.c: [LOWI-Scan] lowi_close_record:Scan completed in 1790263ms and Recieved 44 APs scan results
01-01 00:30:10.226   921   961 I LOWI-8.5.0.3.c: [LOWIUtils] responseToOutPostcard - TO: GTP-FDAL, FROM:   LOWI-SERVER, RESP:  LOWI_ASYNC_DISCOVERY_SCAN_RESULTS
01-01 00:30:10.226   808   808 I wificond: Enters wifigbk_ageOutHistory
01-01 00:30:10.230   924   979 W XTCC-6.1.2.10-a: [LOWIUtils] to_eScanTypeResponse - default case
01-01 00:30:10.231   924   979 W XTCC-6.1.2.10-a: [WifiScanner] WiFi scan result : [44] AP's, async result: 1
01-01 00:30:10.231  1151  1323 D WificondScannerImpl: Filtering out 2 scan results.
01-01 00:30:10.231  1151  1323 I WifiService: isScanAlwaysAvailable uid=1000
01-01 00:30:10.231  1151  1323 I WifiService: getWifiEnabledState uid=1000
01-01 00:30:10.237  2145  2145 D HMI_SERVICE: USE_CASE_NA|FUN=HmiApplication| [action] android.net.wifi.SCAN_RESULTS
01-01 00:30:10.237  3739  3739 E HMI2-SETTINGS - CI08.4: className -> WifiActivity | functionName -> mWifiScanReceiver -> onReceive | error ->intent_action:android.net.wifi.SCAN_RESULTS
01-01 00:30:10.238  1151  1553 I WifiService: getWifiEnabledState uid=1000
01-01 00:30:10.239  1151  1168 I WifiService: getConfiguredNetworks uid=1000
01-01 00:30:10.239  1151  1317 D ScanResultUtil: isScanResultForWapiPskNetwork: false
01-01 00:30:10.242  1151  1317 I chatty  : uid=1000(system) WifiStateMachin identical 60 lines
01-01 00:30:10.242  1151  1317 D ScanResultUtil: isScanResultForWapiPskNetwork: false
01-01 00:30:10.242  1151  1317 W WifiConfigManager: Looking up network with invalid networkId -1
01-01 00:30:10.244  1151  1317 D ScanResultUtil: isScanResultForWapiPskNetwork: false
01-01 00:30:10.246  1151  1317 I chatty  : uid=1000(system) WifiStateMachin identical 31 lines
01-01 00:30:10.246  1151  1317 D ScanResultUtil: isScanResultForWapiPskNetwork: false
01-01 00:30:10.247  3739  3739 W HMI2-SETTINGS: SWR_BAIDU_HMI_0027|SWR_BAIDU_HMI_0015|FUN=WifiActivity::getScanResults|1|Get list of available wifi hotspots.
01-01 00:30:10.253  3739  3739 W HMI2-SETTINGS - CI08.4: className -> WifiActivity | functionName -> isWapiVariantBlocked | value -> security_type:2
01-01 00:30:10.253  3739  3739 W HMI2-SETTINGS - CI08.4: className -> WifiActivity | functionName -> isInConnected | value -> |ACSIA_CORP1|0|2
01-01 00:30:10.253  3739  3739 W HMI2-SETTINGS - CI08.4: className -> WifiActivity | functionName -> isWapiVariantBlocked | value -> security_type:2
01-01 00:30:10.253  3739  3739 W HMI2-SETTINGS - CI08.4: className -> WifiActivity | functionName -> isInConnected | value -> |ACSIA_Management|0|2
01-01 00:30:10.253  3739  3739 W HMI2-SETTINGS - CI08.4: className -> WifiActivity | functionName -> isWapiVariantBlocked | value -> security_type:2
01-01 00:30:10.253  3739  3739 W HMI2-SETTINGS - CI08.4: className -> WifiActivity | functionName -> isInConnected | value -> |ACSIA_GUEST1|0|2
01-01 00:30:10.253  3739  3739 W HMI2-SETTINGS - CI08.4: className -> WifiActivity | functionName -> isWapiVariantBlocked | value -> security_type:2
01-01 00:30:10.253  3739  3739 W HMI2-SETTINGS - CI08.4: className -> WifiActivity | functionName -> isInConnected | value -> |ACSIA_DEV|0|2
01-01 00:30:10.253  3739  3739 W HMI2-SETTINGS - CI08.4: className -> WifiActivity | functionName -> isWapiVariantBlocked | value -> security_type:2
01-01 00:30:10.253  3739  3739 W HMI2-SETTINGS - CI08.4: className -> WifiActivity | functionName -> isInConnected | value -> | ACSIA_CORP3|0|2
01-01 00:30:10.253  3739  3739 W HMI2-SETTINGS - CI08.4: className -> WifiActivity | functionName -> isWapiVariantBlocked | value -> security_type:2
01-01 00:30:10.253  3739  3739 W HMI2-SETTINGS - CI08.4: className -> WifiActivity | functionName -> isInConnected | value -> |ACSIA_CORP2|0|2
01-01 00:30:10.253  3739  3739 W HMI2-SETTINGS - CI08.4: className -> WifiActivity | functionName -> isWapiVariantBlocked | value -> security_type:2
01-01 00:30:10.253  3739  3739 W HMI2-SETTINGS - CI08.4: className -> WifiActivity | functionName -> isInConnected | value -> |RSE_Test|0|2
01-01 00:30:10.253  3739  3739 W HMI2-SETTINGS - CI08.4: className -> WifiActivity | functionName -> isWapiVariantBlocked | value -> security_type:2
01-01 00:30:10.253  3739  3739 W HMI2-SETTINGS - CI08.4: className -> WifiActivity | functionName -> isInConnected | value -> |NETGEAR66-5G|0|2
01-01 00:30:10.254  3739  3739 W HMI2-SETTINGS - CI08.4: className -> WifiActivity | functionName -> isWapiVariantBlocked | value -> security_type:2
01-01 00:30:10.254  3739  3739 W HMI2-SETTINGS - CI08.4: className -> WifiActivity | functionName -> isInConnected | value -> |Secure|0|2
01-01 00:30:10.254  3739  3739 W HMI2-SETTINGS - CI08.4: className -> WifiActivity | functionName -> isWapiVariantBlocked | value -> security_type:2
01-01 00:30:10.254  3739  3739 W HMI2-SETTINGS - CI08.4: className -> WifiActivity | functionName -> isInConnected | value -> |ACSIA_Management|0|2
01-01 00:30:10.254  3739  3739 W HMI2-SETTINGS - CI08.4: className -> WifiActivity | functionName -> isWapiVariantBlocked | value -> security_type:2
01-01 00:30:10.254  3739  3739 W HMI2-SETTINGS - CI08.4: className -> WifiActivity | functionName -> isInConnected | value -> |ACSIA_CORP1|0|2
01-01 00:30:10.254  3739  3739 W HMI2-SETTINGS - CI08.4: className -> WifiActivity | functionName -> isWapiVariantBlocked | value -> security_type:2
01-01 00:30:10.254  3739  3739 W HMI2-SETTINGS - CI08.4: className -> WifiActivity | functionName -> isInConnected | value -> |ACSIA_CORP2|0|2
01-01 00:30:10.254  3739  3739 W HMI2-SETTINGS - CI08.4: className -> WifiActivity | functionName -> isWapiVariantBlocked | value -> security_type:2
01-01 00:30:10.254  3739  3739 W HMI2-SETTINGS - CI08.4: className -> WifiActivity | functionName -> isInConnected | value -> |HUWIFI|0|2
01-01 00:30:10.254  3739  3739 W HMI2-SETTINGS - CI08.4: className -> WifiActivity | functionName -> isWapiVariantBlocked | value -> security_type:2
01-01 00:30:10.254  3739  3739 W HMI2-SETTINGS - CI08.4: className -> WifiActivity | functionName -> isInConnected | value -> |ACSIA_GUEST1|0|2
01-01 00:30:10.254  3739  3739 W HMI2-SETTINGS - CI08.4: className -> WifiActivity | functionName -> isWapiVariantBlocked | value -> security_type:2
01-01 00:30:10.254  3739  3739 W HMI2-SETTINGS - CI08.4: className -> WifiActivity | functionName -> isInConnected | value -> |ACSIA_DEV|0|2
01-01 00:30:10.254  3739  3739 W HMI2-SETTINGS - CI08.4: className -> WifiActivity | functionName -> isWapiVariantBlocked | value -> security_type:2
01-01 00:30:10.254  3739  3739 W HMI2-SETTINGS - CI08.4: className -> WifiActivity | functionName -> isInConnected | value -> | ACSIA_CORP3|0|2
01-01 00:30:10.254  3739  3739 W HMI2-SETTINGS - CI08.4: className -> WifiActivity | functionName -> isWapiVariantBlocked | value -> security_type:2
01-01 00:30:10.254  3739  3739 W HMI2-SETTINGS - CI08.4: className -> WifiActivity | functionName -> isInConnected | value -> |RSE_Test|0|2
01-01 00:30:10.254  3739  3739 W HMI2-SETTINGS - CI08.4: className -> WifiActivity | functionName -> isWapiVariantBlocked | value -> security_type:2
01-01 00:30:10.254  3739  3739 W HMI2-SETTINGS - CI08.4: className -> WifiActivity | functionName -> isInConnected | value -> |DIRECT-vQINLT044msmJ|0|2
01-01 00:30:10.254  3739  3739 W HMI2-SETTINGS - CI08.4: className -> WifiActivity | functionName -> isWapiVariantBlocked | value -> security_type:2
01-01 00:30:10.254  3739  3739 W HMI2-SETTINGS - CI08.4: className -> WifiActivity | functionName -> isInConnected | value -> |DIRECT-DMATCLWI2064msNL|0|2
01-01 00:30:10.254  3739  3739 W HMI2-SETTINGS - CI08.4: className -> WifiActivity | functionName -> isWapiVariantBlocked | value -> security_type:2
01-01 00:30:10.254  3739  3739 W HMI2-SETTINGS - CI08.4: className -> WifiActivity | functionName -> isInConnected | value -> | ACSIA_CORP3|0|2
01-01 00:30:10.255  3739  3739 W HMI2-SETTINGS - CI08.4: className -> WifiActivity | functionName -> isWapiVariantBlocked | value -> security_type:2
01-01 00:30:10.255  3739  3739 W HMI2-SETTINGS - CI08.4: className -> WifiActivity | functionName -> isInConnected | value -> |ACSIA_CORP1|0|2
01-01 00:30:10.255  3739  3739 W HMI2-SETTINGS - CI08.4: className -> WifiActivity | functionName -> isWapiVariantBlocked | value -> security_type:2
01-01 00:30:10.255  3739  3739 W HMI2-SETTINGS - CI08.4: className -> WifiActivity | functionName -> isInConnected | value -> |ACSIA_GUEST1|0|2
01-01 00:30:10.255  3739  3739 W HMI2-SETTINGS - CI08.4: className -> WifiActivity | functionName -> isWapiVariantBlocked | value -> security_type:2
01-01 00:30:10.255  3739  3739 W HMI2-SETTINGS - CI08.4: className -> WifiActivity | functionName -> isInConnected | value -> |ACSIA_DEV|0|2
01-01 00:30:10.255  3739  3739 W HMI2-SETTINGS - CI08.4: className -> WifiActivity | functionName -> isWapiVariantBlocked | value -> security_type:2
01-01 00:30:10.255  3739  3739 W HMI2-SETTINGS - CI08.4: className -> WifiActivity | functionName -> isInConnected | value -> |RSE_Test|0|2
01-01 00:30:10.255  3739  3739 W HMI2-SETTINGS - CI08.4: className -> WifiActivity | functionName -> isWapiVariantBlocked | value -> security_type:2
01-01 00:30:10.255  3739  3739 W HMI2-SETTINGS - CI08.4: className -> WifiActivity | functionName -> isInConnected | value -> |ACSIA_CORP2|0|2
01-01 00:30:10.255  3739  3739 W HMI2-SETTINGS - CI08.4: className -> WifiActivity | functionName -> isWapiVariantBlocked | value -> security_type:2
01-01 00:30:10.255  3739  3739 W HMI2-SETTINGS - CI08.4: className -> WifiActivity | functionName -> isInConnected | value -> |ACSIA_Management|0|2
01-01 00:30:10.255  3739  3739 W HMI2-SETTINGS - CI08.4: className -> WifiActivity | functionName -> isWapiVariantBlocked | value -> security_type:2
01-01 00:30:10.255  3739  3739 W HMI2-SETTINGS - CI08.4: className -> WifiActivity | functionName -> isInConnected | value -> |AUTOMATION_TEST|0|2
01-01 00:30:10.255  3739  3739 W HMI2-SETTINGS - CI08.4: className -> WifiActivity | functionName -> isWapiVariantBlocked | value -> security_type:2
01-01 00:30:10.255  3739  3739 W HMI2-SETTINGS - CI08.4: className -> WifiActivity | functionName -> isInConnected | value -> |MB Hotspot 61185|0|2
01-01 00:30:10.255  3739  3739 W HMI2-SETTINGS - CI08.4: className -> WifiActivity | functionName -> isWapiVariantBlocked | value -> security_type:0
01-01 00:30:10.255  3739  3739 W HMI2-SETTINGS - CI08.4: className -> WifiActivity | functionName -> isInConnected | value -> |HP-Print-DB-LaserJet Pro MFP|0|0
01-01 00:30:10.255  3739  3739 W HMI2-SETTINGS - CI08.4: className -> WifiActivity | functionName -> isWapiVariantBlocked | value -> security_type:3
01-01 00:30:10.255  3739  3739 W HMI2-SETTINGS - CI08.4: className -> WifiActivity | functionName -> isInConnected | value -> |PITS-C|0|3
01-01 00:30:10.255  3739  3739 W HMI2-SETTINGS - CI08.4: className -> WifiActivity | functionName -> handleAllAvailNetwork | value -> savedNetwork ->0
01-01 00:30:10.255  3739  3739 W HMI2-SETTINGS - CI08.4: className -> WifiActivity | functionName -> handleAllAvailNetwork | value -> presentVisibleNetwork ->30
01-01 00:30:10.258  3739  3739 W HMI2-SETTINGS - CI08.4: className -> WifiActivity | functionName -> handleIfWifiAvailableNetworks: config is  | value -> null
01-01 00:30:10.263  3675 10934 D UIAutomatorStub: URI: /jsonrpc/0, Method: POST, Header: {content-length=274, remote-addr=127.0.0.1, http-client-ip=127.0.0.1, host=localhost:9009, content-type=application/json, connection=close, accept-encoding=identity, user-agent=Python-urllib/2.7}, params, {NanoHttpd.QUERY_STRING=null}, files: {postData={"params": [{"childOrSiblingSelector": [], "scrollable": true, "mask": 16384, "childOrSibling": []}, {"childOrSiblingSelector": [], "text": "RSE_Test", "mask": 1, "childOrSibling": []}, true], "jsonrpc": "2.0", "method": "scrollTo", "id": "28f6ed2a80f22f4f4e0e818e407d09fe"}}
01-01 00:30:10.328   729   748 I sssv-lib: sendMsg enter
01-01 00:30:10.328   729   748 I sssv-lib: sendMsg complete.
01-01 00:30:10.935  3675 10934 D UiScrollable: scrollToBeginning() on selector = UiSelector[SCROLLABLE=true]
01-01 00:30:10.935  3675 10934 D UiScrollable: scrollBackward() on selector = UiSelector[SCROLLABLE=true]
01-01 00:30:10.942  3675 10934 I QueryController: Matched selector: UiSelector[SCROLLABLE=true] <<==>> [android.view.accessibility.AccessibilityNodeInfo@1c4b451; boundsInParent: Rect(0, 0 - 1332, 889); boundsInScreen: Rect(305, 172 - 1637, 1061); packageName: com.panasonic.hmi2settings; className: android.widget.ScrollView; text: null; error: null; maxTextLength: -1; contentDescription: null; viewIdResName: com.panasonic.hmi2settings:id/scrollWifi; checkable: false; checked: false; focusable: true; focused: false; selected: false; clickable: false; longClickable: false; contextClickable: false; enabled: true; password: false; scrollable: true; importantForAccessibility: true; actions: [AccessibilityAction: ACTION_FOCUS - null, AccessibilityAction: ACTION_SELECT - null, AccessibilityAction: ACTION_CLEAR_SELECTION - null, AccessibilityAction: ACTION_ACCESSIBILITY_FOCUS - null, AccessibilityAction: ACTION_SCROLL_FORWARD - null, AccessibilityAction: ACTION_SHOW_ON_SCREEN - null]]
01-01 00:30:10.942  3675 10934 D UiScrollable: scrollToBegining() using vertical scroll
01-01 00:30:10.942  3675 10934 D InteractionController: scrollSwipe (971, 260, 971, 973, 55)
01-01 00:30:10.967   625   625 D WifiHAL : Start get packet fate command
01-01 00:30:10.967   625   625 D WifiHAL : createRequest Get Tx packet fate request
01-01 00:30:10.967   625   625 E WifiHAL : Failed to register get pkt fate response; result = -95
01-01 00:30:10.970  1151  1317 E WifiVendorHal: getTxPktFates(l.2067) failed {.code = ERROR_UNKNOWN, .description = errno: -95 (Unknown error -95)}
01-01 00:30:10.971   625   625 D WifiHAL : Start get packet fate command
01-01 00:30:10.971   625   625 D WifiHAL : createRequest Get Rx packet fate request
01-01 00:30:10.972   625   625 E WifiHAL : Failed to register get pkt fate response; result = -95
01-01 00:30:10.973  1151  1317 E WifiVendorHal: getRxPktFates(l.2107) failed {.code = ERROR_UNKNOWN, .description = errno: -95 (Unknown error -95)}
01-01 00:30:11.048   625   625 D WifiHAL : Start get packet fate command
01-01 00:30:11.048   625   625 D WifiHAL : createRequest Get Tx packet fate request
01-01 00:30:11.048   625   625 E WifiHAL : Failed to register get pkt fate response; result = -95
01-01 00:30:11.050  1151  1317 E WifiVendorHal: getTxPktFates(l.2067) failed {.code = ERROR_UNKNOWN, .description = errno: -95 (Unknown error -95)}
01-01 00:30:11.051   625   625 D WifiHAL : Start get packet fate command
01-01 00:30:11.051   625   625 D WifiHAL : createRequest Get Rx packet fate request
01-01 00:30:11.051   625   625 E WifiHAL : Failed to register get pkt fate response; result = -95
01-01 00:30:11.052  1151  1317 E WifiVendorHal: getRxPktFates(l.2107) failed {.code = ERROR_UNKNOWN, .description = errno: -95 (Unknown error -95)}
01-01 00:30:11.329   729   748 I sssv-lib: sendMsg enter
01-01 00:30:11.329   729   748 I sssv-lib: sendMsg complete.
01-01 00:30:11.800   635   635 E ANDR-PERF-TARGET: Error: Invalid logical cluster id 0
01-01 00:30:11.800   635   635 E ANDR-PERF-MPCTL: invalid request, no optimizations performed
01-01 00:30:11.816   635   635 E ANDR-PERF-TARGET: Error: Invalid logical cluster id 0
01-01 00:30:11.817   635   635 E ANDR-PERF-MPCTL: invalid request, no optimizations performed
01-01 00:30:11.833   635   635 E ANDR-PERF-TARGET: Error: Invalid logical cluster id 0
01-01 00:30:11.833   635   635 E ANDR-PERF-MPCTL: invalid request, no optimizations performed
01-01 00:30:11.850   635   635 E ANDR-PERF-TARGET: Error: Invalid logical cluster id 0
01-01 00:30:11.850   635   635 E ANDR-PERF-MPCTL: invalid request, no optimizations performed
01-01 00:30:11.867   635   635 E ANDR-PERF-TARGET: Error: Invalid logical cluster id 0
01-01 00:30:11.867   635   635 E ANDR-PERF-MPCTL: invalid request, no optimizations performed
01-01 00:30:11.867   635   635 E ANDR-PERF-TARGET: Error: Invalid logical cluster id 0
01-01 00:30:11.867   635   635 E ANDR-PERF-MPCTL: invalid request, no optimizations performed
01-01 00:30:11.883   635   635 E ANDR-PERF-TARGET: Error: Invalid logical cluster id 0
01-01 00:30:11.884   635   635 E ANDR-PERF-MPCTL: invalid request, no optimizations performed
01-01 00:30:11.900   635   635 E ANDR-PERF-TARGET: Error: Invalid logical cluster id 0
01-01 00:30:11.900   635   635 E ANDR-PERF-MPCTL: invalid request, no optimizations performed
01-01 00:30:11.917   635   635 E ANDR-PERF-TARGET: Error: Invalid logical cluster id 0
01-01 00:30:11.917   635   635 E ANDR-PERF-MPCTL: invalid request, no optimizations performed
01-01 00:30:11.933   635   635 E ANDR-PERF-TARGET: Error: Invalid logical cluster id 0
01-01 00:30:11.934   635   635 E ANDR-PERF-MPCTL: invalid request, no optimizations performed
01-01 00:30:11.950   635   635 E ANDR-PERF-TARGET: Error: Invalid logical cluster id 0
01-01 00:30:11.950   635   635 E ANDR-PERF-MPCTL: invalid request, no optimizations performed
01-01 00:30:11.967   635   635 E ANDR-PERF-TARGET: Error: Invalid logical cluster id 0
01-01 00:30:11.967   635   635 E ANDR-PERF-MPCTL: invalid request, no optimizations performed
01-01 00:30:11.984   635   635 E ANDR-PERF-TARGET: Error: Invalid logical cluster id 0
01-01 00:30:11.984   635   635 E ANDR-PERF-MPCTL: invalid request, no optimizations performed
01-01 00:30:12.000   635   635 E ANDR-PERF-TARGET: Error: Invalid logical cluster id 0
01-01 00:30:12.000   635   635 E ANDR-PERF-MPCTL: invalid request, no optimizations performed
01-01 00:30:12.017   635   635 E ANDR-PERF-TARGET: Error: Invalid logical cluster id 0
01-01 00:30:12.017   635   635 E ANDR-PERF-MPCTL: invalid request, no optimizations performed
01-01 00:30:12.034   635   635 E ANDR-PERF-TARGET: Error: Invalid logical cluster id 0
01-01 00:30:12.034   635   635 E ANDR-PERF-MPCTL: invalid request, no optimizations performed
01-01 00:30:12.050   635   635 E ANDR-PERF-TARGET: Error: Invalid logical cluster id 0
01-01 00:30:12.050   635   635 E ANDR-PERF-MPCTL: invalid request, no optimizations performed
01-01 00:30:12.060  3675 10934 W InteractionController: runAndwaitForEvents timed out waiting for events
01-01 00:30:12.067   635   635 E ANDR-PERF-TARGET: Error: Invalid logical cluster id 0
01-01 00:30:12.067   635   635 E ANDR-PERF-MPCTL: invalid request, no optimizations performed
01-01 00:30:12.071  3675 10934 D UiScrollable: scrollForward() on selector = UiSelector[SCROLLABLE=true]
01-01 00:30:12.078  3675 10934 I QueryController: Matched selector: UiSelector[SCROLLABLE=true] <<==>> [android.view.accessibility.AccessibilityNodeInfo@1c4b451; boundsInParent: Rect(0, 0 - 1332, 889); boundsInScreen: Rect(305, 172 - 1637, 1061); packageName: com.panasonic.hmi2settings; className: android.widget.ScrollView; text: null; error: null; maxTextLength: -1; contentDescription: null; viewIdResName: com.panasonic.hmi2settings:id/scrollWifi; checkable: false; checked: false; focusable: true; focused: false; selected: false; clickable: false; longClickable: false; contextClickable: false; enabled: true; password: false; scrollable: true; importantForAccessibility: true; actions: [AccessibilityAction: ACTION_FOCUS - null, AccessibilityAction: ACTION_SELECT - null, AccessibilityAction: ACTION_CLEAR_SELECTION - null, AccessibilityAction: ACTION_ACCESSIBILITY_FOCUS - null, AccessibilityAction: ACTION_SCROLL_FORWARD - null, AccessibilityAction: ACTION_SHOW_ON_SCREEN - null]]
01-01 00:30:12.078  3675 10934 D InteractionController: scrollSwipe (971, 973, 971, 260, 55)
01-01 00:30:12.084   635   635 E ANDR-PERF-TARGET: Error: Invalid logical cluster id 0
01-01 00:30:12.084   635   635 E ANDR-PERF-MPCTL: invalid request, no optimizations performed
01-01 00:30:12.101   635   635 E ANDR-PERF-TARGET: Error: Invalid logical cluster id 0
01-01 00:30:12.101   635   635 E ANDR-PERF-MPCTL: invalid request, no optimizations performed
01-01 00:30:12.117   635   635 E ANDR-PERF-TARGET: Error: Invalid logical cluster id 0
01-01 00:30:12.117   635   635 E ANDR-PERF-MPCTL: invalid request, no optimizations performed
01-01 00:30:12.134   635   635 E ANDR-PERF-TARGET: Error: Invalid logical cluster id 0
01-01 00:30:12.134   635   635 E ANDR-PERF-MPCTL: invalid request, no optimizations performed
01-01 00:30:12.151   635   635 E ANDR-PERF-TARGET: Error: Invalid logical cluster id 0
01-01 00:30:12.151   635   635 E ANDR-PERF-MPCTL: invalid request, no optimizations performed
01-01 00:30:12.167   635   635 E ANDR-PERF-TARGET: Error: Invalid logical cluster id 0
01-01 00:30:12.167   635   635 E ANDR-PERF-MPCTL: invalid request, no optimizations performed
01-01 00:30:12.184   635   635 E ANDR-PERF-TARGET: Error: Invalid logical cluster id 0
01-01 00:30:12.184   635   635 E ANDR-PERF-MPCTL: invalid request, no optimizations performed
01-01 00:30:12.201   635   635 E ANDR-PERF-TARGET: Error: Invalid logical cluster id 0
01-01 00:30:12.201   635   635 E ANDR-PERF-MPCTL: invalid request, no optimizations performed
01-01 00:30:12.217   635   635 E ANDR-PERF-TARGET: Error: Invalid logical cluster id 0
01-01 00:30:12.218   635   635 E ANDR-PERF-MPCTL: invalid request, no optimizations performed
01-01 00:30:12.234   635   635 E ANDR-PERF-TARGET: Error: Invalid logical cluster id 0
01-01 00:30:12.234   635   635 E ANDR-PERF-MPCTL: invalid request, no optimizations performed
01-01 00:30:12.251   635   635 E ANDR-PERF-TARGET: Error: Invalid logical cluster id 0
01-01 00:30:12.251   635   635 E ANDR-PERF-MPCTL: invalid request, no optimizations performed
01-01 00:30:12.268   635   635 E ANDR-PERF-TARGET: Error: Invalid logical cluster id 0
01-01 00:30:12.268   635   635 E ANDR-PERF-MPCTL: invalid request, no optimizations performed
01-01 00:30:12.284   635   635 E ANDR-PERF-TARGET: Error: Invalid logical cluster id 0
01-01 00:30:12.284   635   635 E ANDR-PERF-MPCTL: invalid request, no optimizations performed
01-01 00:30:12.301   635   635 E ANDR-PERF-TARGET: Error: Invalid logical cluster id 0
01-01 00:30:12.301   635   635 E ANDR-PERF-MPCTL: invalid request, no optimizations performed
01-01 00:30:12.318   635   635 E ANDR-PERF-TARGET: Error: Invalid logical cluster id 0
01-01 00:30:12.318   635   635 E ANDR-PERF-MPCTL: invalid request, no optimizations performed
01-01 00:30:12.329   729   748 I sssv-lib: sendMsg enter
01-01 00:30:12.329   729   748 I sssv-lib: sendMsg complete.
01-01 00:30:12.334   635   635 E ANDR-PERF-TARGET: Error: Invalid logical cluster id 0
01-01 00:30:12.334   635   635 E ANDR-PERF-MPCTL: invalid request, no optimizations performed
01-01 00:30:12.351   635   635 E ANDR-PERF-TARGET: Error: Invalid logical cluster id 0
01-01 00:30:12.351   635   635 E ANDR-PERF-MPCTL: invalid request, no optimizations performed
01-01 00:30:12.368   635   635 E ANDR-PERF-TARGET: Error: Invalid logical cluster id 0
01-01 00:30:12.368   635   635 E ANDR-PERF-MPCTL: invalid request, no optimizations performed
01-01 00:30:12.385   635   635 E ANDR-PERF-TARGET: Error: Invalid logical cluster id 0
01-01 00:30:12.385   635   635 E ANDR-PERF-MPCTL: invalid request, no optimizations performed
01-01 00:30:12.401   635   635 E ANDR-PERF-TARGET: Error: Invalid logical cluster id 0
01-01 00:30:12.401   635   635 E ANDR-PERF-MPCTL: invalid request, no optimizations performed
01-01 00:30:12.418   635   635 E ANDR-PERF-TARGET: Error: Invalid logical cluster id 0
01-01 00:30:12.418   635   635 E ANDR-PERF-MPCTL: invalid request, no optimizations performed
01-01 00:30:12.435   635   635 E ANDR-PERF-TARGET: Error: Invalid logical cluster id 0
01-01 00:30:12.435   635   635 E ANDR-PERF-MPCTL: invalid request, no optimizations performed
01-01 00:30:12.451   635   635 E ANDR-PERF-TARGET: Error: Invalid logical cluster id 0
01-01 00:30:12.451   635   635 E ANDR-PERF-MPCTL: invalid request, no optimizations performed
01-01 00:30:12.468   635   635 E ANDR-PERF-TARGET: Error: Invalid logical cluster id 0
01-01 00:30:12.468   635   635 E ANDR-PERF-MPCTL: invalid request, no optimizations performed
01-01 00:30:12.484  1933  1933 I LCMANDR : SWR_OOB_HV_MF_009|FUN=ResourceMonitoringService::movingMemoryAverage|2|Moving memory average :28.47702
01-01 00:30:12.485   635   635 E ANDR-PERF-TARGET: Error: Invalid logical cluster id 0
01-01 00:30:12.485   635   635 E ANDR-PERF-MPCTL: invalid request, no optimizations performed
01-01 00:30:12.486  1933  1933 W LCMANDR : SWR_OOB_HV_MF_009|FUN=ResourceMonitoringService::getCpuUsageStatistic|Moving MEM AVG :::::::::28.47702
01-01 00:30:12.488  1933  1933 W LCMANDR : SWR_OOB_HV_MF_009|FUN=ResourceMonitoringService::getCpuUsageStatistic|2|Total cpu usage :28.268156
01-01 00:30:12.488  1933  1933 I LCMANDR : SWR_OOB_HV_MF_009|FUN=ResourceMonitoringService::getCpuUsageStatistic|Cpu usage of core  0 is31.456953
01-01 00:30:12.488  1933  1933 I LCMANDR : SWR_OOB_HV_MF_009|FUN=ResourceMonitoringService::getCpuUsageStatistic|Cpu usage of core  1 is28.428093
01-01 00:30:12.488  1933  1933 I LCMANDR : SWR_OOB_HV_MF_009|FUN=ResourceMonitoringService::getCpuUsageStatistic|Cpu usage of core  2 is24.829931
01-01 00:30:12.488  1933  1933 I LCMANDR : ResourceMonitoringService::movingCpuAverage()
01-01 00:30:12.488  1933  1933 I LCMANDR : SWR_OOB_HV_MF_009|FUN=ResourceMonitoringService::movingCpuAverage|2|Moving window average of CPU 27.07103
01-01 00:30:12.488  1933  1933 I LCMANDR : SWR_OOB_HV_MF_009|FUN=ResourceMonitoringService::movingCpuAverage|2|Cpu moving average of core  0 is24.994148
01-01 00:30:12.488  1933  1933 I LCMANDR : SWR_OOB_HV_MF_009|FUN=ResourceMonitoringService::movingCpuAverage|2|Cpu moving average of core  1 is21.992252
01-01 00:30:12.488  1933  1933 I LCMANDR : SWR_OOB_HV_MF_009|FUN=ResourceMonitoringService::movingCpuAverage|2|Cpu moving average of core  2 is32.864666
01-01 00:30:12.488  1933  1933 D LCMANDR : SWR_OOB_HV_MF_009|FUN=ResourceMonitoringService::movingCpuAverage|2|Exiting VAL = 27.07103
01-01 00:30:12.501   635   635 E ANDR-PERF-TARGET: Error: Invalid logical cluster id 0
01-01 00:30:12.502   635   635 E ANDR-PERF-MPCTL: invalid request, no optimizations performed
01-01 00:30:12.518   635   635 E ANDR-PERF-TARGET: Error: Invalid logical cluster id 0
01-01 00:30:12.518   635   635 E ANDR-PERF-MPCTL: invalid request, no optimizations performed
01-01 00:30:12.535   635   635 E ANDR-PERF-TARGET: Error: Invalid logical cluster id 0
01-01 00:30:12.535   635   635 E ANDR-PERF-MPCTL: invalid request, no optimizations performed
01-01 00:30:12.552   635   635 E ANDR-PERF-TARGET: Error: Invalid logical cluster id 0
01-01 00:30:12.552   635   635 E ANDR-PERF-MPCTL: invalid request, no optimizations performed
01-01 00:30:12.568   635   635 E ANDR-PERF-TARGET: Error: Invalid logical cluster id 0
01-01 00:30:12.568   635   635 E ANDR-PERF-MPCTL: invalid request, no optimizations performed
01-01 00:30:12.585   635   635 E ANDR-PERF-TARGET: Error: Invalid logical cluster id 0
01-01 00:30:12.585   635   635 E ANDR-PERF-MPCTL: invalid request, no optimizations performed
01-01 00:30:12.602   635   635 E ANDR-PERF-TARGET: Error: Invalid logical cluster id 0
01-01 00:30:12.602   635   635 E ANDR-PERF-MPCTL: invalid request, no optimizations performed
01-01 00:30:12.618   635   635 E ANDR-PERF-TARGET: Error: Invalid logical cluster id 0
01-01 00:30:12.618   635   635 E ANDR-PERF-MPCTL: invalid request, no optimizations performed
01-01 00:30:12.635   635   635 E ANDR-PERF-TARGET: Error: Invalid logical cluster id 0
01-01 00:30:12.635   635   635 E ANDR-PERF-MPCTL: invalid request, no optimizations performed
01-01 00:30:12.652   635   635 E ANDR-PERF-TARGET: Error: Invalid logical cluster id 0
01-01 00:30:12.652   635   635 E ANDR-PERF-MPCTL: invalid request, no optimizations performed
01-01 00:30:12.668   635   635 E ANDR-PERF-TARGET: Error: Invalid logical cluster id 0
01-01 00:30:12.669   635   635 E ANDR-PERF-MPCTL: invalid request, no optimizations performed
01-01 00:30:12.685   635   635 E ANDR-PERF-TARGET: Error: Invalid logical cluster id 0
01-01 00:30:12.685   635   635 E ANDR-PERF-MPCTL: invalid request, no optimizations performed
01-01 00:30:12.702   635   635 E ANDR-PERF-TARGET: Error: Invalid logical cluster id 0
01-01 00:30:12.702   635   635 E ANDR-PERF-MPCTL: invalid request, no optimizations performed
01-01 00:30:12.719   635   635 E ANDR-PERF-TARGET: Error: Invalid logical cluster id 0
01-01 00:30:12.719   635   635 E ANDR-PERF-MPCTL: invalid request, no optimizations performed
01-01 00:30:12.735   635   635 E ANDR-PERF-TARGET: Error: Invalid logical cluster id 0
01-01 00:30:12.735   635   635 E ANDR-PERF-MPCTL: invalid request, no optimizations performed
01-01 00:30:12.752   635   635 E ANDR-PERF-TARGET: Error: Invalid logical cluster id 0
01-01 00:30:12.752   635   635 E ANDR-PERF-MPCTL: invalid request, no optimizations performed
01-01 00:30:12.769   635   635 E ANDR-PERF-TARGET: Error: Invalid logical cluster id 0
01-01 00:30:12.769   635   635 E ANDR-PERF-MPCTL: invalid request, no optimizations performed
01-01 00:30:12.785   635   635 E ANDR-PERF-TARGET: Error: Invalid logical cluster id 0
01-01 00:30:12.785   635   635 E ANDR-PERF-MPCTL: invalid request, no optimizations performed
01-01 00:30:12.802   635   635 E ANDR-PERF-TARGET: Error: Invalid logical cluster id 0
01-01 00:30:12.802   635   635 E ANDR-PERF-MPCTL: invalid request, no optimizations performed
01-01 00:30:12.819   635   635 E ANDR-PERF-TARGET: Error: Invalid logical cluster id 0
01-01 00:30:12.819   635   635 E ANDR-PERF-MPCTL: invalid request, no optimizations performed
01-01 00:30:12.835   635   635 E ANDR-PERF-TARGET: Error: Invalid logical cluster id 0
01-01 00:30:12.836   635   635 E ANDR-PERF-MPCTL: invalid request, no optimizations performed
01-01 00:30:12.852   635   635 E ANDR-PERF-TARGET: Error: Invalid logical cluster id 0
01-01 00:30:12.852   635   635 E ANDR-PERF-MPCTL: invalid request, no optimizations performed
01-01 00:30:12.869   635   635 E ANDR-PERF-TARGET: Error: Invalid logical cluster id 0
01-01 00:30:12.869   635   635 E ANDR-PERF-MPCTL: invalid request, no optimizations performed
01-01 00:30:12.886   635   635 E ANDR-PERF-TARGET: Error: Invalid logical cluster id 0
01-01 00:30:12.886   635   635 E ANDR-PERF-MPCTL: invalid request, no optimizations performed
01-01 00:30:12.902   635   635 E ANDR-PERF-TARGET: Error: Invalid logical cluster id 0
01-01 00:30:12.902   635   635 E ANDR-PERF-MPCTL: invalid request, no optimizations performed
01-01 00:30:12.919   635   635 E ANDR-PERF-TARGET: Error: Invalid logical cluster id 0
01-01 00:30:12.919   635   635 E ANDR-PERF-MPCTL: invalid request, no optimizations performed
01-01 00:30:12.936   635   635 E ANDR-PERF-TARGET: Error: Invalid logical cluster id 0
01-01 00:30:12.936   635   635 E ANDR-PERF-MPCTL: invalid request, no optimizations performed
01-01 00:30:12.952   635   635 E ANDR-PERF-TARGET: Error: Invalid logical cluster id 0
01-01 00:30:12.953   635   635 E ANDR-PERF-MPCTL: invalid request, no optimizations performed
01-01 00:30:12.957  1933  1957 D LCMANDR : SWR_OOB_HV_MF_009|FUN=LifeCycleManagerService::LifeCycle_ReportCompStatus|GOT ALIVENESS SIGNAL FROM DAIAPP : [0]; HB Counter = [ 712 ]; STATUS INFO = [ 0 ]
01-01 00:30:12.957  1519  1519 I Connectivity_AIDL|AIDL_Handler.AIDL_Helpers.LcmHelper: MBUX App Method: KeepAliveTest |Line No: 408 |Log Type: Critical |Message: MainThread:MBUX-App HB Count: 714, ResponseCode: 0
01-01 00:30:12.969   635   635 E ANDR-PERF-TARGET: Error: Invalid logical cluster id 0
01-01 00:30:12.969   635   635 E ANDR-PERF-MPCTL: invalid request, no optimizations performed
01-01 00:30:12.986   635   635 E ANDR-PERF-TARGET: Error: Invalid logical cluster id 0
01-01 00:30:12.986   635   635 E ANDR-PERF-MPCTL: invalid request, no optimizations performed
01-01 00:30:12.986   635   635 E ANDR-PERF-TARGET: Error: Invalid logical cluster id 0
01-01 00:30:12.986   635   635 E ANDR-PERF-MPCTL: invalid request, no optimizations performed
01-01 00:30:13.003   635   635 E ANDR-PERF-TARGET: Error: Invalid logical cluster id 0
01-01 00:30:13.003   635   635 E ANDR-PERF-MPCTL: invalid request, no optimizations performed
01-01 00:30:13.019   635   635 E ANDR-PERF-TARGET: Error: Invalid logical cluster id 0
01-01 00:30:13.019   635   635 E ANDR-PERF-MPCTL: invalid request, no optimizations performed
01-01 00:30:13.036   635   635 E ANDR-PERF-TARGET: Error: Invalid logical cluster id 0
01-01 00:30:13.036   635   635 E ANDR-PERF-MPCTL: invalid request, no optimizations performed
01-01 00:30:13.053   635   635 E ANDR-PERF-TARGET: Error: Invalid logical cluster id 0
01-01 00:30:13.053   635   635 E ANDR-PERF-MPCTL: invalid request, no optimizations performed
01-01 00:30:13.069   635   635 E ANDR-PERF-TARGET: Error: Invalid logical cluster id 0
01-01 00:30:13.069   635   635 E ANDR-PERF-MPCTL: invalid request, no optimizations performed
01-01 00:30:13.086   635   635 E ANDR-PERF-TARGET: Error: Invalid logical cluster id 0
01-01 00:30:13.086   635   635 E ANDR-PERF-MPCTL: invalid request, no optimizations performed
01-01 00:30:13.103   635   635 E ANDR-PERF-TARGET: Error: Invalid logical cluster id 0
01-01 00:30:13.103   635   635 E ANDR-PERF-MPCTL: invalid request, no optimizations performed
01-01 00:30:13.119   635   635 E ANDR-PERF-TARGET: Error: Invalid logical cluster id 0
01-01 00:30:13.120   635   635 E ANDR-PERF-MPCTL: invalid request, no optimizations performed
01-01 00:30:13.136   635   635 E ANDR-PERF-TARGET: Error: Invalid logical cluster id 0
01-01 00:30:13.136   635   635 E ANDR-PERF-MPCTL: invalid request, no optimizations performed
01-01 00:30:13.153   635   635 E ANDR-PERF-TARGET: Error: Invalid logical cluster id 0
01-01 00:30:13.153   635   635 E ANDR-PERF-MPCTL: invalid request, no optimizations performed
01-01 00:30:13.170   635   635 E ANDR-PERF-TARGET: Error: Invalid logical cluster id 0
01-01 00:30:13.170   635   635 E ANDR-PERF-MPCTL: invalid request, no optimizations performed
01-01 00:30:13.180  3675 10934 W InteractionController: runAndwaitForEvents timed out waiting for events
01-01 00:30:13.181  3675 10934 D InteractionController: Vertical scrollSwipe reached scroll end: false
01-01 00:30:13.186   635   635 E ANDR-PERF-TARGET: Error: Invalid logical cluster id 0
01-01 00:30:13.186   635   635 E ANDR-PERF-MPCTL: invalid request, no optimizations performed
01-01 00:30:13.203   635   635 E ANDR-PERF-TARGET: Error: Invalid logical cluster id 0
01-01 00:30:13.203   635   635 E ANDR-PERF-MPCTL: invalid request, no optimizations performed
01-01 00:30:13.220   635   635 E ANDR-PERF-TARGET: Error: Invalid logical cluster id 0
01-01 00:30:13.220   635   635 E ANDR-PERF-MPCTL: invalid request, no optimizations performed
01-01 00:30:13.236   635   635 E ANDR-PERF-TARGET: Error: Invalid logical cluster id 0
01-01 00:30:13.237   635   635 E ANDR-PERF-MPCTL: invalid request, no optimizations performed
01-01 00:30:13.253   635   635 E ANDR-PERF-TARGET: Error: Invalid logical cluster id 0
01-01 00:30:13.253   635   635 E ANDR-PERF-MPCTL: invalid request, no optimizations performed
01-01 00:30:13.270   635   635 E ANDR-PERF-TARGET: Error: Invalid logical cluster id 0
01-01 00:30:13.270   635   635 E ANDR-PERF-MPCTL: invalid request, no optimizations performed
01-01 00:30:13.287   635   635 E ANDR-PERF-TARGET: Error: Invalid logical cluster id 0
01-01 00:30:13.287   635   635 E ANDR-PERF-MPCTL: invalid request, no optimizations performed
01-01 00:30:13.303   635   635 E ANDR-PERF-TARGET: Error: Invalid logical cluster id 0
01-01 00:30:13.303   635   635 E ANDR-PERF-MPCTL: invalid request, no optimizations performed
01-01 00:30:13.320   635   635 E ANDR-PERF-TARGET: Error: Invalid logical cluster id 0
01-01 00:30:13.320   635   635 E ANDR-PERF-MPCTL: invalid request, no optimizations performed
01-01 00:30:13.330   729   748 I sssv-lib: sendMsg enter
01-01 00:30:13.330   729   748 I sssv-lib: sendMsg complete.
01-01 00:30:13.337   635   635 E ANDR-PERF-TARGET: Error: Invalid logical cluster id 0
01-01 00:30:13.337   635   635 E ANDR-PERF-MPCTL: invalid request, no optimizations performed
01-01 00:30:13.353   635   635 E ANDR-PERF-TARGET: Error: Invalid logical cluster id 0
01-01 00:30:13.354   635   635 E ANDR-PERF-MPCTL: invalid request, no optimizations performed
01-01 00:30:13.370   635   635 E ANDR-PERF-TARGET: Error: Invalid logical cluster id 0
01-01 00:30:13.370   635   635 E ANDR-PERF-MPCTL: invalid request, no optimizations performed
01-01 00:30:13.874  3675 10934 I QueryController: Matched selector: UiSelector[SCROLLABLE=true, CHILD=UiSelector[TEXT=RSE_Test]] <<==>> [android.view.accessibility.AccessibilityNodeInfo@1c6d0e1; boundsInParent: Rect(0, 0 - 1078, 77); boundsInScreen: Rect(354, 489 - 1431, 566); packageName: com.panasonic.hmi2settings; className: android.widget.TextView; text: RSE_Test; error: null; maxTextLength: -1; contentDescription: null; viewIdResName: com.panasonic.hmi2settings:id/wifiName; checkable: false; checked: false; focusable: false; focused: false; selected: false; clickable: false; longClickable: false; contextClickable: false; enabled: true; password: false; scrollable: false; importantForAccessibility: true; actions: [AccessibilityAction: ACTION_SELECT - null, AccessibilityAction: ACTION_CLEAR_SELECTION - null, AccessibilityAction: ACTION_ACCESSIBILITY_FOCUS - null, AccessibilityAction: ACTION_NEXT_AT_MOVEMENT_GRANULARITY - null, AccessibilityAction: ACTION_PREVIOUS_AT_MOVEMENT_GRANULARITY - null, AccessibilityAction: ACTION_SET_SELECTION - null, AccessibilityAction: ACTION_SHOW_ON_SCREEN - null]]
01-01 00:30:13.884  3675 10935 D UIAutomatorStub: URI: /jsonrpc/0, Method: POST, Header: {content-length=176, remote-addr=127.0.0.1, http-client-ip=127.0.0.1, host=localhost:9009, content-type=application/json, connection=close, accept-encoding=identity, user-agent=Python-urllib/2.7}, params, {NanoHttpd.QUERY_STRING=null}, files: {postData={"params": [{"childOrSiblingSelector": [], "text": "RSE_Test", "mask": 1, "childOrSibling": []}], "jsonrpc": "2.0", "method": "click", "id": "64d338a840ee0abdfbf0fc809272a84b"}}
01-01 00:30:13.947  3675 10936 D UIAutomatorStub: URI: /jsonrpc/0, Method: POST, Header: {content-length=213, remote-addr=127.0.0.1, http-client-ip=127.0.0.1, host=localhost:9009, content-type=application/json, connection=close, accept-encoding=identity, user-agent=Python-urllib/2.7}, params, {NanoHttpd.QUERY_STRING=null}, files: {postData={"params": [{"childOrSiblingSelector": [], "className": "android.widget.EditText", "mask": 16, "childOrSibling": []}, "Secure7@55"], "jsonrpc": "2.0", "method": "setText", "id": "ccb7060ed3622ff1e81b41f784cbb350"}}
01-01 00:30:13.950  3739  3739 W HMI2-SETTINGS - CI08.4: className -> WifiAdapter | functionName -> onBindViewHolder | value -> allWifiList.get(position).getSecurityType() : wifiNametrue
01-01 00:30:13.950  3739  3739 W HMI2-SETTINGS - CI08.4: className -> WifiActivity | functionName -> onWifiClick | value -> getSecurityType ->true
01-01 00:30:13.971   635   635 E ANDR-PERF-TARGET: Error: Invalid logical cluster id 0
01-01 00:30:13.971   635   635 E ANDR-PERF-MPCTL: invalid request, no optimizations performed
01-01 00:30:13.981  3739  3739 W ContextImpl: Calling a method in the system process without a qualified user: android.app.ContextImpl.startService:1476 android.content.ContextWrapper.startService:650 android.view.View.setSystemUiVisibility:22653 com.panasonic.hmi2settings.activity.WifiActivity.connectToWifi:1215 com.panasonic.hmi2settings.activity.WifiActivity.onWifiClick:522 
01-01 00:30:13.982  1151  1553 D CompatibilityInfo: mCompatibilityFlags - 4
01-01 00:30:13.983  1151  1553 D CompatibilityInfo: applicationDensity - 240
01-01 00:30:13.983  1151  1553 D CompatibilityInfo: applicationScale - 1.0
01-01 00:30:13.984  3739  3739 D View    : setSystemUiVisibility: startService done
01-01 00:30:13.986  1392  1392 W SYSTEM_UI: SWR_SYSTEM_UI_007|FUN=CollapsedStatusBarFragment::getAction |1|Broadcast action --> STATUS_UPDATE_ACTION
01-01 00:30:13.987  1392  1392 W SYSTEM_UI: SWR_SYSTEM_UI_007|FUN=CollapsedStatusBarFragment::getIntExtra |1|NotifySystemUpdates dataType --> 101
01-01 00:30:13.987  1392  1392 W SYSTEM_UI - CI07.3: className -> CollapsedStatusBarFragment | functionName -> NotifySystemUpdates | onReceive -->  | value -> FULLSCREEN MODE CHANGED | isFullScreenStatus --> false | fullScreenPackage -->com.panasonic.hmi2settings | fullscreenLastShownPackage -->null | topActivityPackage --> com.panasonic.hmi2settings
01-01 00:30:13.987  1392  1392 W SYSTEM_UI - CI07.3: className -> CollapsedStatusBarFragment | functionName -> NotifySystemUpdates | onReceive -->  | value -> Fullscreen mode changed --> path 5
01-01 00:30:13.989  1151  1167 D WindowManager: addToDisplay >>> FLAG_FULLSCREEN not set in WindowManager.LayoutParams
01-01 00:30:13.989  1151  1167 D WindowManager: startStatusReceiverServiceOnFlagSet: creating intent for action ACTION_ACTIVITY_FULLSCREEN
01-01 00:30:13.989  1151  1167 W ContextImpl: Calling a method in the system process without a qualified user: android.app.ContextImpl.startService:1476 com.android.server.wm.Session.startStatusReceiverServiceOnFlagSet:762 com.android.server.wm.Session.addToDisplay:217 android.view.IWindowSession$Stub.onTransact:124 com.android.server.wm.Session.onTransact:166 
01-01 00:30:13.990  1151  1167 D CompatibilityInfo: mCompatibilityFlags - 4
01-01 00:30:13.990  1151  1167 D CompatibilityInfo: applicationDensity - 240
01-01 00:30:13.990  1151  1167 D CompatibilityInfo: applicationScale - 1.0
01-01 00:30:13.991  1151  1167 D WindowManager: startStatusReceiverServiceOnFlagSet: startService done
01-01 00:30:13.994  1392  1392 W SYSTEM_UI: SWR_SYSTEM_UI_007|FUN=CollapsedStatusBarFragment::getAction |1|Broadcast action --> STATUS_UPDATE_ACTION
01-01 00:30:13.994  1392  1392 W SYSTEM_UI: SWR_SYSTEM_UI_007|FUN=CollapsedStatusBarFragment::getIntExtra |1|NotifySystemUpdates dataType --> 101
01-01 00:30:13.994  1392  1392 W SYSTEM_UI - CI07.3: className -> CollapsedStatusBarFragment | functionName -> NotifySystemUpdates | onReceive -->  | value -> FULLSCREEN MODE CHANGED | isFullScreenStatus --> false | fullScreenPackage -->com.panasonic.hmi2settings | fullscreenLastShownPackage -->null | topActivityPackage --> com.panasonic.hmi2settings
01-01 00:30:13.994  1392  1392 W SYSTEM_UI - CI07.3: className -> CollapsedStatusBarFragment | functionName -> NotifySystemUpdates | onReceive -->  | value -> Fullscreen mode changed --> path 5
01-01 00:30:13.997  3739  3739 W HMI2-SETTINGS: SWR_BAIDU_HMI_0015|FUN=WifiActivity::addView|0|Display password enter dialog with addView method.
01-01 00:30:13.997  3739  3739 W HMI2-SETTINGS: SWR_BAIDU_HMI_0027|FUN=WifiActivity::addView|0|Display password enter dialog with addView method.
01-01 00:30:13.998  3739  3739 W HMI2-SETTINGS - CI08.4: className -> WifiActivity | functionName -> setOnFocusChangeListener :   | value -> hasFocus:true
01-01 00:30:14.002  1151  1553 D mEnabledInputMethodsStrCache: com.android.inputmethods.latin/.LatinIME
01-01 00:30:14.002  1151  1553 D systemLanguageCode: en__GB
01-01 00:30:14.002  1151  1553 D mEnabledInputMethodsStrCache: com.android.inputmethods.latin/.LatinIME
01-01 00:30:14.003  1151  1553 D mEnabledInputMethodsStrCache: com.android.inputmethods.latin/.LatinIME
01-01 00:30:14.003  1151  1553 D systemLanguageCode: en__GB
01-01 00:30:14.003  1151  1553 D mEnabledInputMethodsStrCache: com.android.inputmethods.latin/.LatinIME
01-01 00:30:14.004  1933  1957 D LCMANDR : SWR_OOB_HV_MF_009|FUN=LifeCycleManagerService::LifeCycle_ReportCompStatus|GOT ALIVENESS SIGNAL FROM DAIAPP : [0]; HB Counter = [ 713 ]; STATUS INFO = [ 0 ]
01-01 00:30:14.005  1151  1553 D mEnabledInputMethodsStrCache: com.android.inputmethods.latin/.LatinIME
01-01 00:30:14.005  1151  1553 D systemLanguageCode: en__GB
01-01 00:30:14.005  1151  1553 D mEnabledInputMethodsStrCache: com.android.inputmethods.latin/.LatinIME
01-01 00:30:14.005  1151  1553 D mEnabledInputMethodsStrCache: com.android.inputmethods.latin/.LatinIME
01-01 00:30:14.006  1151  1553 D systemLanguageCode: en__GB
01-01 00:30:14.006  1519  1964 I Connectivity_AIDL|AIDL_Handler.AIDL_Helpers.LcmHelper: MBUX App Method: KeepAliveTest |Line No: 408 |Log Type: Critical |Message: ChildThread:MBUX-App HB Count: 715, ResponseCode: 0
01-01 00:30:14.006  1151  1553 D mEnabledInputMethodsStrCache: com.android.inputmethods.latin/.LatinIME
01-01 00:30:14.006  1151  1553 D mEnabledInputMethodsStrCache: com.android.inputmethods.latin/.LatinIME
01-01 00:30:14.006  1151  1553 D systemLanguageCode: en__GB
01-01 00:30:14.006  1151  1553 D mEnabledInputMethodsStrCache: com.android.inputmethods.latin/.LatinIME
01-01 00:30:14.006  1151  1553 D mEnabledInputMethodsStrCache: com.android.inputmethods.latin/.LatinIME
01-01 00:30:14.006  1151  1553 D systemLanguageCode: en__GB
01-01 00:30:14.006  1151  1553 D mEnabledInputMethodsStrCache: com.android.inputmethods.latin/.LatinIME
01-01 00:30:14.007  1379  1379 I LatinIME: SWR_HMISERVICE_SPELLER_MF_001||FUN=onStartInputViewInternal || 1 || Starting input. Cursor position = -1,-1
01-01 00:30:14.014  1151  1553 D WindowManager: relayout packageName=com.panasonic.hmi2settings::session=Session{c47ecfc 3739:1000}::window=android.view.IWindow$Stub$Proxy@3939a02::attrs.flags=1000100
01-01 00:30:14.014  1151  1553 D WindowManager: relayout >>> FLAG_FULLSCREEN not set in WindowManager.LayoutParams
01-01 00:30:14.014  1151  1553 D WindowManager: startStatusReceiverServiceOnFlagSet: creating intent for action ACTION_ACTIVITY_FULLSCREEN
01-01 00:30:14.014  1151  1553 W ContextImpl: Calling a method in the system process without a qualified user: android.app.ContextImpl.startService:1476 com.android.server.wm.Session.startStatusReceiverServiceOnFlagSet:762 com.android.server.wm.Session.relayout:276 android.view.IWindowSession$Stub.onTransact:286 com.android.server.wm.Session.onTransact:166 
01-01 00:30:14.015  1151  1553 D CompatibilityInfo: mCompatibilityFlags - 4
01-01 00:30:14.015  1151  1553 D CompatibilityInfo: applicationDensity - 240
01-01 00:30:14.015  1151  1553 D CompatibilityInfo: applicationScale - 1.0
01-01 00:30:14.015  1151  1553 D WindowManager: startStatusReceiverServiceOnFlagSet: startService done
01-01 00:30:14.021  1392  1392 W SYSTEM_UI: SWR_SYSTEM_UI_007|FUN=CollapsedStatusBarFragment::getAction |1|Broadcast action --> STATUS_UPDATE_ACTION
01-01 00:30:14.021  1392  1392 W SYSTEM_UI: SWR_SYSTEM_UI_007|FUN=CollapsedStatusBarFragment::getIntExtra |1|NotifySystemUpdates dataType --> 101
01-01 00:30:14.021  1392  1392 W SYSTEM_UI - CI07.3: className -> CollapsedStatusBarFragment | functionName -> NotifySystemUpdates | onReceive -->  | value -> FULLSCREEN MODE CHANGED | isFullScreenStatus --> false | fullScreenPackage -->com.panasonic.hmi2settings | fullscreenLastShownPackage -->null | topActivityPackage --> com.panasonic.hmi2settings
01-01 00:30:14.021  1392  1392 W SYSTEM_UI - CI07.3: className -> CollapsedStatusBarFragment | functionName -> NotifySystemUpdates | onReceive -->  | value -> Fullscreen mode changed --> path 5
