--------- beginning of system
01-01 01:12:44.215  2677  2692 W ContextImpl: Calling a method in the system process without a qualified user: android.app.ContextImpl.startService:1476 android.content.ContextWrapper.startService:650 com.panasonic.dairse.vcpupersistence.VCPUPersistenceService$1.executeLinuxCommand:392 com.panasonic.dairse.vcpupersistence.IVCPUPersistenceService$Stub.onTransact:437 android.os.Binder.execTransact:706 
01-01 01:12:46.240  1392  1392 W StatusBar: animate_trace: animateCollapsePanels entry: flags=0: force=false
01-01 01:12:46.241  1151  1288 I ActivityManager: START u0 {act=android.intent.action.MAIN cat=[android.intent.category.HOME] flg=0x10200000 cmp=com.daimler.rse.ntg6/.StartUpActivity (has extras)} from uid 1000
01-01 01:12:46.244  1519  1519 V Activity: onDestroy md59d95dbab71941e137ef724fbceda5f0e.MainOverlayActivity@50e0363
01-01 01:12:46.248  3739  3739 V Activity: onPause com.panasonic.hmi2settings.activity.WifiActivity@15ee62f
01-01 01:12:46.264  1151  1262 D WindowManager: addToDisplay >>> FLAG_FULLSCREEN set in WindowManager.LayoutParams
01-01 01:12:46.265  1151  1262 D WindowManager: startStatusReceiverServiceOnFlagSet: creating intent for action ACTION_ACTIVITY_FULLSCREEN
01-01 01:12:46.265  1151  1262 W ContextImpl: Calling a method in the system process without a qualified user: android.app.ContextImpl.startService:1476 com.android.server.wm.Session.startStatusReceiverServiceOnFlagSet:762 com.android.server.wm.Session.addToDisplay:214 android.view.ViewRootImpl.setView:737 android.view.WindowManagerGlobal.addView:356 
01-01 01:12:46.282  1519  1519 V Activity: onDestroy md59d95dbab71941e137ef724fbceda5f0e.SettingsBaseActivity@68378f1
01-01 01:12:46.289  1151  1262 D WindowManager: startStatusReceiverServiceOnFlagSet: startService done
01-01 01:12:46.292  1151  1262 D WindowManager: relayout packageName=com.daimler.rse.ntg6::session=Session{2188d47 1151:1000}::window=android.view.ViewRootImpl$W@957823d::attrs.flags=81830518
01-01 01:12:46.292  1151  1262 D WindowManager: relayout >>> FLAG_FULLSCREEN set in WindowManager.LayoutParams
01-01 01:12:46.292  1151  1262 D WindowManager: startStatusReceiverServiceOnFlagSet: creating intent for action ACTION_ACTIVITY_FULLSCREEN
01-01 01:12:46.292  1151  1262 W ContextImpl: Calling a method in the system process without a qualified user: android.app.ContextImpl.startService:1476 com.android.server.wm.Session.startStatusReceiverServiceOnFlagSet:762 com.android.server.wm.Session.relayout:273 android.view.ViewRootImpl.relayoutWindow:6181 android.view.ViewRootImpl.performTraversals:1921 
01-01 01:12:46.296  1151  1262 D WindowManager: startStatusReceiverServiceOnFlagSet: startService done
01-01 01:12:46.325  1519  1519 V Activity: onStart com.daimler.rse.ntg6.StartUpActivity@6d639f8
01-01 01:12:46.327  1151  2231 I ActivityManager: START u0 {cmp=com.daimler.rse.ntg6/md59d95dbab71941e137ef724fbceda5f0e.MainOverlayActivity} from uid 10027
01-01 01:12:46.339  1519  1519 V Activity: onResume com.daimler.rse.ntg6.StartUpActivity@6d639f8
01-01 01:12:46.346  1151  2231 D WindowManager: relayout packageName=com.daimler.rse.ntg6::session=Session{6485514 1519:u0a10027}::window=android.view.IWindow$Stub$Proxy@bffdd8a::attrs.flags=81810500
01-01 01:12:46.346  1151  2231 D WindowManager: relayout >>> FLAG_FULLSCREEN set in WindowManager.LayoutParams
01-01 01:12:46.346  1151  2231 D WindowManager: startStatusReceiverServiceOnFlagSet: creating intent for action ACTION_ACTIVITY_FULLSCREEN
01-01 01:12:46.346  1151  2231 W ContextImpl: Calling a method in the system process without a qualified user: android.app.ContextImpl.startService:1476 com.android.server.wm.Session.startStatusReceiverServiceOnFlagSet:762 com.android.server.wm.Session.relayout:273 android.view.IWindowSession$Stub.onTransact:286 com.android.server.wm.Session.onTransact:166 
01-01 01:12:46.348  1151  2231 D WindowManager: startStatusReceiverServiceOnFlagSet: startService done
01-01 01:12:46.361  1519  1519 V Activity: onPause com.daimler.rse.ntg6.StartUpActivity@6d639f8
01-01 01:12:46.406  1519  1519 V Activity: onCreate md59d95dbab71941e137ef724fbceda5f0e.MainOverlayActivity@28947f: null
01-01 01:12:46.478  1519  1519 V Activity: onStart md59d95dbab71941e137ef724fbceda5f0e.MainOverlayActivity@28947f
01-01 01:12:46.480  1519  1519 V Activity: onResume md59d95dbab71941e137ef724fbceda5f0e.MainOverlayActivity@28947f
01-01 01:12:46.523  1151 10154 D WindowManager: addToDisplay >>> FLAG_FULLSCREEN set in WindowManager.LayoutParams
01-01 01:12:46.523  1151 10154 D WindowManager: startStatusReceiverServiceOnFlagSet: creating intent for action ACTION_ACTIVITY_FULLSCREEN
01-01 01:12:46.523  1151 10154 W ContextImpl: Calling a method in the system process without a qualified user: android.app.ContextImpl.startService:1476 com.android.server.wm.Session.startStatusReceiverServiceOnFlagSet:762 com.android.server.wm.Session.addToDisplay:214 android.view.IWindowSession$Stub.onTransact:124 com.android.server.wm.Session.onTransact:166 
01-01 01:12:46.525  1151 10154 D WindowManager: startStatusReceiverServiceOnFlagSet: startService done
01-01 01:12:46.601  1151 10154 D WindowManager: relayout packageName=com.daimler.rse.ntg6::session=Session{6485514 1519:u0a10027}::window=android.view.IWindow$Stub$Proxy@8aec15c::attrs.flags=81810500
01-01 01:12:46.602  1151 10154 D WindowManager: relayout >>> FLAG_FULLSCREEN set in WindowManager.LayoutParams
01-01 01:12:46.602  1151 10154 D WindowManager: startStatusReceiverServiceOnFlagSet: creating intent for action ACTION_ACTIVITY_FULLSCREEN
01-01 01:12:46.602  1151 10154 W ContextImpl: Calling a method in the system process without a qualified user: android.app.ContextImpl.startService:1476 com.android.server.wm.Session.startStatusReceiverServiceOnFlagSet:762 com.android.server.wm.Session.relayout:273 android.view.IWindowSession$Stub.onTransact:286 com.android.server.wm.Session.onTransact:166 
01-01 01:12:46.603  1151 10154 D WindowManager: startStatusReceiverServiceOnFlagSet: startService done
01-01 01:12:46.672  1151  2231 D WindowManager: relayout packageName=com.panasonic.hmi2settings::session=Session{c47ecfc 3739:1000}::window=android.view.IWindow$Stub$Proxy@812bd3a::attrs.flags=null
01-01 01:12:46.672  1151  2231 D WindowManager: relayout >>> FLAG_FULLSCREEN not set in WindowManager.LayoutParams
01-01 01:12:46.672  1151  2231 D WindowManager: startStatusReceiverServiceOnFlagSet: creating intent for action ACTION_ACTIVITY_FULLSCREEN
01-01 01:12:46.673  1151  2231 W ContextImpl: Calling a method in the system process without a qualified user: android.app.ContextImpl.startService:1476 com.android.server.wm.Session.startStatusReceiverServiceOnFlagSet:762 com.android.server.wm.Session.relayout:276 android.view.IWindowSession$Stub.onTransact:286 com.android.server.wm.Session.onTransact:166 
01-01 01:12:46.676  1151  2231 D WindowManager: startStatusReceiverServiceOnFlagSet: startService done
01-01 01:12:46.691  1151 10154 D WindowManager: relayout packageName=com.daimler.rse.ntg6::session=Session{6485514 1519:u0a10027}::window=android.view.IWindow$Stub$Proxy@6df7306::attrs.flags=null
01-01 01:12:46.691  1151 10154 D WindowManager: relayout >>> FLAG_FULLSCREEN not set in WindowManager.LayoutParams
01-01 01:12:46.691  1151 10154 D WindowManager: startStatusReceiverServiceOnFlagSet: creating intent for action ACTION_ACTIVITY_FULLSCREEN
01-01 01:12:46.691  1151 10154 W ContextImpl: Calling a method in the system process without a qualified user: android.app.ContextImpl.startService:1476 com.android.server.wm.Session.startStatusReceiverServiceOnFlagSet:762 com.android.server.wm.Session.relayout:276 android.view.IWindowSession$Stub.onTransact:286 com.android.server.wm.Session.onTransact:166 
01-01 01:12:46.696  3739  3739 V Activity: onStop com.panasonic.hmi2settings.activity.WifiActivity@15ee62f
01-01 01:12:46.696  3739  3739 V Activity: onDestroy com.panasonic.hmi2settings.activity.WifiActivity@15ee62f
01-01 01:12:46.705  1151 10154 D WindowManager: startStatusReceiverServiceOnFlagSet: startService done
01-01 01:12:46.710  1519  1519 V Activity: back_button: onSaveInstanceState entry:com.daimler.rse.ntg6.StartUpActivity@6d639f8
01-01 01:12:46.711  1519  1519 V Activity: onSaveInstanceState com.daimler.rse.ntg6.StartUpActivity@6d639f8: Bundle[{android:viewHierarchyState=Bundle[{android:views={16908290=android.view.AbsSavedState$1@4f57e89, 2131296938=android.view.AbsSavedState$1@4f57e89, 2131296939=android.view.AbsSavedState$1@4f57e89, 2131296940=android.view.AbsSavedState$1@4f57e89, 2131296941=android.view.AbsSavedState$1@4f57e89, 2131296942=android.view.AbsSavedState$1@4f57e89, 2131296943=android.view.AbsSavedState$1@4f57e89, 2131297551=android.view.AbsSavedState$1@4f57e89}}], android:lastAutofillId=1073741823, android:fragments=android.app.FragmentManagerState@4ea2596}]
01-01 01:12:46.714  1519  1519 V Activity: onStop com.daimler.rse.ntg6.StartUpActivity@6d639f8
01-01 01:12:46.720  3739  3739 V Activity: onTrimMemory com.panasonic.hmi2settings.activity.WifiManagerActivity@200cf74: 80
01-01 01:12:47.327  1392  1392 W StatusBar: animate_trace: animateCollapsePanels entry: flags=0: force=false
01-01 01:12:47.328  1151  1288 I ActivityManager: START u0 {act=android.intent.action.MAIN cat=[android.intent.category.HOME] flg=0x10200000 cmp=com.daimler.rse.ntg6/.StartUpActivity (has extras)} from uid 1000
01-01 01:12:47.331  1519  1519 V Activity: onPause md59d95dbab71941e137ef724fbceda5f0e.MainOverlayActivity@28947f
01-01 01:12:47.348  1519  1519 V Activity: onStart com.daimler.rse.ntg6.StartUpActivity@6d639f8
01-01 01:12:47.350  1151  1539 I ActivityManager: START u0 {cmp=com.daimler.rse.ntg6/md59d95dbab71941e137ef724fbceda5f0e.MainOverlayActivity} from uid 10027
01-01 01:12:47.357  1519  1519 V Activity: onResume com.daimler.rse.ntg6.StartUpActivity@6d639f8
01-01 01:12:47.362  1151 10154 D WindowManager: relayout packageName=com.daimler.rse.ntg6::session=Session{6485514 1519:u0a10027}::window=android.view.IWindow$Stub$Proxy@953398c::attrs.flags=null
01-01 01:12:47.362  1151 10154 D WindowManager: relayout >>> FLAG_FULLSCREEN not set in WindowManager.LayoutParams
01-01 01:12:47.362  1151 10154 D WindowManager: startStatusReceiverServiceOnFlagSet: creating intent for action ACTION_ACTIVITY_FULLSCREEN
01-01 01:12:47.362  1151 10154 W ContextImpl: Calling a method in the system process without a qualified user: android.app.ContextImpl.startService:1476 com.android.server.wm.Session.startStatusReceiverServiceOnFlagSet:762 com.android.server.wm.Session.relayout:276 android.view.IWindowSession$Stub.onTransact:286 com.android.server.wm.Session.onTransact:166 
01-01 01:12:47.363  1151 10154 D WindowManager: startStatusReceiverServiceOnFlagSet: startService done
01-01 01:12:47.378  1519  1519 V Activity: onPause com.daimler.rse.ntg6.StartUpActivity@6d639f8
01-01 01:12:47.408  1519  1519 V Activity: onCreate md59d95dbab71941e137ef724fbceda5f0e.MainOverlayActivity@95dbbb3: null
01-01 01:12:47.477  1519  1519 V Activity: onStart md59d95dbab71941e137ef724fbceda5f0e.MainOverlayActivity@95dbbb3
01-01 01:12:47.481  1519  1519 V Activity: onResume md59d95dbab71941e137ef724fbceda5f0e.MainOverlayActivity@95dbbb3
01-01 01:12:47.519  1151  1539 D WindowManager: addToDisplay >>> FLAG_FULLSCREEN set in WindowManager.LayoutParams
01-01 01:12:47.519  1151  1539 D WindowManager: startStatusReceiverServiceOnFlagSet: creating intent for action ACTION_ACTIVITY_FULLSCREEN
01-01 01:12:47.519  1151  1539 W ContextImpl: Calling a method in the system process without a qualified user: android.app.ContextImpl.startService:1476 com.android.server.wm.Session.startStatusReceiverServiceOnFlagSet:762 com.android.server.wm.Session.addToDisplay:214 android.view.IWindowSession$Stub.onTransact:124 com.android.server.wm.Session.onTransact:166 
01-01 01:12:47.521  1151  1539 D WindowManager: startStatusReceiverServiceOnFlagSet: startService done
01-01 01:12:47.603  1151  2231 D WindowManager: relayout packageName=com.daimler.rse.ntg6::session=Session{6485514 1519:u0a10027}::window=android.view.IWindow$Stub$Proxy@314b589::attrs.flags=81810500
01-01 01:12:47.603  1151  2231 D WindowManager: relayout >>> FLAG_FULLSCREEN set in WindowManager.LayoutParams
01-01 01:12:47.603  1151  2231 D WindowManager: startStatusReceiverServiceOnFlagSet: creating intent for action ACTION_ACTIVITY_FULLSCREEN
01-01 01:12:47.604  1151  2231 W ContextImpl: Calling a method in the system process without a qualified user: android.app.ContextImpl.startService:1476 com.android.server.wm.Session.startStatusReceiverServiceOnFlagSet:762 com.android.server.wm.Session.relayout:273 android.view.IWindowSession$Stub.onTransact:286 com.android.server.wm.Session.onTransact:166 
01-01 01:12:47.605  1151  2231 D WindowManager: startStatusReceiverServiceOnFlagSet: startService done
01-01 01:12:47.664  1151  2231 D WindowManager: relayout packageName=com.daimler.rse.ntg6::session=Session{6485514 1519:u0a10027}::window=android.view.IWindow$Stub$Proxy@dde1dbc::attrs.flags=null
01-01 01:12:47.664  1151  2231 D WindowManager: relayout >>> FLAG_FULLSCREEN not set in WindowManager.LayoutParams
01-01 01:12:47.664  1151  2231 D WindowManager: startStatusReceiverServiceOnFlagSet: creating intent for action ACTION_ACTIVITY_FULLSCREEN
01-01 01:12:47.665  1151  2231 W ContextImpl: Calling a method in the system process without a qualified user: android.app.ContextImpl.startService:1476 com.android.server.wm.Session.startStatusReceiverServiceOnFlagSet:762 com.android.server.wm.Session.relayout:276 android.view.IWindowSession$Stub.onTransact:286 com.android.server.wm.Session.onTransact:166 
01-01 01:12:47.667  1151  2231 D WindowManager: startStatusReceiverServiceOnFlagSet: startService done
01-01 01:12:47.676  1151  2231 D WindowManager: relayout packageName=com.daimler.rse.ntg6::session=Session{6485514 1519:u0a10027}::window=android.view.IWindow$Stub$Proxy@ad1609a::attrs.flags=null
01-01 01:12:47.676  1151  2231 D WindowManager: relayout >>> FLAG_FULLSCREEN not set in WindowManager.LayoutParams
01-01 01:12:47.676  1151  2231 D WindowManager: startStatusReceiverServiceOnFlagSet: creating intent for action ACTION_ACTIVITY_FULLSCREEN
01-01 01:12:47.677  1151  2231 W ContextImpl: Calling a method in the system process without a qualified user: android.app.ContextImpl.startService:1476 com.android.server.wm.Session.startStatusReceiverServiceOnFlagSet:762 com.android.server.wm.Session.relayout:276 android.view.IWindowSession$Stub.onTransact:286 com.android.server.wm.Session.onTransact:166 
01-01 01:12:47.679  1151  2231 D WindowManager: startStatusReceiverServiceOnFlagSet: startService done
01-01 01:12:47.689  1519  1519 V Activity: back_button: onSaveInstanceState entry:com.daimler.rse.ntg6.StartUpActivity@6d639f8
01-01 01:12:47.690  1519  1519 V Activity: onSaveInstanceState com.daimler.rse.ntg6.StartUpActivity@6d639f8: Bundle[{android:viewHierarchyState=Bundle[{android:views={16908290=android.view.AbsSavedState$1@4f57e89, 2131296938=android.view.AbsSavedState$1@4f57e89, 2131296939=android.view.AbsSavedState$1@4f57e89, 2131296940=android.view.AbsSavedState$1@4f57e89, 2131296941=android.view.AbsSavedState$1@4f57e89, 2131296942=android.view.AbsSavedState$1@4f57e89, 2131296943=android.view.AbsSavedState$1@4f57e89, 2131297551=android.view.AbsSavedState$1@4f57e89}}], android:lastAutofillId=1073741823, android:fragments=android.app.FragmentManagerState@d704b9a}]
01-01 01:12:47.691  1519  1519 V Activity: onStop com.daimler.rse.ntg6.StartUpActivity@6d639f8
01-01 01:12:47.693  1519  1519 V Activity: onStop md59d95dbab71941e137ef724fbceda5f0e.MainOverlayActivity@28947f
01-01 01:12:47.693  1519  1519 V Activity: onDestroy md59d95dbab71941e137ef724fbceda5f0e.MainOverlayActivity@28947f
01-01 01:12:48.462  1151  2231 I ActivityManager: START u0 {flg=0x4000000 cmp=com.daimler.rse.ntg6/md59d95dbab71941e137ef724fbceda5f0e.SettingsBaseActivity} from uid 10027
01-01 01:12:48.476  1519  1519 V Activity: onPause md59d95dbab71941e137ef724fbceda5f0e.MainOverlayActivity@95dbbb3
01-01 01:12:48.493  1519  1519 V Activity: onCreate md59d95dbab71941e137ef724fbceda5f0e.SettingsBaseActivity@461fb54: null
01-01 01:12:48.543  1519  1519 V Activity: onStart md59d95dbab71941e137ef724fbceda5f0e.SettingsBaseActivity@461fb54
01-01 01:12:48.565  1519  1519 V Activity: onResume md59d95dbab71941e137ef724fbceda5f0e.SettingsBaseActivity@461fb54
01-01 01:12:48.583  1151  2231 D WindowManager: addToDisplay >>> FLAG_FULLSCREEN set in WindowManager.LayoutParams
01-01 01:12:48.583  1151  2231 D WindowManager: startStatusReceiverServiceOnFlagSet: creating intent for action ACTION_ACTIVITY_FULLSCREEN
01-01 01:12:48.583  1151  2231 W ContextImpl: Calling a method in the system process without a qualified user: android.app.ContextImpl.startService:1476 com.android.server.wm.Session.startStatusReceiverServiceOnFlagSet:762 com.android.server.wm.Session.addToDisplay:214 android.view.IWindowSession$Stub.onTransact:124 com.android.server.wm.Session.onTransact:166 
01-01 01:12:48.585  1151  2231 D WindowManager: startStatusReceiverServiceOnFlagSet: startService done
01-01 01:12:48.596  1151  1539 D WindowManager: relayout packageName=com.daimler.rse.ntg6::session=Session{6485514 1519:u0a10027}::window=android.view.IWindow$Stub$Proxy@313244a::attrs.flags=81810500
01-01 01:12:48.596  1151  1539 D WindowManager: relayout >>> FLAG_FULLSCREEN set in WindowManager.LayoutParams
01-01 01:12:48.596  1151  1539 D WindowManager: startStatusReceiverServiceOnFlagSet: creating intent for action ACTION_ACTIVITY_FULLSCREEN
01-01 01:12:48.597  1151  1539 W ContextImpl: Calling a method in the system process without a qualified user: android.app.ContextImpl.startService:1476 com.android.server.wm.Session.startStatusReceiverServiceOnFlagSet:762 com.android.server.wm.Session.relayout:273 android.view.IWindowSession$Stub.onTransact:286 com.android.server.wm.Session.onTransact:166 
01-01 01:12:48.601  1151  1539 D WindowManager: startStatusReceiverServiceOnFlagSet: startService done
01-01 01:12:48.660  1151  2231 D WindowManager: relayout packageName=com.daimler.rse.ntg6::session=Session{6485514 1519:u0a10027}::window=android.view.IWindow$Stub$Proxy@a552831::attrs.flags=null
01-01 01:12:48.661  1151  2231 D WindowManager: relayout >>> FLAG_FULLSCREEN not set in WindowManager.LayoutParams
01-01 01:12:48.661  1151  2231 D WindowManager: startStatusReceiverServiceOnFlagSet: creating intent for action ACTION_ACTIVITY_FULLSCREEN
01-01 01:12:48.661  1151  2231 W ContextImpl: Calling a method in the system process without a qualified user: android.app.ContextImpl.startService:1476 com.android.server.wm.Session.startStatusReceiverServiceOnFlagSet:762 com.android.server.wm.Session.relayout:276 android.view.IWindowSession$Stub.onTransact:286 com.android.server.wm.Session.onTransact:166 
01-01 01:12:48.663  1151  2231 D WindowManager: startStatusReceiverServiceOnFlagSet: startService done
01-01 01:12:48.671  1519  1519 V Activity: back_button: onSaveInstanceState entry:md59d95dbab71941e137ef724fbceda5f0e.MainOverlayActivity@95dbbb3
01-01 01:12:48.672  1519  1519 V Activity: onSaveInstanceState md59d95dbab71941e137ef724fbceda5f0e.MainOverlayActivity@95dbbb3: Bundle[{android:viewHierarchyState=Bundle[{android:views={16908290=android.view.AbsSavedState$1@4f57e89, 2131296420=android.view.AbsSavedState$1@4f57e89, 2131296421=android.widget.ProgressBar$SavedState@85569cd, 2131296422=android.view.AbsSavedState$1@4f57e89, 2131296424=android.view.AbsSavedState$1@4f57e89, 2131296425=android.view.AbsSavedState$1@4f57e89, 2131296426=FragmentPager.SavedState{428b282 position=6}, 2131296427=android.view.AbsSavedState$1@4f57e89, 2131296649=android.view.AbsSavedState$1@4f57e89, 2131296650=android.view.AbsSavedState$1@4f57e89, 2131296651=android.view.AbsSavedState$1@4f57e89, 2131296652=android.view.AbsSavedState$1@4f57e89, 2131296653=android.view.AbsSavedState$1@4f57e89, 2131296654=CompoundButton.SavedState{e43cd93 checked=true}, 2131296940=android.view.AbsSavedState$1@4f57e89, 2131296941=android.view.AbsSavedState$1@4f57e89, 2131296942=android.view.AbsSavedState$1@4f57e89, 2131296943=android.view.AbsSavedState$1@4f57e89, 2131297117=android.view.AbsSavedState$1@4f57e89, 2131297185=android.view.AbsSavedState$1@4f57e89, 2131297186=android.view.AbsSavedState$1@4f57e89, 2131297187=android.view.AbsSavedState$1@4f57e89, 2131297188=android.view.AbsSavedState$1@4f57e89, 2131297298=android.view.AbsSavedState$1@4f57e89, 2131297299=android.view.AbsSavedState$1@4f57e89, 2131297303=android.view.AbsSavedState$1@4f57e89, 2131297304=android.view.AbsSavedState$1@4f57e89, 2131297338=android.view.AbsSavedState$1@4f57e89, 2131297339=android.view.AbsSavedState$1@4f57e89, 2131297340=android.view.AbsSavedState$1@4f57e89, 2131297341=android.view.AbsSavedState$1@4f57e89, 2131297447=android.view.AbsSavedState$1@4f57e89, 2131297456=android.view.AbsSavedState$1@4f57e89, 2131297457=android.view.AbsSavedState$1@4f57e89, 2131297458=android.view.AbsSavedState$1@4f57e89, 2131297459=android.view.AbsSavedState$1@4f57e89, 2131297460=android.view.AbsSavedState$1@4f57e89, 2131297461=android.view.AbsSavedState$1@4f57e89, 2131297462=android.view.AbsSavedState$1@4f57e89, 2131297463=android.view.AbsSavedState$1@4f57e89, 2131297464=android.view.AbsSavedState$1@4f57e89, 2131297465=android.view.AbsSavedState$1@4f57e89, 2131297466=android.view.AbsSavedState$1@4f57e89, 2131297467=android.view.AbsSavedState$1@4f57e89, 2131297468=android.view.AbsSavedState$1@4f57e89, 2131297469=android.view.AbsSavedState$1@4f57e89, 2131297551=android.view.AbsSavedState$1@4f57e89, 2131297617=android.view.AbsSavedState$1@4f57e89, 2131297618=android.view.AbsSavedState$1@4f57e89, 2131297619=android.view.AbsSavedState$1@4f57e89, 2131297620=android.widget.ProgressBar$SavedState@e3381d0, 2131297621=android.view.AbsSavedState$1@4f57e89, 2131297622=android.view.AbsSavedState$1@4f57e89, 2131297623=android.widget.ProgressBar$SavedState@45bd5c9, 2131297624=android.view.AbsSavedState$1@4f57e89, 2131297625=android.view.AbsSavedState$1@4f57e89, 2131297626=android.view.AbsSavedState$1@4f57e89, 2131297627=android.view.AbsSavedState$1@4f57e89, 2131297633=android.view.AbsSavedState$1@4f57e89}, android:focusedViewId=2131296426}], remote=false, android:support:fragments=android.support.v4.app.FragmentManagerState@8b374ce, check=true, media=true, tuner=true, android:lastAutofillId=1073741824, android:fragments=android.app.FragmentManagerState@753afef}]
01-01 01:12:48.673  1519  1519 V Activity: onStop md59d95dbab71941e137ef724fbceda5f0e.MainOverlayActivity@95dbbb3
01-01 01:12:49.516  1151  1539 I ActivityManager: START u0 {act=android.intent.action.MAIN cmp=com.panasonic.hmi2settings/.activity.WifiManagerActivity} from uid 10027
01-01 01:12:49.517  1151  1539 W ActivityManager: startActivity called from non-Activity context; forcing Intent.FLAG_ACTIVITY_NEW_TASK for: Intent { act=android.intent.action.MAIN cmp=com.panasonic.hmi2settings/.activity.WifiManagerActivity }
01-01 01:12:49.533  1519  1519 V Activity: onPause md59d95dbab71941e137ef724fbceda5f0e.SettingsBaseActivity@461fb54
01-01 01:12:49.555  1151 10154 D WindowManager: relayout packageName=com.panasonic.hmi2settings::session=Session{c47ecfc 3739:1000}::window=android.view.IWindow$Stub$Proxy@bf90c97::attrs.flags=null
01-01 01:12:49.555  1151 10154 D WindowManager: relayout >>> FLAG_FULLSCREEN not set in WindowManager.LayoutParams
01-01 01:12:49.555  1151 10154 D WindowManager: startStatusReceiverServiceOnFlagSet: creating intent for action ACTION_ACTIVITY_FULLSCREEN
01-01 01:12:49.556  1151 10154 W ContextImpl: Calling a method in the system process without a qualified user: android.app.ContextImpl.startService:1476 com.android.server.wm.Session.startStatusReceiverServiceOnFlagSet:762 com.android.server.wm.Session.relayout:276 android.view.IWindowSession$Stub.onTransact:286 com.android.server.wm.Session.onTransact:166 
01-01 01:12:49.565  1151 10154 D WindowManager: startStatusReceiverServiceOnFlagSet: startService done
01-01 01:12:49.566  1519  1519 V Activity: onTrimMemory md59d95dbab71941e137ef724fbceda5f0e.SettingsBaseActivity@461fb54: 20
01-01 01:12:49.566  1519  1519 V Activity: onTrimMemory md59d95dbab71941e137ef724fbceda5f0e.MainOverlayActivity@95dbbb3: 20
01-01 01:12:49.566  1519  1519 V Activity: onTrimMemory com.daimler.rse.ntg6.StartUpActivity@6d639f8: 20
01-01 01:12:49.570  3739  3739 V Activity: onStart com.panasonic.hmi2settings.activity.WifiManagerActivity@200cf74
01-01 01:12:49.570  3739  3739 V Activity: onResume com.panasonic.hmi2settings.activity.WifiManagerActivity@200cf74
01-01 01:12:49.572  3739  3739 W ContextImpl: Calling a method in the system process without a qualified user: android.app.ContextImpl.startService:1476 android.content.ContextWrapper.startService:650 android.app.Activity.onResume:1329 android.support.v4.app.FragmentActivity.onResume:451 com.panasonic.hmi2settings.activity.BaseActivity.onResume:65 
01-01 01:12:49.588  1151  1538 D WindowManager: relayout packageName=com.panasonic.hmi2settings::session=Session{c47ecfc 3739:1000}::window=android.view.IWindow$Stub$Proxy@167ac69::attrs.flags=1010300
01-01 01:12:49.588  1151  1538 D WindowManager: relayout >>> FLAG_FULLSCREEN not set in WindowManager.LayoutParams
01-01 01:12:49.588  1151  1538 D WindowManager: startStatusReceiverServiceOnFlagSet: creating intent for action ACTION_ACTIVITY_FULLSCREEN
01-01 01:12:49.588  1151  1538 W ContextImpl: Calling a method in the system process without a qualified user: android.app.ContextImpl.startService:1476 com.android.server.wm.Session.startStatusReceiverServiceOnFlagSet:762 com.android.server.wm.Session.relayout:276 android.view.IWindowSession$Stub.onTransact:286 com.android.server.wm.Session.onTransact:166 
01-01 01:12:49.591  1151  1538 D WindowManager: startStatusReceiverServiceOnFlagSet: startService done
01-01 01:12:49.680  1151  2231 D WindowManager: relayout packageName=com.daimler.rse.ntg6::session=Session{6485514 1519:u0a10027}::window=android.view.IWindow$Stub$Proxy@c97dab::attrs.flags=null
01-01 01:12:49.680  1151  2231 D WindowManager: relayout >>> FLAG_FULLSCREEN not set in WindowManager.LayoutParams
01-01 01:12:49.680  1151  2231 D WindowManager: startStatusReceiverServiceOnFlagSet: creating intent for action ACTION_ACTIVITY_FULLSCREEN
01-01 01:12:49.681  1151  2231 W ContextImpl: Calling a method in the system process without a qualified user: android.app.ContextImpl.startService:1476 com.android.server.wm.Session.startStatusReceiverServiceOnFlagSet:762 com.android.server.wm.Session.relayout:276 android.view.IWindowSession$Stub.onTransact:286 com.android.server.wm.Session.onTransact:166 
01-01 01:12:49.685  1151  2231 D WindowManager: startStatusReceiverServiceOnFlagSet: startService done
01-01 01:12:49.695  1519  1519 V Activity: back_button: onSaveInstanceState entry:md59d95dbab71941e137ef724fbceda5f0e.SettingsBaseActivity@461fb54
01-01 01:12:49.697  1519  1519 V Activity: onSaveInstanceState md59d95dbab71941e137ef724fbceda5f0e.SettingsBaseActivity@461fb54: Bundle[{android:viewHierarchyState=Bundle[{android:views={16908290=android.view.AbsSavedState$1@4f57e89, 2131296420=android.view.AbsSavedState$1@4f57e89, 2131296421=android.widget.ProgressBar$SavedState@6d54fa6, 2131296422=android.view.AbsSavedState$1@4f57e89, 2131296424=android.view.AbsSavedState$1@4f57e89, 2131296425=android.view.AbsSavedState$1@4f57e89, 2131296426=FragmentPager.SavedState{77bade7 position=0}, 2131296427=android.view.AbsSavedState$1@4f57e89, 2131296649=android.view.AbsSavedState$1@4f57e89, 2131296650=android.view.AbsSavedState$1@4f57e89, 2131296651=android.view.AbsSavedState$1@4f57e89, 2131296652=android.view.AbsSavedState$1@4f57e89, 2131296653=android.view.AbsSavedState$1@4f57e89, 2131296654=CompoundButton.SavedState{64f9d94 checked=true}, 2131296940=android.view.AbsSavedState$1@4f57e89, 2131296941=android.view.AbsSavedState$1@4f57e89, 2131296942=android.view.AbsSavedState$1@4f57e89, 2131296943=android.view.AbsSavedState$1@4f57e89, 2131297117=android.view.AbsSavedState$1@4f57e89, 2131297185=android.view.AbsSavedState$1@4f57e89, 2131297186=android.view.AbsSavedState$1@4f57e89, 2131297187=android.view.AbsSavedState$1@4f57e89, 2131297188=android.view.AbsSavedState$1@4f57e89, 2131297298=android.view.AbsSavedState$1@4f57e89, 2131297299=android.view.AbsSavedState$1@4f57e89, 2131297303=android.view.AbsSavedState$1@4f57e89, 2131297304=android.view.AbsSavedState$1@4f57e89, 2131297338=android.view.AbsSavedState$1@4f57e89, 2131297339=android.view.AbsSavedState$1@4f57e89, 2131297340=android.view.AbsSavedState$1@4f57e89, 2131297341=android.view.AbsSavedState$1@4f57e89, 2131297447=android.view.AbsSavedState$1@4f57e89, 2131297456=android.view.AbsSavedState$1@4f57e89, 2131297457=android.view.AbsSavedState$1@4f57e89, 2131297458=android.view.AbsSavedState$1@4f57e89, 2131297459=android.view.AbsSavedState$1@4f57e89, 2131297460=android.view.AbsSavedState$1@4f57e89, 2131297461=android.view.AbsSavedState$1@4f57e89, 2131297462=android.view.AbsSavedState$1@4f57e89, 2131297463=android.view.AbsSavedState$1@4f57e89, 2131297464=android.view.AbsSavedState$1@4f57e89, 2131297465=android.view.AbsSavedState$1@4f57e89, 2131297466=android.view.AbsSavedState$1@4f57e89, 2131297467=android.view.AbsSavedState$1@4f57e89, 2131297468=android.view.AbsSavedState$1@4f57e89, 2131297469=android.view.AbsSavedState$1@4f57e89, 2131297551=android.view.AbsSavedState$1@4f57e89, 2131297617=android.view.AbsSavedState$1@4f57e89, 2131297618=android.view.AbsSavedState$1@4f57e89, 2131297619=android.view.AbsSavedState$1@4f57e89, 2131297620=android.widget.ProgressBar$SavedState@661603d, 2131297621=android.view.AbsSavedState$1@4f57e89, 2131297622=android.view.AbsSavedState$1@4f57e89, 2131297623=android.widget.ProgressBar$SavedState@ef6c032, 2131297624=android.view.AbsSavedState$1@4f57e89, 2131297625=android.view.AbsSavedState$1@4f57e89, 2131297626=android.view.AbsSavedState$1@4f57e89, 2131297627=android.view.AbsSavedState$1@4f57e89, 2131297633=android.view.AbsSavedState$1@4f57e89}}], android:support:fragments=android.support.v4.app.FragmentManagerState@64b4183, lang=false, android:lastAutofillId=1073741824, android:fragments=android.app.FragmentManagerState@a52ff00}]
01-01 01:12:49.698  1519  1519 V Activity: onStop md59d95dbab71941e137ef724fbceda5f0e.SettingsBaseActivity@461fb54
01-01 01:12:49.706  1151  2231 D WindowManager: relayout packageName=com.daimler.rse.ntg6::session=Session{6485514 1519:u0a10027}::window=android.view.IWindow$Stub$Proxy@84f7fa1::attrs.flags=81810500
01-01 01:12:49.706  1151  2231 D WindowManager: relayout >>> FLAG_FULLSCREEN set in WindowManager.LayoutParams
01-01 01:12:49.706  1151  2231 D WindowManager: startStatusReceiverServiceOnFlagSet: creating intent for action ACTION_ACTIVITY_FULLSCREEN
01-01 01:12:49.706  1151  2231 W ContextImpl: Calling a method in the system process without a qualified user: android.app.ContextImpl.startService:1476 com.android.server.wm.Session.startStatusReceiverServiceOnFlagSet:762 com.android.server.wm.Session.relayout:273 android.view.IWindowSession$Stub.onTransact:286 com.android.server.wm.Session.onTransact:166 
01-01 01:12:49.708  1151  2231 D WindowManager: startStatusReceiverServiceOnFlagSet: startService done
01-01 01:12:50.426   808   808 I wificond: Enters wifigbk_ageOutHistory
01-01 01:12:50.427   808   808 I wificond: Enters wifigbk_ageOutHistory
01-01 01:12:50.446  1151 10154 I ActivityManager: START u0 {flg=0x14010000 cmp=com.panasonic.hmi2settings/.activity.WifiActivity} from uid 1000
01-01 01:12:50.465  3739  3739 V Activity: onPause com.panasonic.hmi2settings.activity.WifiManagerActivity@200cf74
01-01 01:12:50.487  3739  3739 V Activity: onCreate com.panasonic.hmi2settings.activity.WifiActivity@4254cc2: null
01-01 01:12:50.515  3739  3739 V Activity: onStart com.panasonic.hmi2settings.activity.WifiActivity@4254cc2
01-01 01:12:50.516  3739  3739 V Activity: onResume com.panasonic.hmi2settings.activity.WifiActivity@4254cc2
01-01 01:12:50.517  3739  3739 W ContextImpl: Calling a method in the system process without a qualified user: android.app.ContextImpl.startService:1476 android.content.ContextWrapper.startService:650 android.app.Activity.onResume:1329 android.support.v4.app.FragmentActivity.onResume:451 com.panasonic.hmi2settings.activity.BaseActivity.onResume:65 
01-01 01:12:50.546  1151  2231 D WindowManager: addToDisplay >>> FLAG_FULLSCREEN not set in WindowManager.LayoutParams
01-01 01:12:50.546  1151  2231 D WindowManager: startStatusReceiverServiceOnFlagSet: creating intent for action ACTION_ACTIVITY_FULLSCREEN
01-01 01:12:50.547  1151  2231 W ContextImpl: Calling a method in the system process without a qualified user: android.app.ContextImpl.startService:1476 com.android.server.wm.Session.startStatusReceiverServiceOnFlagSet:762 com.android.server.wm.Session.addToDisplay:217 android.view.IWindowSession$Stub.onTransact:124 com.android.server.wm.Session.onTransact:166 
01-01 01:12:50.548  1151  2231 D WindowManager: startStatusReceiverServiceOnFlagSet: startService done
01-01 01:12:50.634  1151  1539 D WindowManager: relayout packageName=com.panasonic.hmi2settings::session=Session{c47ecfc 3739:1000}::window=android.view.IWindow$Stub$Proxy@7c1fc76::attrs.flags=1010300
01-01 01:12:50.634  1151  1539 D WindowManager: relayout >>> FLAG_FULLSCREEN not set in WindowManager.LayoutParams
01-01 01:12:50.634  1151  1539 D WindowManager: startStatusReceiverServiceOnFlagSet: creating intent for action ACTION_ACTIVITY_FULLSCREEN
01-01 01:12:50.635  1151  1539 W ContextImpl: Calling a method in the system process without a qualified user: android.app.ContextImpl.startService:1476 com.android.server.wm.Session.startStatusReceiverServiceOnFlagSet:762 com.android.server.wm.Session.relayout:276 android.view.IWindowSession$Stub.onTransact:286 com.android.server.wm.Session.onTransact:166 
01-01 01:12:50.636  1151  1539 D WindowManager: startStatusReceiverServiceOnFlagSet: startService done
01-01 01:12:50.729  1151  1538 D WindowManager: relayout packageName=com.panasonic.hmi2settings::session=Session{c47ecfc 3739:1000}::window=android.view.IWindow$Stub$Proxy@e304f4d::attrs.flags=null
01-01 01:12:50.729  1151  1538 D WindowManager: relayout >>> FLAG_FULLSCREEN not set in WindowManager.LayoutParams
01-01 01:12:50.729  1151  1538 D WindowManager: startStatusReceiverServiceOnFlagSet: creating intent for action ACTION_ACTIVITY_FULLSCREEN
01-01 01:12:50.729  1151  1538 W ContextImpl: Calling a method in the system process without a qualified user: android.app.ContextImpl.startService:1476 com.android.server.wm.Session.startStatusReceiverServiceOnFlagSet:762 com.android.server.wm.Session.relayout:276 android.view.IWindowSession$Stub.onTransact:286 com.android.server.wm.Session.onTransact:166 
01-01 01:12:50.732  1151  1538 D WindowManager: startStatusReceiverServiceOnFlagSet: startService done
01-01 01:12:50.748  3739  3739 V Activity: back_button: onSaveInstanceState entry:com.panasonic.hmi2settings.activity.WifiManagerActivity@200cf74
01-01 01:12:50.748  3739  3739 V Activity: onSaveInstanceState com.panasonic.hmi2settings.activity.WifiManagerActivity@200cf74: Bundle[{android:viewHierarchyState=Bundle[{android:views={16908290=android.view.AbsSavedState$1@499b012, 2131427430=android.view.AbsSavedState$1@499b012, 2131427431=android.view.AbsSavedState$1@499b012, 2131427450=android.view.AbsSavedState$1@499b012, 2131427452=android.view.AbsSavedState$1@499b012, 2131427460=android.view.AbsSavedState$1@499b012, 2131427507=android.view.AbsSavedState$1@499b012, 2131427508=android.view.AbsSavedState$1@499b012, 2131427509=android.view.AbsSavedState$1@499b012, 2131427510=android.view.AbsSavedState$1@499b012, 2131427511=android.view.AbsSavedState$1@499b012, 2131427512=android.view.AbsSavedState$1@499b012, 2131427513=android.view.AbsSavedState$1@499b012, 2131427514=android.view.AbsSavedState$1@499b012}}], android:lastAutofillId=1073741823, android:fragments=android.app.FragmentManagerState@3b7eb76}]
01-01 01:12:50.748  3739  3739 V Activity: onStop com.panasonic.hmi2settings.activity.WifiManagerActivity@200cf74
01-01 01:12:51.377   808   808 I wificond: Enters wifigbk_ageOutHistory
01-01 01:12:51.378   808   808 I wificond: Enters wifigbk_ageOutHistory
01-01 01:12:54.217  2677  2691 W ContextImpl: Calling a method in the system process without a qualified user: android.app.ContextImpl.startService:1476 android.content.ContextWrapper.startService:650 com.panasonic.dairse.vcpupersistence.VCPUPersistenceService$1.executeLinuxCommand:392 com.panasonic.dairse.vcpupersistence.IVCPUPersistenceService$Stub.onTransact:437 android.os.Binder.execTransact:706 
01-01 01:12:55.125  3739  3739 W ContextImpl: Calling a method in the system process without a qualified user: android.app.ContextImpl.startService:1476 android.content.ContextWrapper.startService:650 android.view.View.setSystemUiVisibility:22653 com.panasonic.hmi2settings.activity.WifiActivity.connectToWifi:1215 com.panasonic.hmi2settings.activity.WifiActivity.onWifiClick:522 
01-01 01:12:55.137  1151  2231 D WindowManager: addToDisplay >>> FLAG_FULLSCREEN not set in WindowManager.LayoutParams
01-01 01:12:55.137  1151  2231 D WindowManager: startStatusReceiverServiceOnFlagSet: creating intent for action ACTION_ACTIVITY_FULLSCREEN
01-01 01:12:55.137  1151  2231 W ContextImpl: Calling a method in the system process without a qualified user: android.app.ContextImpl.startService:1476 com.android.server.wm.Session.startStatusReceiverServiceOnFlagSet:762 com.android.server.wm.Session.addToDisplay:217 android.view.IWindowSession$Stub.onTransact:124 com.android.server.wm.Session.onTransact:166 
01-01 01:12:55.138  1151  2231 D WindowManager: startStatusReceiverServiceOnFlagSet: startService done
01-01 01:12:55.157  1151  2231 D WindowManager: relayout packageName=com.panasonic.hmi2settings::session=Session{c47ecfc 3739:1000}::window=android.view.IWindow$Stub$Proxy@2711767::attrs.flags=1000100
01-01 01:12:55.157  1151  2231 D WindowManager: relayout >>> FLAG_FULLSCREEN not set in WindowManager.LayoutParams
01-01 01:12:55.157  1151  2231 D WindowManager: startStatusReceiverServiceOnFlagSet: creating intent for action ACTION_ACTIVITY_FULLSCREEN
01-01 01:12:55.157  1151  2231 W ContextImpl: Calling a method in the system process without a qualified user: android.app.ContextImpl.startService:1476 com.android.server.wm.Session.startStatusReceiverServiceOnFlagSet:762 com.android.server.wm.Session.relayout:276 android.view.IWindowSession$Stub.onTransact:286 com.android.server.wm.Session.onTransact:166 
01-01 01:12:55.158  1151  2231 D WindowManager: startStatusReceiverServiceOnFlagSet: startService done
01-01 01:12:55.260  1151 10154 D WindowManager: relayout packageName=com.android.inputmethods.latin::session=Session{ca2ba78 1379:1000}::window=android.view.IWindow$Stub$Proxy@b7457b2::attrs.flags=800108
01-01 01:12:55.260  1151 10154 D WindowManager: relayout >>> FLAG_FULLSCREEN not set in WindowManager.LayoutParams
01-01 01:12:55.260  1151 10154 D WindowManager: startStatusReceiverServiceOnFlagSet: creating intent for action ACTION_ACTIVITY_FULLSCREEN
01-01 01:12:55.261  1151 10154 W ContextImpl: Calling a method in the system process without a qualified user: android.app.ContextImpl.startService:1476 com.android.server.wm.Session.startStatusReceiverServiceOnFlagSet:762 com.android.server.wm.Session.relayout:276 android.view.IWindowSession$Stub.onTransact:286 com.android.server.wm.Session.onTransact:166 
01-01 01:12:55.262  1151 10154 D WindowManager: startStatusReceiverServiceOnFlagSet: startService done
01-01 01:12:56.771  1151  2231 I addOrUpdateNetwork:  uid = 1000 SSID "RSE_Test" nid=-1
01-01 01:12:56.777  1151  1538 D WindowManager: relayout packageName=com.android.inputmethods.latin::session=Session{ca2ba78 1379:1000}::window=android.view.IWindow$Stub$Proxy@dff8c5f::attrs.flags=800108
01-01 01:12:56.778  1151  1538 D WindowManager: relayout >>> FLAG_FULLSCREEN not set in WindowManager.LayoutParams
01-01 01:12:56.778  1151  1538 D WindowManager: startStatusReceiverServiceOnFlagSet: creating intent for action ACTION_ACTIVITY_FULLSCREEN
01-01 01:12:56.778  1151  1538 W ContextImpl: Calling a method in the system process without a qualified user: android.app.ContextImpl.startService:1476 com.android.server.wm.Session.startStatusReceiverServiceOnFlagSet:762 com.android.server.wm.Session.relayout:276 android.view.IWindowSession$Stub.onTransact:286 com.android.server.wm.Session.onTransact:166 
01-01 01:12:56.780  1151  1538 D WindowManager: startStatusReceiverServiceOnFlagSet: startService done
01-01 01:12:56.826   808   808 W wificond: Scan is not started. Ignore abort request
01-01 01:12:56.826  1151  1316 D WifiService: New client listening to asynchronous messages
01-01 01:12:56.828  1151  1316 D WifiService: CONNECT  nid=196 uid=1000 name=android.uid.system:1000
01-01 01:12:56.828  1151  1316 D WifiService: Connect with networkId 196
01-01 01:12:56.911   808   808 W wificond: Scan is not started. Ignore abort request
01-01 01:12:57.704   808   808 I wificond: Received external scan result notification from kernel.
01-01 01:12:57.710   808   808 I wificond: Enters wifigbk_ageOutHistory
01-01 01:12:57.812   808   808 I wificond: Enters wifigbk_ageOutHistory
01-01 01:12:57.849  1151  1317 D ConnectivityService: registerNetworkAgent NetworkAgentInfo{ ni{[type: WIFI[], state: CONNECTING/CONNECTING, reason: (unspecified), extra: "RSE_Test", failover: false, available: true, roaming: false]}  network{493}  nethandle{2117435312862}  lp{{LinkAddresses: []  Routes: [] DnsAddresses: [] Domains: null MTU: 0}}  nc{[ Transports: WIFI Capabilities: NOT_METERED&INTERNET&NOT_RESTRICTED&TRUSTED&NOT_VPN LinkUpBandwidth>=1048576Kbps LinkDnBandwidth>=1048576Kbps]}  Score{20}  everValidated{false}  lastValidated{false}  created{false} lingering{false} explicitlySelected{false} acceptUnvalidated{false} everCaptivePortalDetected{false} lastCaptivePortalDetected{false} clat{null} }
01-01 01:12:57.849  1151  1325 D ConnectivityService: NetworkAgentInfo [WIFI () - 493] EVENT_NETWORK_INFO_CHANGED, going from null to CONNECTING
01-01 01:12:58.001  1151  1325 D ConnectivityService: NetworkAgentInfo [WIFI () - 493] EVENT_NETWORK_INFO_CHANGED, going from CONNECTING to CONNECTED
01-01 01:12:58.002  1151  1325 D ConnectivityService: Adding iface wlan0 to network 493
01-01 01:12:58.028  1151  1325 D ConnectivityService: Setting DNS servers for network 493 to [/8.8.8.8]
01-01 01:12:58.032  1151  1325 I Nat464Xlat: Android Xlat is disabled
01-01 01:12:58.062  1151  1183 E BatteryExternalStatsWorker: no controller energy info supplied for wifi
01-01 01:12:58.155  1151  1325 D ConnectivityService: NetworkAgentInfo [WIFI () - 493] validation passed
01-01 01:12:58.162  1151  1325 D ConnectivityService: Switching to new default network: NetworkAgentInfo{ ni{[type: WIFI[], state: CONNECTED/CONNECTED, reason: (unspecified), extra: "RSE_Test", failover: false, available: true, roaming: false]}  network{493}  nethandle{2117435312862}  lp{{InterfaceName: wlan0 LinkAddresses: [fe80::ed96:66a8:f50a:5144/64,192.168.0.61/24,]  Routes: [fe80::/64 -> :: wlan0,192.168.0.0/24 -> 0.0.0.0 wlan0,0.0.0.0/0 -> 192.168.0.1 wlan0,] DnsAddresses: [8.8.8.8,] Domains: null MTU: 0 TcpBufferSizes: 524288,1048576,2097152,262144,524288,1048576}}  nc{[ Transports: WIFI Capabilities: NOT_METERED&INTERNET&NOT_RESTRICTED&TRUSTED&NOT_VPN&VALIDATED&FOREGROUND LinkUpBandwidth>=1048576Kbps LinkDnBandwidth>=1048576Kbps SignalStrength: -44]}  Score{60}  everValidated{true}  lastValidated{true}  created{true} lingering{false} explicitlySelected{true} acceptUnvalidated{false} everCaptivePortalDetected{false} lastCaptivePortalDetected{false} clat{null} }
01-01 01:12:58.164   561   593 E NetlinkEvent: NetlinkEvent::FindParam(): Parameter 'INTERFACE' not found
01-01 01:12:58.164   561   593 E NetlinkEvent: NetlinkEvent::FindParam(): Parameter 'STATE' not found
01-01 01:12:58.164   561   593 E NetlinkEvent: NetlinkEvent::FindParam(): Parameter 'TIME_NS' not found
01-01 01:12:58.164   561   593 E NetlinkEvent: NetlinkEvent::FindParam(): Parameter 'UID' not found
01-01 01:12:58.180  1151  1325 D ConnectivityService: Lingering NetworkAgentInfo [Ethernet () - 492] for 30000ms
01-01 01:12:58.180  1151  1325 D ConnectivityService: Sending DISCONNECTED broadcast for type 9 NetworkAgentInfo [Ethernet () - 492] isDefaultNetwork=true
01-01 01:12:58.182  1151  1325 D ConnectivityService: Sending CONNECTED broadcast for type 1 NetworkAgentInfo [WIFI () - 493] isDefaultNetwork=true
01-01 01:12:58.187  2752 11045 W ContextImpl: Calling a method in the system process without a qualified user: android.app.ContextImpl.startService:1476 android.content.ContextWrapper.startService:650 com.baidu.appsearch.util.ab.a:0 com.baidu.appsearch.download.UpdateReceiver$1.run:243 java.util.concurrent.ThreadPoolExecutor.runWorker:1162 
01-01 01:12:58.198  2752 15764 W ContextImpl: Calling a method in the system process without a qualified user: android.app.ContextImpl.startService:1476 android.content.ContextWrapper.startService:650 com.baidu.appsearch.util.ab.a:0 com.baidu.appsearch.download.UpdateReceiver$1.run:243 java.util.concurrent.ThreadPoolExecutor.runWorker:1162 
01-01 01:12:58.212  1151  1325 D ConnectivityService: NetworkAgentInfo [Ethernet () - 492] EVENT_NETWORK_INFO_CHANGED, going from CONNECTED to DISCONNECTED
01-01 01:12:58.212  1151  1325 I Nat464Xlat: Android Xlat is disabled
01-01 01:12:58.213  1151  1325 D ConnectivityService: NetworkAgentInfo [Ethernet () - 492] got DISCONNECTED, was satisfying 2
01-01 01:13:01.204   808   808 I wificond: Enters wifigbk_ageOutHistory
01-01 01:13:01.400   808   808 I chatty  : uid=1010(wifi) /system/bin/wificond identical 2 lines
01-01 01:13:01.401   808   808 I wificond: Enters wifigbk_ageOutHistory
01-01 01:13:02.101  1151  1325 D ConnectivityService: NetworkAgentInfo [WIFI () - 493] EVENT_NETWORK_INFO_CHANGED, going from CONNECTED to DISCONNECTED
01-01 01:13:02.102  1151  1325 D ConnectivityService: NetworkAgentInfo [WIFI () - 493] got DISCONNECTED, was satisfying 7
01-01 01:13:02.145  1151  1325 D ConnectivityService: Sending DISCONNECTED broadcast for type 1 NetworkAgentInfo [WIFI () - 493] isDefaultNetwork=true
01-01 01:13:02.150  2752 11045 W ContextImpl: Calling a method in the system process without a qualified user: android.app.ContextImpl.startService:1476 android.content.ContextWrapper.startService:650 com.baidu.appsearch.util.ab.a:0 com.baidu.appsearch.download.UpdateReceiver$1.run:243 java.util.concurrent.ThreadPoolExecutor.runWorker:1162 
01-01 01:13:02.215  1151  1183 E BatteryExternalStatsWorker: no controller energy info supplied for wifi
01-01 01:13:02.288  1151  1351 D ConnectivityService: registerNetworkAgent NetworkAgentInfo{ ni{[type: Ethernet[], state: CONNECTED/CONNECTED, reason: (unspecified), extra: e6:01:08:09:5d:cf, failover: false, available: true, roaming: false]}  network{494}  nethandle{2121730280158}  lp{{InterfaceName: eth0 LinkAddresses: [fe80::f818:a273:7f8a:d256/64,169.254.1.2/30,]  Routes: [fe80::/64 -> :: eth0,169.254.1.0/30 -> 0.0.0.0 eth0,0.0.0.0/0 -> 169.254.1.1 eth0,] DnsAddresses: [192.168.220.145,] Domains: null MTU: 0 TcpBufferSizes: 524288,1048576,3145728,524288,1048576,2097152}}  nc{[ Transports: ETHERNET Capabilities: INTERNET&NOT_RESTRICTED&TRUSTED&NOT_VPN LinkUpBandwidth>=100000Kbps LinkDnBandwidth>=100000Kbps]}  Score{0}  everValidated{false}  lastValidated{false}  created{false} lingering{false} explicitlySelected{false} acceptUnvalidated{false} everCaptivePortalDetected{false} lastCaptivePortalDetected{false} clat{null} }
01-01 01:13:02.288  1151  1325 D ConnectivityService: NetworkAgentInfo [Ethernet () - 494] EVENT_NETWORK_INFO_CHANGED, going from null to CONNECTED
01-01 01:13:02.290  1151  1325 D ConnectivityService: Adding iface eth0 to network 494
01-01 01:13:02.298  1151  1325 D ConnectivityService: Setting DNS servers for network 494 to [/192.168.220.145]
01-01 01:13:02.300  1151  1325 I Nat464Xlat: Android Xlat is disabled
01-01 01:13:02.321  1151  1325 D ConnectivityService: Switching to new default network: NetworkAgentInfo{ ni{[type: Ethernet[], state: CONNECTED/CONNECTED, reason: (unspecified), extra: e6:01:08:09:5d:cf, failover: false, available: true, roaming: false]}  network{494}  nethandle{2121730280158}  lp{{InterfaceName: eth0 LinkAddresses: [fe80::f818:a273:7f8a:d256/64,169.254.1.2/30,]  Routes: [fe80::/64 -> :: eth0,169.254.1.0/30 -> 0.0.0.0 eth0,0.0.0.0/0 -> 169.254.1.1 eth0,] DnsAddresses: [192.168.220.145,] Domains: null MTU: 0 TcpBufferSizes: 524288,1048576,3145728,524288,1048576,2097152}}  nc{[ Transports: ETHERNET Capabilities: INTERNET&NOT_RESTRICTED&TRUSTED&NOT_VPN&FOREGROUND LinkUpBandwidth>=100000Kbps LinkDnBandwidth>=100000Kbps]}  Score{0}  everValidated{false}  lastValidated{false}  created{true} lingering{false} explicitlySelected{false} acceptUnvalidated{false} everCaptivePortalDetected{false} lastCaptivePortalDetected{false} clat{null} }
01-01 01:13:02.329  1151  1325 D ConnectivityService: Sending CONNECTED broadcast for type 9 NetworkAgentInfo [Ethernet () - 494] isDefaultNetwork=true
01-01 01:13:02.335  2752 15764 W ContextImpl: Calling a method in the system process without a qualified user: android.app.ContextImpl.startService:1476 android.content.ContextWrapper.startService:650 com.baidu.appsearch.util.ab.a:0 com.baidu.appsearch.download.UpdateReceiver$1.run:243 java.util.concurrent.ThreadPoolExecutor.runWorker:1162 
01-01 01:13:02.340  1151  1325 D ConnectivityService: NetworkAgentInfo [Ethernet () - 494] validation passed
01-01 01:13:02.987   808   808 I wificond: Enters wifigbk_ageOutHistory
01-01 01:13:02.989   808   808 I wificond: Enters wifigbk_ageOutHistory
