01-01 00:45:00.758  3675 14663 D UIAutomatorStub: URI: /jsonrpc/0, Method: POST, Header: {content-length=213, remote-addr=127.0.0.1, http-client-ip=127.0.0.1, host=localhost:9009, content-type=application/json, connection=close, accept-encoding=identity, user-agent=Python-urllib/2.7}, params, {NanoHttpd.QUERY_STRING=null}, files: {postData={"params": [{"childOrSiblingSelector": [], "className": "android.widget.EditText", "mask": 16, "childOrSibling": []}, "Secure7@55"], "jsonrpc": "2.0", "method": "setText", "id": "e869ab15fd80257bb5b017324e5dbf14"}}
01-01 00:45:00.761  3739  3739 W ContextImpl: Calling a method in the system process without a qualified user: android.app.ContextImpl.startService:1476 android.content.ContextWrapper.startService:650 android.view.View.setSystemUiVisibility:22653 com.panasonic.hmi2settings.activity.WifiActivity.connectToWifi:1215 com.panasonic.hmi2settings.activity.WifiActivity.onWifiClick:522 
01-01 00:45:00.762  1151  2231 D CompatibilityInfo: mCompatibilityFlags - 4
01-01 00:45:00.763  1151  2231 D CompatibilityInfo: applicationDensity - 240
01-01 00:45:00.763  1151  2231 D CompatibilityInfo: applicationScale - 1.0
01-01 00:45:00.763  3739  3739 D View    : setSystemUiVisibility: startService done
01-01 00:45:00.768  1151  1553 D WindowManager: addToDisplay >>> FLAG_FULLSCREEN not set in WindowManager.LayoutParams
01-01 00:45:00.769  1151  1553 D WindowManager: startStatusReceiverServiceOnFlagSet: creating intent for action ACTION_ACTIVITY_FULLSCREEN
01-01 00:45:00.769  1151  1553 W ContextImpl: Calling a method in the system process without a qualified user: android.app.ContextImpl.startService:1476 com.android.server.wm.Session.startStatusReceiverServiceOnFlagSet:762 com.android.server.wm.Session.addToDisplay:217 android.view.IWindowSession$Stub.onTransact:124 com.android.server.wm.Session.onTransact:166 
01-01 00:45:00.769  1151  1553 D WindowManager: startStatusReceiverServiceOnFlagSet: startService done
01-01 00:45:00.775  3739  3739 W HMI2-SETTINGS: SWR_BAIDU_HMI_0015|FUN=WifiActivity::addView|0|Display password enter dialog with addView method.
01-01 00:45:00.775  3739  3739 W HMI2-SETTINGS: SWR_BAIDU_HMI_0027|FUN=WifiActivity::addView|0|Display password enter dialog with addView method.
01-01 00:45:00.777  3739  3739 W HMI2-SETTINGS - CI08.4: className -> WifiActivity | functionName -> setOnFocusChangeListener :   | value -> hasFocus:true
01-01 00:45:00.778  1151  2233 D mEnabledInputMethodsStrCache: com.android.inputmethods.latin/.LatinIME
01-01 00:45:00.778  1151  2233 D systemLanguageCode: en__GB
01-01 00:45:00.778  1151  2233 D mEnabledInputMethodsStrCache: com.android.inputmethods.latin/.LatinIME
01-01 00:45:00.781  1392  1392 W SYSTEM_UI: SWR_SYSTEM_UI_007|FUN=CollapsedStatusBarFragment::getAction |1|Broadcast action --> STATUS_UPDATE_ACTION
01-01 00:45:00.781  1392  1392 W SYSTEM_UI: SWR_SYSTEM_UI_007|FUN=CollapsedStatusBarFragment::getIntExtra |1|NotifySystemUpdates dataType --> 101
01-01 00:45:00.781  1392  1392 W SYSTEM_UI - CI07.3: className -> CollapsedStatusBarFragment | functionName -> NotifySystemUpdates | onReceive -->  | value -> FULLSCREEN MODE CHANGED | isFullScreenStatus --> false | fullScreenPackage -->com.panasonic.hmi2settings | fullscreenLastShownPackage -->null | topActivityPackage --> com.panasonic.hmi2settings
01-01 00:45:00.781  1392  1392 W SYSTEM_UI - CI07.3: className -> CollapsedStatusBarFragment | functionName -> NotifySystemUpdates | onReceive -->  | value -> Fullscreen mode changed --> path 5
01-01 00:45:00.788  1151  8140 D mEnabledInputMethodsStrCache: com.android.inputmethods.latin/.LatinIME
01-01 00:45:00.788  1151  8140 D systemLanguageCode: en__GB
01-01 00:45:00.788  1151  8140 D mEnabledInputMethodsStrCache: com.android.inputmethods.latin/.LatinIME
01-01 00:45:00.791  1151  2231 D WindowManager: relayout packageName=com.panasonic.hmi2settings::session=Session{c47ecfc 3739:1000}::window=android.view.IWindow$Stub$Proxy@8e4e556::attrs.flags=1000100
01-01 00:45:00.792  1151  2231 D WindowManager: relayout >>> FLAG_FULLSCREEN not set in WindowManager.LayoutParams
01-01 00:45:00.792  1151  2231 D WindowManager: startStatusReceiverServiceOnFlagSet: creating intent for action ACTION_ACTIVITY_FULLSCREEN
01-01 00:45:00.792  1151  2231 W ContextImpl: Calling a method in the system process without a qualified user: android.app.ContextImpl.startService:1476 com.android.server.wm.Session.startStatusReceiverServiceOnFlagSet:762 com.android.server.wm.Session.relayout:276 android.view.IWindowSession$Stub.onTransact:286 com.android.server.wm.Session.onTransact:166 
01-01 00:45:00.792  1392  1392 W SYSTEM_UI: SWR_SYSTEM_UI_007|FUN=CollapsedStatusBarFragment::getAction |1|Broadcast action --> STATUS_UPDATE_ACTION
01-01 00:45:00.792  1392  1392 W SYSTEM_UI: SWR_SYSTEM_UI_007|FUN=CollapsedStatusBarFragment::getIntExtra |1|NotifySystemUpdates dataType --> 101
01-01 00:45:00.792  1392  1392 W SYSTEM_UI - CI07.3: className -> CollapsedStatusBarFragment | functionName -> NotifySystemUpdates | onReceive -->  | value -> FULLSCREEN MODE CHANGED | isFullScreenStatus --> false | fullScreenPackage -->com.panasonic.hmi2settings | fullscreenLastShownPackage -->null | topActivityPackage --> com.panasonic.hmi2settings
01-01 00:45:00.792  1392  1392 W SYSTEM_UI - CI07.3: className -> CollapsedStatusBarFragment | functionName -> NotifySystemUpdates | onReceive -->  | value -> Fullscreen mode changed --> path 5
01-01 00:45:00.793  1151  2231 D CompatibilityInfo: mCompatibilityFlags - 4
01-01 00:45:00.793  1151  2231 D CompatibilityInfo: applicationDensity - 240
01-01 00:45:00.793  1151  2231 D CompatibilityInfo: applicationScale - 1.0
01-01 00:45:00.794  1151  2231 D WindowManager: startStatusReceiverServiceOnFlagSet: startService done
01-01 00:45:00.791  1151  8140 D mEnabledInputMethodsStrCache: com.android.inputmethods.latin/.LatinIME
01-01 00:45:00.796  1151  8140 D systemLanguageCode: en__GB
01-01 00:45:00.796  1151  8140 D mEnabledInputMethodsStrCache: com.android.inputmethods.latin/.LatinIME
01-01 00:45:00.797  1151  1553 D mEnabledInputMethodsStrCache: com.android.inputmethods.latin/.LatinIME
01-01 00:45:00.797  1151  1553 D systemLanguageCode: en__GB
01-01 00:45:00.797  1151  1553 D mEnabledInputMethodsStrCache: com.android.inputmethods.latin/.LatinIME
01-01 00:45:00.802  1151  1553 D mEnabledInputMethodsStrCache: com.android.inputmethods.latin/.LatinIME
01-01 00:45:00.802  1151  1553 D systemLanguageCode: en__GB
01-01 00:45:00.802  1151  1553 D mEnabledInputMethodsStrCache: com.android.inputmethods.latin/.LatinIME
01-01 00:45:00.802  1151  1553 D mEnabledInputMethodsStrCache: com.android.inputmethods.latin/.LatinIME
01-01 00:45:00.802  1151  1553 D systemLanguageCode: en__GB
01-01 00:45:00.802  1151  1553 D mEnabledInputMethodsStrCache: com.android.inputmethods.latin/.LatinIME
01-01 00:45:00.802  1392  1392 W SYSTEM_UI: SWR_SYSTEM_UI_007|FUN=CollapsedStatusBarFragment::getAction |1|Broadcast action --> STATUS_UPDATE_ACTION
01-01 00:45:00.803  1379  1379 I LatinIME: SWR_HMISERVICE_SPELLER_MF_001||FUN=onStartInputViewInternal || 1 || Starting input. Cursor position = -1,-1
01-01 00:45:00.803  1392  1392 W SYSTEM_UI: SWR_SYSTEM_UI_007|FUN=CollapsedStatusBarFragment::getIntExtra |1|NotifySystemUpdates dataType --> 101
01-01 00:45:00.803  1392  1392 W SYSTEM_UI - CI07.3: className -> CollapsedStatusBarFragment | functionName -> NotifySystemUpdates | onReceive -->  | value -> FULLSCREEN MODE CHANGED | isFullScreenStatus --> false | fullScreenPackage -->com.panasonic.hmi2settings | fullscreenLastShownPackage -->null | topActivityPackage --> com.panasonic.hmi2settings
01-01 00:45:00.803  1392  1392 W SYSTEM_UI - CI07.3: className -> CollapsedStatusBarFragment | functionName -> NotifySystemUpdates | onReceive -->  | value -> Fullscreen mode changed --> path 5
01-01 00:45:00.823  3675 14663 W ByMatcher: Node returned null child: android.view.accessibility.AccessibilityNodeInfo@7442; boundsInParent: Rect(0, 0 - 1920, 104); boundsInScreen: Rect(0, 0 - 1920, 104); packageName: com.android.systemui; className: android.widget.FrameLayout; text: null; error: null; maxTextLength: -1; contentDescription: null; viewIdResName: null; checkable: false; checked: false; focusable: false; focused: false; selected: false; clickable: false; longClickable: false; contextClickable: false; enabled: true; password: false; scrollable: false; importantForAccessibility: true; actions: [AccessibilityAction: ACTION_SELECT - null, AccessibilityAction: ACTION_CLEAR_SELECTION - null, AccessibilityAction: ACTION_ACCESSIBILITY_FOCUS - null, AccessibilityAction: ACTION_SHOW_ON_SCREEN - null]
01-01 00:45:00.823  3675 14663 W ByMatcher: Skipping null child (0 of 4)
01-01 00:45:00.824  3675 14663 W ByMatcher: Skipping null child (1 of 4)
01-01 00:45:00.825  3675 14663 W ByMatcher: Skipping null child (2 of 4)
01-01 00:45:00.827  3675 14663 W ByMatcher: Skipping null child (3 of 4)
01-01 00:45:00.827  3675 14663 W ByMatcher: Node returned null child: android.view.accessibility.AccessibilityNodeInfo@7442; boundsInParent: Rect(0, 0 - 1920, 104); boundsInScreen: Rect(0, 0 - 1920, 104); packageName: com.android.systemui; className: android.widget.FrameLayout; text: null; error: null; maxTextLength: -1; contentDescription: null; viewIdResName: null; checkable: false; checked: false; focusable: false; focused: false; selected: false; clickable: false; longClickable: false; contextClickable: false; enabled: true; password: false; scrollable: false; importantForAccessibility: true; actions: [AccessibilityAction: ACTION_SELECT - null, AccessibilityAction: ACTION_CLEAR_SELECTION - null, AccessibilityAction: ACTION_ACCESSIBILITY_FOCUS - null, AccessibilityAction: ACTION_SHOW_ON_SCREEN - null]
01-01 00:45:00.827  3675 14663 W ByMatcher: Skipping null child (0 of 4)
01-01 00:45:00.828  3675 14663 W ByMatcher: Skipping null child (1 of 4)
01-01 00:45:00.828  3675 14663 W ByMatcher: Skipping null child (2 of 4)
01-01 00:45:00.829  3675 14663 W ByMatcher: Skipping null child (3 of 4)
01-01 00:45:00.829  3675 14663 W ByMatcher: Node returned null child: android.view.accessibility.AccessibilityNodeInfo@80006f8c; boundsInParent: Rect(0, 0 - 1920, 1080); boundsInScreen: Rect(0, 0 - 1920, 1080); packageName: com.panasonic.hmi2settings; className: android.widget.FrameLayout; text: null; error: null; maxTextLength: -1; contentDescription: null; viewIdResName: null; checkable: false; checked: false; focusable: false; focused: false; selected: false; clickable: false; longClickable: false; contextClickable: false; enabled: true; password: false; scrollable: false; importantForAccessibility: true; actions: [AccessibilityAction: ACTION_SELECT - null, AccessibilityAction: ACTION_CLEAR_SELECTION - null, AccessibilityAction: ACTION_ACCESSIBILITY_FOCUS - null, AccessibilityAction: ACTION_SHOW_ON_SCREEN - null]
01-01 00:45:00.830  3675 14663 W ByMatcher: Skipping null child (0 of 1)
01-01 00:45:00.830  3675 14663 W ByMatcher: Node returned null child: android.view.accessibility.AccessibilityNodeInfo@80006f8c; boundsInParent: Rect(0, 0 - 1920, 1080); boundsInScreen: Rect(0, 0 - 1920, 1080); packageName: com.panasonic.hmi2settings; className: android.widget.FrameLayout; text: null; error: null; maxTextLength: -1; contentDescription: null; viewIdResName: null; checkable: false; checked: false; focusable: false; focused: false; selected: false; clickable: false; longClickable: false; contextClickable: false; enabled: true; password: false; scrollable: false; importantForAccessibility: true; actions: [AccessibilityAction: ACTION_SELECT - null, AccessibilityAction: ACTION_CLEAR_SELECTION - null, AccessibilityAction: ACTION_ACCESSIBILITY_FOCUS - null, AccessibilityAction: ACTION_SHOW_ON_SCREEN - null]
01-01 00:45:00.830  3675 14663 W ByMatcher: Skipping null child (0 of 1)
01-01 00:45:00.874  1379  1379 I InputAttributes: InputType.TYPE_NULL is specified
01-01 00:45:00.877  1151  2264 D mEnabledInputMethodsStrCache: com.android.inputmethods.latin/.LatinIME
01-01 00:45:00.877  1151  2264 D systemLanguageCode: en__GB
01-01 00:45:00.878  1151  2264 D mEnabledInputMethodsStrCache: com.android.inputmethods.latin/.LatinIME
01-01 00:45:00.880  1379  1379 V KeyboardState: onLoadKeyboard: [keyboard=UNSHIFTED shift=RELEASING symbol=RELEASING switch=ALPHA] autoCapsFlags=none recapitalizeMode=undefined
01-01 00:45:00.880  1379  1379 D KeyboardState: setAlphabetKeyboard: [keyboard=UNSHIFTED shift=RELEASING symbol=RELEASING switch=ALPHA] autoCapsFlags=none recapitalizeMode=undefined
01-01 00:45:00.880  1379  1379 D KeyboardSwitcher: setAlphabetKeyboard
01-01 00:45:00.884  1151  2233 D mEnabledInputMethodsStrCache: com.android.inputmethods.latin/.LatinIME
01-01 00:45:00.884  1151  2233 D systemLanguageCode: en__GB
01-01 00:45:00.884  1151  2233 D mEnabledInputMethodsStrCache: com.android.inputmethods.latin/.LatinIME
01-01 00:45:00.884  1379  1379 D KeyboardSwitcher: requestUpdatingShiftState:  autoCapsFlags=none recapitalizeMode=undefined
01-01 00:45:00.884  1379  1379 D KeyboardState: onUpdateShiftState: [keyboard=UNSHIFTED shift=RELEASING symbol=RELEASING switch=ALPHA] autoCapsFlags=none recapitalizeMode=undefined
01-01 00:45:00.884  1379  1379 D KeyboardState: setShifted: shiftMode=UNSHIFT [keyboard=UNSHIFTED shift=RELEASING symbol=RELEASING switch=ALPHA]
01-01 00:45:00.885  1151  2233 D mEnabledInputMethodsStrCache: com.android.inputmethods.latin/.LatinIME
01-01 00:45:00.885  1151  2233 D systemLanguageCode: en__GB
01-01 00:45:00.885  1151  2233 D mEnabledInputMethodsStrCache: com.android.inputmethods.latin/.LatinIME
01-01 00:45:00.886  1151  2233 D mEnabledInputMethodsStrCache: com.android.inputmethods.latin/.LatinIME
01-01 00:45:00.886  1151  2233 D systemLanguageCode: en__GB
01-01 00:45:00.886  1151  2233 D mEnabledInputMethodsStrCache: com.android.inputmethods.latin/.LatinIME
01-01 00:45:00.887  1379  1379 I NuanceUtil: Language text: en_GB, Language code: 5
01-01 00:45:00.887  1379  1379 I NuanceLog: Active Language: ET9LIDEnglish_UK
01-01 00:45:00.887  1379  1379 I NuanceLog: Active LDB: /system/etc/RSESpeller/configs/LDBs/v13.1.0/englishuk/ENubUNUK_xt9_ALM3.ldb
01-01 00:45:00.887  1379  1379 I LatinIME: Nuance API Initialized successfully
01-01 00:45:00.888  1379  1379 I LatinIME: Suggestion strip view visibility gone
01-01 00:45:00.889  1151  2233 D mEnabledInputMethodsStrCache: com.android.inputmethods.latin/.LatinIME
01-01 00:45:00.889  1151  2233 D systemLanguageCode: en__GB
01-01 00:45:00.889  1151  2233 D mEnabledInputMethodsStrCache: com.android.inputmethods.latin/.LatinIME
01-01 00:45:00.889  1151  2233 D mEnabledInputMethodsStrCache: com.android.inputmethods.latin/.LatinIME
01-01 00:45:00.889  1151  2233 D systemLanguageCode: en__GB
01-01 00:45:00.889  1151  2233 D mEnabledInputMethodsStrCache: com.android.inputmethods.latin/.LatinIME
01-01 00:45:00.891  1151  2233 D mEnabledInputMethodsStrCache: com.android.inputmethods.latin/.LatinIME
01-01 00:45:00.891  1151  2233 D systemLanguageCode: en__GB
01-01 00:45:00.891  1151  2233 D mEnabledInputMethodsStrCache: com.android.inputmethods.latin/.LatinIME
01-01 00:45:00.892  1151  2233 D mEnabledInputMethodsStrCache: com.android.inputmethods.latin/.LatinIME
01-01 00:45:00.892  1151  2233 D systemLanguageCode: en__GB
01-01 00:45:00.892  1151  2233 D mEnabledInputMethodsStrCache: com.android.inputmethods.latin/.LatinIME
01-01 00:45:00.895  1151  2233 D WindowManager: relayout packageName=com.android.inputmethods.latin::session=Session{ca2ba78 1379:1000}::window=android.view.IWindow$Stub$Proxy@44375ad::attrs.flags=800108
01-01 00:45:00.895  1151  2233 D WindowManager: relayout >>> FLAG_FULLSCREEN not set in WindowManager.LayoutParams
01-01 00:45:00.895  1151  2233 D WindowManager: startStatusReceiverServiceOnFlagSet: creating intent for action ACTION_ACTIVITY_FULLSCREEN
01-01 00:45:00.895  1151  2233 W ContextImpl: Calling a method in the system process without a qualified user: android.app.ContextImpl.startService:1476 com.android.server.wm.Session.startStatusReceiverServiceOnFlagSet:762 com.android.server.wm.Session.relayout:276 android.view.IWindowSession$Stub.onTransact:286 com.android.server.wm.Session.onTransact:166 
01-01 00:45:00.896  1151  2233 D CompatibilityInfo: mCompatibilityFlags - 4
01-01 00:45:00.896  1151  2233 D CompatibilityInfo: applicationDensity - 240
01-01 00:45:00.896  1151  2233 D CompatibilityInfo: applicationScale - 1.0
01-01 00:45:00.897  1151  2233 D WindowManager: startStatusReceiverServiceOnFlagSet: startService done
01-01 00:45:00.905  1392  1392 W SYSTEM_UI: SWR_SYSTEM_UI_007|FUN=CollapsedStatusBarFragment::getAction |1|Broadcast action --> STATUS_UPDATE_ACTION
01-01 00:45:00.905  1392  1392 W SYSTEM_UI: SWR_SYSTEM_UI_007|FUN=CollapsedStatusBarFragment::getIntExtra |1|NotifySystemUpdates dataType --> 101
01-01 00:45:00.905  1392  1392 W SYSTEM_UI - CI07.3: className -> CollapsedStatusBarFragment | functionName -> NotifySystemUpdates | onReceive -->  | value -> FULLSCREEN MODE CHANGED | isFullScreenStatus --> false | fullScreenPackage -->com.android.inputmethods.latin | fullscreenLastShownPackage -->null | topActivityPackage --> com.panasonic.hmi2settings
01-01 00:45:00.905  1392  1392 W SYSTEM_UI - CI07.3: className -> CollapsedStatusBarFragment | functionName -> NotifySystemUpdates | onReceive -->  | value -> Fullscreen mode changed --> path 0
01-01 00:45:00.913  1151  2264 D mEnabledInputMethodsStrCache: com.android.inputmethods.latin/.LatinIME
01-01 00:45:00.913  1151  2264 D systemLanguageCode: en__GB
01-01 00:45:00.913  1151  2264 D mEnabledInputMethodsStrCache: com.android.inputmethods.latin/.LatinIME
01-01 00:45:00.915  1151  2264 D mEnabledInputMethodsStrCache: com.android.inputmethods.latin/.LatinIME
01-01 00:45:00.915  1151  2264 D systemLanguageCode: en__GB
01-01 00:45:00.916  1151  2264 D mEnabledInputMethodsStrCache: com.android.inputmethods.latin/.LatinIME
01-01 00:45:00.917  1151  2264 D mEnabledInputMethodsStrCache: com.android.inputmethods.latin/.LatinIME
01-01 00:45:00.917  1151  2264 D systemLanguageCode: en__GB
01-01 00:45:00.917  1151  2264 D mEnabledInputMethodsStrCache: com.android.inputmethods.latin/.LatinIME
01-01 00:45:00.918  1151  2264 D mEnabledInputMethodsStrCache: com.android.inputmethods.latin/.LatinIME
01-01 00:45:00.918  1151  2264 D systemLanguageCode: en__GB
01-01 00:45:00.918  1151  2264 D mEnabledInputMethodsStrCache: com.android.inputmethods.latin/.LatinIME
01-01 00:45:00.919  1151  2264 D mEnabledInputMethodsStrCache: com.android.inputmethods.latin/.LatinIME
01-01 00:45:00.919  1151  2264 D systemLanguageCode: en__GB
01-01 00:45:00.919  1151  2264 D mEnabledInputMethodsStrCache: com.android.inputmethods.latin/.LatinIME
01-01 00:45:00.919  1379  1379 I LatinIME: SWR_HMISERVICE_SPELLER_MF_001||FUN=onStartInputViewInternal || 1 || Starting input. Cursor position = 0,0
01-01 00:45:00.936  1151  2264 D mEnabledInputMethodsStrCache: com.android.inputmethods.latin/.LatinIME
01-01 00:45:00.936  1151  2264 D systemLanguageCode: en__GB
01-01 00:45:00.936  1151  2264 D mEnabledInputMethodsStrCache: com.android.inputmethods.latin/.LatinIME
01-01 00:45:00.938  1379  1379 V KeyboardState: onLoadKeyboard: [keyboard=UNSHIFTED shift=RELEASING symbol=RELEASING switch=ALPHA] autoCapsFlags=none recapitalizeMode=undefined
01-01 00:45:00.938  1379  1379 D KeyboardState: setAlphabetKeyboard: [keyboard=UNSHIFTED shift=RELEASING symbol=RELEASING switch=ALPHA] autoCapsFlags=none recapitalizeMode=undefined
01-01 00:45:00.938  1379  1379 D KeyboardSwitcher: setAlphabetKeyboard
01-01 00:45:00.938  1151  2264 D mEnabledInputMethodsStrCache: com.android.inputmethods.latin/.LatinIME
01-01 00:45:00.938  1151  2264 D systemLanguageCode: en__GB
01-01 00:45:00.938  1151  2264 D mEnabledInputMethodsStrCache: com.android.inputmethods.latin/.LatinIME
01-01 00:45:00.939  1379  1379 D KeyboardSwitcher: requestUpdatingShiftState:  autoCapsFlags=none recapitalizeMode=undefined
01-01 00:45:00.939  1379  1379 D KeyboardState: onUpdateShiftState: [keyboard=UNSHIFTED shift=RELEASING symbol=RELEASING switch=ALPHA] autoCapsFlags=none recapitalizeMode=undefined
01-01 00:45:00.939  1379  1379 D KeyboardState: setShifted: shiftMode=UNSHIFT [keyboard=UNSHIFTED shift=RELEASING symbol=RELEASING switch=ALPHA]
01-01 00:45:00.939  1151  2264 D mEnabledInputMethodsStrCache: com.android.inputmethods.latin/.LatinIME
01-01 00:45:00.939  1151  2264 D systemLanguageCode: en__GB
01-01 00:45:00.939  1151  2264 D mEnabledInputMethodsStrCache: com.android.inputmethods.latin/.LatinIME
01-01 00:45:00.940  1151  2264 D mEnabledInputMethodsStrCache: com.android.inputmethods.latin/.LatinIME
01-01 00:45:00.940  1151  2264 D systemLanguageCode: en__GB
01-01 00:45:00.940  1151  2264 D mEnabledInputMethodsStrCache: com.android.inputmethods.latin/.LatinIME
01-01 00:45:00.941  1379  1379 I NuanceUtil: Language text: en_GB, Language code: 5
01-01 00:45:00.941  1379  1379 I NuanceLog: Active Language: ET9LIDEnglish_UK
01-01 00:45:00.941  1379  1379 I NuanceLog: Active LDB: /system/etc/RSESpeller/configs/LDBs/v13.1.0/englishuk/ENubUNUK_xt9_ALM3.ldb
01-01 00:45:00.941  1379  1379 I LatinIME: Nuance API Initialized successfully
01-01 00:45:00.942  1379  1379 I LatinIME: Suggestion strip view visibility gone
01-01 00:45:00.942  1151  2264 D mEnabledInputMethodsStrCache: com.android.inputmethods.latin/.LatinIME
01-01 00:45:00.942  1151  2264 D systemLanguageCode: en__GB
01-01 00:45:00.942  1151  2264 D mEnabledInputMethodsStrCache: com.android.inputmethods.latin/.LatinIME
01-01 00:45:00.942  1151  2264 D mEnabledInputMethodsStrCache: com.android.inputmethods.latin/.LatinIME
01-01 00:45:00.942  1151  2264 D systemLanguageCode: en__GB
01-01 00:45:00.942  1151  2264 D mEnabledInputMethodsStrCache: com.android.inputmethods.latin/.LatinIME
01-01 00:45:01.320   729   748 I sssv-lib: sendMsg enter
01-01 00:45:01.320   729   748 I sssv-lib: sendMsg complete.
01-01 00:45:01.732  1933  1933 I LCMANDR : SWR_OOB_HV_MF_009|FUN=ResourceMonitoringService::movingMemoryAverage|2|Moving memory average :29.256378
01-01 00:45:01.732  1933  1933 W LCMANDR : SWR_OOB_HV_MF_009|FUN=ResourceMonitoringService::getCpuUsageStatistic|Moving MEM AVG :::::::::29.256378
01-01 00:45:01.734  1933  1933 W LCMANDR : SWR_OOB_HV_MF_009|FUN=ResourceMonitoringService::getCpuUsageStatistic|2|Total cpu usage :26.285713
01-01 00:45:01.734  1933  1933 I LCMANDR : SWR_OOB_HV_MF_009|FUN=ResourceMonitoringService::getCpuUsageStatistic|Cpu usage of core  0 is31.379309
01-01 00:45:01.734  1933  1933 I LCMANDR : SWR_OOB_HV_MF_009|FUN=ResourceMonitoringService::getCpuUsageStatistic|Cpu usage of core  1 is24.041813
01-01 00:45:01.734  1933  1933 I LCMANDR : SWR_OOB_HV_MF_009|FUN=ResourceMonitoringService::getCpuUsageStatistic|Cpu usage of core  2 is23.489933
01-01 00:45:01.734  1933  1933 I LCMANDR : ResourceMonitoringService::movingCpuAverage()
01-01 00:45:01.734  1933  1933 I LCMANDR : SWR_OOB_HV_MF_009|FUN=ResourceMonitoringService::movingCpuAverage|2|Moving window average of CPU 24.128334
01-01 00:45:01.734  1933  1933 I LCMANDR : SWR_OOB_HV_MF_009|FUN=ResourceMonitoringService::movingCpuAverage|2|Cpu moving average of core  0 is25.510136
01-01 00:45:01.734  1933  1933 I LCMANDR : SWR_OOB_HV_MF_009|FUN=ResourceMonitoringService::movingCpuAverage|2|Cpu moving average of core  1 is20.653612
01-01 00:45:01.734  1933  1933 I LCMANDR : SWR_OOB_HV_MF_009|FUN=ResourceMonitoringService::movingCpuAverage|2|Cpu moving average of core  2 is26.141012
01-01 00:45:01.734  1933  1933 D LCMANDR : SWR_OOB_HV_MF_009|FUN=ResourceMonitoringService::movingCpuAverage|2|Exiting VAL = 24.128334
01-01 00:45:01.804  3675 14663 I QueryController: Matched selector: UiSelector[CLASS=android.widget.EditText] <<==>> [android.view.accessibility.AccessibilityNodeInfo@2b0d2ae; boundsInParent: Rect(0, 7 - 1241, 137); boundsInScreen: Rect(339, 225 - 1580, 355); packageName: com.panasonic.hmi2settings; className: android.widget.EditText; text: null; error: null; maxTextLength: 63; contentDescription: null; viewIdResName: com.panasonic.hmi2settings:id/textPassword; checkable: false; checked: false; focusable: true; focused: true; selected: false; clickable: true; longClickable: false; contextClickable: false; enabled: true; password: false; scrollable: false; importantForAccessibility: true; actions: [AccessibilityAction: ACTION_CLEAR_FOCUS - null, AccessibilityAction: ACTION_SELECT - null, AccessibilityAction: ACTION_CLEAR_SELECTION - null, AccessibilityAction: ACTION_CLICK - null, AccessibilityAction: ACTION_ACCESSIBILITY_FOCUS - null, AccessibilityAction: ACTION_SET_TEXT - null, AccessibilityAction: ACTION_SHOW_ON_SCREEN - null]]
01-01 00:45:01.809  1151  2264 D mEnabledInputMethodsStrCache: com.android.inputmethods.latin/.LatinIME
01-01 00:45:01.809  1151  2264 D systemLanguageCode: en__GB
01-01 00:45:01.809  1151  2264 D mEnabledInputMethodsStrCache: com.android.inputmethods.latin/.LatinIME
01-01 00:45:01.809  1151  8140 D mEnabledInputMethodsStrCache: com.android.inputmethods.latin/.LatinIME
01-01 00:45:01.809  1151  8140 D systemLanguageCode: en__GB
01-01 00:45:01.809  1151  8140 D mEnabledInputMethodsStrCache: com.android.inputmethods.latin/.LatinIME
01-01 00:45:01.810  1151  8140 D mEnabledInputMethodsStrCache: com.android.inputmethods.latin/.LatinIME
01-01 00:45:01.810  1151  8140 D systemLanguageCode: en__GB
01-01 00:45:01.810  1151  8140 D mEnabledInputMethodsStrCache: com.android.inputmethods.latin/.LatinIME
01-01 00:45:01.811  1151  8140 D mEnabledInputMethodsStrCache: com.android.inputmethods.latin/.LatinIME
01-01 00:45:01.811  1151  8140 D systemLanguageCode: en__GB
01-01 00:45:01.811  1151  8140 D mEnabledInputMethodsStrCache: com.android.inputmethods.latin/.LatinIME
01-01 00:45:01.811  1151  8140 D mEnabledInputMethodsStrCache: com.android.inputmethods.latin/.LatinIME
01-01 00:45:01.811  1151  8140 D systemLanguageCode: en__GB
01-01 00:45:01.812  1151  8140 D mEnabledInputMethodsStrCache: com.android.inputmethods.latin/.LatinIME
01-01 00:45:01.812  1151  8140 D mEnabledInputMethodsStrCache: com.android.inputmethods.latin/.LatinIME
01-01 00:45:01.812  1151  8140 D systemLanguageCode: en__GB
01-01 00:45:01.812  1151  8140 D mEnabledInputMethodsStrCache: com.android.inputmethods.latin/.LatinIME
01-01 00:45:01.812  1379  1379 I LatinIME: SWR_HMISERVICE_SPELLER_MF_001||FUN=onStartInputViewInternal || 1 || Starting input. Cursor position = 0,0
01-01 00:45:01.829  3675 14667 D UIAutomatorStub: URI: /jsonrpc/0, Method: POST, Header: {content-length=170, remote-addr=127.0.0.1, http-client-ip=127.0.0.1, host=localhost:9009, content-type=application/json, connection=close, accept-encoding=identity, user-agent=Python-urllib/2.7}, params, {NanoHttpd.QUERY_STRING=null}, files: {postData={"params": [{"childOrSiblingSelector": [], "text": "OK", "mask": 1, "childOrSibling": []}], "jsonrpc": "2.0", "method": "click", "id": "633b391bde9b0f84a38899c1432e2859"}}
01-01 00:45:01.837  1379  1379 D KeyboardState: onResetKeyboardStateToAlphabet: [keyboard=UNSHIFTED shift=RELEASING symbol=RELEASING switch=ALPHA] autoCapsFlags=none recapitalizeMode=undefined
01-01 00:45:01.837  1379  1379 D KeyboardState: resetKeyboardStateToAlphabet: [keyboard=UNSHIFTED shift=RELEASING symbol=RELEASING switch=ALPHA] autoCapsFlags=none recapitalizeMode=undefined
01-01 00:45:01.837  1379  1379 D KeyboardSwitcher: requestUpdatingShiftState:  autoCapsFlags=none recapitalizeMode=undefined
01-01 00:45:01.837  1379  1379 D KeyboardState: onUpdateShiftState: [keyboard=UNSHIFTED shift=RELEASING symbol=RELEASING switch=ALPHA] autoCapsFlags=none recapitalizeMode=undefined
01-01 00:45:01.837  1379  1379 D KeyboardState: setShifted: shiftMode=UNSHIFT [keyboard=UNSHIFTED shift=RELEASING symbol=RELEASING switch=ALPHA]
01-01 00:45:01.837  1151  8140 D mEnabledInputMethodsStrCache: com.android.inputmethods.latin/.LatinIME
01-01 00:45:01.838  1151  8140 D systemLanguageCode: en__GB
01-01 00:45:01.838  1151  8140 D mEnabledInputMethodsStrCache: com.android.inputmethods.latin/.LatinIME
01-01 00:45:01.838  1151  8140 D mEnabledInputMethodsStrCache: com.android.inputmethods.latin/.LatinIME
01-01 00:45:01.839  1151  8140 D systemLanguageCode: en__GB
01-01 00:45:01.839  1151  8140 D mEnabledInputMethodsStrCache: com.android.inputmethods.latin/.LatinIME
01-01 00:45:01.840  1379  1379 I NuanceUtil: Language text: en_GB, Language code: 5
01-01 00:45:01.840  1379  1379 I NuanceLog: Active Language: ET9LIDEnglish_UK
01-01 00:45:01.840  1379  1379 I NuanceLog: Active LDB: /system/etc/RSESpeller/configs/LDBs/v13.1.0/englishuk/ENubUNUK_xt9_ALM3.ldb
01-01 00:45:01.840  1379  1379 I LatinIME: Nuance API Initialized successfully
01-01 00:45:01.840  1379  1379 I LatinIME: Suggestion strip view visibility gone
01-01 00:45:01.841  1151  8140 D mEnabledInputMethodsStrCache: com.android.inputmethods.latin/.LatinIME
01-01 00:45:01.841  1151  8140 D systemLanguageCode: en__GB
01-01 00:45:01.841  1151  8140 D mEnabledInputMethodsStrCache: com.android.inputmethods.latin/.LatinIME
01-01 00:45:01.841  1151  8140 D mEnabledInputMethodsStrCache: com.android.inputmethods.latin/.LatinIME
01-01 00:45:01.841  1151  8140 D systemLanguageCode: en__GB
01-01 00:45:01.841  1151  8140 D mEnabledInputMethodsStrCache: com.android.inputmethods.latin/.LatinIME
01-01 00:45:02.321   729   748 I sssv-lib: sendMsg enter
01-01 00:45:02.321   729   748 I sssv-lib: sendMsg complete.
01-01 00:45:02.407  3739  3739 W HMI2-SETTINGS - CI08.4: className -> WifiActivity | functionName -> handlePassOkClick:  | value -> handlePassOkClick with ssid :RSE_Test enter callFromdialogButton
01-01 00:45:02.409  3739  3739 W HMI2-SETTINGS - CI08.4: className -> WifiActivity | functionName -> hideSoftKeyboard | value -> hideSoftInputFromWindow id=true
01-01 00:45:02.411  1379  1379 E LatinIME: hideWindow Called
01-01 00:45:02.414  1151  2233 I WifiService: getWifiEnabledState uid=1000
01-01 00:45:02.415  3739  3739 W HMI2-SETTINGS - CI08.4: className -> WifiActivity | functionName -> removePassEnterWindow : callFrom  | value -> connectToWifi_isPasswordValid
01-01 00:45:02.415  1933  1957 D LCMANDR : SWR_OOB_HV_MF_009|FUN=LifeCycleManagerService::LifeCycle_ReportCompStatus|GOT ALIVENESS SIGNAL FROM DAIAPP : [0]; HB Counter = [ 1067 ]; STATUS INFO = [ 0 ]
01-01 00:45:02.416  1519  1964 I Connectivity_AIDL|AIDL_Handler.AIDL_Helpers.LcmHelper: MBUX App Method: KeepAliveTest |Line No: 408 |Log Type: Critical |Message: ChildThread:MBUX-App HB Count: 1069, ResponseCode: 0
01-01 00:45:02.424  3675 14668 D UIAutomatorStub: URI: /jsonrpc/0, Method: POST, Header: {content-length=274, remote-addr=127.0.0.1, http-client-ip=127.0.0.1, host=localhost:9009, content-type=application/json, connection=close, accept-encoding=identity, user-agent=Python-urllib/2.7}, params, {NanoHttpd.QUERY_STRING=null}, files: {postData={"params": [{"childOrSiblingSelector": [], "scrollable": true, "mask": 16384, "childOrSibling": []}, {"childOrSiblingSelector": [], "text": "RSE_Test", "mask": 1, "childOrSibling": []}, true], "jsonrpc": "2.0", "method": "scrollTo", "id": "dd7a11500d063b84a6044ae4e8714eda"}}
01-01 00:45:02.426  1151  2264 D WindowManager: relayout packageName=com.android.inputmethods.latin::session=Session{ca2ba78 1379:1000}::window=android.view.IWindow$Stub$Proxy@ba3492e::attrs.flags=800108
01-01 00:45:02.426  1151  2264 D WindowManager: relayout >>> FLAG_FULLSCREEN not set in WindowManager.LayoutParams
01-01 00:45:02.426  1151  2264 D WindowManager: startStatusReceiverServiceOnFlagSet: creating intent for action ACTION_ACTIVITY_FULLSCREEN
01-01 00:45:02.427  1151  2264 W ContextImpl: Calling a method in the system process without a qualified user: android.app.ContextImpl.startService:1476 com.android.server.wm.Session.startStatusReceiverServiceOnFlagSet:762 com.android.server.wm.Session.relayout:276 android.view.IWindowSession$Stub.onTransact:286 com.android.server.wm.Session.onTransact:166 
01-01 00:45:02.428  1151  2264 D CompatibilityInfo: mCompatibilityFlags - 4
01-01 00:45:02.428  1151  2264 D CompatibilityInfo: applicationDensity - 240
01-01 00:45:02.428  1151  2264 D CompatibilityInfo: applicationScale - 1.0
01-01 00:45:02.428  1151  2264 D WindowManager: startStatusReceiverServiceOnFlagSet: startService done
01-01 00:45:02.431  3739  3739 W HMI2-SETTINGS: SWR_BAIDU_HMI_0015|FUN=WifiActivity::finallyConnect|0|networkSSID::RSE_Test|NotOpen|isWapiConnect:false
01-01 00:45:02.432  1151  8140 I WifiService: addOrUpdateNetwork uid=1000
01-01 00:45:02.432  1151  8140 I addOrUpdateNetwork:  uid = 1000 SSID "RSE_Test" nid=-1
01-01 00:45:02.433  1151  1317 D WifiConfiguration: configKey: false
01-01 00:45:02.433  1151  1317 D WifiConfiguration: configKey: false
01-01 00:45:02.433  1151  1317 E WifiConfigManager: Cannot find network with networkId -1 or configKey "RSE_Test"WPA_PSK
01-01 00:45:02.434  1151  1317 D WifiConfiguration: configKey: false
01-01 00:45:02.434  1151  1317 E WifiConfigManager: Cannot find network with configKey "RSE_Test"WPA_PSK
01-01 00:45:02.435  1151  1317 D WifiConfiguration: configKey: false
01-01 00:45:02.440  1151  1317 D WifiConfiguration: configKey: false
01-01 00:45:02.442  1392  1392 W SYSTEM_UI: SWR_SYSTEM_UI_007|FUN=CollapsedStatusBarFragment::getAction |1|Broadcast action --> STATUS_UPDATE_ACTION
01-01 00:45:02.442  1392  1392 W SYSTEM_UI: SWR_SYSTEM_UI_007|FUN=CollapsedStatusBarFragment::getIntExtra |1|NotifySystemUpdates dataType --> 101
01-01 00:45:02.442  1392  1392 W SYSTEM_UI - CI07.3: className -> CollapsedStatusBarFragment | functionName -> NotifySystemUpdates | onReceive -->  | value -> FULLSCREEN MODE CHANGED | isFullScreenStatus --> false | fullScreenPackage -->com.android.inputmethods.latin | fullscreenLastShownPackage -->null | topActivityPackage --> com.panasonic.hmi2settings
01-01 00:45:02.442  1392  1392 W SYSTEM_UI - CI07.3: className -> CollapsedStatusBarFragment | functionName -> NotifySystemUpdates | onReceive -->  | value -> Fullscreen mode changed --> path 0
01-01 00:45:02.463  1151  1317 D WifiConfigStore: Writing to stores completed in 22 ms.
01-01 00:45:02.464  1151  1317 D WifiConfiguration: configKey: false
01-01 00:45:02.464  3739  3739 W HMI2-SETTINGS: SWR_BAIDU_HMI_0015|FUN=WifiActivity::addNetwork|0|Getting network id with addNetwork method.
01-01 00:45:02.464  3739  3739 W HMI2-SETTINGS - CI08.4: className -> WifiActivity | functionName -> connectNewNetwork : | value ->  addNetwork success netId->118
01-01 00:45:02.465  1151  8140 I WifiService: enableNetwork uid=1000 disableOthers=true
01-01 00:45:02.465  1151  1317 D WifiStateMachine: connectToUserSelectNetwork netId 118, uid 1000, forceReconnect = false
01-01 00:45:02.466  1151  1317 D WifiConfiguration: configKey: false
01-01 00:45:02.467  1151  1317 I chatty  : uid=1000(system) WifiStateMachin identical 1 line
01-01 00:45:02.468  1151  1317 D WifiConfiguration: configKey: false
01-01 00:45:02.488  1151  1317 D WifiConfigStore: Writing to stores completed in 20 ms.
01-01 00:45:02.489  1151  1317 D WifiConfiguration: configKey: false
01-01 00:45:02.491  1151  1317 I chatty  : uid=1000(system) WifiStateMachin identical 1 line
01-01 00:45:02.491  1151  1317 D WifiConfiguration: configKey: false
01-01 00:45:02.491  3739  3739 W HMI2-SETTINGS - CI08.4: className -> WifiActivity | functionName -> connectNewNetwork :  | value -> enable success netId->118
01-01 00:45:02.491  1151  1317 D WifiStateMachine: CMD_START_CONNECT sup state DisconnectedState my state DisconnectedState nid=118 roam=false
01-01 00:45:02.492  1151  2233 I WifiService: getWifiServiceMessenger uid=1000
01-01 00:45:02.493  3739  3739 W HMI2-SETTINGS: SWR_BAIDU_HMI_0015|SWR_BAIDU_HMI_0027|FUN=WifiActivity::connect|0|Connected to new network
01-01 00:45:02.493  1151  1316 D WifiService: New client listening to asynchronous messages
01-01 00:45:02.494  3739  3739 W HMI2-SETTINGS - CI08.4: className -> WifiActivity | functionName -> finallyConnect : ssid-> | value -> "RSE_Test"|isClickedForConnection:false
01-01 00:45:02.494  1151  1316 D WifiService: CONNECT  nid=118 uid=1000 name=android.uid.system:1000
01-01 00:45:02.494  1151  1316 D WifiService: Connect with networkId 118
01-01 00:45:02.494   808   808 W wificond: Scan is not started. Ignore abort request
01-01 00:45:02.495  1151  1317 D WifiConfiguration: configKey: false
01-01 00:45:02.495  1151  1317 D SupplicantStaIfaceHal: connectToNetwork "RSE_Test"WPA_PSK
01-01 00:45:02.497  3023  3023 E wpa_supplicant: Deregistering network from hidl control: 0
01-01 00:45:02.499  1151  1317 I SupplicantStaIfaceHal: addSupplicantStaNetwork via HIDL
01-01 00:45:02.499  3023  3023 E wpa_supplicant: Registering network to hidl control: 0
01-01 00:45:02.515  1151  1317 D WifiConfiguration: configKey: false
01-01 00:45:02.522  3023  3023 E wpa_supplicant: Notifying state change event to hidl control: 3
01-01 00:45:02.524  1151  1317 D WifiStateMachine: processMessage:  connect success 
01-01 00:45:02.524  1151  1317 D WifiStateMachine: processMessage: connect over
01-01 00:45:02.524  1151  1317 D WifiConfiguration: configKey: false
01-01 00:45:02.524  1151  1317 D WifiStateMachine: connectToUserSelectNetwork netId 118, uid 1000, forceReconnect = false
01-01 00:45:02.528  1151  1317 D WifiConfiguration: configKey: false
01-01 00:45:02.529  1151  1317 I chatty  : uid=1000(system) WifiStateMachin identical 1 line
01-01 00:45:02.530  1151  1317 D WifiConfiguration: configKey: false
01-01 00:45:02.554  1151  1317 D WifiConfigStore: Writing to stores completed in 22 ms.
01-01 00:45:02.555  1151  1317 D WifiConfiguration: configKey: false
01-01 00:45:02.556  3739  3757 E HMI2-SETTINGS - CI08.4: className -> WifiActivity | functionName -> mConnectListener | error ->onSuccess
01-01 00:45:02.557  3675 14668 E QueryController: Got null root node from accessibility - Retrying...
01-01 00:45:02.558  1151  1317 D WifiConfiguration: configKey: false
01-01 00:45:02.559  1151  1317 D WifiStateMachine: CMD_START_CONNECT sup state DisconnectedState my state DisconnectedState nid=118 roam=false
01-01 00:45:02.561  2145  2145 D HMI_SERVICE: USE_CASE_NA|FUN=HmiApplication| [action] android.net.wifi.STATE_CHANGE
01-01 00:45:02.561  2145  2145 D HmiApplication: DetailedState:DISCONNECTED
01-01 00:45:02.561  2145  2145 W HMI_SERVICE: USE_CASE_NA|FUN=HmiApplication|executeLinuxCmdB2C command:6|isFromCManager:true
01-01 00:45:02.562  2677  2690 W ANDR_PERSISTENCY_CLIENT: SWR_PERSISTENCE_HV_LA_MF_0003|FUN=VCPUPersistenceService::executeLinuxBackgroundCommand |0|msg: param [6]
01-01 00:45:02.564  1151  1317 D WifiConfiguration: configKey: false
01-01 00:45:02.564  2677  2725 W ANDR_PERSISTENCY_CLIENT: SWR_PERSISTENCE_HV_LA_MF_0005|FUN=TCPHandler::start|2|msg:sender::msg=[0, 0, 0, 13, 1, -68, 10, 4, 48, 120, 48, 48, 0, 0, 0, 1, 6]
01-01 00:45:02.564  1151  1317 D SupplicantStaIfaceHal: connectToNetwork "RSE_Test"WPA_PSK
01-01 00:45:02.564  2677  2725 W ANDR_PERSISTENCY_CLIENT: SWR_PERSISTENCE_HV_LA_MF_0005|FUN=TCPHandler:: sender : Thread.interrupted() |2|msg:condition 
01-01 00:45:02.564  1151  1317 D SupplicantStaIfaceHal: Network is already saved, will not trigger remove and add operation.
01-01 00:45:02.564  1392  1392 W SYSTEM_UI: SWR_SYSTEM_UI_008|FUN=CollapsedStatusBarFragment::AndroidEventReceiver | getAction |1|Broadcast action:android.net.wifi.STATE_CHANGE received
01-01 00:45:02.564  1392  1392 W SYSTEM_UI - CI07.3: className -> CollapsedStatusBarFragment | functionName -> AndroidEventReceiver | onReceive -->  | value -> Wifi connection status--> false
01-01 00:45:02.564  1392  1392 W SYSTEM_UI: SWR_SYSTEM_UI_008|FUN=CollapsedStatusBarFragment::isConnected |1|Wifi connection status--> false
01-01 00:45:02.564  1392  1392 W SYSTEM_UI - CI07.3: className -> CollapsedStatusBarFragment | functionName -> updateHermsDataType | value -> Update Herms Data Type :: networkType --> 0
01-01 00:45:02.564  1392  1392 W SYSTEM_UI - CI07.3: className -> CollapsedStatusBarFragment | functionName -> updateHermsDataType | value -> Update Herms Data Type :: isWebsiteSecure --> false
01-01 00:45:02.564  1392  1392 W SYSTEM_UI - CI07.3: className -> CollapsedStatusBarFragment | functionName -> updateHermsDataType | value -> Update Herms Data Type :: connection status --> 1
01-01 00:45:02.564  1392  1392 W SYSTEM_UI - CI07.3: className -> CollapsedStatusBarFragment | functionName -> updateHermsDataType | value -> Update Herms Data Type :: data Transfer --> false
01-01 00:45:02.564  1151  1317 D WifiStateMachine: processMessage:  connect success 
01-01 00:45:02.564  1392  1392 W SYSTEM_UI - CI07.3: className -> CollapsedStatusBarFragment | functionName -> updateHermsDataType | value -> Update Herms Data Type :: wifiConnectionStatus --> false
01-01 00:45:02.564  1392  1392 W SYSTEM_UI - CI07.3: className -> CollapsedStatusBarFragment | functionName -> updateHermsDataType | value -> path 2
01-01 00:45:02.564  1151  1317 D WifiStateMachine: processMessage: connect over
01-01 00:45:02.564  1392  1392 W SYSTEM_UI - CI07.3: className -> CollapsedStatusBarFragment | functionName -> updateHermsDataType | value -> path 3
01-01 00:45:02.564  1392  1392 W SYSTEM_UI: SWR_SYSTEM_UI_008|FUN=CollapsedStatusBarFragment::AndroidEventReceiver | getAction |1|Broadcast action:android.net.wifi.STATE_CHANGE received
01-01 00:45:02.564  1151  1317 D WifiConfiguration: configKey: false
01-01 00:45:02.565  1392  1392 W SYSTEM_UI - CI07.3: className -> CollapsedStatusBarFragment | functionName -> AndroidEventReceiver | onReceive -->  | value -> Wifi connection status--> false
01-01 00:45:02.565  1392  1392 W SYSTEM_UI: SWR_SYSTEM_UI_008|FUN=CollapsedStatusBarFragment::isConnected |1|Wifi connection status--> false
01-01 00:45:02.565  1392  1392 W SYSTEM_UI - CI07.3: className -> CollapsedStatusBarFragment | functionName -> updateHermsDataType | value -> Update Herms Data Type :: networkType --> 0
01-01 00:45:02.565  1392  1392 W SYSTEM_UI - CI07.3: className -> CollapsedStatusBarFragment | functionName -> updateHermsDataType | value -> Update Herms Data Type :: isWebsiteSecure --> false
01-01 00:45:02.565  1392  1392 W SYSTEM_UI - CI07.3: className -> CollapsedStatusBarFragment | functionName -> updateHermsDataType | value -> Update Herms Data Type :: connection status --> 1
01-01 00:45:02.565  1392  1392 W SYSTEM_UI - CI07.3: className -> CollapsedStatusBarFragment | functionName -> updateHermsDataType | value -> Update Herms Data Type :: data Transfer --> false
01-01 00:45:02.565  1392  1392 W SYSTEM_UI - CI07.3: className -> CollapsedStatusBarFragment | functionName -> updateHermsDataType | value -> Update Herms Data Type :: wifiConnectionStatus --> false
01-01 00:45:02.565  1392  1392 W SYSTEM_UI - CI07.3: className -> CollapsedStatusBarFragment | functionName -> updateHermsDataType | value -> path 2
01-01 00:45:02.565  1392  1392 W SYSTEM_UI - CI07.3: className -> CollapsedStatusBarFragment | functionName -> updateHermsDataType | value -> path 3
01-01 00:45:02.566  2145  2145 D HMI_SERVICE: USE_CASE_NA|FUN=HmiApplication| [action] android.net.wifi.STATE_CHANGE
01-01 00:45:02.567  2145  2145 D HMI_SERVICE: USE_CASE_NA|FUN=HmiApplication| [action] android.net.wifi.supplicant.STATE_CHANGE
01-01 00:45:02.567  2677  2726 W ANDR_PERSISTENCY_CLIENT: SWR_PERSISTENCE_HV_LA_MF_0005|FUN=TCPHandler::start|2|msg:receiver::run: size of totalLength 4
01-01 00:45:02.567  3739  3739 E HMI2-SETTINGS - CI08.4: className -> WifiActivity | functionName -> mWifiScanReceiver -> onReceive | error ->intent_action:android.net.wifi.CONFIGURED_NETWORKS_CHANGE
01-01 00:45:02.567  2677  2726 W ANDR_PERSISTENCY_CLIENT: SWR_PERSISTENCE_HV_LA_MF_0005|FUN=TCPHandler::start|2|msg:receiver::run: totalLength is > 0
01-01 00:45:02.567  2677  2726 W ANDR_PERSISTENCY_CLIENT: SWR_PERSISTENCE_HV_LA_MF_0005|FUN=TCPHandler::start|2|msg:receiver::response length= 12
01-01 00:45:02.568  1151  8140 I WifiService: getWifiEnabledState uid=1000
01-01 00:45:02.568  2677  2726 W ANDR_PERSISTENCY_CLIENT: SWR_PERSISTENCE_HV_LA_MF_0005|FUN=TCPHandler::handleInBoundData|2|message=[0, -68, 10, 0, 0, 0, 0, 4, 1, 0, 0, 0]
01-01 00:45:02.568  2677  2726 W ANDR_PERSISTENCY_CLIENT: SWR_PERSISTENCE_HV_LA_MF_0005|FUN=TCPHandler::handleInBoundData|2|msg:response listKey=-68_10
01-01 00:45:02.568  2677  2726 W ANDR_PERSISTENCY_CLIENT: SWR_PERSISTENCE_HV_LA_MF_0005|FUN=TCPHandler::handleInBoundData|2|msg:TCPHandler.handleInBoundData success response=0
01-01 00:45:02.568  2677  2726 W ANDR_PERSISTENCY_CLIENT: SWR_PERSISTENCE_HV_LA_MF_0005|FUN=TCPHandler::isB2cResponce|2|msg: message [0, -68, 10, 0, 0, 0, 0, 4, 1, 0, 0, 0]
01-01 00:45:02.568  2677  2726 W ANDR_PERSISTENCY_CLIENT: SWR_PERSISTENCE_HV_LA_MF_0005|FUN=TCPHandler::handleInBoundData|2|msg:  isB2cResponce
01-01 00:45:02.568  2677  2726 W ANDR_PERSISTENCY_CLIENT: SWR_PERSISTENCE_HV_LA_MF_0005|FUN=TCPHandler::sendResponse|2|msg:send Response using IVCPUServiceCallBack=[0, -68, 10, 0, 0, 0, 0, 4, 1, 0, 0, 0]
01-01 00:45:02.568  2677  2726 W ANDR_PERSISTENCY_CLIENT: SWR_PERSISTENCE_HV_LA_MF_0005|FUN=TCPHandler::sendResponse|2|msg:send Response using IVCPUServiceCallBack=[0, -68, 10, 0, 0, 0, 0, 4, 1, 0, 0, 0]
01-01 00:45:02.569  2145  2295 W HMI_SERVICE: USE_CASE_NA|FUN=HmiApplication|executeLinuxCmdConnection responseData:[0, -68, 10, 0, 0, 0, 0, 4, 1, 0, 0, 0]
01-01 00:45:02.569  2145  2295 W HMI_SERVICE: USE_CASE_NA|FUN=HmiApplication|executeLinuxCmdConnection responseData=not valid:16777216
01-01 00:45:02.569  2145  2295 W HMI_SERVICE: USE_CASE_NA|FUN=HmiApplication|executeLinuxCmdConnection responseReturnData=
01-01 00:45:02.569  2145  2295 W HMI_SERVICE: USE_CASE_NA|FUN=HmiApplication|executeLinuxCmdB2C response=true
01-01 00:45:02.575  3739  3739 W HMI2-SETTINGS: SWR_BAIDU_HMI_0020|FUN=WifiActivity::handleConnectedNetworkVisibility|0|getWifiStat::true
01-01 00:45:02.576  1151  2233 I WifiService: getConfiguredNetworks uid=1000
01-01 00:45:02.580  3739  3739 W HMI2-SETTINGS - CI08.4: className -> WifiActivity | functionName -> getSavedNetworkList | value -> config.netID ->118
01-01 00:45:02.580  3739  3739 W HMI2-SETTINGS - CI08.4: className -> WifiActivity | functionName -> getSavedNetworkList | value -> config.SSID ->"RSE_Test"
01-01 00:45:02.580  3739  3739 W HMI2-SETTINGS - CI08.4: className -> WifiActivity | functionName -> getSavedNetworkList | value -> config.BSSID ->null
01-01 00:45:02.580  3739  3739 W HMI2-SETTINGS: SWR_BAIDU_HMI_0027|SWR_BAIDU_HMI_0015|FUN=WifiActivity::getScanResults|1|Get list of available wifi hotspots.
01-01 00:45:02.587  3739  3739 W HMI2-SETTINGS - CI08.4: className -> WifiActivity | functionName -> isWapiVariantBlocked | value -> security_type:2
01-01 00:45:02.587  3739  3739 W HMI2-SETTINGS - CI08.4: className -> WifiActivity | functionName -> isInConnected | value -> |ACSIA_CORP2|0|2
01-01 00:45:02.587  3739  3739 W HMI2-SETTINGS - CI08.4: className -> WifiActivity | functionName -> isWapiVariantBlocked | value -> security_type:2
01-01 00:45:02.588  3739  3739 W HMI2-SETTINGS - CI08.4: className -> WifiActivity | functionName -> isInConnected | value -> | ACSIA_CORP3|0|2
01-01 00:45:02.588  3739  3739 W HMI2-SETTINGS - CI08.4: className -> WifiActivity | functionName -> isWapiVariantBlocked | value -> security_type:2
01-01 00:45:02.588  3739  3739 W HMI2-SETTINGS - CI08.4: className -> WifiActivity | functionName -> isInConnected | value -> |ACSIA_DEV|0|2
01-01 00:45:02.588  3739  3739 W HMI2-SETTINGS - CI08.4: className -> WifiActivity | functionName -> isWapiVariantBlocked | value -> security_type:2
01-01 00:45:02.588  3739  3739 W HMI2-SETTINGS - CI08.4: className -> WifiActivity | functionName -> isInConnected | value -> |ACSIA_CORP1|0|2
01-01 00:45:02.588  3739  3739 W HMI2-SETTINGS - CI08.4: className -> WifiActivity | functionName -> isWapiVariantBlocked | value -> security_type:2
01-01 00:45:02.588  3739  3739 W HMI2-SETTINGS - CI08.4: className -> WifiActivity | functionName -> isInConnected | value -> |ACSIA_Management|0|2
01-01 00:45:02.588  3739  3739 W HMI2-SETTINGS - CI08.4: className -> WifiActivity | functionName -> isWapiVariantBlocked | value -> security_type:2
01-01 00:45:02.588  3739  3739 W HMI2-SETTINGS - CI08.4: className -> WifiActivity | functionName -> isInConnected | value -> |ACSIA_GUEST1|0|2
01-01 00:45:02.588  3739  3739 W HMI2-SETTINGS - CI08.4: className -> WifiActivity | functionName -> isWapiVariantBlocked | value -> security_type:2
01-01 00:45:02.588  3739  3739 W HMI2-SETTINGS - CI08.4: className -> WifiActivity | functionName -> isInConnected | value -> |RSE_Test|0|2
01-01 00:45:02.588  3739  3739 W HMI2-SETTINGS - CI08.4: className -> WifiActivity | functionName -> isWapiVariantBlocked | value -> security_type:2
01-01 00:45:02.588  3739  3739 W HMI2-SETTINGS - CI08.4: className -> WifiActivity | functionName -> isInConnected | value -> |NETGEAR66-5G|0|2
01-01 00:45:02.588  3739  3739 W HMI2-SETTINGS - CI08.4: className -> WifiActivity | functionName -> isWapiVariantBlocked | value -> security_type:2
01-01 00:45:02.588  3739  3739 W HMI2-SETTINGS - CI08.4: className -> WifiActivity | functionName -> isInConnected | value -> |Secure|0|2
01-01 00:45:02.588  3739  3739 W HMI2-SETTINGS - CI08.4: className -> WifiActivity | functionName -> isWapiVariantBlocked | value -> security_type:2
01-01 00:45:02.588  3739  3739 W HMI2-SETTINGS - CI08.4: className -> WifiActivity | functionName -> isInConnected | value -> |RSE_Test|0|2
01-01 00:45:02.588  3739  3739 W HMI2-SETTINGS - CI08.4: className -> WifiActivity | functionName -> isWapiVariantBlocked | value -> security_type:2
01-01 00:45:02.588  3739  3739 W HMI2-SETTINGS - CI08.4: className -> WifiActivity | functionName -> isInConnected | value -> |HUWIFI|0|2
01-01 00:45:02.588  3739  3739 W HMI2-SETTINGS - CI08.4: className -> WifiActivity | functionName -> isWapiVariantBlocked | value -> security_type:2
