01-01 01:11:29.025  1392  1392 W SYSTEM_UI - CI07.3: className -> CollapsedStatusBarFragment | functionName -> updateHermsDataType | value -> path 2
01-01 01:11:29.025  1392  1392 W SYSTEM_UI - CI07.3: className -> CollapsedStatusBarFragment | functionName -> updateHermsDataType | value -> path 3
01-01 01:11:29.025  1151  1539 I WifiService: getConfiguredNetworks uid=1000
01-01 01:11:29.026   921  1439 I LOWI-8.5.0.3.c: [LOWI-Scan] get_intf_mode: WLAN interface type 2, err 0
01-01 01:11:29.029  1508  1601 W QCNEJ   : |CORE| notifyWifiStatusChanged failed
01-01 01:11:29.029  1508  1601 W QCNEJ   : |CORE| notifyRatConnectionStatusChanged failed
01-01 01:11:29.029  2145  2145 D HMI_SERVICE: USE_CASE_NA|FUN=HmiApplication| [action] android.net.wifi.STATE_CHANGE
01-01 01:11:28.997   808   808 I wificond: Enters wifigbk_ageOutHistory
01-01 01:11:29.030  1151  1317 D ConnectivityService: registerNetworkAgent NetworkAgentInfo{ ni{[type: WIFI[], state: CONNECTING/CONNECTING, reason: (unspecified), extra: "RSE_Test", failover: false, available: true, roaming: false]}  network{485}  nethandle{2083075574494}  lp{{LinkAddresses: []  Routes: [] DnsAddresses: [] Domains: null MTU: 0}}  nc{[ Transports: WIFI Capabilities: NOT_METERED&INTERNET&NOT_RESTRICTED&TRUSTED&NOT_VPN LinkUpBandwidth>=1048576Kbps LinkDnBandwidth>=1048576Kbps]}  Score{20}  everValidated{false}  lastValidated{false}  created{false} lingering{false} explicitlySelected{false} acceptUnvalidated{false} everCaptivePortalDetected{false} lastCaptivePortalDetected{false} clat{null} }
01-01 01:11:29.031  1151  1325 D ConnectivityService: NetworkAgentInfo [WIFI () - 485] EVENT_NETWORK_INFO_CHANGED, going from null to CONNECTING
01-01 01:11:29.031  1392  1392 W SYSTEM_UI: SWR_SYSTEM_UI_008|FUN=CollapsedStatusBarFragment::AndroidEventReceiver | getAction |1|Broadcast action:android.net.wifi.STATE_CHANGE received
01-01 01:11:29.032  1392  1392 W SYSTEM_UI - CI07.3: className -> CollapsedStatusBarFragment | functionName -> AndroidEventReceiver | onReceive -->  | value -> Wifi connection status--> false
01-01 01:11:29.032  1392  1392 W SYSTEM_UI: SWR_SYSTEM_UI_008|FUN=CollapsedStatusBarFragment::isConnected |1|Wifi connection status--> false
01-01 01:11:29.032  1392  1392 W SYSTEM_UI - CI07.3: className -> CollapsedStatusBarFragment | functionName -> updateHermsDataType | value -> Update Herms Data Type :: networkType --> 0
01-01 01:11:29.032  1392  1392 W SYSTEM_UI - CI07.3: className -> CollapsedStatusBarFragment | functionName -> updateHermsDataType | value -> Update Herms Data Type :: isWebsiteSecure --> false
01-01 01:11:29.032  1392  1392 W SYSTEM_UI - CI07.3: className -> CollapsedStatusBarFragment | functionName -> updateHermsDataType | value -> Update Herms Data Type :: connection status --> 1
01-01 01:11:29.032  1392  1392 W SYSTEM_UI - CI07.3: className -> CollapsedStatusBarFragment | functionName -> updateHermsDataType | value -> Update Herms Data Type :: data Transfer --> false
01-01 01:11:29.032  1392  1392 W SYSTEM_UI - CI07.3: className -> CollapsedStatusBarFragment | functionName -> updateHermsDataType | value -> Update Herms Data Type :: wifiConnectionStatus --> false
01-01 01:11:29.032  1392  1392 W SYSTEM_UI - CI07.3: className -> CollapsedStatusBarFragment | functionName -> updateHermsDataType | value -> path 2
01-01 01:11:29.032  1392  1392 W SYSTEM_UI - CI07.3: className -> CollapsedStatusBarFragment | functionName -> updateHermsDataType | value -> path 3
01-01 01:11:29.033  2145  2145 D HMI_SERVICE: USE_CASE_NA|FUN=HmiApplication| [action] android.net.wifi.STATE_CHANGE
01-01 01:11:29.034  1392  1392 W SYSTEM_UI: SWR_SYSTEM_UI_008|FUN=CollapsedStatusBarFragment::AndroidEventReceiver | getAction |1|Broadcast action:android.net.wifi.STATE_CHANGE received
01-01 01:11:29.034  1392  1392 W SYSTEM_UI - CI07.3: className -> CollapsedStatusBarFragment | functionName -> AndroidEventReceiver | onReceive -->  | value -> Wifi connection status--> false
01-01 01:11:29.034  1392  1392 W SYSTEM_UI: SWR_SYSTEM_UI_008|FUN=CollapsedStatusBarFragment::isConnected |1|Wifi connection status--> false
01-01 01:11:29.035  1392  1392 W SYSTEM_UI - CI07.3: className -> CollapsedStatusBarFragment | functionName -> updateHermsDataType | value -> Update Herms Data Type :: networkType --> 0
01-01 01:11:29.035  1392  1392 W SYSTEM_UI - CI07.3: className -> CollapsedStatusBarFragment | functionName -> updateHermsDataType | value -> Update Herms Data Type :: isWebsiteSecure --> false
01-01 01:11:29.035  1392  1392 W SYSTEM_UI - CI07.3: className -> CollapsedStatusBarFragment | functionName -> updateHermsDataType | value -> Update Herms Data Type :: connection status --> 1
01-01 01:11:29.035  1392  1392 W SYSTEM_UI - CI07.3: className -> CollapsedStatusBarFragment | functionName -> updateHermsDataType | value -> Update Herms Data Type :: data Transfer --> false
01-01 01:11:29.035  1392  1392 W SYSTEM_UI - CI07.3: className -> CollapsedStatusBarFragment | functionName -> updateHermsDataType | value -> Update Herms Data Type :: wifiConnectionStatus --> false
01-01 01:11:29.035  1392  1392 W SYSTEM_UI - CI07.3: className -> CollapsedStatusBarFragment | functionName -> updateHermsDataType | value -> path 2
01-01 01:11:29.035  1392  1392 W SYSTEM_UI - CI07.3: className -> CollapsedStatusBarFragment | functionName -> updateHermsDataType | value -> path 3
01-01 01:11:29.035  1508  1601 W QCNEJ   : |CORE| notifyWifiStatusChanged failed
01-01 01:11:29.035  1508  1601 W QCNEJ   : |CORE| notifyRatConnectionStatusChanged failed
01-01 01:11:29.040  1151  1317 E SupplicantStaIfaceHal: ISupplicantStaIface.setBtCoexistenceMode failed: FAILURE_UNKNOWN, 
01-01 01:11:29.040   625   625 D WifiHAL : Getting APF capabilities, halHandle = 0x7f734319a0
01-01 01:11:29.040   625   625 I WifiHAL : 
01-01 01:11:29.040   625   625 I WifiHAL : createRequest: APF get capabilities request
01-01 01:11:29.041   625   625 I WifiHAL : Request Response failed for APF, result = -95
01-01 01:11:29.041  1151  1317 E WifiVendorHal: getApfCapabilities(l.1623) failed {.code = ERROR_UNKNOWN, .description = errno: -95 (Unknown error -95)}
01-01 01:11:29.046  3739  3739 W HMI2-SETTINGS - CI08.4: className -> WifiActivity | functionName -> getConfig: success-> | value -> "RSE_Test"
01-01 01:11:29.047  3739  3739 W HMI2-SETTINGS - CI08.4: className -> WifiActivity | functionName -> getConnectSummary | value -> getConnectSummaryID: 192 SSID: "RSE_Test" PROVIDER-NAME: null BSSID: null FQDN: null PRIO: 0 HIDDEN: false
01-01 01:11:29.047  3739  3739 W HMI2-SETTINGS - CI08.4:  NetworkSelectionStatus NETWORK_SELECTION_ENABLED
01-01 01:11:29.047  3739  3739 W HMI2-SETTINGS - CI08.4:  hasEverConnected: false
01-01 01:11:29.047  3739  3739 W HMI2-SETTINGS - CI08.4:  KeyMgmt: WPA_PSK Protocols: WPA RSN
01-01 01:11:29.047  3739  3739 W HMI2-SETTINGS - CI08.4:  AuthAlgorithms: OPEN
01-01 01:11:29.047  3739  3739 W HMI2-SETTINGS - CI08.4:  PairwiseCiphers: TKIP CCMP
01-01 01:11:29.047  3739  3739 W HMI2-SETTINGS - CI08.4:  GroupCiphers: TKIP CCMP
01-01 01:11:29.047  3739  3739 W HMI2-SETTINGS - CI08.4:  PSK: *
01-01 01:11:29.047  3739  3739 W HMI2-SETTINGS - CI08.4: 
01-01 01:11:29.047  3739  3739 W HMI2-SETTINGS - CI08.4:  sim_num 
01-01 01:11:29.047  3739  3739 W HMI2-SETTINGS - CI08.4: Enterprise config:
01-01 01:11:29.047  3739  3739 W HMI2-SETTINGS - CI08.4: IP config:
01-01 01:11:29.047  3739  3739 W HMI2-SETTINGS - CI08.4: IP assignment: DHCP
01-01 01:11:29.047  3739  3739 W HMI2-SETTINGS - CI08.4: Proxy settings: NONE
01-01 01:11:29.047  3739  3739 W HMI2-SETTINGS - CI08.4:  cuid=1000 cname=android.uid.system:1000 luid=1000 lname=android.uid.system:1000 lcuid=1000 userApproved=USER_UNSPECIFIED noInternetAccessExpected=false roamingFailureBlackListTimeMilli: 1000
01-01 01:11:29.047  3739  3739 W HMI2-SETTINGS - CI08.4: recentFailure: Association Rejection code: 0
01-01 01:11:29.047  3739  3739 W HMI2-SETTINGS - CI08.4: ShareThisAp: false
01-01 01:11:29.047  3739  3739 W HMI2-SETTINGS - CI08.4: className -> WifiActivity | functionName -> getConnectSummary : | value ->  Saved
01-01 01:11:29.047  1151  1317 E WifiVendorHal: configureNeighborDiscoveryOffload(l.2366) failed {.code = ERROR_UNKNOWN, .description = errno: -95 (Unknown error -95)}
01-01 01:11:29.048  2145  2145 D HMI_SERVICE: USE_CASE_NA|FUN=HmiApplication| [action] android.net.wifi.supplicant.STATE_CHANGE
01-01 01:11:29.050  3739  3739 E HMI2-SETTINGS - CI08.4: className -> WifiActivity | functionName -> mWifiScanReceiver -> onReceive | error ->intent_action:android.net.wifi.STATE_CHANGE
01-01 01:11:29.050  3739  3739 W HMI2-SETTINGS - CI08.4: className -> WifiActivity | functionName -> handleNetworkStateChanged | value -> detailedState->CONNECTING
01-01 01:11:29.050  1151 10154 I WifiService: getConfiguredNetworks uid=1000
01-01 01:11:29.056  3739  3739 W HMI2-SETTINGS - CI08.4: className -> WifiActivity | functionName -> getConfig: success-> | value -> "RSE_Test"
01-01 01:11:29.056  3739  3739 W HMI2-SETTINGS - CI08.4: className -> WifiActivity | functionName -> getConnectSummary | value -> getConnectSummaryID: 192 SSID: "RSE_Test" PROVIDER-NAME: null BSSID: null FQDN: null PRIO: 0 HIDDEN: false
01-01 01:11:29.056  3739  3739 W HMI2-SETTINGS - CI08.4:  NetworkSelectionStatus NETWORK_SELECTION_ENABLED
01-01 01:11:29.056  3739  3739 W HMI2-SETTINGS - CI08.4:  hasEverConnected: false
01-01 01:11:29.056  3739  3739 W HMI2-SETTINGS - CI08.4:  KeyMgmt: WPA_PSK Protocols: WPA RSN
01-01 01:11:29.056  3739  3739 W HMI2-SETTINGS - CI08.4:  AuthAlgorithms: OPEN
01-01 01:11:29.056  3739  3739 W HMI2-SETTINGS - CI08.4:  PairwiseCiphers: TKIP CCMP
01-01 01:11:29.056  3739  3739 W HMI2-SETTINGS - CI08.4:  GroupCiphers: TKIP CCMP
01-01 01:11:29.056  3739  3739 W HMI2-SETTINGS - CI08.4:  PSK: *
01-01 01:11:29.056  3739  3739 W HMI2-SETTINGS - CI08.4: 
01-01 01:11:29.056  3739  3739 W HMI2-SETTINGS - CI08.4:  sim_num 
01-01 01:11:29.056  3739  3739 W HMI2-SETTINGS - CI08.4: Enterprise config:
01-01 01:11:29.056  3739  3739 W HMI2-SETTINGS - CI08.4: IP config:
01-01 01:11:29.056  3739  3739 W HMI2-SETTINGS - CI08.4: IP assignment: DHCP
01-01 01:11:29.056  3739  3739 W HMI2-SETTINGS - CI08.4: Proxy settings: NONE
01-01 01:11:29.056  3739  3739 W HMI2-SETTINGS - CI08.4:  cuid=1000 cname=android.uid.system:1000 luid=1000 lname=android.uid.system:1000 lcuid=1000 userApproved=USER_UNSPECIFIED noInternetAccessExpected=false roamingFailureBlackListTimeMilli: 1000
01-01 01:11:29.056  3739  3739 W HMI2-SETTINGS - CI08.4: recentFailure: Association Rejection code: 0
01-01 01:11:29.056  3739  3739 W HMI2-SETTINGS - CI08.4: ShareThisAp: false
01-01 01:11:29.056  3739  3739 W HMI2-SETTINGS - CI08.4: className -> WifiActivity | functionName -> getConnectSummary : | value ->  Saved
01-01 01:11:29.056  3739  3739 E HMI2-SETTINGS - CI08.4: className -> WifiActivity | functionName -> mWifiScanReceiver -> onReceive | error ->intent_action:android.net.wifi.STATE_CHANGE
01-01 01:11:29.056  3739  3739 W HMI2-SETTINGS - CI08.4: className -> WifiActivity | functionName -> handleNetworkStateChanged | value -> detailedState->OBTAINING_IPADDR
01-01 01:11:29.057  1151  1539 I WifiService: getConfiguredNetworks uid=1000
01-01 01:11:29.058  3739  3739 W HMI2-SETTINGS - CI08.4: className -> WifiActivity | functionName -> getConfig: success-> | value -> "RSE_Test"
01-01 01:11:29.058  3739  3739 W HMI2-SETTINGS - CI08.4: className -> WifiActivity | functionName -> getConnectSummary | value -> getConnectSummaryID: 192 SSID: "RSE_Test" PROVIDER-NAME: null BSSID: null FQDN: null PRIO: 0 HIDDEN: false
01-01 01:11:29.058  3739  3739 W HMI2-SETTINGS - CI08.4:  NetworkSelectionStatus NETWORK_SELECTION_ENABLED
01-01 01:11:29.058  3739  3739 W HMI2-SETTINGS - CI08.4:  hasEverConnected: false
01-01 01:11:29.058  3739  3739 W HMI2-SETTINGS - CI08.4:  KeyMgmt: WPA_PSK Protocols: WPA RSN
01-01 01:11:29.058  3739  3739 W HMI2-SETTINGS - CI08.4:  AuthAlgorithms: OPEN
01-01 01:11:29.058  3739  3739 W HMI2-SETTINGS - CI08.4:  PairwiseCiphers: TKIP CCMP
01-01 01:11:29.058  3739  3739 W HMI2-SETTINGS - CI08.4:  GroupCiphers: TKIP CCMP
01-01 01:11:29.058  3739  3739 W HMI2-SETTINGS - CI08.4:  PSK: *
01-01 01:11:29.058  3739  3739 W HMI2-SETTINGS - CI08.4: 
01-01 01:11:29.058  3739  3739 W HMI2-SETTINGS - CI08.4:  sim_num 
01-01 01:11:29.058  3739  3739 W HMI2-SETTINGS - CI08.4: Enterprise config:
01-01 01:11:29.058  3739  3739 W HMI2-SETTINGS - CI08.4: IP config:
01-01 01:11:29.058  3739  3739 W HMI2-SETTINGS - CI08.4: IP assignment: DHCP
01-01 01:11:29.058  3739  3739 W HMI2-SETTINGS - CI08.4: Proxy settings: NONE
01-01 01:11:29.058  3739  3739 W HMI2-SETTINGS - CI08.4:  cuid=1000 cname=android.uid.system:1000 luid=1000 lname=android.uid.system:1000 lcuid=1000 userApproved=USER_UNSPECIFIED noInternetAccessExpected=false roamingFailureBlackListTimeMilli: 1000
01-01 01:11:29.058  3739  3739 W HMI2-SETTINGS - CI08.4: recentFailure: Association Rejection code: 0
01-01 01:11:29.058  3739  3739 W HMI2-SETTINGS - CI08.4: ShareThisAp: false
01-01 01:11:29.058  3739  3739 W HMI2-SETTINGS - CI08.4: className -> WifiActivity | functionName -> getConnectSummary : | value ->  Saved
01-01 01:11:29.135  1151 21379 D DhcpClient: Receive thread started
01-01 01:11:29.208  1151  1317 E SupplicantStaIfaceHal: ISupplicantStaIface.setBtCoexistenceMode failed: FAILURE_UNKNOWN, 
01-01 01:11:29.216  1151 21377 D DhcpClient: Broadcasting DHCPDISCOVER
01-01 01:11:29.223  1151 21379 D DhcpClient: Received packet: 00:9d:6b:17:da:19 OFFER, ip /192.168.0.61, mask /255.255.255.0, DNS servers: /8.8.8.8 , gateways [/192.168.0.1] lease time 691200, domain null
01-01 01:11:29.223  1151 21377 D DhcpClient: server address: 192.168.0.1 client address: 192.168.0.61/24 iface: wlan0 rapid commit: false
01-01 01:11:29.224  1151 21377 D DhcpClient: Got pending lease: IP address 192.168.0.61/24 Gateway 192.168.0.1  DNS servers: [ 8.8.8.8 ] Domains  DHCP server /192.168.0.1 Vendor info null lease 691200 seconds
01-01 01:11:29.224  1151 21377 D DhcpClient: Broadcasting DHCPREQUEST ciaddr=0.0.0.0 request=192.168.0.61 serverid=192.168.0.1
01-01 01:11:29.713   635   635 E ANDR-PERF-TARGET: Error: Invalid logical cluster id 0
01-01 01:11:29.714   635   635 E ANDR-PERF-MPCTL: invalid request, no optimizations performed
01-01 01:11:29.730   635   635 E ANDR-PERF-TARGET: Error: Invalid logical cluster id 0
01-01 01:11:29.730   635   635 E ANDR-PERF-MPCTL: invalid request, no optimizations performed
01-01 01:11:29.747   635   635 E ANDR-PERF-TARGET: Error: Invalid logical cluster id 0
01-01 01:11:29.747   635   635 E ANDR-PERF-MPCTL: invalid request, no optimizations performed
01-01 01:11:29.764   635   635 E ANDR-PERF-TARGET: Error: Invalid logical cluster id 0
01-01 01:11:29.764   635   635 E ANDR-PERF-MPCTL: invalid request, no optimizations performed
01-01 01:11:29.764   635   635 E ANDR-PERF-TARGET: Error: Invalid logical cluster id 0
01-01 01:11:29.764   635   635 E ANDR-PERF-MPCTL: invalid request, no optimizations performed
01-01 01:11:29.780   635   635 E ANDR-PERF-TARGET: Error: Invalid logical cluster id 0
01-01 01:11:29.780   635   635 E ANDR-PERF-MPCTL: invalid request, no optimizations performed
01-01 01:11:29.797   635   635 E ANDR-PERF-TARGET: Error: Invalid logical cluster id 0
01-01 01:11:29.797   635   635 E ANDR-PERF-MPCTL: invalid request, no optimizations performed
01-01 01:11:29.814   635   635 E ANDR-PERF-TARGET: Error: Invalid logical cluster id 0
01-01 01:11:29.814   635   635 E ANDR-PERF-MPCTL: invalid request, no optimizations performed
01-01 01:11:29.830   635   635 E ANDR-PERF-TARGET: Error: Invalid logical cluster id 0
01-01 01:11:29.830   635   635 E ANDR-PERF-MPCTL: invalid request, no optimizations performed
01-01 01:11:29.847   635   635 E ANDR-PERF-TARGET: Error: Invalid logical cluster id 0
01-01 01:11:29.847   635   635 E ANDR-PERF-MPCTL: invalid request, no optimizations performed
01-01 01:11:29.864   635   635 E ANDR-PERF-TARGET: Error: Invalid logical cluster id 0
01-01 01:11:29.864   635   635 E ANDR-PERF-MPCTL: invalid request, no optimizations performed
01-01 01:11:29.880   635   635 E ANDR-PERF-TARGET: Error: Invalid logical cluster id 0
01-01 01:11:29.880   635   635 E ANDR-PERF-MPCTL: invalid request, no optimizations performed
01-01 01:11:29.897   635   635 E ANDR-PERF-TARGET: Error: Invalid logical cluster id 0
01-01 01:11:29.897   635   635 E ANDR-PERF-MPCTL: invalid request, no optimizations performed
01-01 01:11:29.914   635   635 E ANDR-PERF-TARGET: Error: Invalid logical cluster id 0
01-01 01:11:29.914   635   635 E ANDR-PERF-MPCTL: invalid request, no optimizations performed
01-01 01:11:29.931   635   635 E ANDR-PERF-TARGET: Error: Invalid logical cluster id 0
01-01 01:11:29.931   635   635 E ANDR-PERF-MPCTL: invalid request, no optimizations performed
01-01 01:11:29.947   635   635 E ANDR-PERF-TARGET: Error: Invalid logical cluster id 0
01-01 01:11:29.947   635   635 E ANDR-PERF-MPCTL: invalid request, no optimizations performed
01-01 01:11:29.958  3675 21373 W InteractionController: runAndwaitForEvents timed out waiting for events
01-01 01:11:29.958  3675 21373 D InteractionController: Vertical scrollSwipe reached scroll end: false
01-01 01:11:29.958  3675 21373 D UiScrollable: scrollBackward() on selector = UiSelector[SCROLLABLE=true]
01-01 01:11:29.964   635   635 E ANDR-PERF-TARGET: Error: Invalid logical cluster id 0
01-01 01:11:29.964   635   635 E ANDR-PERF-MPCTL: invalid request, no optimizations performed
01-01 01:11:29.981   635   635 E ANDR-PERF-TARGET: Error: Invalid logical cluster id 0
01-01 01:11:29.981   635   635 E ANDR-PERF-MPCTL: invalid request, no optimizations performed
01-01 01:11:29.997   635   635 E ANDR-PERF-TARGET: Error: Invalid logical cluster id 0
01-01 01:11:29.998   635   635 E ANDR-PERF-MPCTL: invalid request, no optimizations performed
01-01 01:11:30.013   729   748 I sssv-lib: sendMsg enter
01-01 01:11:30.014   729   748 I sssv-lib: sendMsg complete.
01-01 01:11:30.014   635   635 E ANDR-PERF-TARGET: Error: Invalid logical cluster id 0
01-01 01:11:30.014   635   635 E ANDR-PERF-MPCTL: invalid request, no optimizations performed
01-01 01:11:30.031   635   635 E ANDR-PERF-TARGET: Error: Invalid logical cluster id 0
01-01 01:11:30.031   635   635 E ANDR-PERF-MPCTL: invalid request, no optimizations performed
01-01 01:11:30.036  2054  2054 E         : 
01-01 01:11:30.036  2054  2054 E         : Buffer Size = 1048576
01-01 01:11:30.048   635   635 E ANDR-PERF-TARGET: Error: Invalid logical cluster id 0
01-01 01:11:30.048   635   635 E ANDR-PERF-MPCTL: invalid request, no optimizations performed
01-01 01:11:30.061  2054  2054 E         : 
01-01 01:11:30.061  2054  2054 E         : <6>[ 3957.503307] QSEECOM: scm_call_qcpe:429 : IN: 0x42000d0a, 0x3, 0x0, 0x3b56, 0x7b4, 0x0, 0x0
01-01 01:11:30.061  2054  2054 E         : <6>[ 3957.504562] QSEECOM: scm_call_qcpe:503 : OUT: 0x0, 0x0, 0x0, 0x0
01-01 01:11:30.061  2054  2054 E         : <6>[ 3957.521588] QSEECOM: scm_call_qcpe:429 : IN: 0x42000d0a, 0x3, 0x0, 0x4768, 0x7ae, 0x0, 0x0
01-01 01:11:30.061  2054  2054 E         : <6>[ 3957.523388] QSEECOM: scm_call_qcpe:503 : OUT: 0x0, 0x0, 0x0, 0x0
01-01 01:11:30.061  2054  2054 E         : <6>[ 3957.537711] QSEECOM: scm_call_qcpe:429 : IN: 0x42000d0a, 0x3, 0x0, 0x3ef9, 0x7a2, 0x0, 0x0
01-01 01:11:30.061  2054  2054 E         : <6>[ 3957.539506] QSEECOM: scm_call_qcpe:503 : OUT: 0x0, 0x0, 0x0, 0x0
01-01 01:11:30.061  2054  2054 E         : <6>[ 3957.553431] QSEECOM: scm_call_qcpe:429 : IN: 0x42000d0a, 0x3, 0x0, 0x3d6b, 0x7c4, 0x0, 0x0
01-01 01:11:30.061  2054  2054 E         : <6>[ 3957.554346] QSEECOM: scm_call_qcpe:503 : OUT: 0x0, 0x1, 0x0, 0x0
01-01 01:11:30.061  2054  2054 E         : <6>[ 3957.570431] QSEECOM: scm_call_qcpe:429 : IN: 0x42000d0a, 0x3, 0x0, 0x4266, 0x7a1, 0x0, 0x0
01-01 01:11:30.061  2054  2054 E         : <6>[ 3957.571988] QSEECOM: scm_call_qcpe:503 : OUT: 0x0, 0x0, 0x0, 0x0
01-01 01:11:30.061  2054  2054 E         : <6>[ 3957.588627] QSEECOM: scm_call_qcpe:429 : IN: 0x42000d0a, 0x3, 0x0, 0x4715, 0x81a, 0x0, 0x0
01-01 01:11:30.061  2054  2054 E         : <6>[ 3957.590619] QSEECOM: scm_call_qcpe:503 : OUT: 0x0, 0x0, 0x0, 0x0
01-01 01:11:30.061  2054  2054 E         : <6>[ 3957.6037
01-01 01:11:30.064   635   635 E ANDR-PERF-TARGET: Error: Invalid logical cluster id 0
01-01 01:11:30.064   635   635 E ANDR-PERF-MPCTL: invalid request, no optimizations performed
01-01 01:11:30.065  2054  2054 E         : USB Hub Detector 1.0
01-01 01:11:30.081   635   635 E ANDR-PERF-TARGET: Error: Invalid logical cluster id 0
01-01 01:11:30.081   635   635 E ANDR-PERF-MPCTL: invalid request, no optimizations performed
01-01 01:11:30.098   635   635 E ANDR-PERF-TARGET: Error: Invalid logical cluster id 0
01-01 01:11:30.098   635   635 E ANDR-PERF-MPCTL: invalid request, no optimizations performed
01-01 01:11:30.114   635   635 E ANDR-PERF-TARGET: Error: Invalid logical cluster id 0
01-01 01:11:30.114   635   635 E ANDR-PERF-MPCTL: invalid request, no optimizations performed
01-01 01:11:30.131   635   635 E ANDR-PERF-TARGET: Error: Invalid logical cluster id 0
01-01 01:11:30.131   635   635 E ANDR-PERF-MPCTL: invalid request, no optimizations performed
01-01 01:11:30.622  3675 21373 I QueryController: Matched selector: UiSelector[SCROLLABLE=true] <<==>> [android.view.accessibility.AccessibilityNodeInfo@45764ba; boundsInParent: Rect(0, 5 - 1332, 894); boundsInScreen: Rect(305, 172 - 1637, 1061); packageName: com.panasonic.hmi2settings; className: android.widget.ScrollView; text: null; error: null; maxTextLength: -1; contentDescription: null; viewIdResName: com.panasonic.hmi2settings:id/scrollWifi; checkable: false; checked: false; focusable: true; focused: false; selected: false; clickable: false; longClickable: false; contextClickable: false; enabled: true; password: false; scrollable: true; importantForAccessibility: true; actions: [AccessibilityAction: ACTION_FOCUS - null, AccessibilityAction: ACTION_SELECT - null, AccessibilityAction: ACTION_CLEAR_SELECTION - null, AccessibilityAction: ACTION_ACCESSIBILITY_FOCUS - null, AccessibilityAction: ACTION_SCROLL_FORWARD - null, AccessibilityAction: ACTION_SCROLL_BACKWARD - null, AccessibilityAction: ACTION_SHOW_ON_SCREEN - null]]
01-01 01:11:30.622  3675 21373 D UiScrollable: scrollToBegining() using vertical scroll
01-01 01:11:30.622  3675 21373 D InteractionController: scrollSwipe (971, 260, 971, 973, 55)
01-01 01:11:30.648   635   635 E ANDR-PERF-TARGET: Error: Invalid logical cluster id 0
01-01 01:11:30.649   635   635 E ANDR-PERF-MPCTL: invalid request, no optimizations performed
01-01 01:11:30.665   635   635 E ANDR-PERF-TARGET: Error: Invalid logical cluster id 0
01-01 01:11:30.665   635   635 E ANDR-PERF-MPCTL: invalid request, no optimizations performed
01-01 01:11:30.682   635   635 E ANDR-PERF-TARGET: Error: Invalid logical cluster id 0
01-01 01:11:30.682   635   635 E ANDR-PERF-MPCTL: invalid request, no optimizations performed
01-01 01:11:30.698   635   635 E ANDR-PERF-TARGET: Error: Invalid logical cluster id 0
01-01 01:11:30.698   635   635 E ANDR-PERF-MPCTL: invalid request, no optimizations performed
01-01 01:11:30.715   635   635 E ANDR-PERF-TARGET: Error: Invalid logical cluster id 0
01-01 01:11:30.715   635   635 E ANDR-PERF-MPCTL: invalid request, no optimizations performed
01-01 01:11:30.732   635   635 E ANDR-PERF-TARGET: Error: Invalid logical cluster id 0
01-01 01:11:30.732   635   635 E ANDR-PERF-MPCTL: invalid request, no optimizations performed
01-01 01:11:30.749   635   635 E ANDR-PERF-TARGET: Error: Invalid logical cluster id 0
01-01 01:11:30.749   635   635 E ANDR-PERF-MPCTL: invalid request, no optimizations performed
01-01 01:11:30.766   635   635 E ANDR-PERF-TARGET: Error: Invalid logical cluster id 0
01-01 01:11:30.766   635   635 E ANDR-PERF-MPCTL: invalid request, no optimizations performed
01-01 01:11:30.782   635   635 E ANDR-PERF-TARGET: Error: Invalid logical cluster id 0
01-01 01:11:30.782   635   635 E ANDR-PERF-MPCTL: invalid request, no optimizations performed
01-01 01:11:30.799   635   635 E ANDR-PERF-TARGET: Error: Invalid logical cluster id 0
01-01 01:11:30.799   635   635 E ANDR-PERF-MPCTL: invalid request, no optimizations performed
01-01 01:11:30.816   635   635 E ANDR-PERF-TARGET: Error: Invalid logical cluster id 0
01-01 01:11:30.816   635   635 E ANDR-PERF-MPCTL: invalid request, no optimizations performed
01-01 01:11:30.832   635   635 E ANDR-PERF-TARGET: Error: Invalid logical cluster id 0
01-01 01:11:30.832   635   635 E ANDR-PERF-MPCTL: invalid request, no optimizations performed
01-01 01:11:30.849   635   635 E ANDR-PERF-TARGET: Error: Invalid logical cluster id 0
01-01 01:11:30.849   635   635 E ANDR-PERF-MPCTL: invalid request, no optimizations performed
01-01 01:11:30.866   635   635 E ANDR-PERF-TARGET: Error: Invalid logical cluster id 0
01-01 01:11:30.866   635   635 E ANDR-PERF-MPCTL: invalid request, no optimizations performed
01-01 01:11:30.882   635   635 E ANDR-PERF-TARGET: Error: Invalid logical cluster id 0
01-01 01:11:30.883   635   635 E ANDR-PERF-MPCTL: invalid request, no optimizations performed
01-01 01:11:30.899   635   635 E ANDR-PERF-TARGET: Error: Invalid logical cluster id 0
01-01 01:11:30.899   635   635 E ANDR-PERF-MPCTL: invalid request, no optimizations performed
01-01 01:11:30.916   635   635 E ANDR-PERF-TARGET: Error: Invalid logical cluster id 0
01-01 01:11:30.916   635   635 E ANDR-PERF-MPCTL: invalid request, no optimizations performed
01-01 01:11:30.933   635   635 E ANDR-PERF-TARGET: Error: Invalid logical cluster id 0
01-01 01:11:30.933   635   635 E ANDR-PERF-MPCTL: invalid request, no optimizations performed
01-01 01:11:30.949   635   635 E ANDR-PERF-TARGET: Error: Invalid logical cluster id 0
01-01 01:11:30.949   635   635 E ANDR-PERF-MPCTL: invalid request, no optimizations performed
01-01 01:11:30.966   635   635 E ANDR-PERF-TARGET: Error: Invalid logical cluster id 0
01-01 01:11:30.966   635   635 E ANDR-PERF-MPCTL: invalid request, no optimizations performed
01-01 01:11:30.983   635   635 E ANDR-PERF-TARGET: Error: Invalid logical cluster id 0
01-01 01:11:30.983   635   635 E ANDR-PERF-MPCTL: invalid request, no optimizations performed
01-01 01:11:30.999   635   635 E ANDR-PERF-TARGET: Error: Invalid logical cluster id 0
01-01 01:11:30.999   635   635 E ANDR-PERF-MPCTL: invalid request, no optimizations performed
01-01 01:11:31.014  1933  1933 I LCMANDR : SWR_OOB_HV_MF_009|FUN=ResourceMonitoringService::movingMemoryAverage|2|Moving memory average :31.939648
01-01 01:11:31.014  1933  1933 W LCMANDR : SWR_OOB_HV_MF_009|FUN=ResourceMonitoringService::getCpuUsageStatistic|Moving MEM AVG :::::::::31.939648
01-01 01:11:31.014   729   748 I sssv-lib: sendMsg enter
01-01 01:11:31.015   729   748 I sssv-lib: sendMsg complete.
01-01 01:11:31.015  1933  1933 W LCMANDR : SWR_OOB_HV_MF_009|FUN=ResourceMonitoringService::getCpuUsageStatistic|2|Total cpu usage :29.62555
01-01 01:11:31.015  1933  1933 I LCMANDR : SWR_OOB_HV_MF_009|FUN=ResourceMonitoringService::getCpuUsageStatistic|Cpu usage of core  0 is29.225353
01-01 01:11:31.015  1933  1933 I LCMANDR : SWR_OOB_HV_MF_009|FUN=ResourceMonitoringService::getCpuUsageStatistic|Cpu usage of core  1 is28.619528
01-01 01:11:31.015  1933  1933 I LCMANDR : SWR_OOB_HV_MF_009|FUN=ResourceMonitoringService::getCpuUsageStatistic|Cpu usage of core  2 is30.88685
01-01 01:11:31.015  1933  1933 I LCMANDR : ResourceMonitoringService::movingCpuAverage()
01-01 01:11:31.015  1933  1933 I LCMANDR : SWR_OOB_HV_MF_009|FUN=ResourceMonitoringService::movingCpuAverage|2|Moving window average of CPU 28.95986
01-01 01:11:31.015  1933  1933 I LCMANDR : SWR_OOB_HV_MF_009|FUN=ResourceMonitoringService::movingCpuAverage|2|Cpu moving average of core  0 is29.460785
01-01 01:11:31.015  1933  1933 I LCMANDR : SWR_OOB_HV_MF_009|FUN=ResourceMonitoringService::movingCpuAverage|2|Cpu moving average of core  1 is26.038845
01-01 01:11:31.015  1933  1933 I LCMANDR : SWR_OOB_HV_MF_009|FUN=ResourceMonitoringService::movingCpuAverage|2|Cpu moving average of core  2 is31.371464
01-01 01:11:31.016  1933  1933 D LCMANDR : SWR_OOB_HV_MF_009|FUN=ResourceMonitoringService::movingCpuAverage|2|Exiting VAL = 28.95986
01-01 01:11:31.016   635   635 E ANDR-PERF-TARGET: Error: Invalid logical cluster id 0
01-01 01:11:31.016   635   635 E ANDR-PERF-MPCTL: invalid request, no optimizations performed
01-01 01:11:31.033   635   635 E ANDR-PERF-TARGET: Error: Invalid logical cluster id 0
01-01 01:11:31.033   635   635 E ANDR-PERF-MPCTL: invalid request, no optimizations performed
01-01 01:11:31.049   635   635 E ANDR-PERF-TARGET: Error: Invalid logical cluster id 0
01-01 01:11:31.049   635   635 E ANDR-PERF-MPCTL: invalid request, no optimizations performed
01-01 01:11:31.066   635   635 E ANDR-PERF-TARGET: Error: Invalid logical cluster id 0
01-01 01:11:31.066   635   635 E ANDR-PERF-MPCTL: invalid request, no optimizations performed
01-01 01:11:31.083   635   635 E ANDR-PERF-TARGET: Error: Invalid logical cluster id 0
01-01 01:11:31.083   635   635 E ANDR-PERF-MPCTL: invalid request, no optimizations performed
01-01 01:11:31.099   635   635 E ANDR-PERF-TARGET: Error: Invalid logical cluster id 0
01-01 01:11:31.100   635   635 E ANDR-PERF-MPCTL: invalid request, no optimizations performed
01-01 01:11:31.116   635   635 E ANDR-PERF-TARGET: Error: Invalid logical cluster id 0
01-01 01:11:31.116   635   635 E ANDR-PERF-MPCTL: invalid request, no optimizations performed
01-01 01:11:31.133   635   635 E ANDR-PERF-TARGET: Error: Invalid logical cluster id 0
01-01 01:11:31.133   635   635 E ANDR-PERF-MPCTL: invalid request, no optimizations performed
01-01 01:11:31.150   635   635 E ANDR-PERF-TARGET: Error: Invalid logical cluster id 0
01-01 01:11:31.150   635   635 E ANDR-PERF-MPCTL: invalid request, no optimizations performed
01-01 01:11:31.166   635   635 E ANDR-PERF-TARGET: Error: Invalid logical cluster id 0
01-01 01:11:31.166   635   635 E ANDR-PERF-MPCTL: invalid request, no optimizations performed
01-01 01:11:31.183   635   635 E ANDR-PERF-TARGET: Error: Invalid logical cluster id 0
01-01 01:11:31.183   635   635 E ANDR-PERF-MPCTL: invalid request, no optimizations performed
01-01 01:11:31.200   635   635 E ANDR-PERF-TARGET: Error: Invalid logical cluster id 0
01-01 01:11:31.200   635   635 E ANDR-PERF-MPCTL: invalid request, no optimizations performed
01-01 01:11:31.217   635   635 E ANDR-PERF-TARGET: Error: Invalid logical cluster id 0
01-01 01:11:31.217   635   635 E ANDR-PERF-MPCTL: invalid request, no optimizations performed
01-01 01:11:31.233   635   635 E ANDR-PERF-TARGET: Error: Invalid logical cluster id 0
01-01 01:11:31.233   635   635 E ANDR-PERF-MPCTL: invalid request, no optimizations performed
01-01 01:11:31.250   635   635 E ANDR-PERF-TARGET: Error: Invalid logical cluster id 0
01-01 01:11:31.250   635   635 E ANDR-PERF-MPCTL: invalid request, no optimizations performed
01-01 01:11:31.267   635   635 E ANDR-PERF-TARGET: Error: Invalid logical cluster id 0
01-01 01:11:31.267   635   635 E ANDR-PERF-MPCTL: invalid request, no optimizations performed
01-01 01:11:31.283   635   635 E ANDR-PERF-TARGET: Error: Invalid logical cluster id 0
01-01 01:11:31.284   635   635 E ANDR-PERF-MPCTL: invalid request, no optimizations performed
01-01 01:11:31.300   635   635 E ANDR-PERF-TARGET: Error: Invalid logical cluster id 0
01-01 01:11:31.300   635   635 E ANDR-PERF-MPCTL: invalid request, no optimizations performed
01-01 01:11:31.317   635   635 E ANDR-PERF-TARGET: Error: Invalid logical cluster id 0
01-01 01:11:31.317   635   635 E ANDR-PERF-MPCTL: invalid request, no optimizations performed
01-01 01:11:31.334   635   635 E ANDR-PERF-TARGET: Error: Invalid logical cluster id 0
01-01 01:11:31.334   635   635 E ANDR-PERF-MPCTL: invalid request, no optimizations performed
01-01 01:11:31.350   635   635 E ANDR-PERF-TARGET: Error: Invalid logical cluster id 0
01-01 01:11:31.350   635   635 E ANDR-PERF-MPCTL: invalid request, no optimizations performed
01-01 01:11:31.367   635   635 E ANDR-PERF-TARGET: Error: Invalid logical cluster id 0
01-01 01:11:31.367   635   635 E ANDR-PERF-MPCTL: invalid request, no optimizations performed
01-01 01:11:31.384   635   635 E ANDR-PERF-TARGET: Error: Invalid logical cluster id 0
01-01 01:11:31.384   635   635 E ANDR-PERF-MPCTL: invalid request, no optimizations performed
01-01 01:11:31.400   635   635 E ANDR-PERF-TARGET: Error: Invalid logical cluster id 0
01-01 01:11:31.400   635   635 E ANDR-PERF-MPCTL: invalid request, no optimizations performed
01-01 01:11:31.417   635   635 E ANDR-PERF-TARGET: Error: Invalid logical cluster id 0
01-01 01:11:31.417   635   635 E ANDR-PERF-MPCTL: invalid request, no optimizations performed
01-01 01:11:31.434   635   635 E ANDR-PERF-TARGET: Error: Invalid logical cluster id 0
01-01 01:11:31.434   635   635 E ANDR-PERF-MPCTL: invalid request, no optimizations performed
01-01 01:11:31.450   635   635 E ANDR-PERF-TARGET: Error: Invalid logical cluster id 0
01-01 01:11:31.450   635   635 E ANDR-PERF-MPCTL: invalid request, no optimizations performed
01-01 01:11:31.467   635   635 E ANDR-PERF-TARGET: Error: Invalid logical cluster id 0
01-01 01:11:31.467   635   635 E ANDR-PERF-MPCTL: invalid request, no optimizations performed
01-01 01:11:31.484   635   635 E ANDR-PERF-TARGET: Error: Invalid logical cluster id 0
01-01 01:11:31.484   635   635 E ANDR-PERF-MPCTL: invalid request, no optimizations performed
01-01 01:11:31.500   635   635 E ANDR-PERF-TARGET: Error: Invalid logical cluster id 0
01-01 01:11:31.501   635   635 E ANDR-PERF-MPCTL: invalid request, no optimizations performed
01-01 01:11:31.517   635   635 E ANDR-PERF-TARGET: Error: Invalid logical cluster id 0
01-01 01:11:31.517   635   635 E ANDR-PERF-MPCTL: invalid request, no optimizations performed
01-01 01:11:31.534   635   635 E ANDR-PERF-TARGET: Error: Invalid logical cluster id 0
01-01 01:11:31.534   635   635 E ANDR-PERF-MPCTL: invalid request, no optimizations performed
01-01 01:11:31.534   635   635 E ANDR-PERF-TARGET: Error: Invalid logical cluster id 0
01-01 01:11:31.534   635   635 E ANDR-PERF-MPCTL: invalid request, no optimizations performed
01-01 01:11:31.551   635   635 E ANDR-PERF-TARGET: Error: Invalid logical cluster id 0
01-01 01:11:31.551   635   635 E ANDR-PERF-MPCTL: invalid request, no optimizations performed
01-01 01:11:31.567   635   635 E ANDR-PERF-TARGET: Error: Invalid logical cluster id 0
01-01 01:11:31.567   635   635 E ANDR-PERF-MPCTL: invalid request, no optimizations performed
01-01 01:11:31.584   635   635 E ANDR-PERF-TARGET: Error: Invalid logical cluster id 0
01-01 01:11:31.584   635   635 E ANDR-PERF-MPCTL: invalid request, no optimizations performed
01-01 01:11:31.601   635   635 E ANDR-PERF-TARGET: Error: Invalid logical cluster id 0
01-01 01:11:31.601   635   635 E ANDR-PERF-MPCTL: invalid request, no optimizations performed
01-01 01:11:31.617   635   635 E ANDR-PERF-TARGET: Error: Invalid logical cluster id 0
01-01 01:11:31.617   635   635 E ANDR-PERF-MPCTL: invalid request, no optimizations performed
01-01 01:11:31.634   635   635 E ANDR-PERF-TARGET: Error: Invalid logical cluster id 0
01-01 01:11:31.634   635   635 E ANDR-PERF-MPCTL: invalid request, no optimizations performed
01-01 01:11:31.651   635   635 E ANDR-PERF-TARGET: Error: Invalid logical cluster id 0
01-01 01:11:31.651   635   635 E ANDR-PERF-MPCTL: invalid request, no optimizations performed
01-01 01:11:31.667   635   635 E ANDR-PERF-TARGET: Error: Invalid logical cluster id 0
01-01 01:11:31.668   635   635 E ANDR-PERF-MPCTL: invalid request, no optimizations performed
01-01 01:11:31.684   635   635 E ANDR-PERF-TARGET: Error: Invalid logical cluster id 0
01-01 01:11:31.684   635   635 E ANDR-PERF-MPCTL: invalid request, no optimizations performed
01-01 01:11:31.701   635   635 E ANDR-PERF-TARGET: Error: Invalid logical cluster id 0
01-01 01:11:31.701   635   635 E ANDR-PERF-MPCTL: invalid request, no optimizations performed
01-01 01:11:31.718   635   635 E ANDR-PERF-TARGET: Error: Invalid logical cluster id 0
01-01 01:11:31.718   635   635 E ANDR-PERF-MPCTL: invalid request, no optimizations performed
01-01 01:11:31.728  3675 21373 W InteractionController: runAndwaitForEvents timed out waiting for events
01-01 01:11:31.728  3675 21373 D InteractionController: Vertical scrollSwipe reached scroll end: true
01-01 01:11:31.734   635   635 E ANDR-PERF-TARGET: Error: Invalid logical cluster id 0
01-01 01:11:31.734   635   635 E ANDR-PERF-MPCTL: invalid request, no optimizations performed
01-01 01:11:31.737  3675 21373 I QueryController: Matched selector: UiSelector[SCROLLABLE=true, CHILD=UiSelector[TEXT=RSE_Test]] <<==>> [android.view.accessibility.AccessibilityNodeInfo@45a5b04; boundsInParent: Rect(0, 0 - 943, 77); boundsInScreen: Rect(354, 352 - 1296, 429); packageName: com.panasonic.hmi2settings; className: android.widget.TextView; text: RSE_Test; error: null; maxTextLength: -1; contentDescription: null; viewIdResName: com.panasonic.hmi2settings:id/wifiName; checkable: false; checked: false; focusable: false; focused: false; selected: false; clickable: false; longClickable: false; contextClickable: false; enabled: true; password: false; scrollable: false; importantForAccessibility: true; actions: [AccessibilityAction: ACTION_SELECT - null, AccessibilityAction: ACTION_CLEAR_SELECTION - null, AccessibilityAction: ACTION_ACCESSIBILITY_FOCUS - null, AccessibilityAction: ACTION_NEXT_AT_MOVEMENT_GRANULARITY - null, AccessibilityAction: ACTION_PREVIOUS_AT_MOVEMENT_GRANULARITY - null, AccessibilityAction: ACTION_SET_SELECTION - null, AccessibilityAction: ACTION_SHOW_ON_SCREEN - null]]
01-01 01:11:31.751   635   635 E ANDR-PERF-TARGET: Error: Invalid logical cluster id 0
01-01 01:11:31.751   635   635 E ANDR-PERF-MPCTL: invalid request, no optimizations performed
01-01 01:11:31.768   635   635 E ANDR-PERF-TARGET: Error: Invalid logical cluster id 0
01-01 01:11:31.768   635   635 E ANDR-PERF-MPCTL: invalid request, no optimizations performed
01-01 01:11:31.770  1151 10154 I WifiService: startScan uid=1000
01-01 01:11:31.784   635   635 E ANDR-PERF-TARGET: Error: Invalid logical cluster id 0
01-01 01:11:31.785   635   635 E ANDR-PERF-MPCTL: invalid request, no optimizations performed
01-01 01:11:31.801   635   635 E ANDR-PERF-TARGET: Error: Invalid logical cluster id 0
01-01 01:11:31.801   635   635 E ANDR-PERF-MPCTL: invalid request, no optimizations performed
01-01 01:11:31.818   635   635 E ANDR-PERF-TARGET: Error: Invalid logical cluster id 0
01-01 01:11:31.818   635   635 E ANDR-PERF-MPCTL: invalid request, no optimizations performed
01-01 01:11:31.835   635   635 E ANDR-PERF-TARGET: Error: Invalid logical cluster id 0
01-01 01:11:31.835   635   635 E ANDR-PERF-MPCTL: invalid request, no optimizations performed
01-01 01:11:31.851   635   635 E ANDR-PERF-TARGET: Error: Invalid logical cluster id 0
01-01 01:11:31.851   635   635 E ANDR-PERF-MPCTL: invalid request, no optimizations performed
01-01 01:11:31.868   635   635 E ANDR-PERF-TARGET: Error: Invalid logical cluster id 0
01-01 01:11:31.868   635   635 E ANDR-PERF-MPCTL: invalid request, no optimizations performed
01-01 01:11:31.885   635   635 E ANDR-PERF-TARGET: Error: Invalid logical cluster id 0
01-01 01:11:31.885   635   635 E ANDR-PERF-MPCTL: invalid request, no optimizations performed
01-01 01:11:31.901   635   635 E ANDR-PERF-TARGET: Error: Invalid logical cluster id 0
01-01 01:11:31.901   635   635 E ANDR-PERF-MPCTL: invalid request, no optimizations performed
01-01 01:11:31.918   635   635 E ANDR-PERF-TARGET: Error: Invalid logical cluster id 0
01-01 01:11:31.918   635   635 E ANDR-PERF-MPCTL: invalid request, no optimizations performed
01-01 01:11:31.935   635   635 E ANDR-PERF-TARGET: Error: Invalid logical cluster id 0
01-01 01:11:31.935   635   635 E ANDR-PERF-MPCTL: invalid request, no optimizations performed
01-01 01:11:31.951   635   635 E ANDR-PERF-TARGET: Error: Invalid logical cluster id 0
01-01 01:11:31.952   635   635 E ANDR-PERF-MPCTL: invalid request, no optimizations performed
01-01 01:11:31.968   635   635 E ANDR-PERF-TARGET: Error: Invalid logical cluster id 0
01-01 01:11:31.968   635   635 E ANDR-PERF-MPCTL: invalid request, no optimizations performed
01-01 01:11:31.985   635   635 E ANDR-PERF-TARGET: Error: Invalid logical cluster id 0
01-01 01:11:31.985   635   635 E ANDR-PERF-MPCTL: invalid request, no optimizations performed
01-01 01:11:32.002   635   635 E ANDR-PERF-TARGET: Error: Invalid logical cluster id 0
01-01 01:11:32.002   635   635 E ANDR-PERF-MPCTL: invalid request, no optimizations performed
01-01 01:11:32.015   729   748 I sssv-lib: sendMsg enter
01-01 01:11:32.015   729   748 I sssv-lib: sendMsg complete.
01-01 01:11:32.018   635   635 E ANDR-PERF-TARGET: Error: Invalid logical cluster id 0
01-01 01:11:32.018   635   635 E ANDR-PERF-MPCTL: invalid request, no optimizations performed
01-01 01:11:32.035   635   635 E ANDR-PERF-TARGET: Error: Invalid logical cluster id 0
01-01 01:11:32.035   635   635 E ANDR-PERF-MPCTL: invalid request, no optimizations performed
01-01 01:11:32.052   635   635 E ANDR-PERF-TARGET: Error: Invalid logical cluster id 0
01-01 01:11:32.052   635   635 E ANDR-PERF-MPCTL: invalid request, no optimizations performed
01-01 01:11:32.068   635   635 E ANDR-PERF-TARGET: Error: Invalid logical cluster id 0
01-01 01:11:32.068   635   635 E ANDR-PERF-MPCTL: invalid request, no optimizations performed
01-01 01:11:32.085   635   635 E ANDR-PERF-TARGET: Error: Invalid logical cluster id 0
01-01 01:11:32.085   635   635 E ANDR-PERF-MPCTL: invalid request, no optimizations performed
01-01 01:11:32.102   635   635 E ANDR-PERF-TARGET: Error: Invalid logical cluster id 0
01-01 01:11:32.102   635   635 E ANDR-PERF-MPCTL: invalid request, no optimizations performed
01-01 01:11:32.118   635   635 E ANDR-PERF-TARGET: Error: Invalid logical cluster id 0
01-01 01:11:32.119   635   635 E ANDR-PERF-MPCTL: invalid request, no optimizations performed
01-01 01:11:32.135   635   635 E ANDR-PERF-TARGET: Error: Invalid logical cluster id 0
01-01 01:11:32.135   635   635 E ANDR-PERF-MPCTL: invalid request, no optimizations performed
01-01 01:11:32.152   635   635 E ANDR-PERF-TARGET: Error: Invalid logical cluster id 0
01-01 01:11:32.152   635   635 E ANDR-PERF-MPCTL: invalid request, no optimizations performed
01-01 01:11:32.415  2752 21380 D UEStatPoster: statistic key: 016501
01-01 01:11:32.416  2752 21380 D UEStatPoster: :{"016501":["4292416"]}
01-01 01:11:32.416  2752 21380 D BaseStatisticsManager: addStatisticsLog:type=useraction_appsearch_tablet:values=[{"016501":["4292416"]}]
01-01 01:11:32.416  2752 21380 D BaseStatisticsManager: addStatisticsLog:mIsUploadEnabled=true
01-01 01:11:32.665  1933  1933 D LCMANDR : SWR_OOB_HV_MF_009|FUN=LifeCycleManagerService::getDAIAppAlivenessStatus|Aliveness:: DAIAPP HB DIFF = 2 [ DaimlerAppHBCounter ] = 1700[ DaimlerAppHBCounterOld ] = 1698
01-01 01:11:32.666  1933  1933 I LCMANDR : SWR_OOB_HV_MF_009|FUN=LifeCycleManagerService::getDAIAppAlivenessStatus|Aliveness::ANDROID HB IS VALID... setting OLD VAL, and resetting Fail Counter
01-01 01:11:32.667  1933  1933 I LCMANDR : SWR_OOB_HV_MF_009|FUN=LifeCycleManagerService::getDAIPID|DAIMLER APP(com.daimler.rse.ntg6) PID is [ 1519 ]
01-01 01:11:32.667  1933  1933 I LCMANDR : SWR_OOB_HV_MF_009|FUN=LifeCycleManagerService::getDAIAPPStatus|Aliveness::SAME PID! DAIAPP is not restarted
01-01 01:11:32.668  1933  1933 W LCMANDR : SWR_OOB_HV_MF_009|FUN=LifeCycleManagerService::getDAIAppAlivenessStatus|Aliveness::Status to send id : ALIVE
01-01 01:11:32.668  1933  1933 D LCMANDR : SWR_OOB_HV_MF_005|FUN=LifeCycleManagerService::sendPacketToLnx|data = [B@e73b43d
01-01 01:11:32.668  1933  1933 D LCMANDR : SWR_OOB_HV_MF_009|FUN=LifeCycleManagerService::postAppsStatusInfo|Setting AppPacket info
01-01 01:11:32.668  1933  1933 I LCMANDR : SWR_OOB_HV_MF_009|FUN=AlivenessMonitoring::getRunningApps| packet sent
01-01 01:11:32.668  1933  1956 D LCMANDR : SWR_OOB_HV_MF_010|FUN=LifeCycleManagerService::RseNodeStateManagement|SEND_IGC_CB
01-01 01:11:32.668  1933  1956 I LCMANDR : SWR_OOB_HV_MF_005|FUN=LifeCycleManagerService::igcsendData|Call hit in RSENodeStateManagement::igcsendData
01-01 01:11:32.668  1933  1956 I LCMANDR : SWR_OOB_HV_MF_005|FUN=LifeCycleManagerService::igcsendData|SEND DATA LEN is : 15
01-01 01:11:32.668  1933  1956 I LCMANDR : SWR_OOB_HV_MF_007|FUN=LifeCycleManagerService::sendPacketFromIntentService|Package to send : [ 65, 0, 0, 0, 9, 0, 2, 0, 1, 0, 5, 65, 65, 0, 0, ]
01-01 01:11:32.668  1933  1956 I IGC     :  IGC::sendData ==> [ 65, 0, 0, 0, 9, 0, 2, 0, 1, 0, 5, 65, 65, 0, 0,  ]
01-01 01:11:32.668  1933  1956 I IGC     :  Igc::sendData data size is :: 15
01-01 01:11:32.668  1933  1956 D         : Enqueue: sem count = 1
01-01 01:11:32.668  1933  1956 I LCMANDR : SWR_OOB_HV_MF_007|FUN=LifeCycleManagerService::sendPacketFromIntentService|Sending Data to Linux is successful( [65, 0, 0, 0, 9, 0, 2, 0, 1, 0, 5, 65, 65, 0, 0] )
01-01 01:11:32.668  1933  1956 I LCMANDR : SWR_OOB_HV_MF_005|FUN=LifeCycleManagerService::igcsendData| DATA SEND SUCCESSFULLY 
01-01 01:11:32.749  3675 21381 D UIAutomatorStub: URI: /jsonrpc/0, Method: POST, Header: {content-length=225, remote-addr=127.0.0.1, http-client-ip=127.0.0.1, host=localhost:9009, content-type=application/json, connection=close, accept-encoding=identity, user-agent=Python-urllib/2.7}, params, {NanoHttpd.QUERY_STRING=null}, files: {postData={"params": [{"childOrSiblingSelector": [], "resourceId": "com.panasonic.hmi2settings:id/tvConnectedWifi", "mask": 2097152, "childOrSibling": []}], "jsonrpc": "2.0", "method": "exist", "id": "40d16863e8dd0aa4df70dcdb5a508ce4"}}
01-01 01:11:32.802  3675 21382 D UIAutomatorStub: URI: /jsonrpc/0, Method: POST, Header: {content-length=194, remote-addr=127.0.0.1, http-client-ip=127.0.0.1, host=localhost:9009, content-type=application/json, connection=close, accept-encoding=identity, user-agent=Python-urllib/2.7}, params, {NanoHttpd.QUERY_STRING=null}, files: {postData={"params": [{"childOrSiblingSelector": [], "scrollable": true, "mask": 16384, "childOrSibling": []}, true], "jsonrpc": "2.0", "method": "flingBackward", "id": "045d6bd348bab5b90cc93564810b4b69"}}
01-01 01:11:32.803  3675 21382 D UiScrollable: scrollBackward() on selector = UiSelector[SCROLLABLE=true]
01-01 01:11:32.810  3675 21382 I QueryController: Matched selector: UiSelector[SCROLLABLE=true] <<==>> [android.view.accessibility.AccessibilityNodeInfo@45764ba; boundsInParent: Rect(0, 0 - 1332, 889); boundsInScreen: Rect(305, 172 - 1637, 1061); packageName: com.panasonic.hmi2settings; className: android.widget.ScrollView; text: null; error: null; maxTextLength: -1; contentDescription: null; viewIdResName: com.panasonic.hmi2settings:id/scrollWifi; checkable: false; checked: false; focusable: true; focused: false; selected: false; clickable: false; longClickable: false; contextClickable: false; enabled: true; password: false; scrollable: true; importantForAccessibility: true; actions: [AccessibilityAction: ACTION_FOCUS - null, AccessibilityAction: ACTION_SELECT - null, AccessibilityAction: ACTION_CLEAR_SELECTION - null, AccessibilityAction: ACTION_ACCESSIBILITY_FOCUS - null, AccessibilityAction: ACTION_SCROLL_FORWARD - null, AccessibilityAction: ACTION_SHOW_ON_SCREEN - null]]
01-01 01:11:32.810  3675 21382 D UiScrollable: scrollToBegining() using vertical scroll
01-01 01:11:32.810  3675 21382 D InteractionController: scrollSwipe (971, 260, 971, 973, 5)
01-01 01:11:32.837   635   635 E ANDR-PERF-TARGET: Error: Invalid logical cluster id 0
01-01 01:11:32.837   635   635 E ANDR-PERF-MPCTL: invalid request, no optimizations performed
01-01 01:11:32.853   635   635 E ANDR-PERF-TARGET: Error: Invalid logical cluster id 0
01-01 01:11:32.853   635   635 E ANDR-PERF-MPCTL: invalid request, no optimizations performed
01-01 01:11:32.870   635   635 E ANDR-PERF-TARGET: Error: Invalid logical cluster id 0
01-01 01:11:32.870   635   635 E ANDR-PERF-MPCTL: invalid request, no optimizations performed
01-01 01:11:32.887   635   635 E ANDR-PERF-TARGET: Error: Invalid logical cluster id 0
01-01 01:11:32.887   635   635 E ANDR-PERF-MPCTL: invalid request, no optimizations performed
01-01 01:11:32.887   635   635 E ANDR-PERF-TARGET: Error: Invalid logical cluster id 0
01-01 01:11:32.887   635   635 E ANDR-PERF-MPCTL: invalid request, no optimizations performed
01-01 01:11:32.903   635   635 E ANDR-PERF-TARGET: Error: Invalid logical cluster id 0
01-01 01:11:32.904   635   635 E ANDR-PERF-MPCTL: invalid request, no optimizations performed
01-01 01:11:32.920   635   635 E ANDR-PERF-TARGET: Error: Invalid logical cluster id 0
01-01 01:11:32.920   635   635 E ANDR-PERF-MPCTL: invalid request, no optimizations performed
01-01 01:11:32.937   635   635 E ANDR-PERF-TARGET: Error: Invalid logical cluster id 0
01-01 01:11:32.937   635   635 E ANDR-PERF-MPCTL: invalid request, no optimizations performed
01-01 01:11:32.954   635   635 E ANDR-PERF-TARGET: Error: Invalid logical cluster id 0
01-01 01:11:32.954   635   635 E ANDR-PERF-MPCTL: invalid request, no optimizations performed
01-01 01:11:32.971   635   635 E ANDR-PERF-TARGET: Error: Invalid logical cluster id 0
01-01 01:11:32.971   635   635 E ANDR-PERF-MPCTL: invalid request, no optimizations performed
01-01 01:11:32.974  1933  1957 D LCMANDR : SWR_OOB_HV_MF_009|FUN=LifeCycleManagerService::LifeCycle_ReportCompStatus|GOT ALIVENESS SIGNAL FROM DAIAPP : [0]; HB Counter = [ 1701 ]; STATUS INFO = [ 0 ]
01-01 01:11:32.974  1519  1519 I Connectivity_AIDL|AIDL_Handler.AIDL_Helpers.LcmHelper: MBUX App Method: KeepAliveTest |Line No: 408 |Log Type: Critical |Message: MainThread:MBUX-App HB Count: 1703, ResponseCode: 0
01-01 01:11:32.987   635   635 E ANDR-PERF-TARGET: Error: Invalid logical cluster id 0
