01-01 00:56:00.711   635   635 E ANDR-PERF-MPCTL: invalid request, no optimizations performed
01-01 00:56:00.711  1392  1392 W SYSTEM_UI: SWR_SYSTEM_UI_007|FUN=CollapsedStatusBarFragment::getAction |1|Broadcast action --> STATUS_UPDATE_ACTION
01-01 00:56:00.712  1392  1392 W SYSTEM_UI: SWR_SYSTEM_UI_007|FUN=CollapsedStatusBarFragment::getIntExtra |1|NotifySystemUpdates dataType --> 101
01-01 00:56:00.713  1392  1392 W SYSTEM_UI - CI07.3: className -> CollapsedStatusBarFragment | functionName -> NotifySystemUpdates | onReceive -->  | value -> FULLSCREEN MODE CHANGED | isFullScreenStatus --> false | fullScreenPackage -->com.panasonic.hmi2settings | fullscreenLastShownPackage -->null | topActivityPackage --> com.panasonic.hmi2settings
01-01 00:56:00.713  1392  1392 W SYSTEM_UI - CI07.3: className -> CollapsedStatusBarFragment | functionName -> NotifySystemUpdates | onReceive -->  | value -> Fullscreen mode changed --> path 5
01-01 00:56:00.713  1151  2233 D WindowManager: addToDisplay >>> FLAG_FULLSCREEN not set in WindowManager.LayoutParams
01-01 00:56:00.713  1151  2233 D WindowManager: startStatusReceiverServiceOnFlagSet: creating intent for action ACTION_ACTIVITY_FULLSCREEN
01-01 00:56:00.713  1151  2233 W ContextImpl: Calling a method in the system process without a qualified user: android.app.ContextImpl.startService:1476 com.android.server.wm.Session.startStatusReceiverServiceOnFlagSet:762 com.android.server.wm.Session.addToDisplay:217 android.view.IWindowSession$Stub.onTransact:124 com.android.server.wm.Session.onTransact:166 
01-01 00:56:00.715  1151  2233 D CompatibilityInfo: mCompatibilityFlags - 4
01-01 00:56:00.716  1151  2233 D CompatibilityInfo: applicationDensity - 240
01-01 00:56:00.716  1151  2233 D CompatibilityInfo: applicationScale - 1.0
01-01 00:56:00.716  1151  2233 D WindowManager: startStatusReceiverServiceOnFlagSet: startService done
01-01 00:56:00.719  1392  1392 W SYSTEM_UI: SWR_SYSTEM_UI_007|FUN=CollapsedStatusBarFragment::getAction |1|Broadcast action --> STATUS_UPDATE_ACTION
01-01 00:56:00.719  1392  1392 W SYSTEM_UI: SWR_SYSTEM_UI_007|FUN=CollapsedStatusBarFragment::getIntExtra |1|NotifySystemUpdates dataType --> 101
01-01 00:56:00.719  1392  1392 W SYSTEM_UI - CI07.3: className -> CollapsedStatusBarFragment | functionName -> NotifySystemUpdates | onReceive -->  | value -> FULLSCREEN MODE CHANGED | isFullScreenStatus --> false | fullScreenPackage -->com.panasonic.hmi2settings | fullscreenLastShownPackage -->null | topActivityPackage --> com.panasonic.hmi2settings
01-01 00:56:00.719  1392  1392 W SYSTEM_UI - CI07.3: className -> CollapsedStatusBarFragment | functionName -> NotifySystemUpdates | onReceive -->  | value -> Fullscreen mode changed --> path 5
01-01 00:56:00.721  3739  3739 W HMI2-SETTINGS: SWR_BAIDU_HMI_0015|FUN=WifiActivity::addView|0|Display password enter dialog with addView method.
01-01 00:56:00.721  3739  3739 W HMI2-SETTINGS: SWR_BAIDU_HMI_0027|FUN=WifiActivity::addView|0|Display password enter dialog with addView method.
01-01 00:56:00.723  3739  3739 W HMI2-SETTINGS - CI08.4: className -> WifiActivity | functionName -> setOnFocusChangeListener :   | value -> hasFocus:true
01-01 00:56:00.727  1151  2229 D mEnabledInputMethodsStrCache: com.android.inputmethods.latin/.LatinIME
01-01 00:56:00.727  1151  2229 D systemLanguageCode: en__GB
01-01 00:56:00.727  1151  2229 D mEnabledInputMethodsStrCache: com.android.inputmethods.latin/.LatinIME
01-01 00:56:00.728  1151  2229 D mEnabledInputMethodsStrCache: com.android.inputmethods.latin/.LatinIME
01-01 00:56:00.728  1151  2229 D systemLanguageCode: en__GB
01-01 00:56:00.728  1151  2229 D mEnabledInputMethodsStrCache: com.android.inputmethods.latin/.LatinIME
01-01 00:56:00.730  1151  2229 D mEnabledInputMethodsStrCache: com.android.inputmethods.latin/.LatinIME
01-01 00:56:00.730  1151  2229 D systemLanguageCode: en__GB
01-01 00:56:00.730  1151  2229 D mEnabledInputMethodsStrCache: com.android.inputmethods.latin/.LatinIME
01-01 00:56:00.731  1151  2229 D mEnabledInputMethodsStrCache: com.android.inputmethods.latin/.LatinIME
01-01 00:56:00.731  1151  2229 D systemLanguageCode: en__GB
01-01 00:56:00.731  1151  2229 D mEnabledInputMethodsStrCache: com.android.inputmethods.latin/.LatinIME
01-01 00:56:00.732  1151  2229 D mEnabledInputMethodsStrCache: com.android.inputmethods.latin/.LatinIME
01-01 00:56:00.732  1151  2229 D systemLanguageCode: en__GB
01-01 00:56:00.732  1151  2229 D mEnabledInputMethodsStrCache: com.android.inputmethods.latin/.LatinIME
01-01 00:56:00.732  1151  2229 D mEnabledInputMethodsStrCache: com.android.inputmethods.latin/.LatinIME
01-01 00:56:00.732  1151  2229 D systemLanguageCode: en__GB
01-01 00:56:00.732  1151  2229 D mEnabledInputMethodsStrCache: com.android.inputmethods.latin/.LatinIME
01-01 00:56:00.736  1151  1550 D WindowManager: relayout packageName=com.panasonic.hmi2settings::session=Session{c47ecfc 3739:1000}::window=android.view.IWindow$Stub$Proxy@ef6b951::attrs.flags=1000100
01-01 00:56:00.736  1151  1550 D WindowManager: relayout >>> FLAG_FULLSCREEN not set in WindowManager.LayoutParams
01-01 00:56:00.736  1151  1550 D WindowManager: startStatusReceiverServiceOnFlagSet: creating intent for action ACTION_ACTIVITY_FULLSCREEN
01-01 00:56:00.736  1151  1550 W ContextImpl: Calling a method in the system process without a qualified user: android.app.ContextImpl.startService:1476 com.android.server.wm.Session.startStatusReceiverServiceOnFlagSet:762 com.android.server.wm.Session.relayout:276 android.view.IWindowSession$Stub.onTransact:286 com.android.server.wm.Session.onTransact:166 
01-01 00:56:00.737  1151  1550 D CompatibilityInfo: mCompatibilityFlags - 4
01-01 00:56:00.737  1151  1550 D CompatibilityInfo: applicationDensity - 240
01-01 00:56:00.737  1151  1550 D CompatibilityInfo: applicationScale - 1.0
01-01 00:56:00.738  1151  1550 D WindowManager: startStatusReceiverServiceOnFlagSet: startService done
01-01 00:56:00.736  1379  1379 I LatinIME: SWR_HMISERVICE_SPELLER_MF_001||FUN=onStartInputViewInternal || 1 || Starting input. Cursor position = -1,-1
01-01 00:56:00.742  1392  1392 W SYSTEM_UI: SWR_SYSTEM_UI_007|FUN=CollapsedStatusBarFragment::getAction |1|Broadcast action --> STATUS_UPDATE_ACTION
01-01 00:56:00.742  1392  1392 W SYSTEM_UI: SWR_SYSTEM_UI_007|FUN=CollapsedStatusBarFragment::getIntExtra |1|NotifySystemUpdates dataType --> 101
01-01 00:56:00.742  1392  1392 W SYSTEM_UI - CI07.3: className -> CollapsedStatusBarFragment | functionName -> NotifySystemUpdates | onReceive -->  | value -> FULLSCREEN MODE CHANGED | isFullScreenStatus --> false | fullScreenPackage -->com.panasonic.hmi2settings | fullscreenLastShownPackage -->null | topActivityPackage --> com.panasonic.hmi2settings
01-01 00:56:00.742  1392  1392 W SYSTEM_UI - CI07.3: className -> CollapsedStatusBarFragment | functionName -> NotifySystemUpdates | onReceive -->  | value -> Fullscreen mode changed --> path 5
01-01 00:56:00.760  3675 17461 W ByMatcher: Node returned null child: android.view.accessibility.AccessibilityNodeInfo@7442; boundsInParent: Rect(0, 0 - 1920, 104); boundsInScreen: Rect(0, 0 - 1920, 104); packageName: com.android.systemui; className: android.widget.FrameLayout; text: null; error: null; maxTextLength: -1; contentDescription: null; viewIdResName: null; checkable: false; checked: false; focusable: false; focused: false; selected: false; clickable: false; longClickable: false; contextClickable: false; enabled: true; password: false; scrollable: false; importantForAccessibility: true; actions: [AccessibilityAction: ACTION_SELECT - null, AccessibilityAction: ACTION_CLEAR_SELECTION - null, AccessibilityAction: ACTION_ACCESSIBILITY_FOCUS - null, AccessibilityAction: ACTION_SHOW_ON_SCREEN - null]
01-01 00:56:00.760  3675 17461 W ByMatcher: Skipping null child (0 of 4)
01-01 00:56:00.761  3675 17461 W ByMatcher: Skipping null child (1 of 4)
01-01 00:56:00.762  3675 17461 W ByMatcher: Skipping null child (2 of 4)
01-01 00:56:00.764  3675 17461 W ByMatcher: Skipping null child (3 of 4)
01-01 00:56:00.765  3675 17461 W ByMatcher: Node returned null child: android.view.accessibility.AccessibilityNodeInfo@7442; boundsInParent: Rect(0, 0 - 1920, 104); boundsInScreen: Rect(0, 0 - 1920, 104); packageName: com.android.systemui; className: android.widget.FrameLayout; text: null; error: null; maxTextLength: -1; contentDescription: null; viewIdResName: null; checkable: false; checked: false; focusable: false; focused: false; selected: false; clickable: false; longClickable: false; contextClickable: false; enabled: true; password: false; scrollable: false; importantForAccessibility: true; actions: [AccessibilityAction: ACTION_SELECT - null, AccessibilityAction: ACTION_CLEAR_SELECTION - null, AccessibilityAction: ACTION_ACCESSIBILITY_FOCUS - null, AccessibilityAction: ACTION_SHOW_ON_SCREEN - null]
01-01 00:56:00.765  3675 17461 W ByMatcher: Skipping null child (0 of 4)
01-01 00:56:00.766  3675 17461 W ByMatcher: Skipping null child (1 of 4)
01-01 00:56:00.766  3675 17461 W ByMatcher: Skipping null child (2 of 4)
01-01 00:56:00.766  3675 17461 W ByMatcher: Skipping null child (3 of 4)
01-01 00:56:00.767  3675 17461 W ByMatcher: Node returned null child: android.view.accessibility.AccessibilityNodeInfo@80007046; boundsInParent: Rect(0, 0 - 1920, 1080); boundsInScreen: Rect(0, 0 - 1920, 1080); packageName: com.panasonic.hmi2settings; className: android.widget.FrameLayout; text: null; error: null; maxTextLength: -1; contentDescription: null; viewIdResName: null; checkable: false; checked: false; focusable: false; focused: false; selected: false; clickable: false; longClickable: false; contextClickable: false; enabled: true; password: false; scrollable: false; importantForAccessibility: true; actions: [AccessibilityAction: ACTION_SELECT - null, AccessibilityAction: ACTION_CLEAR_SELECTION - null, AccessibilityAction: ACTION_ACCESSIBILITY_FOCUS - null, AccessibilityAction: ACTION_SHOW_ON_SCREEN - null]
01-01 00:56:00.767  3675 17461 W ByMatcher: Skipping null child (0 of 1)
01-01 00:56:00.768  3675 17461 W ByMatcher: Node returned null child: android.view.accessibility.AccessibilityNodeInfo@80007046; boundsInParent: Rect(0, 0 - 1920, 1080); boundsInScreen: Rect(0, 0 - 1920, 1080); packageName: com.panasonic.hmi2settings; className: android.widget.FrameLayout; text: null; error: null; maxTextLength: -1; contentDescription: null; viewIdResName: null; checkable: false; checked: false; focusable: false; focused: false; selected: false; clickable: false; longClickable: false; contextClickable: false; enabled: true; password: false; scrollable: false; importantForAccessibility: true; actions: [AccessibilityAction: ACTION_SELECT - null, AccessibilityAction: ACTION_CLEAR_SELECTION - null, AccessibilityAction: ACTION_ACCESSIBILITY_FOCUS - null, AccessibilityAction: ACTION_SHOW_ON_SCREEN - null]
01-01 00:56:00.768  3675 17461 W ByMatcher: Skipping null child (0 of 1)
01-01 00:56:00.818  1379  1379 I InputAttributes: InputType.TYPE_NULL is specified
01-01 00:56:00.824  1151  1538 D mEnabledInputMethodsStrCache: com.android.inputmethods.latin/.LatinIME
01-01 00:56:00.824  1151  1538 D systemLanguageCode: en__GB
01-01 00:56:00.824  1151  1538 D mEnabledInputMethodsStrCache: com.android.inputmethods.latin/.LatinIME
01-01 00:56:00.827  1379  1379 V KeyboardState: onLoadKeyboard: [keyboard=UNSHIFTED shift=RELEASING symbol=RELEASING switch=ALPHA] autoCapsFlags=none recapitalizeMode=undefined
01-01 00:56:00.827  1379  1379 D KeyboardState: setAlphabetKeyboard: [keyboard=UNSHIFTED shift=RELEASING symbol=RELEASING switch=ALPHA] autoCapsFlags=none recapitalizeMode=undefined
01-01 00:56:00.827  1379  1379 D KeyboardSwitcher: setAlphabetKeyboard
01-01 00:56:00.829  1151  1550 D mEnabledInputMethodsStrCache: com.android.inputmethods.latin/.LatinIME
01-01 00:56:00.830  1151  1550 D systemLanguageCode: en__GB
01-01 00:56:00.830  1151  1550 D mEnabledInputMethodsStrCache: com.android.inputmethods.latin/.LatinIME
01-01 00:56:00.831  1379  1379 D KeyboardSwitcher: requestUpdatingShiftState:  autoCapsFlags=none recapitalizeMode=undefined
01-01 00:56:00.831  1379  1379 D KeyboardState: onUpdateShiftState: [keyboard=UNSHIFTED shift=RELEASING symbol=RELEASING switch=ALPHA] autoCapsFlags=none recapitalizeMode=undefined
01-01 00:56:00.831  1379  1379 D KeyboardState: setShifted: shiftMode=UNSHIFT [keyboard=UNSHIFTED shift=RELEASING symbol=RELEASING switch=ALPHA]
01-01 00:56:00.833  1151  1538 D mEnabledInputMethodsStrCache: com.android.inputmethods.latin/.LatinIME
01-01 00:56:00.833  1151  1538 D systemLanguageCode: en__GB
01-01 00:56:00.833  1151  1538 D mEnabledInputMethodsStrCache: com.android.inputmethods.latin/.LatinIME
01-01 00:56:00.834  1151  1538 D mEnabledInputMethodsStrCache: com.android.inputmethods.latin/.LatinIME
01-01 00:56:00.834  1151  1538 D systemLanguageCode: en__GB
01-01 00:56:00.834  1151  1538 D mEnabledInputMethodsStrCache: com.android.inputmethods.latin/.LatinIME
01-01 00:56:00.835  1379  1379 I NuanceUtil: Language text: en_GB, Language code: 5
01-01 00:56:00.835  1379  1379 I NuanceLog: Active Language: ET9LIDEnglish_UK
01-01 00:56:00.835  1379  1379 I NuanceLog: Active LDB: /system/etc/RSESpeller/configs/LDBs/v13.1.0/englishuk/ENubUNUK_xt9_ALM3.ldb
01-01 00:56:00.835  1379  1379 I LatinIME: Nuance API Initialized successfully
01-01 00:56:00.835  1379  1379 I LatinIME: Suggestion strip view visibility gone
01-01 00:56:00.836  1151  1538 D mEnabledInputMethodsStrCache: com.android.inputmethods.latin/.LatinIME
01-01 00:56:00.836  1151  1538 D systemLanguageCode: en__GB
01-01 00:56:00.836  1151  1538 D mEnabledInputMethodsStrCache: com.android.inputmethods.latin/.LatinIME
01-01 00:56:00.836  1151  1538 D mEnabledInputMethodsStrCache: com.android.inputmethods.latin/.LatinIME
01-01 00:56:00.836  1151  1538 D systemLanguageCode: en__GB
01-01 00:56:00.836  1151  1538 D mEnabledInputMethodsStrCache: com.android.inputmethods.latin/.LatinIME
01-01 00:56:00.837  1151  1538 D mEnabledInputMethodsStrCache: com.android.inputmethods.latin/.LatinIME
01-01 00:56:00.837  1151  1538 D systemLanguageCode: en__GB
01-01 00:56:00.837  1151  1538 D mEnabledInputMethodsStrCache: com.android.inputmethods.latin/.LatinIME
01-01 00:56:00.838  1151  1538 D mEnabledInputMethodsStrCache: com.android.inputmethods.latin/.LatinIME
01-01 00:56:00.838  1151  1538 D systemLanguageCode: en__GB
01-01 00:56:00.838  1151  1538 D mEnabledInputMethodsStrCache: com.android.inputmethods.latin/.LatinIME
01-01 00:56:00.839  1151  1538 D WindowManager: relayout packageName=com.android.inputmethods.latin::session=Session{ca2ba78 1379:1000}::window=android.view.IWindow$Stub$Proxy@819aa24::attrs.flags=800108
01-01 00:56:00.839  1151  1538 D WindowManager: relayout >>> FLAG_FULLSCREEN not set in WindowManager.LayoutParams
01-01 00:56:00.839  1151  1538 D WindowManager: startStatusReceiverServiceOnFlagSet: creating intent for action ACTION_ACTIVITY_FULLSCREEN
01-01 00:56:00.839  1151  1538 W ContextImpl: Calling a method in the system process without a qualified user: android.app.ContextImpl.startService:1476 com.android.server.wm.Session.startStatusReceiverServiceOnFlagSet:762 com.android.server.wm.Session.relayout:276 android.view.IWindowSession$Stub.onTransact:286 com.android.server.wm.Session.onTransact:166 
01-01 00:56:00.840  1151  1538 D CompatibilityInfo: mCompatibilityFlags - 4
01-01 00:56:00.840  1151  1538 D CompatibilityInfo: applicationDensity - 240
01-01 00:56:00.840  1151  1538 D CompatibilityInfo: applicationScale - 1.0
01-01 00:56:00.841  1151  1538 D WindowManager: startStatusReceiverServiceOnFlagSet: startService done
01-01 00:56:00.843  1392  1392 W SYSTEM_UI: SWR_SYSTEM_UI_007|FUN=CollapsedStatusBarFragment::getAction |1|Broadcast action --> STATUS_UPDATE_ACTION
01-01 00:56:00.843  1392  1392 W SYSTEM_UI: SWR_SYSTEM_UI_007|FUN=CollapsedStatusBarFragment::getIntExtra |1|NotifySystemUpdates dataType --> 101
01-01 00:56:00.843  1392  1392 W SYSTEM_UI - CI07.3: className -> CollapsedStatusBarFragment | functionName -> NotifySystemUpdates | onReceive -->  | value -> FULLSCREEN MODE CHANGED | isFullScreenStatus --> false | fullScreenPackage -->com.android.inputmethods.latin | fullscreenLastShownPackage -->null | topActivityPackage --> com.panasonic.hmi2settings
01-01 00:56:00.843  1392  1392 W SYSTEM_UI - CI07.3: className -> CollapsedStatusBarFragment | functionName -> NotifySystemUpdates | onReceive -->  | value -> Fullscreen mode changed --> path 0
01-01 00:56:00.855  1151  2229 D mEnabledInputMethodsStrCache: com.android.inputmethods.latin/.LatinIME
01-01 00:56:00.855  1151  2229 D systemLanguageCode: en__GB
01-01 00:56:00.855  1151  2229 D mEnabledInputMethodsStrCache: com.android.inputmethods.latin/.LatinIME
01-01 00:56:00.857  1151  1550 D mEnabledInputMethodsStrCache: com.android.inputmethods.latin/.LatinIME
01-01 00:56:00.857  1151  1550 D systemLanguageCode: en__GB
01-01 00:56:00.857  1151  1550 D mEnabledInputMethodsStrCache: com.android.inputmethods.latin/.LatinIME
01-01 00:56:00.858  1151  1550 D mEnabledInputMethodsStrCache: com.android.inputmethods.latin/.LatinIME
01-01 00:56:00.858  1151  1550 D systemLanguageCode: en__GB
01-01 00:56:00.858  1151  1550 D mEnabledInputMethodsStrCache: com.android.inputmethods.latin/.LatinIME
01-01 00:56:00.859  1151  1550 D mEnabledInputMethodsStrCache: com.android.inputmethods.latin/.LatinIME
01-01 00:56:00.859  1151  1550 D systemLanguageCode: en__GB
01-01 00:56:00.859  1151  1550 D mEnabledInputMethodsStrCache: com.android.inputmethods.latin/.LatinIME
01-01 00:56:00.859  1151  1550 D mEnabledInputMethodsStrCache: com.android.inputmethods.latin/.LatinIME
01-01 00:56:00.859  1151  1550 D systemLanguageCode: en__GB
01-01 00:56:00.859  1151  1550 D mEnabledInputMethodsStrCache: com.android.inputmethods.latin/.LatinIME
01-01 00:56:00.860  1379  1379 I LatinIME: SWR_HMISERVICE_SPELLER_MF_001||FUN=onStartInputViewInternal || 1 || Starting input. Cursor position = 0,0
01-01 00:56:00.881  1151  2229 D mEnabledInputMethodsStrCache: com.android.inputmethods.latin/.LatinIME
01-01 00:56:00.882  1151  2229 D systemLanguageCode: en__GB
01-01 00:56:00.882  1151  2229 D mEnabledInputMethodsStrCache: com.android.inputmethods.latin/.LatinIME
01-01 00:56:00.883  1379  1379 V KeyboardState: onLoadKeyboard: [keyboard=UNSHIFTED shift=RELEASING symbol=RELEASING switch=ALPHA] autoCapsFlags=none recapitalizeMode=undefined
01-01 00:56:00.883  1379  1379 D KeyboardState: setAlphabetKeyboard: [keyboard=UNSHIFTED shift=RELEASING symbol=RELEASING switch=ALPHA] autoCapsFlags=none recapitalizeMode=undefined
01-01 00:56:00.883  1379  1379 D KeyboardSwitcher: setAlphabetKeyboard
01-01 00:56:00.884  1151  2229 D mEnabledInputMethodsStrCache: com.android.inputmethods.latin/.LatinIME
01-01 00:56:00.884  1151  2229 D systemLanguageCode: en__GB
01-01 00:56:00.884  1151  2229 D mEnabledInputMethodsStrCache: com.android.inputmethods.latin/.LatinIME
01-01 00:56:00.884  1379  1379 D KeyboardSwitcher: requestUpdatingShiftState:  autoCapsFlags=none recapitalizeMode=undefined
01-01 00:56:00.884  1379  1379 D KeyboardState: onUpdateShiftState: [keyboard=UNSHIFTED shift=RELEASING symbol=RELEASING switch=ALPHA] autoCapsFlags=none recapitalizeMode=undefined
01-01 00:56:00.885  1379  1379 D KeyboardState: setShifted: shiftMode=UNSHIFT [keyboard=UNSHIFTED shift=RELEASING symbol=RELEASING switch=ALPHA]
01-01 00:56:00.885  1151  2229 D mEnabledInputMethodsStrCache: com.android.inputmethods.latin/.LatinIME
01-01 00:56:00.885  1151  2229 D systemLanguageCode: en__GB
01-01 00:56:00.885  1151  2229 D mEnabledInputMethodsStrCache: com.android.inputmethods.latin/.LatinIME
01-01 00:56:00.886  1151  2229 D mEnabledInputMethodsStrCache: com.android.inputmethods.latin/.LatinIME
01-01 00:56:00.886  1151  2229 D systemLanguageCode: en__GB
01-01 00:56:00.886  1151  2229 D mEnabledInputMethodsStrCache: com.android.inputmethods.latin/.LatinIME
01-01 00:56:00.886  1379  1379 I NuanceUtil: Language text: en_GB, Language code: 5
01-01 00:56:00.886  1379  1379 I NuanceLog: Active Language: ET9LIDEnglish_UK
01-01 00:56:00.886  1379  1379 I NuanceLog: Active LDB: /system/etc/RSESpeller/configs/LDBs/v13.1.0/englishuk/ENubUNUK_xt9_ALM3.ldb
01-01 00:56:00.886  1379  1379 I LatinIME: Nuance API Initialized successfully
01-01 00:56:00.887  1379  1379 I LatinIME: Suggestion strip view visibility gone
01-01 00:56:00.887  1151  2229 D mEnabledInputMethodsStrCache: com.android.inputmethods.latin/.LatinIME
01-01 00:56:00.887  1151  2229 D systemLanguageCode: en__GB
01-01 00:56:00.888  1151  2229 D mEnabledInputMethodsStrCache: com.android.inputmethods.latin/.LatinIME
01-01 00:56:00.888  1151  2229 D mEnabledInputMethodsStrCache: com.android.inputmethods.latin/.LatinIME
01-01 00:56:00.888  1151  2229 D systemLanguageCode: en__GB
01-01 00:56:00.888  1151  2229 D mEnabledInputMethodsStrCache: com.android.inputmethods.latin/.LatinIME
01-01 00:56:01.017   729   748 I sssv-lib: sendMsg enter
01-01 00:56:01.017   729   748 I sssv-lib: sendMsg complete.
01-01 00:56:01.455  1933  1933 D LCMANDR : SWR_OOB_HV_MF_009|FUN=LifeCycleManagerService::getDAIAppAlivenessStatus|Aliveness:: DAIAPP HB DIFF = 2 [ DaimlerAppHBCounter ] = 1330[ DaimlerAppHBCounterOld ] = 1328
01-01 00:56:01.455  1933  1933 I LCMANDR : SWR_OOB_HV_MF_009|FUN=LifeCycleManagerService::getDAIAppAlivenessStatus|Aliveness::ANDROID HB IS VALID... setting OLD VAL, and resetting Fail Counter
01-01 00:56:01.457  1933  1933 I LCMANDR : SWR_OOB_HV_MF_009|FUN=LifeCycleManagerService::getDAIPID|DAIMLER APP(com.daimler.rse.ntg6) PID is [ 1519 ]
01-01 00:56:01.457  1933  1933 I LCMANDR : SWR_OOB_HV_MF_009|FUN=LifeCycleManagerService::getDAIAPPStatus|Aliveness::SAME PID! DAIAPP is not restarted
01-01 00:56:01.457  1933  1933 W LCMANDR : SWR_OOB_HV_MF_009|FUN=LifeCycleManagerService::getDAIAppAlivenessStatus|Aliveness::Status to send id : ALIVE
01-01 00:56:01.457  1933  1933 D LCMANDR : SWR_OOB_HV_MF_005|FUN=LifeCycleManagerService::sendPacketToLnx|data = [B@75b3b9f
01-01 00:56:01.457  1933  1933 D LCMANDR : SWR_OOB_HV_MF_009|FUN=LifeCycleManagerService::postAppsStatusInfo|Setting AppPacket info
01-01 00:56:01.457  1933  1933 I LCMANDR : SWR_OOB_HV_MF_009|FUN=AlivenessMonitoring::getRunningApps| packet sent
01-01 00:56:01.458  1933  1956 D LCMANDR : SWR_OOB_HV_MF_010|FUN=LifeCycleManagerService::RseNodeStateManagement|SEND_IGC_CB
01-01 00:56:01.458  1933  1956 I LCMANDR : SWR_OOB_HV_MF_005|FUN=LifeCycleManagerService::igcsendData|Call hit in RSENodeStateManagement::igcsendData
01-01 00:56:01.458  1933  1956 I LCMANDR : SWR_OOB_HV_MF_005|FUN=LifeCycleManagerService::igcsendData|SEND DATA LEN is : 15
01-01 00:56:01.458  1933  1956 I LCMANDR : SWR_OOB_HV_MF_007|FUN=LifeCycleManagerService::sendPacketFromIntentService|Package to send : [ 65, 0, 0, 0, 9, 0, 2, 0, 1, 0, 5, 65, 65, 0, 0, ]
01-01 00:56:01.458  1933  1956 I IGC     :  IGC::sendData ==> [ 65, 0, 0, 0, 9, 0, 2, 0, 1, 0, 5, 65, 65, 0, 0,  ]
01-01 00:56:01.458  1933  1956 I IGC     :  Igc::sendData data size is :: 15
01-01 00:56:01.458  1933  1956 D         : Enqueue: sem count = 1
01-01 00:56:01.458  1933  1956 I LCMANDR : SWR_OOB_HV_MF_007|FUN=LifeCycleManagerService::sendPacketFromIntentService|Sending Data to Linux is successful( [65, 0, 0, 0, 9, 0, 2, 0, 1, 0, 5, 65, 65, 0, 0] )
01-01 00:56:01.458  1933  1956 I LCMANDR : SWR_OOB_HV_MF_005|FUN=LifeCycleManagerService::igcsendData| DATA SEND SUCCESSFULLY 
01-01 00:56:01.751  3675 17461 I QueryController: Matched selector: UiSelector[CLASS=android.widget.EditText] <<==>> [android.view.accessibility.AccessibilityNodeInfo@363f15f; boundsInParent: Rect(0, 7 - 1241, 137); boundsInScreen: Rect(339, 225 - 1580, 355); packageName: com.panasonic.hmi2settings; className: android.widget.EditText; text: null; error: null; maxTextLength: 63; contentDescription: null; viewIdResName: com.panasonic.hmi2settings:id/textPassword; checkable: false; checked: false; focusable: true; focused: true; selected: false; clickable: true; longClickable: false; contextClickable: false; enabled: true; password: false; scrollable: false; importantForAccessibility: true; actions: [AccessibilityAction: ACTION_CLEAR_FOCUS - null, AccessibilityAction: ACTION_SELECT - null, AccessibilityAction: ACTION_CLEAR_SELECTION - null, AccessibilityAction: ACTION_CLICK - null, AccessibilityAction: ACTION_ACCESSIBILITY_FOCUS - null, AccessibilityAction: ACTION_SET_TEXT - null, AccessibilityAction: ACTION_SHOW_ON_SCREEN - null]]
01-01 00:56:01.765  1151  2229 D mEnabledInputMethodsStrCache: com.android.inputmethods.latin/.LatinIME
01-01 00:56:01.766  1151  2229 D systemLanguageCode: en__GB
01-01 00:56:01.766  1151  2229 D mEnabledInputMethodsStrCache: com.android.inputmethods.latin/.LatinIME
01-01 00:56:01.769  1151  1538 D mEnabledInputMethodsStrCache: com.android.inputmethods.latin/.LatinIME
01-01 00:56:01.769  1151  1538 D systemLanguageCode: en__GB
01-01 00:56:01.769  1151  1538 D mEnabledInputMethodsStrCache: com.android.inputmethods.latin/.LatinIME
01-01 00:56:01.770  1151  1167 D mEnabledInputMethodsStrCache: com.android.inputmethods.latin/.LatinIME
01-01 00:56:01.770  1151  1167 D systemLanguageCode: en__GB
01-01 00:56:01.770  1151  1167 D mEnabledInputMethodsStrCache: com.android.inputmethods.latin/.LatinIME
01-01 00:56:01.771  1151  1167 D mEnabledInputMethodsStrCache: com.android.inputmethods.latin/.LatinIME
01-01 00:56:01.771  1151  1167 D systemLanguageCode: en__GB
01-01 00:56:01.771  1151  1167 D mEnabledInputMethodsStrCache: com.android.inputmethods.latin/.LatinIME
01-01 00:56:01.771  1151  1167 D mEnabledInputMethodsStrCache: com.android.inputmethods.latin/.LatinIME
01-01 00:56:01.771  1151  1167 D systemLanguageCode: en__GB
01-01 00:56:01.771  1151  1167 D mEnabledInputMethodsStrCache: com.android.inputmethods.latin/.LatinIME
01-01 00:56:01.772  1151  2229 D mEnabledInputMethodsStrCache: com.android.inputmethods.latin/.LatinIME
01-01 00:56:01.772  1151  2229 D systemLanguageCode: en__GB
01-01 00:56:01.772  1151  2229 D mEnabledInputMethodsStrCache: com.android.inputmethods.latin/.LatinIME
01-01 00:56:01.775  1379  1379 I LatinIME: SWR_HMISERVICE_SPELLER_MF_001||FUN=onStartInputViewInternal || 1 || Starting input. Cursor position = 0,0
01-01 00:56:01.787  3675 17466 D UIAutomatorStub: URI: /jsonrpc/0, Method: POST, Header: {content-length=170, remote-addr=127.0.0.1, http-client-ip=127.0.0.1, host=localhost:9009, content-type=application/json, connection=close, accept-encoding=identity, user-agent=Python-urllib/2.7}, params, {NanoHttpd.QUERY_STRING=null}, files: {postData={"params": [{"childOrSiblingSelector": [], "text": "OK", "mask": 1, "childOrSibling": []}], "jsonrpc": "2.0", "method": "click", "id": "2a57f379a25ce78dd71b5736d4ac672c"}}
01-01 00:56:01.799  1379  1379 D KeyboardState: onResetKeyboardStateToAlphabet: [keyboard=UNSHIFTED shift=RELEASING symbol=RELEASING switch=ALPHA] autoCapsFlags=none recapitalizeMode=undefined
01-01 00:56:01.799  1379  1379 D KeyboardState: resetKeyboardStateToAlphabet: [keyboard=UNSHIFTED shift=RELEASING symbol=RELEASING switch=ALPHA] autoCapsFlags=none recapitalizeMode=undefined
01-01 00:56:01.799  1379  1379 D KeyboardSwitcher: requestUpdatingShiftState:  autoCapsFlags=none recapitalizeMode=undefined
01-01 00:56:01.799  1379  1379 D KeyboardState: onUpdateShiftState: [keyboard=UNSHIFTED shift=RELEASING symbol=RELEASING switch=ALPHA] autoCapsFlags=none recapitalizeMode=undefined
01-01 00:56:01.800  1379  1379 D KeyboardState: setShifted: shiftMode=UNSHIFT [keyboard=UNSHIFTED shift=RELEASING symbol=RELEASING switch=ALPHA]
01-01 00:56:01.800  1151  1538 D mEnabledInputMethodsStrCache: com.android.inputmethods.latin/.LatinIME
01-01 00:56:01.800  1151  1538 D systemLanguageCode: en__GB
01-01 00:56:01.800  1151  1538 D mEnabledInputMethodsStrCache: com.android.inputmethods.latin/.LatinIME
01-01 00:56:01.802  1151  1167 D mEnabledInputMethodsStrCache: com.android.inputmethods.latin/.LatinIME
01-01 00:56:01.802  1151  1167 D systemLanguageCode: en__GB
01-01 00:56:01.802  1151  1167 D mEnabledInputMethodsStrCache: com.android.inputmethods.latin/.LatinIME
01-01 00:56:01.804  1379  1379 I NuanceUtil: Language text: en_GB, Language code: 5
01-01 00:56:01.804  1379  1379 I NuanceLog: Active Language: ET9LIDEnglish_UK
01-01 00:56:01.804  1379  1379 I NuanceLog: Active LDB: /system/etc/RSESpeller/configs/LDBs/v13.1.0/englishuk/ENubUNUK_xt9_ALM3.ldb
01-01 00:56:01.804  1379  1379 I LatinIME: Nuance API Initialized successfully
01-01 00:56:01.804  1379  1379 I LatinIME: Suggestion strip view visibility gone
01-01 00:56:01.805  1151  1538 D mEnabledInputMethodsStrCache: com.android.inputmethods.latin/.LatinIME
01-01 00:56:01.805  1151  1538 D systemLanguageCode: en__GB
01-01 00:56:01.805  1151  1538 D mEnabledInputMethodsStrCache: com.android.inputmethods.latin/.LatinIME
01-01 00:56:01.805  1151  1538 D mEnabledInputMethodsStrCache: com.android.inputmethods.latin/.LatinIME
01-01 00:56:01.805  1151  1538 D systemLanguageCode: en__GB
01-01 00:56:01.805  1151  1538 D mEnabledInputMethodsStrCache: com.android.inputmethods.latin/.LatinIME
01-01 00:56:02.018   729   748 I sssv-lib: sendMsg enter
01-01 00:56:02.018   729   748 I sssv-lib: sendMsg complete.
01-01 00:56:02.349  3675 17467 D UIAutomatorStub: URI: /jsonrpc/0, Method: POST, Header: {content-length=274, remote-addr=127.0.0.1, http-client-ip=127.0.0.1, host=localhost:9009, content-type=application/json, connection=close, accept-encoding=identity, user-agent=Python-urllib/2.7}, params, {NanoHttpd.QUERY_STRING=null}, files: {postData={"params": [{"childOrSiblingSelector": [], "scrollable": true, "mask": 16384, "childOrSibling": []}, {"childOrSiblingSelector": [], "text": "RSE_Test", "mask": 1, "childOrSibling": []}, true], "jsonrpc": "2.0", "method": "scrollTo", "id": "762cd782da7334e91e61b486ba9f2a0d"}}
01-01 00:56:02.349  3739  3739 W HMI2-SETTINGS - CI08.4: className -> WifiActivity | functionName -> handlePassOkClick:  | value -> handlePassOkClick with ssid :RSE_Test enter callFromdialogButton
01-01 00:56:02.352  3739  3739 W HMI2-SETTINGS - CI08.4: className -> WifiActivity | functionName -> hideSoftKeyboard | value -> hideSoftInputFromWindow id=true
01-01 00:56:02.353  1379  1379 E LatinIME: hideWindow Called
01-01 00:56:02.359  1151  1538 I WifiService: getWifiEnabledState uid=1000
01-01 00:56:02.360  3739  3739 W HMI2-SETTINGS - CI08.4: className -> WifiActivity | functionName -> removePassEnterWindow : callFrom  | value -> connectToWifi_isPasswordValid
01-01 00:56:02.366  3739  3739 W HMI2-SETTINGS: SWR_BAIDU_HMI_0015|FUN=WifiActivity::finallyConnect|0|networkSSID::RSE_Test|NotOpen|isWapiConnect:false
01-01 00:56:02.367  1151  1538 I WifiService: addOrUpdateNetwork uid=1000
01-01 00:56:02.367  1151  1538 I addOrUpdateNetwork:  uid = 1000 SSID "RSE_Test" nid=-1
01-01 00:56:02.367  1151  1317 D WifiConfiguration: configKey: false
01-01 00:56:02.368  1151  2229 D WindowManager: relayout packageName=com.android.inputmethods.latin::session=Session{ca2ba78 1379:1000}::window=android.view.IWindow$Stub$Proxy@464189::attrs.flags=800108
01-01 00:56:02.368  1151  2229 D WindowManager: relayout >>> FLAG_FULLSCREEN not set in WindowManager.LayoutParams
01-01 00:56:02.368  1151  2229 D WindowManager: startStatusReceiverServiceOnFlagSet: creating intent for action ACTION_ACTIVITY_FULLSCREEN
01-01 00:56:02.368  1151  1317 D WifiConfiguration: configKey: false
01-01 00:56:02.368  1151  1317 E WifiConfigManager: Cannot find network with networkId -1 or configKey "RSE_Test"WPA_PSK
01-01 00:56:02.368  1151  2229 W ContextImpl: Calling a method in the system process without a qualified user: android.app.ContextImpl.startService:1476 com.android.server.wm.Session.startStatusReceiverServiceOnFlagSet:762 com.android.server.wm.Session.relayout:276 android.view.IWindowSession$Stub.onTransact:286 com.android.server.wm.Session.onTransact:166 
01-01 00:56:02.369  1151  1317 D WifiConfiguration: configKey: false
01-01 00:56:02.369  1151  1317 E WifiConfigManager: Cannot find network with configKey "RSE_Test"WPA_PSK
01-01 00:56:02.369  1151  2229 D CompatibilityInfo: mCompatibilityFlags - 4
01-01 00:56:02.369  1151  2229 D CompatibilityInfo: applicationDensity - 240
01-01 00:56:02.369  1151  2229 D CompatibilityInfo: applicationScale - 1.0
01-01 00:56:02.370  1151  1317 D WifiConfiguration: configKey: false
01-01 00:56:02.370  1151  2229 D WindowManager: startStatusReceiverServiceOnFlagSet: startService done
01-01 00:56:02.375  1392  1392 W SYSTEM_UI: SWR_SYSTEM_UI_007|FUN=CollapsedStatusBarFragment::getAction |1|Broadcast action --> STATUS_UPDATE_ACTION
01-01 00:56:02.375  1392  1392 W SYSTEM_UI: SWR_SYSTEM_UI_007|FUN=CollapsedStatusBarFragment::getIntExtra |1|NotifySystemUpdates dataType --> 101
01-01 00:56:02.375  1392  1392 W SYSTEM_UI - CI07.3: className -> CollapsedStatusBarFragment | functionName -> NotifySystemUpdates | onReceive -->  | value -> FULLSCREEN MODE CHANGED | isFullScreenStatus --> false | fullScreenPackage -->com.android.inputmethods.latin | fullscreenLastShownPackage -->null | topActivityPackage --> com.panasonic.hmi2settings
01-01 00:56:02.375  1151  1317 D WifiConfiguration: configKey: false
01-01 00:56:02.375  1392  1392 W SYSTEM_UI - CI07.3: className -> CollapsedStatusBarFragment | functionName -> NotifySystemUpdates | onReceive -->  | value -> Fullscreen mode changed --> path 0
01-01 00:56:02.399  1151  1317 D WifiConfigStore: Writing to stores completed in 23 ms.
01-01 00:56:02.400  1151  1317 D WifiConfiguration: configKey: false
01-01 00:56:02.400  3739  3739 W HMI2-SETTINGS: SWR_BAIDU_HMI_0015|FUN=WifiActivity::addNetwork|0|Getting network id with addNetwork method.
01-01 00:56:02.400  3739  3739 W HMI2-SETTINGS - CI08.4: className -> WifiActivity | functionName -> connectNewNetwork : | value ->  addNetwork success netId->149
01-01 00:56:02.401  1151  1167 I WifiService: enableNetwork uid=1000 disableOthers=true
01-01 00:56:02.401  1151  1317 D WifiStateMachine: connectToUserSelectNetwork netId 149, uid 1000, forceReconnect = false
01-01 00:56:02.402  1151  1317 D WifiConfiguration: configKey: false
01-01 00:56:02.402  1151  1317 I chatty  : uid=1000(system) WifiStateMachin identical 1 line
01-01 00:56:02.403  1151  1317 D WifiConfiguration: configKey: false
01-01 00:56:02.423  1151  1317 D WifiConfigStore: Writing to stores completed in 19 ms.
01-01 00:56:02.424  1151  1317 D WifiConfiguration: configKey: false
01-01 00:56:02.425  1151  1317 I chatty  : uid=1000(system) WifiStateMachin identical 1 line
01-01 00:56:02.425  1151  1317 D WifiConfiguration: configKey: false
01-01 00:56:02.425  3739  3739 W HMI2-SETTINGS - CI08.4: className -> WifiActivity | functionName -> connectNewNetwork :  | value -> enable success netId->149
01-01 00:56:02.425  1151  1317 D WifiStateMachine: CMD_START_CONNECT sup state DisconnectedState my state DisconnectedState nid=149 roam=false
01-01 00:56:02.425  1151  1538 I WifiService: getWifiServiceMessenger uid=1000
01-01 00:56:02.426   808   808 W wificond: Scan is not started. Ignore abort request
01-01 00:56:02.426  3739  3739 W HMI2-SETTINGS: SWR_BAIDU_HMI_0015|SWR_BAIDU_HMI_0027|FUN=WifiActivity::connect|0|Connected to new network
01-01 00:56:02.426  3739  3739 W HMI2-SETTINGS - CI08.4: className -> WifiActivity | functionName -> finallyConnect : ssid-> | value -> "RSE_Test"|isClickedForConnection:false
01-01 00:56:02.426  1151  1316 D WifiService: New client listening to asynchronous messages
01-01 00:56:02.427  1151  1316 D WifiService: CONNECT  nid=149 uid=1000 name=android.uid.system:1000
01-01 00:56:02.427  1151  1316 D WifiService: Connect with networkId 149
01-01 00:56:02.429  1151  1317 D WifiConfiguration: configKey: false
01-01 00:56:02.430  1151  1317 D SupplicantStaIfaceHal: connectToNetwork "RSE_Test"WPA_PSK
01-01 00:56:02.433  3023  3023 E wpa_supplicant: Deregistering network from hidl control: 0
01-01 00:56:02.434  1151  1317 I SupplicantStaIfaceHal: addSupplicantStaNetwork via HIDL
01-01 00:56:02.434  3023  3023 E wpa_supplicant: Registering network to hidl control: 0
01-01 00:56:02.454  1151  1317 D WifiConfiguration: configKey: false
01-01 00:56:02.456  3023  3023 E wpa_supplicant: Notifying state change event to hidl control: 3
01-01 00:56:02.458  1151  1317 D WifiStateMachine: processMessage:  connect success 
01-01 00:56:02.458  1151  1317 D WifiStateMachine: processMessage: connect over
01-01 00:56:02.458  1151  1317 D WifiConfiguration: configKey: false
01-01 00:56:02.459  1151  1317 D WifiStateMachine: connectToUserSelectNetwork netId 149, uid 1000, forceReconnect = false
01-01 00:56:02.460  1151  1317 D WifiConfiguration: configKey: false
01-01 00:56:02.461  1151  1317 I chatty  : uid=1000(system) WifiStateMachin identical 1 line
01-01 00:56:02.464  1151  1317 D WifiConfiguration: configKey: false
01-01 00:56:02.485  1151  1317 D WifiConfigStore: Writing to stores completed in 21 ms.
01-01 00:56:02.487  1151  1317 D WifiConfiguration: configKey: false
01-01 00:56:02.487  1151  1317 D WifiConfiguration: configKey: false
01-01 00:56:02.488  3739  3757 E HMI2-SETTINGS - CI08.4: className -> WifiActivity | functionName -> mConnectListener | error ->onSuccess
01-01 00:56:02.490  2145  2145 D HMI_SERVICE: USE_CASE_NA|FUN=HmiApplication| [action] android.net.wifi.STATE_CHANGE
01-01 00:56:02.490  1392  1392 W SYSTEM_UI: SWR_SYSTEM_UI_008|FUN=CollapsedStatusBarFragment::AndroidEventReceiver | getAction |1|Broadcast action:android.net.wifi.STATE_CHANGE received
01-01 00:56:02.490  2145  2145 D HmiApplication: DetailedState:DISCONNECTED
01-01 00:56:02.490  2145  2145 W HMI_SERVICE: USE_CASE_NA|FUN=HmiApplication|executeLinuxCmdB2C command:6|isFromCManager:true
01-01 00:56:02.490  1392  1392 W SYSTEM_UI - CI07.3: className -> CollapsedStatusBarFragment | functionName -> AndroidEventReceiver | onReceive -->  | value -> Wifi connection status--> false
01-01 00:56:02.490  1392  1392 W SYSTEM_UI: SWR_SYSTEM_UI_008|FUN=CollapsedStatusBarFragment::isConnected |1|Wifi connection status--> false
01-01 00:56:02.490  1392  1392 W SYSTEM_UI - CI07.3: className -> CollapsedStatusBarFragment | functionName -> updateHermsDataType | value -> Update Herms Data Type :: networkType --> 0
01-01 00:56:02.490  1392  1392 W SYSTEM_UI - CI07.3: className -> CollapsedStatusBarFragment | functionName -> updateHermsDataType | value -> Update Herms Data Type :: isWebsiteSecure --> false
01-01 00:56:02.490  1508  1601 W QCNEJ   : |CORE| notifyWifiStatusChanged failed
01-01 00:56:02.490  1392  1392 W SYSTEM_UI - CI07.3: className -> CollapsedStatusBarFragment | functionName -> updateHermsDataType | value -> Update Herms Data Type :: connection status --> 1
01-01 00:56:02.490  1392  1392 W SYSTEM_UI - CI07.3: className -> CollapsedStatusBarFragment | functionName -> updateHermsDataType | value -> Update Herms Data Type :: data Transfer --> false
01-01 00:56:02.490  1508  1601 W QCNEJ   : |CORE| notifyRatConnectionStatusChanged failed
01-01 00:56:02.490  1392  1392 W SYSTEM_UI - CI07.3: className -> CollapsedStatusBarFragment | functionName -> updateHermsDataType | value -> Update Herms Data Type :: wifiConnectionStatus --> false
01-01 00:56:02.491  1392  1392 W SYSTEM_UI - CI07.3: className -> CollapsedStatusBarFragment | functionName -> updateHermsDataType | value -> path 2
01-01 00:56:02.491  1392  1392 W SYSTEM_UI - CI07.3: className -> CollapsedStatusBarFragment | functionName -> updateHermsDataType | value -> path 3
01-01 00:56:02.491  2677  2691 W ANDR_PERSISTENCY_CLIENT: SWR_PERSISTENCE_HV_LA_MF_0003|FUN=VCPUPersistenceService::executeLinuxBackgroundCommand |0|msg: param [6]
01-01 00:56:02.491  2677  2691 W ANDR_PERSISTENCY_CLIENT: SWR_PERSISTENCE_HV_LA_MF_0005|FUN=TCPHandler:: getInstance |2|msg: invoked 
01-01 00:56:02.491  2677  2691 W ANDR_PERSISTENCY_CLIENT: SWR_PERSISTENCE_HV_LA_MF_0005|FUN=TCPHandler:: sendWriteRequestToPersistenceLinuxInt |2|data= [6]key= 0 commandKey= 10
01-01 00:56:02.491  2677  2691 W ANDR_PERSISTENCY_CLIENT: SWR_PERSISTENCE_HV_LA_MF_0005|FUN=TCPHandler:: getUID |2|msg: invoked 
01-01 00:56:02.491  2677  2691 W ANDR_PERSISTENCY_CLIENT: SWR_PERSISTENCE_HV_LA_MF_0005|FUN=TCPHandler:: setAction |2|msg:setAction=1
01-01 00:56:02.491  2677  2691 W ANDR_PERSISTENCY_CLIENT: SWR_PERSISTENCE_HV_LA_MF_0005|FUN=TCPHandler:: setUID |2|msg:uid=22
01-01 00:56:02.491  2677  2691 W ANDR_PERSISTENCY_CLIENT: SWR_PERSISTENCE_HV_LA_MF_0005|FUN=TCPHandler:: setKey |2|msg:uid=22
01-01 00:56:02.491  2677  2691 W ANDR_PERSISTENCY_CLIENT: SWR_PERSISTENCE_HV_LA_MF_0005|FUN=TCPHandler::setCommandKey|2|msg:commandKey=10
01-01 00:56:02.491  2677  2691 W ANDR_PERSISTENCY_CLIENT: SWR_PERSISTENCE_HV_LA_MF_0005|FUN=TCPHandler:: registerCallBack |2|invoked 
01-01 00:56:02.492  2677  2691 W ANDR_PERSISTENCY_CLIENT: SWR_PERSISTENCE_HV_LA_MF_0005|FUN=TCPHandler::start|2|msg: byteArrayToInt : b [6]
01-01 00:56:02.492  2677  2691 W ANDR_PERSISTENCY_CLIENT: SWR_PERSISTENCE_HV_LA_MF_0005|FUN=TCPHandler::sendWriteRequestToPersistenceLinuxInt|2|listKey=22_10;keyString=0x00;key=0;command=6
01-01 00:56:02.492  2677  2725 W ANDR_PERSISTENCY_CLIENT: SWR_PERSISTENCE_HV_LA_MF_0005|FUN=TCPHandler:: getAction |2|msg:getAction=1
01-01 00:56:02.492  2677  2725 W ANDR_PERSISTENCY_CLIENT: SWR_PERSISTENCE_HV_LA_MF_0005|FUN=TCPHandler:: sender:ACTION_REQUEST |2|msg:condition 
01-01 00:56:02.492  2677  2725 W ANDR_PERSISTENCY_CLIENT: SWR_PERSISTENCE_HV_LA_MF_0005|FUN=TCPHandler:: getWrappedData |2|msg: msg com.panasonic.dairse.vcpupersistence.TCPHandler$Message@8eb0fbd
01-01 00:56:02.492  2677  2725 W ANDR_PERSISTENCY_CLIENT: SWR_PERSISTENCE_HV_LA_MF_0005|FUN=TCPHandler::getCommandKey|2|msg:commandKey=10
01-01 00:56:02.492  2677  2725 W ANDR_PERSISTENCY_CLIENT: SWR_PERSISTENCE_HV_LA_MF_0005|FUN=TCPHandler:: intToBytes |2| data 1
01-01 00:56:02.492  2677  2725 W ANDR_PERSISTENCY_CLIENT: SWR_PERSISTENCE_HV_LA_MF_0005|FUN=TCPHandler:: intToBytes |2| data 13
01-01 00:56:02.492  2677  2725 W ANDR_PERSISTENCY_CLIENT: SWR_PERSISTENCE_HV_LA_MF_0005|FUN=TCPHandler:: getUID |2|msg:uid=22
01-01 00:56:02.492  2677  2725 W ANDR_PERSISTENCY_CLIENT: SWR_PERSISTENCE_HV_LA_MF_0005|FUN=TCPHandler::start|2|msg:sender::msg=[0, 0, 0, 13, 1, 22, 10, 4, 48, 120, 48, 48, 0, 0, 0, 1, 6]
01-01 00:56:02.493  2677  2725 W ANDR_PERSISTENCY_CLIENT: SWR_PERSISTENCE_HV_LA_MF_0005|FUN=TCPHandler:: sender : Thread.interrupted() |2|msg:condition 
01-01 00:56:02.494  3675 17467 E QueryController: Got null root node from accessibility - Retrying...
01-01 00:56:02.495  2677  2726 W ANDR_PERSISTENCY_CLIENT: SWR_PERSISTENCE_HV_LA_MF_0005|FUN=TCPHandler::start|2|msg:receiver::run: size of totalLength 4
01-01 00:56:02.495  2677  2726 W ANDR_PERSISTENCY_CLIENT: SWR_PERSISTENCE_HV_LA_MF_0005|FUN=TCPHandler::start|2|msg:receiver::run: totalLength is > 0
01-01 00:56:02.496  2677  2726 W ANDR_PERSISTENCY_CLIENT: SWR_PERSISTENCE_HV_LA_MF_0005|FUN=TCPHandler::start|2|msg:receiver::response length= 12
01-01 00:56:02.496  2677  2726 W ANDR_PERSISTENCY_CLIENT: SWR_PERSISTENCE_HV_LA_MF_0005|FUN=TCPHandler::handleInBoundData|2|message=[0, 22, 10, 0, 0, 0, 0, 4, 1, 0, 0, 0]
01-01 00:56:02.496  2677  2726 W ANDR_PERSISTENCY_CLIENT: SWR_PERSISTENCE_HV_LA_MF_0005|FUN=TCPHandler::handleInBoundData|2|msg:response listKey=22_10
01-01 00:56:02.496  2677  2726 W ANDR_PERSISTENCY_CLIENT: SWR_PERSISTENCE_HV_LA_MF_0005|FUN=TCPHandler::handleInBoundData|2|msg:TCPHandler.handleInBoundData success response=0
01-01 00:56:02.496  2677  2726 W ANDR_PERSISTENCY_CLIENT: SWR_PERSISTENCE_HV_LA_MF_0005|FUN=TCPHandler::isB2cResponce|2|msg: message [0, 22, 10, 0, 0, 0, 0, 4, 1, 0, 0, 0]
01-01 00:56:02.496  2677  2726 W ANDR_PERSISTENCY_CLIENT: SWR_PERSISTENCE_HV_LA_MF_0005|FUN=TCPHandler::handleInBoundData|2|msg:  isB2cResponce
01-01 00:56:02.496  2677  2726 W ANDR_PERSISTENCY_CLIENT: SWR_PERSISTENCE_HV_LA_MF_0005|FUN=TCPHandler::sendResponse|2|msg:send Response using IVCPUServiceCallBack=[0, 22, 10, 0, 0, 0, 0, 4, 1, 0, 0, 0]
01-01 00:56:02.496  2677  2726 W ANDR_PERSISTENCY_CLIENT: SWR_PERSISTENCE_HV_LA_MF_0005|FUN=TCPHandler::sendResponse|2|msg:send Response using IVCPUServiceCallBack=[0, 22, 10, 0, 0, 0, 0, 4, 1, 0, 0, 0]
01-01 00:56:02.497  2145  8389 W HMI_SERVICE: USE_CASE_NA|FUN=HmiApplication|executeLinuxCmdConnection responseData:[0, 22, 10, 0, 0, 0, 0, 4, 1, 0, 0, 0]
01-01 00:56:02.497  2145  8389 W HMI_SERVICE: USE_CASE_NA|FUN=HmiApplication|executeLinuxCmdConnection responseData=not valid:16777216
01-01 00:56:02.497  2145  8389 W HMI_SERVICE: USE_CASE_NA|FUN=HmiApplication|executeLinuxCmdConnection responseReturnData=
01-01 00:56:02.497  2145  8389 W HMI_SERVICE: USE_CASE_NA|FUN=HmiApplication|executeLinuxCmdB2C response=true
01-01 00:56:02.499  1151  1317 D WifiStateMachine: CMD_START_CONNECT sup state DisconnectedState my state DisconnectedState nid=149 roam=false
01-01 00:56:02.501  1508  1601 W QCNEJ   : |CORE| notifyWifiStatusChanged failed
01-01 00:56:02.501  1508  1601 W QCNEJ   : |CORE| notifyRatConnectionStatusChanged failed
01-01 00:56:02.502  2145  2145 D HMI_SERVICE: USE_CASE_NA|FUN=HmiApplication| [action] android.net.wifi.STATE_CHANGE
01-01 00:56:02.503  1392  1392 W SYSTEM_UI: SWR_SYSTEM_UI_008|FUN=CollapsedStatusBarFragment::AndroidEventReceiver | getAction |1|Broadcast action:android.net.wifi.STATE_CHANGE received
01-01 00:56:02.503  1392  1392 W SYSTEM_UI - CI07.3: className -> CollapsedStatusBarFragment | functionName -> AndroidEventReceiver | onReceive -->  | value -> Wifi connection status--> false
01-01 00:56:02.503  1392  1392 W SYSTEM_UI: SWR_SYSTEM_UI_008|FUN=CollapsedStatusBarFragment::isConnected |1|Wifi connection status--> false
01-01 00:56:02.503  1392  1392 W SYSTEM_UI - CI07.3: className -> CollapsedStatusBarFragment | functionName -> updateHermsDataType | value -> Update Herms Data Type :: networkType --> 0
01-01 00:56:02.503  1392  1392 W SYSTEM_UI - CI07.3: className -> CollapsedStatusBarFragment | functionName -> updateHermsDataType | value -> Update Herms Data Type :: isWebsiteSecure --> false
01-01 00:56:02.503  1392  1392 W SYSTEM_UI - CI07.3: className -> CollapsedStatusBarFragment | functionName -> updateHermsDataType | value -> Update Herms Data Type :: connection status --> 1
01-01 00:56:02.504  1392  1392 W SYSTEM_UI - CI07.3: className -> CollapsedStatusBarFragment | functionName -> updateHermsDataType | value -> Update Herms Data Type :: data Transfer --> false
01-01 00:56:02.504  1392  1392 W SYSTEM_UI - CI07.3: className -> CollapsedStatusBarFragment | functionName -> updateHermsDataType | value -> Update Herms Data Type :: wifiConnectionStatus --> false
01-01 00:56:02.504  1392  1392 W SYSTEM_UI - CI07.3: className -> CollapsedStatusBarFragment | functionName -> updateHermsDataType | value -> path 2
01-01 00:56:02.504  1392  1392 W SYSTEM_UI - CI07.3: className -> CollapsedStatusBarFragment | functionName -> updateHermsDataType | value -> path 3
01-01 00:56:02.505  3739  3739 E HMI2-SETTINGS - CI08.4: className -> WifiActivity | functionName -> mWifiScanReceiver -> onReceive | error ->intent_action:android.net.wifi.CONFIGURED_NETWORKS_CHANGE
01-01 00:56:02.506   808   808 W wificond: Scan is not started. Ignore abort request
01-01 00:56:02.506  1151  1538 I WifiService: getWifiEnabledState uid=1000
01-01 00:56:02.507  3739  3739 W HMI2-SETTINGS: SWR_BAIDU_HMI_0020|FUN=WifiActivity::handleConnectedNetworkVisibility|0|getWifiStat::true
01-01 00:56:02.508  1151  1167 I WifiService: getConfiguredNetworks uid=1000
01-01 00:56:02.512  1151  1317 D WifiConfiguration: configKey: false
01-01 00:56:02.512  1151  1317 D SupplicantStaIfaceHal: connectToNetwork "RSE_Test"WPA_PSK
01-01 00:56:02.512  1151  1317 D SupplicantStaIfaceHal: Network is already saved, will not trigger remove and add operation.
01-01 00:56:02.513  1151  1317 D WifiStateMachine: processMessage:  connect success 
01-01 00:56:02.513  1151  1317 D WifiStateMachine: processMessage: connect over
01-01 00:56:02.513  1151  1317 D WifiConfiguration: configKey: false
01-01 00:56:02.516  2145  2145 D HMI_SERVICE: USE_CASE_NA|FUN=HmiApplication| [action] android.net.wifi.supplicant.STATE_CHANGE
01-01 00:56:02.517  3739  3739 W HMI2-SETTINGS - CI08.4: className -> WifiActivity | functionName -> getSavedNetworkList | value -> config.netID ->149
01-01 00:56:02.517  3739  3739 W HMI2-SETTINGS - CI08.4: className -> WifiActivity | functionName -> getSavedNetworkList | value -> config.SSID ->"RSE_Test"
01-01 00:56:02.517  3739  3739 W HMI2-SETTINGS - CI08.4: className -> WifiActivity | functionName -> getSavedNetworkList | value -> config.BSSID ->null
01-01 00:56:02.517  3739  3739 W HMI2-SETTINGS: SWR_BAIDU_HMI_0027|SWR_BAIDU_HMI_0015|FUN=WifiActivity::getScanResults|1|Get list of available wifi hotspots.
01-01 00:56:02.526  3739  3739 W HMI2-SETTINGS - CI08.4: className -> WifiActivity | functionName -> isWapiVariantBlocked | value -> security_type:2
01-01 00:56:02.526  3739  3739 W HMI2-SETTINGS - CI08.4: className -> WifiActivity | functionName -> isInConnected | value -> | ACSIA_CORP3|0|2
01-01 00:56:02.526  3739  3739 W HMI2-SETTINGS - CI08.4: className -> WifiActivity | functionName -> isWapiVariantBlocked | value -> security_type:2
01-01 00:56:02.526  3739  3739 W HMI2-SETTINGS - CI08.4: className -> WifiActivity | functionName -> isInConnected | value -> |ACSIA_Management|0|2
01-01 00:56:02.526  3739  3739 W HMI2-SETTINGS - CI08.4: className -> WifiActivity | functionName -> isWapiVariantBlocked | value -> security_type:2
01-01 00:56:02.526  3739  3739 W HMI2-SETTINGS - CI08.4: className -> WifiActivity | functionName -> isInConnected | value -> |ACSIA_CORP2|0|2
01-01 00:56:02.526  3739  3739 W HMI2-SETTINGS - CI08.4: className -> WifiActivity | functionName -> isWapiVariantBlocked | value -> security_type:2
01-01 00:56:02.526  3739  3739 W HMI2-SETTINGS - CI08.4: className -> WifiActivity | functionName -> isInConnected | value -> |ACSIA_DEV|0|2
