01-01 00:46:44.191  2677  2726 W ANDR_PERSISTENCY_CLIENT: SWR_PERSISTENCE_HV_LA_MF_0005|FUN=TCPHandler::sendResponseToSettings|2|message=[0, -13, 5, 0, 0, 0, 14, -4, 32, 50, 53, 51, 32, 32, 32, 32, 32, 32, 32, 48, 32, 122, 114, 97, 109, 48, 32, 48, 32, 48, 32, 48, 32, 48, 32, 48, 32, 48, 32, 48, 32, 48, 32, 48, 32, 48, 32, 48, 10, 32, 50, 53, 51, 32, 32, 32, 32, 32, 32, 32, 49, 32, 122, 114, 97, 109, 49, 32, 48, 32, 48, 32, 48, 32, 48, 32, 48, 32, 48, 32, 48, 32, 48, 32, 48, 32, 48, 32, 48, 10, 32, 50, 53, 51, 32, 32, 32, 32, 32, 32, 32, 50, 32, 122, 114, 97, 109, 50, 32, 48, 32, 48, 32, 48, 32, 48, 32, 48, 32, 48, 32, 48, 32, 48, 32, 48, 32, 48, 32, 48, 10, 32, 50, 53, 51, 32, 32, 32, 32, 32, 32, 32, 51, 32, 122, 114, 97, 109, 51, 32, 48, 32, 48, 32, 48, 32, 48, 32, 48, 32, 48, 32, 48, 32, 48, 32, 48, 32, 48, 32, 48, 10, 32, 49, 55, 57, 32, 32, 32, 32, 32, 32, 32, 48, 32, 109, 109, 99, 98, 108, 107, 48, 32, 49, 52, 53, 51, 55, 32, 50, 55, 54, 32, 51, 52, 56, 51, 56, 57, 57, 32, 50, 50, 57, 48, 52, 32, 53, 53, 49, 50, 48, 32, 56, 48, 52, 55, 55, 50, 32, 49, 48, 55, 53, 48, 55, 48, 32, 54, 52, 54, 52, 48, 32, 48, 32, 54, 50, 50, 52, 48, 32, 56, 55, 52, 52, 48, 10, 32, 49, 55, 57, 32, 32, 32, 32, 32, 32, 32, 49, 32, 109, 109, 99, 98, 108, 107, 48, 112, 49, 32, 49, 32, 48, 32, 49, 54, 32, 48, 32, 48, 32, 48, 32, 48, 32, 48, 32, 48, 32, 48, 32, 48, 10, 32, 49, 55, 57, 32, 32, 32, 32, 32, 32, 32, 50, 32, 109, 109, 99, 98, 108, 107, 48, 112, 50, 32, 57, 32, 48, 32, 52, 54, 52, 32, 52, 32, 48, 32, 48, 32, 48, 32, 48, 32, 48, 32, 52, 32, 52, 10, 32, 49, 55, 57, 32, 32, 32, 32, 32, 32, 32, 51, 32, 109, 109, 99, 98, 108, 107, 48, 112, 51, 32, 57, 32, 48, 32, 52, 54, 52, 32, 52, 32, 48, 32, 48, 32, 48, 32, 48, 32, 48, 32, 52, 32, 52, 10, 32, 49, 55, 57, 32, 32, 32, 32, 32, 32, 32, 52, 32, 109, 109, 99, 98, 108, 107, 48, 112, 52, 32, 50, 51, 32, 48, 32, 51, 56, 48, 56, 32, 54, 56, 32, 48, 32, 48, 32, 48, 32, 48, 32, 48, 32, 53, 54, 32, 54, 56, 10, 32, 49, 55, 57, 32, 32, 32, 32, 32, 32, 32, 53, 32, 109, 109, 99, 98, 108, 107, 48, 112, 53, 32, 49, 54, 32, 48, 32, 53, 55, 54, 32, 53, 50, 32, 51, 32, 48, 32, 50, 52, 32, 48, 32, 48, 32, 53, 50, 32, 53, 50, 10, 32, 49, 55, 57, 32, 32, 32, 32, 32, 32, 32, 54, 32, 109, 109, 99, 98, 108, 107, 48, 112, 54, 32, 49, 51, 32, 48, 32, 52, 57, 54, 32, 52, 32, 54, 32, 48, 32, 52, 56, 32, 52, 32, 48, 32, 56, 32, 56, 10, 32, 49, 55, 57, 32, 32, 32, 32, 32, 32, 32, 55, 32, 109, 109, 99, 98, 108, 107, 48, 112, 55, 32, 49, 54, 32, 48, 32, 49, 50, 56, 32, 48, 32, 48, 32, 48, 32, 48, 32, 48, 32, 48, 32, 48, 32, 48, 10, 32, 49, 55, 57, 32, 32, 32, 32, 32, 32, 32, 56, 32, 109, 109, 99, 98, 108, 107, 48, 112, 56, 32, 49, 48, 32, 48, 32, 52, 55, 50, 32, 52, 32, 48, 32, 48, 32, 48, 32, 48, 32, 48, 32, 52, 32, 52, 10, 32, 49, 55, 57, 32, 32, 32, 32, 32, 32, 32, 57, 32, 109, 109, 99, 98, 108, 107, 48, 112, 57, 32, 55, 53, 32, 48, 32, 56, 53, 56, 32, 49, 50, 32, 48, 32, 48, 32, 48, 32, 48, 32, 48, 32, 49, 50, 32, 49, 50, 10, 32, 49, 55, 57, 32, 32, 32, 32, 32, 32, 49, 48, 32, 109, 109, 99, 98, 108, 107, 48, 112, 49, 48, 32, 49, 48, 32, 48, 32, 52, 55, 50, 32, 48, 32, 48, 32, 48, 32, 48, 32, 48, 32, 48, 32, 48, 32, 48, 10, 32, 49, 55, 57, 32, 32, 32, 32, 32, 32, 49, 49, 32, 109, 109, 99, 98, 108, 107, 48, 112, 49, 49, 32, 49, 32, 48, 32, 56, 32, 48, 32, 48, 32, 48, 32, 48, 32, 48, 32, 48, 32, 48, 32, 48, 10, 32, 49, 55, 57, 32, 32, 32, 32, 32, 32, 49, 50, 32, 109, 109, 99, 98, 108, 107, 48, 112, 49, 50, 32, 51, 48, 32, 48, 32, 50, 52, 48, 32, 52, 32, 48, 32, 48, 32, 48, 32, 48, 32, 48, 32, 52, 32, 52, 10, 32, 49, 55, 57, 32, 32, 32, 32, 32, 32, 49, 51, 32, 109, 109, 99, 98, 108, 107, 48, 112, 49, 51, 32, 51, 48, 32, 48, 32, 50, 52, 48, 32, 56, 32, 48, 32, 48, 32, 48, 32, 48, 32, 48, 32, 56, 32, 56, 10, 32, 49, 55, 57, 32, 32, 32, 32, 32, 32, 49, 52, 32, 109, 109, 99, 98, 108, 107, 48, 112, 49, 52, 32, 51, 48, 32, 48, 32, 50, 52, 48, 32, 52, 32, 48, 32, 48, 32, 48, 32, 48, 32, 48, 32, 52, 32, 52, 10, 32, 49, 55, 57, 32, 32, 32, 32, 32, 32, 49, 53, 32, 109, 109, 99, 98, 108, 107, 48, 112, 49, 53, 32, 51, 48, 32, 48, 32,
01-01 00:46:44.191  2677  2726 W ANDR_PERSISTENCY_CLIENT: SWR_PERSISTENCE_HV_LA_MF_0005|FUN=TCPHandler::sendResponseToSettings|2|;success=truelength 3844
01-01 00:46:44.191  2677  2726 W ANDR_PERSISTENCY_CLIENT: SWR_PERSISTENCE_HV_LA_MF_0005|FUN=TCPHandler::sendResponseToSettings|2| length>8
01-01 00:46:44.191  2677  2726 W ANDR_PERSISTENCY_CLIENT: SWR_PERSISTENCE_HV_LA_MF_0005|FUN=TCPHandler:: bytesToInt |2| data [B@95d03b2
01-01 00:46:44.191  2677  2726 W ANDR_PERSISTENCY_CLIENT: SWR_PERSISTENCE_HV_LA_MF_0005|FUN=TCPHandler::sendResponseToSettings|2| dataLength 3836
01-01 00:46:44.191  2677  2726 W ANDR_PERSISTENCY_CLIENT: SWR_PERSISTENCE_HV_LA_MF_0005|FUN=TCPHandler::sendResponseToSettings|2| dataLength > 0 
01-01 00:46:44.191  2677  2726 W ANDR_PERSISTENCY_CLIENT: SWR_PERSISTENCE_HV_LA_MF_0005|FUN=TCPHandler::sendResponseToSettings|2| dataLength [B@166ff03
01-01 00:46:44.191  2677  2726 W ANDR_PERSISTENCY_CLIENT: SWR_PERSISTENCE_HV_LA_MF_0005|FUN=TCPHandler::sendResponseToSettings 2|2|msg:dataString= 253       0 zram0 0 0 0 0 0 0 0 0 0 0 0
01-01 00:46:44.191  2677  2726 W ANDR_PERSISTENCY_CLIENT:  253       1 zram1 0 0 0 0 0 0 0 0 0 0 0
01-01 00:46:44.191  2677  2726 W ANDR_PERSISTENCY_CLIENT:  253       2 zram2 0 0 0 0 0 0 0 0 0 0 0
01-01 00:46:44.191  2677  2726 W ANDR_PERSISTENCY_CLIENT:  253       3 zram3 0 0 0 0 0 0 0 0 0 0 0
01-01 00:46:44.191  2677  2726 W ANDR_PERSISTENCY_CLIENT:  179       0 mmcblk0 14537 276 3483899 22904 55120 804772 1075070 64640 0 62240 87440
01-01 00:46:44.191  2677  2726 W ANDR_PERSISTENCY_CLIENT:  179       1 mmcblk0p1 1 0 16 0 0 0 0 0 0 0 0
01-01 00:46:44.191  2677  2726 W ANDR_PERSISTENCY_CLIENT:  179       2 mmcblk0p2 9 0 464 4 0 0 0 0 0 4 4
01-01 00:46:44.191  2677  2726 W ANDR_PERSISTENCY_CLIENT:  179       3 mmcblk0p3 9 0 464 4 0 0 0 0 0 4 4
01-01 00:46:44.191  2677  2726 W ANDR_PERSISTENCY_CLIENT:  179       4 mmcblk0p4 23 0 3808 68 0 0 0 0 0 56 68
01-01 00:46:44.191  2677  2726 W ANDR_PERSISTENCY_CLIENT:  179       5 mmcblk0p5 16 0 576 52 3 0 24 0 0 52 52
01-01 00:46:44.191  2677  2726 W ANDR_PERSISTENCY_CLIENT:  179       6 mmcblk0p6 13 0 496 4 6 0 48 4 0 8 8
01-01 00:46:44.191  2677  2726 W ANDR_PERSISTENCY_CLIENT:  179       7 mmcblk0p7 16 0 128 0 0 0 0 0 0 0 0
01-01 00:46:44.191  2677  2726 W ANDR_PERSISTENCY_CLIENT:  179       8 mmcblk0p8 10 0 472 4 0 0 0 0 0 4 4
01-01 00:46:44.191  2677  2726 W ANDR_PERSISTENCY_CLIENT:  179       9 mmcblk0p9 75 0 858 12 0 0 0 0 0 12 12
01-01 00:46:44.191  2677  2726 W ANDR_PERSISTENCY_CLIENT:  179      10 mmcblk0p10 10 0 472 0 0 0 0 0 0 0 0
01-01 00:46:44.191  2677  2726 W ANDR_PERSISTENCY_CLIENT:  179      11 mmcblk0p11 1 0 8 0 0 0 0 0 0 0 0
01-01 00:46:44.191  2677  2726 W ANDR_PERSISTENCY_CLIENT:  179      12 mmcblk0p12 30 0 240 4 0 0 0 0 0 4 4
01-01 00:46:44.191  2677  2726 W ANDR_PERSISTENCY_CLIENT:  179      13 mmcblk0p13 30 0 240 8 0 0 0 0 0 8 8
01-01 00:46:44.191  2677  2726 W ANDR_PERSISTENCY_CLIENT:  179      14 mmcblk0p14 30 0 240 4 0 0 0 0 0 4 4
01-01 00:46:44.191  2677  2726 W ANDR_PERSISTENCY_CLIENT:  179      15 mmcblk0p15 30 0 240 0 0 0 0 0 0 0 0
01-01 00:46:44.191  2677  2726 W ANDR_PERSISTENCY_CLIENT:  179      16 mmcblk0p16 20 0 160 4 0 0 0 0 0 4 4
01-01 00:46:44.191  2677  2726 W ANDR_PERSISTENCY_CLIENT:  179      17 mmcblk0p17 20 0 160 8 0 0 0 0 0 8 8
01-01 00:46:44.191  2677  2726 W ANDR_PERSISTENCY_CLIENT:  179      18 mmcblk0p18 20 0 160 8 0 0 0 0 0 8 8
01-01 00:46:44.191  2677  2726 W ANDR_PERSISTENCY_CLIENT:  179      19 mmcblk0p19 20 0 160 0 0 0 0 0 0 0 0
01-01 00:46:44.191  2677  2726 W ANDR_PERSISTENCY_CLIENT:  179      20 mmcblk0p20 20 0 160 0 0 0 0 0 0 0 0
01-01 00:46:44.191  2677  2726 W ANDR_PERSISTENCY_CLIENT:  179      21 mmcblk0p21 20 0 160 4 0 0 0 0 0 4 4
01-01 00:46:44.191  2677  2726 W ANDR_PERSISTENCY_CLIENT:  179      22 mmcblk0p22 9 0 464 0 0 0 0 0 0 0 0
01-01 00:46:44.191  2677  2726 W ANDR_PERSISTENCY_CLIENT:  179      23 mmcblk0p23 18 0 144 0 0 0 0 0 0 0 0
01-01 00:46:44.191  2677  2726 W ANDR_PERSISTENCY_CLIENT:  179      24 mmcblk0p24 18 0 144 4 0 0 0 0 0 4 4
01-01 00:46:44.191  2677  2726 W ANDR_PERSISTENCY_CLIENT:  179      25 mmcblk0p25 22 0 176 4 0 0 0 0 0 4 4
01-01 00:46:44.191  2677  2726 W ANDR_PERSISTENCY_CLIENT:  179      26 mmcblk0p26 22 0 176 0 0 0 0 0 0 0 0
01-01 00:46:44.191  2677  2726 W ANDR_PERSISTENCY_CLIENT:  179      27 mmcblk0p27 40 0 4128 32 0 0 0 0 0 24 32
01-01 00:46:44.191  2677  2726 W ANDR_PERSISTENCY_CLIENT:  179      28 mmcblk0p28 40 0 4128 64 0 0 0 0 0 40 64
01-01 00:46:44.191  2677  2726 W ANDR_PERSISTENCY_CLIENT:  179      29 mmcblk0p29 17 0 4008 40 0 0 0 0 0 24 40
01-01 00:46:44.191  2677  2726 W ANDR_PERSISTENCY_CLIENT:  179      30 mmcblk0p30 4965 3 1997096 9172 0 0 0 0 0 6920 9168
01-01 00:46:44.191  2677  2726 W ANDR_PERSISTENCY_CLIENT:  179      31 mmcblk0p31 17 0 4008 36 0 0 0 0 0 20 36
01-01 00:46:44.191  2677  2726 W ANDR_PERSISTENCY_CLIENT:  259       0 mmcblk0p32 1390 0 348344 1740 0 0 0 0 0 1504 1732
01-01 00:46:44.191  2677  2726 W ANDR_PERSISTENCY_CLIENT:  259       1 mmcblk0p33 20 0 160 28 0 0 0 0 0 28 28
01-01 00:46:44.191  2677  2726 W ANDR_PERSISTENCY_CLIENT:  259       2 mmcblk0p34 20 0 160 20 0 0 0 0 0 20 20
01-01 00:46:44.191  2677  2726 W ANDR_PERSISTENCY_CLIENT:  259       3 mmcblk0p35 18 0 144 16 0 0 0 0 0 16 16
01-01 00:46:44.191  2677  2726 W ANDR_PERSISTENCY_CLIENT:  259       4 mmcblk0p36 18 0 144 8 0 0 0 0 0 8 8
01-01 00:46:44.191  2677  2726 W ANDR_PERSISTENCY_CLIENT:  259       5 mmcblk0p37 20 0 160 0 0 0 0 0 0 0 0
01-01 00:46:44.191  2677  2726 W ANDR_PERSISTENCY_CLIENT:  259       6 mmcblk0p38 20 0 160 0 0 0 0 0 0 0 0
01-01 00:46:44.191  2677  2726 W ANDR_PERSISTENCY_CLIENT:  259       7 mmcblk0p39 17 0 4008 12 0 0 0 0 0 8 12
01-01 00:46:44.191  2677  2726 W ANDR_PERSISTENCY_CLIENT:  259       8 mmcblk0p40 188 0 151072 516 0 0 0 0 0 464 516
01-01 00:46:44.191  2677  2726 W ANDR_PERSISTENCY_CLIENT:  259       9 mmcblk0p41 11 0 2000 12 0 0 0 0 0 8 12
01-01 00:46:44.191  2677  2726 W ANDR_PERSISTENCY_CLIENT:  259      10 mmcblk0p42 25 0 5152 28 0 0 0 0 0 16 28
01-01 00:46:44.191  2677  2726 W ANDR_PERSISTENCY_CLIENT:  259      11 mmcblk0p43 22 0 176 8 0 0 0 0 0 8 8
01-01 00:46:44.191  2677  2726 W ANDR_PERSISTENCY_CLIENT:  259      12 mmcblk0p44 32 0 1136 12 0 0 0 0 0 12 12
01-01 00:46:44.191  2677  2726 W ANDR_PERSISTENCY_CLIENT:  259      13 mmcblk0p45 1 0 2 0 0 0 0 0 0 0 0
01-01 00:46:44.191  2677  2726 W ANDR_PERSISTENCY_CLIENT:  259      14 mmcblk0p46 18 0 144 4 0 0 0 0 0 4 4
01-01 00:46:44.191  2677  2726 W ANDR_PERSISTENCY_CLIENT:  259      15 mmcblk0p47 18 0 144 0 0 0 0 0 0 0 0
01-01 00:46:44.191  2677  2726 W ANDR_PERSISTENCY_CLIENT:  259      16 mmcblk0p48 2 0 4 4 0 0 0 0 0 4 4
01-01 00:46:44.191  2677  2726 W ANDR_PERSISTENCY_CLIENT:  259      17 mmcblk0p49 11 0 2000 8 0 0 0 0 0 4 8
01-01 00:46:44.191  2677  2726 W ANDR_PERSISTENCY_CLIENT:  259      18 mmcblk0p50 22 0 176 0 0 0 0 0 0 0 0
01-01 00:46:44.191  2677  2726 W ANDR_PERSISTENCY_CLIENT:  259      19 mmcblk0p51 18 0 144 0 0 0 0 0 0 0 0
01-01 00:46:44.191  2677  2726 W ANDR_PERSISTENCY_CLIENT:  259      20 mmcblk0p52 3 0 168 4 0 0 0 0 0 4 4
01-01 00:46:44.191  2677  2726 W ANDR_PERSISTENCY_CLIENT:  259      21 mmcblk0p53 9 0 1256 0 0 0 0 0 0 0 0
01-01 00:46:44.191  2677  2726 W ANDR_PERSISTENCY_CLIENT:  259      22 mmcblk0p54 32 0 256 20 0 0 0 0 0 20 20
01-01 00:46:44.191  2677  2726 W ANDR_PERSISTENCY_CLIENT:  259      23 mmcblk0p55 20 0 2064 24 0 0 0 0 0 16 24
01-01 00:46:44.191  2677  2726 W ANDR_PERSISTENCY_CLIENT:  259      24 mmcblk0p56 2789 113 261462 6436 1256 684 29096 1704 0 3480 8140
01-01 00:46:44.191  2677  2726 W ANDR_PERSISTENCY_CLIENT:  259      25 mmcblk0p57 23 0 2504 16 9 8 136 16 0 28 32
01-01 00:46:44.191  2677  2726 W ANDR_PERSISTENCY_CLIENT:  259      26 mmcblk0p58 230 0 61056 296 1471 22463 191472 6380 0 4640 6672
01-01 00:46:44.191  2677  2726 W ANDR_PERSISTENCY_CLIENT:  259      27 mmcblk0p59 523 157 28472 336 261 241 44756 1948 0 584 2284
01-01 00:46:44.191  2677  2726 W ANDR_PERSISTENCY_CLIENT:  259      28 mmcblk0p60 1 0 2 0 0 0 0 0 0 0 0
01-01 00:46:44.191  2677  2726 W ANDR_PERSISTENCY_CLIENT:  259      29 mmcblk0p61 5 0 432 8 0 0 0 0 0 8 8
01-01 00:46:44.191  2677  2726 W ANDR_PERSISTENCY_CLIENT:  259      30 mmcblk0p62 12 2 106 32 0 0 0 0 0 32 32
01-01 00:46:44.191  2677  2726 W ANDR_PERSISTENCY_CLIENT:  259      31 mmcblk0p63 18 0 144 4 0 0 0 0 0 4 4
01-01 00:46:44.191  2677  2726 W ANDR_PERSISTENCY_CLIENT:  259      32 mmcblk0p64 18 0 144 4 0 0 0 0 0 4 4
01-01 00:46:44.191  2677  2726 W ANDR_PERSISTENCY_CLIENT:  259      33 mmcblk0p65 20 0 160 8 0 0 0 0 0 0 0
01-01 00:46:44.191  2677  2726 W ANDR_PERSISTENCY_CLIENT:  259      34 mmcblk0p66 30 0 240 0 0 0 0 0 0 0 0
01-01 00:46:44.191  2677  2726 W ANDR_PERSISTENCY_CLIENT:  259      35 mmcblk0p67 224 0 5722 116 85 109 1576 72 0 124 188
01-01 00:46:44.191  2677  2726 W ANDR_PERSISTENCY_CLIENT:  259      36 mmcblk0p68 3068 1 578607 3620 25828 781233 807418 39488 0 34032 43048
01-01 00:46:44.191  2677  2726 W ANDR_PERSISTENCY_CLIENT:  179      32 mmcblk0rpmb 4 0 32 0 0 0 0 0 0 0 0
01-01 00:46:44.191  2677  2726 W ANDR_PERSISTENCY_CLIENT: ;command=cat /proc/diskstats
01-01 00:46:44.192  2677  2726 W ANDR_PERSISTENCY_CLIENT: SWR_PERSISTENCE_HV_LA_MF_0005|FUN=TCPHandler::handleInBoundData|2|msg:command=cat /proc/diskstats
01-01 00:46:44.192  2677  2726 W ANDR_PERSISTENCY_CLIENT: SWR_PERSISTENCE_HV_LA_MF_0005|FUN=TCPHandler:: handleInBoundData |2| remove key 
01-01 00:46:44.192  2677  2726 W ANDR_PERSISTENCY_CLIENT: SWR_PERSISTENCE_HV_LA_MF_0005|FUN=TCPHandler::sendResponseToSettings|2|msg:send=3836
01-01 00:46:44.192  2145  2145 D HMI_SERVICE: USE_CASE_NA|FUN=StoragedJobIntentService::onReceiveResult|1|received
01-01 00:46:44.194  2145  2145 D HMI_SERVICE: USE_CASE_NA|FUN=StoragedJobIntentService::doAppMonitor|1|init
01-01 00:46:44.194  2145  2145 D HMI_SERVICE: USE_CASE_NA|FUN=StoragedJobIntentService::lifeTimeMonitor|1|init
01-01 00:46:44.194  2145  2145 D HMI_SERVICE: USE_CASE_NA|FUN=StoragedJobIntentService::doAppMonitor|1|init
01-01 00:46:44.194  2145  2145 D HMI_SERVICE: USE_CASE_NA|FUN=StoragedJobIntentService::lifeTimeMonitor|1|init
01-01 00:46:44.194  2145  2145 D HMI_SERVICE: USE_CASE_NA|FUN=StoragedJobIntentService::doAppMonitor|1|init
01-01 00:46:44.194  2145  2145 D HMI_SERVICE: USE_CASE_NA|FUN=StoragedJobIntentService::lifeTimeMonitor|1|init
01-01 00:46:44.194  2145  2145 D HMI_SERVICE: USE_CASE_NA|FUN=StoragedJobIntentService::doAppMonitor|1|init
01-01 00:46:44.194  2145  2145 D HMI_SERVICE: USE_CASE_NA|FUN=StoragedJobIntentService::lifeTimeMonitorBaiduApps|1|init
01-01 00:46:44.194  2145  2145 D HMI_SERVICE: USE_CASE_NA|FUN=StoragedJobIntentService::onReceiveResult|1|continousWrite550435840
01-01 00:46:44.200  1392  1392 W SYSTEM_UI - CI07.3: className -> NotificationUIService | functionName -> populateValidNotifications | value -> NOTIFICATION_INFO || packageName --> android | notificationTitle --> USB debugging connected | notificationText --> Tap to disable USB debugging. | postedTime --> 19764 | notificationId --> 26 | notificationFlag --> 2 | isClearable --> false | isOngoing --> true | notificationPriority --> 0 | notificationChannelImportance --> 2
01-01 00:46:44.201  1392  1392 W SYSTEM_UI - CI07.3: className -> NotificationUIService | functionName -> populateValidNotifications | value -> Notification entry not valid. System notification.
01-01 00:46:44.201  1392  1392 W SYSTEM_UI - CI07.3: className -> NotificationUIService | functionName -> populateValidNotifications | value -> NOTIFICATION_INFO || packageName --> android | notificationTitle --> USB charging this device | notificationText --> Tap for more options. | postedTime --> 19755 | notificationId --> 32 | notificationFlag --> 2 | isClearable --> false | isOngoing --> true | notificationPriority --> 0 | notificationChannelImportance --> 1
01-01 00:46:44.202  1392  1392 W SYSTEM_UI - CI07.3: className -> NotificationUIService | functionName -> populateValidNotifications | value -> Notification entry not valid. System notification.
01-01 00:46:44.202  1392  1392 W SYSTEM_UI: SWR_SYSTEM_UI_003|FUN=NotificationUIService::notifyStatusLineNotifications|1|statusLineNotificationPackages size --> 0
01-01 00:46:44.202  1392  1392 W SYSTEM_UI - CI07.3: className -> NotificationUIService | functionName -> updateData | value -> passed
01-01 00:46:44.202  1392  1392 W SYSTEM_UI: SWR_BAIDU_HMI_0023 SWR_SYSTEM_UI_003 SWR_SYSTEM_UI_004|FUN=NotificationUIService::updateData|1|Received notifications from Android framework
01-01 00:46:44.202  1392  1392 W SYSTEM_UI - CI07.3: className -> NotificationUIService | functionName -> refresh | value -> updateData value --> []
01-01 00:46:44.202  1392  1392 W SYSTEM_UI: SWR_SYSTEM_UI_007|FUN=CollapsedStatusBarFragment::getAction |1|Broadcast action --> STATUS_UPDATE_ACTION
01-01 00:46:44.202  1392  1392 W SYSTEM_UI: SWR_SYSTEM_UI_007|FUN=CollapsedStatusBarFragment::getIntExtra |1|NotifySystemUpdates dataType --> 102
01-01 00:46:44.203  1392  1392 W SYSTEM_UI - CI07.3: className -> CollapsedStatusBarFragment | functionName -> NotifySystemUpdates | onReceive -->  | value -> DATATYPE_NOTIFICATION: 0
01-01 00:46:44.203  1392  1392 W SYSTEM_UI: SWR_SYSTEM_UI_003|FUN=CollapsedStatusBarFragment::NotifySystemUpdates | onREeceive|1|DATATYPE_NOTIFICATION: 0
01-01 00:46:44.432   729   748 I sssv-lib: sendMsg enter
01-01 00:46:44.432   729   748 I sssv-lib: sendMsg complete.
01-01 00:46:44.744  3675 15113 D UiScrollable: scrollToBeginning() on selector = UiSelector[SCROLLABLE=true]
01-01 00:46:44.744  3675 15113 D UiScrollable: scrollBackward() on selector = UiSelector[SCROLLABLE=true]
01-01 00:46:44.751  3675 15113 I QueryController: Matched selector: UiSelector[SCROLLABLE=true] <<==>> [android.view.accessibility.AccessibilityNodeInfo@2ca2d4c; boundsInParent: Rect(0, 0 - 1332, 889); boundsInScreen: Rect(305, 172 - 1637, 1061); packageName: com.panasonic.hmi2settings; className: android.widget.ScrollView; text: null; error: null; maxTextLength: -1; contentDescription: null; viewIdResName: com.panasonic.hmi2settings:id/scrollWifi; checkable: false; checked: false; focusable: true; focused: false; selected: false; clickable: false; longClickable: false; contextClickable: false; enabled: true; password: false; scrollable: true; importantForAccessibility: true; actions: [AccessibilityAction: ACTION_FOCUS - null, AccessibilityAction: ACTION_SELECT - null, AccessibilityAction: ACTION_CLEAR_SELECTION - null, AccessibilityAction: ACTION_ACCESSIBILITY_FOCUS - null, AccessibilityAction: ACTION_SCROLL_FORWARD - null, AccessibilityAction: ACTION_SHOW_ON_SCREEN - null]]
01-01 00:46:44.751  3675 15113 D UiScrollable: scrollToBegining() using vertical scroll
01-01 00:46:44.751  3675 15113 D InteractionController: scrollSwipe (971, 260, 971, 973, 55)
01-01 00:46:44.872  1933  1933 W LCMANDR : SWR_OOB_HV_MF_009|FUN=MonitoringTimer::checkStatus|memoryInfo.availMem[MB] = 4844
01-01 00:46:45.122  1933  1957 D LCMANDR : SWR_OOB_HV_MF_009|FUN=LifeCycleManagerService::LifeCycle_ReportCompStatus|GOT ALIVENESS SIGNAL FROM DAIAPP : [0]; HB Counter = [ 1108 ]; STATUS INFO = [ 0 ]
01-01 00:46:45.123  1519  1519 I Connectivity_AIDL|AIDL_Handler.AIDL_Helpers.LcmHelper: MBUX App Method: KeepAliveTest |Line No: 408 |Log Type: Critical |Message: MainThread:MBUX-App HB Count: 1110, ResponseCode: 0
01-01 00:46:45.328   625   625 D WifiHAL : Start get packet fate command
01-01 00:46:45.328   625   625 D WifiHAL : createRequest Get Tx packet fate request
01-01 00:46:45.328   625   625 E WifiHAL : Failed to register get pkt fate response; result = -95
01-01 00:46:45.331  1151  1317 E WifiVendorHal: getTxPktFates(l.2067) failed {.code = ERROR_UNKNOWN, .description = errno: -95 (Unknown error -95)}
01-01 00:46:45.331   625   625 D WifiHAL : Start get packet fate command
01-01 00:46:45.331   625   625 D WifiHAL : createRequest Get Rx packet fate request
01-01 00:46:45.332   625   625 E WifiHAL : Failed to register get pkt fate response; result = -95
01-01 00:46:45.332  1151  1317 E WifiVendorHal: getRxPktFates(l.2107) failed {.code = ERROR_UNKNOWN, .description = errno: -95 (Unknown error -95)}
01-01 00:46:45.376   625   625 D WifiHAL : Start get packet fate command
01-01 00:46:45.376   625   625 D WifiHAL : createRequest Get Tx packet fate request
01-01 00:46:45.376   625   625 E WifiHAL : Failed to register get pkt fate response; result = -95
01-01 00:46:45.377  1151  1317 E WifiVendorHal: getTxPktFates(l.2067) failed {.code = ERROR_UNKNOWN, .description = errno: -95 (Unknown error -95)}
01-01 00:46:45.378   625   625 D WifiHAL : Start get packet fate command
01-01 00:46:45.378   625   625 D WifiHAL : createRequest Get Rx packet fate request
01-01 00:46:45.378   625   625 E WifiHAL : Failed to register get pkt fate response; result = -95
01-01 00:46:45.379  1151  1317 E WifiVendorHal: getRxPktFates(l.2107) failed {.code = ERROR_UNKNOWN, .description = errno: -95 (Unknown error -95)}
01-01 00:46:45.432   729   748 I sssv-lib: sendMsg enter
01-01 00:46:45.432   729   748 I sssv-lib: sendMsg complete.
01-01 00:46:45.498  2054  2054 E         : 
01-01 00:46:45.498  2054  2054 E         : Buffer Size = 1048576
01-01 00:46:45.523  2054  2054 E         : 
01-01 00:46:45.523  2054  2054 E         : <6>[ 2454.542351] QSEECOM: scm_call_qcpe:429 : IN: 0x42000d0a, 0x3, 0x0, 0x3c69, 0x79a, 0x0, 0x0
01-01 00:46:45.523  2054  2054 E         : <6>[ 2454.543557] QSEECOM: scm_call_qcpe:503 : OUT: 0x0, 0x0, 0x0, 0x0
01-01 00:46:45.523  2054  2054 E         : <6>[ 2454.559111] QSEECOM: scm_call_qcpe:429 : IN: 0x42000d0a, 0x3, 0x0, 0x417b, 0x792, 0x0, 0x0
01-01 00:46:45.523  2054  2054 E         : <6>[ 2454.560429] QSEECOM: scm_call_qcpe:503 : OUT: 0x0, 0x1, 0x0, 0x0
01-01 00:46:45.523  2054  2054 E         : <6>[ 2454.579055] QSEECOM: scm_call_qcpe:429 : IN: 0x42000d0a, 0x3, 0x0, 0x4de8, 0x7b9, 0x0, 0x0
01-01 00:46:45.523  2054  2054 E         : <6>[ 2454.580800] QSEECOM: scm_call_qcpe:503 : OUT: 0x0, 0x0, 0x0, 0x0
01-01 00:46:45.523  2054  2054 E         : <6>[ 2454.593944] QSEECOM: scm_call_qcpe:429 : IN: 0x42000d0a, 0x3, 0x0, 0x3a27, 0x797, 0x0, 0x0
01-01 00:46:45.523  2054  2054 E         : <6>[ 2454.595264] QSEECOM: scm_call_qcpe:503 : OUT: 0x0, 0x0, 0x0, 0x0
01-01 00:46:45.523  2054  2054 E         : <6>[ 2454.608674] QSEECOM: scm_call_qcpe:429 : IN: 0x42000d0a, 0x3, 0x0, 0x398a, 0x7a3, 0x0, 0x0
01-01 00:46:45.523  2054  2054 E         : <6>[ 2454.609839] QSEECOM: scm_call_qcpe:503 : OUT: 0x0, 0x0, 0x0, 0x0
01-01 00:46:45.523  2054  2054 E         : <6>[ 2454.626333] QSEECOM: scm_call_qcpe:429 : IN: 0x42000d0a, 0x3, 0x0, 0x44f5, 0x79e, 0x0, 0x0
01-01 00:46:45.523  2054  2054 E         : <6>[ 2454.627494] QSEECOM: scm_call_qcpe:503 : OUT: 0x0, 0x0, 0x0, 0x0
01-01 00:46:45.523  2054  2054 E         : <6>[ 2454.6425
01-01 00:46:45.527  2054  2054 E         : USB Hub Detector 1.0
01-01 00:46:45.578   635   635 E ANDR-PERF-TARGET: Error: Invalid logical cluster id 0
01-01 00:46:45.578   635   635 E ANDR-PERF-MPCTL: invalid request, no optimizations performed
01-01 00:46:45.594   635   635 E ANDR-PERF-TARGET: Error: Invalid logical cluster id 0
01-01 00:46:45.594   635   635 E ANDR-PERF-MPCTL: invalid request, no optimizations performed
01-01 00:46:45.611   635   635 E ANDR-PERF-TARGET: Error: Invalid logical cluster id 0
01-01 00:46:45.611   635   635 E ANDR-PERF-MPCTL: invalid request, no optimizations performed
01-01 00:46:45.628   635   635 E ANDR-PERF-TARGET: Error: Invalid logical cluster id 0
01-01 00:46:45.628   635   635 E ANDR-PERF-MPCTL: invalid request, no optimizations performed
01-01 00:46:45.644   635   635 E ANDR-PERF-TARGET: Error: Invalid logical cluster id 0
01-01 00:46:45.644   635   635 E ANDR-PERF-MPCTL: invalid request, no optimizations performed
01-01 00:46:45.661   635   635 E ANDR-PERF-TARGET: Error: Invalid logical cluster id 0
01-01 00:46:45.661   635   635 E ANDR-PERF-MPCTL: invalid request, no optimizations performed
01-01 00:46:45.678   635   635 E ANDR-PERF-TARGET: Error: Invalid logical cluster id 0
01-01 00:46:45.678   635   635 E ANDR-PERF-MPCTL: invalid request, no optimizations performed
01-01 00:46:45.678   635   635 E ANDR-PERF-TARGET: Error: Invalid logical cluster id 0
01-01 00:46:45.678   635   635 E ANDR-PERF-MPCTL: invalid request, no optimizations performed
01-01 00:46:45.694   635   635 E ANDR-PERF-TARGET: Error: Invalid logical cluster id 0
01-01 00:46:45.695   635   635 E ANDR-PERF-MPCTL: invalid request, no optimizations performed
01-01 00:46:45.711   635   635 E ANDR-PERF-TARGET: Error: Invalid logical cluster id 0
01-01 00:46:45.711   635   635 E ANDR-PERF-MPCTL: invalid request, no optimizations performed
01-01 00:46:45.728   635   635 E ANDR-PERF-TARGET: Error: Invalid logical cluster id 0
01-01 00:46:45.728   635   635 E ANDR-PERF-MPCTL: invalid request, no optimizations performed
01-01 00:46:45.745   635   635 E ANDR-PERF-TARGET: Error: Invalid logical cluster id 0
01-01 00:46:45.745   635   635 E ANDR-PERF-MPCTL: invalid request, no optimizations performed
01-01 00:46:45.761   635   635 E ANDR-PERF-TARGET: Error: Invalid logical cluster id 0
01-01 00:46:45.761   635   635 E ANDR-PERF-MPCTL: invalid request, no optimizations performed
01-01 00:46:45.770  1933  1933 D LCMANDR : SWR_OOB_HV_MF_009|FUN=LifeCycleManagerService::getDAIAppAlivenessStatus|Aliveness:: DAIAPP HB DIFF = 2 [ DaimlerAppHBCounter ] = 1108[ DaimlerAppHBCounterOld ] = 1106
01-01 00:46:45.770  1933  1933 I LCMANDR : SWR_OOB_HV_MF_009|FUN=LifeCycleManagerService::getDAIAppAlivenessStatus|Aliveness::ANDROID HB IS VALID... setting OLD VAL, and resetting Fail Counter
01-01 00:46:45.772  1933  1933 I LCMANDR : SWR_OOB_HV_MF_009|FUN=LifeCycleManagerService::getDAIPID|DAIMLER APP(com.daimler.rse.ntg6) PID is [ 1519 ]
01-01 00:46:45.772  1933  1933 I LCMANDR : SWR_OOB_HV_MF_009|FUN=LifeCycleManagerService::getDAIAPPStatus|Aliveness::SAME PID! DAIAPP is not restarted
01-01 00:46:45.772  1933  1933 W LCMANDR : SWR_OOB_HV_MF_009|FUN=LifeCycleManagerService::getDAIAppAlivenessStatus|Aliveness::Status to send id : ALIVE
01-01 00:46:45.772  1933  1933 D LCMANDR : SWR_OOB_HV_MF_005|FUN=LifeCycleManagerService::sendPacketToLnx|data = [B@8916f9c
01-01 00:46:45.772  1933  1933 D LCMANDR : SWR_OOB_HV_MF_009|FUN=LifeCycleManagerService::postAppsStatusInfo|Setting AppPacket info
01-01 00:46:45.772  1933  1933 I LCMANDR : SWR_OOB_HV_MF_009|FUN=AlivenessMonitoring::getRunningApps| packet sent
01-01 00:46:45.772  1933  1956 D LCMANDR : SWR_OOB_HV_MF_010|FUN=LifeCycleManagerService::RseNodeStateManagement|SEND_IGC_CB
01-01 00:46:45.772  1933  1956 I LCMANDR : SWR_OOB_HV_MF_005|FUN=LifeCycleManagerService::igcsendData|Call hit in RSENodeStateManagement::igcsendData
01-01 00:46:45.772  1933  1956 I LCMANDR : SWR_OOB_HV_MF_005|FUN=LifeCycleManagerService::igcsendData|SEND DATA LEN is : 15
01-01 00:46:45.772  1933  1956 I LCMANDR : SWR_OOB_HV_MF_007|FUN=LifeCycleManagerService::sendPacketFromIntentService|Package to send : [ 65, 0, 0, 0, 9, 0, 2, 0, 1, 0, 5, 65, 65, 0, 0, ]
01-01 00:46:45.772  1933  1956 I IGC     :  IGC::sendData ==> [ 65, 0, 0, 0, 9, 0, 2, 0, 1, 0, 5, 65, 65, 0, 0,  ]
01-01 00:46:45.772  1933  1956 I IGC     :  Igc::sendData data size is :: 15
01-01 00:46:45.773  1933  1956 D         : Enqueue: sem count = 1
01-01 00:46:45.773  1933  1956 I LCMANDR : SWR_OOB_HV_MF_007|FUN=LifeCycleManagerService::sendPacketFromIntentService|Sending Data to Linux is successful( [65, 0, 0, 0, 9, 0, 2, 0, 1, 0, 5, 65, 65, 0, 0] )
01-01 00:46:45.773  1933  1956 I LCMANDR : SWR_OOB_HV_MF_005|FUN=LifeCycleManagerService::igcsendData| DATA SEND SUCCESSFULLY 
01-01 00:46:45.778   635   635 E ANDR-PERF-TARGET: Error: Invalid logical cluster id 0
01-01 00:46:45.778   635   635 E ANDR-PERF-MPCTL: invalid request, no optimizations performed
01-01 00:46:45.795   635   635 E ANDR-PERF-TARGET: Error: Invalid logical cluster id 0
01-01 00:46:45.795   635   635 E ANDR-PERF-MPCTL: invalid request, no optimizations performed
01-01 00:46:45.811   635   635 E ANDR-PERF-TARGET: Error: Invalid logical cluster id 0
01-01 00:46:45.811   635   635 E ANDR-PERF-MPCTL: invalid request, no optimizations performed
01-01 00:46:45.828   635   635 E ANDR-PERF-TARGET: Error: Invalid logical cluster id 0
01-01 00:46:45.828   635   635 E ANDR-PERF-MPCTL: invalid request, no optimizations performed
01-01 00:46:45.845   635   635 E ANDR-PERF-TARGET: Error: Invalid logical cluster id 0
01-01 00:46:45.845   635   635 E ANDR-PERF-MPCTL: invalid request, no optimizations performed
01-01 00:46:45.862   635   635 E ANDR-PERF-TARGET: Error: Invalid logical cluster id 0
01-01 00:46:45.862   635   635 E ANDR-PERF-MPCTL: invalid request, no optimizations performed
01-01 00:46:45.872  3675 15113 W InteractionController: runAndwaitForEvents timed out waiting for events
01-01 00:46:45.878   635   635 E ANDR-PERF-TARGET: Error: Invalid logical cluster id 0
01-01 00:46:45.878   635   635 E ANDR-PERF-MPCTL: invalid request, no optimizations performed
01-01 00:46:45.881  3675 15113 D UiScrollable: scrollForward() on selector = UiSelector[SCROLLABLE=true]
01-01 00:46:45.888  3675 15113 I QueryController: Matched selector: UiSelector[SCROLLABLE=true] <<==>> [android.view.accessibility.AccessibilityNodeInfo@2ca2d4c; boundsInParent: Rect(0, 0 - 1332, 889); boundsInScreen: Rect(305, 172 - 1637, 1061); packageName: com.panasonic.hmi2settings; className: android.widget.ScrollView; text: null; error: null; maxTextLength: -1; contentDescription: null; viewIdResName: com.panasonic.hmi2settings:id/scrollWifi; checkable: false; checked: false; focusable: true; focused: false; selected: false; clickable: false; longClickable: false; contextClickable: false; enabled: true; password: false; scrollable: true; importantForAccessibility: true; actions: [AccessibilityAction: ACTION_FOCUS - null, AccessibilityAction: ACTION_SELECT - null, AccessibilityAction: ACTION_CLEAR_SELECTION - null, AccessibilityAction: ACTION_ACCESSIBILITY_FOCUS - null, AccessibilityAction: ACTION_SCROLL_FORWARD - null, AccessibilityAction: ACTION_SHOW_ON_SCREEN - null]]
01-01 00:46:45.889  3675 15113 D InteractionController: scrollSwipe (971, 973, 971, 260, 55)
01-01 00:46:45.895   635   635 E ANDR-PERF-TARGET: Error: Invalid logical cluster id 0
01-01 00:46:45.895   635   635 E ANDR-PERF-MPCTL: invalid request, no optimizations performed
01-01 00:46:45.912   635   635 E ANDR-PERF-TARGET: Error: Invalid logical cluster id 0
01-01 00:46:45.912   635   635 E ANDR-PERF-MPCTL: invalid request, no optimizations performed
01-01 00:46:45.928   635   635 E ANDR-PERF-TARGET: Error: Invalid logical cluster id 0
01-01 00:46:45.928   635   635 E ANDR-PERF-MPCTL: invalid request, no optimizations performed
01-01 00:46:45.945   635   635 E ANDR-PERF-TARGET: Error: Invalid logical cluster id 0
01-01 00:46:45.945   635   635 E ANDR-PERF-MPCTL: invalid request, no optimizations performed
01-01 00:46:45.962   635   635 E ANDR-PERF-TARGET: Error: Invalid logical cluster id 0
01-01 00:46:45.962   635   635 E ANDR-PERF-MPCTL: invalid request, no optimizations performed
01-01 00:46:45.978   635   635 E ANDR-PERF-TARGET: Error: Invalid logical cluster id 0
01-01 00:46:45.979   635   635 E ANDR-PERF-MPCTL: invalid request, no optimizations performed
01-01 00:46:45.995   635   635 E ANDR-PERF-TARGET: Error: Invalid logical cluster id 0
01-01 00:46:45.995   635   635 E ANDR-PERF-MPCTL: invalid request, no optimizations performed
01-01 00:46:46.012   635   635 E ANDR-PERF-TARGET: Error: Invalid logical cluster id 0
01-01 00:46:46.012   635   635 E ANDR-PERF-MPCTL: invalid request, no optimizations performed
01-01 00:46:46.029   635   635 E ANDR-PERF-TARGET: Error: Invalid logical cluster id 0
01-01 00:46:46.029   635   635 E ANDR-PERF-MPCTL: invalid request, no optimizations performed
01-01 00:46:46.045   635   635 E ANDR-PERF-TARGET: Error: Invalid logical cluster id 0
01-01 00:46:46.045   635   635 E ANDR-PERF-MPCTL: invalid request, no optimizations performed
01-01 00:46:46.062   635   635 E ANDR-PERF-TARGET: Error: Invalid logical cluster id 0
01-01 00:46:46.062   635   635 E ANDR-PERF-MPCTL: invalid request, no optimizations performed
01-01 00:46:46.079   635   635 E ANDR-PERF-TARGET: Error: Invalid logical cluster id 0
01-01 00:46:46.079   635   635 E ANDR-PERF-MPCTL: invalid request, no optimizations performed
01-01 00:46:46.095   635   635 E ANDR-PERF-TARGET: Error: Invalid logical cluster id 0
01-01 00:46:46.095   635   635 E ANDR-PERF-MPCTL: invalid request, no optimizations performed
01-01 00:46:46.112   635   635 E ANDR-PERF-TARGET: Error: Invalid logical cluster id 0
01-01 00:46:46.112   635   635 E ANDR-PERF-MPCTL: invalid request, no optimizations performed
01-01 00:46:46.129   635   635 E ANDR-PERF-TARGET: Error: Invalid logical cluster id 0
01-01 00:46:46.129   635   635 E ANDR-PERF-MPCTL: invalid request, no optimizations performed
01-01 00:46:46.146   635   635 E ANDR-PERF-TARGET: Error: Invalid logical cluster id 0
01-01 00:46:46.146   635   635 E ANDR-PERF-MPCTL: invalid request, no optimizations performed
01-01 00:46:46.162   635   635 E ANDR-PERF-TARGET: Error: Invalid logical cluster id 0
01-01 00:46:46.162   635   635 E ANDR-PERF-MPCTL: invalid request, no optimizations performed
01-01 00:46:46.179   635   635 E ANDR-PERF-TARGET: Error: Invalid logical cluster id 0
01-01 00:46:46.179   635   635 E ANDR-PERF-MPCTL: invalid request, no optimizations performed
01-01 00:46:46.196   635   635 E ANDR-PERF-TARGET: Error: Invalid logical cluster id 0
01-01 00:46:46.196   635   635 E ANDR-PERF-MPCTL: invalid request, no optimizations performed
01-01 00:46:46.212   635   635 E ANDR-PERF-TARGET: Error: Invalid logical cluster id 0
01-01 00:46:46.212   635   635 E ANDR-PERF-MPCTL: invalid request, no optimizations performed
01-01 00:46:46.229   635   635 E ANDR-PERF-TARGET: Error: Invalid logical cluster id 0
01-01 00:46:46.229   635   635 E ANDR-PERF-MPCTL: invalid request, no optimizations performed
01-01 00:46:46.246   635   635 E ANDR-PERF-TARGET: Error: Invalid logical cluster id 0
01-01 00:46:46.246   635   635 E ANDR-PERF-MPCTL: invalid request, no optimizations performed
01-01 00:46:46.262   635   635 E ANDR-PERF-TARGET: Error: Invalid logical cluster id 0
01-01 00:46:46.263   635   635 E ANDR-PERF-MPCTL: invalid request, no optimizations performed
01-01 00:46:46.279   635   635 E ANDR-PERF-TARGET: Error: Invalid logical cluster id 0
01-01 00:46:46.279   635   635 E ANDR-PERF-MPCTL: invalid request, no optimizations performed
01-01 00:46:46.296   635   635 E ANDR-PERF-TARGET: Error: Invalid logical cluster id 0
01-01 00:46:46.296   635   635 E ANDR-PERF-MPCTL: invalid request, no optimizations performed
01-01 00:46:46.313   635   635 E ANDR-PERF-TARGET: Error: Invalid logical cluster id 0
01-01 00:46:46.313   635   635 E ANDR-PERF-MPCTL: invalid request, no optimizations performed
01-01 00:46:46.329   635   635 E ANDR-PERF-TARGET: Error: Invalid logical cluster id 0
01-01 00:46:46.329   635   635 E ANDR-PERF-MPCTL: invalid request, no optimizations performed
01-01 00:46:46.346   635   635 E ANDR-PERF-TARGET: Error: Invalid logical cluster id 0
01-01 00:46:46.346   635   635 E ANDR-PERF-MPCTL: invalid request, no optimizations performed
01-01 00:46:46.363   635   635 E ANDR-PERF-TARGET: Error: Invalid logical cluster id 0
01-01 00:46:46.363   635   635 E ANDR-PERF-MPCTL: invalid request, no optimizations performed
01-01 00:46:46.379   635   635 E ANDR-PERF-TARGET: Error: Invalid logical cluster id 0
01-01 00:46:46.379   635   635 E ANDR-PERF-MPCTL: invalid request, no optimizations performed
01-01 00:46:46.396   635   635 E ANDR-PERF-TARGET: Error: Invalid logical cluster id 0
01-01 00:46:46.396   635   635 E ANDR-PERF-MPCTL: invalid request, no optimizations performed
01-01 00:46:46.413   635   635 E ANDR-PERF-TARGET: Error: Invalid logical cluster id 0
01-01 00:46:46.413   635   635 E ANDR-PERF-MPCTL: invalid request, no optimizations performed
01-01 00:46:46.430   635   635 E ANDR-PERF-TARGET: Error: Invalid logical cluster id 0
01-01 00:46:46.430   635   635 E ANDR-PERF-MPCTL: invalid request, no optimizations performed
01-01 00:46:46.433   729   748 I sssv-lib: sendMsg enter
01-01 00:46:46.433   729   748 I sssv-lib: sendMsg complete.
01-01 00:46:46.446   635   635 E ANDR-PERF-TARGET: Error: Invalid logical cluster id 0
01-01 00:46:46.446   635   635 E ANDR-PERF-MPCTL: invalid request, no optimizations performed
01-01 00:46:46.463   635   635 E ANDR-PERF-TARGET: Error: Invalid logical cluster id 0
01-01 00:46:46.463   635   635 E ANDR-PERF-MPCTL: invalid request, no optimizations performed
01-01 00:46:46.480   635   635 E ANDR-PERF-TARGET: Error: Invalid logical cluster id 0
01-01 00:46:46.480   635   635 E ANDR-PERF-MPCTL: invalid request, no optimizations performed
01-01 00:46:46.496   635   635 E ANDR-PERF-TARGET: Error: Invalid logical cluster id 0
01-01 00:46:46.496   635   635 E ANDR-PERF-MPCTL: invalid request, no optimizations performed
01-01 00:46:46.513   635   635 E ANDR-PERF-TARGET: Error: Invalid logical cluster id 0
01-01 00:46:46.513   635   635 E ANDR-PERF-MPCTL: invalid request, no optimizations performed
01-01 00:46:46.530   635   635 E ANDR-PERF-TARGET: Error: Invalid logical cluster id 0
01-01 00:46:46.530   635   635 E ANDR-PERF-MPCTL: invalid request, no optimizations performed
01-01 00:46:46.546   635   635 E ANDR-PERF-TARGET: Error: Invalid logical cluster id 0
01-01 00:46:46.546   635   635 E ANDR-PERF-MPCTL: invalid request, no optimizations performed
01-01 00:46:46.563   635   635 E ANDR-PERF-TARGET: Error: Invalid logical cluster id 0
01-01 00:46:46.563   635   635 E ANDR-PERF-MPCTL: invalid request, no optimizations performed
01-01 00:46:46.580   635   635 E ANDR-PERF-TARGET: Error: Invalid logical cluster id 0
01-01 00:46:46.580   635   635 E ANDR-PERF-MPCTL: invalid request, no optimizations performed
01-01 00:46:46.596   635   635 E ANDR-PERF-TARGET: Error: Invalid logical cluster id 0
01-01 00:46:46.597   635   635 E ANDR-PERF-MPCTL: invalid request, no optimizations performed
01-01 00:46:46.613   635   635 E ANDR-PERF-TARGET: Error: Invalid logical cluster id 0
01-01 00:46:46.613   635   635 E ANDR-PERF-MPCTL: invalid request, no optimizations performed
01-01 00:46:46.630   635   635 E ANDR-PERF-TARGET: Error: Invalid logical cluster id 0
01-01 00:46:46.630   635   635 E ANDR-PERF-MPCTL: invalid request, no optimizations performed
01-01 00:46:46.647   635   635 E ANDR-PERF-TARGET: Error: Invalid logical cluster id 0
01-01 00:46:46.647   635   635 E ANDR-PERF-MPCTL: invalid request, no optimizations performed
01-01 00:46:46.663   635   635 E ANDR-PERF-TARGET: Error: Invalid logical cluster id 0
01-01 00:46:46.663   635   635 E ANDR-PERF-MPCTL: invalid request, no optimizations performed
01-01 00:46:46.680   635   635 E ANDR-PERF-TARGET: Error: Invalid logical cluster id 0
01-01 00:46:46.680   635   635 E ANDR-PERF-MPCTL: invalid request, no optimizations performed
01-01 00:46:46.697   635   635 E ANDR-PERF-TARGET: Error: Invalid logical cluster id 0
01-01 00:46:46.697   635   635 E ANDR-PERF-MPCTL: invalid request, no optimizations performed
01-01 00:46:46.714   635   635 E ANDR-PERF-TARGET: Error: Invalid logical cluster id 0
01-01 00:46:46.714   635   635 E ANDR-PERF-MPCTL: invalid request, no optimizations performed
01-01 00:46:46.730   635   635 E ANDR-PERF-TARGET: Error: Invalid logical cluster id 0
01-01 00:46:46.730   635   635 E ANDR-PERF-MPCTL: invalid request, no optimizations performed
01-01 00:46:46.747   635   635 E ANDR-PERF-TARGET: Error: Invalid logical cluster id 0
01-01 00:46:46.747   635   635 E ANDR-PERF-MPCTL: invalid request, no optimizations performed
01-01 00:46:46.764   635   635 E ANDR-PERF-TARGET: Error: Invalid logical cluster id 0
01-01 00:46:46.764   635   635 E ANDR-PERF-MPCTL: invalid request, no optimizations performed
01-01 00:46:46.780   635   635 E ANDR-PERF-TARGET: Error: Invalid logical cluster id 0
01-01 00:46:46.780   635   635 E ANDR-PERF-MPCTL: invalid request, no optimizations performed
01-01 00:46:46.797   635   635 E ANDR-PERF-TARGET: Error: Invalid logical cluster id 0
01-01 00:46:46.797   635   635 E ANDR-PERF-MPCTL: invalid request, no optimizations performed
01-01 00:46:46.798   635   635 E ANDR-PERF-TARGET: Error: Invalid logical cluster id 0
01-01 00:46:46.798   635   635 E ANDR-PERF-MPCTL: invalid request, no optimizations performed
01-01 00:46:46.814   635   635 E ANDR-PERF-TARGET: Error: Invalid logical cluster id 0
01-01 00:46:46.814   635   635 E ANDR-PERF-MPCTL: invalid request, no optimizations performed
01-01 00:46:46.830   635   635 E ANDR-PERF-TARGET: Error: Invalid logical cluster id 0
01-01 00:46:46.831   635   635 E ANDR-PERF-MPCTL: invalid request, no optimizations performed
01-01 00:46:46.847   635   635 E ANDR-PERF-TARGET: Error: Invalid logical cluster id 0
01-01 00:46:46.847   635   635 E ANDR-PERF-MPCTL: invalid request, no optimizations performed
01-01 00:46:46.864   635   635 E ANDR-PERF-TARGET: Error: Invalid logical cluster id 0
01-01 00:46:46.864   635   635 E ANDR-PERF-MPCTL: invalid request, no optimizations performed
01-01 00:46:46.876  1933  1933 I LCMANDR : SWR_OOB_HV_MF_009|FUN=ResourceMonitoringService::movingMemoryAverage|2|Moving memory average :29.791485
01-01 00:46:46.876  1933  1933 W LCMANDR : SWR_OOB_HV_MF_009|FUN=ResourceMonitoringService::getCpuUsageStatistic|Moving MEM AVG :::::::::29.791485
01-01 00:46:46.877  1933  1933 W LCMANDR : SWR_OOB_HV_MF_009|FUN=ResourceMonitoringService::getCpuUsageStatistic|2|Total cpu usage :28.883774
01-01 00:46:46.877  1933  1933 I LCMANDR : SWR_OOB_HV_MF_009|FUN=ResourceMonitoringService::getCpuUsageStatistic|Cpu usage of core  0 is34.256058
01-01 00:46:46.877  1933  1933 I LCMANDR : SWR_OOB_HV_MF_009|FUN=ResourceMonitoringService::getCpuUsageStatistic|Cpu usage of core  1 is26.164875
01-01 00:46:46.877  1933  1933 I LCMANDR : SWR_OOB_HV_MF_009|FUN=ResourceMonitoringService::getCpuUsageStatistic|Cpu usage of core  2 is26.245848
01-01 00:46:46.877  1933  1933 I LCMANDR : ResourceMonitoringService::movingCpuAverage()
01-01 00:46:46.877  1933  1933 I LCMANDR : SWR_OOB_HV_MF_009|FUN=ResourceMonitoringService::movingCpuAverage|2|Moving window average of CPU 24.23506
01-01 00:46:46.877  1933  1933 I LCMANDR : SWR_OOB_HV_MF_009|FUN=ResourceMonitoringService::movingCpuAverage|2|Cpu moving average of core  0 is25.315922
01-01 00:46:46.877  1933  1933 I LCMANDR : SWR_OOB_HV_MF_009|FUN=ResourceMonitoringService::movingCpuAverage|2|Cpu moving average of core  1 is20.815603
01-01 00:46:46.878  1933  1933 I LCMANDR : SWR_OOB_HV_MF_009|FUN=ResourceMonitoringService::movingCpuAverage|2|Cpu moving average of core  2 is26.50792
01-01 00:46:46.878  1933  1933 D LCMANDR : SWR_OOB_HV_MF_009|FUN=ResourceMonitoringService::movingCpuAverage|2|Exiting VAL = 24.23506
01-01 00:46:46.880   635   635 E ANDR-PERF-TARGET: Error: Invalid logical cluster id 0
01-01 00:46:46.881   635   635 E ANDR-PERF-MPCTL: invalid request, no optimizations performed
01-01 00:46:46.897   635   635 E ANDR-PERF-TARGET: Error: Invalid logical cluster id 0
01-01 00:46:46.897   635   635 E ANDR-PERF-MPCTL: invalid request, no optimizations performed
01-01 00:46:46.914   635   635 E ANDR-PERF-TARGET: Error: Invalid logical cluster id 0
01-01 00:46:46.914   635   635 E ANDR-PERF-MPCTL: invalid request, no optimizations performed
01-01 00:46:46.931   635   635 E ANDR-PERF-TARGET: Error: Invalid logical cluster id 0
01-01 00:46:46.931   635   635 E ANDR-PERF-MPCTL: invalid request, no optimizations performed
01-01 00:46:46.947   635   635 E ANDR-PERF-TARGET: Error: Invalid logical cluster id 0
01-01 00:46:46.947   635   635 E ANDR-PERF-MPCTL: invalid request, no optimizations performed
01-01 00:46:46.964   635   635 E ANDR-PERF-TARGET: Error: Invalid logical cluster id 0
01-01 00:46:46.964   635   635 E ANDR-PERF-MPCTL: invalid request, no optimizations performed
01-01 00:46:46.981   635   635 E ANDR-PERF-TARGET: Error: Invalid logical cluster id 0
01-01 00:46:46.981   635   635 E ANDR-PERF-MPCTL: invalid request, no optimizations performed
01-01 00:46:46.991  3675 15113 W InteractionController: runAndwaitForEvents timed out waiting for events
01-01 00:46:46.991  3675 15113 D InteractionController: Vertical scrollSwipe reached scroll end: false
01-01 00:46:46.997   635   635 E ANDR-PERF-TARGET: Error: Invalid logical cluster id 0
01-01 00:46:46.997   635   635 E ANDR-PERF-MPCTL: invalid request, no optimizations performed
01-01 00:46:47.014   635   635 E ANDR-PERF-TARGET: Error: Invalid logical cluster id 0
01-01 00:46:47.014   635   635 E ANDR-PERF-MPCTL: invalid request, no optimizations performed
01-01 00:46:47.031   635   635 E ANDR-PERF-TARGET: Error: Invalid logical cluster id 0
01-01 00:46:47.031   635   635 E ANDR-PERF-MPCTL: invalid request, no optimizations performed
01-01 00:46:47.047   635   635 E ANDR-PERF-TARGET: Error: Invalid logical cluster id 0
01-01 00:46:47.048   635   635 E ANDR-PERF-MPCTL: invalid request, no optimizations performed
01-01 00:46:47.064   635   635 E ANDR-PERF-TARGET: Error: Invalid logical cluster id 0
01-01 00:46:47.064   635   635 E ANDR-PERF-MPCTL: invalid request, no optimizations performed
01-01 00:46:47.081   635   635 E ANDR-PERF-TARGET: Error: Invalid logical cluster id 0
01-01 00:46:47.081   635   635 E ANDR-PERF-MPCTL: invalid request, no optimizations performed
01-01 00:46:47.098   635   635 E ANDR-PERF-TARGET: Error: Invalid logical cluster id 0
01-01 00:46:47.098   635   635 E ANDR-PERF-MPCTL: invalid request, no optimizations performed
01-01 00:46:47.114   635   635 E ANDR-PERF-TARGET: Error: Invalid logical cluster id 0
01-01 00:46:47.114   635   635 E ANDR-PERF-MPCTL: invalid request, no optimizations performed
01-01 00:46:47.131   635   635 E ANDR-PERF-TARGET: Error: Invalid logical cluster id 0
01-01 00:46:47.131   635   635 E ANDR-PERF-MPCTL: invalid request, no optimizations performed
01-01 00:46:47.148   635   635 E ANDR-PERF-TARGET: Error: Invalid logical cluster id 0
01-01 00:46:47.148   635   635 E ANDR-PERF-MPCTL: invalid request, no optimizations performed
01-01 00:46:47.164   635   635 E ANDR-PERF-TARGET: Error: Invalid logical cluster id 0
01-01 00:46:47.164   635   635 E ANDR-PERF-MPCTL: invalid request, no optimizations performed
01-01 00:46:47.181   635   635 E ANDR-PERF-TARGET: Error: Invalid logical cluster id 0
01-01 00:46:47.181   635   635 E ANDR-PERF-MPCTL: invalid request, no optimizations performed
01-01 00:46:47.434   729   748 I sssv-lib: sendMsg enter
01-01 00:46:47.434   729   748 I sssv-lib: sendMsg complete.
01-01 00:46:47.696  3675 15113 I QueryController: Matched selector: UiSelector[SCROLLABLE=true, CHILD=UiSelector[TEXT=RSE_Test]] <<==>> [android.view.accessibility.AccessibilityNodeInfo@2cc154e; boundsInParent: Rect(0, 0 - 1078, 77); boundsInScreen: Rect(354, 486 - 1431, 563); packageName: com.panasonic.hmi2settings; className: android.widget.TextView; text: RSE_Test; error: null; maxTextLength: -1; contentDescription: null; viewIdResName: com.panasonic.hmi2settings:id/wifiName; checkable: false; checked: false; focusable: false; focused: false; selected: false; clickable: false; longClickable: false; contextClickable: false; enabled: true; password: false; scrollable: false; importantForAccessibility: true; actions: [AccessibilityAction: ACTION_SELECT - null, AccessibilityAction: ACTION_CLEAR_SELECTION - null, AccessibilityAction: ACTION_ACCESSIBILITY_FOCUS - null, AccessibilityAction: ACTION_NEXT_AT_MOVEMENT_GRANULARITY - null, AccessibilityAction: ACTION_PREVIOUS_AT_MOVEMENT_GRANULARITY - null, AccessibilityAction: ACTION_SET_SELECTION - null, AccessibilityAction: ACTION_SHOW_ON_SCREEN - null]]
01-01 00:46:47.707  3675 15115 D UIAutomatorStub: URI: /jsonrpc/0, Method: POST, Header: {content-length=176, remote-addr=127.0.0.1, http-client-ip=127.0.0.1, host=localhost:9009, content-type=application/json, connection=close, accept-encoding=identity, user-agent=Python-urllib/2.7}, params, {NanoHttpd.QUERY_STRING=null}, files: {postData={"params": [{"childOrSiblingSelector": [], "text": "RSE_Test", "mask": 1, "childOrSibling": []}], "jsonrpc": "2.0", "method": "click", "id": "b74ca4ecdb812296eeb02f68d59e14f4"}}
01-01 00:46:47.766  3739  3739 W HMI2-SETTINGS - CI08.4: className -> WifiAdapter | functionName -> onBindViewHolder | value -> allWifiList.get(position).getSecurityType() : wifiNametrue
01-01 00:46:47.767  3739  3739 W HMI2-SETTINGS - CI08.4: className -> WifiActivity | functionName -> onWifiClick | value -> getSecurityType ->true
01-01 00:46:47.772  3675 15116 D UIAutomatorStub: URI: /jsonrpc/0, Method: POST, Header: {content-length=213, remote-addr=127.0.0.1, http-client-ip=127.0.0.1, host=localhost:9009, content-type=application/json, connection=close, accept-encoding=identity, user-agent=Python-urllib/2.7}, params, {NanoHttpd.QUERY_STRING=null}, files: {postData={"params": [{"childOrSiblingSelector": [], "className": "android.widget.EditText", "mask": 16, "childOrSibling": []}, "Secure7@55"], "jsonrpc": "2.0", "method": "setText", "id": "5b0882ed730448ed4657c797fb4543f5"}}
01-01 00:46:47.776  3739  3739 D View    : setSystemUiVisibility: creating intent for action ACTION_ACTIVITY_FULLSCREEN
01-01 00:46:47.776  3739  3739 W ContextImpl: Calling a method in the system process without a qualified user: android.app.ContextImpl.startService:1476 android.content.ContextWrapper.startService:650 android.view.View.setSystemUiVisibility:22653 com.panasonic.hmi2settings.activity.WifiActivity.connectToWifi:1215 com.panasonic.hmi2settings.activity.WifiActivity.onWifiClick:522 
01-01 00:46:47.778  1151  1538 D CompatibilityInfo: mCompatibilityFlags - 4
01-01 00:46:47.778  1151  1538 D CompatibilityInfo: applicationDensity - 240
