01-01 00:33:41.579  1151  1317 D ScanResultUtil: isScanResultForWapiPskNetwork: false
01-01 00:33:41.579  3739  3739 W HMI2-SETTINGS - CI08.4: className -> WifiActivity | functionName -> isWapiVariantBlocked | value -> security_type:2
01-01 00:33:41.579  3739  3739 W HMI2-SETTINGS - CI08.4: className -> WifiActivity | functionName -> isInConnected | value -> |ACSIA_Management|0|2
01-01 00:33:41.579  3739  3739 W HMI2-SETTINGS - CI08.4: className -> WifiActivity | functionName -> isWapiVariantBlocked | value -> security_type:2
01-01 00:33:41.579  3739  3739 W HMI2-SETTINGS - CI08.4: className -> WifiActivity | functionName -> isInConnected | value -> |AUTOMATION_TEST|0|2
01-01 00:33:41.579  3739  3739 W HMI2-SETTINGS - CI08.4: className -> WifiActivity | functionName -> isWapiVariantBlocked | value -> security_type:2
01-01 00:33:41.579  3739  3739 W HMI2-SETTINGS - CI08.4: className -> WifiActivity | functionName -> isInConnected | value -> |MB Hotspot 61185|0|2
01-01 00:33:41.579  3739  3739 W HMI2-SETTINGS - CI08.4: className -> WifiActivity | functionName -> isWapiVariantBlocked | value -> security_type:0
01-01 00:33:41.579  3739  3739 W HMI2-SETTINGS - CI08.4: className -> WifiActivity | functionName -> isInConnected | value -> |HP-Print-DB-LaserJet Pro MFP|0|0
01-01 00:33:41.580  3739  3739 W HMI2-SETTINGS - CI08.4: className -> WifiActivity | functionName -> handleAllAvailNetwork | value -> savedNetwork ->0
01-01 00:33:41.580  3739  3739 W HMI2-SETTINGS - CI08.4: className -> WifiActivity | functionName -> handleAllAvailNetwork | value -> presentVisibleNetwork ->29
01-01 00:33:41.580  3739  3739 W HMI2-SETTINGS - CI08.4: className -> WifiActivity | functionName -> handleIfWifiAvailableNetworks: config is  | value -> null
01-01 00:33:41.581  1151 10154 I WifiService: startScan uid=1000
01-01 00:33:41.596  1151  1317 D ScanResultUtil: isScanResultForWapiPskNetwork: false
01-01 00:33:41.598  1151  1317 I chatty  : uid=1000(system) WifiStateMachin identical 7 lines
01-01 00:33:41.598  1151  1317 D ScanResultUtil: isScanResultForWapiPskNetwork: false
01-01 00:33:41.607  1151  1323 I WifiService: isScanAlwaysAvailable uid=1000
01-01 00:33:41.608  1151  1323 I WifiService: getWifiEnabledState uid=1000
01-01 00:33:41.550   808   808 I wificond: Enters wifigbk_ageOutHistory
01-01 00:33:41.641  1151 10154 D WindowManager: relayout packageName=com.panasonic.hmi2settings::session=Session{c47ecfc 3739:1000}::window=android.view.IWindow$Stub$Proxy@296c8ed::attrs.flags=1010300
01-01 00:33:41.641  1151 10154 D WindowManager: relayout >>> FLAG_FULLSCREEN not set in WindowManager.LayoutParams
01-01 00:33:41.642  1151 10154 D WindowManager: startStatusReceiverServiceOnFlagSet: creating intent for action ACTION_ACTIVITY_FULLSCREEN
01-01 00:33:41.642  1151 10154 W ContextImpl: Calling a method in the system process without a qualified user: android.app.ContextImpl.startService:1476 com.android.server.wm.Session.startStatusReceiverServiceOnFlagSet:762 com.android.server.wm.Session.relayout:276 android.view.IWindowSession$Stub.onTransact:286 com.android.server.wm.Session.onTransact:166 
01-01 00:33:41.645  1151 10154 D CompatibilityInfo: mCompatibilityFlags - 4
01-01 00:33:41.645  1151 10154 D CompatibilityInfo: applicationDensity - 240
01-01 00:33:41.645  1151 10154 D CompatibilityInfo: applicationScale - 1.0
01-01 00:33:41.645  1151 10154 D WindowManager: startStatusReceiverServiceOnFlagSet: startService done
01-01 00:33:41.650  1392  1392 W SYSTEM_UI: SWR_SYSTEM_UI_007|FUN=CollapsedStatusBarFragment::getAction |1|Broadcast action --> STATUS_UPDATE_ACTION
01-01 00:33:41.650  1392  1392 W SYSTEM_UI: SWR_SYSTEM_UI_007|FUN=CollapsedStatusBarFragment::getIntExtra |1|NotifySystemUpdates dataType --> 101
01-01 00:33:41.650  1392  1392 W SYSTEM_UI - CI07.3: className -> CollapsedStatusBarFragment | functionName -> NotifySystemUpdates | onReceive -->  | value -> FULLSCREEN MODE CHANGED | isFullScreenStatus --> false | fullScreenPackage -->com.panasonic.hmi2settings | fullscreenLastShownPackage -->null | topActivityPackage --> com.panasonic.hmi2settings
01-01 00:33:41.650  1392  1392 W SYSTEM_UI - CI07.3: className -> CollapsedStatusBarFragment | functionName -> NotifySystemUpdates | onReceive -->  | value -> Fullscreen mode changed --> path 5
01-01 00:33:41.678  3739  3739 E HMI2-SETTINGS - CI08.4: className -> WifiActivity | functionName -> mWifiScanReceiver -> onReceive | error ->intent_action:android.net.wifi.SCAN_RESULTS
01-01 00:33:41.679  1151  1538 I WifiService: getWifiEnabledState uid=1000
01-01 00:33:41.680  1151 10154 I WifiService: getConfiguredNetworks uid=1000
01-01 00:33:41.682  3739  3739 W HMI2-SETTINGS: SWR_BAIDU_HMI_0027|SWR_BAIDU_HMI_0015|FUN=WifiActivity::getScanResults|1|Get list of available wifi hotspots.
01-01 00:33:41.687  3739  3739 W HMI2-SETTINGS - CI08.4: className -> WifiActivity | functionName -> isWapiVariantBlocked | value -> security_type:2
01-01 00:33:41.688  3739  3739 W HMI2-SETTINGS - CI08.4: className -> WifiActivity | functionName -> isInConnected | value -> |ACSIA_CORP1|0|2
01-01 00:33:41.688  3739  3739 W HMI2-SETTINGS - CI08.4: className -> WifiActivity | functionName -> isWapiVariantBlocked | value -> security_type:2
01-01 00:33:41.688  3739  3739 W HMI2-SETTINGS - CI08.4: className -> WifiActivity | functionName -> isInConnected | value -> |ACSIA_GUEST1|0|2
01-01 00:33:41.688  3739  3739 W HMI2-SETTINGS - CI08.4: className -> WifiActivity | functionName -> isWapiVariantBlocked | value -> security_type:2
01-01 00:33:41.688  3739  3739 W HMI2-SETTINGS - CI08.4: className -> WifiActivity | functionName -> isInConnected | value -> |ACSIA_CORP2|0|2
01-01 00:33:41.688  3739  3739 W HMI2-SETTINGS - CI08.4: className -> WifiActivity | functionName -> isWapiVariantBlocked | value -> security_type:2
01-01 00:33:41.688  3739  3739 W HMI2-SETTINGS - CI08.4: className -> WifiActivity | functionName -> isInConnected | value -> | ACSIA_CORP3|0|2
01-01 00:33:41.688  3739  3739 W HMI2-SETTINGS - CI08.4: className -> WifiActivity | functionName -> isWapiVariantBlocked | value -> security_type:2
01-01 00:33:41.688  3739  3739 W HMI2-SETTINGS - CI08.4: className -> WifiActivity | functionName -> isInConnected | value -> |ACSIA_Management|0|2
01-01 00:33:41.688  3739  3739 W HMI2-SETTINGS - CI08.4: className -> WifiActivity | functionName -> isWapiVariantBlocked | value -> security_type:2
01-01 00:33:41.688  3739  3739 W HMI2-SETTINGS - CI08.4: className -> WifiActivity | functionName -> isInConnected | value -> |ACSIA_DEV|0|2
01-01 00:33:41.688  3739  3739 W HMI2-SETTINGS - CI08.4: className -> WifiActivity | functionName -> isWapiVariantBlocked | value -> security_type:2
01-01 00:33:41.688  3739  3739 W HMI2-SETTINGS - CI08.4: className -> WifiActivity | functionName -> isInConnected | value -> |RSE_Test|0|2
01-01 00:33:41.688  3739  3739 W HMI2-SETTINGS - CI08.4: className -> WifiActivity | functionName -> isWapiVariantBlocked | value -> security_type:2
01-01 00:33:41.688  3739  3739 W HMI2-SETTINGS - CI08.4: className -> WifiActivity | functionName -> isInConnected | value -> |NETGEAR66-5G|0|2
01-01 00:33:41.688  3739  3739 W HMI2-SETTINGS - CI08.4: className -> WifiActivity | functionName -> isWapiVariantBlocked | value -> security_type:2
01-01 00:33:41.688  3739  3739 W HMI2-SETTINGS - CI08.4: className -> WifiActivity | functionName -> isInConnected | value -> |Secure|0|2
01-01 00:33:41.688  3739  3739 W HMI2-SETTINGS - CI08.4: className -> WifiActivity | functionName -> isWapiVariantBlocked | value -> security_type:2
01-01 00:33:41.688  3739  3739 W HMI2-SETTINGS - CI08.4: className -> WifiActivity | functionName -> isInConnected | value -> |ACSIA_CORP1|0|2
01-01 00:33:41.688  3739  3739 W HMI2-SETTINGS - CI08.4: className -> WifiActivity | functionName -> isWapiVariantBlocked | value -> security_type:2
01-01 00:33:41.688  3739  3739 W HMI2-SETTINGS - CI08.4: className -> WifiActivity | functionName -> isInConnected | value -> |ACSIA_GUEST1|0|2
01-01 00:33:41.688  3739  3739 W HMI2-SETTINGS - CI08.4: className -> WifiActivity | functionName -> isWapiVariantBlocked | value -> security_type:2
01-01 00:33:41.688  3739  3739 W HMI2-SETTINGS - CI08.4: className -> WifiActivity | functionName -> isInConnected | value -> |HUWIFI|0|2
01-01 00:33:41.688  3739  3739 W HMI2-SETTINGS - CI08.4: className -> WifiActivity | functionName -> isWapiVariantBlocked | value -> security_type:2
01-01 00:33:41.688  3739  3739 W HMI2-SETTINGS - CI08.4: className -> WifiActivity | functionName -> isInConnected | value -> |RSE_Test|0|2
01-01 00:33:41.688  3739  3739 W HMI2-SETTINGS - CI08.4: className -> WifiActivity | functionName -> isWapiVariantBlocked | value -> security_type:2
01-01 00:33:41.688  3739  3739 W HMI2-SETTINGS - CI08.4: className -> WifiActivity | functionName -> isInConnected | value -> |ACSIA_CORP2|0|2
01-01 00:33:41.688  3739  3739 W HMI2-SETTINGS - CI08.4: className -> WifiActivity | functionName -> isWapiVariantBlocked | value -> security_type:2
01-01 00:33:41.688  3739  3739 W HMI2-SETTINGS - CI08.4: className -> WifiActivity | functionName -> isInConnected | value -> |ACSIA_Management|0|2
01-01 00:33:41.688  3739  3739 W HMI2-SETTINGS - CI08.4: className -> WifiActivity | functionName -> isWapiVariantBlocked | value -> security_type:2
01-01 00:33:41.688  3739  3739 W HMI2-SETTINGS - CI08.4: className -> WifiActivity | functionName -> isInConnected | value -> | ACSIA_CORP3|0|2
01-01 00:33:41.688  3739  3739 W HMI2-SETTINGS - CI08.4: className -> WifiActivity | functionName -> isWapiVariantBlocked | value -> security_type:2
01-01 00:33:41.688  3739  3739 W HMI2-SETTINGS - CI08.4: className -> WifiActivity | functionName -> isInConnected | value -> |ACSIA_DEV|0|2
01-01 00:33:41.688  3739  3739 W HMI2-SETTINGS - CI08.4: className -> WifiActivity | functionName -> isWapiVariantBlocked | value -> security_type:2
01-01 00:33:41.688  3739  3739 W HMI2-SETTINGS - CI08.4: className -> WifiActivity | functionName -> isInConnected | value -> |DIRECT-vQINLT044msmJ|0|2
01-01 00:33:41.689  3739  3739 W HMI2-SETTINGS - CI08.4: className -> WifiActivity | functionName -> isWapiVariantBlocked | value -> security_type:2
01-01 00:33:41.689  3739  3739 W HMI2-SETTINGS - CI08.4: className -> WifiActivity | functionName -> isInConnected | value -> |DIRECT-DMATCLWI2064msNL|0|2
01-01 00:33:41.689  3739  3739 W HMI2-SETTINGS - CI08.4: className -> WifiActivity | functionName -> isWapiVariantBlocked | value -> security_type:2
01-01 00:33:41.689  3739  3739 W HMI2-SETTINGS - CI08.4: className -> WifiActivity | functionName -> isInConnected | value -> |ACSIA_CORP1|0|2
01-01 00:33:41.689  3739  3739 W HMI2-SETTINGS - CI08.4: className -> WifiActivity | functionName -> isWapiVariantBlocked | value -> security_type:2
01-01 00:33:41.689  3739  3739 W HMI2-SETTINGS - CI08.4: className -> WifiActivity | functionName -> isInConnected | value -> |ACSIA_GUEST1|0|2
01-01 00:33:41.689  3739  3739 W HMI2-SETTINGS - CI08.4: className -> WifiActivity | functionName -> isWapiVariantBlocked | value -> security_type:2
01-01 00:33:41.689  3739  3739 W HMI2-SETTINGS - CI08.4: className -> WifiActivity | functionName -> isInConnected | value -> |ACSIA_DEV|0|2
01-01 00:33:41.689  3739  3739 W HMI2-SETTINGS - CI08.4: className -> WifiActivity | functionName -> isWapiVariantBlocked | value -> security_type:2
01-01 00:33:41.689  3739  3739 W HMI2-SETTINGS - CI08.4: className -> WifiActivity | functionName -> isInConnected | value -> |RSE_Test|0|2
01-01 00:33:41.689  3739  3739 W HMI2-SETTINGS - CI08.4: className -> WifiActivity | functionName -> isWapiVariantBlocked | value -> security_type:2
01-01 00:33:41.689  3739  3739 W HMI2-SETTINGS - CI08.4: className -> WifiActivity | functionName -> isInConnected | value -> |ACSIA_CORP2|0|2
01-01 00:33:41.689  3739  3739 W HMI2-SETTINGS - CI08.4: className -> WifiActivity | functionName -> isWapiVariantBlocked | value -> security_type:2
01-01 00:33:41.689  3739  3739 W HMI2-SETTINGS - CI08.4: className -> WifiActivity | functionName -> isInConnected | value -> | ACSIA_CORP3|0|2
01-01 00:33:41.689  3739  3739 W HMI2-SETTINGS - CI08.4: className -> WifiActivity | functionName -> isWapiVariantBlocked | value -> security_type:2
01-01 00:33:41.689  3739  3739 W HMI2-SETTINGS - CI08.4: className -> WifiActivity | functionName -> isInConnected | value -> |ACSIA_Management|0|2
01-01 00:33:41.689  3739  3739 W HMI2-SETTINGS - CI08.4: className -> WifiActivity | functionName -> isWapiVariantBlocked | value -> security_type:2
01-01 00:33:41.689  3739  3739 W HMI2-SETTINGS - CI08.4: className -> WifiActivity | functionName -> isInConnected | value -> |AUTOMATION_TEST|0|2
01-01 00:33:41.689  3739  3739 W HMI2-SETTINGS - CI08.4: className -> WifiActivity | functionName -> isWapiVariantBlocked | value -> security_type:2
01-01 00:33:41.689  3739  3739 W HMI2-SETTINGS - CI08.4: className -> WifiActivity | functionName -> isInConnected | value -> |MB Hotspot 61185|0|2
01-01 00:33:41.689  3739  3739 W HMI2-SETTINGS - CI08.4: className -> WifiActivity | functionName -> isWapiVariantBlocked | value -> security_type:0
01-01 00:33:41.689  3739  3739 W HMI2-SETTINGS - CI08.4: className -> WifiActivity | functionName -> isInConnected | value -> |HP-Print-DB-LaserJet Pro MFP|0|0
01-01 00:33:41.689  3739  3739 W HMI2-SETTINGS - CI08.4: className -> WifiActivity | functionName -> handleAllAvailNetwork | value -> savedNetwork ->0
01-01 00:33:41.689  3739  3739 W HMI2-SETTINGS - CI08.4: className -> WifiActivity | functionName -> handleAllAvailNetwork | value -> presentVisibleNetwork ->29
01-01 00:33:41.691  3739  3739 W HMI2-SETTINGS - CI08.4: className -> WifiActivity | functionName -> handleIfWifiAvailableNetworks: config is  | value -> null
01-01 00:33:41.732  1392  1392 W SYSTEM_UI: SWR_BAIDU_HMI_0023|SWR_SYSTEM_UI_003|FUN=StatusBar::getActiveNotifications|1|Get active notifications from Android framework.
01-01 00:33:41.732  1392  1392 W SYSTEM_UI: SWR_SYSTEM_UI_004|FUN=StatusBar::getActiveNotifications|1|Get active notifications from Android framework.
01-01 00:33:41.732  1392  1392 D StatusBar: notification received at statusbar 3
01-01 00:33:41.740  1392  1392 W SYSTEM_UI - CI07.3: className -> NotificationUIService | functionName -> onStartCommand | value -> onStartCommand NotificationServiceListener
01-01 00:33:41.740  1392  1392 W SYSTEM_UI - CI07.3: className -> NotificationUIService | functionName -> onStartCommand | value -> onStartCommand NotificationServiceListenerACTION_NOTIFICATION_UPDATE
01-01 00:33:41.740  1392  1392 W SYSTEM_UI - CI07.3: className -> NotificationUIService | functionName -> onStartCommand | value -> ActionName --> ACTION_NOTIFICATION_UPDATE
01-01 00:33:41.756  1392  1392 D ScrimController: animate_trace: updateScrims entry
01-01 00:33:41.756  1392  1392 D ScrimController: animate_trace: setScrimBehindAlpha :hardcoding alpha=0.0 to 0
01-01 00:33:41.756  1392  1392 D ScrimController: animate_trace: setScrimInFrontAlpha :hardcoding alpha=0.0 to 0
01-01 00:33:41.783  1392  1774 D CommandQueue: animate_trace: appTransitionStarting; duration=0;hardcoded forced=false to false
01-01 00:33:41.791  1392 11843 W SYSTEM_UI - CI07.3: className -> NotificationUIService | functionName -> FilterTask | doInBackground | value -> doInBackground
01-01 00:33:41.792  1392 11843 W SYSTEM_UI - CI07.3: className -> NotificationUIService | functionName -> populateValidNotifications | value -> NOTIFICATION_INFO || packageName --> android | notificationTitle --> Connect to open WiFi network | notificationText --> HP-Print-DB-LaserJet Pro MFP | postedTime --> 2021601 | notificationId --> 17303299 | notificationFlag --> 256 | isClearable --> true | isOngoing --> false | notificationPriority --> 0 | notificationChannelImportance --> 2
01-01 00:33:41.793  1392 11843 W SYSTEM_UI - CI07.3: className -> NotificationUIService | functionName -> populateValidNotifications | value -> Notification entry not valid. System notification.
01-01 00:33:41.794  1392 11843 W SYSTEM_UI - CI07.3: className -> NotificationUIService | functionName -> populateValidNotifications | value -> NOTIFICATION_INFO || packageName --> android | notificationTitle --> USB debugging connected | notificationText --> Tap to disable USB debugging. | postedTime --> 19764 | notificationId --> 26 | notificationFlag --> 2 | isClearable --> false | isOngoing --> true | notificationPriority --> 0 | notificationChannelImportance --> 2
01-01 00:33:41.795  1392 11843 W SYSTEM_UI - CI07.3: className -> NotificationUIService | functionName -> populateValidNotifications | value -> Notification entry not valid. System notification.
01-01 00:33:41.795  1392 11843 W SYSTEM_UI - CI07.3: className -> NotificationUIService | functionName -> populateValidNotifications | value -> NOTIFICATION_INFO || packageName --> android | notificationTitle --> USB charging this device | notificationText --> Tap for more options. | postedTime --> 19755 | notificationId --> 32 | notificationFlag --> 2 | isClearable --> false | isOngoing --> true | notificationPriority --> 0 | notificationChannelImportance --> 1
01-01 00:33:41.796  1392 11843 W SYSTEM_UI - CI07.3: className -> NotificationUIService | functionName -> populateValidNotifications | value -> Notification entry not valid. System notification.
01-01 00:33:41.796  1392 11843 W SYSTEM_UI: SWR_SYSTEM_UI_003|FUN=NotificationUIService::notifyStatusLineNotifications|1|statusLineNotificationPackages size --> 0
01-01 00:33:41.797  1392  1392 W SYSTEM_UI: SWR_SYSTEM_UI_007|FUN=CollapsedStatusBarFragment::getAction |1|Broadcast action --> STATUS_UPDATE_ACTION
01-01 00:33:41.797  1392  1392 W SYSTEM_UI: SWR_SYSTEM_UI_007|FUN=CollapsedStatusBarFragment::getIntExtra |1|NotifySystemUpdates dataType --> 102
01-01 00:33:41.797  1392 11843 W SYSTEM_UI - CI07.3: className -> NotificationUIService | functionName -> updateData | value -> passed
01-01 00:33:41.797  1392 11843 W SYSTEM_UI: SWR_BAIDU_HMI_0023 SWR_SYSTEM_UI_003 SWR_SYSTEM_UI_004|FUN=NotificationUIService::updateData|1|Received notifications from Android framework
01-01 00:33:41.797  1392 11843 W SYSTEM_UI - CI07.3: className -> NotificationUIService | functionName -> FilterTask | doInBackground | value -> updateData value --> []
01-01 00:33:41.800  1392  1392 W SYSTEM_UI - CI07.3: className -> CollapsedStatusBarFragment | functionName -> NotifySystemUpdates | onReceive -->  | value -> DATATYPE_NOTIFICATION: 0
01-01 00:33:41.800  1392  1392 W SYSTEM_UI: SWR_SYSTEM_UI_003|FUN=CollapsedStatusBarFragment::NotifySystemUpdates | onREeceive|1|DATATYPE_NOTIFICATION: 0
01-01 00:33:41.800  1392  1392 W SYSTEM_UI - CI07.3: className -> NotificationUIService | functionName -> FilterTask | onPostExecute | value -> stateWindow --> -1
01-01 00:33:41.800  1392  1392 W SYSTEM_UI - CI07.3: className -> NotificationUIService | functionName -> showHeadsUpNotification | value -> headsup disabled
01-01 00:33:41.802  1392  1774 D CommandQueue: animate_trace: appTransitionFinished
01-01 00:33:41.808  1151  1192 I ActivityManager: Displayed com.panasonic.hmi2settings/.activity.WifiActivity: +310ms
01-01 00:33:41.810  1151  1192 E ANDR-PERF-JNI: Iop tryGetService failed
01-01 00:33:41.815  1151  1167 D WindowManager: relayout packageName=com.panasonic.hmi2settings::session=Session{c47ecfc 3739:1000}::window=android.view.IWindow$Stub$Proxy@2e74370::attrs.flags=null
01-01 00:33:41.815  1151  1167 D WindowManager: relayout >>> FLAG_FULLSCREEN not set in WindowManager.LayoutParams
01-01 00:33:41.815  1151  1167 D WindowManager: startStatusReceiverServiceOnFlagSet: creating intent for action ACTION_ACTIVITY_FULLSCREEN
01-01 00:33:41.816  1151  1167 W ContextImpl: Calling a method in the system process without a qualified user: android.app.ContextImpl.startService:1476 com.android.server.wm.Session.startStatusReceiverServiceOnFlagSet:762 com.android.server.wm.Session.relayout:276 android.view.IWindowSession$Stub.onTransact:286 com.android.server.wm.Session.onTransact:166 
01-01 00:33:41.816  1151  1167 D CompatibilityInfo: mCompatibilityFlags - 4
01-01 00:33:41.817  1151  1167 D CompatibilityInfo: applicationDensity - 240
01-01 00:33:41.817  1151  1167 D CompatibilityInfo: applicationScale - 1.0
01-01 00:33:41.817  1151  1167 D WindowManager: startStatusReceiverServiceOnFlagSet: startService done
01-01 00:33:41.821  1392  1392 W SYSTEM_UI: SWR_SYSTEM_UI_007|FUN=CollapsedStatusBarFragment::getAction |1|Broadcast action --> STATUS_UPDATE_ACTION
01-01 00:33:41.821  1392  1392 W SYSTEM_UI: SWR_SYSTEM_UI_007|FUN=CollapsedStatusBarFragment::getIntExtra |1|NotifySystemUpdates dataType --> 101
01-01 00:33:41.821  1392  1392 W SYSTEM_UI - CI07.3: className -> CollapsedStatusBarFragment | functionName -> NotifySystemUpdates | onReceive -->  | value -> FULLSCREEN MODE CHANGED | isFullScreenStatus --> false | fullScreenPackage -->com.panasonic.hmi2settings | fullscreenLastShownPackage -->null | topActivityPackage --> com.panasonic.hmi2settings
01-01 00:33:41.821  1392  1392 W SYSTEM_UI - CI07.3: className -> CollapsedStatusBarFragment | functionName -> NotifySystemUpdates | onReceive -->  | value -> Fullscreen mode changed --> path 5
01-01 00:33:41.834  1151 10154 D ActivityTrigger: ActivityTrigger activityStopTrigger 
01-01 00:33:41.838  3739  3739 V Activity: back_button: onSaveInstanceState entry:com.panasonic.hmi2settings.activity.WifiManagerActivity@200cf74
01-01 00:33:41.839  3739  3739 V Activity: onSaveInstanceState com.panasonic.hmi2settings.activity.WifiManagerActivity@200cf74: Bundle[{android:viewHierarchyState=Bundle[{android:views={16908290=android.view.AbsSavedState$1@499b012, 2131427430=android.view.AbsSavedState$1@499b012, 2131427431=android.view.AbsSavedState$1@499b012, 2131427450=android.view.AbsSavedState$1@499b012, 2131427452=android.view.AbsSavedState$1@499b012, 2131427460=android.view.AbsSavedState$1@499b012, 2131427507=android.view.AbsSavedState$1@499b012, 2131427508=android.view.AbsSavedState$1@499b012, 2131427509=android.view.AbsSavedState$1@499b012, 2131427510=android.view.AbsSavedState$1@499b012, 2131427511=android.view.AbsSavedState$1@499b012, 2131427512=android.view.AbsSavedState$1@499b012, 2131427513=android.view.AbsSavedState$1@499b012, 2131427514=android.view.AbsSavedState$1@499b012}}], android:lastAutofillId=1073741823, android:fragments=android.app.FragmentManagerState@48c8859}]
01-01 00:33:41.839  3739  3739 V Activity: onStop com.panasonic.hmi2settings.activity.WifiManagerActivity@200cf74
01-01 00:33:41.901  1392  1392 W SYSTEM_UI - CI07.3: className -> NotificationUIService | functionName -> populateValidNotifications | value -> NOTIFICATION_INFO || packageName --> android | notificationTitle --> Connect to open WiFi network | notificationText --> HP-Print-DB-LaserJet Pro MFP | postedTime --> 2021601 | notificationId --> 17303299 | notificationFlag --> 256 | isClearable --> true | isOngoing --> false | notificationPriority --> 0 | notificationChannelImportance --> 2
01-01 00:33:41.905  1392  1392 W SYSTEM_UI - CI07.3: className -> NotificationUIService | functionName -> populateValidNotifications | value -> Notification entry not valid. System notification.
01-01 00:33:41.905  1392  1392 W SYSTEM_UI - CI07.3: className -> NotificationUIService | functionName -> populateValidNotifications | value -> NOTIFICATION_INFO || packageName --> android | notificationTitle --> USB debugging connected | notificationText --> Tap to disable USB debugging. | postedTime --> 19764 | notificationId --> 26 | notificationFlag --> 2 | isClearable --> false | isOngoing --> true | notificationPriority --> 0 | notificationChannelImportance --> 2
01-01 00:33:41.906  1392  1392 W SYSTEM_UI - CI07.3: className -> NotificationUIService | functionName -> populateValidNotifications | value -> Notification entry not valid. System notification.
01-01 00:33:41.906  1392  1392 W SYSTEM_UI - CI07.3: className -> NotificationUIService | functionName -> populateValidNotifications | value -> NOTIFICATION_INFO || packageName --> android | notificationTitle --> USB charging this device | notificationText --> Tap for more options. | postedTime --> 19755 | notificationId --> 32 | notificationFlag --> 2 | isClearable --> false | isOngoing --> true | notificationPriority --> 0 | notificationChannelImportance --> 1
01-01 00:33:41.907  1392  1392 W SYSTEM_UI - CI07.3: className -> NotificationUIService | functionName -> populateValidNotifications | value -> Notification entry not valid. System notification.
01-01 00:33:41.907  1392  1392 W SYSTEM_UI: SWR_SYSTEM_UI_003|FUN=NotificationUIService::notifyStatusLineNotifications|1|statusLineNotificationPackages size --> 0
01-01 00:33:41.907  1392  1392 W SYSTEM_UI - CI07.3: className -> NotificationUIService | functionName -> updateData | value -> passed
01-01 00:33:41.907  1392  1392 W SYSTEM_UI: SWR_BAIDU_HMI_0023 SWR_SYSTEM_UI_003 SWR_SYSTEM_UI_004|FUN=NotificationUIService::updateData|1|Received notifications from Android framework
01-01 00:33:41.907  1392  1392 W SYSTEM_UI - CI07.3: className -> NotificationUIService | functionName -> refresh | value -> updateData value --> []
01-01 00:33:41.908  1392  1392 W SYSTEM_UI: SWR_SYSTEM_UI_007|FUN=CollapsedStatusBarFragment::getAction |1|Broadcast action --> STATUS_UPDATE_ACTION
01-01 00:33:41.908  1392  1392 W SYSTEM_UI: SWR_SYSTEM_UI_007|FUN=CollapsedStatusBarFragment::getIntExtra |1|NotifySystemUpdates dataType --> 102
01-01 00:33:41.913  1392  1392 W SYSTEM_UI - CI07.3: className -> CollapsedStatusBarFragment | functionName -> NotifySystemUpdates | onReceive -->  | value -> DATATYPE_NOTIFICATION: 0
01-01 00:33:41.913  1392  1392 W SYSTEM_UI: SWR_SYSTEM_UI_003|FUN=CollapsedStatusBarFragment::NotifySystemUpdates | onREeceive|1|DATATYPE_NOTIFICATION: 0
01-01 00:33:41.961  1151  1162 I zygote64: NativeAlloc concurrent copying GC freed 183555(7MB) AllocSpace objects, 52(2MB) LOS objects, 42% free, 13MB/24MB, paused 214us total 139.683ms
01-01 00:33:42.443  1151  1167 D WificondControl: Scan result ready event
01-01 00:33:42.443  1151  1323 I WifiService: isScanAlwaysAvailable uid=1000
01-01 00:33:42.443  1151  1323 I WifiService: getWifiEnabledState uid=1000
01-01 00:33:42.444   808   808 I wificond: Enters wifigbk_ageOutHistory
01-01 00:33:42.444   921  1439 I LOWI-8.5.0.3.c: [LOWI-Scan] lowi_close_record:Scan completed in 2002483ms and Recieved 42 APs scan results
01-01 00:33:42.446   921   961 I LOWI-8.5.0.3.c: [LOWIUtils] responseToOutPostcard - TO: GTP-FDAL, FROM:   LOWI-SERVER, RESP:  LOWI_ASYNC_DISCOVERY_SCAN_RESULTS
01-01 00:33:42.450  1151  1323 D WificondScannerImpl: Filtering out 1 scan results.
01-01 00:33:42.450  1151  1323 I WifiService: isScanAlwaysAvailable uid=1000
01-01 00:33:42.450  1151  1323 I WifiService: getWifiEnabledState uid=1000
01-01 00:33:42.452   924   979 W XTCC-6.1.2.10-a: [LOWIUtils] to_eScanTypeResponse - default case
01-01 00:33:42.452   924   979 W XTCC-6.1.2.10-a: [WifiScanner] WiFi scan result : [42] AP's, async result: 1
01-01 00:33:42.454  3739  3739 E HMI2-SETTINGS - CI08.4: className -> WifiActivity | functionName -> mWifiScanReceiver -> onReceive | error ->intent_action:android.net.wifi.SCAN_RESULTS
01-01 00:33:42.454  2145  2145 D HMI_SERVICE: USE_CASE_NA|FUN=HmiApplication| [action] android.net.wifi.SCAN_RESULTS
01-01 00:33:42.454  1151  1167 I WifiService: getWifiEnabledState uid=1000
01-01 00:33:42.456  1151  1168 I WifiService: getConfiguredNetworks uid=1000
01-01 00:33:42.459  3675 11845 D UIAutomatorStub: URI: /jsonrpc/0, Method: POST, Header: {content-length=274, remote-addr=127.0.0.1, http-client-ip=127.0.0.1, host=localhost:9009, content-type=application/json, connection=close, accept-encoding=identity, user-agent=Python-urllib/2.7}, params, {NanoHttpd.QUERY_STRING=null}, files: {postData={"params": [{"childOrSiblingSelector": [], "scrollable": true, "mask": 16384, "childOrSibling": []}, {"childOrSiblingSelector": [], "text": "RSE_Test", "mask": 1, "childOrSibling": []}, true], "jsonrpc": "2.0", "method": "scrollTo", "id": "d8633543cc3d4e2a10d8bb285eb1e320"}}
01-01 00:33:42.462  1151  1317 D ScanResultUtil: isScanResultForWapiPskNetwork: false
01-01 00:33:42.464  1151  1317 I chatty  : uid=1000(system) WifiStateMachin identical 58 lines
01-01 00:33:42.464  1151  1317 D ScanResultUtil: isScanResultForWapiPskNetwork: false
01-01 00:33:42.464  1151  1317 W WifiConfigManager: Looking up network with invalid networkId -1
01-01 00:33:42.466  1151  1317 D ScanResultUtil: isScanResultForWapiPskNetwork: false
01-01 00:33:42.468  1151  1317 I chatty  : uid=1000(system) WifiStateMachin identical 31 lines
01-01 00:33:42.468  1151  1317 D ScanResultUtil: isScanResultForWapiPskNetwork: false
01-01 00:33:42.468  3739  3739 W HMI2-SETTINGS: SWR_BAIDU_HMI_0027|SWR_BAIDU_HMI_0015|FUN=WifiActivity::getScanResults|1|Get list of available wifi hotspots.
01-01 00:33:42.475  3739  3739 W HMI2-SETTINGS - CI08.4: className -> WifiActivity | functionName -> isWapiVariantBlocked | value -> security_type:2
01-01 00:33:42.475  3739  3739 W HMI2-SETTINGS - CI08.4: className -> WifiActivity | functionName -> isInConnected | value -> |ACSIA_CORP1|0|2
01-01 00:33:42.475  3739  3739 W HMI2-SETTINGS - CI08.4: className -> WifiActivity | functionName -> isWapiVariantBlocked | value -> security_type:2
01-01 00:33:42.475  3739  3739 W HMI2-SETTINGS - CI08.4: className -> WifiActivity | functionName -> isInConnected | value -> | ACSIA_CORP3|0|2
01-01 00:33:42.475  3739  3739 W HMI2-SETTINGS - CI08.4: className -> WifiActivity | functionName -> isWapiVariantBlocked | value -> security_type:2
01-01 00:33:42.475  3739  3739 W HMI2-SETTINGS - CI08.4: className -> WifiActivity | functionName -> isInConnected | value -> |ACSIA_Management|0|2
01-01 00:33:42.475  3739  3739 W HMI2-SETTINGS - CI08.4: className -> WifiActivity | functionName -> isWapiVariantBlocked | value -> security_type:2
01-01 00:33:42.475  3739  3739 W HMI2-SETTINGS - CI08.4: className -> WifiActivity | functionName -> isInConnected | value -> |ACSIA_CORP2|0|2
01-01 00:33:42.475  3739  3739 W HMI2-SETTINGS - CI08.4: className -> WifiActivity | functionName -> isWapiVariantBlocked | value -> security_type:2
01-01 00:33:42.475  3739  3739 W HMI2-SETTINGS - CI08.4: className -> WifiActivity | functionName -> isInConnected | value -> |ACSIA_DEV|0|2
01-01 00:33:42.475  3739  3739 W HMI2-SETTINGS - CI08.4: className -> WifiActivity | functionName -> isWapiVariantBlocked | value -> security_type:2
01-01 00:33:42.475  3739  3739 W HMI2-SETTINGS - CI08.4: className -> WifiActivity | functionName -> isInConnected | value -> |RSE_Test|0|2
01-01 00:33:42.475  3739  3739 W HMI2-SETTINGS - CI08.4: className -> WifiActivity | functionName -> isWapiVariantBlocked | value -> security_type:2
01-01 00:33:42.475  3739  3739 W HMI2-SETTINGS - CI08.4: className -> WifiActivity | functionName -> isInConnected | value -> |ACSIA_GUEST1|0|2
01-01 00:33:42.475  3739  3739 W HMI2-SETTINGS - CI08.4: className -> WifiActivity | functionName -> isWapiVariantBlocked | value -> security_type:2
01-01 00:33:42.475  3739  3739 W HMI2-SETTINGS - CI08.4: className -> WifiActivity | functionName -> isInConnected | value -> |NETGEAR66-5G|0|2
01-01 00:33:42.476  3739  3739 W HMI2-SETTINGS - CI08.4: className -> WifiActivity | functionName -> isWapiVariantBlocked | value -> security_type:2
01-01 00:33:42.476  3739  3739 W HMI2-SETTINGS - CI08.4: className -> WifiActivity | functionName -> isInConnected | value -> |Secure|0|2
01-01 00:33:42.476  3739  3739 W HMI2-SETTINGS - CI08.4: className -> WifiActivity | functionName -> isWapiVariantBlocked | value -> security_type:2
01-01 00:33:42.476  3739  3739 W HMI2-SETTINGS - CI08.4: className -> WifiActivity | functionName -> isInConnected | value -> |DIRECT-YOATLP042msDU|0|2
01-01 00:33:42.476  3739  3739 W HMI2-SETTINGS - CI08.4: className -> WifiActivity | functionName -> isWapiVariantBlocked | value -> security_type:2
01-01 00:33:42.476  3739  3739 W HMI2-SETTINGS - CI08.4: className -> WifiActivity | functionName -> isInConnected | value -> |ACSIA_CORP1|0|2
01-01 00:33:42.476  3739  3739 W HMI2-SETTINGS - CI08.4: className -> WifiActivity | functionName -> isWapiVariantBlocked | value -> security_type:2
01-01 00:33:42.476  3739  3739 W HMI2-SETTINGS - CI08.4: className -> WifiActivity | functionName -> isInConnected | value -> |ACSIA_GUEST1|0|2
01-01 00:33:42.476  3739  3739 W HMI2-SETTINGS - CI08.4: className -> WifiActivity | functionName -> isWapiVariantBlocked | value -> security_type:2
01-01 00:33:42.476  3739  3739 W HMI2-SETTINGS - CI08.4: className -> WifiActivity | functionName -> isInConnected | value -> |ACSIA_CORP2|0|2
01-01 00:33:42.476  3739  3739 W HMI2-SETTINGS - CI08.4: className -> WifiActivity | functionName -> isWapiVariantBlocked | value -> security_type:2
01-01 00:33:42.476  3739  3739 W HMI2-SETTINGS - CI08.4: className -> WifiActivity | functionName -> isInConnected | value -> |ACSIA_Management|0|2
01-01 00:33:42.476  3739  3739 W HMI2-SETTINGS - CI08.4: className -> WifiActivity | functionName -> isWapiVariantBlocked | value -> security_type:2
01-01 00:33:42.476  3739  3739 W HMI2-SETTINGS - CI08.4: className -> WifiActivity | functionName -> isInConnected | value -> | ACSIA_CORP3|0|2
01-01 00:33:42.476  3739  3739 W HMI2-SETTINGS - CI08.4: className -> WifiActivity | functionName -> isWapiVariantBlocked | value -> security_type:2
01-01 00:33:42.476  3739  3739 W HMI2-SETTINGS - CI08.4: className -> WifiActivity | functionName -> isInConnected | value -> |RSE_Test|0|2
01-01 00:33:42.476  3739  3739 W HMI2-SETTINGS - CI08.4: className -> WifiActivity | functionName -> isWapiVariantBlocked | value -> security_type:2
01-01 00:33:42.476  3739  3739 W HMI2-SETTINGS - CI08.4: className -> WifiActivity | functionName -> isInConnected | value -> |ACSIA_DEV|0|2
01-01 00:33:42.476  3739  3739 W HMI2-SETTINGS - CI08.4: className -> WifiActivity | functionName -> isWapiVariantBlocked | value -> security_type:2
01-01 00:33:42.476  3739  3739 W HMI2-SETTINGS - CI08.4: className -> WifiActivity | functionName -> isInConnected | value -> |DIRECT-vQINLT044msmJ|0|2
01-01 00:33:42.476  3739  3739 W HMI2-SETTINGS - CI08.4: className -> WifiActivity | functionName -> isWapiVariantBlocked | value -> security_type:2
01-01 00:33:42.476  3739  3739 W HMI2-SETTINGS - CI08.4: className -> WifiActivity | functionName -> isInConnected | value -> |DIRECT-DMATCLWI2064msNL|0|2
01-01 00:33:42.476  3739  3739 W HMI2-SETTINGS - CI08.4: className -> WifiActivity | functionName -> isWapiVariantBlocked | value -> security_type:2
01-01 00:33:42.476  3739  3739 W HMI2-SETTINGS - CI08.4: className -> WifiActivity | functionName -> isInConnected | value -> |ACSIA_DEV|0|2
01-01 00:33:42.476  3739  3739 W HMI2-SETTINGS - CI08.4: className -> WifiActivity | functionName -> isWapiVariantBlocked | value -> security_type:2
01-01 00:33:42.476  3739  3739 W HMI2-SETTINGS - CI08.4: className -> WifiActivity | functionName -> isInConnected | value -> |RSE_Test|0|2
01-01 00:33:42.476  3739  3739 W HMI2-SETTINGS - CI08.4: className -> WifiActivity | functionName -> isWapiVariantBlocked | value -> security_type:2
01-01 00:33:42.476  3739  3739 W HMI2-SETTINGS - CI08.4: className -> WifiActivity | functionName -> isInConnected | value -> |ACSIA_CORP1|0|2
01-01 00:33:42.476  3739  3739 W HMI2-SETTINGS - CI08.4: className -> WifiActivity | functionName -> isWapiVariantBlocked | value -> security_type:2
01-01 00:33:42.476  3739  3739 W HMI2-SETTINGS - CI08.4: className -> WifiActivity | functionName -> isInConnected | value -> |ACSIA_GUEST1|0|2
01-01 00:33:42.476  3739  3739 W HMI2-SETTINGS - CI08.4: className -> WifiActivity | functionName -> isWapiVariantBlocked | value -> security_type:2
01-01 00:33:42.476  3739  3739 W HMI2-SETTINGS - CI08.4: className -> WifiActivity | functionName -> isInConnected | value -> |ACSIA_CORP2|0|2
01-01 00:33:42.476  3739  3739 W HMI2-SETTINGS - CI08.4: className -> WifiActivity | functionName -> isWapiVariantBlocked | value -> security_type:2
01-01 00:33:42.476  3739  3739 W HMI2-SETTINGS - CI08.4: className -> WifiActivity | functionName -> isInConnected | value -> | ACSIA_CORP3|0|2
01-01 00:33:42.476  3739  3739 W HMI2-SETTINGS - CI08.4: className -> WifiActivity | functionName -> isWapiVariantBlocked | value -> security_type:2
01-01 00:33:42.476  3739  3739 W HMI2-SETTINGS - CI08.4: className -> WifiActivity | functionName -> isInConnected | value -> |ACSIA_Management|0|2
01-01 00:33:42.476  3739  3739 W HMI2-SETTINGS - CI08.4: className -> WifiActivity | functionName -> isWapiVariantBlocked | value -> security_type:2
01-01 00:33:42.476  3739  3739 W HMI2-SETTINGS - CI08.4: className -> WifiActivity | functionName -> isInConnected | value -> |AUTOMATION_TEST|0|2
01-01 00:33:42.477  3739  3739 W HMI2-SETTINGS - CI08.4: className -> WifiActivity | functionName -> isWapiVariantBlocked | value -> security_type:2
01-01 00:33:42.477  3739  3739 W HMI2-SETTINGS - CI08.4: className -> WifiActivity | functionName -> isInConnected | value -> |MB Hotspot 61185|0|2
01-01 00:33:42.477  3739  3739 W HMI2-SETTINGS - CI08.4: className -> WifiActivity | functionName -> isWapiVariantBlocked | value -> security_type:0
01-01 00:33:42.477  3739  3739 W HMI2-SETTINGS - CI08.4: className -> WifiActivity | functionName -> isInConnected | value -> |HP-Print-DB-LaserJet Pro MFP|0|0
01-01 00:33:42.477  3739  3739 W HMI2-SETTINGS - CI08.4: className -> WifiActivity | functionName -> isWapiVariantBlocked | value -> security_type:2
01-01 00:33:42.477  3739  3739 W HMI2-SETTINGS - CI08.4: className -> WifiActivity | functionName -> isInConnected | value -> |AndroidShare_4333|0|2
01-01 00:33:42.477  3739  3739 W HMI2-SETTINGS - CI08.4: className -> WifiActivity | functionName -> handleAllAvailNetwork | value -> savedNetwork ->0
01-01 00:33:42.477  3739  3739 W HMI2-SETTINGS - CI08.4: className -> WifiActivity | functionName -> handleAllAvailNetwork | value -> presentVisibleNetwork ->30
01-01 00:33:42.480  3739  3739 W HMI2-SETTINGS - CI08.4: className -> WifiActivity | functionName -> handleIfWifiAvailableNetworks: config is  | value -> null
01-01 00:33:42.486  3675 11845 D UiScrollable: scrollToBeginning() on selector = UiSelector[SCROLLABLE=true]
01-01 00:33:42.486  3675 11845 D UiScrollable: scrollBackward() on selector = UiSelector[SCROLLABLE=true]
01-01 00:33:42.569   729   748 I sssv-lib: sendMsg enter
01-01 00:33:42.570   729   748 I sssv-lib: sendMsg complete.
01-01 00:33:42.786  1933  1933 I LCMANDR : SWR_OOB_HV_MF_009|FUN=ResourceMonitoringService::movingMemoryAverage|2|Moving memory average :29.085522
01-01 00:33:42.786  1933  1933 W LCMANDR : SWR_OOB_HV_MF_009|FUN=ResourceMonitoringService::getCpuUsageStatistic|Moving MEM AVG :::::::::29.085522
01-01 00:33:42.788  1933  1933 W LCMANDR : SWR_OOB_HV_MF_009|FUN=ResourceMonitoringService::getCpuUsageStatistic|2|Total cpu usage :33.48365
01-01 00:33:42.788  1933  1933 I LCMANDR : SWR_OOB_HV_MF_009|FUN=ResourceMonitoringService::getCpuUsageStatistic|Cpu usage of core  0 is32.550335
01-01 00:33:42.788  1933  1933 I LCMANDR : SWR_OOB_HV_MF_009|FUN=ResourceMonitoringService::getCpuUsageStatistic|Cpu usage of core  1 is32.885906
01-01 00:33:42.788  1933  1933 I LCMANDR : SWR_OOB_HV_MF_009|FUN=ResourceMonitoringService::getCpuUsageStatistic|Cpu usage of core  2 is35.051544
01-01 00:33:42.788  1933  1933 I LCMANDR : ResourceMonitoringService::movingCpuAverage()
01-01 00:33:42.788  1933  1933 I LCMANDR : SWR_OOB_HV_MF_009|FUN=ResourceMonitoringService::movingCpuAverage|2|Moving window average of CPU 23.421194
01-01 00:33:42.788  1933  1933 I LCMANDR : SWR_OOB_HV_MF_009|FUN=ResourceMonitoringService::movingCpuAverage|2|Cpu moving average of core  0 is23.577595
01-01 00:33:42.788  1933  1933 I LCMANDR : SWR_OOB_HV_MF_009|FUN=ResourceMonitoringService::movingCpuAverage|2|Cpu moving average of core  1 is20.297794
01-01 00:33:42.788  1933  1933 I LCMANDR : SWR_OOB_HV_MF_009|FUN=ResourceMonitoringService::movingCpuAverage|2|Cpu moving average of core  2 is26.334879
01-01 00:33:42.788  1933  1933 D LCMANDR : SWR_OOB_HV_MF_009|FUN=ResourceMonitoringService::movingCpuAverage|2|Exiting VAL = 23.421194
01-01 00:33:43.133  3675 11845 I QueryController: Matched selector: UiSelector[SCROLLABLE=true] <<==>> [android.view.accessibility.AccessibilityNodeInfo@1fec9c6; boundsInParent: Rect(0, 0 - 1332, 889); boundsInScreen: Rect(305, 172 - 1637, 1061); packageName: com.panasonic.hmi2settings; className: android.widget.ScrollView; text: null; error: null; maxTextLength: -1; contentDescription: null; viewIdResName: com.panasonic.hmi2settings:id/scrollWifi; checkable: false; checked: false; focusable: true; focused: false; selected: false; clickable: false; longClickable: false; contextClickable: false; enabled: true; password: false; scrollable: true; importantForAccessibility: true; actions: [AccessibilityAction: ACTION_FOCUS - null, AccessibilityAction: ACTION_SELECT - null, AccessibilityAction: ACTION_CLEAR_SELECTION - null, AccessibilityAction: ACTION_ACCESSIBILITY_FOCUS - null, AccessibilityAction: ACTION_SCROLL_FORWARD - null, AccessibilityAction: ACTION_SHOW_ON_SCREEN - null]]
01-01 00:33:43.133  3675 11845 D UiScrollable: scrollToBegining() using vertical scroll
01-01 00:33:43.133  3675 11845 D InteractionController: scrollSwipe (971, 260, 971, 973, 55)
01-01 00:33:43.267   625   625 D WifiHAL : Start get packet fate command
01-01 00:33:43.267   625   625 D WifiHAL : createRequest Get Tx packet fate request
01-01 00:33:43.267   625   625 E WifiHAL : Failed to register get pkt fate response; result = -95
01-01 00:33:43.268  1151  1317 E WifiVendorHal: getTxPktFates(l.2067) failed {.code = ERROR_UNKNOWN, .description = errno: -95 (Unknown error -95)}
01-01 00:33:43.269   625   625 D WifiHAL : Start get packet fate command
01-01 00:33:43.269   625   625 D WifiHAL : createRequest Get Rx packet fate request
01-01 00:33:43.269   625   625 E WifiHAL : Failed to register get pkt fate response; result = -95
01-01 00:33:43.270  1151  1317 E WifiVendorHal: getRxPktFates(l.2107) failed {.code = ERROR_UNKNOWN, .description = errno: -95 (Unknown error -95)}
01-01 00:33:43.336   625   625 D WifiHAL : Start get packet fate command
01-01 00:33:43.336   625   625 D WifiHAL : createRequest Get Tx packet fate request
01-01 00:33:43.337   625   625 E WifiHAL : Failed to register get pkt fate response; result = -95
01-01 00:33:43.338  1151  1317 E WifiVendorHal: getTxPktFates(l.2067) failed {.code = ERROR_UNKNOWN, .description = errno: -95 (Unknown error -95)}
01-01 00:33:43.339   625   625 D WifiHAL : Start get packet fate command
01-01 00:33:43.339   625   625 D WifiHAL : createRequest Get Rx packet fate request
01-01 00:33:43.339   625   625 E WifiHAL : Failed to register get pkt fate response; result = -95
01-01 00:33:43.340  1151  1317 E WifiVendorHal: getRxPktFates(l.2107) failed {.code = ERROR_UNKNOWN, .description = errno: -95 (Unknown error -95)}
01-01 00:33:43.415  1933  1957 D LCMANDR : SWR_OOB_HV_MF_009|FUN=LifeCycleManagerService::LifeCycle_ReportCompStatus|GOT ALIVENESS SIGNAL FROM DAIAPP : [0]; HB Counter = [ 796 ]; STATUS INFO = [ 0 ]
01-01 00:33:43.415  1519  1519 I Connectivity_AIDL|AIDL_Handler.AIDL_Helpers.LcmHelper: MBUX App Method: KeepAliveTest |Line No: 408 |Log Type: Critical |Message: MainThread:MBUX-App HB Count: 798, ResponseCode: 0
01-01 00:33:43.570   729   748 I sssv-lib: sendMsg enter
01-01 00:33:43.570   729   748 I sssv-lib: sendMsg complete.
01-01 00:33:43.981   635   635 E ANDR-PERF-TARGET: Error: Invalid logical cluster id 0
01-01 00:33:43.982   635   635 E ANDR-PERF-MPCTL: invalid request, no optimizations performed
01-01 00:33:43.998   635   635 E ANDR-PERF-TARGET: Error: Invalid logical cluster id 0
01-01 00:33:43.998   635   635 E ANDR-PERF-MPCTL: invalid request, no optimizations performed
01-01 00:33:44.015   635   635 E ANDR-PERF-TARGET: Error: Invalid logical cluster id 0
01-01 00:33:44.015   635   635 E ANDR-PERF-MPCTL: invalid request, no optimizations performed
01-01 00:33:44.031   635   635 E ANDR-PERF-TARGET: Error: Invalid logical cluster id 0
01-01 00:33:44.032   635   635 E ANDR-PERF-MPCTL: invalid request, no optimizations performed
01-01 00:33:44.048   635   635 E ANDR-PERF-TARGET: Error: Invalid logical cluster id 0
01-01 00:33:44.048   635   635 E ANDR-PERF-MPCTL: invalid request, no optimizations performed
01-01 00:33:44.048   635   635 E ANDR-PERF-TARGET: Error: Invalid logical cluster id 0
01-01 00:33:44.049   635   635 E ANDR-PERF-MPCTL: invalid request, no optimizations performed
01-01 00:33:44.065   635   635 E ANDR-PERF-TARGET: Error: Invalid logical cluster id 0
01-01 00:33:44.065   635   635 E ANDR-PERF-MPCTL: invalid request, no optimizations performed
01-01 00:33:44.082   635   635 E ANDR-PERF-TARGET: Error: Invalid logical cluster id 0
01-01 00:33:44.082   635   635 E ANDR-PERF-MPCTL: invalid request, no optimizations performed
01-01 00:33:44.098   635   635 E ANDR-PERF-TARGET: Error: Invalid logical cluster id 0
01-01 00:33:44.098   635   635 E ANDR-PERF-MPCTL: invalid request, no optimizations performed
01-01 00:33:44.115   635   635 E ANDR-PERF-TARGET: Error: Invalid logical cluster id 0
01-01 00:33:44.115   635   635 E ANDR-PERF-MPCTL: invalid request, no optimizations performed
01-01 00:33:44.132   635   635 E ANDR-PERF-TARGET: Error: Invalid logical cluster id 0
01-01 00:33:44.132   635   635 E ANDR-PERF-MPCTL: invalid request, no optimizations performed
01-01 00:33:44.148   635   635 E ANDR-PERF-TARGET: Error: Invalid logical cluster id 0
01-01 00:33:44.148   635   635 E ANDR-PERF-MPCTL: invalid request, no optimizations performed
01-01 00:33:44.156  1151  1168 D CompatibilityInfo: mCompatibilityFlags - 4
01-01 00:33:44.156  1151  1168 D CompatibilityInfo: applicationDensity - 240
01-01 00:33:44.156  1151  1168 D CompatibilityInfo: applicationScale - 1.0
01-01 00:33:44.158  2145  2145 D HMI_SERVICE: USE_CASE_NA|FUN=StoragedJobIntentService::onCreate|1|init
01-01 00:33:44.160  2145 10175 D HMI_SERVICE: USE_CASE_NA|FUN=StoragedJobIntentService::onHandleIntent|1|ACTION_MONITOR_APPS
01-01 00:33:44.161  2145 10175 I HMI_SERVICE: USE_CASE_NA|FUN=StoragedJobIntentService::onHandleIntent|1|msg:storageType:64totalWriteValue371974144
01-01 00:33:44.161  2145 10175 D HMI_SERVICE: USE_CASE_NA|FUN=StoragedJobIntentService::initMonitorApps|1|init
01-01 00:33:44.161  2145 10175 D HMI_SERVICE: USE_CASE_NA|FUN=EmmcUtils::getAppUid|1|uid:10027
01-01 00:33:44.162  2145 10175 D HMI_SERVICE: USE_CASE_NA|FUN=EmmcUtils::getAppUid|1|uid:10033
01-01 00:33:44.164  2677  9144 W ANDR_PERSISTENCY_CLIENT: SWR_PERSISTENCE_HV_LA_MF_0003|FUN=VCPUPersistenceService::executeLinuxCommand|0| init 
01-01 00:33:42.445   808   808 I wificond: Enters wifigbk_ageOutHistory
01-01 00:33:44.164  2677  9144 W ContextImpl: Calling a method in the system process without a qualified user: android.app.ContextImpl.startService:1476 android.content.ContextWrapper.startService:650 com.panasonic.dairse.vcpupersistence.VCPUPersistenceService$1.executeLinuxCommand:392 com.panasonic.dairse.vcpupersistence.IVCPUPersistenceService$Stub.onTransact:437 android.os.Binder.execTransact:706 
01-01 00:33:44.165   635   635 E ANDR-PERF-TARGET: Error: Invalid logical cluster id 0
01-01 00:33:44.165   635   635 E ANDR-PERF-MPCTL: invalid request, no optimizations performed
01-01 00:33:44.168  2145  2145 D HMI_SERVICE: USE_CASE_NA|FUN=StoragedJobIntentService::onDestroy|1|init
01-01 00:33:44.171  1151  1167 D CompatibilityInfo: mCompatibilityFlags - 4
01-01 00:33:44.172  1151  1167 D CompatibilityInfo: applicationDensity - 240
01-01 00:33:44.172  1151  1167 D CompatibilityInfo: applicationScale - 1.0
01-01 00:33:44.176  2677 11846 W ANDR_PERSISTENCY_CLIENT: SWR_PERSISTENCE_HV_LA_MF_0004|FUN=UT_VCPUService:: onHandleIntent |2| [action] 16
01-01 00:33:44.176  2677 11846 W ANDR_PERSISTENCY_CLIENT: SWR_PERSISTENCE_HV_LA_MF_0003|FUN=PersConnHandler:: executeLinuxCommand |2| [id] execute_procedure
01-01 00:33:44.176  2677 11846 W ANDR_PERSISTENCY_CLIENT: SWR_PERSISTENCE_HV_LA_MF_0005|FUN=TCPHandler:: getInstance |2|msg: invoked 
01-01 00:33:44.177  2677 11846 W ANDR_PERSISTENCY_CLIENT: SWR_PERSISTENCE_HV_LA_MF_0005|FUN=TCPHandler::sendWriteRequestToPersistenceLinux|2|key= 0commandKey= 5 data= [99, 97, 116, 32, 47, 112, 114, 111, 99, 47, 100, 105, 115, 107, 115, 116, 97, 116, 115]
01-01 00:33:44.177  2677 11846 W ANDR_PERSISTENCY_CLIENT: SWR_PERSISTENCE_HV_LA_MF_0005|FUN=TCPHandler:: getUID |2|msg: invoked 
01-01 00:33:44.177  2677 11846 W ANDR_PERSISTENCY_CLIENT: SWR_PERSISTENCE_HV_LA_MF_0005|FUN=TCPHandler:: setAction |2|msg:setAction=1
01-01 00:33:44.177  2677 11846 W ANDR_PERSISTENCY_CLIENT: SWR_PERSISTENCE_HV_LA_MF_0005|FUN=TCPHandler:: setUID |2|msg:uid=99
01-01 00:33:44.177  2677 11846 W ANDR_PERSISTENCY_CLIENT: SWR_PERSISTENCE_HV_LA_MF_0005|FUN=TCPHandler:: setKey |2|msg:uid=99
01-01 00:33:44.177  2677 11846 W ANDR_PERSISTENCY_CLIENT: SWR_PERSISTENCE_HV_LA_MF_0005|FUN=TCPHandler::setCommandKey|2|msg:commandKey=5
01-01 00:33:44.177  2677 11846 W ANDR_PERSISTENCY_CLIENT: SWR_PERSISTENCE_HV_LA_MF_0005|FUN=TCPHandler::sendWriteRequestToPersistenceLinux|2|listKey=99_5;keyString=0x00;key=0;command=cat /proc/diskstats
01-01 00:33:44.177  2677  2725 W ANDR_PERSISTENCY_CLIENT: SWR_PERSISTENCE_HV_LA_MF_0005|FUN=TCPHandler:: getAction |2|msg:getAction=1
01-01 00:33:44.177  2677  2725 W ANDR_PERSISTENCY_CLIENT: SWR_PERSISTENCE_HV_LA_MF_0005|FUN=TCPHandler:: sender:ACTION_REQUEST |2|msg:condition 
01-01 00:33:44.177  2677  2725 W ANDR_PERSISTENCY_CLIENT: SWR_PERSISTENCE_HV_LA_MF_0005|FUN=TCPHandler:: getWrappedData |2|msg: msg com.panasonic.dairse.vcpupersistence.TCPHandler$Message@521691a
01-01 00:33:44.177  2677  2725 W ANDR_PERSISTENCY_CLIENT: SWR_PERSISTENCE_HV_LA_MF_0005|FUN=TCPHandler::getCommandKey|2|msg:commandKey=5
