01-01 00:29:48.517  3739  3739 W HMI2-SETTINGS - CI08.4: className -> WifiActivity | functionName -> isInConnected | value -> |ACSIA_GUEST1|0|2
01-01 00:29:48.517  3739  3739 W HMI2-SETTINGS - CI08.4: className -> WifiActivity | functionName -> isWapiVariantBlocked | value -> security_type:2
01-01 00:29:48.517  3739  3739 W HMI2-SETTINGS - CI08.4: className -> WifiActivity | functionName -> isInConnected | value -> |ACSIA_CORP2|0|2
01-01 00:29:48.517  3739  3739 W HMI2-SETTINGS - CI08.4: className -> WifiActivity | functionName -> isWapiVariantBlocked | value -> security_type:2
01-01 00:29:48.517  3739  3739 W HMI2-SETTINGS - CI08.4: className -> WifiActivity | functionName -> isInConnected | value -> |ACSIA_DEV|0|2
01-01 00:29:48.517  3739  3739 W HMI2-SETTINGS - CI08.4: className -> WifiActivity | functionName -> isWapiVariantBlocked | value -> security_type:2
01-01 00:29:48.517  3739  3739 W HMI2-SETTINGS - CI08.4: className -> WifiActivity | functionName -> isInConnected | value -> |RSE_Test|0|2
01-01 00:29:48.517  3739  3739 W HMI2-SETTINGS - CI08.4: className -> WifiActivity | functionName -> isWapiVariantBlocked | value -> security_type:2
01-01 00:29:48.517  3739  3739 W HMI2-SETTINGS - CI08.4: className -> WifiActivity | functionName -> isInConnected | value -> |NETGEAR66-5G|0|2
01-01 00:29:48.517  3739  3739 W HMI2-SETTINGS - CI08.4: className -> WifiActivity | functionName -> isWapiVariantBlocked | value -> security_type:2
01-01 00:29:48.517  3739  3739 W HMI2-SETTINGS - CI08.4: className -> WifiActivity | functionName -> isInConnected | value -> |Secure|0|2
01-01 00:29:48.517  3739  3739 W HMI2-SETTINGS - CI08.4: className -> WifiActivity | functionName -> isWapiVariantBlocked | value -> security_type:2
01-01 00:29:48.517  3739  3739 W HMI2-SETTINGS - CI08.4: className -> WifiActivity | functionName -> isInConnected | value -> |ACSIA_CORP1|0|2
01-01 00:29:48.517  3739  3739 W HMI2-SETTINGS - CI08.4: className -> WifiActivity | functionName -> isWapiVariantBlocked | value -> security_type:2
01-01 00:29:48.517  3739  3739 W HMI2-SETTINGS - CI08.4: className -> WifiActivity | functionName -> isInConnected | value -> |ACSIA_DEV|0|2
01-01 00:29:48.517  3739  3739 W HMI2-SETTINGS - CI08.4: className -> WifiActivity | functionName -> isWapiVariantBlocked | value -> security_type:2
01-01 00:29:48.517  3739  3739 W HMI2-SETTINGS - CI08.4: className -> WifiActivity | functionName -> isInConnected | value -> |ACSIA_CORP2|0|2
01-01 00:29:48.517  3739  3739 W HMI2-SETTINGS - CI08.4: className -> WifiActivity | functionName -> isWapiVariantBlocked | value -> security_type:2
01-01 00:29:48.517  3739  3739 W HMI2-SETTINGS - CI08.4: className -> WifiActivity | functionName -> isInConnected | value -> |ACSIA_Management|0|2
01-01 00:29:48.517  3739  3739 W HMI2-SETTINGS - CI08.4: className -> WifiActivity | functionName -> isWapiVariantBlocked | value -> security_type:2
01-01 00:29:48.518  3739  3739 W HMI2-SETTINGS - CI08.4: className -> WifiActivity | functionName -> isInConnected | value -> | ACSIA_CORP3|0|2
01-01 00:29:48.518  3739  3739 W HMI2-SETTINGS - CI08.4: className -> WifiActivity | functionName -> isWapiVariantBlocked | value -> security_type:2
01-01 00:29:48.518  3739  3739 W HMI2-SETTINGS - CI08.4: className -> WifiActivity | functionName -> isInConnected | value -> |RSE_Test|0|2
01-01 00:29:48.518  3739  3739 W HMI2-SETTINGS - CI08.4: className -> WifiActivity | functionName -> isWapiVariantBlocked | value -> security_type:2
01-01 00:29:48.518  3739  3739 W HMI2-SETTINGS - CI08.4: className -> WifiActivity | functionName -> isInConnected | value -> |ACSIA_GUEST1|0|2
01-01 00:29:48.518  3739  3739 W HMI2-SETTINGS - CI08.4: className -> WifiActivity | functionName -> isWapiVariantBlocked | value -> security_type:2
01-01 00:29:48.518  3739  3739 W HMI2-SETTINGS - CI08.4: className -> WifiActivity | functionName -> isInConnected | value -> |HUWIFI|0|2
01-01 00:29:48.518  3739  3739 W HMI2-SETTINGS - CI08.4: className -> WifiActivity | functionName -> isWapiVariantBlocked | value -> security_type:2
01-01 00:29:48.518  3739  3739 W HMI2-SETTINGS - CI08.4: className -> WifiActivity | functionName -> isInConnected | value -> |DIRECT-vQINLT044msmJ|0|2
01-01 00:29:48.518  3739  3739 W HMI2-SETTINGS - CI08.4: className -> WifiActivity | functionName -> isWapiVariantBlocked | value -> security_type:2
01-01 00:29:48.518  3739  3739 W HMI2-SETTINGS - CI08.4: className -> WifiActivity | functionName -> isInConnected | value -> |DIRECT-DMATCLWI2064msNL|0|2
01-01 00:29:48.518  3739  3739 W HMI2-SETTINGS - CI08.4: className -> WifiActivity | functionName -> isWapiVariantBlocked | value -> security_type:2
01-01 00:29:48.518  3739  3739 W HMI2-SETTINGS - CI08.4: className -> WifiActivity | functionName -> isInConnected | value -> |ACSIA_CORP1|0|2
01-01 00:29:48.518  3739  3739 W HMI2-SETTINGS - CI08.4: className -> WifiActivity | functionName -> isWapiVariantBlocked | value -> security_type:2
01-01 00:29:48.518  3739  3739 W HMI2-SETTINGS - CI08.4: className -> WifiActivity | functionName -> isInConnected | value -> | ACSIA_CORP3|0|2
01-01 00:29:48.518  3739  3739 W HMI2-SETTINGS - CI08.4: className -> WifiActivity | functionName -> isWapiVariantBlocked | value -> security_type:2
01-01 00:29:48.518  3739  3739 W HMI2-SETTINGS - CI08.4: className -> WifiActivity | functionName -> isInConnected | value -> |ACSIA_GUEST1|0|2
01-01 00:29:48.518  3739  3739 W HMI2-SETTINGS - CI08.4: className -> WifiActivity | functionName -> isWapiVariantBlocked | value -> security_type:2
01-01 00:29:48.518  3739  3739 W HMI2-SETTINGS - CI08.4: className -> WifiActivity | functionName -> isInConnected | value -> |ACSIA_DEV|0|2
01-01 00:29:48.518  3739  3739 W HMI2-SETTINGS - CI08.4: className -> WifiActivity | functionName -> isWapiVariantBlocked | value -> security_type:2
01-01 00:29:48.518  3739  3739 W HMI2-SETTINGS - CI08.4: className -> WifiActivity | functionName -> isInConnected | value -> |RSE_Test|0|2
01-01 00:29:48.518  3739  3739 W HMI2-SETTINGS - CI08.4: className -> WifiActivity | functionName -> isWapiVariantBlocked | value -> security_type:2
01-01 00:29:48.518  3739  3739 W HMI2-SETTINGS - CI08.4: className -> WifiActivity | functionName -> isInConnected | value -> |ACSIA_CORP2|0|2
01-01 00:29:48.518  3739  3739 W HMI2-SETTINGS - CI08.4: className -> WifiActivity | functionName -> isWapiVariantBlocked | value -> security_type:2
01-01 00:29:48.518  3739  3739 W HMI2-SETTINGS - CI08.4: className -> WifiActivity | functionName -> isInConnected | value -> |ACSIA_Management|0|2
01-01 00:29:48.518  3739  3739 W HMI2-SETTINGS - CI08.4: className -> WifiActivity | functionName -> isWapiVariantBlocked | value -> security_type:2
01-01 00:29:48.518  3739  3739 W HMI2-SETTINGS - CI08.4: className -> WifiActivity | functionName -> isInConnected | value -> |AUTOMATION_TEST|0|2
01-01 00:29:48.518  3739  3739 W HMI2-SETTINGS - CI08.4: className -> WifiActivity | functionName -> isWapiVariantBlocked | value -> security_type:2
01-01 00:29:48.518  3739  3739 W HMI2-SETTINGS - CI08.4: className -> WifiActivity | functionName -> isInConnected | value -> |MB Hotspot 61185|0|2
01-01 00:29:48.518  3739  3739 W HMI2-SETTINGS - CI08.4: className -> WifiActivity | functionName -> isWapiVariantBlocked | value -> security_type:0
01-01 00:29:48.518  3739  3739 W HMI2-SETTINGS - CI08.4: className -> WifiActivity | functionName -> isInConnected | value -> |HP-Print-DB-LaserJet Pro MFP|0|0
01-01 00:29:48.519  3739  3739 W HMI2-SETTINGS - CI08.4: className -> WifiActivity | functionName -> handleAllAvailNetwork | value -> savedNetwork ->0
01-01 00:29:48.519  3739  3739 W HMI2-SETTINGS - CI08.4: className -> WifiActivity | functionName -> handleAllAvailNetwork | value -> presentVisibleNetwork ->29
01-01 00:29:48.524  3739  3739 W HMI2-SETTINGS - CI08.4: className -> WifiActivity | functionName -> handleIfWifiAvailableNetworks: config is  | value -> null
01-01 00:29:48.542  3675 10839 D UIAutomatorStub: URI: /jsonrpc/0, Method: POST, Header: {content-length=274, remote-addr=127.0.0.1, http-client-ip=127.0.0.1, host=localhost:9009, content-type=application/json, connection=close, accept-encoding=identity, user-agent=Python-urllib/2.7}, params, {NanoHttpd.QUERY_STRING=null}, files: {postData={"params": [{"childOrSiblingSelector": [], "scrollable": true, "mask": 16384, "childOrSibling": []}, {"childOrSiblingSelector": [], "text": "RSE_Test", "mask": 1, "childOrSibling": []}, true], "jsonrpc": "2.0", "method": "scrollTo", "id": "6a9337e2fa81af766ae552e69ba24359"}}
01-01 00:29:48.712     1   452 I init    : Uptime: 01784.848459 LocalTime: 01-01 00:29:48.711
01-01 00:29:48.912  1933  1957 D LCMANDR : SWR_OOB_HV_MF_009|FUN=LifeCycleManagerService::LifeCycle_ReportCompStatus|GOT ALIVENESS SIGNAL FROM DAIAPP : [0]; HB Counter = [ 703 ]; STATUS INFO = [ 0 ]
01-01 00:29:48.912  1519  1964 I Connectivity_AIDL|AIDL_Handler.AIDL_Helpers.LcmHelper: MBUX App Method: KeepAliveTest |Line No: 408 |Log Type: Critical |Message: ChildThread:MBUX-App HB Count: 705, ResponseCode: 0
01-01 00:29:49.046   625   625 D WifiHAL : Start get packet fate command
01-01 00:29:49.046   625   625 D WifiHAL : createRequest Get Tx packet fate request
01-01 00:29:49.046   625   625 E WifiHAL : Failed to register get pkt fate response; result = -95
01-01 00:29:49.047  1151  1317 E WifiVendorHal: getTxPktFates(l.2067) failed {.code = ERROR_UNKNOWN, .description = errno: -95 (Unknown error -95)}
01-01 00:29:49.047   625   625 D WifiHAL : Start get packet fate command
01-01 00:29:49.047   625   625 D WifiHAL : createRequest Get Rx packet fate request
01-01 00:29:49.047   625   625 E WifiHAL : Failed to register get pkt fate response; result = -95
01-01 00:29:49.048  1151  1317 E WifiVendorHal: getRxPktFates(l.2107) failed {.code = ERROR_UNKNOWN, .description = errno: -95 (Unknown error -95)}
01-01 00:29:49.106   625   625 D WifiHAL : Start get packet fate command
01-01 00:29:49.106   625   625 D WifiHAL : createRequest Get Tx packet fate request
01-01 00:29:49.106   625   625 E WifiHAL : Failed to register get pkt fate response; result = -95
01-01 00:29:49.107  1151  1317 E WifiVendorHal: getTxPktFates(l.2067) failed {.code = ERROR_UNKNOWN, .description = errno: -95 (Unknown error -95)}
01-01 00:29:49.107   625   625 D WifiHAL : Start get packet fate command
01-01 00:29:49.107   625   625 D WifiHAL : createRequest Get Rx packet fate request
01-01 00:29:49.107   625   625 E WifiHAL : Failed to register get pkt fate response; result = -95
01-01 00:29:49.108  1151  1317 E WifiVendorHal: getRxPktFates(l.2107) failed {.code = ERROR_UNKNOWN, .description = errno: -95 (Unknown error -95)}
01-01 00:29:49.199  3675 10839 D UiScrollable: scrollToBeginning() on selector = UiSelector[SCROLLABLE=true]
01-01 00:29:49.199  3675 10839 D UiScrollable: scrollBackward() on selector = UiSelector[SCROLLABLE=true]
01-01 00:29:49.208  3675 10839 I QueryController: Matched selector: UiSelector[SCROLLABLE=true] <<==>> [android.view.accessibility.AccessibilityNodeInfo@1be4454; boundsInParent: Rect(0, 0 - 1332, 889); boundsInScreen: Rect(305, 172 - 1637, 1061); packageName: com.panasonic.hmi2settings; className: android.widget.ScrollView; text: null; error: null; maxTextLength: -1; contentDescription: null; viewIdResName: com.panasonic.hmi2settings:id/scrollWifi; checkable: false; checked: false; focusable: true; focused: false; selected: false; clickable: false; longClickable: false; contextClickable: false; enabled: true; password: false; scrollable: true; importantForAccessibility: true; actions: [AccessibilityAction: ACTION_FOCUS - null, AccessibilityAction: ACTION_SELECT - null, AccessibilityAction: ACTION_CLEAR_SELECTION - null, AccessibilityAction: ACTION_ACCESSIBILITY_FOCUS - null, AccessibilityAction: ACTION_SCROLL_FORWARD - null, AccessibilityAction: ACTION_SHOW_ON_SCREEN - null]]
01-01 00:29:49.209  3675 10839 D UiScrollable: scrollToBegining() using vertical scroll
01-01 00:29:49.209  3675 10839 D InteractionController: scrollSwipe (971, 260, 971, 973, 55)
01-01 00:29:49.305   729   748 I sssv-lib: sendMsg enter
01-01 00:29:49.305   729   748 I sssv-lib: sendMsg complete.
01-01 00:29:49.390  2054  2054 E         : 
01-01 00:29:49.390  2054  2054 E         : Buffer Size = 1048576
01-01 00:29:49.415  2054  2054 E         : 
01-01 00:29:49.415  2054  2054 E         : <6>[ 1455.033962] QSEECOM: scm_call_qcpe:429 : IN: 0x42000d07, 0x0, 0x0, 0x0, 0x0, 0x0, 0x0
01-01 00:29:49.415  2054  2054 E         : <6>[ 1455.035074] QSEECOM: scm_call_qcpe:503 : OUT: 0x0, 0x0, 0x0, 0x0
01-01 00:29:49.415  2054  2054 E         : <6>[ 1455.907309] QSEECOM: scm_call_qcpe:429 : IN: 0x4200010a, 0x2, 0x0, 0xd, 0x0, 0x0, 0x0
01-01 00:29:49.415  2054  2054 E         : <6>[ 1455.909445] QSEECOM: scm_call_qcpe:503 : OUT: 0x0, 0x0, 0x0, 0x0
01-01 00:29:49.415  2054  2054 E         : <6>[ 1455.963220] QSEECOM: scm_call_qcpe:429 : IN: 0x42000d0a, 0x3, 0x0, 0xd0b9, 0x10e9, 0x0, 0x0
01-01 00:29:49.415  2054  2054 E         : <6>[ 1455.966161] QSEECOM: scm_call_qcpe:503 : OUT: 0x0, 0x0, 0x0, 0x0
01-01 00:29:49.415  2054  2054 E         : <6>[ 1456.043900] QSEECOM: scm_call_qcpe:429 : IN: 0x42000d07, 0x0, 0x0, 0x0, 0x0, 0x0, 0x0
01-01 00:29:49.415  2054  2054 E         : <6>[ 1456.045022] QSEECOM: scm_call_qcpe:503 : OUT: 0x0, 0x0, 0x0, 0x0
01-01 00:29:49.415  2054  2054 E         : <6>[ 1456.884743] QSEECOM: scm_call_qcpe:429 : IN: 0x4200010a, 0x2, 0x0, 0xd, 0x0, 0x0, 0x0
01-01 00:29:49.415  2054  2054 E         : <6>[ 1456.886884] QSEECOM: scm_call_qcpe:503 : OUT: 0x0, 0x0, 0x0, 0x0
01-01 00:29:49.415  2054  2054 E         : <6>[ 1456.890312] CFG80211-ERROR) wl_run_escan :  LEGACY E-SCAN START
01-01 00:29:49.415  2054  2054 E         : <6>[ 1456.901440] QSEECOM: scm_call_qcpe:429 : IN: 0x42000d0a, 0x3, 0x0, 0x3778, 0xe91, 0x0, 0x0
01-01 00:29:49.415  2054  2054 E         : <6>[ 1456.904461] QSEECOM: scm_cal
01-01 00:29:49.419  2054  2054 E         : USB Hub Detector 1.0
01-01 00:29:49.419  1933  1933 D LCMANDR : SWR_OOB_HV_MF_009|FUN=LifeCycleManagerService::getDAIAppAlivenessStatus|Aliveness:: DAIAPP HB DIFF = 2 [ DaimlerAppHBCounter ] = 703[ DaimlerAppHBCounterOld ] = 701
01-01 00:29:49.419  1933  1933 I LCMANDR : SWR_OOB_HV_MF_009|FUN=LifeCycleManagerService::getDAIAppAlivenessStatus|Aliveness::ANDROID HB IS VALID... setting OLD VAL, and resetting Fail Counter
01-01 00:29:49.423  1933  1933 I LCMANDR : SWR_OOB_HV_MF_009|FUN=LifeCycleManagerService::getDAIPID|DAIMLER APP(com.daimler.rse.ntg6) PID is [ 1519 ]
01-01 00:29:49.423  1933  1933 I LCMANDR : SWR_OOB_HV_MF_009|FUN=LifeCycleManagerService::getDAIAPPStatus|Aliveness::SAME PID! DAIAPP is not restarted
01-01 00:29:49.423  1933  1933 W LCMANDR : SWR_OOB_HV_MF_009|FUN=LifeCycleManagerService::getDAIAppAlivenessStatus|Aliveness::Status to send id : ALIVE
01-01 00:29:49.423  1933  1933 D LCMANDR : SWR_OOB_HV_MF_005|FUN=LifeCycleManagerService::sendPacketToLnx|data = [B@8eb8671
01-01 00:29:49.423  1933  1933 D LCMANDR : SWR_OOB_HV_MF_009|FUN=LifeCycleManagerService::postAppsStatusInfo|Setting AppPacket info
01-01 00:29:49.423  1933  1933 I LCMANDR : SWR_OOB_HV_MF_009|FUN=AlivenessMonitoring::getRunningApps| packet sent
01-01 00:29:49.423  1933  1956 D LCMANDR : SWR_OOB_HV_MF_010|FUN=LifeCycleManagerService::RseNodeStateManagement|SEND_IGC_CB
01-01 00:29:49.423  1933  1956 I LCMANDR : SWR_OOB_HV_MF_005|FUN=LifeCycleManagerService::igcsendData|Call hit in RSENodeStateManagement::igcsendData
01-01 00:29:49.423  1933  1956 I LCMANDR : SWR_OOB_HV_MF_005|FUN=LifeCycleManagerService::igcsendData|SEND DATA LEN is : 15
01-01 00:29:49.424  1933  1956 I LCMANDR : SWR_OOB_HV_MF_007|FUN=LifeCycleManagerService::sendPacketFromIntentService|Package to send : [ 65, 0, 0, 0, 9, 0, 2, 0, 1, 0, 5, 65, 65, 0, 0, ]
01-01 00:29:49.424  1933  1956 I IGC     :  IGC::sendData ==> [ 65, 0, 0, 0, 9, 0, 2, 0, 1, 0, 5, 65, 65, 0, 0,  ]
01-01 00:29:49.424  1933  1956 I IGC     :  Igc::sendData data size is :: 15
01-01 00:29:49.424  1933  1956 D         : Enqueue: sem count = 1
01-01 00:29:49.424  1933  1956 I LCMANDR : SWR_OOB_HV_MF_007|FUN=LifeCycleManagerService::sendPacketFromIntentService|Sending Data to Linux is successful( [65, 0, 0, 0, 9, 0, 2, 0, 1, 0, 5, 65, 65, 0, 0] )
01-01 00:29:49.424  1933  1956 I LCMANDR : SWR_OOB_HV_MF_005|FUN=LifeCycleManagerService::igcsendData| DATA SEND SUCCESSFULLY 
01-01 00:29:50.069   635   635 E ANDR-PERF-TARGET: Error: Invalid logical cluster id 0
01-01 00:29:50.069   635   635 E ANDR-PERF-MPCTL: invalid request, no optimizations performed
01-01 00:29:50.086   635   635 E ANDR-PERF-TARGET: Error: Invalid logical cluster id 0
01-01 00:29:50.086   635   635 E ANDR-PERF-MPCTL: invalid request, no optimizations performed
01-01 00:29:50.102   635   635 E ANDR-PERF-TARGET: Error: Invalid logical cluster id 0
01-01 00:29:50.102   635   635 E ANDR-PERF-MPCTL: invalid request, no optimizations performed
01-01 00:29:50.119   635   635 E ANDR-PERF-TARGET: Error: Invalid logical cluster id 0
01-01 00:29:50.119   635   635 E ANDR-PERF-MPCTL: invalid request, no optimizations performed
01-01 00:29:50.136   635   635 E ANDR-PERF-TARGET: Error: Invalid logical cluster id 0
01-01 00:29:50.136   635   635 E ANDR-PERF-MPCTL: invalid request, no optimizations performed
01-01 00:29:50.136   635   635 E ANDR-PERF-TARGET: Error: Invalid logical cluster id 0
01-01 00:29:50.136   635   635 E ANDR-PERF-MPCTL: invalid request, no optimizations performed
01-01 00:29:50.152   635   635 E ANDR-PERF-TARGET: Error: Invalid logical cluster id 0
01-01 00:29:50.152   635   635 E ANDR-PERF-MPCTL: invalid request, no optimizations performed
01-01 00:29:50.169   635   635 E ANDR-PERF-TARGET: Error: Invalid logical cluster id 0
01-01 00:29:50.169   635   635 E ANDR-PERF-MPCTL: invalid request, no optimizations performed
01-01 00:29:50.186   635   635 E ANDR-PERF-TARGET: Error: Invalid logical cluster id 0
01-01 00:29:50.186   635   635 E ANDR-PERF-MPCTL: invalid request, no optimizations performed
01-01 00:29:50.202   635   635 E ANDR-PERF-TARGET: Error: Invalid logical cluster id 0
01-01 00:29:50.202   635   635 E ANDR-PERF-MPCTL: invalid request, no optimizations performed
01-01 00:29:50.219   635   635 E ANDR-PERF-TARGET: Error: Invalid logical cluster id 0
01-01 00:29:50.219   635   635 E ANDR-PERF-MPCTL: invalid request, no optimizations performed
01-01 00:29:50.236   635   635 E ANDR-PERF-TARGET: Error: Invalid logical cluster id 0
01-01 00:29:50.236   635   635 E ANDR-PERF-MPCTL: invalid request, no optimizations performed
01-01 00:29:50.252   635   635 E ANDR-PERF-TARGET: Error: Invalid logical cluster id 0
01-01 00:29:50.253   635   635 E ANDR-PERF-MPCTL: invalid request, no optimizations performed
01-01 00:29:50.269   635   635 E ANDR-PERF-TARGET: Error: Invalid logical cluster id 0
01-01 00:29:50.269   635   635 E ANDR-PERF-MPCTL: invalid request, no optimizations performed
01-01 00:29:50.286   635   635 E ANDR-PERF-TARGET: Error: Invalid logical cluster id 0
01-01 00:29:50.286   635   635 E ANDR-PERF-MPCTL: invalid request, no optimizations performed
01-01 00:29:50.303   635   635 E ANDR-PERF-TARGET: Error: Invalid logical cluster id 0
01-01 00:29:50.303   635   635 E ANDR-PERF-MPCTL: invalid request, no optimizations performed
01-01 00:29:50.307   729   748 I sssv-lib: sendMsg enter
01-01 00:29:50.307   729   748 I sssv-lib: sendMsg complete.
01-01 00:29:50.319   635   635 E ANDR-PERF-TARGET: Error: Invalid logical cluster id 0
01-01 00:29:50.319   635   635 E ANDR-PERF-MPCTL: invalid request, no optimizations performed
01-01 00:29:50.330  3675 10839 W InteractionController: runAndwaitForEvents timed out waiting for events
01-01 00:29:50.336   635   635 E ANDR-PERF-TARGET: Error: Invalid logical cluster id 0
01-01 00:29:50.336   635   635 E ANDR-PERF-MPCTL: invalid request, no optimizations performed
01-01 00:29:50.340  3675 10839 D UiScrollable: scrollForward() on selector = UiSelector[SCROLLABLE=true]
01-01 00:29:50.348  3675 10839 I QueryController: Matched selector: UiSelector[SCROLLABLE=true] <<==>> [android.view.accessibility.AccessibilityNodeInfo@1be4454; boundsInParent: Rect(0, 0 - 1332, 889); boundsInScreen: Rect(305, 172 - 1637, 1061); packageName: com.panasonic.hmi2settings; className: android.widget.ScrollView; text: null; error: null; maxTextLength: -1; contentDescription: null; viewIdResName: com.panasonic.hmi2settings:id/scrollWifi; checkable: false; checked: false; focusable: true; focused: false; selected: false; clickable: false; longClickable: false; contextClickable: false; enabled: true; password: false; scrollable: true; importantForAccessibility: true; actions: [AccessibilityAction: ACTION_FOCUS - null, AccessibilityAction: ACTION_SELECT - null, AccessibilityAction: ACTION_CLEAR_SELECTION - null, AccessibilityAction: ACTION_ACCESSIBILITY_FOCUS - null, AccessibilityAction: ACTION_SCROLL_FORWARD - null, AccessibilityAction: ACTION_SHOW_ON_SCREEN - null]]
01-01 00:29:50.348  3675 10839 D InteractionController: scrollSwipe (971, 973, 971, 260, 55)
01-01 00:29:50.353   635   635 E ANDR-PERF-TARGET: Error: Invalid logical cluster id 0
01-01 00:29:50.353   635   635 E ANDR-PERF-MPCTL: invalid request, no optimizations performed
01-01 00:29:50.370   635   635 E ANDR-PERF-TARGET: Error: Invalid logical cluster id 0
01-01 00:29:50.370   635   635 E ANDR-PERF-MPCTL: invalid request, no optimizations performed
01-01 00:29:50.386   635   635 E ANDR-PERF-TARGET: Error: Invalid logical cluster id 0
01-01 00:29:50.386   635   635 E ANDR-PERF-MPCTL: invalid request, no optimizations performed
01-01 00:29:50.403   635   635 E ANDR-PERF-TARGET: Error: Invalid logical cluster id 0
01-01 00:29:50.403   635   635 E ANDR-PERF-MPCTL: invalid request, no optimizations performed
01-01 00:29:50.420   635   635 E ANDR-PERF-TARGET: Error: Invalid logical cluster id 0
01-01 00:29:50.420   635   635 E ANDR-PERF-MPCTL: invalid request, no optimizations performed
01-01 00:29:50.436   635   635 E ANDR-PERF-TARGET: Error: Invalid logical cluster id 0
01-01 00:29:50.436   635   635 E ANDR-PERF-MPCTL: invalid request, no optimizations performed
01-01 00:29:50.453   635   635 E ANDR-PERF-TARGET: Error: Invalid logical cluster id 0
01-01 00:29:50.453   635   635 E ANDR-PERF-MPCTL: invalid request, no optimizations performed
01-01 00:29:50.470   635   635 E ANDR-PERF-TARGET: Error: Invalid logical cluster id 0
01-01 00:29:50.470   635   635 E ANDR-PERF-MPCTL: invalid request, no optimizations performed
01-01 00:29:50.486   635   635 E ANDR-PERF-TARGET: Error: Invalid logical cluster id 0
01-01 00:29:50.487   635   635 E ANDR-PERF-MPCTL: invalid request, no optimizations performed
01-01 00:29:50.503   635   635 E ANDR-PERF-TARGET: Error: Invalid logical cluster id 0
01-01 00:29:50.503   635   635 E ANDR-PERF-MPCTL: invalid request, no optimizations performed
01-01 00:29:50.520   635   635 E ANDR-PERF-TARGET: Error: Invalid logical cluster id 0
01-01 00:29:50.520   635   635 E ANDR-PERF-MPCTL: invalid request, no optimizations performed
01-01 00:29:50.537   635   635 E ANDR-PERF-TARGET: Error: Invalid logical cluster id 0
01-01 00:29:50.537   635   635 E ANDR-PERF-MPCTL: invalid request, no optimizations performed
01-01 00:29:50.553   635   635 E ANDR-PERF-TARGET: Error: Invalid logical cluster id 0
01-01 00:29:50.553   635   635 E ANDR-PERF-MPCTL: invalid request, no optimizations performed
01-01 00:29:50.570   635   635 E ANDR-PERF-TARGET: Error: Invalid logical cluster id 0
01-01 00:29:50.570   635   635 E ANDR-PERF-MPCTL: invalid request, no optimizations performed
01-01 00:29:50.587   635   635 E ANDR-PERF-TARGET: Error: Invalid logical cluster id 0
01-01 00:29:50.587   635   635 E ANDR-PERF-MPCTL: invalid request, no optimizations performed
01-01 00:29:50.603   635   635 E ANDR-PERF-TARGET: Error: Invalid logical cluster id 0
01-01 00:29:50.604   635   635 E ANDR-PERF-MPCTL: invalid request, no optimizations performed
01-01 00:29:50.620   635   635 E ANDR-PERF-TARGET: Error: Invalid logical cluster id 0
01-01 00:29:50.620   635   635 E ANDR-PERF-MPCTL: invalid request, no optimizations performed
01-01 00:29:50.637   635   635 E ANDR-PERF-TARGET: Error: Invalid logical cluster id 0
01-01 00:29:50.637   635   635 E ANDR-PERF-MPCTL: invalid request, no optimizations performed
01-01 00:29:50.654   635   635 E ANDR-PERF-TARGET: Error: Invalid logical cluster id 0
01-01 00:29:50.654   635   635 E ANDR-PERF-MPCTL: invalid request, no optimizations performed
01-01 00:29:50.670   635   635 E ANDR-PERF-TARGET: Error: Invalid logical cluster id 0
01-01 00:29:50.670   635   635 E ANDR-PERF-MPCTL: invalid request, no optimizations performed
01-01 00:29:50.687   635   635 E ANDR-PERF-TARGET: Error: Invalid logical cluster id 0
01-01 00:29:50.687   635   635 E ANDR-PERF-MPCTL: invalid request, no optimizations performed
01-01 00:29:50.704   635   635 E ANDR-PERF-TARGET: Error: Invalid logical cluster id 0
01-01 00:29:50.704   635   635 E ANDR-PERF-MPCTL: invalid request, no optimizations performed
01-01 00:29:50.720   635   635 E ANDR-PERF-TARGET: Error: Invalid logical cluster id 0
01-01 00:29:50.720   635   635 E ANDR-PERF-MPCTL: invalid request, no optimizations performed
01-01 00:29:50.737   635   635 E ANDR-PERF-TARGET: Error: Invalid logical cluster id 0
01-01 00:29:50.737   635   635 E ANDR-PERF-MPCTL: invalid request, no optimizations performed
01-01 00:29:50.754   635   635 E ANDR-PERF-TARGET: Error: Invalid logical cluster id 0
01-01 00:29:50.754   635   635 E ANDR-PERF-MPCTL: invalid request, no optimizations performed
01-01 00:29:50.770   635   635 E ANDR-PERF-TARGET: Error: Invalid logical cluster id 0
01-01 00:29:50.770   635   635 E ANDR-PERF-MPCTL: invalid request, no optimizations performed
01-01 00:29:50.787   635   635 E ANDR-PERF-TARGET: Error: Invalid logical cluster id 0
01-01 00:29:50.787   635   635 E ANDR-PERF-MPCTL: invalid request, no optimizations performed
01-01 00:29:50.804   635   635 E ANDR-PERF-TARGET: Error: Invalid logical cluster id 0
01-01 00:29:50.804   635   635 E ANDR-PERF-MPCTL: invalid request, no optimizations performed
01-01 00:29:50.821   635   635 E ANDR-PERF-TARGET: Error: Invalid logical cluster id 0
01-01 00:29:50.821   635   635 E ANDR-PERF-MPCTL: invalid request, no optimizations performed
01-01 00:29:50.837   635   635 E ANDR-PERF-TARGET: Error: Invalid logical cluster id 0
01-01 00:29:50.837   635   635 E ANDR-PERF-MPCTL: invalid request, no optimizations performed
01-01 00:29:50.854   635   635 E ANDR-PERF-TARGET: Error: Invalid logical cluster id 0
01-01 00:29:50.854   635   635 E ANDR-PERF-MPCTL: invalid request, no optimizations performed
01-01 00:29:50.871   635   635 E ANDR-PERF-TARGET: Error: Invalid logical cluster id 0
01-01 00:29:50.871   635   635 E ANDR-PERF-MPCTL: invalid request, no optimizations performed
01-01 00:29:50.887   635   635 E ANDR-PERF-TARGET: Error: Invalid logical cluster id 0
01-01 00:29:50.887   635   635 E ANDR-PERF-MPCTL: invalid request, no optimizations performed
01-01 00:29:50.904   635   635 E ANDR-PERF-TARGET: Error: Invalid logical cluster id 0
01-01 00:29:50.904   635   635 E ANDR-PERF-MPCTL: invalid request, no optimizations performed
01-01 00:29:50.921   635   635 E ANDR-PERF-TARGET: Error: Invalid logical cluster id 0
01-01 00:29:50.921   635   635 E ANDR-PERF-MPCTL: invalid request, no optimizations performed
01-01 00:29:50.937   635   635 E ANDR-PERF-TARGET: Error: Invalid logical cluster id 0
01-01 00:29:50.937   635   635 E ANDR-PERF-MPCTL: invalid request, no optimizations performed
01-01 00:29:50.954   635   635 E ANDR-PERF-TARGET: Error: Invalid logical cluster id 0
01-01 00:29:50.954   635   635 E ANDR-PERF-MPCTL: invalid request, no optimizations performed
01-01 00:29:50.971   635   635 E ANDR-PERF-TARGET: Error: Invalid logical cluster id 0
01-01 00:29:50.971   635   635 E ANDR-PERF-MPCTL: invalid request, no optimizations performed
01-01 00:29:50.987   635   635 E ANDR-PERF-TARGET: Error: Invalid logical cluster id 0
01-01 00:29:50.988   635   635 E ANDR-PERF-MPCTL: invalid request, no optimizations performed
01-01 00:29:51.004   635   635 E ANDR-PERF-TARGET: Error: Invalid logical cluster id 0
01-01 00:29:51.004   635   635 E ANDR-PERF-MPCTL: invalid request, no optimizations performed
01-01 00:29:51.021   635   635 E ANDR-PERF-TARGET: Error: Invalid logical cluster id 0
01-01 00:29:51.021   635   635 E ANDR-PERF-MPCTL: invalid request, no optimizations performed
01-01 00:29:51.038   635   635 E ANDR-PERF-TARGET: Error: Invalid logical cluster id 0
01-01 00:29:51.038   635   635 E ANDR-PERF-MPCTL: invalid request, no optimizations performed
01-01 00:29:51.054   635   635 E ANDR-PERF-TARGET: Error: Invalid logical cluster id 0
01-01 00:29:51.054   635   635 E ANDR-PERF-MPCTL: invalid request, no optimizations performed
01-01 00:29:51.071   635   635 E ANDR-PERF-TARGET: Error: Invalid logical cluster id 0
01-01 00:29:51.071   635   635 E ANDR-PERF-MPCTL: invalid request, no optimizations performed
01-01 00:29:51.088   635   635 E ANDR-PERF-TARGET: Error: Invalid logical cluster id 0
01-01 00:29:51.088   635   635 E ANDR-PERF-MPCTL: invalid request, no optimizations performed
01-01 00:29:51.104   635   635 E ANDR-PERF-TARGET: Error: Invalid logical cluster id 0
01-01 00:29:51.104   635   635 E ANDR-PERF-MPCTL: invalid request, no optimizations performed
01-01 00:29:51.121   635   635 E ANDR-PERF-TARGET: Error: Invalid logical cluster id 0
01-01 00:29:51.121   635   635 E ANDR-PERF-MPCTL: invalid request, no optimizations performed
01-01 00:29:51.138   635   635 E ANDR-PERF-TARGET: Error: Invalid logical cluster id 0
01-01 00:29:51.138   635   635 E ANDR-PERF-MPCTL: invalid request, no optimizations performed
01-01 00:29:51.154   635   635 E ANDR-PERF-TARGET: Error: Invalid logical cluster id 0
01-01 00:29:51.155   635   635 E ANDR-PERF-MPCTL: invalid request, no optimizations performed
01-01 00:29:51.171   635   635 E ANDR-PERF-TARGET: Error: Invalid logical cluster id 0
01-01 00:29:51.171   635   635 E ANDR-PERF-MPCTL: invalid request, no optimizations performed
01-01 00:29:51.188   635   635 E ANDR-PERF-TARGET: Error: Invalid logical cluster id 0
01-01 00:29:51.188   635   635 E ANDR-PERF-MPCTL: invalid request, no optimizations performed
01-01 00:29:51.205   635   635 E ANDR-PERF-TARGET: Error: Invalid logical cluster id 0
01-01 00:29:51.205   635   635 E ANDR-PERF-MPCTL: invalid request, no optimizations performed
01-01 00:29:51.221   635   635 E ANDR-PERF-TARGET: Error: Invalid logical cluster id 0
01-01 00:29:51.221   635   635 E ANDR-PERF-MPCTL: invalid request, no optimizations performed
01-01 00:29:51.238   635   635 E ANDR-PERF-TARGET: Error: Invalid logical cluster id 0
01-01 00:29:51.238   635   635 E ANDR-PERF-MPCTL: invalid request, no optimizations performed
01-01 00:29:51.255   635   635 E ANDR-PERF-TARGET: Error: Invalid logical cluster id 0
01-01 00:29:51.255   635   635 E ANDR-PERF-MPCTL: invalid request, no optimizations performed
01-01 00:29:51.271   635   635 E ANDR-PERF-TARGET: Error: Invalid logical cluster id 0
01-01 00:29:51.271   635   635 E ANDR-PERF-MPCTL: invalid request, no optimizations performed
01-01 00:29:51.272   635   635 E ANDR-PERF-TARGET: Error: Invalid logical cluster id 0
01-01 00:29:51.272   635   635 E ANDR-PERF-MPCTL: invalid request, no optimizations performed
01-01 00:29:51.288   635   635 E ANDR-PERF-TARGET: Error: Invalid logical cluster id 0
01-01 00:29:51.288   635   635 E ANDR-PERF-MPCTL: invalid request, no optimizations performed
01-01 00:29:51.305   635   635 E ANDR-PERF-TARGET: Error: Invalid logical cluster id 0
01-01 00:29:51.305   635   635 E ANDR-PERF-MPCTL: invalid request, no optimizations performed
01-01 00:29:51.310   729   748 I sssv-lib: sendMsg enter
01-01 00:29:51.310   729   748 I sssv-lib: sendMsg complete.
01-01 00:29:51.321   635   635 E ANDR-PERF-TARGET: Error: Invalid logical cluster id 0
01-01 00:29:51.322   635   635 E ANDR-PERF-MPCTL: invalid request, no optimizations performed
01-01 00:29:51.338   635   635 E ANDR-PERF-TARGET: Error: Invalid logical cluster id 0
01-01 00:29:51.338   635   635 E ANDR-PERF-MPCTL: invalid request, no optimizations performed
01-01 00:29:51.355   635   635 E ANDR-PERF-TARGET: Error: Invalid logical cluster id 0
01-01 00:29:51.355   635   635 E ANDR-PERF-MPCTL: invalid request, no optimizations performed
01-01 00:29:51.372   635   635 E ANDR-PERF-TARGET: Error: Invalid logical cluster id 0
01-01 00:29:51.372   635   635 E ANDR-PERF-MPCTL: invalid request, no optimizations performed
01-01 00:29:51.388   635   635 E ANDR-PERF-TARGET: Error: Invalid logical cluster id 0
01-01 00:29:51.388   635   635 E ANDR-PERF-MPCTL: invalid request, no optimizations performed
01-01 00:29:51.405   635   635 E ANDR-PERF-TARGET: Error: Invalid logical cluster id 0
01-01 00:29:51.405   635   635 E ANDR-PERF-MPCTL: invalid request, no optimizations performed
01-01 00:29:51.422   635   635 E ANDR-PERF-TARGET: Error: Invalid logical cluster id 0
01-01 00:29:51.422   635   635 E ANDR-PERF-MPCTL: invalid request, no optimizations performed
01-01 00:29:51.438   635   635 E ANDR-PERF-TARGET: Error: Invalid logical cluster id 0
01-01 00:29:51.439   635   635 E ANDR-PERF-MPCTL: invalid request, no optimizations performed
01-01 00:29:51.455   635   635 E ANDR-PERF-TARGET: Error: Invalid logical cluster id 0
01-01 00:29:51.455   635   635 E ANDR-PERF-MPCTL: invalid request, no optimizations performed
01-01 00:29:51.459  1933  1933 I LCMANDR : SWR_OOB_HV_MF_009|FUN=ResourceMonitoringService::movingMemoryAverage|2|Moving memory average :28.782124
01-01 00:29:51.459  1933  1933 W LCMANDR : SWR_OOB_HV_MF_009|FUN=ResourceMonitoringService::getCpuUsageStatistic|Moving MEM AVG :::::::::28.782124
01-01 00:29:51.460  1933  1933 W LCMANDR : SWR_OOB_HV_MF_009|FUN=ResourceMonitoringService::getCpuUsageStatistic|2|Total cpu usage :27.46234
01-01 00:29:51.461  1933  1933 I LCMANDR : SWR_OOB_HV_MF_009|FUN=ResourceMonitoringService::getCpuUsageStatistic|Cpu usage of core  0 is33.564014
01-01 00:29:51.461  1933  1933 I LCMANDR : SWR_OOB_HV_MF_009|FUN=ResourceMonitoringService::getCpuUsageStatistic|Cpu usage of core  1 is27.430555
01-01 00:29:51.461  1933  1933 I LCMANDR : SWR_OOB_HV_MF_009|FUN=ResourceMonitoringService::getCpuUsageStatistic|Cpu usage of core  2 is21.32867
01-01 00:29:51.461  1933  1933 I LCMANDR : ResourceMonitoringService::movingCpuAverage()
01-01 00:29:51.461  1933  1933 I LCMANDR : SWR_OOB_HV_MF_009|FUN=ResourceMonitoringService::movingCpuAverage|2|Moving window average of CPU 23.209194
01-01 00:29:51.461  1933  1933 I LCMANDR : SWR_OOB_HV_MF_009|FUN=ResourceMonitoringService::movingCpuAverage|2|Cpu moving average of core  0 is25.280338
01-01 00:29:51.461  1933  1933 I LCMANDR : SWR_OOB_HV_MF_009|FUN=ResourceMonitoringService::movingCpuAverage|2|Cpu moving average of core  1 is22.16442
01-01 00:29:51.461  1933  1933 I LCMANDR : SWR_OOB_HV_MF_009|FUN=ResourceMonitoringService::movingCpuAverage|2|Cpu moving average of core  2 is22.17159
01-01 00:29:51.461  1933  1933 D LCMANDR : SWR_OOB_HV_MF_009|FUN=ResourceMonitoringService::movingCpuAverage|2|Exiting VAL = 23.209194
01-01 00:29:51.465  3675 10839 W InteractionController: runAndwaitForEvents timed out waiting for events
01-01 00:29:51.466  3675 10839 D InteractionController: Vertical scrollSwipe reached scroll end: false
01-01 00:29:51.472   635   635 E ANDR-PERF-TARGET: Error: Invalid logical cluster id 0
01-01 00:29:51.472   635   635 E ANDR-PERF-MPCTL: invalid request, no optimizations performed
01-01 00:29:51.489   635   635 E ANDR-PERF-TARGET: Error: Invalid logical cluster id 0
01-01 00:29:51.489   635   635 E ANDR-PERF-MPCTL: invalid request, no optimizations performed
01-01 00:29:51.505   635   635 E ANDR-PERF-TARGET: Error: Invalid logical cluster id 0
01-01 00:29:51.505   635   635 E ANDR-PERF-MPCTL: invalid request, no optimizations performed
01-01 00:29:51.522   635   635 E ANDR-PERF-TARGET: Error: Invalid logical cluster id 0
01-01 00:29:51.522   635   635 E ANDR-PERF-MPCTL: invalid request, no optimizations performed
01-01 00:29:51.539   635   635 E ANDR-PERF-TARGET: Error: Invalid logical cluster id 0
01-01 00:29:51.539   635   635 E ANDR-PERF-MPCTL: invalid request, no optimizations performed
01-01 00:29:51.555   635   635 E ANDR-PERF-TARGET: Error: Invalid logical cluster id 0
01-01 00:29:51.555   635   635 E ANDR-PERF-MPCTL: invalid request, no optimizations performed
01-01 00:29:51.572   635   635 E ANDR-PERF-TARGET: Error: Invalid logical cluster id 0
01-01 00:29:51.572   635   635 E ANDR-PERF-MPCTL: invalid request, no optimizations performed
01-01 00:29:51.589   635   635 E ANDR-PERF-TARGET: Error: Invalid logical cluster id 0
01-01 00:29:51.589   635   635 E ANDR-PERF-MPCTL: invalid request, no optimizations performed
01-01 00:29:51.605   635   635 E ANDR-PERF-TARGET: Error: Invalid logical cluster id 0
01-01 00:29:51.606   635   635 E ANDR-PERF-MPCTL: invalid request, no optimizations performed
01-01 00:29:51.622   635   635 E ANDR-PERF-TARGET: Error: Invalid logical cluster id 0
01-01 00:29:51.622   635   635 E ANDR-PERF-MPCTL: invalid request, no optimizations performed
01-01 00:29:51.639   635   635 E ANDR-PERF-TARGET: Error: Invalid logical cluster id 0
01-01 00:29:51.639   635   635 E ANDR-PERF-MPCTL: invalid request, no optimizations performed
01-01 00:29:52.191  3675 10839 I QueryController: Matched selector: UiSelector[SCROLLABLE=true, CHILD=UiSelector[TEXT=RSE_Test]] <<==>> [android.view.accessibility.AccessibilityNodeInfo@1c0469d; boundsInParent: Rect(0, 0 - 1078, 77); boundsInScreen: Rect(354, 495 - 1431, 572); packageName: com.panasonic.hmi2settings; className: android.widget.TextView; text: RSE_Test; error: null; maxTextLength: -1; contentDescription: null; viewIdResName: com.panasonic.hmi2settings:id/wifiName; checkable: false; checked: false; focusable: false; focused: false; selected: false; clickable: false; longClickable: false; contextClickable: false; enabled: true; password: false; scrollable: false; importantForAccessibility: true; actions: [AccessibilityAction: ACTION_SELECT - null, AccessibilityAction: ACTION_CLEAR_SELECTION - null, AccessibilityAction: ACTION_ACCESSIBILITY_FOCUS - null, AccessibilityAction: ACTION_NEXT_AT_MOVEMENT_GRANULARITY - null, AccessibilityAction: ACTION_PREVIOUS_AT_MOVEMENT_GRANULARITY - null, AccessibilityAction: ACTION_SET_SELECTION - null, AccessibilityAction: ACTION_SHOW_ON_SCREEN - null]]
01-01 00:29:52.200  3675 10840 D UIAutomatorStub: URI: /jsonrpc/0, Method: POST, Header: {content-length=176, remote-addr=127.0.0.1, http-client-ip=127.0.0.1, host=localhost:9009, content-type=application/json, connection=close, accept-encoding=identity, user-agent=Python-urllib/2.7}, params, {NanoHttpd.QUERY_STRING=null}, files: {postData={"params": [{"childOrSiblingSelector": [], "text": "RSE_Test", "mask": 1, "childOrSibling": []}], "jsonrpc": "2.0", "method": "click", "id": "70891cac029d2062b26d37fdb7179c74"}}
01-01 00:29:52.257  3675 10841 D UIAutomatorStub: URI: /jsonrpc/0, Method: POST, Header: {content-length=213, remote-addr=127.0.0.1, http-client-ip=127.0.0.1, host=localhost:9009, content-type=application/json, connection=close, accept-encoding=identity, user-agent=Python-urllib/2.7}, params, {NanoHttpd.QUERY_STRING=null}, files: {postData={"params": [{"childOrSiblingSelector": [], "className": "android.widget.EditText", "mask": 16, "childOrSibling": []}, "Secure7@55"], "jsonrpc": "2.0", "method": "setText", "id": "14981de4f67f2a5caaa431da419bc698"}}
01-01 00:29:52.259  3739  3739 W HMI2-SETTINGS - CI08.4: className -> WifiAdapter | functionName -> onBindViewHolder | value -> allWifiList.get(position).getSecurityType() : wifiNametrue
01-01 00:29:52.259  3739  3739 W HMI2-SETTINGS - CI08.4: className -> WifiActivity | functionName -> onWifiClick | value -> getSecurityType ->true
01-01 00:29:52.264  3739  3739 D View    : setSystemUiVisibility: creating intent for action ACTION_ACTIVITY_FULLSCREEN
01-01 00:29:52.265  3739  3739 W ContextImpl: Calling a method in the system process without a qualified user: android.app.ContextImpl.startService:1476 android.content.ContextWrapper.startService:650 android.view.View.setSystemUiVisibility:22653 com.panasonic.hmi2settings.activity.WifiActivity.connectToWifi:1215 com.panasonic.hmi2settings.activity.WifiActivity.onWifiClick:522 
01-01 00:29:52.266  1151  1538 D CompatibilityInfo: mCompatibilityFlags - 4
01-01 00:29:52.266  1151  1538 D CompatibilityInfo: applicationDensity - 240
01-01 00:29:52.266  1151  1538 D CompatibilityInfo: applicationScale - 1.0
01-01 00:29:52.267  3739  3739 D View    : setSystemUiVisibility: startService done
01-01 00:29:52.270  1392  1392 W SYSTEM_UI: SWR_SYSTEM_UI_007|FUN=CollapsedStatusBarFragment::getAction |1|Broadcast action --> STATUS_UPDATE_ACTION
01-01 00:29:52.270  1392  1392 W SYSTEM_UI: SWR_SYSTEM_UI_007|FUN=CollapsedStatusBarFragment::getIntExtra |1|NotifySystemUpdates dataType --> 101
01-01 00:29:52.270  1392  1392 W SYSTEM_UI - CI07.3: className -> CollapsedStatusBarFragment | functionName -> NotifySystemUpdates | onReceive -->  | value -> FULLSCREEN MODE CHANGED | isFullScreenStatus --> false | fullScreenPackage -->com.panasonic.hmi2settings | fullscreenLastShownPackage -->null | topActivityPackage --> com.panasonic.hmi2settings
01-01 00:29:52.270  1392  1392 W SYSTEM_UI - CI07.3: className -> CollapsedStatusBarFragment | functionName -> NotifySystemUpdates | onReceive -->  | value -> Fullscreen mode changed --> path 5
01-01 00:29:52.274  1151  1538 D WindowManager: addToDisplay >>> FLAG_FULLSCREEN not set in WindowManager.LayoutParams
01-01 00:29:52.274  1151  1538 D WindowManager: startStatusReceiverServiceOnFlagSet: creating intent for action ACTION_ACTIVITY_FULLSCREEN
01-01 00:29:52.274   635   635 E ANDR-PERF-TARGET: Error: Invalid logical cluster id 0
01-01 00:29:52.274   635   635 E ANDR-PERF-MPCTL: invalid request, no optimizations performed
01-01 00:29:52.274  1151  1538 W ContextImpl: Calling a method in the system process without a qualified user: android.app.ContextImpl.startService:1476 com.android.server.wm.Session.startStatusReceiverServiceOnFlagSet:762 com.android.server.wm.Session.addToDisplay:217 android.view.IWindowSession$Stub.onTransact:124 com.android.server.wm.Session.onTransact:166 
01-01 00:29:52.275  1151  1538 D CompatibilityInfo: mCompatibilityFlags - 4
01-01 00:29:52.275  1151  1538 D CompatibilityInfo: applicationDensity - 240
01-01 00:29:52.275  1151  1538 D CompatibilityInfo: applicationScale - 1.0
01-01 00:29:52.275  1151  1538 D WindowManager: startStatusReceiverServiceOnFlagSet: startService done
01-01 00:29:52.278  1392  1392 W SYSTEM_UI: SWR_SYSTEM_UI_007|FUN=CollapsedStatusBarFragment::getAction |1|Broadcast action --> STATUS_UPDATE_ACTION
01-01 00:29:52.278  1392  1392 W SYSTEM_UI: SWR_SYSTEM_UI_007|FUN=CollapsedStatusBarFragment::getIntExtra |1|NotifySystemUpdates dataType --> 101
01-01 00:29:52.278  1392  1392 W SYSTEM_UI - CI07.3: className -> CollapsedStatusBarFragment | functionName -> NotifySystemUpdates | onReceive -->  | value -> FULLSCREEN MODE CHANGED | isFullScreenStatus --> false | fullScreenPackage -->com.panasonic.hmi2settings | fullscreenLastShownPackage -->null | topActivityPackage --> com.panasonic.hmi2settings
01-01 00:29:52.278  1392  1392 W SYSTEM_UI - CI07.3: className -> CollapsedStatusBarFragment | functionName -> NotifySystemUpdates | onReceive -->  | value -> Fullscreen mode changed --> path 5
01-01 00:29:52.282  3739  3739 W HMI2-SETTINGS: SWR_BAIDU_HMI_0015|FUN=WifiActivity::addView|0|Display password enter dialog with addView method.
01-01 00:29:52.282  3739  3739 W HMI2-SETTINGS: SWR_BAIDU_HMI_0027|FUN=WifiActivity::addView|0|Display password enter dialog with addView method.
01-01 00:29:52.284  3739  3739 W HMI2-SETTINGS - CI08.4: className -> WifiActivity | functionName -> setOnFocusChangeListener :   | value -> hasFocus:true
01-01 00:29:52.287  1151 10154 D mEnabledInputMethodsStrCache: com.android.inputmethods.latin/.LatinIME
01-01 00:29:52.287  1151 10154 D systemLanguageCode: en__GB
01-01 00:29:52.287  1151 10154 D mEnabledInputMethodsStrCache: com.android.inputmethods.latin/.LatinIME
01-01 00:29:52.289  1151 10154 D mEnabledInputMethodsStrCache: com.android.inputmethods.latin/.LatinIME
01-01 00:29:52.289  1151 10154 D systemLanguageCode: en__GB
01-01 00:29:52.289  1151 10154 D mEnabledInputMethodsStrCache: com.android.inputmethods.latin/.LatinIME
01-01 00:29:52.292  1151  1168 D mEnabledInputMethodsStrCache: com.android.inputmethods.latin/.LatinIME
01-01 00:29:52.292  1151  1168 D systemLanguageCode: en__GB
01-01 00:29:52.292  1151  1168 D mEnabledInputMethodsStrCache: com.android.inputmethods.latin/.LatinIME
01-01 00:29:52.293  1151  1168 D mEnabledInputMethodsStrCache: com.android.inputmethods.latin/.LatinIME
01-01 00:29:52.294  1151  1168 D systemLanguageCode: en__GB
01-01 00:29:52.294  1151  1168 D mEnabledInputMethodsStrCache: com.android.inputmethods.latin/.LatinIME
01-01 00:29:52.295  1151  1538 D mEnabledInputMethodsStrCache: com.android.inputmethods.latin/.LatinIME
01-01 00:29:52.295  1151  1538 D systemLanguageCode: en__GB
01-01 00:29:52.295  1151  1538 D mEnabledInputMethodsStrCache: com.android.inputmethods.latin/.LatinIME
01-01 00:29:52.295  1151  1538 D mEnabledInputMethodsStrCache: com.android.inputmethods.latin/.LatinIME
01-01 00:29:52.296  1151  1538 D systemLanguageCode: en__GB
01-01 00:29:52.296  1151  1538 D mEnabledInputMethodsStrCache: com.android.inputmethods.latin/.LatinIME
01-01 00:29:52.297  1151  1168 D WindowManager: relayout packageName=com.panasonic.hmi2settings::session=Session{c47ecfc 3739:1000}::window=android.view.IWindow$Stub$Proxy@a21403::attrs.flags=1000100
01-01 00:29:52.297  1151  1168 D WindowManager: relayout >>> FLAG_FULLSCREEN not set in WindowManager.LayoutParams
01-01 00:29:52.297  1151  1168 D WindowManager: startStatusReceiverServiceOnFlagSet: creating intent for action ACTION_ACTIVITY_FULLSCREEN
01-01 00:29:52.297  1379  1379 I LatinIME: SWR_HMISERVICE_SPELLER_MF_001||FUN=onStartInputViewInternal || 1 || Starting input. Cursor position = -1,-1
01-01 00:29:52.297  1151  1168 W ContextImpl: Calling a method in the system process without a qualified user: android.app.ContextImpl.startService:1476 com.android.server.wm.Session.startStatusReceiverServiceOnFlagSet:762 com.android.server.wm.Session.relayout:276 android.view.IWindowSession$Stub.onTransact:286 com.android.server.wm.Session.onTransact:166 
01-01 00:29:52.298  1151  1168 D CompatibilityInfo: mCompatibilityFlags - 4
01-01 00:29:52.298  1151  1168 D CompatibilityInfo: applicationDensity - 240
01-01 00:29:52.298  1151  1168 D CompatibilityInfo: applicationScale - 1.0
01-01 00:29:52.299  1151  1168 D WindowManager: startStatusReceiverServiceOnFlagSet: startService done
01-01 00:29:52.303  1392  1392 W SYSTEM_UI: SWR_SYSTEM_UI_007|FUN=CollapsedStatusBarFragment::getAction |1|Broadcast action --> STATUS_UPDATE_ACTION
01-01 00:29:52.304  1392  1392 W SYSTEM_UI: SWR_SYSTEM_UI_007|FUN=CollapsedStatusBarFragment::getIntExtra |1|NotifySystemUpdates dataType --> 101
01-01 00:29:52.304  1392  1392 W SYSTEM_UI - CI07.3: className -> CollapsedStatusBarFragment | functionName -> NotifySystemUpdates | onReceive -->  | value -> FULLSCREEN MODE CHANGED | isFullScreenStatus --> false | fullScreenPackage -->com.panasonic.hmi2settings | fullscreenLastShownPackage -->null | topActivityPackage --> com.panasonic.hmi2settings
01-01 00:29:52.304  1392  1392 W SYSTEM_UI - CI07.3: className -> CollapsedStatusBarFragment | functionName -> NotifySystemUpdates | onReceive -->  | value -> Fullscreen mode changed --> path 5
01-01 00:29:52.311   729   748 I sssv-lib: sendMsg enter
01-01 00:29:52.311   729   748 I sssv-lib: sendMsg complete.
01-01 00:29:52.323  3675 10841 W ByMatcher: Node returned null child: android.view.accessibility.AccessibilityNodeInfo@80006e90; boundsInParent: Rect(0, 0 - 1920, 1080); boundsInScreen: Rect(0, 0 - 1920, 1080); packageName: com.panasonic.hmi2settings; className: android.widget.FrameLayout; text: null; error: null; maxTextLength: -1; contentDescription: null; viewIdResName: null; checkable: false; checked: false; focusable: false; focused: false; selected: false; clickable: false; longClickable: false; contextClickable: false; enabled: true; password: false; scrollable: false; importantForAccessibility: true; actions: [AccessibilityAction: ACTION_SELECT - null, AccessibilityAction: ACTION_CLEAR_SELECTION - null, AccessibilityAction: ACTION_ACCESSIBILITY_FOCUS - null, AccessibilityAction: ACTION_SHOW_ON_SCREEN - null]
01-01 00:29:52.324  3675 10841 W ByMatcher: Skipping null child (0 of 1)
01-01 00:29:52.325  3675 10841 W ByMatcher: Node returned null child: android.view.accessibility.AccessibilityNodeInfo@80006e90; boundsInParent: Rect(0, 0 - 1920, 1080); boundsInScreen: Rect(0, 0 - 1920, 1080); packageName: com.panasonic.hmi2settings; className: android.widget.FrameLayout; text: null; error: null; maxTextLength: -1; contentDescription: null; viewIdResName: null; checkable: false; checked: false; focusable: false; focused: false; selected: false; clickable: false; longClickable: false; contextClickable: false; enabled: true; password: false; scrollable: false; importantForAccessibility: true; actions: [AccessibilityAction: ACTION_SELECT - null, AccessibilityAction: ACTION_CLEAR_SELECTION - null, AccessibilityAction: ACTION_ACCESSIBILITY_FOCUS - null, AccessibilityAction: ACTION_SHOW_ON_SCREEN - null]
01-01 00:29:52.325  3675 10841 W ByMatcher: Skipping null child (0 of 1)
