01-01 00:25:50.032  3739  3739 W HMI2-SETTINGS - CI08.4: className -> WifiActivity | functionName -> isInConnected | value -> |RSE_Test|0|2
01-01 00:25:50.032  3739  3739 W HMI2-SETTINGS - CI08.4: className -> WifiActivity | functionName -> isWapiVariantBlocked | value -> security_type:2
01-01 00:25:50.032  3739  3739 W HMI2-SETTINGS - CI08.4: className -> WifiActivity | functionName -> isInConnected | value -> |ACSIA_CORP1|0|2
01-01 00:25:50.032  3739  3739 W HMI2-SETTINGS - CI08.4: className -> WifiActivity | functionName -> isWapiVariantBlocked | value -> security_type:2
01-01 00:25:50.032  3739  3739 W HMI2-SETTINGS - CI08.4: className -> WifiActivity | functionName -> isInConnected | value -> |ACSIA_DEV|0|2
01-01 00:25:50.032  3739  3739 W HMI2-SETTINGS - CI08.4: className -> WifiActivity | functionName -> isWapiVariantBlocked | value -> security_type:2
01-01 00:25:50.032  3739  3739 W HMI2-SETTINGS - CI08.4: className -> WifiActivity | functionName -> isInConnected | value -> |ACSIA_CORP2|0|2
01-01 00:25:50.032  3739  3739 W HMI2-SETTINGS - CI08.4: className -> WifiActivity | functionName -> isWapiVariantBlocked | value -> security_type:2
01-01 00:25:50.032  3739  3739 W HMI2-SETTINGS - CI08.4: className -> WifiActivity | functionName -> isInConnected | value -> |HUWIFI|0|2
01-01 00:25:50.032  3739  3739 W HMI2-SETTINGS - CI08.4: className -> WifiActivity | functionName -> isWapiVariantBlocked | value -> security_type:2
01-01 00:25:50.032  3739  3739 W HMI2-SETTINGS - CI08.4: className -> WifiActivity | functionName -> isInConnected | value -> |DIRECT-vQINLT044msmJ|0|2
01-01 00:25:50.032  3739  3739 W HMI2-SETTINGS - CI08.4: className -> WifiActivity | functionName -> isWapiVariantBlocked | value -> security_type:2
01-01 00:25:50.032  3739  3739 W HMI2-SETTINGS - CI08.4: className -> WifiActivity | functionName -> isInConnected | value -> |DIRECT-DMATCLWI2064msNL|0|2
01-01 00:25:50.032  3739  3739 W HMI2-SETTINGS - CI08.4: className -> WifiActivity | functionName -> isWapiVariantBlocked | value -> security_type:2
01-01 00:25:50.032  3739  3739 W HMI2-SETTINGS - CI08.4: className -> WifiActivity | functionName -> isInConnected | value -> |ACSIA_CORP1|0|2
01-01 00:25:50.032  3739  3739 W HMI2-SETTINGS - CI08.4: className -> WifiActivity | functionName -> isWapiVariantBlocked | value -> security_type:2
01-01 00:25:50.032  3739  3739 W HMI2-SETTINGS - CI08.4: className -> WifiActivity | functionName -> isInConnected | value -> |ACSIA_GUEST1|0|2
01-01 00:25:50.032  3739  3739 W HMI2-SETTINGS - CI08.4: className -> WifiActivity | functionName -> isWapiVariantBlocked | value -> security_type:2
01-01 00:25:50.032  3739  3739 W HMI2-SETTINGS - CI08.4: className -> WifiActivity | functionName -> isInConnected | value -> |ACSIA_DEV|0|2
01-01 00:25:50.032  3739  3739 W HMI2-SETTINGS - CI08.4: className -> WifiActivity | functionName -> isWapiVariantBlocked | value -> security_type:2
01-01 00:25:50.032  3739  3739 W HMI2-SETTINGS - CI08.4: className -> WifiActivity | functionName -> isInConnected | value -> |RSE_Test|0|2
01-01 00:25:50.033  3739  3739 W HMI2-SETTINGS - CI08.4: className -> WifiActivity | functionName -> isWapiVariantBlocked | value -> security_type:2
01-01 00:25:50.033  3739  3739 W HMI2-SETTINGS - CI08.4: className -> WifiActivity | functionName -> isInConnected | value -> |ACSIA_CORP2|0|2
01-01 00:25:50.033  3739  3739 W HMI2-SETTINGS - CI08.4: className -> WifiActivity | functionName -> isWapiVariantBlocked | value -> security_type:2
01-01 00:25:50.033  3739  3739 W HMI2-SETTINGS - CI08.4: className -> WifiActivity | functionName -> isInConnected | value -> | ACSIA_CORP3|0|2
01-01 00:25:50.033  3739  3739 W HMI2-SETTINGS - CI08.4: className -> WifiActivity | functionName -> isWapiVariantBlocked | value -> security_type:2
01-01 00:25:50.033  3739  3739 W HMI2-SETTINGS - CI08.4: className -> WifiActivity | functionName -> isInConnected | value -> |ACSIA_Management|0|2
01-01 00:25:50.033  3739  3739 W HMI2-SETTINGS - CI08.4: className -> WifiActivity | functionName -> isWapiVariantBlocked | value -> security_type:2
01-01 00:25:50.033  3739  3739 W HMI2-SETTINGS - CI08.4: className -> WifiActivity | functionName -> isInConnected | value -> |AUTOMATION_TEST|0|2
01-01 00:25:50.033  3739  3739 W HMI2-SETTINGS - CI08.4: className -> WifiActivity | functionName -> isWapiVariantBlocked | value -> security_type:2
01-01 00:25:50.033  3739  3739 W HMI2-SETTINGS - CI08.4: className -> WifiActivity | functionName -> isInConnected | value -> |MB Hotspot 61185|0|2
01-01 00:25:50.033  3739  3739 W HMI2-SETTINGS - CI08.4: className -> WifiActivity | functionName -> handleAllAvailNetwork | value -> savedNetwork ->0
01-01 00:25:50.033  3739  3739 W HMI2-SETTINGS - CI08.4: className -> WifiActivity | functionName -> handleAllAvailNetwork | value -> presentVisibleNetwork ->28
01-01 00:25:50.036  3739  3739 W HMI2-SETTINGS - CI08.4: className -> WifiActivity | functionName -> handleIfWifiAvailableNetworks: config is  | value -> null
01-01 00:25:50.043  1392  1392 D ScrimController: animate_trace: updateScrims entry
01-01 00:25:50.043  1392  1392 D ScrimController: animate_trace: setScrimBehindAlpha :hardcoding alpha=0.0 to 0
01-01 00:25:50.043  1392  1392 D ScrimController: animate_trace: setScrimInFrontAlpha :hardcoding alpha=0.0 to 0
01-01 00:25:50.046  1392  1392 W SYSTEM_UI - CI07.3: className -> NotificationUIService | functionName -> onStartCommand | value -> onStartCommand NotificationServiceListener
01-01 00:25:50.046  1392  1392 W SYSTEM_UI - CI07.3: className -> NotificationUIService | functionName -> onStartCommand | value -> onStartCommand NotificationServiceListenerACTION_NOTIFICATION_UPDATE
01-01 00:25:50.046  1392  1392 W SYSTEM_UI - CI07.3: className -> NotificationUIService | functionName -> onStartCommand | value -> ActionName --> ACTION_NOTIFICATION_UPDATE
01-01 00:25:50.057  3675  9818 D UIAutomatorStub: URI: /jsonrpc/0, Method: POST, Header: {content-length=274, remote-addr=127.0.0.1, http-client-ip=127.0.0.1, host=localhost:9009, content-type=application/json, connection=close, accept-encoding=identity, user-agent=Python-urllib/2.7}, params, {NanoHttpd.QUERY_STRING=null}, files: {postData={"params": [{"childOrSiblingSelector": [], "scrollable": true, "mask": 16384, "childOrSibling": []}, {"childOrSiblingSelector": [], "text": "RSE_Test", "mask": 1, "childOrSibling": []}, true], "jsonrpc": "2.0", "method": "scrollTo", "id": "4c67ba031667490cd0112233c33b3210"}}
01-01 00:25:50.097  1392  9103 W SYSTEM_UI - CI07.3: className -> NotificationUIService | functionName -> FilterTask | doInBackground | value -> doInBackground
01-01 00:25:50.097  1392  9103 W SYSTEM_UI - CI07.3: className -> NotificationUIService | functionName -> populateValidNotifications | value -> NOTIFICATION_INFO || packageName --> android | notificationTitle --> USB debugging connected | notificationText --> Tap to disable USB debugging. | postedTime --> 19764 | notificationId --> 26 | notificationFlag --> 2 | isClearable --> false | isOngoing --> true | notificationPriority --> 0 | notificationChannelImportance --> 2
01-01 00:25:50.098  1392  9103 W SYSTEM_UI - CI07.3: className -> NotificationUIService | functionName -> populateValidNotifications | value -> Notification entry not valid. System notification.
01-01 00:25:50.098  1392  9103 W SYSTEM_UI - CI07.3: className -> NotificationUIService | functionName -> populateValidNotifications | value -> NOTIFICATION_INFO || packageName --> android | notificationTitle --> USB charging this device | notificationText --> Tap for more options. | postedTime --> 19755 | notificationId --> 32 | notificationFlag --> 2 | isClearable --> false | isOngoing --> true | notificationPriority --> 0 | notificationChannelImportance --> 1
01-01 00:25:50.099  1392  9103 W SYSTEM_UI - CI07.3: className -> NotificationUIService | functionName -> populateValidNotifications | value -> Notification entry not valid. System notification.
01-01 00:25:50.099  1392  9103 W SYSTEM_UI: SWR_SYSTEM_UI_003|FUN=NotificationUIService::notifyStatusLineNotifications|1|statusLineNotificationPackages size --> 0
01-01 00:25:50.099  1392  9103 W SYSTEM_UI - CI07.3: className -> NotificationUIService | functionName -> updateData | value -> passed
01-01 00:25:50.099  1392  9103 W SYSTEM_UI: SWR_BAIDU_HMI_0023 SWR_SYSTEM_UI_003 SWR_SYSTEM_UI_004|FUN=NotificationUIService::updateData|1|Received notifications from Android framework
01-01 00:25:50.099  1392  9103 W SYSTEM_UI - CI07.3: className -> NotificationUIService | functionName -> FilterTask | doInBackground | value -> updateData value --> []
01-01 00:25:50.100  1392  1392 W SYSTEM_UI: SWR_SYSTEM_UI_007|FUN=CollapsedStatusBarFragment::getAction |1|Broadcast action --> STATUS_UPDATE_ACTION
01-01 00:25:50.100  1392  1392 W SYSTEM_UI: SWR_SYSTEM_UI_007|FUN=CollapsedStatusBarFragment::getIntExtra |1|NotifySystemUpdates dataType --> 102
01-01 00:25:50.100  1392  1392 W SYSTEM_UI - CI07.3: className -> CollapsedStatusBarFragment | functionName -> NotifySystemUpdates | onReceive -->  | value -> DATATYPE_NOTIFICATION: 0
01-01 00:25:50.100  1392  1392 W SYSTEM_UI: SWR_SYSTEM_UI_003|FUN=CollapsedStatusBarFragment::NotifySystemUpdates | onREeceive|1|DATATYPE_NOTIFICATION: 0
01-01 00:25:50.100  1392  1392 W SYSTEM_UI - CI07.3: className -> NotificationUIService | functionName -> FilterTask | onPostExecute | value -> stateWindow --> -1
01-01 00:25:50.100  1392  1392 W SYSTEM_UI - CI07.3: className -> NotificationUIService | functionName -> showHeadsUpNotification | value -> headsup disabled
01-01 00:25:50.201  1392  1392 W SYSTEM_UI - CI07.3: className -> NotificationUIService | functionName -> populateValidNotifications | value -> NOTIFICATION_INFO || packageName --> android | notificationTitle --> USB debugging connected | notificationText --> Tap to disable USB debugging. | postedTime --> 19764 | notificationId --> 26 | notificationFlag --> 2 | isClearable --> false | isOngoing --> true | notificationPriority --> 0 | notificationChannelImportance --> 2
01-01 00:25:50.202  1392  1392 W SYSTEM_UI - CI07.3: className -> NotificationUIService | functionName -> populateValidNotifications | value -> Notification entry not valid. System notification.
01-01 00:25:50.202  1392  1392 W SYSTEM_UI - CI07.3: className -> NotificationUIService | functionName -> populateValidNotifications | value -> NOTIFICATION_INFO || packageName --> android | notificationTitle --> USB charging this device | notificationText --> Tap for more options. | postedTime --> 19755 | notificationId --> 32 | notificationFlag --> 2 | isClearable --> false | isOngoing --> true | notificationPriority --> 0 | notificationChannelImportance --> 1
01-01 00:25:50.203  1392  1392 W SYSTEM_UI - CI07.3: className -> NotificationUIService | functionName -> populateValidNotifications | value -> Notification entry not valid. System notification.
01-01 00:25:50.203  1392  1392 W SYSTEM_UI: SWR_SYSTEM_UI_003|FUN=NotificationUIService::notifyStatusLineNotifications|1|statusLineNotificationPackages size --> 0
01-01 00:25:50.204  1392  1392 W SYSTEM_UI - CI07.3: className -> NotificationUIService | functionName -> updateData | value -> passed
01-01 00:25:50.204  1392  1392 W SYSTEM_UI: SWR_BAIDU_HMI_0023 SWR_SYSTEM_UI_003 SWR_SYSTEM_UI_004|FUN=NotificationUIService::updateData|1|Received notifications from Android framework
01-01 00:25:50.204  1392  1392 W SYSTEM_UI - CI07.3: className -> NotificationUIService | functionName -> refresh | value -> updateData value --> []
01-01 00:25:50.204  1392  1392 W SYSTEM_UI: SWR_SYSTEM_UI_007|FUN=CollapsedStatusBarFragment::getAction |1|Broadcast action --> STATUS_UPDATE_ACTION
01-01 00:25:50.204  1392  1392 W SYSTEM_UI: SWR_SYSTEM_UI_007|FUN=CollapsedStatusBarFragment::getIntExtra |1|NotifySystemUpdates dataType --> 102
01-01 00:25:50.205  1392  1392 W SYSTEM_UI - CI07.3: className -> CollapsedStatusBarFragment | functionName -> NotifySystemUpdates | onReceive -->  | value -> DATATYPE_NOTIFICATION: 0
01-01 00:25:50.205  1392  1392 W SYSTEM_UI: SWR_SYSTEM_UI_003|FUN=CollapsedStatusBarFragment::NotifySystemUpdates | onREeceive|1|DATATYPE_NOTIFICATION: 0
01-01 00:25:50.709  3675  9818 D UiScrollable: scrollToBeginning() on selector = UiSelector[SCROLLABLE=true]
01-01 00:25:50.709  3675  9818 D UiScrollable: scrollBackward() on selector = UiSelector[SCROLLABLE=true]
01-01 00:25:50.715  3675  9818 I QueryController: Matched selector: UiSelector[SCROLLABLE=true] <<==>> [android.view.accessibility.AccessibilityNodeInfo@17df370; boundsInParent: Rect(0, 0 - 1332, 889); boundsInScreen: Rect(305, 172 - 1637, 1061); packageName: com.panasonic.hmi2settings; className: android.widget.ScrollView; text: null; error: null; maxTextLength: -1; contentDescription: null; viewIdResName: com.panasonic.hmi2settings:id/scrollWifi; checkable: false; checked: false; focusable: true; focused: false; selected: false; clickable: false; longClickable: false; contextClickable: false; enabled: true; password: false; scrollable: true; importantForAccessibility: true; actions: [AccessibilityAction: ACTION_FOCUS - null, AccessibilityAction: ACTION_SELECT - null, AccessibilityAction: ACTION_CLEAR_SELECTION - null, AccessibilityAction: ACTION_ACCESSIBILITY_FOCUS - null, AccessibilityAction: ACTION_SCROLL_FORWARD - null, AccessibilityAction: ACTION_SHOW_ON_SCREEN - null]]
01-01 00:25:50.715  3675  9818 D UiScrollable: scrollToBegining() using vertical scroll
01-01 00:25:50.715  3675  9818 D InteractionController: scrollSwipe (971, 260, 971, 973, 55)
01-01 00:25:50.889  2053  2053 I         : tabridge: qsc_read_key_version() starting
01-01 00:25:50.889  2053  2053 W         : tabridge:In qsc_read_key_version(), Send command to READ_KEY_VERSION
01-01 00:25:50.897  2053  2053 E         : tabridge: QSEECom_send_cmd() retryCnt = 3, ret = 0
01-01 00:25:50.897  2053  2053 W         : tabridge: After calling QSEECom_send_cmd(), rsp data = 1 (0x1), rsp status = 0 (0x0)
01-01 00:25:50.897  2053  2053 W         : tabridge: In qsc_send_cmd(), QSEECom_send_cmd() success
01-01 00:25:50.897  2053  2053 W         : tabridge: In qsc_send_cmd(), command id is 803
01-01 00:25:50.897  2053  2053 W         : tabridge: In qsc_send_cmd():(command id 803), ret = 1
01-01 00:25:50.897  2053  2053 W         : tabridge:In TzBridge::readKeyVersion(), qsc_read_key_version() success. nKeyVersion = 1
01-01 00:25:51.033   729   748 I sssv-lib: sendMsg enter
01-01 00:25:51.033   729   748 I sssv-lib: sendMsg complete.
01-01 00:25:51.111  1933  1933 I LCMANDR : SWR_OOB_HV_MF_009|FUN=ResourceMonitoringService::movingMemoryAverage|2|Moving memory average :27.707592
01-01 00:25:51.111  1933  1933 W LCMANDR : SWR_OOB_HV_MF_009|FUN=ResourceMonitoringService::getCpuUsageStatistic|Moving MEM AVG :::::::::27.707592
01-01 00:25:51.114  1933  1933 W LCMANDR : SWR_OOB_HV_MF_009|FUN=ResourceMonitoringService::getCpuUsageStatistic|2|Total cpu usage :25.602755
01-01 00:25:51.114  1933  1933 I LCMANDR : SWR_OOB_HV_MF_009|FUN=ResourceMonitoringService::getCpuUsageStatistic|Cpu usage of core  0 is28.719723
01-01 00:25:51.115  1933  1933 I LCMANDR : SWR_OOB_HV_MF_009|FUN=ResourceMonitoringService::getCpuUsageStatistic|Cpu usage of core  1 is22.680412
01-01 00:25:51.115  1933  1933 I LCMANDR : SWR_OOB_HV_MF_009|FUN=ResourceMonitoringService::getCpuUsageStatistic|Cpu usage of core  2 is25.429552
01-01 00:25:51.115  1933  1933 I LCMANDR : ResourceMonitoringService::movingCpuAverage()
01-01 00:25:51.115  1933  1933 I LCMANDR : SWR_OOB_HV_MF_009|FUN=ResourceMonitoringService::movingCpuAverage|2|Moving window average of CPU 22.720203
01-01 00:25:51.115  1933  1933 I LCMANDR : SWR_OOB_HV_MF_009|FUN=ResourceMonitoringService::movingCpuAverage|2|Cpu moving average of core  0 is23.790699
01-01 00:25:51.115  1933  1933 I LCMANDR : SWR_OOB_HV_MF_009|FUN=ResourceMonitoringService::movingCpuAverage|2|Cpu moving average of core  1 is21.3715
01-01 00:25:51.115  1933  1933 I LCMANDR : SWR_OOB_HV_MF_009|FUN=ResourceMonitoringService::movingCpuAverage|2|Cpu moving average of core  2 is23.044626
01-01 00:25:51.115  1933  1933 D LCMANDR : SWR_OOB_HV_MF_009|FUN=ResourceMonitoringService::movingCpuAverage|2|Exiting VAL = 22.720203
01-01 00:25:51.546   635   635 E ANDR-PERF-TARGET: Error: Invalid logical cluster id 0
01-01 00:25:51.546   635   635 E ANDR-PERF-MPCTL: invalid request, no optimizations performed
01-01 00:25:51.563   635   635 E ANDR-PERF-TARGET: Error: Invalid logical cluster id 0
01-01 00:25:51.563   635   635 E ANDR-PERF-MPCTL: invalid request, no optimizations performed
01-01 00:25:51.579   635   635 E ANDR-PERF-TARGET: Error: Invalid logical cluster id 0
01-01 00:25:51.580   635   635 E ANDR-PERF-MPCTL: invalid request, no optimizations performed
01-01 00:25:51.596   635   635 E ANDR-PERF-TARGET: Error: Invalid logical cluster id 0
01-01 00:25:51.596   635   635 E ANDR-PERF-MPCTL: invalid request, no optimizations performed
01-01 00:25:51.613   635   635 E ANDR-PERF-TARGET: Error: Invalid logical cluster id 0
01-01 00:25:51.613   635   635 E ANDR-PERF-MPCTL: invalid request, no optimizations performed
01-01 00:25:51.630   635   635 E ANDR-PERF-TARGET: Error: Invalid logical cluster id 0
01-01 00:25:51.630   635   635 E ANDR-PERF-MPCTL: invalid request, no optimizations performed
01-01 00:25:51.630   635   635 E ANDR-PERF-TARGET: Error: Invalid logical cluster id 0
01-01 00:25:51.630   635   635 E ANDR-PERF-MPCTL: invalid request, no optimizations performed
01-01 00:25:51.646   635   635 E ANDR-PERF-TARGET: Error: Invalid logical cluster id 0
01-01 00:25:51.646   635   635 E ANDR-PERF-MPCTL: invalid request, no optimizations performed
01-01 00:25:51.663   635   635 E ANDR-PERF-TARGET: Error: Invalid logical cluster id 0
01-01 00:25:51.663   635   635 E ANDR-PERF-MPCTL: invalid request, no optimizations performed
01-01 00:25:51.680   635   635 E ANDR-PERF-TARGET: Error: Invalid logical cluster id 0
01-01 00:25:51.680   635   635 E ANDR-PERF-MPCTL: invalid request, no optimizations performed
01-01 00:25:51.696   635   635 E ANDR-PERF-TARGET: Error: Invalid logical cluster id 0
01-01 00:25:51.697   635   635 E ANDR-PERF-MPCTL: invalid request, no optimizations performed
01-01 00:25:51.713   635   635 E ANDR-PERF-TARGET: Error: Invalid logical cluster id 0
01-01 00:25:51.713   635   635 E ANDR-PERF-MPCTL: invalid request, no optimizations performed
01-01 00:25:51.730   635   635 E ANDR-PERF-TARGET: Error: Invalid logical cluster id 0
01-01 00:25:51.730   635   635 E ANDR-PERF-MPCTL: invalid request, no optimizations performed
01-01 00:25:51.746   635   635 E ANDR-PERF-TARGET: Error: Invalid logical cluster id 0
01-01 00:25:51.747   635   635 E ANDR-PERF-MPCTL: invalid request, no optimizations performed
01-01 00:25:51.763   635   635 E ANDR-PERF-TARGET: Error: Invalid logical cluster id 0
01-01 00:25:51.763   635   635 E ANDR-PERF-MPCTL: invalid request, no optimizations performed
01-01 00:25:51.780   635   635 E ANDR-PERF-TARGET: Error: Invalid logical cluster id 0
01-01 00:25:51.780   635   635 E ANDR-PERF-MPCTL: invalid request, no optimizations performed
01-01 00:25:51.797   635   635 E ANDR-PERF-TARGET: Error: Invalid logical cluster id 0
01-01 00:25:51.797   635   635 E ANDR-PERF-MPCTL: invalid request, no optimizations performed
01-01 00:25:51.813   635   635 E ANDR-PERF-TARGET: Error: Invalid logical cluster id 0
01-01 00:25:51.813   635   635 E ANDR-PERF-MPCTL: invalid request, no optimizations performed
01-01 00:25:51.823  3675  9818 W InteractionController: runAndwaitForEvents timed out waiting for events
01-01 00:25:51.830   635   635 E ANDR-PERF-TARGET: Error: Invalid logical cluster id 0
01-01 00:25:51.830   635   635 E ANDR-PERF-MPCTL: invalid request, no optimizations performed
01-01 00:25:51.832  3675  9818 D UiScrollable: scrollForward() on selector = UiSelector[SCROLLABLE=true]
01-01 00:25:51.839  3675  9818 I QueryController: Matched selector: UiSelector[SCROLLABLE=true] <<==>> [android.view.accessibility.AccessibilityNodeInfo@17df370; boundsInParent: Rect(0, 0 - 1332, 889); boundsInScreen: Rect(305, 172 - 1637, 1061); packageName: com.panasonic.hmi2settings; className: android.widget.ScrollView; text: null; error: null; maxTextLength: -1; contentDescription: null; viewIdResName: com.panasonic.hmi2settings:id/scrollWifi; checkable: false; checked: false; focusable: true; focused: false; selected: false; clickable: false; longClickable: false; contextClickable: false; enabled: true; password: false; scrollable: true; importantForAccessibility: true; actions: [AccessibilityAction: ACTION_FOCUS - null, AccessibilityAction: ACTION_SELECT - null, AccessibilityAction: ACTION_CLEAR_SELECTION - null, AccessibilityAction: ACTION_ACCESSIBILITY_FOCUS - null, AccessibilityAction: ACTION_SCROLL_FORWARD - null, AccessibilityAction: ACTION_SHOW_ON_SCREEN - null]]
01-01 00:25:51.840  3675  9818 D InteractionController: scrollSwipe (971, 973, 971, 260, 55)
01-01 00:25:51.847   635   635 E ANDR-PERF-TARGET: Error: Invalid logical cluster id 0
01-01 00:25:51.847   635   635 E ANDR-PERF-MPCTL: invalid request, no optimizations performed
01-01 00:25:51.864   635   635 E ANDR-PERF-TARGET: Error: Invalid logical cluster id 0
01-01 00:25:51.864   635   635 E ANDR-PERF-MPCTL: invalid request, no optimizations performed
01-01 00:25:51.880   635   635 E ANDR-PERF-TARGET: Error: Invalid logical cluster id 0
01-01 00:25:51.880   635   635 E ANDR-PERF-MPCTL: invalid request, no optimizations performed
01-01 00:25:51.897   635   635 E ANDR-PERF-TARGET: Error: Invalid logical cluster id 0
01-01 00:25:51.897   635   635 E ANDR-PERF-MPCTL: invalid request, no optimizations performed
01-01 00:25:51.914   635   635 E ANDR-PERF-TARGET: Error: Invalid logical cluster id 0
01-01 00:25:51.914   635   635 E ANDR-PERF-MPCTL: invalid request, no optimizations performed
01-01 00:25:51.930   635   635 E ANDR-PERF-TARGET: Error: Invalid logical cluster id 0
01-01 00:25:51.930   635   635 E ANDR-PERF-MPCTL: invalid request, no optimizations performed
01-01 00:25:51.947   635   635 E ANDR-PERF-TARGET: Error: Invalid logical cluster id 0
01-01 00:25:51.947   635   635 E ANDR-PERF-MPCTL: invalid request, no optimizations performed
01-01 00:25:51.964   635   635 E ANDR-PERF-TARGET: Error: Invalid logical cluster id 0
01-01 00:25:51.964   635   635 E ANDR-PERF-MPCTL: invalid request, no optimizations performed
01-01 00:25:51.969   625   625 D WifiHAL : Start get packet fate command
01-01 00:25:51.969   625   625 D WifiHAL : createRequest Get Tx packet fate request
01-01 00:25:51.969   625   625 E WifiHAL : Failed to register get pkt fate response; result = -95
01-01 00:25:51.970  1151  1317 E WifiVendorHal: getTxPktFates(l.2067) failed {.code = ERROR_UNKNOWN, .description = errno: -95 (Unknown error -95)}
01-01 00:25:51.970   625   625 D WifiHAL : Start get packet fate command
01-01 00:25:51.971   625   625 D WifiHAL : createRequest Get Rx packet fate request
01-01 00:25:51.971   625   625 E WifiHAL : Failed to register get pkt fate response; result = -95
01-01 00:25:51.971  1151  1317 E WifiVendorHal: getRxPktFates(l.2107) failed {.code = ERROR_UNKNOWN, .description = errno: -95 (Unknown error -95)}
01-01 00:25:51.980   635   635 E ANDR-PERF-TARGET: Error: Invalid logical cluster id 0
01-01 00:25:51.981   635   635 E ANDR-PERF-MPCTL: invalid request, no optimizations performed
01-01 00:25:51.997   635   635 E ANDR-PERF-TARGET: Error: Invalid logical cluster id 0
01-01 00:25:51.997   635   635 E ANDR-PERF-MPCTL: invalid request, no optimizations performed
01-01 00:25:52.014   635   635 E ANDR-PERF-TARGET: Error: Invalid logical cluster id 0
01-01 00:25:52.014   635   635 E ANDR-PERF-MPCTL: invalid request, no optimizations performed
01-01 00:25:52.031   635   635 E ANDR-PERF-TARGET: Error: Invalid logical cluster id 0
01-01 00:25:52.031   635   635 E ANDR-PERF-MPCTL: invalid request, no optimizations performed
01-01 00:25:52.036   729   748 I sssv-lib: sendMsg enter
01-01 00:25:52.036   729   748 I sssv-lib: sendMsg complete.
01-01 00:25:52.037   625   625 D WifiHAL : Start get packet fate command
01-01 00:25:52.037   625   625 D WifiHAL : createRequest Get Tx packet fate request
01-01 00:25:52.038   625   625 E WifiHAL : Failed to register get pkt fate response; result = -95
01-01 00:25:52.038  1151  1317 E WifiVendorHal: getTxPktFates(l.2067) failed {.code = ERROR_UNKNOWN, .description = errno: -95 (Unknown error -95)}
01-01 00:25:52.039   625   625 D WifiHAL : Start get packet fate command
01-01 00:25:52.039   625   625 D WifiHAL : createRequest Get Rx packet fate request
01-01 00:25:52.039   625   625 E WifiHAL : Failed to register get pkt fate response; result = -95
01-01 00:25:52.039  1151  1317 E WifiVendorHal: getRxPktFates(l.2107) failed {.code = ERROR_UNKNOWN, .description = errno: -95 (Unknown error -95)}
01-01 00:25:52.047   635   635 E ANDR-PERF-TARGET: Error: Invalid logical cluster id 0
01-01 00:25:52.047   635   635 E ANDR-PERF-MPCTL: invalid request, no optimizations performed
01-01 00:25:52.064   635   635 E ANDR-PERF-TARGET: Error: Invalid logical cluster id 0
01-01 00:25:52.064   635   635 E ANDR-PERF-MPCTL: invalid request, no optimizations performed
01-01 00:25:52.081   635   635 E ANDR-PERF-TARGET: Error: Invalid logical cluster id 0
01-01 00:25:52.081   635   635 E ANDR-PERF-MPCTL: invalid request, no optimizations performed
01-01 00:25:52.097   635   635 E ANDR-PERF-TARGET: Error: Invalid logical cluster id 0
01-01 00:25:52.097   635   635 E ANDR-PERF-MPCTL: invalid request, no optimizations performed
01-01 00:25:52.114   635   635 E ANDR-PERF-TARGET: Error: Invalid logical cluster id 0
01-01 00:25:52.114   635   635 E ANDR-PERF-MPCTL: invalid request, no optimizations performed
01-01 00:25:52.131   635   635 E ANDR-PERF-TARGET: Error: Invalid logical cluster id 0
01-01 00:25:52.131   635   635 E ANDR-PERF-MPCTL: invalid request, no optimizations performed
01-01 00:25:52.147   635   635 E ANDR-PERF-TARGET: Error: Invalid logical cluster id 0
01-01 00:25:52.147   635   635 E ANDR-PERF-MPCTL: invalid request, no optimizations performed
01-01 00:25:52.164   635   635 E ANDR-PERF-TARGET: Error: Invalid logical cluster id 0
01-01 00:25:52.164   635   635 E ANDR-PERF-MPCTL: invalid request, no optimizations performed
01-01 00:25:52.181   635   635 E ANDR-PERF-TARGET: Error: Invalid logical cluster id 0
01-01 00:25:52.181   635   635 E ANDR-PERF-MPCTL: invalid request, no optimizations performed
01-01 00:25:52.197   635   635 E ANDR-PERF-TARGET: Error: Invalid logical cluster id 0
01-01 00:25:52.198   635   635 E ANDR-PERF-MPCTL: invalid request, no optimizations performed
01-01 00:25:52.214   635   635 E ANDR-PERF-TARGET: Error: Invalid logical cluster id 0
01-01 00:25:52.214   635   635 E ANDR-PERF-MPCTL: invalid request, no optimizations performed
01-01 00:25:52.231   635   635 E ANDR-PERF-TARGET: Error: Invalid logical cluster id 0
01-01 00:25:52.231   635   635 E ANDR-PERF-MPCTL: invalid request, no optimizations performed
01-01 00:25:52.248   635   635 E ANDR-PERF-TARGET: Error: Invalid logical cluster id 0
01-01 00:25:52.248   635   635 E ANDR-PERF-MPCTL: invalid request, no optimizations performed
01-01 00:25:52.264   635   635 E ANDR-PERF-TARGET: Error: Invalid logical cluster id 0
01-01 00:25:52.264   635   635 E ANDR-PERF-MPCTL: invalid request, no optimizations performed
01-01 00:25:52.281   635   635 E ANDR-PERF-TARGET: Error: Invalid logical cluster id 0
01-01 00:25:52.281   635   635 E ANDR-PERF-MPCTL: invalid request, no optimizations performed
01-01 00:25:52.298   635   635 E ANDR-PERF-TARGET: Error: Invalid logical cluster id 0
01-01 00:25:52.298   635   635 E ANDR-PERF-MPCTL: invalid request, no optimizations performed
01-01 00:25:52.314   635   635 E ANDR-PERF-TARGET: Error: Invalid logical cluster id 0
01-01 00:25:52.315   635   635 E ANDR-PERF-MPCTL: invalid request, no optimizations performed
01-01 00:25:52.331   635   635 E ANDR-PERF-TARGET: Error: Invalid logical cluster id 0
01-01 00:25:52.331   635   635 E ANDR-PERF-MPCTL: invalid request, no optimizations performed
01-01 00:25:52.348   635   635 E ANDR-PERF-TARGET: Error: Invalid logical cluster id 0
01-01 00:25:52.348   635   635 E ANDR-PERF-MPCTL: invalid request, no optimizations performed
01-01 00:25:52.364   635   635 E ANDR-PERF-TARGET: Error: Invalid logical cluster id 0
01-01 00:25:52.365   635   635 E ANDR-PERF-MPCTL: invalid request, no optimizations performed
01-01 00:25:52.381   635   635 E ANDR-PERF-TARGET: Error: Invalid logical cluster id 0
01-01 00:25:52.381   635   635 E ANDR-PERF-MPCTL: invalid request, no optimizations performed
01-01 00:25:52.398   635   635 E ANDR-PERF-TARGET: Error: Invalid logical cluster id 0
01-01 00:25:52.398   635   635 E ANDR-PERF-MPCTL: invalid request, no optimizations performed
01-01 00:25:52.415   635   635 E ANDR-PERF-TARGET: Error: Invalid logical cluster id 0
01-01 00:25:52.415   635   635 E ANDR-PERF-MPCTL: invalid request, no optimizations performed
01-01 00:25:52.431   635   635 E ANDR-PERF-TARGET: Error: Invalid logical cluster id 0
01-01 00:25:52.431   635   635 E ANDR-PERF-MPCTL: invalid request, no optimizations performed
01-01 00:25:52.448   635   635 E ANDR-PERF-TARGET: Error: Invalid logical cluster id 0
01-01 00:25:52.448   635   635 E ANDR-PERF-MPCTL: invalid request, no optimizations performed
01-01 00:25:52.465   635   635 E ANDR-PERF-TARGET: Error: Invalid logical cluster id 0
01-01 00:25:52.465   635   635 E ANDR-PERF-MPCTL: invalid request, no optimizations performed
01-01 00:25:52.481   635   635 E ANDR-PERF-TARGET: Error: Invalid logical cluster id 0
01-01 00:25:52.482   635   635 E ANDR-PERF-MPCTL: invalid request, no optimizations performed
01-01 00:25:52.498   635   635 E ANDR-PERF-TARGET: Error: Invalid logical cluster id 0
01-01 00:25:52.498   635   635 E ANDR-PERF-MPCTL: invalid request, no optimizations performed
01-01 00:25:52.515   635   635 E ANDR-PERF-TARGET: Error: Invalid logical cluster id 0
01-01 00:25:52.515   635   635 E ANDR-PERF-MPCTL: invalid request, no optimizations performed
01-01 00:25:52.532   635   635 E ANDR-PERF-TARGET: Error: Invalid logical cluster id 0
01-01 00:25:52.532   635   635 E ANDR-PERF-MPCTL: invalid request, no optimizations performed
01-01 00:25:52.548   635   635 E ANDR-PERF-TARGET: Error: Invalid logical cluster id 0
01-01 00:25:52.548   635   635 E ANDR-PERF-MPCTL: invalid request, no optimizations performed
01-01 00:25:52.565   635   635 E ANDR-PERF-TARGET: Error: Invalid logical cluster id 0
01-01 00:25:52.565   635   635 E ANDR-PERF-MPCTL: invalid request, no optimizations performed
01-01 00:25:52.582   635   635 E ANDR-PERF-TARGET: Error: Invalid logical cluster id 0
01-01 00:25:52.582   635   635 E ANDR-PERF-MPCTL: invalid request, no optimizations performed
01-01 00:25:52.598   635   635 E ANDR-PERF-TARGET: Error: Invalid logical cluster id 0
01-01 00:25:52.598   635   635 E ANDR-PERF-MPCTL: invalid request, no optimizations performed
01-01 00:25:52.615   635   635 E ANDR-PERF-TARGET: Error: Invalid logical cluster id 0
01-01 00:25:52.615   635   635 E ANDR-PERF-MPCTL: invalid request, no optimizations performed
01-01 00:25:52.632   635   635 E ANDR-PERF-TARGET: Error: Invalid logical cluster id 0
01-01 00:25:52.632   635   635 E ANDR-PERF-MPCTL: invalid request, no optimizations performed
01-01 00:25:52.649   635   635 E ANDR-PERF-TARGET: Error: Invalid logical cluster id 0
01-01 00:25:52.649   635   635 E ANDR-PERF-MPCTL: invalid request, no optimizations performed
01-01 00:25:52.665   635   635 E ANDR-PERF-TARGET: Error: Invalid logical cluster id 0
01-01 00:25:52.665   635   635 E ANDR-PERF-MPCTL: invalid request, no optimizations performed
01-01 00:25:52.667  1933  1957 D LCMANDR : SWR_OOB_HV_MF_009|FUN=LifeCycleManagerService::LifeCycle_ReportCompStatus|GOT ALIVENESS SIGNAL FROM DAIAPP : [0]; HB Counter = [ 608 ]; STATUS INFO = [ 0 ]
01-01 00:25:52.668  1519  1519 I Connectivity_AIDL|AIDL_Handler.AIDL_Helpers.LcmHelper: MBUX App Method: KeepAliveTest |Line No: 408 |Log Type: Critical |Message: MainThread:MBUX-App HB Count: 610, ResponseCode: 0
01-01 00:25:52.682   635   635 E ANDR-PERF-TARGET: Error: Invalid logical cluster id 0
01-01 00:25:52.682   635   635 E ANDR-PERF-MPCTL: invalid request, no optimizations performed
01-01 00:25:52.699   635   635 E ANDR-PERF-TARGET: Error: Invalid logical cluster id 0
01-01 00:25:52.699   635   635 E ANDR-PERF-MPCTL: invalid request, no optimizations performed
01-01 00:25:52.715   635   635 E ANDR-PERF-TARGET: Error: Invalid logical cluster id 0
01-01 00:25:52.715   635   635 E ANDR-PERF-MPCTL: invalid request, no optimizations performed
01-01 00:25:52.732   635   635 E ANDR-PERF-TARGET: Error: Invalid logical cluster id 0
01-01 00:25:52.732   635   635 E ANDR-PERF-MPCTL: invalid request, no optimizations performed
01-01 00:25:52.749   635   635 E ANDR-PERF-TARGET: Error: Invalid logical cluster id 0
01-01 00:25:52.749   635   635 E ANDR-PERF-MPCTL: invalid request, no optimizations performed
01-01 00:25:52.749   635   635 E ANDR-PERF-TARGET: Error: Invalid logical cluster id 0
01-01 00:25:52.749   635   635 E ANDR-PERF-MPCTL: invalid request, no optimizations performed
01-01 00:25:52.765   635   635 E ANDR-PERF-TARGET: Error: Invalid logical cluster id 0
01-01 00:25:52.765   635   635 E ANDR-PERF-MPCTL: invalid request, no optimizations performed
01-01 00:25:52.782   635   635 E ANDR-PERF-TARGET: Error: Invalid logical cluster id 0
01-01 00:25:52.782   635   635 E ANDR-PERF-MPCTL: invalid request, no optimizations performed
01-01 00:25:52.799   635   635 E ANDR-PERF-TARGET: Error: Invalid logical cluster id 0
01-01 00:25:52.799   635   635 E ANDR-PERF-MPCTL: invalid request, no optimizations performed
01-01 00:25:52.815   635   635 E ANDR-PERF-TARGET: Error: Invalid logical cluster id 0
01-01 00:25:52.816   635   635 E ANDR-PERF-MPCTL: invalid request, no optimizations performed
01-01 00:25:52.832   635   635 E ANDR-PERF-TARGET: Error: Invalid logical cluster id 0
01-01 00:25:52.832   635   635 E ANDR-PERF-MPCTL: invalid request, no optimizations performed
01-01 00:25:52.849   635   635 E ANDR-PERF-TARGET: Error: Invalid logical cluster id 0
01-01 00:25:52.849   635   635 E ANDR-PERF-MPCTL: invalid request, no optimizations performed
01-01 00:25:52.866   635   635 E ANDR-PERF-TARGET: Error: Invalid logical cluster id 0
01-01 00:25:52.866   635   635 E ANDR-PERF-MPCTL: invalid request, no optimizations performed
01-01 00:25:52.882   635   635 E ANDR-PERF-TARGET: Error: Invalid logical cluster id 0
01-01 00:25:52.882   635   635 E ANDR-PERF-MPCTL: invalid request, no optimizations performed
01-01 00:25:52.899   635   635 E ANDR-PERF-TARGET: Error: Invalid logical cluster id 0
01-01 00:25:52.899   635   635 E ANDR-PERF-MPCTL: invalid request, no optimizations performed
01-01 00:25:52.912  2054  2054 E         : 
01-01 00:25:52.912  2054  2054 E         : Buffer Size = 1048576
01-01 00:25:52.918   635   635 E ANDR-PERF-TARGET: Error: Invalid logical cluster id 0
01-01 00:25:52.918   635   635 E ANDR-PERF-MPCTL: invalid request, no optimizations performed
01-01 00:25:52.933   635   635 E ANDR-PERF-TARGET: Error: Invalid logical cluster id 0
01-01 00:25:52.933   635   635 E ANDR-PERF-MPCTL: invalid request, no optimizations performed
01-01 00:25:52.937  2054  2054 E         : 
01-01 00:25:52.937  2054  2054 E         : <6>[ 1205.755035] QSEECOM: scm_call_qcpe:503 : OUT: 0x0, 0x0, 0x0, 0x0
01-01 00:25:52.937  2054  2054 E         : <6>[ 1206.293144] QSEECOM: scm_call_qcpe:429 : IN: 0x4200010a, 0x2, 0x0, 0xd, 0x0, 0x0, 0x0
01-01 00:25:52.937  2054  2054 E         : <6>[ 1206.295172] QSEECOM: scm_call_qcpe:503 : OUT: 0x0, 0x0, 0x0, 0x0
01-01 00:25:52.937  2054  2054 E         : <6>[ 1206.375561] QSEECOM: scm_call_qcpe:429 : IN: 0x42000d07, 0x0, 0x0, 0x0, 0x0, 0x0, 0x0
01-01 00:25:52.937  2054  2054 E         : <6>[ 1206.377619] QSEECOM: scm_call_qcpe:503 : OUT: 0x0, 0x0, 0x0, 0x0
01-01 00:25:52.937  2054  2054 E         : <6>[ 1206.398628] QSEECOM: scm_call_qcpe:429 : IN: 0x4200010a, 0x2, 0x0, 0xd, 0x0, 0x0, 0x0
01-01 00:25:52.937  2054  2054 E         : <6>[ 1206.400558] QSEECOM: scm_call_qcpe:503 : OUT: 0x0, 0x0, 0x0, 0x0
01-01 00:25:52.937  2054  2054 E         : <6>[ 1206.485790] QSEECOM: scm_call_qcpe:429 : IN: 0x42000d07, 0x0, 0x0, 0x0, 0x0, 0x0, 0x0
01-01 00:25:52.937  2054  2054 E         : <6>[ 1206.487698] QSEECOM: scm_call_qcpe:503 : OUT: 0x0, 0x0, 0x0, 0x0
01-01 00:25:52.937  2054  2054 E         : <6>[ 1206.506671] QSEECOM: scm_call_qcpe:429 : IN: 0x4200010a, 0x2, 0x0, 0xd, 0x0, 0x0, 0x0
01-01 00:25:52.937  2054  2054 E         : <6>[ 1206.508592] QSEECOM: scm_call_qcpe:503 : OUT: 0x0, 0x0, 0x0, 0x0
01-01 00:25:52.937  2054  2054 E         : <6>[ 1206.594239] QSEECOM: scm_call_qcpe:429 : IN: 0x42000d07, 0x0, 0x0, 0x0, 0x0, 0x0, 0x0
01-01 00:25:52.937  2054  2054 E         : <6>[ 1206.595143] QSEECOM: scm_call_qcpe:503
01-01 00:25:52.940  2054  2054 E         : USB Hub Detector 1.0
01-01 00:25:52.944  3675  9818 W InteractionController: runAndwaitForEvents timed out waiting for events
01-01 00:25:52.944  3675  9818 D InteractionController: Vertical scrollSwipe reached scroll end: false
01-01 00:25:52.949   635   635 E ANDR-PERF-TARGET: Error: Invalid logical cluster id 0
01-01 00:25:52.949   635   635 E ANDR-PERF-MPCTL: invalid request, no optimizations performed
01-01 00:25:52.966   635   635 E ANDR-PERF-TARGET: Error: Invalid logical cluster id 0
01-01 00:25:52.966   635   635 E ANDR-PERF-MPCTL: invalid request, no optimizations performed
01-01 00:25:52.983   635   635 E ANDR-PERF-TARGET: Error: Invalid logical cluster id 0
01-01 00:25:52.983   635   635 E ANDR-PERF-MPCTL: invalid request, no optimizations performed
01-01 00:25:52.999   635   635 E ANDR-PERF-TARGET: Error: Invalid logical cluster id 0
01-01 00:25:52.999   635   635 E ANDR-PERF-MPCTL: invalid request, no optimizations performed
01-01 00:25:53.016   635   635 E ANDR-PERF-TARGET: Error: Invalid logical cluster id 0
01-01 00:25:53.016   635   635 E ANDR-PERF-MPCTL: invalid request, no optimizations performed
01-01 00:25:53.033   635   635 E ANDR-PERF-TARGET: Error: Invalid logical cluster id 0
01-01 00:25:53.033   635   635 E ANDR-PERF-MPCTL: invalid request, no optimizations performed
01-01 00:25:53.037   729   748 I sssv-lib: sendMsg enter
01-01 00:25:53.037   729   748 I sssv-lib: sendMsg complete.
01-01 00:25:53.049   635   635 E ANDR-PERF-TARGET: Error: Invalid logical cluster id 0
01-01 00:25:53.049   635   635 E ANDR-PERF-MPCTL: invalid request, no optimizations performed
01-01 00:25:53.058  1933  1957 D LCMANDR : SWR_OOB_HV_MF_009|FUN=LifeCycleManagerService::LifeCycle_ReportCompStatus|GOT ALIVENESS SIGNAL FROM DAIAPP : [0]; HB Counter = [ 609 ]; STATUS INFO = [ 0 ]
01-01 00:25:53.059  1519  1964 I Connectivity_AIDL|AIDL_Handler.AIDL_Helpers.LcmHelper: MBUX App Method: KeepAliveTest |Line No: 408 |Log Type: Critical |Message: ChildThread:MBUX-App HB Count: 611, ResponseCode: 0
01-01 00:25:53.066   635   635 E ANDR-PERF-TARGET: Error: Invalid logical cluster id 0
01-01 00:25:53.066   635   635 E ANDR-PERF-MPCTL: invalid request, no optimizations performed
01-01 00:25:53.083   635   635 E ANDR-PERF-TARGET: Error: Invalid logical cluster id 0
01-01 00:25:53.083   635   635 E ANDR-PERF-MPCTL: invalid request, no optimizations performed
01-01 00:25:53.099   635   635 E ANDR-PERF-TARGET: Error: Invalid logical cluster id 0
01-01 00:25:53.100   635   635 E ANDR-PERF-MPCTL: invalid request, no optimizations performed
01-01 00:25:53.116   635   635 E ANDR-PERF-TARGET: Error: Invalid logical cluster id 0
01-01 00:25:53.116   635   635 E ANDR-PERF-MPCTL: invalid request, no optimizations performed
01-01 00:25:53.533  2053  2053 E         : taBridge : In KeyServer::canRemoveClient(). Client connection closed
01-01 00:25:53.667  3675  9818 I QueryController: Matched selector: UiSelector[SCROLLABLE=true, CHILD=UiSelector[TEXT=RSE_Test]] <<==>> [android.view.accessibility.AccessibilityNodeInfo@17ed0eb; boundsInParent: Rect(0, 0 - 1078, 77); boundsInScreen: Rect(354, 498 - 1431, 575); packageName: com.panasonic.hmi2settings; className: android.widget.TextView; text: RSE_Test; error: null; maxTextLength: -1; contentDescription: null; viewIdResName: com.panasonic.hmi2settings:id/wifiName; checkable: false; checked: false; focusable: false; focused: false; selected: false; clickable: false; longClickable: false; contextClickable: false; enabled: true; password: false; scrollable: false; importantForAccessibility: true; actions: [AccessibilityAction: ACTION_SELECT - null, AccessibilityAction: ACTION_CLEAR_SELECTION - null, AccessibilityAction: ACTION_ACCESSIBILITY_FOCUS - null, AccessibilityAction: ACTION_NEXT_AT_MOVEMENT_GRANULARITY - null, AccessibilityAction: ACTION_PREVIOUS_AT_MOVEMENT_GRANULARITY - null, AccessibilityAction: ACTION_SET_SELECTION - null, AccessibilityAction: ACTION_SHOW_ON_SCREEN - null]]
01-01 00:25:53.677  3675  9819 D UIAutomatorStub: URI: /jsonrpc/0, Method: POST, Header: {content-length=176, remote-addr=127.0.0.1, http-client-ip=127.0.0.1, host=localhost:9009, content-type=application/json, connection=close, accept-encoding=identity, user-agent=Python-urllib/2.7}, params, {NanoHttpd.QUERY_STRING=null}, files: {postData={"params": [{"childOrSiblingSelector": [], "text": "RSE_Test", "mask": 1, "childOrSibling": []}], "jsonrpc": "2.0", "method": "click", "id": "04d6eee1aada856df70c065959415538"}}
01-01 00:25:53.748  3675  9820 D UIAutomatorStub: URI: /jsonrpc/0, Method: POST, Header: {content-length=213, remote-addr=127.0.0.1, http-client-ip=127.0.0.1, host=localhost:9009, content-type=application/json, connection=close, accept-encoding=identity, user-agent=Python-urllib/2.7}, params, {NanoHttpd.QUERY_STRING=null}, files: {postData={"params": [{"childOrSiblingSelector": [], "className": "android.widget.EditText", "mask": 16, "childOrSibling": []}, "Secure7@55"], "jsonrpc": "2.0", "method": "setText", "id": "f7ecc6b6f64d2507f8ef3708a85e0df4"}}
01-01 00:25:53.750  3739  3739 W HMI2-SETTINGS - CI08.4: className -> WifiAdapter | functionName -> onBindViewHolder | value -> allWifiList.get(position).getSecurityType() : wifiNametrue
01-01 00:25:53.750  3739  3739 W HMI2-SETTINGS - CI08.4: className -> WifiActivity | functionName -> onWifiClick | value -> getSecurityType ->true
01-01 00:25:53.757  3739  3739 D View    : setSystemUiVisibility: creating intent for action ACTION_ACTIVITY_FULLSCREEN
01-01 00:25:53.757  3739  3739 W ContextImpl: Calling a method in the system process without a qualified user: android.app.ContextImpl.startService:1476 android.content.ContextWrapper.startService:650 android.view.View.setSystemUiVisibility:22653 com.panasonic.hmi2settings.activity.WifiActivity.connectToWifi:1215 com.panasonic.hmi2settings.activity.WifiActivity.onWifiClick:522 
01-01 00:25:53.759  1151  1539 D CompatibilityInfo: mCompatibilityFlags - 4
01-01 00:25:53.759  1151  1539 D CompatibilityInfo: applicationDensity - 240
01-01 00:25:53.759  1151  1539 D CompatibilityInfo: applicationScale - 1.0
01-01 00:25:53.762  3739  3739 D View    : setSystemUiVisibility: startService done
01-01 00:25:53.767  1151  1168 D WindowManager: addToDisplay >>> FLAG_FULLSCREEN not set in WindowManager.LayoutParams
01-01 00:25:53.767  1151  1168 D WindowManager: startStatusReceiverServiceOnFlagSet: creating intent for action ACTION_ACTIVITY_FULLSCREEN
01-01 00:25:53.767  1151  1168 W ContextImpl: Calling a method in the system process without a qualified user: android.app.ContextImpl.startService:1476 com.android.server.wm.Session.startStatusReceiverServiceOnFlagSet:762 com.android.server.wm.Session.addToDisplay:217 android.view.IWindowSession$Stub.onTransact:124 com.android.server.wm.Session.onTransact:166 
01-01 00:25:53.768   635   635 E ANDR-PERF-TARGET: Error: Invalid logical cluster id 0
01-01 00:25:53.768   635   635 E ANDR-PERF-MPCTL: invalid request, no optimizations performed
01-01 00:25:53.766  1392  1392 W SYSTEM_UI: SWR_SYSTEM_UI_007|FUN=CollapsedStatusBarFragment::getAction |1|Broadcast action --> STATUS_UPDATE_ACTION
01-01 00:25:53.768  1392  1392 W SYSTEM_UI: SWR_SYSTEM_UI_007|FUN=CollapsedStatusBarFragment::getIntExtra |1|NotifySystemUpdates dataType --> 101
01-01 00:25:53.768  1392  1392 W SYSTEM_UI - CI07.3: className -> CollapsedStatusBarFragment | functionName -> NotifySystemUpdates | onReceive -->  | value -> FULLSCREEN MODE CHANGED | isFullScreenStatus --> false | fullScreenPackage -->com.panasonic.hmi2settings | fullscreenLastShownPackage -->null | topActivityPackage --> com.panasonic.hmi2settings
01-01 00:25:53.768  1392  1392 W SYSTEM_UI - CI07.3: className -> CollapsedStatusBarFragment | functionName -> NotifySystemUpdates | onReceive -->  | value -> Fullscreen mode changed --> path 5
01-01 00:25:53.770  1151  1168 D CompatibilityInfo: mCompatibilityFlags - 4
01-01 00:25:53.770  1151  1168 D CompatibilityInfo: applicationDensity - 240
01-01 00:25:53.770  1151  1168 D CompatibilityInfo: applicationScale - 1.0
01-01 00:25:53.770  1151  1168 D WindowManager: startStatusReceiverServiceOnFlagSet: startService done
01-01 00:25:53.775  3739  3739 W HMI2-SETTINGS: SWR_BAIDU_HMI_0015|FUN=WifiActivity::addView|0|Display password enter dialog with addView method.
01-01 00:25:53.775  3739  3739 W HMI2-SETTINGS: SWR_BAIDU_HMI_0027|FUN=WifiActivity::addView|0|Display password enter dialog with addView method.
01-01 00:25:53.776  1392  1392 W SYSTEM_UI: SWR_SYSTEM_UI_007|FUN=CollapsedStatusBarFragment::getAction |1|Broadcast action --> STATUS_UPDATE_ACTION
01-01 00:25:53.776  1392  1392 W SYSTEM_UI: SWR_SYSTEM_UI_007|FUN=CollapsedStatusBarFragment::getIntExtra |1|NotifySystemUpdates dataType --> 101
01-01 00:25:53.776  1392  1392 W SYSTEM_UI - CI07.3: className -> CollapsedStatusBarFragment | functionName -> NotifySystemUpdates | onReceive -->  | value -> FULLSCREEN MODE CHANGED | isFullScreenStatus --> false | fullScreenPackage -->com.panasonic.hmi2settings | fullscreenLastShownPackage -->null | topActivityPackage --> com.panasonic.hmi2settings
01-01 00:25:53.776  1392  1392 W SYSTEM_UI - CI07.3: className -> CollapsedStatusBarFragment | functionName -> NotifySystemUpdates | onReceive -->  | value -> Fullscreen mode changed --> path 5
01-01 00:25:53.777  3739  3739 W HMI2-SETTINGS - CI08.4: className -> WifiActivity | functionName -> setOnFocusChangeListener :   | value -> hasFocus:true
01-01 00:25:53.778  1151  4493 D mEnabledInputMethodsStrCache: com.android.inputmethods.latin/.LatinIME
01-01 00:25:53.778  1151  4493 D systemLanguageCode: en__GB
01-01 00:25:53.778  1151  4493 D mEnabledInputMethodsStrCache: com.android.inputmethods.latin/.LatinIME
01-01 00:25:53.787  1151  1539 D WindowManager: relayout packageName=com.panasonic.hmi2settings::session=Session{c47ecfc 3739:1000}::window=android.view.IWindow$Stub$Proxy@b1420b6::attrs.flags=1000100
01-01 00:25:53.788  1151  1539 D WindowManager: relayout >>> FLAG_FULLSCREEN not set in WindowManager.LayoutParams
01-01 00:25:53.788  1151  1539 D WindowManager: startStatusReceiverServiceOnFlagSet: creating intent for action ACTION_ACTIVITY_FULLSCREEN
01-01 00:25:53.788  1151  1539 W ContextImpl: Calling a method in the system process without a qualified user: android.app.ContextImpl.startService:1476 com.android.server.wm.Session.startStatusReceiverServiceOnFlagSet:762 com.android.server.wm.Session.relayout:276 android.view.IWindowSession$Stub.onTransact:286 com.android.server.wm.Session.onTransact:166 
01-01 00:25:53.789  1151  1539 D CompatibilityInfo: mCompatibilityFlags - 4
01-01 00:25:53.789  1151  1539 D CompatibilityInfo: applicationDensity - 240
01-01 00:25:53.789  1151  1539 D CompatibilityInfo: applicationScale - 1.0
01-01 00:25:53.789  1151  1539 D WindowManager: startStatusReceiverServiceOnFlagSet: startService done
01-01 00:25:53.791  1151  1168 D mEnabledInputMethodsStrCache: com.android.inputmethods.latin/.LatinIME
01-01 00:25:53.791  1151  1168 D systemLanguageCode: en__GB
01-01 00:25:53.791  1151  1168 D mEnabledInputMethodsStrCache: com.android.inputmethods.latin/.LatinIME
01-01 00:25:53.793  1151  1168 D mEnabledInputMethodsStrCache: com.android.inputmethods.latin/.LatinIME
01-01 00:25:53.794  1151  1168 D systemLanguageCode: en__GB
01-01 00:25:53.794  1151  1168 D mEnabledInputMethodsStrCache: com.android.inputmethods.latin/.LatinIME
01-01 00:25:53.797  1151  1168 D mEnabledInputMethodsStrCache: com.android.inputmethods.latin/.LatinIME
01-01 00:25:53.797  1151  1168 D systemLanguageCode: en__GB
01-01 00:25:53.797  1151  1168 D mEnabledInputMethodsStrCache: com.android.inputmethods.latin/.LatinIME
01-01 00:25:53.799  1151  4493 D mEnabledInputMethodsStrCache: com.android.inputmethods.latin/.LatinIME
01-01 00:25:53.799  1151  4493 D systemLanguageCode: en__GB
01-01 00:25:53.799  1151  4493 D mEnabledInputMethodsStrCache: com.android.inputmethods.latin/.LatinIME
01-01 00:25:53.799  1151  4493 D mEnabledInputMethodsStrCache: com.android.inputmethods.latin/.LatinIME
01-01 00:25:53.799  1151  4493 D systemLanguageCode: en__GB
01-01 00:25:53.800  1151  4493 D mEnabledInputMethodsStrCache: com.android.inputmethods.latin/.LatinIME
01-01 00:25:53.800  1379  1379 I LatinIME: SWR_HMISERVICE_SPELLER_MF_001||FUN=onStartInputViewInternal || 1 || Starting input. Cursor position = -1,-1
01-01 00:25:53.805  1392  1392 W SYSTEM_UI: SWR_SYSTEM_UI_007|FUN=CollapsedStatusBarFragment::getAction |1|Broadcast action --> STATUS_UPDATE_ACTION
01-01 00:25:53.805  1392  1392 W SYSTEM_UI: SWR_SYSTEM_UI_007|FUN=CollapsedStatusBarFragment::getIntExtra |1|NotifySystemUpdates dataType --> 101
