01-01 01:13:55.379  1392  1392 W SYSTEM_UI - CI07.3: className -> NotificationUIService | functionName -> populateValidNotifications | value -> NOTIFICATION_INFO || packageName --> android | notificationTitle --> Connect to open WiFi network | notificationText --> HP-Print-DB-LaserJet Pro MFP | postedTime --> 4435043 | notificationId --> 17303299 | notificationFlag --> 256 | isClearable --> true | isOngoing --> false | notificationPriority --> 0 | notificationChannelImportance --> 2
01-01 01:13:55.381  1151  1538 D ActivityTrigger: ActivityTrigger activityStopTrigger 
01-01 01:13:55.381  1392  1392 W SYSTEM_UI - CI07.3: className -> NotificationUIService | functionName -> populateValidNotifications | value -> Notification entry not valid. System notification.
01-01 01:13:55.381  1392  1392 W SYSTEM_UI - CI07.3: className -> NotificationUIService | functionName -> populateValidNotifications | value -> NOTIFICATION_INFO || packageName --> android | notificationTitle --> USB debugging connected | notificationText --> Tap to disable USB debugging. | postedTime --> 19764 | notificationId --> 26 | notificationFlag --> 2 | isClearable --> false | isOngoing --> true | notificationPriority --> 0 | notificationChannelImportance --> 2
01-01 01:13:55.384  3739  3739 V Activity: back_button: onSaveInstanceState entry:com.panasonic.hmi2settings.activity.WifiManagerActivity@200cf74
01-01 01:13:55.384  3739  3739 V Activity: onSaveInstanceState com.panasonic.hmi2settings.activity.WifiManagerActivity@200cf74: Bundle[{android:viewHierarchyState=Bundle[{android:views={16908290=android.view.AbsSavedState$1@499b012, 2131427430=android.view.AbsSavedState$1@499b012, 2131427431=android.view.AbsSavedState$1@499b012, 2131427450=android.view.AbsSavedState$1@499b012, 2131427452=android.view.AbsSavedState$1@499b012, 2131427460=android.view.AbsSavedState$1@499b012, 2131427507=android.view.AbsSavedState$1@499b012, 2131427508=android.view.AbsSavedState$1@499b012, 2131427509=android.view.AbsSavedState$1@499b012, 2131427510=android.view.AbsSavedState$1@499b012, 2131427511=android.view.AbsSavedState$1@499b012, 2131427512=android.view.AbsSavedState$1@499b012, 2131427513=android.view.AbsSavedState$1@499b012, 2131427514=android.view.AbsSavedState$1@499b012}}], android:lastAutofillId=1073741823, android:fragments=android.app.FragmentManagerState@b3fe9b1}]
01-01 01:13:55.385  1392  1392 W SYSTEM_UI - CI07.3: className -> NotificationUIService | functionName -> populateValidNotifications | value -> Notification entry not valid. System notification.
01-01 01:13:55.385  1392  1392 W SYSTEM_UI - CI07.3: className -> NotificationUIService | functionName -> populateValidNotifications | value -> NOTIFICATION_INFO || packageName --> android | notificationTitle --> USB charging this device | notificationText --> Tap for more options. | postedTime --> 19755 | notificationId --> 32 | notificationFlag --> 2 | isClearable --> false | isOngoing --> true | notificationPriority --> 0 | notificationChannelImportance --> 1
01-01 01:13:55.385  3739  3739 V Activity: onStop com.panasonic.hmi2settings.activity.WifiManagerActivity@200cf74
01-01 01:13:55.386  1392  1392 W SYSTEM_UI - CI07.3: className -> NotificationUIService | functionName -> populateValidNotifications | value -> Notification entry not valid. System notification.
01-01 01:13:55.386  1392  1392 W SYSTEM_UI: SWR_SYSTEM_UI_003|FUN=NotificationUIService::notifyStatusLineNotifications|1|statusLineNotificationPackages size --> 0
01-01 01:13:55.386  1392  1392 W SYSTEM_UI - CI07.3: className -> NotificationUIService | functionName -> updateData | value -> passed
01-01 01:13:55.386  1392  1392 W SYSTEM_UI: SWR_BAIDU_HMI_0023 SWR_SYSTEM_UI_003 SWR_SYSTEM_UI_004|FUN=NotificationUIService::updateData|1|Received notifications from Android framework
01-01 01:13:55.386  1392  1392 W SYSTEM_UI - CI07.3: className -> NotificationUIService | functionName -> refresh | value -> updateData value --> []
01-01 01:13:55.387  1392  1392 W SYSTEM_UI: SWR_SYSTEM_UI_007|FUN=CollapsedStatusBarFragment::getAction |1|Broadcast action --> STATUS_UPDATE_ACTION
01-01 01:13:55.387  1392  1392 W SYSTEM_UI: SWR_SYSTEM_UI_007|FUN=CollapsedStatusBarFragment::getIntExtra |1|NotifySystemUpdates dataType --> 102
01-01 01:13:55.387  1392  1392 W SYSTEM_UI - CI07.3: className -> CollapsedStatusBarFragment | functionName -> NotifySystemUpdates | onReceive -->  | value -> DATATYPE_NOTIFICATION: 0
01-01 01:13:55.387  1392  1392 W SYSTEM_UI: SWR_SYSTEM_UI_003|FUN=CollapsedStatusBarFragment::NotifySystemUpdates | onREeceive|1|DATATYPE_NOTIFICATION: 0
01-01 01:13:55.559  1151  1162 I zygote64: NativeAlloc concurrent copying GC freed 190113(7MB) AllocSpace objects, 49(2MB) LOS objects, 42% free, 16MB/28MB, paused 155us total 169.588ms
01-01 01:13:56.009  1151  2264 D WificondControl: Scan result ready event
01-01 01:13:56.010  1151  1323 I WifiService: isScanAlwaysAvailable uid=1000
01-01 01:13:56.010  1151  1323 I WifiService: getWifiEnabledState uid=1000
01-01 01:13:56.010   808   808 I wificond: Enters wifigbk_ageOutHistory
01-01 01:13:56.013   921  1439 I LOWI-8.5.0.3.c: [LOWI-Scan] lowi_close_record:Scan completed in 4416052ms and Recieved 44 APs scan results
01-01 01:13:56.017  1151  1323 D WificondScannerImpl: Filtering out 1 scan results.
01-01 01:13:56.017   921   961 I LOWI-8.5.0.3.c: [LOWIUtils] responseToOutPostcard - TO: GTP-FDAL, FROM:   LOWI-SERVER, RESP:  LOWI_ASYNC_DISCOVERY_SCAN_RESULTS
01-01 01:13:56.018  1151  1323 I WifiService: isScanAlwaysAvailable uid=1000
01-01 01:13:56.018  1151  1323 I WifiService: getWifiEnabledState uid=1000
01-01 01:13:56.021  3739  3739 E HMI2-SETTINGS - CI08.4: className -> WifiActivity | functionName -> mWifiScanReceiver -> onReceive | error ->intent_action:android.net.wifi.SCAN_RESULTS
01-01 01:13:56.022  2145  2145 D HMI_SERVICE: USE_CASE_NA|FUN=HmiApplication| [action] android.net.wifi.SCAN_RESULTS
01-01 01:13:56.022  1151  2264 I WifiService: getWifiEnabledState uid=1000
01-01 01:13:56.022   924   979 W XTCC-6.1.2.10-a: [LOWIUtils] to_eScanTypeResponse - default case
01-01 01:13:56.022   924   979 W XTCC-6.1.2.10-a: [WifiScanner] WiFi scan result : [44] AP's, async result: 1
01-01 01:13:56.023  1151  1539 I WifiService: getConfiguredNetworks uid=1000
01-01 01:13:56.025  1151  1317 D ScanResultUtil: isScanResultForWapiPskNetwork: false
01-01 01:13:56.027  1151  1317 I chatty  : uid=1000(system) WifiStateMachin identical 54 lines
01-01 01:13:56.027  1151  1317 D ScanResultUtil: isScanResultForWapiPskNetwork: false
01-01 01:13:56.027  1151  1317 W WifiConfigManager: Looking up network with invalid networkId -1
01-01 01:13:56.029  1151  1317 D ScanResultUtil: isScanResultForWapiPskNetwork: false
01-01 01:13:56.030  1151  1317 I chatty  : uid=1000(system) WifiStateMachin identical 26 lines
01-01 01:13:56.030  1151  1317 D ScanResultUtil: isScanResultForWapiPskNetwork: false
01-01 01:13:56.034  1392  1392 W SYSTEM_UI: SWR_BAIDU_HMI_0023|SWR_SYSTEM_UI_003|FUN=StatusBar::getActiveNotifications|1|Get active notifications from Android framework.
01-01 01:13:56.034  1392  1392 W SYSTEM_UI: SWR_SYSTEM_UI_004|FUN=StatusBar::getActiveNotifications|1|Get active notifications from Android framework.
01-01 01:13:56.034  1392  1392 D StatusBar: notification received at statusbar 2
01-01 01:13:56.034  1151  1317 D OpenNetworkNotifier: Notification with state=1 was cleared for recommended network: HP-Print-DB-LaserJet Pro MFP
01-01 01:13:56.037  3739  3739 W HMI2-SETTINGS: SWR_BAIDU_HMI_0027|SWR_BAIDU_HMI_0015|FUN=WifiActivity::getScanResults|1|Get list of available wifi hotspots.
01-01 01:13:56.043  3739  3739 W HMI2-SETTINGS - CI08.4: className -> WifiActivity | functionName -> isWapiVariantBlocked | value -> security_type:2
01-01 01:13:56.043  3739  3739 W HMI2-SETTINGS - CI08.4: className -> WifiActivity | functionName -> isInConnected | value -> |ACSIA_Management|0|2
01-01 01:13:56.043  3739  3739 W HMI2-SETTINGS - CI08.4: className -> WifiActivity | functionName -> isWapiVariantBlocked | value -> security_type:2
01-01 01:13:56.043  3739  3739 W HMI2-SETTINGS - CI08.4: className -> WifiActivity | functionName -> isInConnected | value -> |ACSIA_CORP2|0|2
01-01 01:13:56.043  3739  3739 W HMI2-SETTINGS - CI08.4: className -> WifiActivity | functionName -> isWapiVariantBlocked | value -> security_type:2
01-01 01:13:56.043  3739  3739 W HMI2-SETTINGS - CI08.4: className -> WifiActivity | functionName -> isInConnected | value -> |ACSIA_CORP1|0|2
01-01 01:13:56.043  3739  3739 W HMI2-SETTINGS - CI08.4: className -> WifiActivity | functionName -> isWapiVariantBlocked | value -> security_type:2
01-01 01:13:56.043  3739  3739 W HMI2-SETTINGS - CI08.4: className -> WifiActivity | functionName -> isInConnected | value -> |ACSIA_GUEST1|0|2
01-01 01:13:56.043  3739  3739 W HMI2-SETTINGS - CI08.4: className -> WifiActivity | functionName -> isWapiVariantBlocked | value -> security_type:2
01-01 01:13:56.043  3739  3739 W HMI2-SETTINGS - CI08.4: className -> WifiActivity | functionName -> isInConnected | value -> | ACSIA_CORP3|0|2
01-01 01:13:56.043  3739  3739 W HMI2-SETTINGS - CI08.4: className -> WifiActivity | functionName -> isWapiVariantBlocked | value -> security_type:2
01-01 01:13:56.043  3739  3739 W HMI2-SETTINGS - CI08.4: className -> WifiActivity | functionName -> isInConnected | value -> |ACSIA_DEV|0|2
01-01 01:13:56.044  3739  3739 W HMI2-SETTINGS - CI08.4: className -> WifiActivity | functionName -> isWapiVariantBlocked | value -> security_type:2
01-01 01:13:56.044  3739  3739 W HMI2-SETTINGS - CI08.4: className -> WifiActivity | functionName -> isInConnected | value -> |RSE_Test|0|2
01-01 01:13:56.044  3739  3739 W HMI2-SETTINGS - CI08.4: className -> WifiActivity | functionName -> isWapiVariantBlocked | value -> security_type:2
01-01 01:13:56.044  3739  3739 W HMI2-SETTINGS - CI08.4: className -> WifiActivity | functionName -> isInConnected | value -> |NETGEAR66-5G|0|2
01-01 01:13:56.044  3739  3739 W HMI2-SETTINGS - CI08.4: className -> WifiActivity | functionName -> isWapiVariantBlocked | value -> security_type:2
01-01 01:13:56.044  3739  3739 W HMI2-SETTINGS - CI08.4: className -> WifiActivity | functionName -> isInConnected | value -> |Secure|0|2
01-01 01:13:56.044  3739  3739 W HMI2-SETTINGS - CI08.4: className -> WifiActivity | functionName -> isWapiVariantBlocked | value -> security_type:2
01-01 01:13:56.044  3739  3739 W HMI2-SETTINGS - CI08.4: className -> WifiActivity | functionName -> isInConnected | value -> |ACSIA_CORP2|0|2
01-01 01:13:56.044  3739  3739 W HMI2-SETTINGS - CI08.4: className -> WifiActivity | functionName -> isWapiVariantBlocked | value -> security_type:2
01-01 01:13:56.044  3739  3739 W HMI2-SETTINGS - CI08.4: className -> WifiActivity | functionName -> isInConnected | value -> | ACSIA_CORP3|0|2
01-01 01:13:56.044  3739  3739 W HMI2-SETTINGS - CI08.4: className -> WifiActivity | functionName -> isWapiVariantBlocked | value -> security_type:2
01-01 01:13:56.044  3739  3739 W HMI2-SETTINGS - CI08.4: className -> WifiActivity | functionName -> isInConnected | value -> |RSE_Test|0|2
01-01 01:13:56.044  3739  3739 W HMI2-SETTINGS - CI08.4: className -> WifiActivity | functionName -> isWapiVariantBlocked | value -> security_type:2
01-01 01:13:56.044  3739  3739 W HMI2-SETTINGS - CI08.4: className -> WifiActivity | functionName -> isInConnected | value -> |ACSIA_GUEST1|0|2
01-01 01:13:56.044  3739  3739 W HMI2-SETTINGS - CI08.4: className -> WifiActivity | functionName -> isWapiVariantBlocked | value -> security_type:2
01-01 01:13:56.044  3739  3739 W HMI2-SETTINGS - CI08.4: className -> WifiActivity | functionName -> isInConnected | value -> |ACSIA_DEV|0|2
01-01 01:13:56.044  3739  3739 W HMI2-SETTINGS - CI08.4: className -> WifiActivity | functionName -> isWapiVariantBlocked | value -> security_type:2
01-01 01:13:56.044  3739  3739 W HMI2-SETTINGS - CI08.4: className -> WifiActivity | functionName -> isInConnected | value -> |ACSIA_Management|0|2
01-01 01:13:56.044  3739  3739 W HMI2-SETTINGS - CI08.4: className -> WifiActivity | functionName -> isWapiVariantBlocked | value -> security_type:2
01-01 01:13:56.044  3739  3739 W HMI2-SETTINGS - CI08.4: className -> WifiActivity | functionName -> isInConnected | value -> |ACSIA_CORP1|0|2
01-01 01:13:56.044  3739  3739 W HMI2-SETTINGS - CI08.4: className -> WifiActivity | functionName -> isWapiVariantBlocked | value -> security_type:2
01-01 01:13:56.044  3739  3739 W HMI2-SETTINGS - CI08.4: className -> WifiActivity | functionName -> isInConnected | value -> |HUWIFI|0|2
01-01 01:13:56.044  3739  3739 W HMI2-SETTINGS - CI08.4: className -> WifiActivity | functionName -> isWapiVariantBlocked | value -> security_type:2
01-01 01:13:56.044  3739  3739 W HMI2-SETTINGS - CI08.4: className -> WifiActivity | functionName -> isInConnected | value -> |DIRECT-YOATLP042msDU|0|2
01-01 01:13:56.044  3739  3739 W HMI2-SETTINGS - CI08.4: className -> WifiActivity | functionName -> isWapiVariantBlocked | value -> security_type:2
01-01 01:13:56.044  3739  3739 W HMI2-SETTINGS - CI08.4: className -> WifiActivity | functionName -> isInConnected | value -> |DIRECT-vQINLT044msmJ|0|2
01-01 01:13:56.044  3739  3739 W HMI2-SETTINGS - CI08.4: className -> WifiActivity | functionName -> isWapiVariantBlocked | value -> security_type:2
01-01 01:13:56.044  3739  3739 W HMI2-SETTINGS - CI08.4: className -> WifiActivity | functionName -> isInConnected | value -> |DIRECT-DMATCLWI2064msNL|0|2
01-01 01:13:56.044  3739  3739 W HMI2-SETTINGS - CI08.4: className -> WifiActivity | functionName -> isWapiVariantBlocked | value -> security_type:2
01-01 01:13:56.045  3739  3739 W HMI2-SETTINGS - CI08.4: className -> WifiActivity | functionName -> isInConnected | value -> |AUTOMATION_TEST|0|2
01-01 01:13:56.045  3739  3739 W HMI2-SETTINGS - CI08.4: className -> WifiActivity | functionName -> isWapiVariantBlocked | value -> security_type:2
01-01 01:13:56.045  3739  3739 W HMI2-SETTINGS - CI08.4: className -> WifiActivity | functionName -> isInConnected | value -> |ACSIA_GUEST1|0|2
01-01 01:13:56.045  3739  3739 W HMI2-SETTINGS - CI08.4: className -> WifiActivity | functionName -> isWapiVariantBlocked | value -> security_type:2
01-01 01:13:56.045  3739  3739 W HMI2-SETTINGS - CI08.4: className -> WifiActivity | functionName -> isInConnected | value -> | ACSIA_CORP3|0|2
01-01 01:13:56.045  3739  3739 W HMI2-SETTINGS - CI08.4: className -> WifiActivity | functionName -> isWapiVariantBlocked | value -> security_type:2
01-01 01:13:56.045  3739  3739 W HMI2-SETTINGS - CI08.4: className -> WifiActivity | functionName -> isInConnected | value -> |ACSIA_Management|0|2
01-01 01:13:56.045  3739  3739 W HMI2-SETTINGS - CI08.4: className -> WifiActivity | functionName -> isWapiVariantBlocked | value -> security_type:2
01-01 01:13:56.045  3739  3739 W HMI2-SETTINGS - CI08.4: className -> WifiActivity | functionName -> isInConnected | value -> |ACSIA_CORP1|0|2
01-01 01:13:56.045  3739  3739 W HMI2-SETTINGS - CI08.4: className -> WifiActivity | functionName -> isWapiVariantBlocked | value -> security_type:2
01-01 01:13:56.045  3739  3739 W HMI2-SETTINGS - CI08.4: className -> WifiActivity | functionName -> isInConnected | value -> |ACSIA_DEV|0|2
01-01 01:13:56.045  3739  3739 W HMI2-SETTINGS - CI08.4: className -> WifiActivity | functionName -> isWapiVariantBlocked | value -> security_type:2
01-01 01:13:56.045  3739  3739 W HMI2-SETTINGS - CI08.4: className -> WifiActivity | functionName -> isInConnected | value -> |ACSIA_CORP2|0|2
01-01 01:13:56.045  3739  3739 W HMI2-SETTINGS - CI08.4: className -> WifiActivity | functionName -> isWapiVariantBlocked | value -> security_type:2
01-01 01:13:56.045  3739  3739 W HMI2-SETTINGS - CI08.4: className -> WifiActivity | functionName -> isInConnected | value -> |RSE_Test|0|2
01-01 01:13:56.045  3739  3739 W HMI2-SETTINGS - CI08.4: className -> WifiActivity | functionName -> isWapiVariantBlocked | value -> security_type:2
01-01 01:13:56.045  3739  3739 W HMI2-SETTINGS - CI08.4: className -> WifiActivity | functionName -> isInConnected | value -> |MB Hotspot 61185|0|2
01-01 01:13:56.045  3739  3739 W HMI2-SETTINGS - CI08.4: className -> WifiActivity | functionName -> isWapiVariantBlocked | value -> security_type:0
01-01 01:13:56.045  3739  3739 W HMI2-SETTINGS - CI08.4: className -> WifiActivity | functionName -> isInConnected | value -> |HP-Print-DB-LaserJet Pro MFP|0|0
01-01 01:13:56.045  3739  3739 W HMI2-SETTINGS - CI08.4: className -> WifiActivity | functionName -> handleAllAvailNetwork | value -> savedNetwork ->0
01-01 01:13:56.046  3739  3739 W HMI2-SETTINGS - CI08.4: className -> WifiActivity | functionName -> handleAllAvailNetwork | value -> presentVisibleNetwork ->30
01-01 01:13:56.048  1392  1392 D ScrimController: animate_trace: updateScrims entry
01-01 01:13:56.048  1392  1392 D ScrimController: animate_trace: setScrimBehindAlpha :hardcoding alpha=0.0 to 0
01-01 01:13:56.048  1392  1392 D ScrimController: animate_trace: setScrimInFrontAlpha :hardcoding alpha=0.0 to 0
01-01 01:13:56.049  1392  1392 W SYSTEM_UI - CI07.3: className -> NotificationUIService | functionName -> onStartCommand | value -> onStartCommand NotificationServiceListener
01-01 01:13:56.049  1392  1392 W SYSTEM_UI - CI07.3: className -> NotificationUIService | functionName -> onStartCommand | value -> onStartCommand NotificationServiceListenerACTION_NOTIFICATION_UPDATE
01-01 01:13:56.049  1392  1392 W SYSTEM_UI - CI07.3: className -> NotificationUIService | functionName -> onStartCommand | value -> ActionName --> ACTION_NOTIFICATION_UPDATE
01-01 01:13:56.049  3739  3739 W HMI2-SETTINGS - CI08.4: className -> WifiActivity | functionName -> handleIfWifiAvailableNetworks: config is  | value -> null
01-01 01:13:56.067  3675 22013 D UIAutomatorStub: URI: /jsonrpc/0, Method: POST, Header: {content-length=274, remote-addr=127.0.0.1, http-client-ip=127.0.0.1, host=localhost:9009, content-type=application/json, connection=close, accept-encoding=identity, user-agent=Python-urllib/2.7}, params, {NanoHttpd.QUERY_STRING=null}, files: {postData={"params": [{"childOrSiblingSelector": [], "scrollable": true, "mask": 16384, "childOrSibling": []}, {"childOrSiblingSelector": [], "text": "RSE_Test", "mask": 1, "childOrSibling": []}, true], "jsonrpc": "2.0", "method": "scrollTo", "id": "97a9496478b76c7e7803561bec68d035"}}
01-01 01:13:56.100  1392 21573 W SYSTEM_UI - CI07.3: className -> NotificationUIService | functionName -> FilterTask | doInBackground | value -> doInBackground
01-01 01:13:56.100  1392 21573 W SYSTEM_UI - CI07.3: className -> NotificationUIService | functionName -> populateValidNotifications | value -> NOTIFICATION_INFO || packageName --> android | notificationTitle --> USB debugging connected | notificationText --> Tap to disable USB debugging. | postedTime --> 19764 | notificationId --> 26 | notificationFlag --> 2 | isClearable --> false | isOngoing --> true | notificationPriority --> 0 | notificationChannelImportance --> 2
01-01 01:13:56.102  1392 21573 W SYSTEM_UI - CI07.3: className -> NotificationUIService | functionName -> populateValidNotifications | value -> Notification entry not valid. System notification.
01-01 01:13:56.102  1392 21573 W SYSTEM_UI - CI07.3: className -> NotificationUIService | functionName -> populateValidNotifications | value -> NOTIFICATION_INFO || packageName --> android | notificationTitle --> USB charging this device | notificationText --> Tap for more options. | postedTime --> 19755 | notificationId --> 32 | notificationFlag --> 2 | isClearable --> false | isOngoing --> true | notificationPriority --> 0 | notificationChannelImportance --> 1
01-01 01:13:56.104  1392 21573 W SYSTEM_UI - CI07.3: className -> NotificationUIService | functionName -> populateValidNotifications | value -> Notification entry not valid. System notification.
01-01 01:13:56.104  1392 21573 W SYSTEM_UI: SWR_SYSTEM_UI_003|FUN=NotificationUIService::notifyStatusLineNotifications|1|statusLineNotificationPackages size --> 0
01-01 01:13:56.105  1392  1392 W SYSTEM_UI: SWR_SYSTEM_UI_007|FUN=CollapsedStatusBarFragment::getAction |1|Broadcast action --> STATUS_UPDATE_ACTION
01-01 01:13:56.105  1392  1392 W SYSTEM_UI: SWR_SYSTEM_UI_007|FUN=CollapsedStatusBarFragment::getIntExtra |1|NotifySystemUpdates dataType --> 102
01-01 01:13:56.105  1392  1392 W SYSTEM_UI - CI07.3: className -> CollapsedStatusBarFragment | functionName -> NotifySystemUpdates | onReceive -->  | value -> DATATYPE_NOTIFICATION: 0
01-01 01:13:56.105  1392  1392 W SYSTEM_UI: SWR_SYSTEM_UI_003|FUN=CollapsedStatusBarFragment::NotifySystemUpdates | onREeceive|1|DATATYPE_NOTIFICATION: 0
01-01 01:13:56.105  1392 21573 W SYSTEM_UI - CI07.3: className -> NotificationUIService | functionName -> updateData | value -> passed
01-01 01:13:56.105  1392 21573 W SYSTEM_UI: SWR_BAIDU_HMI_0023 SWR_SYSTEM_UI_003 SWR_SYSTEM_UI_004|FUN=NotificationUIService::updateData|1|Received notifications from Android framework
01-01 01:13:56.106  1392 21573 W SYSTEM_UI - CI07.3: className -> NotificationUIService | functionName -> FilterTask | doInBackground | value -> updateData value --> []
01-01 01:13:56.106  1392  1392 W SYSTEM_UI - CI07.3: className -> NotificationUIService | functionName -> FilterTask | onPostExecute | value -> stateWindow --> -1
01-01 01:13:56.107  1392  1392 W SYSTEM_UI - CI07.3: className -> NotificationUIService | functionName -> showHeadsUpNotification | value -> headsup disabled
01-01 01:13:56.116  2054  2054 E         : 
01-01 01:13:56.116  2054  2054 E         : Buffer Size = 1048576
01-01 01:13:56.141  2054  2054 E         : 
01-01 01:13:56.141  2054  2054 E         : <6>[ 4105.863846] QSEECOM: scm_call_qcpe:503 : OUT: 0x0, 0x0, 0x0, 0x0
01-01 01:13:56.141  2054  2054 E         : <6>[ 4105.879579] QSEECOM: scm_call_qcpe:429 : IN: 0x42000d0a, 0x3, 0x0, 0x43c4, 0x77e, 0x0, 0x0
01-01 01:13:56.141  2054  2054 E         : <6>[ 4105.881338] QSEECOM: scm_call_qcpe:503 : OUT: 0x0, 0x0, 0x0, 0x0
01-01 01:13:56.141  2054  2054 E         : <6>[ 4105.895394] QSEECOM: scm_call_qcpe:429 : IN: 0x42000d0a, 0x3, 0x0, 0x3dca, 0x759, 0x0, 0x0
01-01 01:13:56.141  2054  2054 E         : <6>[ 4105.897063] QSEECOM: scm_call_qcpe:503 : OUT: 0x0, 0x1, 0x0, 0x0
01-01 01:13:56.141  2054  2054 E         : <6>[ 4105.912103] QSEECOM: scm_call_qcpe:429 : IN: 0x42000d0a, 0x3, 0x0, 0x4143, 0x765, 0x0, 0x0
01-01 01:13:56.141  2054  2054 E         : <6>[ 4105.913339] QSEECOM: scm_call_qcpe:503 : OUT: 0x0, 0x0, 0x0, 0x0
01-01 01:13:56.141  2054  2054 E         : <6>[ 4105.929112] QSEECOM: scm_call_qcpe:429 : IN: 0x42000d0a, 0x3, 0x0, 0x4270, 0x772, 0x0, 0x0
01-01 01:13:56.141  2054  2054 E         : <6>[ 4105.930352] QSEECOM: scm_call_qcpe:503 : OUT: 0x0, 0x0, 0x0, 0x0
01-01 01:13:56.141  2054  2054 E         : <6>[ 4105.945230] QSEECOM: scm_call_qcpe:429 : IN: 0x42000d0a, 0x3, 0x0, 0x3ef8, 0x75f, 0x0, 0x0
01-01 01:13:56.141  2054  2054 E         : <6>[ 4105.946311] QSEECOM: scm_call_qcpe:503 : OUT: 0x0, 0x0, 0x0, 0x0
01-01 01:13:56.141  2054  2054 E         : <6>[ 4105.962092] QSEECOM: scm_call_qcpe:429 : IN: 0x42000d0a, 0x3, 0x0, 0x41d6, 0x77b, 0x0, 0x0
01-01 01:13:56.141  2054  2054 E         : <6>[ 4105.9633
01-01 01:13:56.145  2054  2054 E         : USB Hub Detector 1.0
01-01 01:13:56.165   729   748 I sssv-lib: sendMsg enter
01-01 01:13:56.165   729   748 I sssv-lib: sendMsg complete.
01-01 01:13:56.208  1392  1392 W SYSTEM_UI - CI07.3: className -> NotificationUIService | functionName -> populateValidNotifications | value -> NOTIFICATION_INFO || packageName --> android | notificationTitle --> USB debugging connected | notificationText --> Tap to disable USB debugging. | postedTime --> 19764 | notificationId --> 26 | notificationFlag --> 2 | isClearable --> false | isOngoing --> true | notificationPriority --> 0 | notificationChannelImportance --> 2
01-01 01:13:56.208  1392  1392 W SYSTEM_UI - CI07.3: className -> NotificationUIService | functionName -> populateValidNotifications | value -> Notification entry not valid. System notification.
01-01 01:13:56.208  1392  1392 W SYSTEM_UI - CI07.3: className -> NotificationUIService | functionName -> populateValidNotifications | value -> NOTIFICATION_INFO || packageName --> android | notificationTitle --> USB charging this device | notificationText --> Tap for more options. | postedTime --> 19755 | notificationId --> 32 | notificationFlag --> 2 | isClearable --> false | isOngoing --> true | notificationPriority --> 0 | notificationChannelImportance --> 1
01-01 01:13:56.209  1392  1392 W SYSTEM_UI - CI07.3: className -> NotificationUIService | functionName -> populateValidNotifications | value -> Notification entry not valid. System notification.
01-01 01:13:56.210  1392  1392 W SYSTEM_UI: SWR_SYSTEM_UI_003|FUN=NotificationUIService::notifyStatusLineNotifications|1|statusLineNotificationPackages size --> 0
01-01 01:13:56.210  1392  1392 W SYSTEM_UI - CI07.3: className -> NotificationUIService | functionName -> updateData | value -> passed
01-01 01:13:56.210  1392  1392 W SYSTEM_UI: SWR_BAIDU_HMI_0023 SWR_SYSTEM_UI_003 SWR_SYSTEM_UI_004|FUN=NotificationUIService::updateData|1|Received notifications from Android framework
01-01 01:13:56.210  1392  1392 W SYSTEM_UI - CI07.3: className -> NotificationUIService | functionName -> refresh | value -> updateData value --> []
01-01 01:13:56.210  1392  1392 W SYSTEM_UI: SWR_SYSTEM_UI_007|FUN=CollapsedStatusBarFragment::getAction |1|Broadcast action --> STATUS_UPDATE_ACTION
01-01 01:13:56.210  1392  1392 W SYSTEM_UI: SWR_SYSTEM_UI_007|FUN=CollapsedStatusBarFragment::getIntExtra |1|NotifySystemUpdates dataType --> 102
01-01 01:13:56.210  1392  1392 W SYSTEM_UI - CI07.3: className -> CollapsedStatusBarFragment | functionName -> NotifySystemUpdates | onReceive -->  | value -> DATATYPE_NOTIFICATION: 0
01-01 01:13:56.210  1392  1392 W SYSTEM_UI: SWR_SYSTEM_UI_003|FUN=CollapsedStatusBarFragment::NotifySystemUpdates | onREeceive|1|DATATYPE_NOTIFICATION: 0
01-01 01:13:56.727  3675 22013 D UiScrollable: scrollToBeginning() on selector = UiSelector[SCROLLABLE=true]
01-01 01:13:56.727  3675 22013 D UiScrollable: scrollBackward() on selector = UiSelector[SCROLLABLE=true]
01-01 01:13:56.734  3675 22013 I QueryController: Matched selector: UiSelector[SCROLLABLE=true] <<==>> [android.view.accessibility.AccessibilityNodeInfo@47e2a38; boundsInParent: Rect(0, 0 - 1332, 889); boundsInScreen: Rect(305, 172 - 1637, 1061); packageName: com.panasonic.hmi2settings; className: android.widget.ScrollView; text: null; error: null; maxTextLength: -1; contentDescription: null; viewIdResName: com.panasonic.hmi2settings:id/scrollWifi; checkable: false; checked: false; focusable: true; focused: false; selected: false; clickable: false; longClickable: false; contextClickable: false; enabled: true; password: false; scrollable: true; importantForAccessibility: true; actions: [AccessibilityAction: ACTION_FOCUS - null, AccessibilityAction: ACTION_SELECT - null, AccessibilityAction: ACTION_CLEAR_SELECTION - null, AccessibilityAction: ACTION_ACCESSIBILITY_FOCUS - null, AccessibilityAction: ACTION_SCROLL_FORWARD - null, AccessibilityAction: ACTION_SHOW_ON_SCREEN - null]]
01-01 01:13:56.734  3675 22013 D UiScrollable: scrollToBegining() using vertical scroll
01-01 01:13:56.734  3675 22013 D InteractionController: scrollSwipe (971, 260, 971, 973, 55)
01-01 01:13:56.846   625   625 D WifiHAL : Start get packet fate command
01-01 01:13:56.847   625   625 D WifiHAL : createRequest Get Tx packet fate request
01-01 01:13:56.847   625   625 E WifiHAL : Failed to register get pkt fate response; result = -95
01-01 01:13:56.847  1151  1317 E WifiVendorHal: getTxPktFates(l.2067) failed {.code = ERROR_UNKNOWN, .description = errno: -95 (Unknown error -95)}
01-01 01:13:56.848   625   625 D WifiHAL : Start get packet fate command
01-01 01:13:56.848   625   625 D WifiHAL : createRequest Get Rx packet fate request
01-01 01:13:56.848   625   625 E WifiHAL : Failed to register get pkt fate response; result = -95
01-01 01:13:56.848  1151  1317 E WifiVendorHal: getRxPktFates(l.2107) failed {.code = ERROR_UNKNOWN, .description = errno: -95 (Unknown error -95)}
01-01 01:13:56.927   625   625 D WifiHAL : Start get packet fate command
01-01 01:13:56.927   625   625 D WifiHAL : createRequest Get Tx packet fate request
01-01 01:13:56.927   625   625 E WifiHAL : Failed to register get pkt fate response; result = -95
01-01 01:13:56.928  1151  1317 E WifiVendorHal: getTxPktFates(l.2067) failed {.code = ERROR_UNKNOWN, .description = errno: -95 (Unknown error -95)}
01-01 01:13:56.929   625   625 D WifiHAL : Start get packet fate command
01-01 01:13:56.929   625   625 D WifiHAL : createRequest Get Rx packet fate request
01-01 01:13:56.929   625   625 E WifiHAL : Failed to register get pkt fate response; result = -95
01-01 01:13:56.930  1151  1317 E WifiVendorHal: getRxPktFates(l.2107) failed {.code = ERROR_UNKNOWN, .description = errno: -95 (Unknown error -95)}
01-01 01:13:57.166   729   748 I sssv-lib: sendMsg enter
01-01 01:13:57.166   729   748 I sssv-lib: sendMsg complete.
01-01 01:13:57.571   635   635 E ANDR-PERF-TARGET: Error: Invalid logical cluster id 0
01-01 01:13:57.571   635   635 E ANDR-PERF-MPCTL: invalid request, no optimizations performed
01-01 01:13:57.587   635   635 E ANDR-PERF-TARGET: Error: Invalid logical cluster id 0
01-01 01:13:57.587   635   635 E ANDR-PERF-MPCTL: invalid request, no optimizations performed
01-01 01:13:57.604   635   635 E ANDR-PERF-TARGET: Error: Invalid logical cluster id 0
01-01 01:13:57.604   635   635 E ANDR-PERF-MPCTL: invalid request, no optimizations performed
01-01 01:13:57.621   635   635 E ANDR-PERF-TARGET: Error: Invalid logical cluster id 0
01-01 01:13:57.621   635   635 E ANDR-PERF-MPCTL: invalid request, no optimizations performed
01-01 01:13:57.637   635   635 E ANDR-PERF-TARGET: Error: Invalid logical cluster id 0
01-01 01:13:57.638   635   635 E ANDR-PERF-MPCTL: invalid request, no optimizations performed
01-01 01:13:57.654   635   635 E ANDR-PERF-TARGET: Error: Invalid logical cluster id 0
01-01 01:13:57.654   635   635 E ANDR-PERF-MPCTL: invalid request, no optimizations performed
01-01 01:13:57.655   635   635 E ANDR-PERF-TARGET: Error: Invalid logical cluster id 0
01-01 01:13:57.655   635   635 E ANDR-PERF-MPCTL: invalid request, no optimizations performed
01-01 01:13:57.671   635   635 E ANDR-PERF-TARGET: Error: Invalid logical cluster id 0
01-01 01:13:57.671   635   635 E ANDR-PERF-MPCTL: invalid request, no optimizations performed
01-01 01:13:57.688   635   635 E ANDR-PERF-TARGET: Error: Invalid logical cluster id 0
01-01 01:13:57.688   635   635 E ANDR-PERF-MPCTL: invalid request, no optimizations performed
01-01 01:13:57.704   635   635 E ANDR-PERF-TARGET: Error: Invalid logical cluster id 0
01-01 01:13:57.704   635   635 E ANDR-PERF-MPCTL: invalid request, no optimizations performed
01-01 01:13:57.721   635   635 E ANDR-PERF-TARGET: Error: Invalid logical cluster id 0
01-01 01:13:57.721   635   635 E ANDR-PERF-MPCTL: invalid request, no optimizations performed
01-01 01:13:57.738   635   635 E ANDR-PERF-TARGET: Error: Invalid logical cluster id 0
01-01 01:13:57.738   635   635 E ANDR-PERF-MPCTL: invalid request, no optimizations performed
01-01 01:13:57.754   635   635 E ANDR-PERF-TARGET: Error: Invalid logical cluster id 0
01-01 01:13:57.755   635   635 E ANDR-PERF-MPCTL: invalid request, no optimizations performed
01-01 01:13:57.771   635   635 E ANDR-PERF-TARGET: Error: Invalid logical cluster id 0
01-01 01:13:57.771   635   635 E ANDR-PERF-MPCTL: invalid request, no optimizations performed
01-01 01:13:57.788   635   635 E ANDR-PERF-TARGET: Error: Invalid logical cluster id 0
01-01 01:13:57.788   635   635 E ANDR-PERF-MPCTL: invalid request, no optimizations performed
01-01 01:13:57.805   635   635 E ANDR-PERF-TARGET: Error: Invalid logical cluster id 0
01-01 01:13:57.805   635   635 E ANDR-PERF-MPCTL: invalid request, no optimizations performed
01-01 01:13:57.821   635   635 E ANDR-PERF-TARGET: Error: Invalid logical cluster id 0
01-01 01:13:57.821   635   635 E ANDR-PERF-MPCTL: invalid request, no optimizations performed
01-01 01:13:57.838   635   635 E ANDR-PERF-TARGET: Error: Invalid logical cluster id 0
01-01 01:13:57.838   635   635 E ANDR-PERF-MPCTL: invalid request, no optimizations performed
01-01 01:13:57.848  3675 22013 W InteractionController: runAndwaitForEvents timed out waiting for events
01-01 01:13:57.855   635   635 E ANDR-PERF-TARGET: Error: Invalid logical cluster id 0
01-01 01:13:57.855   635   635 E ANDR-PERF-MPCTL: invalid request, no optimizations performed
01-01 01:13:57.857  3675 22013 D UiScrollable: scrollForward() on selector = UiSelector[SCROLLABLE=true]
01-01 01:13:57.865  3675 22013 I QueryController: Matched selector: UiSelector[SCROLLABLE=true] <<==>> [android.view.accessibility.AccessibilityNodeInfo@47e2a38; boundsInParent: Rect(0, 0 - 1332, 889); boundsInScreen: Rect(305, 172 - 1637, 1061); packageName: com.panasonic.hmi2settings; className: android.widget.ScrollView; text: null; error: null; maxTextLength: -1; contentDescription: null; viewIdResName: com.panasonic.hmi2settings:id/scrollWifi; checkable: false; checked: false; focusable: true; focused: false; selected: false; clickable: false; longClickable: false; contextClickable: false; enabled: true; password: false; scrollable: true; importantForAccessibility: true; actions: [AccessibilityAction: ACTION_FOCUS - null, AccessibilityAction: ACTION_SELECT - null, AccessibilityAction: ACTION_CLEAR_SELECTION - null, AccessibilityAction: ACTION_ACCESSIBILITY_FOCUS - null, AccessibilityAction: ACTION_SCROLL_FORWARD - null, AccessibilityAction: ACTION_SHOW_ON_SCREEN - null]]
01-01 01:13:57.865  3675 22013 D InteractionController: scrollSwipe (971, 973, 971, 260, 55)
01-01 01:13:57.871   635   635 E ANDR-PERF-TARGET: Error: Invalid logical cluster id 0
01-01 01:13:57.871   635   635 E ANDR-PERF-MPCTL: invalid request, no optimizations performed
01-01 01:13:57.876  1933  1933 D LCMANDR : SWR_OOB_HV_MF_009|FUN=LifeCycleManagerService::getDAIAppAlivenessStatus|Aliveness:: DAIAPP HB DIFF = 2 [ DaimlerAppHBCounter ] = 1758[ DaimlerAppHBCounterOld ] = 1756
01-01 01:13:57.876  1933  1933 I LCMANDR : SWR_OOB_HV_MF_009|FUN=LifeCycleManagerService::getDAIAppAlivenessStatus|Aliveness::ANDROID HB IS VALID... setting OLD VAL, and resetting Fail Counter
01-01 01:13:57.879  1933  1933 I LCMANDR : SWR_OOB_HV_MF_009|FUN=LifeCycleManagerService::getDAIPID|DAIMLER APP(com.daimler.rse.ntg6) PID is [ 1519 ]
01-01 01:13:57.879  1933  1933 I LCMANDR : SWR_OOB_HV_MF_009|FUN=LifeCycleManagerService::getDAIAPPStatus|Aliveness::SAME PID! DAIAPP is not restarted
01-01 01:13:57.879  1933  1933 W LCMANDR : SWR_OOB_HV_MF_009|FUN=LifeCycleManagerService::getDAIAppAlivenessStatus|Aliveness::Status to send id : ALIVE
01-01 01:13:57.879  1933  1933 D LCMANDR : SWR_OOB_HV_MF_005|FUN=LifeCycleManagerService::sendPacketToLnx|data = [B@8991d06
01-01 01:13:57.880  1933  1933 D LCMANDR : SWR_OOB_HV_MF_009|FUN=LifeCycleManagerService::postAppsStatusInfo|Setting AppPacket info
01-01 01:13:57.880  1933  1933 I LCMANDR : SWR_OOB_HV_MF_009|FUN=AlivenessMonitoring::getRunningApps| packet sent
01-01 01:13:57.880  1933  1956 D LCMANDR : SWR_OOB_HV_MF_010|FUN=LifeCycleManagerService::RseNodeStateManagement|SEND_IGC_CB
01-01 01:13:57.880  1933  1956 I LCMANDR : SWR_OOB_HV_MF_005|FUN=LifeCycleManagerService::igcsendData|Call hit in RSENodeStateManagement::igcsendData
01-01 01:13:57.880  1933  1956 I LCMANDR : SWR_OOB_HV_MF_005|FUN=LifeCycleManagerService::igcsendData|SEND DATA LEN is : 15
01-01 01:13:57.880  1933  1956 I LCMANDR : SWR_OOB_HV_MF_007|FUN=LifeCycleManagerService::sendPacketFromIntentService|Package to send : [ 65, 0, 0, 0, 9, 0, 2, 0, 1, 0, 5, 65, 65, 0, 0, ]
01-01 01:13:57.880  1933  1956 I IGC     :  IGC::sendData ==> [ 65, 0, 0, 0, 9, 0, 2, 0, 1, 0, 5, 65, 65, 0, 0,  ]
01-01 01:13:57.880  1933  1956 I IGC     :  Igc::sendData data size is :: 15
01-01 01:13:57.880  1933  1956 D         : Enqueue: sem count = 1
01-01 01:13:57.880  1933  1956 I LCMANDR : SWR_OOB_HV_MF_007|FUN=LifeCycleManagerService::sendPacketFromIntentService|Sending Data to Linux is successful( [65, 0, 0, 0, 9, 0, 2, 0, 1, 0, 5, 65, 65, 0, 0] )
01-01 01:13:57.880  1933  1956 I LCMANDR : SWR_OOB_HV_MF_005|FUN=LifeCycleManagerService::igcsendData| DATA SEND SUCCESSFULLY 
01-01 01:13:57.888   635   635 E ANDR-PERF-TARGET: Error: Invalid logical cluster id 0
01-01 01:13:57.888   635   635 E ANDR-PERF-MPCTL: invalid request, no optimizations performed
01-01 01:13:57.905   635   635 E ANDR-PERF-TARGET: Error: Invalid logical cluster id 0
01-01 01:13:57.905   635   635 E ANDR-PERF-MPCTL: invalid request, no optimizations performed
01-01 01:13:57.921   635   635 E ANDR-PERF-TARGET: Error: Invalid logical cluster id 0
01-01 01:13:57.922   635   635 E ANDR-PERF-MPCTL: invalid request, no optimizations performed
01-01 01:13:57.938   635   635 E ANDR-PERF-TARGET: Error: Invalid logical cluster id 0
01-01 01:13:57.938   635   635 E ANDR-PERF-MPCTL: invalid request, no optimizations performed
01-01 01:13:57.955   635   635 E ANDR-PERF-TARGET: Error: Invalid logical cluster id 0
01-01 01:13:57.955   635   635 E ANDR-PERF-MPCTL: invalid request, no optimizations performed
01-01 01:13:57.971   635   635 E ANDR-PERF-TARGET: Error: Invalid logical cluster id 0
01-01 01:13:57.972   635   635 E ANDR-PERF-MPCTL: invalid request, no optimizations performed
01-01 01:13:57.988   635   635 E ANDR-PERF-TARGET: Error: Invalid logical cluster id 0
01-01 01:13:57.988   635   635 E ANDR-PERF-MPCTL: invalid request, no optimizations performed
01-01 01:13:58.005   635   635 E ANDR-PERF-TARGET: Error: Invalid logical cluster id 0
01-01 01:13:58.005   635   635 E ANDR-PERF-MPCTL: invalid request, no optimizations performed
01-01 01:13:58.022   635   635 E ANDR-PERF-TARGET: Error: Invalid logical cluster id 0
01-01 01:13:58.022   635   635 E ANDR-PERF-MPCTL: invalid request, no optimizations performed
01-01 01:13:58.038   635   635 E ANDR-PERF-TARGET: Error: Invalid logical cluster id 0
01-01 01:13:58.038   635   635 E ANDR-PERF-MPCTL: invalid request, no optimizations performed
01-01 01:13:58.055   635   635 E ANDR-PERF-TARGET: Error: Invalid logical cluster id 0
01-01 01:13:58.055   635   635 E ANDR-PERF-MPCTL: invalid request, no optimizations performed
01-01 01:13:58.072   635   635 E ANDR-PERF-TARGET: Error: Invalid logical cluster id 0
01-01 01:13:58.072   635   635 E ANDR-PERF-MPCTL: invalid request, no optimizations performed
01-01 01:13:58.088   635   635 E ANDR-PERF-TARGET: Error: Invalid logical cluster id 0
01-01 01:13:58.089   635   635 E ANDR-PERF-MPCTL: invalid request, no optimizations performed
01-01 01:13:58.105   635   635 E ANDR-PERF-TARGET: Error: Invalid logical cluster id 0
01-01 01:13:58.105   635   635 E ANDR-PERF-MPCTL: invalid request, no optimizations performed
01-01 01:13:58.122   635   635 E ANDR-PERF-TARGET: Error: Invalid logical cluster id 0
01-01 01:13:58.122   635   635 E ANDR-PERF-MPCTL: invalid request, no optimizations performed
01-01 01:13:58.139   635   635 E ANDR-PERF-TARGET: Error: Invalid logical cluster id 0
01-01 01:13:58.139   635   635 E ANDR-PERF-MPCTL: invalid request, no optimizations performed
01-01 01:13:58.155   635   635 E ANDR-PERF-TARGET: Error: Invalid logical cluster id 0
01-01 01:13:58.155   635   635 E ANDR-PERF-MPCTL: invalid request, no optimizations performed
01-01 01:13:58.166   729   748 I sssv-lib: sendMsg enter
01-01 01:13:58.166   729   748 I sssv-lib: sendMsg complete.
01-01 01:13:58.172   635   635 E ANDR-PERF-TARGET: Error: Invalid logical cluster id 0
01-01 01:13:58.172   635   635 E ANDR-PERF-MPCTL: invalid request, no optimizations performed
01-01 01:13:58.189   635   635 E ANDR-PERF-TARGET: Error: Invalid logical cluster id 0
01-01 01:13:58.189   635   635 E ANDR-PERF-MPCTL: invalid request, no optimizations performed
01-01 01:13:58.204  1933  1933 I LCMANDR : SWR_OOB_HV_MF_009|FUN=ResourceMonitoringService::movingMemoryAverage|2|Moving memory average :32.51713
01-01 01:13:58.204  1933  1933 W LCMANDR : SWR_OOB_HV_MF_009|FUN=ResourceMonitoringService::getCpuUsageStatistic|Moving MEM AVG :::::::::32.51713
01-01 01:13:58.205   635   635 E ANDR-PERF-TARGET: Error: Invalid logical cluster id 0
01-01 01:13:58.206   635   635 E ANDR-PERF-MPCTL: invalid request, no optimizations performed
01-01 01:13:58.211  1933  1933 W LCMANDR : SWR_OOB_HV_MF_009|FUN=ResourceMonitoringService::getCpuUsageStatistic|2|Total cpu usage :28.751432
01-01 01:13:58.211  1933  1933 I LCMANDR : SWR_OOB_HV_MF_009|FUN=ResourceMonitoringService::getCpuUsageStatistic|Cpu usage of core  0 is32.291664
01-01 01:13:58.211  1933  1933 I LCMANDR : SWR_OOB_HV_MF_009|FUN=ResourceMonitoringService::getCpuUsageStatistic|Cpu usage of core  1 is26.027397
01-01 01:13:58.211  1933  1933 I LCMANDR : SWR_OOB_HV_MF_009|FUN=ResourceMonitoringService::getCpuUsageStatistic|Cpu usage of core  2 is27.986347
01-01 01:13:58.211  1933  1933 I LCMANDR : ResourceMonitoringService::movingCpuAverage()
01-01 01:13:58.211  1933  1933 I LCMANDR : SWR_OOB_HV_MF_009|FUN=ResourceMonitoringService::movingCpuAverage|2|Moving window average of CPU 23.640942
01-01 01:13:58.211  1933  1933 I LCMANDR : SWR_OOB_HV_MF_009|FUN=ResourceMonitoringService::movingCpuAverage|2|Cpu moving average of core  0 is23.798868
01-01 01:13:58.211  1933  1933 I LCMANDR : SWR_OOB_HV_MF_009|FUN=ResourceMonitoringService::movingCpuAverage|2|Cpu moving average of core  1 is20.434654
01-01 01:13:58.211  1933  1933 I LCMANDR : SWR_OOB_HV_MF_009|FUN=ResourceMonitoringService::movingCpuAverage|2|Cpu moving average of core  2 is26.609608
01-01 01:13:58.211  1933  1933 D LCMANDR : SWR_OOB_HV_MF_009|FUN=ResourceMonitoringService::movingCpuAverage|2|Exiting VAL = 23.640942
01-01 01:13:58.222   635   635 E ANDR-PERF-TARGET: Error: Invalid logical cluster id 0
01-01 01:13:58.222   635   635 E ANDR-PERF-MPCTL: invalid request, no optimizations performed
01-01 01:13:58.239   635   635 E ANDR-PERF-TARGET: Error: Invalid logical cluster id 0
01-01 01:13:58.239   635   635 E ANDR-PERF-MPCTL: invalid request, no optimizations performed
01-01 01:13:58.255   635   635 E ANDR-PERF-TARGET: Error: Invalid logical cluster id 0
01-01 01:13:58.256   635   635 E ANDR-PERF-MPCTL: invalid request, no optimizations performed
01-01 01:13:58.272   635   635 E ANDR-PERF-TARGET: Error: Invalid logical cluster id 0
01-01 01:13:58.272   635   635 E ANDR-PERF-MPCTL: invalid request, no optimizations performed
01-01 01:13:58.289   635   635 E ANDR-PERF-TARGET: Error: Invalid logical cluster id 0
01-01 01:13:58.289   635   635 E ANDR-PERF-MPCTL: invalid request, no optimizations performed
01-01 01:13:58.306   635   635 E ANDR-PERF-TARGET: Error: Invalid logical cluster id 0
01-01 01:13:58.306   635   635 E ANDR-PERF-MPCTL: invalid request, no optimizations performed
01-01 01:13:58.317  1933  1957 D LCMANDR : SWR_OOB_HV_MF_009|FUN=LifeCycleManagerService::LifeCycle_ReportCompStatus|GOT ALIVENESS SIGNAL FROM DAIAPP : [0]; HB Counter = [ 1759 ]; STATUS INFO = [ 0 ]
01-01 01:13:58.317  1519  1519 I Connectivity_AIDL|AIDL_Handler.AIDL_Helpers.LcmHelper: MBUX App Method: KeepAliveTest |Line No: 408 |Log Type: Critical |Message: MainThread:MBUX-App HB Count: 1761, ResponseCode: 0
01-01 01:13:58.322   635   635 E ANDR-PERF-TARGET: Error: Invalid logical cluster id 0
01-01 01:13:58.322   635   635 E ANDR-PERF-MPCTL: invalid request, no optimizations performed
01-01 01:13:58.339   635   635 E ANDR-PERF-TARGET: Error: Invalid logical cluster id 0
01-01 01:13:58.339   635   635 E ANDR-PERF-MPCTL: invalid request, no optimizations performed
01-01 01:13:58.356   635   635 E ANDR-PERF-TARGET: Error: Invalid logical cluster id 0
01-01 01:13:58.356   635   635 E ANDR-PERF-MPCTL: invalid request, no optimizations performed
01-01 01:13:58.372   635   635 E ANDR-PERF-TARGET: Error: Invalid logical cluster id 0
01-01 01:13:58.372   635   635 E ANDR-PERF-MPCTL: invalid request, no optimizations performed
01-01 01:13:58.389   635   635 E ANDR-PERF-TARGET: Error: Invalid logical cluster id 0
01-01 01:13:58.389   635   635 E ANDR-PERF-MPCTL: invalid request, no optimizations performed
01-01 01:13:58.406   635   635 E ANDR-PERF-TARGET: Error: Invalid logical cluster id 0
01-01 01:13:58.406   635   635 E ANDR-PERF-MPCTL: invalid request, no optimizations performed
01-01 01:13:58.423   635   635 E ANDR-PERF-TARGET: Error: Invalid logical cluster id 0
01-01 01:13:58.423   635   635 E ANDR-PERF-MPCTL: invalid request, no optimizations performed
01-01 01:13:58.439   635   635 E ANDR-PERF-TARGET: Error: Invalid logical cluster id 0
01-01 01:13:58.439   635   635 E ANDR-PERF-MPCTL: invalid request, no optimizations performed
01-01 01:13:58.456   635   635 E ANDR-PERF-TARGET: Error: Invalid logical cluster id 0
01-01 01:13:58.456   635   635 E ANDR-PERF-MPCTL: invalid request, no optimizations performed
01-01 01:13:58.473   635   635 E ANDR-PERF-TARGET: Error: Invalid logical cluster id 0
01-01 01:13:58.473   635   635 E ANDR-PERF-MPCTL: invalid request, no optimizations performed
01-01 01:13:58.489   635   635 E ANDR-PERF-TARGET: Error: Invalid logical cluster id 0
01-01 01:13:58.489   635   635 E ANDR-PERF-MPCTL: invalid request, no optimizations performed
01-01 01:13:58.506   635   635 E ANDR-PERF-TARGET: Error: Invalid logical cluster id 0
01-01 01:13:58.506   635   635 E ANDR-PERF-MPCTL: invalid request, no optimizations performed
01-01 01:13:58.523   635   635 E ANDR-PERF-TARGET: Error: Invalid logical cluster id 0
01-01 01:13:58.523   635   635 E ANDR-PERF-MPCTL: invalid request, no optimizations performed
01-01 01:13:58.539   635   635 E ANDR-PERF-TARGET: Error: Invalid logical cluster id 0
01-01 01:13:58.540   635   635 E ANDR-PERF-MPCTL: invalid request, no optimizations performed
01-01 01:13:58.556   635   635 E ANDR-PERF-TARGET: Error: Invalid logical cluster id 0
01-01 01:13:58.556   635   635 E ANDR-PERF-MPCTL: invalid request, no optimizations performed
01-01 01:13:58.573   635   635 E ANDR-PERF-TARGET: Error: Invalid logical cluster id 0
01-01 01:13:58.573   635   635 E ANDR-PERF-MPCTL: invalid request, no optimizations performed
01-01 01:13:58.590   635   635 E ANDR-PERF-TARGET: Error: Invalid logical cluster id 0
01-01 01:13:58.590   635   635 E ANDR-PERF-MPCTL: invalid request, no optimizations performed
01-01 01:13:58.606   635   635 E ANDR-PERF-TARGET: Error: Invalid logical cluster id 0
01-01 01:13:58.606   635   635 E ANDR-PERF-MPCTL: invalid request, no optimizations performed
01-01 01:13:58.623   635   635 E ANDR-PERF-TARGET: Error: Invalid logical cluster id 0
01-01 01:13:58.623   635   635 E ANDR-PERF-MPCTL: invalid request, no optimizations performed
01-01 01:13:58.640   635   635 E ANDR-PERF-TARGET: Error: Invalid logical cluster id 0
01-01 01:13:58.640   635   635 E ANDR-PERF-MPCTL: invalid request, no optimizations performed
01-01 01:13:58.656   635   635 E ANDR-PERF-TARGET: Error: Invalid logical cluster id 0
01-01 01:13:58.657   635   635 E ANDR-PERF-MPCTL: invalid request, no optimizations performed
01-01 01:13:58.673   635   635 E ANDR-PERF-TARGET: Error: Invalid logical cluster id 0
01-01 01:13:58.673   635   635 E ANDR-PERF-MPCTL: invalid request, no optimizations performed
01-01 01:13:58.690   635   635 E ANDR-PERF-TARGET: Error: Invalid logical cluster id 0
01-01 01:13:58.690   635   635 E ANDR-PERF-MPCTL: invalid request, no optimizations performed
01-01 01:13:58.707   635   635 E ANDR-PERF-TARGET: Error: Invalid logical cluster id 0
01-01 01:13:58.707   635   635 E ANDR-PERF-MPCTL: invalid request, no optimizations performed
01-01 01:13:58.723   635   635 E ANDR-PERF-TARGET: Error: Invalid logical cluster id 0
01-01 01:13:58.723   635   635 E ANDR-PERF-MPCTL: invalid request, no optimizations performed
01-01 01:13:58.740   635   635 E ANDR-PERF-TARGET: Error: Invalid logical cluster id 0
01-01 01:13:58.740   635   635 E ANDR-PERF-MPCTL: invalid request, no optimizations performed
01-01 01:13:58.757   635   635 E ANDR-PERF-TARGET: Error: Invalid logical cluster id 0
01-01 01:13:58.757   635   635 E ANDR-PERF-MPCTL: invalid request, no optimizations performed
01-01 01:13:58.773   635   635 E ANDR-PERF-TARGET: Error: Invalid logical cluster id 0
01-01 01:13:58.773   635   635 E ANDR-PERF-MPCTL: invalid request, no optimizations performed
01-01 01:13:58.774   635   635 E ANDR-PERF-TARGET: Error: Invalid logical cluster id 0
01-01 01:13:58.774   635   635 E ANDR-PERF-MPCTL: invalid request, no optimizations performed
01-01 01:13:58.790   635   635 E ANDR-PERF-TARGET: Error: Invalid logical cluster id 0
01-01 01:13:58.790   635   635 E ANDR-PERF-MPCTL: invalid request, no optimizations performed
01-01 01:13:58.807   635   635 E ANDR-PERF-TARGET: Error: Invalid logical cluster id 0
01-01 01:13:58.807   635   635 E ANDR-PERF-MPCTL: invalid request, no optimizations performed
01-01 01:13:58.824   635   635 E ANDR-PERF-TARGET: Error: Invalid logical cluster id 0
01-01 01:13:58.824   635   635 E ANDR-PERF-MPCTL: invalid request, no optimizations performed
01-01 01:13:58.831     1   452 I init    : Uptime: 04434.967731 LocalTime: 01-01 01:13:58.831
01-01 01:13:58.840   635   635 E ANDR-PERF-TARGET: Error: Invalid logical cluster id 0
01-01 01:13:58.840   635   635 E ANDR-PERF-MPCTL: invalid request, no optimizations performed
01-01 01:13:58.857   635   635 E ANDR-PERF-TARGET: Error: Invalid logical cluster id 0
01-01 01:13:58.857   635   635 E ANDR-PERF-MPCTL: invalid request, no optimizations performed
01-01 01:13:58.874   635   635 E ANDR-PERF-TARGET: Error: Invalid logical cluster id 0
01-01 01:13:58.874   635   635 E ANDR-PERF-MPCTL: invalid request, no optimizations performed
01-01 01:13:58.890   635   635 E ANDR-PERF-TARGET: Error: Invalid logical cluster id 0
01-01 01:13:58.890   635   635 E ANDR-PERF-MPCTL: invalid request, no optimizations performed
