01-01 00:17:16.347  3739  3739 W HMI2-SETTINGS - CI08.4: className -> WifiActivity | functionName -> isInConnected | value -> |RSE_Test|0|2
01-01 00:17:16.347  3739  3739 W HMI2-SETTINGS - CI08.4: className -> WifiActivity | functionName -> isWapiVariantBlocked | value -> security_type:2
01-01 00:17:16.347  3739  3739 W HMI2-SETTINGS - CI08.4: className -> WifiActivity | functionName -> isInConnected | value -> |NETGEAR66-5G|0|2
01-01 00:17:16.347  3739  3739 W HMI2-SETTINGS - CI08.4: className -> WifiActivity | functionName -> isWapiVariantBlocked | value -> security_type:2
01-01 00:17:16.348  3739  3739 W HMI2-SETTINGS - CI08.4: className -> WifiActivity | functionName -> isInConnected | value -> |Secure|0|2
01-01 00:17:16.348  3739  3739 W HMI2-SETTINGS - CI08.4: className -> WifiActivity | functionName -> isWapiVariantBlocked | value -> security_type:2
01-01 00:17:16.348  3739  3739 W HMI2-SETTINGS - CI08.4: className -> WifiActivity | functionName -> isInConnected | value -> |ACSIA_CORP1|0|2
01-01 00:17:16.348  3739  3739 W HMI2-SETTINGS - CI08.4: className -> WifiActivity | functionName -> isWapiVariantBlocked | value -> security_type:2
01-01 00:17:16.348  3739  3739 W HMI2-SETTINGS - CI08.4: className -> WifiActivity | functionName -> isInConnected | value -> |ACSIA_GUEST1|0|2
01-01 00:17:16.348  3739  3739 W HMI2-SETTINGS - CI08.4: className -> WifiActivity | functionName -> isWapiVariantBlocked | value -> security_type:2
01-01 00:17:16.348  3739  3739 W HMI2-SETTINGS - CI08.4: className -> WifiActivity | functionName -> isInConnected | value -> |ACSIA_CORP2|0|2
01-01 00:17:16.348  3739  3739 W HMI2-SETTINGS - CI08.4: className -> WifiActivity | functionName -> isWapiVariantBlocked | value -> security_type:2
01-01 00:17:16.348  3739  3739 W HMI2-SETTINGS - CI08.4: className -> WifiActivity | functionName -> isInConnected | value -> |ACSIA_Management|0|2
01-01 00:17:16.348  3739  3739 W HMI2-SETTINGS - CI08.4: className -> WifiActivity | functionName -> isWapiVariantBlocked | value -> security_type:2
01-01 00:17:16.348  3739  3739 W HMI2-SETTINGS - CI08.4: className -> WifiActivity | functionName -> isInConnected | value -> | ACSIA_CORP3|0|2
01-01 00:17:16.348  3739  3739 W HMI2-SETTINGS - CI08.4: className -> WifiActivity | functionName -> isWapiVariantBlocked | value -> security_type:2
01-01 00:17:16.348  3739  3739 W HMI2-SETTINGS - CI08.4: className -> WifiActivity | functionName -> isInConnected | value -> |RSE_Test|0|2
01-01 00:17:16.348  3739  3739 W HMI2-SETTINGS - CI08.4: className -> WifiActivity | functionName -> isWapiVariantBlocked | value -> security_type:2
01-01 00:17:16.348  3739  3739 W HMI2-SETTINGS - CI08.4: className -> WifiActivity | functionName -> isInConnected | value -> |ACSIA_DEV|0|2
01-01 00:17:16.348  3739  3739 W HMI2-SETTINGS - CI08.4: className -> WifiActivity | functionName -> isWapiVariantBlocked | value -> security_type:2
01-01 00:17:16.348  3739  3739 W HMI2-SETTINGS - CI08.4: className -> WifiActivity | functionName -> isInConnected | value -> |DIRECT-YOATLP042msDU|0|2
01-01 00:17:16.348  3739  3739 W HMI2-SETTINGS - CI08.4: className -> WifiActivity | functionName -> isWapiVariantBlocked | value -> security_type:2
01-01 00:17:16.348  3739  3739 W HMI2-SETTINGS - CI08.4: className -> WifiActivity | functionName -> isInConnected | value -> |HUWIFI|0|2
01-01 00:17:16.348  3739  3739 W HMI2-SETTINGS - CI08.4: className -> WifiActivity | functionName -> isWapiVariantBlocked | value -> security_type:2
01-01 00:17:16.348  3739  3739 W HMI2-SETTINGS - CI08.4: className -> WifiActivity | functionName -> isInConnected | value -> |DIRECT-vQINLT044msmJ|0|2
01-01 00:17:16.348  3739  3739 W HMI2-SETTINGS - CI08.4: className -> WifiActivity | functionName -> isWapiVariantBlocked | value -> security_type:2
01-01 00:17:16.348  3739  3739 W HMI2-SETTINGS - CI08.4: className -> WifiActivity | functionName -> isInConnected | value -> |AUTOMATION_TEST|0|2
01-01 00:17:16.348  3739  3739 W HMI2-SETTINGS - CI08.4: className -> WifiActivity | functionName -> isWapiVariantBlocked | value -> security_type:2
01-01 00:17:16.348  3739  3739 W HMI2-SETTINGS - CI08.4: className -> WifiActivity | functionName -> isInConnected | value -> |DIRECT-DMATCLWI2064msNL|0|2
01-01 00:17:16.348  3739  3739 W HMI2-SETTINGS - CI08.4: className -> WifiActivity | functionName -> isWapiVariantBlocked | value -> security_type:2
01-01 00:17:16.348  3739  3739 W HMI2-SETTINGS - CI08.4: className -> WifiActivity | functionName -> isInConnected | value -> |ACSIA_CORP1|0|2
01-01 00:17:16.348  3739  3739 W HMI2-SETTINGS - CI08.4: className -> WifiActivity | functionName -> isWapiVariantBlocked | value -> security_type:2
01-01 00:17:16.348  3739  3739 W HMI2-SETTINGS - CI08.4: className -> WifiActivity | functionName -> isInConnected | value -> |ACSIA_GUEST1|0|2
01-01 00:17:16.348  3739  3739 W HMI2-SETTINGS - CI08.4: className -> WifiActivity | functionName -> isWapiVariantBlocked | value -> security_type:2
01-01 00:17:16.348  3739  3739 W HMI2-SETTINGS - CI08.4: className -> WifiActivity | functionName -> isInConnected | value -> |ACSIA_DEV|0|2
01-01 00:17:16.348  3739  3739 W HMI2-SETTINGS - CI08.4: className -> WifiActivity | functionName -> isWapiVariantBlocked | value -> security_type:2
01-01 00:17:16.348  3739  3739 W HMI2-SETTINGS - CI08.4: className -> WifiActivity | functionName -> isInConnected | value -> |RSE_Test|0|2
01-01 00:17:16.348  3739  3739 W HMI2-SETTINGS - CI08.4: className -> WifiActivity | functionName -> isWapiVariantBlocked | value -> security_type:2
01-01 00:17:16.348  3739  3739 W HMI2-SETTINGS - CI08.4: className -> WifiActivity | functionName -> isInConnected | value -> |ACSIA_CORP2|0|2
01-01 00:17:16.348  3739  3739 W HMI2-SETTINGS - CI08.4: className -> WifiActivity | functionName -> isWapiVariantBlocked | value -> security_type:2
01-01 00:17:16.348  3739  3739 W HMI2-SETTINGS - CI08.4: className -> WifiActivity | functionName -> isInConnected | value -> | ACSIA_CORP3|0|2
01-01 00:17:16.348  3739  3739 W HMI2-SETTINGS - CI08.4: className -> WifiActivity | functionName -> isWapiVariantBlocked | value -> security_type:2
01-01 00:17:16.348  3739  3739 W HMI2-SETTINGS - CI08.4: className -> WifiActivity | functionName -> isInConnected | value -> |ACSIA_Management|0|2
01-01 00:17:16.349  3739  3739 W HMI2-SETTINGS - CI08.4: className -> WifiActivity | functionName -> isWapiVariantBlocked | value -> security_type:2
01-01 00:17:16.349  3739  3739 W HMI2-SETTINGS - CI08.4: className -> WifiActivity | functionName -> isInConnected | value -> |MB Hotspot 61185|0|2
01-01 00:17:16.349  3739  3739 W HMI2-SETTINGS - CI08.4: className -> WifiActivity | functionName -> isWapiVariantBlocked | value -> security_type:0
01-01 00:17:16.349  3739  3739 W HMI2-SETTINGS - CI08.4: className -> WifiActivity | functionName -> isInConnected | value -> |HP-Print-DB-LaserJet Pro MFP|0|0
01-01 00:17:16.349  3739  3739 W HMI2-SETTINGS - CI08.4: className -> WifiActivity | functionName -> handleAllAvailNetwork | value -> savedNetwork ->1
01-01 00:17:16.349  3739  3739 W HMI2-SETTINGS - CI08.4: className -> WifiActivity | functionName -> handleAllAvailNetwork | value -> presentVisibleNetwork ->30
01-01 00:17:16.350  1151  2234 I WifiService: getConfiguredNetworks uid=1000
01-01 00:17:16.352  3739  3739 W HMI2-SETTINGS - CI08.4: className -> WifiActivity | functionName -> getConfig: success-> | value -> "RSE_Test"
01-01 00:17:16.352  3739  3739 W HMI2-SETTINGS - CI08.4: className -> WifiActivity | functionName -> getConnectSummary | value -> getConnectSummaryID: 41 SSID: "RSE_Test" PROVIDER-NAME: null BSSID: null FQDN: null PRIO: 0 HIDDEN: false
01-01 00:17:16.352  3739  3739 W HMI2-SETTINGS - CI08.4:  NetworkSelectionStatus NETWORK_SELECTION_ENABLED
01-01 00:17:16.352  3739  3739 W HMI2-SETTINGS - CI08.4:  hasEverConnected: false
01-01 00:17:16.352  3739  3739 W HMI2-SETTINGS - CI08.4:  KeyMgmt: WPA_PSK Protocols: WPA RSN
01-01 00:17:16.352  3739  3739 W HMI2-SETTINGS - CI08.4:  AuthAlgorithms: OPEN
01-01 00:17:16.352  3739  3739 W HMI2-SETTINGS - CI08.4:  PairwiseCiphers: TKIP CCMP
01-01 00:17:16.352  3739  3739 W HMI2-SETTINGS - CI08.4:  GroupCiphers: TKIP CCMP
01-01 00:17:16.352  3739  3739 W HMI2-SETTINGS - CI08.4:  PSK: *
01-01 00:17:16.352  3739  3739 W HMI2-SETTINGS - CI08.4: 
01-01 00:17:16.352  3739  3739 W HMI2-SETTINGS - CI08.4:  sim_num 
01-01 00:17:16.352  3739  3739 W HMI2-SETTINGS - CI08.4: Enterprise config:
01-01 00:17:16.352  3739  3739 W HMI2-SETTINGS - CI08.4: IP config:
01-01 00:17:16.352  3739  3739 W HMI2-SETTINGS - CI08.4: IP assignment: DHCP
01-01 00:17:16.352  3739  3739 W HMI2-SETTINGS - CI08.4: Proxy settings: NONE
01-01 00:17:16.352  3739  3739 W HMI2-SETTINGS - CI08.4:  cuid=1000 cname=android.uid.system:1000 luid=1000 lname=android.uid.system:1000 lcuid=1000 userApproved=USER_UNSPECIFIED noInternetAccessExpected=false roamingFailureBlackListTimeMilli: 1000
01-01 00:17:16.352  3739  3739 W HMI2-SETTINGS - CI08.4: recentFailure: Association Rejection code: 0
01-01 00:17:16.352  3739  3739 W HMI2-SETTINGS - CI08.4: ShareThisAp: false
01-01 00:17:16.352  3739  3739 W HMI2-SETTINGS - CI08.4: className -> WifiActivity | functionName -> getConnectSummary : | value ->  Saved
01-01 00:17:16.353  3739  3739 E HMI2-SETTINGS - CI08.4: className -> WifiActivity | functionName -> mWifiScanReceiver -> onReceive | error ->intent_action:android.net.wifi.STATE_CHANGE
01-01 00:17:16.353  3739  3739 W HMI2-SETTINGS - CI08.4: className -> WifiActivity | functionName -> handleNetworkStateChanged | value -> detailedState->DISCONNECTED
01-01 00:17:16.353  1151  2264 I WifiService: getConfiguredNetworks uid=1000
01-01 00:17:16.355  3739  3739 W HMI2-SETTINGS - CI08.4: className -> WifiActivity | functionName -> getConfig: success-> | value -> "RSE_Test"
01-01 00:17:16.355  3739  3739 W HMI2-SETTINGS - CI08.4: className -> WifiActivity | functionName -> getConnectSummary | value -> getConnectSummaryID: 41 SSID: "RSE_Test" PROVIDER-NAME: null BSSID: null FQDN: null PRIO: 0 HIDDEN: false
01-01 00:17:16.355  3739  3739 W HMI2-SETTINGS - CI08.4:  NetworkSelectionStatus NETWORK_SELECTION_ENABLED
01-01 00:17:16.355  3739  3739 W HMI2-SETTINGS - CI08.4:  hasEverConnected: false
01-01 00:17:16.355  3739  3739 W HMI2-SETTINGS - CI08.4:  KeyMgmt: WPA_PSK Protocols: WPA RSN
01-01 00:17:16.355  3739  3739 W HMI2-SETTINGS - CI08.4:  AuthAlgorithms: OPEN
01-01 00:17:16.355  3739  3739 W HMI2-SETTINGS - CI08.4:  PairwiseCiphers: TKIP CCMP
01-01 00:17:16.355  3739  3739 W HMI2-SETTINGS - CI08.4:  GroupCiphers: TKIP CCMP
01-01 00:17:16.355  3739  3739 W HMI2-SETTINGS - CI08.4:  PSK: *
01-01 00:17:16.355  3739  3739 W HMI2-SETTINGS - CI08.4: 
01-01 00:17:16.355  3739  3739 W HMI2-SETTINGS - CI08.4:  sim_num 
01-01 00:17:16.355  3739  3739 W HMI2-SETTINGS - CI08.4: Enterprise config:
01-01 00:17:16.355  3739  3739 W HMI2-SETTINGS - CI08.4: IP config:
01-01 00:17:16.355  3739  3739 W HMI2-SETTINGS - CI08.4: IP assignment: DHCP
01-01 00:17:16.355  3739  3739 W HMI2-SETTINGS - CI08.4: Proxy settings: NONE
01-01 00:17:16.355  3739  3739 W HMI2-SETTINGS - CI08.4:  cuid=1000 cname=android.uid.system:1000 luid=1000 lname=android.uid.system:1000 lcuid=1000 userApproved=USER_UNSPECIFIED noInternetAccessExpected=false roamingFailureBlackListTimeMilli: 1000
01-01 00:17:16.355  3739  3739 W HMI2-SETTINGS - CI08.4: recentFailure: Association Rejection code: 0
01-01 00:17:16.355  3739  3739 W HMI2-SETTINGS - CI08.4: ShareThisAp: false
01-01 00:17:16.355  3739  3739 W HMI2-SETTINGS - CI08.4: className -> WifiActivity | functionName -> getConnectSummary : | value ->  Saved
01-01 00:17:16.359  3739  3739 E HMI2-SETTINGS - CI08.4: className -> WifiActivity | functionName -> mWifiScanReceiver -> onReceive | error ->intent_action:android.net.wifi.STATE_CHANGE
01-01 00:17:16.359  3739  3739 W HMI2-SETTINGS - CI08.4: className -> WifiActivity | functionName -> handleNetworkStateChanged | value -> detailedState->SCANNING
01-01 00:17:16.359  1151  2264 I WifiService: getConfiguredNetworks uid=1000
01-01 00:17:16.360  3739  3739 W HMI2-SETTINGS - CI08.4: className -> WifiActivity | functionName -> getConfig: success-> | value -> "RSE_Test"
01-01 00:17:16.361  3739  3739 W HMI2-SETTINGS - CI08.4: className -> WifiActivity | functionName -> getConnectSummary | value -> getConnectSummaryID: 41 SSID: "RSE_Test" PROVIDER-NAME: null BSSID: null FQDN: null PRIO: 0 HIDDEN: false
01-01 00:17:16.361  3739  3739 W HMI2-SETTINGS - CI08.4:  NetworkSelectionStatus NETWORK_SELECTION_ENABLED
01-01 00:17:16.361  3739  3739 W HMI2-SETTINGS - CI08.4:  hasEverConnected: false
01-01 00:17:16.361  3739  3739 W HMI2-SETTINGS - CI08.4:  KeyMgmt: WPA_PSK Protocols: WPA RSN
01-01 00:17:16.361  3739  3739 W HMI2-SETTINGS - CI08.4:  AuthAlgorithms: OPEN
01-01 00:17:16.361  3739  3739 W HMI2-SETTINGS - CI08.4:  PairwiseCiphers: TKIP CCMP
01-01 00:17:16.361  3739  3739 W HMI2-SETTINGS - CI08.4:  GroupCiphers: TKIP CCMP
01-01 00:17:16.361  3739  3739 W HMI2-SETTINGS - CI08.4:  PSK: *
01-01 00:17:16.361  3739  3739 W HMI2-SETTINGS - CI08.4: 
01-01 00:17:16.361  3739  3739 W HMI2-SETTINGS - CI08.4:  sim_num 
01-01 00:17:16.361  3739  3739 W HMI2-SETTINGS - CI08.4: Enterprise config:
01-01 00:17:16.361  3739  3739 W HMI2-SETTINGS - CI08.4: IP config:
01-01 00:17:16.361  3739  3739 W HMI2-SETTINGS - CI08.4: IP assignment: DHCP
01-01 00:17:16.361  3739  3739 W HMI2-SETTINGS - CI08.4: Proxy settings: NONE
01-01 00:17:16.361  3739  3739 W HMI2-SETTINGS - CI08.4:  cuid=1000 cname=android.uid.system:1000 luid=1000 lname=android.uid.system:1000 lcuid=1000 userApproved=USER_UNSPECIFIED noInternetAccessExpected=false roamingFailureBlackListTimeMilli: 1000
01-01 00:17:16.361  3739  3739 W HMI2-SETTINGS - CI08.4: recentFailure: Association Rejection code: 0
01-01 00:17:16.361  3739  3739 W HMI2-SETTINGS - CI08.4: ShareThisAp: false
01-01 00:17:16.361  3739  3739 W HMI2-SETTINGS - CI08.4: className -> WifiActivity | functionName -> getConnectSummary : | value ->  Saved
01-01 00:17:16.479   729   748 I sssv-lib: sendMsg enter
01-01 00:17:16.479   729   748 I sssv-lib: sendMsg complete.
01-01 00:17:16.735  1933  1957 D LCMANDR : SWR_OOB_HV_MF_009|FUN=LifeCycleManagerService::LifeCycle_ReportCompStatus|GOT ALIVENESS SIGNAL FROM DAIAPP : [0]; HB Counter = [ 403 ]; STATUS INFO = [ 0 ]
01-01 00:17:16.735  1519  1519 I Connectivity_AIDL|AIDL_Handler.AIDL_Helpers.LcmHelper: MBUX App Method: KeepAliveTest |Line No: 408 |Log Type: Critical |Message: MainThread:MBUX-App HB Count: 405, ResponseCode: 0
01-01 00:17:17.042  3675  7633 D UiScrollable: scrollToBeginning() on selector = UiSelector[SCROLLABLE=true]
01-01 00:17:17.042  3675  7633 D UiScrollable: scrollBackward() on selector = UiSelector[SCROLLABLE=true]
01-01 00:17:17.050  3675  7633 I QueryController: Matched selector: UiSelector[SCROLLABLE=true] <<==>> [android.view.accessibility.AccessibilityNodeInfo@f35533; boundsInParent: Rect(0, 768 - 1332, 1657); boundsInScreen: Rect(305, 172 - 1637, 1061); packageName: com.panasonic.hmi2settings; className: android.widget.ScrollView; text: null; error: null; maxTextLength: -1; contentDescription: null; viewIdResName: com.panasonic.hmi2settings:id/scrollWifi; checkable: false; checked: false; focusable: true; focused: false; selected: false; clickable: false; longClickable: false; contextClickable: false; enabled: true; password: false; scrollable: true; importantForAccessibility: true; actions: [AccessibilityAction: ACTION_FOCUS - null, AccessibilityAction: ACTION_SELECT - null, AccessibilityAction: ACTION_CLEAR_SELECTION - null, AccessibilityAction: ACTION_ACCESSIBILITY_FOCUS - null, AccessibilityAction: ACTION_SCROLL_FORWARD - null, AccessibilityAction: ACTION_SCROLL_BACKWARD - null, AccessibilityAction: ACTION_SHOW_ON_SCREEN - null]]
01-01 00:17:17.050  3675  7633 D UiScrollable: scrollToBegining() using vertical scroll
01-01 00:17:17.050  3675  7633 D InteractionController: scrollSwipe (971, 260, 971, 973, 55)
01-01 00:17:16.284   808   808 W wificond: Scan is not started. Ignore abort request
01-01 00:17:17.083   808   808 I wificond: Received external scan result notification from kernel.
01-01 00:17:17.083  3023  3023 I wpa_supplicant: CTRL-EVENT-SCAN-RESULTS Scan completed in 0.809599 seconds
01-01 00:17:17.084  3023  3023 I wpa_supplicant: wlan0: Trying to associate with SSID 'RSE_Test'
01-01 00:17:17.085  3023  3023 E wpa_supplicant: Notifying state change event to hidl control: 5
01-01 00:17:17.086   921  1439 I LOWI-8.5.0.3.c: [LOWI-Scan] lowi_close_record:Scan completed in 1017125ms and Recieved 45 APs scan results
01-01 00:17:17.086  1151  2234 D WificondControl: Scan result ready event
01-01 00:17:17.087  1151  1323 W AlarmManager: Unrecognized alarm listener com.android.server.wifi.scanner.WificondScannerImpl$3@207a0a6
01-01 00:17:17.087  1151  1323 I WifiService: isScanAlwaysAvailable uid=1000
01-01 00:17:17.087  1151  1323 I WifiService: getWifiEnabledState uid=1000
01-01 00:17:17.088  1508  1601 W QCNEJ   : |CORE| notifyWifiStatusChanged failed
01-01 00:17:17.088   921   961 I LOWI-8.5.0.3.c: [LOWIUtils] responseToOutPostcard - TO: GTP-FDAL, FROM:   LOWI-SERVER, RESP:  LOWI_ASYNC_DISCOVERY_SCAN_RESULTS
01-01 00:17:17.088  1508  1601 W QCNEJ   : |CORE| notifyRatConnectionStatusChanged failed
01-01 00:17:17.089  2145  2145 D HMI_SERVICE: USE_CASE_NA|FUN=HmiApplication| [action] android.net.wifi.STATE_CHANGE
01-01 00:17:17.090  1392  1392 W SYSTEM_UI: SWR_SYSTEM_UI_008|FUN=CollapsedStatusBarFragment::AndroidEventReceiver | getAction |1|Broadcast action:android.net.wifi.STATE_CHANGE received
01-01 00:17:17.090  1392  1392 W SYSTEM_UI - CI07.3: className -> CollapsedStatusBarFragment | functionName -> AndroidEventReceiver | onReceive -->  | value -> Wifi connection status--> false
01-01 00:17:17.090  1392  1392 W SYSTEM_UI: SWR_SYSTEM_UI_008|FUN=CollapsedStatusBarFragment::isConnected |1|Wifi connection status--> false
01-01 00:17:17.090  1392  1392 W SYSTEM_UI - CI07.3: className -> CollapsedStatusBarFragment | functionName -> updateHermsDataType | value -> Update Herms Data Type :: networkType --> 0
01-01 00:17:17.090  1392  1392 W SYSTEM_UI - CI07.3: className -> CollapsedStatusBarFragment | functionName -> updateHermsDataType | value -> Update Herms Data Type :: isWebsiteSecure --> false
01-01 00:17:17.090  1392  1392 W SYSTEM_UI - CI07.3: className -> CollapsedStatusBarFragment | functionName -> updateHermsDataType | value -> Update Herms Data Type :: connection status --> 1
01-01 00:17:17.090  1392  1392 W SYSTEM_UI - CI07.3: className -> CollapsedStatusBarFragment | functionName -> updateHermsDataType | value -> Update Herms Data Type :: data Transfer --> false
01-01 00:17:17.090  1392  1392 W SYSTEM_UI - CI07.3: className -> CollapsedStatusBarFragment | functionName -> updateHermsDataType | value -> Update Herms Data Type :: wifiConnectionStatus --> false
01-01 00:17:17.090  1392  1392 W SYSTEM_UI - CI07.3: className -> CollapsedStatusBarFragment | functionName -> updateHermsDataType | value -> path 2
01-01 00:17:17.090  1392  1392 W SYSTEM_UI - CI07.3: className -> CollapsedStatusBarFragment | functionName -> updateHermsDataType | value -> path 3
01-01 00:17:17.092  3739  3739 E HMI2-SETTINGS - CI08.4: className -> WifiActivity | functionName -> mWifiScanReceiver -> onReceive | error ->intent_action:android.net.wifi.STATE_CHANGE
01-01 00:17:17.092  3739  3739 W HMI2-SETTINGS - CI08.4: className -> WifiActivity | functionName -> handleNetworkStateChanged | value -> detailedState->CONNECTING
01-01 00:17:17.092  1151  2234 I WifiService: getConfiguredNetworks uid=1000
01-01 00:17:17.102   924   979 W XTCC-6.1.2.10-a: [LOWIUtils] to_eScanTypeResponse - default case
01-01 00:17:17.102   924   979 W XTCC-6.1.2.10-a: [WifiScanner] WiFi scan result : [45] AP's, async result: 1
01-01 00:17:17.125   808   808 I wificond: Enters wifigbk_ageOutHistory
01-01 00:17:17.131  1151  1317 D WifiConfiguration: configKey: false
01-01 00:17:17.133  2145  2145 D HMI_SERVICE: USE_CASE_NA|FUN=HmiApplication| [action] android.net.wifi.supplicant.STATE_CHANGE
01-01 00:17:17.133  3739  3739 W HMI2-SETTINGS - CI08.4: className -> WifiActivity | functionName -> getConfig: success-> | value -> "RSE_Test"
01-01 00:17:17.133  3739  3739 W HMI2-SETTINGS - CI08.4: className -> WifiActivity | functionName -> getConnectSummary | value -> getConnectSummaryID: 41 SSID: "RSE_Test" PROVIDER-NAME: null BSSID: null FQDN: null PRIO: 0 HIDDEN: false
01-01 00:17:17.133  3739  3739 W HMI2-SETTINGS - CI08.4:  NetworkSelectionStatus NETWORK_SELECTION_ENABLED
01-01 00:17:17.133  3739  3739 W HMI2-SETTINGS - CI08.4:  hasEverConnected: false
01-01 00:17:17.133  3739  3739 W HMI2-SETTINGS - CI08.4:  KeyMgmt: WPA_PSK Protocols: WPA RSN
01-01 00:17:17.133  3739  3739 W HMI2-SETTINGS - CI08.4:  AuthAlgorithms: OPEN
01-01 00:17:17.133  3739  3739 W HMI2-SETTINGS - CI08.4:  PairwiseCiphers: TKIP CCMP
01-01 00:17:17.133  3739  3739 W HMI2-SETTINGS - CI08.4:  GroupCiphers: TKIP CCMP
01-01 00:17:17.133  3739  3739 W HMI2-SETTINGS - CI08.4:  PSK: *
01-01 00:17:17.133  3739  3739 W HMI2-SETTINGS - CI08.4: 
01-01 00:17:17.133  3739  3739 W HMI2-SETTINGS - CI08.4:  sim_num 
01-01 00:17:17.133  3739  3739 W HMI2-SETTINGS - CI08.4: Enterprise config:
01-01 00:17:17.133  3739  3739 W HMI2-SETTINGS - CI08.4: IP config:
01-01 00:17:17.133  3739  3739 W HMI2-SETTINGS - CI08.4: IP assignment: DHCP
01-01 00:17:17.133  3739  3739 W HMI2-SETTINGS - CI08.4: Proxy settings: NONE
01-01 00:17:17.133  3739  3739 W HMI2-SETTINGS - CI08.4:  cuid=1000 cname=android.uid.system:1000 luid=1000 lname=android.uid.system:1000 lcuid=1000 userApproved=USER_UNSPECIFIED noInternetAccessExpected=false roamingFailureBlackListTimeMilli: 1000
01-01 00:17:17.133  3739  3739 W HMI2-SETTINGS - CI08.4: recentFailure: Association Rejection code: 0
01-01 00:17:17.133  3739  3739 W HMI2-SETTINGS - CI08.4: ShareThisAp: false
01-01 00:17:17.134  3739  3739 W HMI2-SETTINGS - CI08.4: className -> WifiActivity | functionName -> getConnectSummary : | value ->  Saved
01-01 00:17:17.198  3023  3023 E wpa_supplicant: Notifying state change event to hidl control: 6
01-01 00:17:17.198  3023  3023 I wpa_supplicant: wlan0: Associated with ec:58:ea:f6:10:88
01-01 00:17:17.201  2145  2145 D HMI_SERVICE: USE_CASE_NA|FUN=HmiApplication| [action] android.net.wifi.supplicant.STATE_CHANGE
01-01 00:17:17.212  3023  3023 E wpa_supplicant: Notifying state change event to hidl control: 7
01-01 00:17:17.215  1392  1392 W SYSTEM_UI: SWR_SYSTEM_UI_008|FUN=CollapsedStatusBarFragment::AndroidEventReceiver | getAction |1|Broadcast action:android.net.wifi.STATE_CHANGE received
01-01 00:17:17.215  1508  1601 W QCNEJ   : |CORE| notifyWifiStatusChanged failed
01-01 00:17:17.215  1508  1601 W QCNEJ   : |CORE| notifyRatConnectionStatusChanged failed
01-01 00:17:17.215  1392  1392 W SYSTEM_UI - CI07.3: className -> CollapsedStatusBarFragment | functionName -> AndroidEventReceiver | onReceive -->  | value -> Wifi connection status--> false
01-01 00:17:17.215  1392  1392 W SYSTEM_UI: SWR_SYSTEM_UI_008|FUN=CollapsedStatusBarFragment::isConnected |1|Wifi connection status--> false
01-01 00:17:17.215  1392  1392 W SYSTEM_UI - CI07.3: className -> CollapsedStatusBarFragment | functionName -> updateHermsDataType | value -> Update Herms Data Type :: networkType --> 0
01-01 00:17:17.215  1392  1392 W SYSTEM_UI - CI07.3: className -> CollapsedStatusBarFragment | functionName -> updateHermsDataType | value -> Update Herms Data Type :: isWebsiteSecure --> false
01-01 00:17:17.215  1392  1392 W SYSTEM_UI - CI07.3: className -> CollapsedStatusBarFragment | functionName -> updateHermsDataType | value -> Update Herms Data Type :: connection status --> 1
01-01 00:17:17.215  1392  1392 W SYSTEM_UI - CI07.3: className -> CollapsedStatusBarFragment | functionName -> updateHermsDataType | value -> Update Herms Data Type :: data Transfer --> false
01-01 00:17:17.215  1392  1392 W SYSTEM_UI - CI07.3: className -> CollapsedStatusBarFragment | functionName -> updateHermsDataType | value -> Update Herms Data Type :: wifiConnectionStatus --> false
01-01 00:17:17.215  1392  1392 W SYSTEM_UI - CI07.3: className -> CollapsedStatusBarFragment | functionName -> updateHermsDataType | value -> path 2
01-01 00:17:17.215  1392  1392 W SYSTEM_UI - CI07.3: className -> CollapsedStatusBarFragment | functionName -> updateHermsDataType | value -> path 3
01-01 00:17:17.216  2145  2145 D HMI_SERVICE: USE_CASE_NA|FUN=HmiApplication| [action] android.net.wifi.STATE_CHANGE
01-01 00:17:17.216  3739  3739 E HMI2-SETTINGS - CI08.4: className -> WifiActivity | functionName -> mWifiScanReceiver -> onReceive | error ->intent_action:android.net.wifi.STATE_CHANGE
01-01 00:17:17.216  3739  3739 W HMI2-SETTINGS - CI08.4: className -> WifiActivity | functionName -> handleNetworkStateChanged | value -> detailedState->AUTHENTICATING
01-01 00:17:17.217  1151  4493 I WifiService: getConfiguredNetworks uid=1000
01-01 00:17:17.218  3739  3739 W HMI2-SETTINGS - CI08.4: className -> WifiActivity | functionName -> getConfig: success-> | value -> "RSE_Test"
01-01 00:17:17.218  3739  3739 W HMI2-SETTINGS - CI08.4: className -> WifiActivity | functionName -> getConnectSummary | value -> getConnectSummaryID: 41 SSID: "RSE_Test" PROVIDER-NAME: null BSSID: null FQDN: null PRIO: 0 HIDDEN: false
01-01 00:17:17.218  3739  3739 W HMI2-SETTINGS - CI08.4:  NetworkSelectionStatus NETWORK_SELECTION_ENABLED
01-01 00:17:17.218  3739  3739 W HMI2-SETTINGS - CI08.4:  hasEverConnected: false
01-01 00:17:17.218  3739  3739 W HMI2-SETTINGS - CI08.4:  KeyMgmt: WPA_PSK Protocols: WPA RSN
01-01 00:17:17.218  3739  3739 W HMI2-SETTINGS - CI08.4:  AuthAlgorithms: OPEN
01-01 00:17:17.218  3739  3739 W HMI2-SETTINGS - CI08.4:  PairwiseCiphers: TKIP CCMP
01-01 00:17:17.218  3739  3739 W HMI2-SETTINGS - CI08.4:  GroupCiphers: TKIP CCMP
01-01 00:17:17.218  3739  3739 W HMI2-SETTINGS - CI08.4:  PSK: *
01-01 00:17:17.218  3739  3739 W HMI2-SETTINGS - CI08.4: 
01-01 00:17:17.218  3739  3739 W HMI2-SETTINGS - CI08.4:  sim_num 
01-01 00:17:17.218  3739  3739 W HMI2-SETTINGS - CI08.4: Enterprise config:
01-01 00:17:17.218  3739  3739 W HMI2-SETTINGS - CI08.4: IP config:
01-01 00:17:17.218  3739  3739 W HMI2-SETTINGS - CI08.4: IP assignment: DHCP
01-01 00:17:17.218  3739  3739 W HMI2-SETTINGS - CI08.4: Proxy settings: NONE
01-01 00:17:17.218  3739  3739 W HMI2-SETTINGS - CI08.4:  cuid=1000 cname=android.uid.system:1000 luid=1000 lname=android.uid.system:1000 lcuid=1000 userApproved=USER_UNSPECIFIED noInternetAccessExpected=false roamingFailureBlackListTimeMilli: 1000
01-01 00:17:17.218  3739  3739 W HMI2-SETTINGS - CI08.4: recentFailure: Association Rejection code: 0
01-01 00:17:17.218  3739  3739 W HMI2-SETTINGS - CI08.4: ShareThisAp: false
01-01 00:17:17.218  3739  3739 W HMI2-SETTINGS - CI08.4: className -> WifiActivity | functionName -> getConnectSummary : | value ->  Saved
01-01 00:17:17.219  2145  2145 D HMI_SERVICE: USE_CASE_NA|FUN=HmiApplication| [action] android.net.wifi.supplicant.STATE_CHANGE
01-01 00:17:17.234  3023  3023 E wpa_supplicant: Notifying state change event to hidl control: 8
01-01 00:17:17.237  3023  3023 I wpa_supplicant: wlan0: WPA: Key negotiation completed with ec:58:ea:f6:10:88 [PTK=CCMP GTK=CCMP]
01-01 00:17:17.238  3023  3023 I wpa_supplicant: wlan0: CTRL-EVENT-CONNECTED - Connection to ec:58:ea:f6:10:88 completed [id=0 id_str=%7B%22configKey%22%3A%22%5C%22RSE_Test%5C%22WPA_PSK%22%2C%22creatorUid%22%3A%221000%22%7D]
01-01 00:17:17.239  2145  2145 D HMI_SERVICE: USE_CASE_NA|FUN=HmiApplication| [action] android.net.wifi.supplicant.STATE_CHANGE
01-01 00:17:17.239  3023  3023 E wpa_supplicant: Notifying state change event to hidl control: 9
01-01 00:17:17.243  1508  1601 W QCNEJ   : |CORE| notifyWifiStatusChanged failed
01-01 00:17:17.243  1508  1601 W QCNEJ   : |CORE| notifyRatConnectionStatusChanged failed
01-01 00:17:17.243  1392  1392 W SYSTEM_UI: SWR_SYSTEM_UI_008|FUN=CollapsedStatusBarFragment::AndroidEventReceiver | getAction |1|Broadcast action:android.net.wifi.STATE_CHANGE received
01-01 00:17:17.244  1392  1392 W SYSTEM_UI - CI07.3: className -> CollapsedStatusBarFragment | functionName -> AndroidEventReceiver | onReceive -->  | value -> Wifi connection status--> false
01-01 00:17:17.244  1392  1392 W SYSTEM_UI: SWR_SYSTEM_UI_008|FUN=CollapsedStatusBarFragment::isConnected |1|Wifi connection status--> false
01-01 00:17:17.244  2145  2145 D HMI_SERVICE: USE_CASE_NA|FUN=HmiApplication| [action] android.net.wifi.STATE_CHANGE
01-01 00:17:17.244  1392  1392 W SYSTEM_UI - CI07.3: className -> CollapsedStatusBarFragment | functionName -> updateHermsDataType | value -> Update Herms Data Type :: networkType --> 0
01-01 00:17:17.244  1392  1392 W SYSTEM_UI - CI07.3: className -> CollapsedStatusBarFragment | functionName -> updateHermsDataType | value -> Update Herms Data Type :: isWebsiteSecure --> false
01-01 00:17:17.244  1392  1392 W SYSTEM_UI - CI07.3: className -> CollapsedStatusBarFragment | functionName -> updateHermsDataType | value -> Update Herms Data Type :: connection status --> 1
01-01 00:17:17.244  1392  1392 W SYSTEM_UI - CI07.3: className -> CollapsedStatusBarFragment | functionName -> updateHermsDataType | value -> Update Herms Data Type :: data Transfer --> false
01-01 00:17:17.244  1392  1392 W SYSTEM_UI - CI07.3: className -> CollapsedStatusBarFragment | functionName -> updateHermsDataType | value -> Update Herms Data Type :: wifiConnectionStatus --> false
01-01 00:17:17.244  1392  1392 W SYSTEM_UI - CI07.3: className -> CollapsedStatusBarFragment | functionName -> updateHermsDataType | value -> path 2
01-01 00:17:17.244  1392  1392 W SYSTEM_UI - CI07.3: className -> CollapsedStatusBarFragment | functionName -> updateHermsDataType | value -> path 3
01-01 00:17:17.244  3739  3739 E HMI2-SETTINGS - CI08.4: className -> WifiActivity | functionName -> mWifiScanReceiver -> onReceive | error ->intent_action:android.net.wifi.STATE_CHANGE
01-01 00:17:17.244  3739  3739 W HMI2-SETTINGS - CI08.4: className -> WifiActivity | functionName -> handleNetworkStateChanged | value -> detailedState->AUTHENTICATING
01-01 00:17:17.245  1151  1317 D WifiConfiguration: configKey: false
01-01 00:17:17.245  1151  1317 D WifiConfiguration: configKey: false
01-01 00:17:17.245  1151  2234 I WifiService: getConfiguredNetworks uid=1000
01-01 00:17:17.246   921  1439 I LOWI-8.5.0.3.c: [LOWI-Scan] get_intf_mode: WLAN interface type 2, err 0
01-01 00:17:17.248  1508  1601 W QCNEJ   : |CORE| notifyWifiStatusChanged failed
01-01 00:17:17.249  1508  1601 W QCNEJ   : |CORE| notifyRatConnectionStatusChanged failed
01-01 00:17:17.249  2145  2145 D HMI_SERVICE: USE_CASE_NA|FUN=HmiApplication| [action] android.net.wifi.STATE_CHANGE
01-01 00:17:17.249  1392  1392 W SYSTEM_UI: SWR_SYSTEM_UI_008|FUN=CollapsedStatusBarFragment::AndroidEventReceiver | getAction |1|Broadcast action:android.net.wifi.STATE_CHANGE received
01-01 00:17:17.250  1392  1392 W SYSTEM_UI - CI07.3: className -> CollapsedStatusBarFragment | functionName -> AndroidEventReceiver | onReceive -->  | value -> Wifi connection status--> false
01-01 00:17:17.250  1392  1392 W SYSTEM_UI: SWR_SYSTEM_UI_008|FUN=CollapsedStatusBarFragment::isConnected |1|Wifi connection status--> false
01-01 00:17:17.250  1392  1392 W SYSTEM_UI - CI07.3: className -> CollapsedStatusBarFragment | functionName -> updateHermsDataType | value -> Update Herms Data Type :: networkType --> 0
01-01 00:17:17.250  1392  1392 W SYSTEM_UI - CI07.3: className -> CollapsedStatusBarFragment | functionName -> updateHermsDataType | value -> Update Herms Data Type :: isWebsiteSecure --> false
01-01 00:17:17.250  1392  1392 W SYSTEM_UI - CI07.3: className -> CollapsedStatusBarFragment | functionName -> updateHermsDataType | value -> Update Herms Data Type :: connection status --> 1
01-01 00:17:17.250  1392  1392 W SYSTEM_UI - CI07.3: className -> CollapsedStatusBarFragment | functionName -> updateHermsDataType | value -> Update Herms Data Type :: data Transfer --> false
01-01 00:17:17.250  1392  1392 W SYSTEM_UI - CI07.3: className -> CollapsedStatusBarFragment | functionName -> updateHermsDataType | value -> Update Herms Data Type :: wifiConnectionStatus --> false
01-01 00:17:17.250  1392  1392 W SYSTEM_UI - CI07.3: className -> CollapsedStatusBarFragment | functionName -> updateHermsDataType | value -> path 2
01-01 00:17:17.250  1392  1392 W SYSTEM_UI - CI07.3: className -> CollapsedStatusBarFragment | functionName -> updateHermsDataType | value -> path 3
01-01 00:17:17.198   808   808 I wificond: Enters wifigbk_ageOutHistory
01-01 00:17:17.253  1151  1317 D ConnectivityService: registerNetworkAgent NetworkAgentInfo{ ni{[type: WIFI[], state: CONNECTING/CONNECTING, reason: (unspecified), extra: "RSE_Test", failover: false, available: true, roaming: false]}  network{183}  nethandle{785995451102}  lp{{LinkAddresses: []  Routes: [] DnsAddresses: [] Domains: null MTU: 0}}  nc{[ Transports: WIFI Capabilities: NOT_METERED&INTERNET&NOT_RESTRICTED&TRUSTED&NOT_VPN LinkUpBandwidth>=1048576Kbps LinkDnBandwidth>=1048576Kbps]}  Score{20}  everValidated{false}  lastValidated{false}  created{false} lingering{false} explicitlySelected{false} acceptUnvalidated{false} everCaptivePortalDetected{false} lastCaptivePortalDetected{false} clat{null} }
01-01 00:17:17.254  1151  1325 D ConnectivityService: NetworkAgentInfo [WIFI () - 183] EVENT_NETWORK_INFO_CHANGED, going from null to CONNECTING
01-01 00:17:17.257  1508  1601 W QCNEJ   : |CORE| notifyWifiStatusChanged failed
01-01 00:17:17.257  1508  1601 W QCNEJ   : |CORE| notifyRatConnectionStatusChanged failed
01-01 00:17:17.257  1392  1392 W SYSTEM_UI: SWR_SYSTEM_UI_008|FUN=CollapsedStatusBarFragment::AndroidEventReceiver | getAction |1|Broadcast action:android.net.wifi.STATE_CHANGE received
01-01 00:17:17.257  1392  1392 W SYSTEM_UI - CI07.3: className -> CollapsedStatusBarFragment | functionName -> AndroidEventReceiver | onReceive -->  | value -> Wifi connection status--> false
01-01 00:17:17.257  1392  1392 W SYSTEM_UI: SWR_SYSTEM_UI_008|FUN=CollapsedStatusBarFragment::isConnected |1|Wifi connection status--> false
01-01 00:17:17.257  1392  1392 W SYSTEM_UI - CI07.3: className -> CollapsedStatusBarFragment | functionName -> updateHermsDataType | value -> Update Herms Data Type :: networkType --> 0
01-01 00:17:17.257  1392  1392 W SYSTEM_UI - CI07.3: className -> CollapsedStatusBarFragment | functionName -> updateHermsDataType | value -> Update Herms Data Type :: isWebsiteSecure --> false
01-01 00:17:17.257  1392  1392 W SYSTEM_UI - CI07.3: className -> CollapsedStatusBarFragment | functionName -> updateHermsDataType | value -> Update Herms Data Type :: connection status --> 1
01-01 00:17:17.257  1392  1392 W SYSTEM_UI - CI07.3: className -> CollapsedStatusBarFragment | functionName -> updateHermsDataType | value -> Update Herms Data Type :: data Transfer --> false
01-01 00:17:17.257  1392  1392 W SYSTEM_UI - CI07.3: className -> CollapsedStatusBarFragment | functionName -> updateHermsDataType | value -> Update Herms Data Type :: wifiConnectionStatus --> false
01-01 00:17:17.257  1392  1392 W SYSTEM_UI - CI07.3: className -> CollapsedStatusBarFragment | functionName -> updateHermsDataType | value -> path 2
01-01 00:17:17.257  1392  1392 W SYSTEM_UI - CI07.3: className -> CollapsedStatusBarFragment | functionName -> updateHermsDataType | value -> path 3
01-01 00:17:17.257  2145  2145 D HMI_SERVICE: USE_CASE_NA|FUN=HmiApplication| [action] android.net.wifi.STATE_CHANGE
01-01 00:17:17.260  1151  1317 E SupplicantStaIfaceHal: ISupplicantStaIface.setBtCoexistenceMode failed: FAILURE_UNKNOWN, 
01-01 00:17:17.261   625   625 D WifiHAL : Getting APF capabilities, halHandle = 0x7f734319a0
01-01 00:17:17.261   625   625 I WifiHAL : 
01-01 00:17:17.261   625   625 I WifiHAL : createRequest: APF get capabilities request
01-01 00:17:17.261   625   625 I WifiHAL : Request Response failed for APF, result = -95
01-01 00:17:17.262  1151  1317 E WifiVendorHal: getApfCapabilities(l.1623) failed {.code = ERROR_UNKNOWN, .description = errno: -95 (Unknown error -95)}
01-01 00:17:17.269  1151  1317 E WifiVendorHal: configureNeighborDiscoveryOffload(l.2366) failed {.code = ERROR_UNKNOWN, .description = errno: -95 (Unknown error -95)}
01-01 00:17:17.270  3739  3739 W HMI2-SETTINGS - CI08.4: className -> WifiActivity | functionName -> getConfig: success-> | value -> "RSE_Test"
01-01 00:17:17.270  3739  3739 W HMI2-SETTINGS - CI08.4: className -> WifiActivity | functionName -> getConnectSummary | value -> getConnectSummaryID: 41 SSID: "RSE_Test" PROVIDER-NAME: null BSSID: null FQDN: null PRIO: 0 HIDDEN: false
01-01 00:17:17.270  3739  3739 W HMI2-SETTINGS - CI08.4:  NetworkSelectionStatus NETWORK_SELECTION_ENABLED
01-01 00:17:17.270  3739  3739 W HMI2-SETTINGS - CI08.4:  hasEverConnected: false
01-01 00:17:17.270  3739  3739 W HMI2-SETTINGS - CI08.4:  KeyMgmt: WPA_PSK Protocols: WPA RSN
01-01 00:17:17.270  3739  3739 W HMI2-SETTINGS - CI08.4:  AuthAlgorithms: OPEN
01-01 00:17:17.270  3739  3739 W HMI2-SETTINGS - CI08.4:  PairwiseCiphers: TKIP CCMP
01-01 00:17:17.270  3739  3739 W HMI2-SETTINGS - CI08.4:  GroupCiphers: TKIP CCMP
01-01 00:17:17.270  3739  3739 W HMI2-SETTINGS - CI08.4:  PSK: *
01-01 00:17:17.270  3739  3739 W HMI2-SETTINGS - CI08.4: 
01-01 00:17:17.270  3739  3739 W HMI2-SETTINGS - CI08.4:  sim_num 
01-01 00:17:17.270  3739  3739 W HMI2-SETTINGS - CI08.4: Enterprise config:
01-01 00:17:17.270  3739  3739 W HMI2-SETTINGS - CI08.4: IP config:
01-01 00:17:17.270  3739  3739 W HMI2-SETTINGS - CI08.4: IP assignment: DHCP
01-01 00:17:17.270  3739  3739 W HMI2-SETTINGS - CI08.4: Proxy settings: NONE
01-01 00:17:17.270  3739  3739 W HMI2-SETTINGS - CI08.4:  cuid=1000 cname=android.uid.system:1000 luid=1000 lname=android.uid.system:1000 lcuid=1000 userApproved=USER_UNSPECIFIED noInternetAccessExpected=false roamingFailureBlackListTimeMilli: 1000
01-01 00:17:17.270  3739  3739 W HMI2-SETTINGS - CI08.4: recentFailure: Association Rejection code: 0
01-01 00:17:17.270  3739  3739 W HMI2-SETTINGS - CI08.4: ShareThisAp: false
01-01 00:17:17.270  3739  3739 W HMI2-SETTINGS - CI08.4: className -> WifiActivity | functionName -> getConnectSummary : | value ->  Saved
01-01 00:17:17.270  3739  3739 E HMI2-SETTINGS - CI08.4: className -> WifiActivity | functionName -> mWifiScanReceiver -> onReceive | error ->intent_action:android.net.wifi.STATE_CHANGE
01-01 00:17:17.270  3739  3739 W HMI2-SETTINGS - CI08.4: className -> WifiActivity | functionName -> handleNetworkStateChanged | value -> detailedState->CONNECTING
01-01 00:17:17.271  2145  2145 D HMI_SERVICE: USE_CASE_NA|FUN=HmiApplication| [action] android.net.wifi.supplicant.STATE_CHANGE
01-01 00:17:17.272  1151  2264 I WifiService: getConfiguredNetworks uid=1000
01-01 00:17:17.274  3739  3739 W HMI2-SETTINGS - CI08.4: className -> WifiActivity | functionName -> getConfig: success-> | value -> "RSE_Test"
01-01 00:17:17.274  3739  3739 W HMI2-SETTINGS - CI08.4: className -> WifiActivity | functionName -> getConnectSummary | value -> getConnectSummaryID: 41 SSID: "RSE_Test" PROVIDER-NAME: null BSSID: null FQDN: null PRIO: 0 HIDDEN: false
01-01 00:17:17.274  3739  3739 W HMI2-SETTINGS - CI08.4:  NetworkSelectionStatus NETWORK_SELECTION_ENABLED
01-01 00:17:17.274  3739  3739 W HMI2-SETTINGS - CI08.4:  hasEverConnected: false
01-01 00:17:17.274  3739  3739 W HMI2-SETTINGS - CI08.4:  KeyMgmt: WPA_PSK Protocols: WPA RSN
01-01 00:17:17.274  3739  3739 W HMI2-SETTINGS - CI08.4:  AuthAlgorithms: OPEN
01-01 00:17:17.274  3739  3739 W HMI2-SETTINGS - CI08.4:  PairwiseCiphers: TKIP CCMP
01-01 00:17:17.274  3739  3739 W HMI2-SETTINGS - CI08.4:  GroupCiphers: TKIP CCMP
01-01 00:17:17.274  3739  3739 W HMI2-SETTINGS - CI08.4:  PSK: *
01-01 00:17:17.274  3739  3739 W HMI2-SETTINGS - CI08.4: 
01-01 00:17:17.274  3739  3739 W HMI2-SETTINGS - CI08.4:  sim_num 
01-01 00:17:17.274  3739  3739 W HMI2-SETTINGS - CI08.4: Enterprise config:
01-01 00:17:17.274  3739  3739 W HMI2-SETTINGS - CI08.4: IP config:
01-01 00:17:17.274  3739  3739 W HMI2-SETTINGS - CI08.4: IP assignment: DHCP
01-01 00:17:17.274  3739  3739 W HMI2-SETTINGS - CI08.4: Proxy settings: NONE
01-01 00:17:17.274  3739  3739 W HMI2-SETTINGS - CI08.4:  cuid=1000 cname=android.uid.system:1000 luid=1000 lname=android.uid.system:1000 lcuid=1000 userApproved=USER_UNSPECIFIED noInternetAccessExpected=false roamingFailureBlackListTimeMilli: 1000
01-01 00:17:17.274  3739  3739 W HMI2-SETTINGS - CI08.4: recentFailure: Association Rejection code: 0
01-01 00:17:17.274  3739  3739 W HMI2-SETTINGS - CI08.4: ShareThisAp: false
01-01 00:17:17.274  3739  3739 W HMI2-SETTINGS - CI08.4: className -> WifiActivity | functionName -> getConnectSummary : | value ->  Saved
01-01 00:17:17.277  3739  3739 E HMI2-SETTINGS - CI08.4: className -> WifiActivity | functionName -> mWifiScanReceiver -> onReceive | error ->intent_action:android.net.wifi.STATE_CHANGE
01-01 00:17:17.277  3739  3739 W HMI2-SETTINGS - CI08.4: className -> WifiActivity | functionName -> handleNetworkStateChanged | value -> detailedState->OBTAINING_IPADDR
01-01 00:17:17.280  1151  4493 I WifiService: getConfiguredNetworks uid=1000
01-01 00:17:17.282  3739  3739 W HMI2-SETTINGS - CI08.4: className -> WifiActivity | functionName -> getConfig: success-> | value -> "RSE_Test"
01-01 00:17:17.282  3739  3739 W HMI2-SETTINGS - CI08.4: className -> WifiActivity | functionName -> getConnectSummary | value -> getConnectSummaryID: 41 SSID: "RSE_Test" PROVIDER-NAME: null BSSID: null FQDN: null PRIO: 0 HIDDEN: false
01-01 00:17:17.282  3739  3739 W HMI2-SETTINGS - CI08.4:  NetworkSelectionStatus NETWORK_SELECTION_ENABLED
01-01 00:17:17.282  3739  3739 W HMI2-SETTINGS - CI08.4:  hasEverConnected: false
01-01 00:17:17.282  3739  3739 W HMI2-SETTINGS - CI08.4:  KeyMgmt: WPA_PSK Protocols: WPA RSN
01-01 00:17:17.282  3739  3739 W HMI2-SETTINGS - CI08.4:  AuthAlgorithms: OPEN
01-01 00:17:17.282  3739  3739 W HMI2-SETTINGS - CI08.4:  PairwiseCiphers: TKIP CCMP
01-01 00:17:17.282  3739  3739 W HMI2-SETTINGS - CI08.4:  GroupCiphers: TKIP CCMP
01-01 00:17:17.282  3739  3739 W HMI2-SETTINGS - CI08.4:  PSK: *
01-01 00:17:17.282  3739  3739 W HMI2-SETTINGS - CI08.4: 
01-01 00:17:17.282  3739  3739 W HMI2-SETTINGS - CI08.4:  sim_num 
01-01 00:17:17.282  3739  3739 W HMI2-SETTINGS - CI08.4: Enterprise config:
01-01 00:17:17.282  3739  3739 W HMI2-SETTINGS - CI08.4: IP config:
01-01 00:17:17.282  3739  3739 W HMI2-SETTINGS - CI08.4: IP assignment: DHCP
01-01 00:17:17.282  3739  3739 W HMI2-SETTINGS - CI08.4: Proxy settings: NONE
01-01 00:17:17.282  3739  3739 W HMI2-SETTINGS - CI08.4:  cuid=1000 cname=android.uid.system:1000 luid=1000 lname=android.uid.system:1000 lcuid=1000 userApproved=USER_UNSPECIFIED noInternetAccessExpected=false roamingFailureBlackListTimeMilli: 1000
01-01 00:17:17.282  3739  3739 W HMI2-SETTINGS - CI08.4: recentFailure: Association Rejection code: 0
01-01 00:17:17.282  3739  3739 W HMI2-SETTINGS - CI08.4: ShareThisAp: false
01-01 00:17:17.282  3739  3739 W HMI2-SETTINGS - CI08.4: className -> WifiActivity | functionName -> getConnectSummary : | value ->  Saved
01-01 00:17:17.335  1151  7639 D DhcpClient: Receive thread started
01-01 00:17:17.389  1933  1933 I LCMANDR : SWR_OOB_HV_MF_009|FUN=ResourceMonitoringService::movingMemoryAverage|2|Moving memory average :27.321966
01-01 00:17:17.389  1933  1933 W LCMANDR : SWR_OOB_HV_MF_009|FUN=ResourceMonitoringService::getCpuUsageStatistic|Moving MEM AVG :::::::::27.321966
01-01 00:17:17.390  1933  1933 W LCMANDR : SWR_OOB_HV_MF_009|FUN=ResourceMonitoringService::getCpuUsageStatistic|2|Total cpu usage :20.089787
01-01 00:17:17.390  1933  1933 I LCMANDR : SWR_OOB_HV_MF_009|FUN=ResourceMonitoringService::getCpuUsageStatistic|Cpu usage of core  0 is22.972973
01-01 00:17:17.390  1933  1933 I LCMANDR : SWR_OOB_HV_MF_009|FUN=ResourceMonitoringService::getCpuUsageStatistic|Cpu usage of core  1 is19.932432
01-01 00:17:17.391  1933  1933 I LCMANDR : SWR_OOB_HV_MF_009|FUN=ResourceMonitoringService::getCpuUsageStatistic|Cpu usage of core  2 is17.391304
01-01 00:17:17.391  1933  1933 I LCMANDR : ResourceMonitoringService::movingCpuAverage()
01-01 00:17:17.391  1933  1933 I LCMANDR : SWR_OOB_HV_MF_009|FUN=ResourceMonitoringService::movingCpuAverage|2|Moving window average of CPU 23.853737
01-01 00:17:17.391  1933  1933 I LCMANDR : SWR_OOB_HV_MF_009|FUN=ResourceMonitoringService::movingCpuAverage|2|Cpu moving average of core  0 is26.296137
01-01 00:17:17.391  1933  1933 I LCMANDR : SWR_OOB_HV_MF_009|FUN=ResourceMonitoringService::movingCpuAverage|2|Cpu moving average of core  1 is22.317215
01-01 00:17:17.391  1933  1933 I LCMANDR : SWR_OOB_HV_MF_009|FUN=ResourceMonitoringService::movingCpuAverage|2|Cpu moving average of core  2 is22.941181
01-01 00:17:17.391  1933  1933 D LCMANDR : SWR_OOB_HV_MF_009|FUN=ResourceMonitoringService::movingCpuAverage|2|Exiting VAL = 23.853737
01-01 00:17:17.409  1151  1317 E SupplicantStaIfaceHal: ISupplicantStaIface.setBtCoexistenceMode failed: FAILURE_UNKNOWN, 
01-01 00:17:17.418  1151  7637 D DhcpClient: Broadcasting DHCPDISCOVER
01-01 00:17:17.424  1151  7639 D DhcpClient: Received packet: 00:9d:6b:17:da:19 OFFER, ip /192.168.0.61, mask /255.255.255.0, DNS servers: /8.8.8.8 , gateways [/192.168.0.1] lease time 691200, domain null
01-01 00:17:17.426  1151  7637 D DhcpClient: server address: 192.168.0.1 client address: 192.168.0.61/24 iface: wlan0 rapid commit: false
01-01 00:17:17.426  1151  7637 D DhcpClient: Got pending lease: IP address 192.168.0.61/24 Gateway 192.168.0.1  DNS servers: [ 8.8.8.8 ] Domains  DHCP server /192.168.0.1 Vendor info null lease 691200 seconds
01-01 00:17:17.427  1151  7637 D DhcpClient: Broadcasting DHCPREQUEST ciaddr=0.0.0.0 request=192.168.0.61 serverid=192.168.0.1
01-01 00:17:17.480   729   748 I sssv-lib: sendMsg enter
01-01 00:17:17.480   729   748 I sssv-lib: sendMsg complete.
01-01 00:17:17.988   635   635 E ANDR-PERF-TARGET: Error: Invalid logical cluster id 0
01-01 00:17:17.988   635   635 E ANDR-PERF-MPCTL: invalid request, no optimizations performed
01-01 00:17:18.004   635   635 E ANDR-PERF-TARGET: Error: Invalid logical cluster id 0
01-01 00:17:18.004   635   635 E ANDR-PERF-MPCTL: invalid request, no optimizations performed
01-01 00:17:18.021   635   635 E ANDR-PERF-TARGET: Error: Invalid logical cluster id 0
01-01 00:17:18.021   635   635 E ANDR-PERF-MPCTL: invalid request, no optimizations performed
01-01 00:17:18.038   635   635 E ANDR-PERF-TARGET: Error: Invalid logical cluster id 0
01-01 00:17:18.038   635   635 E ANDR-PERF-MPCTL: invalid request, no optimizations performed
01-01 00:17:18.038   635   635 E ANDR-PERF-TARGET: Error: Invalid logical cluster id 0
01-01 00:17:18.038   635   635 E ANDR-PERF-MPCTL: invalid request, no optimizations performed
01-01 00:17:18.054   635   635 E ANDR-PERF-TARGET: Error: Invalid logical cluster id 0
01-01 00:17:18.054   635   635 E ANDR-PERF-MPCTL: invalid request, no optimizations performed
01-01 00:17:18.071   635   635 E ANDR-PERF-TARGET: Error: Invalid logical cluster id 0
01-01 00:17:18.071   635   635 E ANDR-PERF-MPCTL: invalid request, no optimizations performed
01-01 00:17:18.088   635   635 E ANDR-PERF-TARGET: Error: Invalid logical cluster id 0
01-01 00:17:18.088   635   635 E ANDR-PERF-MPCTL: invalid request, no optimizations performed
01-01 00:17:18.104   635   635 E ANDR-PERF-TARGET: Error: Invalid logical cluster id 0
01-01 00:17:18.105   635   635 E ANDR-PERF-MPCTL: invalid request, no optimizations performed
01-01 00:17:18.121   635   635 E ANDR-PERF-TARGET: Error: Invalid logical cluster id 0
01-01 00:17:18.121   635   635 E ANDR-PERF-MPCTL: invalid request, no optimizations performed
01-01 00:17:18.138   635   635 E ANDR-PERF-TARGET: Error: Invalid logical cluster id 0
01-01 00:17:18.138   635   635 E ANDR-PERF-MPCTL: invalid request, no optimizations performed
01-01 00:17:18.155   635   635 E ANDR-PERF-TARGET: Error: Invalid logical cluster id 0
01-01 00:17:18.155   635   635 E ANDR-PERF-MPCTL: invalid request, no optimizations performed
01-01 00:17:18.171   635   635 E ANDR-PERF-TARGET: Error: Invalid logical cluster id 0
01-01 00:17:18.171   635   635 E ANDR-PERF-MPCTL: invalid request, no optimizations performed
01-01 00:17:18.188   635   635 E ANDR-PERF-TARGET: Error: Invalid logical cluster id 0
01-01 00:17:18.188   635   635 E ANDR-PERF-MPCTL: invalid request, no optimizations performed
01-01 00:17:18.205   635   635 E ANDR-PERF-TARGET: Error: Invalid logical cluster id 0
01-01 00:17:18.205   635   635 E ANDR-PERF-MPCTL: invalid request, no optimizations performed
01-01 00:17:18.221   635   635 E ANDR-PERF-TARGET: Error: Invalid logical cluster id 0
01-01 00:17:18.221   635   635 E ANDR-PERF-MPCTL: invalid request, no optimizations performed
01-01 00:17:18.233  3675  7633 W InteractionController: runAndwaitForEvents timed out waiting for events
01-01 00:17:18.233  3675  7633 D InteractionController: Vertical scrollSwipe reached scroll end: false
01-01 00:17:18.233  3675  7633 D UiScrollable: scrollBackward() on selector = UiSelector[SCROLLABLE=true]
01-01 00:17:18.238   635   635 E ANDR-PERF-TARGET: Error: Invalid logical cluster id 0
01-01 00:17:18.238   635   635 E ANDR-PERF-MPCTL: invalid request, no optimizations performed
01-01 00:17:18.255   635   635 E ANDR-PERF-TARGET: Error: Invalid logical cluster id 0
01-01 00:17:18.255   635   635 E ANDR-PERF-MPCTL: invalid request, no optimizations performed
01-01 00:17:18.272   635   635 E ANDR-PERF-TARGET: Error: Invalid logical cluster id 0
01-01 00:17:18.272   635   635 E ANDR-PERF-MPCTL: invalid request, no optimizations performed
01-01 00:17:18.288   635   635 E ANDR-PERF-TARGET: Error: Invalid logical cluster id 0
01-01 00:17:18.288   635   635 E ANDR-PERF-MPCTL: invalid request, no optimizations performed
