01-01 01:04:17.188  1519  1964 I Connectivity_AIDL|AIDL_Handler.AIDL_Helpers.LcmHelper: MBUX App Method: KeepAliveTest |Line No: 408 |Log Type: Critical |Message: ChildThread:MBUX-App HB Count: 1530, ResponseCode: 0
01-01 01:04:17.200  2054  2054 E         : 
01-01 01:04:17.200  2054  2054 E         : <6>[ 3512.311922] QSEECOM: scm_call_qcpe:429 : IN: 0x42000d0a, 0x3, 0x0, 0x42c1, 0x77f, 0x0, 0x0
01-01 01:04:17.200  2054  2054 E         : <6>[ 3512.313048] QSEECOM: scm_call_qcpe:503 : OUT: 0x0, 0x0, 0x0, 0x0
01-01 01:04:17.200  2054  2054 E         : <6>[ 3512.326966] QSEECOM: scm_call_qcpe:429 : IN: 0x42000d0a, 0x3, 0x0, 0x3ac2, 0x788, 0x0, 0x0
01-01 01:04:17.200  2054  2054 E         : <6>[ 3512.328766] QSEECOM: scm_call_qcpe:503 : OUT: 0x0, 0x0, 0x0, 0x0
01-01 01:04:17.200  2054  2054 E         : <6>[ 3512.343883] QSEECOM: scm_call_qcpe:429 : IN: 0x42000d0a, 0x3, 0x0, 0x420b, 0x76d, 0x0, 0x0
01-01 01:04:17.200  2054  2054 E         : <6>[ 3512.345235] QSEECOM: scm_call_qcpe:503 : OUT: 0x0, 0x0, 0x0, 0x0
01-01 01:04:17.200  2054  2054 E         : <6>[ 3512.361523] QSEECOM: scm_call_qcpe:429 : IN: 0x42000d0a, 0x3, 0x0, 0x44f1, 0x77b, 0x0, 0x0
01-01 01:04:17.200  2054  2054 E         : <6>[ 3512.362651] QSEECOM: scm_call_qcpe:503 : OUT: 0x0, 0x1, 0x0, 0x0
01-01 01:04:17.200  2054  2054 E         : <6>[ 3512.378364] QSEECOM: scm_call_qcpe:429 : IN: 0x42000d0a, 0x3, 0x0, 0x41c9, 0x777, 0x0, 0x0
01-01 01:04:17.200  2054  2054 E         : <6>[ 3512.379422] QSEECOM: scm_call_qcpe:503 : OUT: 0x0, 0x0, 0x0, 0x0
01-01 01:04:17.200  2054  2054 E         : <6>[ 3512.394680] QSEECOM: scm_call_qcpe:429 : IN: 0x42000d0a, 0x3, 0x0, 0x3fbd, 0x780, 0x0, 0x0
01-01 01:04:17.200  2054  2054 E         : <6>[ 3512.395773] QSEECOM: scm_call_qcpe:503 : OUT: 0x0, 0x0, 0x0, 0x0
01-01 01:04:17.200  2054  2054 E         : <6>[ 3512.4107
01-01 01:04:17.204  2054  2054 E         : USB Hub Detector 1.0
01-01 01:04:17.231  3675 19559 I QueryController: Matched selector: UiSelector[SCROLLABLE=true] <<==>> [android.view.accessibility.AccessibilityNodeInfo@3e65d26; boundsInParent: Rect(0, 770 - 1332, 1659); boundsInScreen: Rect(305, 172 - 1637, 1061); packageName: com.panasonic.hmi2settings; className: android.widget.ScrollView; text: null; error: null; maxTextLength: -1; contentDescription: null; viewIdResName: com.panasonic.hmi2settings:id/scrollWifi; checkable: false; checked: false; focusable: true; focused: false; selected: false; clickable: false; longClickable: false; contextClickable: false; enabled: true; password: false; scrollable: true; importantForAccessibility: true; actions: [AccessibilityAction: ACTION_FOCUS - null, AccessibilityAction: ACTION_SELECT - null, AccessibilityAction: ACTION_CLEAR_SELECTION - null, AccessibilityAction: ACTION_ACCESSIBILITY_FOCUS - null, AccessibilityAction: ACTION_SCROLL_FORWARD - null, AccessibilityAction: ACTION_SCROLL_BACKWARD - null, AccessibilityAction: ACTION_SHOW_ON_SCREEN - null]]
01-01 01:04:17.231  3675 19559 D UiScrollable: scrollToBegining() using vertical scroll
01-01 01:04:17.231  3675 19559 D InteractionController: scrollSwipe (971, 260, 971, 973, 55)
01-01 01:04:17.307  3023  3023 I wpa_supplicant: CTRL-EVENT-SCAN-RESULTS Scan completed in 0.810188 seconds
01-01 01:04:17.307   808   808 I wificond: Received external scan result notification from kernel.
01-01 01:04:17.308  1151  2233 D WificondControl: Scan result ready event
01-01 01:04:17.308  1151  1323 W AlarmManager: Unrecognized alarm listener com.android.server.wifi.scanner.WificondScannerImpl$3@207a0a6
01-01 01:04:17.308  1151  1323 I WifiService: isScanAlwaysAvailable uid=1000
01-01 01:04:17.308  3023  3023 I wpa_supplicant: wlan0: Trying to associate with SSID 'RSE_Test'
01-01 01:04:17.308  1151  1323 I WifiService: getWifiEnabledState uid=1000
01-01 01:04:17.309  3023  3023 E wpa_supplicant: Notifying state change event to hidl control: 5
01-01 01:04:17.309   921  1439 I LOWI-8.5.0.3.c: [LOWI-Scan] lowi_close_record:Scan completed in 3837348ms and Recieved 42 APs scan results
01-01 01:04:17.309   808   808 I wificond: Enters wifigbk_ageOutHistory
01-01 01:04:17.312   921   961 I LOWI-8.5.0.3.c: [LOWIUtils] responseToOutPostcard - TO: GTP-FDAL, FROM:   LOWI-SERVER, RESP:  LOWI_ASYNC_DISCOVERY_SCAN_RESULTS
01-01 01:04:17.319   924   979 W XTCC-6.1.2.10-a: [LOWIUtils] to_eScanTypeResponse - default case
01-01 01:04:17.319   924   979 W XTCC-6.1.2.10-a: [WifiScanner] WiFi scan result : [42] AP's, async result: 1
01-01 01:04:17.320  1151  1317 D WifiConfiguration: configKey: false
01-01 01:04:17.323  2145  2145 D HMI_SERVICE: USE_CASE_NA|FUN=HmiApplication| [action] android.net.wifi.STATE_CHANGE
01-01 01:04:17.324  1392  1392 W SYSTEM_UI: SWR_SYSTEM_UI_008|FUN=CollapsedStatusBarFragment::AndroidEventReceiver | getAction |1|Broadcast action:android.net.wifi.STATE_CHANGE received
01-01 01:04:17.324  3739  3739 E HMI2-SETTINGS - CI08.4: className -> WifiActivity | functionName -> mWifiScanReceiver -> onReceive | error ->intent_action:android.net.wifi.STATE_CHANGE
01-01 01:04:17.324  3739  3739 W HMI2-SETTINGS - CI08.4: className -> WifiActivity | functionName -> handleNetworkStateChanged | value -> detailedState->CONNECTING
01-01 01:04:17.325  1392  1392 W SYSTEM_UI - CI07.3: className -> CollapsedStatusBarFragment | functionName -> AndroidEventReceiver | onReceive -->  | value -> Wifi connection status--> false
01-01 01:04:17.325  1392  1392 W SYSTEM_UI: SWR_SYSTEM_UI_008|FUN=CollapsedStatusBarFragment::isConnected |1|Wifi connection status--> false
01-01 01:04:17.325  1392  1392 W SYSTEM_UI - CI07.3: className -> CollapsedStatusBarFragment | functionName -> updateHermsDataType | value -> Update Herms Data Type :: networkType --> 0
01-01 01:04:17.325  1392  1392 W SYSTEM_UI - CI07.3: className -> CollapsedStatusBarFragment | functionName -> updateHermsDataType | value -> Update Herms Data Type :: isWebsiteSecure --> false
01-01 01:04:17.325  1392  1392 W SYSTEM_UI - CI07.3: className -> CollapsedStatusBarFragment | functionName -> updateHermsDataType | value -> Update Herms Data Type :: connection status --> 1
01-01 01:04:17.325  1392  1392 W SYSTEM_UI - CI07.3: className -> CollapsedStatusBarFragment | functionName -> updateHermsDataType | value -> Update Herms Data Type :: data Transfer --> false
01-01 01:04:17.325  1392  1392 W SYSTEM_UI - CI07.3: className -> CollapsedStatusBarFragment | functionName -> updateHermsDataType | value -> Update Herms Data Type :: wifiConnectionStatus --> false
01-01 01:04:17.325  1392  1392 W SYSTEM_UI - CI07.3: className -> CollapsedStatusBarFragment | functionName -> updateHermsDataType | value -> path 2
01-01 01:04:17.325  1392  1392 W SYSTEM_UI - CI07.3: className -> CollapsedStatusBarFragment | functionName -> updateHermsDataType | value -> path 3
01-01 01:04:17.325  1151  8140 I WifiService: getConfiguredNetworks uid=1000
01-01 01:04:17.326  1508  1601 W QCNEJ   : |CORE| notifyWifiStatusChanged failed
01-01 01:04:17.326  1508  1601 W QCNEJ   : |CORE| notifyRatConnectionStatusChanged failed
01-01 01:04:17.328  3739  3739 W HMI2-SETTINGS - CI08.4: className -> WifiActivity | functionName -> getConfig: success-> | value -> "RSE_Test"
01-01 01:04:17.329  3739  3739 W HMI2-SETTINGS - CI08.4: className -> WifiActivity | functionName -> getConnectSummary | value -> getConnectSummaryID: 172 SSID: "RSE_Test" PROVIDER-NAME: null BSSID: null FQDN: null PRIO: 0 HIDDEN: false
01-01 01:04:17.329  3739  3739 W HMI2-SETTINGS - CI08.4:  NetworkSelectionStatus NETWORK_SELECTION_ENABLED
01-01 01:04:17.329  3739  3739 W HMI2-SETTINGS - CI08.4:  hasEverConnected: false
01-01 01:04:17.329  3739  3739 W HMI2-SETTINGS - CI08.4:  KeyMgmt: WPA_PSK Protocols: WPA RSN
01-01 01:04:17.329  3739  3739 W HMI2-SETTINGS - CI08.4:  AuthAlgorithms: OPEN
01-01 01:04:17.329  3739  3739 W HMI2-SETTINGS - CI08.4:  PairwiseCiphers: TKIP CCMP
01-01 01:04:17.329  3739  3739 W HMI2-SETTINGS - CI08.4:  GroupCiphers: TKIP CCMP
01-01 01:04:17.329  3739  3739 W HMI2-SETTINGS - CI08.4:  PSK: *
01-01 01:04:17.329  3739  3739 W HMI2-SETTINGS - CI08.4: 
01-01 01:04:17.329  3739  3739 W HMI2-SETTINGS - CI08.4:  sim_num 
01-01 01:04:17.329  3739  3739 W HMI2-SETTINGS - CI08.4: Enterprise config:
01-01 01:04:17.329  3739  3739 W HMI2-SETTINGS - CI08.4: IP config:
01-01 01:04:17.329  3739  3739 W HMI2-SETTINGS - CI08.4: IP assignment: DHCP
01-01 01:04:17.329  3739  3739 W HMI2-SETTINGS - CI08.4: Proxy settings: NONE
01-01 01:04:17.329  3739  3739 W HMI2-SETTINGS - CI08.4:  cuid=1000 cname=android.uid.system:1000 luid=1000 lname=android.uid.system:1000 lcuid=1000 userApproved=USER_UNSPECIFIED noInternetAccessExpected=false roamingFailureBlackListTimeMilli: 1000
01-01 01:04:17.329  3739  3739 W HMI2-SETTINGS - CI08.4: recentFailure: Association Rejection code: 0
01-01 01:04:17.329  3739  3739 W HMI2-SETTINGS - CI08.4: ShareThisAp: false
01-01 01:04:17.329  3739  3739 W HMI2-SETTINGS - CI08.4: className -> WifiActivity | functionName -> getConnectSummary : | value ->  Saved
01-01 01:04:17.329  2145  2145 D HMI_SERVICE: USE_CASE_NA|FUN=HmiApplication| [action] android.net.wifi.supplicant.STATE_CHANGE
01-01 01:04:17.537   729   748 I sssv-lib: sendMsg enter
01-01 01:04:17.537   729   748 I sssv-lib: sendMsg complete.
01-01 01:04:18.045  3023  3023 I wpa_supplicant: wlan0: CTRL-EVENT-ASSOC-REJECT bssid=ec:58:ea:f6:10:88 status_code=1
01-01 01:04:18.045  3023  3023 E wpa_supplicant: Notifying state change event to hidl control: 0
01-01 01:04:18.045  1151  1317 W WifiDiags: CaptureBugReport 1
01-01 01:04:18.101   635   635 E ANDR-PERF-TARGET: Error: Invalid logical cluster id 0
01-01 01:04:18.101   635   635 E ANDR-PERF-MPCTL: invalid request, no optimizations performed
01-01 01:04:18.117   635   635 E ANDR-PERF-TARGET: Error: Invalid logical cluster id 0
01-01 01:04:18.117   635   635 E ANDR-PERF-MPCTL: invalid request, no optimizations performed
01-01 01:04:18.134   635   635 E ANDR-PERF-TARGET: Error: Invalid logical cluster id 0
01-01 01:04:18.134   635   635 E ANDR-PERF-MPCTL: invalid request, no optimizations performed
01-01 01:04:18.143  1151  1317 D WifiStateMachine: Assocation Rejection event: bssid=00:00:00:00:00:00 reason code=1 timedOut=false
01-01 01:04:18.144  1151  1317 E ActivityManager: Sending non-protected broadcast android.intent.action.ACTION_ASSOC_REJECT from system 1151:system/1000 pkg android
01-01 01:04:18.144  1151  1317 E ActivityManager: java.lang.Throwable
01-01 01:04:18.144  1151  1317 E ActivityManager: 	at com.android.server.am.ActivityManagerService.checkBroadcastFromSystem(ActivityManagerService.java:19282)
01-01 01:04:18.144  1151  1317 E ActivityManager: 	at com.android.server.am.ActivityManagerService.broadcastIntentLocked(ActivityManagerService.java:19794)
01-01 01:04:18.144  1151  1317 E ActivityManager: 	at com.android.server.am.ActivityManagerService.broadcastIntent(ActivityManagerService.java:20029)
01-01 01:04:18.144  1151  1317 E ActivityManager: 	at android.app.ContextImpl.sendBroadcastAsUser(ContextImpl.java:1130)
01-01 01:04:18.144  1151  1317 E ActivityManager: 	at com.android.server.wifi.WifiStateMachine$ConnectModeState.processMessage(WifiStateMachine.java:5268)
01-01 01:04:18.144  1151  1317 E ActivityManager: 	at com.android.internal.util.StateMachine$SmHandler.processMsg(StateMachine.java:992)
01-01 01:04:18.144  1151  1317 E ActivityManager: 	at com.android.internal.util.StateMachine$SmHandler.handleMessage(StateMachine.java:809)
01-01 01:04:18.144  1151  1317 E ActivityManager: 	at android.os.Handler.dispatchMessage(Handler.java:106)
01-01 01:04:18.144  1151  1317 E ActivityManager: 	at android.os.Looper.loop(Looper.java:164)
01-01 01:04:18.144  1151  1317 E ActivityManager: 	at android.os.HandlerThread.run(HandlerThread.java:65)
01-01 01:04:18.145  3023  3023 E wpa_supplicant: Notifying state change event to hidl control: 3
01-01 01:04:18.151   635   635 E ANDR-PERF-TARGET: Error: Invalid logical cluster id 0
01-01 01:04:18.151   635   635 E ANDR-PERF-MPCTL: invalid request, no optimizations performed
01-01 01:04:18.155  1151  1317 E ActivityManager: Sending non-protected broadcast android.intent.action.ACTION_ASSOC_REJECT from system 1151:system/1000 pkg android
01-01 01:04:18.155  1151  1317 E ActivityManager: java.lang.Throwable
01-01 01:04:18.155  1151  1317 E ActivityManager: 	at com.android.server.am.ActivityManagerService.checkBroadcastFromSystem(ActivityManagerService.java:19282)
01-01 01:04:18.155  1151  1317 E ActivityManager: 	at com.android.server.am.ActivityManagerService.broadcastIntentLocked(ActivityManagerService.java:19887)
01-01 01:04:18.155  1151  1317 E ActivityManager: 	at com.android.server.am.ActivityManagerService.broadcastIntent(ActivityManagerService.java:20029)
01-01 01:04:18.155  1151  1317 E ActivityManager: 	at android.app.ContextImpl.sendBroadcastAsUser(ContextImpl.java:1130)
01-01 01:04:18.155  1151  1317 E ActivityManager: 	at com.android.server.wifi.WifiStateMachine$ConnectModeState.processMessage(WifiStateMachine.java:5268)
01-01 01:04:18.155  1151  1317 E ActivityManager: 	at com.android.internal.util.StateMachine$SmHandler.processMsg(StateMachine.java:992)
01-01 01:04:18.155  1151  1317 E ActivityManager: 	at com.android.internal.util.StateMachine$SmHandler.handleMessage(StateMachine.java:809)
01-01 01:04:18.155  1151  1317 E ActivityManager: 	at android.os.Handler.dispatchMessage(Handler.java:106)
01-01 01:04:18.155  1151  1317 E ActivityManager: 	at android.os.Looper.loop(Looper.java:164)
01-01 01:04:18.155  1151  1317 E ActivityManager: 	at android.os.HandlerThread.run(HandlerThread.java:65)
01-01 01:04:18.165  3739  3739 E HMI2-SETTINGS - CI08.4: className -> WifiActivity | functionName -> mWifiScanReceiver -> onReceive | error ->intent_action:android.intent.action.ACTION_ASSOC_REJECT
01-01 01:04:18.167   635   635 E ANDR-PERF-TARGET: Error: Invalid logical cluster id 0
01-01 01:04:18.168   635   635 E ANDR-PERF-MPCTL: invalid request, no optimizations performed
01-01 01:04:18.184   635   635 E ANDR-PERF-TARGET: Error: Invalid logical cluster id 0
01-01 01:04:18.184   635   635 E ANDR-PERF-MPCTL: invalid request, no optimizations performed
01-01 01:04:18.195   625   625 D WifiHAL : Start get packet fate command
01-01 01:04:18.195   625   625 D WifiHAL : createRequest Get Tx packet fate request
01-01 01:04:18.195   625   625 E WifiHAL : Failed to register get pkt fate response; result = -95
01-01 01:04:18.196  1151  1317 E WifiVendorHal: getTxPktFates(l.2067) failed {.code = ERROR_UNKNOWN, .description = errno: -95 (Unknown error -95)}
01-01 01:04:18.196   625   625 D WifiHAL : Start get packet fate command
01-01 01:04:18.196   625   625 D WifiHAL : createRequest Get Rx packet fate request
01-01 01:04:18.196   625   625 E WifiHAL : Failed to register get pkt fate response; result = -95
01-01 01:04:18.197  1151  1317 E WifiVendorHal: getRxPktFates(l.2107) failed {.code = ERROR_UNKNOWN, .description = errno: -95 (Unknown error -95)}
01-01 01:04:18.198  1151  1317 D WifiLastResortWatchdog: updateFailureCountForNetwork: Unable to find Network ["RSE_Test", 00:00:00:00:00:00]
01-01 01:04:18.201   635   635 E ANDR-PERF-TARGET: Error: Invalid logical cluster id 0
01-01 01:04:18.201   635   635 E ANDR-PERF-MPCTL: invalid request, no optimizations performed
01-01 01:04:18.203  1508  1601 W QCNEJ   : |CORE| notifyWifiStatusChanged failed
01-01 01:04:18.203  1508  1601 W QCNEJ   : |CORE| notifyRatConnectionStatusChanged failed
01-01 01:04:18.205  3739  3739 E HMI2-SETTINGS - CI08.4: className -> WifiActivity | functionName -> mWifiScanReceiver -> onReceive | error ->intent_action:android.net.wifi.STATE_CHANGE
01-01 01:04:18.206  3739  3739 W HMI2-SETTINGS - CI08.4: className -> WifiActivity | functionName -> handleNetworkStateChanged | value -> detailedState->DISCONNECTED
01-01 01:04:18.206  1151  2233 I WifiService: getConfiguredNetworks uid=1000
01-01 01:04:18.207  1392  1392 W SYSTEM_UI: SWR_SYSTEM_UI_008|FUN=CollapsedStatusBarFragment::AndroidEventReceiver | getAction |1|Broadcast action:android.net.wifi.STATE_CHANGE received
01-01 01:04:18.207  1392  1392 W SYSTEM_UI - CI07.3: className -> CollapsedStatusBarFragment | functionName -> AndroidEventReceiver | onReceive -->  | value -> Wifi connection status--> false
01-01 01:04:18.207  1392  1392 W SYSTEM_UI: SWR_SYSTEM_UI_008|FUN=CollapsedStatusBarFragment::isConnected |1|Wifi connection status--> false
01-01 01:04:18.207  1392  1392 W SYSTEM_UI - CI07.3: className -> CollapsedStatusBarFragment | functionName -> updateHermsDataType | value -> Update Herms Data Type :: networkType --> 0
01-01 01:04:18.208  1392  1392 W SYSTEM_UI - CI07.3: className -> CollapsedStatusBarFragment | functionName -> updateHermsDataType | value -> Update Herms Data Type :: isWebsiteSecure --> false
01-01 01:04:18.208  1392  1392 W SYSTEM_UI - CI07.3: className -> CollapsedStatusBarFragment | functionName -> updateHermsDataType | value -> Update Herms Data Type :: connection status --> 1
01-01 01:04:18.208  1392  1392 W SYSTEM_UI - CI07.3: className -> CollapsedStatusBarFragment | functionName -> updateHermsDataType | value -> Update Herms Data Type :: data Transfer --> false
01-01 01:04:18.208  1392  1392 W SYSTEM_UI - CI07.3: className -> CollapsedStatusBarFragment | functionName -> updateHermsDataType | value -> Update Herms Data Type :: wifiConnectionStatus --> false
01-01 01:04:18.208  1392  1392 W SYSTEM_UI - CI07.3: className -> CollapsedStatusBarFragment | functionName -> updateHermsDataType | value -> path 2
01-01 01:04:18.208  1392  1392 W SYSTEM_UI - CI07.3: className -> CollapsedStatusBarFragment | functionName -> updateHermsDataType | value -> path 3
01-01 01:04:18.208  2145  2145 D HMI_SERVICE: USE_CASE_NA|FUN=HmiApplication| [action] android.net.wifi.STATE_CHANGE
01-01 01:04:18.208  2145  2145 D HmiApplication: DetailedState:DISCONNECTED
01-01 01:04:18.208  2145  2145 W HMI_SERVICE: USE_CASE_NA|FUN=HmiApplication|executeLinuxCmdB2C command:6|isFromCManager:true
01-01 01:04:18.209  2677  2691 W ANDR_PERSISTENCY_CLIENT: SWR_PERSISTENCE_HV_LA_MF_0003|FUN=VCPUPersistenceService::executeLinuxBackgroundCommand |0|msg: param [6]
01-01 01:04:18.209  2677  2691 W ANDR_PERSISTENCY_CLIENT: SWR_PERSISTENCE_HV_LA_MF_0005|FUN=TCPHandler:: getInstance |2|msg: invoked 
01-01 01:04:18.209  2677  2691 W ANDR_PERSISTENCY_CLIENT: SWR_PERSISTENCE_HV_LA_MF_0005|FUN=TCPHandler:: sendWriteRequestToPersistenceLinuxInt |2|data= [6]key= 0 commandKey= 10
01-01 01:04:18.209  2677  2691 W ANDR_PERSISTENCY_CLIENT: SWR_PERSISTENCE_HV_LA_MF_0005|FUN=TCPHandler:: getUID |2|msg: invoked 
01-01 01:04:18.209  2677  2691 W ANDR_PERSISTENCY_CLIENT: SWR_PERSISTENCE_HV_LA_MF_0005|FUN=TCPHandler:: setAction |2|msg:setAction=1
01-01 01:04:18.209  2677  2691 W ANDR_PERSISTENCY_CLIENT: SWR_PERSISTENCE_HV_LA_MF_0005|FUN=TCPHandler:: setUID |2|msg:uid=26
01-01 01:04:18.209  2677  2691 W ANDR_PERSISTENCY_CLIENT: SWR_PERSISTENCE_HV_LA_MF_0005|FUN=TCPHandler:: setKey |2|msg:uid=26
01-01 01:04:18.209  2677  2691 W ANDR_PERSISTENCY_CLIENT: SWR_PERSISTENCE_HV_LA_MF_0005|FUN=TCPHandler::setCommandKey|2|msg:commandKey=10
01-01 01:04:18.209  2677  2691 W ANDR_PERSISTENCY_CLIENT: SWR_PERSISTENCE_HV_LA_MF_0005|FUN=TCPHandler:: registerCallBack |2|invoked 
01-01 01:04:18.209  2677  2691 W ANDR_PERSISTENCY_CLIENT: SWR_PERSISTENCE_HV_LA_MF_0005|FUN=TCPHandler::start|2|msg: byteArrayToInt : b [6]
01-01 01:04:18.210  2677  2691 W ANDR_PERSISTENCY_CLIENT: SWR_PERSISTENCE_HV_LA_MF_0005|FUN=TCPHandler::sendWriteRequestToPersistenceLinuxInt|2|listKey=26_10;keyString=0x00;key=0;command=6
01-01 01:04:18.210  2677  2725 W ANDR_PERSISTENCY_CLIENT: SWR_PERSISTENCE_HV_LA_MF_0005|FUN=TCPHandler:: getAction |2|msg:getAction=1
01-01 01:04:18.210  2677  2725 W ANDR_PERSISTENCY_CLIENT: SWR_PERSISTENCE_HV_LA_MF_0005|FUN=TCPHandler:: sender:ACTION_REQUEST |2|msg:condition 
01-01 01:04:18.210  2677  2725 W ANDR_PERSISTENCY_CLIENT: SWR_PERSISTENCE_HV_LA_MF_0005|FUN=TCPHandler:: getWrappedData |2|msg: msg com.panasonic.dairse.vcpupersistence.TCPHandler$Message@24cd4d8
01-01 01:04:18.210  2677  2725 W ANDR_PERSISTENCY_CLIENT: SWR_PERSISTENCE_HV_LA_MF_0005|FUN=TCPHandler::getCommandKey|2|msg:commandKey=10
01-01 01:04:18.210  2677  2725 W ANDR_PERSISTENCY_CLIENT: SWR_PERSISTENCE_HV_LA_MF_0005|FUN=TCPHandler:: intToBytes |2| data 1
01-01 01:04:18.210  2677  2725 W ANDR_PERSISTENCY_CLIENT: SWR_PERSISTENCE_HV_LA_MF_0005|FUN=TCPHandler:: intToBytes |2| data 13
01-01 01:04:18.210  2677  2725 W ANDR_PERSISTENCY_CLIENT: SWR_PERSISTENCE_HV_LA_MF_0005|FUN=TCPHandler:: getUID |2|msg:uid=26
01-01 01:04:18.210  2677  2725 W ANDR_PERSISTENCY_CLIENT: SWR_PERSISTENCE_HV_LA_MF_0005|FUN=TCPHandler::start|2|msg:sender::msg=[0, 0, 0, 13, 1, 26, 10, 4, 48, 120, 48, 48, 0, 0, 0, 1, 6]
01-01 01:04:18.210  2677  2725 W ANDR_PERSISTENCY_CLIENT: SWR_PERSISTENCE_HV_LA_MF_0005|FUN=TCPHandler:: sender : Thread.interrupted() |2|msg:condition 
01-01 01:04:18.210  1151  1317 E SupplicantStateTracker: Ignoring { when=-46ms what=147499 target=com.android.internal.util.StateMachine$SmHandler }
01-01 01:04:18.212  2677  2726 W ANDR_PERSISTENCY_CLIENT: SWR_PERSISTENCE_HV_LA_MF_0005|FUN=TCPHandler::start|2|msg:receiver::run: size of totalLength 4
01-01 01:04:18.212  2677  2726 W ANDR_PERSISTENCY_CLIENT: SWR_PERSISTENCE_HV_LA_MF_0005|FUN=TCPHandler::start|2|msg:receiver::run: totalLength is > 0
01-01 01:04:18.212  2677  2726 W ANDR_PERSISTENCY_CLIENT: SWR_PERSISTENCE_HV_LA_MF_0005|FUN=TCPHandler::start|2|msg:receiver::response length= 12
01-01 01:04:18.212  2677  2726 W ANDR_PERSISTENCY_CLIENT: SWR_PERSISTENCE_HV_LA_MF_0005|FUN=TCPHandler::handleInBoundData|2|message=[0, 26, 10, 0, 0, 0, 0, 4, 1, 0, 0, 0]
01-01 01:04:18.212  2677  2726 W ANDR_PERSISTENCY_CLIENT: SWR_PERSISTENCE_HV_LA_MF_0005|FUN=TCPHandler::handleInBoundData|2|msg:response listKey=26_10
01-01 01:04:18.212  2677  2726 W ANDR_PERSISTENCY_CLIENT: SWR_PERSISTENCE_HV_LA_MF_0005|FUN=TCPHandler::handleInBoundData|2|msg:TCPHandler.handleInBoundData success response=0
01-01 01:04:18.212  2677  2726 W ANDR_PERSISTENCY_CLIENT: SWR_PERSISTENCE_HV_LA_MF_0005|FUN=TCPHandler::isB2cResponce|2|msg: message [0, 26, 10, 0, 0, 0, 0, 4, 1, 0, 0, 0]
01-01 01:04:18.213  2677  2726 W ANDR_PERSISTENCY_CLIENT: SWR_PERSISTENCE_HV_LA_MF_0005|FUN=TCPHandler::handleInBoundData|2|msg:  isB2cResponce
01-01 01:04:18.213  2677  2726 W ANDR_PERSISTENCY_CLIENT: SWR_PERSISTENCE_HV_LA_MF_0005|FUN=TCPHandler::sendResponse|2|msg:send Response using IVCPUServiceCallBack=[0, 26, 10, 0, 0, 0, 0, 4, 1, 0, 0, 0]
01-01 01:04:18.213  2677  2726 W ANDR_PERSISTENCY_CLIENT: SWR_PERSISTENCE_HV_LA_MF_0005|FUN=TCPHandler::sendResponse|2|msg:send Response using IVCPUServiceCallBack=[0, 26, 10, 0, 0, 0, 0, 4, 1, 0, 0, 0]
01-01 01:04:18.213  2145  5164 W HMI_SERVICE: USE_CASE_NA|FUN=HmiApplication|executeLinuxCmdConnection responseData:[0, 26, 10, 0, 0, 0, 0, 4, 1, 0, 0, 0]
01-01 01:04:18.213  2145  5164 W HMI_SERVICE: USE_CASE_NA|FUN=HmiApplication|executeLinuxCmdConnection responseData=not valid:16777216
01-01 01:04:18.213  2145  5164 W HMI_SERVICE: USE_CASE_NA|FUN=HmiApplication|executeLinuxCmdConnection responseReturnData=
01-01 01:04:18.213  2145  5164 W HMI_SERVICE: USE_CASE_NA|FUN=HmiApplication|executeLinuxCmdB2C response=true
01-01 01:04:18.213  3739  3739 W HMI2-SETTINGS - CI08.4: className -> WifiActivity | functionName -> getConfig: success-> | value -> "RSE_Test"
01-01 01:04:18.213  3739  3739 W HMI2-SETTINGS - CI08.4: className -> WifiActivity | functionName -> getConnectSummary | value -> getConnectSummaryID: 172 SSID: "RSE_Test" PROVIDER-NAME: null BSSID: null FQDN: null PRIO: 0 HIDDEN: false
01-01 01:04:18.213  3739  3739 W HMI2-SETTINGS - CI08.4:  NetworkSelectionStatus NETWORK_SELECTION_ENABLED
01-01 01:04:18.213  3739  3739 W HMI2-SETTINGS - CI08.4:  hasEverConnected: false
01-01 01:04:18.213  3739  3739 W HMI2-SETTINGS - CI08.4:  KeyMgmt: WPA_PSK Protocols: WPA RSN
01-01 01:04:18.213  3739  3739 W HMI2-SETTINGS - CI08.4:  AuthAlgorithms: OPEN
01-01 01:04:18.213  3739  3739 W HMI2-SETTINGS - CI08.4:  PairwiseCiphers: TKIP CCMP
01-01 01:04:18.213  3739  3739 W HMI2-SETTINGS - CI08.4:  GroupCiphers: TKIP CCMP
01-01 01:04:18.213  3739  3739 W HMI2-SETTINGS - CI08.4:  PSK: *
01-01 01:04:18.213  3739  3739 W HMI2-SETTINGS - CI08.4: 
01-01 01:04:18.213  3739  3739 W HMI2-SETTINGS - CI08.4:  sim_num 
01-01 01:04:18.213  3739  3739 W HMI2-SETTINGS - CI08.4: Enterprise config:
01-01 01:04:18.213  3739  3739 W HMI2-SETTINGS - CI08.4: IP config:
01-01 01:04:18.213  3739  3739 W HMI2-SETTINGS - CI08.4: IP assignment: DHCP
01-01 01:04:18.213  3739  3739 W HMI2-SETTINGS - CI08.4: Proxy settings: NONE
01-01 01:04:18.213  3739  3739 W HMI2-SETTINGS - CI08.4:  cuid=1000 cname=android.uid.system:1000 luid=1000 lname=android.uid.system:1000 lcuid=1000 userApproved=USER_UNSPECIFIED noInternetAccessExpected=false roamingFailureBlackListTimeMilli: 1000
01-01 01:04:18.213  3739  3739 W HMI2-SETTINGS - CI08.4: recentFailure: Association Rejection code: 1
01-01 01:04:18.213  3739  3739 W HMI2-SETTINGS - CI08.4: ShareThisAp: false
01-01 01:04:18.214  3739  3739 W HMI2-SETTINGS - CI08.4: className -> WifiActivity | functionName -> getConnectSummary : | value ->  Saved
01-01 01:04:18.214  3739  3739 E HMI2-SETTINGS - CI08.4: className -> WifiActivity | functionName -> mWifiScanReceiver -> onReceive | error ->intent_action:android.net.wifi.STATE_CHANGE
01-01 01:04:18.214  3739  3739 W HMI2-SETTINGS - CI08.4: className -> WifiActivity | functionName -> handleNetworkStateChanged | value -> detailedState->SCANNING
01-01 01:04:18.215  1151  1167 I WifiService: getConfiguredNetworks uid=1000
01-01 01:04:18.217  2145  2145 D HMI_SERVICE: USE_CASE_NA|FUN=HmiApplication| [action] android.net.wifi.STATE_CHANGE
01-01 01:04:18.217  2145  2145 D HMI_SERVICE: USE_CASE_NA|FUN=HmiApplication| [action] android.net.wifi.supplicant.STATE_CHANGE
01-01 01:04:18.217  2145  2145 D HMI_SERVICE: USE_CASE_NA|FUN=HmiApplication| [action] android.net.wifi.supplicant.STATE_CHANGE
01-01 01:04:18.218   635   635 E ANDR-PERF-TARGET: Error: Invalid logical cluster id 0
01-01 01:04:18.218   635   635 E ANDR-PERF-MPCTL: invalid request, no optimizations performed
01-01 01:04:18.218  3739  3739 W HMI2-SETTINGS - CI08.4: className -> WifiActivity | functionName -> getConfig: success-> | value -> "RSE_Test"
01-01 01:04:18.218  3739  3739 W HMI2-SETTINGS - CI08.4: className -> WifiActivity | functionName -> getConnectSummary | value -> getConnectSummaryID: 172 SSID: "RSE_Test" PROVIDER-NAME: null BSSID: null FQDN: null PRIO: 0 HIDDEN: false
01-01 01:04:18.218  3739  3739 W HMI2-SETTINGS - CI08.4:  NetworkSelectionStatus NETWORK_SELECTION_ENABLED
01-01 01:04:18.218  3739  3739 W HMI2-SETTINGS - CI08.4:  hasEverConnected: false
01-01 01:04:18.218  3739  3739 W HMI2-SETTINGS - CI08.4:  KeyMgmt: WPA_PSK Protocols: WPA RSN
01-01 01:04:18.218  3739  3739 W HMI2-SETTINGS - CI08.4:  AuthAlgorithms: OPEN
01-01 01:04:18.218  3739  3739 W HMI2-SETTINGS - CI08.4:  PairwiseCiphers: TKIP CCMP
01-01 01:04:18.218  3739  3739 W HMI2-SETTINGS - CI08.4:  GroupCiphers: TKIP CCMP
01-01 01:04:18.218  3739  3739 W HMI2-SETTINGS - CI08.4:  PSK: *
01-01 01:04:18.218  3739  3739 W HMI2-SETTINGS - CI08.4: 
01-01 01:04:18.218  3739  3739 W HMI2-SETTINGS - CI08.4:  sim_num 
01-01 01:04:18.218  3739  3739 W HMI2-SETTINGS - CI08.4: Enterprise config:
01-01 01:04:18.218  3739  3739 W HMI2-SETTINGS - CI08.4: IP config:
01-01 01:04:18.218  3739  3739 W HMI2-SETTINGS - CI08.4: IP assignment: DHCP
01-01 01:04:18.218  3739  3739 W HMI2-SETTINGS - CI08.4: Proxy settings: NONE
01-01 01:04:18.218  3739  3739 W HMI2-SETTINGS - CI08.4:  cuid=1000 cname=android.uid.system:1000 luid=1000 lname=android.uid.system:1000 lcuid=1000 userApproved=USER_UNSPECIFIED noInternetAccessExpected=false roamingFailureBlackListTimeMilli: 1000
01-01 01:04:18.218  3739  3739 W HMI2-SETTINGS - CI08.4: recentFailure: Association Rejection code: 1
01-01 01:04:18.218  3739  3739 W HMI2-SETTINGS - CI08.4: ShareThisAp: false
01-01 01:04:18.218  3739  3739 W HMI2-SETTINGS - CI08.4: className -> WifiActivity | functionName -> getConnectSummary : | value ->  Saved
01-01 01:04:18.218  1508  1601 W QCNEJ   : |CORE| notifyWifiStatusChanged failed
01-01 01:04:18.219  1392  1392 W SYSTEM_UI: SWR_SYSTEM_UI_008|FUN=CollapsedStatusBarFragment::AndroidEventReceiver | getAction |1|Broadcast action:android.net.wifi.STATE_CHANGE received
01-01 01:04:18.220  1508  1601 W QCNEJ   : |CORE| notifyRatConnectionStatusChanged failed
01-01 01:04:18.220  1392  1392 W SYSTEM_UI - CI07.3: className -> CollapsedStatusBarFragment | functionName -> AndroidEventReceiver | onReceive -->  | value -> Wifi connection status--> false
01-01 01:04:18.220  1392  1392 W SYSTEM_UI: SWR_SYSTEM_UI_008|FUN=CollapsedStatusBarFragment::isConnected |1|Wifi connection status--> false
01-01 01:04:18.220  1392  1392 W SYSTEM_UI - CI07.3: className -> CollapsedStatusBarFragment | functionName -> updateHermsDataType | value -> Update Herms Data Type :: networkType --> 0
01-01 01:04:18.220  1392  1392 W SYSTEM_UI - CI07.3: className -> CollapsedStatusBarFragment | functionName -> updateHermsDataType | value -> Update Herms Data Type :: isWebsiteSecure --> false
01-01 01:04:18.220  1392  1392 W SYSTEM_UI - CI07.3: className -> CollapsedStatusBarFragment | functionName -> updateHermsDataType | value -> Update Herms Data Type :: connection status --> 1
01-01 01:04:18.220  1392  1392 W SYSTEM_UI - CI07.3: className -> CollapsedStatusBarFragment | functionName -> updateHermsDataType | value -> Update Herms Data Type :: data Transfer --> false
01-01 01:04:18.221  1392  1392 W SYSTEM_UI - CI07.3: className -> CollapsedStatusBarFragment | functionName -> updateHermsDataType | value -> Update Herms Data Type :: wifiConnectionStatus --> false
01-01 01:04:18.221  1392  1392 W SYSTEM_UI - CI07.3: className -> CollapsedStatusBarFragment | functionName -> updateHermsDataType | value -> path 2
01-01 01:04:18.221  1392  1392 W SYSTEM_UI - CI07.3: className -> CollapsedStatusBarFragment | functionName -> updateHermsDataType | value -> path 3
01-01 01:04:18.234   635   635 E ANDR-PERF-TARGET: Error: Invalid logical cluster id 0
01-01 01:04:18.234   635   635 E ANDR-PERF-MPCTL: invalid request, no optimizations performed
01-01 01:04:18.251   635   635 E ANDR-PERF-TARGET: Error: Invalid logical cluster id 0
01-01 01:04:18.251   635   635 E ANDR-PERF-MPCTL: invalid request, no optimizations performed
01-01 01:04:18.268   635   635 E ANDR-PERF-TARGET: Error: Invalid logical cluster id 0
01-01 01:04:18.268   635   635 E ANDR-PERF-MPCTL: invalid request, no optimizations performed
01-01 01:04:18.281  1151  1162 I zygote64: Background concurrent copying GC freed 73141(3MB) AllocSpace objects, 40(7MB) LOS objects, 42% free, 18MB/31MB, paused 456us total 160.520ms
01-01 01:04:18.284   635   635 E ANDR-PERF-TARGET: Error: Invalid logical cluster id 0
01-01 01:04:18.285   635   635 E ANDR-PERF-MPCTL: invalid request, no optimizations performed
01-01 01:04:18.301   635   635 E ANDR-PERF-TARGET: Error: Invalid logical cluster id 0
01-01 01:04:18.301   635   635 E ANDR-PERF-MPCTL: invalid request, no optimizations performed
01-01 01:04:18.318   635   635 E ANDR-PERF-TARGET: Error: Invalid logical cluster id 0
01-01 01:04:18.318   635   635 E ANDR-PERF-MPCTL: invalid request, no optimizations performed
01-01 01:04:18.334   635   635 E ANDR-PERF-TARGET: Error: Invalid logical cluster id 0
01-01 01:04:18.334   635   635 E ANDR-PERF-MPCTL: invalid request, no optimizations performed
01-01 01:04:18.351   635   635 E ANDR-PERF-TARGET: Error: Invalid logical cluster id 0
01-01 01:04:18.351   635   635 E ANDR-PERF-MPCTL: invalid request, no optimizations performed
01-01 01:04:18.360  3675 19559 W InteractionController: runAndwaitForEvents timed out waiting for events
01-01 01:04:18.360  3675 19559 D InteractionController: Vertical scrollSwipe reached scroll end: false
01-01 01:04:18.360  3675 19559 D UiScrollable: scrollBackward() on selector = UiSelector[SCROLLABLE=true]
01-01 01:04:18.368   635   635 E ANDR-PERF-TARGET: Error: Invalid logical cluster id 0
01-01 01:04:18.368   635   635 E ANDR-PERF-MPCTL: invalid request, no optimizations performed
01-01 01:04:18.385   635   635 E ANDR-PERF-TARGET: Error: Invalid logical cluster id 0
01-01 01:04:18.385   635   635 E ANDR-PERF-MPCTL: invalid request, no optimizations performed
01-01 01:04:18.387  1933  1933 I LCMANDR : SWR_OOB_HV_MF_009|FUN=ResourceMonitoringService::movingMemoryAverage|2|Moving memory average :33.07309
01-01 01:04:18.387  1933  1933 W LCMANDR : SWR_OOB_HV_MF_009|FUN=ResourceMonitoringService::getCpuUsageStatistic|Moving MEM AVG :::::::::33.07309
01-01 01:04:18.388  1933  1933 W LCMANDR : SWR_OOB_HV_MF_009|FUN=ResourceMonitoringService::getCpuUsageStatistic|2|Total cpu usage :27.853882
01-01 01:04:18.388  1933  1933 I LCMANDR : SWR_OOB_HV_MF_009|FUN=ResourceMonitoringService::getCpuUsageStatistic|Cpu usage of core  0 is30.584192
01-01 01:04:18.388  1933  1933 I LCMANDR : SWR_OOB_HV_MF_009|FUN=ResourceMonitoringService::getCpuUsageStatistic|Cpu usage of core  1 is25.938568
01-01 01:04:18.388  1933  1933 I LCMANDR : SWR_OOB_HV_MF_009|FUN=ResourceMonitoringService::getCpuUsageStatistic|Cpu usage of core  2 is27.054796
01-01 01:04:18.389  1933  1933 I LCMANDR : ResourceMonitoringService::movingCpuAverage()
01-01 01:04:18.389  1933  1933 I LCMANDR : SWR_OOB_HV_MF_009|FUN=ResourceMonitoringService::movingCpuAverage|2|Moving window average of CPU 25.058615
01-01 01:04:18.389  1933  1933 I LCMANDR : SWR_OOB_HV_MF_009|FUN=ResourceMonitoringService::movingCpuAverage|2|Cpu moving average of core  0 is28.266006
01-01 01:04:18.389  1933  1933 I LCMANDR : SWR_OOB_HV_MF_009|FUN=ResourceMonitoringService::movingCpuAverage|2|Cpu moving average of core  1 is22.884817
01-01 01:04:18.389  1933  1933 I LCMANDR : SWR_OOB_HV_MF_009|FUN=ResourceMonitoringService::movingCpuAverage|2|Cpu moving average of core  2 is24.001898
01-01 01:04:18.389  1933  1933 D LCMANDR : SWR_OOB_HV_MF_009|FUN=ResourceMonitoringService::movingCpuAverage|2|Exiting VAL = 25.058615
01-01 01:04:18.401   635   635 E ANDR-PERF-TARGET: Error: Invalid logical cluster id 0
01-01 01:04:18.401   635   635 E ANDR-PERF-MPCTL: invalid request, no optimizations performed
01-01 01:04:18.418   635   635 E ANDR-PERF-TARGET: Error: Invalid logical cluster id 0
01-01 01:04:18.418   635   635 E ANDR-PERF-MPCTL: invalid request, no optimizations performed
01-01 01:04:18.435   635   635 E ANDR-PERF-TARGET: Error: Invalid logical cluster id 0
01-01 01:04:18.435   635   635 E ANDR-PERF-MPCTL: invalid request, no optimizations performed
01-01 01:04:18.451   635   635 E ANDR-PERF-TARGET: Error: Invalid logical cluster id 0
01-01 01:04:18.451   635   635 E ANDR-PERF-MPCTL: invalid request, no optimizations performed
01-01 01:04:18.468   635   635 E ANDR-PERF-TARGET: Error: Invalid logical cluster id 0
01-01 01:04:18.468   635   635 E ANDR-PERF-MPCTL: invalid request, no optimizations performed
01-01 01:04:18.485   635   635 E ANDR-PERF-TARGET: Error: Invalid logical cluster id 0
01-01 01:04:18.485   635   635 E ANDR-PERF-MPCTL: invalid request, no optimizations performed
01-01 01:04:18.502   635   635 E ANDR-PERF-TARGET: Error: Invalid logical cluster id 0
01-01 01:04:18.502   635   635 E ANDR-PERF-MPCTL: invalid request, no optimizations performed
01-01 01:04:18.518   635   635 E ANDR-PERF-TARGET: Error: Invalid logical cluster id 0
01-01 01:04:18.518   635   635 E ANDR-PERF-MPCTL: invalid request, no optimizations performed
01-01 01:04:18.535   635   635 E ANDR-PERF-TARGET: Error: Invalid logical cluster id 0
01-01 01:04:18.535   635   635 E ANDR-PERF-MPCTL: invalid request, no optimizations performed
01-01 01:04:18.538   729   748 I sssv-lib: sendMsg enter
01-01 01:04:18.538   729   748 I sssv-lib: sendMsg complete.
01-01 01:04:18.801     1   452 I init    : Uptime: 03854.938415 LocalTime: 01-01 01:04:18.801
01-01 01:04:18.957  3023  3023 I wpa_supplicant: CTRL-EVENT-SCAN-RESULTS Scan completed in 0.804164 seconds
01-01 01:04:18.958  3023  3023 I wpa_supplicant: wlan0: Trying to associate with SSID 'RSE_Test'
01-01 01:04:18.958  3023  3023 E wpa_supplicant: Notifying state change event to hidl control: 5
01-01 01:04:18.959   921  1439 I LOWI-8.5.0.3.c: [LOWI-Scan] lowi_close_record:Scan completed in 3838998ms and Recieved 43 APs scan results
01-01 01:04:18.960   808   808 I wificond: Received external scan result notification from kernel.
01-01 01:04:18.960  1151  1167 D WificondControl: Scan result ready event
01-01 01:04:18.961  1151  1323 W AlarmManager: Unrecognized alarm listener com.android.server.wifi.scanner.WificondScannerImpl$3@207a0a6
01-01 01:04:18.961   921   961 I LOWI-8.5.0.3.c: [LOWIUtils] responseToOutPostcard - TO: GTP-FDAL, FROM:   LOWI-SERVER, RESP:  LOWI_ASYNC_DISCOVERY_SCAN_RESULTS
01-01 01:04:18.961  1151  1323 I WifiService: isScanAlwaysAvailable uid=1000
01-01 01:04:18.961  1151  1323 I WifiService: getWifiEnabledState uid=1000
01-01 01:04:18.961   808   808 I wificond: Enters wifigbk_ageOutHistory
01-01 01:04:18.964  1392  1392 W SYSTEM_UI: SWR_SYSTEM_UI_008|FUN=CollapsedStatusBarFragment::AndroidEventReceiver | getAction |1|Broadcast action:android.net.wifi.STATE_CHANGE received
01-01 01:04:18.964  1392  1392 W SYSTEM_UI - CI07.3: className -> CollapsedStatusBarFragment | functionName -> AndroidEventReceiver | onReceive -->  | value -> Wifi connection status--> false
01-01 01:04:18.964  1392  1392 W SYSTEM_UI: SWR_SYSTEM_UI_008|FUN=CollapsedStatusBarFragment::isConnected |1|Wifi connection status--> false
01-01 01:04:18.964  1392  1392 W SYSTEM_UI - CI07.3: className -> CollapsedStatusBarFragment | functionName -> updateHermsDataType | value -> Update Herms Data Type :: networkType --> 0
01-01 01:04:18.964  1392  1392 W SYSTEM_UI - CI07.3: className -> CollapsedStatusBarFragment | functionName -> updateHermsDataType | value -> Update Herms Data Type :: isWebsiteSecure --> false
01-01 01:04:18.964  1392  1392 W SYSTEM_UI - CI07.3: className -> CollapsedStatusBarFragment | functionName -> updateHermsDataType | value -> Update Herms Data Type :: connection status --> 1
01-01 01:04:18.964  1392  1392 W SYSTEM_UI - CI07.3: className -> CollapsedStatusBarFragment | functionName -> updateHermsDataType | value -> Update Herms Data Type :: data Transfer --> false
01-01 01:04:18.964  1392  1392 W SYSTEM_UI - CI07.3: className -> CollapsedStatusBarFragment | functionName -> updateHermsDataType | value -> Update Herms Data Type :: wifiConnectionStatus --> false
01-01 01:04:18.964  1392  1392 W SYSTEM_UI - CI07.3: className -> CollapsedStatusBarFragment | functionName -> updateHermsDataType | value -> path 2
01-01 01:04:18.964  1392  1392 W SYSTEM_UI - CI07.3: className -> CollapsedStatusBarFragment | functionName -> updateHermsDataType | value -> path 3
01-01 01:04:18.965  1508  1601 W QCNEJ   : |CORE| notifyWifiStatusChanged failed
01-01 01:04:18.966  1508  1601 W QCNEJ   : |CORE| notifyRatConnectionStatusChanged failed
01-01 01:04:18.966   924   979 W XTCC-6.1.2.10-a: [LOWIUtils] to_eScanTypeResponse - default case
01-01 01:04:18.966   924   979 W XTCC-6.1.2.10-a: [WifiScanner] WiFi scan result : [43] AP's, async result: 1
01-01 01:04:18.967  2145  2145 D HMI_SERVICE: USE_CASE_NA|FUN=HmiApplication| [action] android.net.wifi.STATE_CHANGE
01-01 01:04:18.967  3739  3739 E HMI2-SETTINGS - CI08.4: className -> WifiActivity | functionName -> mWifiScanReceiver -> onReceive | error ->intent_action:android.net.wifi.STATE_CHANGE
01-01 01:04:18.967  2145  2145 D HMI_SERVICE: USE_CASE_NA|FUN=HmiApplication| [action] android.net.wifi.supplicant.STATE_CHANGE
01-01 01:04:18.967  3739  3739 W HMI2-SETTINGS - CI08.4: className -> WifiActivity | functionName -> handleNetworkStateChanged | value -> detailedState->CONNECTING
01-01 01:04:18.967  1151  1167 I WifiService: getConfiguredNetworks uid=1000
01-01 01:04:18.969  1151  1317 D WifiConfiguration: configKey: false
01-01 01:04:18.970  3739  3739 W HMI2-SETTINGS - CI08.4: className -> WifiActivity | functionName -> getConfig: success-> | value -> "RSE_Test"
01-01 01:04:18.970  3739  3739 W HMI2-SETTINGS - CI08.4: className -> WifiActivity | functionName -> getConnectSummary | value -> getConnectSummaryID: 172 SSID: "RSE_Test" PROVIDER-NAME: null BSSID: null FQDN: null PRIO: 0 HIDDEN: false
01-01 01:04:18.970  3739  3739 W HMI2-SETTINGS - CI08.4:  NetworkSelectionStatus NETWORK_SELECTION_ENABLED
01-01 01:04:18.970  3739  3739 W HMI2-SETTINGS - CI08.4:  hasEverConnected: false
01-01 01:04:18.970  3739  3739 W HMI2-SETTINGS - CI08.4:  KeyMgmt: WPA_PSK Protocols: WPA RSN
01-01 01:04:18.970  3739  3739 W HMI2-SETTINGS - CI08.4:  AuthAlgorithms: OPEN
01-01 01:04:18.970  3739  3739 W HMI2-SETTINGS - CI08.4:  PairwiseCiphers: TKIP CCMP
01-01 01:04:18.970  3739  3739 W HMI2-SETTINGS - CI08.4:  GroupCiphers: TKIP CCMP
01-01 01:04:18.970  3739  3739 W HMI2-SETTINGS - CI08.4:  PSK: *
01-01 01:04:18.970  3739  3739 W HMI2-SETTINGS - CI08.4: 
01-01 01:04:18.970  3739  3739 W HMI2-SETTINGS - CI08.4:  sim_num 
01-01 01:04:18.970  3739  3739 W HMI2-SETTINGS - CI08.4: Enterprise config:
01-01 01:04:18.970  3739  3739 W HMI2-SETTINGS - CI08.4: IP config:
01-01 01:04:18.970  3739  3739 W HMI2-SETTINGS - CI08.4: IP assignment: DHCP
01-01 01:04:18.970  3739  3739 W HMI2-SETTINGS - CI08.4: Proxy settings: NONE
01-01 01:04:18.970  3739  3739 W HMI2-SETTINGS - CI08.4:  cuid=1000 cname=android.uid.system:1000 luid=1000 lname=android.uid.system:1000 lcuid=1000 userApproved=USER_UNSPECIFIED noInternetAccessExpected=false roamingFailureBlackListTimeMilli: 1000
01-01 01:04:18.970  3739  3739 W HMI2-SETTINGS - CI08.4: recentFailure: Association Rejection code: 1
01-01 01:04:18.970  3739  3739 W HMI2-SETTINGS - CI08.4: ShareThisAp: false
01-01 01:04:18.970  3739  3739 W HMI2-SETTINGS - CI08.4: className -> WifiActivity | functionName -> getConnectSummary : | value ->  Saved
01-01 01:04:19.042  3675 19559 I QueryController: Matched selector: UiSelector[SCROLLABLE=true] <<==>> [android.view.accessibility.AccessibilityNodeInfo@3e65d26; boundsInParent: Rect(0, 1 - 1332, 890); boundsInScreen: Rect(305, 172 - 1637, 1061); packageName: com.panasonic.hmi2settings; className: android.widget.ScrollView; text: null; error: null; maxTextLength: -1; contentDescription: null; viewIdResName: com.panasonic.hmi2settings:id/scrollWifi; checkable: false; checked: false; focusable: true; focused: false; selected: false; clickable: false; longClickable: false; contextClickable: false; enabled: true; password: false; scrollable: true; importantForAccessibility: true; actions: [AccessibilityAction: ACTION_FOCUS - null, AccessibilityAction: ACTION_SELECT - null, AccessibilityAction: ACTION_CLEAR_SELECTION - null, AccessibilityAction: ACTION_ACCESSIBILITY_FOCUS - null, AccessibilityAction: ACTION_SCROLL_FORWARD - null, AccessibilityAction: ACTION_SCROLL_BACKWARD - null, AccessibilityAction: ACTION_SHOW_ON_SCREEN - null]]
01-01 01:04:19.042  3675 19559 D UiScrollable: scrollToBegining() using vertical scroll
01-01 01:04:19.042  3675 19559 D InteractionController: scrollSwipe (971, 260, 971, 973, 55)
01-01 01:04:19.047  3023  3023 E wpa_supplicant: Notifying state change event to hidl control: 6
01-01 01:04:19.047  3023  3023 I wpa_supplicant: wlan0: Associated with 8c:fe:74:fe:95:38
01-01 01:04:19.049  3023  3023 E wpa_supplicant: Notifying state change event to hidl control: 7
01-01 01:04:19.051  2145  2145 D HMI_SERVICE: USE_CASE_NA|FUN=HmiApplication| [action] android.net.wifi.supplicant.STATE_CHANGE
01-01 01:04:19.055  1508  1601 W QCNEJ   : |CORE| notifyWifiStatusChanged failed
01-01 01:04:19.055  1508  1601 W QCNEJ   : |CORE| notifyRatConnectionStatusChanged failed
01-01 01:04:19.056  2145  2145 D HMI_SERVICE: USE_CASE_NA|FUN=HmiApplication| [action] android.net.wifi.STATE_CHANGE
01-01 01:04:19.056  1392  1392 W SYSTEM_UI: SWR_SYSTEM_UI_008|FUN=CollapsedStatusBarFragment::AndroidEventReceiver | getAction |1|Broadcast action:android.net.wifi.STATE_CHANGE received
01-01 01:04:19.056  1392  1392 W SYSTEM_UI - CI07.3: className -> CollapsedStatusBarFragment | functionName -> AndroidEventReceiver | onReceive -->  | value -> Wifi connection status--> false
01-01 01:04:19.056  1392  1392 W SYSTEM_UI: SWR_SYSTEM_UI_008|FUN=CollapsedStatusBarFragment::isConnected |1|Wifi connection status--> false
01-01 01:04:19.056  1392  1392 W SYSTEM_UI - CI07.3: className -> CollapsedStatusBarFragment | functionName -> updateHermsDataType | value -> Update Herms Data Type :: networkType --> 0
01-01 01:04:19.057  1392  1392 W SYSTEM_UI - CI07.3: className -> CollapsedStatusBarFragment | functionName -> updateHermsDataType | value -> Update Herms Data Type :: isWebsiteSecure --> false
01-01 01:04:19.057  1392  1392 W SYSTEM_UI - CI07.3: className -> CollapsedStatusBarFragment | functionName -> updateHermsDataType | value -> Update Herms Data Type :: connection status --> 1
01-01 01:04:19.057  1392  1392 W SYSTEM_UI - CI07.3: className -> CollapsedStatusBarFragment | functionName -> updateHermsDataType | value -> Update Herms Data Type :: data Transfer --> false
01-01 01:04:19.057  1392  1392 W SYSTEM_UI - CI07.3: className -> CollapsedStatusBarFragment | functionName -> updateHermsDataType | value -> Update Herms Data Type :: wifiConnectionStatus --> false
01-01 01:04:19.057  1392  1392 W SYSTEM_UI - CI07.3: className -> CollapsedStatusBarFragment | functionName -> updateHermsDataType | value -> path 2
01-01 01:04:19.057  3739  3739 E HMI2-SETTINGS - CI08.4: className -> WifiActivity | functionName -> mWifiScanReceiver -> onReceive | error ->intent_action:android.net.wifi.STATE_CHANGE
01-01 01:04:19.057  1392  1392 W SYSTEM_UI - CI07.3: className -> CollapsedStatusBarFragment | functionName -> updateHermsDataType | value -> path 3
01-01 01:04:19.057  3739  3739 W HMI2-SETTINGS - CI08.4: className -> WifiActivity | functionName -> handleNetworkStateChanged | value -> detailedState->CONNECTING
01-01 01:04:19.057  1151  2233 I WifiService: getConfiguredNetworks uid=1000
01-01 01:04:19.061  3739  3739 W HMI2-SETTINGS - CI08.4: className -> WifiActivity | functionName -> getConfig: success-> | value -> "RSE_Test"
01-01 01:04:19.061  3739  3739 W HMI2-SETTINGS - CI08.4: className -> WifiActivity | functionName -> getConnectSummary | value -> getConnectSummaryID: 172 SSID: "RSE_Test" PROVIDER-NAME: null BSSID: null FQDN: null PRIO: 0 HIDDEN: false
01-01 01:04:19.061  3739  3739 W HMI2-SETTINGS - CI08.4:  NetworkSelectionStatus NETWORK_SELECTION_ENABLED
01-01 01:04:19.061  3739  3739 W HMI2-SETTINGS - CI08.4:  hasEverConnected: false
01-01 01:04:19.061  3739  3739 W HMI2-SETTINGS - CI08.4:  KeyMgmt: WPA_PSK Protocols: WPA RSN
01-01 01:04:19.061  3739  3739 W HMI2-SETTINGS - CI08.4:  AuthAlgorithms: OPEN
01-01 01:04:19.061  3739  3739 W HMI2-SETTINGS - CI08.4:  PairwiseCiphers: TKIP CCMP
01-01 01:04:19.061  3739  3739 W HMI2-SETTINGS - CI08.4:  GroupCiphers: TKIP CCMP
01-01 01:04:19.061  3739  3739 W HMI2-SETTINGS - CI08.4:  PSK: *
01-01 01:04:19.061  3739  3739 W HMI2-SETTINGS - CI08.4: 
01-01 01:04:19.061  3739  3739 W HMI2-SETTINGS - CI08.4:  sim_num 
01-01 01:04:19.061  3739  3739 W HMI2-SETTINGS - CI08.4: Enterprise config:
01-01 01:04:19.061  3739  3739 W HMI2-SETTINGS - CI08.4: IP config:
01-01 01:04:19.061  3739  3739 W HMI2-SETTINGS - CI08.4: IP assignment: DHCP
01-01 01:04:19.061  3739  3739 W HMI2-SETTINGS - CI08.4: Proxy settings: NONE
01-01 01:04:19.061  3739  3739 W HMI2-SETTINGS - CI08.4:  cuid=1000 cname=android.uid.system:1000 luid=1000 lname=android.uid.system:1000 lcuid=1000 userApproved=USER_UNSPECIFIED noInternetAccessExpected=false roamingFailureBlackListTimeMilli: 1000
01-01 01:04:19.061  3739  3739 W HMI2-SETTINGS - CI08.4: recentFailure: Association Rejection code: 1
01-01 01:04:19.061  3739  3739 W HMI2-SETTINGS - CI08.4: ShareThisAp: false
01-01 01:04:19.061  3739  3739 W HMI2-SETTINGS - CI08.4: className -> WifiActivity | functionName -> getConnectSummary : | value ->  Saved
01-01 01:04:19.062  1392  1392 W SYSTEM_UI: SWR_SYSTEM_UI_008|FUN=CollapsedStatusBarFragment::AndroidEventReceiver | getAction |1|Broadcast action:android.net.wifi.STATE_CHANGE received
01-01 01:04:19.062  1392  1392 W SYSTEM_UI - CI07.3: className -> CollapsedStatusBarFragment | functionName -> AndroidEventReceiver | onReceive -->  | value -> Wifi connection status--> false
01-01 01:04:19.062  1392  1392 W SYSTEM_UI: SWR_SYSTEM_UI_008|FUN=CollapsedStatusBarFragment::isConnected |1|Wifi connection status--> false
01-01 01:04:19.062  1392  1392 W SYSTEM_UI - CI07.3: className -> CollapsedStatusBarFragment | functionName -> updateHermsDataType | value -> Update Herms Data Type :: networkType --> 0
01-01 01:04:19.062  1392  1392 W SYSTEM_UI - CI07.3: className -> CollapsedStatusBarFragment | functionName -> updateHermsDataType | value -> Update Herms Data Type :: isWebsiteSecure --> false
01-01 01:04:19.062  1392  1392 W SYSTEM_UI - CI07.3: className -> CollapsedStatusBarFragment | functionName -> updateHermsDataType | value -> Update Herms Data Type :: connection status --> 1
01-01 01:04:19.062  1392  1392 W SYSTEM_UI - CI07.3: className -> CollapsedStatusBarFragment | functionName -> updateHermsDataType | value -> Update Herms Data Type :: data Transfer --> false
01-01 01:04:19.062  1392  1392 W SYSTEM_UI - CI07.3: className -> CollapsedStatusBarFragment | functionName -> updateHermsDataType | value -> Update Herms Data Type :: wifiConnectionStatus --> false
01-01 01:04:19.062  2145  2145 D HMI_SERVICE: USE_CASE_NA|FUN=HmiApplication| [action] android.net.wifi.STATE_CHANGE
01-01 01:04:19.062  3739  3739 E HMI2-SETTINGS - CI08.4: className -> WifiActivity | functionName -> mWifiScanReceiver -> onReceive | error ->intent_action:android.net.wifi.STATE_CHANGE
