01-01 00:50:18.129  3739  3739 W HMI2-SETTINGS - CI08.4: className -> WifiActivity | functionName -> isInConnected | value -> | ACSIA_CORP3|0|2
01-01 00:50:18.129  3739  3739 W HMI2-SETTINGS - CI08.4: className -> WifiActivity | functionName -> isWapiVariantBlocked | value -> security_type:2
01-01 00:50:18.129  3739  3739 W HMI2-SETTINGS - CI08.4: className -> WifiActivity | functionName -> isInConnected | value -> |RSE_Test|0|2
01-01 00:50:18.129  3739  3739 W HMI2-SETTINGS - CI08.4: className -> WifiActivity | functionName -> isWapiVariantBlocked | value -> security_type:2
01-01 00:50:18.129  3739  3739 W HMI2-SETTINGS - CI08.4: className -> WifiActivity | functionName -> isInConnected | value -> |HUWIFI|0|2
01-01 00:50:18.129  3739  3739 W HMI2-SETTINGS - CI08.4: className -> WifiActivity | functionName -> isWapiVariantBlocked | value -> security_type:2
01-01 00:50:18.129  3739  3739 W HMI2-SETTINGS - CI08.4: className -> WifiActivity | functionName -> isInConnected | value -> |DIRECT-vQINLT044msmJ|0|2
01-01 00:50:18.129  3739  3739 W HMI2-SETTINGS - CI08.4: className -> WifiActivity | functionName -> isWapiVariantBlocked | value -> security_type:2
01-01 00:50:18.129  3739  3739 W HMI2-SETTINGS - CI08.4: className -> WifiActivity | functionName -> isInConnected | value -> |DIRECT-DMATCLWI2064msNL|0|2
01-01 00:50:18.129  3739  3739 W HMI2-SETTINGS - CI08.4: className -> WifiActivity | functionName -> isWapiVariantBlocked | value -> security_type:2
01-01 00:50:18.129  3739  3739 W HMI2-SETTINGS - CI08.4: className -> WifiActivity | functionName -> isInConnected | value -> |AUTOMATION_TEST|0|2
01-01 00:50:18.129  3739  3739 W HMI2-SETTINGS - CI08.4: className -> WifiActivity | functionName -> isWapiVariantBlocked | value -> security_type:2
01-01 00:50:18.129  3739  3739 W HMI2-SETTINGS - CI08.4: className -> WifiActivity | functionName -> isInConnected | value -> |ACSIA_CORP1|0|2
01-01 00:50:18.129  3739  3739 W HMI2-SETTINGS - CI08.4: className -> WifiActivity | functionName -> isWapiVariantBlocked | value -> security_type:2
01-01 00:50:18.129  3739  3739 W HMI2-SETTINGS - CI08.4: className -> WifiActivity | functionName -> isInConnected | value -> |ACSIA_GUEST1|0|2
01-01 00:50:18.129  3739  3739 W HMI2-SETTINGS - CI08.4: className -> WifiActivity | functionName -> isWapiVariantBlocked | value -> security_type:2
01-01 00:50:18.129  3739  3739 W HMI2-SETTINGS - CI08.4: className -> WifiActivity | functionName -> isInConnected | value -> |ACSIA_DEV|0|2
01-01 00:50:18.129  3739  3739 W HMI2-SETTINGS - CI08.4: className -> WifiActivity | functionName -> isWapiVariantBlocked | value -> security_type:2
01-01 00:50:18.129  3739  3739 W HMI2-SETTINGS - CI08.4: className -> WifiActivity | functionName -> isInConnected | value -> |ACSIA_CORP2|0|2
01-01 00:50:18.129  3739  3739 W HMI2-SETTINGS - CI08.4: className -> WifiActivity | functionName -> isWapiVariantBlocked | value -> security_type:2
01-01 00:50:18.129  3739  3739 W HMI2-SETTINGS - CI08.4: className -> WifiActivity | functionName -> isInConnected | value -> | ACSIA_CORP3|0|2
01-01 00:50:18.129  3739  3739 W HMI2-SETTINGS - CI08.4: className -> WifiActivity | functionName -> isWapiVariantBlocked | value -> security_type:2
01-01 00:50:18.130  3739  3739 W HMI2-SETTINGS - CI08.4: className -> WifiActivity | functionName -> isInConnected | value -> |ACSIA_Management|0|2
01-01 00:50:18.130  3739  3739 W HMI2-SETTINGS - CI08.4: className -> WifiActivity | functionName -> isWapiVariantBlocked | value -> security_type:2
01-01 00:50:18.130  3739  3739 W HMI2-SETTINGS - CI08.4: className -> WifiActivity | functionName -> isInConnected | value -> |RSE_Test|0|2
01-01 00:50:18.130  3739  3739 W HMI2-SETTINGS - CI08.4: className -> WifiActivity | functionName -> isWapiVariantBlocked | value -> security_type:2
01-01 00:50:18.130  3739  3739 W HMI2-SETTINGS - CI08.4: className -> WifiActivity | functionName -> isInConnected | value -> |MB Hotspot 61185|0|2
01-01 00:50:18.130  3739  3739 W HMI2-SETTINGS - CI08.4: className -> WifiActivity | functionName -> isWapiVariantBlocked | value -> security_type:0
01-01 00:50:18.130  3739  3739 W HMI2-SETTINGS - CI08.4: className -> WifiActivity | functionName -> isInConnected | value -> |HP-Print-DB-LaserJet Pro MFP|0|0
01-01 00:50:18.130  3739  3739 W HMI2-SETTINGS - CI08.4: className -> WifiActivity | functionName -> handleAllAvailNetwork | value -> savedNetwork ->0
01-01 00:50:18.130  3739  3739 W HMI2-SETTINGS - CI08.4: className -> WifiActivity | functionName -> handleAllAvailNetwork | value -> presentVisibleNetwork ->29
01-01 00:50:18.133  3739  3739 W HMI2-SETTINGS - CI08.4: className -> WifiActivity | functionName -> handleIfWifiAvailableNetworks: config is  | value -> null
01-01 00:50:18.156  3675 16009 D UIAutomatorStub: URI: /jsonrpc/0, Method: POST, Header: {content-length=274, remote-addr=127.0.0.1, http-client-ip=127.0.0.1, host=localhost:9009, content-type=application/json, connection=close, accept-encoding=identity, user-agent=Python-urllib/2.7}, params, {NanoHttpd.QUERY_STRING=null}, files: {postData={"params": [{"childOrSiblingSelector": [], "scrollable": true, "mask": 16384, "childOrSibling": []}, {"childOrSiblingSelector": [], "text": "RSE_Test", "mask": 1, "childOrSibling": []}, true], "jsonrpc": "2.0", "method": "scrollTo", "id": "62c34ddbac702205b18d787bc6b6925e"}}
01-01 00:50:18.574  1933  1957 D LCMANDR : SWR_OOB_HV_MF_009|FUN=LifeCycleManagerService::LifeCycle_ReportCompStatus|GOT ALIVENESS SIGNAL FROM DAIAPP : [0]; HB Counter = [ 1193 ]; STATUS INFO = [ 0 ]
01-01 00:50:18.575  1519  1964 I Connectivity_AIDL|AIDL_Handler.AIDL_Helpers.LcmHelper: MBUX App Method: KeepAliveTest |Line No: 408 |Log Type: Critical |Message: ChildThread:MBUX-App HB Count: 1195, ResponseCode: 0
01-01 00:50:18.656   729   748 I sssv-lib: sendMsg enter
01-01 00:50:18.656   729   748 I sssv-lib: sendMsg complete.
01-01 00:50:18.766     1   452 I init    : Uptime: 03014.903161 LocalTime: 01-01 00:50:18.766
01-01 00:50:18.807  3675 16009 D UiScrollable: scrollToBeginning() on selector = UiSelector[SCROLLABLE=true]
01-01 00:50:18.807  3675 16009 D UiScrollable: scrollBackward() on selector = UiSelector[SCROLLABLE=true]
01-01 00:50:18.814  3675 16009 I QueryController: Matched selector: UiSelector[SCROLLABLE=true] <<==>> [android.view.accessibility.AccessibilityNodeInfo@3036cc8; boundsInParent: Rect(0, 0 - 1332, 889); boundsInScreen: Rect(305, 172 - 1637, 1061); packageName: com.panasonic.hmi2settings; className: android.widget.ScrollView; text: null; error: null; maxTextLength: -1; contentDescription: null; viewIdResName: com.panasonic.hmi2settings:id/scrollWifi; checkable: false; checked: false; focusable: true; focused: false; selected: false; clickable: false; longClickable: false; contextClickable: false; enabled: true; password: false; scrollable: true; importantForAccessibility: true; actions: [AccessibilityAction: ACTION_FOCUS - null, AccessibilityAction: ACTION_SELECT - null, AccessibilityAction: ACTION_CLEAR_SELECTION - null, AccessibilityAction: ACTION_ACCESSIBILITY_FOCUS - null, AccessibilityAction: ACTION_SCROLL_FORWARD - null, AccessibilityAction: ACTION_SHOW_ON_SCREEN - null]]
01-01 00:50:18.814  3675 16009 D UiScrollable: scrollToBegining() using vertical scroll
01-01 00:50:18.814  3675 16009 D InteractionController: scrollSwipe (971, 260, 971, 973, 55)
01-01 00:50:19.657   729   748 I sssv-lib: sendMsg enter
01-01 00:50:19.657   729   748 I sssv-lib: sendMsg complete.
01-01 00:50:19.664   635   635 E ANDR-PERF-TARGET: Error: Invalid logical cluster id 0
01-01 00:50:19.664   635   635 E ANDR-PERF-MPCTL: invalid request, no optimizations performed
01-01 00:50:19.680   635   635 E ANDR-PERF-TARGET: Error: Invalid logical cluster id 0
01-01 00:50:19.680   635   635 E ANDR-PERF-MPCTL: invalid request, no optimizations performed
01-01 00:50:19.697   635   635 E ANDR-PERF-TARGET: Error: Invalid logical cluster id 0
01-01 00:50:19.697   635   635 E ANDR-PERF-MPCTL: invalid request, no optimizations performed
01-01 00:50:19.714   635   635 E ANDR-PERF-TARGET: Error: Invalid logical cluster id 0
01-01 00:50:19.714   635   635 E ANDR-PERF-MPCTL: invalid request, no optimizations performed
01-01 00:50:19.730   635   635 E ANDR-PERF-TARGET: Error: Invalid logical cluster id 0
01-01 00:50:19.731   635   635 E ANDR-PERF-MPCTL: invalid request, no optimizations performed
01-01 00:50:19.731   635   635 E ANDR-PERF-TARGET: Error: Invalid logical cluster id 0
01-01 00:50:19.731   635   635 E ANDR-PERF-MPCTL: invalid request, no optimizations performed
01-01 00:50:19.747   635   635 E ANDR-PERF-TARGET: Error: Invalid logical cluster id 0
01-01 00:50:19.747   635   635 E ANDR-PERF-MPCTL: invalid request, no optimizations performed
01-01 00:50:19.764   635   635 E ANDR-PERF-TARGET: Error: Invalid logical cluster id 0
01-01 00:50:19.764   635   635 E ANDR-PERF-MPCTL: invalid request, no optimizations performed
01-01 00:50:19.781   635   635 E ANDR-PERF-TARGET: Error: Invalid logical cluster id 0
01-01 00:50:19.781   635   635 E ANDR-PERF-MPCTL: invalid request, no optimizations performed
01-01 00:50:19.797   635   635 E ANDR-PERF-TARGET: Error: Invalid logical cluster id 0
01-01 00:50:19.797   635   635 E ANDR-PERF-MPCTL: invalid request, no optimizations performed
01-01 00:50:19.814   635   635 E ANDR-PERF-TARGET: Error: Invalid logical cluster id 0
01-01 00:50:19.814   635   635 E ANDR-PERF-MPCTL: invalid request, no optimizations performed
01-01 00:50:19.831   635   635 E ANDR-PERF-TARGET: Error: Invalid logical cluster id 0
01-01 00:50:19.831   635   635 E ANDR-PERF-MPCTL: invalid request, no optimizations performed
01-01 00:50:19.847   635   635 E ANDR-PERF-TARGET: Error: Invalid logical cluster id 0
01-01 00:50:19.848   635   635 E ANDR-PERF-MPCTL: invalid request, no optimizations performed
01-01 00:50:19.864   635   635 E ANDR-PERF-TARGET: Error: Invalid logical cluster id 0
01-01 00:50:19.864   635   635 E ANDR-PERF-MPCTL: invalid request, no optimizations performed
01-01 00:50:19.881   635   635 E ANDR-PERF-TARGET: Error: Invalid logical cluster id 0
01-01 00:50:19.881   635   635 E ANDR-PERF-MPCTL: invalid request, no optimizations performed
01-01 00:50:19.897   635   635 E ANDR-PERF-TARGET: Error: Invalid logical cluster id 0
01-01 00:50:19.898   635   635 E ANDR-PERF-MPCTL: invalid request, no optimizations performed
01-01 00:50:19.914   635   635 E ANDR-PERF-TARGET: Error: Invalid logical cluster id 0
01-01 00:50:19.914   635   635 E ANDR-PERF-MPCTL: invalid request, no optimizations performed
01-01 00:50:19.924  3675 16009 W InteractionController: runAndwaitForEvents timed out waiting for events
01-01 00:50:19.931   635   635 E ANDR-PERF-TARGET: Error: Invalid logical cluster id 0
01-01 00:50:19.931   635   635 E ANDR-PERF-MPCTL: invalid request, no optimizations performed
01-01 00:50:19.936  3675 16009 D UiScrollable: scrollForward() on selector = UiSelector[SCROLLABLE=true]
01-01 00:50:19.943  3675 16009 I QueryController: Matched selector: UiSelector[SCROLLABLE=true] <<==>> [android.view.accessibility.AccessibilityNodeInfo@3036cc8; boundsInParent: Rect(0, 0 - 1332, 889); boundsInScreen: Rect(305, 172 - 1637, 1061); packageName: com.panasonic.hmi2settings; className: android.widget.ScrollView; text: null; error: null; maxTextLength: -1; contentDescription: null; viewIdResName: com.panasonic.hmi2settings:id/scrollWifi; checkable: false; checked: false; focusable: true; focused: false; selected: false; clickable: false; longClickable: false; contextClickable: false; enabled: true; password: false; scrollable: true; importantForAccessibility: true; actions: [AccessibilityAction: ACTION_FOCUS - null, AccessibilityAction: ACTION_SELECT - null, AccessibilityAction: ACTION_CLEAR_SELECTION - null, AccessibilityAction: ACTION_ACCESSIBILITY_FOCUS - null, AccessibilityAction: ACTION_SCROLL_FORWARD - null, AccessibilityAction: ACTION_SHOW_ON_SCREEN - null]]
01-01 00:50:19.943  3675 16009 D InteractionController: scrollSwipe (971, 973, 971, 260, 55)
01-01 00:50:19.948   635   635 E ANDR-PERF-TARGET: Error: Invalid logical cluster id 0
01-01 00:50:19.948   635   635 E ANDR-PERF-MPCTL: invalid request, no optimizations performed
01-01 00:50:19.965   635   635 E ANDR-PERF-TARGET: Error: Invalid logical cluster id 0
01-01 00:50:19.965   635   635 E ANDR-PERF-MPCTL: invalid request, no optimizations performed
01-01 00:50:19.981   635   635 E ANDR-PERF-TARGET: Error: Invalid logical cluster id 0
01-01 00:50:19.981   635   635 E ANDR-PERF-MPCTL: invalid request, no optimizations performed
01-01 00:50:19.998   635   635 E ANDR-PERF-TARGET: Error: Invalid logical cluster id 0
01-01 00:50:19.998   635   635 E ANDR-PERF-MPCTL: invalid request, no optimizations performed
01-01 00:50:20.015   635   635 E ANDR-PERF-TARGET: Error: Invalid logical cluster id 0
01-01 00:50:20.015   635   635 E ANDR-PERF-MPCTL: invalid request, no optimizations performed
01-01 00:50:20.031   635   635 E ANDR-PERF-TARGET: Error: Invalid logical cluster id 0
01-01 00:50:20.031   635   635 E ANDR-PERF-MPCTL: invalid request, no optimizations performed
01-01 00:50:20.048   635   635 E ANDR-PERF-TARGET: Error: Invalid logical cluster id 0
01-01 00:50:20.048   635   635 E ANDR-PERF-MPCTL: invalid request, no optimizations performed
01-01 00:50:20.065   635   635 E ANDR-PERF-TARGET: Error: Invalid logical cluster id 0
01-01 00:50:20.065   635   635 E ANDR-PERF-MPCTL: invalid request, no optimizations performed
01-01 00:50:20.081   635   635 E ANDR-PERF-TARGET: Error: Invalid logical cluster id 0
01-01 00:50:20.082   635   635 E ANDR-PERF-MPCTL: invalid request, no optimizations performed
01-01 00:50:20.098   635   635 E ANDR-PERF-TARGET: Error: Invalid logical cluster id 0
01-01 00:50:20.098   635   635 E ANDR-PERF-MPCTL: invalid request, no optimizations performed
01-01 00:50:20.115   635   635 E ANDR-PERF-TARGET: Error: Invalid logical cluster id 0
01-01 00:50:20.115   635   635 E ANDR-PERF-MPCTL: invalid request, no optimizations performed
01-01 00:50:20.132   635   635 E ANDR-PERF-TARGET: Error: Invalid logical cluster id 0
01-01 00:50:20.132   635   635 E ANDR-PERF-MPCTL: invalid request, no optimizations performed
01-01 00:50:20.148   635   635 E ANDR-PERF-TARGET: Error: Invalid logical cluster id 0
01-01 00:50:20.148   635   635 E ANDR-PERF-MPCTL: invalid request, no optimizations performed
01-01 00:50:20.165   635   635 E ANDR-PERF-TARGET: Error: Invalid logical cluster id 0
01-01 00:50:20.165   635   635 E ANDR-PERF-MPCTL: invalid request, no optimizations performed
01-01 00:50:20.182   635   635 E ANDR-PERF-TARGET: Error: Invalid logical cluster id 0
01-01 00:50:20.182   635   635 E ANDR-PERF-MPCTL: invalid request, no optimizations performed
01-01 00:50:20.182  1933  1933 I LCMANDR : SWR_OOB_HV_MF_009|FUN=ResourceMonitoringService::movingMemoryAverage|2|Moving memory average :30.633917
01-01 00:50:20.182  1933  1933 W LCMANDR : SWR_OOB_HV_MF_009|FUN=ResourceMonitoringService::getCpuUsageStatistic|Moving MEM AVG :::::::::30.633917
01-01 00:50:20.184  1933  1933 W LCMANDR : SWR_OOB_HV_MF_009|FUN=ResourceMonitoringService::getCpuUsageStatistic|2|Total cpu usage :29.63801
01-01 00:50:20.184  1933  1933 I LCMANDR : SWR_OOB_HV_MF_009|FUN=ResourceMonitoringService::getCpuUsageStatistic|Cpu usage of core  0 is31.525425
01-01 00:50:20.184  1933  1933 I LCMANDR : SWR_OOB_HV_MF_009|FUN=ResourceMonitoringService::getCpuUsageStatistic|Cpu usage of core  1 is27.739727
01-01 00:50:20.184  1933  1933 I LCMANDR : SWR_OOB_HV_MF_009|FUN=ResourceMonitoringService::getCpuUsageStatistic|Cpu usage of core  2 is29.62963
01-01 00:50:20.184  1933  1933 I LCMANDR : ResourceMonitoringService::movingCpuAverage()
01-01 00:50:20.184  1933  1933 I LCMANDR : SWR_OOB_HV_MF_009|FUN=ResourceMonitoringService::movingCpuAverage|2|Moving window average of CPU 21.504292
01-01 00:50:20.184  1933  1933 I LCMANDR : SWR_OOB_HV_MF_009|FUN=ResourceMonitoringService::movingCpuAverage|2|Cpu moving average of core  0 is22.337933
01-01 00:50:20.184  1933  1933 I LCMANDR : SWR_OOB_HV_MF_009|FUN=ResourceMonitoringService::movingCpuAverage|2|Cpu moving average of core  1 is20.010471
01-01 00:50:20.184  1933  1933 I LCMANDR : SWR_OOB_HV_MF_009|FUN=ResourceMonitoringService::movingCpuAverage|2|Cpu moving average of core  2 is22.150206
01-01 00:50:20.184  1933  1933 D LCMANDR : SWR_OOB_HV_MF_009|FUN=ResourceMonitoringService::movingCpuAverage|2|Exiting VAL = 21.504292
01-01 00:50:20.198   635   635 E ANDR-PERF-TARGET: Error: Invalid logical cluster id 0
01-01 00:50:20.198   635   635 E ANDR-PERF-MPCTL: invalid request, no optimizations performed
01-01 00:50:20.215   635   635 E ANDR-PERF-TARGET: Error: Invalid logical cluster id 0
01-01 00:50:20.215   635   635 E ANDR-PERF-MPCTL: invalid request, no optimizations performed
01-01 00:50:20.231   635   635 E ANDR-PERF-TARGET: Error: Invalid logical cluster id 0
01-01 00:50:20.231   635   635 E ANDR-PERF-MPCTL: invalid request, no optimizations performed
01-01 00:50:20.248   635   635 E ANDR-PERF-TARGET: Error: Invalid logical cluster id 0
01-01 00:50:20.248   635   635 E ANDR-PERF-MPCTL: invalid request, no optimizations performed
01-01 00:50:20.265   635   635 E ANDR-PERF-TARGET: Error: Invalid logical cluster id 0
01-01 00:50:20.265   635   635 E ANDR-PERF-MPCTL: invalid request, no optimizations performed
01-01 00:50:20.281   635   635 E ANDR-PERF-TARGET: Error: Invalid logical cluster id 0
01-01 00:50:20.282   635   635 E ANDR-PERF-MPCTL: invalid request, no optimizations performed
01-01 00:50:20.298   635   635 E ANDR-PERF-TARGET: Error: Invalid logical cluster id 0
01-01 00:50:20.298   635   635 E ANDR-PERF-MPCTL: invalid request, no optimizations performed
01-01 00:50:20.315   635   635 E ANDR-PERF-TARGET: Error: Invalid logical cluster id 0
01-01 00:50:20.315   635   635 E ANDR-PERF-MPCTL: invalid request, no optimizations performed
01-01 00:50:20.332   635   635 E ANDR-PERF-TARGET: Error: Invalid logical cluster id 0
01-01 00:50:20.332   635   635 E ANDR-PERF-MPCTL: invalid request, no optimizations performed
01-01 00:50:20.348   635   635 E ANDR-PERF-TARGET: Error: Invalid logical cluster id 0
01-01 00:50:20.348   635   635 E ANDR-PERF-MPCTL: invalid request, no optimizations performed
01-01 00:50:20.365   635   635 E ANDR-PERF-TARGET: Error: Invalid logical cluster id 0
01-01 00:50:20.365   635   635 E ANDR-PERF-MPCTL: invalid request, no optimizations performed
01-01 00:50:20.382   635   635 E ANDR-PERF-TARGET: Error: Invalid logical cluster id 0
01-01 00:50:20.382   635   635 E ANDR-PERF-MPCTL: invalid request, no optimizations performed
01-01 00:50:20.390  1933  1957 D LCMANDR : SWR_OOB_HV_MF_009|FUN=LifeCycleManagerService::LifeCycle_ReportCompStatus|GOT ALIVENESS SIGNAL FROM DAIAPP : [0]; HB Counter = [ 1194 ]; STATUS INFO = [ 0 ]
01-01 00:50:20.391  1519  1519 I Connectivity_AIDL|AIDL_Handler.AIDL_Helpers.LcmHelper: MBUX App Method: KeepAliveTest |Line No: 408 |Log Type: Critical |Message: MainThread:MBUX-App HB Count: 1196, ResponseCode: 0
01-01 00:50:20.398   635   635 E ANDR-PERF-TARGET: Error: Invalid logical cluster id 0
01-01 00:50:20.398   635   635 E ANDR-PERF-MPCTL: invalid request, no optimizations performed
01-01 00:50:20.415   635   635 E ANDR-PERF-TARGET: Error: Invalid logical cluster id 0
01-01 00:50:20.415   635   635 E ANDR-PERF-MPCTL: invalid request, no optimizations performed
01-01 00:50:20.432   635   635 E ANDR-PERF-TARGET: Error: Invalid logical cluster id 0
01-01 00:50:20.432   635   635 E ANDR-PERF-MPCTL: invalid request, no optimizations performed
01-01 00:50:20.448   635   635 E ANDR-PERF-TARGET: Error: Invalid logical cluster id 0
01-01 00:50:20.449   635   635 E ANDR-PERF-MPCTL: invalid request, no optimizations performed
01-01 00:50:20.465   635   635 E ANDR-PERF-TARGET: Error: Invalid logical cluster id 0
01-01 00:50:20.465   635   635 E ANDR-PERF-MPCTL: invalid request, no optimizations performed
01-01 00:50:20.482   635   635 E ANDR-PERF-TARGET: Error: Invalid logical cluster id 0
01-01 00:50:20.482   635   635 E ANDR-PERF-MPCTL: invalid request, no optimizations performed
01-01 00:50:20.499   635   635 E ANDR-PERF-TARGET: Error: Invalid logical cluster id 0
01-01 00:50:20.499   635   635 E ANDR-PERF-MPCTL: invalid request, no optimizations performed
01-01 00:50:20.515   635   635 E ANDR-PERF-TARGET: Error: Invalid logical cluster id 0
01-01 00:50:20.515   635   635 E ANDR-PERF-MPCTL: invalid request, no optimizations performed
01-01 00:50:20.532   635   635 E ANDR-PERF-TARGET: Error: Invalid logical cluster id 0
01-01 00:50:20.532   635   635 E ANDR-PERF-MPCTL: invalid request, no optimizations performed
01-01 00:50:20.549   635   635 E ANDR-PERF-TARGET: Error: Invalid logical cluster id 0
01-01 00:50:20.549   635   635 E ANDR-PERF-MPCTL: invalid request, no optimizations performed
01-01 00:50:20.565   635   635 E ANDR-PERF-TARGET: Error: Invalid logical cluster id 0
01-01 00:50:20.566   635   635 E ANDR-PERF-MPCTL: invalid request, no optimizations performed
01-01 00:50:20.582   635   635 E ANDR-PERF-TARGET: Error: Invalid logical cluster id 0
01-01 00:50:20.582   635   635 E ANDR-PERF-MPCTL: invalid request, no optimizations performed
01-01 00:50:20.599   635   635 E ANDR-PERF-TARGET: Error: Invalid logical cluster id 0
01-01 00:50:20.599   635   635 E ANDR-PERF-MPCTL: invalid request, no optimizations performed
01-01 00:50:20.615   635   635 E ANDR-PERF-TARGET: Error: Invalid logical cluster id 0
01-01 00:50:20.616   635   635 E ANDR-PERF-MPCTL: invalid request, no optimizations performed
01-01 00:50:20.632   635   635 E ANDR-PERF-TARGET: Error: Invalid logical cluster id 0
01-01 00:50:20.632   635   635 E ANDR-PERF-MPCTL: invalid request, no optimizations performed
01-01 00:50:20.649   635   635 E ANDR-PERF-TARGET: Error: Invalid logical cluster id 0
01-01 00:50:20.649   635   635 E ANDR-PERF-MPCTL: invalid request, no optimizations performed
01-01 00:50:20.658   729   748 I sssv-lib: sendMsg enter
01-01 00:50:20.658   729   748 I sssv-lib: sendMsg complete.
01-01 00:50:20.666   635   635 E ANDR-PERF-TARGET: Error: Invalid logical cluster id 0
01-01 00:50:20.666   635   635 E ANDR-PERF-MPCTL: invalid request, no optimizations performed
01-01 00:50:20.682   635   635 E ANDR-PERF-TARGET: Error: Invalid logical cluster id 0
01-01 00:50:20.682   635   635 E ANDR-PERF-MPCTL: invalid request, no optimizations performed
01-01 00:50:20.699   635   635 E ANDR-PERF-TARGET: Error: Invalid logical cluster id 0
01-01 00:50:20.699   635   635 E ANDR-PERF-MPCTL: invalid request, no optimizations performed
01-01 00:50:20.716   635   635 E ANDR-PERF-TARGET: Error: Invalid logical cluster id 0
01-01 00:50:20.716   635   635 E ANDR-PERF-MPCTL: invalid request, no optimizations performed
01-01 00:50:20.732   635   635 E ANDR-PERF-TARGET: Error: Invalid logical cluster id 0
01-01 00:50:20.732   635   635 E ANDR-PERF-MPCTL: invalid request, no optimizations performed
01-01 00:50:20.749   635   635 E ANDR-PERF-TARGET: Error: Invalid logical cluster id 0
01-01 00:50:20.749   635   635 E ANDR-PERF-MPCTL: invalid request, no optimizations performed
01-01 00:50:20.766   635   635 E ANDR-PERF-TARGET: Error: Invalid logical cluster id 0
01-01 00:50:20.766   635   635 E ANDR-PERF-MPCTL: invalid request, no optimizations performed
01-01 00:50:20.782   635   635 E ANDR-PERF-TARGET: Error: Invalid logical cluster id 0
01-01 00:50:20.783   635   635 E ANDR-PERF-MPCTL: invalid request, no optimizations performed
01-01 00:50:20.799   635   635 E ANDR-PERF-TARGET: Error: Invalid logical cluster id 0
01-01 00:50:20.799   635   635 E ANDR-PERF-MPCTL: invalid request, no optimizations performed
01-01 00:50:20.816   635   635 E ANDR-PERF-TARGET: Error: Invalid logical cluster id 0
01-01 00:50:20.816   635   635 E ANDR-PERF-MPCTL: invalid request, no optimizations performed
01-01 00:50:20.833   635   635 E ANDR-PERF-TARGET: Error: Invalid logical cluster id 0
01-01 00:50:20.833   635   635 E ANDR-PERF-MPCTL: invalid request, no optimizations performed
01-01 00:50:20.849   635   635 E ANDR-PERF-TARGET: Error: Invalid logical cluster id 0
01-01 00:50:20.849   635   635 E ANDR-PERF-MPCTL: invalid request, no optimizations performed
01-01 00:50:20.866   635   635 E ANDR-PERF-TARGET: Error: Invalid logical cluster id 0
01-01 00:50:20.866   635   635 E ANDR-PERF-MPCTL: invalid request, no optimizations performed
01-01 00:50:20.866   635   635 E ANDR-PERF-TARGET: Error: Invalid logical cluster id 0
01-01 00:50:20.866   635   635 E ANDR-PERF-MPCTL: invalid request, no optimizations performed
01-01 00:50:20.883   635   635 E ANDR-PERF-TARGET: Error: Invalid logical cluster id 0
01-01 00:50:20.883   635   635 E ANDR-PERF-MPCTL: invalid request, no optimizations performed
01-01 00:50:20.899   635   635 E ANDR-PERF-TARGET: Error: Invalid logical cluster id 0
01-01 00:50:20.899   635   635 E ANDR-PERF-MPCTL: invalid request, no optimizations performed
01-01 00:50:20.916   635   635 E ANDR-PERF-TARGET: Error: Invalid logical cluster id 0
01-01 00:50:20.916   635   635 E ANDR-PERF-MPCTL: invalid request, no optimizations performed
01-01 00:50:20.933   635   635 E ANDR-PERF-TARGET: Error: Invalid logical cluster id 0
01-01 00:50:20.933   635   635 E ANDR-PERF-MPCTL: invalid request, no optimizations performed
01-01 00:50:20.950   635   635 E ANDR-PERF-TARGET: Error: Invalid logical cluster id 0
01-01 00:50:20.950   635   635 E ANDR-PERF-MPCTL: invalid request, no optimizations performed
01-01 00:50:20.966   635   635 E ANDR-PERF-TARGET: Error: Invalid logical cluster id 0
01-01 00:50:20.966   635   635 E ANDR-PERF-MPCTL: invalid request, no optimizations performed
01-01 00:50:20.983   635   635 E ANDR-PERF-TARGET: Error: Invalid logical cluster id 0
01-01 00:50:20.983   635   635 E ANDR-PERF-MPCTL: invalid request, no optimizations performed
01-01 00:50:21.000   635   635 E ANDR-PERF-TARGET: Error: Invalid logical cluster id 0
01-01 00:50:21.000   635   635 E ANDR-PERF-MPCTL: invalid request, no optimizations performed
01-01 00:50:21.016   635   635 E ANDR-PERF-TARGET: Error: Invalid logical cluster id 0
01-01 00:50:21.016   635   635 E ANDR-PERF-MPCTL: invalid request, no optimizations performed
01-01 00:50:21.033   635   635 E ANDR-PERF-TARGET: Error: Invalid logical cluster id 0
01-01 00:50:21.033   635   635 E ANDR-PERF-MPCTL: invalid request, no optimizations performed
01-01 00:50:21.050   635   635 E ANDR-PERF-TARGET: Error: Invalid logical cluster id 0
01-01 00:50:21.050   635   635 E ANDR-PERF-MPCTL: invalid request, no optimizations performed
01-01 00:50:21.060  3675 16009 W InteractionController: runAndwaitForEvents timed out waiting for events
01-01 00:50:21.060  3675 16009 D InteractionController: Vertical scrollSwipe reached scroll end: false
01-01 00:50:21.065  1933  1933 D LCMANDR : SWR_OOB_HV_MF_009|FUN=LifeCycleManagerService::getDAIAppAlivenessStatus|Aliveness:: DAIAPP HB DIFF = 2 [ DaimlerAppHBCounter ] = 1194[ DaimlerAppHBCounterOld ] = 1192
01-01 00:50:21.065  1933  1933 I LCMANDR : SWR_OOB_HV_MF_009|FUN=LifeCycleManagerService::getDAIAppAlivenessStatus|Aliveness::ANDROID HB IS VALID... setting OLD VAL, and resetting Fail Counter
01-01 00:50:21.067   635   635 E ANDR-PERF-TARGET: Error: Invalid logical cluster id 0
01-01 00:50:21.067   635   635 E ANDR-PERF-MPCTL: invalid request, no optimizations performed
01-01 00:50:21.068  1933  1933 I LCMANDR : SWR_OOB_HV_MF_009|FUN=LifeCycleManagerService::getDAIPID|DAIMLER APP(com.daimler.rse.ntg6) PID is [ 1519 ]
01-01 00:50:21.069  1933  1933 I LCMANDR : SWR_OOB_HV_MF_009|FUN=LifeCycleManagerService::getDAIAPPStatus|Aliveness::SAME PID! DAIAPP is not restarted
01-01 00:50:21.069  1933  1933 W LCMANDR : SWR_OOB_HV_MF_009|FUN=LifeCycleManagerService::getDAIAppAlivenessStatus|Aliveness::Status to send id : ALIVE
01-01 00:50:21.069  1933  1933 D LCMANDR : SWR_OOB_HV_MF_005|FUN=LifeCycleManagerService::sendPacketToLnx|data = [B@3f9683
01-01 00:50:21.069  1933  1933 D LCMANDR : SWR_OOB_HV_MF_009|FUN=LifeCycleManagerService::postAppsStatusInfo|Setting AppPacket info
01-01 00:50:21.069  1933  1933 I LCMANDR : SWR_OOB_HV_MF_009|FUN=AlivenessMonitoring::getRunningApps| packet sent
01-01 00:50:21.069  1933  1956 D LCMANDR : SWR_OOB_HV_MF_010|FUN=LifeCycleManagerService::RseNodeStateManagement|SEND_IGC_CB
01-01 00:50:21.069  1933  1956 I LCMANDR : SWR_OOB_HV_MF_005|FUN=LifeCycleManagerService::igcsendData|Call hit in RSENodeStateManagement::igcsendData
01-01 00:50:21.069  1933  1956 I LCMANDR : SWR_OOB_HV_MF_005|FUN=LifeCycleManagerService::igcsendData|SEND DATA LEN is : 15
01-01 00:50:21.069  1933  1956 I LCMANDR : SWR_OOB_HV_MF_007|FUN=LifeCycleManagerService::sendPacketFromIntentService|Package to send : [ 65, 0, 0, 0, 9, 0, 2, 0, 1, 0, 5, 65, 65, 0, 0, ]
01-01 00:50:21.069  1933  1956 I IGC     :  IGC::sendData ==> [ 65, 0, 0, 0, 9, 0, 2, 0, 1, 0, 5, 65, 65, 0, 0,  ]
01-01 00:50:21.069  1933  1956 I IGC     :  Igc::sendData data size is :: 15
01-01 00:50:21.070  1933  1956 D         : Enqueue: sem count = 1
01-01 00:50:21.070  1933  1956 I LCMANDR : SWR_OOB_HV_MF_007|FUN=LifeCycleManagerService::sendPacketFromIntentService|Sending Data to Linux is successful( [65, 0, 0, 0, 9, 0, 2, 0, 1, 0, 5, 65, 65, 0, 0] )
01-01 00:50:21.070  1933  1956 I LCMANDR : SWR_OOB_HV_MF_005|FUN=LifeCycleManagerService::igcsendData| DATA SEND SUCCESSFULLY 
01-01 00:50:21.083   635   635 E ANDR-PERF-TARGET: Error: Invalid logical cluster id 0
01-01 00:50:21.083   635   635 E ANDR-PERF-MPCTL: invalid request, no optimizations performed
01-01 00:50:21.100   635   635 E ANDR-PERF-TARGET: Error: Invalid logical cluster id 0
01-01 00:50:21.100   635   635 E ANDR-PERF-MPCTL: invalid request, no optimizations performed
01-01 00:50:21.117   635   635 E ANDR-PERF-TARGET: Error: Invalid logical cluster id 0
01-01 00:50:21.117   635   635 E ANDR-PERF-MPCTL: invalid request, no optimizations performed
01-01 00:50:21.133   635   635 E ANDR-PERF-TARGET: Error: Invalid logical cluster id 0
01-01 00:50:21.133   635   635 E ANDR-PERF-MPCTL: invalid request, no optimizations performed
01-01 00:50:21.150   635   635 E ANDR-PERF-TARGET: Error: Invalid logical cluster id 0
01-01 00:50:21.150   635   635 E ANDR-PERF-MPCTL: invalid request, no optimizations performed
01-01 00:50:21.167   635   635 E ANDR-PERF-TARGET: Error: Invalid logical cluster id 0
01-01 00:50:21.167   635   635 E ANDR-PERF-MPCTL: invalid request, no optimizations performed
01-01 00:50:21.183   635   635 E ANDR-PERF-TARGET: Error: Invalid logical cluster id 0
01-01 00:50:21.184   635   635 E ANDR-PERF-MPCTL: invalid request, no optimizations performed
01-01 00:50:21.200   635   635 E ANDR-PERF-TARGET: Error: Invalid logical cluster id 0
01-01 00:50:21.200   635   635 E ANDR-PERF-MPCTL: invalid request, no optimizations performed
01-01 00:50:21.217   635   635 E ANDR-PERF-TARGET: Error: Invalid logical cluster id 0
01-01 00:50:21.217   635   635 E ANDR-PERF-MPCTL: invalid request, no optimizations performed
01-01 00:50:21.234   635   635 E ANDR-PERF-TARGET: Error: Invalid logical cluster id 0
01-01 00:50:21.234   635   635 E ANDR-PERF-MPCTL: invalid request, no optimizations performed
01-01 00:50:21.250   635   635 E ANDR-PERF-TARGET: Error: Invalid logical cluster id 0
01-01 00:50:21.250   635   635 E ANDR-PERF-MPCTL: invalid request, no optimizations performed
01-01 00:50:21.659   729   748 I sssv-lib: sendMsg enter
01-01 00:50:21.659   729   748 I sssv-lib: sendMsg complete.
01-01 00:50:21.770  3675 16009 I QueryController: Matched selector: UiSelector[SCROLLABLE=true, CHILD=UiSelector[TEXT=RSE_Test]] <<==>> [android.view.accessibility.AccessibilityNodeInfo@3056b50; boundsInParent: Rect(0, 0 - 1078, 77); boundsInScreen: Rect(354, 490 - 1431, 567); packageName: com.panasonic.hmi2settings; className: android.widget.TextView; text: RSE_Test; error: null; maxTextLength: -1; contentDescription: null; viewIdResName: com.panasonic.hmi2settings:id/wifiName; checkable: false; checked: false; focusable: false; focused: false; selected: false; clickable: false; longClickable: false; contextClickable: false; enabled: true; password: false; scrollable: false; importantForAccessibility: true; actions: [AccessibilityAction: ACTION_SELECT - null, AccessibilityAction: ACTION_CLEAR_SELECTION - null, AccessibilityAction: ACTION_ACCESSIBILITY_FOCUS - null, AccessibilityAction: ACTION_NEXT_AT_MOVEMENT_GRANULARITY - null, AccessibilityAction: ACTION_PREVIOUS_AT_MOVEMENT_GRANULARITY - null, AccessibilityAction: ACTION_SET_SELECTION - null, AccessibilityAction: ACTION_SHOW_ON_SCREEN - null]]
01-01 00:50:21.780  3675 16010 D UIAutomatorStub: URI: /jsonrpc/0, Method: POST, Header: {content-length=176, remote-addr=127.0.0.1, http-client-ip=127.0.0.1, host=localhost:9009, content-type=application/json, connection=close, accept-encoding=identity, user-agent=Python-urllib/2.7}, params, {NanoHttpd.QUERY_STRING=null}, files: {postData={"params": [{"childOrSiblingSelector": [], "text": "RSE_Test", "mask": 1, "childOrSibling": []}], "jsonrpc": "2.0", "method": "click", "id": "5992fbac114ecea513e9956cafd631a2"}}
01-01 00:50:21.844  3675 16011 D UIAutomatorStub: URI: /jsonrpc/0, Method: POST, Header: {content-length=213, remote-addr=127.0.0.1, http-client-ip=127.0.0.1, host=localhost:9009, content-type=application/json, connection=close, accept-encoding=identity, user-agent=Python-urllib/2.7}, params, {NanoHttpd.QUERY_STRING=null}, files: {postData={"params": [{"childOrSiblingSelector": [], "className": "android.widget.EditText", "mask": 16, "childOrSibling": []}, "Secure7@55"], "jsonrpc": "2.0", "method": "setText", "id": "a22dd746abdefdcffe1e5d3901011c18"}}
01-01 00:50:21.850  3739  3739 W HMI2-SETTINGS - CI08.4: className -> WifiAdapter | functionName -> onBindViewHolder | value -> allWifiList.get(position).getSecurityType() : wifiNametrue
01-01 00:50:21.851  3739  3739 W HMI2-SETTINGS - CI08.4: className -> WifiActivity | functionName -> onWifiClick | value -> getSecurityType ->true
01-01 00:50:21.858  3739  3739 D View    : setSystemUiVisibility: creating intent for action ACTION_ACTIVITY_FULLSCREEN
01-01 00:50:21.859  3739  3739 W ContextImpl: Calling a method in the system process without a qualified user: android.app.ContextImpl.startService:1476 android.content.ContextWrapper.startService:650 android.view.View.setSystemUiVisibility:22653 com.panasonic.hmi2settings.activity.WifiActivity.connectToWifi:1215 com.panasonic.hmi2settings.activity.WifiActivity.onWifiClick:522 
01-01 00:50:21.860  1151  1539 D CompatibilityInfo: mCompatibilityFlags - 4
01-01 00:50:21.860  1151  1539 D CompatibilityInfo: applicationDensity - 240
01-01 00:50:21.860  1151  1539 D CompatibilityInfo: applicationScale - 1.0
01-01 00:50:21.862  3739  3739 D View    : setSystemUiVisibility: startService done
01-01 00:50:21.865  1392  1392 W SYSTEM_UI: SWR_SYSTEM_UI_007|FUN=CollapsedStatusBarFragment::getAction |1|Broadcast action --> STATUS_UPDATE_ACTION
01-01 00:50:21.865  1392  1392 W SYSTEM_UI: SWR_SYSTEM_UI_007|FUN=CollapsedStatusBarFragment::getIntExtra |1|NotifySystemUpdates dataType --> 101
01-01 00:50:21.865  1392  1392 W SYSTEM_UI - CI07.3: className -> CollapsedStatusBarFragment | functionName -> NotifySystemUpdates | onReceive -->  | value -> FULLSCREEN MODE CHANGED | isFullScreenStatus --> false | fullScreenPackage -->com.panasonic.hmi2settings | fullscreenLastShownPackage -->null | topActivityPackage --> com.panasonic.hmi2settings
01-01 00:50:21.865  1392  1392 W SYSTEM_UI - CI07.3: className -> CollapsedStatusBarFragment | functionName -> NotifySystemUpdates | onReceive -->  | value -> Fullscreen mode changed --> path 5
01-01 00:50:21.867  1151  1167 D WindowManager: addToDisplay >>> FLAG_FULLSCREEN not set in WindowManager.LayoutParams
01-01 00:50:21.867  1151  1167 D WindowManager: startStatusReceiverServiceOnFlagSet: creating intent for action ACTION_ACTIVITY_FULLSCREEN
01-01 00:50:21.867  1151  1167 W ContextImpl: Calling a method in the system process without a qualified user: android.app.ContextImpl.startService:1476 com.android.server.wm.Session.startStatusReceiverServiceOnFlagSet:762 com.android.server.wm.Session.addToDisplay:217 android.view.IWindowSession$Stub.onTransact:124 com.android.server.wm.Session.onTransact:166 
01-01 00:50:21.868   635   635 E ANDR-PERF-TARGET: Error: Invalid logical cluster id 0
01-01 00:50:21.868   635   635 E ANDR-PERF-MPCTL: invalid request, no optimizations performed
01-01 00:50:21.869  1151  1167 D CompatibilityInfo: mCompatibilityFlags - 4
01-01 00:50:21.869  1151  1167 D CompatibilityInfo: applicationDensity - 240
01-01 00:50:21.869  1151  1167 D CompatibilityInfo: applicationScale - 1.0
01-01 00:50:21.869  1151  1167 D WindowManager: startStatusReceiverServiceOnFlagSet: startService done
01-01 00:50:21.873  1392  1392 W SYSTEM_UI: SWR_SYSTEM_UI_007|FUN=CollapsedStatusBarFragment::getAction |1|Broadcast action --> STATUS_UPDATE_ACTION
01-01 00:50:21.873  1392  1392 W SYSTEM_UI: SWR_SYSTEM_UI_007|FUN=CollapsedStatusBarFragment::getIntExtra |1|NotifySystemUpdates dataType --> 101
01-01 00:50:21.873  1392  1392 W SYSTEM_UI - CI07.3: className -> CollapsedStatusBarFragment | functionName -> NotifySystemUpdates | onReceive -->  | value -> FULLSCREEN MODE CHANGED | isFullScreenStatus --> false | fullScreenPackage -->com.panasonic.hmi2settings | fullscreenLastShownPackage -->null | topActivityPackage --> com.panasonic.hmi2settings
01-01 00:50:21.873  1392  1392 W SYSTEM_UI - CI07.3: className -> CollapsedStatusBarFragment | functionName -> NotifySystemUpdates | onReceive -->  | value -> Fullscreen mode changed --> path 5
01-01 00:50:21.877  3739  3739 W HMI2-SETTINGS: SWR_BAIDU_HMI_0015|FUN=WifiActivity::addView|0|Display password enter dialog with addView method.
01-01 00:50:21.877  3739  3739 W HMI2-SETTINGS: SWR_BAIDU_HMI_0027|FUN=WifiActivity::addView|0|Display password enter dialog with addView method.
01-01 00:50:21.878  3739  3739 W HMI2-SETTINGS - CI08.4: className -> WifiActivity | functionName -> setOnFocusChangeListener :   | value -> hasFocus:true
01-01 00:50:21.883  1151  1550 D mEnabledInputMethodsStrCache: com.android.inputmethods.latin/.LatinIME
01-01 00:50:21.883  1151  1550 D systemLanguageCode: en__GB
01-01 00:50:21.883  1151  1550 D mEnabledInputMethodsStrCache: com.android.inputmethods.latin/.LatinIME
01-01 00:50:21.884  1151  2234 D mEnabledInputMethodsStrCache: com.android.inputmethods.latin/.LatinIME
01-01 00:50:21.884  1151  2234 D systemLanguageCode: en__GB
01-01 00:50:21.884  1151  2234 D mEnabledInputMethodsStrCache: com.android.inputmethods.latin/.LatinIME
01-01 00:50:21.886  1151  1539 D mEnabledInputMethodsStrCache: com.android.inputmethods.latin/.LatinIME
01-01 00:50:21.886  1151  1539 D systemLanguageCode: en__GB
01-01 00:50:21.886  1151  1539 D mEnabledInputMethodsStrCache: com.android.inputmethods.latin/.LatinIME
01-01 00:50:21.887  1151  1539 D mEnabledInputMethodsStrCache: com.android.inputmethods.latin/.LatinIME
01-01 00:50:21.887  1151  1539 D systemLanguageCode: en__GB
01-01 00:50:21.887  1151  1539 D mEnabledInputMethodsStrCache: com.android.inputmethods.latin/.LatinIME
01-01 00:50:21.888  1151  1539 D mEnabledInputMethodsStrCache: com.android.inputmethods.latin/.LatinIME
01-01 00:50:21.888  1151  1539 D systemLanguageCode: en__GB
01-01 00:50:21.888  1151  1539 D mEnabledInputMethodsStrCache: com.android.inputmethods.latin/.LatinIME
01-01 00:50:21.888  1151  1539 D mEnabledInputMethodsStrCache: com.android.inputmethods.latin/.LatinIME
01-01 00:50:21.888  2054  2054 E         : 
01-01 00:50:21.888  2054  2054 E         : Buffer Size = 1048576
01-01 00:50:21.888  1151  1539 D systemLanguageCode: en__GB
01-01 00:50:21.888  1151  1539 D mEnabledInputMethodsStrCache: com.android.inputmethods.latin/.LatinIME
01-01 00:50:21.888  1379  1379 I LatinIME: SWR_HMISERVICE_SPELLER_MF_001||FUN=onStartInputViewInternal || 1 || Starting input. Cursor position = -1,-1
01-01 00:50:21.892  1151  2234 D WindowManager: relayout packageName=com.panasonic.hmi2settings::session=Session{c47ecfc 3739:1000}::window=android.view.IWindow$Stub$Proxy@293c43a::attrs.flags=1000100
01-01 00:50:21.892  1151  2234 D WindowManager: relayout >>> FLAG_FULLSCREEN not set in WindowManager.LayoutParams
01-01 00:50:21.892  1151  2234 D WindowManager: startStatusReceiverServiceOnFlagSet: creating intent for action ACTION_ACTIVITY_FULLSCREEN
01-01 00:50:21.892  1151  2234 W ContextImpl: Calling a method in the system process without a qualified user: android.app.ContextImpl.startService:1476 com.android.server.wm.Session.startStatusReceiverServiceOnFlagSet:762 com.android.server.wm.Session.relayout:276 android.view.IWindowSession$Stub.onTransact:286 com.android.server.wm.Session.onTransact:166 
01-01 00:50:21.893  1151  2234 D CompatibilityInfo: mCompatibilityFlags - 4
01-01 00:50:21.893  1151  2234 D CompatibilityInfo: applicationDensity - 240
01-01 00:50:21.893  1151  2234 D CompatibilityInfo: applicationScale - 1.0
01-01 00:50:21.893  1151  2234 D WindowManager: startStatusReceiverServiceOnFlagSet: startService done
01-01 00:50:21.905  1392  1392 W SYSTEM_UI: SWR_SYSTEM_UI_007|FUN=CollapsedStatusBarFragment::getAction |1|Broadcast action --> STATUS_UPDATE_ACTION
01-01 00:50:21.905  1392  1392 W SYSTEM_UI: SWR_SYSTEM_UI_007|FUN=CollapsedStatusBarFragment::getIntExtra |1|NotifySystemUpdates dataType --> 101
01-01 00:50:21.905  1392  1392 W SYSTEM_UI - CI07.3: className -> CollapsedStatusBarFragment | functionName -> NotifySystemUpdates | onReceive -->  | value -> FULLSCREEN MODE CHANGED | isFullScreenStatus --> false | fullScreenPackage -->com.panasonic.hmi2settings | fullscreenLastShownPackage -->null | topActivityPackage --> com.panasonic.hmi2settings
01-01 00:50:21.905  1392  1392 W SYSTEM_UI - CI07.3: className -> CollapsedStatusBarFragment | functionName -> NotifySystemUpdates | onReceive -->  | value -> Fullscreen mode changed --> path 5
01-01 00:50:21.923  3675 16011 W ByMatcher: Node returned null child: android.view.accessibility.AccessibilityNodeInfo@7442; boundsInParent: Rect(0, 0 - 1920, 104); boundsInScreen: Rect(0, 0 - 1920, 104); packageName: com.android.systemui; className: android.widget.FrameLayout; text: null; error: null; maxTextLength: -1; contentDescription: null; viewIdResName: null; checkable: false; checked: false; focusable: false; focused: false; selected: false; clickable: false; longClickable: false; contextClickable: false; enabled: true; password: false; scrollable: false; importantForAccessibility: true; actions: [AccessibilityAction: ACTION_SELECT - null, AccessibilityAction: ACTION_CLEAR_SELECTION - null, AccessibilityAction: ACTION_ACCESSIBILITY_FOCUS - null, AccessibilityAction: ACTION_SHOW_ON_SCREEN - null]
01-01 00:50:21.923  3675 16011 W ByMatcher: Skipping null child (0 of 4)
01-01 00:50:21.923  3675 16011 W ByMatcher: Skipping null child (1 of 4)
01-01 00:50:21.927  2054  2054 E         : 
01-01 00:50:21.927  2054  2054 E         : <6>[ 2675.244327] QSEECOM: scm_call_qcpe:429 : IN: 0x42000d0a, 0x3, 0x0, 0x40a5, 0x75d, 0x0, 0x0
01-01 00:50:21.927  2054  2054 E         : <6>[ 2675.245595] QSEECOM: scm_call_qcpe:503 : OUT: 0x0, 0x0, 0x0, 0x0
01-01 00:50:21.927  2054  2054 E         : <6>[ 2675.261896] QSEECOM: scm_call_qcpe:429 : IN: 0x42000d0a, 0x3, 0x0, 0x44af, 0x77f, 0x0, 0x0
01-01 00:50:21.927  2054  2054 E         : <6>[ 2675.263795] QSEECOM: scm_call_qcpe:503 : OUT: 0x0, 0x1, 0x0, 0x0
01-01 00:50:21.927  2054  2054 E         : <6>[ 2675.278359] QSEECOM: scm_call_qcpe:429 : IN: 0x42000d0a, 0x3, 0x0, 0x404c, 0x76b, 0x0, 0x0
01-01 00:50:21.927  2054  2054 E         : <6>[ 2675.279912] QSEECOM: scm_call_qcpe:503 : OUT: 0x0, 0x0, 0x0, 0x0
01-01 00:50:21.927  2054  2054 E         : <6>[ 2675.293464] QSEECOM: scm_call_qcpe:429 : IN: 0x42000d0a, 0x3, 0x0, 0x3b02, 0x76d, 0x0, 0x0
01-01 00:50:21.927  2054  2054 E         : <6>[ 2675.294815] QSEECOM: scm_call_qcpe:503 : OUT: 0x0, 0x0, 0x0, 0x0
01-01 00:50:21.927  2054  2054 E         : <6>[ 2675.312522] QSEECOM: scm_call_qcpe:429 : IN: 0x42000d0a, 0x3, 0x0, 0x4a70, 0x76e, 0x0, 0x0
01-01 00:50:21.927  2054  2054 E         : <6>[ 2675.314537] QSEECOM: scm_call_qcpe:503 : OUT: 0x0, 0x0, 0x0, 0x0
01-01 00:50:21.927  2054  2054 E         : <6>[ 2675.327461] QSEECOM: scm_call_qcpe:429 : IN: 0x42000d0a, 0x3, 0x0, 0x3a5a, 0x76e, 0x0, 0x0
01-01 00:50:21.927  2054  2054 E         : <6>[ 2675.328702] QSEECOM: scm_call_qcpe:503 : OUT: 0x0, 0x0, 0x0, 0x0
01-01 00:50:21.927  2054  2054 E         : <6>[ 2675.3448
01-01 00:50:21.929  3675 16011 W ByMatcher: Skipping null child (2 of 4)
01-01 00:50:21.931  3675 16011 W ByMatcher: Skipping null child (3 of 4)
01-01 00:50:21.932  3675 16011 W ByMatcher: Node returned null child: android.view.accessibility.AccessibilityNodeInfo@7442; boundsInParent: Rect(0, 0 - 1920, 104); boundsInScreen: Rect(0, 0 - 1920, 104); packageName: com.android.systemui; className: android.widget.FrameLayout; text: null; error: null; maxTextLength: -1; contentDescription: null; viewIdResName: null; checkable: false; checked: false; focusable: false; focused: false; selected: false; clickable: false; longClickable: false; contextClickable: false; enabled: true; password: false; scrollable: false; importantForAccessibility: true; actions: [AccessibilityAction: ACTION_SELECT - null, AccessibilityAction: ACTION_CLEAR_SELECTION - null, AccessibilityAction: ACTION_ACCESSIBILITY_FOCUS - null, AccessibilityAction: ACTION_SHOW_ON_SCREEN - null]
01-01 00:50:21.932  3675 16011 W ByMatcher: Skipping null child (0 of 4)
01-01 00:50:21.933  3675 16011 W ByMatcher: Skipping null child (1 of 4)
01-01 00:50:21.935  3675 16011 W ByMatcher: Skipping null child (2 of 4)
01-01 00:50:21.936  3675 16011 W ByMatcher: Skipping null child (3 of 4)
01-01 00:50:21.937  3675 16011 W ByMatcher: Node returned null child: android.view.accessibility.AccessibilityNodeInfo@80006fe6; boundsInParent: Rect(0, 0 - 1920, 1080); boundsInScreen: Rect(0, 0 - 1920, 1080); packageName: com.panasonic.hmi2settings; className: android.widget.FrameLayout; text: null; error: null; maxTextLength: -1; contentDescription: null; viewIdResName: null; checkable: false; checked: false; focusable: false; focused: false; selected: false; clickable: false; longClickable: false; contextClickable: false; enabled: true; password: false; scrollable: false; importantForAccessibility: true; actions: [AccessibilityAction: ACTION_SELECT - null, AccessibilityAction: ACTION_CLEAR_SELECTION - null, AccessibilityAction: ACTION_ACCESSIBILITY_FOCUS - null, AccessibilityAction: ACTION_SHOW_ON_SCREEN - null]
01-01 00:50:21.937  3675 16011 W ByMatcher: Skipping null child (0 of 1)
01-01 00:50:21.938  3675 16011 W ByMatcher: Node returned null child: android.view.accessibility.AccessibilityNodeInfo@80006fe6; boundsInParent: Rect(0, 0 - 1920, 1080); boundsInScreen: Rect(0, 0 - 1920, 1080); packageName: com.panasonic.hmi2settings; className: android.widget.FrameLayout; text: null; error: null; maxTextLength: -1; contentDescription: null; viewIdResName: null; checkable: false; checked: false; focusable: false; focused: false; selected: false; clickable: false; longClickable: false; contextClickable: false; enabled: true; password: false; scrollable: false; importantForAccessibility: true; actions: [AccessibilityAction: ACTION_SELECT - null, AccessibilityAction: ACTION_CLEAR_SELECTION - null, AccessibilityAction: ACTION_ACCESSIBILITY_FOCUS - null, AccessibilityAction: ACTION_SHOW_ON_SCREEN - null]
01-01 00:50:21.939  3675 16011 W ByMatcher: Skipping null child (0 of 1)
01-01 00:50:21.939  2054  2054 E         : USB Hub Detector 1.0
01-01 00:50:21.972  1379  1379 I InputAttributes: InputType.TYPE_NULL is specified
01-01 00:50:21.975  1151  1167 D mEnabledInputMethodsStrCache: com.android.inputmethods.latin/.LatinIME
01-01 00:50:21.975  1151  1167 D systemLanguageCode: en__GB
01-01 00:50:21.975  1151  1167 D mEnabledInputMethodsStrCache: com.android.inputmethods.latin/.LatinIME
01-01 00:50:21.978  1379  1379 V KeyboardState: onLoadKeyboard: [keyboard=UNSHIFTED shift=RELEASING symbol=RELEASING switch=ALPHA] autoCapsFlags=none recapitalizeMode=undefined
01-01 00:50:21.978  1379  1379 D KeyboardState: setAlphabetKeyboard: [keyboard=UNSHIFTED shift=RELEASING symbol=RELEASING switch=ALPHA] autoCapsFlags=none recapitalizeMode=undefined
01-01 00:50:21.978  1379  1379 D KeyboardSwitcher: setAlphabetKeyboard
01-01 00:50:21.979  1151  2234 D mEnabledInputMethodsStrCache: com.android.inputmethods.latin/.LatinIME
01-01 00:50:21.979  1151  2234 D systemLanguageCode: en__GB
01-01 00:50:21.979  1151  2234 D mEnabledInputMethodsStrCache: com.android.inputmethods.latin/.LatinIME
01-01 00:50:21.981  1379  1379 D KeyboardSwitcher: requestUpdatingShiftState:  autoCapsFlags=none recapitalizeMode=undefined
01-01 00:50:21.981  1379  1379 D KeyboardState: onUpdateShiftState: [keyboard=UNSHIFTED shift=RELEASING symbol=RELEASING switch=ALPHA] autoCapsFlags=none recapitalizeMode=undefined
01-01 00:50:21.981  1379  1379 D KeyboardState: setShifted: shiftMode=UNSHIFT [keyboard=UNSHIFTED shift=RELEASING symbol=RELEASING switch=ALPHA]
01-01 00:50:21.982  1151  1167 D mEnabledInputMethodsStrCache: com.android.inputmethods.latin/.LatinIME
01-01 00:50:21.982  1151  1167 D systemLanguageCode: en__GB
01-01 00:50:21.982  1151  1167 D mEnabledInputMethodsStrCache: com.android.inputmethods.latin/.LatinIME
01-01 00:50:21.985  1151  1167 D mEnabledInputMethodsStrCache: com.android.inputmethods.latin/.LatinIME
01-01 00:50:21.985  1151  1167 D systemLanguageCode: en__GB
01-01 00:50:21.985  1151  1167 D mEnabledInputMethodsStrCache: com.android.inputmethods.latin/.LatinIME
01-01 00:50:21.986  1379  1379 I NuanceUtil: Language text: en_GB, Language code: 5
01-01 00:50:21.986  1379  1379 I NuanceLog: Active Language: ET9LIDEnglish_UK
01-01 00:50:21.987  1379  1379 I NuanceLog: Active LDB: /system/etc/RSESpeller/configs/LDBs/v13.1.0/englishuk/ENubUNUK_xt9_ALM3.ldb
