01-01 00:34:44.419  1151 10154 D WindowManager: relayout >>> FLAG_FULLSCREEN not set in WindowManager.LayoutParams
01-01 00:34:44.419  1151 10154 D WindowManager: startStatusReceiverServiceOnFlagSet: creating intent for action ACTION_ACTIVITY_FULLSCREEN
01-01 00:34:44.419  1151 10154 W ContextImpl: Calling a method in the system process without a qualified user: android.app.ContextImpl.startService:1476 com.android.server.wm.Session.startStatusReceiverServiceOnFlagSet:762 com.android.server.wm.Session.relayout:276 android.view.IWindowSession$Stub.onTransact:286 com.android.server.wm.Session.onTransact:166 
01-01 00:34:44.421  1151 10154 D WindowManager: startStatusReceiverServiceOnFlagSet: startService done
01-01 00:34:44.429  1151 10154 D WindowManager: relayout packageName=com.daimler.rse.ntg6::session=Session{6485514 1519:u0a10027}::window=android.view.IWindow$Stub$Proxy@a19711::attrs.flags=null
01-01 00:34:44.429  1151 10154 D WindowManager: relayout >>> FLAG_FULLSCREEN not set in WindowManager.LayoutParams
01-01 00:34:44.429  1151 10154 D WindowManager: startStatusReceiverServiceOnFlagSet: creating intent for action ACTION_ACTIVITY_FULLSCREEN
01-01 00:34:44.430  1151 10154 W ContextImpl: Calling a method in the system process without a qualified user: android.app.ContextImpl.startService:1476 com.android.server.wm.Session.startStatusReceiverServiceOnFlagSet:762 com.android.server.wm.Session.relayout:276 android.view.IWindowSession$Stub.onTransact:286 com.android.server.wm.Session.onTransact:166 
01-01 00:34:44.431  1151 10154 D WindowManager: startStatusReceiverServiceOnFlagSet: startService done
01-01 00:34:44.441  1519  1519 V Activity: back_button: onSaveInstanceState entry:com.daimler.rse.ntg6.StartUpActivity@6d639f8
01-01 00:34:44.442  1519  1519 V Activity: onSaveInstanceState com.daimler.rse.ntg6.StartUpActivity@6d639f8: Bundle[{android:viewHierarchyState=Bundle[{android:views={16908290=android.view.AbsSavedState$1@4f57e89, 2131296938=android.view.AbsSavedState$1@4f57e89, 2131296939=android.view.AbsSavedState$1@4f57e89, 2131296940=android.view.AbsSavedState$1@4f57e89, 2131296941=android.view.AbsSavedState$1@4f57e89, 2131296942=android.view.AbsSavedState$1@4f57e89, 2131296943=android.view.AbsSavedState$1@4f57e89, 2131297551=android.view.AbsSavedState$1@4f57e89}}], android:lastAutofillId=1073741823, android:fragments=android.app.FragmentManagerState@27dc838}]
01-01 00:34:44.442  1519  1519 V Activity: onStop com.daimler.rse.ntg6.StartUpActivity@6d639f8
01-01 00:34:44.449  1519  1519 V Activity: onStop md59d95dbab71941e137ef724fbceda5f0e.MainOverlayActivity@a62e5ab
01-01 00:34:44.450  1519  1519 V Activity: onDestroy md59d95dbab71941e137ef724fbceda5f0e.MainOverlayActivity@a62e5ab
01-01 00:34:45.157  1151  1167 I ActivityManager: START u0 {flg=0x4000000 cmp=com.daimler.rse.ntg6/md59d95dbab71941e137ef724fbceda5f0e.SettingsBaseActivity} from uid 10027
01-01 00:34:45.166  1519  1519 V Activity: onPause md59d95dbab71941e137ef724fbceda5f0e.MainOverlayActivity@7f8269c
01-01 00:34:45.181  1519  1519 V Activity: onCreate md59d95dbab71941e137ef724fbceda5f0e.SettingsBaseActivity@5a1e302: null
01-01 00:34:45.230  1519  1519 V Activity: onStart md59d95dbab71941e137ef724fbceda5f0e.SettingsBaseActivity@5a1e302
01-01 00:34:45.351  1519  1519 V Activity: onResume md59d95dbab71941e137ef724fbceda5f0e.SettingsBaseActivity@5a1e302
01-01 00:34:45.369  1151  1167 D WindowManager: addToDisplay >>> FLAG_FULLSCREEN set in WindowManager.LayoutParams
01-01 00:34:45.369  1151  1167 D WindowManager: startStatusReceiverServiceOnFlagSet: creating intent for action ACTION_ACTIVITY_FULLSCREEN
01-01 00:34:45.369  1151  1167 W ContextImpl: Calling a method in the system process without a qualified user: android.app.ContextImpl.startService:1476 com.android.server.wm.Session.startStatusReceiverServiceOnFlagSet:762 com.android.server.wm.Session.addToDisplay:214 android.view.IWindowSession$Stub.onTransact:124 com.android.server.wm.Session.onTransact:166 
01-01 00:34:45.370  1151  1167 D WindowManager: startStatusReceiverServiceOnFlagSet: startService done
01-01 00:34:45.386  1151 10154 D WindowManager: relayout packageName=com.daimler.rse.ntg6::session=Session{6485514 1519:u0a10027}::window=android.view.IWindow$Stub$Proxy@f856681::attrs.flags=81810500
01-01 00:34:45.386  1151 10154 D WindowManager: relayout >>> FLAG_FULLSCREEN set in WindowManager.LayoutParams
01-01 00:34:45.386  1151 10154 D WindowManager: startStatusReceiverServiceOnFlagSet: creating intent for action ACTION_ACTIVITY_FULLSCREEN
01-01 00:34:45.386  1151 10154 W ContextImpl: Calling a method in the system process without a qualified user: android.app.ContextImpl.startService:1476 com.android.server.wm.Session.startStatusReceiverServiceOnFlagSet:762 com.android.server.wm.Session.relayout:273 android.view.IWindowSession$Stub.onTransact:286 com.android.server.wm.Session.onTransact:166 
01-01 00:34:45.388  1151 10154 D WindowManager: startStatusReceiverServiceOnFlagSet: startService done
01-01 00:34:45.437  1151  1167 D WindowManager: relayout packageName=com.daimler.rse.ntg6::session=Session{6485514 1519:u0a10027}::window=android.view.IWindow$Stub$Proxy@4995d14::attrs.flags=null
01-01 00:34:45.437  1151  1167 D WindowManager: relayout >>> FLAG_FULLSCREEN not set in WindowManager.LayoutParams
01-01 00:34:45.437  1151  1167 D WindowManager: startStatusReceiverServiceOnFlagSet: creating intent for action ACTION_ACTIVITY_FULLSCREEN
01-01 00:34:45.438  1151  1167 W ContextImpl: Calling a method in the system process without a qualified user: android.app.ContextImpl.startService:1476 com.android.server.wm.Session.startStatusReceiverServiceOnFlagSet:762 com.android.server.wm.Session.relayout:276 android.view.IWindowSession$Stub.onTransact:286 com.android.server.wm.Session.onTransact:166 
01-01 00:34:45.443  1151  1167 D WindowManager: startStatusReceiverServiceOnFlagSet: startService done
01-01 00:34:45.448  1519  1519 V Activity: back_button: onSaveInstanceState entry:md59d95dbab71941e137ef724fbceda5f0e.MainOverlayActivity@7f8269c
01-01 00:34:45.449  1519  1519 V Activity: onSaveInstanceState md59d95dbab71941e137ef724fbceda5f0e.MainOverlayActivity@7f8269c: Bundle[{android:viewHierarchyState=Bundle[{android:views={16908290=android.view.AbsSavedState$1@4f57e89, 2131296420=android.view.AbsSavedState$1@4f57e89, 2131296421=android.widget.ProgressBar$SavedState@ab61cd5, 2131296422=android.view.AbsSavedState$1@4f57e89, 2131296424=android.view.AbsSavedState$1@4f57e89, 2131296425=android.view.AbsSavedState$1@4f57e89, 2131296426=FragmentPager.SavedState{e115cea position=6}, 2131296427=android.view.AbsSavedState$1@4f57e89, 2131296649=android.view.AbsSavedState$1@4f57e89, 2131296650=android.view.AbsSavedState$1@4f57e89, 2131296651=android.view.AbsSavedState$1@4f57e89, 2131296652=android.view.AbsSavedState$1@4f57e89, 2131296653=android.view.AbsSavedState$1@4f57e89, 2131296654=CompoundButton.SavedState{eb00bdb checked=true}, 2131296940=android.view.AbsSavedState$1@4f57e89, 2131296941=android.view.AbsSavedState$1@4f57e89, 2131296942=android.view.AbsSavedState$1@4f57e89, 2131296943=android.view.AbsSavedState$1@4f57e89, 2131297117=android.view.AbsSavedState$1@4f57e89, 2131297185=android.view.AbsSavedState$1@4f57e89, 2131297186=android.view.AbsSavedState$1@4f57e89, 2131297187=android.view.AbsSavedState$1@4f57e89, 2131297188=android.view.AbsSavedState$1@4f57e89, 2131297298=android.view.AbsSavedState$1@4f57e89, 2131297299=android.view.AbsSavedState$1@4f57e89, 2131297303=android.view.AbsSavedState$1@4f57e89, 2131297304=android.view.AbsSavedState$1@4f57e89, 2131297338=android.view.AbsSavedState$1@4f57e89, 2131297339=android.view.AbsSavedState$1@4f57e89, 2131297340=android.view.AbsSavedState$1@4f57e89, 2131297341=android.view.AbsSavedState$1@4f57e89, 2131297447=android.view.AbsSavedState$1@4f57e89, 2131297456=android.view.AbsSavedState$1@4f57e89, 2131297457=android.view.AbsSavedState$1@4f57e89, 2131297458=android.view.AbsSavedState$1@4f57e89, 2131297459=android.view.AbsSavedState$1@4f57e89, 2131297460=android.view.AbsSavedState$1@4f57e89, 2131297461=android.view.AbsSavedState$1@4f57e89, 2131297462=android.view.AbsSavedState$1@4f57e89, 2131297463=android.view.AbsSavedState$1@4f57e89, 2131297464=android.view.AbsSavedState$1@4f57e89, 2131297465=android.view.AbsSavedState$1@4f57e89, 2131297466=android.view.AbsSavedState$1@4f57e89, 2131297467=android.view.AbsSavedState$1@4f57e89, 2131297468=android.view.AbsSavedState$1@4f57e89, 2131297469=android.view.AbsSavedState$1@4f57e89, 2131297551=android.view.AbsSavedState$1@4f57e89, 2131297617=android.view.AbsSavedState$1@4f57e89, 2131297618=android.view.AbsSavedState$1@4f57e89, 2131297619=android.view.AbsSavedState$1@4f57e89, 2131297620=android.widget.ProgressBar$SavedState@af3f678, 2131297621=android.view.AbsSavedState$1@4f57e89, 2131297622=android.view.AbsSavedState$1@4f57e89, 2131297623=android.widget.ProgressBar$SavedState@7c8b151, 2131297624=android.view.AbsSavedState$1@4f57e89, 2131297625=android.view.AbsSavedState$1@4f57e89, 2131297626=android.view.AbsSavedState$1@4f57e89, 2131297627=android.view.AbsSavedState$1@4f57e89, 2131297633=android.view.AbsSavedState$1@4f57e89}, android:focusedViewId=2131296426}], remote=false, android:support:fragments=android.support.v4.app.FragmentManagerState@c205db6, check=true, media=true, tuner=true, android:lastAutofillId=1073741824, android:fragments=android.app.FragmentManagerState@7198ab7}]
01-01 00:34:45.451  1519  1519 V Activity: onStop md59d95dbab71941e137ef724fbceda5f0e.MainOverlayActivity@7f8269c
01-01 00:34:46.214  1151  1167 I ActivityManager: START u0 {act=android.intent.action.MAIN cmp=com.panasonic.hmi2settings/.activity.WifiManagerActivity} from uid 10027
01-01 00:34:46.215  1151  1167 W ActivityManager: startActivity called from non-Activity context; forcing Intent.FLAG_ACTIVITY_NEW_TASK for: Intent { act=android.intent.action.MAIN cmp=com.panasonic.hmi2settings/.activity.WifiManagerActivity }
01-01 00:34:46.227  1519  1519 V Activity: onPause md59d95dbab71941e137ef724fbceda5f0e.SettingsBaseActivity@5a1e302
01-01 00:34:46.253  1151  1550 D WindowManager: relayout packageName=com.panasonic.hmi2settings::session=Session{c47ecfc 3739:1000}::window=android.view.IWindow$Stub$Proxy@7694bb2::attrs.flags=null
01-01 00:34:46.253  1151  1550 D WindowManager: relayout >>> FLAG_FULLSCREEN not set in WindowManager.LayoutParams
01-01 00:34:46.253  1151  1550 D WindowManager: startStatusReceiverServiceOnFlagSet: creating intent for action ACTION_ACTIVITY_FULLSCREEN
01-01 00:34:46.253  1151  1550 W ContextImpl: Calling a method in the system process without a qualified user: android.app.ContextImpl.startService:1476 com.android.server.wm.Session.startStatusReceiverServiceOnFlagSet:762 com.android.server.wm.Session.relayout:276 android.view.IWindowSession$Stub.onTransact:286 com.android.server.wm.Session.onTransact:166 
01-01 00:34:46.257  1151  1550 D WindowManager: startStatusReceiverServiceOnFlagSet: startService done
01-01 00:34:46.258  1519  1519 V Activity: onTrimMemory md59d95dbab71941e137ef724fbceda5f0e.SettingsBaseActivity@5a1e302: 20
01-01 00:34:46.258  1519  1519 V Activity: onTrimMemory md59d95dbab71941e137ef724fbceda5f0e.MainOverlayActivity@7f8269c: 20
01-01 00:34:46.258  1519  1519 V Activity: onTrimMemory com.daimler.rse.ntg6.StartUpActivity@6d639f8: 20
01-01 00:34:46.261  3739  3739 V Activity: onStart com.panasonic.hmi2settings.activity.WifiManagerActivity@200cf74
01-01 00:34:46.261  3739  3739 V Activity: onResume com.panasonic.hmi2settings.activity.WifiManagerActivity@200cf74
01-01 00:34:46.262  3739  3739 W ContextImpl: Calling a method in the system process without a qualified user: android.app.ContextImpl.startService:1476 android.content.ContextWrapper.startService:650 android.app.Activity.onResume:1329 android.support.v4.app.FragmentActivity.onResume:451 com.panasonic.hmi2settings.activity.BaseActivity.onResume:65 
01-01 00:34:46.288  1151  1168 D WindowManager: relayout packageName=com.panasonic.hmi2settings::session=Session{c47ecfc 3739:1000}::window=android.view.IWindow$Stub$Proxy@33b3aac::attrs.flags=1010300
01-01 00:34:46.288  1151  1168 D WindowManager: relayout >>> FLAG_FULLSCREEN not set in WindowManager.LayoutParams
01-01 00:34:46.288  1151  1168 D WindowManager: startStatusReceiverServiceOnFlagSet: creating intent for action ACTION_ACTIVITY_FULLSCREEN
01-01 00:34:46.289  1151  1168 W ContextImpl: Calling a method in the system process without a qualified user: android.app.ContextImpl.startService:1476 com.android.server.wm.Session.startStatusReceiverServiceOnFlagSet:762 com.android.server.wm.Session.relayout:276 android.view.IWindowSession$Stub.onTransact:286 com.android.server.wm.Session.onTransact:166 
01-01 00:34:46.291  1151  1168 D WindowManager: startStatusReceiverServiceOnFlagSet: startService done
01-01 00:34:46.362  1151  1168 D WindowManager: relayout packageName=com.daimler.rse.ntg6::session=Session{6485514 1519:u0a10027}::window=android.view.IWindow$Stub$Proxy@77ba1d6::attrs.flags=null
01-01 00:34:46.362  1151  1168 D WindowManager: relayout >>> FLAG_FULLSCREEN not set in WindowManager.LayoutParams
01-01 00:34:46.362  1151  1168 D WindowManager: startStatusReceiverServiceOnFlagSet: creating intent for action ACTION_ACTIVITY_FULLSCREEN
01-01 00:34:46.362  1151  1168 W ContextImpl: Calling a method in the system process without a qualified user: android.app.ContextImpl.startService:1476 com.android.server.wm.Session.startStatusReceiverServiceOnFlagSet:762 com.android.server.wm.Session.relayout:276 android.view.IWindowSession$Stub.onTransact:286 com.android.server.wm.Session.onTransact:166 
01-01 00:34:46.364  1151  1168 D WindowManager: startStatusReceiverServiceOnFlagSet: startService done
01-01 00:34:46.371  1519  1519 V Activity: back_button: onSaveInstanceState entry:md59d95dbab71941e137ef724fbceda5f0e.SettingsBaseActivity@5a1e302
01-01 00:34:46.373  1519  1519 V Activity: onSaveInstanceState md59d95dbab71941e137ef724fbceda5f0e.SettingsBaseActivity@5a1e302: Bundle[{android:viewHierarchyState=Bundle[{android:views={16908290=android.view.AbsSavedState$1@4f57e89, 2131296420=android.view.AbsSavedState$1@4f57e89, 2131296421=android.widget.ProgressBar$SavedState@25f3989, 2131296422=android.view.AbsSavedState$1@4f57e89, 2131296424=android.view.AbsSavedState$1@4f57e89, 2131296425=android.view.AbsSavedState$1@4f57e89, 2131296426=FragmentPager.SavedState{f096d8e position=0}, 2131296427=android.view.AbsSavedState$1@4f57e89, 2131296649=android.view.AbsSavedState$1@4f57e89, 2131296650=android.view.AbsSavedState$1@4f57e89, 2131296651=android.view.AbsSavedState$1@4f57e89, 2131296652=android.view.AbsSavedState$1@4f57e89, 2131296653=android.view.AbsSavedState$1@4f57e89, 2131296654=CompoundButton.SavedState{3919af checked=true}, 2131296940=android.view.AbsSavedState$1@4f57e89, 2131296941=android.view.AbsSavedState$1@4f57e89, 2131296942=android.view.AbsSavedState$1@4f57e89, 2131296943=android.view.AbsSavedState$1@4f57e89, 2131297117=android.view.AbsSavedState$1@4f57e89, 2131297185=android.view.AbsSavedState$1@4f57e89, 2131297186=android.view.AbsSavedState$1@4f57e89, 2131297187=android.view.AbsSavedState$1@4f57e89, 2131297188=android.view.AbsSavedState$1@4f57e89, 2131297298=android.view.AbsSavedState$1@4f57e89, 2131297299=android.view.AbsSavedState$1@4f57e89, 2131297303=android.view.AbsSavedState$1@4f57e89, 2131297304=android.view.AbsSavedState$1@4f57e89, 2131297338=android.view.AbsSavedState$1@4f57e89, 2131297339=android.view.AbsSavedState$1@4f57e89, 2131297340=android.view.AbsSavedState$1@4f57e89, 2131297341=android.view.AbsSavedState$1@4f57e89, 2131297447=android.view.AbsSavedState$1@4f57e89, 2131297456=android.view.AbsSavedState$1@4f57e89, 2131297457=android.view.AbsSavedState$1@4f57e89, 2131297458=android.view.AbsSavedState$1@4f57e89, 2131297459=android.view.AbsSavedState$1@4f57e89, 2131297460=android.view.AbsSavedState$1@4f57e89, 2131297461=android.view.AbsSavedState$1@4f57e89, 2131297462=android.view.AbsSavedState$1@4f57e89, 2131297463=android.view.AbsSavedState$1@4f57e89, 2131297464=android.view.AbsSavedState$1@4f57e89, 2131297465=android.view.AbsSavedState$1@4f57e89, 2131297466=android.view.AbsSavedState$1@4f57e89, 2131297467=android.view.AbsSavedState$1@4f57e89, 2131297468=android.view.AbsSavedState$1@4f57e89, 2131297469=android.view.AbsSavedState$1@4f57e89, 2131297551=android.view.AbsSavedState$1@4f57e89, 2131297617=android.view.AbsSavedState$1@4f57e89, 2131297618=android.view.AbsSavedState$1@4f57e89, 2131297619=android.view.AbsSavedState$1@4f57e89, 2131297620=android.widget.ProgressBar$SavedState@a7d71bc, 2131297621=android.view.AbsSavedState$1@4f57e89, 2131297622=android.view.AbsSavedState$1@4f57e89, 2131297623=android.widget.ProgressBar$SavedState@378e545, 2131297624=android.view.AbsSavedState$1@4f57e89, 2131297625=android.view.AbsSavedState$1@4f57e89, 2131297626=android.view.AbsSavedState$1@4f57e89, 2131297627=android.view.AbsSavedState$1@4f57e89, 2131297633=android.view.AbsSavedState$1@4f57e89}}], android:support:fragments=android.support.v4.app.FragmentManagerState@8b2d49a, lang=false, android:lastAutofillId=1073741824, android:fragments=android.app.FragmentManagerState@a07a1cb}]
01-01 00:34:46.374  1519  1519 V Activity: onStop md59d95dbab71941e137ef724fbceda5f0e.SettingsBaseActivity@5a1e302
01-01 00:34:46.385  1151  1168 D WindowManager: relayout packageName=com.daimler.rse.ntg6::session=Session{6485514 1519:u0a10027}::window=android.view.IWindow$Stub$Proxy@a583344::attrs.flags=81810500
01-01 00:34:46.385  1151  1168 D WindowManager: relayout >>> FLAG_FULLSCREEN set in WindowManager.LayoutParams
01-01 00:34:46.385  1151  1168 D WindowManager: startStatusReceiverServiceOnFlagSet: creating intent for action ACTION_ACTIVITY_FULLSCREEN
01-01 00:34:46.385  1151  1168 W ContextImpl: Calling a method in the system process without a qualified user: android.app.ContextImpl.startService:1476 com.android.server.wm.Session.startStatusReceiverServiceOnFlagSet:762 com.android.server.wm.Session.relayout:273 android.view.IWindowSession$Stub.onTransact:286 com.android.server.wm.Session.onTransact:166 
01-01 00:34:46.389  1151  1168 D WindowManager: startStatusReceiverServiceOnFlagSet: startService done
01-01 00:34:47.118  1151  1168 I ActivityManager: START u0 {flg=0x14010000 cmp=com.panasonic.hmi2settings/.activity.WifiActivity} from uid 1000
01-01 00:34:47.126   808   808 I wificond: Enters wifigbk_ageOutHistory
01-01 00:34:47.127   808   808 I wificond: Enters wifigbk_ageOutHistory
01-01 00:34:47.145  3739  3739 V Activity: onPause com.panasonic.hmi2settings.activity.WifiManagerActivity@200cf74
01-01 00:34:47.175  3739  3739 V Activity: onCreate com.panasonic.hmi2settings.activity.WifiActivity@6e1222b: null
01-01 00:34:47.204  3739  3739 V Activity: onStart com.panasonic.hmi2settings.activity.WifiActivity@6e1222b
01-01 00:34:47.205  3739  3739 V Activity: onResume com.panasonic.hmi2settings.activity.WifiActivity@6e1222b
01-01 00:34:47.206  3739  3739 W ContextImpl: Calling a method in the system process without a qualified user: android.app.ContextImpl.startService:1476 android.content.ContextWrapper.startService:650 android.app.Activity.onResume:1329 android.support.v4.app.FragmentActivity.onResume:451 com.panasonic.hmi2settings.activity.BaseActivity.onResume:65 
01-01 00:34:47.234  1151  1168 D WindowManager: addToDisplay >>> FLAG_FULLSCREEN not set in WindowManager.LayoutParams
01-01 00:34:47.234  1151  1168 D WindowManager: startStatusReceiverServiceOnFlagSet: creating intent for action ACTION_ACTIVITY_FULLSCREEN
01-01 00:34:47.235  1151  1168 W ContextImpl: Calling a method in the system process without a qualified user: android.app.ContextImpl.startService:1476 com.android.server.wm.Session.startStatusReceiverServiceOnFlagSet:762 com.android.server.wm.Session.addToDisplay:217 android.view.IWindowSession$Stub.onTransact:124 com.android.server.wm.Session.onTransact:166 
01-01 00:34:47.236  1151  1168 D WindowManager: startStatusReceiverServiceOnFlagSet: startService done
01-01 00:34:47.315  1151  1168 D WindowManager: relayout packageName=com.panasonic.hmi2settings::session=Session{c47ecfc 3739:1000}::window=android.view.IWindow$Stub$Proxy@6fa0a9d::attrs.flags=1010300
01-01 00:34:47.315  1151  1168 D WindowManager: relayout >>> FLAG_FULLSCREEN not set in WindowManager.LayoutParams
01-01 00:34:47.315  1151  1168 D WindowManager: startStatusReceiverServiceOnFlagSet: creating intent for action ACTION_ACTIVITY_FULLSCREEN
01-01 00:34:47.315  1151  1168 W ContextImpl: Calling a method in the system process without a qualified user: android.app.ContextImpl.startService:1476 com.android.server.wm.Session.startStatusReceiverServiceOnFlagSet:762 com.android.server.wm.Session.relayout:276 android.view.IWindowSession$Stub.onTransact:286 com.android.server.wm.Session.onTransact:166 
01-01 00:34:47.316  1151  1168 D WindowManager: startStatusReceiverServiceOnFlagSet: startService done
01-01 00:34:47.425  1151 10154 D WindowManager: relayout packageName=com.panasonic.hmi2settings::session=Session{c47ecfc 3739:1000}::window=android.view.IWindow$Stub$Proxy@441f4e0::attrs.flags=null
01-01 00:34:47.425  1151 10154 D WindowManager: relayout >>> FLAG_FULLSCREEN not set in WindowManager.LayoutParams
01-01 00:34:47.425  1151 10154 D WindowManager: startStatusReceiverServiceOnFlagSet: creating intent for action ACTION_ACTIVITY_FULLSCREEN
01-01 00:34:47.426  1151 10154 W ContextImpl: Calling a method in the system process without a qualified user: android.app.ContextImpl.startService:1476 com.android.server.wm.Session.startStatusReceiverServiceOnFlagSet:762 com.android.server.wm.Session.relayout:276 android.view.IWindowSession$Stub.onTransact:286 com.android.server.wm.Session.onTransact:166 
01-01 00:34:47.428  1151 10154 D WindowManager: startStatusReceiverServiceOnFlagSet: startService done
01-01 00:34:47.440  3739  3739 V Activity: back_button: onSaveInstanceState entry:com.panasonic.hmi2settings.activity.WifiManagerActivity@200cf74
01-01 00:34:47.440  3739  3739 V Activity: onSaveInstanceState com.panasonic.hmi2settings.activity.WifiManagerActivity@200cf74: Bundle[{android:viewHierarchyState=Bundle[{android:views={16908290=android.view.AbsSavedState$1@499b012, 2131427430=android.view.AbsSavedState$1@499b012, 2131427431=android.view.AbsSavedState$1@499b012, 2131427450=android.view.AbsSavedState$1@499b012, 2131427452=android.view.AbsSavedState$1@499b012, 2131427460=android.view.AbsSavedState$1@499b012, 2131427507=android.view.AbsSavedState$1@499b012, 2131427508=android.view.AbsSavedState$1@499b012, 2131427509=android.view.AbsSavedState$1@499b012, 2131427510=android.view.AbsSavedState$1@499b012, 2131427511=android.view.AbsSavedState$1@499b012, 2131427512=android.view.AbsSavedState$1@499b012, 2131427513=android.view.AbsSavedState$1@499b012, 2131427514=android.view.AbsSavedState$1@499b012}}], android:lastAutofillId=1073741823, android:fragments=android.app.FragmentManagerState@87fbf0a}]
01-01 00:34:47.441  3739  3739 V Activity: onStop com.panasonic.hmi2settings.activity.WifiManagerActivity@200cf74
01-01 00:34:48.068   808   808 I wificond: Enters wifigbk_ageOutHistory
01-01 00:34:48.069   808   808 I wificond: Enters wifigbk_ageOutHistory
01-01 00:34:51.821  3739  3739 W ContextImpl: Calling a method in the system process without a qualified user: android.app.ContextImpl.startService:1476 android.content.ContextWrapper.startService:650 android.view.View.setSystemUiVisibility:22653 com.panasonic.hmi2settings.activity.WifiActivity.connectToWifi:1215 com.panasonic.hmi2settings.activity.WifiActivity.onWifiClick:522 
01-01 00:34:51.833  1151  1168 D WindowManager: addToDisplay >>> FLAG_FULLSCREEN not set in WindowManager.LayoutParams
01-01 00:34:51.833  1151  1168 D WindowManager: startStatusReceiverServiceOnFlagSet: creating intent for action ACTION_ACTIVITY_FULLSCREEN
01-01 00:34:51.833  1151  1168 W ContextImpl: Calling a method in the system process without a qualified user: android.app.ContextImpl.startService:1476 com.android.server.wm.Session.startStatusReceiverServiceOnFlagSet:762 com.android.server.wm.Session.addToDisplay:217 android.view.IWindowSession$Stub.onTransact:124 com.android.server.wm.Session.onTransact:166 
01-01 00:34:51.834  1151  1168 D WindowManager: startStatusReceiverServiceOnFlagSet: startService done
01-01 00:34:51.852  1151  2234 D WindowManager: relayout packageName=com.panasonic.hmi2settings::session=Session{c47ecfc 3739:1000}::window=android.view.IWindow$Stub$Proxy@6cd3cd1::attrs.flags=1000100
01-01 00:34:51.852  1151  2234 D WindowManager: relayout >>> FLAG_FULLSCREEN not set in WindowManager.LayoutParams
01-01 00:34:51.852  1151  2234 D WindowManager: startStatusReceiverServiceOnFlagSet: creating intent for action ACTION_ACTIVITY_FULLSCREEN
01-01 00:34:51.852  1151  2234 W ContextImpl: Calling a method in the system process without a qualified user: android.app.ContextImpl.startService:1476 com.android.server.wm.Session.startStatusReceiverServiceOnFlagSet:762 com.android.server.wm.Session.relayout:276 android.view.IWindowSession$Stub.onTransact:286 com.android.server.wm.Session.onTransact:166 
01-01 00:34:51.854  1151  2234 D WindowManager: startStatusReceiverServiceOnFlagSet: startService done
01-01 00:34:51.956  1151  1550 D WindowManager: relayout packageName=com.android.inputmethods.latin::session=Session{ca2ba78 1379:1000}::window=android.view.IWindow$Stub$Proxy@d6a3a4::attrs.flags=800108
01-01 00:34:51.956  1151  1550 D WindowManager: relayout >>> FLAG_FULLSCREEN not set in WindowManager.LayoutParams
01-01 00:34:51.956  1151  1550 D WindowManager: startStatusReceiverServiceOnFlagSet: creating intent for action ACTION_ACTIVITY_FULLSCREEN
01-01 00:34:51.956  1151  1550 W ContextImpl: Calling a method in the system process without a qualified user: android.app.ContextImpl.startService:1476 com.android.server.wm.Session.startStatusReceiverServiceOnFlagSet:762 com.android.server.wm.Session.relayout:276 android.view.IWindowSession$Stub.onTransact:286 com.android.server.wm.Session.onTransact:166 
01-01 00:34:51.960  1151  1550 D WindowManager: startStatusReceiverServiceOnFlagSet: startService done
01-01 00:34:53.520  1151  2234 I addOrUpdateNetwork:  uid = 1000 SSID "RSE_Test" nid=-1
01-01 00:34:53.525  1151  1550 D WindowManager: relayout packageName=com.android.inputmethods.latin::session=Session{ca2ba78 1379:1000}::window=android.view.IWindow$Stub$Proxy@4f9b509::attrs.flags=800108
01-01 00:34:53.525  1151  1550 D WindowManager: relayout >>> FLAG_FULLSCREEN not set in WindowManager.LayoutParams
01-01 00:34:53.525  1151  1550 D WindowManager: startStatusReceiverServiceOnFlagSet: creating intent for action ACTION_ACTIVITY_FULLSCREEN
01-01 00:34:53.526  1151  1550 W ContextImpl: Calling a method in the system process without a qualified user: android.app.ContextImpl.startService:1476 com.android.server.wm.Session.startStatusReceiverServiceOnFlagSet:762 com.android.server.wm.Session.relayout:276 android.view.IWindowSession$Stub.onTransact:286 com.android.server.wm.Session.onTransact:166 
01-01 00:34:53.528  1151  1550 D WindowManager: startStatusReceiverServiceOnFlagSet: startService done
01-01 00:34:53.572   808   808 W wificond: Scan is not started. Ignore abort request
01-01 00:34:53.574  1151  1316 D WifiService: CONNECT  nid=90 uid=1000 name=android.uid.system:1000
01-01 00:34:53.574  1151  1316 D WifiService: Connect with networkId 90
01-01 00:34:53.574  1151  1316 D WifiService: New client listening to asynchronous messages
01-01 00:34:53.629   808   808 W wificond: Scan is not started. Ignore abort request
01-01 00:34:54.165  2677  9144 W ContextImpl: Calling a method in the system process without a qualified user: android.app.ContextImpl.startService:1476 android.content.ContextWrapper.startService:650 com.panasonic.dairse.vcpupersistence.VCPUPersistenceService$1.executeLinuxCommand:392 com.panasonic.dairse.vcpupersistence.IVCPUPersistenceService$Stub.onTransact:437 android.os.Binder.execTransact:706 
01-01 00:34:54.425   808   808 I wificond: Received external scan result notification from kernel.
01-01 00:34:54.427   808   808 I wificond: Enters wifigbk_ageOutHistory
01-01 00:34:54.529   808   808 I wificond: Enters wifigbk_ageOutHistory
01-01 00:34:54.571  1151  1317 D ConnectivityService: registerNetworkAgent NetworkAgentInfo{ ni{[type: WIFI[], state: CONNECTING/CONNECTING, reason: (unspecified), extra: "RSE_Test", failover: false, available: true, roaming: false]}  network{281}  nethandle{1206902246110}  lp{{LinkAddresses: []  Routes: [] DnsAddresses: [] Domains: null MTU: 0}}  nc{[ Transports: WIFI Capabilities: NOT_METERED&INTERNET&NOT_RESTRICTED&TRUSTED&NOT_VPN LinkUpBandwidth>=1048576Kbps LinkDnBandwidth>=1048576Kbps]}  Score{20}  everValidated{false}  lastValidated{false}  created{false} lingering{false} explicitlySelected{false} acceptUnvalidated{false} everCaptivePortalDetected{false} lastCaptivePortalDetected{false} clat{null} }
01-01 00:34:54.571  1151  1325 D ConnectivityService: NetworkAgentInfo [WIFI () - 281] EVENT_NETWORK_INFO_CHANGED, going from null to CONNECTING
01-01 00:34:54.774  1151  1325 D ConnectivityService: NetworkAgentInfo [WIFI () - 281] EVENT_NETWORK_INFO_CHANGED, going from CONNECTING to CONNECTED
01-01 00:34:54.776  1151  1325 D ConnectivityService: Adding iface wlan0 to network 281
01-01 00:34:54.799  1151  1325 D ConnectivityService: Setting DNS servers for network 281 to [/8.8.8.8]
01-01 00:34:54.801  1151  1325 I Nat464Xlat: Android Xlat is disabled
01-01 00:34:54.834  1151  1183 E BatteryExternalStatsWorker: no controller energy info supplied for wifi
01-01 00:34:54.974  1151  1325 D ConnectivityService: NetworkAgentInfo [WIFI () - 281] validation passed
01-01 00:34:55.018  1151  1325 D ConnectivityService: Switching to new default network: NetworkAgentInfo{ ni{[type: WIFI[], state: CONNECTED/CONNECTED, reason: (unspecified), extra: "RSE_Test", failover: false, available: true, roaming: false]}  network{281}  nethandle{1206902246110}  lp{{InterfaceName: wlan0 LinkAddresses: [fe80::ed96:66a8:f50a:5144/64,192.168.0.61/24,]  Routes: [fe80::/64 -> :: wlan0,192.168.0.0/24 -> 0.0.0.0 wlan0,0.0.0.0/0 -> 192.168.0.1 wlan0,] DnsAddresses: [8.8.8.8,] Domains: null MTU: 0 TcpBufferSizes: 524288,1048576,2097152,262144,524288,1048576}}  nc{[ Transports: WIFI Capabilities: NOT_METERED&INTERNET&NOT_RESTRICTED&TRUSTED&NOT_VPN&VALIDATED&FOREGROUND LinkUpBandwidth>=1048576Kbps LinkDnBandwidth>=1048576Kbps SignalStrength: -44]}  Score{60}  everValidated{true}  lastValidated{true}  created{true} lingering{false} explicitlySelected{true} acceptUnvalidated{false} everCaptivePortalDetected{false} lastCaptivePortalDetected{false} clat{null} }
01-01 00:34:55.021   561   593 E NetlinkEvent: NetlinkEvent::FindParam(): Parameter 'INTERFACE' not found
01-01 00:34:55.022   561   593 E NetlinkEvent: NetlinkEvent::FindParam(): Parameter 'STATE' not found
01-01 00:34:55.022   561   593 E NetlinkEvent: NetlinkEvent::FindParam(): Parameter 'TIME_NS' not found
01-01 00:34:55.022   561   593 E NetlinkEvent: NetlinkEvent::FindParam(): Parameter 'UID' not found
01-01 00:34:55.045  1151  1325 D ConnectivityService: Lingering NetworkAgentInfo [Ethernet () - 280] for 30000ms
01-01 00:34:55.046  1151  1325 D ConnectivityService: Sending DISCONNECTED broadcast for type 9 NetworkAgentInfo [Ethernet () - 280] isDefaultNetwork=true
01-01 00:34:55.048  1151  1325 D ConnectivityService: Sending CONNECTED broadcast for type 1 NetworkAgentInfo [WIFI () - 281] isDefaultNetwork=true
01-01 00:34:55.050  2752 11045 W ContextImpl: Calling a method in the system process without a qualified user: android.app.ContextImpl.startService:1476 android.content.ContextWrapper.startService:650 com.baidu.appsearch.util.ab.a:0 com.baidu.appsearch.download.UpdateReceiver$1.run:243 java.util.concurrent.ThreadPoolExecutor.runWorker:1162 
01-01 00:34:55.064  2752  8372 W ContextImpl: Calling a method in the system process without a qualified user: android.app.ContextImpl.startService:1476 android.content.ContextWrapper.startService:650 com.baidu.appsearch.util.ab.a:0 com.baidu.appsearch.download.UpdateReceiver$1.run:243 java.util.concurrent.ThreadPoolExecutor.runWorker:1162 
01-01 00:34:55.069  1151  1325 D ConnectivityService: NetworkAgentInfo [Ethernet () - 280] EVENT_NETWORK_INFO_CHANGED, going from CONNECTED to DISCONNECTED
01-01 00:34:55.075  1151  1325 I Nat464Xlat: Android Xlat is disabled
01-01 00:34:55.076  1151  1325 D ConnectivityService: NetworkAgentInfo [Ethernet () - 280] got DISCONNECTED, was satisfying 2
01-01 00:34:57.895   808   808 I wificond: Enters wifigbk_ageOutHistory
01-01 00:34:57.896   808   808 I wificond: Enters wifigbk_ageOutHistory
01-01 00:34:58.841  1151  1325 D ConnectivityService: NetworkAgentInfo [WIFI () - 281] EVENT_NETWORK_INFO_CHANGED, going from CONNECTED to DISCONNECTED
01-01 00:34:58.842  1151  1325 D ConnectivityService: NetworkAgentInfo [WIFI () - 281] got DISCONNECTED, was satisfying 7
01-01 00:34:58.872  1151  1325 D ConnectivityService: Sending DISCONNECTED broadcast for type 1 NetworkAgentInfo [WIFI () - 281] isDefaultNetwork=true
01-01 00:34:58.877  2752  3822 W ContextImpl: Calling a method in the system process without a qualified user: android.app.ContextImpl.startService:1476 android.content.ContextWrapper.startService:650 com.baidu.appsearch.util.ab.a:0 com.baidu.appsearch.download.UpdateReceiver$1.run:243 java.util.concurrent.ThreadPoolExecutor.runWorker:1162 
01-01 00:34:58.934  1151  1183 E BatteryExternalStatsWorker: no controller energy info supplied for wifi
01-01 00:34:59.008  1151  1351 D ConnectivityService: registerNetworkAgent NetworkAgentInfo{ ni{[type: Ethernet[], state: CONNECTED/CONNECTED, reason: (unspecified), extra: e6:01:08:09:5d:cf, failover: false, available: true, roaming: false]}  network{282}  nethandle{1211197213406}  lp{{InterfaceName: eth0 LinkAddresses: [fe80::f818:a273:7f8a:d256/64,169.254.1.2/30,]  Routes: [fe80::/64 -> :: eth0,169.254.1.0/30 -> 0.0.0.0 eth0,0.0.0.0/0 -> 169.254.1.1 eth0,] DnsAddresses: [192.168.220.145,] Domains: null MTU: 0 TcpBufferSizes: 524288,1048576,3145728,524288,1048576,2097152}}  nc{[ Transports: ETHERNET Capabilities: INTERNET&NOT_RESTRICTED&TRUSTED&NOT_VPN LinkUpBandwidth>=100000Kbps LinkDnBandwidth>=100000Kbps]}  Score{0}  everValidated{false}  lastValidated{false}  created{false} lingering{false} explicitlySelected{false} acceptUnvalidated{false} everCaptivePortalDetected{false} lastCaptivePortalDetected{false} clat{null} }
01-01 00:34:59.008  1151  1325 D ConnectivityService: NetworkAgentInfo [Ethernet () - 282] EVENT_NETWORK_INFO_CHANGED, going from null to CONNECTED
01-01 00:34:59.010  1151  1325 D ConnectivityService: Adding iface eth0 to network 282
01-01 00:34:59.017  1151  1325 D ConnectivityService: Setting DNS servers for network 282 to [/192.168.220.145]
01-01 00:34:59.018  1151  1325 I Nat464Xlat: Android Xlat is disabled
01-01 00:34:59.040  1151  1325 D ConnectivityService: Switching to new default network: NetworkAgentInfo{ ni{[type: Ethernet[], state: CONNECTED/CONNECTED, reason: (unspecified), extra: e6:01:08:09:5d:cf, failover: false, available: true, roaming: false]}  network{282}  nethandle{1211197213406}  lp{{InterfaceName: eth0 LinkAddresses: [fe80::f818:a273:7f8a:d256/64,169.254.1.2/30,]  Routes: [fe80::/64 -> :: eth0,169.254.1.0/30 -> 0.0.0.0 eth0,0.0.0.0/0 -> 169.254.1.1 eth0,] DnsAddresses: [192.168.220.145,] Domains: null MTU: 0 TcpBufferSizes: 524288,1048576,3145728,524288,1048576,2097152}}  nc{[ Transports: ETHERNET Capabilities: INTERNET&NOT_RESTRICTED&TRUSTED&NOT_VPN&FOREGROUND LinkUpBandwidth>=100000Kbps LinkDnBandwidth>=100000Kbps]}  Score{0}  everValidated{false}  lastValidated{false}  created{true} lingering{false} explicitlySelected{false} acceptUnvalidated{false} everCaptivePortalDetected{false} lastCaptivePortalDetected{false} clat{null} }
01-01 00:34:59.049  1151  1325 D ConnectivityService: Sending CONNECTED broadcast for type 9 NetworkAgentInfo [Ethernet () - 282] isDefaultNetwork=true
01-01 00:34:59.054  1151  1325 D ConnectivityService: NetworkAgentInfo [Ethernet () - 282] validation passed
01-01 00:34:59.054  2752  8372 W ContextImpl: Calling a method in the system process without a qualified user: android.app.ContextImpl.startService:1476 android.content.ContextWrapper.startService:650 com.baidu.appsearch.util.ab.a:0 com.baidu.appsearch.download.UpdateReceiver$1.run:243 java.util.concurrent.ThreadPoolExecutor.runWorker:1162 
01-01 00:34:59.728   808   808 I wificond: Enters wifigbk_ageOutHistory
01-01 00:34:59.729   808   808 I wificond: Enters wifigbk_ageOutHistory
01-01 00:35:03.814  1392  1392 W StatusBar: animate_trace: animateCollapsePanels entry: flags=0: force=false
01-01 00:35:03.815  1151  1288 I ActivityManager: START u0 {act=android.intent.action.MAIN cat=[android.intent.category.HOME] flg=0x10200000 cmp=com.daimler.rse.ntg6/.StartUpActivity (has extras)} from uid 1000
01-01 00:35:03.819  1519  1519 V Activity: onDestroy md59d95dbab71941e137ef724fbceda5f0e.MainOverlayActivity@7f8269c
01-01 00:35:03.824  3739  3739 V Activity: onPause com.panasonic.hmi2settings.activity.WifiActivity@6e1222b
01-01 00:35:03.832  1151  1262 D WindowManager: addToDisplay >>> FLAG_FULLSCREEN set in WindowManager.LayoutParams
01-01 00:35:03.832  1151  1262 D WindowManager: startStatusReceiverServiceOnFlagSet: creating intent for action ACTION_ACTIVITY_FULLSCREEN
01-01 00:35:03.833  1151  1262 W ContextImpl: Calling a method in the system process without a qualified user: android.app.ContextImpl.startService:1476 com.android.server.wm.Session.startStatusReceiverServiceOnFlagSet:762 com.android.server.wm.Session.addToDisplay:214 android.view.ViewRootImpl.setView:737 android.view.WindowManagerGlobal.addView:356 
01-01 00:35:03.855  1151  1262 D WindowManager: startStatusReceiverServiceOnFlagSet: startService done
01-01 00:35:03.860  1151  1262 D WindowManager: relayout packageName=com.daimler.rse.ntg6::session=Session{2188d47 1151:1000}::window=android.view.ViewRootImpl$W@ea436f4::attrs.flags=81830518
01-01 00:35:03.860  1151  1262 D WindowManager: relayout >>> FLAG_FULLSCREEN set in WindowManager.LayoutParams
01-01 00:35:03.860  1151  1262 D WindowManager: startStatusReceiverServiceOnFlagSet: creating intent for action ACTION_ACTIVITY_FULLSCREEN
01-01 00:35:03.860  1151  1262 W ContextImpl: Calling a method in the system process without a qualified user: android.app.ContextImpl.startService:1476 com.android.server.wm.Session.startStatusReceiverServiceOnFlagSet:762 com.android.server.wm.Session.relayout:273 android.view.ViewRootImpl.relayoutWindow:6181 android.view.ViewRootImpl.performTraversals:1921 
01-01 00:35:03.861  1151  1262 D WindowManager: startStatusReceiverServiceOnFlagSet: startService done
01-01 00:35:03.870  1519  1519 V Activity: onDestroy md59d95dbab71941e137ef724fbceda5f0e.SettingsBaseActivity@5a1e302
01-01 00:35:03.889  1519  1519 V Activity: onStart com.daimler.rse.ntg6.StartUpActivity@6d639f8
01-01 00:35:03.891  1151  1168 I ActivityManager: START u0 {cmp=com.daimler.rse.ntg6/md59d95dbab71941e137ef724fbceda5f0e.MainOverlayActivity} from uid 10027
01-01 00:35:03.903  1519  1519 V Activity: onResume com.daimler.rse.ntg6.StartUpActivity@6d639f8
01-01 00:35:03.913  1151 10154 D WindowManager: relayout packageName=com.daimler.rse.ntg6::session=Session{6485514 1519:u0a10027}::window=android.view.IWindow$Stub$Proxy@331c3d5::attrs.flags=81810500
01-01 00:35:03.913  1151 10154 D WindowManager: relayout >>> FLAG_FULLSCREEN set in WindowManager.LayoutParams
01-01 00:35:03.913  1151 10154 D WindowManager: startStatusReceiverServiceOnFlagSet: creating intent for action ACTION_ACTIVITY_FULLSCREEN
01-01 00:35:03.914  1151 10154 W ContextImpl: Calling a method in the system process without a qualified user: android.app.ContextImpl.startService:1476 com.android.server.wm.Session.startStatusReceiverServiceOnFlagSet:762 com.android.server.wm.Session.relayout:273 android.view.IWindowSession$Stub.onTransact:286 com.android.server.wm.Session.onTransact:166 
01-01 00:35:03.915  1151 10154 D WindowManager: startStatusReceiverServiceOnFlagSet: startService done
01-01 00:35:03.934  1519  1519 V Activity: onPause com.daimler.rse.ntg6.StartUpActivity@6d639f8
01-01 00:35:03.937  1151 10154 D ActivityTrigger: activityResumeTrigger: The activity in ApplicationInfo{4ed449e com.daimler.rse.ntg6} is now in focus and seems to be in full-screen mode
01-01 00:35:03.937  1151 10154 E ActivityTrigger: activityResumeTrigger: not whiteListedcom.daimler.rse.ntg6/md59d95dbab71941e137ef724fbceda5f0e.MainOverlayActivity/5
01-01 00:35:03.938  1151 10154 D CompatibilityInfo: mCompatibilityFlags - 4
01-01 00:35:03.938  1151 10154 D CompatibilityInfo: applicationDensity - 240
01-01 00:35:03.938  1151 10154 D CompatibilityInfo: applicationScale - 1.0
01-01 00:35:03.944  1392  1392 W SYSTEM_UI: SWR_SYSTEM_UI_007|FUN=CollapsedStatusBarFragment::getAction |1|Broadcast action --> STATUS_UPDATE_ACTION
01-01 00:35:03.944  1392  1392 W SYSTEM_UI: SWR_SYSTEM_UI_007|FUN=CollapsedStatusBarFragment::getIntExtra |1|NotifySystemUpdates dataType --> 101
01-01 00:35:03.944  1392  1392 W SYSTEM_UI - CI07.3: className -> CollapsedStatusBarFragment | functionName -> NotifySystemUpdates | onReceive -->  | value -> FULLSCREEN MODE CHANGED | isFullScreenStatus --> true | fullScreenPackage -->com.daimler.rse.ntg6 | fullscreenLastShownPackage -->null | topActivityPackage --> com.daimler.rse.ntg6
01-01 00:35:03.944  1392  1392 W SYSTEM_UI - CI07.3: className -> CollapsedStatusBarFragment | functionName -> NotifySystemUpdates | onReceive -->  | value -> Fullscreen mode changed --> path 1
01-01 00:35:03.947  1392  1392 W SYSTEM_UI - CI07.3: className -> CollapsedStatusBarFragment | functionName -> NotifySystemUpdates | onReceive -->  | value -> Fullscreen mode changed --> path 3
01-01 00:35:03.978  1519  1519 V Activity: onCreate md59d95dbab71941e137ef724fbceda5f0e.MainOverlayActivity@976a9b5: null
01-01 00:35:03.980  1519  1519 I HomeScreen|HMI_Common.Activities.MainOverlayActivity: MBUX App Method: OnCreate |Line No: 105 |Log Type: Critical |Message: Device Language : en_GB
01-01 00:35:03.980  1519  1519 I HomeScreen|HMI_Common.Activities.MainOverlayActivity: MBUX App Method: OnCreate |Line No: 106 |Log Type: Critical |Message: LanguageEnglish
01-01 00:35:03.980  1519  1519 I HomeScreen|HMI_Common.Activities.MainOverlayActivity: MBUX App Method: OnCreate |Line No: 117 |Log Type: Critical |Message: App-theme successfully changed to AppTheme
01-01 00:35:03.980  1519  1519 I HomeScreen|HMI_Common.Activities.MainOverlayActivity: MBUX App Method: OnCreate |Line No: 121 |Log Type: Critical |Message: Base Activity onCreate Called
01-01 00:35:04.010  1519  1519 I BaseScreen|HMI_Common.Activities.MainOverlayActivity: MBUX App Method: UpdateHMI2LaunchedFlag |Line No: 1222 |Log Type: Critical |Message: UpdateHMI2LaunchedFlag() called isLaunched = False
01-01 00:35:04.010  1519  1519 I BaseScreen|HMI_Common.HMIBackend.SharedPreferences.SharedPrefBackend: MBUX App Method: UpdateHMI2LaunchedFlag |Line No: 93 |Log Type: Critical |Message: UpdateHMI2LaunchedFlag called isLaunched = False
01-01 00:35:04.010  1519  1519 I AirCondition|HMI_Common.HMIBackend.ClimateBackend.AirConditionBackend: MBUX App Method: Initialize |Line No: 77 |Log Type: Information |Message: Climate in Demo Mode
01-01 00:35:04.011  1519  1519 I ParentalControl|HMI_Common.HMIBackend.ParentalControl.ParentalControlBackend: MBUX App Method: .ctor |Line No: 47 |Log Type: Critical |Message: ParentalControl Backend Constructor Called.
01-01 00:35:04.011  1519  1519 I VolumeControl|HMI_Common.HMIBackend.VolumeControl.VolumeControlBackend: MBUX App Method: .ctor |Line No: 51 |Log Type: Critical |Message: VolumeControlBackend VolumeControlBackend() called 
01-01 00:35:04.018  1519  1519 I BaseScreen|HMI_Common.Activities.MainOverlayActivity: MBUX App Method: LastStoredMediaVolume |Line No: 1198 |Log Type: Critical |Message: LastStoredMediaVolume() called
01-01 00:35:04.019  1519  1519 I BaseScreen|HMI_Common.Activities.MainOverlayActivity: MBUX App Method: IsRseRebooted |Line No: 1190 |Log Type: Critical |Message: IsRseRebooted() called
01-01 00:35:04.019  1519  1519 I VolumeControl|HMI_Common.Activities.MainOverlayActivity: MBUX App Method: initBtHeadsetSeekbarProgress |Line No: 292 |Log Type: Information |Message: VolumeControl initBtHeadsetSeekbarProgress() called,  MediaMaxVolume = 15 currentMediaVolume = 0 isRseRebooted = False comfortMinLevel = 0 comfortMaxLevel = 0
01-01 00:35:04.020  1519  1519 I VolumeControl|HMI_Common.Activities.MainOverlayActivity: MBUX App Method: intializeVolumeLevel |Line No: 337 |Log Type: Information |Message: VolumeControl intializeVolumeLevel() called, isDemoMode == True
01-01 00:35:04.024  1519  1519 I HomeScreen|HMI_Common.Activities.MainOverlayActivity: MBUX App Method: HandleClimateControlsVisibility |Line No: 324 |Log Type: Information |Message: md59d95dbab71941e137ef724fbceda5f0e.MainOverlayActivity@976a9b5 BaseActivity.statusLine HandleClimateControlsVisibility isViewVisible : True
01-01 00:35:04.025  1519  1519 I HomeScreen|HMI_Common.Activities.MainOverlayActivity: MBUX App Method: OnCreate |Line No: 130 |Log Type: Information |Message: MainOverlayActivity onCreate Started after initializing all common components
01-01 00:35:04.025  1519  1519 I BaseScreen|HMI_Common.Activities.MainOverlayActivity: MBUX App Method: UpdateHMI2LaunchedFlag |Line No: 1222 |Log Type: Critical |Message: UpdateHMI2LaunchedFlag() called isLaunched = False
01-01 00:35:04.025  1519  1519 I BaseScreen|HMI_Common.HMIBackend.SharedPreferences.SharedPrefBackend: MBUX App Method: UpdateHMI2LaunchedFlag |Line No: 93 |Log Type: Critical |Message: UpdateHMI2LaunchedFlag called isLaunched = False
01-01 00:35:04.025  1519  1519 I BaseScreen|HMI_Common.Activities.MainOverlayActivity: MBUX App Method: GetHMI2LaunchedFlag |Line No: 1231 |Log Type: Critical |Message: UpdateSharedPrefForRseRebooted() called
01-01 00:35:04.025  1519  1519 I HomeScreen|HMI_Common.Activities.MainOverlayActivity: MBUX App Method: InitScreenOnOffEvents |Line No: 1850 |Log Type: Critical |Message: InitScreenOnOffEvents called : HMI2 Launched : False
01-01 00:35:04.025  1519  1519 I BaseScreen|HMI_Common.Activities.MainOverlayActivity: MBUX App Method: GetHMI2LaunchedFlag |Line No: 1231 |Log Type: Critical |Message: UpdateSharedPrefForRseRebooted() called
01-01 00:35:04.025  1519  1519 I HomeScreen|HMI_Common.Activities.MainOverlayActivity: MBUX App Method: RemoveScreenOnOffEvents |Line No: 1909 |Log Type: Critical |Message: RemoveScreenOnOffEvents called : HMI2 Launched : False
01-01 00:35:04.030  1519 12164 I VolumeControl|HMI_Common.Activities.MainOverlayActivity+BluetoothHeadsetStateBroadcast: MBUX App Method: OnReceive |Line No: 1953 |Log Type: Critical |Message: MainOverlayActivity BroadcastReceived Action : android.intent.action.HEADSET_PLUG
01-01 00:35:04.033  1519 12164 I VolumeControl|HMI_Common.Activities.MainOverlayActivity: MBUX App Method: HandleBluetoothSeekbar |Line No: 891 |Log Type: Critical |Message: VolumeControl HandleBluetoothSeekbar() Called :: isAnyWirelessHeadsetConnected = False isAnyWiredHeadsetConnected = True
01-01 00:35:04.034  1519  1519 I HomeScreen|HMI_Common.HMIBackend.CommonControlsBackend.BaseScreenBackend: MBUX App Method: IsAppKeepAliveSuccess |Line No: 775 |Log Type: Critical |Message: App Authentication Status : Checking keep alive status for : Player & status : True
01-01 00:35:04.035  1519  1519 I HomeScreen|HMI_Common.HMIBackend.CommonControlsBackend.BaseScreenBackend: MBUX App Method: IsAppKeepAliveSuccess |Line No: 775 |Log Type: Critical |Message: App Authentication Status : Checking keep alive status for : Tuner & status : True
01-01 00:35:04.036  1519  1519 I Connectivity_AIDL|AIDL_Handler.Utils.AidlSharedPref: MBUX App Method: IsChinaVariant |Line No: 424 |Log Type: Critical |Message: IsChinaVariant: True
01-01 00:35:04.036  1519  1519 I HomeScreen|HMI_Common.Activities.MainOverlayActivity: MBUX App Method: GetMainOverlayItemsList |Line No: 483 |Log Type: Critical |Message: IsChinaVarinat :  True  Application Box added to List
01-01 00:35:04.044  1519  1519 I HomeScreen|HMI_Common.Activities.MainOverlayActivity: MBUX App Method: OnCreate |Line No: 191 |Log Type: Critical |Message: MainOverLayActivity, oncreated, LastViewedItem : None
01-01 00:35:04.045  1519  1519 I HomeScreen|HMI_Common.Activities.MainOverlayActivity: MBUX App Method: OnStart |Line No: 338 |Log Type: Information |Message: OnStart() BaseActivity
01-01 00:35:04.045  1519  1519 V Activity: onStart md59d95dbab71941e137ef724fbceda5f0e.MainOverlayActivity@976a9b5
01-01 00:35:04.047  1519  1519 V Activity: onResume md59d95dbab71941e137ef724fbceda5f0e.MainOverlayActivity@976a9b5
01-01 00:35:04.049  1151  1168 D CompatibilityInfo: mCompatibilityFlags - 4
01-01 00:35:04.049  1151  1168 D CompatibilityInfo: applicationDensity - 240
01-01 00:35:04.049  1151  1168 D CompatibilityInfo: applicationScale - 1.0
01-01 00:35:04.050  1519  1519 D Activity: onStart: startService done
01-01 00:35:04.050  1519  1519 I HomeScreen|HMI_Common.Activities.MainOverlayActivity: MBUX App Method: OnResume |Line No: 240 |Log Type: Information |Message: BaseActivity OnResume called
01-01 00:35:04.052  1519  1519 I VolumeControl|HMI_Common.HMIBackend.VolumeControl.VolumeControlBackend: MBUX App Method: GetEntertainmentVolumeGroupStatus |Line No: 215 |Log Type: Critical |Message: VolumeControlBackend GetEntertainmentVolumeGroupStatus() called VolumeControlApplication Instance ==  
