01-01 00:19:53.622  1933  1933 W LCMANDR : SWR_OOB_HV_MF_009|FUN=LifeCycleManagerService::getDAIAppAlivenessStatus|Aliveness::Status to send id : ALIVE
01-01 00:19:53.622  1933  1933 D LCMANDR : SWR_OOB_HV_MF_005|FUN=LifeCycleManagerService::sendPacketToLnx|data = [B@6744aae
01-01 00:19:53.622  1933  1933 D LCMANDR : SWR_OOB_HV_MF_009|FUN=LifeCycleManagerService::postAppsStatusInfo|Setting AppPacket info
01-01 00:19:53.622  1933  1933 I LCMANDR : SWR_OOB_HV_MF_009|FUN=AlivenessMonitoring::getRunningApps| packet sent
01-01 00:19:53.623  1933  1956 D LCMANDR : SWR_OOB_HV_MF_010|FUN=LifeCycleManagerService::RseNodeStateManagement|SEND_IGC_CB
01-01 00:19:53.623  1933  1956 I LCMANDR : SWR_OOB_HV_MF_005|FUN=LifeCycleManagerService::igcsendData|Call hit in RSENodeStateManagement::igcsendData
01-01 00:19:53.623  1933  1956 I LCMANDR : SWR_OOB_HV_MF_005|FUN=LifeCycleManagerService::igcsendData|SEND DATA LEN is : 15
01-01 00:19:53.623  1933  1956 I LCMANDR : SWR_OOB_HV_MF_007|FUN=LifeCycleManagerService::sendPacketFromIntentService|Package to send : [ 65, 0, 0, 0, 9, 0, 2, 0, 1, 0, 5, 65, 65, 0, 0, ]
01-01 00:19:53.623  1933  1956 I IGC     :  IGC::sendData ==> [ 65, 0, 0, 0, 9, 0, 2, 0, 1, 0, 5, 65, 65, 0, 0,  ]
01-01 00:19:53.623  1933  1956 I IGC     :  Igc::sendData data size is :: 15
01-01 00:19:53.623  1933  1956 D         : Enqueue: sem count = 1
01-01 00:19:53.623  1933  1956 I LCMANDR : SWR_OOB_HV_MF_007|FUN=LifeCycleManagerService::sendPacketFromIntentService|Sending Data to Linux is successful( [65, 0, 0, 0, 9, 0, 2, 0, 1, 0, 5, 65, 65, 0, 0] )
01-01 00:19:53.623  1933  1956 I LCMANDR : SWR_OOB_HV_MF_005|FUN=LifeCycleManagerService::igcsendData| DATA SEND SUCCESSFULLY 
01-01 00:19:53.628   635   635 E ANDR-PERF-TARGET: Error: Invalid logical cluster id 0
01-01 00:19:53.628   635   635 E ANDR-PERF-MPCTL: invalid request, no optimizations performed
01-01 00:19:53.645   635   635 E ANDR-PERF-TARGET: Error: Invalid logical cluster id 0
01-01 00:19:53.645   635   635 E ANDR-PERF-MPCTL: invalid request, no optimizations performed
01-01 00:19:53.652   729   748 I sssv-lib: sendMsg enter
01-01 00:19:53.652   729   748 I sssv-lib: sendMsg complete.
01-01 00:19:53.662   635   635 E ANDR-PERF-TARGET: Error: Invalid logical cluster id 0
01-01 00:19:53.662   635   635 E ANDR-PERF-MPCTL: invalid request, no optimizations performed
01-01 00:19:53.678   635   635 E ANDR-PERF-TARGET: Error: Invalid logical cluster id 0
01-01 00:19:53.678   635   635 E ANDR-PERF-MPCTL: invalid request, no optimizations performed
01-01 00:19:53.695   635   635 E ANDR-PERF-TARGET: Error: Invalid logical cluster id 0
01-01 00:19:53.695   635   635 E ANDR-PERF-MPCTL: invalid request, no optimizations performed
01-01 00:19:53.712   635   635 E ANDR-PERF-TARGET: Error: Invalid logical cluster id 0
01-01 00:19:53.712   635   635 E ANDR-PERF-MPCTL: invalid request, no optimizations performed
01-01 00:19:53.728   635   635 E ANDR-PERF-TARGET: Error: Invalid logical cluster id 0
01-01 00:19:53.728   635   635 E ANDR-PERF-MPCTL: invalid request, no optimizations performed
01-01 00:19:53.745   635   635 E ANDR-PERF-TARGET: Error: Invalid logical cluster id 0
01-01 00:19:53.745   635   635 E ANDR-PERF-MPCTL: invalid request, no optimizations performed
01-01 00:19:53.762   635   635 E ANDR-PERF-TARGET: Error: Invalid logical cluster id 0
01-01 00:19:53.762   635   635 E ANDR-PERF-MPCTL: invalid request, no optimizations performed
01-01 00:19:53.778   635   635 E ANDR-PERF-TARGET: Error: Invalid logical cluster id 0
01-01 00:19:53.778   635   635 E ANDR-PERF-MPCTL: invalid request, no optimizations performed
01-01 00:19:53.795   635   635 E ANDR-PERF-TARGET: Error: Invalid logical cluster id 0
01-01 00:19:53.795   635   635 E ANDR-PERF-MPCTL: invalid request, no optimizations performed
01-01 00:19:53.812   635   635 E ANDR-PERF-TARGET: Error: Invalid logical cluster id 0
01-01 00:19:53.812   635   635 E ANDR-PERF-MPCTL: invalid request, no optimizations performed
01-01 00:19:53.829   635   635 E ANDR-PERF-TARGET: Error: Invalid logical cluster id 0
01-01 00:19:53.829   635   635 E ANDR-PERF-MPCTL: invalid request, no optimizations performed
01-01 00:19:53.845   635   635 E ANDR-PERF-TARGET: Error: Invalid logical cluster id 0
01-01 00:19:53.845   635   635 E ANDR-PERF-MPCTL: invalid request, no optimizations performed
01-01 00:19:53.862   635   635 E ANDR-PERF-TARGET: Error: Invalid logical cluster id 0
01-01 00:19:53.862   635   635 E ANDR-PERF-MPCTL: invalid request, no optimizations performed
01-01 00:19:53.879   635   635 E ANDR-PERF-TARGET: Error: Invalid logical cluster id 0
01-01 00:19:53.879   635   635 E ANDR-PERF-MPCTL: invalid request, no optimizations performed
01-01 00:19:53.895   635   635 E ANDR-PERF-TARGET: Error: Invalid logical cluster id 0
01-01 00:19:53.896   635   635 E ANDR-PERF-MPCTL: invalid request, no optimizations performed
01-01 00:19:53.912   635   635 E ANDR-PERF-TARGET: Error: Invalid logical cluster id 0
01-01 00:19:53.912   635   635 E ANDR-PERF-MPCTL: invalid request, no optimizations performed
01-01 00:19:53.929   635   635 E ANDR-PERF-TARGET: Error: Invalid logical cluster id 0
01-01 00:19:53.929   635   635 E ANDR-PERF-MPCTL: invalid request, no optimizations performed
01-01 00:19:53.945   635   635 E ANDR-PERF-TARGET: Error: Invalid logical cluster id 0
01-01 00:19:53.946   635   635 E ANDR-PERF-MPCTL: invalid request, no optimizations performed
01-01 00:19:53.962   635   635 E ANDR-PERF-TARGET: Error: Invalid logical cluster id 0
01-01 00:19:53.962   635   635 E ANDR-PERF-MPCTL: invalid request, no optimizations performed
01-01 00:19:53.968  1151  2264 I WifiService: startScan uid=1000
01-01 00:19:53.969  1151  1323 I WifiService: isScanAlwaysAvailable uid=1000
01-01 00:19:53.969  1151  1323 I WifiService: getWifiEnabledState uid=1000
01-01 00:19:53.979   635   635 E ANDR-PERF-TARGET: Error: Invalid logical cluster id 0
01-01 00:19:53.979   635   635 E ANDR-PERF-MPCTL: invalid request, no optimizations performed
01-01 00:19:53.996   635   635 E ANDR-PERF-TARGET: Error: Invalid logical cluster id 0
01-01 00:19:53.996   635   635 E ANDR-PERF-MPCTL: invalid request, no optimizations performed
01-01 00:19:54.012   635   635 E ANDR-PERF-TARGET: Error: Invalid logical cluster id 0
01-01 00:19:54.012   635   635 E ANDR-PERF-MPCTL: invalid request, no optimizations performed
01-01 00:19:54.029   635   635 E ANDR-PERF-TARGET: Error: Invalid logical cluster id 0
01-01 00:19:54.029   635   635 E ANDR-PERF-MPCTL: invalid request, no optimizations performed
01-01 00:19:54.030   635   635 E ANDR-PERF-TARGET: Error: Invalid logical cluster id 0
01-01 00:19:54.030   635   635 E ANDR-PERF-MPCTL: invalid request, no optimizations performed
01-01 00:19:54.046   635   635 E ANDR-PERF-TARGET: Error: Invalid logical cluster id 0
01-01 00:19:54.046   635   635 E ANDR-PERF-MPCTL: invalid request, no optimizations performed
01-01 00:19:54.062   635   635 E ANDR-PERF-TARGET: Error: Invalid logical cluster id 0
01-01 00:19:54.062   635   635 E ANDR-PERF-MPCTL: invalid request, no optimizations performed
01-01 00:19:54.079   635   635 E ANDR-PERF-TARGET: Error: Invalid logical cluster id 0
01-01 00:19:54.079   635   635 E ANDR-PERF-MPCTL: invalid request, no optimizations performed
01-01 00:19:54.096   635   635 E ANDR-PERF-TARGET: Error: Invalid logical cluster id 0
01-01 00:19:54.096   635   635 E ANDR-PERF-MPCTL: invalid request, no optimizations performed
01-01 00:19:54.112   635   635 E ANDR-PERF-TARGET: Error: Invalid logical cluster id 0
01-01 00:19:54.113   635   635 E ANDR-PERF-MPCTL: invalid request, no optimizations performed
01-01 00:19:54.129   635   635 E ANDR-PERF-TARGET: Error: Invalid logical cluster id 0
01-01 00:19:54.130   635   635 E ANDR-PERF-MPCTL: invalid request, no optimizations performed
01-01 00:19:54.136  1151  2264 D CompatibilityInfo: mCompatibilityFlags - 4
01-01 00:19:54.137  1151  2264 D CompatibilityInfo: applicationDensity - 240
01-01 00:19:54.137  1151  2264 D CompatibilityInfo: applicationScale - 1.0
01-01 00:19:54.139  2145  2145 D HMI_SERVICE: USE_CASE_NA|FUN=StoragedJobIntentService::onCreate|1|init
01-01 00:19:54.141  2145  2462 D HMI_SERVICE: USE_CASE_NA|FUN=StoragedJobIntentService::onHandleIntent|1|ACTION_MONITOR_APPS
01-01 00:19:54.142  2145  2462 I HMI_SERVICE: USE_CASE_NA|FUN=StoragedJobIntentService::onHandleIntent|1|msg:storageType:64totalWriteValue371974144
01-01 00:19:54.142  2145  2462 D HMI_SERVICE: USE_CASE_NA|FUN=StoragedJobIntentService::initMonitorApps|1|init
01-01 00:19:54.144  2145  2462 D HMI_SERVICE: USE_CASE_NA|FUN=EmmcUtils::getAppUid|1|uid:10027
01-01 00:19:54.146   635   635 E ANDR-PERF-TARGET: Error: Invalid logical cluster id 0
01-01 00:19:54.146   635   635 E ANDR-PERF-MPCTL: invalid request, no optimizations performed
01-01 00:19:54.148  2145  2462 D HMI_SERVICE: USE_CASE_NA|FUN=EmmcUtils::getAppUid|1|uid:10033
01-01 00:19:54.149  2677  2690 W ANDR_PERSISTENCY_CLIENT: SWR_PERSISTENCE_HV_LA_MF_0003|FUN=VCPUPersistenceService::executeLinuxCommand|0| init 
01-01 00:19:54.149  2677  2690 W ContextImpl: Calling a method in the system process without a qualified user: android.app.ContextImpl.startService:1476 android.content.ContextWrapper.startService:650 com.panasonic.dairse.vcpupersistence.VCPUPersistenceService$1.executeLinuxCommand:392 com.panasonic.dairse.vcpupersistence.IVCPUPersistenceService$Stub.onTransact:437 android.os.Binder.execTransact:706 
01-01 00:19:54.153  1151  2264 D CompatibilityInfo: mCompatibilityFlags - 4
01-01 00:19:54.153  1151  2264 D CompatibilityInfo: applicationDensity - 240
01-01 00:19:54.153  1151  2264 D CompatibilityInfo: applicationScale - 1.0
01-01 00:19:54.157  2145  2145 D HMI_SERVICE: USE_CASE_NA|FUN=StoragedJobIntentService::onDestroy|1|init
01-01 00:19:54.158  2677  8292 W ANDR_PERSISTENCY_CLIENT: SWR_PERSISTENCE_HV_LA_MF_0004|FUN=UT_VCPUService:: onHandleIntent |2| [action] 16
01-01 00:19:54.158  2677  8292 W ANDR_PERSISTENCY_CLIENT: SWR_PERSISTENCE_HV_LA_MF_0003|FUN=PersConnHandler:: executeLinuxCommand |2| [id] execute_procedure
01-01 00:19:54.158  2677  8292 W ANDR_PERSISTENCY_CLIENT: SWR_PERSISTENCE_HV_LA_MF_0005|FUN=TCPHandler:: getInstance |2|msg: invoked 
01-01 00:19:54.159  2677  8292 W ANDR_PERSISTENCY_CLIENT: SWR_PERSISTENCE_HV_LA_MF_0005|FUN=TCPHandler::sendWriteRequestToPersistenceLinux|2|key= 0commandKey= 5 data= [99, 97, 116, 32, 47, 112, 114, 111, 99, 47, 100, 105, 115, 107, 115, 116, 97, 116, 115]
01-01 00:19:54.159  2677  8292 W ANDR_PERSISTENCY_CLIENT: SWR_PERSISTENCE_HV_LA_MF_0005|FUN=TCPHandler:: getUID |2|msg: invoked 
01-01 00:19:54.159  2677  8292 W ANDR_PERSISTENCY_CLIENT: SWR_PERSISTENCE_HV_LA_MF_0005|FUN=TCPHandler:: setAction |2|msg:setAction=1
01-01 00:19:54.159  2677  8292 W ANDR_PERSISTENCY_CLIENT: SWR_PERSISTENCE_HV_LA_MF_0005|FUN=TCPHandler:: setUID |2|msg:uid=-74
01-01 00:19:54.159  2677  8292 W ANDR_PERSISTENCY_CLIENT: SWR_PERSISTENCE_HV_LA_MF_0005|FUN=TCPHandler:: setKey |2|msg:uid=-74
01-01 00:19:54.159  2677  8292 W ANDR_PERSISTENCY_CLIENT: SWR_PERSISTENCE_HV_LA_MF_0005|FUN=TCPHandler::setCommandKey|2|msg:commandKey=5
01-01 00:19:54.160  2677  2725 W ANDR_PERSISTENCY_CLIENT: SWR_PERSISTENCE_HV_LA_MF_0005|FUN=TCPHandler:: getAction |2|msg:getAction=1
01-01 00:19:54.160  2677  2725 W ANDR_PERSISTENCY_CLIENT: SWR_PERSISTENCE_HV_LA_MF_0005|FUN=TCPHandler:: sender:ACTION_REQUEST |2|msg:condition 
01-01 00:19:54.160  2677  2725 W ANDR_PERSISTENCY_CLIENT: SWR_PERSISTENCE_HV_LA_MF_0005|FUN=TCPHandler:: getWrappedData |2|msg: msg com.panasonic.dairse.vcpupersistence.TCPHandler$Message@ed5072
01-01 00:19:54.160  2677  2725 W ANDR_PERSISTENCY_CLIENT: SWR_PERSISTENCE_HV_LA_MF_0005|FUN=TCPHandler::getCommandKey|2|msg:commandKey=5
01-01 00:19:54.160  2677  2725 W ANDR_PERSISTENCY_CLIENT: SWR_PERSISTENCE_HV_LA_MF_0005|FUN=TCPHandler:: intToBytes |2| data 19
01-01 00:19:54.160  2677  2725 W ANDR_PERSISTENCY_CLIENT: SWR_PERSISTENCE_HV_LA_MF_0005|FUN=TCPHandler:: intToBytes |2| data 31
01-01 00:19:54.160  2677  2725 W ANDR_PERSISTENCY_CLIENT: SWR_PERSISTENCE_HV_LA_MF_0005|FUN=TCPHandler:: getUID |2|msg:uid=-74
01-01 00:19:54.161  2677  2725 W ANDR_PERSISTENCY_CLIENT: SWR_PERSISTENCE_HV_LA_MF_0005|FUN=TCPHandler::start|2|msg:sender::msg=[0, 0, 0, 31, 1, -74, 5, 4, 48, 120, 48, 48, 0, 0, 0, 19, 99, 97, 116, 32, 47, 112, 114, 111, 99, 47, 100, 105, 115, 107, 115, 116, 97, 116, 115]
01-01 00:19:54.161  2677  2725 W ANDR_PERSISTENCY_CLIENT: SWR_PERSISTENCE_HV_LA_MF_0005|FUN=TCPHandler:: sender : Thread.interrupted() |2|msg:condition 
01-01 00:19:54.162  2677  8292 W ANDR_PERSISTENCY_CLIENT: SWR_PERSISTENCE_HV_LA_MF_0005|FUN=TCPHandler::sendWriteRequestToPersistenceLinux|2|listKey=-74_5;keyString=0x00;key=0;command=cat /proc/diskstats
01-01 00:19:54.163   635   635 E ANDR-PERF-TARGET: Error: Invalid logical cluster id 0
01-01 00:19:54.163   635   635 E ANDR-PERF-MPCTL: invalid request, no optimizations performed
01-01 00:19:54.171  2677  2726 W ANDR_PERSISTENCY_CLIENT: SWR_PERSISTENCE_HV_LA_MF_0005|FUN=TCPHandler::start|2|msg:receiver::run: size of totalLength 4
01-01 00:19:54.171  2677  2726 W ANDR_PERSISTENCY_CLIENT: SWR_PERSISTENCE_HV_LA_MF_0005|FUN=TCPHandler::start|2|msg:receiver::run: totalLength is > 0
01-01 00:19:54.171  2677  2726 W ANDR_PERSISTENCY_CLIENT: SWR_PERSISTENCE_HV_LA_MF_0005|FUN=TCPHandler::start|2|msg:receiver::response length= 3841
01-01 00:19:54.172  2677  2726 W ANDR_PERSISTENCY_CLIENT: SWR_PERSISTENCE_HV_LA_MF_0005|FUN=TCPHandler::handleInBoundData|2|message=[0, -74, 5, 0, 0, 0, 14, -7, 32, 50, 53, 51, 32, 32, 32, 32, 32, 32, 32, 48, 32, 122, 114, 97, 109, 48, 32, 48, 32, 48, 32, 48, 32, 48, 32, 48, 32, 48, 32, 48, 32, 48, 32, 48, 32, 48, 32, 48, 10, 32, 50, 53, 51, 32, 32, 32, 32, 32, 32, 32, 49, 32, 122, 114, 97, 109, 49, 32, 48, 32, 48, 32, 48, 32, 48, 32, 48, 32, 48, 32, 48, 32, 48, 32, 48, 32, 48, 32, 48, 10, 32, 50, 53, 51, 32, 32, 32, 32, 32, 32, 32, 50, 32, 122, 114, 97, 109, 50, 32, 48, 32, 48, 32, 48, 32, 48, 32, 48, 32, 48, 32, 48, 32, 48, 32, 48, 32, 48, 32, 48, 10, 32, 50, 53, 51, 32, 32, 32, 32, 32, 32, 32, 51, 32, 122, 114, 97, 109, 51, 32, 48, 32, 48, 32, 48, 32, 48, 32, 48, 32, 48, 32, 48, 32, 48, 32, 48, 32, 48, 32, 48, 10, 32, 49, 55, 57, 32, 32, 32, 32, 32, 32, 32, 48, 32, 109, 109, 99, 98, 108, 107, 48, 32, 49, 52, 53, 51, 51, 32, 50, 55, 54, 32, 51, 52, 56, 51, 56, 54, 55, 32, 50, 50, 57, 48, 48, 32, 50, 53, 57, 50, 55, 32, 51, 54, 57, 57, 51, 54, 32, 54, 48, 56, 57, 53, 48, 32, 51, 52, 48, 53, 54, 32, 48, 32, 51, 53, 53, 48, 48, 32, 53, 54, 56, 56, 56, 10, 32, 49, 55, 57, 32, 32, 32, 32, 32, 32, 32, 49, 32, 109, 109, 99, 98, 108, 107, 48, 112, 49, 32, 49, 32, 48, 32, 49, 54, 32, 48, 32, 48, 32, 48, 32, 48, 32, 48, 32, 48, 32, 48, 32, 48, 10, 32, 49, 55, 57, 32, 32, 32, 32, 32, 32, 32, 50, 32, 109, 109, 99, 98, 108, 107, 48, 112, 50, 32, 57, 32, 48, 32, 52, 54, 52, 32, 52, 32, 48, 32, 48, 32, 48, 32, 48, 32, 48, 32, 52, 32, 52, 10, 32, 49, 55, 57, 32, 32, 32, 32, 32, 32, 32, 51, 32, 109, 109, 99, 98, 108, 107, 48, 112, 51, 32, 57, 32, 48, 32, 52, 54, 52, 32, 52, 32, 48, 32, 48, 32, 48, 32, 48, 32, 48, 32, 52, 32, 52, 10, 32, 49, 55, 57, 32, 32, 32, 32, 32, 32, 32, 52, 32, 109, 109, 99, 98, 108, 107, 48, 112, 52, 32, 50, 51, 32, 48, 32, 51, 56, 48, 56, 32, 54, 56, 32, 48, 32, 48, 32, 48, 32, 48, 32, 48, 32, 53, 54, 32, 54, 56, 10, 32, 49, 55, 57, 32, 32, 32, 32, 32, 32, 32, 53, 32, 109, 109, 99, 98, 108, 107, 48, 112, 53, 32, 49, 54, 32, 48, 32, 53, 55, 54, 32, 53, 50, 32, 51, 32, 48, 32, 50, 52, 32, 48, 32, 48, 32, 53, 50, 32, 53, 50, 10, 32, 49, 55, 57, 32, 32, 32, 32, 32, 32, 32, 54, 32, 109, 109, 99, 98, 108, 107, 48, 112, 54, 32, 49, 51, 32, 48, 32, 52, 57, 54, 32, 52, 32, 54, 32, 48, 32, 52, 56, 32, 52, 32, 48, 32, 56, 32, 56, 10, 32, 49, 55, 57, 32, 32, 32, 32, 32, 32, 32, 55, 32, 109, 109, 99, 98, 108, 107, 48, 112, 55, 32, 49, 54, 32, 48, 32, 49, 50, 56, 32, 48, 32, 48, 32, 48, 32, 48, 32, 48, 32, 48, 32, 48, 32, 48, 10, 32, 49, 55, 57, 32, 32, 32, 32, 32, 32, 32, 56, 32, 109, 109, 99, 98, 108, 107, 48, 112, 56, 32, 49, 48, 32, 48, 32, 52, 55, 50, 32, 52, 32, 48, 32, 48, 32, 48, 32, 48, 32, 48, 32, 52, 32, 52, 10, 32, 49, 55, 57, 32, 32, 32, 32, 32, 32, 32, 57, 32, 109, 109, 99, 98, 108, 107, 48, 112, 57, 32, 55, 53, 32, 48, 32, 56, 53, 56, 32, 49, 50, 32, 48, 32, 48, 32, 48, 32, 48, 32, 48, 32, 49, 50, 32, 49, 50, 10, 32, 49, 55, 57, 32, 32, 32, 32, 32, 32, 49, 48, 32, 109, 109, 99, 98, 108, 107, 48, 112, 49, 48, 32, 49, 48, 32, 48, 32, 52, 55, 50, 32, 48, 32, 48, 32, 48, 32, 48, 32, 48, 32, 48, 32, 48, 32, 48, 10, 32, 49, 55, 57, 32, 32, 32, 32, 32, 32, 49, 49, 32, 109, 109, 99, 98, 108, 107, 48, 112, 49, 49, 32, 49, 32, 48, 32, 56, 32, 48, 32, 48, 32, 48, 32, 48, 32, 48, 32, 48, 32, 48, 32, 48, 10, 32, 49, 55, 57, 32, 32, 32, 32, 32, 32, 49, 50, 32, 109, 109, 99, 98, 108, 107, 48, 112, 49, 50, 32, 51, 48, 32, 48, 32, 50, 52, 48, 32, 52, 32, 48, 32, 48, 32, 48, 32, 48, 32, 48, 32, 52, 32, 52, 10, 32, 49, 55, 57, 32, 32, 32, 32, 32, 32, 49, 51, 32, 109, 109, 99, 98, 108, 107, 48, 112, 49, 51, 32, 51, 48, 32, 48, 32, 50, 52, 48, 32, 56, 32, 48, 32, 48, 32, 48, 32, 48, 32, 48, 32, 56, 32, 56, 10, 32, 49, 55, 57, 32, 32, 32, 32, 32, 32, 49, 52, 32, 109, 109, 99, 98, 108, 107, 48, 112, 49, 52, 32, 51, 48, 32, 48, 32, 50, 52, 48, 32, 52, 32, 48, 32, 48, 32, 48, 32, 48, 32, 48, 32, 52, 32, 52, 10, 32, 49, 55, 57, 32, 32, 32, 32, 32, 32, 49, 53, 32, 109, 109, 99, 98, 108, 107, 48, 112, 49, 53, 32, 51, 48, 32, 48, 32, 50, 52, 
01-01 00:19:54.172  2677  2726 W ANDR_PERSISTENCY_CLIENT: SWR_PERSISTENCE_HV_LA_MF_0005|FUN=TCPHandler::handleInBoundData|2|msg:response listKey=-74_5
01-01 00:19:54.172  2677  2726 W ANDR_PERSISTENCY_CLIENT: SWR_PERSISTENCE_HV_LA_MF_0005|FUN=TCPHandler::handleInBoundData|2|msg:TCPHandler.handleInBoundData success response=0
01-01 00:19:54.172  2677  2726 W ANDR_PERSISTENCY_CLIENT: SWR_PERSISTENCE_HV_LA_MF_0005|FUN=TCPHandler::handleInBoundData|2|msg: containsKey ListKey
01-01 00:19:54.172  2677  2726 W ANDR_PERSISTENCY_CLIENT: SWR_PERSISTENCE_HV_LA_MF_0005|FUN=TCPHandler::sendResponseToSettings|2|message=[0, -74, 5, 0, 0, 0, 14, -7, 32, 50, 53, 51, 32, 32, 32, 32, 32, 32, 32, 48, 32, 122, 114, 97, 109, 48, 32, 48, 32, 48, 32, 48, 32, 48, 32, 48, 32, 48, 32, 48, 32, 48, 32, 48, 32, 48, 32, 48, 10, 32, 50, 53, 51, 32, 32, 32, 32, 32, 32, 32, 49, 32, 122, 114, 97, 109, 49, 32, 48, 32, 48, 32, 48, 32, 48, 32, 48, 32, 48, 32, 48, 32, 48, 32, 48, 32, 48, 32, 48, 10, 32, 50, 53, 51, 32, 32, 32, 32, 32, 32, 32, 50, 32, 122, 114, 97, 109, 50, 32, 48, 32, 48, 32, 48, 32, 48, 32, 48, 32, 48, 32, 48, 32, 48, 32, 48, 32, 48, 32, 48, 10, 32, 50, 53, 51, 32, 32, 32, 32, 32, 32, 32, 51, 32, 122, 114, 97, 109, 51, 32, 48, 32, 48, 32, 48, 32, 48, 32, 48, 32, 48, 32, 48, 32, 48, 32, 48, 32, 48, 32, 48, 10, 32, 49, 55, 57, 32, 32, 32, 32, 32, 32, 32, 48, 32, 109, 109, 99, 98, 108, 107, 48, 32, 49, 52, 53, 51, 51, 32, 50, 55, 54, 32, 51, 52, 56, 51, 56, 54, 55, 32, 50, 50, 57, 48, 48, 32, 50, 53, 57, 50, 55, 32, 51, 54, 57, 57, 51, 54, 32, 54, 48, 56, 57, 53, 48, 32, 51, 52, 48, 53, 54, 32, 48, 32, 51, 53, 53, 48, 48, 32, 53, 54, 56, 56, 56, 10, 32, 49, 55, 57, 32, 32, 32, 32, 32, 32, 32, 49, 32, 109, 109, 99, 98, 108, 107, 48, 112, 49, 32, 49, 32, 48, 32, 49, 54, 32, 48, 32, 48, 32, 48, 32, 48, 32, 48, 32, 48, 32, 48, 32, 48, 10, 32, 49, 55, 57, 32, 32, 32, 32, 32, 32, 32, 50, 32, 109, 109, 99, 98, 108, 107, 48, 112, 50, 32, 57, 32, 48, 32, 52, 54, 52, 32, 52, 32, 48, 32, 48, 32, 48, 32, 48, 32, 48, 32, 52, 32, 52, 10, 32, 49, 55, 57, 32, 32, 32, 32, 32, 32, 32, 51, 32, 109, 109, 99, 98, 108, 107, 48, 112, 51, 32, 57, 32, 48, 32, 52, 54, 52, 32, 52, 32, 48, 32, 48, 32, 48, 32, 48, 32, 48, 32, 52, 32, 52, 10, 32, 49, 55, 57, 32, 32, 32, 32, 32, 32, 32, 52, 32, 109, 109, 99, 98, 108, 107, 48, 112, 52, 32, 50, 51, 32, 48, 32, 51, 56, 48, 56, 32, 54, 56, 32, 48, 32, 48, 32, 48, 32, 48, 32, 48, 32, 53, 54, 32, 54, 56, 10, 32, 49, 55, 57, 32, 32, 32, 32, 32, 32, 32, 53, 32, 109, 109, 99, 98, 108, 107, 48, 112, 53, 32, 49, 54, 32, 48, 32, 53, 55, 54, 32, 53, 50, 32, 51, 32, 48, 32, 50, 52, 32, 48, 32, 48, 32, 53, 50, 32, 53, 50, 10, 32, 49, 55, 57, 32, 32, 32, 32, 32, 32, 32, 54, 32, 109, 109, 99, 98, 108, 107, 48, 112, 54, 32, 49, 51, 32, 48, 32, 52, 57, 54, 32, 52, 32, 54, 32, 48, 32, 52, 56, 32, 52, 32, 48, 32, 56, 32, 56, 10, 32, 49, 55, 57, 32, 32, 32, 32, 32, 32, 32, 55, 32, 109, 109, 99, 98, 108, 107, 48, 112, 55, 32, 49, 54, 32, 48, 32, 49, 50, 56, 32, 48, 32, 48, 32, 48, 32, 48, 32, 48, 32, 48, 32, 48, 32, 48, 10, 32, 49, 55, 57, 32, 32, 32, 32, 32, 32, 32, 56, 32, 109, 109, 99, 98, 108, 107, 48, 112, 56, 32, 49, 48, 32, 48, 32, 52, 55, 50, 32, 52, 32, 48, 32, 48, 32, 48, 32, 48, 32, 48, 32, 52, 32, 52, 10, 32, 49, 55, 57, 32, 32, 32, 32, 32, 32, 32, 57, 32, 109, 109, 99, 98, 108, 107, 48, 112, 57, 32, 55, 53, 32, 48, 32, 56, 53, 56, 32, 49, 50, 32, 48, 32, 48, 32, 48, 32, 48, 32, 48, 32, 49, 50, 32, 49, 50, 10, 32, 49, 55, 57, 32, 32, 32, 32, 32, 32, 49, 48, 32, 109, 109, 99, 98, 108, 107, 48, 112, 49, 48, 32, 49, 48, 32, 48, 32, 52, 55, 50, 32, 48, 32, 48, 32, 48, 32, 48, 32, 48, 32, 48, 32, 48, 32, 48, 10, 32, 49, 55, 57, 32, 32, 32, 32, 32, 32, 49, 49, 32, 109, 109, 99, 98, 108, 107, 48, 112, 49, 49, 32, 49, 32, 48, 32, 56, 32, 48, 32, 48, 32, 48, 32, 48, 32, 48, 32, 48, 32, 48, 32, 48, 10, 32, 49, 55, 57, 32, 32, 32, 32, 32, 32, 49, 50, 32, 109, 109, 99, 98, 108, 107, 48, 112, 49, 50, 32, 51, 48, 32, 48, 32, 50, 52, 48, 32, 52, 32, 48, 32, 48, 32, 48, 32, 48, 32, 48, 32, 52, 32, 52, 10, 32, 49, 55, 57, 32, 32, 32, 32, 32, 32, 49, 51, 32, 109, 109, 99, 98, 108, 107, 48, 112, 49, 51, 32, 51, 48, 32, 48, 32, 50, 52, 48, 32, 56, 32, 48, 32, 48, 32, 48, 32, 48, 32, 48, 32, 56, 32, 56, 10, 32, 49, 55, 57, 32, 32, 32, 32, 32, 32, 49, 52, 32, 109, 109, 99, 98, 108, 107, 48, 112, 49, 52, 32, 51, 48, 32, 48, 32, 50, 52, 48, 32, 52, 32, 48, 32, 48, 32, 48, 32, 48, 32, 48, 32, 52, 32, 52, 10, 32, 49, 55, 57, 32, 32, 32, 32, 32, 32, 49, 53, 32, 109, 109, 99, 98, 108, 107, 48, 112, 49, 53, 32, 51, 48, 32, 48, 32, 50,
01-01 00:19:54.172  2677  2726 W ANDR_PERSISTENCY_CLIENT: SWR_PERSISTENCE_HV_LA_MF_0005|FUN=TCPHandler::sendResponseToSettings|2|;success=truelength 3841
01-01 00:19:54.173  2677  2726 W ANDR_PERSISTENCY_CLIENT: SWR_PERSISTENCE_HV_LA_MF_0005|FUN=TCPHandler::sendResponseToSettings|2| length>8
01-01 00:19:54.173  2677  2726 W ANDR_PERSISTENCY_CLIENT: SWR_PERSISTENCE_HV_LA_MF_0005|FUN=TCPHandler:: bytesToInt |2| data [B@3baa940
01-01 00:19:54.173  2677  2726 W ANDR_PERSISTENCY_CLIENT: SWR_PERSISTENCE_HV_LA_MF_0005|FUN=TCPHandler::sendResponseToSettings|2| dataLength 3833
01-01 00:19:54.173  2677  2726 W ANDR_PERSISTENCY_CLIENT: SWR_PERSISTENCE_HV_LA_MF_0005|FUN=TCPHandler::sendResponseToSettings|2| dataLength > 0 
01-01 00:19:54.173  2677  2726 W ANDR_PERSISTENCY_CLIENT: SWR_PERSISTENCE_HV_LA_MF_0005|FUN=TCPHandler::sendResponseToSettings|2| dataLength [B@d8bc079
01-01 00:19:54.174  2677  2726 W ANDR_PERSISTENCY_CLIENT: SWR_PERSISTENCE_HV_LA_MF_0005|FUN=TCPHandler::sendResponseToSettings 2|2|msg:dataString= 253       0 zram0 0 0 0 0 0 0 0 0 0 0 0
01-01 00:19:54.174  2677  2726 W ANDR_PERSISTENCY_CLIENT:  253       1 zram1 0 0 0 0 0 0 0 0 0 0 0
01-01 00:19:54.174  2677  2726 W ANDR_PERSISTENCY_CLIENT:  253       2 zram2 0 0 0 0 0 0 0 0 0 0 0
01-01 00:19:54.174  2677  2726 W ANDR_PERSISTENCY_CLIENT:  253       3 zram3 0 0 0 0 0 0 0 0 0 0 0
01-01 00:19:54.174  2677  2726 W ANDR_PERSISTENCY_CLIENT:  179       0 mmcblk0 14533 276 3483867 22900 25927 369936 608950 34056 0 35500 56888
01-01 00:19:54.174  2677  2726 W ANDR_PERSISTENCY_CLIENT:  179       1 mmcblk0p1 1 0 16 0 0 0 0 0 0 0 0
01-01 00:19:54.174  2677  2726 W ANDR_PERSISTENCY_CLIENT:  179       2 mmcblk0p2 9 0 464 4 0 0 0 0 0 4 4
01-01 00:19:54.174  2677  2726 W ANDR_PERSISTENCY_CLIENT:  179       3 mmcblk0p3 9 0 464 4 0 0 0 0 0 4 4
01-01 00:19:54.174  2677  2726 W ANDR_PERSISTENCY_CLIENT:  179       4 mmcblk0p4 23 0 3808 68 0 0 0 0 0 56 68
01-01 00:19:54.174  2677  2726 W ANDR_PERSISTENCY_CLIENT:  179       5 mmcblk0p5 16 0 576 52 3 0 24 0 0 52 52
01-01 00:19:54.174  2677  2726 W ANDR_PERSISTENCY_CLIENT:  179       6 mmcblk0p6 13 0 496 4 6 0 48 4 0 8 8
01-01 00:19:54.174  2677  2726 W ANDR_PERSISTENCY_CLIENT:  179       7 mmcblk0p7 16 0 128 0 0 0 0 0 0 0 0
01-01 00:19:54.174  2677  2726 W ANDR_PERSISTENCY_CLIENT:  179       8 mmcblk0p8 10 0 472 4 0 0 0 0 0 4 4
01-01 00:19:54.174  2677  2726 W ANDR_PERSISTENCY_CLIENT:  179       9 mmcblk0p9 75 0 858 12 0 0 0 0 0 12 12
01-01 00:19:54.174  2677  2726 W ANDR_PERSISTENCY_CLIENT:  179      10 mmcblk0p10 10 0 472 0 0 0 0 0 0 0 0
01-01 00:19:54.174  2677  2726 W ANDR_PERSISTENCY_CLIENT:  179      11 mmcblk0p11 1 0 8 0 0 0 0 0 0 0 0
01-01 00:19:54.174  2677  2726 W ANDR_PERSISTENCY_CLIENT:  179      12 mmcblk0p12 30 0 240 4 0 0 0 0 0 4 4
01-01 00:19:54.174  2677  2726 W ANDR_PERSISTENCY_CLIENT:  179      13 mmcblk0p13 30 0 240 8 0 0 0 0 0 8 8
01-01 00:19:54.174  2677  2726 W ANDR_PERSISTENCY_CLIENT:  179      14 mmcblk0p14 30 0 240 4 0 0 0 0 0 4 4
01-01 00:19:54.174  2677  2726 W ANDR_PERSISTENCY_CLIENT:  179      15 mmcblk0p15 30 0 240 0 0 0 0 0 0 0 0
01-01 00:19:54.174  2677  2726 W ANDR_PERSISTENCY_CLIENT:  179      16 mmcblk0p16 20 0 160 4 0 0 0 0 0 4 4
01-01 00:19:54.174  2677  2726 W ANDR_PERSISTENCY_CLIENT:  179      17 mmcblk0p17 20 0 160 8 0 0 0 0 0 8 8
01-01 00:19:54.174  2677  2726 W ANDR_PERSISTENCY_CLIENT:  179      18 mmcblk0p18 20 0 160 8 0 0 0 0 0 8 8
01-01 00:19:54.174  2677  2726 W ANDR_PERSISTENCY_CLIENT:  179      19 mmcblk0p19 20 0 160 0 0 0 0 0 0 0 0
01-01 00:19:54.174  2677  2726 W ANDR_PERSISTENCY_CLIENT:  179      20 mmcblk0p20 20 0 160 0 0 0 0 0 0 0 0
01-01 00:19:54.174  2677  2726 W ANDR_PERSISTENCY_CLIENT:  179      21 mmcblk0p21 20 0 160 4 0 0 0 0 0 4 4
01-01 00:19:54.174  2677  2726 W ANDR_PERSISTENCY_CLIENT:  179      22 mmcblk0p22 9 0 464 0 0 0 0 0 0 0 0
01-01 00:19:54.174  2677  2726 W ANDR_PERSISTENCY_CLIENT:  179      23 mmcblk0p23 18 0 144 0 0 0 0 0 0 0 0
01-01 00:19:54.174  2677  2726 W ANDR_PERSISTENCY_CLIENT:  179      24 mmcblk0p24 18 0 144 4 0 0 0 0 0 4 4
01-01 00:19:54.174  2677  2726 W ANDR_PERSISTENCY_CLIENT:  179      25 mmcblk0p25 22 0 176 4 0 0 0 0 0 4 4
01-01 00:19:54.174  2677  2726 W ANDR_PERSISTENCY_CLIENT:  179      26 mmcblk0p26 22 0 176 0 0 0 0 0 0 0 0
01-01 00:19:54.174  2677  2726 W ANDR_PERSISTENCY_CLIENT:  179      27 mmcblk0p27 40 0 4128 32 0 0 0 0 0 24 32
01-01 00:19:54.174  2677  2726 W ANDR_PERSISTENCY_CLIENT:  179      28 mmcblk0p28 40 0 4128 64 0 0 0 0 0 40 64
01-01 00:19:54.174  2677  2726 W ANDR_PERSISTENCY_CLIENT:  179      29 mmcblk0p29 17 0 4008 40 0 0 0 0 0 24 40
01-01 00:19:54.174  2677  2726 W ANDR_PERSISTENCY_CLIENT:  179      30 mmcblk0p30 4965 3 1997096 9172 0 0 0 0 0 6920 9168
01-01 00:19:54.174  2677  2726 W ANDR_PERSISTENCY_CLIENT:  179      31 mmcblk0p31 17 0 4008 36 0 0 0 0 0 20 36
01-01 00:19:54.174  2677  2726 W ANDR_PERSISTENCY_CLIENT:  259       0 mmcblk0p32 1390 0 348344 1740 0 0 0 0 0 1504 1732
01-01 00:19:54.174  2677  2726 W ANDR_PERSISTENCY_CLIENT:  259       1 mmcblk0p33 20 0 160 28 0 0 0 0 0 28 28
01-01 00:19:54.174  2677  2726 W ANDR_PERSISTENCY_CLIENT:  259       2 mmcblk0p34 20 0 160 20 0 0 0 0 0 20 20
01-01 00:19:54.174  2677  2726 W ANDR_PERSISTENCY_CLIENT:  259       3 mmcblk0p35 18 0 144 16 0 0 0 0 0 16 16
01-01 00:19:54.174  2677  2726 W ANDR_PERSISTENCY_CLIENT:  259       4 mmcblk0p36 18 0 144 8 0 0 0 0 0 8 8
01-01 00:19:54.174  2677  2726 W ANDR_PERSISTENCY_CLIENT:  259       5 mmcblk0p37 20 0 160 0 0 0 0 0 0 0 0
01-01 00:19:54.174  2677  2726 W ANDR_PERSISTENCY_CLIENT:  259       6 mmcblk0p38 20 0 160 0 0 0 0 0 0 0 0
01-01 00:19:54.174  2677  2726 W ANDR_PERSISTENCY_CLIENT:  259       7 mmcblk0p39 17 0 4008 12 0 0 0 0 0 8 12
01-01 00:19:54.174  2677  2726 W ANDR_PERSISTENCY_CLIENT:  259       8 mmcblk0p40 188 0 151072 516 0 0 0 0 0 464 516
01-01 00:19:54.174  2677  2726 W ANDR_PERSISTENCY_CLIENT:  259       9 mmcblk0p41 11 0 2000 12 0 0 0 0 0 8 12
01-01 00:19:54.174  2677  2726 W ANDR_PERSISTENCY_CLIENT:  259      10 mmcblk0p42 25 0 5152 28 0 0 0 0 0 16 28
01-01 00:19:54.174  2677  2726 W ANDR_PERSISTENCY_CLIENT:  259      11 mmcblk0p43 22 0 176 8 0 0 0 0 0 8 8
01-01 00:19:54.174  2677  2726 W ANDR_PERSISTENCY_CLIENT:  259      12 mmcblk0p44 32 0 1136 12 0 0 0 0 0 12 12
01-01 00:19:54.174  2677  2726 W ANDR_PERSISTENCY_CLIENT:  259      13 mmcblk0p45 1 0 2 0 0 0 0 0 0 0 0
01-01 00:19:54.174  2677  2726 W ANDR_PERSISTENCY_CLIENT:  259      14 mmcblk0p46 18 0 144 4 0 0 0 0 0 4 4
01-01 00:19:54.174  2677  2726 W ANDR_PERSISTENCY_CLIENT:  259      15 mmcblk0p47 18 0 144 0 0 0 0 0 0 0 0
01-01 00:19:54.174  2677  2726 W ANDR_PERSISTENCY_CLIENT:  259      16 mmcblk0p48 2 0 4 4 0 0 0 0 0 4 4
01-01 00:19:54.174  2677  2726 W ANDR_PERSISTENCY_CLIENT:  259      17 mmcblk0p49 11 0 2000 8 0 0 0 0 0 4 8
01-01 00:19:54.174  2677  2726 W ANDR_PERSISTENCY_CLIENT:  259      18 mmcblk0p50 22 0 176 0 0 0 0 0 0 0 0
01-01 00:19:54.174  2677  2726 W ANDR_PERSISTENCY_CLIENT:  259      19 mmcblk0p51 18 0 144 0 0 0 0 0 0 0 0
01-01 00:19:54.174  2677  2726 W ANDR_PERSISTENCY_CLIENT:  259      20 mmcblk0p52 3 0 168 4 0 0 0 0 0 4 4
01-01 00:19:54.174  2677  2726 W ANDR_PERSISTENCY_CLIENT:  259      21 mmcblk0p53 9 0 1256 0 0 0 0 0 0 0 0
01-01 00:19:54.174  2677  2726 W ANDR_PERSISTENCY_CLIENT:  259      22 mmcblk0p54 32 0 256 20 0 0 0 0 0 20 20
01-01 00:19:54.174  2677  2726 W ANDR_PERSISTENCY_CLIENT:  259      23 mmcblk0p55 20 0 2064 24 0 0 0 0 0 16 24
01-01 00:19:54.174  2677  2726 W ANDR_PERSISTENCY_CLIENT:  259      24 mmcblk0p56 2788 113 261454 6436 556 306 12568 780 0 2560 7216
01-01 00:19:54.174  2677  2726 W ANDR_PERSISTENCY_CLIENT:  259      25 mmcblk0p57 23 0 2504 16 9 8 136 16 0 28 32
01-01 00:19:54.174  2677  2726 W ANDR_PERSISTENCY_CLIENT:  259      26 mmcblk0p58 229 0 61048 292 1463 22390 190824 6360 0 4616 6648
01-01 00:19:54.174  2677  2726 W ANDR_PERSISTENCY_CLIENT:  259      27 mmcblk0p59 523 157 28472 336 261 241 44756 1948 0 584 2284
01-01 00:19:54.174  2677  2726 W ANDR_PERSISTENCY_CLIENT:  259      28 mmcblk0p60 1 0 2 0 0 0 0 0 0 0 0
01-01 00:19:54.174  2677  2726 W ANDR_PERSISTENCY_CLIENT:  259      29 mmcblk0p61 5 0 432 8 0 0 0 0 0 8 8
01-01 00:19:54.174  2677  2726 W ANDR_PERSISTENCY_CLIENT:  259      30 mmcblk0p62 12 2 106 32 0 0 0 0 0 32 32
01-01 00:19:54.174  2677  2726 W ANDR_PERSISTENCY_CLIENT:  259      31 mmcblk0p63 18 0 144 4 0 0 0 0 0 4 4
01-01 00:19:54.174  2677  2726 W ANDR_PERSISTENCY_CLIENT:  259      32 mmcblk0p64 18 0 144 4 0 0 0 0 0 4 4
01-01 00:19:54.174  2677  2726 W ANDR_PERSISTENCY_CLIENT:  259      33 mmcblk0p65 20 0 160 8 0 0 0 0 0 0 0
01-01 00:19:54.174  2677  2726 W ANDR_PERSISTENCY_CLIENT:  259      34 mmcblk0p66 30 0 240 0 0 0 0 0 0 0 0
01-01 00:19:54.174  2677  2726 W ANDR_PERSISTENCY_CLIENT:  259      35 mmcblk0p67 224 0 5722 116 85 109 1576 72 0 124 188
01-01 00:19:54.174  2677  2726 W ANDR_PERSISTENCY_CLIENT:  259      36 mmcblk0p68 3066 1 578591 3620 11269 346848 358474 17452 0 15784 21036
01-01 00:19:54.174  2677  2726 W ANDR_PERSISTENCY_CLIENT:  179      32 mmcblk0rpmb 4 0 32 0 0 0 0 0 0 0 0
01-01 00:19:54.174  2677  2726 W ANDR_PERSISTENCY_CLIENT: ;command=cat /proc/diskstats
01-01 00:19:54.174  2677  2726 W ANDR_PERSISTENCY_CLIENT: SWR_PERSISTENCE_HV_LA_MF_0005|FUN=TCPHandler::handleInBoundData|2|msg:command=cat /proc/diskstats
01-01 00:19:54.174  2677  2726 W ANDR_PERSISTENCY_CLIENT: SWR_PERSISTENCE_HV_LA_MF_0005|FUN=TCPHandler:: handleInBoundData |2| remove key 
01-01 00:19:54.174  2677  2726 W ANDR_PERSISTENCY_CLIENT: SWR_PERSISTENCE_HV_LA_MF_0005|FUN=TCPHandler::sendResponseToSettings|2|msg:send=3833
01-01 00:19:54.175  2145  2145 D HMI_SERVICE: USE_CASE_NA|FUN=StoragedJobIntentService::onReceiveResult|1|received
01-01 00:19:54.176  2145  2145 D HMI_SERVICE: USE_CASE_NA|FUN=StoragedJobIntentService::doAppMonitor|1|init
01-01 00:19:54.177  2145  2145 D HMI_SERVICE: USE_CASE_NA|FUN=StoragedJobIntentService::lifeTimeMonitor|1|init
01-01 00:19:54.177  2145  2145 D HMI_SERVICE: USE_CASE_NA|FUN=StoragedJobIntentService::doAppMonitor|1|init
01-01 00:19:54.177  2145  2145 D HMI_SERVICE: USE_CASE_NA|FUN=StoragedJobIntentService::lifeTimeMonitor|1|init
01-01 00:19:54.177  2145  2145 D HMI_SERVICE: USE_CASE_NA|FUN=StoragedJobIntentService::doAppMonitor|1|init
01-01 00:19:54.177  2145  2145 D HMI_SERVICE: USE_CASE_NA|FUN=StoragedJobIntentService::lifeTimeMonitor|1|init
01-01 00:19:54.177  2145  2145 D HMI_SERVICE: USE_CASE_NA|FUN=StoragedJobIntentService::doAppMonitor|1|init
01-01 00:19:54.177  2145  2145 D HMI_SERVICE: USE_CASE_NA|FUN=StoragedJobIntentService::lifeTimeMonitorBaiduApps|1|init
01-01 00:19:54.177  2145  2145 D HMI_SERVICE: USE_CASE_NA|FUN=StoragedJobIntentService::onReceiveResult|1|continousWrite311782400
01-01 00:19:54.180   635   635 E ANDR-PERF-TARGET: Error: Invalid logical cluster id 0
01-01 00:19:54.180   635   635 E ANDR-PERF-MPCTL: invalid request, no optimizations performed
01-01 00:19:54.196   635   635 E ANDR-PERF-TARGET: Error: Invalid logical cluster id 0
01-01 00:19:54.196   635   635 E ANDR-PERF-MPCTL: invalid request, no optimizations performed
01-01 00:19:54.213   635   635 E ANDR-PERF-TARGET: Error: Invalid logical cluster id 0
01-01 00:19:54.213   635   635 E ANDR-PERF-MPCTL: invalid request, no optimizations performed
01-01 00:19:54.222  3675  8272 W InteractionController: runAndwaitForEvents timed out waiting for events
01-01 00:19:54.222  3675  8272 D InteractionController: Vertical scrollSwipe reached scroll end: true
01-01 00:19:54.230   635   635 E ANDR-PERF-TARGET: Error: Invalid logical cluster id 0
01-01 00:19:54.230   635   635 E ANDR-PERF-MPCTL: invalid request, no optimizations performed
01-01 00:19:54.235  3675  8272 I QueryController: Matched selector: UiSelector[SCROLLABLE=true, CHILD=UiSelector[TEXT=RSE_Test]] <<==>> [android.view.accessibility.AccessibilityNodeInfo@11cb6e3; boundsInParent: Rect(0, 0 - 922, 77); boundsInScreen: Rect(353, 263 - 1275, 340); packageName: com.panasonic.hmi2settings; className: android.widget.TextView; text: RSE_Test; error: null; maxTextLength: -1; contentDescription: null; viewIdResName: com.panasonic.hmi2settings:id/tvConnectedWifi; checkable: false; checked: false; focusable: false; focused: false; selected: false; clickable: false; longClickable: false; contextClickable: false; enabled: true; password: false; scrollable: false; importantForAccessibility: true; actions: [AccessibilityAction: ACTION_SELECT - null, AccessibilityAction: ACTION_CLEAR_SELECTION - null, AccessibilityAction: ACTION_ACCESSIBILITY_FOCUS - null, AccessibilityAction: ACTION_NEXT_AT_MOVEMENT_GRANULARITY - null, AccessibilityAction: ACTION_PREVIOUS_AT_MOVEMENT_GRANULARITY - null, AccessibilityAction: ACTION_SET_SELECTION - null, AccessibilityAction: ACTION_SHOW_ON_SCREEN - null]]
01-01 00:19:54.246   635   635 E ANDR-PERF-TARGET: Error: Invalid logical cluster id 0
01-01 00:19:54.247   635   635 E ANDR-PERF-MPCTL: invalid request, no optimizations performed
01-01 00:19:54.263   635   635 E ANDR-PERF-TARGET: Error: Invalid logical cluster id 0
01-01 00:19:54.263   635   635 E ANDR-PERF-MPCTL: invalid request, no optimizations performed
01-01 00:19:54.280   635   635 E ANDR-PERF-TARGET: Error: Invalid logical cluster id 0
01-01 00:19:54.280   635   635 E ANDR-PERF-MPCTL: invalid request, no optimizations performed
01-01 00:19:54.297   635   635 E ANDR-PERF-TARGET: Error: Invalid logical cluster id 0
01-01 00:19:54.297   635   635 E ANDR-PERF-MPCTL: invalid request, no optimizations performed
01-01 00:19:54.313   635   635 E ANDR-PERF-TARGET: Error: Invalid logical cluster id 0
01-01 00:19:54.313   635   635 E ANDR-PERF-MPCTL: invalid request, no optimizations performed
01-01 00:19:54.330   635   635 E ANDR-PERF-TARGET: Error: Invalid logical cluster id 0
01-01 00:19:54.330   635   635 E ANDR-PERF-MPCTL: invalid request, no optimizations performed
01-01 00:19:54.347   635   635 E ANDR-PERF-TARGET: Error: Invalid logical cluster id 0
01-01 00:19:54.347   635   635 E ANDR-PERF-MPCTL: invalid request, no optimizations performed
01-01 00:19:54.363   635   635 E ANDR-PERF-TARGET: Error: Invalid logical cluster id 0
01-01 00:19:54.363   635   635 E ANDR-PERF-MPCTL: invalid request, no optimizations performed
01-01 00:19:54.380   635   635 E ANDR-PERF-TARGET: Error: Invalid logical cluster id 0
01-01 00:19:54.380   635   635 E ANDR-PERF-MPCTL: invalid request, no optimizations performed
01-01 00:19:54.397   635   635 E ANDR-PERF-TARGET: Error: Invalid logical cluster id 0
01-01 00:19:54.397   635   635 E ANDR-PERF-MPCTL: invalid request, no optimizations performed
01-01 00:19:54.413   635   635 E ANDR-PERF-TARGET: Error: Invalid logical cluster id 0
01-01 00:19:54.414   635   635 E ANDR-PERF-MPCTL: invalid request, no optimizations performed
01-01 00:19:54.430   635   635 E ANDR-PERF-TARGET: Error: Invalid logical cluster id 0
01-01 00:19:54.430   635   635 E ANDR-PERF-MPCTL: invalid request, no optimizations performed
01-01 00:19:54.447   635   635 E ANDR-PERF-TARGET: Error: Invalid logical cluster id 0
01-01 00:19:54.447   635   635 E ANDR-PERF-MPCTL: invalid request, no optimizations performed
01-01 00:19:54.464   635   635 E ANDR-PERF-TARGET: Error: Invalid logical cluster id 0
01-01 00:19:54.464   635   635 E ANDR-PERF-MPCTL: invalid request, no optimizations performed
01-01 00:19:54.480   635   635 E ANDR-PERF-TARGET: Error: Invalid logical cluster id 0
01-01 00:19:54.480   635   635 E ANDR-PERF-MPCTL: invalid request, no optimizations performed
01-01 00:19:54.497   635   635 E ANDR-PERF-TARGET: Error: Invalid logical cluster id 0
01-01 00:19:54.497   635   635 E ANDR-PERF-MPCTL: invalid request, no optimizations performed
01-01 00:19:54.514   635   635 E ANDR-PERF-TARGET: Error: Invalid logical cluster id 0
01-01 00:19:54.514   635   635 E ANDR-PERF-MPCTL: invalid request, no optimizations performed
01-01 00:19:54.530   635   635 E ANDR-PERF-TARGET: Error: Invalid logical cluster id 0
01-01 00:19:54.530   635   635 E ANDR-PERF-MPCTL: invalid request, no optimizations performed
01-01 00:19:54.547   635   635 E ANDR-PERF-TARGET: Error: Invalid logical cluster id 0
01-01 00:19:54.547   635   635 E ANDR-PERF-MPCTL: invalid request, no optimizations performed
01-01 00:19:54.564   635   635 E ANDR-PERF-TARGET: Error: Invalid logical cluster id 0
01-01 00:19:54.564   635   635 E ANDR-PERF-MPCTL: invalid request, no optimizations performed
01-01 00:19:54.580   635   635 E ANDR-PERF-TARGET: Error: Invalid logical cluster id 0
01-01 00:19:54.581   635   635 E ANDR-PERF-MPCTL: invalid request, no optimizations performed
01-01 00:19:54.585  1151  2233 D WificondControl: Scan result ready event
01-01 00:19:54.586  1151  1323 I WifiService: isScanAlwaysAvailable uid=1000
01-01 00:19:54.586  1151  1323 I WifiService: getWifiEnabledState uid=1000
01-01 00:19:54.587   921  1439 I LOWI-8.5.0.3.c: [LOWI-Scan] lowi_close_record:Scan completed in 1174626ms and Recieved 45 APs scan results
01-01 00:19:54.587   808   808 I wificond: Enters wifigbk_ageOutHistory
01-01 00:19:54.588   921   961 I LOWI-8.5.0.3.c: [LOWIUtils] responseToOutPostcard - TO: GTP-FDAL, FROM:   LOWI-SERVER, RESP:  LOWI_ASYNC_DISCOVERY_SCAN_RESULTS
01-01 00:19:54.594  1151  1323 D WificondScannerImpl: Filtering out 2 scan results.
01-01 00:19:54.595  1151  1323 I WifiService: isScanAlwaysAvailable uid=1000
01-01 00:19:54.595  1151  1323 I WifiService: getWifiEnabledState uid=1000
01-01 00:19:54.596   924   979 W XTCC-6.1.2.10-a: [LOWIUtils] to_eScanTypeResponse - default case
01-01 00:19:54.596   924   979 W XTCC-6.1.2.10-a: [WifiScanner] WiFi scan result : [45] AP's, async result: 1
01-01 00:19:54.597   635   635 E ANDR-PERF-TARGET: Error: Invalid logical cluster id 0
01-01 00:19:54.597   635   635 E ANDR-PERF-MPCTL: invalid request, no optimizations performed
01-01 00:19:54.598  2145  2145 D HMI_SERVICE: USE_CASE_NA|FUN=HmiApplication| [action] android.net.wifi.SCAN_RESULTS
01-01 00:19:54.600  3739  3739 E HMI2-SETTINGS - CI08.4: className -> WifiActivity | functionName -> mWifiScanReceiver -> onReceive | error ->intent_action:android.net.wifi.SCAN_RESULTS
01-01 00:19:54.600  1151  2233 I WifiService: getWifiEnabledState uid=1000
01-01 00:19:54.601  1151  2233 I WifiService: getConnectionInfo uid=1000
01-01 00:19:54.602  1151  2264 I WifiService: getConfiguredNetworks uid=1000
01-01 00:19:54.602  1151  1317 D WifiConfiguration: configKey: false
01-01 00:19:54.608  1151  1317 D ScanResultUtil: isScanResultForWapiPskNetwork: false
01-01 00:19:54.613  1151  1317 I chatty  : uid=1000(system) WifiStateMachin identical 81 lines
01-01 00:19:54.613  1151  1317 D ScanResultUtil: isScanResultForWapiPskNetwork: false
01-01 00:19:54.613  1151  1317 D WifiConfiguration: configKey: false
01-01 00:19:54.613  1151  1317 D WifiConfiguration: configKey: false
01-01 00:19:54.614  1151  1317 D ScanResultUtil: isScanResultForWapiPskNetwork: false
01-01 00:19:54.614  1151  1317 I chatty  : uid=1000(system) WifiStateMachin identical 4 lines
01-01 00:19:54.614  1151  1317 D ScanResultUtil: isScanResultForWapiPskNetwork: false
01-01 00:19:54.614   635   635 E ANDR-PERF-TARGET: Error: Invalid logical cluster id 0
01-01 00:19:54.614   635   635 E ANDR-PERF-MPCTL: invalid request, no optimizations performed
01-01 00:19:54.614  1151  1317 D WifiConfiguration: configKey: false
01-01 00:19:54.614  1151  1317 D WifiConfiguration: configKey: false
01-01 00:19:54.614  1151  1317 D ScanResultUtil: isScanResultForWapiPskNetwork: false
01-01 00:19:54.615  1151  1317 D WifiConfiguration: configKey: false
01-01 00:19:54.615  1151  1317 D WifiConfiguration: configKey: false
01-01 00:19:54.617  3739  3739 W HMI2-SETTINGS - CI08.4: className -> WifiActivity | functionName -> getSavedNetworkList | value -> config.netID ->48
01-01 00:19:54.617  3739  3739 W HMI2-SETTINGS - CI08.4: className -> WifiActivity | functionName -> getSavedNetworkList | value -> config.SSID ->"RSE_Test"
01-01 00:19:54.617  3739  3739 W HMI2-SETTINGS - CI08.4: className -> WifiActivity | functionName -> getSavedNetworkList | value -> config.BSSID ->null
01-01 00:19:54.617  3739  3739 W HMI2-SETTINGS: SWR_BAIDU_HMI_0027|SWR_BAIDU_HMI_0015|FUN=WifiActivity::getScanResults|1|Get list of available wifi hotspots.
01-01 00:19:54.624  1151  2264 I WifiService: getConnectionInfo uid=1000
01-01 00:19:54.624  3739  3739 W HMI2-SETTINGS - CI08.4: className -> WifiActivity | functionName -> isWapiVariantBlocked | value -> security_type:2
01-01 00:19:54.624  3739  3739 W HMI2-SETTINGS - CI08.4: className -> WifiActivity | functionName -> isInConnected | value -> RSE_Test|ACSIA_GUEST1|2|2
01-01 00:19:54.624  3739  3739 W HMI2-SETTINGS - CI08.4: className -> WifiActivity | functionName -> isWapiVariantBlocked | value -> security_type:2
01-01 00:19:54.625  3739  3739 W HMI2-SETTINGS - CI08.4: className -> WifiActivity | functionName -> isInConnected | value -> RSE_Test|ACSIA_CORP1|2|2
01-01 00:19:54.625  3739  3739 W HMI2-SETTINGS - CI08.4: className -> WifiActivity | functionName -> isWapiVariantBlocked | value -> security_type:2
01-01 00:19:54.625  3739  3739 W HMI2-SETTINGS - CI08.4: className -> WifiActivity | functionName -> isInConnected | value -> RSE_Test| ACSIA_CORP3|2|2
01-01 00:19:54.625  3739  3739 W HMI2-SETTINGS - CI08.4: className -> WifiActivity | functionName -> isWapiVariantBlocked | value -> security_type:2
01-01 00:19:54.625  3739  3739 W HMI2-SETTINGS - CI08.4: className -> WifiActivity | functionName -> isInConnected | value -> RSE_Test|ACSIA_Management|2|2
01-01 00:19:54.625  3739  3739 W HMI2-SETTINGS - CI08.4: className -> WifiActivity | functionName -> isWapiVariantBlocked | value -> security_type:2
01-01 00:19:54.625  3739  3739 W HMI2-SETTINGS - CI08.4: className -> WifiActivity | functionName -> isInConnected | value -> RSE_Test|ACSIA_CORP2|2|2
01-01 00:19:54.625  3739  3739 W HMI2-SETTINGS - CI08.4: className -> WifiActivity | functionName -> isWapiVariantBlocked | value -> security_type:2
01-01 00:19:54.625  3739  3739 W HMI2-SETTINGS - CI08.4: className -> WifiActivity | functionName -> isInConnected | value -> RSE_Test|ACSIA_DEV|2|2
01-01 00:19:54.625  3739  3739 W HMI2-SETTINGS - CI08.4: className -> WifiActivity | functionName -> isWapiVariantBlocked | value -> security_type:2
01-01 00:19:54.625  3739  3739 W HMI2-SETTINGS - CI08.4: className -> WifiActivity | functionName -> isInConnected | value -> RSE_Test|RSE_Test|2|2
01-01 00:19:54.625  3739  3739 W HMI2-SETTINGS - CI08.4: className -> WifiActivity | functionName -> isWapiVariantBlocked | value -> security_type:2
01-01 00:19:54.625  3739  3739 W HMI2-SETTINGS - CI08.4: className -> WifiActivity | functionName -> isInConnected | value -> RSE_Test|NETGEAR66-5G|2|2
01-01 00:19:54.625  3739  3739 W HMI2-SETTINGS - CI08.4: className -> WifiActivity | functionName -> isWapiVariantBlocked | value -> security_type:2
01-01 00:19:54.625  3739  3739 W HMI2-SETTINGS - CI08.4: className -> WifiActivity | functionName -> isInConnected | value -> RSE_Test|Secure|2|2
01-01 00:19:54.625  3739  3739 W HMI2-SETTINGS - CI08.4: className -> WifiActivity | functionName -> isWapiVariantBlocked | value -> security_type:2
01-01 00:19:54.625  3739  3739 W HMI2-SETTINGS - CI08.4: className -> WifiActivity | functionName -> isInConnected | value -> RSE_Test| ACSIA_CORP3|2|2
01-01 00:19:54.625  3739  3739 W HMI2-SETTINGS - CI08.4: className -> WifiActivity | functionName -> isWapiVariantBlocked | value -> security_type:2
01-01 00:19:54.625  3739  3739 W HMI2-SETTINGS - CI08.4: className -> WifiActivity | functionName -> isInConnected | value -> RSE_Test|ACSIA_GUEST1|2|2
01-01 00:19:54.625  3739  3739 W HMI2-SETTINGS - CI08.4: className -> WifiActivity | functionName -> isWapiVariantBlocked | value -> security_type:2
01-01 00:19:54.625  3739  3739 W HMI2-SETTINGS - CI08.4: className -> WifiActivity | functionName -> isInConnected | value -> RSE_Test|ACSIA_CORP2|2|2
01-01 00:19:54.625  3739  3739 W HMI2-SETTINGS - CI08.4: className -> WifiActivity | functionName -> isWapiVariantBlocked | value -> security_type:2
01-01 00:19:54.625  3739  3739 W HMI2-SETTINGS - CI08.4: className -> WifiActivity | functionName -> isInConnected | value -> RSE_Test|ACSIA_Management|2|2
01-01 00:19:54.625  3739  3739 W HMI2-SETTINGS - CI08.4: className -> WifiActivity | functionName -> isWapiVariantBlocked | value -> security_type:2
01-01 00:19:54.625  3739  3739 W HMI2-SETTINGS - CI08.4: className -> WifiActivity | functionName -> isInConnected | value -> RSE_Test|RSE_Test|2|2
01-01 00:19:54.625  3739  3739 W HMI2-SETTINGS - CI08.4: className -> WifiActivity | functionName -> isWapiVariantBlocked | value -> security_type:2
01-01 00:19:54.626  3739  3739 W HMI2-SETTINGS - CI08.4: className -> WifiActivity | functionName -> isInConnected | value -> RSE_Test|ACSIA_CORP1|2|2
01-01 00:19:54.626  3739  3739 W HMI2-SETTINGS - CI08.4: className -> WifiActivity | functionName -> isWapiVariantBlocked | value -> security_type:2
01-01 00:19:54.626  3739  3739 W HMI2-SETTINGS - CI08.4: className -> WifiActivity | functionName -> isInConnected | value -> RSE_Test|ACSIA_DEV|2|2
01-01 00:19:54.626  3739  3739 W HMI2-SETTINGS - CI08.4: className -> WifiActivity | functionName -> isWapiVariantBlocked | value -> security_type:2
01-01 00:19:54.626  3739  3739 W HMI2-SETTINGS - CI08.4: className -> WifiActivity | functionName -> isInConnected | value -> RSE_Test|HUWIFI|2|2
01-01 00:19:54.626  3739  3739 W HMI2-SETTINGS - CI08.4: className -> WifiActivity | functionName -> isWapiVariantBlocked | value -> security_type:2
01-01 00:19:54.626  3739  3739 W HMI2-SETTINGS - CI08.4: className -> WifiActivity | functionName -> isInConnected | value -> RSE_Test|DIRECT-vQINLT044msmJ|2|2
01-01 00:19:54.626  3739  3739 W HMI2-SETTINGS - CI08.4: className -> WifiActivity | functionName -> isWapiVariantBlocked | value -> security_type:2
01-01 00:19:54.626  3739  3739 W HMI2-SETTINGS - CI08.4: className -> WifiActivity | functionName -> isInConnected | value -> RSE_Test|AUTOMATION_TEST|2|2
01-01 00:19:54.626  3739  3739 W HMI2-SETTINGS - CI08.4: className -> WifiActivity | functionName -> isWapiVariantBlocked | value -> security_type:2
01-01 00:19:54.626  3739  3739 W HMI2-SETTINGS - CI08.4: className -> WifiActivity | functionName -> isInConnected | value -> RSE_Test|DIRECT-DMATCLWI2064msNL|2|2
01-01 00:19:54.626  3739  3739 W HMI2-SETTINGS - CI08.4: className -> WifiActivity | functionName -> isWapiVariantBlocked | value -> security_type:2
01-01 00:19:54.626  3739  3739 W HMI2-SETTINGS - CI08.4: className -> WifiActivity | functionName -> isInConnected | value -> RSE_Test|ACSIA_GUEST1|2|2
01-01 00:19:54.626  3739  3739 W HMI2-SETTINGS - CI08.4: className -> WifiActivity | functionName -> isWapiVariantBlocked | value -> security_type:2
01-01 00:19:54.626  3739  3739 W HMI2-SETTINGS - CI08.4: className -> WifiActivity | functionName -> isInConnected | value -> RSE_Test|ACSIA_DEV|2|2
01-01 00:19:54.626  3739  3739 W HMI2-SETTINGS - CI08.4: className -> WifiActivity | functionName -> isWapiVariantBlocked | value -> security_type:2
01-01 00:19:54.626  3739  3739 W HMI2-SETTINGS - CI08.4: className -> WifiActivity | functionName -> isInConnected | value -> RSE_Test|RSE_Test|2|2
01-01 00:19:54.626  3739  3739 W HMI2-SETTINGS - CI08.4: className -> WifiActivity | functionName -> isWapiVariantBlocked | value -> security_type:2
01-01 00:19:54.626  3739  3739 W HMI2-SETTINGS - CI08.4: className -> WifiActivity | functionName -> isInConnected | value -> RSE_Test|ACSIA_CORP2|2|2
01-01 00:19:54.626  3739  3739 W HMI2-SETTINGS - CI08.4: className -> WifiActivity | functionName -> isWapiVariantBlocked | value -> security_type:2
01-01 00:19:54.626  3739  3739 W HMI2-SETTINGS - CI08.4: className -> WifiActivity | functionName -> isInConnected | value -> RSE_Test| ACSIA_CORP3|2|2
