01-01 00:48:28.948  1151  1317 D ScanResultUtil: isScanResultForWapiPskNetwork: false
01-01 00:48:28.948  3739  3739 E HMI2-SETTINGS - CI08.4: className -> WifiActivity | functionName -> mWifiScanReceiver -> onReceive | error ->intent_action:android.net.wifi.SCAN_RESULTS
01-01 00:48:28.948  1151  1317 D ScanResultUtil: isScanResultForWapiPskNetwork: false
01-01 00:48:28.948  1151  1317 I chatty  : uid=1000(system) WifiStateMachin identical 9 lines
01-01 00:48:28.948  1151  1317 D ScanResultUtil: isScanResultForWapiPskNetwork: false
01-01 00:48:28.948  1151  2231 I WifiService: getWifiEnabledState uid=1000
01-01 00:48:28.948  1151  1317 D ScanResultUtil: isScanResultForWapiPskNetwork: false
01-01 00:48:28.949  1151  1317 I chatty  : uid=1000(system) WifiStateMachin identical 20 lines
01-01 00:48:28.949  1151  1317 D ScanResultUtil: isScanResultForWapiPskNetwork: false
01-01 00:48:28.949  1151  2231 I WifiService: getConfiguredNetworks uid=1000
01-01 00:48:28.949  1151  1317 W WifiConfigManager: Looking up network with invalid networkId -1
01-01 00:48:28.952  1151  1317 D ScanResultUtil: isScanResultForWapiPskNetwork: false
01-01 00:48:28.954  1151  1317 I chatty  : uid=1000(system) WifiStateMachin identical 31 lines
01-01 00:48:28.954  1151  1317 D ScanResultUtil: isScanResultForWapiPskNetwork: false
01-01 00:48:28.955  3739  3739 W HMI2-SETTINGS: SWR_BAIDU_HMI_0027|SWR_BAIDU_HMI_0015|FUN=WifiActivity::getScanResults|1|Get list of available wifi hotspots.
01-01 00:48:28.961  3739  3739 W HMI2-SETTINGS - CI08.4: className -> WifiActivity | functionName -> isWapiVariantBlocked | value -> security_type:2
01-01 00:48:28.961  3739  3739 W HMI2-SETTINGS - CI08.4: className -> WifiActivity | functionName -> isInConnected | value -> |ACSIA_Management|0|2
01-01 00:48:28.961  3739  3739 W HMI2-SETTINGS - CI08.4: className -> WifiActivity | functionName -> isWapiVariantBlocked | value -> security_type:2
01-01 00:48:28.961  3739  3739 W HMI2-SETTINGS - CI08.4: className -> WifiActivity | functionName -> isInConnected | value -> |ACSIA_DEV|0|2
01-01 00:48:28.961  3739  3739 W HMI2-SETTINGS - CI08.4: className -> WifiActivity | functionName -> isWapiVariantBlocked | value -> security_type:2
01-01 00:48:28.961  3739  3739 W HMI2-SETTINGS - CI08.4: className -> WifiActivity | functionName -> isInConnected | value -> |RSE_Test|0|2
01-01 00:48:28.962  3739  3739 W HMI2-SETTINGS - CI08.4: className -> WifiActivity | functionName -> isWapiVariantBlocked | value -> security_type:2
01-01 00:48:28.962  3739  3739 W HMI2-SETTINGS - CI08.4: className -> WifiActivity | functionName -> isInConnected | value -> |ACSIA_CORP1|0|2
01-01 00:48:28.962  3739  3739 W HMI2-SETTINGS - CI08.4: className -> WifiActivity | functionName -> isWapiVariantBlocked | value -> security_type:2
01-01 00:48:28.962  3739  3739 W HMI2-SETTINGS - CI08.4: className -> WifiActivity | functionName -> isInConnected | value -> | ACSIA_CORP3|0|2
01-01 00:48:28.962  3739  3739 W HMI2-SETTINGS - CI08.4: className -> WifiActivity | functionName -> isWapiVariantBlocked | value -> security_type:2
01-01 00:48:28.962  3739  3739 W HMI2-SETTINGS - CI08.4: className -> WifiActivity | functionName -> isInConnected | value -> |ACSIA_GUEST1|0|2
01-01 00:48:28.962  3739  3739 W HMI2-SETTINGS - CI08.4: className -> WifiActivity | functionName -> isWapiVariantBlocked | value -> security_type:2
01-01 00:48:28.962  3739  3739 W HMI2-SETTINGS - CI08.4: className -> WifiActivity | functionName -> isInConnected | value -> |ACSIA_CORP2|0|2
01-01 00:48:28.962  3739  3739 W HMI2-SETTINGS - CI08.4: className -> WifiActivity | functionName -> isWapiVariantBlocked | value -> security_type:2
01-01 00:48:28.962  3739  3739 W HMI2-SETTINGS - CI08.4: className -> WifiActivity | functionName -> isInConnected | value -> |NETGEAR66-5G|0|2
01-01 00:48:28.962  3739  3739 W HMI2-SETTINGS - CI08.4: className -> WifiActivity | functionName -> isWapiVariantBlocked | value -> security_type:2
01-01 00:48:28.962  3739  3739 W HMI2-SETTINGS - CI08.4: className -> WifiActivity | functionName -> isInConnected | value -> |Secure|0|2
01-01 00:48:28.962  3739  3739 W HMI2-SETTINGS - CI08.4: className -> WifiActivity | functionName -> isWapiVariantBlocked | value -> security_type:2
01-01 00:48:28.962  3739  3739 W HMI2-SETTINGS - CI08.4: className -> WifiActivity | functionName -> isInConnected | value -> |ACSIA_DEV|0|2
01-01 00:48:28.962  3739  3739 W HMI2-SETTINGS - CI08.4: className -> WifiActivity | functionName -> isWapiVariantBlocked | value -> security_type:2
01-01 00:48:28.962  3739  3739 W HMI2-SETTINGS - CI08.4: className -> WifiActivity | functionName -> isInConnected | value -> | ACSIA_CORP3|0|2
01-01 00:48:28.962  3739  3739 W HMI2-SETTINGS - CI08.4: className -> WifiActivity | functionName -> isWapiVariantBlocked | value -> security_type:2
01-01 00:48:28.962  3739  3739 W HMI2-SETTINGS - CI08.4: className -> WifiActivity | functionName -> isInConnected | value -> |RSE_Test|0|2
01-01 00:48:28.962  3739  3739 W HMI2-SETTINGS - CI08.4: className -> WifiActivity | functionName -> isWapiVariantBlocked | value -> security_type:2
01-01 00:48:28.962  3739  3739 W HMI2-SETTINGS - CI08.4: className -> WifiActivity | functionName -> isInConnected | value -> |ACSIA_CORP1|0|2
01-01 00:48:28.962  3739  3739 W HMI2-SETTINGS - CI08.4: className -> WifiActivity | functionName -> isWapiVariantBlocked | value -> security_type:2
01-01 00:48:28.962  3739  3739 W HMI2-SETTINGS - CI08.4: className -> WifiActivity | functionName -> isInConnected | value -> |ACSIA_GUEST1|0|2
01-01 00:48:28.962  3739  3739 W HMI2-SETTINGS - CI08.4: className -> WifiActivity | functionName -> isWapiVariantBlocked | value -> security_type:2
01-01 00:48:28.962  3739  3739 W HMI2-SETTINGS - CI08.4: className -> WifiActivity | functionName -> isInConnected | value -> |ACSIA_CORP2|0|2
01-01 00:48:28.962  3739  3739 W HMI2-SETTINGS - CI08.4: className -> WifiActivity | functionName -> isWapiVariantBlocked | value -> security_type:2
01-01 00:48:28.962  3739  3739 W HMI2-SETTINGS - CI08.4: className -> WifiActivity | functionName -> isInConnected | value -> |ACSIA_Management|0|2
01-01 00:48:28.962  3739  3739 W HMI2-SETTINGS - CI08.4: className -> WifiActivity | functionName -> isWapiVariantBlocked | value -> security_type:2
01-01 00:48:28.962  3739  3739 W HMI2-SETTINGS - CI08.4: className -> WifiActivity | functionName -> isInConnected | value -> |HUWIFI|0|2
01-01 00:48:28.962  3739  3739 W HMI2-SETTINGS - CI08.4: className -> WifiActivity | functionName -> isWapiVariantBlocked | value -> security_type:2
01-01 00:48:28.962  3739  3739 W HMI2-SETTINGS - CI08.4: className -> WifiActivity | functionName -> isInConnected | value -> |DIRECT-vQINLT044msmJ|0|2
01-01 00:48:28.962  3739  3739 W HMI2-SETTINGS - CI08.4: className -> WifiActivity | functionName -> isWapiVariantBlocked | value -> security_type:2
01-01 00:48:28.962  3739  3739 W HMI2-SETTINGS - CI08.4: className -> WifiActivity | functionName -> isInConnected | value -> |DIRECT-DMATCLWI2064msNL|0|2
01-01 00:48:28.962  3739  3739 W HMI2-SETTINGS - CI08.4: className -> WifiActivity | functionName -> isWapiVariantBlocked | value -> security_type:2
01-01 00:48:28.963  3739  3739 W HMI2-SETTINGS - CI08.4: className -> WifiActivity | functionName -> isInConnected | value -> |ACSIA_CORP1|0|2
01-01 00:48:28.963  3739  3739 W HMI2-SETTINGS - CI08.4: className -> WifiActivity | functionName -> isWapiVariantBlocked | value -> security_type:2
01-01 00:48:28.963  3739  3739 W HMI2-SETTINGS - CI08.4: className -> WifiActivity | functionName -> isInConnected | value -> |AUTOMATION_TEST|0|2
01-01 00:48:28.963  3739  3739 W HMI2-SETTINGS - CI08.4: className -> WifiActivity | functionName -> isWapiVariantBlocked | value -> security_type:2
01-01 00:48:28.963  3739  3739 W HMI2-SETTINGS - CI08.4: className -> WifiActivity | functionName -> isInConnected | value -> |ACSIA_GUEST1|0|2
01-01 00:48:28.963  3739  3739 W HMI2-SETTINGS - CI08.4: className -> WifiActivity | functionName -> isWapiVariantBlocked | value -> security_type:2
01-01 00:48:28.963  3739  3739 W HMI2-SETTINGS - CI08.4: className -> WifiActivity | functionName -> isInConnected | value -> |ACSIA_DEV|0|2
01-01 00:48:28.963  3739  3739 W HMI2-SETTINGS - CI08.4: className -> WifiActivity | functionName -> isWapiVariantBlocked | value -> security_type:2
01-01 00:48:28.963  3739  3739 W HMI2-SETTINGS - CI08.4: className -> WifiActivity | functionName -> isInConnected | value -> |ACSIA_CORP2|0|2
01-01 00:48:28.963  3739  3739 W HMI2-SETTINGS - CI08.4: className -> WifiActivity | functionName -> isWapiVariantBlocked | value -> security_type:2
01-01 00:48:28.963  3739  3739 W HMI2-SETTINGS - CI08.4: className -> WifiActivity | functionName -> isInConnected | value -> | ACSIA_CORP3|0|2
01-01 00:48:28.963  3739  3739 W HMI2-SETTINGS - CI08.4: className -> WifiActivity | functionName -> isWapiVariantBlocked | value -> security_type:2
01-01 00:48:28.963  3739  3739 W HMI2-SETTINGS - CI08.4: className -> WifiActivity | functionName -> isInConnected | value -> |ACSIA_Management|0|2
01-01 00:48:28.963  3739  3739 W HMI2-SETTINGS - CI08.4: className -> WifiActivity | functionName -> isWapiVariantBlocked | value -> security_type:2
01-01 00:48:28.963  3739  3739 W HMI2-SETTINGS - CI08.4: className -> WifiActivity | functionName -> isInConnected | value -> |RSE_Test|0|2
01-01 00:48:28.963  3739  3739 W HMI2-SETTINGS - CI08.4: className -> WifiActivity | functionName -> isWapiVariantBlocked | value -> security_type:2
01-01 00:48:28.963  3739  3739 W HMI2-SETTINGS - CI08.4: className -> WifiActivity | functionName -> isInConnected | value -> |MB Hotspot 61185|0|2
01-01 00:48:28.963  3739  3739 W HMI2-SETTINGS - CI08.4: className -> WifiActivity | functionName -> isWapiVariantBlocked | value -> security_type:0
01-01 00:48:28.963  3739  3739 W HMI2-SETTINGS - CI08.4: className -> WifiActivity | functionName -> isInConnected | value -> |HP-Print-DB-LaserJet Pro MFP|0|0
01-01 00:48:28.963  3739  3739 W HMI2-SETTINGS - CI08.4: className -> WifiActivity | functionName -> handleAllAvailNetwork | value -> savedNetwork ->0
01-01 00:48:28.963  3739  3739 W HMI2-SETTINGS - CI08.4: className -> WifiActivity | functionName -> handleAllAvailNetwork | value -> presentVisibleNetwork ->29
01-01 00:48:28.969  3739  3739 W HMI2-SETTINGS - CI08.4: className -> WifiActivity | functionName -> handleIfWifiAvailableNetworks: config is  | value -> null
01-01 00:48:28.985  3675 15560 D UIAutomatorStub: URI: /jsonrpc/0, Method: POST, Header: {content-length=274, remote-addr=127.0.0.1, http-client-ip=127.0.0.1, host=localhost:9009, content-type=application/json, connection=close, accept-encoding=identity, user-agent=Python-urllib/2.7}, params, {NanoHttpd.QUERY_STRING=null}, files: {postData={"params": [{"childOrSiblingSelector": [], "scrollable": true, "mask": 16384, "childOrSibling": []}, {"childOrSiblingSelector": [], "text": "RSE_Test", "mask": 1, "childOrSibling": []}, true], "jsonrpc": "2.0", "method": "scrollTo", "id": "9d8125285daa708be4992af4399e4259"}}
01-01 00:48:29.019  1933  1933 I LCMANDR : SWR_OOB_HV_MF_009|FUN=ResourceMonitoringService::movingMemoryAverage|2|Moving memory average :30.017832
01-01 00:48:29.019  1933  1933 W LCMANDR : SWR_OOB_HV_MF_009|FUN=ResourceMonitoringService::getCpuUsageStatistic|Moving MEM AVG :::::::::30.017832
01-01 00:48:29.021  1933  1933 W LCMANDR : SWR_OOB_HV_MF_009|FUN=ResourceMonitoringService::getCpuUsageStatistic|2|Total cpu usage :33.108868
01-01 00:48:29.021  1933  1933 I LCMANDR : SWR_OOB_HV_MF_009|FUN=ResourceMonitoringService::getCpuUsageStatistic|Cpu usage of core  0 is31.10368
01-01 00:48:29.021  1933  1933 I LCMANDR : SWR_OOB_HV_MF_009|FUN=ResourceMonitoringService::getCpuUsageStatistic|Cpu usage of core  1 is27.586206
01-01 00:48:29.021  1933  1933 I LCMANDR : SWR_OOB_HV_MF_009|FUN=ResourceMonitoringService::getCpuUsageStatistic|Cpu usage of core  2 is40.39735
01-01 00:48:29.021  1933  1933 I LCMANDR : ResourceMonitoringService::movingCpuAverage()
01-01 00:48:29.021  1933  1933 I LCMANDR : SWR_OOB_HV_MF_009|FUN=ResourceMonitoringService::movingCpuAverage|2|Moving window average of CPU 27.95547
01-01 00:48:29.021  1933  1933 I LCMANDR : SWR_OOB_HV_MF_009|FUN=ResourceMonitoringService::movingCpuAverage|2|Cpu moving average of core  0 is28.858343
01-01 00:48:29.021  1933  1933 I LCMANDR : SWR_OOB_HV_MF_009|FUN=ResourceMonitoringService::movingCpuAverage|2|Cpu moving average of core  1 is26.570591
01-01 00:48:29.021  1933  1933 I LCMANDR : SWR_OOB_HV_MF_009|FUN=ResourceMonitoringService::movingCpuAverage|2|Cpu moving average of core  2 is28.314648
01-01 00:48:29.021  1933  1933 D LCMANDR : SWR_OOB_HV_MF_009|FUN=ResourceMonitoringService::movingCpuAverage|2|Exiting VAL = 27.95547
01-01 00:48:29.542   729   748 I sssv-lib: sendMsg enter
01-01 00:48:29.542   729   748 I sssv-lib: sendMsg complete.
01-01 00:48:29.637  3675 15560 D UiScrollable: scrollToBeginning() on selector = UiSelector[SCROLLABLE=true]
01-01 00:48:29.637  3675 15560 D UiScrollable: scrollBackward() on selector = UiSelector[SCROLLABLE=true]
01-01 00:48:29.644  3675 15560 I QueryController: Matched selector: UiSelector[SCROLLABLE=true] <<==>> [android.view.accessibility.AccessibilityNodeInfo@2e7452a; boundsInParent: Rect(0, 0 - 1332, 889); boundsInScreen: Rect(305, 172 - 1637, 1061); packageName: com.panasonic.hmi2settings; className: android.widget.ScrollView; text: null; error: null; maxTextLength: -1; contentDescription: null; viewIdResName: com.panasonic.hmi2settings:id/scrollWifi; checkable: false; checked: false; focusable: true; focused: false; selected: false; clickable: false; longClickable: false; contextClickable: false; enabled: true; password: false; scrollable: true; importantForAccessibility: true; actions: [AccessibilityAction: ACTION_FOCUS - null, AccessibilityAction: ACTION_SELECT - null, AccessibilityAction: ACTION_CLEAR_SELECTION - null, AccessibilityAction: ACTION_ACCESSIBILITY_FOCUS - null, AccessibilityAction: ACTION_SCROLL_FORWARD - null, AccessibilityAction: ACTION_SHOW_ON_SCREEN - null]]
01-01 00:48:29.644  3675 15560 D UiScrollable: scrollToBegining() using vertical scroll
01-01 00:48:29.644  3675 15560 D InteractionController: scrollSwipe (971, 260, 971, 973, 55)
01-01 00:48:30.314  1933  1957 D LCMANDR : SWR_OOB_HV_MF_009|FUN=LifeCycleManagerService::LifeCycle_ReportCompStatus|GOT ALIVENESS SIGNAL FROM DAIAPP : [0]; HB Counter = [ 1150 ]; STATUS INFO = [ 0 ]
01-01 00:48:30.316  1519  1519 I Connectivity_AIDL|AIDL_Handler.AIDL_Helpers.LcmHelper: MBUX App Method: KeepAliveTest |Line No: 408 |Log Type: Critical |Message: MainThread:MBUX-App HB Count: 1152, ResponseCode: 0
01-01 00:48:30.491   635   635 E ANDR-PERF-TARGET: Error: Invalid logical cluster id 0
01-01 00:48:30.491   635   635 E ANDR-PERF-MPCTL: invalid request, no optimizations performed
01-01 00:48:30.507   635   635 E ANDR-PERF-TARGET: Error: Invalid logical cluster id 0
01-01 00:48:30.508   635   635 E ANDR-PERF-MPCTL: invalid request, no optimizations performed
01-01 00:48:30.524   635   635 E ANDR-PERF-TARGET: Error: Invalid logical cluster id 0
01-01 00:48:30.524   635   635 E ANDR-PERF-MPCTL: invalid request, no optimizations performed
01-01 00:48:30.541   635   635 E ANDR-PERF-TARGET: Error: Invalid logical cluster id 0
01-01 00:48:30.541   635   635 E ANDR-PERF-MPCTL: invalid request, no optimizations performed
01-01 00:48:30.544   729   748 I sssv-lib: sendMsg enter
01-01 00:48:30.544   729   748 I sssv-lib: sendMsg complete.
01-01 00:48:30.558   635   635 E ANDR-PERF-TARGET: Error: Invalid logical cluster id 0
01-01 00:48:30.558   635   635 E ANDR-PERF-MPCTL: invalid request, no optimizations performed
01-01 00:48:30.558   635   635 E ANDR-PERF-TARGET: Error: Invalid logical cluster id 0
01-01 00:48:30.558   635   635 E ANDR-PERF-MPCTL: invalid request, no optimizations performed
01-01 00:48:30.574   635   635 E ANDR-PERF-TARGET: Error: Invalid logical cluster id 0
01-01 00:48:30.574   635   635 E ANDR-PERF-MPCTL: invalid request, no optimizations performed
01-01 00:48:30.591   635   635 E ANDR-PERF-TARGET: Error: Invalid logical cluster id 0
01-01 00:48:30.591   635   635 E ANDR-PERF-MPCTL: invalid request, no optimizations performed
01-01 00:48:30.608   635   635 E ANDR-PERF-TARGET: Error: Invalid logical cluster id 0
01-01 00:48:30.608   635   635 E ANDR-PERF-MPCTL: invalid request, no optimizations performed
01-01 00:48:30.624   635   635 E ANDR-PERF-TARGET: Error: Invalid logical cluster id 0
01-01 00:48:30.625   635   635 E ANDR-PERF-MPCTL: invalid request, no optimizations performed
01-01 00:48:30.641   635   635 E ANDR-PERF-TARGET: Error: Invalid logical cluster id 0
01-01 00:48:30.641   635   635 E ANDR-PERF-MPCTL: invalid request, no optimizations performed
01-01 00:48:30.658   635   635 E ANDR-PERF-TARGET: Error: Invalid logical cluster id 0
01-01 00:48:30.658   635   635 E ANDR-PERF-MPCTL: invalid request, no optimizations performed
01-01 00:48:30.675   635   635 E ANDR-PERF-TARGET: Error: Invalid logical cluster id 0
01-01 00:48:30.675   635   635 E ANDR-PERF-MPCTL: invalid request, no optimizations performed
01-01 00:48:30.691   635   635 E ANDR-PERF-TARGET: Error: Invalid logical cluster id 0
01-01 00:48:30.691   635   635 E ANDR-PERF-MPCTL: invalid request, no optimizations performed
01-01 00:48:30.708   635   635 E ANDR-PERF-TARGET: Error: Invalid logical cluster id 0
01-01 00:48:30.708   635   635 E ANDR-PERF-MPCTL: invalid request, no optimizations performed
01-01 00:48:30.725   635   635 E ANDR-PERF-TARGET: Error: Invalid logical cluster id 0
01-01 00:48:30.725   635   635 E ANDR-PERF-MPCTL: invalid request, no optimizations performed
01-01 00:48:30.741   635   635 E ANDR-PERF-TARGET: Error: Invalid logical cluster id 0
01-01 00:48:30.741   635   635 E ANDR-PERF-MPCTL: invalid request, no optimizations performed
01-01 00:48:30.752  3675 15560 W InteractionController: runAndwaitForEvents timed out waiting for events
01-01 00:48:30.758   635   635 E ANDR-PERF-TARGET: Error: Invalid logical cluster id 0
01-01 00:48:30.758   635   635 E ANDR-PERF-MPCTL: invalid request, no optimizations performed
01-01 00:48:30.760  3675 15560 D UiScrollable: scrollForward() on selector = UiSelector[SCROLLABLE=true]
01-01 00:48:30.768  3675 15560 I QueryController: Matched selector: UiSelector[SCROLLABLE=true] <<==>> [android.view.accessibility.AccessibilityNodeInfo@2e7452a; boundsInParent: Rect(0, 0 - 1332, 889); boundsInScreen: Rect(305, 172 - 1637, 1061); packageName: com.panasonic.hmi2settings; className: android.widget.ScrollView; text: null; error: null; maxTextLength: -1; contentDescription: null; viewIdResName: com.panasonic.hmi2settings:id/scrollWifi; checkable: false; checked: false; focusable: true; focused: false; selected: false; clickable: false; longClickable: false; contextClickable: false; enabled: true; password: false; scrollable: true; importantForAccessibility: true; actions: [AccessibilityAction: ACTION_FOCUS - null, AccessibilityAction: ACTION_SELECT - null, AccessibilityAction: ACTION_CLEAR_SELECTION - null, AccessibilityAction: ACTION_ACCESSIBILITY_FOCUS - null, AccessibilityAction: ACTION_SCROLL_FORWARD - null, AccessibilityAction: ACTION_SHOW_ON_SCREEN - null]]
01-01 00:48:30.768  3675 15560 D InteractionController: scrollSwipe (971, 973, 971, 260, 55)
01-01 00:48:30.775   635   635 E ANDR-PERF-TARGET: Error: Invalid logical cluster id 0
01-01 00:48:30.775   635   635 E ANDR-PERF-MPCTL: invalid request, no optimizations performed
01-01 00:48:30.791   635   635 E ANDR-PERF-TARGET: Error: Invalid logical cluster id 0
01-01 00:48:30.792   635   635 E ANDR-PERF-MPCTL: invalid request, no optimizations performed
01-01 00:48:30.808   635   635 E ANDR-PERF-TARGET: Error: Invalid logical cluster id 0
01-01 00:48:30.808   635   635 E ANDR-PERF-MPCTL: invalid request, no optimizations performed
01-01 00:48:30.825   635   635 E ANDR-PERF-TARGET: Error: Invalid logical cluster id 0
01-01 00:48:30.825   635   635 E ANDR-PERF-MPCTL: invalid request, no optimizations performed
01-01 00:48:30.842   635   635 E ANDR-PERF-TARGET: Error: Invalid logical cluster id 0
01-01 00:48:30.842   635   635 E ANDR-PERF-MPCTL: invalid request, no optimizations performed
01-01 00:48:30.858   635   635 E ANDR-PERF-TARGET: Error: Invalid logical cluster id 0
01-01 00:48:30.858   635   635 E ANDR-PERF-MPCTL: invalid request, no optimizations performed
01-01 00:48:30.875   635   635 E ANDR-PERF-TARGET: Error: Invalid logical cluster id 0
01-01 00:48:30.875   635   635 E ANDR-PERF-MPCTL: invalid request, no optimizations performed
01-01 00:48:30.892   635   635 E ANDR-PERF-TARGET: Error: Invalid logical cluster id 0
01-01 00:48:30.892   635   635 E ANDR-PERF-MPCTL: invalid request, no optimizations performed
01-01 00:48:30.908   635   635 E ANDR-PERF-TARGET: Error: Invalid logical cluster id 0
01-01 00:48:30.908   635   635 E ANDR-PERF-MPCTL: invalid request, no optimizations performed
01-01 00:48:30.913  1933  1933 D LCMANDR : SWR_OOB_HV_MF_009|FUN=LifeCycleManagerService::getDAIAppAlivenessStatus|Aliveness:: DAIAPP HB DIFF = 2 [ DaimlerAppHBCounter ] = 1150[ DaimlerAppHBCounterOld ] = 1148
01-01 00:48:30.913  1933  1933 I LCMANDR : SWR_OOB_HV_MF_009|FUN=LifeCycleManagerService::getDAIAppAlivenessStatus|Aliveness::ANDROID HB IS VALID... setting OLD VAL, and resetting Fail Counter
01-01 00:48:30.916  1933  1933 I LCMANDR : SWR_OOB_HV_MF_009|FUN=LifeCycleManagerService::getDAIPID|DAIMLER APP(com.daimler.rse.ntg6) PID is [ 1519 ]
01-01 00:48:30.916  1933  1933 I LCMANDR : SWR_OOB_HV_MF_009|FUN=LifeCycleManagerService::getDAIAPPStatus|Aliveness::SAME PID! DAIAPP is not restarted
01-01 00:48:30.916  1933  1933 W LCMANDR : SWR_OOB_HV_MF_009|FUN=LifeCycleManagerService::getDAIAppAlivenessStatus|Aliveness::Status to send id : ALIVE
01-01 00:48:30.916  1933  1933 D LCMANDR : SWR_OOB_HV_MF_005|FUN=LifeCycleManagerService::sendPacketToLnx|data = [B@40c0291
01-01 00:48:30.916  1933  1933 D LCMANDR : SWR_OOB_HV_MF_009|FUN=LifeCycleManagerService::postAppsStatusInfo|Setting AppPacket info
01-01 00:48:30.916  1933  1933 I LCMANDR : SWR_OOB_HV_MF_009|FUN=AlivenessMonitoring::getRunningApps| packet sent
01-01 00:48:30.917  1933  1956 D LCMANDR : SWR_OOB_HV_MF_010|FUN=LifeCycleManagerService::RseNodeStateManagement|SEND_IGC_CB
01-01 00:48:30.917  1933  1956 I LCMANDR : SWR_OOB_HV_MF_005|FUN=LifeCycleManagerService::igcsendData|Call hit in RSENodeStateManagement::igcsendData
01-01 00:48:30.917  1933  1956 I LCMANDR : SWR_OOB_HV_MF_005|FUN=LifeCycleManagerService::igcsendData|SEND DATA LEN is : 15
01-01 00:48:30.917  1933  1956 I LCMANDR : SWR_OOB_HV_MF_007|FUN=LifeCycleManagerService::sendPacketFromIntentService|Package to send : [ 65, 0, 0, 0, 9, 0, 2, 0, 1, 0, 5, 65, 65, 0, 0, ]
01-01 00:48:30.918  1933  1956 I IGC     :  IGC::sendData ==> [ 65, 0, 0, 0, 9, 0, 2, 0, 1, 0, 5, 65, 65, 0, 0,  ]
01-01 00:48:30.918  1933  1956 I IGC     :  Igc::sendData data size is :: 15
01-01 00:48:30.918  1933  1956 D         : Enqueue: sem count = 1
01-01 00:48:30.918  1933  1956 I LCMANDR : SWR_OOB_HV_MF_007|FUN=LifeCycleManagerService::sendPacketFromIntentService|Sending Data to Linux is successful( [65, 0, 0, 0, 9, 0, 2, 0, 1, 0, 5, 65, 65, 0, 0] )
01-01 00:48:30.918  1933  1956 I LCMANDR : SWR_OOB_HV_MF_005|FUN=LifeCycleManagerService::igcsendData| DATA SEND SUCCESSFULLY 
01-01 00:48:30.925   635   635 E ANDR-PERF-TARGET: Error: Invalid logical cluster id 0
01-01 00:48:30.925   635   635 E ANDR-PERF-MPCTL: invalid request, no optimizations performed
01-01 00:48:30.942   635   635 E ANDR-PERF-TARGET: Error: Invalid logical cluster id 0
01-01 00:48:30.942   635   635 E ANDR-PERF-MPCTL: invalid request, no optimizations performed
01-01 00:48:30.958   635   635 E ANDR-PERF-TARGET: Error: Invalid logical cluster id 0
01-01 00:48:30.959   635   635 E ANDR-PERF-MPCTL: invalid request, no optimizations performed
01-01 00:48:30.975   635   635 E ANDR-PERF-TARGET: Error: Invalid logical cluster id 0
01-01 00:48:30.975   635   635 E ANDR-PERF-MPCTL: invalid request, no optimizations performed
01-01 00:48:30.992   635   635 E ANDR-PERF-TARGET: Error: Invalid logical cluster id 0
01-01 00:48:30.992   635   635 E ANDR-PERF-MPCTL: invalid request, no optimizations performed
01-01 00:48:31.009   635   635 E ANDR-PERF-TARGET: Error: Invalid logical cluster id 0
01-01 00:48:31.009   635   635 E ANDR-PERF-MPCTL: invalid request, no optimizations performed
01-01 00:48:31.025   635   635 E ANDR-PERF-TARGET: Error: Invalid logical cluster id 0
01-01 00:48:31.025   635   635 E ANDR-PERF-MPCTL: invalid request, no optimizations performed
01-01 00:48:31.042   635   635 E ANDR-PERF-TARGET: Error: Invalid logical cluster id 0
01-01 00:48:31.042   635   635 E ANDR-PERF-MPCTL: invalid request, no optimizations performed
01-01 00:48:31.059   635   635 E ANDR-PERF-TARGET: Error: Invalid logical cluster id 0
01-01 00:48:31.059   635   635 E ANDR-PERF-MPCTL: invalid request, no optimizations performed
01-01 00:48:31.075   635   635 E ANDR-PERF-TARGET: Error: Invalid logical cluster id 0
01-01 00:48:31.076   635   635 E ANDR-PERF-MPCTL: invalid request, no optimizations performed
01-01 00:48:31.092   635   635 E ANDR-PERF-TARGET: Error: Invalid logical cluster id 0
01-01 00:48:31.092   635   635 E ANDR-PERF-MPCTL: invalid request, no optimizations performed
01-01 00:48:31.109   635   635 E ANDR-PERF-TARGET: Error: Invalid logical cluster id 0
01-01 00:48:31.109   635   635 E ANDR-PERF-MPCTL: invalid request, no optimizations performed
01-01 00:48:31.126   635   635 E ANDR-PERF-TARGET: Error: Invalid logical cluster id 0
01-01 00:48:31.126   635   635 E ANDR-PERF-MPCTL: invalid request, no optimizations performed
01-01 00:48:31.142   635   635 E ANDR-PERF-TARGET: Error: Invalid logical cluster id 0
01-01 00:48:31.142   635   635 E ANDR-PERF-MPCTL: invalid request, no optimizations performed
01-01 00:48:31.150  2054  2054 E         : 
01-01 00:48:31.150  2054  2054 E         : Buffer Size = 1048576
01-01 00:48:31.159   635   635 E ANDR-PERF-TARGET: Error: Invalid logical cluster id 0
01-01 00:48:31.159   635   635 E ANDR-PERF-MPCTL: invalid request, no optimizations performed
01-01 00:48:31.176   635   635 E ANDR-PERF-TARGET: Error: Invalid logical cluster id 0
01-01 00:48:31.176   635   635 E ANDR-PERF-MPCTL: invalid request, no optimizations performed
01-01 00:48:31.176  2054  2054 E         : 
01-01 00:48:31.176  2054  2054 E         : <6>[ 2561.378063] QSEECOM: scm_call_qcpe:429 : IN: 0x42000d0a, 0x3, 0x0, 0x42fd, 0x76c, 0x0, 0x0
01-01 00:48:31.176  2054  2054 E         : <6>[ 2561.379360] QSEECOM: scm_call_qcpe:503 : OUT: 0x0, 0x0, 0x0, 0x0
01-01 00:48:31.176  2054  2054 E         : <6>[ 2561.393699] QSEECOM: scm_call_qcpe:429 : IN: 0x42000d0a, 0x3, 0x0, 0x3d14, 0x766, 0x0, 0x0
01-01 00:48:31.176  2054  2054 E         : <6>[ 2561.394817] QSEECOM: scm_call_qcpe:503 : OUT: 0x0, 0x1, 0x0, 0x0
01-01 00:48:31.176  2054  2054 E         : <6>[ 2561.410164] QSEECOM: scm_call_qcpe:429 : IN: 0x42000d0a, 0x3, 0x0, 0x404f, 0x771, 0x0, 0x0
01-01 00:48:31.176  2054  2054 E         : <6>[ 2561.411654] QSEECOM: scm_call_qcpe:503 : OUT: 0x0, 0x0, 0x0, 0x0
01-01 00:48:31.176  2054  2054 E         : <6>[ 2561.426548] QSEECOM: scm_call_qcpe:429 : IN: 0x42000d0a, 0x3, 0x0, 0x4004, 0x759, 0x0, 0x0
01-01 00:48:31.176  2054  2054 E         : <6>[ 2561.427725] QSEECOM: scm_call_qcpe:503 : OUT: 0x0, 0x0, 0x0, 0x0
01-01 00:48:31.176  2054  2054 E         : <6>[ 2561.444115] QSEECOM: scm_call_qcpe:429 : IN: 0x42000d0a, 0x3, 0x0, 0x44a0, 0x75e, 0x0, 0x0
01-01 00:48:31.176  2054  2054 E         : <6>[ 2561.445440] QSEECOM: scm_call_qcpe:503 : OUT: 0x0, 0x0, 0x0, 0x0
01-01 00:48:31.176  2054  2054 E         : <6>[ 2561.460772] QSEECOM: scm_call_qcpe:429 : IN: 0x42000d0a, 0x3, 0x0, 0x4111, 0x75d, 0x0, 0x0
01-01 00:48:31.176  2054  2054 E         : <6>[ 2561.461820] QSEECOM: scm_call_qcpe:503 : OUT: 0x0, 0x0, 0x0, 0x0
01-01 00:48:31.176  2054  2054 E         : <6>[ 2561.4771
01-01 00:48:31.181  2054  2054 E         : USB Hub Detector 1.0
01-01 00:48:31.192   635   635 E ANDR-PERF-TARGET: Error: Invalid logical cluster id 0
01-01 00:48:31.193   635   635 E ANDR-PERF-MPCTL: invalid request, no optimizations performed
01-01 00:48:31.209   635   635 E ANDR-PERF-TARGET: Error: Invalid logical cluster id 0
01-01 00:48:31.209   635   635 E ANDR-PERF-MPCTL: invalid request, no optimizations performed
01-01 00:48:31.226   635   635 E ANDR-PERF-TARGET: Error: Invalid logical cluster id 0
01-01 00:48:31.226   635   635 E ANDR-PERF-MPCTL: invalid request, no optimizations performed
01-01 00:48:31.243   635   635 E ANDR-PERF-TARGET: Error: Invalid logical cluster id 0
01-01 00:48:31.243   635   635 E ANDR-PERF-MPCTL: invalid request, no optimizations performed
01-01 00:48:31.259   635   635 E ANDR-PERF-TARGET: Error: Invalid logical cluster id 0
01-01 00:48:31.259   635   635 E ANDR-PERF-MPCTL: invalid request, no optimizations performed
01-01 00:48:31.276   635   635 E ANDR-PERF-TARGET: Error: Invalid logical cluster id 0
01-01 00:48:31.276   635   635 E ANDR-PERF-MPCTL: invalid request, no optimizations performed
01-01 00:48:31.293   635   635 E ANDR-PERF-TARGET: Error: Invalid logical cluster id 0
01-01 00:48:31.293   635   635 E ANDR-PERF-MPCTL: invalid request, no optimizations performed
01-01 00:48:31.299   625   625 D WifiHAL : Start get packet fate command
01-01 00:48:31.299   625   625 D WifiHAL : createRequest Get Tx packet fate request
01-01 00:48:31.299   625   625 E WifiHAL : Failed to register get pkt fate response; result = -95
01-01 00:48:31.300  1151  1317 E WifiVendorHal: getTxPktFates(l.2067) failed {.code = ERROR_UNKNOWN, .description = errno: -95 (Unknown error -95)}
01-01 00:48:31.300   625   625 D WifiHAL : Start get packet fate command
01-01 00:48:31.300   625   625 D WifiHAL : createRequest Get Rx packet fate request
01-01 00:48:31.300   625   625 E WifiHAL : Failed to register get pkt fate response; result = -95
01-01 00:48:31.301  1151  1317 E WifiVendorHal: getRxPktFates(l.2107) failed {.code = ERROR_UNKNOWN, .description = errno: -95 (Unknown error -95)}
01-01 00:48:31.310   635   635 E ANDR-PERF-TARGET: Error: Invalid logical cluster id 0
01-01 00:48:31.310   635   635 E ANDR-PERF-MPCTL: invalid request, no optimizations performed
01-01 00:48:31.326   635   635 E ANDR-PERF-TARGET: Error: Invalid logical cluster id 0
01-01 00:48:31.326   635   635 E ANDR-PERF-MPCTL: invalid request, no optimizations performed
01-01 00:48:31.343   635   635 E ANDR-PERF-TARGET: Error: Invalid logical cluster id 0
01-01 00:48:31.343   635   635 E ANDR-PERF-MPCTL: invalid request, no optimizations performed
01-01 00:48:31.357   625   625 D WifiHAL : Start get packet fate command
01-01 00:48:31.357   625   625 D WifiHAL : createRequest Get Tx packet fate request
01-01 00:48:31.357   625   625 E WifiHAL : Failed to register get pkt fate response; result = -95
01-01 00:48:31.357  1151  1317 E WifiVendorHal: getTxPktFates(l.2067) failed {.code = ERROR_UNKNOWN, .description = errno: -95 (Unknown error -95)}
01-01 00:48:31.358   625   625 D WifiHAL : Start get packet fate command
01-01 00:48:31.358   625   625 D WifiHAL : createRequest Get Rx packet fate request
01-01 00:48:31.358   625   625 E WifiHAL : Failed to register get pkt fate response; result = -95
01-01 00:48:31.358  1151  1317 E WifiVendorHal: getRxPktFates(l.2107) failed {.code = ERROR_UNKNOWN, .description = errno: -95 (Unknown error -95)}
01-01 00:48:31.359   635   635 E ANDR-PERF-TARGET: Error: Invalid logical cluster id 0
01-01 00:48:31.360   635   635 E ANDR-PERF-MPCTL: invalid request, no optimizations performed
01-01 00:48:31.376   635   635 E ANDR-PERF-TARGET: Error: Invalid logical cluster id 0
01-01 00:48:31.376   635   635 E ANDR-PERF-MPCTL: invalid request, no optimizations performed
01-01 00:48:31.393   635   635 E ANDR-PERF-TARGET: Error: Invalid logical cluster id 0
01-01 00:48:31.393   635   635 E ANDR-PERF-MPCTL: invalid request, no optimizations performed
01-01 00:48:31.409   635   635 E ANDR-PERF-TARGET: Error: Invalid logical cluster id 0
01-01 00:48:31.410   635   635 E ANDR-PERF-MPCTL: invalid request, no optimizations performed
01-01 00:48:31.426   635   635 E ANDR-PERF-TARGET: Error: Invalid logical cluster id 0
01-01 00:48:31.426   635   635 E ANDR-PERF-MPCTL: invalid request, no optimizations performed
01-01 00:48:31.443   635   635 E ANDR-PERF-TARGET: Error: Invalid logical cluster id 0
01-01 00:48:31.443   635   635 E ANDR-PERF-MPCTL: invalid request, no optimizations performed
01-01 00:48:31.460   635   635 E ANDR-PERF-TARGET: Error: Invalid logical cluster id 0
01-01 00:48:31.460   635   635 E ANDR-PERF-MPCTL: invalid request, no optimizations performed
01-01 00:48:31.476   635   635 E ANDR-PERF-TARGET: Error: Invalid logical cluster id 0
01-01 00:48:31.476   635   635 E ANDR-PERF-MPCTL: invalid request, no optimizations performed
01-01 00:48:31.493   635   635 E ANDR-PERF-TARGET: Error: Invalid logical cluster id 0
01-01 00:48:31.493   635   635 E ANDR-PERF-MPCTL: invalid request, no optimizations performed
01-01 00:48:31.510   635   635 E ANDR-PERF-TARGET: Error: Invalid logical cluster id 0
01-01 00:48:31.510   635   635 E ANDR-PERF-MPCTL: invalid request, no optimizations performed
01-01 00:48:31.527   635   635 E ANDR-PERF-TARGET: Error: Invalid logical cluster id 0
01-01 00:48:31.527   635   635 E ANDR-PERF-MPCTL: invalid request, no optimizations performed
01-01 00:48:31.543   635   635 E ANDR-PERF-TARGET: Error: Invalid logical cluster id 0
01-01 00:48:31.543   635   635 E ANDR-PERF-MPCTL: invalid request, no optimizations performed
01-01 00:48:31.545   729   748 I sssv-lib: sendMsg enter
01-01 00:48:31.545   729   748 I sssv-lib: sendMsg complete.
01-01 00:48:31.560   635   635 E ANDR-PERF-TARGET: Error: Invalid logical cluster id 0
01-01 00:48:31.560   635   635 E ANDR-PERF-MPCTL: invalid request, no optimizations performed
01-01 00:48:31.577   635   635 E ANDR-PERF-TARGET: Error: Invalid logical cluster id 0
01-01 00:48:31.577   635   635 E ANDR-PERF-MPCTL: invalid request, no optimizations performed
01-01 00:48:31.593   635   635 E ANDR-PERF-TARGET: Error: Invalid logical cluster id 0
01-01 00:48:31.593   635   635 E ANDR-PERF-MPCTL: invalid request, no optimizations performed
01-01 00:48:31.610   635   635 E ANDR-PERF-TARGET: Error: Invalid logical cluster id 0
01-01 00:48:31.610   635   635 E ANDR-PERF-MPCTL: invalid request, no optimizations performed
01-01 00:48:31.627   635   635 E ANDR-PERF-TARGET: Error: Invalid logical cluster id 0
01-01 00:48:31.627   635   635 E ANDR-PERF-MPCTL: invalid request, no optimizations performed
01-01 00:48:31.643   635   635 E ANDR-PERF-TARGET: Error: Invalid logical cluster id 0
01-01 00:48:31.644   635   635 E ANDR-PERF-MPCTL: invalid request, no optimizations performed
01-01 00:48:31.660   635   635 E ANDR-PERF-TARGET: Error: Invalid logical cluster id 0
01-01 00:48:31.660   635   635 E ANDR-PERF-MPCTL: invalid request, no optimizations performed
01-01 00:48:31.677   635   635 E ANDR-PERF-TARGET: Error: Invalid logical cluster id 0
01-01 00:48:31.677   635   635 E ANDR-PERF-MPCTL: invalid request, no optimizations performed
01-01 00:48:31.677   635   635 E ANDR-PERF-TARGET: Error: Invalid logical cluster id 0
01-01 00:48:31.677   635   635 E ANDR-PERF-MPCTL: invalid request, no optimizations performed
01-01 00:48:31.694   635   635 E ANDR-PERF-TARGET: Error: Invalid logical cluster id 0
01-01 00:48:31.694   635   635 E ANDR-PERF-MPCTL: invalid request, no optimizations performed
01-01 00:48:31.710   635   635 E ANDR-PERF-TARGET: Error: Invalid logical cluster id 0
01-01 00:48:31.710   635   635 E ANDR-PERF-MPCTL: invalid request, no optimizations performed
01-01 00:48:31.727   635   635 E ANDR-PERF-TARGET: Error: Invalid logical cluster id 0
01-01 00:48:31.727   635   635 E ANDR-PERF-MPCTL: invalid request, no optimizations performed
01-01 00:48:31.744   635   635 E ANDR-PERF-TARGET: Error: Invalid logical cluster id 0
01-01 00:48:31.744   635   635 E ANDR-PERF-MPCTL: invalid request, no optimizations performed
01-01 00:48:31.760   635   635 E ANDR-PERF-TARGET: Error: Invalid logical cluster id 0
01-01 00:48:31.760   635   635 E ANDR-PERF-MPCTL: invalid request, no optimizations performed
01-01 00:48:31.777   635   635 E ANDR-PERF-TARGET: Error: Invalid logical cluster id 0
01-01 00:48:31.777   635   635 E ANDR-PERF-MPCTL: invalid request, no optimizations performed
01-01 00:48:31.794   635   635 E ANDR-PERF-TARGET: Error: Invalid logical cluster id 0
01-01 00:48:31.794   635   635 E ANDR-PERF-MPCTL: invalid request, no optimizations performed
01-01 00:48:31.811   635   635 E ANDR-PERF-TARGET: Error: Invalid logical cluster id 0
01-01 00:48:31.811   635   635 E ANDR-PERF-MPCTL: invalid request, no optimizations performed
01-01 00:48:31.827   635   635 E ANDR-PERF-TARGET: Error: Invalid logical cluster id 0
01-01 00:48:31.827   635   635 E ANDR-PERF-MPCTL: invalid request, no optimizations performed
01-01 00:48:31.844   635   635 E ANDR-PERF-TARGET: Error: Invalid logical cluster id 0
01-01 00:48:31.844   635   635 E ANDR-PERF-MPCTL: invalid request, no optimizations performed
01-01 00:48:31.861   635   635 E ANDR-PERF-TARGET: Error: Invalid logical cluster id 0
01-01 00:48:31.861   635   635 E ANDR-PERF-MPCTL: invalid request, no optimizations performed
01-01 00:48:31.870  3675 15560 W InteractionController: runAndwaitForEvents timed out waiting for events
01-01 00:48:31.871  3675 15560 D InteractionController: Vertical scrollSwipe reached scroll end: false
01-01 00:48:31.877   635   635 E ANDR-PERF-TARGET: Error: Invalid logical cluster id 0
01-01 00:48:31.877   635   635 E ANDR-PERF-MPCTL: invalid request, no optimizations performed
01-01 00:48:31.894   635   635 E ANDR-PERF-TARGET: Error: Invalid logical cluster id 0
01-01 00:48:31.894   635   635 E ANDR-PERF-MPCTL: invalid request, no optimizations performed
01-01 00:48:31.911   635   635 E ANDR-PERF-TARGET: Error: Invalid logical cluster id 0
01-01 00:48:31.911   635   635 E ANDR-PERF-MPCTL: invalid request, no optimizations performed
01-01 00:48:31.927   635   635 E ANDR-PERF-TARGET: Error: Invalid logical cluster id 0
01-01 00:48:31.928   635   635 E ANDR-PERF-MPCTL: invalid request, no optimizations performed
01-01 00:48:31.944   635   635 E ANDR-PERF-TARGET: Error: Invalid logical cluster id 0
01-01 00:48:31.944   635   635 E ANDR-PERF-MPCTL: invalid request, no optimizations performed
01-01 00:48:31.961   635   635 E ANDR-PERF-TARGET: Error: Invalid logical cluster id 0
01-01 00:48:31.961   635   635 E ANDR-PERF-MPCTL: invalid request, no optimizations performed
01-01 00:48:31.978   635   635 E ANDR-PERF-TARGET: Error: Invalid logical cluster id 0
01-01 00:48:31.978   635   635 E ANDR-PERF-MPCTL: invalid request, no optimizations performed
01-01 00:48:31.994   635   635 E ANDR-PERF-TARGET: Error: Invalid logical cluster id 0
01-01 00:48:31.994   635   635 E ANDR-PERF-MPCTL: invalid request, no optimizations performed
01-01 00:48:32.011   635   635 E ANDR-PERF-TARGET: Error: Invalid logical cluster id 0
01-01 00:48:32.011   635   635 E ANDR-PERF-MPCTL: invalid request, no optimizations performed
01-01 00:48:32.022  1933  1933 I LCMANDR : SWR_OOB_HV_MF_009|FUN=ResourceMonitoringService::movingMemoryAverage|2|Moving memory average :30.102783
01-01 00:48:32.023  1933  1933 W LCMANDR : SWR_OOB_HV_MF_009|FUN=ResourceMonitoringService::getCpuUsageStatistic|Moving MEM AVG :::::::::30.102783
01-01 00:48:32.024  1933  1933 W LCMANDR : SWR_OOB_HV_MF_009|FUN=ResourceMonitoringService::getCpuUsageStatistic|2|Total cpu usage :27.16763
01-01 00:48:32.024  1933  1933 I LCMANDR : SWR_OOB_HV_MF_009|FUN=ResourceMonitoringService::getCpuUsageStatistic|Cpu usage of core  0 is32.63158
01-01 00:48:32.024  1933  1933 I LCMANDR : SWR_OOB_HV_MF_009|FUN=ResourceMonitoringService::getCpuUsageStatistic|Cpu usage of core  1 is27.586206
01-01 00:48:32.024  1933  1933 I LCMANDR : SWR_OOB_HV_MF_009|FUN=ResourceMonitoringService::getCpuUsageStatistic|Cpu usage of core  2 is21.37931
01-01 00:48:32.024  1933  1933 I LCMANDR : ResourceMonitoringService::movingCpuAverage()
01-01 00:48:32.024  1933  1933 I LCMANDR : SWR_OOB_HV_MF_009|FUN=ResourceMonitoringService::movingCpuAverage|2|Moving window average of CPU 24.659203
01-01 00:48:32.024  1933  1933 I LCMANDR : SWR_OOB_HV_MF_009|FUN=ResourceMonitoringService::movingCpuAverage|2|Cpu moving average of core  0 is25.591557
01-01 00:48:32.024  1933  1933 I LCMANDR : SWR_OOB_HV_MF_009|FUN=ResourceMonitoringService::movingCpuAverage|2|Cpu moving average of core  1 is23.14585
01-01 00:48:32.025  1933  1933 I LCMANDR : SWR_OOB_HV_MF_009|FUN=ResourceMonitoringService::movingCpuAverage|2|Cpu moving average of core  2 is25.214624
01-01 00:48:32.025  1933  1933 D LCMANDR : SWR_OOB_HV_MF_009|FUN=ResourceMonitoringService::movingCpuAverage|2|Exiting VAL = 24.659203
01-01 00:48:32.028   635   635 E ANDR-PERF-TARGET: Error: Invalid logical cluster id 0
01-01 00:48:32.028   635   635 E ANDR-PERF-MPCTL: invalid request, no optimizations performed
01-01 00:48:32.044   635   635 E ANDR-PERF-TARGET: Error: Invalid logical cluster id 0
01-01 00:48:32.045   635   635 E ANDR-PERF-MPCTL: invalid request, no optimizations performed
01-01 00:48:32.546   729   748 I sssv-lib: sendMsg enter
01-01 00:48:32.547   729   748 I sssv-lib: sendMsg complete.
01-01 00:48:32.581  3675 15560 I QueryController: Matched selector: UiSelector[SCROLLABLE=true, CHILD=UiSelector[TEXT=RSE_Test]] <<==>> [android.view.accessibility.AccessibilityNodeInfo@2e9386f; boundsInParent: Rect(0, 0 - 1078, 77); boundsInScreen: Rect(354, 500 - 1431, 577); packageName: com.panasonic.hmi2settings; className: android.widget.TextView; text: RSE_Test; error: null; maxTextLength: -1; contentDescription: null; viewIdResName: com.panasonic.hmi2settings:id/wifiName; checkable: false; checked: false; focusable: false; focused: false; selected: false; clickable: false; longClickable: false; contextClickable: false; enabled: true; password: false; scrollable: false; importantForAccessibility: true; actions: [AccessibilityAction: ACTION_SELECT - null, AccessibilityAction: ACTION_CLEAR_SELECTION - null, AccessibilityAction: ACTION_ACCESSIBILITY_FOCUS - null, AccessibilityAction: ACTION_NEXT_AT_MOVEMENT_GRANULARITY - null, AccessibilityAction: ACTION_PREVIOUS_AT_MOVEMENT_GRANULARITY - null, AccessibilityAction: ACTION_SET_SELECTION - null, AccessibilityAction: ACTION_SHOW_ON_SCREEN - null]]
01-01 00:48:32.590  3675 15561 D UIAutomatorStub: URI: /jsonrpc/0, Method: POST, Header: {content-length=176, remote-addr=127.0.0.1, http-client-ip=127.0.0.1, host=localhost:9009, content-type=application/json, connection=close, accept-encoding=identity, user-agent=Python-urllib/2.7}, params, {NanoHttpd.QUERY_STRING=null}, files: {postData={"params": [{"childOrSiblingSelector": [], "text": "RSE_Test", "mask": 1, "childOrSibling": []}], "jsonrpc": "2.0", "method": "click", "id": "088e79818e9ddbef581236b18e8f8d29"}}
01-01 00:48:32.657  3675 15562 D UIAutomatorStub: URI: /jsonrpc/0, Method: POST, Header: {content-length=213, remote-addr=127.0.0.1, http-client-ip=127.0.0.1, host=localhost:9009, content-type=application/json, connection=close, accept-encoding=identity, user-agent=Python-urllib/2.7}, params, {NanoHttpd.QUERY_STRING=null}, files: {postData={"params": [{"childOrSiblingSelector": [], "className": "android.widget.EditText", "mask": 16, "childOrSibling": []}, "Secure7@55"], "jsonrpc": "2.0", "method": "setText", "id": "6036e41afb12d389705913bf2cd8dee7"}}
01-01 00:48:32.664  3739  3739 W HMI2-SETTINGS - CI08.4: className -> WifiAdapter | functionName -> onBindViewHolder | value -> allWifiList.get(position).getSecurityType() : wifiNametrue
01-01 00:48:32.664  3739  3739 W HMI2-SETTINGS - CI08.4: className -> WifiActivity | functionName -> onWifiClick | value -> getSecurityType ->true
01-01 00:48:32.674  3739  3739 D View    : setSystemUiVisibility: creating intent for action ACTION_ACTIVITY_FULLSCREEN
01-01 00:48:32.674  3739  3739 W ContextImpl: Calling a method in the system process without a qualified user: android.app.ContextImpl.startService:1476 android.content.ContextWrapper.startService:650 android.view.View.setSystemUiVisibility:22653 com.panasonic.hmi2settings.activity.WifiActivity.connectToWifi:1215 com.panasonic.hmi2settings.activity.WifiActivity.onWifiClick:522 
01-01 00:48:32.676  1151  2231 D CompatibilityInfo: mCompatibilityFlags - 4
01-01 00:48:32.676  1151  2231 D CompatibilityInfo: applicationDensity - 240
01-01 00:48:32.676  1151  2231 D CompatibilityInfo: applicationScale - 1.0
01-01 00:48:32.677  3739  3739 D View    : setSystemUiVisibility: startService done
01-01 00:48:32.679   635   635 E ANDR-PERF-TARGET: Error: Invalid logical cluster id 0
01-01 00:48:32.679   635   635 E ANDR-PERF-MPCTL: invalid request, no optimizations performed
01-01 00:48:32.680  1392  1392 W SYSTEM_UI: SWR_SYSTEM_UI_007|FUN=CollapsedStatusBarFragment::getAction |1|Broadcast action --> STATUS_UPDATE_ACTION
01-01 00:48:32.680  1392  1392 W SYSTEM_UI: SWR_SYSTEM_UI_007|FUN=CollapsedStatusBarFragment::getIntExtra |1|NotifySystemUpdates dataType --> 101
01-01 00:48:32.680  1392  1392 W SYSTEM_UI - CI07.3: className -> CollapsedStatusBarFragment | functionName -> NotifySystemUpdates | onReceive -->  | value -> FULLSCREEN MODE CHANGED | isFullScreenStatus --> false | fullScreenPackage -->com.panasonic.hmi2settings | fullscreenLastShownPackage -->null | topActivityPackage --> com.panasonic.hmi2settings
01-01 00:48:32.680  1392  1392 W SYSTEM_UI - CI07.3: className -> CollapsedStatusBarFragment | functionName -> NotifySystemUpdates | onReceive -->  | value -> Fullscreen mode changed --> path 5
01-01 00:48:32.685  1151  2229 D WindowManager: addToDisplay >>> FLAG_FULLSCREEN not set in WindowManager.LayoutParams
01-01 00:48:32.685  1151  2229 D WindowManager: startStatusReceiverServiceOnFlagSet: creating intent for action ACTION_ACTIVITY_FULLSCREEN
01-01 00:48:32.686  1151  2229 W ContextImpl: Calling a method in the system process without a qualified user: android.app.ContextImpl.startService:1476 com.android.server.wm.Session.startStatusReceiverServiceOnFlagSet:762 com.android.server.wm.Session.addToDisplay:217 android.view.IWindowSession$Stub.onTransact:124 com.android.server.wm.Session.onTransact:166 
01-01 00:48:32.686  1151  2229 D CompatibilityInfo: mCompatibilityFlags - 4
01-01 00:48:32.686  1151  2229 D CompatibilityInfo: applicationDensity - 240
01-01 00:48:32.686  1151  2229 D CompatibilityInfo: applicationScale - 1.0
01-01 00:48:32.687  1151  2229 D WindowManager: startStatusReceiverServiceOnFlagSet: startService done
01-01 00:48:32.690  3739  3739 W HMI2-SETTINGS: SWR_BAIDU_HMI_0015|FUN=WifiActivity::addView|0|Display password enter dialog with addView method.
01-01 00:48:32.691  3739  3739 W HMI2-SETTINGS: SWR_BAIDU_HMI_0027|FUN=WifiActivity::addView|0|Display password enter dialog with addView method.
01-01 00:48:32.692  3739  3739 W HMI2-SETTINGS - CI08.4: className -> WifiActivity | functionName -> setOnFocusChangeListener :   | value -> hasFocus:true
01-01 00:48:32.693  1392  1392 W SYSTEM_UI: SWR_SYSTEM_UI_007|FUN=CollapsedStatusBarFragment::getAction |1|Broadcast action --> STATUS_UPDATE_ACTION
01-01 00:48:32.693  1392  1392 W SYSTEM_UI: SWR_SYSTEM_UI_007|FUN=CollapsedStatusBarFragment::getIntExtra |1|NotifySystemUpdates dataType --> 101
01-01 00:48:32.693  1392  1392 W SYSTEM_UI - CI07.3: className -> CollapsedStatusBarFragment | functionName -> NotifySystemUpdates | onReceive -->  | value -> FULLSCREEN MODE CHANGED | isFullScreenStatus --> false | fullScreenPackage -->com.panasonic.hmi2settings | fullscreenLastShownPackage -->null | topActivityPackage --> com.panasonic.hmi2settings
01-01 00:48:32.693  1392  1392 W SYSTEM_UI - CI07.3: className -> CollapsedStatusBarFragment | functionName -> NotifySystemUpdates | onReceive -->  | value -> Fullscreen mode changed --> path 5
01-01 00:48:32.693  1151  2231 D mEnabledInputMethodsStrCache: com.android.inputmethods.latin/.LatinIME
01-01 00:48:32.693  1151  2231 D systemLanguageCode: en__GB
01-01 00:48:32.694  1151  2231 D mEnabledInputMethodsStrCache: com.android.inputmethods.latin/.LatinIME
01-01 00:48:32.698  1151  2231 D mEnabledInputMethodsStrCache: com.android.inputmethods.latin/.LatinIME
01-01 00:48:32.698  1151  2231 D systemLanguageCode: en__GB
01-01 00:48:32.698  1151  2231 D mEnabledInputMethodsStrCache: com.android.inputmethods.latin/.LatinIME
01-01 00:48:32.700  1151  2231 D mEnabledInputMethodsStrCache: com.android.inputmethods.latin/.LatinIME
01-01 00:48:32.701  1151  2231 D systemLanguageCode: en__GB
01-01 00:48:32.701  1151  2231 D mEnabledInputMethodsStrCache: com.android.inputmethods.latin/.LatinIME
01-01 00:48:32.701  1151  2231 D mEnabledInputMethodsStrCache: com.android.inputmethods.latin/.LatinIME
01-01 00:48:32.701  1151  2231 D systemLanguageCode: en__GB
01-01 00:48:32.701  1151  2231 D mEnabledInputMethodsStrCache: com.android.inputmethods.latin/.LatinIME
01-01 00:48:32.702  1151  2231 D mEnabledInputMethodsStrCache: com.android.inputmethods.latin/.LatinIME
01-01 00:48:32.702  1151  2231 D systemLanguageCode: en__GB
01-01 00:48:32.702  1151  2231 D mEnabledInputMethodsStrCache: com.android.inputmethods.latin/.LatinIME
01-01 00:48:32.702  1151  2231 D mEnabledInputMethodsStrCache: com.android.inputmethods.latin/.LatinIME
01-01 00:48:32.702  1151  2231 D systemLanguageCode: en__GB
01-01 00:48:32.702  1151  2231 D mEnabledInputMethodsStrCache: com.android.inputmethods.latin/.LatinIME
01-01 00:48:32.703  1379  1379 I LatinIME: SWR_HMISERVICE_SPELLER_MF_001||FUN=onStartInputViewInternal || 1 || Starting input. Cursor position = -1,-1
