01-01 00:45:17.910  3739  3739 W HMI2-SETTINGS: SWR_BAIDU_HMI_0027|SWR_BAIDU_HMI_0015|FUN=WifiActivity::getScanResults|1|Get list of available wifi hotspots.
01-01 00:45:17.912  1392  1392 W SYSTEM_UI: SWR_BAIDU_HMI_0023|SWR_SYSTEM_UI_003|FUN=StatusBar::getActiveNotifications|1|Get active notifications from Android framework.
01-01 00:45:17.912  1392  1392 W SYSTEM_UI: SWR_SYSTEM_UI_004|FUN=StatusBar::getActiveNotifications|1|Get active notifications from Android framework.
01-01 00:45:17.912  1392  1392 D StatusBar: notification received at statusbar 2
01-01 00:45:17.916  3739  3739 W HMI2-SETTINGS - CI08.4: className -> WifiActivity | functionName -> isWapiVariantBlocked | value -> security_type:2
01-01 00:45:17.916  3739  3739 W HMI2-SETTINGS - CI08.4: className -> WifiActivity | functionName -> isInConnected | value -> | ACSIA_CORP3|0|2
01-01 00:45:17.916  3739  3739 W HMI2-SETTINGS - CI08.4: className -> WifiActivity | functionName -> isWapiVariantBlocked | value -> security_type:2
01-01 00:45:17.917  3739  3739 W HMI2-SETTINGS - CI08.4: className -> WifiActivity | functionName -> isInConnected | value -> |ACSIA_CORP2|0|2
01-01 00:45:17.917  3739  3739 W HMI2-SETTINGS - CI08.4: className -> WifiActivity | functionName -> isWapiVariantBlocked | value -> security_type:2
01-01 00:45:17.917  3739  3739 W HMI2-SETTINGS - CI08.4: className -> WifiActivity | functionName -> isInConnected | value -> |ACSIA_Management|0|2
01-01 00:45:17.917  3739  3739 W HMI2-SETTINGS - CI08.4: className -> WifiActivity | functionName -> isWapiVariantBlocked | value -> security_type:2
01-01 00:45:17.917  3739  3739 W HMI2-SETTINGS - CI08.4: className -> WifiActivity | functionName -> isInConnected | value -> |ACSIA_DEV|0|2
01-01 00:45:17.917  3739  3739 W HMI2-SETTINGS - CI08.4: className -> WifiActivity | functionName -> isWapiVariantBlocked | value -> security_type:2
01-01 00:45:17.917  3739  3739 W HMI2-SETTINGS - CI08.4: className -> WifiActivity | functionName -> isInConnected | value -> |RSE_Test|0|2
01-01 00:45:17.917  3739  3739 W HMI2-SETTINGS - CI08.4: className -> WifiActivity | functionName -> isWapiVariantBlocked | value -> security_type:2
01-01 00:45:17.917  3739  3739 W HMI2-SETTINGS - CI08.4: className -> WifiActivity | functionName -> isInConnected | value -> |NETGEAR66-5G|0|2
01-01 00:45:17.917  3739  3739 W HMI2-SETTINGS - CI08.4: className -> WifiActivity | functionName -> isWapiVariantBlocked | value -> security_type:2
01-01 00:45:17.917  3739  3739 W HMI2-SETTINGS - CI08.4: className -> WifiActivity | functionName -> isInConnected | value -> |Secure|0|2
01-01 00:45:17.917  3739  3739 W HMI2-SETTINGS - CI08.4: className -> WifiActivity | functionName -> isWapiVariantBlocked | value -> security_type:2
01-01 00:45:17.917  3739  3739 W HMI2-SETTINGS - CI08.4: className -> WifiActivity | functionName -> isInConnected | value -> | ACSIA_CORP3|0|2
01-01 00:45:17.917  3739  3739 W HMI2-SETTINGS - CI08.4: className -> WifiActivity | functionName -> isWapiVariantBlocked | value -> security_type:2
01-01 00:45:17.917  3739  3739 W HMI2-SETTINGS - CI08.4: className -> WifiActivity | functionName -> isInConnected | value -> |RSE_Test|0|2
01-01 00:45:17.917  3739  3739 W HMI2-SETTINGS - CI08.4: className -> WifiActivity | functionName -> isWapiVariantBlocked | value -> security_type:2
01-01 00:45:17.917  3739  3739 W HMI2-SETTINGS - CI08.4: className -> WifiActivity | functionName -> isInConnected | value -> |ACSIA_Management|0|2
01-01 00:45:17.917  3739  3739 W HMI2-SETTINGS - CI08.4: className -> WifiActivity | functionName -> isWapiVariantBlocked | value -> security_type:2
01-01 00:45:17.917  3739  3739 W HMI2-SETTINGS - CI08.4: className -> WifiActivity | functionName -> isInConnected | value -> |ACSIA_CORP1|0|2
01-01 00:45:17.917  3739  3739 W HMI2-SETTINGS - CI08.4: className -> WifiActivity | functionName -> isWapiVariantBlocked | value -> security_type:2
01-01 00:45:17.917  3739  3739 W HMI2-SETTINGS - CI08.4: className -> WifiActivity | functionName -> isInConnected | value -> |ACSIA_DEV|0|2
01-01 00:45:17.917  3739  3739 W HMI2-SETTINGS - CI08.4: className -> WifiActivity | functionName -> isWapiVariantBlocked | value -> security_type:2
01-01 00:45:17.917  3739  3739 W HMI2-SETTINGS - CI08.4: className -> WifiActivity | functionName -> isInConnected | value -> |ACSIA_CORP2|0|2
01-01 00:45:17.917  3739  3739 W HMI2-SETTINGS - CI08.4: className -> WifiActivity | functionName -> isWapiVariantBlocked | value -> security_type:2
01-01 00:45:17.918  3739  3739 W HMI2-SETTINGS - CI08.4: className -> WifiActivity | functionName -> isInConnected | value -> |ACSIA_GUEST1|0|2
01-01 00:45:17.918  3739  3739 W HMI2-SETTINGS - CI08.4: className -> WifiActivity | functionName -> isWapiVariantBlocked | value -> security_type:2
01-01 00:45:17.918  3739  3739 W HMI2-SETTINGS - CI08.4: className -> WifiActivity | functionName -> isInConnected | value -> |HUWIFI|0|2
01-01 00:45:17.918  3739  3739 W HMI2-SETTINGS - CI08.4: className -> WifiActivity | functionName -> isWapiVariantBlocked | value -> security_type:2
01-01 00:45:17.918  3739  3739 W HMI2-SETTINGS - CI08.4: className -> WifiActivity | functionName -> isInConnected | value -> |DIRECT-vQINLT044msmJ|0|2
01-01 00:45:17.918  3739  3739 W HMI2-SETTINGS - CI08.4: className -> WifiActivity | functionName -> isWapiVariantBlocked | value -> security_type:2
01-01 00:45:17.918  3739  3739 W HMI2-SETTINGS - CI08.4: className -> WifiActivity | functionName -> isInConnected | value -> |DIRECT-DMATCLWI2064msNL|0|2
01-01 00:45:17.918  3739  3739 W HMI2-SETTINGS - CI08.4: className -> WifiActivity | functionName -> isWapiVariantBlocked | value -> security_type:2
01-01 00:45:17.918  3739  3739 W HMI2-SETTINGS - CI08.4: className -> WifiActivity | functionName -> isInConnected | value -> |ACSIA_CORP1|0|2
01-01 00:45:17.918  3739  3739 W HMI2-SETTINGS - CI08.4: className -> WifiActivity | functionName -> isWapiVariantBlocked | value -> security_type:2
01-01 00:45:17.918  3739  3739 W HMI2-SETTINGS - CI08.4: className -> WifiActivity | functionName -> isInConnected | value -> |AUTOMATION_TEST|0|2
01-01 00:45:17.918  3739  3739 W HMI2-SETTINGS - CI08.4: className -> WifiActivity | functionName -> isWapiVariantBlocked | value -> security_type:2
01-01 00:45:17.918  3739  3739 W HMI2-SETTINGS - CI08.4: className -> WifiActivity | functionName -> isInConnected | value -> |ACSIA_GUEST1|0|2
01-01 00:45:17.918  3739  3739 W HMI2-SETTINGS - CI08.4: className -> WifiActivity | functionName -> isWapiVariantBlocked | value -> security_type:2
01-01 00:45:17.918  3739  3739 W HMI2-SETTINGS - CI08.4: className -> WifiActivity | functionName -> isInConnected | value -> |ACSIA_DEV|0|2
01-01 00:45:17.918  3739  3739 W HMI2-SETTINGS - CI08.4: className -> WifiActivity | functionName -> isWapiVariantBlocked | value -> security_type:2
01-01 00:45:17.918  3739  3739 W HMI2-SETTINGS - CI08.4: className -> WifiActivity | functionName -> isInConnected | value -> |ACSIA_CORP2|0|2
01-01 00:45:17.918  3739  3739 W HMI2-SETTINGS - CI08.4: className -> WifiActivity | functionName -> isWapiVariantBlocked | value -> security_type:2
01-01 00:45:17.918  3739  3739 W HMI2-SETTINGS - CI08.4: className -> WifiActivity | functionName -> isInConnected | value -> | ACSIA_CORP3|0|2
01-01 00:45:17.918  3739  3739 W HMI2-SETTINGS - CI08.4: className -> WifiActivity | functionName -> isWapiVariantBlocked | value -> security_type:2
01-01 00:45:17.918  3739  3739 W HMI2-SETTINGS - CI08.4: className -> WifiActivity | functionName -> isInConnected | value -> |ACSIA_Management|0|2
01-01 00:45:17.918  3739  3739 W HMI2-SETTINGS - CI08.4: className -> WifiActivity | functionName -> isWapiVariantBlocked | value -> security_type:2
01-01 00:45:17.918  3739  3739 W HMI2-SETTINGS - CI08.4: className -> WifiActivity | functionName -> isInConnected | value -> |RSE_Test|0|2
01-01 00:45:17.918  3739  3739 W HMI2-SETTINGS - CI08.4: className -> WifiActivity | functionName -> isWapiVariantBlocked | value -> security_type:2
01-01 00:45:17.918  3739  3739 W HMI2-SETTINGS - CI08.4: className -> WifiActivity | functionName -> isInConnected | value -> |MB Hotspot 61185|0|2
01-01 00:45:17.918  3739  3739 W HMI2-SETTINGS - CI08.4: className -> WifiActivity | functionName -> handleAllAvailNetwork | value -> savedNetwork ->0
01-01 00:45:17.918  3739  3739 W HMI2-SETTINGS - CI08.4: className -> WifiActivity | functionName -> handleAllAvailNetwork | value -> presentVisibleNetwork ->26
01-01 00:45:17.919  1392  1392 W SYSTEM_UI - CI07.3: className -> NotificationUIService | functionName -> onStartCommand | value -> onStartCommand NotificationServiceListener
01-01 00:45:17.919  1392  1392 W SYSTEM_UI - CI07.3: className -> NotificationUIService | functionName -> onStartCommand | value -> onStartCommand NotificationServiceListenerACTION_NOTIFICATION_UPDATE
01-01 00:45:17.919  1392  1392 W SYSTEM_UI - CI07.3: className -> NotificationUIService | functionName -> onStartCommand | value -> ActionName --> ACTION_NOTIFICATION_UPDATE
01-01 00:45:17.922  3739  3739 W HMI2-SETTINGS - CI08.4: className -> WifiActivity | functionName -> handleIfWifiAvailableNetworks: config is  | value -> null
01-01 00:45:17.932  1392  1392 D ScrimController: animate_trace: updateScrims entry
01-01 00:45:17.932  1392  1392 D ScrimController: animate_trace: setScrimBehindAlpha :hardcoding alpha=0.0 to 0
01-01 00:45:17.932  1392  1392 D ScrimController: animate_trace: setScrimInFrontAlpha :hardcoding alpha=0.0 to 0
01-01 00:45:17.947  3675 14749 D UIAutomatorStub: URI: /jsonrpc/0, Method: POST, Header: {content-length=274, remote-addr=127.0.0.1, http-client-ip=127.0.0.1, host=localhost:9009, content-type=application/json, connection=close, accept-encoding=identity, user-agent=Python-urllib/2.7}, params, {NanoHttpd.QUERY_STRING=null}, files: {postData={"params": [{"childOrSiblingSelector": [], "scrollable": true, "mask": 16384, "childOrSibling": []}, {"childOrSiblingSelector": [], "text": "RSE_Test", "mask": 1, "childOrSibling": []}, true], "jsonrpc": "2.0", "method": "scrollTo", "id": "bd46d56959e60b275a929edd7097d539"}}
01-01 00:45:17.970  1392 13321 W SYSTEM_UI - CI07.3: className -> NotificationUIService | functionName -> FilterTask | doInBackground | value -> doInBackground
01-01 00:45:17.970  1392 13321 W SYSTEM_UI - CI07.3: className -> NotificationUIService | functionName -> populateValidNotifications | value -> NOTIFICATION_INFO || packageName --> android | notificationTitle --> USB debugging connected | notificationText --> Tap to disable USB debugging. | postedTime --> 19764 | notificationId --> 26 | notificationFlag --> 2 | isClearable --> false | isOngoing --> true | notificationPriority --> 0 | notificationChannelImportance --> 2
01-01 00:45:17.971  1392 13321 W SYSTEM_UI - CI07.3: className -> NotificationUIService | functionName -> populateValidNotifications | value -> Notification entry not valid. System notification.
01-01 00:45:17.971  1392 13321 W SYSTEM_UI - CI07.3: className -> NotificationUIService | functionName -> populateValidNotifications | value -> NOTIFICATION_INFO || packageName --> android | notificationTitle --> USB charging this device | notificationText --> Tap for more options. | postedTime --> 19755 | notificationId --> 32 | notificationFlag --> 2 | isClearable --> false | isOngoing --> true | notificationPriority --> 0 | notificationChannelImportance --> 1
01-01 00:45:17.972  1392 13321 W SYSTEM_UI - CI07.3: className -> NotificationUIService | functionName -> populateValidNotifications | value -> Notification entry not valid. System notification.
01-01 00:45:17.973  1392 13321 W SYSTEM_UI: SWR_SYSTEM_UI_003|FUN=NotificationUIService::notifyStatusLineNotifications|1|statusLineNotificationPackages size --> 0
01-01 00:45:17.973  1392 13321 W SYSTEM_UI - CI07.3: className -> NotificationUIService | functionName -> updateData | value -> passed
01-01 00:45:17.973  1392 13321 W SYSTEM_UI: SWR_BAIDU_HMI_0023 SWR_SYSTEM_UI_003 SWR_SYSTEM_UI_004|FUN=NotificationUIService::updateData|1|Received notifications from Android framework
01-01 00:45:17.973  1392 13321 W SYSTEM_UI - CI07.3: className -> NotificationUIService | functionName -> FilterTask | doInBackground | value -> updateData value --> []
01-01 00:45:17.973  1392  1392 W SYSTEM_UI: SWR_SYSTEM_UI_007|FUN=CollapsedStatusBarFragment::getAction |1|Broadcast action --> STATUS_UPDATE_ACTION
01-01 00:45:17.973  1392  1392 W SYSTEM_UI: SWR_SYSTEM_UI_007|FUN=CollapsedStatusBarFragment::getIntExtra |1|NotifySystemUpdates dataType --> 102
01-01 00:45:17.973  1392  1392 W SYSTEM_UI - CI07.3: className -> CollapsedStatusBarFragment | functionName -> NotifySystemUpdates | onReceive -->  | value -> DATATYPE_NOTIFICATION: 0
01-01 00:45:17.973  1392  1392 W SYSTEM_UI: SWR_SYSTEM_UI_003|FUN=CollapsedStatusBarFragment::NotifySystemUpdates | onREeceive|1|DATATYPE_NOTIFICATION: 0
01-01 00:45:17.974  1392  1392 W SYSTEM_UI - CI07.3: className -> NotificationUIService | functionName -> FilterTask | onPostExecute | value -> stateWindow --> -1
01-01 00:45:17.974  1392  1392 W SYSTEM_UI - CI07.3: className -> NotificationUIService | functionName -> showHeadsUpNotification | value -> headsup disabled
01-01 00:45:18.074  1392  1392 W SYSTEM_UI - CI07.3: className -> NotificationUIService | functionName -> populateValidNotifications | value -> NOTIFICATION_INFO || packageName --> android | notificationTitle --> USB debugging connected | notificationText --> Tap to disable USB debugging. | postedTime --> 19764 | notificationId --> 26 | notificationFlag --> 2 | isClearable --> false | isOngoing --> true | notificationPriority --> 0 | notificationChannelImportance --> 2
01-01 00:45:18.075  1392  1392 W SYSTEM_UI - CI07.3: className -> NotificationUIService | functionName -> populateValidNotifications | value -> Notification entry not valid. System notification.
01-01 00:45:18.076  1392  1392 W SYSTEM_UI - CI07.3: className -> NotificationUIService | functionName -> populateValidNotifications | value -> NOTIFICATION_INFO || packageName --> android | notificationTitle --> USB charging this device | notificationText --> Tap for more options. | postedTime --> 19755 | notificationId --> 32 | notificationFlag --> 2 | isClearable --> false | isOngoing --> true | notificationPriority --> 0 | notificationChannelImportance --> 1
01-01 00:45:18.077  1392  1392 W SYSTEM_UI - CI07.3: className -> NotificationUIService | functionName -> populateValidNotifications | value -> Notification entry not valid. System notification.
01-01 00:45:18.077  1392  1392 W SYSTEM_UI: SWR_SYSTEM_UI_003|FUN=NotificationUIService::notifyStatusLineNotifications|1|statusLineNotificationPackages size --> 0
01-01 00:45:18.077  1392  1392 W SYSTEM_UI - CI07.3: className -> NotificationUIService | functionName -> updateData | value -> passed
01-01 00:45:18.078  1392  1392 W SYSTEM_UI: SWR_BAIDU_HMI_0023 SWR_SYSTEM_UI_003 SWR_SYSTEM_UI_004|FUN=NotificationUIService::updateData|1|Received notifications from Android framework
01-01 00:45:18.078  1392  1392 W SYSTEM_UI - CI07.3: className -> NotificationUIService | functionName -> refresh | value -> updateData value --> []
01-01 00:45:18.078  1392  1392 W SYSTEM_UI: SWR_SYSTEM_UI_007|FUN=CollapsedStatusBarFragment::getAction |1|Broadcast action --> STATUS_UPDATE_ACTION
01-01 00:45:18.078  1392  1392 W SYSTEM_UI: SWR_SYSTEM_UI_007|FUN=CollapsedStatusBarFragment::getIntExtra |1|NotifySystemUpdates dataType --> 102
01-01 00:45:18.078  1392  1392 W SYSTEM_UI - CI07.3: className -> CollapsedStatusBarFragment | functionName -> NotifySystemUpdates | onReceive -->  | value -> DATATYPE_NOTIFICATION: 0
01-01 00:45:18.078  1392  1392 W SYSTEM_UI: SWR_SYSTEM_UI_003|FUN=CollapsedStatusBarFragment::NotifySystemUpdates | onREeceive|1|DATATYPE_NOTIFICATION: 0
01-01 00:45:18.338   729   748 I sssv-lib: sendMsg enter
01-01 00:45:18.338   729   748 I sssv-lib: sendMsg complete.
01-01 00:45:18.600  3675 14749 I QueryController: Matched selector: UiSelector[SCROLLABLE=true, CHILD=UiSelector[TEXT=RSE_Test]] <<==>> [android.view.accessibility.AccessibilityNodeInfo@2b63be4; boundsInParent: Rect(0, 0 - 1078, 77); boundsInScreen: Rect(354, 1007 - 1431, 1061); packageName: com.panasonic.hmi2settings; className: android.widget.TextView; text: RSE_Test; error: null; maxTextLength: -1; contentDescription: null; viewIdResName: com.panasonic.hmi2settings:id/wifiName; checkable: false; checked: false; focusable: false; focused: false; selected: false; clickable: false; longClickable: false; contextClickable: false; enabled: true; password: false; scrollable: false; importantForAccessibility: true; actions: [AccessibilityAction: ACTION_SELECT - null, AccessibilityAction: ACTION_CLEAR_SELECTION - null, AccessibilityAction: ACTION_ACCESSIBILITY_FOCUS - null, AccessibilityAction: ACTION_NEXT_AT_MOVEMENT_GRANULARITY - null, AccessibilityAction: ACTION_PREVIOUS_AT_MOVEMENT_GRANULARITY - null, AccessibilityAction: ACTION_SET_SELECTION - null, AccessibilityAction: ACTION_SHOW_ON_SCREEN - null]]
01-01 00:45:18.611  3675 14750 D UIAutomatorStub: URI: /jsonrpc/0, Method: POST, Header: {content-length=176, remote-addr=127.0.0.1, http-client-ip=127.0.0.1, host=localhost:9009, content-type=application/json, connection=close, accept-encoding=identity, user-agent=Python-urllib/2.7}, params, {NanoHttpd.QUERY_STRING=null}, files: {postData={"params": [{"childOrSiblingSelector": [], "text": "RSE_Test", "mask": 1, "childOrSibling": []}], "jsonrpc": "2.0", "method": "click", "id": "98abefc37fab47ae107a994f0550e0fd"}}
01-01 00:45:18.666  3739  3739 W HMI2-SETTINGS - CI08.4: className -> WifiAdapter | functionName -> onBindViewHolder | value -> allWifiList.get(position).getSecurityType() : wifiNametrue
01-01 00:45:18.667  3739  3739 W HMI2-SETTINGS - CI08.4: className -> WifiActivity | functionName -> onWifiClick | value -> getSecurityType ->true
01-01 00:45:18.672  3739  3739 D View    : setSystemUiVisibility: creating intent for action ACTION_ACTIVITY_FULLSCREEN
01-01 00:45:17.887   808   808 I wificond: Enters wifigbk_ageOutHistory
01-01 00:45:18.673  3739  3739 W ContextImpl: Calling a method in the system process without a qualified user: android.app.ContextImpl.startService:1476 android.content.ContextWrapper.startService:650 android.view.View.setSystemUiVisibility:22653 com.panasonic.hmi2settings.activity.WifiActivity.connectToWifi:1215 com.panasonic.hmi2settings.activity.WifiActivity.onWifiClick:522 
01-01 00:45:18.674  3675 14751 D UIAutomatorStub: URI: /jsonrpc/0, Method: POST, Header: {content-length=213, remote-addr=127.0.0.1, http-client-ip=127.0.0.1, host=localhost:9009, content-type=application/json, connection=close, accept-encoding=identity, user-agent=Python-urllib/2.7}, params, {NanoHttpd.QUERY_STRING=null}, files: {postData={"params": [{"childOrSiblingSelector": [], "className": "android.widget.EditText", "mask": 16, "childOrSibling": []}, "Secure7@55"], "jsonrpc": "2.0", "method": "setText", "id": "77a149f739511565a74f384cf94c8cd3"}}
01-01 00:45:18.675  1151  8140 D CompatibilityInfo: mCompatibilityFlags - 4
01-01 00:45:18.675  1151  8140 D CompatibilityInfo: applicationDensity - 240
01-01 00:45:18.675  1151  8140 D CompatibilityInfo: applicationScale - 1.0
01-01 00:45:18.680  3739  3739 D View    : setSystemUiVisibility: startService done
01-01 00:45:18.681  1392  1392 W SYSTEM_UI: SWR_SYSTEM_UI_007|FUN=CollapsedStatusBarFragment::getAction |1|Broadcast action --> STATUS_UPDATE_ACTION
01-01 00:45:18.681  1392  1392 W SYSTEM_UI: SWR_SYSTEM_UI_007|FUN=CollapsedStatusBarFragment::getIntExtra |1|NotifySystemUpdates dataType --> 101
01-01 00:45:18.681  1392  1392 W SYSTEM_UI - CI07.3: className -> CollapsedStatusBarFragment | functionName -> NotifySystemUpdates | onReceive -->  | value -> FULLSCREEN MODE CHANGED | isFullScreenStatus --> false | fullScreenPackage -->com.panasonic.hmi2settings | fullscreenLastShownPackage -->null | topActivityPackage --> com.panasonic.hmi2settings
01-01 00:45:18.681  1392  1392 W SYSTEM_UI - CI07.3: className -> CollapsedStatusBarFragment | functionName -> NotifySystemUpdates | onReceive -->  | value -> Fullscreen mode changed --> path 5
01-01 00:45:18.685  1151  2233 D WindowManager: addToDisplay >>> FLAG_FULLSCREEN not set in WindowManager.LayoutParams
01-01 00:45:18.685  1151  2233 D WindowManager: startStatusReceiverServiceOnFlagSet: creating intent for action ACTION_ACTIVITY_FULLSCREEN
01-01 00:45:18.685  1151  2233 W ContextImpl: Calling a method in the system process without a qualified user: android.app.ContextImpl.startService:1476 com.android.server.wm.Session.startStatusReceiverServiceOnFlagSet:762 com.android.server.wm.Session.addToDisplay:217 android.view.IWindowSession$Stub.onTransact:124 com.android.server.wm.Session.onTransact:166 
01-01 00:45:18.686  1151  2233 D CompatibilityInfo: mCompatibilityFlags - 4
01-01 00:45:18.686  1151  2233 D CompatibilityInfo: applicationDensity - 240
01-01 00:45:18.686  1151  2233 D CompatibilityInfo: applicationScale - 1.0
01-01 00:45:18.687  1151  2233 D WindowManager: startStatusReceiverServiceOnFlagSet: startService done
01-01 00:45:18.693  3739  3739 W HMI2-SETTINGS: SWR_BAIDU_HMI_0015|FUN=WifiActivity::addView|0|Display password enter dialog with addView method.
01-01 00:45:18.693  3739  3739 W HMI2-SETTINGS: SWR_BAIDU_HMI_0027|FUN=WifiActivity::addView|0|Display password enter dialog with addView method.
01-01 00:45:18.694  1392  1392 W SYSTEM_UI: SWR_SYSTEM_UI_007|FUN=CollapsedStatusBarFragment::getAction |1|Broadcast action --> STATUS_UPDATE_ACTION
01-01 00:45:18.695  1392  1392 W SYSTEM_UI: SWR_SYSTEM_UI_007|FUN=CollapsedStatusBarFragment::getIntExtra |1|NotifySystemUpdates dataType --> 101
01-01 00:45:18.695  1392  1392 W SYSTEM_UI - CI07.3: className -> CollapsedStatusBarFragment | functionName -> NotifySystemUpdates | onReceive -->  | value -> FULLSCREEN MODE CHANGED | isFullScreenStatus --> false | fullScreenPackage -->com.panasonic.hmi2settings | fullscreenLastShownPackage -->null | topActivityPackage --> com.panasonic.hmi2settings
01-01 00:45:18.695  1392  1392 W SYSTEM_UI - CI07.3: className -> CollapsedStatusBarFragment | functionName -> NotifySystemUpdates | onReceive -->  | value -> Fullscreen mode changed --> path 5
01-01 00:45:18.695  3739  3739 W HMI2-SETTINGS - CI08.4: className -> WifiActivity | functionName -> setOnFocusChangeListener :   | value -> hasFocus:true
01-01 00:45:18.699  1151  2233 D mEnabledInputMethodsStrCache: com.android.inputmethods.latin/.LatinIME
01-01 00:45:18.699  1151  2233 D systemLanguageCode: en__GB
01-01 00:45:18.699  1151  2233 D mEnabledInputMethodsStrCache: com.android.inputmethods.latin/.LatinIME
01-01 00:45:18.701  1151  2264 D mEnabledInputMethodsStrCache: com.android.inputmethods.latin/.LatinIME
01-01 00:45:18.701  1151  2264 D systemLanguageCode: en__GB
01-01 00:45:18.701  1151  2264 D mEnabledInputMethodsStrCache: com.android.inputmethods.latin/.LatinIME
01-01 00:45:18.703  1151  8140 D mEnabledInputMethodsStrCache: com.android.inputmethods.latin/.LatinIME
01-01 00:45:18.703  1151  8140 D systemLanguageCode: en__GB
01-01 00:45:18.703  1151  8140 D mEnabledInputMethodsStrCache: com.android.inputmethods.latin/.LatinIME
01-01 00:45:18.704  1151  8140 D mEnabledInputMethodsStrCache: com.android.inputmethods.latin/.LatinIME
01-01 00:45:18.704  1151  8140 D systemLanguageCode: en__GB
01-01 00:45:18.705  1151  8140 D mEnabledInputMethodsStrCache: com.android.inputmethods.latin/.LatinIME
01-01 00:45:18.705  1151  2233 D mEnabledInputMethodsStrCache: com.android.inputmethods.latin/.LatinIME
01-01 00:45:18.705  1151  2233 D systemLanguageCode: en__GB
01-01 00:45:18.705  1151  2233 D mEnabledInputMethodsStrCache: com.android.inputmethods.latin/.LatinIME
01-01 00:45:18.706  1151  2233 D mEnabledInputMethodsStrCache: com.android.inputmethods.latin/.LatinIME
01-01 00:45:18.706  1151  2233 D systemLanguageCode: en__GB
01-01 00:45:18.706  1151  2233 D mEnabledInputMethodsStrCache: com.android.inputmethods.latin/.LatinIME
01-01 00:45:18.706  1379  1379 I LatinIME: SWR_HMISERVICE_SPELLER_MF_001||FUN=onStartInputViewInternal || 1 || Starting input. Cursor position = -1,-1
01-01 00:45:18.708  1151  8140 D WindowManager: relayout packageName=com.panasonic.hmi2settings::session=Session{c47ecfc 3739:1000}::window=android.view.IWindow$Stub$Proxy@e8eff01::attrs.flags=1000100
01-01 00:45:18.708  1151  8140 D WindowManager: relayout >>> FLAG_FULLSCREEN not set in WindowManager.LayoutParams
01-01 00:45:18.708  1151  8140 D WindowManager: startStatusReceiverServiceOnFlagSet: creating intent for action ACTION_ACTIVITY_FULLSCREEN
01-01 00:45:18.709  1151  8140 W ContextImpl: Calling a method in the system process without a qualified user: android.app.ContextImpl.startService:1476 com.android.server.wm.Session.startStatusReceiverServiceOnFlagSet:762 com.android.server.wm.Session.relayout:276 android.view.IWindowSession$Stub.onTransact:286 com.android.server.wm.Session.onTransact:166 
01-01 00:45:18.709  1151  8140 D CompatibilityInfo: mCompatibilityFlags - 4
01-01 00:45:18.709  1151  8140 D CompatibilityInfo: applicationDensity - 240
01-01 00:45:18.710  1151  8140 D CompatibilityInfo: applicationScale - 1.0
01-01 00:45:18.710  1151  8140 D WindowManager: startStatusReceiverServiceOnFlagSet: startService done
01-01 00:45:18.713  1392  1392 W SYSTEM_UI: SWR_SYSTEM_UI_007|FUN=CollapsedStatusBarFragment::getAction |1|Broadcast action --> STATUS_UPDATE_ACTION
01-01 00:45:18.714  1392  1392 W SYSTEM_UI: SWR_SYSTEM_UI_007|FUN=CollapsedStatusBarFragment::getIntExtra |1|NotifySystemUpdates dataType --> 101
01-01 00:45:18.714  1392  1392 W SYSTEM_UI - CI07.3: className -> CollapsedStatusBarFragment | functionName -> NotifySystemUpdates | onReceive -->  | value -> FULLSCREEN MODE CHANGED | isFullScreenStatus --> false | fullScreenPackage -->com.panasonic.hmi2settings | fullscreenLastShownPackage -->null | topActivityPackage --> com.panasonic.hmi2settings
01-01 00:45:18.714  1392  1392 W SYSTEM_UI - CI07.3: className -> CollapsedStatusBarFragment | functionName -> NotifySystemUpdates | onReceive -->  | value -> Fullscreen mode changed --> path 5
01-01 00:45:18.735  3675 14751 W ByMatcher: Node returned null child: android.view.accessibility.AccessibilityNodeInfo@80006f92; boundsInParent: Rect(0, 0 - 1920, 1080); boundsInScreen: Rect(0, 0 - 1920, 1080); packageName: com.panasonic.hmi2settings; className: android.widget.FrameLayout; text: null; error: null; maxTextLength: -1; contentDescription: null; viewIdResName: null; checkable: false; checked: false; focusable: false; focused: false; selected: false; clickable: false; longClickable: false; contextClickable: false; enabled: true; password: false; scrollable: false; importantForAccessibility: true; actions: [AccessibilityAction: ACTION_SELECT - null, AccessibilityAction: ACTION_CLEAR_SELECTION - null, AccessibilityAction: ACTION_ACCESSIBILITY_FOCUS - null, AccessibilityAction: ACTION_SHOW_ON_SCREEN - null]
01-01 00:45:18.735  3675 14751 W ByMatcher: Skipping null child (0 of 1)
01-01 00:45:18.736  3675 14751 W ByMatcher: Node returned null child: android.view.accessibility.AccessibilityNodeInfo@80006f92; boundsInParent: Rect(0, 0 - 1920, 1080); boundsInScreen: Rect(0, 0 - 1920, 1080); packageName: com.panasonic.hmi2settings; className: android.widget.FrameLayout; text: null; error: null; maxTextLength: -1; contentDescription: null; viewIdResName: null; checkable: false; checked: false; focusable: false; focused: false; selected: false; clickable: false; longClickable: false; contextClickable: false; enabled: true; password: false; scrollable: false; importantForAccessibility: true; actions: [AccessibilityAction: ACTION_SELECT - null, AccessibilityAction: ACTION_CLEAR_SELECTION - null, AccessibilityAction: ACTION_ACCESSIBILITY_FOCUS - null, AccessibilityAction: ACTION_SHOW_ON_SCREEN - null]
01-01 00:45:18.736  3675 14751 W ByMatcher: Skipping null child (0 of 1)
01-01 00:45:18.739  3675 14751 W ByMatcher: Node returned null child: android.view.accessibility.AccessibilityNodeInfo@7442; boundsInParent: Rect(0, 0 - 1920, 104); boundsInScreen: Rect(0, 0 - 1920, 104); packageName: com.android.systemui; className: android.widget.FrameLayout; text: null; error: null; maxTextLength: -1; contentDescription: null; viewIdResName: null; checkable: false; checked: false; focusable: false; focused: false; selected: false; clickable: false; longClickable: false; contextClickable: false; enabled: true; password: false; scrollable: false; importantForAccessibility: true; actions: [AccessibilityAction: ACTION_SELECT - null, AccessibilityAction: ACTION_CLEAR_SELECTION - null, AccessibilityAction: ACTION_ACCESSIBILITY_FOCUS - null, AccessibilityAction: ACTION_SHOW_ON_SCREEN - null]
01-01 00:45:18.739  3675 14751 W ByMatcher: Skipping null child (0 of 4)
01-01 00:45:18.740  3675 14751 W ByMatcher: Skipping null child (1 of 4)
01-01 00:45:18.741  3675 14751 W ByMatcher: Skipping null child (2 of 4)
01-01 00:45:18.741  3675 14751 W ByMatcher: Skipping null child (3 of 4)
01-01 00:45:18.742  3675 14751 W ByMatcher: Node returned null child: android.view.accessibility.AccessibilityNodeInfo@7442; boundsInParent: Rect(0, 0 - 1920, 104); boundsInScreen: Rect(0, 0 - 1920, 104); packageName: com.android.systemui; className: android.widget.FrameLayout; text: null; error: null; maxTextLength: -1; contentDescription: null; viewIdResName: null; checkable: false; checked: false; focusable: false; focused: false; selected: false; clickable: false; longClickable: false; contextClickable: false; enabled: true; password: false; scrollable: false; importantForAccessibility: true; actions: [AccessibilityAction: ACTION_SELECT - null, AccessibilityAction: ACTION_CLEAR_SELECTION - null, AccessibilityAction: ACTION_ACCESSIBILITY_FOCUS - null, AccessibilityAction: ACTION_SHOW_ON_SCREEN - null]
01-01 00:45:18.742  3675 14751 W ByMatcher: Skipping null child (0 of 4)
01-01 00:45:18.746  3675 14751 W ByMatcher: Skipping null child (1 of 4)
01-01 00:45:18.747  3675 14751 W ByMatcher: Skipping null child (2 of 4)
01-01 00:45:18.748  3675 14751 W ByMatcher: Skipping null child (3 of 4)
01-01 00:45:18.750     1   452 I init    : Uptime: 02714.887035 LocalTime: 01-01 00:45:18.750
01-01 00:45:18.793  1379  1379 I InputAttributes: InputType.TYPE_NULL is specified
01-01 00:45:18.794  1151  2233 D mEnabledInputMethodsStrCache: com.android.inputmethods.latin/.LatinIME
01-01 00:45:18.795  1151  2233 D systemLanguageCode: en__GB
01-01 00:45:18.795  1151  2233 D mEnabledInputMethodsStrCache: com.android.inputmethods.latin/.LatinIME
01-01 00:45:18.796  1379  1379 V KeyboardState: onLoadKeyboard: [keyboard=UNSHIFTED shift=RELEASING symbol=RELEASING switch=ALPHA] autoCapsFlags=none recapitalizeMode=undefined
01-01 00:45:18.796  1379  1379 D KeyboardState: setAlphabetKeyboard: [keyboard=UNSHIFTED shift=RELEASING symbol=RELEASING switch=ALPHA] autoCapsFlags=none recapitalizeMode=undefined
01-01 00:45:18.796  1379  1379 D KeyboardSwitcher: setAlphabetKeyboard
01-01 00:45:18.797  1151  8140 D mEnabledInputMethodsStrCache: com.android.inputmethods.latin/.LatinIME
01-01 00:45:18.797  1151  8140 D systemLanguageCode: en__GB
01-01 00:45:18.797  1151  8140 D mEnabledInputMethodsStrCache: com.android.inputmethods.latin/.LatinIME
01-01 00:45:18.798  1379  1379 D KeyboardSwitcher: requestUpdatingShiftState:  autoCapsFlags=none recapitalizeMode=undefined
01-01 00:45:18.798  1379  1379 D KeyboardState: onUpdateShiftState: [keyboard=UNSHIFTED shift=RELEASING symbol=RELEASING switch=ALPHA] autoCapsFlags=none recapitalizeMode=undefined
01-01 00:45:18.798  1379  1379 D KeyboardState: setShifted: shiftMode=UNSHIFT [keyboard=UNSHIFTED shift=RELEASING symbol=RELEASING switch=ALPHA]
01-01 00:45:18.798  1151  8140 D mEnabledInputMethodsStrCache: com.android.inputmethods.latin/.LatinIME
01-01 00:45:18.798  1151  8140 D systemLanguageCode: en__GB
01-01 00:45:18.798  1151  8140 D mEnabledInputMethodsStrCache: com.android.inputmethods.latin/.LatinIME
01-01 00:45:18.800  1151  8140 D mEnabledInputMethodsStrCache: com.android.inputmethods.latin/.LatinIME
01-01 00:45:18.800  1151  8140 D systemLanguageCode: en__GB
01-01 00:45:18.800  1151  8140 D mEnabledInputMethodsStrCache: com.android.inputmethods.latin/.LatinIME
01-01 00:45:18.801  1379  1379 I NuanceUtil: Language text: en_GB, Language code: 5
01-01 00:45:18.801  1379  1379 I NuanceLog: Active Language: ET9LIDEnglish_UK
01-01 00:45:18.801  1379  1379 I NuanceLog: Active LDB: /system/etc/RSESpeller/configs/LDBs/v13.1.0/englishuk/ENubUNUK_xt9_ALM3.ldb
01-01 00:45:18.801  1379  1379 I LatinIME: Nuance API Initialized successfully
01-01 00:45:18.801  1379  1379 I LatinIME: Suggestion strip view visibility gone
01-01 00:45:18.802  1151  8140 D mEnabledInputMethodsStrCache: com.android.inputmethods.latin/.LatinIME
01-01 00:45:18.802  1151  8140 D systemLanguageCode: en__GB
01-01 00:45:18.802  1151  8140 D mEnabledInputMethodsStrCache: com.android.inputmethods.latin/.LatinIME
01-01 00:45:18.802  1151  8140 D mEnabledInputMethodsStrCache: com.android.inputmethods.latin/.LatinIME
01-01 00:45:18.802  1151  8140 D systemLanguageCode: en__GB
01-01 00:45:18.802  1151  8140 D mEnabledInputMethodsStrCache: com.android.inputmethods.latin/.LatinIME
01-01 00:45:18.803  1151  8140 D mEnabledInputMethodsStrCache: com.android.inputmethods.latin/.LatinIME
01-01 00:45:18.803  1151  8140 D systemLanguageCode: en__GB
01-01 00:45:18.803  1151  8140 D mEnabledInputMethodsStrCache: com.android.inputmethods.latin/.LatinIME
01-01 00:45:18.803  1151  8140 D mEnabledInputMethodsStrCache: com.android.inputmethods.latin/.LatinIME
01-01 00:45:18.803  1151  8140 D systemLanguageCode: en__GB
01-01 00:45:18.803  1151  8140 D mEnabledInputMethodsStrCache: com.android.inputmethods.latin/.LatinIME
01-01 00:45:18.806  1151  8140 D WindowManager: relayout packageName=com.android.inputmethods.latin::session=Session{ca2ba78 1379:1000}::window=android.view.IWindow$Stub$Proxy@8e02f94::attrs.flags=800108
01-01 00:45:18.806  1151  8140 D WindowManager: relayout >>> FLAG_FULLSCREEN not set in WindowManager.LayoutParams
01-01 00:45:18.806  1151  8140 D WindowManager: startStatusReceiverServiceOnFlagSet: creating intent for action ACTION_ACTIVITY_FULLSCREEN
01-01 00:45:18.807  1151  8140 W ContextImpl: Calling a method in the system process without a qualified user: android.app.ContextImpl.startService:1476 com.android.server.wm.Session.startStatusReceiverServiceOnFlagSet:762 com.android.server.wm.Session.relayout:276 android.view.IWindowSession$Stub.onTransact:286 com.android.server.wm.Session.onTransact:166 
01-01 00:45:18.807  1151  8140 D CompatibilityInfo: mCompatibilityFlags - 4
01-01 00:45:18.808  1151  8140 D CompatibilityInfo: applicationDensity - 240
01-01 00:45:18.808  1151  8140 D CompatibilityInfo: applicationScale - 1.0
01-01 00:45:18.808  1151  8140 D WindowManager: startStatusReceiverServiceOnFlagSet: startService done
01-01 00:45:18.813  1392  1392 W SYSTEM_UI: SWR_SYSTEM_UI_007|FUN=CollapsedStatusBarFragment::getAction |1|Broadcast action --> STATUS_UPDATE_ACTION
01-01 00:45:18.813  1392  1392 W SYSTEM_UI: SWR_SYSTEM_UI_007|FUN=CollapsedStatusBarFragment::getIntExtra |1|NotifySystemUpdates dataType --> 101
01-01 00:45:18.813  1392  1392 W SYSTEM_UI - CI07.3: className -> CollapsedStatusBarFragment | functionName -> NotifySystemUpdates | onReceive -->  | value -> FULLSCREEN MODE CHANGED | isFullScreenStatus --> false | fullScreenPackage -->com.android.inputmethods.latin | fullscreenLastShownPackage -->null | topActivityPackage --> com.panasonic.hmi2settings
01-01 00:45:18.813  1392  1392 W SYSTEM_UI - CI07.3: className -> CollapsedStatusBarFragment | functionName -> NotifySystemUpdates | onReceive -->  | value -> Fullscreen mode changed --> path 0
01-01 00:45:18.823  1151  8140 D mEnabledInputMethodsStrCache: com.android.inputmethods.latin/.LatinIME
01-01 00:45:18.824  1151  8140 D systemLanguageCode: en__GB
01-01 00:45:18.824  1151  8140 D mEnabledInputMethodsStrCache: com.android.inputmethods.latin/.LatinIME
01-01 00:45:18.827  1151  2233 D mEnabledInputMethodsStrCache: com.android.inputmethods.latin/.LatinIME
01-01 00:45:18.827  1151  2233 D systemLanguageCode: en__GB
01-01 00:45:18.827  1151  2233 D mEnabledInputMethodsStrCache: com.android.inputmethods.latin/.LatinIME
01-01 00:45:18.829  1151  2233 D mEnabledInputMethodsStrCache: com.android.inputmethods.latin/.LatinIME
01-01 00:45:18.829  1151  2233 D systemLanguageCode: en__GB
01-01 00:45:18.829  1151  2233 D mEnabledInputMethodsStrCache: com.android.inputmethods.latin/.LatinIME
01-01 00:45:18.830  1151  2233 D mEnabledInputMethodsStrCache: com.android.inputmethods.latin/.LatinIME
01-01 00:45:18.830  1151  2233 D systemLanguageCode: en__GB
01-01 00:45:18.830  1151  2233 D mEnabledInputMethodsStrCache: com.android.inputmethods.latin/.LatinIME
01-01 00:45:18.830  1151  2233 D mEnabledInputMethodsStrCache: com.android.inputmethods.latin/.LatinIME
01-01 00:45:18.830  1151  2233 D systemLanguageCode: en__GB
01-01 00:45:18.830  1151  2233 D mEnabledInputMethodsStrCache: com.android.inputmethods.latin/.LatinIME
01-01 00:45:18.830  1379  1379 I LatinIME: SWR_HMISERVICE_SPELLER_MF_001||FUN=onStartInputViewInternal || 1 || Starting input. Cursor position = 0,0
01-01 00:45:18.857  1151  2233 D mEnabledInputMethodsStrCache: com.android.inputmethods.latin/.LatinIME
01-01 00:45:18.858  1151  2233 D systemLanguageCode: en__GB
01-01 00:45:18.858  1151  2233 D mEnabledInputMethodsStrCache: com.android.inputmethods.latin/.LatinIME
01-01 00:45:18.860  1379  1379 V KeyboardState: onLoadKeyboard: [keyboard=UNSHIFTED shift=RELEASING symbol=RELEASING switch=ALPHA] autoCapsFlags=none recapitalizeMode=undefined
01-01 00:45:18.860  1379  1379 D KeyboardState: setAlphabetKeyboard: [keyboard=UNSHIFTED shift=RELEASING symbol=RELEASING switch=ALPHA] autoCapsFlags=none recapitalizeMode=undefined
01-01 00:45:18.860  1379  1379 D KeyboardSwitcher: setAlphabetKeyboard
01-01 00:45:18.861  1151  2233 D mEnabledInputMethodsStrCache: com.android.inputmethods.latin/.LatinIME
01-01 00:45:18.861  1151  2233 D systemLanguageCode: en__GB
01-01 00:45:18.861  1151  2233 D mEnabledInputMethodsStrCache: com.android.inputmethods.latin/.LatinIME
01-01 00:45:18.861  1379  1379 D KeyboardSwitcher: requestUpdatingShiftState:  autoCapsFlags=none recapitalizeMode=undefined
01-01 00:45:18.861  1379  1379 D KeyboardState: onUpdateShiftState: [keyboard=UNSHIFTED shift=RELEASING symbol=RELEASING switch=ALPHA] autoCapsFlags=none recapitalizeMode=undefined
01-01 00:45:18.862  1379  1379 D KeyboardState: setShifted: shiftMode=UNSHIFT [keyboard=UNSHIFTED shift=RELEASING symbol=RELEASING switch=ALPHA]
01-01 00:45:18.862  1151  2233 D mEnabledInputMethodsStrCache: com.android.inputmethods.latin/.LatinIME
01-01 00:45:18.862  1151  2233 D systemLanguageCode: en__GB
01-01 00:45:18.862  1151  2233 D mEnabledInputMethodsStrCache: com.android.inputmethods.latin/.LatinIME
01-01 00:45:18.863  1151  2233 D mEnabledInputMethodsStrCache: com.android.inputmethods.latin/.LatinIME
01-01 00:45:18.863  1151  2233 D systemLanguageCode: en__GB
01-01 00:45:18.863  1151  2233 D mEnabledInputMethodsStrCache: com.android.inputmethods.latin/.LatinIME
01-01 00:45:18.867  1379  1379 I NuanceUtil: Language text: en_GB, Language code: 5
01-01 00:45:18.868  1379  1379 I NuanceLog: Active Language: ET9LIDEnglish_UK
01-01 00:45:18.868  1379  1379 I NuanceLog: Active LDB: /system/etc/RSESpeller/configs/LDBs/v13.1.0/englishuk/ENubUNUK_xt9_ALM3.ldb
01-01 00:45:18.868  1379  1379 I LatinIME: Nuance API Initialized successfully
01-01 00:45:18.869  1379  1379 I LatinIME: Suggestion strip view visibility gone
01-01 00:45:18.870  1151  2233 D mEnabledInputMethodsStrCache: com.android.inputmethods.latin/.LatinIME
01-01 00:45:18.870  1151  2233 D systemLanguageCode: en__GB
01-01 00:45:18.870  1151  2233 D mEnabledInputMethodsStrCache: com.android.inputmethods.latin/.LatinIME
01-01 00:45:18.870  1151  2233 D mEnabledInputMethodsStrCache: com.android.inputmethods.latin/.LatinIME
01-01 00:45:18.870  1151  2233 D systemLanguageCode: en__GB
01-01 00:45:18.870  1151  2233 D mEnabledInputMethodsStrCache: com.android.inputmethods.latin/.LatinIME
01-01 00:45:19.339   729   748 I sssv-lib: sendMsg enter
01-01 00:45:19.339   729   748 I sssv-lib: sendMsg complete.
01-01 00:45:19.727  3675 14751 I QueryController: Matched selector: UiSelector[CLASS=android.widget.EditText] <<==>> [android.view.accessibility.AccessibilityNodeInfo@2b6562c; boundsInParent: Rect(0, 7 - 1241, 137); boundsInScreen: Rect(339, 225 - 1580, 355); packageName: com.panasonic.hmi2settings; className: android.widget.EditText; text: null; error: null; maxTextLength: 63; contentDescription: null; viewIdResName: com.panasonic.hmi2settings:id/textPassword; checkable: false; checked: false; focusable: true; focused: true; selected: false; clickable: true; longClickable: false; contextClickable: false; enabled: true; password: false; scrollable: false; importantForAccessibility: true; actions: [AccessibilityAction: ACTION_CLEAR_FOCUS - null, AccessibilityAction: ACTION_SELECT - null, AccessibilityAction: ACTION_CLEAR_SELECTION - null, AccessibilityAction: ACTION_CLICK - null, AccessibilityAction: ACTION_ACCESSIBILITY_FOCUS - null, AccessibilityAction: ACTION_SET_TEXT - null, AccessibilityAction: ACTION_SHOW_ON_SCREEN - null]]
01-01 00:45:19.732  1151  2264 D mEnabledInputMethodsStrCache: com.android.inputmethods.latin/.LatinIME
01-01 00:45:19.732  1151  2264 D systemLanguageCode: en__GB
01-01 00:45:19.732  1151  2264 D mEnabledInputMethodsStrCache: com.android.inputmethods.latin/.LatinIME
01-01 00:45:19.734  1151  2233 D mEnabledInputMethodsStrCache: com.android.inputmethods.latin/.LatinIME
01-01 00:45:19.734  1151  2233 D systemLanguageCode: en__GB
01-01 00:45:19.735  1151  2233 D mEnabledInputMethodsStrCache: com.android.inputmethods.latin/.LatinIME
01-01 00:45:19.737  1151  2264 D mEnabledInputMethodsStrCache: com.android.inputmethods.latin/.LatinIME
01-01 00:45:19.737  1151  2264 D systemLanguageCode: en__GB
01-01 00:45:19.737  1151  2264 D mEnabledInputMethodsStrCache: com.android.inputmethods.latin/.LatinIME
01-01 00:45:19.738  1151  2264 D mEnabledInputMethodsStrCache: com.android.inputmethods.latin/.LatinIME
01-01 00:45:19.738  1151  2264 D systemLanguageCode: en__GB
01-01 00:45:19.740  1151  2264 D mEnabledInputMethodsStrCache: com.android.inputmethods.latin/.LatinIME
01-01 00:45:19.742  1151  2264 D mEnabledInputMethodsStrCache: com.android.inputmethods.latin/.LatinIME
01-01 00:45:19.742  1151  2264 D systemLanguageCode: en__GB
01-01 00:45:19.742  1151  2264 D mEnabledInputMethodsStrCache: com.android.inputmethods.latin/.LatinIME
01-01 00:45:19.744  1151  2264 D mEnabledInputMethodsStrCache: com.android.inputmethods.latin/.LatinIME
01-01 00:45:19.744  1151  2264 D systemLanguageCode: en__GB
01-01 00:45:19.744  1151  2264 D mEnabledInputMethodsStrCache: com.android.inputmethods.latin/.LatinIME
01-01 00:45:19.744  1379  1379 I LatinIME: SWR_HMISERVICE_SPELLER_MF_001||FUN=onStartInputViewInternal || 1 || Starting input. Cursor position = 0,0
01-01 00:45:19.754  1933  1933 I LCMANDR : SWR_OOB_HV_MF_009|FUN=ResourceMonitoringService::movingMemoryAverage|2|Moving memory average :29.503332
01-01 00:45:19.754  1933  1933 W LCMANDR : SWR_OOB_HV_MF_009|FUN=ResourceMonitoringService::getCpuUsageStatistic|Moving MEM AVG :::::::::29.503332
01-01 00:45:19.757  1933  1933 W LCMANDR : SWR_OOB_HV_MF_009|FUN=ResourceMonitoringService::getCpuUsageStatistic|2|Total cpu usage :27.159092
01-01 00:45:19.757  1933  1933 I LCMANDR : SWR_OOB_HV_MF_009|FUN=ResourceMonitoringService::getCpuUsageStatistic|Cpu usage of core  0 is28.474575
01-01 00:45:19.757  1933  1933 I LCMANDR : SWR_OOB_HV_MF_009|FUN=ResourceMonitoringService::getCpuUsageStatistic|Cpu usage of core  1 is26.46048
01-01 00:45:19.757  1933  1933 I LCMANDR : SWR_OOB_HV_MF_009|FUN=ResourceMonitoringService::getCpuUsageStatistic|Cpu usage of core  2 is26.530611
01-01 00:45:19.757  1933  1933 I LCMANDR : ResourceMonitoringService::movingCpuAverage()
01-01 00:45:19.757  1933  1933 I LCMANDR : SWR_OOB_HV_MF_009|FUN=ResourceMonitoringService::movingCpuAverage|2|Moving window average of CPU 23.187098
01-01 00:45:19.757  1933  1933 I LCMANDR : SWR_OOB_HV_MF_009|FUN=ResourceMonitoringService::movingCpuAverage|2|Cpu moving average of core  0 is23.602846
01-01 00:45:19.757  1933  1933 I LCMANDR : SWR_OOB_HV_MF_009|FUN=ResourceMonitoringService::movingCpuAverage|2|Cpu moving average of core  1 is20.242996
01-01 00:45:19.758  1933  1933 I LCMANDR : SWR_OOB_HV_MF_009|FUN=ResourceMonitoringService::movingCpuAverage|2|Cpu moving average of core  2 is25.21453
01-01 00:45:19.758  1933  1933 D LCMANDR : SWR_OOB_HV_MF_009|FUN=ResourceMonitoringService::movingCpuAverage|2|Exiting VAL = 23.187098
01-01 00:45:19.758  3675 14756 D UIAutomatorStub: URI: /jsonrpc/0, Method: POST, Header: {content-length=170, remote-addr=127.0.0.1, http-client-ip=127.0.0.1, host=localhost:9009, content-type=application/json, connection=close, accept-encoding=identity, user-agent=Python-urllib/2.7}, params, {NanoHttpd.QUERY_STRING=null}, files: {postData={"params": [{"childOrSiblingSelector": [], "text": "OK", "mask": 1, "childOrSibling": []}], "jsonrpc": "2.0", "method": "click", "id": "84ca4e31deccfd6623e8d812229a4412"}}
01-01 00:45:19.763  1379  1379 D KeyboardState: onResetKeyboardStateToAlphabet: [keyboard=UNSHIFTED shift=RELEASING symbol=RELEASING switch=ALPHA] autoCapsFlags=none recapitalizeMode=undefined
01-01 00:45:19.763  1379  1379 D KeyboardState: resetKeyboardStateToAlphabet: [keyboard=UNSHIFTED shift=RELEASING symbol=RELEASING switch=ALPHA] autoCapsFlags=none recapitalizeMode=undefined
01-01 00:45:19.763  1379  1379 D KeyboardSwitcher: requestUpdatingShiftState:  autoCapsFlags=none recapitalizeMode=undefined
01-01 00:45:19.763  1379  1379 D KeyboardState: onUpdateShiftState: [keyboard=UNSHIFTED shift=RELEASING symbol=RELEASING switch=ALPHA] autoCapsFlags=none recapitalizeMode=undefined
01-01 00:45:19.763  1379  1379 D KeyboardState: setShifted: shiftMode=UNSHIFT [keyboard=UNSHIFTED shift=RELEASING symbol=RELEASING switch=ALPHA]
01-01 00:45:19.763  1151  2233 D mEnabledInputMethodsStrCache: com.android.inputmethods.latin/.LatinIME
01-01 00:45:19.763  1151  2233 D systemLanguageCode: en__GB
01-01 00:45:19.764  1151  2233 D mEnabledInputMethodsStrCache: com.android.inputmethods.latin/.LatinIME
01-01 00:45:19.764  1151  2264 D mEnabledInputMethodsStrCache: com.android.inputmethods.latin/.LatinIME
01-01 00:45:19.764  1151  2264 D systemLanguageCode: en__GB
01-01 00:45:19.764  1151  2264 D mEnabledInputMethodsStrCache: com.android.inputmethods.latin/.LatinIME
01-01 00:45:19.765  1379  1379 I NuanceUtil: Language text: en_GB, Language code: 5
01-01 00:45:19.765  1379  1379 I NuanceLog: Active Language: ET9LIDEnglish_UK
01-01 00:45:19.765  1379  1379 I NuanceLog: Active LDB: /system/etc/RSESpeller/configs/LDBs/v13.1.0/englishuk/ENubUNUK_xt9_ALM3.ldb
01-01 00:45:19.765  1379  1379 I LatinIME: Nuance API Initialized successfully
01-01 00:45:19.765  1379  1379 I LatinIME: Suggestion strip view visibility gone
01-01 00:45:19.767  1151  2264 D mEnabledInputMethodsStrCache: com.android.inputmethods.latin/.LatinIME
01-01 00:45:19.767  1151  2264 D systemLanguageCode: en__GB
01-01 00:45:19.767  1151  2264 D mEnabledInputMethodsStrCache: com.android.inputmethods.latin/.LatinIME
01-01 00:45:19.767  1151  2264 D mEnabledInputMethodsStrCache: com.android.inputmethods.latin/.LatinIME
01-01 00:45:19.768  1151  2264 D systemLanguageCode: en__GB
01-01 00:45:19.768  1151  2264 D mEnabledInputMethodsStrCache: com.android.inputmethods.latin/.LatinIME
01-01 00:45:19.893  1933  1957 D LCMANDR : SWR_OOB_HV_MF_009|FUN=LifeCycleManagerService::LifeCycle_ReportCompStatus|GOT ALIVENESS SIGNAL FROM DAIAPP : [0]; HB Counter = [ 1074 ]; STATUS INFO = [ 0 ]
01-01 00:45:19.893  1519  1519 I Connectivity_AIDL|AIDL_Handler.AIDL_Helpers.LcmHelper: MBUX App Method: KeepAliveTest |Line No: 408 |Log Type: Critical |Message: MainThread:MBUX-App HB Count: 1076, ResponseCode: 0
01-01 00:45:20.011  2054  2054 E         : 
01-01 00:45:20.011  2054  2054 E         : Buffer Size = 1048576
01-01 00:45:20.035  2054  2054 E         : 
01-01 00:45:20.035  2054  2054 E         : <6>[ 2387.849479] QSEECOM: scm_call_qcpe:503 : OUT: 0x0, 0x0, 0x0, 0x0
01-01 00:45:20.035  2054  2054 E         : <6>[ 2387.863511] QSEECOM: scm_call_qcpe:429 : IN: 0x42000d0a, 0x3, 0x0, 0x3e07, 0x75a, 0x0, 0x0
01-01 00:45:20.035  2054  2054 E         : <6>[ 2387.864449] QSEECOM: scm_call_qcpe:503 : OUT: 0x0, 0x0, 0x0, 0x0
01-01 00:45:20.035  2054  2054 E         : <6>[ 2387.879949] QSEECOM: scm_call_qcpe:429 : IN: 0x42000d0a, 0x3, 0x0, 0x4035, 0x767, 0x0, 0x0
01-01 00:45:20.035  2054  2054 E         : <6>[ 2387.881437] QSEECOM: scm_call_qcpe:503 : OUT: 0x0, 0x0, 0x0, 0x0
01-01 00:45:20.035  2054  2054 E         : <6>[ 2387.896939] QSEECOM: scm_call_qcpe:429 : IN: 0x42000d0a, 0x3, 0x0, 0x425e, 0x75c, 0x0, 0x0
01-01 00:45:20.035  2054  2054 E         : <6>[ 2387.897987] QSEECOM: scm_call_qcpe:503 : OUT: 0x0, 0x0, 0x0, 0x0
01-01 00:45:20.035  2054  2054 E         : <6>[ 2387.913938] QSEECOM: scm_call_qcpe:429 : IN: 0x42000d0a, 0x3, 0x0, 0x4267, 0x75d, 0x0, 0x0
01-01 00:45:20.035  2054  2054 E         : <6>[ 2387.915684] QSEECOM: scm_call_qcpe:503 : OUT: 0x0, 0x0, 0x0, 0x0
01-01 00:45:20.035  2054  2054 E         : <6>[ 2387.931797] QSEECOM: scm_call_qcpe:429 : IN: 0x42000d0a, 0x3, 0x0, 0x45b0, 0x759, 0x0, 0x0
01-01 00:45:20.035  2054  2054 E         : <6>[ 2387.933815] QSEECOM: scm_call_qcpe:503 : OUT: 0x0, 0x0, 0x0, 0x0
01-01 00:45:20.035  2054  2054 E         : <6>[ 2387.946959] QSEECOM: scm_call_qcpe:429 : IN: 0x42000d0a, 0x3, 0x0, 0x3b4a, 0x761, 0x0, 0x0
01-01 00:45:20.035  2054  2054 E         : <6>[ 2387.9481
01-01 00:45:20.038  2054  2054 E         : USB Hub Detector 1.0
