01-01 00:25:11.157  3675  9640 W ByMatcher: Node returned null child: android.view.accessibility.AccessibilityNodeInfo@7442; boundsInParent: Rect(0, 0 - 1920, 104); boundsInScreen: Rect(0, 0 - 1920, 104); packageName: com.android.systemui; className: android.widget.FrameLayout; text: null; error: null; maxTextLength: -1; contentDescription: null; viewIdResName: null; checkable: false; checked: false; focusable: false; focused: false; selected: false; clickable: false; longClickable: false; contextClickable: false; enabled: true; password: false; scrollable: false; importantForAccessibility: true; actions: [AccessibilityAction: ACTION_SELECT - null, AccessibilityAction: ACTION_CLEAR_SELECTION - null, AccessibilityAction: ACTION_ACCESSIBILITY_FOCUS - null, AccessibilityAction: ACTION_SHOW_ON_SCREEN - null]
01-01 00:25:11.157  3675  9640 W ByMatcher: Skipping null child (0 of 4)
01-01 00:25:11.158  3675  9640 W ByMatcher: Skipping null child (1 of 4)
01-01 00:25:11.160  3675  9640 W ByMatcher: Skipping null child (2 of 4)
01-01 00:25:11.161  3675  9640 W ByMatcher: Skipping null child (3 of 4)
01-01 00:25:11.188  1379  1379 I InputAttributes: InputType.TYPE_NULL is specified
01-01 00:25:11.191  1151  1539 D mEnabledInputMethodsStrCache: com.android.inputmethods.latin/.LatinIME
01-01 00:25:11.191  1151  1539 D systemLanguageCode: en__GB
01-01 00:25:11.191  1151  1539 D mEnabledInputMethodsStrCache: com.android.inputmethods.latin/.LatinIME
01-01 00:25:11.194  1379  1379 V KeyboardState: onLoadKeyboard: [keyboard=UNSHIFTED shift=RELEASING symbol=RELEASING switch=ALPHA] autoCapsFlags=none recapitalizeMode=undefined
01-01 00:25:11.194  1379  1379 D KeyboardState: setAlphabetKeyboard: [keyboard=UNSHIFTED shift=RELEASING symbol=RELEASING switch=ALPHA] autoCapsFlags=none recapitalizeMode=undefined
01-01 00:25:11.194  1379  1379 D KeyboardSwitcher: setAlphabetKeyboard
01-01 00:25:11.195  1151  2234 D mEnabledInputMethodsStrCache: com.android.inputmethods.latin/.LatinIME
01-01 00:25:11.195  1151  2234 D systemLanguageCode: en__GB
01-01 00:25:11.195  1151  2234 D mEnabledInputMethodsStrCache: com.android.inputmethods.latin/.LatinIME
01-01 00:25:11.196  1379  1379 D KeyboardSwitcher: requestUpdatingShiftState:  autoCapsFlags=none recapitalizeMode=undefined
01-01 00:25:11.196  1379  1379 D KeyboardState: onUpdateShiftState: [keyboard=UNSHIFTED shift=RELEASING symbol=RELEASING switch=ALPHA] autoCapsFlags=none recapitalizeMode=undefined
01-01 00:25:11.196  1379  1379 D KeyboardState: setShifted: shiftMode=UNSHIFT [keyboard=UNSHIFTED shift=RELEASING symbol=RELEASING switch=ALPHA]
01-01 00:25:11.196  1151  2234 D mEnabledInputMethodsStrCache: com.android.inputmethods.latin/.LatinIME
01-01 00:25:11.196  1151  2234 D systemLanguageCode: en__GB
01-01 00:25:11.196  1151  2234 D mEnabledInputMethodsStrCache: com.android.inputmethods.latin/.LatinIME
01-01 00:25:11.197  1151  2264 D mEnabledInputMethodsStrCache: com.android.inputmethods.latin/.LatinIME
01-01 00:25:11.197  1151  2264 D systemLanguageCode: en__GB
01-01 00:25:11.197  1151  2264 D mEnabledInputMethodsStrCache: com.android.inputmethods.latin/.LatinIME
01-01 00:25:11.198  1379  1379 I NuanceUtil: Language text: en_GB, Language code: 5
01-01 00:25:11.198  1379  1379 I NuanceLog: Active Language: ET9LIDEnglish_UK
01-01 00:25:11.198  1379  1379 I NuanceLog: Active LDB: /system/etc/RSESpeller/configs/LDBs/v13.1.0/englishuk/ENubUNUK_xt9_ALM3.ldb
01-01 00:25:11.198  1379  1379 I LatinIME: Nuance API Initialized successfully
01-01 00:25:11.199  1379  1379 I LatinIME: Suggestion strip view visibility gone
01-01 00:25:11.200  1151  2264 D mEnabledInputMethodsStrCache: com.android.inputmethods.latin/.LatinIME
01-01 00:25:11.200  1151  2264 D systemLanguageCode: en__GB
01-01 00:25:11.200  1151  2264 D mEnabledInputMethodsStrCache: com.android.inputmethods.latin/.LatinIME
01-01 00:25:11.200  1151  2264 D mEnabledInputMethodsStrCache: com.android.inputmethods.latin/.LatinIME
01-01 00:25:11.200  1151  2264 D systemLanguageCode: en__GB
01-01 00:25:11.200  1151  2264 D mEnabledInputMethodsStrCache: com.android.inputmethods.latin/.LatinIME
01-01 00:25:11.202  1151  2264 D mEnabledInputMethodsStrCache: com.android.inputmethods.latin/.LatinIME
01-01 00:25:11.202  1151  2264 D systemLanguageCode: en__GB
01-01 00:25:11.202  1151  2264 D mEnabledInputMethodsStrCache: com.android.inputmethods.latin/.LatinIME
01-01 00:25:11.202  1151  2264 D mEnabledInputMethodsStrCache: com.android.inputmethods.latin/.LatinIME
01-01 00:25:11.202  1151  2264 D systemLanguageCode: en__GB
01-01 00:25:11.202  1151  2264 D mEnabledInputMethodsStrCache: com.android.inputmethods.latin/.LatinIME
01-01 00:25:11.204  1151  2264 D WindowManager: relayout packageName=com.android.inputmethods.latin::session=Session{ca2ba78 1379:1000}::window=android.view.IWindow$Stub$Proxy@596f833::attrs.flags=800108
01-01 00:25:11.204  1151  2264 D WindowManager: relayout >>> FLAG_FULLSCREEN not set in WindowManager.LayoutParams
01-01 00:25:11.204  1151  2264 D WindowManager: startStatusReceiverServiceOnFlagSet: creating intent for action ACTION_ACTIVITY_FULLSCREEN
01-01 00:25:11.205  1151  2264 W ContextImpl: Calling a method in the system process without a qualified user: android.app.ContextImpl.startService:1476 com.android.server.wm.Session.startStatusReceiverServiceOnFlagSet:762 com.android.server.wm.Session.relayout:276 android.view.IWindowSession$Stub.onTransact:286 com.android.server.wm.Session.onTransact:166 
01-01 00:25:11.205  1151  2264 D CompatibilityInfo: mCompatibilityFlags - 4
01-01 00:25:11.205  1151  2264 D CompatibilityInfo: applicationDensity - 240
01-01 00:25:11.206  1151  2264 D CompatibilityInfo: applicationScale - 1.0
01-01 00:25:11.206  1151  2264 D WindowManager: startStatusReceiverServiceOnFlagSet: startService done
01-01 00:25:11.211  1392  1392 W SYSTEM_UI: SWR_SYSTEM_UI_007|FUN=CollapsedStatusBarFragment::getAction |1|Broadcast action --> STATUS_UPDATE_ACTION
01-01 00:25:11.211  1392  1392 W SYSTEM_UI: SWR_SYSTEM_UI_007|FUN=CollapsedStatusBarFragment::getIntExtra |1|NotifySystemUpdates dataType --> 101
01-01 00:25:11.211  1392  1392 W SYSTEM_UI - CI07.3: className -> CollapsedStatusBarFragment | functionName -> NotifySystemUpdates | onReceive -->  | value -> FULLSCREEN MODE CHANGED | isFullScreenStatus --> false | fullScreenPackage -->com.android.inputmethods.latin | fullscreenLastShownPackage -->null | topActivityPackage --> com.panasonic.hmi2settings
01-01 00:25:11.211  1392  1392 W SYSTEM_UI - CI07.3: className -> CollapsedStatusBarFragment | functionName -> NotifySystemUpdates | onReceive -->  | value -> Fullscreen mode changed --> path 0
01-01 00:25:11.227  1151  2234 D mEnabledInputMethodsStrCache: com.android.inputmethods.latin/.LatinIME
01-01 00:25:11.227  1151  2234 D systemLanguageCode: en__GB
01-01 00:25:11.227  1151  2234 D mEnabledInputMethodsStrCache: com.android.inputmethods.latin/.LatinIME
01-01 00:25:11.229  1151  2234 D mEnabledInputMethodsStrCache: com.android.inputmethods.latin/.LatinIME
01-01 00:25:11.229  1151  2234 D systemLanguageCode: en__GB
01-01 00:25:11.229  1151  2234 D mEnabledInputMethodsStrCache: com.android.inputmethods.latin/.LatinIME
01-01 00:25:11.231  1151  2234 D mEnabledInputMethodsStrCache: com.android.inputmethods.latin/.LatinIME
01-01 00:25:11.231  1151  2234 D systemLanguageCode: en__GB
01-01 00:25:11.231  1151  2234 D mEnabledInputMethodsStrCache: com.android.inputmethods.latin/.LatinIME
01-01 00:25:11.232  1151  2234 D mEnabledInputMethodsStrCache: com.android.inputmethods.latin/.LatinIME
01-01 00:25:11.232  1151  2234 D systemLanguageCode: en__GB
01-01 00:25:11.233  1151  2234 D mEnabledInputMethodsStrCache: com.android.inputmethods.latin/.LatinIME
01-01 00:25:11.233  1151  2234 D mEnabledInputMethodsStrCache: com.android.inputmethods.latin/.LatinIME
01-01 00:25:11.233  1151  2234 D systemLanguageCode: en__GB
01-01 00:25:11.233  1151  2234 D mEnabledInputMethodsStrCache: com.android.inputmethods.latin/.LatinIME
01-01 00:25:11.234  1379  1379 I LatinIME: SWR_HMISERVICE_SPELLER_MF_001||FUN=onStartInputViewInternal || 1 || Starting input. Cursor position = 0,0
01-01 00:25:11.261  1151  2234 D mEnabledInputMethodsStrCache: com.android.inputmethods.latin/.LatinIME
01-01 00:25:11.261  1151  2234 D systemLanguageCode: en__GB
01-01 00:25:11.261  1151  2234 D mEnabledInputMethodsStrCache: com.android.inputmethods.latin/.LatinIME
01-01 00:25:11.264  1379  1379 V KeyboardState: onLoadKeyboard: [keyboard=UNSHIFTED shift=RELEASING symbol=RELEASING switch=ALPHA] autoCapsFlags=none recapitalizeMode=undefined
01-01 00:25:11.264  1379  1379 D KeyboardState: setAlphabetKeyboard: [keyboard=UNSHIFTED shift=RELEASING symbol=RELEASING switch=ALPHA] autoCapsFlags=none recapitalizeMode=undefined
01-01 00:25:11.265  1379  1379 D KeyboardSwitcher: setAlphabetKeyboard
01-01 00:25:11.265  1151  2234 D mEnabledInputMethodsStrCache: com.android.inputmethods.latin/.LatinIME
01-01 00:25:11.265  1151  2234 D systemLanguageCode: en__GB
01-01 00:25:11.265  1151  2234 D mEnabledInputMethodsStrCache: com.android.inputmethods.latin/.LatinIME
01-01 00:25:11.266  1379  1379 D KeyboardSwitcher: requestUpdatingShiftState:  autoCapsFlags=none recapitalizeMode=undefined
01-01 00:25:11.266  1379  1379 D KeyboardState: onUpdateShiftState: [keyboard=UNSHIFTED shift=RELEASING symbol=RELEASING switch=ALPHA] autoCapsFlags=none recapitalizeMode=undefined
01-01 00:25:11.267  1379  1379 D KeyboardState: setShifted: shiftMode=UNSHIFT [keyboard=UNSHIFTED shift=RELEASING symbol=RELEASING switch=ALPHA]
01-01 00:25:11.267  1151  2264 D mEnabledInputMethodsStrCache: com.android.inputmethods.latin/.LatinIME
01-01 00:25:11.267  1151  2264 D systemLanguageCode: en__GB
01-01 00:25:11.267  1151  2264 D mEnabledInputMethodsStrCache: com.android.inputmethods.latin/.LatinIME
01-01 00:25:11.268  1151  2264 D mEnabledInputMethodsStrCache: com.android.inputmethods.latin/.LatinIME
01-01 00:25:11.268  1151  2264 D systemLanguageCode: en__GB
01-01 00:25:11.268  1151  2264 D mEnabledInputMethodsStrCache: com.android.inputmethods.latin/.LatinIME
01-01 00:25:11.269  1379  1379 I NuanceUtil: Language text: en_GB, Language code: 5
01-01 00:25:11.269  1379  1379 I NuanceLog: Active Language: ET9LIDEnglish_UK
01-01 00:25:11.269  1379  1379 I NuanceLog: Active LDB: /system/etc/RSESpeller/configs/LDBs/v13.1.0/englishuk/ENubUNUK_xt9_ALM3.ldb
01-01 00:25:11.269  1379  1379 I LatinIME: Nuance API Initialized successfully
01-01 00:25:11.269  1379  1379 I LatinIME: Suggestion strip view visibility gone
01-01 00:25:11.270  1151  2264 D mEnabledInputMethodsStrCache: com.android.inputmethods.latin/.LatinIME
01-01 00:25:11.270  1151  2264 D systemLanguageCode: en__GB
01-01 00:25:11.270  1151  2264 D mEnabledInputMethodsStrCache: com.android.inputmethods.latin/.LatinIME
01-01 00:25:11.270  1151  2264 D mEnabledInputMethodsStrCache: com.android.inputmethods.latin/.LatinIME
01-01 00:25:11.270  1151  2264 D systemLanguageCode: en__GB
01-01 00:25:11.270  1151  2264 D mEnabledInputMethodsStrCache: com.android.inputmethods.latin/.LatinIME
01-01 00:25:11.985   729   748 I sssv-lib: sendMsg enter
01-01 00:25:11.985   729   748 I sssv-lib: sendMsg complete.
01-01 00:25:12.055  1933  1933 I LCMANDR : SWR_OOB_HV_MF_009|FUN=ResourceMonitoringService::movingMemoryAverage|2|Moving memory average :27.628393
01-01 00:25:12.055  1933  1933 W LCMANDR : SWR_OOB_HV_MF_009|FUN=ResourceMonitoringService::getCpuUsageStatistic|Moving MEM AVG :::::::::27.628393
01-01 00:25:12.057  1933  1933 W LCMANDR : SWR_OOB_HV_MF_009|FUN=ResourceMonitoringService::getCpuUsageStatistic|2|Total cpu usage :25.930101
01-01 00:25:12.057  1933  1933 I LCMANDR : SWR_OOB_HV_MF_009|FUN=ResourceMonitoringService::getCpuUsageStatistic|Cpu usage of core  0 is32.781456
01-01 00:25:12.057  1933  1933 I LCMANDR : SWR_OOB_HV_MF_009|FUN=ResourceMonitoringService::getCpuUsageStatistic|Cpu usage of core  1 is24.742268
01-01 00:25:12.057  1933  1933 I LCMANDR : SWR_OOB_HV_MF_009|FUN=ResourceMonitoringService::getCpuUsageStatistic|Cpu usage of core  2 is20.068027
01-01 00:25:12.057  1933  1933 I LCMANDR : ResourceMonitoringService::movingCpuAverage()
01-01 00:25:12.057  1933  1933 I LCMANDR : SWR_OOB_HV_MF_009|FUN=ResourceMonitoringService::movingCpuAverage|2|Moving window average of CPU 23.152546
01-01 00:25:12.057  1933  1933 I LCMANDR : SWR_OOB_HV_MF_009|FUN=ResourceMonitoringService::movingCpuAverage|2|Cpu moving average of core  0 is25.330326
01-01 00:25:12.057  1933  1933 I LCMANDR : SWR_OOB_HV_MF_009|FUN=ResourceMonitoringService::movingCpuAverage|2|Cpu moving average of core  1 is21.220127
01-01 00:25:12.057  1933  1933 I LCMANDR : SWR_OOB_HV_MF_009|FUN=ResourceMonitoringService::movingCpuAverage|2|Cpu moving average of core  2 is22.85119
01-01 00:25:12.057  1933  1933 D LCMANDR : SWR_OOB_HV_MF_009|FUN=ResourceMonitoringService::movingCpuAverage|2|Exiting VAL = 23.152546
01-01 00:25:12.131  3675  9640 I QueryController: Matched selector: UiSelector[CLASS=android.widget.EditText] <<==>> [android.view.accessibility.AccessibilityNodeInfo@1746f1c; boundsInParent: Rect(0, 7 - 1241, 137); boundsInScreen: Rect(339, 225 - 1580, 355); packageName: com.panasonic.hmi2settings; className: android.widget.EditText; text: null; error: null; maxTextLength: 63; contentDescription: null; viewIdResName: com.panasonic.hmi2settings:id/textPassword; checkable: false; checked: false; focusable: true; focused: true; selected: false; clickable: true; longClickable: false; contextClickable: false; enabled: true; password: false; scrollable: false; importantForAccessibility: true; actions: [AccessibilityAction: ACTION_CLEAR_FOCUS - null, AccessibilityAction: ACTION_SELECT - null, AccessibilityAction: ACTION_CLEAR_SELECTION - null, AccessibilityAction: ACTION_CLICK - null, AccessibilityAction: ACTION_ACCESSIBILITY_FOCUS - null, AccessibilityAction: ACTION_SET_TEXT - null, AccessibilityAction: ACTION_SHOW_ON_SCREEN - null]]
01-01 00:25:12.136  1151  1539 D mEnabledInputMethodsStrCache: com.android.inputmethods.latin/.LatinIME
01-01 00:25:12.137  1151  1539 D systemLanguageCode: en__GB
01-01 00:25:12.137  1151  1539 D mEnabledInputMethodsStrCache: com.android.inputmethods.latin/.LatinIME
01-01 00:25:12.138  1151  2264 D mEnabledInputMethodsStrCache: com.android.inputmethods.latin/.LatinIME
01-01 00:25:12.138  1151  2264 D systemLanguageCode: en__GB
01-01 00:25:12.138  1151  2264 D mEnabledInputMethodsStrCache: com.android.inputmethods.latin/.LatinIME
01-01 00:25:12.141  1151  2234 D mEnabledInputMethodsStrCache: com.android.inputmethods.latin/.LatinIME
01-01 00:25:12.142  1151  2234 D systemLanguageCode: en__GB
01-01 00:25:12.142  1151  2234 D mEnabledInputMethodsStrCache: com.android.inputmethods.latin/.LatinIME
01-01 00:25:12.143  1151  1539 D mEnabledInputMethodsStrCache: com.android.inputmethods.latin/.LatinIME
01-01 00:25:12.144  1151  1539 D systemLanguageCode: en__GB
01-01 00:25:12.144  1151  1539 D mEnabledInputMethodsStrCache: com.android.inputmethods.latin/.LatinIME
01-01 00:25:12.146  1151  2234 D mEnabledInputMethodsStrCache: com.android.inputmethods.latin/.LatinIME
01-01 00:25:12.146  1151  2234 D systemLanguageCode: en__GB
01-01 00:25:12.146  1151  2234 D mEnabledInputMethodsStrCache: com.android.inputmethods.latin/.LatinIME
01-01 00:25:12.146  1151  2234 D mEnabledInputMethodsStrCache: com.android.inputmethods.latin/.LatinIME
01-01 00:25:12.146  1151  2234 D systemLanguageCode: en__GB
01-01 00:25:12.146  1151  2234 D mEnabledInputMethodsStrCache: com.android.inputmethods.latin/.LatinIME
01-01 00:25:12.152  1379  1379 I LatinIME: SWR_HMISERVICE_SPELLER_MF_001||FUN=onStartInputViewInternal || 1 || Starting input. Cursor position = 0,0
01-01 00:25:12.158  3675  9645 D UIAutomatorStub: URI: /jsonrpc/0, Method: POST, Header: {content-length=170, remote-addr=127.0.0.1, http-client-ip=127.0.0.1, host=localhost:9009, content-type=application/json, connection=close, accept-encoding=identity, user-agent=Python-urllib/2.7}, params, {NanoHttpd.QUERY_STRING=null}, files: {postData={"params": [{"childOrSiblingSelector": [], "text": "OK", "mask": 1, "childOrSibling": []}], "jsonrpc": "2.0", "method": "click", "id": "c3f5125a8b745a5e710e9b7442db494e"}}
01-01 00:25:12.165  1379  1379 D KeyboardState: onResetKeyboardStateToAlphabet: [keyboard=UNSHIFTED shift=RELEASING symbol=RELEASING switch=ALPHA] autoCapsFlags=none recapitalizeMode=undefined
01-01 00:25:12.165  1379  1379 D KeyboardState: resetKeyboardStateToAlphabet: [keyboard=UNSHIFTED shift=RELEASING symbol=RELEASING switch=ALPHA] autoCapsFlags=none recapitalizeMode=undefined
01-01 00:25:12.165  1379  1379 D KeyboardSwitcher: requestUpdatingShiftState:  autoCapsFlags=none recapitalizeMode=undefined
01-01 00:25:12.165  1379  1379 D KeyboardState: onUpdateShiftState: [keyboard=UNSHIFTED shift=RELEASING symbol=RELEASING switch=ALPHA] autoCapsFlags=none recapitalizeMode=undefined
01-01 00:25:12.165  1379  1379 D KeyboardState: setShifted: shiftMode=UNSHIFT [keyboard=UNSHIFTED shift=RELEASING symbol=RELEASING switch=ALPHA]
01-01 00:25:12.165  1151  2234 D mEnabledInputMethodsStrCache: com.android.inputmethods.latin/.LatinIME
01-01 00:25:12.165  1151  2234 D systemLanguageCode: en__GB
01-01 00:25:12.165  1151  2234 D mEnabledInputMethodsStrCache: com.android.inputmethods.latin/.LatinIME
01-01 00:25:12.166  1151  2234 D mEnabledInputMethodsStrCache: com.android.inputmethods.latin/.LatinIME
01-01 00:25:12.166  1151  2234 D systemLanguageCode: en__GB
01-01 00:25:12.166  1151  2234 D mEnabledInputMethodsStrCache: com.android.inputmethods.latin/.LatinIME
01-01 00:25:12.167  1379  1379 I NuanceUtil: Language text: en_GB, Language code: 5
01-01 00:25:12.167  1379  1379 I NuanceLog: Active Language: ET9LIDEnglish_UK
01-01 00:25:12.167  1379  1379 I NuanceLog: Active LDB: /system/etc/RSESpeller/configs/LDBs/v13.1.0/englishuk/ENubUNUK_xt9_ALM3.ldb
01-01 00:25:12.167  1379  1379 I LatinIME: Nuance API Initialized successfully
01-01 00:25:12.168  1379  1379 I LatinIME: Suggestion strip view visibility gone
01-01 00:25:12.169  1151  2234 D mEnabledInputMethodsStrCache: com.android.inputmethods.latin/.LatinIME
01-01 00:25:12.169  1151  2234 D systemLanguageCode: en__GB
01-01 00:25:12.169  1151  2234 D mEnabledInputMethodsStrCache: com.android.inputmethods.latin/.LatinIME
01-01 00:25:12.169  1151  2234 D mEnabledInputMethodsStrCache: com.android.inputmethods.latin/.LatinIME
01-01 00:25:12.169  1151  2234 D systemLanguageCode: en__GB
01-01 00:25:12.169  1151  2234 D mEnabledInputMethodsStrCache: com.android.inputmethods.latin/.LatinIME
01-01 00:25:12.651  1933  1957 D LCMANDR : SWR_OOB_HV_MF_009|FUN=LifeCycleManagerService::LifeCycle_ReportCompStatus|GOT ALIVENESS SIGNAL FROM DAIAPP : [0]; HB Counter = [ 592 ]; STATUS INFO = [ 0 ]
01-01 00:25:12.652  1519  1519 I Connectivity_AIDL|AIDL_Handler.AIDL_Helpers.LcmHelper: MBUX App Method: KeepAliveTest |Line No: 408 |Log Type: Critical |Message: MainThread:MBUX-App HB Count: 594, ResponseCode: 0
01-01 00:25:12.681  2054  2054 E         : 
01-01 00:25:12.681  2054  2054 E         : Buffer Size = 1048576
01-01 00:25:12.708  2054  2054 E         : 
01-01 00:25:12.708  2054  2054 E         : <6>[ 1166.541594] QSEECOM: scm_call_qcpe:503 : OUT: 0x0, 0x0, 0x0, 0x0
01-01 00:25:12.708  2054  2054 E         : <6>[ 1166.554350] QSEECOM: scm_call_qcpe:429 : IN: 0x42000d0a, 0x3, 0x0, 0x3dcb, 0x79b, 0x0, 0x0
01-01 00:25:12.708  2054  2054 E         : <6>[ 1166.556262] QSEECOM: scm_call_qcpe:503 : OUT: 0x0, 0x0, 0x0, 0x0
01-01 00:25:12.708  2054  2054 E         : <6>[ 1166.571585] QSEECOM: scm_call_qcpe:429 : IN: 0x42000d0a, 0x3, 0x0, 0x4352, 0x793, 0x0, 0x0
01-01 00:25:12.708  2054  2054 E         : <6>[ 1166.573319] QSEECOM: scm_call_qcpe:503 : OUT: 0x0, 0x0, 0x0, 0x0
01-01 00:25:12.708  2054  2054 E         : <6>[ 1166.587177] QSEECOM: scm_call_qcpe:429 : IN: 0x42000d0a, 0x3, 0x0, 0x3ce8, 0x787, 0x0, 0x0
01-01 00:25:12.708  2054  2054 E         : <6>[ 1166.589302] QSEECOM: scm_call_qcpe:503 : OUT: 0x0, 0x0, 0x0, 0x0
01-01 00:25:12.708  2054  2054 E         : <6>[ 1166.603584] QSEECOM: scm_call_qcpe:429 : IN: 0x42000d0a, 0x3, 0x0, 0x401b, 0x787, 0x0, 0x0
01-01 00:25:12.708  2054  2054 E         : <6>[ 1166.605204] QSEECOM: scm_call_qcpe:503 : OUT: 0x0, 0x0, 0x0, 0x0
01-01 00:25:12.708  2054  2054 E         : <6>[ 1166.620131] QSEECOM: scm_call_qcpe:429 : IN: 0x42000d0a, 0x3, 0x0, 0x40a1, 0x78f, 0x0, 0x0
01-01 00:25:12.708  2054  2054 E         : <6>[ 1166.621249] QSEECOM: scm_call_qcpe:503 : OUT: 0x0, 0x0, 0x0, 0x0
01-01 00:25:12.708  2054  2054 E         : <6>[ 1166.640131] QSEECOM: scm_call_qcpe:429 : IN: 0x42000d0a, 0x3, 0x0, 0x4e20, 0x791, 0x0, 0x0
01-01 00:25:12.708  2054  2054 E         : <6>[ 1166.6420
01-01 00:25:12.712  2054  2054 E         : USB Hub Detector 1.0
01-01 00:25:12.714  3739  3739 W HMI2-SETTINGS - CI08.4: className -> WifiActivity | functionName -> handlePassOkClick:  | value -> handlePassOkClick with ssid :RSE_Test enter callFromdialogButton
01-01 00:25:12.722  1379  1379 E LatinIME: hideWindow Called
01-01 00:25:12.724  3739  3739 W HMI2-SETTINGS - CI08.4: className -> WifiActivity | functionName -> hideSoftKeyboard | value -> hideSoftInputFromWindow id=true
01-01 00:25:12.727  3675  9646 D UIAutomatorStub: URI: /jsonrpc/0, Method: POST, Header: {content-length=274, remote-addr=127.0.0.1, http-client-ip=127.0.0.1, host=localhost:9009, content-type=application/json, connection=close, accept-encoding=identity, user-agent=Python-urllib/2.7}, params, {NanoHttpd.QUERY_STRING=null}, files: {postData={"params": [{"childOrSiblingSelector": [], "scrollable": true, "mask": 16384, "childOrSibling": []}, {"childOrSiblingSelector": [], "text": "RSE_Test", "mask": 1, "childOrSibling": []}, true], "jsonrpc": "2.0", "method": "scrollTo", "id": "de279c33d1d0d6161c48fa336367e98c"}}
01-01 00:25:12.732  1151  2234 I WifiService: getWifiEnabledState uid=1000
01-01 00:25:12.732  3739  3739 W HMI2-SETTINGS - CI08.4: className -> WifiActivity | functionName -> removePassEnterWindow : callFrom  | value -> connectToWifi_isPasswordValid
01-01 00:25:12.733  1151  2234 D WindowManager: relayout packageName=com.android.inputmethods.latin::session=Session{ca2ba78 1379:1000}::window=android.view.IWindow$Stub$Proxy@185131c::attrs.flags=800108
01-01 00:25:12.733  1151  2234 D WindowManager: relayout >>> FLAG_FULLSCREEN not set in WindowManager.LayoutParams
01-01 00:25:12.733  1151  2234 D WindowManager: startStatusReceiverServiceOnFlagSet: creating intent for action ACTION_ACTIVITY_FULLSCREEN
01-01 00:25:12.733  1151  2234 W ContextImpl: Calling a method in the system process without a qualified user: android.app.ContextImpl.startService:1476 com.android.server.wm.Session.startStatusReceiverServiceOnFlagSet:762 com.android.server.wm.Session.relayout:276 android.view.IWindowSession$Stub.onTransact:286 com.android.server.wm.Session.onTransact:166 
01-01 00:25:12.734  1151  2234 D CompatibilityInfo: mCompatibilityFlags - 4
01-01 00:25:12.734  1151  2234 D CompatibilityInfo: applicationDensity - 240
01-01 00:25:12.734  1151  2234 D CompatibilityInfo: applicationScale - 1.0
01-01 00:25:12.734  1151  2234 D WindowManager: startStatusReceiverServiceOnFlagSet: startService done
01-01 00:25:12.737  3739  3739 W HMI2-SETTINGS: SWR_BAIDU_HMI_0015|FUN=WifiActivity::finallyConnect|0|networkSSID::RSE_Test|NotOpen|isWapiConnect:false
01-01 00:25:12.738  1392  1392 W SYSTEM_UI: SWR_SYSTEM_UI_007|FUN=CollapsedStatusBarFragment::getAction |1|Broadcast action --> STATUS_UPDATE_ACTION
01-01 00:25:12.738  1392  1392 W SYSTEM_UI: SWR_SYSTEM_UI_007|FUN=CollapsedStatusBarFragment::getIntExtra |1|NotifySystemUpdates dataType --> 101
01-01 00:25:12.738  1392  1392 W SYSTEM_UI - CI07.3: className -> CollapsedStatusBarFragment | functionName -> NotifySystemUpdates | onReceive -->  | value -> FULLSCREEN MODE CHANGED | isFullScreenStatus --> false | fullScreenPackage -->com.android.inputmethods.latin | fullscreenLastShownPackage -->null | topActivityPackage --> com.panasonic.hmi2settings
01-01 00:25:12.738  1392  1392 W SYSTEM_UI - CI07.3: className -> CollapsedStatusBarFragment | functionName -> NotifySystemUpdates | onReceive -->  | value -> Fullscreen mode changed --> path 0
01-01 00:25:12.738  1151  2264 I WifiService: addOrUpdateNetwork uid=1000
01-01 00:25:12.739  1151  2264 I addOrUpdateNetwork:  uid = 1000 SSID "RSE_Test" nid=-1
01-01 00:25:12.739  1151  1317 D WifiConfiguration: configKey: false
01-01 00:25:12.739  1151  1317 D WifiConfiguration: configKey: false
01-01 00:25:12.739  1151  1317 E WifiConfigManager: Cannot find network with networkId -1 or configKey "RSE_Test"WPA_PSK
01-01 00:25:12.739  1151  1317 D WifiConfiguration: configKey: false
01-01 00:25:12.740  1151  1317 E WifiConfigManager: Cannot find network with configKey "RSE_Test"WPA_PSK
01-01 00:25:12.740  1151  1317 D WifiConfiguration: configKey: false
01-01 00:25:12.742  1151  1317 D WifiConfiguration: configKey: false
01-01 00:25:12.765  1151  1317 D WifiConfigStore: Writing to stores completed in 22 ms.
01-01 00:25:12.765  1151  1317 D WifiConfiguration: configKey: false
01-01 00:25:12.765  3739  3739 W HMI2-SETTINGS: SWR_BAIDU_HMI_0015|FUN=WifiActivity::addNetwork|0|Getting network id with addNetwork method.
01-01 00:25:12.765  3739  3739 W HMI2-SETTINGS - CI08.4: className -> WifiActivity | functionName -> connectNewNetwork : | value ->  addNetwork success netId->63
01-01 00:25:12.766  1151  2234 I WifiService: enableNetwork uid=1000 disableOthers=true
01-01 00:25:12.766  1151  1317 D WifiStateMachine: connectToUserSelectNetwork netId 63, uid 1000, forceReconnect = false
01-01 00:25:12.767  1151  1317 D WifiConfiguration: configKey: false
01-01 00:25:12.767  1151  1317 I chatty  : uid=1000(system) WifiStateMachin identical 1 line
01-01 00:25:12.768  1151  1317 D WifiConfiguration: configKey: false
01-01 00:25:12.786  1151  1317 D WifiConfigStore: Writing to stores completed in 17 ms.
01-01 00:25:12.787  1151  1317 D WifiConfiguration: configKey: false
01-01 00:25:12.788  1151  1317 D WifiConfiguration: configKey: false
01-01 00:25:12.788  3739  3739 W HMI2-SETTINGS - CI08.4: className -> WifiActivity | functionName -> connectNewNetwork :  | value -> enable success netId->63
01-01 00:25:12.788  1151  2234 I WifiService: getWifiServiceMessenger uid=1000
01-01 00:25:12.789  3739  3739 W HMI2-SETTINGS: SWR_BAIDU_HMI_0015|SWR_BAIDU_HMI_0027|FUN=WifiActivity::connect|0|Connected to new network
01-01 00:25:12.790  3739  3739 W HMI2-SETTINGS - CI08.4: className -> WifiActivity | functionName -> finallyConnect : ssid-> | value -> "RSE_Test"|isClickedForConnection:false
01-01 00:25:12.790  1151  1316 D WifiService: CONNECT  nid=63 uid=1000 name=android.uid.system:1000
01-01 00:25:12.790  1151  1316 D WifiService: Connect with networkId 63
01-01 00:25:12.790  1151  1316 D WifiService: New client listening to asynchronous messages
01-01 00:25:12.790  1151  1317 D WifiConfiguration: configKey: false
01-01 00:25:12.790  1151  1317 D WifiStateMachine: CMD_START_CONNECT sup state DisconnectedState my state DisconnectedState nid=63 roam=false
01-01 00:25:12.791   808   808 W wificond: Scan is not started. Ignore abort request
01-01 00:25:12.792  1151  1317 D WifiConfiguration: configKey: false
01-01 00:25:12.793  1151  1317 D SupplicantStaIfaceHal: connectToNetwork "RSE_Test"WPA_PSK
01-01 00:25:12.795  3023  3023 E wpa_supplicant: Deregistering network from hidl control: 0
01-01 00:25:12.796  1151  1317 I SupplicantStaIfaceHal: addSupplicantStaNetwork via HIDL
01-01 00:25:12.797  3023  3023 E wpa_supplicant: Registering network to hidl control: 0
01-01 00:25:12.815  1151  1317 D WifiConfiguration: configKey: false
01-01 00:25:12.816  3023  3023 E wpa_supplicant: Notifying state change event to hidl control: 3
01-01 00:25:12.818  1151  1317 D WifiStateMachine: processMessage:  connect success 
01-01 00:25:12.818  1151  1317 D WifiStateMachine: processMessage: connect over
01-01 00:25:12.818  1151  1317 D WifiConfiguration: configKey: false
01-01 00:25:12.818  1151  1317 D WifiStateMachine: connectToUserSelectNetwork netId 63, uid 1000, forceReconnect = false
01-01 00:25:12.819  1151  1317 D WifiConfiguration: configKey: false
01-01 00:25:12.820  1151  1317 I chatty  : uid=1000(system) WifiStateMachin identical 1 line
01-01 00:25:12.821  1151  1317 D WifiConfiguration: configKey: false
01-01 00:25:12.841  1151  1317 D WifiConfigStore: Writing to stores completed in 20 ms.
01-01 00:25:12.842  1151  1317 D WifiConfiguration: configKey: false
01-01 00:25:12.843  1151  1317 D WifiConfiguration: configKey: false
01-01 00:25:12.843  3739  3757 E HMI2-SETTINGS - CI08.4: className -> WifiActivity | functionName -> mConnectListener | error ->onSuccess
01-01 00:25:12.847  1508  1601 W QCNEJ   : |CORE| notifyWifiStatusChanged failed
01-01 00:25:12.847  1508  1601 W QCNEJ   : |CORE| notifyRatConnectionStatusChanged failed
01-01 00:25:12.848  1392  1392 W SYSTEM_UI: SWR_SYSTEM_UI_008|FUN=CollapsedStatusBarFragment::AndroidEventReceiver | getAction |1|Broadcast action:android.net.wifi.STATE_CHANGE received
01-01 00:25:12.848  1392  1392 W SYSTEM_UI - CI07.3: className -> CollapsedStatusBarFragment | functionName -> AndroidEventReceiver | onReceive -->  | value -> Wifi connection status--> false
01-01 00:25:12.848  1392  1392 W SYSTEM_UI: SWR_SYSTEM_UI_008|FUN=CollapsedStatusBarFragment::isConnected |1|Wifi connection status--> false
01-01 00:25:12.848  1392  1392 W SYSTEM_UI - CI07.3: className -> CollapsedStatusBarFragment | functionName -> updateHermsDataType | value -> Update Herms Data Type :: networkType --> 0
01-01 00:25:12.848  1392  1392 W SYSTEM_UI - CI07.3: className -> CollapsedStatusBarFragment | functionName -> updateHermsDataType | value -> Update Herms Data Type :: isWebsiteSecure --> false
01-01 00:25:12.848  1392  1392 W SYSTEM_UI - CI07.3: className -> CollapsedStatusBarFragment | functionName -> updateHermsDataType | value -> Update Herms Data Type :: connection status --> 1
01-01 00:25:12.848  1392  1392 W SYSTEM_UI - CI07.3: className -> CollapsedStatusBarFragment | functionName -> updateHermsDataType | value -> Update Herms Data Type :: data Transfer --> false
01-01 00:25:12.848  1392  1392 W SYSTEM_UI - CI07.3: className -> CollapsedStatusBarFragment | functionName -> updateHermsDataType | value -> Update Herms Data Type :: wifiConnectionStatus --> false
01-01 00:25:12.848  1392  1392 W SYSTEM_UI - CI07.3: className -> CollapsedStatusBarFragment | functionName -> updateHermsDataType | value -> path 2
01-01 00:25:12.848  1392  1392 W SYSTEM_UI - CI07.3: className -> CollapsedStatusBarFragment | functionName -> updateHermsDataType | value -> path 3
01-01 00:25:12.849  2145  2145 D HMI_SERVICE: USE_CASE_NA|FUN=HmiApplication| [action] android.net.wifi.STATE_CHANGE
01-01 00:25:12.849  2145  2145 D HmiApplication: DetailedState:DISCONNECTED
01-01 00:25:12.849  2145  2145 W HMI_SERVICE: USE_CASE_NA|FUN=HmiApplication|executeLinuxCmdB2C command:6|isFromCManager:true
01-01 00:25:12.849  2677  9144 W ANDR_PERSISTENCY_CLIENT: SWR_PERSISTENCE_HV_LA_MF_0003|FUN=VCPUPersistenceService::executeLinuxBackgroundCommand |0|msg: param [6]
01-01 00:25:12.849  2677  9144 W ANDR_PERSISTENCY_CLIENT: SWR_PERSISTENCE_HV_LA_MF_0005|FUN=TCPHandler:: getInstance |2|msg: invoked 
01-01 00:25:12.849  2677  9144 W ANDR_PERSISTENCY_CLIENT: SWR_PERSISTENCE_HV_LA_MF_0005|FUN=TCPHandler:: sendWriteRequestToPersistenceLinuxInt |2|data= [6]key= 0 commandKey= 10
01-01 00:25:12.849  2677  9144 W ANDR_PERSISTENCY_CLIENT: SWR_PERSISTENCE_HV_LA_MF_0005|FUN=TCPHandler:: getUID |2|msg: invoked 
01-01 00:25:12.849  2677  9144 W ANDR_PERSISTENCY_CLIENT: SWR_PERSISTENCE_HV_LA_MF_0005|FUN=TCPHandler:: setAction |2|msg:setAction=1
01-01 00:25:12.849  2677  9144 W ANDR_PERSISTENCY_CLIENT: SWR_PERSISTENCE_HV_LA_MF_0005|FUN=TCPHandler:: setUID |2|msg:uid=88
01-01 00:25:12.850  2677  9144 W ANDR_PERSISTENCY_CLIENT: SWR_PERSISTENCE_HV_LA_MF_0005|FUN=TCPHandler:: setKey |2|msg:uid=88
01-01 00:25:12.850  2677  9144 W ANDR_PERSISTENCY_CLIENT: SWR_PERSISTENCE_HV_LA_MF_0005|FUN=TCPHandler::setCommandKey|2|msg:commandKey=10
01-01 00:25:12.850  2677  9144 W ANDR_PERSISTENCY_CLIENT: SWR_PERSISTENCE_HV_LA_MF_0005|FUN=TCPHandler:: registerCallBack |2|invoked 
01-01 00:25:12.850  2677  9144 W ANDR_PERSISTENCY_CLIENT: SWR_PERSISTENCE_HV_LA_MF_0005|FUN=TCPHandler::start|2|msg: byteArrayToInt : b [6]
01-01 00:25:12.850  2677  9144 W ANDR_PERSISTENCY_CLIENT: SWR_PERSISTENCE_HV_LA_MF_0005|FUN=TCPHandler::sendWriteRequestToPersistenceLinuxInt|2|listKey=88_10;keyString=0x00;key=0;command=6
01-01 00:25:12.850  2677  2725 W ANDR_PERSISTENCY_CLIENT: SWR_PERSISTENCE_HV_LA_MF_0005|FUN=TCPHandler:: getAction |2|msg:getAction=1
01-01 00:25:12.850  2677  2725 W ANDR_PERSISTENCY_CLIENT: SWR_PERSISTENCE_HV_LA_MF_0005|FUN=TCPHandler:: sender:ACTION_REQUEST |2|msg:condition 
01-01 00:25:12.850  2677  2725 W ANDR_PERSISTENCY_CLIENT: SWR_PERSISTENCE_HV_LA_MF_0005|FUN=TCPHandler:: getWrappedData |2|msg: msg com.panasonic.dairse.vcpupersistence.TCPHandler$Message@b99e7a3
01-01 00:25:12.850  2677  2725 W ANDR_PERSISTENCY_CLIENT: SWR_PERSISTENCE_HV_LA_MF_0005|FUN=TCPHandler::getCommandKey|2|msg:commandKey=10
01-01 00:25:12.850  2677  2725 W ANDR_PERSISTENCY_CLIENT: SWR_PERSISTENCE_HV_LA_MF_0005|FUN=TCPHandler:: intToBytes |2| data 1
01-01 00:25:12.850  2677  2725 W ANDR_PERSISTENCY_CLIENT: SWR_PERSISTENCE_HV_LA_MF_0005|FUN=TCPHandler:: intToBytes |2| data 13
01-01 00:25:12.850  2677  2725 W ANDR_PERSISTENCY_CLIENT: SWR_PERSISTENCE_HV_LA_MF_0005|FUN=TCPHandler:: getUID |2|msg:uid=88
01-01 00:25:12.850  2677  2725 W ANDR_PERSISTENCY_CLIENT: SWR_PERSISTENCE_HV_LA_MF_0005|FUN=TCPHandler::start|2|msg:sender::msg=[0, 0, 0, 13, 1, 88, 10, 4, 48, 120, 48, 48, 0, 0, 0, 1, 6]
01-01 00:25:12.851  2677  2725 W ANDR_PERSISTENCY_CLIENT: SWR_PERSISTENCE_HV_LA_MF_0005|FUN=TCPHandler:: sender : Thread.interrupted() |2|msg:condition 
01-01 00:25:12.852  1392  1392 W SYSTEM_UI: SWR_SYSTEM_UI_008|FUN=CollapsedStatusBarFragment::AndroidEventReceiver | getAction |1|Broadcast action:android.net.wifi.STATE_CHANGE received
01-01 00:25:12.852  1392  1392 W SYSTEM_UI - CI07.3: className -> CollapsedStatusBarFragment | functionName -> AndroidEventReceiver | onReceive -->  | value -> Wifi connection status--> false
01-01 00:25:12.853  1392  1392 W SYSTEM_UI: SWR_SYSTEM_UI_008|FUN=CollapsedStatusBarFragment::isConnected |1|Wifi connection status--> false
01-01 00:25:12.853  1392  1392 W SYSTEM_UI - CI07.3: className -> CollapsedStatusBarFragment | functionName -> updateHermsDataType | value -> Update Herms Data Type :: networkType --> 0
01-01 00:25:12.853  1392  1392 W SYSTEM_UI - CI07.3: className -> CollapsedStatusBarFragment | functionName -> updateHermsDataType | value -> Update Herms Data Type :: isWebsiteSecure --> false
01-01 00:25:12.853  1392  1392 W SYSTEM_UI - CI07.3: className -> CollapsedStatusBarFragment | functionName -> updateHermsDataType | value -> Update Herms Data Type :: connection status --> 1
01-01 00:25:12.853  1392  1392 W SYSTEM_UI - CI07.3: className -> CollapsedStatusBarFragment | functionName -> updateHermsDataType | value -> Update Herms Data Type :: data Transfer --> false
01-01 00:25:12.853  1392  1392 W SYSTEM_UI - CI07.3: className -> CollapsedStatusBarFragment | functionName -> updateHermsDataType | value -> Update Herms Data Type :: wifiConnectionStatus --> false
01-01 00:25:12.853  1392  1392 W SYSTEM_UI - CI07.3: className -> CollapsedStatusBarFragment | functionName -> updateHermsDataType | value -> path 2
01-01 00:25:12.853  1392  1392 W SYSTEM_UI - CI07.3: className -> CollapsedStatusBarFragment | functionName -> updateHermsDataType | value -> path 3
01-01 00:25:12.853  1508  1601 W QCNEJ   : |CORE| notifyWifiStatusChanged failed
01-01 00:25:12.853  1508  1601 W QCNEJ   : |CORE| notifyRatConnectionStatusChanged failed
01-01 00:25:12.853  2677  2726 W ANDR_PERSISTENCY_CLIENT: SWR_PERSISTENCE_HV_LA_MF_0005|FUN=TCPHandler::start|2|msg:receiver::run: size of totalLength 4
01-01 00:25:12.853  2677  2726 W ANDR_PERSISTENCY_CLIENT: SWR_PERSISTENCE_HV_LA_MF_0005|FUN=TCPHandler::start|2|msg:receiver::run: totalLength is > 0
01-01 00:25:12.853  2677  2726 W ANDR_PERSISTENCY_CLIENT: SWR_PERSISTENCE_HV_LA_MF_0005|FUN=TCPHandler::start|2|msg:receiver::response length= 12
01-01 00:25:12.853  2677  2726 W ANDR_PERSISTENCY_CLIENT: SWR_PERSISTENCE_HV_LA_MF_0005|FUN=TCPHandler::handleInBoundData|2|message=[0, 88, 10, 0, 0, 0, 0, 4, 1, 0, 0, 0]
01-01 00:25:12.853  2677  2726 W ANDR_PERSISTENCY_CLIENT: SWR_PERSISTENCE_HV_LA_MF_0005|FUN=TCPHandler::handleInBoundData|2|msg:response listKey=88_10
01-01 00:25:12.854  2677  2726 W ANDR_PERSISTENCY_CLIENT: SWR_PERSISTENCE_HV_LA_MF_0005|FUN=TCPHandler::handleInBoundData|2|msg:TCPHandler.handleInBoundData success response=0
01-01 00:25:12.854  2677  2726 W ANDR_PERSISTENCY_CLIENT: SWR_PERSISTENCE_HV_LA_MF_0005|FUN=TCPHandler::isB2cResponce|2|msg: message [0, 88, 10, 0, 0, 0, 0, 4, 1, 0, 0, 0]
01-01 00:25:12.854  2677  2726 W ANDR_PERSISTENCY_CLIENT: SWR_PERSISTENCE_HV_LA_MF_0005|FUN=TCPHandler::handleInBoundData|2|msg:  isB2cResponce
01-01 00:25:12.854  2677  2726 W ANDR_PERSISTENCY_CLIENT: SWR_PERSISTENCE_HV_LA_MF_0005|FUN=TCPHandler::sendResponse|2|msg:send Response using IVCPUServiceCallBack=[0, 88, 10, 0, 0, 0, 0, 4, 1, 0, 0, 0]
01-01 00:25:12.854  2677  2726 W ANDR_PERSISTENCY_CLIENT: SWR_PERSISTENCE_HV_LA_MF_0005|FUN=TCPHandler::sendResponse|2|msg:send Response using IVCPUServiceCallBack=[0, 88, 10, 0, 0, 0, 0, 4, 1, 0, 0, 0]
01-01 00:25:12.854  2145  4306 W HMI_SERVICE: USE_CASE_NA|FUN=HmiApplication|executeLinuxCmdConnection responseData:[0, 88, 10, 0, 0, 0, 0, 4, 1, 0, 0, 0]
01-01 00:25:12.854  2145  4306 W HMI_SERVICE: USE_CASE_NA|FUN=HmiApplication|executeLinuxCmdConnection responseData=not valid:16777216
01-01 00:25:12.855  2145  4306 W HMI_SERVICE: USE_CASE_NA|FUN=HmiApplication|executeLinuxCmdConnection responseReturnData=
01-01 00:25:12.855  2145  4306 W HMI_SERVICE: USE_CASE_NA|FUN=HmiApplication|executeLinuxCmdB2C response=true
01-01 00:25:12.855  2145  2145 D HMI_SERVICE: USE_CASE_NA|FUN=HmiApplication| [action] android.net.wifi.STATE_CHANGE
01-01 00:25:12.856  1151  1317 D WifiStateMachine: CMD_START_CONNECT sup state DisconnectedState my state DisconnectedState nid=63 roam=false
01-01 00:25:12.857  1151  1317 D WifiConfiguration: configKey: false
01-01 00:25:12.857  1151  1317 D SupplicantStaIfaceHal: connectToNetwork "RSE_Test"WPA_PSK
01-01 00:25:12.857  1151  1317 D SupplicantStaIfaceHal: Network is already saved, will not trigger remove and add operation.
01-01 00:25:12.857  1151  1317 D WifiStateMachine: processMessage:  connect success 
01-01 00:25:12.857  1151  1317 D WifiStateMachine: processMessage: connect over
01-01 00:25:12.857  1151  1317 D WifiConfiguration: configKey: false
01-01 00:25:12.859  2145  2145 D HMI_SERVICE: USE_CASE_NA|FUN=HmiApplication| [action] android.net.wifi.supplicant.STATE_CHANGE
01-01 00:25:12.869  3739  3739 E HMI2-SETTINGS - CI08.4: className -> WifiActivity | functionName -> mWifiScanReceiver -> onReceive | error ->intent_action:android.net.wifi.CONFIGURED_NETWORKS_CHANGE
01-01 00:25:12.870  1151  2233 I WifiService: getWifiEnabledState uid=1000
01-01 00:25:12.870  3739  3739 W HMI2-SETTINGS: SWR_BAIDU_HMI_0020|FUN=WifiActivity::handleConnectedNetworkVisibility|0|getWifiStat::true
01-01 00:25:12.872  1151  2233 I WifiService: getConfiguredNetworks uid=1000
01-01 00:25:12.874  3739  3739 W HMI2-SETTINGS - CI08.4: className -> WifiActivity | functionName -> getSavedNetworkList | value -> config.netID ->63
01-01 00:25:12.874  3739  3739 W HMI2-SETTINGS - CI08.4: className -> WifiActivity | functionName -> getSavedNetworkList | value -> config.SSID ->"RSE_Test"
01-01 00:25:12.874  3739  3739 W HMI2-SETTINGS - CI08.4: className -> WifiActivity | functionName -> getSavedNetworkList | value -> config.BSSID ->null
01-01 00:25:12.874  3739  3739 W HMI2-SETTINGS: SWR_BAIDU_HMI_0027|SWR_BAIDU_HMI_0015|FUN=WifiActivity::getScanResults|1|Get list of available wifi hotspots.
01-01 00:25:12.883  3739  3739 W HMI2-SETTINGS - CI08.4: className -> WifiActivity | functionName -> isWapiVariantBlocked | value -> security_type:2
01-01 00:25:12.883  3739  3739 W HMI2-SETTINGS - CI08.4: className -> WifiActivity | functionName -> isInConnected | value -> |ACSIA_CORP1|0|2
01-01 00:25:12.883  3739  3739 W HMI2-SETTINGS - CI08.4: className -> WifiActivity | functionName -> isWapiVariantBlocked | value -> security_type:2
01-01 00:25:12.883  3739  3739 W HMI2-SETTINGS - CI08.4: className -> WifiActivity | functionName -> isInConnected | value -> | ACSIA_CORP3|0|2
01-01 00:25:12.883  3739  3739 W HMI2-SETTINGS - CI08.4: className -> WifiActivity | functionName -> isWapiVariantBlocked | value -> security_type:2
01-01 00:25:12.883  3739  3739 W HMI2-SETTINGS - CI08.4: className -> WifiActivity | functionName -> isInConnected | value -> |ACSIA_Management|0|2
01-01 00:25:12.883  3739  3739 W HMI2-SETTINGS - CI08.4: className -> WifiActivity | functionName -> isWapiVariantBlocked | value -> security_type:2
01-01 00:25:12.883  3739  3739 W HMI2-SETTINGS - CI08.4: className -> WifiActivity | functionName -> isInConnected | value -> |ACSIA_GUEST1|0|2
01-01 00:25:12.883  3739  3739 W HMI2-SETTINGS - CI08.4: className -> WifiActivity | functionName -> isWapiVariantBlocked | value -> security_type:2
01-01 00:25:12.883  3739  3739 W HMI2-SETTINGS - CI08.4: className -> WifiActivity | functionName -> isInConnected | value -> |ACSIA_CORP2|0|2
01-01 00:25:12.883  3739  3739 W HMI2-SETTINGS - CI08.4: className -> WifiActivity | functionName -> isWapiVariantBlocked | value -> security_type:2
01-01 00:25:12.883  3739  3739 W HMI2-SETTINGS - CI08.4: className -> WifiActivity | functionName -> isInConnected | value -> |ACSIA_DEV|0|2
01-01 00:25:12.883  3739  3739 W HMI2-SETTINGS - CI08.4: className -> WifiActivity | functionName -> isWapiVariantBlocked | value -> security_type:2
01-01 00:25:12.883  3739  3739 W HMI2-SETTINGS - CI08.4: className -> WifiActivity | functionName -> isInConnected | value -> |RSE_Test|0|2
01-01 00:25:12.883  3739  3739 W HMI2-SETTINGS - CI08.4: className -> WifiActivity | functionName -> isWapiVariantBlocked | value -> security_type:2
01-01 00:25:12.883  3739  3739 W HMI2-SETTINGS - CI08.4: className -> WifiActivity | functionName -> isInConnected | value -> |NETGEAR66-5G|0|2
01-01 00:25:12.883  3739  3739 W HMI2-SETTINGS - CI08.4: className -> WifiActivity | functionName -> isWapiVariantBlocked | value -> security_type:2
01-01 00:25:12.883  3739  3739 W HMI2-SETTINGS - CI08.4: className -> WifiActivity | functionName -> isInConnected | value -> |Secure|0|2
01-01 00:25:12.884  3739  3739 W HMI2-SETTINGS - CI08.4: className -> WifiActivity | functionName -> isWapiVariantBlocked | value -> security_type:2
01-01 00:25:12.884  3739  3739 W HMI2-SETTINGS - CI08.4: className -> WifiActivity | functionName -> isInConnected | value -> |HUWIFI|0|2
01-01 00:25:12.884  3739  3739 W HMI2-SETTINGS - CI08.4: className -> WifiActivity | functionName -> isWapiVariantBlocked | value -> security_type:2
01-01 00:25:12.884  3739  3739 W HMI2-SETTINGS - CI08.4: className -> WifiActivity | functionName -> isInConnected | value -> |ACSIA_CORP1|0|2
01-01 00:25:12.884  3739  3739 W HMI2-SETTINGS - CI08.4: className -> WifiActivity | functionName -> isWapiVariantBlocked | value -> security_type:2
01-01 00:25:12.884  3739  3739 W HMI2-SETTINGS - CI08.4: className -> WifiActivity | functionName -> isInConnected | value -> |ACSIA_CORP2|0|2
01-01 00:25:12.884  3739  3739 W HMI2-SETTINGS - CI08.4: className -> WifiActivity | functionName -> isWapiVariantBlocked | value -> security_type:2
01-01 00:25:12.884  3739  3739 W HMI2-SETTINGS - CI08.4: className -> WifiActivity | functionName -> isInConnected | value -> |ACSIA_Management|0|2
01-01 00:25:12.884  3739  3739 W HMI2-SETTINGS - CI08.4: className -> WifiActivity | functionName -> isWapiVariantBlocked | value -> security_type:2
01-01 00:25:12.884  3739  3739 W HMI2-SETTINGS - CI08.4: className -> WifiActivity | functionName -> isInConnected | value -> |RSE_Test|0|2
01-01 00:25:12.884  3739  3739 W HMI2-SETTINGS - CI08.4: className -> WifiActivity | functionName -> isWapiVariantBlocked | value -> security_type:2
01-01 00:25:12.884  3739  3739 W HMI2-SETTINGS - CI08.4: className -> WifiActivity | functionName -> isInConnected | value -> |ACSIA_DEV|0|2
01-01 00:25:12.884  3739  3739 W HMI2-SETTINGS - CI08.4: className -> WifiActivity | functionName -> isWapiVariantBlocked | value -> security_type:2
01-01 00:25:12.884  3739  3739 W HMI2-SETTINGS - CI08.4: className -> WifiActivity | functionName -> isInConnected | value -> | ACSIA_CORP3|0|2
01-01 00:25:12.884  3739  3739 W HMI2-SETTINGS - CI08.4: className -> WifiActivity | functionName -> isWapiVariantBlocked | value -> security_type:2
01-01 00:25:12.884  3739  3739 W HMI2-SETTINGS - CI08.4: className -> WifiActivity | functionName -> isInConnected | value -> |DIRECT-vQINLT044msmJ|0|2
01-01 00:25:12.884  3739  3739 W HMI2-SETTINGS - CI08.4: className -> WifiActivity | functionName -> isWapiVariantBlocked | value -> security_type:2
01-01 00:25:12.884  3739  3739 W HMI2-SETTINGS - CI08.4: className -> WifiActivity | functionName -> isInConnected | value -> |ACSIA_GUEST1|0|2
01-01 00:25:12.884  3739  3739 W HMI2-SETTINGS - CI08.4: className -> WifiActivity | functionName -> isWapiVariantBlocked | value -> security_type:2
01-01 00:25:12.884  3739  3739 W HMI2-SETTINGS - CI08.4: className -> WifiActivity | functionName -> isInConnected | value -> |DIRECT-DMATCLWI2064msNL|0|2
01-01 00:25:12.884  3739  3739 W HMI2-SETTINGS - CI08.4: className -> WifiActivity | functionName -> isWapiVariantBlocked | value -> security_type:2
01-01 00:25:12.884  3739  3739 W HMI2-SETTINGS - CI08.4: className -> WifiActivity | functionName -> isInConnected | value -> |ACSIA_CORP1|0|2
01-01 00:25:12.884  3739  3739 W HMI2-SETTINGS - CI08.4: className -> WifiActivity | functionName -> isWapiVariantBlocked | value -> security_type:2
01-01 00:25:12.884  3739  3739 W HMI2-SETTINGS - CI08.4: className -> WifiActivity | functionName -> isInConnected | value -> |ACSIA_GUEST1|0|2
01-01 00:25:12.884  3739  3739 W HMI2-SETTINGS - CI08.4: className -> WifiActivity | functionName -> isWapiVariantBlocked | value -> security_type:2
01-01 00:25:12.884  3739  3739 W HMI2-SETTINGS - CI08.4: className -> WifiActivity | functionName -> isInConnected | value -> |ACSIA_DEV|0|2
01-01 00:25:12.884  3739  3739 W HMI2-SETTINGS - CI08.4: className -> WifiActivity | functionName -> isWapiVariantBlocked | value -> security_type:2
01-01 00:25:12.884  3739  3739 W HMI2-SETTINGS - CI08.4: className -> WifiActivity | functionName -> isInConnected | value -> |RSE_Test|0|2
01-01 00:25:12.884  3739  3739 W HMI2-SETTINGS - CI08.4: className -> WifiActivity | functionName -> isWapiVariantBlocked | value -> security_type:2
01-01 00:25:12.884  3739  3739 W HMI2-SETTINGS - CI08.4: className -> WifiActivity | functionName -> isInConnected | value -> |ACSIA_CORP2|0|2
01-01 00:25:12.885  3739  3739 W HMI2-SETTINGS - CI08.4: className -> WifiActivity | functionName -> isWapiVariantBlocked | value -> security_type:2
01-01 00:25:12.885  3739  3739 W HMI2-SETTINGS - CI08.4: className -> WifiActivity | functionName -> isInConnected | value -> | ACSIA_CORP3|0|2
01-01 00:25:12.885  3739  3739 W HMI2-SETTINGS - CI08.4: className -> WifiActivity | functionName -> isWapiVariantBlocked | value -> security_type:2
01-01 00:25:12.885  3739  3739 W HMI2-SETTINGS - CI08.4: className -> WifiActivity | functionName -> isInConnected | value -> |ACSIA_Management|0|2
01-01 00:25:12.885  3739  3739 W HMI2-SETTINGS - CI08.4: className -> WifiActivity | functionName -> isWapiVariantBlocked | value -> security_type:2
01-01 00:25:12.885  3739  3739 W HMI2-SETTINGS - CI08.4: className -> WifiActivity | functionName -> isInConnected | value -> |AUTOMATION_TEST|0|2
01-01 00:25:12.885  3739  3739 W HMI2-SETTINGS - CI08.4: className -> WifiActivity | functionName -> isWapiVariantBlocked | value -> security_type:2
01-01 00:25:12.885  3739  3739 W HMI2-SETTINGS - CI08.4: className -> WifiActivity | functionName -> isInConnected | value -> |MB Hotspot 61185|0|2
01-01 00:25:12.885  3739  3739 W HMI2-SETTINGS - CI08.4: className -> WifiActivity | functionName -> isWapiVariantBlocked | value -> security_type:0
01-01 00:25:12.885  3739  3739 W HMI2-SETTINGS - CI08.4: className -> WifiActivity | functionName -> isInConnected | value -> |HP-Print-DB-LaserJet Pro MFP|0|0
01-01 00:25:12.885  3739  3739 W HMI2-SETTINGS - CI08.4: className -> WifiActivity | functionName -> handleAllAvailNetwork | value -> savedNetwork ->1
01-01 00:25:12.885  3739  3739 W HMI2-SETTINGS - CI08.4: className -> WifiActivity | functionName -> handleAllAvailNetwork | value -> presentVisibleNetwork ->29
01-01 00:25:12.889  1151  2264 I WifiService: getConfiguredNetworks uid=1000
01-01 00:25:12.890  3739  3739 W HMI2-SETTINGS - CI08.4: className -> WifiActivity | functionName -> getConfig: success-> | value -> "RSE_Test"
01-01 00:25:12.890  3739  3739 W HMI2-SETTINGS - CI08.4: className -> WifiActivity | functionName -> getConnectSummary | value -> getConnectSummaryID: 63 SSID: "RSE_Test" PROVIDER-NAME: null BSSID: null FQDN: null PRIO: 0 HIDDEN: false
01-01 00:25:12.890  3739  3739 W HMI2-SETTINGS - CI08.4:  NetworkSelectionStatus NETWORK_SELECTION_ENABLED
01-01 00:25:12.890  3739  3739 W HMI2-SETTINGS - CI08.4:  hasEverConnected: false
01-01 00:25:12.890  3739  3739 W HMI2-SETTINGS - CI08.4:  KeyMgmt: WPA_PSK Protocols: WPA RSN
01-01 00:25:12.890  3739  3739 W HMI2-SETTINGS - CI08.4:  AuthAlgorithms: OPEN
01-01 00:25:12.890  3739  3739 W HMI2-SETTINGS - CI08.4:  PairwiseCiphers: TKIP CCMP
01-01 00:25:12.890  3739  3739 W HMI2-SETTINGS - CI08.4:  GroupCiphers: TKIP CCMP
01-01 00:25:12.890  3739  3739 W HMI2-SETTINGS - CI08.4:  PSK: *
