--------- beginning of main
01-01 01:05:29.604   729   748 I sssv-lib: sendMsg enter
01-01 01:05:29.604   729   748 I sssv-lib: sendMsg complete.
01-01 01:05:30.501  1933  1933 I LCMANDR : SWR_OOB_HV_MF_009|FUN=ResourceMonitoringService::movingMemoryAverage|2|Moving memory average :30.402166
01-01 01:05:30.501  1933  1933 W LCMANDR : SWR_OOB_HV_MF_009|FUN=ResourceMonitoringService::getCpuUsageStatistic|Moving MEM AVG :::::::::30.402166
01-01 01:05:30.503  1933  1933 W LCMANDR : SWR_OOB_HV_MF_009|FUN=ResourceMonitoringService::getCpuUsageStatistic|2|Total cpu usage :4.1340785
01-01 01:05:30.503  1933  1933 I LCMANDR : SWR_OOB_HV_MF_009|FUN=ResourceMonitoringService::getCpuUsageStatistic|Cpu usage of core  0 is5.980067
01-01 01:05:30.503  1933  1933 I LCMANDR : SWR_OOB_HV_MF_009|FUN=ResourceMonitoringService::getCpuUsageStatistic|Cpu usage of core  1 is2.7210884
01-01 01:05:30.503  1933  1933 I LCMANDR : SWR_OOB_HV_MF_009|FUN=ResourceMonitoringService::getCpuUsageStatistic|Cpu usage of core  2 is3.6666665
01-01 01:05:30.503  1933  1933 I LCMANDR : ResourceMonitoringService::movingCpuAverage()
01-01 01:05:30.503  1933  1933 I LCMANDR : SWR_OOB_HV_MF_009|FUN=ResourceMonitoringService::movingCpuAverage|2|Moving window average of CPU 26.915766
01-01 01:05:30.503  1933  1933 I LCMANDR : SWR_OOB_HV_MF_009|FUN=ResourceMonitoringService::movingCpuAverage|2|Cpu moving average of core  0 is29.965046
01-01 01:05:30.503  1933  1933 I LCMANDR : SWR_OOB_HV_MF_009|FUN=ResourceMonitoringService::movingCpuAverage|2|Cpu moving average of core  1 is25.681757
01-01 01:05:30.503  1933  1933 I LCMANDR : SWR_OOB_HV_MF_009|FUN=ResourceMonitoringService::movingCpuAverage|2|Cpu moving average of core  2 is25.07958
01-01 01:05:30.503  1933  1933 D LCMANDR : SWR_OOB_HV_MF_009|FUN=ResourceMonitoringService::movingCpuAverage|2|Exiting VAL = 26.915766
01-01 01:05:30.604   729   748 I sssv-lib: sendMsg enter
01-01 01:05:30.604   729   748 I sssv-lib: sendMsg complete.
01-01 01:05:31.605   729   748 I sssv-lib: sendMsg enter
01-01 01:05:31.605   729   748 I sssv-lib: sendMsg complete.
01-01 01:05:31.873  2752  2841 D BaseStatisticsManager: checkNeedSendStatisticsRunnable run
01-01 01:05:31.873  2752  2841 D BaseStatisticsManager: checkNeedSendStatistics
01-01 01:05:31.873  2752  4588 D BaseStatisticsManager: checkSendToServer:type=useraction_appsearch_tablet
01-01 01:05:31.875  2752  4588 D BaseStatisticsManager: isArchieveBatchCondition:type=useraction_appsearch_tablet:count=100
01-01 01:05:31.875  2752  4588 D BaseStatisticsUploader: sendStatisticsLog:type=BaseStatisticsTypeInfo{mStatisticsType='useraction_appsearch_tablet', mGetPolicyInfoCallback=com.baidu.appsearch.basestatisticsmgr.uestatistic.d$3@debb848}
01-01 01:05:31.877  1151  2231 D StorageManager: DAI: getStorageLowBytes: lowBytes=6132497940
01-01 01:05:31.882  1151  2231 I chatty  : uid=1000(system) Binder:1151_B identical 4 lines
01-01 01:05:31.884  1151  2231 D StorageManager: DAI: getStorageLowBytes: lowBytes=6132497940
01-01 01:05:31.885  2752  4588 D UEStatUtility: 该设备有root权限。
01-01 01:05:31.896  2752  4588 D UEStatPoster: 添加公用参数{"commoninfo":{"protocol_ver":"2.0","module":"appsearch_tablet","channel":"1020896o","dev":{"platform":"2","device_manufacturer":"PANASONIC","device_name":"Panasonic RSE for arm64","device_brand":"Daimler","device_id":"3B3FA1DF99AB93A7912C3CD1CAE647CD","wise_cuid":"3B3FA1DF99AB93A7912C3CD1CAE647CD|0","sd_capacity":"51104149504","sd_remain":"50217295872","ua":"1920_1080_android_1.1.34_240","is_root":"1","ime":"com.android.inputmethods.latin\/.LatinIME","imei":"","imsi":"","os_version":"27"},"app":{"package_name":"com.baidu.appsearch.tablet","version_name":"1.1.34","version_code":"41"},"net":{"net_type":"0","operator_type":""}}}
01-01 01:05:31.896  2752  4588 D BaseStatisticsDao: compareAndSetSendingStatus:tableName=useraction_appsearch_tablet:expect=false:update=true
01-01 01:05:31.896  2752  4588 D BaseStatisticsDao: compareAndSetSendingStatus:tableName=useraction_appsearch_tablet:compare=true
01-01 01:05:31.905  2752  4588 D BaseStatisticsUploader: getPostContent:type=useraction_appsearch_tablet:maxid=1040
01-01 01:05:31.907  2752  4588 D BaseStatisticsUploader: getPostContent:content={"type":["useraction_appsearch_tablet"],"useraction_appsearch_tablet":[{"016501":["32902"]},{"020103":["38068"]},{"020105":["38079"]},{"020108":["38082","failed","5174","getloc","Thiruvananthapuram","WF","wifi"]},{"020101":["38086","-3","https:\/\/appc.baidu.com\/appsrv?country=GB&ver=41&cll=_aXVf_ODvigpRvubYC2n8_ajviqeC&pu=cuid%40_i2Gula3HujHOHuOjuSLijaovugQ8SizliHiigusHa69uviJMLqSC%2Ccut%40pymlzfJ4mqNuh3RmlhABqfCPEY9GavCJYC2DIgI5v8yHkHO4lkWBOr6uA%2Cctv%401%2Ccua%40gP2Oi4aq2fg4NE6lI5me6I56Ez4IasiDoavdhxGHNqqqB%2Cosname%40baiduappsearch%2Ccfrom%401020896o&platform_version_id=27&abi=arm64-v8a&usertype=1&language=en&gms=false&disp=DAIRSE_167_D4_229-5.002.D00+userdebug+19AA-1400-00+20200227.031149&cen=cuid_cut_cua_uid&operator=&network=WF&pkname=com.baidu.appsearch.tablet&is_support_webp=true&uid=_i2Gula3HujHOHuOjuSLijaovugQ8SizliHiigusHaq8uHi3A&psize=2&province=5yxPoNgmA&cct=JpwoYt50EqIUJFq6I5FkjupuA&native_api=1&action=getloc&from=1020896o&apn=&"]},{"020103":["39701"]},{"020105":["39707"]},{"020108":["39709","failed","5035","benzupstate","Thiruvananthapuram","WF","wifi"]},{"016501":["56512"]},{"020103":["1847921"]},{"020104":["1850028"]},{"020108":["1850030","success","11810","getloc","Thiruvananthapuram","WF","wifi"]},{"020103":["3660303"]},{"020104":["3660700"]},{"020108":["3660701","success","10567","getloc","Thiruvananthapuram","WF","wifi"]},{"016501":["4858341"]},{"016501":["4915311"]},{"016501":["5146660"]},{"016501":["5170954"]},{"016501":["5240900"]},{"016501":["5322059"]},{"020103":["5480855"]},{"020105":["5480868"]},{"020108":["5480870","failed","20048","getloc","Thiruvananthapuram","2G",null]},{"020101":["5480877","-3","https:\/\/appc.baidu.com\/appsrv?country=GB&ver=41&cll=_aXVf_PDvfgpRvubYC2n8_ug2iqeC&pu=cuid%40_i2Gula3HujHOHuOjuSLijaovugQ8SizliHiigusHa69uviJMLqSC%2Ccut%40pymlzfJ4mqNuh3RmlhABqfCPEY9GavCJYC2DIgI5v8yHkHO4lkWBOr6uA%2Cctv%401%2Ccua%40gP2Oi4aq2fg4NE6lI5me6I56Ez4IasiDoavdhxGHNqqqB%2Cosname%40baiduappsearch%2Ccfrom%401020896o&platform_version_id=27&abi=arm64-v8a&usertype=1&language=en&gms=false&disp=DAIRSE_167_D4_229-5.002.D00+userdebug+19AA-1400-00+20200227.031149&cen=cuid_cut_cua_uid&operator=&network=2G&pkname=com.baidu.appsearch.tablet&is_support_webp=true&uid=_i2Gula3HujHOHuOjuSLijaovugQ8SizliHiigusHaq8uHi3A&psize=2&province=5yxPoNgmA&cct=JpwoYt50EqIUJFq6I5FkjupuA&native_api=1&action=getloc&from=1020896o&apn=&"]},{"016501":["5855551"]},{"016501":["6362330"]},{"016501":["6417988"]},{"016501":["6871049"]},{"016501":["6989804"]},{"016501":["7038840"]},{"016501":["7078883"]},{"016501":["7108135"]},{"016501":["7236400"]},{"016501":["7281660"]},{"020103":["7300946"]},{"020105":["7300958"]},{"020108":["7300961","failed","20034","getloc","Thiruvananthapuram","2G",null]},{"020101":["7300966","-3","https:\/\/appc.baidu.com\/appsrv?country=GB&ver=41&cll=_aXVf_PDvfgpRvubYC2n8_ug2iqeC&pu=cuid%40_i2Gula3HujHOHuOjuSLijaovugQ8SizliHiigusHa69uviJMLqSC%2Ccut%40pymlzfJ4mqNuh3RmlhABqfCPEY9GavCJYC2DIgI5v8yHkHO4lkWBOr6uA%2Cctv%401%2Ccua%40gP2Oi4aq2fg4NE6lI5me6I56Ez4IasiDoavdhxGHNqqqB%2Cosname%40baiduappsearch%2Ccfrom%401020896o&platform_version_id=27&abi=arm64-v8a&usertype=1&language=en&gms=false&disp=DAIRSE_167_D4_229-5.002.D00+userdebug+19AA-1400-00+20200227.031149&cen=cuid_cut_cua_uid&operator=&network=2G&pkname=com.baidu.appsearch.tablet&is_support_webp=true&uid=_i2Gula3HujHOHuOjuSLijaovugQ8SizliHiigusHaq8uHi3A&psize=2&province=5yxPoNgmA&cct=JpwoYt50EqIUJFq6I5FkjupuA&native_api=1&action=getloc&from=1020896o&apn=&"]},{"020103":["9121107"]},{"016501":["33702"]},{"020103":["38844"]},{"020105":["38857"]},{"020108":["38860","failed","5131","getloc","Thiruvananthapuram","WF","wifi"]},{"020101":["38863","-3","https:\/\/appc.baidu.com\/appsrv?country=GB&ver=41&cll=_aXVf_PDvfgpRvubYC2n8_ug2iqeC&pu=cuid%40_i2Gula3HujHOHuOjuSLijaovugQ8SizliHiigusHa69uviJMLqSC%2Ccut%40pymlzfJ4mqNuh3RmlhABqfCPEY9GavCJYC2DIgI5v8yHkHO4lkWBOr6uA%2Cctv%401%2Ccua%40gP2Oi4aq2fg4NE6lI5me6I56Ez4IasiDoavdhxGHNqqqB%2Cosname%40baiduappsearch%2Ccfrom%401020896o&platform_version_
01-01 01:05:31.908  2752  4588 D BaseStatisticEncrypt: 统计数据size:(byte)11107
01-01 01:05:31.908  2752  4588 D BaseStatisticEncrypt: 统计数据,压缩后size:(byte)1750
01-01 01:05:31.908  2752 13224 D BaseStatisticsRequestor: BaseStatisticsRequestor:run
01-01 01:05:31.908  2752 13224 D BaseStatisticsRequestor: dXsIAAAAAAAAAO1aW1PbSBb+KylXjV4GnL5fqFJtGRuwqQwwYWazqUlK1ciyLZAlWRdnIMt/39My
01-01 01:05:31.908  2752 13224 D BaseStatisticsRequestor: +NZkkk3mYRf8gN361DruPn2+c0OfW9VtHrUO/mjVZVSYsIqzNDB5XkamCCdBZa6SqGp93PvL2wd/
01-01 01:05:31.908  2752 13224 D BaseStatisticsRequestor: fG4hLDjCVhAlGpHWx/s9AAnCiDagQkKtgfwBlHoNVA+gIq291sjESTSEAceSwdc4qpIshMFvk7io
01-01 01:05:31.908  2752 13224 D BaseStatisticsRequestor: 5yY1aTUxeV2YKYDvjuHjUzyK18ThR3EC7u1T+JhUVV4efHj94TXsIWxfmXhYt8Ns2lyXxfwfYVan
01-01 01:05:31.908  2752 13224 D BaseStatisticsRequestor: VXHrnxx686jwGfbCJPED869/joLz3jwe52/n9dX7LklVYK7n8Szqennth3U8/ImhICYndWJov77u
01-01 01:05:31.908  2752 13224 D BaseStatisticsRequestor: n/fr8+v68k18bbJ5Pf5VXcZ3SdyP43Fd9o3Q9Tw+/eXN7LL7E+mGdQVP57fT5G50yqazs3pC306T
01-01 01:05:31.908  2752 13224 D BaseStatisticsRequestor: SedwNupeHL3XJ2bePYVf7Q3GAz5Xt/2b/jlLbt4dnhei7lgJ1Rwk4EaWgdH4gpzHzMzIaMzOjkQy
01-01 01:05:31.908  2752 13224 D BaseStatisticsRequestor: 4NNIDLg4umMDU8a9zMyHkz9P+mez2ewQnsrK1EwjeLBRyfKArbxRkU2tbFCp0iLz8sRUo6yYBqCg
01-01 01:05:31.908  2752 13224 D BaseStatisticsRequestor: 0ppDPPSJ9MxV7JtiKtj+XBnPWos1LB97iUnHtRlHfpR642npj0xSRt4wLnO/1xm8vTwKsJBBjwWE
01-01 01:05:31.908  2752 13224 D BaseStatisticsRequestor: 6H3eRoi0ewj9bCUMo6t6/DPWnc4+ZgjtA0xgGYgQ2UYUY6a9MEob7QegQ/gzAYy9LAdbrbLC99Ko
01-01 01:05:31.908  2752 13224 D BaseStatisticsRequestor: +pQVN/67Yy+/sVv04bQfzn25y/bCjL24DMo6z7OiCj5FV7lfFXXkgTz/2891pup+TDteXsZ3kU+8
01-01 01:05:31.908  2752 13224 D BaseStatisticsRequestor: vMjmcRpGPr/98yI7G087XhhW/mn+KXtfcXQ0G/x+ejyDkzm+ua7zuuOlpornEVAsBtUt+OYvLN+z
01-01 01:05:31.908  2752 13224 D BaseStatisticsRequestor: B+Evj8Hkqe85LNMSrH6bZQBKh2UA6g2WIcrh6ypK7+q8rEwVfSvVlsTngmOH+Fgxqcn6otgC5nCO
01-01 01:05:31.908  2752 13224 D BaseStatisticsRequestor: antZDUwR/EBZh2FUljDCWGH0XQ5goRMhQCLdXoCFJUKOXhoYby4AcSH/6wUs1cIUV5RhB9aYgw07
01-01 01:05:31.908  2752 13224 D BaseStatisticsRequestor: SsRMwBpcGM6LMwcmDGnkzqaEIK63VcEZOEPOtw2kgYVzFg0s0bqRAPeY+qomyElrL62TZMsTL+TJ
01-01 01:05:31.908  2752 13224 D BaseStatisticsRequestor: v8UXX/Tmo3VfXI/Jzhf/n/hicvKcffGKg8A0zh1+CyoIpQ5jBcNSK+XASoK/0g6slVbI8QYSUaWY
01-01 01:05:31.908  2752 13224 D BaseStatisticsRequestor: Ixvcv1KKOjDwHFPuwIQK5roUSRRe+aWlS5EUIc3EtktpYO64lAYWeMul0K+nd19wKQt5f096t3Mp
01-01 01:05:31.908  2752 13224 D BaseStatisticsRequestor: O5fyv+lSlmTTmGC8zOVWBReVTxVcirFtWgLI3VRQKbER5Tmm+EcKLiXojpEvnJEvpOBikA/TbZZZ
01-01 01:05:31.908  2752 13224 D BaseStatisticsRequestor: 0GlrAKg3Ah+QV/5owSVhtA1qTiA92EYx1lpulGEP1RnV1A3fFmYbPkWtYLa+C9b0av7aVTwZuhey
01-01 01:05:31.908  2752 13224 D BaseStatisticsRequestor: 1M5RvHBH8ZzdxJJ9ELalwMKBKSTmbmeAQLKOBHHCPJKSamc2ZQhGTq1PBWdQcTsZgIXFE20PC9N1
01-01 01:05:31.908  2752 13224 D BaseStatisticsRequestor: ZmOOmPjexLyR17Rtd+x+yex+3on5ioOKAKmcUppC9a6JU3gzzSEcO7M5VPoYO5GbE8yUfAJWmAi3
01-01 01:05:31.908  2752 13224 D BaseStatisticsRequestor: fciosAW10/njUCc/0fkDWPHtFL6B9Y69L529zz+JVytzV5vJOft6XvvlvJwjKqRTkksitWJym4QN
01-01 01:05:31.908  2752 13224 D BaseStatisticsRequestor: 7IbkBbwRkm37nX53r8zKk2RH6hdO6pcSkrFUTt+cw8iNjRikOJERa4wdRwEg2yQkZt/dvAZpBO3o
01-01 01:05:31.908  2752 13224 D BaseStatisticsRequestor: uKPjM6bjkmQCSOa0owXWyCGZBTejnoJM99s6ZZtMWzW/EEPkiZ4Yg5joZu1YMLHKw9daZYIg+USr
01-01 01:05:31.908  2752 13224 D BaseStatisticsRequestor: DGDt7MLCGG201eFS/EBffSFxF79fusN43kn5qgmGJOPuCy+EECbdf1oTSomNzQ7MBW4Y/nGvBeqa
01-01 01:05:31.908  2752 13224 D BaseStatisticsRequestor: ZmmcjrLWwecWbKfKwiyxZ986aJG25eo0G9ZJBJfOK47w+MSkaZTAzceFAziM5o2wB0OyghZoHEbB
01-01 01:05:31.908  2752 13224 D BaseStatisticsRequestor: 1KT1CDZeF81PXHTOOpfnZ4PuaoY9RnsHfEAJSwtfgQ29AkGvGvNbzbsqTDqEiT0TTxMQtrwRW5Qe
01-01 01:05:31.908  2752 13224 D BaseStatisticsRequestor: 0uMO7h1r3TnUtCM1Jl3a7eFu50gw2e01DqWMAmtc3zD9383rV2CGJjdhXN3CIxzb3gTTvGn+w70i
01-01 01:05:31.908  2752 13224 D BaseStatisticsRequestor: mpo4tXcQwZJovqgsamPVA2lNAG4QBbDoIgODxm3cpsAKZiWDaRZZVtmJ9qpRgLXkh8ntOM3rahpV
01-01 01:05:31.908  2752 13224 D BaseStatisticsRequestor: k2xYtkGvcfrhdfuN/R78crR4IoZHmlH5MMrKRwrbE5Ct+z17gs3JmPAGGPuo6S9TBqQ8eoGHuYtV
01-01 01:05:31.908  2752 13224 D BaseStatisticsRequestor: r+FhNrQ4w1Z+at97/Wy/gsUbtC27uUe6PmKt+/v7/wBOvADDYysAAA==
01-01 01:05:31.909  2752 13224 D BaseStatisticsRequestor: BaseStatisticsRequestor:request
01-01 01:05:31.909  2752 13224 D StatisticsHttpRequest: ---- requst url:http://appc.baidu.com/statistic?action=clientstatistic&sign=e10537154532a48d7f784f72c014b208
01-01 01:05:31.909  2752 13224 I StatisticsHttpRequest: old sUrl:http://appc.baidu.com/statistic?action=clientstatistic&sign=e10537154532a48d7f784f72c014b208
01-01 01:05:31.909  2752 13224 W System  : ClassLoader referenced unknown path: /system/framework/tcmclient.jar
01-01 01:05:31.977  3675 19867 D UIAutomatorStub: URI: /jsonrpc/0, Method: POST, Header: {content-length=102, remote-addr=127.0.0.1, http-client-ip=127.0.0.1, host=localhost:9009, content-type=application/json, connection=close, accept-encoding=identity, user-agent=Python-urllib/2.7}, params, {NanoHttpd.QUERY_STRING=null}, files: {postData={"params": ["home"], "jsonrpc": "2.0", "method": "pressKey", "id": "722a6c5e3c49a0a59542478cc5076d8f"}}
--------- beginning of system
01-01 01:05:31.982  1392  1392 W StatusBar: animate_trace: animateCollapsePanels entry: flags=0: force=false
01-01 01:05:31.983  1151  1288 I ActivityManager: START u0 {act=android.intent.action.MAIN cat=[android.intent.category.HOME] flg=0x10200000 cmp=com.daimler.rse.ntg6/.StartUpActivity (has extras)} from uid 1000
01-01 01:05:31.985  1519  1519 V Activity: onDestroy md59d95dbab71941e137ef724fbceda5f0e.MainOverlayActivity@91347ec
01-01 01:05:31.988  1151  1288 D ActivityTrigger: activityResumeTrigger: The activity in ApplicationInfo{f5276 com.daimler.rse.ntg6} is now in focus and seems to be in full-screen mode
01-01 01:05:31.988  1151  1288 E ActivityTrigger: activityResumeTrigger: not whiteListedcom.daimler.rse.ntg6/com.daimler.rse.ntg6.StartUpActivity/5
01-01 01:05:31.988  1151  1288 D ActivityTrigger: ActivityTrigger activityPauseTrigger 
01-01 01:05:31.989  3739  3739 W HMI2-SETTINGS - CI08.4: className -> BaseActivity | functionName -> onPause | value -> onPause
01-01 01:05:31.989  3739  3739 V Activity: onPause com.panasonic.hmi2settings.activity.WifiActivity@4359cdb
01-01 01:05:31.989  3739  3739 W HMI2-SETTINGS - CI08.4: className -> WifiActivity | functionName -> onPause | value -> entry : 
01-01 01:05:31.989  1151  2231 I WifiService: getWifiEnabledState uid=1000
01-01 01:05:31.991  1151  1288 D CompatibilityInfo: mCompatibilityFlags - 4
01-01 01:05:31.991  1151  1288 D CompatibilityInfo: applicationDensity - 240
01-01 01:05:31.991  1151  1288 D CompatibilityInfo: applicationScale - 1.0
01-01 01:05:31.992  1151  1288 D ActivityTrigger: activityResumeTrigger: The activity in ApplicationInfo{f5276 com.daimler.rse.ntg6} is now in focus and seems to be in full-screen mode
01-01 01:05:31.992  1151  1288 E ActivityTrigger: activityResumeTrigger: not whiteListedcom.daimler.rse.ntg6/com.daimler.rse.ntg6.StartUpActivity/5
01-01 01:05:31.996  1519  1519 I TelephonyRse|HMI_Common.HMIBackend.Telephony.TelephonyBackend: MBUX App Method: UnSubscribeBtEvents |Line No: 51 |Log Type: Information |Message: UnSubscribing bluetooth events.
01-01 01:05:31.996  3739  3739 W HMI2-SETTINGS - CI08.4: className -> WifiActivity | functionName -> onPause | value -> Is Screen ON status --> true
01-01 01:05:31.997  3739  3739 W HMI2-SETTINGS - CI08.4: className -> WifiActivity | functionName -> hideSoftKeyboard | value -> hideSoftInputFromWindow id=false
01-01 01:05:31.998  1151  2264 D ActivityTrigger: activityResumeTrigger: The activity in ApplicationInfo{f5276 com.daimler.rse.ntg6} is now in focus and seems to be in full-screen mode
01-01 01:05:31.998  1151  2264 E ActivityTrigger: activityResumeTrigger: not whiteListedcom.daimler.rse.ntg6/com.daimler.rse.ntg6.StartUpActivity/5
01-01 01:05:31.999  1151  1262 D WindowManager: addToDisplay >>> FLAG_FULLSCREEN set in WindowManager.LayoutParams
01-01 01:05:31.999  1151  1262 D WindowManager: startStatusReceiverServiceOnFlagSet: creating intent for action ACTION_ACTIVITY_FULLSCREEN
01-01 01:05:31.999  1151  1262 W ContextImpl: Calling a method in the system process without a qualified user: android.app.ContextImpl.startService:1476 com.android.server.wm.Session.startStatusReceiverServiceOnFlagSet:762 com.android.server.wm.Session.addToDisplay:214 android.view.ViewRootImpl.setView:737 android.view.WindowManagerGlobal.addView:356 
01-01 01:05:32.004  1519  1519 I Connectivity|HMI_Common.Activities.MainOverlayActivity: MBUX App Method: DeRegisterEntertainmentSharingEvents |Line No: 487 |Log Type: Critical |Message: OnDestroy:  for MainOverlayActivity...UN-registering for EntertainmentBackendEvents!!
01-01 01:05:32.005  1519  1519 I AudioManagement|HMI_Common.Activities.MainOverlayActivity: MBUX App Method: SubscribeEntertainmentSharingEvent |Line No: 31 |Log Type: Critical |Message: SetEntertainmentLister: False RegisterEntertainmentSharingEvents for ComponentInfo{com.daimler.rse.ntg6/md59d95dbab71941e137ef724fbceda5f0e.MainOverlayActivity}
01-01 01:05:32.005  1519  1519 I HomeScreen|HMI_Common.HMIBackend.CommonControlsBackend.BaseScreenBackend: MBUX App Method: IsAppKeepAliveSuccess |Line No: 775 |Log Type: Critical |Message: App Authentication Status : Checking keep alive status for : Player & status : True
01-01 01:05:32.005  1519  1519 I HomeScreen|HMI_Common.HMIBackend.CommonControlsBackend.BaseScreenBackend: MBUX App Method: IsAppKeepAliveSuccess |Line No: 775 |Log Type: Critical |Message: App Authentication Status : Checking keep alive status for : Tuner & status : True
01-01 01:05:32.005  1519  1519 I BaseScreen|HMI_Common.Activities.MainOverlayActivity: MBUX App Method: GetHMI2LaunchedFlag |Line No: 1231 |Log Type: Critical |Message: UpdateSharedPrefForRseRebooted() called
01-01 01:05:32.005  1519  1519 I HomeScreen|HMI_Common.Activities.MainOverlayActivity: MBUX App Method: RemoveScreenOnOffEvents |Line No: 1909 |Log Type: Critical |Message: RemoveScreenOnOffEvents called : HMI2 Launched : False
01-01 01:05:32.027  1151  1262 D CompatibilityInfo: mCompatibilityFlags - 4
01-01 01:05:32.027  1151  1262 D CompatibilityInfo: applicationDensity - 240
01-01 01:05:32.027  1151  1262 D CompatibilityInfo: applicationScale - 1.0
01-01 01:05:32.028  1151  1262 D WindowManager: startStatusReceiverServiceOnFlagSet: startService done
01-01 01:05:32.030  1151  1262 D WindowManager: relayout packageName=com.daimler.rse.ntg6::session=Session{2188d47 1151:1000}::window=android.view.ViewRootImpl$W@b65f3d5::attrs.flags=81830518
01-01 01:05:32.030  1151  1262 D WindowManager: relayout >>> FLAG_FULLSCREEN set in WindowManager.LayoutParams
01-01 01:05:32.030  1151  1262 D WindowManager: startStatusReceiverServiceOnFlagSet: creating intent for action ACTION_ACTIVITY_FULLSCREEN
01-01 01:05:32.030  1151  1262 W ContextImpl: Calling a method in the system process without a qualified user: android.app.ContextImpl.startService:1476 com.android.server.wm.Session.startStatusReceiverServiceOnFlagSet:762 com.android.server.wm.Session.relayout:273 android.view.ViewRootImpl.relayoutWindow:6181 android.view.ViewRootImpl.performTraversals:1921 
01-01 01:05:32.031  1151  1262 D WindowManager: startStatusReceiverServiceOnFlagSet: startService done
01-01 01:05:32.036  1519  1519 I BaseScreen|HMI_Common.HMIBackend.VolumeControl.VolumeControlBackend: MBUX App Method: UnsubscribePanaVolumeControlEvents |Line No: 98 |Log Type: Critical |Message: VolumeControlBackend UnsubscribePanaVolumeControlEvents() Called
01-01 01:05:32.037  1519  1519 I VolumeControl|HMI_Common.HMIBackend.VolumeControl.VolumeControlBackend: MBUX App Method: RemoveCacheProperties |Line No: 171 |Log Type: Critical |Message: VolumeControlBackend RemoveCacheProperties() called - _volumeControlApplication = 
01-01 01:05:32.037  1519  1519 I BaseScreen|HMI_Common.HMIBackend.CommonControlsBackend.BaseScreenBackend: MBUX App Method: UnsubscribeCabinAudioEvents |Line No: 98 |Log Type: Information |Message: UnsubscribeCabinAudioEvents
01-01 01:05:32.037  1519  1519 I BaseScreen|HMI_Common.Activities.MainOverlayActivity: MBUX App Method: Dispose |Line No: 1095 |Log Type: Critical |Message: Disposing basescreen views. Disposing value: True
01-01 01:05:32.043  1519  1519 V Activity: onDestroy md59d95dbab71941e137ef724fbceda5f0e.SettingsBaseActivity@fe46c3c
01-01 01:05:32.046  1392  1392 W SYSTEM_UI: SWR_SYSTEM_UI_007|FUN=CollapsedStatusBarFragment::getAction |1|Broadcast action --> STATUS_UPDATE_ACTION
01-01 01:05:32.048  1519  1519 I BaseScreen|HMI_Common.Activities.SettingsBaseActivity: MBUX App Method: Dispose |Line No: 1095 |Log Type: Critical |Message: Disposing basescreen views. Disposing value: True
01-01 01:05:32.048  1392  1392 W SYSTEM_UI: SWR_SYSTEM_UI_007|FUN=CollapsedStatusBarFragment::getIntExtra |1|NotifySystemUpdates dataType --> 101
01-01 01:05:32.048  1392  1392 W SYSTEM_UI - CI07.3: className -> CollapsedStatusBarFragment | functionName -> NotifySystemUpdates | onReceive -->  | value -> FULLSCREEN MODE CHANGED | isFullScreenStatus --> true | fullScreenPackage -->com.daimler.rse.ntg6 | fullscreenLastShownPackage -->null | topActivityPackage --> com.panasonic.hmi2settings
01-01 01:05:32.048  1392  1392 W SYSTEM_UI - CI07.3: className -> CollapsedStatusBarFragment | functionName -> NotifySystemUpdates | onReceive -->  | value -> Fullscreen mode changed --> path 0
01-01 01:05:32.048  1392  1392 W SYSTEM_UI: SWR_SYSTEM_UI_007|FUN=CollapsedStatusBarFragment::getAction |1|Broadcast action --> STATUS_UPDATE_ACTION
01-01 01:05:32.048  1392  1392 W SYSTEM_UI: SWR_SYSTEM_UI_007|FUN=CollapsedStatusBarFragment::getIntExtra |1|NotifySystemUpdates dataType --> 101
01-01 01:05:32.048  1392  1392 W SYSTEM_UI - CI07.3: className -> CollapsedStatusBarFragment | functionName -> NotifySystemUpdates | onReceive -->  | value -> FULLSCREEN MODE CHANGED | isFullScreenStatus --> true | fullScreenPackage -->com.daimler.rse.ntg6 | fullscreenLastShownPackage -->null | topActivityPackage --> com.panasonic.hmi2settings
01-01 01:05:32.048  1392  1392 W SYSTEM_UI - CI07.3: className -> CollapsedStatusBarFragment | functionName -> NotifySystemUpdates | onReceive -->  | value -> Fullscreen mode changed --> path 0
01-01 01:05:32.055  1519  1519 I Connectivity|HMI_Common.Activities.StartUpActivity: MBUX App Method: OnNewIntent |Line No: 252 |Log Type: Information |Message: OnNewIntent: Intent::android.intent.action.MAIN
01-01 01:05:32.062  1519  1519 I Connectivity|HMI_Common.Activities.StartUpActivity: MBUX App Method: OnStart |Line No: 228 |Log Type: Information |Message: StartUpActivity OnStart
01-01 01:05:32.062  1519  1519 V Activity: onStart com.daimler.rse.ntg6.StartUpActivity@6d639f8
01-01 01:05:32.064  1519  1519 I Connectivity|HMI_Common.Activities.StartUpActivity: MBUX App Method: OnResume |Line No: 266 |Log Type: Information |Message: StartUpActivity: OnResume()
01-01 01:05:32.065  1519  1519 I Connectivity|HMI_Common.Activities.StartUpActivity: MBUX App Method: OnResume |Line No: 271 |Log Type: Information |Message: Launching MainOverlay Activity in Demo mode
01-01 01:05:32.067  1151  2231 I ActivityManager: START u0 {cmp=com.daimler.rse.ntg6/md59d95dbab71941e137ef724fbceda5f0e.MainOverlayActivity} from uid 10027
01-01 01:05:32.068   635   635 E ANDR-PERF-TARGET: Error: Invalid logical cluster id 0
01-01 01:05:32.068   635   635 E ANDR-PERF-MPCTL: invalid request, no optimizations performed
01-01 01:05:32.071  1151  2231 D ActivityTrigger: activityStartTrigger: Activity is Triggerred in full screen ApplicationInfo{4ed449e com.daimler.rse.ntg6}
01-01 01:05:32.072  1151  2231 E ActivityTrigger: activityStartTrigger: not whiteListedcom.daimler.rse.ntg6/md59d95dbab71941e137ef724fbceda5f0e.MainOverlayActivity/5
01-01 01:05:32.072  1151  2231 D CompatibilityInfo: mCompatibilityFlags - 4
01-01 01:05:32.072  1151  2231 D CompatibilityInfo: applicationDensity - 240
01-01 01:05:32.072  1151  2231 D CompatibilityInfo: applicationScale - 1.0
01-01 01:05:32.073  1151  2231 D ActivityTrigger: activityResumeTrigger: The activity in ApplicationInfo{4ed449e com.daimler.rse.ntg6} is now in focus and seems to be in full-screen mode
01-01 01:05:32.073  1151  2231 E ActivityTrigger: activityResumeTrigger: not whiteListedcom.daimler.rse.ntg6/md59d95dbab71941e137ef724fbceda5f0e.MainOverlayActivity/5
01-01 01:05:32.073  1151  2231 D ActivityTrigger: ActivityTrigger activityPauseTrigger 
01-01 01:05:32.079  1519  1519 V Activity: onResume com.daimler.rse.ntg6.StartUpActivity@6d639f8
01-01 01:05:32.084  1151  2231 D CompatibilityInfo: mCompatibilityFlags - 4
01-01 01:05:32.084  1151  2231 D CompatibilityInfo: applicationDensity - 240
01-01 01:05:32.084  1151  2231 D CompatibilityInfo: applicationScale - 1.0
01-01 01:05:32.085  1519  1519 D Activity: onStart: startService done
01-01 01:05:32.088  1151  2234 D WindowManager: relayout packageName=com.daimler.rse.ntg6::session=Session{6485514 1519:u0a10027}::window=android.view.IWindow$Stub$Proxy@5d38a42::attrs.flags=81810500
01-01 01:05:32.088  1151  2234 D WindowManager: relayout >>> FLAG_FULLSCREEN set in WindowManager.LayoutParams
01-01 01:05:32.088  1151  2234 D WindowManager: startStatusReceiverServiceOnFlagSet: creating intent for action ACTION_ACTIVITY_FULLSCREEN
01-01 01:05:32.088  1151  2234 W ContextImpl: Calling a method in the system process without a qualified user: android.app.ContextImpl.startService:1476 com.android.server.wm.Session.startStatusReceiverServiceOnFlagSet:762 com.android.server.wm.Session.relayout:273 android.view.IWindowSession$Stub.onTransact:286 com.android.server.wm.Session.onTransact:166 
01-01 01:05:32.089  1151  2234 D WindowManager: startStatusReceiverServiceOnFlagSet: startService done
01-01 01:05:32.090  1392  1392 W SYSTEM_UI: SWR_SYSTEM_UI_007|FUN=CollapsedStatusBarFragment::getAction |1|Broadcast action --> STATUS_UPDATE_ACTION
01-01 01:05:32.090  1392  1392 W SYSTEM_UI: SWR_SYSTEM_UI_007|FUN=CollapsedStatusBarFragment::getIntExtra |1|NotifySystemUpdates dataType --> 100
01-01 01:05:32.090  1392  1392 W SYSTEM_UI: SWR_SYSTEM_UI_006|FUN=CollapsedStatusBarFragment::NotifySystemUpdates | onReceive --> |1|TOP ACTIVITY CHANGED | package --> com.daimler.rse.ntg6 | class --> com.daimler.rse.ntg6.StartUpActivity
01-01 01:05:32.090  1392  1392 W SYSTEM_UI - CI07.3: className -> CollapsedStatusBarFragment | functionName -> NotifySystemUpdates | onReceive -->  | value -> TOP ACTIVITY CHANGED | package --> com.daimler.rse.ntg6 | class --> com.daimler.rse.ntg6.StartUpActivity
01-01 01:05:32.100  1392  1392 W SYSTEM_UI: SWR_SYSTEM_UI_007|FUN=CollapsedStatusBarFragment::getAction |1|Broadcast action --> STATUS_UPDATE_ACTION
01-01 01:05:32.100  1392  1392 W SYSTEM_UI: SWR_SYSTEM_UI_007|FUN=CollapsedStatusBarFragment::getIntExtra |1|NotifySystemUpdates dataType --> 101
01-01 01:05:32.100  1392  1392 W SYSTEM_UI - CI07.3: className -> CollapsedStatusBarFragment | functionName -> NotifySystemUpdates | onReceive -->  | value -> FULLSCREEN MODE CHANGED | isFullScreenStatus --> true | fullScreenPackage -->com.daimler.rse.ntg6 | fullscreenLastShownPackage -->null | topActivityPackage --> com.daimler.rse.ntg6
01-01 01:05:32.100  1392  1392 W SYSTEM_UI - CI07.3: className -> CollapsedStatusBarFragment | functionName -> NotifySystemUpdates | onReceive -->  | value -> Fullscreen mode changed --> path 1
01-01 01:05:32.101  1392  1392 W SYSTEM_UI - CI07.3: className -> CollapsedStatusBarFragment | functionName -> NotifySystemUpdates | onReceive -->  | value -> Fullscreen mode changed --> path 3
01-01 01:05:32.101  1519  1519 I Connectivity|HMI_Common.Activities.StartUpActivity: MBUX App Method: OnPause |Line No: 242 |Log Type: Information |Message: StartUpActivity: OnPause()
01-01 01:05:32.102  1519  1519 V Activity: onPause com.daimler.rse.ntg6.StartUpActivity@6d639f8
01-01 01:05:32.104  1151  2231 D ActivityTrigger: activityResumeTrigger: The activity in ApplicationInfo{4ed449e com.daimler.rse.ntg6} is now in focus and seems to be in full-screen mode
01-01 01:05:32.104  1151  2231 E ActivityTrigger: activityResumeTrigger: not whiteListedcom.daimler.rse.ntg6/md59d95dbab71941e137ef724fbceda5f0e.MainOverlayActivity/5
01-01 01:05:32.109  1151  2231 D CompatibilityInfo: mCompatibilityFlags - 4
01-01 01:05:32.109  1151  2231 D CompatibilityInfo: applicationDensity - 240
01-01 01:05:32.109  1151  2231 D CompatibilityInfo: applicationScale - 1.0
01-01 01:05:32.140  1519  1519 V Activity: onCreate md59d95dbab71941e137ef724fbceda5f0e.MainOverlayActivity@c620df1: null
01-01 01:05:32.142  1519  1519 I HomeScreen|HMI_Common.Activities.MainOverlayActivity: MBUX App Method: OnCreate |Line No: 105 |Log Type: Critical |Message: Device Language : en_GB
01-01 01:05:32.142  1519  1519 I HomeScreen|HMI_Common.Activities.MainOverlayActivity: MBUX App Method: OnCreate |Line No: 106 |Log Type: Critical |Message: LanguageEnglish
01-01 01:05:32.142  1519  1519 I HomeScreen|HMI_Common.Activities.MainOverlayActivity: MBUX App Method: OnCreate |Line No: 117 |Log Type: Critical |Message: App-theme successfully changed to AppTheme
01-01 01:05:32.142  1519  1519 I HomeScreen|HMI_Common.Activities.MainOverlayActivity: MBUX App Method: OnCreate |Line No: 121 |Log Type: Critical |Message: Base Activity onCreate Called
01-01 01:05:32.172  1519  1519 I BaseScreen|HMI_Common.Activities.MainOverlayActivity: MBUX App Method: UpdateHMI2LaunchedFlag |Line No: 1222 |Log Type: Critical |Message: UpdateHMI2LaunchedFlag() called isLaunched = False
01-01 01:05:32.173  1519  1519 I BaseScreen|HMI_Common.HMIBackend.SharedPreferences.SharedPrefBackend: MBUX App Method: UpdateHMI2LaunchedFlag |Line No: 93 |Log Type: Critical |Message: UpdateHMI2LaunchedFlag called isLaunched = False
01-01 01:05:32.173  1519  1519 I AirCondition|HMI_Common.HMIBackend.ClimateBackend.AirConditionBackend: MBUX App Method: Initialize |Line No: 77 |Log Type: Information |Message: Climate in Demo Mode
01-01 01:05:32.173  1519  1519 I ParentalControl|HMI_Common.HMIBackend.ParentalControl.ParentalControlBackend: MBUX App Method: .ctor |Line No: 47 |Log Type: Critical |Message: ParentalControl Backend Constructor Called.
01-01 01:05:32.173  1519  1519 I VolumeControl|HMI_Common.HMIBackend.VolumeControl.VolumeControlBackend: MBUX App Method: .ctor |Line No: 51 |Log Type: Critical |Message: VolumeControlBackend VolumeControlBackend() called 
01-01 01:05:32.182  1519  1519 I BaseScreen|HMI_Common.Activities.MainOverlayActivity: MBUX App Method: LastStoredMediaVolume |Line No: 1198 |Log Type: Critical |Message: LastStoredMediaVolume() called
01-01 01:05:32.183  1519  1519 I BaseScreen|HMI_Common.Activities.MainOverlayActivity: MBUX App Method: IsRseRebooted |Line No: 1190 |Log Type: Critical |Message: IsRseRebooted() called
01-01 01:05:32.183  1519  1519 I VolumeControl|HMI_Common.Activities.MainOverlayActivity: MBUX App Method: initBtHeadsetSeekbarProgress |Line No: 292 |Log Type: Information |Message: VolumeControl initBtHeadsetSeekbarProgress() called,  MediaMaxVolume = 15 currentMediaVolume = 0 isRseRebooted = False comfortMinLevel = 0 comfortMaxLevel = 0
01-01 01:05:32.184  1519  1519 I VolumeControl|HMI_Common.Activities.MainOverlayActivity: MBUX App Method: intializeVolumeLevel |Line No: 337 |Log Type: Information |Message: VolumeControl intializeVolumeLevel() called, isDemoMode == True
01-01 01:05:32.187  1519  1519 I HomeScreen|HMI_Common.Activities.MainOverlayActivity: MBUX App Method: HandleClimateControlsVisibility |Line No: 324 |Log Type: Information |Message: md59d95dbab71941e137ef724fbceda5f0e.MainOverlayActivity@c620df1 BaseActivity.statusLine HandleClimateControlsVisibility isViewVisible : True
01-01 01:05:32.188  1519  1519 I HomeScreen|HMI_Common.Activities.MainOverlayActivity: MBUX App Method: OnCreate |Line No: 130 |Log Type: Information |Message: MainOverlayActivity onCreate Started after initializing all common components
01-01 01:05:32.188  1519  1519 I BaseScreen|HMI_Common.Activities.MainOverlayActivity: MBUX App Method: UpdateHMI2LaunchedFlag |Line No: 1222 |Log Type: Critical |Message: UpdateHMI2LaunchedFlag() called isLaunched = False
01-01 01:05:32.188  1519  1519 I BaseScreen|HMI_Common.HMIBackend.SharedPreferences.SharedPrefBackend: MBUX App Method: UpdateHMI2LaunchedFlag |Line No: 93 |Log Type: Critical |Message: UpdateHMI2LaunchedFlag called isLaunched = False
01-01 01:05:32.188  1519  1519 I BaseScreen|HMI_Common.Activities.MainOverlayActivity: MBUX App Method: GetHMI2LaunchedFlag |Line No: 1231 |Log Type: Critical |Message: UpdateSharedPrefForRseRebooted() called
01-01 01:05:32.188  1519  1519 I HomeScreen|HMI_Common.Activities.MainOverlayActivity: MBUX App Method: InitScreenOnOffEvents |Line No: 1850 |Log Type: Critical |Message: InitScreenOnOffEvents called : HMI2 Launched : False
01-01 01:05:32.188  1519  1519 I BaseScreen|HMI_Common.Activities.MainOverlayActivity: MBUX App Method: GetHMI2LaunchedFlag |Line No: 1231 |Log Type: Critical |Message: UpdateSharedPrefForRseRebooted() called
01-01 01:05:32.188  1519  1519 I HomeScreen|HMI_Common.Activities.MainOverlayActivity: MBUX App Method: RemoveScreenOnOffEvents |Line No: 1909 |Log Type: Critical |Message: RemoveScreenOnOffEvents called : HMI2 Launched : False
01-01 01:05:32.192  1519 19876 I VolumeControl|HMI_Common.Activities.MainOverlayActivity+BluetoothHeadsetStateBroadcast: MBUX App Method: OnReceive |Line No: 1953 |Log Type: Critical |Message: MainOverlayActivity BroadcastReceived Action : android.intent.action.HEADSET_PLUG
01-01 01:05:32.196  1519  1519 I HomeScreen|HMI_Common.HMIBackend.CommonControlsBackend.BaseScreenBackend: MBUX App Method: IsAppKeepAliveSuccess |Line No: 775 |Log Type: Critical |Message: App Authentication Status : Checking keep alive status for : Player & status : True
01-01 01:05:32.196  1519  1519 I HomeScreen|HMI_Common.HMIBackend.CommonControlsBackend.BaseScreenBackend: MBUX App Method: IsAppKeepAliveSuccess |Line No: 775 |Log Type: Critical |Message: App Authentication Status : Checking keep alive status for : Tuner & status : True
01-01 01:05:32.197  1519  1519 I Connectivity_AIDL|AIDL_Handler.Utils.AidlSharedPref: MBUX App Method: IsChinaVariant |Line No: 424 |Log Type: Critical |Message: IsChinaVariant: True
01-01 01:05:32.197  1519  1519 I HomeScreen|HMI_Common.Activities.MainOverlayActivity: MBUX App Method: GetMainOverlayItemsList |Line No: 483 |Log Type: Critical |Message: IsChinaVarinat :  True  Application Box added to List
01-01 01:05:32.200  1519 19876 I VolumeControl|HMI_Common.Activities.MainOverlayActivity: MBUX App Method: HandleBluetoothSeekbar |Line No: 891 |Log Type: Critical |Message: VolumeControl HandleBluetoothSeekbar() Called :: isAnyWirelessHeadsetConnected = False isAnyWiredHeadsetConnected = True
01-01 01:05:32.205  1519  1519 I HomeScreen|HMI_Common.Activities.MainOverlayActivity: MBUX App Method: OnCreate |Line No: 191 |Log Type: Critical |Message: MainOverLayActivity, oncreated, LastViewedItem : None
01-01 01:05:32.206  1519  1519 I HomeScreen|HMI_Common.Activities.MainOverlayActivity: MBUX App Method: OnStart |Line No: 338 |Log Type: Information |Message: OnStart() BaseActivity
01-01 01:05:32.206  1519  1519 V Activity: onStart md59d95dbab71941e137ef724fbceda5f0e.MainOverlayActivity@c620df1
01-01 01:05:32.208  1519  1519 V Activity: onResume md59d95dbab71941e137ef724fbceda5f0e.MainOverlayActivity@c620df1
01-01 01:05:32.210  1151  2264 D CompatibilityInfo: mCompatibilityFlags - 4
01-01 01:05:32.210  1151  2264 D CompatibilityInfo: applicationDensity - 240
01-01 01:05:32.210  1151  2264 D CompatibilityInfo: applicationScale - 1.0
01-01 01:05:32.211  1519  1519 D Activity: onStart: startService done
01-01 01:05:32.212  1519  1519 I HomeScreen|HMI_Common.Activities.MainOverlayActivity: MBUX App Method: OnResume |Line No: 240 |Log Type: Information |Message: BaseActivity OnResume called
01-01 01:05:32.213  1519  1519 I VolumeControl|HMI_Common.HMIBackend.VolumeControl.VolumeControlBackend: MBUX App Method: GetEntertainmentVolumeGroupStatus |Line No: 215 |Log Type: Critical |Message: VolumeControlBackend GetEntertainmentVolumeGroupStatus() called VolumeControlApplication Instance ==  
01-01 01:05:32.214  1519  1519 I VolumeControl|HMI_Common.HMIBackend.VolumeControl.VolumeControlBackend: MBUX App Method: GetEntertainmentVolumeGroupStatus |Line No: 220 |Log Type: Critical |Message: VolumeControlBackend GetEntertainmentVolumeGroupStatus() ::: VolumeControlApplication Instance is Null - Volume Control Functionality will not work!!!!!!!
01-01 01:05:32.214  1519  1519 I VolumeControl|HMI_Common.Activities.MainOverlayActivity: MBUX App Method: GetCurrentForegroundVolumeGroup |Line No: 1377 |Log Type: Critical |Message: VolumeControl GetCurrentForegroundVolumeGroup Called : VolumeControlBackend Instance = HMI_Common.HMIBackend.VolumeControl.VolumeControlBackend isEntertainmentInForeground = False
01-01 01:05:32.214  1519  1519 I BaseScreen|HMI_Common.Activities.MainOverlayActivity: MBUX App Method: EnableAppropriateView |Line No: 810 |Log Type: Information |Message: BaseActivity EnableAppropriateView() Called  isViewEnabled = True desiredView = android.widget.ImageView{ad407e9 VFED..C.. ......I. 0,0-0,0 #7f090561 app:id/VolumePanelImageView}
01-01 01:05:32.214  1519  1519 I HomeScreen|HMI_Common.Activities.MainOverlayActivity: MBUX App Method: HandleMediaStatusChangedEvent |Line No: 368 |Log Type: Critical |Message: MainOverlayActivity, HandleMediaStatusChangedEvent: MediumStatus : Idle, MediumType : HardDisk & Drive Status : PlayableFiles
01-01 01:05:32.214  1519  1519 I VolumeControl|HMI_Common.Activities.MainOverlayActivity: MBUX App Method: HandleSendToCabinAudioVisibility |Line No: 451 |Log Type: Information |Message: VolumeControl HandleSendToCabinAudioVisibility() Called
01-01 01:05:32.214  1519  1519 I VolumeControl|HMI_Common.Activities.MainOverlayActivity: MBUX App Method: HandleSendToCabinAudioVisibility |Line No: 458 |Log Type: Information |Message: VolumeControl HandleSendToCabinAudioVisibility() isPlayerCurrentStreamingSource = False
01-01 01:05:32.214  1519  1519 I HomeScreen|HMI_Common.Activities.MainOverlayActivity: MBUX App Method: HandleSendToCabinAudioVisibility |Line No: 479 |Log Type: Information |Message: VolumeControl handleSendToCabinAudioVisibility:TV or Tuner ready
01-01 01:05:32.215  1519  1519 I HomeScreen|HMI_Common.HMIBackend.CommonControlsBackend.BaseScreenBackend: MBUX App Method: IsTVCurrentSourcePlayedForMedia |Line No: 986 |Log Type: Information |Message: Basescreen backend IsTVCurrentSourcePlayedForMedia isTVPrevious : False
01-01 01:05:32.215  1519  1519 I HomeScreen|HMI_Common.Activities.MainOverlayActivity: MBUX App Method: IsTVSourceToBeHandled |Line No: 1649 |Log Type: Information |Message: IsTVSourceToBeHandled, IsPlayerCurrentStreamingSource() : False & IsTVPreviousStreamingSource() : False, RseMediaApplication.Instance.CurrentStreamingSource = Unknown, RseMediaApplication.Instance.PreviousStreamingSource = Unknown
01-01 01:05:32.215  1519  1519 I HomeScreen|HMI_Common.HMIBackend.CommonControlsBackend.BaseScreenBackend: MBUX App Method: IsTVCurrentSourcePlayedForMedia |Line No: 986 |Log Type: Information |Message: Basescreen backend IsTVCurrentSourcePlayedForMedia isTVPrevious : False
01-01 01:05:32.216  1519  1519 I HomeScreen|HMI_Common.Activities.MainOverlayActivity: MBUX App Method: DisplayDriveChangeInfo |Line No: 439 |Log Type: Critical |Message: MainOverlayActivity,  DisplayDriveChangeInfo called mediumType: HardDisk
01-01 01:05:32.216  1519  1519 I HomeScreen|HMI_Common.Activities.MainOverlayActivity: MBUX App Method: UpdateHomeScreenItemView |Line No: 207 |Log Type: Critical |Message: UpdateHomeScreenItemView : Item : Media, mainImage : HardDisk, subtitle : , leftShortIcon : , rightShorticon : , Current Audio Source : 
01-01 01:05:32.219  1519  1519 I HomeScreen|HMI_Common.Activities.MainOverlayActivity: MBUX App Method: DisplayCurrentTrackInfo |Line No: 450 |Log Type: Critical |Message: MainOverlayActivity,  DisplayCurrentTrackInfo called currentTrack: 
01-01 01:05:32.220  1519  1519 I HomeScreen|HMI_Common.Activities.MainOverlayActivity: MBUX App Method: UpdateHomeScreenItemView |Line No: 207 |Log Type: Critical |Message: UpdateHomeScreenItemView : Item : Media, mainImage : HardDisk, subtitle : , leftShortIcon : False, rightShorticon : False, Current Audio Source : 
01-01 01:05:32.220  1933  1933 D LCMANDR : SWR_OOB_HV_MF_009|FUN=LifeCycleManagerService::getDAIAppAlivenessStatus|Aliveness:: DAIAPP HB DIFF = 2 [ DaimlerAppHBCounter ] = 1556[ DaimlerAppHBCounterOld ] = 1554
01-01 01:05:32.220  1933  1933 I LCMANDR : SWR_OOB_HV_MF_009|FUN=LifeCycleManagerService::getDAIAppAlivenessStatus|Aliveness::ANDROID HB IS VALID... setting OLD VAL, and resetting Fail Counter
01-01 01:05:32.222  1933  1933 I LCMANDR : SWR_OOB_HV_MF_009|FUN=LifeCycleManagerService::getDAIPID|DAIMLER APP(com.daimler.rse.ntg6) PID is [ 1519 ]
01-01 01:05:32.222  1933  1933 I LCMANDR : SWR_OOB_HV_MF_009|FUN=LifeCycleManagerService::getDAIAPPStatus|Aliveness::SAME PID! DAIAPP is not restarted
01-01 01:05:32.222  1933  1933 W LCMANDR : SWR_OOB_HV_MF_009|FUN=LifeCycleManagerService::getDAIAppAlivenessStatus|Aliveness::Status to send id : ALIVE
01-01 01:05:32.222  1933  1933 D LCMANDR : SWR_OOB_HV_MF_005|FUN=LifeCycleManagerService::sendPacketToLnx|data = [B@1b15fc5
01-01 01:05:32.222  1933  1933 D LCMANDR : SWR_OOB_HV_MF_009|FUN=LifeCycleManagerService::postAppsStatusInfo|Setting AppPacket info
01-01 01:05:32.222  1933  1933 I LCMANDR : SWR_OOB_HV_MF_009|FUN=AlivenessMonitoring::getRunningApps| packet sent
01-01 01:05:32.223  1933  1956 D LCMANDR : SWR_OOB_HV_MF_010|FUN=LifeCycleManagerService::RseNodeStateManagement|SEND_IGC_CB
01-01 01:05:32.223  1933  1956 I LCMANDR : SWR_OOB_HV_MF_005|FUN=LifeCycleManagerService::igcsendData|Call hit in RSENodeStateManagement::igcsendData
01-01 01:05:32.223  1933  1956 I LCMANDR : SWR_OOB_HV_MF_005|FUN=LifeCycleManagerService::igcsendData|SEND DATA LEN is : 15
01-01 01:05:32.223  1933  1956 I LCMANDR : SWR_OOB_HV_MF_007|FUN=LifeCycleManagerService::sendPacketFromIntentService|Package to send : [ 65, 0, 0, 0, 9, 0, 2, 0, 1, 0, 5, 65, 65, 0, 0, ]
01-01 01:05:32.223  1933  1956 I IGC     :  IGC::sendData ==> [ 65, 0, 0, 0, 9, 0, 2, 0, 1, 0, 5, 65, 65, 0, 0,  ]
01-01 01:05:32.223  1933  1956 I IGC     :  Igc::sendData data size is :: 15
01-01 01:05:32.223  1933  1956 D         : Enqueue: sem count = 1
01-01 01:05:32.223  1933  1956 I LCMANDR : SWR_OOB_HV_MF_007|FUN=LifeCycleManagerService::sendPacketFromIntentService|Sending Data to Linux is successful( [65, 0, 0, 0, 9, 0, 2, 0, 1, 0, 5, 65, 65, 0, 0] )
01-01 01:05:32.223  1933  1956 I LCMANDR : SWR_OOB_HV_MF_005|FUN=LifeCycleManagerService::igcsendData| DATA SEND SUCCESSFULLY 
01-01 01:05:32.223  1519  1519 I VolumeControl|HMI_Common.Activities.MainOverlayActivity: MBUX App Method: UpdateSendToCabinAudioIcon |Line No: 206 |Log Type: Critical |Message: VolumeControl InitializeSendToCabinAudioFalse
01-01 01:05:32.224  1519  1519 I VolumeControl|HMI_Common.HMIBackend.VolumeControl.VolumeControlBackend: MBUX App Method: GetMuteStates |Line No: 194 |Log Type: Critical |Message: VolumeControlBackend GetMuteStates() called CabinAudioMuteStatus == False
01-01 01:05:32.225  1519  1519 I Connectivity_AIDL|HMI_Common.RsePlatformInterface.ParentalControlImpl: MBUX App Method: UnSubscribeToParentalControlEvents |Line No: 121 |Log Type: Information |Message: UnSubscribeToParentalControlEvents = 
01-01 01:05:32.225  1519  1519 I Connectivity_AIDL|HMI_Common.RsePlatformInterface.ParentalControlImpl: MBUX App Method: .ctor |Line No: 32 |Log Type: Critical |Message: ParentalControlImpl Constructor
01-01 01:05:32.225  1519  1519 I Connectivity_AIDL|HMI_Common.RsePlatformInterface.ParentalControlImpl: MBUX App Method: GetParentalControlApplication |Line No: 89 |Log Type: Critical |Message: GetParentalControlApplication : 
01-01 01:05:32.225  1519  1519 I Connectivity_AIDL|HMI_Common.RsePlatformInterface.ParentalControlImpl: MBUX App Method: SubscribeToParentalControlEvents |Line No: 96 |Log Type: Information |Message: SubscribeToParentalControlEvents isDemoMode = True
01-01 01:05:32.225  1519  1519 I HomeScreen|HMI_Common.Activities.MainOverlayActivity: MBUX App Method: UpdateNavigationETAInfo |Line No: 113 |Log Type: Critical |Message: UpdateNavigationETAInfo, subtitle text : 
01-01 01:05:32.225  1519  1519 I HomeScreen|HMI_Common.Activities.MainOverlayActivity: MBUX App Method: IsETAInfoToBeDisplayed |Line No: 128 |Log Type: Information |Message: Navigation, IsETAInfoToBeDisplayed etaInfoText: 
01-01 01:05:32.225  1519  1519 I HomeScreen|HMI_Common.Activities.MainOverlayActivity: MBUX App Method: UpdateHomeScreenNavigationSubtitleText |Line No: 801 |Log Type: Critical |Message: UpdateHomeScreenNavigationSubtitleText, subtitle text :  & isActiveRouteInProgress : False
01-01 01:05:32.235  1392  1392 W SYSTEM_UI: SWR_SYSTEM_UI_007|FUN=CollapsedStatusBarFragment::getAction |1|Broadcast action --> STATUS_UPDATE_ACTION
01-01 01:05:32.235  1392  1392 W SYSTEM_UI: SWR_SYSTEM_UI_007|FUN=CollapsedStatusBarFragment::getIntExtra |1|NotifySystemUpdates dataType --> 100
01-01 01:05:32.236  1392  1392 W SYSTEM_UI: SWR_SYSTEM_UI_006|FUN=CollapsedStatusBarFragment::NotifySystemUpdates | onReceive --> |1|TOP ACTIVITY CHANGED | package --> com.daimler.rse.ntg6 | class --> md59d95dbab71941e137ef724fbceda5f0e.MainOverlayActivity
01-01 01:05:32.236  1392  1392 W SYSTEM_UI - CI07.3: className -> CollapsedStatusBarFragment | functionName -> NotifySystemUpdates | onReceive -->  | value -> TOP ACTIVITY CHANGED | package --> com.daimler.rse.ntg6 | class --> md59d95dbab71941e137ef724fbceda5f0e.MainOverlayActivity
01-01 01:05:32.236  1519  1519 I TelephonyRse|HMI_Common.Activities.MainOverlayActivity: MBUX App Method: HandlestatusLineNetworkSignalStrength |Line No: 944 |Log Type: Information |Message: BaseActivity StatusLine:HandlestatusLineNetworkSignalStrength deviceList size :
01-01 01:05:32.236  1519  1519 I TelephonyRse|HMI_Common.Activities.MainOverlayActivity: MBUX App Method: HandlestatusLineNetworkSignalStrength |Line No: 966 |Log Type: Information |Message: BaseActivity StatusLine:HandlestatusLineNetworkSignalStrength deviceList size empty:
01-01 01:05:32.236  1519  1519 I TelephonyRse|HMI_Common.Activities.MainOverlayActivity: MBUX App Method: HandlestatusLinePhoneBatteryLevelVisibility |Line No: 1063 |Log Type: Information |Message: BaseActivity StatusLine:HandlestatusLinePhoneBatteryLevelVisibility deviceList size :
01-01 01:05:32.236  1519  1519 I TelephonyRse|HMI_Common.Activities.MainOverlayActivity: MBUX App Method: HandlestatusLinePhoneBatteryLevelVisibility |Line No: 1086 |Log Type: Information |Message: BaseActivity StatusLine:HandlestatusLineNetworkSignalStrength deviceList size empty:
01-01 01:05:32.238  1519  1519 I HomeScreen|HMI_Common.Activities.MainOverlayActivity: MBUX App Method: OnResume |Line No: 875 |Log Type: Information |Message: MainOverlayActivity OnResume called, _isActive : False _pos: 1
01-01 01:05:32.238  1519  1519 I BaseScreen|HMI_Common.Activities.MainOverlayActivity: MBUX App Method: UpdateHMI2LaunchedFlag |Line No: 1222 |Log Type: Critical |Message: UpdateHMI2LaunchedFlag() called isLaunched = False
01-01 01:05:32.238  1519  1519 I BaseScreen|HMI_Common.HMIBackend.SharedPreferences.SharedPrefBackend: MBUX App Method: UpdateHMI2LaunchedFlag |Line No: 93 |Log Type: Critical |Message: UpdateHMI2LaunchedFlag called isLaunched = False
01-01 01:05:32.238  1519  1519 I Connectivity|HMI_Common.Activities.MainOverlayActivity: MBUX App Method: RegisterEntertainmentSharingEvents |Line No: 296 |Log Type: Information |Message: BaseActivity is for MainOverlayActivity...registering for EntertainmentBackendEvents!!
01-01 01:05:32.238  1519  1519 I AudioManagement|HMI_Common.Activities.MainOverlayActivity: MBUX App Method: SubscribeEntertainmentSharingEvent |Line No: 31 |Log Type: Critical |Message: SetEntertainmentLister: True RegisterEntertainmentSharingEvents for ComponentInfo{com.daimler.rse.ntg6/md59d95dbab71941e137ef724fbceda5f0e.MainOverlayActivity}
01-01 01:05:32.238  1519  1519 I HomeScreen|HMI_Common.HMIBackend.CommonControlsBackend.BaseScreenBackend: MBUX App Method: IsAppKeepAliveSuccess |Line No: 775 |Log Type: Critical |Message: App Authentication Status : Checking keep alive status for : Player & status : True
01-01 01:05:32.239  1519  1519 I HomeScreen|HMI_Common.HMIBackend.CommonControlsBackend.BaseScreenBackend: MBUX App Method: IsAppKeepAliveSuccess |Line No: 775 |Log Type: Critical |Message: App Authentication Status : Checking keep alive status for : Tuner & status : True
01-01 01:05:32.239  1519  1519 I HomeScreen|HMI_Common.Activities.MainOverlayActivity: MBUX App Method: UpdateHomeScreenItemView |Line No: 207 |Log Type: Critical |Message: UpdateHomeScreenItemView : Item : Radio, mainImage : , subtitle : , leftShortIcon : Media, rightShorticon : Media, Current Audio Source : 
01-01 01:05:32.241  1519  1519 I HomeScreen|HMI_Common.Activities.MainOverlayActivity: MBUX App Method: HandleNaviEngineStatusChangedEvent |Line No: 787 |Log Type: Critical |Message: HandleNaviEngineStatusChangedEvent, naviEngineStatus : Stopped
