--------- beginning of main
01-01 00:39:21.606  2752 13224 W System.err: java.net.UnknownHostException: Unable to resolve host "appc.baidu.com": No address associated with hostname
01-01 00:39:21.606  2752 13224 W System.err: 	at java.net.Inet6AddressImpl.lookupHostByName(Inet6AddressImpl.java:141)
01-01 00:39:21.606  2752 13224 W System.err: 	at java.net.Inet6AddressImpl.lookupAllHostAddr(Inet6AddressImpl.java:90)
01-01 00:39:21.606  2752 13224 W System.err: 	at java.net.InetAddress.getAllByName(InetAddress.java:787)
01-01 00:39:21.606  2752 13224 W System.err: 	at com.android.okhttp.Dns$1.lookup(Dns.java:39)
01-01 00:39:21.606  2752 13224 W System.err: 	at com.android.okhttp.internal.http.RouteSelector.resetNextInetSocketAddress(RouteSelector.java:175)
01-01 00:39:21.606  2752 13224 W System.err: 	at com.android.okhttp.internal.http.RouteSelector.nextProxy(RouteSelector.java:141)
01-01 00:39:21.606  2752 13224 W System.err: 	at com.android.okhttp.internal.http.RouteSelector.next(RouteSelector.java:83)
01-01 00:39:21.606  2752 13224 W System.err: 	at com.android.okhttp.internal.http.StreamAllocation.findConnection(StreamAllocation.java:174)
01-01 00:39:21.606  2752 13224 W System.err: 	at com.android.okhttp.internal.http.StreamAllocation.findHealthyConnection(StreamAllocation.java:126)
01-01 00:39:21.606  2752 13224 W System.err: 	at com.android.okhttp.internal.http.StreamAllocation.newStream(StreamAllocation.java:95)
01-01 00:39:21.606  2752 13224 W System.err: 	at com.android.okhttp.internal.http.HttpEngine.connect(HttpEngine.java:281)
01-01 00:39:21.606  2752 13224 W System.err: 	at com.android.okhttp.internal.http.HttpEngine.sendRequest(HttpEngine.java:224)
01-01 00:39:21.606  2752 13224 W System.err: 	at com.android.okhttp.internal.huc.HttpURLConnectionImpl.execute(HttpURLConnectionImpl.java:461)
01-01 00:39:21.606  2752 13224 W System.err: 	at com.android.okhttp.internal.huc.HttpURLConnectionImpl.connect(HttpURLConnectionImpl.java:127)
01-01 00:39:21.606  2752 13224 W System.err: 	at com.android.okhttp.internal.huc.HttpURLConnectionImpl.getOutputStream(HttpURLConnectionImpl.java:258)
01-01 00:39:21.606  2752 13224 W System.err: 	at com.baidu.appsearch.basestatisticsmgr.c.a(Unknown Source:43)
01-01 00:39:21.606  2752 13224 W System.err: 	at com.baidu.appsearch.basestatisticsmgr.c.b(Unknown Source:13)
01-01 00:39:21.606  2752 13224 W System.err: 	at com.baidu.appsearch.basestatisticsmgr.c.a(Unknown Source:93)
01-01 00:39:21.606  2752 13224 W System.err: 	at com.baidu.appsearch.basestatisticsmgr.c.a(Unknown Source:63)
01-01 00:39:21.607  2752 13224 W System.err: 	at com.baidu.appsearch.basestatisticsmgr.g.run(Unknown Source:63)
01-01 00:39:21.607  2752 13224 W System.err: 	at java.util.concurrent.ThreadPoolExecutor.runWorker(ThreadPoolExecutor.java:1162)
01-01 00:39:21.607  2752 13224 W System.err: 	at java.util.concurrent.ThreadPoolExecutor$Worker.run(ThreadPoolExecutor.java:636)
01-01 00:39:21.607  2752 13224 W System.err: 	at java.lang.Thread.run(Thread.java:764)
01-01 00:39:21.607  2752 13224 W System.err: Caused by: android.system.GaiException: android_getaddrinfo failed: EAI_NODATA (No address associated with hostname)
01-01 00:39:21.607  2752 13224 W System.err: 	at libcore.io.Linux.android_getaddrinfo(Native Method)
01-01 00:39:21.607  2752 13224 W System.err: 	at libcore.io.ForwardingOs.android_getaddrinfo(ForwardingOs.java:59)
01-01 00:39:21.607  2752 13224 W System.err: 	at java.net.Inet6AddressImpl.lookupHostByName(Inet6AddressImpl.java:122)
01-01 00:39:21.607  2752 13224 W System.err: 	... 22 more
01-01 00:39:21.607  2752 13224 I StatisticsHttpRequest: old sUrl:http://appc.baidu.com/statistic?action=clientstatistic&sign=e10537154532a48d7f784f72c014b208
01-01 00:39:21.608  2752 13224 W System  : ClassLoader referenced unknown path: /system/framework/tcmclient.jar
01-01 00:39:21.609  2752 13224 W System.err: java.net.UnknownHostException: Unable to resolve host "appc.baidu.com": No address associated with hostname
01-01 00:39:21.609  2752 13224 W System.err: 	at java.net.Inet6AddressImpl.lookupHostByName(Inet6AddressImpl.java:111)
01-01 00:39:21.609  2752 13224 W System.err: 	at java.net.Inet6AddressImpl.lookupAllHostAddr(Inet6AddressImpl.java:90)
01-01 00:39:21.609  2752 13224 W System.err: 	at java.net.InetAddress.getAllByName(InetAddress.java:787)
01-01 00:39:21.609  2752 13224 W System.err: 	at com.android.okhttp.Dns$1.lookup(Dns.java:39)
01-01 00:39:21.609  2752 13224 W System.err: 	at com.android.okhttp.internal.http.RouteSelector.resetNextInetSocketAddress(RouteSelector.java:175)
01-01 00:39:21.610  2752 13224 W System.err: 	at com.android.okhttp.internal.http.RouteSelector.nextProxy(RouteSelector.java:141)
01-01 00:39:21.610  2752 13224 W System.err: 	at com.android.okhttp.internal.http.RouteSelector.next(RouteSelector.java:83)
01-01 00:39:21.610  2752 13224 W System.err: 	at com.android.okhttp.internal.http.StreamAllocation.findConnection(StreamAllocation.java:174)
01-01 00:39:21.610  2752 13224 W System.err: 	at com.android.okhttp.internal.http.StreamAllocation.findHealthyConnection(StreamAllocation.java:126)
01-01 00:39:21.610  2752 13224 W System.err: 	at com.android.okhttp.internal.http.StreamAllocation.newStream(StreamAllocation.java:95)
01-01 00:39:21.610  2752 13224 W System.err: 	at com.android.okhttp.internal.http.HttpEngine.connect(HttpEngine.java:281)
01-01 00:39:21.610  2752 13224 W System.err: 	at com.android.okhttp.internal.http.HttpEngine.sendRequest(HttpEngine.java:224)
01-01 00:39:21.610  2752 13224 W System.err: 	at com.android.okhttp.internal.huc.HttpURLConnectionImpl.execute(HttpURLConnectionImpl.java:461)
01-01 00:39:21.610  2752 13224 W System.err: 	at com.android.okhttp.internal.huc.HttpURLConnectionImpl.connect(HttpURLConnectionImpl.java:127)
01-01 00:39:21.610  2752 13224 W System.err: 	at com.android.okhttp.internal.huc.HttpURLConnectionImpl.getOutputStream(HttpURLConnectionImpl.java:258)
01-01 00:39:21.610  2752 13224 W System.err: 	at com.baidu.appsearch.basestatisticsmgr.c.a(Unknown Source:43)
01-01 00:39:21.610  2752 13224 W System.err: 	at com.baidu.appsearch.basestatisticsmgr.c.b(Unknown Source:13)
01-01 00:39:21.610  2752 13224 W System.err: 	at com.baidu.appsearch.basestatisticsmgr.c.a(Unknown Source:93)
01-01 00:39:21.610  2752 13224 W System.err: 	at com.baidu.appsearch.basestatisticsmgr.c.a(Unknown Source:63)
01-01 00:39:21.610  2752 13224 W System.err: 	at com.baidu.appsearch.basestatisticsmgr.g.run(Unknown Source:63)
01-01 00:39:21.610  2752 13224 W System.err: 	at java.util.concurrent.ThreadPoolExecutor.runWorker(ThreadPoolExecutor.java:1162)
01-01 00:39:21.610  2752 13224 W System.err: 	at java.util.concurrent.ThreadPoolExecutor$Worker.run(ThreadPoolExecutor.java:636)
01-01 00:39:21.610  2752 13224 W System.err: 	at java.lang.Thread.run(Thread.java:764)
01-01 00:39:21.610  2752 13224 I StatisticsHttpRequest: old sUrl:http://appc.baidu.com/statistic?action=clientstatistic&sign=e10537154532a48d7f784f72c014b208
01-01 00:39:21.611  2752 13224 W System.err: java.net.UnknownHostException: Unable to resolve host "appc.baidu.com": No address associated with hostname
01-01 00:39:21.611  2752 13224 W System.err: 	at java.net.Inet6AddressImpl.lookupHostByName(Inet6AddressImpl.java:111)
01-01 00:39:21.611  2752 13224 W System.err: 	at java.net.Inet6AddressImpl.lookupAllHostAddr(Inet6AddressImpl.java:90)
01-01 00:39:21.611  2752 13224 W System.err: 	at java.net.InetAddress.getAllByName(InetAddress.java:787)
01-01 00:39:21.611  2752 13224 W System.err: 	at com.android.okhttp.Dns$1.lookup(Dns.java:39)
01-01 00:39:21.611  2752 13224 W System.err: 	at com.android.okhttp.internal.http.RouteSelector.resetNextInetSocketAddress(RouteSelector.java:175)
01-01 00:39:21.612  2752 13224 W System.err: 	at com.android.okhttp.internal.http.RouteSelector.nextProxy(RouteSelector.java:141)
01-01 00:39:21.612  2752 13224 W System.err: 	at com.android.okhttp.internal.http.RouteSelector.next(RouteSelector.java:83)
01-01 00:39:21.612  2752 13224 W System.err: 	at com.android.okhttp.internal.http.StreamAllocation.findConnection(StreamAllocation.java:174)
01-01 00:39:21.612  2752 13224 W System.err: 	at com.android.okhttp.internal.http.StreamAllocation.findHealthyConnection(StreamAllocation.java:126)
01-01 00:39:21.612  2752 13224 W System.err: 	at com.android.okhttp.internal.http.StreamAllocation.newStream(StreamAllocation.java:95)
01-01 00:39:21.612  2752 13224 W System.err: 	at com.android.okhttp.internal.http.HttpEngine.connect(HttpEngine.java:281)
01-01 00:39:21.612  2752 13224 W System.err: 	at com.android.okhttp.internal.http.HttpEngine.sendRequest(HttpEngine.java:224)
01-01 00:39:21.612  2752 13224 W System.err: 	at com.android.okhttp.internal.huc.HttpURLConnectionImpl.execute(HttpURLConnectionImpl.java:461)
01-01 00:39:21.612  2752 13224 W System.err: 	at com.android.okhttp.internal.huc.HttpURLConnectionImpl.connect(HttpURLConnectionImpl.java:127)
01-01 00:39:21.612  2752 13224 W System.err: 	at com.android.okhttp.internal.huc.HttpURLConnectionImpl.getOutputStream(HttpURLConnectionImpl.java:258)
01-01 00:39:21.612  2752 13224 W System.err: 	at com.baidu.appsearch.basestatisticsmgr.c.a(Unknown Source:43)
01-01 00:39:21.612  2752 13224 W System.err: 	at com.baidu.appsearch.basestatisticsmgr.c.b(Unknown Source:13)
01-01 00:39:21.612  2752 13224 W System.err: 	at com.baidu.appsearch.basestatisticsmgr.c.a(Unknown Source:93)
01-01 00:39:21.612  2752 13224 W System.err: 	at com.baidu.appsearch.basestatisticsmgr.c.a(Unknown Source:63)
01-01 00:39:21.612  2752 13224 W System.err: 	at com.baidu.appsearch.basestatisticsmgr.g.run(Unknown Source:63)
01-01 00:39:21.612  2752 13224 W System.err: 	at java.util.concurrent.ThreadPoolExecutor.runWorker(ThreadPoolExecutor.java:1162)
01-01 00:39:21.612  2752 13224 W System.err: 	at java.util.concurrent.ThreadPoolExecutor$Worker.run(ThreadPoolExecutor.java:636)
01-01 00:39:21.612  2752 13224 W System.err: 	at java.lang.Thread.run(Thread.java:764)
01-01 00:39:21.612  2752 13224 D DBStatisticsUpListener: DBStatisticsUploadListener:onFail:useraction_appsearch_tablet
01-01 00:39:21.612  2752 13224 E UEStatPoster: UEStatistic upload failed!!网络请求未获取到数据
01-01 00:39:21.612  2752 13224 D BaseStatisticsDao: compareAndSetSendingStatus:tableName=useraction_appsearch_tablet:expect=true:update=false
01-01 00:39:21.612  2752 13224 D BaseStatisticsDao: compareAndSetSendingStatus:tableName=useraction_appsearch_tablet:compare=true
01-01 00:39:21.613  2752 13224 W BaseStatisticsRequestor: response error : 网络请求未获取到数据
01-01 00:39:21.953   729   748 I sssv-lib: sendMsg enter
01-01 00:39:21.953   729   748 I sssv-lib: sendMsg complete.
01-01 00:39:22.251  1933  1933 I LCMANDR : SWR_OOB_HV_MF_009|FUN=ResourceMonitoringService::movingMemoryAverage|2|Moving memory average :30.065792
01-01 00:39:22.251  1933  1933 W LCMANDR : SWR_OOB_HV_MF_009|FUN=ResourceMonitoringService::getCpuUsageStatistic|Moving MEM AVG :::::::::30.065792
01-01 00:39:22.252  1933  1933 W LCMANDR : SWR_OOB_HV_MF_009|FUN=ResourceMonitoringService::getCpuUsageStatistic|2|Total cpu usage :13.712375
01-01 00:39:22.252  1933  1933 I LCMANDR : SWR_OOB_HV_MF_009|FUN=ResourceMonitoringService::getCpuUsageStatistic|Cpu usage of core  0 is16.107382
01-01 00:39:22.252  1933  1933 I LCMANDR : SWR_OOB_HV_MF_009|FUN=ResourceMonitoringService::getCpuUsageStatistic|Cpu usage of core  1 is14.0
01-01 00:39:22.252  1933  1933 I LCMANDR : SWR_OOB_HV_MF_009|FUN=ResourceMonitoringService::getCpuUsageStatistic|Cpu usage of core  2 is11.036789
01-01 00:39:22.252  1933  1933 I LCMANDR : ResourceMonitoringService::movingCpuAverage()
01-01 00:39:22.252  1933  1933 I LCMANDR : SWR_OOB_HV_MF_009|FUN=ResourceMonitoringService::movingCpuAverage|2|Moving window average of CPU 25.170156
01-01 00:39:22.252  1933  1933 I LCMANDR : SWR_OOB_HV_MF_009|FUN=ResourceMonitoringService::movingCpuAverage|2|Cpu moving average of core  0 is29.808908
01-01 00:39:22.252  1933  1933 I LCMANDR : SWR_OOB_HV_MF_009|FUN=ResourceMonitoringService::movingCpuAverage|2|Cpu moving average of core  1 is23.667751
01-01 00:39:22.252  1933  1933 I LCMANDR : SWR_OOB_HV_MF_009|FUN=ResourceMonitoringService::movingCpuAverage|2|Cpu moving average of core  2 is22.034138
01-01 00:39:22.252  1933  1933 D LCMANDR : SWR_OOB_HV_MF_009|FUN=ResourceMonitoringService::movingCpuAverage|2|Exiting VAL = 25.170156
01-01 00:39:22.606  1151  1334 D StorageManager: DAI: getStorageFullBytes: fullBytes=5110414950
01-01 00:39:22.606  1151  1334 D StorageManager: DAI: getStorageLowBytes: lowBytes=6132497940
01-01 00:39:22.871  2054  2054 E         : 
01-01 00:39:22.871  2054  2054 E         : Buffer Size = 1048576
01-01 00:39:22.896  2054  2054 E         : 
01-01 00:39:22.896  2054  2054 E         : <6>[ 2041.738566] QSEECOM: scm_call_qcpe:429 : IN: 0x42000d0a, 0x3, 0x0, 0x3e54, 0x797, 0x0, 0x0
01-01 00:39:22.896  2054  2054 E         : <6>[ 2041.740130] QSEECOM: scm_call_qcpe:503 : OUT: 0x0, 0x0, 0x0, 0x0
01-01 00:39:22.896  2054  2054 E         : <6>[ 2041.756343] QSEECOM: scm_call_qcpe:429 : IN: 0x42000d0a, 0x3, 0x0, 0x4573, 0x79b, 0x0, 0x0
01-01 00:39:22.896  2054  2054 E         : <6>[ 2041.758204] QSEECOM: scm_call_qcpe:503 : OUT: 0x0, 0x0, 0x0, 0x0
01-01 00:39:22.896  2054  2054 E         : <6>[ 2041.772283] QSEECOM: scm_call_qcpe:429 : IN: 0x42000d0a, 0x3, 0x0, 0x3e42, 0x7ae, 0x0, 0x0
01-01 00:39:22.896  2054  2054 E         : <6>[ 2041.774063] QSEECOM: scm_call_qcpe:503 : OUT: 0x0, 0x0, 0x0, 0x0
01-01 00:39:22.896  2054  2054 E         : <6>[ 2041.789069] QSEECOM: scm_call_qcpe:429 : IN: 0x42000d0a, 0x3, 0x0, 0x4190, 0x79d, 0x0, 0x0
01-01 00:39:22.896  2054  2054 E         : <6>[ 2041.790486] QSEECOM: scm_call_qcpe:503 : OUT: 0x0, 0x0, 0x0, 0x0
01-01 00:39:22.896  2054  2054 E         : <6>[ 2041.806508] QSEECOM: scm_call_qcpe:429 : IN: 0x42000d0a, 0x3, 0x0, 0x4422, 0x7b4, 0x0, 0x0
01-01 00:39:22.896  2054  2054 E         : <6>[ 2041.808432] QSEECOM: scm_call_qcpe:503 : OUT: 0x0, 0x1, 0x0, 0x0
01-01 00:39:22.896  2054  2054 E         : <6>[ 2041.822599] QSEECOM: scm_call_qcpe:429 : IN: 0x42000d0a, 0x3, 0x0, 0x3ed9, 0x793, 0x0, 0x0
01-01 00:39:22.896  2054  2054 E         : <6>[ 2041.824595] QSEECOM: scm_call_qcpe:503 : OUT: 0x0, 0x0, 0x0, 0x0
01-01 00:39:22.896  2054  2054 E         : <6>[ 2041.8388
01-01 00:39:22.899  2054  2054 E         : USB Hub Detector 1.0
01-01 00:39:22.954   729   748 I sssv-lib: sendMsg enter
01-01 00:39:22.954   729   748 I sssv-lib: sendMsg complete.
01-01 00:39:23.950  1933  1957 D LCMANDR : SWR_OOB_HV_MF_009|FUN=LifeCycleManagerService::LifeCycle_ReportCompStatus|GOT ALIVENESS SIGNAL FROM DAIAPP : [0]; HB Counter = [ 932 ]; STATUS INFO = [ 0 ]
01-01 00:39:23.950  1519  1519 I Connectivity_AIDL|AIDL_Handler.AIDL_Helpers.LcmHelper: MBUX App Method: KeepAliveTest |Line No: 408 |Log Type: Critical |Message: MainThread:MBUX-App HB Count: 934, ResponseCode: 0
01-01 00:39:23.955   729   748 I sssv-lib: sendMsg enter
01-01 00:39:23.955   729   748 I sssv-lib: sendMsg complete.
01-01 00:39:24.157  1151  8140 D CompatibilityInfo: mCompatibilityFlags - 4
01-01 00:39:24.157  1151  8140 D CompatibilityInfo: applicationDensity - 240
01-01 00:39:24.158  1151  8140 D CompatibilityInfo: applicationScale - 1.0
01-01 00:39:24.159  2145  2145 D HMI_SERVICE: USE_CASE_NA|FUN=StoragedJobIntentService::onCreate|1|init
01-01 00:39:24.162  2145  2462 D HMI_SERVICE: USE_CASE_NA|FUN=StoragedJobIntentService::onHandleIntent|1|ACTION_MONITOR_APPS
01-01 00:39:24.162  2145  2462 I HMI_SERVICE: USE_CASE_NA|FUN=StoragedJobIntentService::onHandleIntent|1|msg:storageType:64totalWriteValue371974144
01-01 00:39:24.162  2145  2462 D HMI_SERVICE: USE_CASE_NA|FUN=StoragedJobIntentService::initMonitorApps|1|init
01-01 00:39:24.163  2145  2462 D HMI_SERVICE: USE_CASE_NA|FUN=EmmcUtils::getAppUid|1|uid:10027
01-01 00:39:24.163  2145  2462 D HMI_SERVICE: USE_CASE_NA|FUN=EmmcUtils::getAppUid|1|uid:10033
01-01 00:39:24.164  2677  2692 W ANDR_PERSISTENCY_CLIENT: SWR_PERSISTENCE_HV_LA_MF_0003|FUN=VCPUPersistenceService::executeLinuxCommand|0| init 
--------- beginning of system
01-01 00:39:24.164  2677  2692 W ContextImpl: Calling a method in the system process without a qualified user: android.app.ContextImpl.startService:1476 android.content.ContextWrapper.startService:650 com.panasonic.dairse.vcpupersistence.VCPUPersistenceService$1.executeLinuxCommand:392 com.panasonic.dairse.vcpupersistence.IVCPUPersistenceService$Stub.onTransact:437 android.os.Binder.execTransact:706 
01-01 00:39:24.165  2145  2145 D HMI_SERVICE: USE_CASE_NA|FUN=StoragedJobIntentService::onDestroy|1|init
01-01 00:39:24.167  1151  2229 D CompatibilityInfo: mCompatibilityFlags - 4
01-01 00:39:24.167  1151  2229 D CompatibilityInfo: applicationDensity - 240
01-01 00:39:24.167  1151  2229 D CompatibilityInfo: applicationScale - 1.0
01-01 00:39:24.169  2677 13250 W ANDR_PERSISTENCY_CLIENT: SWR_PERSISTENCE_HV_LA_MF_0004|FUN=UT_VCPUService:: onHandleIntent |2| [action] 16
01-01 00:39:24.169  2677 13250 W ANDR_PERSISTENCY_CLIENT: SWR_PERSISTENCE_HV_LA_MF_0003|FUN=PersConnHandler:: executeLinuxCommand |2| [id] execute_procedure
01-01 00:39:24.169  2677 13250 W ANDR_PERSISTENCY_CLIENT: SWR_PERSISTENCE_HV_LA_MF_0005|FUN=TCPHandler:: getInstance |2|msg: invoked 
01-01 00:39:24.169  2677 13250 W ANDR_PERSISTENCY_CLIENT: SWR_PERSISTENCE_HV_LA_MF_0005|FUN=TCPHandler::sendWriteRequestToPersistenceLinux|2|key= 0commandKey= 5 data= [99, 97, 116, 32, 47, 112, 114, 111, 99, 47, 100, 105, 115, 107, 115, 116, 97, 116, 115]
01-01 00:39:24.169  2677 13250 W ANDR_PERSISTENCY_CLIENT: SWR_PERSISTENCE_HV_LA_MF_0005|FUN=TCPHandler:: getUID |2|msg: invoked 
01-01 00:39:24.169  2677 13250 W ANDR_PERSISTENCY_CLIENT: SWR_PERSISTENCE_HV_LA_MF_0005|FUN=TCPHandler:: setAction |2|msg:setAction=1
01-01 00:39:24.169  2677 13250 W ANDR_PERSISTENCY_CLIENT: SWR_PERSISTENCE_HV_LA_MF_0005|FUN=TCPHandler:: setUID |2|msg:uid=19
01-01 00:39:24.170  2677 13250 W ANDR_PERSISTENCY_CLIENT: SWR_PERSISTENCE_HV_LA_MF_0005|FUN=TCPHandler:: setKey |2|msg:uid=19
01-01 00:39:24.170  2677 13250 W ANDR_PERSISTENCY_CLIENT: SWR_PERSISTENCE_HV_LA_MF_0005|FUN=TCPHandler::setCommandKey|2|msg:commandKey=5
01-01 00:39:24.170  2677 13250 W ANDR_PERSISTENCY_CLIENT: SWR_PERSISTENCE_HV_LA_MF_0005|FUN=TCPHandler::sendWriteRequestToPersistenceLinux|2|listKey=19_5;keyString=0x00;key=0;command=cat /proc/diskstats
01-01 00:39:24.170  2677  2725 W ANDR_PERSISTENCY_CLIENT: SWR_PERSISTENCE_HV_LA_MF_0005|FUN=TCPHandler:: getAction |2|msg:getAction=1
01-01 00:39:24.170  2677  2725 W ANDR_PERSISTENCY_CLIENT: SWR_PERSISTENCE_HV_LA_MF_0005|FUN=TCPHandler:: sender:ACTION_REQUEST |2|msg:condition 
01-01 00:39:24.170  2677  2725 W ANDR_PERSISTENCY_CLIENT: SWR_PERSISTENCE_HV_LA_MF_0005|FUN=TCPHandler:: getWrappedData |2|msg: msg com.panasonic.dairse.vcpupersistence.TCPHandler$Message@d7260cd
01-01 00:39:24.170  2677  2725 W ANDR_PERSISTENCY_CLIENT: SWR_PERSISTENCE_HV_LA_MF_0005|FUN=TCPHandler::getCommandKey|2|msg:commandKey=5
01-01 00:39:24.170  2677  2725 W ANDR_PERSISTENCY_CLIENT: SWR_PERSISTENCE_HV_LA_MF_0005|FUN=TCPHandler:: intToBytes |2| data 19
01-01 00:39:24.170  2677  2725 W ANDR_PERSISTENCY_CLIENT: SWR_PERSISTENCE_HV_LA_MF_0005|FUN=TCPHandler:: intToBytes |2| data 31
01-01 00:39:24.170  2677  2725 W ANDR_PERSISTENCY_CLIENT: SWR_PERSISTENCE_HV_LA_MF_0005|FUN=TCPHandler:: getUID |2|msg:uid=19
01-01 00:39:24.170  2677  2725 W ANDR_PERSISTENCY_CLIENT: SWR_PERSISTENCE_HV_LA_MF_0005|FUN=TCPHandler::start|2|msg:sender::msg=[0, 0, 0, 31, 1, 19, 5, 4, 48, 120, 48, 48, 0, 0, 0, 19, 99, 97, 116, 32, 47, 112, 114, 111, 99, 47, 100, 105, 115, 107, 115, 116, 97, 116, 115]
01-01 00:39:24.170  2677  2725 W ANDR_PERSISTENCY_CLIENT: SWR_PERSISTENCE_HV_LA_MF_0005|FUN=TCPHandler:: sender : Thread.interrupted() |2|msg:condition 
01-01 00:39:24.179  2677  2726 W ANDR_PERSISTENCY_CLIENT: SWR_PERSISTENCE_HV_LA_MF_0005|FUN=TCPHandler::start|2|msg:receiver::run: size of totalLength 4
01-01 00:39:24.179  2677  2726 W ANDR_PERSISTENCY_CLIENT: SWR_PERSISTENCE_HV_LA_MF_0005|FUN=TCPHandler::start|2|msg:receiver::run: totalLength is > 0
01-01 00:39:24.179  2677  2726 W ANDR_PERSISTENCY_CLIENT: SWR_PERSISTENCE_HV_LA_MF_0005|FUN=TCPHandler::start|2|msg:receiver::response length= 3843
01-01 00:39:24.180  2677  2726 W ANDR_PERSISTENCY_CLIENT: SWR_PERSISTENCE_HV_LA_MF_0005|FUN=TCPHandler::handleInBoundData|2|message=[0, 19, 5, 0, 0, 0, 14, -5, 32, 50, 53, 51, 32, 32, 32, 32, 32, 32, 32, 48, 32, 122, 114, 97, 109, 48, 32, 48, 32, 48, 32, 48, 32, 48, 32, 48, 32, 48, 32, 48, 32, 48, 32, 48, 32, 48, 32, 48, 10, 32, 50, 53, 51, 32, 32, 32, 32, 32, 32, 32, 49, 32, 122, 114, 97, 109, 49, 32, 48, 32, 48, 32, 48, 32, 48, 32, 48, 32, 48, 32, 48, 32, 48, 32, 48, 32, 48, 32, 48, 10, 32, 50, 53, 51, 32, 32, 32, 32, 32, 32, 32, 50, 32, 122, 114, 97, 109, 50, 32, 48, 32, 48, 32, 48, 32, 48, 32, 48, 32, 48, 32, 48, 32, 48, 32, 48, 32, 48, 32, 48, 10, 32, 50, 53, 51, 32, 32, 32, 32, 32, 32, 32, 51, 32, 122, 114, 97, 109, 51, 32, 48, 32, 48, 32, 48, 32, 48, 32, 48, 32, 48, 32, 48, 32, 48, 32, 48, 32, 48, 32, 48, 10, 32, 49, 55, 57, 32, 32, 32, 32, 32, 32, 32, 48, 32, 109, 109, 99, 98, 108, 107, 48, 32, 49, 52, 53, 51, 55, 32, 50, 55, 54, 32, 51, 52, 56, 51, 56, 57, 57, 32, 50, 50, 57, 48, 52, 32, 52, 55, 49, 50, 55, 32, 54, 56, 52, 49, 51, 53, 32, 57, 52, 54, 48, 51, 56, 32, 53, 54, 53, 48, 56, 32, 48, 32, 53, 53, 49, 57, 54, 32, 55, 57, 51, 49, 54, 10, 32, 49, 55, 57, 32, 32, 32, 32, 32, 32, 32, 49, 32, 109, 109, 99, 98, 108, 107, 48, 112, 49, 32, 49, 32, 48, 32, 49, 54, 32, 48, 32, 48, 32, 48, 32, 48, 32, 48, 32, 48, 32, 48, 32, 48, 10, 32, 49, 55, 57, 32, 32, 32, 32, 32, 32, 32, 50, 32, 109, 109, 99, 98, 108, 107, 48, 112, 50, 32, 57, 32, 48, 32, 52, 54, 52, 32, 52, 32, 48, 32, 48, 32, 48, 32, 48, 32, 48, 32, 52, 32, 52, 10, 32, 49, 55, 57, 32, 32, 32, 32, 32, 32, 32, 51, 32, 109, 109, 99, 98, 108, 107, 48, 112, 51, 32, 57, 32, 48, 32, 52, 54, 52, 32, 52, 32, 48, 32, 48, 32, 48, 32, 48, 32, 48, 32, 52, 32, 52, 10, 32, 49, 55, 57, 32, 32, 32, 32, 32, 32, 32, 52, 32, 109, 109, 99, 98, 108, 107, 48, 112, 52, 32, 50, 51, 32, 48, 32, 51, 56, 48, 56, 32, 54, 56, 32, 48, 32, 48, 32, 48, 32, 48, 32, 48, 32, 53, 54, 32, 54, 56, 10, 32, 49, 55, 57, 32, 32, 32, 32, 32, 32, 32, 53, 32, 109, 109, 99, 98, 108, 107, 48, 112, 53, 32, 49, 54, 32, 48, 32, 53, 55, 54, 32, 53, 50, 32, 51, 32, 48, 32, 50, 52, 32, 48, 32, 48, 32, 53, 50, 32, 53, 50, 10, 32, 49, 55, 57, 32, 32, 32, 32, 32, 32, 32, 54, 32, 109, 109, 99, 98, 108, 107, 48, 112, 54, 32, 49, 51, 32, 48, 32, 52, 57, 54, 32, 52, 32, 54, 32, 48, 32, 52, 56, 32, 52, 32, 48, 32, 56, 32, 56, 10, 32, 49, 55, 57, 32, 32, 32, 32, 32, 32, 32, 55, 32, 109, 109, 99, 98, 108, 107, 48, 112, 55, 32, 49, 54, 32, 48, 32, 49, 50, 56, 32, 48, 32, 48, 32, 48, 32, 48, 32, 48, 32, 48, 32, 48, 32, 48, 10, 32, 49, 55, 57, 32, 32, 32, 32, 32, 32, 32, 56, 32, 109, 109, 99, 98, 108, 107, 48, 112, 56, 32, 49, 48, 32, 48, 32, 52, 55, 50, 32, 52, 32, 48, 32, 48, 32, 48, 32, 48, 32, 48, 32, 52, 32, 52, 10, 32, 49, 55, 57, 32, 32, 32, 32, 32, 32, 32, 57, 32, 109, 109, 99, 98, 108, 107, 48, 112, 57, 32, 55, 53, 32, 48, 32, 56, 53, 56, 32, 49, 50, 32, 48, 32, 48, 32, 48, 32, 48, 32, 48, 32, 49, 50, 32, 49, 50, 10, 32, 49, 55, 57, 32, 32, 32, 32, 32, 32, 49, 48, 32, 109, 109, 99, 98, 108, 107, 48, 112, 49, 48, 32, 49, 48, 32, 48, 32, 52, 55, 50, 32, 48, 32, 48, 32, 48, 32, 48, 32, 48, 32, 48, 32, 48, 32, 48, 10, 32, 49, 55, 57, 32, 32, 32, 32, 32, 32, 49, 49, 32, 109, 109, 99, 98, 108, 107, 48, 112, 49, 49, 32, 49, 32, 48, 32, 56, 32, 48, 32, 48, 32, 48, 32, 48, 32, 48, 32, 48, 32, 48, 32, 48, 10, 32, 49, 55, 57, 32, 32, 32, 32, 32, 32, 49, 50, 32, 109, 109, 99, 98, 108, 107, 48, 112, 49, 50, 32, 51, 48, 32, 48, 32, 50, 52, 48, 32, 52, 32, 48, 32, 48, 32, 48, 32, 48, 32, 48, 32, 52, 32, 52, 10, 32, 49, 55, 57, 32, 32, 32, 32, 32, 32, 49, 51, 32, 109, 109, 99, 98, 108, 107, 48, 112, 49, 51, 32, 51, 48, 32, 48, 32, 50, 52, 48, 32, 56, 32, 48, 32, 48, 32, 48, 32, 48, 32, 48, 32, 56, 32, 56, 10, 32, 49, 55, 57, 32, 32, 32, 32, 32, 32, 49, 52, 32, 109, 109, 99, 98, 108, 107, 48, 112, 49, 52, 32, 51, 48, 32, 48, 32, 50, 52, 48, 32, 52, 32, 48, 32, 48, 32, 48, 32, 48, 32, 48, 32, 52, 32, 52, 10, 32, 49, 55, 57, 32, 32, 32, 32, 32, 32, 49, 53, 32, 109, 109, 99, 98, 108, 107, 48, 112, 49, 53, 32, 51, 48, 32, 48, 32, 50, 52, 4
01-01 00:39:24.180  2677  2726 W ANDR_PERSISTENCY_CLIENT: SWR_PERSISTENCE_HV_LA_MF_0005|FUN=TCPHandler::handleInBoundData|2|msg:response listKey=19_5
01-01 00:39:24.180  2677  2726 W ANDR_PERSISTENCY_CLIENT: SWR_PERSISTENCE_HV_LA_MF_0005|FUN=TCPHandler::handleInBoundData|2|msg:TCPHandler.handleInBoundData success response=0
01-01 00:39:24.180  2677  2726 W ANDR_PERSISTENCY_CLIENT: SWR_PERSISTENCE_HV_LA_MF_0005|FUN=TCPHandler::handleInBoundData|2|msg: containsKey ListKey
01-01 00:39:24.181  2677  2726 W ANDR_PERSISTENCY_CLIENT: SWR_PERSISTENCE_HV_LA_MF_0005|FUN=TCPHandler::sendResponseToSettings|2|message=[0, 19, 5, 0, 0, 0, 14, -5, 32, 50, 53, 51, 32, 32, 32, 32, 32, 32, 32, 48, 32, 122, 114, 97, 109, 48, 32, 48, 32, 48, 32, 48, 32, 48, 32, 48, 32, 48, 32, 48, 32, 48, 32, 48, 32, 48, 32, 48, 10, 32, 50, 53, 51, 32, 32, 32, 32, 32, 32, 32, 49, 32, 122, 114, 97, 109, 49, 32, 48, 32, 48, 32, 48, 32, 48, 32, 48, 32, 48, 32, 48, 32, 48, 32, 48, 32, 48, 32, 48, 10, 32, 50, 53, 51, 32, 32, 32, 32, 32, 32, 32, 50, 32, 122, 114, 97, 109, 50, 32, 48, 32, 48, 32, 48, 32, 48, 32, 48, 32, 48, 32, 48, 32, 48, 32, 48, 32, 48, 32, 48, 10, 32, 50, 53, 51, 32, 32, 32, 32, 32, 32, 32, 51, 32, 122, 114, 97, 109, 51, 32, 48, 32, 48, 32, 48, 32, 48, 32, 48, 32, 48, 32, 48, 32, 48, 32, 48, 32, 48, 32, 48, 10, 32, 49, 55, 57, 32, 32, 32, 32, 32, 32, 32, 48, 32, 109, 109, 99, 98, 108, 107, 48, 32, 49, 52, 53, 51, 55, 32, 50, 55, 54, 32, 51, 52, 56, 51, 56, 57, 57, 32, 50, 50, 57, 48, 52, 32, 52, 55, 49, 50, 55, 32, 54, 56, 52, 49, 51, 53, 32, 57, 52, 54, 48, 51, 56, 32, 53, 54, 53, 48, 56, 32, 48, 32, 53, 53, 49, 57, 54, 32, 55, 57, 51, 49, 54, 10, 32, 49, 55, 57, 32, 32, 32, 32, 32, 32, 32, 49, 32, 109, 109, 99, 98, 108, 107, 48, 112, 49, 32, 49, 32, 48, 32, 49, 54, 32, 48, 32, 48, 32, 48, 32, 48, 32, 48, 32, 48, 32, 48, 32, 48, 10, 32, 49, 55, 57, 32, 32, 32, 32, 32, 32, 32, 50, 32, 109, 109, 99, 98, 108, 107, 48, 112, 50, 32, 57, 32, 48, 32, 52, 54, 52, 32, 52, 32, 48, 32, 48, 32, 48, 32, 48, 32, 48, 32, 52, 32, 52, 10, 32, 49, 55, 57, 32, 32, 32, 32, 32, 32, 32, 51, 32, 109, 109, 99, 98, 108, 107, 48, 112, 51, 32, 57, 32, 48, 32, 52, 54, 52, 32, 52, 32, 48, 32, 48, 32, 48, 32, 48, 32, 48, 32, 52, 32, 52, 10, 32, 49, 55, 57, 32, 32, 32, 32, 32, 32, 32, 52, 32, 109, 109, 99, 98, 108, 107, 48, 112, 52, 32, 50, 51, 32, 48, 32, 51, 56, 48, 56, 32, 54, 56, 32, 48, 32, 48, 32, 48, 32, 48, 32, 48, 32, 53, 54, 32, 54, 56, 10, 32, 49, 55, 57, 32, 32, 32, 32, 32, 32, 32, 53, 32, 109, 109, 99, 98, 108, 107, 48, 112, 53, 32, 49, 54, 32, 48, 32, 53, 55, 54, 32, 53, 50, 32, 51, 32, 48, 32, 50, 52, 32, 48, 32, 48, 32, 53, 50, 32, 53, 50, 10, 32, 49, 55, 57, 32, 32, 32, 32, 32, 32, 32, 54, 32, 109, 109, 99, 98, 108, 107, 48, 112, 54, 32, 49, 51, 32, 48, 32, 52, 57, 54, 32, 52, 32, 54, 32, 48, 32, 52, 56, 32, 52, 32, 48, 32, 56, 32, 56, 10, 32, 49, 55, 57, 32, 32, 32, 32, 32, 32, 32, 55, 32, 109, 109, 99, 98, 108, 107, 48, 112, 55, 32, 49, 54, 32, 48, 32, 49, 50, 56, 32, 48, 32, 48, 32, 48, 32, 48, 32, 48, 32, 48, 32, 48, 32, 48, 10, 32, 49, 55, 57, 32, 32, 32, 32, 32, 32, 32, 56, 32, 109, 109, 99, 98, 108, 107, 48, 112, 56, 32, 49, 48, 32, 48, 32, 52, 55, 50, 32, 52, 32, 48, 32, 48, 32, 48, 32, 48, 32, 48, 32, 52, 32, 52, 10, 32, 49, 55, 57, 32, 32, 32, 32, 32, 32, 32, 57, 32, 109, 109, 99, 98, 108, 107, 48, 112, 57, 32, 55, 53, 32, 48, 32, 56, 53, 56, 32, 49, 50, 32, 48, 32, 48, 32, 48, 32, 48, 32, 48, 32, 49, 50, 32, 49, 50, 10, 32, 49, 55, 57, 32, 32, 32, 32, 32, 32, 49, 48, 32, 109, 109, 99, 98, 108, 107, 48, 112, 49, 48, 32, 49, 48, 32, 48, 32, 52, 55, 50, 32, 48, 32, 48, 32, 48, 32, 48, 32, 48, 32, 48, 32, 48, 32, 48, 10, 32, 49, 55, 57, 32, 32, 32, 32, 32, 32, 49, 49, 32, 109, 109, 99, 98, 108, 107, 48, 112, 49, 49, 32, 49, 32, 48, 32, 56, 32, 48, 32, 48, 32, 48, 32, 48, 32, 48, 32, 48, 32, 48, 32, 48, 10, 32, 49, 55, 57, 32, 32, 32, 32, 32, 32, 49, 50, 32, 109, 109, 99, 98, 108, 107, 48, 112, 49, 50, 32, 51, 48, 32, 48, 32, 50, 52, 48, 32, 52, 32, 48, 32, 48, 32, 48, 32, 48, 32, 48, 32, 52, 32, 52, 10, 32, 49, 55, 57, 32, 32, 32, 32, 32, 32, 49, 51, 32, 109, 109, 99, 98, 108, 107, 48, 112, 49, 51, 32, 51, 48, 32, 48, 32, 50, 52, 48, 32, 56, 32, 48, 32, 48, 32, 48, 32, 48, 32, 48, 32, 56, 32, 56, 10, 32, 49, 55, 57, 32, 32, 32, 32, 32, 32, 49, 52, 32, 109, 109, 99, 98, 108, 107, 48, 112, 49, 52, 32, 51, 48, 32, 48, 32, 50, 52, 48, 32, 52, 32, 48, 32, 48, 32, 48, 32, 48, 32, 48, 32, 52, 32, 52, 10, 32, 49, 55, 57, 32, 32, 32, 32, 32, 32, 49, 53, 32, 109, 109, 99, 98, 108, 107, 48, 112, 49, 53, 32, 51, 48, 32, 48, 32, 50, 
01-01 00:39:24.181  2677  2726 W ANDR_PERSISTENCY_CLIENT: SWR_PERSISTENCE_HV_LA_MF_0005|FUN=TCPHandler::sendResponseToSettings|2|;success=truelength 3843
01-01 00:39:24.181  2677  2726 W ANDR_PERSISTENCY_CLIENT: SWR_PERSISTENCE_HV_LA_MF_0005|FUN=TCPHandler::sendResponseToSettings|2| length>8
01-01 00:39:24.181  2677  2726 W ANDR_PERSISTENCY_CLIENT: SWR_PERSISTENCE_HV_LA_MF_0005|FUN=TCPHandler:: bytesToInt |2| data [B@1bb1c93
01-01 00:39:24.181  2677  2726 W ANDR_PERSISTENCY_CLIENT: SWR_PERSISTENCE_HV_LA_MF_0005|FUN=TCPHandler::sendResponseToSettings|2| dataLength 3835
01-01 00:39:24.181  2677  2726 W ANDR_PERSISTENCY_CLIENT: SWR_PERSISTENCE_HV_LA_MF_0005|FUN=TCPHandler::sendResponseToSettings|2| dataLength > 0 
01-01 00:39:24.181  2677  2726 W ANDR_PERSISTENCY_CLIENT: SWR_PERSISTENCE_HV_LA_MF_0005|FUN=TCPHandler::sendResponseToSettings|2| dataLength [B@c1224d0
01-01 00:39:24.181  2677  2726 W ANDR_PERSISTENCY_CLIENT: SWR_PERSISTENCE_HV_LA_MF_0005|FUN=TCPHandler::sendResponseToSettings 2|2|msg:dataString= 253       0 zram0 0 0 0 0 0 0 0 0 0 0 0
01-01 00:39:24.181  2677  2726 W ANDR_PERSISTENCY_CLIENT:  253       1 zram1 0 0 0 0 0 0 0 0 0 0 0
01-01 00:39:24.181  2677  2726 W ANDR_PERSISTENCY_CLIENT:  253       2 zram2 0 0 0 0 0 0 0 0 0 0 0
01-01 00:39:24.181  2677  2726 W ANDR_PERSISTENCY_CLIENT:  253       3 zram3 0 0 0 0 0 0 0 0 0 0 0
01-01 00:39:24.181  2677  2726 W ANDR_PERSISTENCY_CLIENT:  179       0 mmcblk0 14537 276 3483899 22904 47127 684135 946038 56508 0 55196 79316
01-01 00:39:24.181  2677  2726 W ANDR_PERSISTENCY_CLIENT:  179       1 mmcblk0p1 1 0 16 0 0 0 0 0 0 0 0
01-01 00:39:24.181  2677  2726 W ANDR_PERSISTENCY_CLIENT:  179       2 mmcblk0p2 9 0 464 4 0 0 0 0 0 4 4
01-01 00:39:24.181  2677  2726 W ANDR_PERSISTENCY_CLIENT:  179       3 mmcblk0p3 9 0 464 4 0 0 0 0 0 4 4
01-01 00:39:24.181  2677  2726 W ANDR_PERSISTENCY_CLIENT:  179       4 mmcblk0p4 23 0 3808 68 0 0 0 0 0 56 68
01-01 00:39:24.181  2677  2726 W ANDR_PERSISTENCY_CLIENT:  179       5 mmcblk0p5 16 0 576 52 3 0 24 0 0 52 52
01-01 00:39:24.181  2677  2726 W ANDR_PERSISTENCY_CLIENT:  179       6 mmcblk0p6 13 0 496 4 6 0 48 4 0 8 8
01-01 00:39:24.181  2677  2726 W ANDR_PERSISTENCY_CLIENT:  179       7 mmcblk0p7 16 0 128 0 0 0 0 0 0 0 0
01-01 00:39:24.181  2677  2726 W ANDR_PERSISTENCY_CLIENT:  179       8 mmcblk0p8 10 0 472 4 0 0 0 0 0 4 4
01-01 00:39:24.181  2677  2726 W ANDR_PERSISTENCY_CLIENT:  179       9 mmcblk0p9 75 0 858 12 0 0 0 0 0 12 12
01-01 00:39:24.181  2677  2726 W ANDR_PERSISTENCY_CLIENT:  179      10 mmcblk0p10 10 0 472 0 0 0 0 0 0 0 0
01-01 00:39:24.181  2677  2726 W ANDR_PERSISTENCY_CLIENT:  179      11 mmcblk0p11 1 0 8 0 0 0 0 0 0 0 0
01-01 00:39:24.181  2677  2726 W ANDR_PERSISTENCY_CLIENT:  179      12 mmcblk0p12 30 0 240 4 0 0 0 0 0 4 4
01-01 00:39:24.181  2677  2726 W ANDR_PERSISTENCY_CLIENT:  179      13 mmcblk0p13 30 0 240 8 0 0 0 0 0 8 8
01-01 00:39:24.181  2677  2726 W ANDR_PERSISTENCY_CLIENT:  179      14 mmcblk0p14 30 0 240 4 0 0 0 0 0 4 4
01-01 00:39:24.181  2677  2726 W ANDR_PERSISTENCY_CLIENT:  179      15 mmcblk0p15 30 0 240 0 0 0 0 0 0 0 0
01-01 00:39:24.181  2677  2726 W ANDR_PERSISTENCY_CLIENT:  179      16 mmcblk0p16 20 0 160 4 0 0 0 0 0 4 4
01-01 00:39:24.181  2677  2726 W ANDR_PERSISTENCY_CLIENT:  179      17 mmcblk0p17 20 0 160 8 0 0 0 0 0 8 8
01-01 00:39:24.181  2677  2726 W ANDR_PERSISTENCY_CLIENT:  179      18 mmcblk0p18 20 0 160 8 0 0 0 0 0 8 8
01-01 00:39:24.181  2677  2726 W ANDR_PERSISTENCY_CLIENT:  179      19 mmcblk0p19 20 0 160 0 0 0 0 0 0 0 0
01-01 00:39:24.181  2677  2726 W ANDR_PERSISTENCY_CLIENT:  179      20 mmcblk0p20 20 0 160 0 0 0 0 0 0 0 0
01-01 00:39:24.181  2677  2726 W ANDR_PERSISTENCY_CLIENT:  179      21 mmcblk0p21 20 0 160 4 0 0 0 0 0 4 4
01-01 00:39:24.181  2677  2726 W ANDR_PERSISTENCY_CLIENT:  179      22 mmcblk0p22 9 0 464 0 0 0 0 0 0 0 0
01-01 00:39:24.181  2677  2726 W ANDR_PERSISTENCY_CLIENT:  179      23 mmcblk0p23 18 0 144 0 0 0 0 0 0 0 0
01-01 00:39:24.181  2677  2726 W ANDR_PERSISTENCY_CLIENT:  179      24 mmcblk0p24 18 0 144 4 0 0 0 0 0 4 4
01-01 00:39:24.181  2677  2726 W ANDR_PERSISTENCY_CLIENT:  179      25 mmcblk0p25 22 0 176 4 0 0 0 0 0 4 4
01-01 00:39:24.181  2677  2726 W ANDR_PERSISTENCY_CLIENT:  179      26 mmcblk0p26 22 0 176 0 0 0 0 0 0 0 0
01-01 00:39:24.181  2677  2726 W ANDR_PERSISTENCY_CLIENT:  179      27 mmcblk0p27 40 0 4128 32 0 0 0 0 0 24 32
01-01 00:39:24.181  2677  2726 W ANDR_PERSISTENCY_CLIENT:  179      28 mmcblk0p28 40 0 4128 64 0 0 0 0 0 40 64
01-01 00:39:24.181  2677  2726 W ANDR_PERSISTENCY_CLIENT:  179      29 mmcblk0p29 17 0 4008 40 0 0 0 0 0 24 40
01-01 00:39:24.181  2677  2726 W ANDR_PERSISTENCY_CLIENT:  179      30 mmcblk0p30 4965 3 1997096 9172 0 0 0 0 0 6920 9168
01-01 00:39:24.181  2677  2726 W ANDR_PERSISTENCY_CLIENT:  179      31 mmcblk0p31 17 0 4008 36 0 0 0 0 0 20 36
01-01 00:39:24.181  2677  2726 W ANDR_PERSISTENCY_CLIENT:  259       0 mmcblk0p32 1390 0 348344 1740 0 0 0 0 0 1504 1732
01-01 00:39:24.181  2677  2726 W ANDR_PERSISTENCY_CLIENT:  259       1 mmcblk0p33 20 0 160 28 0 0 0 0 0 28 28
01-01 00:39:24.181  2677  2726 W ANDR_PERSISTENCY_CLIENT:  259       2 mmcblk0p34 20 0 160 20 0 0 0 0 0 20 20
01-01 00:39:24.181  2677  2726 W ANDR_PERSISTENCY_CLIENT:  259       3 mmcblk0p35 18 0 144 16 0 0 0 0 0 16 16
01-01 00:39:24.181  2677  2726 W ANDR_PERSISTENCY_CLIENT:  259       4 mmcblk0p36 18 0 144 8 0 0 0 0 0 8 8
01-01 00:39:24.181  2677  2726 W ANDR_PERSISTENCY_CLIENT:  259       5 mmcblk0p37 20 0 160 0 0 0 0 0 0 0 0
01-01 00:39:24.181  2677  2726 W ANDR_PERSISTENCY_CLIENT:  259       6 mmcblk0p38 20 0 160 0 0 0 0 0 0 0 0
01-01 00:39:24.181  2677  2726 W ANDR_PERSISTENCY_CLIENT:  259       7 mmcblk0p39 17 0 4008 12 0 0 0 0 0 8 12
01-01 00:39:24.181  2677  2726 W ANDR_PERSISTENCY_CLIENT:  259       8 mmcblk0p40 188 0 151072 516 0 0 0 0 0 464 516
01-01 00:39:24.181  2677  2726 W ANDR_PERSISTENCY_CLIENT:  259       9 mmcblk0p41 11 0 2000 12 0 0 0 0 0 8 12
01-01 00:39:24.181  2677  2726 W ANDR_PERSISTENCY_CLIENT:  259      10 mmcblk0p42 25 0 5152 28 0 0 0 0 0 16 28
01-01 00:39:24.181  2677  2726 W ANDR_PERSISTENCY_CLIENT:  259      11 mmcblk0p43 22 0 176 8 0 0 0 0 0 8 8
01-01 00:39:24.181  2677  2726 W ANDR_PERSISTENCY_CLIENT:  259      12 mmcblk0p44 32 0 1136 12 0 0 0 0 0 12 12
01-01 00:39:24.181  2677  2726 W ANDR_PERSISTENCY_CLIENT:  259      13 mmcblk0p45 1 0 2 0 0 0 0 0 0 0 0
01-01 00:39:24.181  2677  2726 W ANDR_PERSISTENCY_CLIENT:  259      14 mmcblk0p46 18 0 144 4 0 0 0 0 0 4 4
01-01 00:39:24.181  2677  2726 W ANDR_PERSISTENCY_CLIENT:  259      15 mmcblk0p47 18 0 144 0 0 0 0 0 0 0 0
01-01 00:39:24.181  2677  2726 W ANDR_PERSISTENCY_CLIENT:  259      16 mmcblk0p48 2 0 4 4 0 0 0 0 0 4 4
01-01 00:39:24.181  2677  2726 W ANDR_PERSISTENCY_CLIENT:  259      17 mmcblk0p49 11 0 2000 8 0 0 0 0 0 4 8
01-01 00:39:24.181  2677  2726 W ANDR_PERSISTENCY_CLIENT:  259      18 mmcblk0p50 22 0 176 0 0 0 0 0 0 0 0
01-01 00:39:24.181  2677  2726 W ANDR_PERSISTENCY_CLIENT:  259      19 mmcblk0p51 18 0 144 0 0 0 0 0 0 0 0
01-01 00:39:24.181  2677  2726 W ANDR_PERSISTENCY_CLIENT:  259      20 mmcblk0p52 3 0 168 4 0 0 0 0 0 4 4
01-01 00:39:24.181  2677  2726 W ANDR_PERSISTENCY_CLIENT:  259      21 mmcblk0p53 9 0 1256 0 0 0 0 0 0 0 0
01-01 00:39:24.181  2677  2726 W ANDR_PERSISTENCY_CLIENT:  259      22 mmcblk0p54 32 0 256 20 0 0 0 0 0 20 20
01-01 00:39:24.181  2677  2726 W ANDR_PERSISTENCY_CLIENT:  259      23 mmcblk0p55 20 0 2064 24 0 0 0 0 0 16 24
01-01 00:39:24.181  2677  2726 W ANDR_PERSISTENCY_CLIENT:  259      24 mmcblk0p56 2789 113 261462 6436 1067 581 24592 1552 0 3328 7988
01-01 00:39:24.181  2677  2726 W ANDR_PERSISTENCY_CLIENT:  259      25 mmcblk0p57 23 0 2504 16 9 8 136 16 0 28 32
01-01 00:39:24.181  2677  2726 W ANDR_PERSISTENCY_CLIENT:  259      26 mmcblk0p58 230 0 61056 296 1471 22463 191472 6380 0 4640 6672
01-01 00:39:24.181  2677  2726 W ANDR_PERSISTENCY_CLIENT:  259      27 mmcblk0p59 523 157 28472 336 261 241 44756 1948 0 584 2284
01-01 00:39:24.181  2677  2726 W ANDR_PERSISTENCY_CLIENT:  259      28 mmcblk0p60 1 0 2 0 0 0 0 0 0 0 0
01-01 00:39:24.181  2677  2726 W ANDR_PERSISTENCY_CLIENT:  259      29 mmcblk0p61 5 0 432 8 0 0 0 0 0 8 8
01-01 00:39:24.181  2677  2726 W ANDR_PERSISTENCY_CLIENT:  259      30 mmcblk0p62 12 2 106 32 0 0 0 0 0 32 32
01-01 00:39:24.181  2677  2726 W ANDR_PERSISTENCY_CLIENT:  259      31 mmcblk0p63 18 0 144 4 0 0 0 0 0 4 4
01-01 00:39:24.181  2677  2726 W ANDR_PERSISTENCY_CLIENT:  259      32 mmcblk0p64 18 0 144 4 0 0 0 0 0 4 4
01-01 00:39:24.181  2677  2726 W ANDR_PERSISTENCY_CLIENT:  259      33 mmcblk0p65 20 0 160 8 0 0 0 0 0 0 0
01-01 00:39:24.181  2677  2726 W ANDR_PERSISTENCY_CLIENT:  259      34 mmcblk0p66 30 0 240 0 0 0 0 0 0 0 0
01-01 00:39:24.181  2677  2726 W ANDR_PERSISTENCY_CLIENT:  259      35 mmcblk0p67 224 0 5722 116 85 109 1576 72 0 124 188
01-01 00:39:24.181  2677  2726 W ANDR_PERSISTENCY_CLIENT:  259      36 mmcblk0p68 3068 1 578607 3620 21834 660699 682890 33520 0 29152 37088
01-01 00:39:24.181  2677  2726 W ANDR_PERSISTENCY_CLIENT:  179      32 mmcblk0rpmb 4 0 32 0 0 0 0 0 0 0 0
01-01 00:39:24.181  2677  2726 W ANDR_PERSISTENCY_CLIENT: ;command=cat /proc/diskstats
01-01 00:39:24.182  2145  2145 D HMI_SERVICE: USE_CASE_NA|FUN=StoragedJobIntentService::onReceiveResult|1|received
01-01 00:39:24.182  2677  2726 W ANDR_PERSISTENCY_CLIENT: SWR_PERSISTENCE_HV_LA_MF_0005|FUN=TCPHandler::handleInBoundData|2|msg:command=cat /proc/diskstats
01-01 00:39:24.182  2677  2726 W ANDR_PERSISTENCY_CLIENT: SWR_PERSISTENCE_HV_LA_MF_0005|FUN=TCPHandler:: handleInBoundData |2| remove key 
01-01 00:39:24.182  2677  2726 W ANDR_PERSISTENCY_CLIENT: SWR_PERSISTENCE_HV_LA_MF_0005|FUN=TCPHandler::sendResponseToSettings|2|msg:send=3835
01-01 00:39:24.183  2145  2145 D HMI_SERVICE: USE_CASE_NA|FUN=StoragedJobIntentService::doAppMonitor|1|init
01-01 00:39:24.183  2145  2145 D HMI_SERVICE: USE_CASE_NA|FUN=StoragedJobIntentService::lifeTimeMonitor|1|init
01-01 00:39:24.183  2145  2145 D HMI_SERVICE: USE_CASE_NA|FUN=StoragedJobIntentService::doAppMonitor|1|init
01-01 00:39:24.183  2145  2145 D HMI_SERVICE: USE_CASE_NA|FUN=StoragedJobIntentService::lifeTimeMonitor|1|init
01-01 00:39:24.183  2145  2145 D HMI_SERVICE: USE_CASE_NA|FUN=StoragedJobIntentService::doAppMonitor|1|init
01-01 00:39:24.183  2145  2145 D HMI_SERVICE: USE_CASE_NA|FUN=StoragedJobIntentService::lifeTimeMonitor|1|init
01-01 00:39:24.183  2145  2145 D HMI_SERVICE: USE_CASE_NA|FUN=StoragedJobIntentService::doAppMonitor|1|init
01-01 00:39:24.183  2145  2145 D HMI_SERVICE: USE_CASE_NA|FUN=StoragedJobIntentService::lifeTimeMonitorBaiduApps|1|init
01-01 00:39:24.183  2145  2145 D HMI_SERVICE: USE_CASE_NA|FUN=StoragedJobIntentService::onReceiveResult|1|continousWrite484371456
01-01 00:39:24.322  3675 13251 D UIAutomatorStub: URI: /jsonrpc/0, Method: POST, Header: {content-length=102, remote-addr=127.0.0.1, http-client-ip=127.0.0.1, host=localhost:9009, content-type=application/json, connection=close, accept-encoding=identity, user-agent=Python-urllib/2.7}, params, {NanoHttpd.QUERY_STRING=null}, files: {postData={"params": ["home"], "jsonrpc": "2.0", "method": "pressKey", "id": "ee2d9e802a197be0b1e5768cef7dafeb"}}
01-01 00:39:24.327  1392  1392 W StatusBar: animate_trace: animateCollapsePanels entry: flags=0: force=false
01-01 00:39:24.328  1151  1288 I ActivityManager: START u0 {act=android.intent.action.MAIN cat=[android.intent.category.HOME] flg=0x10200000 cmp=com.daimler.rse.ntg6/.StartUpActivity (has extras)} from uid 1000
01-01 00:39:24.330  1519  1519 V Activity: onDestroy md59d95dbab71941e137ef724fbceda5f0e.MainOverlayActivity@4a25287
01-01 00:39:24.332  1151  1288 D ActivityTrigger: activityResumeTrigger: The activity in ApplicationInfo{f5276 com.daimler.rse.ntg6} is now in focus and seems to be in full-screen mode
01-01 00:39:24.332  1151  1288 E ActivityTrigger: activityResumeTrigger: not whiteListedcom.daimler.rse.ntg6/com.daimler.rse.ntg6.StartUpActivity/5
01-01 00:39:24.332  1151  1288 D ActivityTrigger: ActivityTrigger activityPauseTrigger 
01-01 00:39:24.333  3739  3739 W HMI2-SETTINGS - CI08.4: className -> BaseActivity | functionName -> onPause | value -> onPause
01-01 00:39:24.333  3739  3739 V Activity: onPause com.panasonic.hmi2settings.activity.WifiActivity@72f987e
01-01 00:39:24.333  3739  3739 W HMI2-SETTINGS - CI08.4: className -> WifiActivity | functionName -> onPause | value -> entry : 
01-01 00:39:24.333  1151  1416 I WifiService: getWifiEnabledState uid=1000
01-01 00:39:24.334  1151  1288 D CompatibilityInfo: mCompatibilityFlags - 4
01-01 00:39:24.334  1151  1288 D CompatibilityInfo: applicationDensity - 240
01-01 00:39:24.334  1151  1288 D CompatibilityInfo: applicationScale - 1.0
01-01 00:39:24.337  1151  1288 D ActivityTrigger: activityResumeTrigger: The activity in ApplicationInfo{f5276 com.daimler.rse.ntg6} is now in focus and seems to be in full-screen mode
01-01 00:39:24.337  1151  1288 E ActivityTrigger: activityResumeTrigger: not whiteListedcom.daimler.rse.ntg6/com.daimler.rse.ntg6.StartUpActivity/5
01-01 00:39:24.338  1519  1519 I TelephonyRse|HMI_Common.HMIBackend.Telephony.TelephonyBackend: MBUX App Method: UnSubscribeBtEvents |Line No: 51 |Log Type: Information |Message: UnSubscribing bluetooth events.
01-01 00:39:24.340  1519  1519 I Connectivity|HMI_Common.Activities.MainOverlayActivity: MBUX App Method: DeRegisterEntertainmentSharingEvents |Line No: 487 |Log Type: Critical |Message: OnDestroy:  for MainOverlayActivity...UN-registering for EntertainmentBackendEvents!!
01-01 00:39:24.341  3739  3739 W HMI2-SETTINGS - CI08.4: className -> WifiActivity | functionName -> onPause | value -> Is Screen ON status --> true
01-01 00:39:24.342  1519  1519 I AudioManagement|HMI_Common.Activities.MainOverlayActivity: MBUX App Method: SubscribeEntertainmentSharingEvent |Line No: 31 |Log Type: Critical |Message: SetEntertainmentLister: False RegisterEntertainmentSharingEvents for ComponentInfo{com.daimler.rse.ntg6/md59d95dbab71941e137ef724fbceda5f0e.MainOverlayActivity}
01-01 00:39:24.342  3739  3739 W HMI2-SETTINGS - CI08.4: className -> WifiActivity | functionName -> hideSoftKeyboard | value -> hideSoftInputFromWindow id=false
01-01 00:39:24.342  1519  1519 I HomeScreen|HMI_Common.HMIBackend.CommonControlsBackend.BaseScreenBackend: MBUX App Method: IsAppKeepAliveSuccess |Line No: 775 |Log Type: Critical |Message: App Authentication Status : Checking keep alive status for : Player & status : True
01-01 00:39:24.342  1519  1519 I HomeScreen|HMI_Common.HMIBackend.CommonControlsBackend.BaseScreenBackend: MBUX App Method: IsAppKeepAliveSuccess |Line No: 775 |Log Type: Critical |Message: App Authentication Status : Checking keep alive status for : Tuner & status : True
01-01 00:39:24.342  1519  1519 I BaseScreen|HMI_Common.Activities.MainOverlayActivity: MBUX App Method: GetHMI2LaunchedFlag |Line No: 1231 |Log Type: Critical |Message: UpdateSharedPrefForRseRebooted() called
01-01 00:39:24.343  1519  1519 I HomeScreen|HMI_Common.Activities.MainOverlayActivity: MBUX App Method: RemoveScreenOnOffEvents |Line No: 1909 |Log Type: Critical |Message: RemoveScreenOnOffEvents called : HMI2 Launched : False
01-01 00:39:24.343  1151  8140 D ActivityTrigger: activityResumeTrigger: The activity in ApplicationInfo{f5276 com.daimler.rse.ntg6} is now in focus and seems to be in full-screen mode
01-01 00:39:24.344  1151  8140 E ActivityTrigger: activityResumeTrigger: not whiteListedcom.daimler.rse.ntg6/com.daimler.rse.ntg6.StartUpActivity/5
01-01 00:39:24.346  1151  1262 D WindowManager: addToDisplay >>> FLAG_FULLSCREEN set in WindowManager.LayoutParams
01-01 00:39:24.346  1151  1262 D WindowManager: startStatusReceiverServiceOnFlagSet: creating intent for action ACTION_ACTIVITY_FULLSCREEN
01-01 00:39:24.347  1151  1262 W ContextImpl: Calling a method in the system process without a qualified user: android.app.ContextImpl.startService:1476 com.android.server.wm.Session.startStatusReceiverServiceOnFlagSet:762 com.android.server.wm.Session.addToDisplay:214 android.view.ViewRootImpl.setView:737 android.view.WindowManagerGlobal.addView:356 
01-01 00:39:24.365  1519  1519 I BaseScreen|HMI_Common.HMIBackend.VolumeControl.VolumeControlBackend: MBUX App Method: UnsubscribePanaVolumeControlEvents |Line No: 98 |Log Type: Critical |Message: VolumeControlBackend UnsubscribePanaVolumeControlEvents() Called
01-01 00:39:24.373  1151  1262 D CompatibilityInfo: mCompatibilityFlags - 4
01-01 00:39:24.373  1151  1262 D CompatibilityInfo: applicationDensity - 240
01-01 00:39:24.373  1151  1262 D CompatibilityInfo: applicationScale - 1.0
01-01 00:39:24.374  1151  1262 D WindowManager: startStatusReceiverServiceOnFlagSet: startService done
01-01 00:39:24.376  1151  1262 D WindowManager: relayout packageName=com.daimler.rse.ntg6::session=Session{2188d47 1151:1000}::window=android.view.ViewRootImpl$W@73aef5a::attrs.flags=81830518
01-01 00:39:24.376  1151  1262 D WindowManager: relayout >>> FLAG_FULLSCREEN set in WindowManager.LayoutParams
01-01 00:39:24.376  1151  1262 D WindowManager: startStatusReceiverServiceOnFlagSet: creating intent for action ACTION_ACTIVITY_FULLSCREEN
01-01 00:39:24.376  1151  1262 W ContextImpl: Calling a method in the system process without a qualified user: android.app.ContextImpl.startService:1476 com.android.server.wm.Session.startStatusReceiverServiceOnFlagSet:762 com.android.server.wm.Session.relayout:273 android.view.ViewRootImpl.relayoutWindow:6181 android.view.ViewRootImpl.performTraversals:1921 
01-01 00:39:24.377  1151  1262 D WindowManager: startStatusReceiverServiceOnFlagSet: startService done
01-01 00:39:24.402  1392  1392 W SYSTEM_UI: SWR_SYSTEM_UI_007|FUN=CollapsedStatusBarFragment::getAction |1|Broadcast action --> STATUS_UPDATE_ACTION
01-01 00:39:24.402  1392  1392 W SYSTEM_UI: SWR_SYSTEM_UI_007|FUN=CollapsedStatusBarFragment::getIntExtra |1|NotifySystemUpdates dataType --> 101
01-01 00:39:24.403  1392  1392 W SYSTEM_UI - CI07.3: className -> CollapsedStatusBarFragment | functionName -> NotifySystemUpdates | onReceive -->  | value -> FULLSCREEN MODE CHANGED | isFullScreenStatus --> true | fullScreenPackage -->com.daimler.rse.ntg6 | fullscreenLastShownPackage -->null | topActivityPackage --> com.panasonic.hmi2settings
01-01 00:39:24.403  1392  1392 W SYSTEM_UI - CI07.3: className -> CollapsedStatusBarFragment | functionName -> NotifySystemUpdates | onReceive -->  | value -> Fullscreen mode changed --> path 0
01-01 00:39:24.404  1392  1392 W SYSTEM_UI: SWR_SYSTEM_UI_007|FUN=CollapsedStatusBarFragment::getAction |1|Broadcast action --> STATUS_UPDATE_ACTION
01-01 00:39:24.404  1392  1392 W SYSTEM_UI: SWR_SYSTEM_UI_007|FUN=CollapsedStatusBarFragment::getIntExtra |1|NotifySystemUpdates dataType --> 101
01-01 00:39:24.404  1392  1392 W SYSTEM_UI - CI07.3: className -> CollapsedStatusBarFragment | functionName -> NotifySystemUpdates | onReceive -->  | value -> FULLSCREEN MODE CHANGED | isFullScreenStatus --> true | fullScreenPackage -->com.daimler.rse.ntg6 | fullscreenLastShownPackage -->null | topActivityPackage --> com.panasonic.hmi2settings
01-01 00:39:24.404  1392  1392 W SYSTEM_UI - CI07.3: className -> CollapsedStatusBarFragment | functionName -> NotifySystemUpdates | onReceive -->  | value -> Fullscreen mode changed --> path 0
01-01 00:39:24.872  1933  1933 W LCMANDR : SWR_OOB_HV_MF_009|FUN=MonitoringTimer::checkStatus|memoryInfo.availMem[MB] = 4806
01-01 00:39:24.943  1519  1519 I zygote64: Explicit concurrent copying GC freed 26936(1812KB) AllocSpace objects, 2(32KB) LOS objects, 41% free, 33MB/57MB, paused 379us total 519.118ms
01-01 00:39:24.950  1519  1519 I VolumeControl|HMI_Common.HMIBackend.VolumeControl.VolumeControlBackend: MBUX App Method: RemoveCacheProperties |Line No: 171 |Log Type: Critical |Message: VolumeControlBackend RemoveCacheProperties() called - _volumeControlApplication = 
01-01 00:39:24.950  1519  1519 I BaseScreen|HMI_Common.HMIBackend.CommonControlsBackend.BaseScreenBackend: MBUX App Method: UnsubscribeCabinAudioEvents |Line No: 98 |Log Type: Information |Message: UnsubscribeCabinAudioEvents
01-01 00:39:24.950  1519  1519 I BaseScreen|HMI_Common.Activities.MainOverlayActivity: MBUX App Method: Dispose |Line No: 1095 |Log Type: Critical |Message: Disposing basescreen views. Disposing value: True
01-01 00:39:24.956   729   748 I sssv-lib: sendMsg enter
01-01 00:39:24.956   729   748 I sssv-lib: sendMsg complete.
01-01 00:39:24.957  1519  1519 V Activity: onDestroy md59d95dbab71941e137ef724fbceda5f0e.SettingsBaseActivity@a36f135
01-01 00:39:24.961  1519  1519 I BaseScreen|HMI_Common.Activities.SettingsBaseActivity: MBUX App Method: Dispose |Line No: 1095 |Log Type: Critical |Message: Disposing basescreen views. Disposing value: True
01-01 00:39:24.967  1519  1519 I Choreographer: Skipped 37 frames!  The application may be doing too much work on its main thread.
