01-01 00:04:01.213  2052  2052 E         : <6>[   35.444595] QSEECOM: scm_call_qcpe:503 : OUT: 0x0, 0x0, 0x0, 0x0
01-01 00:04:01.213  2052  2052 E         : <6>[   35.524418] QSEECOM: scm_call_qcpe:429 : IN: 0x42000d07, 0x0, 0x0, 0x0, 0x0, 0x0, 0x0
01-01 00:04:01.213  2052  2052 E         : <6>[   35.525697] QSEECOM: scm_call_qcpe:503 : OUT: 0x0, 0x0, 0x0, 0x0
01-01 00:04:01.213  2052  2052 E         : <14>[   35.916386] init: Uptime: 00035.916275 LocalTime: 01-01 00:00:39.935
01-01 00:04:01.213  2052  2052 E         : <14>[   35.916407] init: 
01-01 00:04:01.213  2052  2052 E         : <38>[   36.161023] type=1400 audit(33.559:19): avc: denied { read write } for pid=3004 com
01-01 00:04:01.214  2052  2052 E         : USB Hub Detector 1.0
01-01 00:04:01.377   753   762 I sssv-lib: sendMsg enter
01-01 00:04:01.377   753   762 I sssv-lib: sendMsg complete.
01-01 00:04:01.703   635   635 E ANDR-PERF-TARGET: Error: Invalid logical cluster id 0
01-01 00:04:01.703   635   635 E ANDR-PERF-MPCTL: invalid request, no optimizations performed
01-01 00:04:01.719   635   635 E ANDR-PERF-TARGET: Error: Invalid logical cluster id 0
01-01 00:04:01.719   635   635 E ANDR-PERF-MPCTL: invalid request, no optimizations performed
01-01 00:04:01.736   635   635 E ANDR-PERF-TARGET: Error: Invalid logical cluster id 0
01-01 00:04:01.736   635   635 E ANDR-PERF-MPCTL: invalid request, no optimizations performed
01-01 00:04:01.753   635   635 E ANDR-PERF-TARGET: Error: Invalid logical cluster id 0
01-01 00:04:01.753   635   635 E ANDR-PERF-MPCTL: invalid request, no optimizations performed
01-01 00:04:01.770   635   635 E ANDR-PERF-TARGET: Error: Invalid logical cluster id 0
01-01 00:04:01.770   635   635 E ANDR-PERF-MPCTL: invalid request, no optimizations performed
01-01 00:04:01.786   635   635 E ANDR-PERF-TARGET: Error: Invalid logical cluster id 0
01-01 00:04:01.786   635   635 E ANDR-PERF-MPCTL: invalid request, no optimizations performed
01-01 00:04:01.803   635   635 E ANDR-PERF-TARGET: Error: Invalid logical cluster id 0
01-01 00:04:01.803   635   635 E ANDR-PERF-MPCTL: invalid request, no optimizations performed
01-01 00:04:01.820   635   635 E ANDR-PERF-TARGET: Error: Invalid logical cluster id 0
01-01 00:04:01.820   635   635 E ANDR-PERF-MPCTL: invalid request, no optimizations performed
01-01 00:04:01.820   635   635 E ANDR-PERF-TARGET: Error: Invalid logical cluster id 0
01-01 00:04:01.820   635   635 E ANDR-PERF-MPCTL: invalid request, no optimizations performed
01-01 00:04:01.836   635   635 E ANDR-PERF-TARGET: Error: Invalid logical cluster id 0
01-01 00:04:01.836   635   635 E ANDR-PERF-MPCTL: invalid request, no optimizations performed
01-01 00:04:01.853   635   635 E ANDR-PERF-TARGET: Error: Invalid logical cluster id 0
01-01 00:04:01.853   635   635 E ANDR-PERF-MPCTL: invalid request, no optimizations performed
01-01 00:04:01.870   635   635 E ANDR-PERF-TARGET: Error: Invalid logical cluster id 0
01-01 00:04:01.870   635   635 E ANDR-PERF-MPCTL: invalid request, no optimizations performed
01-01 00:04:01.887   635   635 E ANDR-PERF-TARGET: Error: Invalid logical cluster id 0
01-01 00:04:01.887   635   635 E ANDR-PERF-MPCTL: invalid request, no optimizations performed
01-01 00:04:01.903   635   635 E ANDR-PERF-TARGET: Error: Invalid logical cluster id 0
01-01 00:04:01.903   635   635 E ANDR-PERF-MPCTL: invalid request, no optimizations performed
01-01 00:04:01.920   635   635 E ANDR-PERF-TARGET: Error: Invalid logical cluster id 0
01-01 00:04:01.920   635   635 E ANDR-PERF-MPCTL: invalid request, no optimizations performed
01-01 00:04:01.937   635   635 E ANDR-PERF-TARGET: Error: Invalid logical cluster id 0
01-01 00:04:01.937   635   635 E ANDR-PERF-MPCTL: invalid request, no optimizations performed
01-01 00:04:01.954   635   635 E ANDR-PERF-TARGET: Error: Invalid logical cluster id 0
01-01 00:04:01.954   635   635 E ANDR-PERF-MPCTL: invalid request, no optimizations performed
01-01 00:04:01.970   635   635 E ANDR-PERF-TARGET: Error: Invalid logical cluster id 0
01-01 00:04:01.970   635   635 E ANDR-PERF-MPCTL: invalid request, no optimizations performed
01-01 00:04:01.987   635   635 E ANDR-PERF-TARGET: Error: Invalid logical cluster id 0
01-01 00:04:01.987   635   635 E ANDR-PERF-MPCTL: invalid request, no optimizations performed
01-01 00:04:02.003   635   635 E ANDR-PERF-TARGET: Error: Invalid logical cluster id 0
01-01 00:04:02.003   635   635 E ANDR-PERF-MPCTL: invalid request, no optimizations performed
01-01 00:04:02.013  3918  3991 W InteractionController: runAndwaitForEvents timed out waiting for events
01-01 00:04:02.013  3918  3991 D InteractionController: scrollSwipe reached scroll end: true
01-01 00:04:02.021   635   635 E ANDR-PERF-TARGET: Error: Invalid logical cluster id 0
01-01 00:04:02.021   635   635 E ANDR-PERF-MPCTL: invalid request, no optimizations performed
01-01 00:04:02.037   635   635 E ANDR-PERF-TARGET: Error: Invalid logical cluster id 0
01-01 00:04:02.037   635   635 E ANDR-PERF-MPCTL: invalid request, no optimizations performed
01-01 00:04:02.047  3918  3991 I QueryController: Matched selector: UiSelector[SCROLLABLE=true, CHILD=UiSelector[TEXT=RSE_Test]] <<==>> [android.view.accessibility.AccessibilityNodeInfo@6a47c; boundsInParent: Rect(0, 0 - 1078, 77); boundsInScreen: Rect(354, 1007 - 1431, 1061); packageName: com.panasonic.hmi2settings; className: android.widget.TextView; text: RSE_Test; error: null; maxTextLength: -1; contentDescription: null; viewIdResName: com.panasonic.hmi2settings:id/wifiName; checkable: false; checked: false; focusable: false; focused: false; selected: false; clickable: false; longClickable: false; contextClickable: false; enabled: true; password: false; scrollable: false; importantForAccessibility: true; actions: [AccessibilityAction: ACTION_SELECT - null, AccessibilityAction: ACTION_CLEAR_SELECTION - null, AccessibilityAction: ACTION_ACCESSIBILITY_FOCUS - null, AccessibilityAction: ACTION_NEXT_AT_MOVEMENT_GRANULARITY - null, AccessibilityAction: ACTION_PREVIOUS_AT_MOVEMENT_GRANULARITY - null, AccessibilityAction: ACTION_SET_SELECTION - null, AccessibilityAction: ACTION_SHOW_ON_SCREEN - null]]
01-01 00:04:02.054   635   635 E ANDR-PERF-TARGET: Error: Invalid logical cluster id 0
01-01 00:04:02.054   635   635 E ANDR-PERF-MPCTL: invalid request, no optimizations performed
01-01 00:04:02.066  3918  3995 D UIAutomatorStub: URI: /jsonrpc/0, Method: POST, Header: {content-length=176, remote-addr=127.0.0.1, http-client-ip=127.0.0.1, host=localhost:9010, content-type=application/json, connection=close, accept-encoding=identity, user-agent=Python-urllib/2.7}, params, {NanoHttpd.QUERY_STRING=null}, files: {postData={"params": [{"childOrSiblingSelector": [], "text": "RSE_Test", "mask": 1, "childOrSibling": []}], "jsonrpc": "2.0", "method": "click", "id": "07c0c2d1dc143d54abf942aceabc7a88"}}
01-01 00:04:02.071   635   635 E ANDR-PERF-TARGET: Error: Invalid logical cluster id 0
01-01 00:04:02.071   635   635 E ANDR-PERF-MPCTL: invalid request, no optimizations performed
01-01 00:04:02.087   635   635 E ANDR-PERF-TARGET: Error: Invalid logical cluster id 0
01-01 00:04:02.088   635   635 E ANDR-PERF-MPCTL: invalid request, no optimizations performed
01-01 00:04:02.105   635   635 E ANDR-PERF-TARGET: Error: Invalid logical cluster id 0
01-01 00:04:02.105   635   635 E ANDR-PERF-MPCTL: invalid request, no optimizations performed
01-01 00:04:02.121   635   635 E ANDR-PERF-TARGET: Error: Invalid logical cluster id 0
01-01 00:04:02.121   635   635 E ANDR-PERF-MPCTL: invalid request, no optimizations performed
01-01 00:04:02.138   635   635 E ANDR-PERF-TARGET: Error: Invalid logical cluster id 0
01-01 00:04:02.138   635   635 E ANDR-PERF-MPCTL: invalid request, no optimizations performed
01-01 00:04:02.140  3823  3823 W HMI2-SETTINGS - CI08.4: className -> WifiAdapter | functionName -> onBindViewHolder | value -> allWifiList.get(position).getSecurityType() : wifiNametrue
01-01 00:04:02.141  3823  3823 W HMI2-SETTINGS - CI08.4: className -> WifiActivity | functionName -> onWifiClick | value -> getSecurityType ->true
01-01 00:04:02.146  3918  3996 D UIAutomatorStub: URI: /jsonrpc/0, Method: POST, Header: {content-length=217, remote-addr=127.0.0.1, http-client-ip=127.0.0.1, host=localhost:9010, content-type=application/json, connection=close, accept-encoding=identity, user-agent=Python-urllib/2.7}, params, {NanoHttpd.QUERY_STRING=null}, files: {postData={"params": [{"childOrSiblingSelector": [], "className": "android.widget.EditText", "mask": 16, "childOrSibling": []}, "Secure7@553434"], "jsonrpc": "2.0", "method": "setText", "id": "e746dec93f4f2dc544eece8b2d13e6d1"}}
01-01 00:04:02.154   635   635 E ANDR-PERF-TARGET: Error: Invalid logical cluster id 0
01-01 00:04:02.154   635   635 E ANDR-PERF-MPCTL: invalid request, no optimizations performed
01-01 00:04:02.170   635   635 E ANDR-PERF-TARGET: Error: Invalid logical cluster id 0
01-01 00:04:02.171   635   635 E ANDR-PERF-MPCTL: invalid request, no optimizations performed
01-01 00:04:02.222  1943  1943 I LCMANDR : SWR_OOB_HV_MF_009|FUN=ResourceMonitoringService::movingMemoryAverage|2|Moving memory average :21.444109
01-01 00:04:02.222  1943  1943 W LCMANDR : SWR_OOB_HV_MF_009|FUN=ResourceMonitoringService::getCpuUsageStatistic|Moving MEM AVG :::::::::21.444109
01-01 00:04:02.223  1943  1943 W LCMANDR : SWR_OOB_HV_MF_009|FUN=ResourceMonitoringService::getCpuUsageStatistic|2|Total cpu usage :37.485714
01-01 00:04:02.223  1943  1943 I LCMANDR : SWR_OOB_HV_MF_009|FUN=ResourceMonitoringService::getCpuUsageStatistic|Cpu usage of core  0 is37.102474
01-01 00:04:02.223  1943  1943 I LCMANDR : SWR_OOB_HV_MF_009|FUN=ResourceMonitoringService::getCpuUsageStatistic|Cpu usage of core  1 is36.486485
01-01 00:04:02.223  1943  1943 I LCMANDR : SWR_OOB_HV_MF_009|FUN=ResourceMonitoringService::getCpuUsageStatistic|Cpu usage of core  2 is38.85135
01-01 00:04:02.224  1943  1943 I LCMANDR : ResourceMonitoringService::movingCpuAverage()
01-01 00:04:02.224  1943  1943 I LCMANDR : SWR_OOB_HV_MF_009|FUN=ResourceMonitoringService::movingCpuAverage|2|Moving window average of CPU 24.311815
01-01 00:04:02.224  1943  1943 I LCMANDR : SWR_OOB_HV_MF_009|FUN=ResourceMonitoringService::movingCpuAverage|2|Cpu moving average of core  0 is23.235641
01-01 00:04:02.224  1943  1943 I LCMANDR : SWR_OOB_HV_MF_009|FUN=ResourceMonitoringService::movingCpuAverage|2|Cpu moving average of core  1 is20.313366
01-01 00:04:02.224  1943  1943 I LCMANDR : SWR_OOB_HV_MF_009|FUN=ResourceMonitoringService::movingCpuAverage|2|Cpu moving average of core  2 is29.422638
01-01 00:04:02.224  1943  1943 D LCMANDR : SWR_OOB_HV_MF_009|FUN=ResourceMonitoringService::movingCpuAverage|2|Exiting VAL = 24.311815
01-01 00:04:02.235  3823  3823 D View    : setSystemUiVisibility: creating intent for action ACTION_ACTIVITY_FULLSCREEN
01-01 00:04:00.911   817   817 I chatty  : uid=1010(wifi) /system/bin/wificond identical 2 lines
01-01 00:04:00.913   817   817 I wificond: Enters wifigbk_ageOutHistory
01-01 00:04:02.235  3823  3823 W ContextImpl: Calling a method in the system process without a qualified user: android.app.ContextImpl.startService:1476 android.content.ContextWrapper.startService:650 android.view.View.setSystemUiVisibility:22653 com.panasonic.hmi2settings.activity.WifiActivity.connectToWifi:1215 com.panasonic.hmi2settings.activity.WifiActivity.onWifiClick:522 
01-01 00:04:02.237  1137  1555 D CompatibilityInfo: mCompatibilityFlags - 4
01-01 00:04:02.237  1137  1555 D CompatibilityInfo: applicationDensity - 240
01-01 00:04:02.237  1137  1555 D CompatibilityInfo: applicationScale - 1.0
01-01 00:04:02.237  3823  3823 D View    : setSystemUiVisibility: startService done
01-01 00:04:02.242  1384  1384 W SYSTEM_UI: SWR_SYSTEM_UI_007|FUN=CollapsedStatusBarFragment::getAction |1|Broadcast action --> STATUS_UPDATE_ACTION
01-01 00:04:02.242  1384  1384 W SYSTEM_UI: SWR_SYSTEM_UI_007|FUN=CollapsedStatusBarFragment::getIntExtra |1|NotifySystemUpdates dataType --> 101
01-01 00:04:02.242  1384  1384 W SYSTEM_UI - CI07.3: className -> CollapsedStatusBarFragment | functionName -> NotifySystemUpdates | onReceive -->  | value -> FULLSCREEN MODE CHANGED | isFullScreenStatus --> false | fullScreenPackage -->com.panasonic.hmi2settings | fullscreenLastShownPackage -->null | topActivityPackage --> com.panasonic.hmi2settings
01-01 00:04:02.243  1384  1384 W SYSTEM_UI - CI07.3: className -> CollapsedStatusBarFragment | functionName -> NotifySystemUpdates | onReceive -->  | value -> Fullscreen mode changed --> path 5
01-01 00:04:02.269  1943  3935 D LCMANDR : SWR_OOB_HV_MF_009|FUN=LifeCycleManagerService::LifeCycle_ReportCompStatus|GOT ALIVENESS SIGNAL FROM DAIAPP : [0]; HB Counter = [ 85 ]; STATUS INFO = [ 0 ]
01-01 00:04:02.270  1534  1534 I Connectivity_AIDL|AIDL_Handler.AIDL_Helpers.LcmHelper: MBUX App Method: KeepAliveTest |Line No: 408 |Log Type: Critical |Message: MainThread:MBUX-App HB Count: 87, ResponseCode: 0
01-01 00:04:02.304  1137  2256 D WindowManager: addToDisplay >>> FLAG_FULLSCREEN not set in WindowManager.LayoutParams
01-01 00:04:02.304  1137  2256 D WindowManager: startStatusReceiverServiceOnFlagSet: creating intent for action ACTION_ACTIVITY_FULLSCREEN
01-01 00:04:02.304  1137  2256 W ContextImpl: Calling a method in the system process without a qualified user: android.app.ContextImpl.startService:1476 com.android.server.wm.Session.startStatusReceiverServiceOnFlagSet:762 com.android.server.wm.Session.addToDisplay:217 android.view.IWindowSession$Stub.onTransact:124 com.android.server.wm.Session.onTransact:166 
01-01 00:04:02.305  1137  2256 D CompatibilityInfo: mCompatibilityFlags - 4
01-01 00:04:02.305  1137  2256 D CompatibilityInfo: applicationDensity - 240
01-01 00:04:02.305  1137  2256 D CompatibilityInfo: applicationScale - 1.0
01-01 00:04:02.306  1137  2256 D WindowManager: startStatusReceiverServiceOnFlagSet: startService done
01-01 00:04:02.312  1384  1384 W SYSTEM_UI: SWR_SYSTEM_UI_007|FUN=CollapsedStatusBarFragment::getAction |1|Broadcast action --> STATUS_UPDATE_ACTION
01-01 00:04:02.313  1384  1384 W SYSTEM_UI: SWR_SYSTEM_UI_007|FUN=CollapsedStatusBarFragment::getIntExtra |1|NotifySystemUpdates dataType --> 101
01-01 00:04:02.313  1384  1384 W SYSTEM_UI - CI07.3: className -> CollapsedStatusBarFragment | functionName -> NotifySystemUpdates | onReceive -->  | value -> FULLSCREEN MODE CHANGED | isFullScreenStatus --> false | fullScreenPackage -->com.panasonic.hmi2settings | fullscreenLastShownPackage -->null | topActivityPackage --> com.panasonic.hmi2settings
01-01 00:04:02.313  1384  1384 W SYSTEM_UI - CI07.3: className -> CollapsedStatusBarFragment | functionName -> NotifySystemUpdates | onReceive -->  | value -> Fullscreen mode changed --> path 5
01-01 00:04:02.315  3823  3823 W HMI2-SETTINGS: SWR_BAIDU_HMI_0015|FUN=WifiActivity::addView|0|Display password enter dialog with addView method.
01-01 00:04:02.315  3823  3823 W HMI2-SETTINGS: SWR_BAIDU_HMI_0027|FUN=WifiActivity::addView|0|Display password enter dialog with addView method.
01-01 00:04:02.317  3823  3823 W HMI2-SETTINGS - CI08.4: className -> WifiActivity | functionName -> setOnFocusChangeListener :   | value -> hasFocus:true
01-01 00:04:02.321  1137  2256 D mEnabledInputMethodsStrCache: com.android.inputmethods.latin/.LatinIME
01-01 00:04:02.321  1137  2256 D systemLanguageCode: en__GB
01-01 00:04:02.321  1137  2256 D mEnabledInputMethodsStrCache: com.android.inputmethods.latin/.LatinIME
01-01 00:04:02.329  1137  1555 D WindowManager: relayout packageName=com.panasonic.hmi2settings::session=Session{3959dbd 3823:1000}::window=android.view.IWindow$Stub$Proxy@cb35e0a::attrs.flags=1000100
01-01 00:04:02.329  1137  1555 D WindowManager: relayout >>> FLAG_FULLSCREEN not set in WindowManager.LayoutParams
01-01 00:04:02.329  1137  1555 D WindowManager: startStatusReceiverServiceOnFlagSet: creating intent for action ACTION_ACTIVITY_FULLSCREEN
01-01 00:04:02.329  1137  1555 W ContextImpl: Calling a method in the system process without a qualified user: android.app.ContextImpl.startService:1476 com.android.server.wm.Session.startStatusReceiverServiceOnFlagSet:762 com.android.server.wm.Session.relayout:276 android.view.IWindowSession$Stub.onTransact:286 com.android.server.wm.Session.onTransact:166 
01-01 00:04:02.330  1137  1555 D CompatibilityInfo: mCompatibilityFlags - 4
01-01 00:04:02.330  1137  1555 D CompatibilityInfo: applicationDensity - 240
01-01 00:04:02.330  1137  1555 D CompatibilityInfo: applicationScale - 1.0
01-01 00:04:02.331  1137  1555 D WindowManager: startStatusReceiverServiceOnFlagSet: startService done
01-01 00:04:02.340  1384  1384 W SYSTEM_UI: SWR_SYSTEM_UI_007|FUN=CollapsedStatusBarFragment::getAction |1|Broadcast action --> STATUS_UPDATE_ACTION
01-01 00:04:02.340  1384  1384 W SYSTEM_UI: SWR_SYSTEM_UI_007|FUN=CollapsedStatusBarFragment::getIntExtra |1|NotifySystemUpdates dataType --> 101
01-01 00:04:02.340  1384  1384 W SYSTEM_UI - CI07.3: className -> CollapsedStatusBarFragment | functionName -> NotifySystemUpdates | onReceive -->  | value -> FULLSCREEN MODE CHANGED | isFullScreenStatus --> false | fullScreenPackage -->com.panasonic.hmi2settings | fullscreenLastShownPackage -->null | topActivityPackage --> com.panasonic.hmi2settings
01-01 00:04:02.340  1384  1384 W SYSTEM_UI - CI07.3: className -> CollapsedStatusBarFragment | functionName -> NotifySystemUpdates | onReceive -->  | value -> Fullscreen mode changed --> path 5
01-01 00:04:02.378   753   762 I sssv-lib: sendMsg enter
01-01 00:04:02.378   753   762 I sssv-lib: sendMsg complete.
01-01 00:04:02.423  3918  3996 W ByMatcher: Node returned null child: android.view.accessibility.AccessibilityNodeInfo@47527; boundsInParent: Rect(0, 0 - 1310, 134); boundsInScreen: Rect(305, 104 - 1615, 238); packageName: com.panasonic.hmi2settings; className: android.widget.RelativeLayout; text: null; error: null; maxTextLength: -1; contentDescription: null; viewIdResName: com.panasonic.hmi2settings:id/rlHeader; checkable: false; checked: false; focusable: false; focused: false; selected: false; clickable: false; longClickable: false; contextClickable: false; enabled: true; password: false; scrollable: false; importantForAccessibility: false; actions: [AccessibilityAction: ACTION_SELECT - null, AccessibilityAction: ACTION_CLEAR_SELECTION - null, AccessibilityAction: ACTION_ACCESSIBILITY_FOCUS - null, AccessibilityAction: ACTION_SHOW_ON_SCREEN - null]
01-01 00:04:02.423  3918  3996 W ByMatcher: Skipping null child (0 of 1)
01-01 00:04:02.428  3918  3996 W ByMatcher: Node returned null child: android.view.accessibility.AccessibilityNodeInfo@60e54; boundsInParent: Rect(0, 0 - 1300, 131); boundsInScreen: Rect(310, 328 - 1610, 459); packageName: com.panasonic.hmi2settings; className: android.widget.RelativeLayout; text: null; error: null; maxTextLength: -1; contentDescription: null; viewIdResName: com.panasonic.hmi2settings:id/wifiRootLayout; checkable: false; checked: false; focusable: true; focused: false; selected: false; clickable: true; longClickable: false; contextClickable: false; enabled: true; password: false; scrollable: false; importantForAccessibility: true; actions: [AccessibilityAction: ACTION_FOCUS - null, AccessibilityAction: ACTION_SELECT - null, AccessibilityAction: ACTION_CLEAR_SELECTION - null, AccessibilityAction: ACTION_CLICK - null, AccessibilityAction: ACTION_ACCESSIBILITY_FOCUS - null, AccessibilityAction: ACTION_SHOW_ON_SCREEN - null]
01-01 00:04:02.429  3918  3996 W ByMatcher: Skipping null child (0 of 2)
01-01 00:04:02.431  3918  3996 W ByMatcher: Skipping null child (1 of 2)
01-01 00:04:02.432  3918  3996 W ByMatcher: Node returned null child: android.view.accessibility.AccessibilityNodeInfo@61215; boundsInParent: Rect(0, 0 - 1300, 131); boundsInScreen: Rect(310, 459 - 1610, 590); packageName: com.panasonic.hmi2settings; className: android.widget.RelativeLayout; text: null; error: null; maxTextLength: -1; contentDescription: null; viewIdResName: com.panasonic.hmi2settings:id/wifiRootLayout; checkable: false; checked: false; focusable: true; focused: false; selected: false; clickable: true; longClickable: false; contextClickable: false; enabled: true; password: false; scrollable: false; importantForAccessibility: true; actions: [AccessibilityAction: ACTION_FOCUS - null, AccessibilityAction: ACTION_SELECT - null, AccessibilityAction: ACTION_CLEAR_SELECTION - null, AccessibilityAction: ACTION_CLICK - null, AccessibilityAction: ACTION_ACCESSIBILITY_FOCUS - null, AccessibilityAction: ACTION_SHOW_ON_SCREEN - null]
01-01 00:04:02.432  3918  3996 W ByMatcher: Skipping null child (0 of 2)
01-01 00:04:02.433  3918  3996 W ByMatcher: Skipping null child (1 of 2)
01-01 00:04:02.439   533   571 I SDM     : HWCDisplayPrimary::ProcessBootAnimCompleted: Applying default mode
01-01 00:04:02.441  3918  3996 W ByMatcher: Node returned null child: android.view.accessibility.AccessibilityNodeInfo@615d6; boundsInParent: Rect(0, 0 - 1300, 131); boundsInScreen: Rect(310, 590 - 1610, 721); packageName: com.panasonic.hmi2settings; className: android.widget.RelativeLayout; text: null; error: null; maxTextLength: -1; contentDescription: null; viewIdResName: com.panasonic.hmi2settings:id/wifiRootLayout; checkable: false; checked: false; focusable: true; focused: false; selected: false; clickable: true; longClickable: false; contextClickable: false; enabled: true; password: false; scrollable: false; importantForAccessibility: true; actions: [AccessibilityAction: ACTION_FOCUS - null, AccessibilityAction: ACTION_SELECT - null, AccessibilityAction: ACTION_CLEAR_SELECTION - null, AccessibilityAction: ACTION_CLICK - null, AccessibilityAction: ACTION_ACCESSIBILITY_FOCUS - null, AccessibilityAction: ACTION_SHOW_ON_SCREEN - null]
01-01 00:04:02.442  3918  3996 W ByMatcher: Skipping null child (0 of 2)
01-01 00:04:02.443  3918  3996 W ByMatcher: Skipping null child (1 of 2)
01-01 00:04:02.444  3918  3996 W ByMatcher: Node returned null child: android.view.accessibility.AccessibilityNodeInfo@6c645; boundsInParent: Rect(0, 0 - 133, 129); boundsInScreen: Rect(1431, 852 - 1564, 981); packageName: com.panasonic.hmi2settings; className: android.widget.LinearLayout; text: null; error: null; maxTextLength: -1; contentDescription: null; viewIdResName: com.panasonic.hmi2settings:id/llWifiStatus; checkable: false; checked: false; focusable: false; focused: false; selected: false; clickable: false; longClickable: false; contextClickable: false; enabled: true; password: false; scrollable: false; importantForAccessibility: false; actions: [AccessibilityAction: ACTION_SELECT - null, AccessibilityAction: ACTION_CLEAR_SELECTION - null, AccessibilityAction: ACTION_ACCESSIBILITY_FOCUS - null, AccessibilityAction: ACTION_SHOW_ON_SCREEN - null]
01-01 00:04:02.445  3918  3996 W ByMatcher: Skipping null child (0 of 1)
01-01 00:04:02.447  3918  3996 W ByMatcher: Node returned null child: android.view.accessibility.AccessibilityNodeInfo@4842b; boundsInParent: Rect(0, 0 - 1300, 96); boundsInScreen: Rect(311, 238 - 1611, 334); packageName: com.panasonic.hmi2settings; className: android.widget.LinearLayout; text: null; error: null; maxTextLength: -1; contentDescription: null; viewIdResName: com.panasonic.hmi2settings:id/networkBar; checkable: false; checked: false; focusable: false; focused: false; selected: false; clickable: false; longClickable: false; contextClickable: false; enabled: true; password: false; scrollable: false; importantForAccessibility: false; actions: [AccessibilityAction: ACTION_SELECT - null, AccessibilityAction: ACTION_CLEAR_SELECTION - null, AccessibilityAction: ACTION_ACCESSIBILITY_FOCUS - null, AccessibilityAction: ACTION_SHOW_ON_SCREEN - null]
01-01 00:04:02.447  3918  3996 W ByMatcher: Skipping null child (0 of 1)
01-01 00:04:02.448  3918  3996 W ByMatcher: Node returned null child: android.view.accessibility.AccessibilityNodeInfo@46da5; boundsInParent: Rect(0, 0 - 1332, 965); boundsInScreen: Rect(305, 104 - 1637, 1069); packageName: com.panasonic.hmi2settings; className: android.widget.RelativeLayout; text: null; error: null; maxTextLength: -1; contentDescription: null; viewIdResName: com.panasonic.hmi2settings:id/containerLayout; checkable: false; checked: false; focusable: false; focused: false; selected: false; clickable: false; longClickable: false; contextClickable: false; enabled: true; password: false; scrollable: false; importantForAccessibility: false; actions: [AccessibilityAction: ACTION_SELECT - null, AccessibilityAction: ACTION_CLEAR_SELECTION - null, AccessibilityAction: ACTION_ACCESSIBILITY_FOCUS - null, AccessibilityAction: ACTION_SHOW_ON_SCREEN - null]
01-01 00:04:02.449  3918  3996 W ByMatcher: Skipping null child (0 of 1)
01-01 00:04:02.451  3918  3996 W ByMatcher: Node returned null child: android.view.accessibility.AccessibilityNodeInfo@47527; boundsInParent: Rect(0, 0 - 1310, 134); boundsInScreen: Rect(305, 104 - 1615, 238); packageName: com.panasonic.hmi2settings; className: android.widget.RelativeLayout; text: null; error: null; maxTextLength: -1; contentDescription: null; viewIdResName: com.panasonic.hmi2settings:id/rlHeader; checkable: false; checked: false; focusable: false; focused: false; selected: false; clickable: false; longClickable: false; contextClickable: false; enabled: true; password: false; scrollable: false; importantForAccessibility: false; actions: [AccessibilityAction: ACTION_SELECT - null, AccessibilityAction: ACTION_CLEAR_SELECTION - null, AccessibilityAction: ACTION_ACCESSIBILITY_FOCUS - null, AccessibilityAction: ACTION_SHOW_ON_SCREEN - null]
01-01 00:04:02.451  3918  3996 W ByMatcher: Skipping null child (0 of 1)
01-01 00:04:02.452  3918  3996 W ByMatcher: Node returned null child: android.view.accessibility.AccessibilityNodeInfo@60e54; boundsInParent: Rect(0, 0 - 1300, 131); boundsInScreen: Rect(310, 328 - 1610, 459); packageName: com.panasonic.hmi2settings; className: android.widget.RelativeLayout; text: null; error: null; maxTextLength: -1; contentDescription: null; viewIdResName: com.panasonic.hmi2settings:id/wifiRootLayout; checkable: false; checked: false; focusable: true; focused: false; selected: false; clickable: true; longClickable: false; contextClickable: false; enabled: true; password: false; scrollable: false; importantForAccessibility: true; actions: [AccessibilityAction: ACTION_FOCUS - null, AccessibilityAction: ACTION_SELECT - null, AccessibilityAction: ACTION_CLEAR_SELECTION - null, AccessibilityAction: ACTION_CLICK - null, AccessibilityAction: ACTION_ACCESSIBILITY_FOCUS - null, AccessibilityAction: ACTION_SHOW_ON_SCREEN - null]
01-01 00:04:02.452  3918  3996 W ByMatcher: Skipping null child (0 of 2)
01-01 00:04:02.453  3918  3996 W ByMatcher: Skipping null child (1 of 2)
01-01 00:04:02.454  3918  3996 W ByMatcher: Node returned null child: android.view.accessibility.AccessibilityNodeInfo@61215; boundsInParent: Rect(0, 0 - 1300, 131); boundsInScreen: Rect(310, 459 - 1610, 590); packageName: com.panasonic.hmi2settings; className: android.widget.RelativeLayout; text: null; error: null; maxTextLength: -1; contentDescription: null; viewIdResName: com.panasonic.hmi2settings:id/wifiRootLayout; checkable: false; checked: false; focusable: true; focused: false; selected: false; clickable: true; longClickable: false; contextClickable: false; enabled: true; password: false; scrollable: false; importantForAccessibility: true; actions: [AccessibilityAction: ACTION_FOCUS - null, AccessibilityAction: ACTION_SELECT - null, AccessibilityAction: ACTION_CLEAR_SELECTION - null, AccessibilityAction: ACTION_CLICK - null, AccessibilityAction: ACTION_ACCESSIBILITY_FOCUS - null, AccessibilityAction: ACTION_SHOW_ON_SCREEN - null]
01-01 00:04:02.454  3918  3996 W ByMatcher: Skipping null child (0 of 2)
01-01 00:04:02.455  3918  3996 W ByMatcher: Skipping null child (1 of 2)
01-01 00:04:02.457  3918  3996 W ByMatcher: Node returned null child: android.view.accessibility.AccessibilityNodeInfo@615d6; boundsInParent: Rect(0, 0 - 1300, 131); boundsInScreen: Rect(310, 590 - 1610, 721); packageName: com.panasonic.hmi2settings; className: android.widget.RelativeLayout; text: null; error: null; maxTextLength: -1; contentDescription: null; viewIdResName: com.panasonic.hmi2settings:id/wifiRootLayout; checkable: false; checked: false; focusable: true; focused: false; selected: false; clickable: true; longClickable: false; contextClickable: false; enabled: true; password: false; scrollable: false; importantForAccessibility: true; actions: [AccessibilityAction: ACTION_FOCUS - null, AccessibilityAction: ACTION_SELECT - null, AccessibilityAction: ACTION_CLEAR_SELECTION - null, AccessibilityAction: ACTION_CLICK - null, AccessibilityAction: ACTION_ACCESSIBILITY_FOCUS - null, AccessibilityAction: ACTION_SHOW_ON_SCREEN - null]
01-01 00:04:02.457  3918  3996 W ByMatcher: Skipping null child (0 of 2)
01-01 00:04:02.458  3918  3996 W ByMatcher: Skipping null child (1 of 2)
01-01 00:04:02.460  3918  3996 W ByMatcher: Node returned null child: android.view.accessibility.AccessibilityNodeInfo@6c645; boundsInParent: Rect(0, 0 - 133, 129); boundsInScreen: Rect(1431, 852 - 1564, 981); packageName: com.panasonic.hmi2settings; className: android.widget.LinearLayout; text: null; error: null; maxTextLength: -1; contentDescription: null; viewIdResName: com.panasonic.hmi2settings:id/llWifiStatus; checkable: false; checked: false; focusable: false; focused: false; selected: false; clickable: false; longClickable: false; contextClickable: false; enabled: true; password: false; scrollable: false; importantForAccessibility: false; actions: [AccessibilityAction: ACTION_SELECT - null, AccessibilityAction: ACTION_CLEAR_SELECTION - null, AccessibilityAction: ACTION_ACCESSIBILITY_FOCUS - null, AccessibilityAction: ACTION_SHOW_ON_SCREEN - null]
01-01 00:04:02.460  3918  3996 W ByMatcher: Skipping null child (0 of 1)
01-01 00:04:02.461  3918  3996 W ByMatcher: Node returned null child: android.view.accessibility.AccessibilityNodeInfo@4842b; boundsInParent: Rect(0, 0 - 1300, 96); boundsInScreen: Rect(311, 238 - 1611, 334); packageName: com.panasonic.hmi2settings; className: android.widget.LinearLayout; text: null; error: null; maxTextLength: -1; contentDescription: null; viewIdResName: com.panasonic.hmi2settings:id/networkBar; checkable: false; checked: false; focusable: false; focused: false; selected: false; clickable: false; longClickable: false; contextClickable: false; enabled: true; password: false; scrollable: false; importantForAccessibility: false; actions: [AccessibilityAction: ACTION_SELECT - null, AccessibilityAction: ACTION_CLEAR_SELECTION - null, AccessibilityAction: ACTION_ACCESSIBILITY_FOCUS - null, AccessibilityAction: ACTION_SHOW_ON_SCREEN - null]
01-01 00:04:02.461  3918  3996 W ByMatcher: Skipping null child (0 of 1)
01-01 00:04:02.462  3918  3996 W ByMatcher: Node returned null child: android.view.accessibility.AccessibilityNodeInfo@46da5; boundsInParent: Rect(0, 0 - 1332, 965); boundsInScreen: Rect(305, 104 - 1637, 1069); packageName: com.panasonic.hmi2settings; className: android.widget.RelativeLayout; text: null; error: null; maxTextLength: -1; contentDescription: null; viewIdResName: com.panasonic.hmi2settings:id/containerLayout; checkable: false; checked: false; focusable: false; focused: false; selected: false; clickable: false; longClickable: false; contextClickable: false; enabled: true; password: false; scrollable: false; importantForAccessibility: false; actions: [AccessibilityAction: ACTION_SELECT - null, AccessibilityAction: ACTION_CLEAR_SELECTION - null, AccessibilityAction: ACTION_ACCESSIBILITY_FOCUS - null, AccessibilityAction: ACTION_SHOW_ON_SCREEN - null]
01-01 00:04:02.462  3918  3996 W ByMatcher: Skipping null child (0 of 1)
01-01 00:04:02.480  1371  1371 W RichInputMethodSubtype: Can't find emoji subtype
01-01 00:04:02.480  1371  1371 W RichInputMethodSubtype: No input method subtype found; returning dummy subtype: Multi-lingual subtype: android.view.inputmethod.InputMethodSubtype@d78b2ed0, zz
01-01 00:04:02.598  1371  1371 I EmojiCategory: Last Emoji category id is 8
01-01 00:04:02.657  1371  1371 W ViewPager: Requested offscreen page limit 0 too small; defaulting to 1
01-01 00:04:02.662  1137  1555 D mEnabledInputMethodsStrCache: com.android.inputmethods.latin/.LatinIME
01-01 00:04:02.662  1137  1555 D systemLanguageCode: en__GB
01-01 00:04:02.662  1137  1555 D mEnabledInputMethodsStrCache: com.android.inputmethods.latin/.LatinIME
01-01 00:04:02.663  1137  1555 D mEnabledInputMethodsStrCache: com.android.inputmethods.latin/.LatinIME
01-01 00:04:02.663  1137  1555 D systemLanguageCode: en__GB
01-01 00:04:02.664  1137  1555 D mEnabledInputMethodsStrCache: com.android.inputmethods.latin/.LatinIME
01-01 00:04:02.664  1137  1555 D mEnabledInputMethodsStrCache: com.android.inputmethods.latin/.LatinIME
01-01 00:04:02.664  1137  1555 D systemLanguageCode: en__GB
01-01 00:04:02.664  1137  1555 D mEnabledInputMethodsStrCache: com.android.inputmethods.latin/.LatinIME
01-01 00:04:02.665  1137  1555 D mEnabledInputMethodsStrCache: com.android.inputmethods.latin/.LatinIME
01-01 00:04:02.665  1137  1555 D systemLanguageCode: en__GB
01-01 00:04:02.665  1137  1555 D mEnabledInputMethodsStrCache: com.android.inputmethods.latin/.LatinIME
01-01 00:04:02.665  1137  1555 D mEnabledInputMethodsStrCache: com.android.inputmethods.latin/.LatinIME
01-01 00:04:02.665  1137  1555 D systemLanguageCode: en__GB
01-01 00:04:02.665  1137  1555 D mEnabledInputMethodsStrCache: com.android.inputmethods.latin/.LatinIME
01-01 00:04:02.665  1371  1371 I LatinIME: SWR_HMISERVICE_SPELLER_MF_001||FUN=onStartInputViewInternal || 1 || Starting input. Cursor position = -1,-1
01-01 00:04:02.672  1371  1371 I InputAttributes: InputType.TYPE_NULL is specified
01-01 00:04:02.675  1137  1555 D mEnabledInputMethodsStrCache: com.android.inputmethods.latin/.LatinIME
01-01 00:04:02.675  1137  1555 D systemLanguageCode: en__GB
01-01 00:04:02.675  1137  1555 D mEnabledInputMethodsStrCache: com.android.inputmethods.latin/.LatinIME
01-01 00:04:02.677  1371  1371 V KeyboardState: onLoadKeyboard: [keyboard=SYMBOLS shift=RELEASING symbol=RELEASING switch=ALPHA] autoCapsFlags=none recapitalizeMode=undefined
01-01 00:04:02.677  1371  1371 D KeyboardState: setAlphabetKeyboard: [keyboard=SYMBOLS shift=RELEASING symbol=RELEASING switch=ALPHA] autoCapsFlags=none recapitalizeMode=undefined
01-01 00:04:02.677  1371  1371 D KeyboardSwitcher: setAlphabetKeyboard
01-01 00:04:02.694  1137  1555 D mEnabledInputMethodsStrCache: com.android.inputmethods.latin/.LatinIME
01-01 00:04:02.694  1137  1555 D systemLanguageCode: en__GB
01-01 00:04:02.694  1137  1555 D mEnabledInputMethodsStrCache: com.android.inputmethods.latin/.LatinIME
01-01 00:04:02.696  1371  1371 D KeyboardSwitcher: requestUpdatingShiftState:  autoCapsFlags=none recapitalizeMode=undefined
01-01 00:04:02.696  1371  1371 D KeyboardState: onUpdateShiftState: [keyboard=UNSHIFTED shift=RELEASING symbol=RELEASING switch=ALPHA] autoCapsFlags=none recapitalizeMode=undefined
01-01 00:04:02.696  1371  1371 D KeyboardState: setShifted: shiftMode=UNSHIFT [keyboard=UNSHIFTED shift=RELEASING symbol=RELEASING switch=ALPHA]
01-01 00:04:02.697  1137  1555 D mEnabledInputMethodsStrCache: com.android.inputmethods.latin/.LatinIME
01-01 00:04:02.697  1137  1555 D systemLanguageCode: en__GB
01-01 00:04:02.697  1137  1555 D mEnabledInputMethodsStrCache: com.android.inputmethods.latin/.LatinIME
01-01 00:04:02.697  1137  1555 D mEnabledInputMethodsStrCache: com.android.inputmethods.latin/.LatinIME
01-01 00:04:02.697  1137  1555 D systemLanguageCode: en__GB
01-01 00:04:02.697  1137  1555 D mEnabledInputMethodsStrCache: com.android.inputmethods.latin/.LatinIME
01-01 00:04:02.698  1371  1371 I NuanceUtil: Language text: en_GB, Language code: 5
01-01 00:04:02.699  1371  1371 I NuanceLog: Active Language: ET9LIDEnglish_UK
01-01 00:04:02.699  1371  1371 I NuanceLog: Active LDB: /system/etc/RSESpeller/configs/LDBs/v13.1.0/englishuk/ENubUNUK_xt9_ALM3.ldb
01-01 00:04:02.711  1371  1371 I NuanceLog: Initializing Nuance API
01-01 00:04:02.717  1371  1371 I NuanceLog: Crash: Start
01-01 00:04:02.961  3823  3823 W HMI2-SETTINGS - CI08.4: className -> WifiActivity | functionName -> setOnFocusChangeListener :   | value -> hasFocus:false
01-01 00:04:02.962  3823  3823 W HMI2-SETTINGS - CI08.4: className -> WifiActivity | functionName -> setOnFocusChangeListener :   | value -> hasFocus:true
01-01 00:04:03.037  1371  1371 I NuanceLog: Crash: End
01-01 00:04:03.037  1371  1371 I NuanceLog: ET9GetCodeVersion: XT9 V13.01.00.00 14:41:12 Jan 15 2019 9C54
01-01 00:04:03.039  1371  1371 E NuanceLog: Init KDB Error. Invalid keyboard number
01-01 00:04:03.039  1371  1371 E NuanceLog: Validate KDB Error. Invalid keyboard number
01-01 00:04:03.058  1371  1371 I LatinIME: Nuance API Initialized successfully
01-01 00:04:03.059  1371  1371 I LatinIME: Suggestion strip view visibility gone
01-01 00:04:03.060  1137  1152 D mEnabledInputMethodsStrCache: com.android.inputmethods.latin/.LatinIME
01-01 00:04:03.060  1137  1152 D systemLanguageCode: en__GB
01-01 00:04:03.060  1137  1152 D mEnabledInputMethodsStrCache: com.android.inputmethods.latin/.LatinIME
01-01 00:04:03.060  1137  1152 D mEnabledInputMethodsStrCache: com.android.inputmethods.latin/.LatinIME
01-01 00:04:03.060  1137  1152 D systemLanguageCode: en__GB
01-01 00:04:03.060  1137  1152 D mEnabledInputMethodsStrCache: com.android.inputmethods.latin/.LatinIME
01-01 00:04:03.069  1371  4003 D OpenGLRenderer: HWUI GL Pipeline
01-01 00:04:03.076  1137  1152 D WindowManager: addToDisplay >>> FLAG_FULLSCREEN not set in WindowManager.LayoutParams
01-01 00:04:03.076  1137  1152 D WindowManager: startStatusReceiverServiceOnFlagSet: creating intent for action ACTION_ACTIVITY_FULLSCREEN
01-01 00:04:03.076  1137  1152 W ContextImpl: Calling a method in the system process without a qualified user: android.app.ContextImpl.startService:1476 com.android.server.wm.Session.startStatusReceiverServiceOnFlagSet:762 com.android.server.wm.Session.addToDisplay:217 android.view.IWindowSession$Stub.onTransact:124 com.android.server.wm.Session.onTransact:166 
01-01 00:04:03.078  1137  1152 D CompatibilityInfo: mCompatibilityFlags - 4
01-01 00:04:03.078  1137  1152 D CompatibilityInfo: applicationDensity - 240
01-01 00:04:03.078  1137  1152 D CompatibilityInfo: applicationScale - 1.0
01-01 00:04:03.080  1137  1152 D WindowManager: startStatusReceiverServiceOnFlagSet: startService done
01-01 00:04:03.085  1384  1384 W SYSTEM_UI: SWR_SYSTEM_UI_007|FUN=CollapsedStatusBarFragment::getAction |1|Broadcast action --> STATUS_UPDATE_ACTION
01-01 00:04:03.085  1384  1384 W SYSTEM_UI: SWR_SYSTEM_UI_007|FUN=CollapsedStatusBarFragment::getIntExtra |1|NotifySystemUpdates dataType --> 101
01-01 00:04:03.085  1384  1384 W SYSTEM_UI - CI07.3: className -> CollapsedStatusBarFragment | functionName -> NotifySystemUpdates | onReceive -->  | value -> FULLSCREEN MODE CHANGED | isFullScreenStatus --> false | fullScreenPackage -->null | fullscreenLastShownPackage -->null | topActivityPackage --> com.panasonic.hmi2settings
01-01 00:04:03.085  1384  1384 W SYSTEM_UI - CI07.3: className -> CollapsedStatusBarFragment | functionName -> NotifySystemUpdates | onReceive -->  | value -> Fullscreen mode changed --> path 0
01-01 00:04:03.086  1137  1555 D mEnabledInputMethodsStrCache: com.android.inputmethods.latin/.LatinIME
01-01 00:04:03.086  1137  1555 D systemLanguageCode: en__GB
01-01 00:04:03.086  1137  1555 D mEnabledInputMethodsStrCache: com.android.inputmethods.latin/.LatinIME
01-01 00:04:03.086  1137  1555 D mEnabledInputMethodsStrCache: com.android.inputmethods.latin/.LatinIME
01-01 00:04:03.087  1137  1555 D systemLanguageCode: en__GB
01-01 00:04:03.087  1137  1555 D mEnabledInputMethodsStrCache: com.android.inputmethods.latin/.LatinIME
01-01 00:04:03.091  1137  1555 D mEnabledInputMethodsStrCache: com.android.inputmethods.latin/.LatinIME
01-01 00:04:03.091  1137  1555 D systemLanguageCode: en__GB
01-01 00:04:03.091  1137  1555 D mEnabledInputMethodsStrCache: com.android.inputmethods.latin/.LatinIME
01-01 00:04:03.093  1137  1555 D mEnabledInputMethodsStrCache: com.android.inputmethods.latin/.LatinIME
01-01 00:04:03.094  1137  1555 D systemLanguageCode: en__GB
01-01 00:04:03.094  1137  1555 D mEnabledInputMethodsStrCache: com.android.inputmethods.latin/.LatinIME
01-01 00:04:03.095  1137  1555 D mEnabledInputMethodsStrCache: com.android.inputmethods.latin/.LatinIME
01-01 00:04:03.095  1137  1555 D systemLanguageCode: en__GB
01-01 00:04:03.095  1137  1555 D mEnabledInputMethodsStrCache: com.android.inputmethods.latin/.LatinIME
01-01 00:04:03.096  1137  1555 D mEnabledInputMethodsStrCache: com.android.inputmethods.latin/.LatinIME
01-01 00:04:03.096  1137  1555 D systemLanguageCode: en__GB
01-01 00:04:03.096  1137  1555 D mEnabledInputMethodsStrCache: com.android.inputmethods.latin/.LatinIME
01-01 00:04:03.096  1137  1555 D mEnabledInputMethodsStrCache: com.android.inputmethods.latin/.LatinIME
01-01 00:04:03.096  1137  1555 D systemLanguageCode: en__GB
01-01 00:04:03.096  1137  1555 D mEnabledInputMethodsStrCache: com.android.inputmethods.latin/.LatinIME
01-01 00:04:03.097  1371  1371 I LatinIME: SWR_HMISERVICE_SPELLER_MF_001||FUN=onStartInputViewInternal || 1 || Starting input. Cursor position = 0,0
01-01 00:04:03.110  1137  1152 D mEnabledInputMethodsStrCache: com.android.inputmethods.latin/.LatinIME
01-01 00:04:03.110  1137  1152 D systemLanguageCode: en__GB
01-01 00:04:03.110  1137  1152 D mEnabledInputMethodsStrCache: com.android.inputmethods.latin/.LatinIME
01-01 00:04:03.113  1371  1371 V KeyboardState: onLoadKeyboard: [keyboard=UNSHIFTED shift=RELEASING symbol=RELEASING switch=ALPHA] autoCapsFlags=none recapitalizeMode=undefined
01-01 00:04:03.113  1371  1371 D KeyboardState: setAlphabetKeyboard: [keyboard=UNSHIFTED shift=RELEASING symbol=RELEASING switch=ALPHA] autoCapsFlags=none recapitalizeMode=undefined
01-01 00:04:03.113  1371  1371 D KeyboardSwitcher: setAlphabetKeyboard
01-01 00:04:03.125  1137  1152 D mEnabledInputMethodsStrCache: com.android.inputmethods.latin/.LatinIME
01-01 00:04:03.126  1137  1152 D systemLanguageCode: en__GB
01-01 00:04:03.126  1137  1152 D mEnabledInputMethodsStrCache: com.android.inputmethods.latin/.LatinIME
01-01 00:04:03.126  1371  1371 D KeyboardSwitcher: requestUpdatingShiftState:  autoCapsFlags=none recapitalizeMode=undefined
01-01 00:04:03.126  1371  1371 D KeyboardState: onUpdateShiftState: [keyboard=UNSHIFTED shift=RELEASING symbol=RELEASING switch=ALPHA] autoCapsFlags=none recapitalizeMode=undefined
01-01 00:04:03.126  1371  1371 D KeyboardState: setShifted: shiftMode=UNSHIFT [keyboard=UNSHIFTED shift=RELEASING symbol=RELEASING switch=ALPHA]
01-01 00:04:03.127  1137  1152 D mEnabledInputMethodsStrCache: com.android.inputmethods.latin/.LatinIME
01-01 00:04:03.127  1137  1152 D systemLanguageCode: en__GB
01-01 00:04:03.127  1137  1152 D mEnabledInputMethodsStrCache: com.android.inputmethods.latin/.LatinIME
01-01 00:04:03.128  1137  1152 D mEnabledInputMethodsStrCache: com.android.inputmethods.latin/.LatinIME
01-01 00:04:03.128  1137  1152 D systemLanguageCode: en__GB
01-01 00:04:03.128  1137  1152 D mEnabledInputMethodsStrCache: com.android.inputmethods.latin/.LatinIME
01-01 00:04:03.129  1371  1371 I NuanceUtil: Language text: en_GB, Language code: 5
01-01 00:04:03.129  1371  1371 I NuanceLog: Active Language: ET9LIDEnglish_UK
01-01 00:04:03.129  1371  1371 I NuanceLog: Active LDB: /system/etc/RSESpeller/configs/LDBs/v13.1.0/englishuk/ENubUNUK_xt9_ALM3.ldb
01-01 00:04:03.129  1371  1371 I LatinIME: Nuance API Initialized successfully
01-01 00:04:03.130  1371  1371 I LatinIME: Suggestion strip view visibility gone
01-01 00:04:03.130  1137  1152 D mEnabledInputMethodsStrCache: com.android.inputmethods.latin/.LatinIME
01-01 00:04:03.130  1137  1152 D systemLanguageCode: en__GB
01-01 00:04:03.130  1137  1152 D mEnabledInputMethodsStrCache: com.android.inputmethods.latin/.LatinIME
01-01 00:04:03.131  1137  1152 D mEnabledInputMethodsStrCache: com.android.inputmethods.latin/.LatinIME
01-01 00:04:03.131  1137  1152 D systemLanguageCode: en__GB
01-01 00:04:03.131  1137  1152 D mEnabledInputMethodsStrCache: com.android.inputmethods.latin/.LatinIME
01-01 00:04:03.133  1137  1152 D mEnabledInputMethodsStrCache: com.android.inputmethods.latin/.LatinIME
01-01 00:04:03.133  1137  1152 D systemLanguageCode: en__GB
01-01 00:04:03.133  1137  1152 D mEnabledInputMethodsStrCache: com.android.inputmethods.latin/.LatinIME
01-01 00:04:03.133  1137  1152 D mEnabledInputMethodsStrCache: com.android.inputmethods.latin/.LatinIME
01-01 00:04:03.133  1137  1152 D systemLanguageCode: en__GB
01-01 00:04:03.133  1137  1152 D mEnabledInputMethodsStrCache: com.android.inputmethods.latin/.LatinIME
01-01 00:04:03.140  1137  1152 D WindowManager: relayout packageName=com.android.inputmethods.latin::session=Session{5c6fcf1 1371:1000}::window=android.view.IWindow$Stub$Proxy@3c9a462::attrs.flags=1800108
01-01 00:04:03.140  1137  1152 D WindowManager: relayout >>> FLAG_FULLSCREEN not set in WindowManager.LayoutParams
01-01 00:04:03.140  1137  1152 D WindowManager: startStatusReceiverServiceOnFlagSet: creating intent for action ACTION_ACTIVITY_FULLSCREEN
01-01 00:04:03.140  1137  1152 W ContextImpl: Calling a method in the system process without a qualified user: android.app.ContextImpl.startService:1476 com.android.server.wm.Session.startStatusReceiverServiceOnFlagSet:762 com.android.server.wm.Session.relayout:276 android.view.IWindowSession$Stub.onTransact:286 com.android.server.wm.Session.onTransact:166 
01-01 00:04:03.141  1137  1152 D CompatibilityInfo: mCompatibilityFlags - 4
01-01 00:04:03.141  1137  1152 D CompatibilityInfo: applicationDensity - 240
01-01 00:04:03.141  1137  1152 D CompatibilityInfo: applicationScale - 1.0
01-01 00:04:03.144  1384  1384 W SYSTEM_UI: SWR_SYSTEM_UI_007|FUN=CollapsedStatusBarFragment::getAction |1|Broadcast action --> STATUS_UPDATE_ACTION
01-01 00:04:03.144  1384  1384 W SYSTEM_UI: SWR_SYSTEM_UI_007|FUN=CollapsedStatusBarFragment::getIntExtra |1|NotifySystemUpdates dataType --> 101
01-01 00:04:03.144  1384  1384 W SYSTEM_UI - CI07.3: className -> CollapsedStatusBarFragment | functionName -> NotifySystemUpdates | onReceive -->  | value -> FULLSCREEN MODE CHANGED | isFullScreenStatus --> false | fullScreenPackage -->com.android.inputmethods.latin | fullscreenLastShownPackage -->null | topActivityPackage --> com.panasonic.hmi2settings
01-01 00:04:03.144  1137  1152 D WindowManager: startStatusReceiverServiceOnFlagSet: startService done
01-01 00:04:03.145  1384  1384 W SYSTEM_UI - CI07.3: className -> CollapsedStatusBarFragment | functionName -> NotifySystemUpdates | onReceive -->  | value -> Fullscreen mode changed --> path 0
01-01 00:04:03.155  1371  4003 I Adreno  : QUALCOMM build                   : 9d62f6f, I5487d0ba86
01-01 00:04:03.155  1371  4003 I Adreno  : Build Date                       : 12/04/18
01-01 00:04:03.155  1371  4003 I Adreno  : OpenGL ES Shader Compiler Version: EV031.23.07.00
01-01 00:04:03.155  1371  4003 I Adreno  : Local Branch                     : mybranche8f7aab8-e3d5-f199-b20b-5cb90179c3d8
01-01 00:04:03.155  1371  4003 I Adreno  : Remote Branch                    : quic/LA.HB.1.1.5_rb1.30
01-01 00:04:03.155  1371  4003 I Adreno  : Remote Branch                    : NONE
01-01 00:04:03.155  1371  4003 I Adreno  : Reconstruct Branch               : NOTHING
01-01 00:04:03.160  1371  4003 I Adreno  : PFP: 0x005ff110, ME: 0x005ff066
01-01 00:04:03.176  1371  4003 I com.android.inputmethods.latin: android::hardware::configstore::V1_0::ISurfaceFlingerConfigs::hasWideColorDisplay retrieved: 0
01-01 00:04:03.177  1371  4003 I OpenGLRenderer: Initialized EGL, version 1.4
01-01 00:04:03.177  1371  4003 D OpenGLRenderer: Swap behavior 2
01-01 00:04:03.379   753   762 I sssv-lib: sendMsg enter
01-01 00:04:03.379   753   762 I sssv-lib: sendMsg complete.
01-01 00:04:03.853  1943  1943 D LCMANDR : SWR_OOB_HV_MF_009|FUN=LifeCycleManagerService::getDAIAppAlivenessStatus|Aliveness:: DAIAPP HB DIFF = 2 [ DaimlerAppHBCounter ] = 85[ DaimlerAppHBCounterOld ] = 83
01-01 00:04:03.854  1943  1943 I LCMANDR : SWR_OOB_HV_MF_009|FUN=LifeCycleManagerService::getDAIAppAlivenessStatus|Aliveness::ANDROID HB IS VALID... setting OLD VAL, and resetting Fail Counter
01-01 00:04:03.855  1943  1943 I LCMANDR : SWR_OOB_HV_MF_009|FUN=LifeCycleManagerService::getDAIPID|DAIMLER APP(com.daimler.rse.ntg6) PID is [ 1534 ]
01-01 00:04:03.855  1943  1943 I LCMANDR : SWR_OOB_HV_MF_009|FUN=LifeCycleManagerService::getDAIAPPStatus|Aliveness::SAME PID! DAIAPP is not restarted
01-01 00:04:03.855  1943  1943 W LCMANDR : SWR_OOB_HV_MF_009|FUN=LifeCycleManagerService::getDAIAppAlivenessStatus|Aliveness::Status to send id : ALIVE
01-01 00:04:03.856  1943  1943 D LCMANDR : SWR_OOB_HV_MF_005|FUN=LifeCycleManagerService::sendPacketToLnx|data = [B@a5f299c
01-01 00:04:03.856  1943  1943 D LCMANDR : SWR_OOB_HV_MF_009|FUN=LifeCycleManagerService::postAppsStatusInfo|Setting AppPacket info
01-01 00:04:03.856  1943  1943 I LCMANDR : SWR_OOB_HV_MF_009|FUN=AlivenessMonitoring::getRunningApps| packet sent
01-01 00:04:03.856  1943  1975 D LCMANDR : SWR_OOB_HV_MF_010|FUN=LifeCycleManagerService::RseNodeStateManagement|SEND_IGC_CB
01-01 00:04:03.856  1943  1975 I LCMANDR : SWR_OOB_HV_MF_005|FUN=LifeCycleManagerService::igcsendData|Call hit in RSENodeStateManagement::igcsendData
01-01 00:04:03.856  1943  1975 I LCMANDR : SWR_OOB_HV_MF_005|FUN=LifeCycleManagerService::igcsendData|SEND DATA LEN is : 15
01-01 00:04:03.856  1943  1975 I LCMANDR : SWR_OOB_HV_MF_007|FUN=LifeCycleManagerService::sendPacketFromIntentService|Package to send : [ 65, 0, 0, 0, 9, 0, 2, 0, 1, 0, 5, 65, 65, 0, 0, ]
01-01 00:04:03.856  1943  1975 I IGC     :  IGC::sendData ==> [ 65, 0, 0, 0, 9, 0, 2, 0, 1, 0, 5, 65, 65, 0, 0,  ]
