01-01 00:10:23.992  1534  1534 I HomeScreen|HMI_Common.Activities.MainOverlayActivity: MBUX App Method: DisplayCurrentTrackInfo |Line No: 450 |Log Type: Critical |Message: MainOverlayActivity,  DisplayCurrentTrackInfo called currentTrack: 
01-01 00:10:23.993  1534  1534 I HomeScreen|HMI_Common.Activities.MainOverlayActivity: MBUX App Method: UpdateHomeScreenItemView |Line No: 207 |Log Type: Critical |Message: UpdateHomeScreenItemView : Item : Media, mainImage : HardDisk, subtitle : , leftShortIcon : False, rightShorticon : False, Current Audio Source : 
01-01 00:10:23.995  1534  1534 I VolumeControl|HMI_Common.Activities.MainOverlayActivity: MBUX App Method: UpdateSendToCabinAudioIcon |Line No: 206 |Log Type: Critical |Message: VolumeControl InitializeSendToCabinAudioFalse
01-01 00:10:23.996  1534  1534 I VolumeControl|HMI_Common.HMIBackend.VolumeControl.VolumeControlBackend: MBUX App Method: GetMuteStates |Line No: 194 |Log Type: Critical |Message: VolumeControlBackend GetMuteStates() called CabinAudioMuteStatus == False
01-01 00:10:23.997  1534  1534 I Connectivity_AIDL|HMI_Common.RsePlatformInterface.ParentalControlImpl: MBUX App Method: UnSubscribeToParentalControlEvents |Line No: 121 |Log Type: Information |Message: UnSubscribeToParentalControlEvents = 
01-01 00:10:23.997  1534  1534 I Connectivity_AIDL|HMI_Common.RsePlatformInterface.ParentalControlImpl: MBUX App Method: .ctor |Line No: 32 |Log Type: Critical |Message: ParentalControlImpl Constructor
01-01 00:10:23.997  1534  1534 I Connectivity_AIDL|HMI_Common.RsePlatformInterface.ParentalControlImpl: MBUX App Method: GetParentalControlApplication |Line No: 89 |Log Type: Critical |Message: GetParentalControlApplication : 
01-01 00:10:23.997  1534  1534 I Connectivity_AIDL|HMI_Common.RsePlatformInterface.ParentalControlImpl: MBUX App Method: SubscribeToParentalControlEvents |Line No: 96 |Log Type: Information |Message: SubscribeToParentalControlEvents isDemoMode = True
01-01 00:10:23.997  1534  1534 I HomeScreen|HMI_Common.Activities.MainOverlayActivity: MBUX App Method: UpdateNavigationETAInfo |Line No: 113 |Log Type: Critical |Message: UpdateNavigationETAInfo, subtitle text : 
01-01 00:10:23.997  1534  1534 I HomeScreen|HMI_Common.Activities.MainOverlayActivity: MBUX App Method: IsETAInfoToBeDisplayed |Line No: 128 |Log Type: Information |Message: Navigation, IsETAInfoToBeDisplayed etaInfoText: 
01-01 00:10:23.997  1534  1534 I HomeScreen|HMI_Common.Activities.MainOverlayActivity: MBUX App Method: UpdateHomeScreenNavigationSubtitleText |Line No: 801 |Log Type: Critical |Message: UpdateHomeScreenNavigationSubtitleText, subtitle text :  & isActiveRouteInProgress : False
01-01 00:10:24.002  1534  1534 I TelephonyRse|HMI_Common.Activities.MainOverlayActivity: MBUX App Method: HandlestatusLineNetworkSignalStrength |Line No: 944 |Log Type: Information |Message: BaseActivity StatusLine:HandlestatusLineNetworkSignalStrength deviceList size :
01-01 00:10:24.002  1534  1534 I TelephonyRse|HMI_Common.Activities.MainOverlayActivity: MBUX App Method: HandlestatusLineNetworkSignalStrength |Line No: 966 |Log Type: Information |Message: BaseActivity StatusLine:HandlestatusLineNetworkSignalStrength deviceList size empty:
01-01 00:10:24.002  1534  1534 I TelephonyRse|HMI_Common.Activities.MainOverlayActivity: MBUX App Method: HandlestatusLinePhoneBatteryLevelVisibility |Line No: 1063 |Log Type: Information |Message: BaseActivity StatusLine:HandlestatusLinePhoneBatteryLevelVisibility deviceList size :
01-01 00:10:24.002  1534  1534 I TelephonyRse|HMI_Common.Activities.MainOverlayActivity: MBUX App Method: HandlestatusLinePhoneBatteryLevelVisibility |Line No: 1086 |Log Type: Information |Message: BaseActivity StatusLine:HandlestatusLineNetworkSignalStrength deviceList size empty:
01-01 00:10:24.003  1534  1534 I HomeScreen|HMI_Common.Activities.MainOverlayActivity: MBUX App Method: OnResume |Line No: 875 |Log Type: Information |Message: MainOverlayActivity OnResume called, _isActive : False _pos: 1
01-01 00:10:24.003  1534  1534 I BaseScreen|HMI_Common.Activities.MainOverlayActivity: MBUX App Method: UpdateHMI2LaunchedFlag |Line No: 1222 |Log Type: Critical |Message: UpdateHMI2LaunchedFlag() called isLaunched = False
01-01 00:10:24.003  1534  1534 I BaseScreen|HMI_Common.HMIBackend.SharedPreferences.SharedPrefBackend: MBUX App Method: UpdateHMI2LaunchedFlag |Line No: 93 |Log Type: Critical |Message: UpdateHMI2LaunchedFlag called isLaunched = False
01-01 00:10:24.003  1534  1534 I Connectivity|HMI_Common.Activities.MainOverlayActivity: MBUX App Method: RegisterEntertainmentSharingEvents |Line No: 296 |Log Type: Information |Message: BaseActivity is for MainOverlayActivity...registering for EntertainmentBackendEvents!!
01-01 00:10:24.003  1534  1534 I AudioManagement|HMI_Common.Activities.MainOverlayActivity: MBUX App Method: SubscribeEntertainmentSharingEvent |Line No: 31 |Log Type: Critical |Message: SetEntertainmentLister: True RegisterEntertainmentSharingEvents for ComponentInfo{com.daimler.rse.ntg6/md59d95dbab71941e137ef724fbceda5f0e.MainOverlayActivity}
01-01 00:10:24.003  1534  1534 I HomeScreen|HMI_Common.HMIBackend.CommonControlsBackend.BaseScreenBackend: MBUX App Method: IsAppKeepAliveSuccess |Line No: 775 |Log Type: Critical |Message: App Authentication Status : Checking keep alive status for : Player & status : True
01-01 00:10:24.004  1534  1534 I HomeScreen|HMI_Common.HMIBackend.CommonControlsBackend.BaseScreenBackend: MBUX App Method: IsAppKeepAliveSuccess |Line No: 775 |Log Type: Critical |Message: App Authentication Status : Checking keep alive status for : Tuner & status : True
01-01 00:10:24.004  1534  1534 I HomeScreen|HMI_Common.Activities.MainOverlayActivity: MBUX App Method: UpdateHomeScreenItemView |Line No: 207 |Log Type: Critical |Message: UpdateHomeScreenItemView : Item : Radio, mainImage : , subtitle : , leftShortIcon : Media, rightShorticon : Media, Current Audio Source : 
01-01 00:10:24.006  1534  1534 I HomeScreen|HMI_Common.Activities.MainOverlayActivity: MBUX App Method: HandleNaviEngineStatusChangedEvent |Line No: 787 |Log Type: Critical |Message: HandleNaviEngineStatusChangedEvent, naviEngineStatus : Stopped
01-01 00:10:24.007  1534  1534 I HomeScreen|HMI_Common.CustomComponents.MainOverlay.Adapters.OverlayItemAdapter: MBUX App Method: EnableFocusForAppropriateItem |Line No: 107 |Log Type: Information |Message: MainOverLayActivity, EnableFocusForAppropriateItem called for item : Settings, Call Trace :   at HMI_Common.CustomComponents.MainOverlay.Adapters.OverlayItemAdapter.EnableFocusForAppropriateItem (HMI_Common.CustomComponents.MainOverlay.Adapters.MainOverlayItems appropriateItem) [0x00000] in <f8fa5baf696a40f0aba99447f8842d83>:0 
01-01 00:10:24.007  1534  1534 I HomeScreen|HMI_Common.CustomComponents.MainOverlay.Adapters.OverlayItemAdapter:   at HMI_Common.Activities.MainOverlayActivity.OnResume () [0x00000] in <f8fa5baf696a40f0aba99447f8842d83>:0 
01-01 00:10:24.007  1534  1534 I HomeScreen|HMI_Common.CustomComponents.MainOverlay.Adapters.OverlayItemAdapter:   at Android.App.Activity.n_OnResume (System.IntPtr jnienv, System.IntPtr native__this) [0x00000] in <a978e35ae19444089185d9470330e432>:0 
01-01 00:10:24.007  1534  1534 I HomeScreen|HMI_Common.CustomComponents.MainOverlay.Adapters.OverlayItemAdapter:   at Android.Runtime.DynamicMethodNameCounter.18 (System.IntPtr , System.IntPtr ) [0x00000] in <a978e35ae19444089185d9470330e432>:0 
01-01 00:10:24.010  1137  2256 D WindowManager: addToDisplay >>> FLAG_FULLSCREEN set in WindowManager.LayoutParams
01-01 00:10:24.010  1137  2256 D WindowManager: startStatusReceiverServiceOnFlagSet: creating intent for action ACTION_ACTIVITY_FULLSCREEN
01-01 00:10:24.011  1137  2256 W ContextImpl: Calling a method in the system process without a qualified user: android.app.ContextImpl.startService:1476 com.android.server.wm.Session.startStatusReceiverServiceOnFlagSet:762 com.android.server.wm.Session.addToDisplay:214 android.view.IWindowSession$Stub.onTransact:124 com.android.server.wm.Session.onTransact:166 
01-01 00:10:24.011  1137  2256 D CompatibilityInfo: mCompatibilityFlags - 4
01-01 00:10:24.011  1137  2256 D CompatibilityInfo: applicationDensity - 240
01-01 00:10:24.011  1137  2256 D CompatibilityInfo: applicationScale - 1.0
01-01 00:10:24.012  1137  2256 D WindowManager: startStatusReceiverServiceOnFlagSet: startService done
01-01 00:10:24.015  1384  1384 W SYSTEM_UI: SWR_SYSTEM_UI_007|FUN=CollapsedStatusBarFragment::getAction |1|Broadcast action --> STATUS_UPDATE_ACTION
01-01 00:10:24.015  1384  1384 W SYSTEM_UI: SWR_SYSTEM_UI_007|FUN=CollapsedStatusBarFragment::getIntExtra |1|NotifySystemUpdates dataType --> 101
01-01 00:10:24.015  1384  1384 W SYSTEM_UI - CI07.3: className -> CollapsedStatusBarFragment | functionName -> NotifySystemUpdates | onReceive -->  | value -> FULLSCREEN MODE CHANGED | isFullScreenStatus --> true | fullScreenPackage -->com.daimler.rse.ntg6 | fullscreenLastShownPackage -->null | topActivityPackage --> com.daimler.rse.ntg6
01-01 00:10:24.015  1384  1384 W SYSTEM_UI - CI07.3: className -> CollapsedStatusBarFragment | functionName -> NotifySystemUpdates | onReceive -->  | value -> Fullscreen mode changed --> path 1
01-01 00:10:24.017  1384  1384 W SYSTEM_UI - CI07.3: className -> CollapsedStatusBarFragment | functionName -> NotifySystemUpdates | onReceive -->  | value -> Fullscreen mode changed --> path 3
01-01 00:10:24.036  1534  1534 I HomeScreen|HMI_Common.Fragments.MainOverlay.HomeScreenFragment: MBUX App Method: SetAppropriateImageResources |Line No: 921 |Log Type: Information |Message: SetAppropriateImageResources _receivedItems: Settings browserstate: True
01-01 00:10:24.036  1534  1534 I HomeScreen|HMI_Common.Fragments.MainOverlay.HomeScreenFragment: MBUX App Method: OnCreateView |Line No: 95 |Log Type: Critical |Message: HomeScreenFragment OnCreateView Called for item : Settings
01-01 00:10:24.043  1534  1534 I HomeScreen|HMI_Common.Fragments.MainOverlay.HomeScreenFragment: MBUX App Method: OnCreateView |Line No: 250 |Log Type: Information |Message: HomeScreenFragment OnCreateView finished for item : Settings
01-01 00:10:24.044  1534  1534 I HomeScreen|HMI_Common.Fragments.MainOverlay.HomeScreenFragment: MBUX App Method: OnViewCreated |Line No: 532 |Log Type: Information |Message: HomeScreenFragment OnViewCreated called for item : Settings
01-01 00:10:24.050  1534  1534 I HomeScreen|HMI_Common.Fragments.MainOverlay.HomeScreenFragment: MBUX App Method: SetAppropriateImageResources |Line No: 921 |Log Type: Information |Message: SetAppropriateImageResources _receivedItems: AppExit browserstate: True
01-01 00:10:24.051  1534  1534 I HomeScreen|HMI_Common.Fragments.MainOverlay.HomeScreenFragment: MBUX App Method: OnCreateView |Line No: 95 |Log Type: Critical |Message: HomeScreenFragment OnCreateView Called for item : AppExit
01-01 00:10:24.057  1534  1534 I HomeScreen|HMI_Common.Fragments.MainOverlay.HomeScreenFragment: MBUX App Method: OnCreateView |Line No: 250 |Log Type: Information |Message: HomeScreenFragment OnCreateView finished for item : AppExit
01-01 00:10:24.058  1534  1534 I HomeScreen|HMI_Common.Fragments.MainOverlay.HomeScreenFragment: MBUX App Method: OnViewCreated |Line No: 532 |Log Type: Information |Message: HomeScreenFragment OnViewCreated called for item : AppExit
01-01 00:10:24.064  1534  1534 I HomeScreen|HMI_Common.Fragments.MainOverlay.HomeScreenFragment: MBUX App Method: SetAppropriateImageResources |Line No: 921 |Log Type: Information |Message: SetAppropriateImageResources _receivedItems: RSEBrowserApps browserstate: True
01-01 00:10:24.065  1534  1534 I HomeScreen|HMI_Common.Fragments.MainOverlay.HomeScreenFragment: MBUX App Method: OnCreateView |Line No: 95 |Log Type: Critical |Message: HomeScreenFragment OnCreateView Called for item : RSEBrowserApps
01-01 00:10:24.071  1534  1534 I HomeScreen|HMI_Common.Fragments.MainOverlay.HomeScreenFragment: MBUX App Method: OnCreateView |Line No: 250 |Log Type: Information |Message: HomeScreenFragment OnCreateView finished for item : RSEBrowserApps
01-01 00:10:24.072  1534  1534 I HomeScreen|HMI_Common.Fragments.MainOverlay.HomeScreenFragment: MBUX App Method: OnViewCreated |Line No: 532 |Log Type: Information |Message: HomeScreenFragment OnViewCreated called for item : RSEBrowserApps
01-01 00:10:24.079  1534  1534 I HomeScreen|HMI_Common.Fragments.MainOverlay.HomeScreenFragment: MBUX App Method: SetAppropriateImageResources |Line No: 921 |Log Type: Information |Message: SetAppropriateImageResources _receivedItems: Comfort browserstate: True
01-01 00:10:24.079  1534  1534 I HomeScreen|HMI_Common.Fragments.MainOverlay.HomeScreenFragment: MBUX App Method: OnCreateView |Line No: 95 |Log Type: Critical |Message: HomeScreenFragment OnCreateView Called for item : Comfort
01-01 00:10:24.086  1534  1534 I HomeScreen|HMI_Common.Fragments.MainOverlay.HomeScreenFragment: MBUX App Method: OnCreateView |Line No: 250 |Log Type: Information |Message: HomeScreenFragment OnCreateView finished for item : Comfort
01-01 00:10:24.087  1534  1534 I HomeScreen|HMI_Common.Fragments.MainOverlay.HomeScreenFragment: MBUX App Method: OnViewCreated |Line No: 532 |Log Type: Information |Message: HomeScreenFragment OnViewCreated called for item : Comfort
01-01 00:10:24.094  1534  1534 I HomeScreen|HMI_Common.Fragments.MainOverlay.HomeScreenFragment: MBUX App Method: SetAppropriateImageResources |Line No: 921 |Log Type: Information |Message: SetAppropriateImageResources _receivedItems: Media browserstate: True
01-01 00:10:24.094  1534  1534 I HomeScreen|HMI_Common.HMIBackend.CommonControlsBackend.BaseScreenBackend: MBUX App Method: IsAppKeepAliveSuccess |Line No: 775 |Log Type: Critical |Message: App Authentication Status : Checking keep alive status for : Player & status : True
01-01 00:10:24.094  1534  1534 I HomeScreen|HMI_Common.Fragments.MainOverlay.HomeScreenFragment: MBUX App Method: SetMediaImageAsPerDrive |Line No: 1604 |Log Type: Information |Message: Home Screen SetMediaImageAsPerDrive : 
01-01 00:10:24.095  1534  1534 I HomeScreen|HMI_Common.Fragments.MainOverlay.HomeScreenFragment: MBUX App Method: OnCreateView |Line No: 95 |Log Type: Critical |Message: HomeScreenFragment OnCreateView Called for item : Media
01-01 00:10:24.095  1534  1534 I HomeScreen|HMI_Common.Fragments.MainOverlay.HomeScreenFragment: MBUX App Method: SetMediaImageAsPerDrive |Line No: 1604 |Log Type: Information |Message: Home Screen SetMediaImageAsPerDrive : 
01-01 00:10:24.095  1534  1534 I HomeScreen|HMI_Common.HMIBackend.CommonControlsBackend.BaseScreenBackend: MBUX App Method: IsTVCurrentSourcePlayedForMedia |Line No: 986 |Log Type: Information |Message: Basescreen backend IsTVCurrentSourcePlayedForMedia isTVPrevious : False
01-01 00:10:24.095  1534  1534 I HomeScreen|HMI_Common.Activities.MainOverlayActivity: MBUX App Method: IsTVSourceToBeHandled |Line No: 1649 |Log Type: Information |Message: IsTVSourceToBeHandled, IsPlayerCurrentStreamingSource() : False & IsTVPreviousStreamingSource() : False, RseMediaApplication.Instance.CurrentStreamingSource = Unknown, RseMediaApplication.Instance.PreviousStreamingSource = Unknown
01-01 00:10:24.095  1534  1534 I HomeScreen|HMI_Common.HMIBackend.CommonControlsBackend.BaseScreenBackend: MBUX App Method: IsTVCurrentSourcePlayedForMedia |Line No: 986 |Log Type: Information |Message: Basescreen backend IsTVCurrentSourcePlayedForMedia isTVPrevious : False
01-01 00:10:24.103  1534  1534 I HomeScreen|HMI_Common.Fragments.MainOverlay.HomeScreenFragment: MBUX App Method: OnCreateView |Line No: 250 |Log Type: Information |Message: HomeScreenFragment OnCreateView finished for item : Media
01-01 00:10:24.104  1534  1534 I HomeScreen|HMI_Common.Fragments.MainOverlay.HomeScreenFragment: MBUX App Method: OnViewCreated |Line No: 532 |Log Type: Information |Message: HomeScreenFragment OnViewCreated called for item : Media
01-01 00:10:24.111  1534  1534 I HomeScreen|HMI_Common.Fragments.MainOverlay.HomeScreenFragment: MBUX App Method: SetAppropriateImageResources |Line No: 921 |Log Type: Information |Message: SetAppropriateImageResources _receivedItems: Radio browserstate: True
01-01 00:10:24.111  1534  1534 I HomeScreen|HMI_Common.HMIBackend.CommonControlsBackend.BaseScreenBackend: MBUX App Method: IsAppKeepAliveSuccess |Line No: 775 |Log Type: Critical |Message: App Authentication Status : Checking keep alive status for : Tuner & status : True
01-01 00:10:24.111  1534  1534 I HomeScreen|HMI_Common.Fragments.MainOverlay.HomeScreenFragment: MBUX App Method: OnCreateView |Line No: 95 |Log Type: Critical |Message: HomeScreenFragment OnCreateView Called for item : Radio
01-01 00:10:24.112  1534  1534 I HomeScreen|HMI_Common.Fragments.MainOverlay.HomeScreenFragment: MBUX App Method: DisplayInitTunerView |Line No: 445 |Log Type: Information |Message: Homescreenfragment DisplayInitTunerView : isForBTPlayPause : False
01-01 00:10:24.113  1534  1534 I HomeScreen|HMI_Common.Fragments.MainOverlay.HomeScreenFragment: MBUX App Method: OnCreateView |Line No: 250 |Log Type: Information |Message: HomeScreenFragment OnCreateView finished for item : Radio
01-01 00:10:24.114  1534  1534 I HomeScreen|HMI_Common.Fragments.MainOverlay.HomeScreenFragment: MBUX App Method: OnViewCreated |Line No: 532 |Log Type: Information |Message: HomeScreenFragment OnViewCreated called for item : Radio
01-01 00:10:24.118  1137  1152 D WindowManager: relayout packageName=com.daimler.rse.ntg6::session=Session{6fd570a 1534:u0a10027}::window=android.view.IWindow$Stub$Proxy@4fc8b57::attrs.flags=81810500
01-01 00:10:24.118  1137  1152 D WindowManager: relayout >>> FLAG_FULLSCREEN set in WindowManager.LayoutParams
01-01 00:10:24.118  1137  1152 D WindowManager: startStatusReceiverServiceOnFlagSet: creating intent for action ACTION_ACTIVITY_FULLSCREEN
01-01 00:10:24.118  1137  1152 W ContextImpl: Calling a method in the system process without a qualified user: android.app.ContextImpl.startService:1476 com.android.server.wm.Session.startStatusReceiverServiceOnFlagSet:762 com.android.server.wm.Session.relayout:273 android.view.IWindowSession$Stub.onTransact:286 com.android.server.wm.Session.onTransact:166 
01-01 00:10:24.119  1137  1152 D CompatibilityInfo: mCompatibilityFlags - 4
01-01 00:10:24.119  1137  1152 D CompatibilityInfo: applicationDensity - 240
01-01 00:10:24.119  1137  1152 D CompatibilityInfo: applicationScale - 1.0
01-01 00:10:24.119  1137  1152 D WindowManager: startStatusReceiverServiceOnFlagSet: startService done
01-01 00:10:24.122  1384  1384 W SYSTEM_UI: SWR_SYSTEM_UI_007|FUN=CollapsedStatusBarFragment::getAction |1|Broadcast action --> STATUS_UPDATE_ACTION
01-01 00:10:24.122  1384  1384 W SYSTEM_UI: SWR_SYSTEM_UI_007|FUN=CollapsedStatusBarFragment::getIntExtra |1|NotifySystemUpdates dataType --> 101
01-01 00:10:24.122  1384  1384 W SYSTEM_UI - CI07.3: className -> CollapsedStatusBarFragment | functionName -> NotifySystemUpdates | onReceive -->  | value -> FULLSCREEN MODE CHANGED | isFullScreenStatus --> true | fullScreenPackage -->com.daimler.rse.ntg6 | fullscreenLastShownPackage -->null | topActivityPackage --> com.daimler.rse.ntg6
01-01 00:10:24.122  1384  1384 W SYSTEM_UI - CI07.3: className -> CollapsedStatusBarFragment | functionName -> NotifySystemUpdates | onReceive -->  | value -> Fullscreen mode changed --> path 1
01-01 00:10:24.130  1384  1384 W SYSTEM_UI - CI07.3: className -> CollapsedStatusBarFragment | functionName -> NotifySystemUpdates | onReceive -->  | value -> Fullscreen mode changed --> path 3
01-01 00:10:24.139  1534  1534 I HomeScreen|HMI_Common.Fragments.MainOverlay.HomeScreenFragment: MBUX App Method: SetAppropriateImageResources |Line No: 921 |Log Type: Information |Message: SetAppropriateImageResources _receivedItems: AppExit browserstate: True
01-01 00:10:24.139  1534  1534 I HomeScreen|HMI_Common.Fragments.MainOverlay.HomeScreenFragment: MBUX App Method: SetAppropriateImageResources |Line No: 921 |Log Type: Information |Message: SetAppropriateImageResources _receivedItems: Settings browserstate: True
01-01 00:10:24.171  1384  1454 D CommandQueue: animate_trace: appTransitionStarting; duration=0;hardcoded forced=false to false
01-01 00:10:24.181  1137  1152 D WindowManager: relayout packageName=com.panasonic.hmi2settings::session=Session{3959dbd 3823:1000}::window=android.view.IWindow$Stub$Proxy@651932d::attrs.flags=null
01-01 00:10:24.181  1137  1152 D WindowManager: relayout >>> FLAG_FULLSCREEN not set in WindowManager.LayoutParams
01-01 00:10:24.181  1137  1152 D WindowManager: startStatusReceiverServiceOnFlagSet: creating intent for action ACTION_ACTIVITY_FULLSCREEN
01-01 00:10:24.181  1137  1152 W ContextImpl: Calling a method in the system process without a qualified user: android.app.ContextImpl.startService:1476 com.android.server.wm.Session.startStatusReceiverServiceOnFlagSet:762 com.android.server.wm.Session.relayout:276 android.view.IWindowSession$Stub.onTransact:286 com.android.server.wm.Session.onTransact:166 
01-01 00:10:24.182  1384  1454 D CommandQueue: animate_trace: appTransitionFinished
01-01 00:10:24.182  1137  1152 D CompatibilityInfo: mCompatibilityFlags - 4
01-01 00:10:24.182  1137  1152 D CompatibilityInfo: applicationDensity - 240
01-01 00:10:24.182  1137  1152 D CompatibilityInfo: applicationScale - 1.0
01-01 00:10:24.184  1137  1152 D WindowManager: startStatusReceiverServiceOnFlagSet: startService done
01-01 00:10:24.185  1137  1178 I ActivityManager: Displayed com.daimler.rse.ntg6/md59d95dbab71941e137ef724fbceda5f0e.MainOverlayActivity: +327ms
01-01 00:10:24.189  1137  1178 E ANDR-PERF-JNI: Iop tryGetService failed
01-01 00:10:24.190  1384  1384 W SYSTEM_UI: SWR_SYSTEM_UI_007|FUN=CollapsedStatusBarFragment::getAction |1|Broadcast action --> STATUS_UPDATE_ACTION
01-01 00:10:24.190  1384  1384 W SYSTEM_UI: SWR_SYSTEM_UI_007|FUN=CollapsedStatusBarFragment::getIntExtra |1|NotifySystemUpdates dataType --> 101
01-01 00:10:24.190  1384  1384 W SYSTEM_UI - CI07.3: className -> CollapsedStatusBarFragment | functionName -> NotifySystemUpdates | onReceive -->  | value -> FULLSCREEN MODE CHANGED | isFullScreenStatus --> false | fullScreenPackage -->com.panasonic.hmi2settings | fullscreenLastShownPackage -->null | topActivityPackage --> com.daimler.rse.ntg6
01-01 00:10:24.190  1384  1384 W SYSTEM_UI - CI07.3: className -> CollapsedStatusBarFragment | functionName -> NotifySystemUpdates | onReceive -->  | value -> Fullscreen mode changed --> path 0
01-01 00:10:24.192  1137  1166 D ActivityTrigger: ActivityTrigger activityStopTrigger 
01-01 00:10:24.202  1384  1384 D PanelBar: status_line: collapsePanel entered. forced animate to false
01-01 00:10:24.202  1384  1384 V PanelView: com.android.systemui:id/notification_panel: setExpandedHeight(0.0)
01-01 00:10:24.203  1384  1384 D PanelBar: status_line: panelExpansionChanged: start state=0
01-01 00:10:24.203  1384  1384 D PanelBar: status_line: panelExpansionChanged: end state=0 [ fullyClosed ]
01-01 00:10:24.203  1384  1384 D PhoneStatusBarView: status_line: panelExpansionChanged
01-01 00:10:24.203  1384  1384 D PanelBar: status_line: collapsePanel: animate=false waiting=false
01-01 00:10:24.205  3823  3823 V Activity: onStop com.panasonic.hmi2settings.activity.WifiActivity@f5d06ee
01-01 00:10:24.206  3823  3823 V Activity: onDestroy com.panasonic.hmi2settings.activity.WifiActivity@f5d06ee
01-01 00:10:24.206  3823  3823 W HMI2-SETTINGS - CI08.4: className -> BaseActivity | functionName -> onDestroy | value -> onDestroy
01-01 00:10:24.206  3823  3823 W HMI2-SETTINGS - CI08.4: className -> WifiActivity | functionName -> onDestroy | value -> onDestroy
01-01 00:10:24.208  1137  1152 D WindowManager: relayout packageName=com.daimler.rse.ntg6::session=Session{6fd570a 1534:u0a10027}::window=android.view.IWindow$Stub$Proxy@2e13529::attrs.flags=null
01-01 00:10:24.209  1137  1152 D WindowManager: relayout >>> FLAG_FULLSCREEN not set in WindowManager.LayoutParams
01-01 00:10:24.209  1137  1152 D WindowManager: startStatusReceiverServiceOnFlagSet: creating intent for action ACTION_ACTIVITY_FULLSCREEN
01-01 00:10:24.211  1137  3838 I Adreno  : QUALCOMM build                   : 9d62f6f, I5487d0ba86
01-01 00:10:24.211  1137  3838 I Adreno  : Build Date                       : 12/04/18
01-01 00:10:24.211  1137  3838 I Adreno  : OpenGL ES Shader Compiler Version: EV031.23.07.00
01-01 00:10:24.211  1137  3838 I Adreno  : Local Branch                     : mybranche8f7aab8-e3d5-f199-b20b-5cb90179c3d8
01-01 00:10:24.211  1137  3838 I Adreno  : Remote Branch                    : quic/LA.HB.1.1.5_rb1.30
01-01 00:10:24.211  1137  3838 I Adreno  : Remote Branch                    : NONE
01-01 00:10:24.211  1137  3838 I Adreno  : Reconstruct Branch               : NOTHING
01-01 00:10:24.213  1137  1152 W ContextImpl: Calling a method in the system process without a qualified user: android.app.ContextImpl.startService:1476 com.android.server.wm.Session.startStatusReceiverServiceOnFlagSet:762 com.android.server.wm.Session.relayout:276 android.view.IWindowSession$Stub.onTransact:286 com.android.server.wm.Session.onTransact:166 
01-01 00:10:24.220  1137  3838 I Adreno  : PFP: 0x005ff110, ME: 0x005ff066
01-01 00:10:24.222  1137  3838 I system_server: android::hardware::configstore::V1_0::ISurfaceFlingerConfigs::hasWideColorDisplay retrieved: 0
01-01 00:10:24.223  1137  3838 I OpenGLRenderer: Initialized EGL, version 1.4
01-01 00:10:24.223  1137  3838 D OpenGLRenderer: Swap behavior 2
01-01 00:10:24.232  1384  1384 D PanelBar: status_line: collapsePanel entered. forced animate to false
01-01 00:10:24.233  1384  1384 V PanelView: com.android.systemui:id/notification_panel: setExpandedHeight(0.0)
01-01 00:10:24.233  1384  1384 D PanelBar: status_line: panelExpansionChanged: start state=0
01-01 00:10:24.233  1384  1384 D PanelBar: status_line: panelExpansionChanged: end state=0 [ fullyClosed ]
01-01 00:10:24.233  1384  1384 D PhoneStatusBarView: status_line: panelExpansionChanged
01-01 00:10:24.234  1384  1384 D PanelBar: status_line: collapsePanel: animate=false waiting=false
01-01 00:10:24.236  1137  1152 D CompatibilityInfo: mCompatibilityFlags - 4
01-01 00:10:24.236  1137  1152 D CompatibilityInfo: applicationDensity - 240
01-01 00:10:24.236  1137  1152 D CompatibilityInfo: applicationScale - 1.0
01-01 00:10:24.236  1137  1152 D WindowManager: startStatusReceiverServiceOnFlagSet: startService done
01-01 00:10:24.240  3823  3823 V Activity: onTrimMemory com.panasonic.hmi2settings.activity.WifiManagerActivity@200cf74: 80
01-01 00:10:24.245  1534  1534 V Activity: back_button: onSaveInstanceState entry:com.daimler.rse.ntg6.StartUpActivity@cb06ed1
01-01 00:10:24.245  1534  1534 V Activity: onSaveInstanceState com.daimler.rse.ntg6.StartUpActivity@cb06ed1: Bundle[{android:viewHierarchyState=Bundle[{android:views={16908290=android.view.AbsSavedState$1@23b599f, 2131296938=android.view.AbsSavedState$1@23b599f, 2131296939=android.view.AbsSavedState$1@23b599f, 2131296940=android.view.AbsSavedState$1@23b599f, 2131296941=android.view.AbsSavedState$1@23b599f, 2131296942=android.view.AbsSavedState$1@23b599f, 2131296943=android.view.AbsSavedState$1@23b599f, 2131297551=android.view.AbsSavedState$1@23b599f}}], android:lastAutofillId=1073741823, android:fragments=android.app.FragmentManagerState@9b368a5}]
01-01 00:10:24.246  1534  1534 I Connectivity|HMI_Common.Activities.StartUpActivity: MBUX App Method: OnStop |Line No: 235 |Log Type: Information |Message: StartUpActivity OnStop
01-01 00:10:24.246  1534  1534 V Activity: onStop com.daimler.rse.ntg6.StartUpActivity@cb06ed1
01-01 00:10:24.265  1384  1384 W SYSTEM_UI: SWR_SYSTEM_UI_007|FUN=CollapsedStatusBarFragment::getAction |1|Broadcast action --> STATUS_UPDATE_ACTION
01-01 00:10:24.265  1384  1384 W SYSTEM_UI: SWR_SYSTEM_UI_007|FUN=CollapsedStatusBarFragment::getIntExtra |1|NotifySystemUpdates dataType --> 101
01-01 00:10:24.265  1384  1384 W SYSTEM_UI - CI07.3: className -> CollapsedStatusBarFragment | functionName -> NotifySystemUpdates | onReceive -->  | value -> FULLSCREEN MODE CHANGED | isFullScreenStatus --> false | fullScreenPackage -->com.daimler.rse.ntg6 | fullscreenLastShownPackage -->null | topActivityPackage --> com.daimler.rse.ntg6
01-01 00:10:24.265  1384  1384 W SYSTEM_UI - CI07.3: className -> CollapsedStatusBarFragment | functionName -> NotifySystemUpdates | onReceive -->  | value -> Fullscreen mode changed --> path 5
01-01 00:10:24.293  1943  1943 D LCMANDR : SWR_OOB_HV_MF_009|FUN=LifeCycleManagerService::getDAIAppAlivenessStatus|Aliveness:: DAIAPP HB DIFF = 2 [ DaimlerAppHBCounter ] = 237[ DaimlerAppHBCounterOld ] = 235
01-01 00:10:24.293  1943  1943 I LCMANDR : SWR_OOB_HV_MF_009|FUN=LifeCycleManagerService::getDAIAppAlivenessStatus|Aliveness::ANDROID HB IS VALID... setting OLD VAL, and resetting Fail Counter
01-01 00:10:24.296  1943  1943 I LCMANDR : SWR_OOB_HV_MF_009|FUN=LifeCycleManagerService::getDAIPID|DAIMLER APP(com.daimler.rse.ntg6) PID is [ 1534 ]
01-01 00:10:24.296  1943  1943 I LCMANDR : SWR_OOB_HV_MF_009|FUN=LifeCycleManagerService::getDAIAPPStatus|Aliveness::SAME PID! DAIAPP is not restarted
01-01 00:10:24.296  1943  1943 W LCMANDR : SWR_OOB_HV_MF_009|FUN=LifeCycleManagerService::getDAIAppAlivenessStatus|Aliveness::Status to send id : ALIVE
01-01 00:10:24.296  1943  1943 D LCMANDR : SWR_OOB_HV_MF_005|FUN=LifeCycleManagerService::sendPacketToLnx|data = [B@c2f4860
01-01 00:10:24.296  1943  1943 D LCMANDR : SWR_OOB_HV_MF_009|FUN=LifeCycleManagerService::postAppsStatusInfo|Setting AppPacket info
01-01 00:10:24.296  1943  1943 I LCMANDR : SWR_OOB_HV_MF_009|FUN=AlivenessMonitoring::getRunningApps| packet sent
01-01 00:10:24.296  1943  1975 D LCMANDR : SWR_OOB_HV_MF_010|FUN=LifeCycleManagerService::RseNodeStateManagement|SEND_IGC_CB
01-01 00:10:24.296  1943  1975 I LCMANDR : SWR_OOB_HV_MF_005|FUN=LifeCycleManagerService::igcsendData|Call hit in RSENodeStateManagement::igcsendData
01-01 00:10:24.296  1943  1975 I LCMANDR : SWR_OOB_HV_MF_005|FUN=LifeCycleManagerService::igcsendData|SEND DATA LEN is : 15
01-01 00:10:24.296  1943  1975 I LCMANDR : SWR_OOB_HV_MF_007|FUN=LifeCycleManagerService::sendPacketFromIntentService|Package to send : [ 65, 0, 0, 0, 9, 0, 2, 0, 1, 0, 5, 65, 65, 0, 0, ]
01-01 00:10:24.296  1943  1975 I IGC     :  IGC::sendData ==> [ 65, 0, 0, 0, 9, 0, 2, 0, 1, 0, 5, 65, 65, 0, 0,  ]
01-01 00:10:24.296  1943  1975 I IGC     :  Igc::sendData data size is :: 15
01-01 00:10:24.296  1943  1975 D         : Enqueue: sem count = 1
01-01 00:10:24.296  1943  1975 I LCMANDR : SWR_OOB_HV_MF_007|FUN=LifeCycleManagerService::sendPacketFromIntentService|Sending Data to Linux is successful( [65, 0, 0, 0, 9, 0, 2, 0, 1, 0, 5, 65, 65, 0, 0] )
01-01 00:10:24.297  1943  1975 I LCMANDR : SWR_OOB_HV_MF_005|FUN=LifeCycleManagerService::igcsendData| DATA SEND SUCCESSFULLY 
01-01 00:10:24.663   753   762 I sssv-lib: sendMsg enter
01-01 00:10:24.663   753   762 I sssv-lib: sendMsg complete.
01-01 00:10:24.794  4630  4669 D UIAutomatorStub: URI: /jsonrpc/0, Method: POST, Header: {content-length=102, remote-addr=127.0.0.1, http-client-ip=127.0.0.1, host=localhost:9011, content-type=application/json, connection=close, accept-encoding=identity, user-agent=Python-urllib/2.7}, params, {NanoHttpd.QUERY_STRING=null}, files: {postData={"params": ["home"], "jsonrpc": "2.0", "method": "pressKey", "id": "525755b7d237ed1fc34e2156a3386c80"}}
01-01 00:10:24.801  1384  1384 W StatusBar: animate_trace: animateCollapsePanels entry: flags=0: force=false
01-01 00:10:24.802  1137  1268 I ActivityManager: START u0 {act=android.intent.action.MAIN cat=[android.intent.category.HOME] flg=0x10200000 cmp=com.daimler.rse.ntg6/.StartUpActivity (has extras)} from uid 1000
01-01 00:10:24.804  1137  1268 D ActivityTrigger: ActivityTrigger activityPauseTrigger 
01-01 00:10:24.805  1534  1534 V Activity: onPause md59d95dbab71941e137ef724fbceda5f0e.MainOverlayActivity@8ab018e
01-01 00:10:24.809  1137  1268 D ActivityTrigger: activityResumeTrigger: The activity in ApplicationInfo{1ca3a4e com.daimler.rse.ntg6} is now in focus and seems to be in full-screen mode
01-01 00:10:24.810  1137  1268 E ActivityTrigger: activityResumeTrigger: not whiteListedcom.daimler.rse.ntg6/com.daimler.rse.ntg6.StartUpActivity/5
01-01 00:10:24.815  1137  1152 D ActivityTrigger: activityResumeTrigger: The activity in ApplicationInfo{1ca3a4e com.daimler.rse.ntg6} is now in focus and seems to be in full-screen mode
01-01 00:10:24.815  1137  1152 E ActivityTrigger: activityResumeTrigger: not whiteListedcom.daimler.rse.ntg6/com.daimler.rse.ntg6.StartUpActivity/5
01-01 00:10:24.823  1534  1534 I Connectivity|HMI_Common.Activities.StartUpActivity: MBUX App Method: OnNewIntent |Line No: 252 |Log Type: Information |Message: OnNewIntent: Intent::android.intent.action.MAIN
01-01 00:10:24.825  1534  1534 I Connectivity|HMI_Common.Activities.StartUpActivity: MBUX App Method: OnStart |Line No: 228 |Log Type: Information |Message: StartUpActivity OnStart
01-01 00:10:24.825  1534  1534 V Activity: onStart com.daimler.rse.ntg6.StartUpActivity@cb06ed1
01-01 00:10:24.825  1534  1534 I Connectivity|HMI_Common.Activities.StartUpActivity: MBUX App Method: OnResume |Line No: 266 |Log Type: Information |Message: StartUpActivity: OnResume()
01-01 00:10:24.826  1534  1534 I Connectivity|HMI_Common.Activities.StartUpActivity: MBUX App Method: OnResume |Line No: 271 |Log Type: Information |Message: Launching MainOverlay Activity in Demo mode
01-01 00:10:24.827  1137  2366 I ActivityManager: START u0 {cmp=com.daimler.rse.ntg6/md59d95dbab71941e137ef724fbceda5f0e.MainOverlayActivity} from uid 10027
01-01 00:10:24.828   635   635 E ANDR-PERF-TARGET: Error: Invalid logical cluster id 0
01-01 00:10:24.828   635   635 E ANDR-PERF-MPCTL: invalid request, no optimizations performed
01-01 00:10:24.831  1137  2366 D ActivityTrigger: activityStartTrigger: Activity is Triggerred in full screen ApplicationInfo{40b82d2 com.daimler.rse.ntg6}
01-01 00:10:24.831  1137  2366 E ActivityTrigger: activityStartTrigger: not whiteListedcom.daimler.rse.ntg6/md59d95dbab71941e137ef724fbceda5f0e.MainOverlayActivity/5
01-01 00:10:24.831  1137  2366 D CompatibilityInfo: mCompatibilityFlags - 4
01-01 00:10:24.831  1137  2366 D CompatibilityInfo: applicationDensity - 240
01-01 00:10:24.831  1137  2366 D CompatibilityInfo: applicationScale - 1.0
01-01 00:10:24.832  1137  2366 D ActivityTrigger: activityResumeTrigger: The activity in ApplicationInfo{40b82d2 com.daimler.rse.ntg6} is now in focus and seems to be in full-screen mode
01-01 00:10:24.832  1137  2366 E ActivityTrigger: activityResumeTrigger: not whiteListedcom.daimler.rse.ntg6/md59d95dbab71941e137ef724fbceda5f0e.MainOverlayActivity/5
01-01 00:10:24.832  1137  2366 D ActivityTrigger: ActivityTrigger activityPauseTrigger 
01-01 00:10:24.837  1534  1534 V Activity: onResume com.daimler.rse.ntg6.StartUpActivity@cb06ed1
01-01 00:10:24.839  1137  2366 D CompatibilityInfo: mCompatibilityFlags - 4
01-01 00:10:24.839  1137  2366 D CompatibilityInfo: applicationDensity - 240
01-01 00:10:24.839  1137  2366 D CompatibilityInfo: applicationScale - 1.0
01-01 00:10:24.840  1534  1534 D Activity: onStart: startService done
01-01 00:10:24.843  1137  1595 D WindowManager: relayout packageName=com.daimler.rse.ntg6::session=Session{6fd570a 1534:u0a10027}::window=android.view.IWindow$Stub$Proxy@7f1c786::attrs.flags=null
01-01 00:10:24.843  1137  1595 D WindowManager: relayout >>> FLAG_FULLSCREEN not set in WindowManager.LayoutParams
01-01 00:10:24.843  1137  1595 D WindowManager: startStatusReceiverServiceOnFlagSet: creating intent for action ACTION_ACTIVITY_FULLSCREEN
01-01 00:10:24.843  1137  1595 W ContextImpl: Calling a method in the system process without a qualified user: android.app.ContextImpl.startService:1476 com.android.server.wm.Session.startStatusReceiverServiceOnFlagSet:762 com.android.server.wm.Session.relayout:276 android.view.IWindowSession$Stub.onTransact:286 com.android.server.wm.Session.onTransact:166 
01-01 00:10:24.844  1137  1595 D WindowManager: startStatusReceiverServiceOnFlagSet: startService done
01-01 00:10:24.847  1384  1384 W SYSTEM_UI: SWR_SYSTEM_UI_007|FUN=CollapsedStatusBarFragment::getAction |1|Broadcast action --> STATUS_UPDATE_ACTION
01-01 00:10:24.848  1384  1384 W SYSTEM_UI: SWR_SYSTEM_UI_007|FUN=CollapsedStatusBarFragment::getIntExtra |1|NotifySystemUpdates dataType --> 100
01-01 00:10:24.848  1384  1384 W SYSTEM_UI: SWR_SYSTEM_UI_006|FUN=CollapsedStatusBarFragment::NotifySystemUpdates | onReceive --> |1|TOP ACTIVITY CHANGED | package --> com.daimler.rse.ntg6 | class --> com.daimler.rse.ntg6.StartUpActivity
01-01 00:10:24.848  1384  1384 W SYSTEM_UI - CI07.3: className -> CollapsedStatusBarFragment | functionName -> NotifySystemUpdates | onReceive -->  | value -> TOP ACTIVITY CHANGED | package --> com.daimler.rse.ntg6 | class --> com.daimler.rse.ntg6.StartUpActivity
01-01 00:10:24.849  1384  1384 W SYSTEM_UI: SWR_SYSTEM_UI_007|FUN=CollapsedStatusBarFragment::getAction |1|Broadcast action --> STATUS_UPDATE_ACTION
01-01 00:10:24.849  1384  1384 W SYSTEM_UI: SWR_SYSTEM_UI_007|FUN=CollapsedStatusBarFragment::getIntExtra |1|NotifySystemUpdates dataType --> 101
01-01 00:10:24.849  1384  1384 W SYSTEM_UI - CI07.3: className -> CollapsedStatusBarFragment | functionName -> NotifySystemUpdates | onReceive -->  | value -> FULLSCREEN MODE CHANGED | isFullScreenStatus --> false | fullScreenPackage -->com.daimler.rse.ntg6 | fullscreenLastShownPackage -->null | topActivityPackage --> com.daimler.rse.ntg6
01-01 00:10:24.849  1384  1384 W SYSTEM_UI - CI07.3: className -> CollapsedStatusBarFragment | functionName -> NotifySystemUpdates | onReceive -->  | value -> Fullscreen mode changed --> path 5
01-01 00:10:24.855  1534  1534 I Connectivity|HMI_Common.Activities.StartUpActivity: MBUX App Method: OnPause |Line No: 242 |Log Type: Information |Message: StartUpActivity: OnPause()
01-01 00:10:24.855  1534  1534 V Activity: onPause com.daimler.rse.ntg6.StartUpActivity@cb06ed1
01-01 00:10:24.857  1137  1595 D ActivityTrigger: activityResumeTrigger: The activity in ApplicationInfo{40b82d2 com.daimler.rse.ntg6} is now in focus and seems to be in full-screen mode
01-01 00:10:24.857  1137  1595 E ActivityTrigger: activityResumeTrigger: not whiteListedcom.daimler.rse.ntg6/md59d95dbab71941e137ef724fbceda5f0e.MainOverlayActivity/5
01-01 00:10:24.859  1137  1595 D CompatibilityInfo: mCompatibilityFlags - 4
01-01 00:10:24.859  1137  1595 D CompatibilityInfo: applicationDensity - 240
01-01 00:10:24.859  1137  1595 D CompatibilityInfo: applicationScale - 1.0
01-01 00:10:24.888  1534  1534 V Activity: onCreate md59d95dbab71941e137ef724fbceda5f0e.MainOverlayActivity@99dee46: null
01-01 00:10:24.889  1534  1534 I HomeScreen|HMI_Common.Activities.MainOverlayActivity: MBUX App Method: OnCreate |Line No: 105 |Log Type: Critical |Message: Device Language : en_GB
01-01 00:10:24.889  1534  1534 I HomeScreen|HMI_Common.Activities.MainOverlayActivity: MBUX App Method: OnCreate |Line No: 106 |Log Type: Critical |Message: LanguageEnglish
01-01 00:10:24.890  1534  1534 I HomeScreen|HMI_Common.Activities.MainOverlayActivity: MBUX App Method: OnCreate |Line No: 117 |Log Type: Critical |Message: App-theme successfully changed to AppTheme
01-01 00:10:24.890  1534  1534 I HomeScreen|HMI_Common.Activities.MainOverlayActivity: MBUX App Method: OnCreate |Line No: 121 |Log Type: Critical |Message: Base Activity onCreate Called
01-01 00:10:24.919  1534  1534 I BaseScreen|HMI_Common.Activities.MainOverlayActivity: MBUX App Method: UpdateHMI2LaunchedFlag |Line No: 1222 |Log Type: Critical |Message: UpdateHMI2LaunchedFlag() called isLaunched = False
01-01 00:10:24.919  1534  1534 I BaseScreen|HMI_Common.HMIBackend.SharedPreferences.SharedPrefBackend: MBUX App Method: UpdateHMI2LaunchedFlag |Line No: 93 |Log Type: Critical |Message: UpdateHMI2LaunchedFlag called isLaunched = False
01-01 00:10:24.919  1534  1534 I AirCondition|HMI_Common.HMIBackend.ClimateBackend.AirConditionBackend: MBUX App Method: Initialize |Line No: 77 |Log Type: Information |Message: Climate in Demo Mode
01-01 00:10:24.919  1534  1534 I ParentalControl|HMI_Common.HMIBackend.ParentalControl.ParentalControlBackend: MBUX App Method: .ctor |Line No: 47 |Log Type: Critical |Message: ParentalControl Backend Constructor Called.
01-01 00:10:24.919  1534  1534 I VolumeControl|HMI_Common.HMIBackend.VolumeControl.VolumeControlBackend: MBUX App Method: .ctor |Line No: 51 |Log Type: Critical |Message: VolumeControlBackend VolumeControlBackend() called 
01-01 00:10:24.926  1534  1534 I BaseScreen|HMI_Common.Activities.MainOverlayActivity: MBUX App Method: LastStoredMediaVolume |Line No: 1198 |Log Type: Critical |Message: LastStoredMediaVolume() called
01-01 00:10:24.928  1534  1534 I BaseScreen|HMI_Common.Activities.MainOverlayActivity: MBUX App Method: IsRseRebooted |Line No: 1190 |Log Type: Critical |Message: IsRseRebooted() called
01-01 00:10:24.928  1534  1534 I VolumeControl|HMI_Common.Activities.MainOverlayActivity: MBUX App Method: initBtHeadsetSeekbarProgress |Line No: 292 |Log Type: Information |Message: VolumeControl initBtHeadsetSeekbarProgress() called,  MediaMaxVolume = 15 currentMediaVolume = 0 isRseRebooted = False comfortMinLevel = 0 comfortMaxLevel = 0
01-01 00:10:24.929  1534  1534 I VolumeControl|HMI_Common.Activities.MainOverlayActivity: MBUX App Method: intializeVolumeLevel |Line No: 337 |Log Type: Information |Message: VolumeControl intializeVolumeLevel() called, isDemoMode == True
01-01 00:10:24.933  1534  1534 I HomeScreen|HMI_Common.Activities.MainOverlayActivity: MBUX App Method: HandleClimateControlsVisibility |Line No: 324 |Log Type: Information |Message: md59d95dbab71941e137ef724fbceda5f0e.MainOverlayActivity@99dee46 BaseActivity.statusLine HandleClimateControlsVisibility isViewVisible : True
01-01 00:10:24.934  1534  1534 I HomeScreen|HMI_Common.Activities.MainOverlayActivity: MBUX App Method: OnCreate |Line No: 130 |Log Type: Information |Message: MainOverlayActivity onCreate Started after initializing all common components
01-01 00:10:24.934  1534  1534 I BaseScreen|HMI_Common.Activities.MainOverlayActivity: MBUX App Method: UpdateHMI2LaunchedFlag |Line No: 1222 |Log Type: Critical |Message: UpdateHMI2LaunchedFlag() called isLaunched = False
01-01 00:10:24.934  1534  1534 I BaseScreen|HMI_Common.HMIBackend.SharedPreferences.SharedPrefBackend: MBUX App Method: UpdateHMI2LaunchedFlag |Line No: 93 |Log Type: Critical |Message: UpdateHMI2LaunchedFlag called isLaunched = False
01-01 00:10:24.935  1534  1534 I BaseScreen|HMI_Common.Activities.MainOverlayActivity: MBUX App Method: GetHMI2LaunchedFlag |Line No: 1231 |Log Type: Critical |Message: UpdateSharedPrefForRseRebooted() called
01-01 00:10:24.935  1534  1534 I HomeScreen|HMI_Common.Activities.MainOverlayActivity: MBUX App Method: InitScreenOnOffEvents |Line No: 1850 |Log Type: Critical |Message: InitScreenOnOffEvents called : HMI2 Launched : False
01-01 00:10:24.935  1534  1534 I BaseScreen|HMI_Common.Activities.MainOverlayActivity: MBUX App Method: GetHMI2LaunchedFlag |Line No: 1231 |Log Type: Critical |Message: UpdateSharedPrefForRseRebooted() called
01-01 00:10:24.935  1534  1534 I HomeScreen|HMI_Common.Activities.MainOverlayActivity: MBUX App Method: RemoveScreenOnOffEvents |Line No: 1909 |Log Type: Critical |Message: RemoveScreenOnOffEvents called : HMI2 Launched : False
01-01 00:10:24.941  1534  4673 I VolumeControl|HMI_Common.Activities.MainOverlayActivity+BluetoothHeadsetStateBroadcast: MBUX App Method: OnReceive |Line No: 1953 |Log Type: Critical |Message: MainOverlayActivity BroadcastReceived Action : android.intent.action.HEADSET_PLUG
01-01 00:10:24.943  1534  1534 I HomeScreen|HMI_Common.HMIBackend.CommonControlsBackend.BaseScreenBackend: MBUX App Method: IsAppKeepAliveSuccess |Line No: 775 |Log Type: Critical |Message: App Authentication Status : Checking keep alive status for : Player & status : True
01-01 00:10:24.943  1534  1534 I HomeScreen|HMI_Common.HMIBackend.CommonControlsBackend.BaseScreenBackend: MBUX App Method: IsAppKeepAliveSuccess |Line No: 775 |Log Type: Critical |Message: App Authentication Status : Checking keep alive status for : Tuner & status : True
01-01 00:10:24.945  1534  1534 I Connectivity_AIDL|AIDL_Handler.Utils.AidlSharedPref: MBUX App Method: IsChinaVariant |Line No: 424 |Log Type: Critical |Message: IsChinaVariant: True
01-01 00:10:24.945  1534  1534 I HomeScreen|HMI_Common.Activities.MainOverlayActivity: MBUX App Method: GetMainOverlayItemsList |Line No: 483 |Log Type: Critical |Message: IsChinaVarinat :  True  Application Box added to List
01-01 00:10:24.947  1534  4673 I VolumeControl|HMI_Common.Activities.MainOverlayActivity: MBUX App Method: HandleBluetoothSeekbar |Line No: 891 |Log Type: Critical |Message: VolumeControl HandleBluetoothSeekbar() Called :: isAnyWirelessHeadsetConnected = False isAnyWiredHeadsetConnected = True
01-01 00:10:24.953  1534  1534 I HomeScreen|HMI_Common.Activities.MainOverlayActivity: MBUX App Method: OnCreate |Line No: 191 |Log Type: Critical |Message: MainOverLayActivity, oncreated, LastViewedItem : None
01-01 00:10:24.955  1534  1534 I HomeScreen|HMI_Common.Activities.MainOverlayActivity: MBUX App Method: OnStart |Line No: 338 |Log Type: Information |Message: OnStart() BaseActivity
01-01 00:10:24.955  1534  1534 V Activity: onStart md59d95dbab71941e137ef724fbceda5f0e.MainOverlayActivity@99dee46
01-01 00:10:24.957  1534  1534 V Activity: onResume md59d95dbab71941e137ef724fbceda5f0e.MainOverlayActivity@99dee46
01-01 00:10:24.960  1137  1595 D CompatibilityInfo: mCompatibilityFlags - 4
01-01 00:10:24.960  1137  1595 D CompatibilityInfo: applicationDensity - 240
01-01 00:10:24.960  1137  1595 D CompatibilityInfo: applicationScale - 1.0
01-01 00:10:24.961  1534  1534 D Activity: onStart: startService done
01-01 00:10:24.961  1534  1534 I HomeScreen|HMI_Common.Activities.MainOverlayActivity: MBUX App Method: OnResume |Line No: 240 |Log Type: Information |Message: BaseActivity OnResume called
01-01 00:10:24.964  1384  1384 W SYSTEM_UI: SWR_SYSTEM_UI_007|FUN=CollapsedStatusBarFragment::getAction |1|Broadcast action --> STATUS_UPDATE_ACTION
01-01 00:10:24.964  1384  1384 W SYSTEM_UI: SWR_SYSTEM_UI_007|FUN=CollapsedStatusBarFragment::getIntExtra |1|NotifySystemUpdates dataType --> 100
01-01 00:10:24.964  1534  1534 I VolumeControl|HMI_Common.HMIBackend.VolumeControl.VolumeControlBackend: MBUX App Method: GetEntertainmentVolumeGroupStatus |Line No: 215 |Log Type: Critical |Message: VolumeControlBackend GetEntertainmentVolumeGroupStatus() called VolumeControlApplication Instance ==  
01-01 00:10:24.964  1384  1384 W SYSTEM_UI: SWR_SYSTEM_UI_006|FUN=CollapsedStatusBarFragment::NotifySystemUpdates | onReceive --> |1|TOP ACTIVITY CHANGED | package --> com.daimler.rse.ntg6 | class --> md59d95dbab71941e137ef724fbceda5f0e.MainOverlayActivity
01-01 00:10:24.964  1384  1384 W SYSTEM_UI - CI07.3: className -> CollapsedStatusBarFragment | functionName -> NotifySystemUpdates | onReceive -->  | value -> TOP ACTIVITY CHANGED | package --> com.daimler.rse.ntg6 | class --> md59d95dbab71941e137ef724fbceda5f0e.MainOverlayActivity
01-01 00:10:24.964  1534  1534 I VolumeControl|HMI_Common.HMIBackend.VolumeControl.VolumeControlBackend: MBUX App Method: GetEntertainmentVolumeGroupStatus |Line No: 220 |Log Type: Critical |Message: VolumeControlBackend GetEntertainmentVolumeGroupStatus() ::: VolumeControlApplication Instance is Null - Volume Control Functionality will not work!!!!!!!
01-01 00:10:24.964  1534  1534 I VolumeControl|HMI_Common.Activities.MainOverlayActivity: MBUX App Method: GetCurrentForegroundVolumeGroup |Line No: 1377 |Log Type: Critical |Message: VolumeControl GetCurrentForegroundVolumeGroup Called : VolumeControlBackend Instance = HMI_Common.HMIBackend.VolumeControl.VolumeControlBackend isEntertainmentInForeground = False
01-01 00:10:24.965  1534  1534 I BaseScreen|HMI_Common.Activities.MainOverlayActivity: MBUX App Method: EnableAppropriateView |Line No: 810 |Log Type: Information |Message: BaseActivity EnableAppropriateView() Called  isViewEnabled = True desiredView = android.widget.ImageView{1387ade VFED..C.. ......I. 0,0-0,0 #7f090561 app:id/VolumePanelImageView}
01-01 00:10:24.965  1534  1534 I HomeScreen|HMI_Common.Activities.MainOverlayActivity: MBUX App Method: HandleMediaStatusChangedEvent |Line No: 368 |Log Type: Critical |Message: MainOverlayActivity, HandleMediaStatusChangedEvent: MediumStatus : Idle, MediumType : HardDisk & Drive Status : PlayableFiles
01-01 00:10:24.965  1534  1534 I VolumeControl|HMI_Common.Activities.MainOverlayActivity: MBUX App Method: HandleSendToCabinAudioVisibility |Line No: 451 |Log Type: Information |Message: VolumeControl HandleSendToCabinAudioVisibility() Called
01-01 00:10:24.965  1534  1534 I VolumeControl|HMI_Common.Activities.MainOverlayActivity: MBUX App Method: HandleSendToCabinAudioVisibility |Line No: 458 |Log Type: Information |Message: VolumeControl HandleSendToCabinAudioVisibility() isPlayerCurrentStreamingSource = False
01-01 00:10:24.965  1534  1534 I HomeScreen|HMI_Common.Activities.MainOverlayActivity: MBUX App Method: HandleSendToCabinAudioVisibility |Line No: 479 |Log Type: Information |Message: VolumeControl handleSendToCabinAudioVisibility:TV or Tuner ready
01-01 00:10:24.966  1534  1534 I HomeScreen|HMI_Common.HMIBackend.CommonControlsBackend.BaseScreenBackend: MBUX App Method: IsTVCurrentSourcePlayedForMedia |Line No: 986 |Log Type: Information |Message: Basescreen backend IsTVCurrentSourcePlayedForMedia isTVPrevious : False
