01-01 00:09:05.010  1534  1534 V Activity: onSaveInstanceState com.daimler.rse.ntg6.StartUpActivity@cb06ed1: Bundle[{android:viewHierarchyState=Bundle[{android:views={16908290=android.view.AbsSavedState$1@23b599f, 2131296938=android.view.AbsSavedState$1@23b599f, 2131296939=android.view.AbsSavedState$1@23b599f, 2131296940=android.view.AbsSavedState$1@23b599f, 2131296941=android.view.AbsSavedState$1@23b599f, 2131296942=android.view.AbsSavedState$1@23b599f, 2131296943=android.view.AbsSavedState$1@23b599f, 2131297551=android.view.AbsSavedState$1@23b599f}}], android:lastAutofillId=1073741823, android:fragments=android.app.FragmentManagerState@908e3c}]
01-01 00:09:05.010  1534  1534 I Connectivity|HMI_Common.Activities.StartUpActivity: MBUX App Method: OnStop |Line No: 235 |Log Type: Information |Message: StartUpActivity OnStop
01-01 00:09:05.011  1534  1534 V Activity: onStop com.daimler.rse.ntg6.StartUpActivity@cb06ed1
01-01 00:09:05.020  3823  3823 V Activity: onStop com.panasonic.hmi2settings.activity.WifiActivity@56a6711
01-01 00:09:05.020  1384  1384 D PanelBar: status_line: collapsePanel entered. forced animate to false
01-01 00:09:05.021  1384  1384 V PanelView: com.android.systemui:id/notification_panel: setExpandedHeight(0.0)
01-01 00:09:05.021  1384  1384 D PanelBar: status_line: panelExpansionChanged: start state=0
01-01 00:09:05.021  1384  1384 D PanelBar: status_line: panelExpansionChanged: end state=0 [ fullyClosed ]
01-01 00:09:05.021  1384  1384 D PhoneStatusBarView: status_line: panelExpansionChanged
01-01 00:09:05.022  1384  1384 D PanelBar: status_line: collapsePanel: animate=false waiting=false
01-01 00:09:05.024  3823  3823 V Activity: onDestroy com.panasonic.hmi2settings.activity.WifiActivity@56a6711
01-01 00:09:05.024  3823  3823 W HMI2-SETTINGS - CI08.4: className -> BaseActivity | functionName -> onDestroy | value -> onDestroy
01-01 00:09:05.024  3823  3823 W HMI2-SETTINGS - CI08.4: className -> WifiActivity | functionName -> onDestroy | value -> onDestroy
01-01 00:09:05.029  1384  1384 W SYSTEM_UI: SWR_SYSTEM_UI_007|FUN=CollapsedStatusBarFragment::getAction |1|Broadcast action --> STATUS_UPDATE_ACTION
01-01 00:09:05.029  1384  1384 W SYSTEM_UI: SWR_SYSTEM_UI_007|FUN=CollapsedStatusBarFragment::getIntExtra |1|NotifySystemUpdates dataType --> 101
01-01 00:09:05.029  1384  1384 W SYSTEM_UI - CI07.3: className -> CollapsedStatusBarFragment | functionName -> NotifySystemUpdates | onReceive -->  | value -> FULLSCREEN MODE CHANGED | isFullScreenStatus --> false | fullScreenPackage -->com.daimler.rse.ntg6 | fullscreenLastShownPackage -->null | topActivityPackage --> com.daimler.rse.ntg6
01-01 00:09:05.029  1384  1384 W SYSTEM_UI - CI07.3: className -> CollapsedStatusBarFragment | functionName -> NotifySystemUpdates | onReceive -->  | value -> Fullscreen mode changed --> path 5
01-01 00:09:05.046  3823  3823 V Activity: onTrimMemory com.panasonic.hmi2settings.activity.WifiManagerActivity@200cf74: 80
01-01 00:09:05.083  1384  1414 W MediaPlayer-JNI: MediaPlayer finalized without being released
01-01 00:09:05.112  1137  1152 D CompatibilityInfo: mCompatibilityFlags - 4
01-01 00:09:05.112  1137  1152 D CompatibilityInfo: applicationDensity - 240
01-01 00:09:05.112  1137  1152 D CompatibilityInfo: applicationScale - 1.0
01-01 00:09:05.113  2158  2158 D HMI_SERVICE: USE_CASE_NA|FUN=StoragedJobIntentService::onCreate|1|init
01-01 00:09:05.119  2158  3151 D HMI_SERVICE: USE_CASE_NA|FUN=StoragedJobIntentService::onHandleIntent|1|ACTION_MONITOR_APPS
01-01 00:09:05.119  2158  3151 I HMI_SERVICE: USE_CASE_NA|FUN=StoragedJobIntentService::onHandleIntent|1|msg:storageType:64totalWriteValue371974144
01-01 00:09:05.119  2158  3151 D HMI_SERVICE: USE_CASE_NA|FUN=StoragedJobIntentService::initMonitorApps|1|init
01-01 00:09:05.120  2158  3151 D HMI_SERVICE: USE_CASE_NA|FUN=EmmcUtils::getAppUid|1|uid:10027
01-01 00:09:05.120  2158  3151 D HMI_SERVICE: USE_CASE_NA|FUN=EmmcUtils::getAppUid|1|uid:10033
01-01 00:09:05.122  2726  2742 W ANDR_PERSISTENCY_CLIENT: SWR_PERSISTENCE_HV_LA_MF_0003|FUN=VCPUPersistenceService::executeLinuxCommand|0| init 
01-01 00:09:05.123  2726  2742 W ContextImpl: Calling a method in the system process without a qualified user: android.app.ContextImpl.startService:1476 android.content.ContextWrapper.startService:650 com.panasonic.dairse.vcpupersistence.VCPUPersistenceService$1.executeLinuxCommand:392 com.panasonic.dairse.vcpupersistence.IVCPUPersistenceService$Stub.onTransact:437 android.os.Binder.execTransact:706 
01-01 00:09:05.125  1137  1152 D CompatibilityInfo: mCompatibilityFlags - 4
01-01 00:09:05.125  1137  1152 D CompatibilityInfo: applicationDensity - 240
01-01 00:09:05.125  1137  1152 D CompatibilityInfo: applicationScale - 1.0
01-01 00:09:05.128  2726  4543 W ANDR_PERSISTENCY_CLIENT: SWR_PERSISTENCE_HV_LA_MF_0004|FUN=UT_VCPUService:: onHandleIntent |2| [action] 16
01-01 00:09:05.128  2726  4543 W ANDR_PERSISTENCY_CLIENT: SWR_PERSISTENCE_HV_LA_MF_0003|FUN=PersConnHandler:: executeLinuxCommand |2| [id] execute_procedure
01-01 00:09:05.129  2726  4543 W ANDR_PERSISTENCY_CLIENT: SWR_PERSISTENCE_HV_LA_MF_0005|FUN=TCPHandler:: getInstance |2|msg: invoked 
01-01 00:09:05.129  2726  4543 W ANDR_PERSISTENCY_CLIENT: SWR_PERSISTENCE_HV_LA_MF_0005|FUN=TCPHandler::sendWriteRequestToPersistenceLinux|2|key= 0commandKey= 5 data= [99, 97, 116, 32, 47, 112, 114, 111, 99, 47, 100, 105, 115, 107, 115, 116, 97, 116, 115]
01-01 00:09:05.129  2726  4543 W ANDR_PERSISTENCY_CLIENT: SWR_PERSISTENCE_HV_LA_MF_0005|FUN=TCPHandler:: getUID |2|msg: invoked 
01-01 00:09:05.129  2726  4543 W ANDR_PERSISTENCY_CLIENT: SWR_PERSISTENCE_HV_LA_MF_0005|FUN=TCPHandler:: setAction |2|msg:setAction=1
01-01 00:09:05.129  2726  4543 W ANDR_PERSISTENCY_CLIENT: SWR_PERSISTENCE_HV_LA_MF_0005|FUN=TCPHandler:: setUID |2|msg:uid=-42
01-01 00:09:05.129  2726  4543 W ANDR_PERSISTENCY_CLIENT: SWR_PERSISTENCE_HV_LA_MF_0005|FUN=TCPHandler:: setKey |2|msg:uid=-42
01-01 00:09:05.129  2726  4543 W ANDR_PERSISTENCY_CLIENT: SWR_PERSISTENCE_HV_LA_MF_0005|FUN=TCPHandler::setCommandKey|2|msg:commandKey=5
01-01 00:09:05.129  2726  4543 W ANDR_PERSISTENCY_CLIENT: SWR_PERSISTENCE_HV_LA_MF_0005|FUN=TCPHandler::sendWriteRequestToPersistenceLinux|2|listKey=-42_5;keyString=0x00;key=0;command=cat /proc/diskstats
01-01 00:09:05.129  2726  2778 W ANDR_PERSISTENCY_CLIENT: SWR_PERSISTENCE_HV_LA_MF_0005|FUN=TCPHandler:: getAction |2|msg:getAction=1
01-01 00:09:05.129  2726  2778 W ANDR_PERSISTENCY_CLIENT: SWR_PERSISTENCE_HV_LA_MF_0005|FUN=TCPHandler:: sender:ACTION_REQUEST |2|msg:condition 
01-01 00:09:05.130  2726  2778 W ANDR_PERSISTENCY_CLIENT: SWR_PERSISTENCE_HV_LA_MF_0005|FUN=TCPHandler:: getWrappedData |2|msg: msg com.panasonic.dairse.vcpupersistence.TCPHandler$Message@2919334
01-01 00:09:05.130  2726  2778 W ANDR_PERSISTENCY_CLIENT: SWR_PERSISTENCE_HV_LA_MF_0005|FUN=TCPHandler::getCommandKey|2|msg:commandKey=5
01-01 00:09:05.130  2726  2778 W ANDR_PERSISTENCY_CLIENT: SWR_PERSISTENCE_HV_LA_MF_0005|FUN=TCPHandler:: intToBytes |2| data 19
01-01 00:09:05.130  2726  2778 W ANDR_PERSISTENCY_CLIENT: SWR_PERSISTENCE_HV_LA_MF_0005|FUN=TCPHandler:: intToBytes |2| data 31
01-01 00:09:05.130  2726  2778 W ANDR_PERSISTENCY_CLIENT: SWR_PERSISTENCE_HV_LA_MF_0005|FUN=TCPHandler:: getUID |2|msg:uid=-42
01-01 00:09:05.130  2726  2778 W ANDR_PERSISTENCY_CLIENT: SWR_PERSISTENCE_HV_LA_MF_0005|FUN=TCPHandler::start|2|msg:sender::msg=[0, 0, 0, 31, 1, -42, 5, 4, 48, 120, 48, 48, 0, 0, 0, 19, 99, 97, 116, 32, 47, 112, 114, 111, 99, 47, 100, 105, 115, 107, 115, 116, 97, 116, 115]
01-01 00:09:05.130  2726  2778 W ANDR_PERSISTENCY_CLIENT: SWR_PERSISTENCE_HV_LA_MF_0005|FUN=TCPHandler:: sender : Thread.interrupted() |2|msg:condition 
01-01 00:09:05.136  2158  2158 D HMI_SERVICE: USE_CASE_NA|FUN=StoragedJobIntentService::onDestroy|1|init
01-01 00:09:05.139  2726  2779 W ANDR_PERSISTENCY_CLIENT: SWR_PERSISTENCE_HV_LA_MF_0005|FUN=TCPHandler::start|2|msg:receiver::run: size of totalLength 4
01-01 00:09:05.140  2726  2779 W ANDR_PERSISTENCY_CLIENT: SWR_PERSISTENCE_HV_LA_MF_0005|FUN=TCPHandler::start|2|msg:receiver::run: totalLength is > 0
01-01 00:09:05.140  2726  2779 W ANDR_PERSISTENCY_CLIENT: SWR_PERSISTENCE_HV_LA_MF_0005|FUN=TCPHandler::start|2|msg:receiver::response length= 3820
01-01 00:09:05.141  2726  2779 W ANDR_PERSISTENCY_CLIENT: SWR_PERSISTENCE_HV_LA_MF_0005|FUN=TCPHandler::handleInBoundData|2|message=[0, -42, 5, 0, 0, 0, 14, -28, 32, 50, 53, 51, 32, 32, 32, 32, 32, 32, 32, 48, 32, 122, 114, 97, 109, 48, 32, 48, 32, 48, 32, 48, 32, 48, 32, 48, 32, 48, 32, 48, 32, 48, 32, 48, 32, 48, 32, 48, 10, 32, 50, 53, 51, 32, 32, 32, 32, 32, 32, 32, 49, 32, 122, 114, 97, 109, 49, 32, 48, 32, 48, 32, 48, 32, 48, 32, 48, 32, 48, 32, 48, 32, 48, 32, 48, 32, 48, 32, 48, 10, 32, 50, 53, 51, 32, 32, 32, 32, 32, 32, 32, 50, 32, 122, 114, 97, 109, 50, 32, 48, 32, 48, 32, 48, 32, 48, 32, 48, 32, 48, 32, 48, 32, 48, 32, 48, 32, 48, 32, 48, 10, 32, 50, 53, 51, 32, 32, 32, 32, 32, 32, 32, 51, 32, 122, 114, 97, 109, 51, 32, 48, 32, 48, 32, 48, 32, 48, 32, 48, 32, 48, 32, 48, 32, 48, 32, 48, 32, 48, 32, 48, 10, 32, 49, 55, 57, 32, 32, 32, 32, 32, 32, 32, 48, 32, 109, 109, 99, 98, 108, 107, 48, 32, 49, 52, 51, 54, 52, 32, 50, 56, 57, 32, 51, 53, 48, 53, 56, 51, 57, 32, 50, 48, 57, 54, 52, 32, 57, 50, 53, 54, 32, 49, 50, 49, 57, 49, 50, 32, 51, 51, 54, 55, 55, 50, 32, 49, 52, 54, 50, 48, 32, 49, 32, 50, 48, 55, 56, 52, 32, 51, 53, 53, 52, 48, 10, 32, 49, 55, 57, 32, 32, 32, 32, 32, 32, 32, 49, 32, 109, 109, 99, 98, 108, 107, 48, 112, 49, 32, 49, 32, 48, 32, 49, 54, 32, 48, 32, 48, 32, 48, 32, 48, 32, 48, 32, 48, 32, 48, 32, 48, 10, 32, 49, 55, 57, 32, 32, 32, 32, 32, 32, 32, 50, 32, 109, 109, 99, 98, 108, 107, 48, 112, 50, 32, 57, 32, 48, 32, 52, 54, 52, 32, 52, 32, 48, 32, 48, 32, 48, 32, 48, 32, 48, 32, 52, 32, 52, 10, 32, 49, 55, 57, 32, 32, 32, 32, 32, 32, 32, 51, 32, 109, 109, 99, 98, 108, 107, 48, 112, 51, 32, 57, 32, 48, 32, 52, 54, 52, 32, 56, 32, 48, 32, 48, 32, 48, 32, 48, 32, 48, 32, 56, 32, 56, 10, 32, 49, 55, 57, 32, 32, 32, 32, 32, 32, 32, 52, 32, 109, 109, 99, 98, 108, 107, 48, 112, 52, 32, 50, 51, 32, 48, 32, 51, 56, 48, 56, 32, 50, 48, 32, 48, 32, 48, 32, 48, 32, 48, 32, 48, 32, 49, 54, 32, 50, 48, 10, 32, 49, 55, 57, 32, 32, 32, 32, 32, 32, 32, 53, 32, 109, 109, 99, 98, 108, 107, 48, 112, 53, 32, 49, 54, 32, 48, 32, 53, 55, 54, 32, 52, 32, 51, 32, 48, 32, 50, 52, 32, 52, 32, 48, 32, 56, 32, 56, 10, 32, 49, 55, 57, 32, 32, 32, 32, 32, 32, 32, 54, 32, 109, 109, 99, 98, 108, 107, 48, 112, 54, 32, 49, 51, 32, 48, 32, 52, 57, 54, 32, 48, 32, 54, 32, 48, 32, 52, 56, 32, 48, 32, 48, 32, 48, 32, 48, 10, 32, 49, 55, 57, 32, 32, 32, 32, 32, 32, 32, 55, 32, 109, 109, 99, 98, 108, 107, 48, 112, 55, 32, 49, 54, 32, 48, 32, 49, 50, 56, 32, 48, 32, 48, 32, 48, 32, 48, 32, 48, 32, 48, 32, 48, 32, 48, 10, 32, 49, 55, 57, 32, 32, 32, 32, 32, 32, 32, 56, 32, 109, 109, 99, 98, 108, 107, 48, 112, 56, 32, 49, 48, 32, 48, 32, 52, 55, 50, 32, 56, 32, 48, 32, 48, 32, 48, 32, 48, 32, 48, 32, 52, 32, 56, 10, 32, 49, 55, 57, 32, 32, 32, 32, 32, 32, 32, 57, 32, 109, 109, 99, 98, 108, 107, 48, 112, 57, 32, 55, 53, 32, 48, 32, 56, 53, 56, 32, 51, 50, 32, 48, 32, 48, 32, 48, 32, 48, 32, 48, 32, 49, 54, 32, 51, 50, 10, 32, 49, 55, 57, 32, 32, 32, 32, 32, 32, 49, 48, 32, 109, 109, 99, 98, 108, 107, 48, 112, 49, 48, 32, 49, 48, 32, 48, 32, 52, 55, 50, 32, 52, 32, 48, 32, 48, 32, 48, 32, 48, 32, 48, 32, 52, 32, 52, 10, 32, 49, 55, 57, 32, 32, 32, 32, 32, 32, 49, 49, 32, 109, 109, 99, 98, 108, 107, 48, 112, 49, 49, 32, 49, 32, 48, 32, 56, 32, 52, 32, 48, 32, 48, 32, 48, 32, 48, 32, 48, 32, 52, 32, 52, 10, 32, 49, 55, 57, 32, 32, 32, 32, 32, 32, 49, 50, 32, 109, 109, 99, 98, 108, 107, 48, 112, 49, 50, 32, 51, 48, 32, 48, 32, 50, 52, 48, 32, 52, 32, 48, 32, 48, 32, 48, 32, 48, 32, 48, 32, 48, 32, 48, 10, 32, 49, 55, 57, 32, 32, 32, 32, 32, 32, 49, 51, 32, 109, 109, 99, 98, 108, 107, 48, 112, 49, 51, 32, 51, 48, 32, 48, 32, 50, 52, 48, 32, 49, 50, 32, 48, 32, 48, 32, 48, 32, 48, 32, 48, 32, 49, 50, 32, 49, 50, 10, 32, 49, 55, 57, 32, 32, 32, 32, 32, 32, 49, 52, 32, 109, 109, 99, 98, 108, 107, 48, 112, 49, 52, 32, 51, 48, 32, 48, 32, 50, 52, 48, 32, 48, 32, 48, 32, 48, 32, 48, 32, 48, 32, 48, 32, 48, 32, 48, 10, 32, 49, 55, 57, 32, 32, 32, 32, 32, 32, 49, 53, 32, 109, 109, 99, 98, 108, 107, 48, 112, 49, 53, 32, 51, 48, 32, 48, 32, 50, 52, 48,
01-01 00:09:05.141  2726  2779 W ANDR_PERSISTENCY_CLIENT: SWR_PERSISTENCE_HV_LA_MF_0005|FUN=TCPHandler::handleInBoundData|2|msg:response listKey=-42_5
01-01 00:09:05.141  2726  2779 W ANDR_PERSISTENCY_CLIENT: SWR_PERSISTENCE_HV_LA_MF_0005|FUN=TCPHandler::handleInBoundData|2|msg:TCPHandler.handleInBoundData success response=0
01-01 00:09:05.142  2726  2779 W ANDR_PERSISTENCY_CLIENT: SWR_PERSISTENCE_HV_LA_MF_0005|FUN=TCPHandler::handleInBoundData|2|msg: containsKey ListKey
01-01 00:09:05.143  2726  2779 W ANDR_PERSISTENCY_CLIENT: SWR_PERSISTENCE_HV_LA_MF_0005|FUN=TCPHandler::sendResponseToSettings|2|message=[0, -42, 5, 0, 0, 0, 14, -28, 32, 50, 53, 51, 32, 32, 32, 32, 32, 32, 32, 48, 32, 122, 114, 97, 109, 48, 32, 48, 32, 48, 32, 48, 32, 48, 32, 48, 32, 48, 32, 48, 32, 48, 32, 48, 32, 48, 32, 48, 10, 32, 50, 53, 51, 32, 32, 32, 32, 32, 32, 32, 49, 32, 122, 114, 97, 109, 49, 32, 48, 32, 48, 32, 48, 32, 48, 32, 48, 32, 48, 32, 48, 32, 48, 32, 48, 32, 48, 32, 48, 10, 32, 50, 53, 51, 32, 32, 32, 32, 32, 32, 32, 50, 32, 122, 114, 97, 109, 50, 32, 48, 32, 48, 32, 48, 32, 48, 32, 48, 32, 48, 32, 48, 32, 48, 32, 48, 32, 48, 32, 48, 10, 32, 50, 53, 51, 32, 32, 32, 32, 32, 32, 32, 51, 32, 122, 114, 97, 109, 51, 32, 48, 32, 48, 32, 48, 32, 48, 32, 48, 32, 48, 32, 48, 32, 48, 32, 48, 32, 48, 32, 48, 10, 32, 49, 55, 57, 32, 32, 32, 32, 32, 32, 32, 48, 32, 109, 109, 99, 98, 108, 107, 48, 32, 49, 52, 51, 54, 52, 32, 50, 56, 57, 32, 51, 53, 48, 53, 56, 51, 57, 32, 50, 48, 57, 54, 52, 32, 57, 50, 53, 54, 32, 49, 50, 49, 57, 49, 50, 32, 51, 51, 54, 55, 55, 50, 32, 49, 52, 54, 50, 48, 32, 49, 32, 50, 48, 55, 56, 52, 32, 51, 53, 53, 52, 48, 10, 32, 49, 55, 57, 32, 32, 32, 32, 32, 32, 32, 49, 32, 109, 109, 99, 98, 108, 107, 48, 112, 49, 32, 49, 32, 48, 32, 49, 54, 32, 48, 32, 48, 32, 48, 32, 48, 32, 48, 32, 48, 32, 48, 32, 48, 10, 32, 49, 55, 57, 32, 32, 32, 32, 32, 32, 32, 50, 32, 109, 109, 99, 98, 108, 107, 48, 112, 50, 32, 57, 32, 48, 32, 52, 54, 52, 32, 52, 32, 48, 32, 48, 32, 48, 32, 48, 32, 48, 32, 52, 32, 52, 10, 32, 49, 55, 57, 32, 32, 32, 32, 32, 32, 32, 51, 32, 109, 109, 99, 98, 108, 107, 48, 112, 51, 32, 57, 32, 48, 32, 52, 54, 52, 32, 56, 32, 48, 32, 48, 32, 48, 32, 48, 32, 48, 32, 56, 32, 56, 10, 32, 49, 55, 57, 32, 32, 32, 32, 32, 32, 32, 52, 32, 109, 109, 99, 98, 108, 107, 48, 112, 52, 32, 50, 51, 32, 48, 32, 51, 56, 48, 56, 32, 50, 48, 32, 48, 32, 48, 32, 48, 32, 48, 32, 48, 32, 49, 54, 32, 50, 48, 10, 32, 49, 55, 57, 32, 32, 32, 32, 32, 32, 32, 53, 32, 109, 109, 99, 98, 108, 107, 48, 112, 53, 32, 49, 54, 32, 48, 32, 53, 55, 54, 32, 52, 32, 51, 32, 48, 32, 50, 52, 32, 52, 32, 48, 32, 56, 32, 56, 10, 32, 49, 55, 57, 32, 32, 32, 32, 32, 32, 32, 54, 32, 109, 109, 99, 98, 108, 107, 48, 112, 54, 32, 49, 51, 32, 48, 32, 52, 57, 54, 32, 48, 32, 54, 32, 48, 32, 52, 56, 32, 48, 32, 48, 32, 48, 32, 48, 10, 32, 49, 55, 57, 32, 32, 32, 32, 32, 32, 32, 55, 32, 109, 109, 99, 98, 108, 107, 48, 112, 55, 32, 49, 54, 32, 48, 32, 49, 50, 56, 32, 48, 32, 48, 32, 48, 32, 48, 32, 48, 32, 48, 32, 48, 32, 48, 10, 32, 49, 55, 57, 32, 32, 32, 32, 32, 32, 32, 56, 32, 109, 109, 99, 98, 108, 107, 48, 112, 56, 32, 49, 48, 32, 48, 32, 52, 55, 50, 32, 56, 32, 48, 32, 48, 32, 48, 32, 48, 32, 48, 32, 52, 32, 56, 10, 32, 49, 55, 57, 32, 32, 32, 32, 32, 32, 32, 57, 32, 109, 109, 99, 98, 108, 107, 48, 112, 57, 32, 55, 53, 32, 48, 32, 56, 53, 56, 32, 51, 50, 32, 48, 32, 48, 32, 48, 32, 48, 32, 48, 32, 49, 54, 32, 51, 50, 10, 32, 49, 55, 57, 32, 32, 32, 32, 32, 32, 49, 48, 32, 109, 109, 99, 98, 108, 107, 48, 112, 49, 48, 32, 49, 48, 32, 48, 32, 52, 55, 50, 32, 52, 32, 48, 32, 48, 32, 48, 32, 48, 32, 48, 32, 52, 32, 52, 10, 32, 49, 55, 57, 32, 32, 32, 32, 32, 32, 49, 49, 32, 109, 109, 99, 98, 108, 107, 48, 112, 49, 49, 32, 49, 32, 48, 32, 56, 32, 52, 32, 48, 32, 48, 32, 48, 32, 48, 32, 48, 32, 52, 32, 52, 10, 32, 49, 55, 57, 32, 32, 32, 32, 32, 32, 49, 50, 32, 109, 109, 99, 98, 108, 107, 48, 112, 49, 50, 32, 51, 48, 32, 48, 32, 50, 52, 48, 32, 52, 32, 48, 32, 48, 32, 48, 32, 48, 32, 48, 32, 48, 32, 48, 10, 32, 49, 55, 57, 32, 32, 32, 32, 32, 32, 49, 51, 32, 109, 109, 99, 98, 108, 107, 48, 112, 49, 51, 32, 51, 48, 32, 48, 32, 50, 52, 48, 32, 49, 50, 32, 48, 32, 48, 32, 48, 32, 48, 32, 48, 32, 49, 50, 32, 49, 50, 10, 32, 49, 55, 57, 32, 32, 32, 32, 32, 32, 49, 52, 32, 109, 109, 99, 98, 108, 107, 48, 112, 49, 52, 32, 51, 48, 32, 48, 32, 50, 52, 48, 32, 48, 32, 48, 32, 48, 32, 48, 32, 48, 32, 48, 32, 48, 32, 48, 10, 32, 49, 55, 57, 32, 32, 32, 32, 32, 32, 49, 53, 32, 109, 109, 99, 98, 108, 107, 48, 112, 49, 53, 32, 51, 48, 32, 48, 32, 50, 52
01-01 00:09:05.143  2726  2779 W ANDR_PERSISTENCY_CLIENT: SWR_PERSISTENCE_HV_LA_MF_0005|FUN=TCPHandler::sendResponseToSettings|2|;success=truelength 3820
01-01 00:09:05.143  2726  2779 W ANDR_PERSISTENCY_CLIENT: SWR_PERSISTENCE_HV_LA_MF_0005|FUN=TCPHandler::sendResponseToSettings|2| length>8
01-01 00:09:05.143  2726  2779 W ANDR_PERSISTENCY_CLIENT: SWR_PERSISTENCE_HV_LA_MF_0005|FUN=TCPHandler:: bytesToInt |2| data [B@306bed2
01-01 00:09:05.143  2726  2779 W ANDR_PERSISTENCY_CLIENT: SWR_PERSISTENCE_HV_LA_MF_0005|FUN=TCPHandler::sendResponseToSettings|2| dataLength 3812
01-01 00:09:05.143  2726  2779 W ANDR_PERSISTENCY_CLIENT: SWR_PERSISTENCE_HV_LA_MF_0005|FUN=TCPHandler::sendResponseToSettings|2| dataLength > 0 
01-01 00:09:05.143  2726  2779 W ANDR_PERSISTENCY_CLIENT: SWR_PERSISTENCE_HV_LA_MF_0005|FUN=TCPHandler::sendResponseToSettings|2| dataLength [B@6f6ba3
01-01 00:09:05.143  2726  2779 W ANDR_PERSISTENCY_CLIENT: SWR_PERSISTENCE_HV_LA_MF_0005|FUN=TCPHandler::sendResponseToSettings 2|2|msg:dataString= 253       0 zram0 0 0 0 0 0 0 0 0 0 0 0
01-01 00:09:05.143  2726  2779 W ANDR_PERSISTENCY_CLIENT:  253       1 zram1 0 0 0 0 0 0 0 0 0 0 0
01-01 00:09:05.143  2726  2779 W ANDR_PERSISTENCY_CLIENT:  253       2 zram2 0 0 0 0 0 0 0 0 0 0 0
01-01 00:09:05.143  2726  2779 W ANDR_PERSISTENCY_CLIENT:  253       3 zram3 0 0 0 0 0 0 0 0 0 0 0
01-01 00:09:05.143  2726  2779 W ANDR_PERSISTENCY_CLIENT:  179       0 mmcblk0 14364 289 3505839 20964 9256 121912 336772 14620 1 20784 35540
01-01 00:09:05.143  2726  2779 W ANDR_PERSISTENCY_CLIENT:  179       1 mmcblk0p1 1 0 16 0 0 0 0 0 0 0 0
01-01 00:09:05.143  2726  2779 W ANDR_PERSISTENCY_CLIENT:  179       2 mmcblk0p2 9 0 464 4 0 0 0 0 0 4 4
01-01 00:09:05.143  2726  2779 W ANDR_PERSISTENCY_CLIENT:  179       3 mmcblk0p3 9 0 464 8 0 0 0 0 0 8 8
01-01 00:09:05.143  2726  2779 W ANDR_PERSISTENCY_CLIENT:  179       4 mmcblk0p4 23 0 3808 20 0 0 0 0 0 16 20
01-01 00:09:05.143  2726  2779 W ANDR_PERSISTENCY_CLIENT:  179       5 mmcblk0p5 16 0 576 4 3 0 24 4 0 8 8
01-01 00:09:05.143  2726  2779 W ANDR_PERSISTENCY_CLIENT:  179       6 mmcblk0p6 13 0 496 0 6 0 48 0 0 0 0
01-01 00:09:05.143  2726  2779 W ANDR_PERSISTENCY_CLIENT:  179       7 mmcblk0p7 16 0 128 0 0 0 0 0 0 0 0
01-01 00:09:05.143  2726  2779 W ANDR_PERSISTENCY_CLIENT:  179       8 mmcblk0p8 10 0 472 8 0 0 0 0 0 4 8
01-01 00:09:05.143  2726  2779 W ANDR_PERSISTENCY_CLIENT:  179       9 mmcblk0p9 75 0 858 32 0 0 0 0 0 16 32
01-01 00:09:05.143  2726  2779 W ANDR_PERSISTENCY_CLIENT:  179      10 mmcblk0p10 10 0 472 4 0 0 0 0 0 4 4
01-01 00:09:05.143  2726  2779 W ANDR_PERSISTENCY_CLIENT:  179      11 mmcblk0p11 1 0 8 4 0 0 0 0 0 4 4
01-01 00:09:05.143  2726  2779 W ANDR_PERSISTENCY_CLIENT:  179      12 mmcblk0p12 30 0 240 4 0 0 0 0 0 0 0
01-01 00:09:05.143  2726  2779 W ANDR_PERSISTENCY_CLIENT:  179      13 mmcblk0p13 30 0 240 12 0 0 0 0 0 12 12
01-01 00:09:05.143  2726  2779 W ANDR_PERSISTENCY_CLIENT:  179      14 mmcblk0p14 30 0 240 0 0 0 0 0 0 0 0
01-01 00:09:05.143  2726  2779 W ANDR_PERSISTENCY_CLIENT:  179      15 mmcblk0p15 30 0 240 4 0 0 0 0 0 4 4
01-01 00:09:05.143  2726  2779 W ANDR_PERSISTENCY_CLIENT:  179      16 mmcblk0p16 20 0 160 0 0 0 0 0 0 0 0
01-01 00:09:05.143  2726  2779 W ANDR_PERSISTENCY_CLIENT:  179      17 mmcblk0p17 20 0 160 0 0 0 0 0 0 0 0
01-01 00:09:05.143  2726  2779 W ANDR_PERSISTENCY_CLIENT:  179      18 mmcblk0p18 20 0 160 4 0 0 0 0 0 4 4
01-01 00:09:05.143  2726  2779 W ANDR_PERSISTENCY_CLIENT:  179      19 mmcblk0p19 20 0 160 4 0 0 0 0 0 4 4
01-01 00:09:05.143  2726  2779 W ANDR_PERSISTENCY_CLIENT:  179      20 mmcblk0p20 20 0 160 4 0 0 0 0 0 4 4
01-01 00:09:05.143  2726  2779 W ANDR_PERSISTENCY_CLIENT:  179      21 mmcblk0p21 20 0 160 8 0 0 0 0 0 8 8
01-01 00:09:05.143  2726  2779 W ANDR_PERSISTENCY_CLIENT:  179      22 mmcblk0p22 9 0 464 4 0 0 0 0 0 4 4
01-01 00:09:05.143  2726  2779 W ANDR_PERSISTENCY_CLIENT:  179      23 mmcblk0p23 18 0 144 4 0 0 0 0 0 4 4
01-01 00:09:05.143  2726  2779 W ANDR_PERSISTENCY_CLIENT:  179      24 mmcblk0p24 18 0 144 4 0 0 0 0 0 4 4
01-01 00:09:05.143  2726  2779 W ANDR_PERSISTENCY_CLIENT:  179      25 mmcblk0p25 22 0 176 4 0 0 0 0 0 4 4
01-01 00:09:05.143  2726  2779 W ANDR_PERSISTENCY_CLIENT:  179      26 mmcblk0p26 22 0 176 4 0 0 0 0 0 4 4
01-01 00:09:05.143  2726  2779 W ANDR_PERSISTENCY_CLIENT:  179      27 mmcblk0p27 40 0 4128 20 0 0 0 0 0 20 20
01-01 00:09:05.143  2726  2779 W ANDR_PERSISTENCY_CLIENT:  179      28 mmcblk0p28 40 0 4128 52 0 0 0 0 0 36 52
01-01 00:09:05.143  2726  2779 W ANDR_PERSISTENCY_CLIENT:  179      29 mmcblk0p29 17 0 4008 16 0 0 0 0 0 12 16
01-01 00:09:05.143  2726  2779 W ANDR_PERSISTENCY_CLIENT:  179      30 mmcblk0p30 5006 4 2000264 9448 0 0 0 0 0 7108 9440
01-01 00:09:05.143  2726  2779 W ANDR_PERSISTENCY_CLIENT:  179      31 mmcblk0p31 17 0 4008 32 0 0 0 0 0 20 32
01-01 00:09:05.143  2726  2779 W ANDR_PERSISTENCY_CLIENT:  259       0 mmcblk0p32 1406 0 354456 1504 0 0 0 0 0 1332 1492
01-01 00:09:05.143  2726  2779 W ANDR_PERSISTENCY_CLIENT:  259       1 mmcblk0p33 20 0 160 4 0 0 0 0 0 4 4
01-01 00:09:05.143  2726  2779 W ANDR_PERSISTENCY_CLIENT:  259       2 mmcblk0p34 20 0 160 4 0 0 0 0 0 4 4
01-01 00:09:05.143  2726  2779 W ANDR_PERSISTENCY_CLIENT:  259       3 mmcblk0p35 18 0 144 12 0 0 0 0 0 12 12
01-01 00:09:05.143  2726  2779 W ANDR_PERSISTENCY_CLIENT:  259       4 mmcblk0p36 18 0 144 8 0 0 0 0 0 8 8
01-01 00:09:05.143  2726  2779 W ANDR_PERSISTENCY_CLIENT:  259       5 mmcblk0p37 20 0 160 8 0 0 0 0 0 8 8
01-01 00:09:05.143  2726  2779 W ANDR_PERSISTENCY_CLIENT:  259       6 mmcblk0p38 20 0 160 4 0 0 0 0 0 4 4
01-01 00:09:05.143  2726  2779 W ANDR_PERSISTENCY_CLIENT:  259       7 mmcblk0p39 17 0 4008 28 0 0 0 0 0 20 28
01-01 00:09:05.143  2726  2779 W ANDR_PERSISTENCY_CLIENT:  259       8 mmcblk0p40 190 0 150408 400 0 0 0 0 0 348 400
01-01 00:09:05.143  2726  2779 W ANDR_PERSISTENCY_CLIENT:  259       9 mmcblk0p41 11 0 2000 12 0 0 0 0 0 8 12
01-01 00:09:05.143  2726  2779 W ANDR_PERSISTENCY_CLIENT:  259      10 mmcblk0p42 32 0 6088 48 0 0 0 0 0 40 48
01-01 00:09:05.143  2726  2779 W ANDR_PERSISTENCY_CLIENT:  259      11 mmcblk0p43 22 0 176 4 0 0 0 0 0 4 4
01-01 00:09:05.143  2726  2779 W ANDR_PERSISTENCY_CLIENT:  259      12 mmcblk0p44 32 0 1136 8 0 0 0 0 0 8 8
01-01 00:09:05.143  2726  2779 W ANDR_PERSISTENCY_CLIENT:  259      13 mmcblk0p45 1 0 2 0 0 0 0 0 0 0 0
01-01 00:09:05.143  2726  2779 W ANDR_PERSISTENCY_CLIENT:  259      14 mmcblk0p46 18 0 144 0 0 0 0 0 0 0 0
01-01 00:09:05.143  2726  2779 W ANDR_PERSISTENCY_CLIENT:  259      15 mmcblk0p47 18 0 144 0 0 0 0 0 0 0 0
01-01 00:09:05.143  2726  2779 W ANDR_PERSISTENCY_CLIENT:  259      16 mmcblk0p48 2 0 4 0 0 0 0 0 0 0 0
01-01 00:09:05.143  2726  2779 W ANDR_PERSISTENCY_CLIENT:  259      17 mmcblk0p49 11 0 2000 8 0 0 0 0 0 8 8
01-01 00:09:05.143  2726  2779 W ANDR_PERSISTENCY_CLIENT:  259      18 mmcblk0p50 22 0 176 4 0 0 0 0 0 4 4
01-01 00:09:05.143  2726  2779 W ANDR_PERSISTENCY_CLIENT:  259      19 mmcblk0p51 18 0 144 4 0 0 0 0 0 4 4
01-01 00:09:05.143  2726  2779 W ANDR_PERSISTENCY_CLIENT:  259      20 mmcblk0p52 3 0 168 0 0 0 0 0 0 0 0
01-01 00:09:05.143  2726  2779 W ANDR_PERSISTENCY_CLIENT:  259      21 mmcblk0p53 10 0 1264 4 0 0 0 0 0 4 4
01-01 00:09:05.143  2726  2779 W ANDR_PERSISTENCY_CLIENT:  259      22 mmcblk0p54 32 0 256 8 0 0 0 0 0 8 8
01-01 00:09:05.143  2726  2779 W ANDR_PERSISTENCY_CLIENT:  259      23 mmcblk0p55 20 0 2064 24 0 0 0 0 0 24 24
01-01 00:09:05.143  2726  2779 W ANDR_PERSISTENCY_CLIENT:  259      24 mmcblk0p56 2648 70 244646 3912 268 147 5360 1680 0 3052 5568
01-01 00:09:05.143  2726  2779 W ANDR_PERSISTENCY_CLIENT:  259      25 mmcblk0p57 35 0 4376 28 9 8 136 4 0 24 32
01-01 00:09:05.143  2726  2779 W ANDR_PERSISTENCY_CLIENT:  259      26 mmcblk0p58 233 0 70832 312 1463 22602 192520 4076 0 3356 4380
01-01 00:09:05.143  2726  2779 W ANDR_PERSISTENCY_CLIENT:  259      27 mmcblk0p59 540 182 22660 356 252 243 34530 1296 0 536 1652
01-01 00:09:05.143  2726  2779 W ANDR_PERSISTENCY_CLIENT:  259      28 mmcblk0p60 1 0 2 0 0 0 0 0 0 0 0
01-01 00:09:05.143  2726  2779 W ANDR_PERSISTENCY_CLIENT:  259      29 mmcblk0p61 5 0 432 0 0 0 0 0 0 0 0
01-01 00:09:05.143  2726  2779 W ANDR_PERSISTENCY_CLIENT:  259      30 mmcblk0p62 11 0 82 4 0 0 0 0 0 4 4
01-01 00:09:05.143  2726  2779 W ANDR_PERSISTENCY_CLIENT:  259      31 mmcblk0p63 18 0 144 0 0 0 0 0 0 0 0
01-01 00:09:05.143  2726  2779 W ANDR_PERSISTENCY_CLIENT:  259      32 mmcblk0p64 18 0 144 4 0 0 0 0 0 4 4
01-01 00:09:05.143  2726  2779 W ANDR_PERSISTENCY_CLIENT:  259      33 mmcblk0p65 20 0 160 8 0 0 0 0 0 4 4
01-01 00:09:05.143  2726  2779 W ANDR_PERSISTENCY_CLIENT:  259      34 mmcblk0p66 30 0 240 4 0 0 0 0 0 4 4
01-01 00:09:05.143  2726  2779 W ANDR_PERSISTENCY_CLIENT:  259      35 mmcblk0p67 190 33 5714 160 85 109 1576 44 0 104 204
01-01 00:09:05.143  2726  2779 W ANDR_PERSISTENCY_CLIENT:  259      36 mmcblk0p68 2972 0 601999 4356 2915 98769 102034 4404 1 6188 8776
01-01 00:09:05.143  2726  2779 W ANDR_PERSISTENCY_CLIENT:  179      32 mmcblk0rpmb 4 0 32 0 0 0 0 0 0 0 0
01-01 00:09:05.143  2726  2779 W ANDR_PERSISTENCY_CLIENT: ;command=cat /proc/diskstats
01-01 00:09:05.144  2158  2158 D HMI_SERVICE: USE_CASE_NA|FUN=StoragedJobIntentService::onReceiveResult|1|received
01-01 00:09:05.144  2726  2779 W ANDR_PERSISTENCY_CLIENT: SWR_PERSISTENCE_HV_LA_MF_0005|FUN=TCPHandler::handleInBoundData|2|msg:command=cat /proc/diskstats
01-01 00:09:05.144  2726  2779 W ANDR_PERSISTENCY_CLIENT: SWR_PERSISTENCE_HV_LA_MF_0005|FUN=TCPHandler:: handleInBoundData |2| remove key 
01-01 00:09:05.144  2726  2779 W ANDR_PERSISTENCY_CLIENT: SWR_PERSISTENCE_HV_LA_MF_0005|FUN=TCPHandler::sendResponseToSettings|2|msg:send=3812
01-01 00:09:05.145  2158  2158 D HMI_SERVICE: USE_CASE_NA|FUN=StoragedJobIntentService::doAppMonitor|1|init
01-01 00:09:05.145  2158  2158 D HMI_SERVICE: USE_CASE_NA|FUN=StoragedJobIntentService::lifeTimeMonitor|1|init
01-01 00:09:05.145  2158  2158 D HMI_SERVICE: USE_CASE_NA|FUN=StoragedJobIntentService::doAppMonitor|1|init
01-01 00:09:05.145  2158  2158 D HMI_SERVICE: USE_CASE_NA|FUN=StoragedJobIntentService::lifeTimeMonitor|1|init
01-01 00:09:05.146  2158  2158 D HMI_SERVICE: USE_CASE_NA|FUN=StoragedJobIntentService::doAppMonitor|1|init
01-01 00:09:05.146  2158  2158 D HMI_SERVICE: USE_CASE_NA|FUN=StoragedJobIntentService::lifeTimeMonitor|1|init
01-01 00:09:05.146  2158  2158 D HMI_SERVICE: USE_CASE_NA|FUN=StoragedJobIntentService::doAppMonitor|1|init
01-01 00:09:05.146  2158  2158 D HMI_SERVICE: USE_CASE_NA|FUN=StoragedJobIntentService::lifeTimeMonitorBaiduApps|1|init
01-01 00:09:05.146  2158  2158 D HMI_SERVICE: USE_CASE_NA|FUN=StoragedJobIntentService::onReceiveResult|1|continousWrite172427264
01-01 00:09:05.283  1943  1963 D LCMANDR : SWR_OOB_HV_MF_009|FUN=LifeCycleManagerService::LifeCycle_ReportCompStatus|GOT ALIVENESS SIGNAL FROM DAIAPP : [0]; HB Counter = [ 206 ]; STATUS INFO = [ 0 ]
01-01 00:09:05.284  1534  1980 I Connectivity_AIDL|AIDL_Handler.AIDL_Helpers.LcmHelper: MBUX App Method: KeepAliveTest |Line No: 408 |Log Type: Critical |Message: ChildThread:MBUX-App HB Count: 208, ResponseCode: 0
01-01 00:09:05.521  4511  4544 D UIAutomatorStub: URI: /jsonrpc/0, Method: POST, Header: {content-length=102, remote-addr=127.0.0.1, http-client-ip=127.0.0.1, host=localhost:9010, content-type=application/json, connection=close, accept-encoding=identity, user-agent=Python-urllib/2.7}, params, {NanoHttpd.QUERY_STRING=null}, files: {postData={"params": ["home"], "jsonrpc": "2.0", "method": "pressKey", "id": "89a251403163f2ac96ea9f4ab45d843d"}}
01-01 00:09:05.565  1384  1384 W StatusBar: animate_trace: animateCollapsePanels entry: flags=0: force=false
01-01 00:09:05.566  1137  1268 I ActivityManager: START u0 {act=android.intent.action.MAIN cat=[android.intent.category.HOME] flg=0x10200000 cmp=com.daimler.rse.ntg6/.StartUpActivity (has extras)} from uid 1000
01-01 00:09:05.570  1137  1268 D ActivityTrigger: ActivityTrigger activityPauseTrigger 
01-01 00:09:05.572  1534  1534 V Activity: onPause md59d95dbab71941e137ef724fbceda5f0e.MainOverlayActivity@a4c360
01-01 00:09:05.574  1137  1268 D ActivityTrigger: activityResumeTrigger: The activity in ApplicationInfo{1ca3a4e com.daimler.rse.ntg6} is now in focus and seems to be in full-screen mode
01-01 00:09:05.574  1137  1268 E ActivityTrigger: activityResumeTrigger: not whiteListedcom.daimler.rse.ntg6/com.daimler.rse.ntg6.StartUpActivity/5
01-01 00:09:05.580  1137  2256 D ActivityTrigger: activityResumeTrigger: The activity in ApplicationInfo{1ca3a4e com.daimler.rse.ntg6} is now in focus and seems to be in full-screen mode
01-01 00:09:05.580  1137  2256 E ActivityTrigger: activityResumeTrigger: not whiteListedcom.daimler.rse.ntg6/com.daimler.rse.ntg6.StartUpActivity/5
01-01 00:09:05.589  1534  1534 I Connectivity|HMI_Common.Activities.StartUpActivity: MBUX App Method: OnNewIntent |Line No: 252 |Log Type: Information |Message: OnNewIntent: Intent::android.intent.action.MAIN
01-01 00:09:05.591  1534  1534 I Connectivity|HMI_Common.Activities.StartUpActivity: MBUX App Method: OnStart |Line No: 228 |Log Type: Information |Message: StartUpActivity OnStart
01-01 00:09:05.591  1534  1534 V Activity: onStart com.daimler.rse.ntg6.StartUpActivity@cb06ed1
01-01 00:09:05.592  1534  1534 I Connectivity|HMI_Common.Activities.StartUpActivity: MBUX App Method: OnResume |Line No: 266 |Log Type: Information |Message: StartUpActivity: OnResume()
01-01 00:09:05.592  1534  1534 I Connectivity|HMI_Common.Activities.StartUpActivity: MBUX App Method: OnResume |Line No: 271 |Log Type: Information |Message: Launching MainOverlay Activity in Demo mode
01-01 00:09:05.593  1137  2256 I ActivityManager: START u0 {cmp=com.daimler.rse.ntg6/md59d95dbab71941e137ef724fbceda5f0e.MainOverlayActivity} from uid 10027
01-01 00:09:05.594   635   635 E ANDR-PERF-TARGET: Error: Invalid logical cluster id 0
01-01 00:09:05.594   635   635 E ANDR-PERF-MPCTL: invalid request, no optimizations performed
01-01 00:09:05.597  1137  2256 D ActivityTrigger: activityStartTrigger: Activity is Triggerred in full screen ApplicationInfo{40b82d2 com.daimler.rse.ntg6}
01-01 00:09:05.598  1137  2256 E ActivityTrigger: activityStartTrigger: not whiteListedcom.daimler.rse.ntg6/md59d95dbab71941e137ef724fbceda5f0e.MainOverlayActivity/5
01-01 00:09:05.599  1137  2256 D CompatibilityInfo: mCompatibilityFlags - 4
01-01 00:09:05.599  1137  2256 D CompatibilityInfo: applicationDensity - 240
01-01 00:09:05.599  1137  2256 D CompatibilityInfo: applicationScale - 1.0
01-01 00:09:05.600  1137  2256 D ActivityTrigger: activityResumeTrigger: The activity in ApplicationInfo{40b82d2 com.daimler.rse.ntg6} is now in focus and seems to be in full-screen mode
01-01 00:09:05.600  1137  2256 E ActivityTrigger: activityResumeTrigger: not whiteListedcom.daimler.rse.ntg6/md59d95dbab71941e137ef724fbceda5f0e.MainOverlayActivity/5
01-01 00:09:05.600  1137  2256 D ActivityTrigger: ActivityTrigger activityPauseTrigger 
01-01 00:09:05.603  1534  1534 V Activity: onResume com.daimler.rse.ntg6.StartUpActivity@cb06ed1
01-01 00:09:05.605  1137  2256 D CompatibilityInfo: mCompatibilityFlags - 4
01-01 00:09:05.605  1137  2256 D CompatibilityInfo: applicationDensity - 240
01-01 00:09:05.606  1137  2256 D CompatibilityInfo: applicationScale - 1.0
01-01 00:09:05.607  1534  1534 D Activity: onStart: startService done
01-01 00:09:05.609   753   762 I sssv-lib: sendMsg enter
01-01 00:09:05.609   753   762 I sssv-lib: sendMsg complete.
01-01 00:09:05.611  1384  1384 W SYSTEM_UI: SWR_SYSTEM_UI_007|FUN=CollapsedStatusBarFragment::getAction |1|Broadcast action --> STATUS_UPDATE_ACTION
01-01 00:09:05.611  1384  1384 W SYSTEM_UI: SWR_SYSTEM_UI_007|FUN=CollapsedStatusBarFragment::getIntExtra |1|NotifySystemUpdates dataType --> 100
01-01 00:09:05.611  1384  1384 W SYSTEM_UI: SWR_SYSTEM_UI_006|FUN=CollapsedStatusBarFragment::NotifySystemUpdates | onReceive --> |1|TOP ACTIVITY CHANGED | package --> com.daimler.rse.ntg6 | class --> com.daimler.rse.ntg6.StartUpActivity
01-01 00:09:05.611  1384  1384 W SYSTEM_UI - CI07.3: className -> CollapsedStatusBarFragment | functionName -> NotifySystemUpdates | onReceive -->  | value -> TOP ACTIVITY CHANGED | package --> com.daimler.rse.ntg6 | class --> com.daimler.rse.ntg6.StartUpActivity
01-01 00:09:05.611  1137  3838 I Adreno  : QUALCOMM build                   : 9d62f6f, I5487d0ba86
01-01 00:09:05.611  1137  3838 I Adreno  : Build Date                       : 12/04/18
01-01 00:09:05.611  1137  3838 I Adreno  : OpenGL ES Shader Compiler Version: EV031.23.07.00
01-01 00:09:05.611  1137  3838 I Adreno  : Local Branch                     : mybranche8f7aab8-e3d5-f199-b20b-5cb90179c3d8
01-01 00:09:05.611  1137  3838 I Adreno  : Remote Branch                    : quic/LA.HB.1.1.5_rb1.30
01-01 00:09:05.611  1137  3838 I Adreno  : Remote Branch                    : NONE
01-01 00:09:05.611  1137  3838 I Adreno  : Reconstruct Branch               : NOTHING
01-01 00:09:05.616  1137  2366 D WindowManager: relayout packageName=com.daimler.rse.ntg6::session=Session{6fd570a 1534:u0a10027}::window=android.view.IWindow$Stub$Proxy@7b2cc41::attrs.flags=null
01-01 00:09:05.616  1137  2366 D WindowManager: relayout >>> FLAG_FULLSCREEN not set in WindowManager.LayoutParams
01-01 00:09:05.616  1137  2366 D WindowManager: startStatusReceiverServiceOnFlagSet: creating intent for action ACTION_ACTIVITY_FULLSCREEN
01-01 00:09:05.616  1137  3838 I Adreno  : PFP: 0x005ff110, ME: 0x005ff066
01-01 00:09:05.616  1137  2366 W ContextImpl: Calling a method in the system process without a qualified user: android.app.ContextImpl.startService:1476 com.android.server.wm.Session.startStatusReceiverServiceOnFlagSet:762 com.android.server.wm.Session.relayout:276 android.view.IWindowSession$Stub.onTransact:286 com.android.server.wm.Session.onTransact:166 
01-01 00:09:05.617  1137  2366 D WindowManager: startStatusReceiverServiceOnFlagSet: startService done
01-01 00:09:05.628  1137  3838 I system_server: android::hardware::configstore::V1_0::ISurfaceFlingerConfigs::hasWideColorDisplay retrieved: 0
01-01 00:09:05.629  1137  3838 I OpenGLRenderer: Initialized EGL, version 1.4
01-01 00:09:05.629  1137  3838 D OpenGLRenderer: Swap behavior 2
01-01 00:09:05.639  1534  1534 I Connectivity|HMI_Common.Activities.StartUpActivity: MBUX App Method: OnPause |Line No: 242 |Log Type: Information |Message: StartUpActivity: OnPause()
01-01 00:09:05.639  1534  1534 V Activity: onPause com.daimler.rse.ntg6.StartUpActivity@cb06ed1
01-01 00:09:05.642  1943  1943 I LCMANDR : SWR_OOB_HV_MF_009|FUN=ResourceMonitoringService::movingMemoryAverage|2|Moving memory average :23.16046
01-01 00:09:05.642  1943  1943 W LCMANDR : SWR_OOB_HV_MF_009|FUN=ResourceMonitoringService::getCpuUsageStatistic|Moving MEM AVG :::::::::23.16046
01-01 00:09:05.642  1137  1152 D ActivityTrigger: activityResumeTrigger: The activity in ApplicationInfo{40b82d2 com.daimler.rse.ntg6} is now in focus and seems to be in full-screen mode
01-01 00:09:05.642  1137  1152 E ActivityTrigger: activityResumeTrigger: not whiteListedcom.daimler.rse.ntg6/md59d95dbab71941e137ef724fbceda5f0e.MainOverlayActivity/5
01-01 00:09:05.644  1137  1152 D CompatibilityInfo: mCompatibilityFlags - 4
01-01 00:09:05.644  1137  1152 D CompatibilityInfo: applicationDensity - 240
01-01 00:09:05.644  1137  1152 D CompatibilityInfo: applicationScale - 1.0
01-01 00:09:05.644  1943  1943 W LCMANDR : SWR_OOB_HV_MF_009|FUN=ResourceMonitoringService::getCpuUsageStatistic|2|Total cpu usage :31.447966
01-01 00:09:05.644  1943  1943 I LCMANDR : SWR_OOB_HV_MF_009|FUN=ResourceMonitoringService::getCpuUsageStatistic|Cpu usage of core  0 is27.55102
01-01 00:09:05.644  1943  1943 I LCMANDR : SWR_OOB_HV_MF_009|FUN=ResourceMonitoringService::getCpuUsageStatistic|Cpu usage of core  1 is36.643837
01-01 00:09:05.644  1943  1943 I LCMANDR : SWR_OOB_HV_MF_009|FUN=ResourceMonitoringService::getCpuUsageStatistic|Cpu usage of core  2 is30.201344
01-01 00:09:05.644  1943  1943 I LCMANDR : ResourceMonitoringService::movingCpuAverage()
01-01 00:09:05.645  1943  1943 I LCMANDR : SWR_OOB_HV_MF_009|FUN=ResourceMonitoringService::movingCpuAverage|2|Moving window average of CPU 14.478844
01-01 00:09:05.645  1943  1943 I LCMANDR : SWR_OOB_HV_MF_009|FUN=ResourceMonitoringService::movingCpuAverage|2|Cpu moving average of core  0 is12.947462
01-01 00:09:05.646  1943  1943 I LCMANDR : SWR_OOB_HV_MF_009|FUN=ResourceMonitoringService::movingCpuAverage|2|Cpu moving average of core  1 is12.711192
01-01 00:09:05.646  1943  1943 I LCMANDR : SWR_OOB_HV_MF_009|FUN=ResourceMonitoringService::movingCpuAverage|2|Cpu moving average of core  2 is17.71143
01-01 00:09:05.646  1943  1943 D LCMANDR : SWR_OOB_HV_MF_009|FUN=ResourceMonitoringService::movingCpuAverage|2|Exiting VAL = 14.478844
01-01 00:09:05.650  1384  1384 W SYSTEM_UI: SWR_SYSTEM_UI_007|FUN=CollapsedStatusBarFragment::getAction |1|Broadcast action --> STATUS_UPDATE_ACTION
01-01 00:09:05.650  1384  1384 W SYSTEM_UI: SWR_SYSTEM_UI_007|FUN=CollapsedStatusBarFragment::getIntExtra |1|NotifySystemUpdates dataType --> 101
01-01 00:09:05.651  1384  1384 W SYSTEM_UI - CI07.3: className -> CollapsedStatusBarFragment | functionName -> NotifySystemUpdates | onReceive -->  | value -> FULLSCREEN MODE CHANGED | isFullScreenStatus --> false | fullScreenPackage -->com.daimler.rse.ntg6 | fullscreenLastShownPackage -->null | topActivityPackage --> com.daimler.rse.ntg6
01-01 00:09:05.651  1384  1384 W SYSTEM_UI - CI07.3: className -> CollapsedStatusBarFragment | functionName -> NotifySystemUpdates | onReceive -->  | value -> Fullscreen mode changed --> path 5
01-01 00:09:05.676  1534  1534 V Activity: onCreate md59d95dbab71941e137ef724fbceda5f0e.MainOverlayActivity@97268d4: null
01-01 00:09:05.678  1534  1534 I HomeScreen|HMI_Common.Activities.MainOverlayActivity: MBUX App Method: OnCreate |Line No: 105 |Log Type: Critical |Message: Device Language : en_GB
01-01 00:09:05.678  1534  1534 I HomeScreen|HMI_Common.Activities.MainOverlayActivity: MBUX App Method: OnCreate |Line No: 106 |Log Type: Critical |Message: LanguageEnglish
01-01 00:09:05.678  1534  1534 I HomeScreen|HMI_Common.Activities.MainOverlayActivity: MBUX App Method: OnCreate |Line No: 117 |Log Type: Critical |Message: App-theme successfully changed to AppTheme
01-01 00:09:05.678  1534  1534 I HomeScreen|HMI_Common.Activities.MainOverlayActivity: MBUX App Method: OnCreate |Line No: 121 |Log Type: Critical |Message: Base Activity onCreate Called
01-01 00:09:05.754  1534  1534 I BaseScreen|HMI_Common.Activities.MainOverlayActivity: MBUX App Method: UpdateHMI2LaunchedFlag |Line No: 1222 |Log Type: Critical |Message: UpdateHMI2LaunchedFlag() called isLaunched = False
01-01 00:09:05.754  1534  1534 I BaseScreen|HMI_Common.HMIBackend.SharedPreferences.SharedPrefBackend: MBUX App Method: UpdateHMI2LaunchedFlag |Line No: 93 |Log Type: Critical |Message: UpdateHMI2LaunchedFlag called isLaunched = False
01-01 00:09:05.755  1534  1534 I AirCondition|HMI_Common.HMIBackend.ClimateBackend.AirConditionBackend: MBUX App Method: Initialize |Line No: 77 |Log Type: Information |Message: Climate in Demo Mode
01-01 00:09:05.755  1534  1534 I ParentalControl|HMI_Common.HMIBackend.ParentalControl.ParentalControlBackend: MBUX App Method: .ctor |Line No: 47 |Log Type: Critical |Message: ParentalControl Backend Constructor Called.
01-01 00:09:05.755  1534  1534 I VolumeControl|HMI_Common.HMIBackend.VolumeControl.VolumeControlBackend: MBUX App Method: .ctor |Line No: 51 |Log Type: Critical |Message: VolumeControlBackend VolumeControlBackend() called 
01-01 00:09:05.763  1943  1943 W LCMANDR : SWR_OOB_HV_MF_009|FUN=MonitoringTimer::checkStatus|memoryInfo.availMem[MB] = 5317
01-01 00:09:05.765  1534  1534 I BaseScreen|HMI_Common.Activities.MainOverlayActivity: MBUX App Method: LastStoredMediaVolume |Line No: 1198 |Log Type: Critical |Message: LastStoredMediaVolume() called
01-01 00:09:05.772  1534  1534 I BaseScreen|HMI_Common.Activities.MainOverlayActivity: MBUX App Method: IsRseRebooted |Line No: 1190 |Log Type: Critical |Message: IsRseRebooted() called
01-01 00:09:05.772  1534  1534 I VolumeControl|HMI_Common.Activities.MainOverlayActivity: MBUX App Method: initBtHeadsetSeekbarProgress |Line No: 292 |Log Type: Information |Message: VolumeControl initBtHeadsetSeekbarProgress() called,  MediaMaxVolume = 15 currentMediaVolume = 0 isRseRebooted = False comfortMinLevel = 0 comfortMaxLevel = 0
01-01 00:09:05.773  1534  1534 I VolumeControl|HMI_Common.Activities.MainOverlayActivity: MBUX App Method: intializeVolumeLevel |Line No: 337 |Log Type: Information |Message: VolumeControl intializeVolumeLevel() called, isDemoMode == True
01-01 00:09:05.776  1534  1534 I HomeScreen|HMI_Common.Activities.MainOverlayActivity: MBUX App Method: HandleClimateControlsVisibility |Line No: 324 |Log Type: Information |Message: md59d95dbab71941e137ef724fbceda5f0e.MainOverlayActivity@97268d4 BaseActivity.statusLine HandleClimateControlsVisibility isViewVisible : True
01-01 00:09:05.777  1534  1534 I HomeScreen|HMI_Common.Activities.MainOverlayActivity: MBUX App Method: OnCreate |Line No: 130 |Log Type: Information |Message: MainOverlayActivity onCreate Started after initializing all common components
01-01 00:09:05.777  1534  1534 I BaseScreen|HMI_Common.Activities.MainOverlayActivity: MBUX App Method: UpdateHMI2LaunchedFlag |Line No: 1222 |Log Type: Critical |Message: UpdateHMI2LaunchedFlag() called isLaunched = False
01-01 00:09:05.777  1534  1534 I BaseScreen|HMI_Common.HMIBackend.SharedPreferences.SharedPrefBackend: MBUX App Method: UpdateHMI2LaunchedFlag |Line No: 93 |Log Type: Critical |Message: UpdateHMI2LaunchedFlag called isLaunched = False
01-01 00:09:05.777  1534  1534 I BaseScreen|HMI_Common.Activities.MainOverlayActivity: MBUX App Method: GetHMI2LaunchedFlag |Line No: 1231 |Log Type: Critical |Message: UpdateSharedPrefForRseRebooted() called
01-01 00:09:05.777  1534  1534 I HomeScreen|HMI_Common.Activities.MainOverlayActivity: MBUX App Method: InitScreenOnOffEvents |Line No: 1850 |Log Type: Critical |Message: InitScreenOnOffEvents called : HMI2 Launched : False
01-01 00:09:05.777  1534  1534 I BaseScreen|HMI_Common.Activities.MainOverlayActivity: MBUX App Method: GetHMI2LaunchedFlag |Line No: 1231 |Log Type: Critical |Message: UpdateSharedPrefForRseRebooted() called
01-01 00:09:05.777  1534  1534 I HomeScreen|HMI_Common.Activities.MainOverlayActivity: MBUX App Method: RemoveScreenOnOffEvents |Line No: 1909 |Log Type: Critical |Message: RemoveScreenOnOffEvents called : HMI2 Launched : False
01-01 00:09:05.787  1534  1534 I HomeScreen|HMI_Common.HMIBackend.CommonControlsBackend.BaseScreenBackend: MBUX App Method: IsAppKeepAliveSuccess |Line No: 775 |Log Type: Critical |Message: App Authentication Status : Checking keep alive status for : Player & status : True
01-01 00:09:05.787  1534  1534 I HomeScreen|HMI_Common.HMIBackend.CommonControlsBackend.BaseScreenBackend: MBUX App Method: IsAppKeepAliveSuccess |Line No: 775 |Log Type: Critical |Message: App Authentication Status : Checking keep alive status for : Tuner & status : True
01-01 00:09:05.788  1534  4548 I VolumeControl|HMI_Common.Activities.MainOverlayActivity+BluetoothHeadsetStateBroadcast: MBUX App Method: OnReceive |Line No: 1953 |Log Type: Critical |Message: MainOverlayActivity BroadcastReceived Action : android.intent.action.HEADSET_PLUG
01-01 00:09:05.790  1534  1534 I Connectivity_AIDL|AIDL_Handler.Utils.AidlSharedPref: MBUX App Method: IsChinaVariant |Line No: 424 |Log Type: Critical |Message: IsChinaVariant: True
01-01 00:09:05.790  1534  1534 I HomeScreen|HMI_Common.Activities.MainOverlayActivity: MBUX App Method: GetMainOverlayItemsList |Line No: 483 |Log Type: Critical |Message: IsChinaVarinat :  True  Application Box added to List
01-01 00:09:05.793  1534  4548 I VolumeControl|HMI_Common.Activities.MainOverlayActivity: MBUX App Method: HandleBluetoothSeekbar |Line No: 891 |Log Type: Critical |Message: VolumeControl HandleBluetoothSeekbar() Called :: isAnyWirelessHeadsetConnected = False isAnyWiredHeadsetConnected = True
01-01 00:09:05.803  1534  1534 I HomeScreen|HMI_Common.Activities.MainOverlayActivity: MBUX App Method: OnCreate |Line No: 191 |Log Type: Critical |Message: MainOverLayActivity, oncreated, LastViewedItem : None
01-01 00:09:05.806  1534  1534 I HomeScreen|HMI_Common.Activities.MainOverlayActivity: MBUX App Method: OnStart |Line No: 338 |Log Type: Information |Message: OnStart() BaseActivity
01-01 00:09:05.806  1534  1534 V Activity: onStart md59d95dbab71941e137ef724fbceda5f0e.MainOverlayActivity@97268d4
01-01 00:09:05.808  1534  1534 V Activity: onResume md59d95dbab71941e137ef724fbceda5f0e.MainOverlayActivity@97268d4
01-01 00:09:05.810  1137  1366 D CompatibilityInfo: mCompatibilityFlags - 4
01-01 00:09:05.811  1137  1366 D CompatibilityInfo: applicationDensity - 240
01-01 00:09:05.811  1137  1366 D CompatibilityInfo: applicationScale - 1.0
01-01 00:09:05.812  1534  1534 D Activity: onStart: startService done
01-01 00:09:05.813  1534  1534 I HomeScreen|HMI_Common.Activities.MainOverlayActivity: MBUX App Method: OnResume |Line No: 240 |Log Type: Information |Message: BaseActivity OnResume called
01-01 00:09:05.813  1384  1384 W SYSTEM_UI: SWR_SYSTEM_UI_007|FUN=CollapsedStatusBarFragment::getAction |1|Broadcast action --> STATUS_UPDATE_ACTION
01-01 00:09:05.813  1384  1384 W SYSTEM_UI: SWR_SYSTEM_UI_007|FUN=CollapsedStatusBarFragment::getIntExtra |1|NotifySystemUpdates dataType --> 100
01-01 00:09:05.813  1384  1384 W SYSTEM_UI: SWR_SYSTEM_UI_006|FUN=CollapsedStatusBarFragment::NotifySystemUpdates | onReceive --> |1|TOP ACTIVITY CHANGED | package --> com.daimler.rse.ntg6 | class --> md59d95dbab71941e137ef724fbceda5f0e.MainOverlayActivity
01-01 00:09:05.813  1384  1384 W SYSTEM_UI - CI07.3: className -> CollapsedStatusBarFragment | functionName -> NotifySystemUpdates | onReceive -->  | value -> TOP ACTIVITY CHANGED | package --> com.daimler.rse.ntg6 | class --> md59d95dbab71941e137ef724fbceda5f0e.MainOverlayActivity
01-01 00:09:05.814  1534  1534 I VolumeControl|HMI_Common.HMIBackend.VolumeControl.VolumeControlBackend: MBUX App Method: GetEntertainmentVolumeGroupStatus |Line No: 215 |Log Type: Critical |Message: VolumeControlBackend GetEntertainmentVolumeGroupStatus() called VolumeControlApplication Instance ==  
01-01 00:09:05.814  1534  1534 I VolumeControl|HMI_Common.HMIBackend.VolumeControl.VolumeControlBackend: MBUX App Method: GetEntertainmentVolumeGroupStatus |Line No: 220 |Log Type: Critical |Message: VolumeControlBackend GetEntertainmentVolumeGroupStatus() ::: VolumeControlApplication Instance is Null - Volume Control Functionality will not work!!!!!!!
01-01 00:09:05.815  1534  1534 I VolumeControl|HMI_Common.Activities.MainOverlayActivity: MBUX App Method: GetCurrentForegroundVolumeGroup |Line No: 1377 |Log Type: Critical |Message: VolumeControl GetCurrentForegroundVolumeGroup Called : VolumeControlBackend Instance = HMI_Common.HMIBackend.VolumeControl.VolumeControlBackend isEntertainmentInForeground = False
01-01 00:09:05.815  1534  1534 I BaseScreen|HMI_Common.Activities.MainOverlayActivity: MBUX App Method: EnableAppropriateView |Line No: 810 |Log Type: Information |Message: BaseActivity EnableAppropriateView() Called  isViewEnabled = True desiredView = android.widget.ImageView{8212665 VFED..C.. ......I. 0,0-0,0 #7f090561 app:id/VolumePanelImageView}
01-01 00:09:05.815  1534  1534 I HomeScreen|HMI_Common.Activities.MainOverlayActivity: MBUX App Method: HandleMediaStatusChangedEvent |Line No: 368 |Log Type: Critical |Message: MainOverlayActivity, HandleMediaStatusChangedEvent: MediumStatus : Idle, MediumType : HardDisk & Drive Status : PlayableFiles
01-01 00:09:05.815  1534  1534 I VolumeControl|HMI_Common.Activities.MainOverlayActivity: MBUX App Method: HandleSendToCabinAudioVisibility |Line No: 451 |Log Type: Information |Message: VolumeControl HandleSendToCabinAudioVisibility() Called
01-01 00:09:05.815  1534  1534 I VolumeControl|HMI_Common.Activities.MainOverlayActivity: MBUX App Method: HandleSendToCabinAudioVisibility |Line No: 458 |Log Type: Information |Message: VolumeControl HandleSendToCabinAudioVisibility() isPlayerCurrentStreamingSource = False
01-01 00:09:05.815  1534  1534 I HomeScreen|HMI_Common.Activities.MainOverlayActivity: MBUX App Method: HandleSendToCabinAudioVisibility |Line No: 479 |Log Type: Information |Message: VolumeControl handleSendToCabinAudioVisibility:TV or Tuner ready
01-01 00:09:05.816  1534  1534 I HomeScreen|HMI_Common.HMIBackend.CommonControlsBackend.BaseScreenBackend: MBUX App Method: IsTVCurrentSourcePlayedForMedia |Line No: 986 |Log Type: Information |Message: Basescreen backend IsTVCurrentSourcePlayedForMedia isTVPrevious : False
