01-01 00:09:01.413  4511  4526 I zygote64:   at void android.support.test.internal.runner.TestLoader.doCreateRunner(java.lang.String, boolean) (TestLoader.java:72)
01-01 00:09:01.413  4511  4526 I zygote64:   at java.util.List android.support.test.internal.runner.TestLoader.getRunnersFor(java.util.Collection, boolean) (TestLoader.java:104)
01-01 00:09:01.413  4511  4526 I zygote64:   at org.junit.runner.Request android.support.test.internal.runner.TestRequestBuilder.build() (TestRequestBuilder.java:789)
01-01 00:09:01.413  4511  4526 I zygote64:   at org.junit.runner.Request android.support.test.runner.AndroidJUnitRunner.buildRequest(android.support.test.internal.runner.RunnerArgs, android.os.Bundle) (AndroidJUnitRunner.java:539)
01-01 00:09:01.413  4511  4526 I zygote64:   at void android.support.test.runner.AndroidJUnitRunner.onStart() (AndroidJUnitRunner.java:382)
01-01 00:09:01.413  4511  4526 I zygote64:   at void android.app.Instrumentation$InstrumentationThread.run() (Instrumentation.java:2113)
01-01 00:09:01.413  4511  4526 I zygote64: Caused by: java.lang.ClassNotFoundException: Didn't find class "org.springframework.beans.factory.InitializingBean" on path: DexPathList[[zip file "/system/framework/android.test.runner.jar", zip file "/system/framework/android.test.mock.jar", zip file "/data/app/com.github.uiautomator.test-stcLg0WDV63hYGpERpwR-Q==/base.apk", zip file "/data/app/com.github.uiautomator-2aAf_3GAB35tNxbEPXpBTg==/base.apk"],nativeLibraryDirectories=[/data/app/com.github.uiautomator.test-stcLg0WDV63hYGpERpwR-Q==/lib/arm64, /data/app/com.github.uiautomator-2aAf_3GAB35tNxbEPXpBTg==/lib/arm64, /system/lib64, /vendor/lib64]]
01-01 00:09:01.413  4511  4526 I zygote64:   at java.lang.Class dalvik.system.BaseDexClassLoader.findClass(java.lang.String) (BaseDexClassLoader.java:125)
01-01 00:09:01.413  4511  4526 I zygote64:   at java.lang.Class java.lang.ClassLoader.loadClass(java.lang.String, boolean) (ClassLoader.java:379)
01-01 00:09:01.413  4511  4526 I zygote64:   at java.lang.Class java.lang.ClassLoader.loadClass(java.lang.String) (ClassLoader.java:312)
01-01 00:09:01.413  4511  4526 I zygote64:   at java.lang.Class java.lang.Class.classForName(java.lang.String, boolean, java.lang.ClassLoader) (Class.java:-2)
01-01 00:09:01.413  4511  4526 I zygote64:   at java.lang.Class java.lang.Class.forName(java.lang.String, boolean, java.lang.ClassLoader) (Class.java:453)
01-01 00:09:01.413  4511  4526 I zygote64:   at void android.support.test.internal.runner.TestLoader.doCreateRunner(java.lang.String, boolean) (TestLoader.java:72)
01-01 00:09:01.413  4511  4526 I zygote64:   at java.util.List android.support.test.internal.runner.TestLoader.getRunnersFor(java.util.Collection, boolean) (TestLoader.java:104)
01-01 00:09:01.413  4511  4526 I zygote64:   at org.junit.runner.Request android.support.test.internal.runner.TestRequestBuilder.build() (TestRequestBuilder.java:789)
01-01 00:09:01.413  4511  4526 I zygote64:   at org.junit.runner.Request android.support.test.runner.AndroidJUnitRunner.buildRequest(android.support.test.internal.runner.RunnerArgs, android.os.Bundle) (AndroidJUnitRunner.java:539)
01-01 00:09:01.413  4511  4526 I zygote64:   at void android.support.test.runner.AndroidJUnitRunner.onStart() (AndroidJUnitRunner.java:382)
01-01 00:09:01.413  4511  4526 I zygote64:   at void android.app.Instrumentation$InstrumentationThread.run() (Instrumentation.java:2113)
01-01 00:09:01.413  4511  4526 I zygote64: 
01-01 00:09:01.413  4511  4526 E TestLoader: Could not find class: com.googlecode.jsonrpc4j.spring.CompositeJsonStreamServiceExporter
01-01 00:09:01.414  4511  4526 I zygote64: Rejecting re-init on previously-failed class java.lang.Class<com.googlecode.jsonrpc4j.spring.JsonProxyFactoryBean>: java.lang.NoClassDefFoundError: Failed resolution of: Lorg/springframework/remoting/support/UrlBasedRemoteAccessor;
01-01 00:09:01.414  4511  4526 I zygote64:   at java.lang.Class java.lang.Class.classForName(java.lang.String, boolean, java.lang.ClassLoader) (Class.java:-2)
01-01 00:09:01.414  4511  4526 I zygote64:   at java.lang.Class java.lang.Class.forName(java.lang.String, boolean, java.lang.ClassLoader) (Class.java:453)
01-01 00:09:01.414  4511  4526 I zygote64:   at void android.support.test.internal.runner.TestLoader.doCreateRunner(java.lang.String, boolean) (TestLoader.java:72)
01-01 00:09:01.414  4511  4526 I zygote64:   at java.util.List android.support.test.internal.runner.TestLoader.getRunnersFor(java.util.Collection, boolean) (TestLoader.java:104)
01-01 00:09:01.414  4511  4526 I zygote64:   at org.junit.runner.Request android.support.test.internal.runner.TestRequestBuilder.build() (TestRequestBuilder.java:789)
01-01 00:09:01.414  4511  4526 I zygote64:   at org.junit.runner.Request android.support.test.runner.AndroidJUnitRunner.buildRequest(android.support.test.internal.runner.RunnerArgs, android.os.Bundle) (AndroidJUnitRunner.java:539)
01-01 00:09:01.414  4511  4526 I zygote64:   at void android.support.test.runner.AndroidJUnitRunner.onStart() (AndroidJUnitRunner.java:382)
01-01 00:09:01.414  4511  4526 I zygote64:   at void android.app.Instrumentation$InstrumentationThread.run() (Instrumentation.java:2113)
01-01 00:09:01.414  4511  4526 I zygote64: Caused by: java.lang.ClassNotFoundException: Didn't find class "org.springframework.remoting.support.UrlBasedRemoteAccessor" on path: DexPathList[[zip file "/system/framework/android.test.runner.jar", zip file "/system/framework/android.test.mock.jar", zip file "/data/app/com.github.uiautomator.test-stcLg0WDV63hYGpERpwR-Q==/base.apk", zip file "/data/app/com.github.uiautomator-2aAf_3GAB35tNxbEPXpBTg==/base.apk"],nativeLibraryDirectories=[/data/app/com.github.uiautomator.test-stcLg0WDV63hYGpERpwR-Q==/lib/arm64, /data/app/com.github.uiautomator-2aAf_3GAB35tNxbEPXpBTg==/lib/arm64, /system/lib64, /vendor/lib64]]
01-01 00:09:01.414  4511  4526 I zygote64:   at java.lang.Class dalvik.system.BaseDexClassLoader.findClass(java.lang.String) (BaseDexClassLoader.java:125)
01-01 00:09:01.414  4511  4526 I zygote64:   at java.lang.Class java.lang.ClassLoader.loadClass(java.lang.String, boolean) (ClassLoader.java:379)
01-01 00:09:01.414  4511  4526 I zygote64:   at java.lang.Class java.lang.ClassLoader.loadClass(java.lang.String) (ClassLoader.java:312)
01-01 00:09:01.414  4511  4526 I zygote64:   at java.lang.Class java.lang.Class.classForName(java.lang.String, boolean, java.lang.ClassLoader) (Class.java:-2)
01-01 00:09:01.414  4511  4526 I zygote64:   at java.lang.Class java.lang.Class.forName(java.lang.String, boolean, java.lang.ClassLoader) (Class.java:453)
01-01 00:09:01.414  4511  4526 I zygote64:   at void android.support.test.internal.runner.TestLoader.doCreateRunner(java.lang.String, boolean) (TestLoader.java:72)
01-01 00:09:01.414  4511  4526 I zygote64:   at java.util.List android.support.test.internal.runner.TestLoader.getRunnersFor(java.util.Collection, boolean) (TestLoader.java:104)
01-01 00:09:01.414  4511  4526 I zygote64:   at org.junit.runner.Request android.support.test.internal.runner.TestRequestBuilder.build() (TestRequestBuilder.java:789)
01-01 00:09:01.414  4511  4526 I zygote64:   at org.junit.runner.Request android.support.test.runner.AndroidJUnitRunner.buildRequest(android.support.test.internal.runner.RunnerArgs, android.os.Bundle) (AndroidJUnitRunner.java:539)
01-01 00:09:01.414  4511  4526 I zygote64:   at void android.support.test.runner.AndroidJUnitRunner.onStart() (AndroidJUnitRunner.java:382)
01-01 00:09:01.414  4511  4526 I zygote64:   at void android.app.Instrumentation$InstrumentationThread.run() (Instrumentation.java:2113)
01-01 00:09:01.414  4511  4526 I zygote64: 
01-01 00:09:01.415  4511  4526 E TestLoader: Could not find class: com.googlecode.jsonrpc4j.spring.JsonProxyFactoryBean
01-01 00:09:01.415  4511  4526 I zygote64: Rejecting re-init on previously-failed class java.lang.Class<com.googlecode.jsonrpc4j.spring.AbstractJsonServiceExporter>: java.lang.NoClassDefFoundError: Failed resolution of: Lorg/springframework/remoting/support/RemoteExporter;
01-01 00:09:01.415  4511  4526 I zygote64:   at java.lang.Class java.lang.Class.classForName(java.lang.String, boolean, java.lang.ClassLoader) (Class.java:-2)
01-01 00:09:01.415  4511  4526 I zygote64:   at java.lang.Class java.lang.Class.forName(java.lang.String, boolean, java.lang.ClassLoader) (Class.java:453)
01-01 00:09:01.415  4511  4526 I zygote64:   at void android.support.test.internal.runner.TestLoader.doCreateRunner(java.lang.String, boolean) (TestLoader.java:72)
01-01 00:09:01.415  4511  4526 I zygote64:   at java.util.List android.support.test.internal.runner.TestLoader.getRunnersFor(java.util.Collection, boolean) (TestLoader.java:104)
01-01 00:09:01.415  4511  4526 I zygote64:   at org.junit.runner.Request android.support.test.internal.runner.TestRequestBuilder.build() (TestRequestBuilder.java:789)
01-01 00:09:01.415  4511  4526 I zygote64:   at org.junit.runner.Request android.support.test.runner.AndroidJUnitRunner.buildRequest(android.support.test.internal.runner.RunnerArgs, android.os.Bundle) (AndroidJUnitRunner.java:539)
01-01 00:09:01.415  4511  4526 I zygote64:   at void android.support.test.runner.AndroidJUnitRunner.onStart() (AndroidJUnitRunner.java:382)
01-01 00:09:01.415  4511  4526 I zygote64:   at void android.app.Instrumentation$InstrumentationThread.run() (Instrumentation.java:2113)
01-01 00:09:01.415  4511  4526 I zygote64: Caused by: java.lang.ClassNotFoundException: Didn't find class "org.springframework.remoting.support.RemoteExporter" on path: DexPathList[[zip file "/system/framework/android.test.runner.jar", zip file "/system/framework/android.test.mock.jar", zip file "/data/app/com.github.uiautomator.test-stcLg0WDV63hYGpERpwR-Q==/base.apk", zip file "/data/app/com.github.uiautomator-2aAf_3GAB35tNxbEPXpBTg==/base.apk"],nativeLibraryDirectories=[/data/app/com.github.uiautomator.test-stcLg0WDV63hYGpERpwR-Q==/lib/arm64, /data/app/com.github.uiautomator-2aAf_3GAB35tNxbEPXpBTg==/lib/arm64, /system/lib64, /vendor/lib64]]
01-01 00:09:01.415  4511  4526 I zygote64:   at java.lang.Class dalvik.system.BaseDexClassLoader.findClass(java.lang.String) (BaseDexClassLoader.java:125)
01-01 00:09:01.415  4511  4526 I zygote64:   at java.lang.Class java.lang.ClassLoader.loadClass(java.lang.String, boolean) (ClassLoader.java:379)
01-01 00:09:01.415  4511  4526 I zygote64:   at java.lang.Class java.lang.ClassLoader.loadClass(java.lang.String) (ClassLoader.java:312)
01-01 00:09:01.415  4511  4526 I zygote64:   at java.lang.Class java.lang.Class.classForName(java.lang.String, boolean, java.lang.ClassLoader) (Class.java:-2)
01-01 00:09:01.415  4511  4526 I zygote64:   at java.lang.Class java.lang.Class.forName(java.lang.String, boolean, java.lang.ClassLoader) (Class.java:453)
01-01 00:09:01.415  4511  4526 I zygote64:   at void android.support.test.internal.runner.TestLoader.doCreateRunner(java.lang.String, boolean) (TestLoader.java:72)
01-01 00:09:01.415  4511  4526 I zygote64:   at java.util.List android.support.test.internal.runner.TestLoader.getRunnersFor(java.util.Collection, boolean) (TestLoader.java:104)
01-01 00:09:01.415  4511  4526 I zygote64:   at org.junit.runner.Request android.support.test.internal.runner.TestRequestBuilder.build() (TestRequestBuilder.java:789)
01-01 00:09:01.415  4511  4526 I zygote64:   at org.junit.runner.Request android.support.test.runner.AndroidJUnitRunner.buildRequest(android.support.test.internal.runner.RunnerArgs, android.os.Bundle) (AndroidJUnitRunner.java:539)
01-01 00:09:01.415  4511  4526 I zygote64:   at void android.support.test.runner.AndroidJUnitRunner.onStart() (AndroidJUnitRunner.java:382)
01-01 00:09:01.415  4511  4526 I zygote64:   at void android.app.Instrumentation$InstrumentationThread.run() (Instrumentation.java:2113)
01-01 00:09:01.415  4511  4526 I zygote64: 
01-01 00:09:01.416  4511  4526 I zygote64: Rejecting re-init on previously-failed class java.lang.Class<com.googlecode.jsonrpc4j.spring.JsonServiceExporter>: java.lang.NoClassDefFoundError: Failed resolution of: Lorg/springframework/remoting/support/RemoteExporter;
01-01 00:09:01.416  4511  4526 I zygote64:   at java.lang.Class java.lang.Class.classForName(java.lang.String, boolean, java.lang.ClassLoader) (Class.java:-2)
01-01 00:09:01.416  4511  4526 I zygote64:   at java.lang.Class java.lang.Class.forName(java.lang.String, boolean, java.lang.ClassLoader) (Class.java:453)
01-01 00:09:01.416  4511  4526 I zygote64:   at void android.support.test.internal.runner.TestLoader.doCreateRunner(java.lang.String, boolean) (TestLoader.java:72)
01-01 00:09:01.416  4511  4526 I zygote64:   at java.util.List android.support.test.internal.runner.TestLoader.getRunnersFor(java.util.Collection, boolean) (TestLoader.java:104)
01-01 00:09:01.416  4511  4526 I zygote64:   at org.junit.runner.Request android.support.test.internal.runner.TestRequestBuilder.build() (TestRequestBuilder.java:789)
01-01 00:09:01.416  4511  4526 I zygote64:   at org.junit.runner.Request android.support.test.runner.AndroidJUnitRunner.buildRequest(android.support.test.internal.runner.RunnerArgs, android.os.Bundle) (AndroidJUnitRunner.java:539)
01-01 00:09:01.416  4511  4526 I zygote64:   at void android.support.test.runner.AndroidJUnitRunner.onStart() (AndroidJUnitRunner.java:382)
01-01 00:09:01.416  4511  4526 I zygote64:   at void android.app.Instrumentation$InstrumentationThread.run() (Instrumentation.java:2113)
01-01 00:09:01.416  4511  4526 I zygote64: Caused by: java.lang.ClassNotFoundException: Didn't find class "org.springframework.remoting.support.RemoteExporter" on path: DexPathList[[zip file "/system/framework/android.test.runner.jar", zip file "/system/framework/android.test.mock.jar", zip file "/data/app/com.github.uiautomator.test-stcLg0WDV63hYGpERpwR-Q==/base.apk", zip file "/data/app/com.github.uiautomator-2aAf_3GAB35tNxbEPXpBTg==/base.apk"],nativeLibraryDirectories=[/data/app/com.github.uiautomator.test-stcLg0WDV63hYGpERpwR-Q==/lib/arm64, /data/app/com.github.uiautomator-2aAf_3GAB35tNxbEPXpBTg==/lib/arm64, /system/lib64, /vendor/lib64]]
01-01 00:09:01.416  4511  4526 I zygote64:   at java.lang.Class dalvik.system.BaseDexClassLoader.findClass(java.lang.String) (BaseDexClassLoader.java:125)
01-01 00:09:01.416  4511  4526 I zygote64:   at java.lang.Class java.lang.ClassLoader.loadClass(java.lang.String, boolean) (ClassLoader.java:379)
01-01 00:09:01.416  4511  4526 I zygote64:   at java.lang.Class java.lang.ClassLoader.loadClass(java.lang.String) (ClassLoader.java:312)
01-01 00:09:01.416  4511  4526 I zygote64:   at java.lang.Class java.lang.Class.classForName(java.lang.String, boolean, java.lang.ClassLoader) (Class.java:-2)
01-01 00:09:01.416  4511  4526 I zygote64:   at java.lang.Class java.lang.Class.forName(java.lang.String, boolean, java.lang.ClassLoader) (Class.java:453)
01-01 00:09:01.416  4511  4526 I zygote64:   at void android.support.test.internal.runner.TestLoader.doCreateRunner(java.lang.String, boolean) (TestLoader.java:72)
01-01 00:09:01.416  4511  4526 I zygote64:   at java.util.List android.support.test.internal.runner.TestLoader.getRunnersFor(java.util.Collection, boolean) (TestLoader.java:104)
01-01 00:09:01.416  4511  4526 I zygote64:   at org.junit.runner.Request android.support.test.internal.runner.TestRequestBuilder.build() (TestRequestBuilder.java:789)
01-01 00:09:01.416  4511  4526 I zygote64:   at org.junit.runner.Request android.support.test.runner.AndroidJUnitRunner.buildRequest(android.support.test.internal.runner.RunnerArgs, android.os.Bundle) (AndroidJUnitRunner.java:539)
01-01 00:09:01.416  4511  4526 I zygote64:   at void android.support.test.runner.AndroidJUnitRunner.onStart() (AndroidJUnitRunner.java:382)
01-01 00:09:01.416  4511  4526 I zygote64:   at void android.app.Instrumentation$InstrumentationThread.run() (Instrumentation.java:2113)
01-01 00:09:01.416  4511  4526 I zygote64: 
01-01 00:09:01.416  4511  4526 E TestLoader: Could not find class: com.googlecode.jsonrpc4j.spring.JsonServiceExporter
01-01 00:09:01.417  4511  4526 I zygote64: Rejecting re-init on previously-failed class java.lang.Class<com.googlecode.jsonrpc4j.spring.AbstractJsonServiceExporter>: java.lang.NoClassDefFoundError: Failed resolution of: Lorg/springframework/remoting/support/RemoteExporter;
01-01 00:09:01.417  4511  4526 I zygote64:   at java.lang.Class java.lang.Class.classForName(java.lang.String, boolean, java.lang.ClassLoader) (Class.java:-2)
01-01 00:09:01.417  4511  4526 I zygote64:   at java.lang.Class java.lang.Class.forName(java.lang.String, boolean, java.lang.ClassLoader) (Class.java:453)
01-01 00:09:01.417  4511  4526 I zygote64:   at void android.support.test.internal.runner.TestLoader.doCreateRunner(java.lang.String, boolean) (TestLoader.java:72)
01-01 00:09:01.417  4511  4526 I zygote64:   at java.util.List android.support.test.internal.runner.TestLoader.getRunnersFor(java.util.Collection, boolean) (TestLoader.java:104)
01-01 00:09:01.417  4511  4526 I zygote64:   at org.junit.runner.Request android.support.test.internal.runner.TestRequestBuilder.build() (TestRequestBuilder.java:789)
01-01 00:09:01.417  4511  4526 I zygote64:   at org.junit.runner.Request android.support.test.runner.AndroidJUnitRunner.buildRequest(android.support.test.internal.runner.RunnerArgs, android.os.Bundle) (AndroidJUnitRunner.java:539)
01-01 00:09:01.417  4511  4526 I zygote64:   at void android.support.test.runner.AndroidJUnitRunner.onStart() (AndroidJUnitRunner.java:382)
01-01 00:09:01.417  4511  4526 I zygote64:   at void android.app.Instrumentation$InstrumentationThread.run() (Instrumentation.java:2113)
01-01 00:09:01.417  4511  4526 I zygote64: Caused by: java.lang.ClassNotFoundException: Didn't find class "org.springframework.remoting.support.RemoteExporter" on path: DexPathList[[zip file "/system/framework/android.test.runner.jar", zip file "/system/framework/android.test.mock.jar", zip file "/data/app/com.github.uiautomator.test-stcLg0WDV63hYGpERpwR-Q==/base.apk", zip file "/data/app/com.github.uiautomator-2aAf_3GAB35tNxbEPXpBTg==/base.apk"],nativeLibraryDirectories=[/data/app/com.github.uiautomator.test-stcLg0WDV63hYGpERpwR-Q==/lib/arm64, /data/app/com.github.uiautomator-2aAf_3GAB35tNxbEPXpBTg==/lib/arm64, /system/lib64, /vendor/lib64]]
01-01 00:09:01.417  4511  4526 I zygote64:   at java.lang.Class dalvik.system.BaseDexClassLoader.findClass(java.lang.String) (BaseDexClassLoader.java:125)
01-01 00:09:01.417  4511  4526 I zygote64:   at java.lang.Class java.lang.ClassLoader.loadClass(java.lang.String, boolean) (ClassLoader.java:379)
01-01 00:09:01.417  4511  4526 I zygote64:   at java.lang.Class java.lang.ClassLoader.loadClass(java.lang.String) (ClassLoader.java:312)
01-01 00:09:01.417  4511  4526 I zygote64:   at java.lang.Class java.lang.Class.classForName(java.lang.String, boolean, java.lang.ClassLoader) (Class.java:-2)
01-01 00:09:01.417  4511  4526 I zygote64:   at java.lang.Class java.lang.Class.forName(java.lang.String, boolean, java.lang.ClassLoader) (Class.java:453)
01-01 00:09:01.417  4511  4526 I zygote64:   at void android.support.test.internal.runner.TestLoader.doCreateRunner(java.lang.String, boolean) (TestLoader.java:72)
01-01 00:09:01.417  4511  4526 I zygote64:   at java.util.List android.support.test.internal.runner.TestLoader.getRunnersFor(java.util.Collection, boolean) (TestLoader.java:104)
01-01 00:09:01.417  4511  4526 I zygote64:   at org.junit.runner.Request android.support.test.internal.runner.TestRequestBuilder.build() (TestRequestBuilder.java:789)
01-01 00:09:01.417  4511  4526 I zygote64:   at org.junit.runner.Request android.support.test.runner.AndroidJUnitRunner.buildRequest(android.support.test.internal.runner.RunnerArgs, android.os.Bundle) (AndroidJUnitRunner.java:539)
01-01 00:09:01.417  4511  4526 I zygote64:   at void android.support.test.runner.AndroidJUnitRunner.onStart() (AndroidJUnitRunner.java:382)
01-01 00:09:01.417  4511  4526 I zygote64:   at void android.app.Instrumentation$InstrumentationThread.run() (Instrumentation.java:2113)
01-01 00:09:01.417  4511  4526 I zygote64: 
01-01 00:09:01.417  4511  4526 I zygote64: Rejecting re-init on previously-failed class java.lang.Class<com.googlecode.jsonrpc4j.spring.JsonStreamServiceExporter>: java.lang.NoClassDefFoundError: Failed resolution of: Lorg/springframework/remoting/support/RemoteExporter;
01-01 00:09:01.417  4511  4526 I zygote64:   at java.lang.Class java.lang.Class.classForName(java.lang.String, boolean, java.lang.ClassLoader) (Class.java:-2)
01-01 00:09:01.418  4511  4526 I zygote64:   at java.lang.Class java.lang.Class.forName(java.lang.String, boolean, java.lang.ClassLoader) (Class.java:453)
01-01 00:09:01.418  4511  4526 I zygote64:   at void android.support.test.internal.runner.TestLoader.doCreateRunner(java.lang.String, boolean) (TestLoader.java:72)
01-01 00:09:01.418  4511  4526 I zygote64:   at java.util.List android.support.test.internal.runner.TestLoader.getRunnersFor(java.util.Collection, boolean) (TestLoader.java:104)
01-01 00:09:01.418  4511  4526 I zygote64:   at org.junit.runner.Request android.support.test.internal.runner.TestRequestBuilder.build() (TestRequestBuilder.java:789)
01-01 00:09:01.418  4511  4526 I zygote64:   at org.junit.runner.Request android.support.test.runner.AndroidJUnitRunner.buildRequest(android.support.test.internal.runner.RunnerArgs, android.os.Bundle) (AndroidJUnitRunner.java:539)
01-01 00:09:01.418  4511  4526 I zygote64:   at void android.support.test.runner.AndroidJUnitRunner.onStart() (AndroidJUnitRunner.java:382)
01-01 00:09:01.418  4511  4526 I zygote64:   at void android.app.Instrumentation$InstrumentationThread.run() (Instrumentation.java:2113)
01-01 00:09:01.418  4511  4526 I zygote64: Caused by: java.lang.ClassNotFoundException: Didn't find class "org.springframework.remoting.support.RemoteExporter" on path: DexPathList[[zip file "/system/framework/android.test.runner.jar", zip file "/system/framework/android.test.mock.jar", zip file "/data/app/com.github.uiautomator.test-stcLg0WDV63hYGpERpwR-Q==/base.apk", zip file "/data/app/com.github.uiautomator-2aAf_3GAB35tNxbEPXpBTg==/base.apk"],nativeLibraryDirectories=[/data/app/com.github.uiautomator.test-stcLg0WDV63hYGpERpwR-Q==/lib/arm64, /data/app/com.github.uiautomator-2aAf_3GAB35tNxbEPXpBTg==/lib/arm64, /system/lib64, /vendor/lib64]]
01-01 00:09:01.418  4511  4526 I zygote64:   at java.lang.Class dalvik.system.BaseDexClassLoader.findClass(java.lang.String) (BaseDexClassLoader.java:125)
01-01 00:09:01.418  4511  4526 I zygote64:   at java.lang.Class java.lang.ClassLoader.loadClass(java.lang.String, boolean) (ClassLoader.java:379)
01-01 00:09:01.418  4511  4526 I zygote64:   at java.lang.Class java.lang.ClassLoader.loadClass(java.lang.String) (ClassLoader.java:312)
01-01 00:09:01.418  4511  4526 I zygote64:   at java.lang.Class java.lang.Class.classForName(java.lang.String, boolean, java.lang.ClassLoader) (Class.java:-2)
01-01 00:09:01.418  4511  4526 I zygote64:   at java.lang.Class java.lang.Class.forName(java.lang.String, boolean, java.lang.ClassLoader) (Class.java:453)
01-01 00:09:01.418  4511  4526 I zygote64:   at void android.support.test.internal.runner.TestLoader.doCreateRunner(java.lang.String, boolean) (TestLoader.java:72)
01-01 00:09:01.418  4511  4526 I zygote64:   at java.util.List android.support.test.internal.runner.TestLoader.getRunnersFor(java.util.Collection, boolean) (TestLoader.java:104)
01-01 00:09:01.461  4511  4526 D TestExecutor: Adding listener android.support.test.internal.runner.listener.LogRunListener
01-01 00:09:01.462  4511  4526 D TestExecutor: Adding listener android.support.test.internal.runner.listener.InstrumentationResultPrinter
01-01 00:09:01.462  4511  4526 D TestExecutor: Adding listener android.support.test.internal.runner.listener.ActivityFinisherRunListener
01-01 00:09:01.465  4511  4526 I TestRunner: run started: 2 tests
01-01 00:09:01.468  4511  4526 I TestRunner: started: testApplicationTestCaseSetUpProperly(com.github.uiautomator.ApplicationTest)
01-01 00:09:01.471  4511  4511 I MonitoringInstr: Activities that are still in CREATED to STOPPED: 0
01-01 00:09:01.472  4511  4526 I TestRunner: finished: testApplicationTestCaseSetUpProperly(com.github.uiautomator.ApplicationTest)
01-01 00:09:01.476  4511  4511 I MonitoringInstr: Activities that are still in CREATED to STOPPED: 0
01-01 00:09:01.482  4511  4526 I TestRunner: started: testUIAutomatorStub(com.github.uiautomator.stub.Stub)
01-01 00:09:01.484  4511  4511 I MonitoringInstr: Activities that are still in CREATED to STOPPED: 0
01-01 00:09:01.606   753   762 I sssv-lib: sendMsg enter
01-01 00:09:01.606   753   762 I sssv-lib: sendMsg complete.
01-01 00:09:01.628  2052  2052 E         : 
01-01 00:09:01.628  2052  2052 E         : Buffer Size = 1048576
01-01 00:09:01.636  2052  2052 E         : 
01-01 00:09:01.636  2052  2052 E         : <31>[   33.082741] logd: logdr: UID=0 GID=1000 PID=3286 b tail=0 logMask=1f pid=0 start=0ns timeout=0ns
01-01 00:09:01.636  2052  2052 E         : <6>[   33.221773] QSEECOM: scm_call_qcpe:429 : IN: 0x70000006, 0x8887, 0x20002, 0xfe812000, 0x58, 0xfe812000, 0x25e9cd000
01-01 00:09:01.636  2052  2052 E         : <6>[   33.229134] QSEECOM: scm_call_qcpe:503 : OUT: 0x0, 0x0, 0xee01, 0x20002
01-01 00:09:01.636  2052  2052 E         : <6>[   34.233054] QSEECOM: scm_call_qcpe:429 : IN: 0x70000006, 0x8887, 0x20002, 0xfe812000, 0x58, 0xfe812000, 0x25e9cd000
01-01 00:09:01.636  2052  2052 E         : <6>[   34.238651] QSEECOM: scm_call_qcpe:503 : OUT: 0x0, 0x0, 0xee01, 0x20002
01-01 00:09:01.636  2052  2052 E         : <6>[   35.443428] QSEECOM: scm_call_qcpe:429 : IN: 0x4200010a, 0x2, 0x0, 0xd, 0x0, 0x0, 0x0
01-01 00:09:01.636  2052  2052 E         : <6>[   35.444595] QSEECOM: scm_call_qcpe:503 : OUT: 0x0, 0x0, 0x0, 0x0
01-01 00:09:01.636  2052  2052 E         : <6>[   35.524418] QSEECOM: scm_call_qcpe:429 : IN: 0x42000d07, 0x0, 0x0, 0x0, 0x0, 0x0, 0x0
01-01 00:09:01.636  2052  2052 E         : <6>[   35.525697] QSEECOM: scm_call_qcpe:503 : OUT: 0x0, 0x0, 0x0, 0x0
01-01 00:09:01.636  2052  2052 E         : <14>[   35.916386] init: Uptime: 00035.916275 LocalTime: 01-01 00:00:39.935
01-01 00:09:01.636  2052  2052 E         : <14>[   35.916407] init: 
01-01 00:09:01.636  2052  2052 E         : <38>[   36.161023] type=1400 audit(33.559:19): avc: denied { read write } for pid=3004 com
01-01 00:09:01.638  2052  2052 E         : USB Hub Detector 1.0
01-01 00:09:01.826  1137  1595 D WificondControl: Scan result ready event
01-01 00:09:01.827   915  1419 I LOWI-8.5.0.3.c: [LOWI-Scan] lowi_close_record:Scan completed in 521703ms and Recieved 37 APs scan results
01-01 00:09:01.827  1137  1307 I WifiService: isScanAlwaysAvailable uid=1000
01-01 00:09:01.827  1137  1307 I WifiService: getWifiEnabledState uid=1000
01-01 00:09:01.827   817   817 I wificond: Enters wifigbk_ageOutHistory
01-01 00:09:01.829   915   925 I LOWI-8.5.0.3.c: [LOWIUtils] responseToOutPostcard - TO: GTP-FDAL, FROM:   LOWI-SERVER, RESP:  LOWI_ASYNC_DISCOVERY_SCAN_RESULTS
01-01 00:09:01.830  1137  1300 D InformationElementUtil: Parse wapi keyManagement is: 2
01-01 00:09:01.832  1137  1307 D InformationElementUtil: Parse wapi keyManagement is: 2
01-01 00:09:01.835   917  1012 W XTCC-6.1.2.10-a: [LOWIUtils] to_eScanTypeResponse - default case
01-01 00:09:01.835   917  1012 W XTCC-6.1.2.10-a: [WifiScanner] WiFi scan result : [37] AP's, async result: 1
01-01 00:09:01.835  1137  1300 D WifiConfiguration: configKey: false
01-01 00:09:01.838  1137  1307 I WifiService: isScanAlwaysAvailable uid=1000
01-01 00:09:01.838  1137  1307 I WifiService: getWifiEnabledState uid=1000
01-01 00:09:01.842  2158  2158 D HMI_SERVICE: USE_CASE_NA|FUN=HmiApplication| [action] android.net.wifi.SCAN_RESULTS
01-01 00:09:01.842  3823  3823 E HMI2-SETTINGS - CI08.4: className -> WifiActivity | functionName -> mWifiScanReceiver -> onReceive | error ->intent_action:android.net.wifi.SCAN_RESULTS
01-01 00:09:01.843  1137  1595 I WifiService: getWifiEnabledState uid=1000
01-01 00:09:01.844  1137  1595 I WifiService: getConnectionInfo uid=1000
01-01 00:09:01.846  1137  2366 I WifiService: getConfiguredNetworks uid=1000
01-01 00:09:01.848  1137  1300 D ScanResultUtil: isScanResultForWapiPskNetwork: false
01-01 00:09:01.854  1137  1300 I chatty  : uid=1000(system) WifiStateMachin identical 63 lines
01-01 00:09:01.854  1137  1300 D ScanResultUtil: isScanResultForWapiPskNetwork: false
01-01 00:09:01.854  1137  1300 D WifiConfiguration: configKey: false
01-01 00:09:01.854  1137  1300 D WifiConfiguration: configKey: false
01-01 00:09:01.855  1137  1300 D ScanResultUtil: isScanResultForWapiPskNetwork: false
01-01 00:09:01.855  1137  1300 I chatty  : uid=1000(system) WifiStateMachin identical 4 lines
01-01 00:09:01.855  1137  1300 D ScanResultUtil: isScanResultForWapiPskNetwork: false
01-01 00:09:01.855  1137  1300 D WifiConfiguration: configKey: false
01-01 00:09:01.855  1137  1300 D WifiConfiguration: configKey: false
01-01 00:09:01.855  1137  1300 D ScanResultUtil: isScanResultForWapiPskNetwork: false
01-01 00:09:01.855  1137  1300 D WifiConfiguration: configKey: false
01-01 00:09:01.855  1137  1300 D WifiConfiguration: configKey: false
01-01 00:09:01.857  3823  3823 W HMI2-SETTINGS - CI08.4: className -> WifiActivity | functionName -> getSavedNetworkList | value -> config.netID ->4
01-01 00:09:01.857  3823  3823 W HMI2-SETTINGS - CI08.4: className -> WifiActivity | functionName -> getSavedNetworkList | value -> config.SSID ->"RSE_Test"
01-01 00:09:01.857  3823  3823 W HMI2-SETTINGS - CI08.4: className -> WifiActivity | functionName -> getSavedNetworkList | value -> config.BSSID ->null
01-01 00:09:01.857  3823  3823 W HMI2-SETTINGS: SWR_BAIDU_HMI_0027|SWR_BAIDU_HMI_0015|FUN=WifiActivity::getScanResults|1|Get list of available wifi hotspots.
01-01 00:09:01.864  1137  2366 I WifiService: getConnectionInfo uid=1000
01-01 00:09:01.866  3823  3823 W HMI2-SETTINGS - CI08.4: className -> WifiActivity | functionName -> isWapiVariantBlocked | value -> security_type:2
01-01 00:09:01.866  3823  3823 W HMI2-SETTINGS - CI08.4: className -> WifiActivity | functionName -> isInConnected | value -> RSE_Test|ACSIA_CORP2|2|2
01-01 00:09:01.866  3823  3823 W HMI2-SETTINGS - CI08.4: className -> WifiActivity | functionName -> isWapiVariantBlocked | value -> security_type:2
01-01 00:09:01.866  3823  3823 W HMI2-SETTINGS - CI08.4: className -> WifiActivity | functionName -> isInConnected | value -> RSE_Test| ACSIA_CORP3|2|2
01-01 00:09:01.866  3823  3823 W HMI2-SETTINGS - CI08.4: className -> WifiActivity | functionName -> isWapiVariantBlocked | value -> security_type:2
01-01 00:09:01.866  3823  3823 W HMI2-SETTINGS - CI08.4: className -> WifiActivity | functionName -> isInConnected | value -> RSE_Test|ACSIA_Management|2|2
01-01 00:09:01.866  3823  3823 W HMI2-SETTINGS - CI08.4: className -> WifiActivity | functionName -> isWapiVariantBlocked | value -> security_type:2
01-01 00:09:01.866  3823  3823 W HMI2-SETTINGS - CI08.4: className -> WifiActivity | functionName -> isInConnected | value -> RSE_Test|ACSIA_GUEST1|2|2
01-01 00:09:01.866  3823  3823 W HMI2-SETTINGS - CI08.4: className -> WifiActivity | functionName -> isWapiVariantBlocked | value -> security_type:2
01-01 00:09:01.866  3823  3823 W HMI2-SETTINGS - CI08.4: className -> WifiActivity | functionName -> isInConnected | value -> RSE_Test|RSE_Test|2|2
01-01 00:09:01.866  3823  3823 W HMI2-SETTINGS - CI08.4: className -> WifiActivity | functionName -> isWapiVariantBlocked | value -> security_type:2
01-01 00:09:01.866  3823  3823 W HMI2-SETTINGS - CI08.4: className -> WifiActivity | functionName -> isInConnected | value -> RSE_Test|ACSIA_CORP1|2|2
01-01 00:09:01.866  3823  3823 W HMI2-SETTINGS - CI08.4: className -> WifiActivity | functionName -> isWapiVariantBlocked | value -> security_type:2
01-01 00:09:01.866  3823  3823 W HMI2-SETTINGS - CI08.4: className -> WifiActivity | functionName -> isInConnected | value -> RSE_Test|ACSIA_DEV|2|2
01-01 00:09:01.866  3823  3823 W HMI2-SETTINGS - CI08.4: className -> WifiActivity | functionName -> isWapiVariantBlocked | value -> security_type:2
01-01 00:09:01.866  3823  3823 W HMI2-SETTINGS - CI08.4: className -> WifiActivity | functionName -> isInConnected | value -> RSE_Test|Secure|2|2
01-01 00:09:01.866  3823  3823 W HMI2-SETTINGS - CI08.4: className -> WifiActivity | functionName -> isWapiVariantBlocked | value -> security_type:2
01-01 00:09:01.866  3823  3823 W HMI2-SETTINGS - CI08.4: className -> WifiActivity | functionName -> isInConnected | value -> RSE_Test|NETGEAR66-5G|2|2
01-01 00:09:01.866  3823  3823 W HMI2-SETTINGS - CI08.4: className -> WifiActivity | functionName -> isWapiVariantBlocked | value -> security_type:2
01-01 00:09:01.866  3823  3823 W HMI2-SETTINGS - CI08.4: className -> WifiActivity | functionName -> isInConnected | value -> RSE_Test|HUWIFI|2|2
01-01 00:09:01.866  3823  3823 W HMI2-SETTINGS - CI08.4: className -> WifiActivity | functionName -> isWapiVariantBlocked | value -> security_type:2
01-01 00:09:01.866  3823  3823 W HMI2-SETTINGS - CI08.4: className -> WifiActivity | functionName -> isInConnected | value -> RSE_Test|ACSIA_DEV|2|2
01-01 00:09:01.866  3823  3823 W HMI2-SETTINGS - CI08.4: className -> WifiActivity | functionName -> isWapiVariantBlocked | value -> security_type:2
01-01 00:09:01.867  3823  3823 W HMI2-SETTINGS - CI08.4: className -> WifiActivity | functionName -> isInConnected | value -> RSE_Test|ACSIA_GUEST1|2|2
01-01 00:09:01.867  3823  3823 W HMI2-SETTINGS - CI08.4: className -> WifiActivity | functionName -> isWapiVariantBlocked | value -> security_type:2
01-01 00:09:01.867  3823  3823 W HMI2-SETTINGS - CI08.4: className -> WifiActivity | functionName -> isInConnected | value -> RSE_Test|ACSIA_CORP2|2|2
01-01 00:09:01.867  3823  3823 W HMI2-SETTINGS - CI08.4: className -> WifiActivity | functionName -> isWapiVariantBlocked | value -> security_type:2
01-01 00:09:01.867  3823  3823 W HMI2-SETTINGS - CI08.4: className -> WifiActivity | functionName -> isInConnected | value -> RSE_Test| ACSIA_CORP3|2|2
01-01 00:09:01.867  3823  3823 W HMI2-SETTINGS - CI08.4: className -> WifiActivity | functionName -> isWapiVariantBlocked | value -> security_type:2
01-01 00:09:01.867  3823  3823 W HMI2-SETTINGS - CI08.4: className -> WifiActivity | functionName -> isInConnected | value -> RSE_Test|ACSIA_CORP1|2|2
01-01 00:09:01.867  3823  3823 W HMI2-SETTINGS - CI08.4: className -> WifiActivity | functionName -> isWapiVariantBlocked | value -> security_type:2
01-01 00:09:01.867  3823  3823 W HMI2-SETTINGS - CI08.4: className -> WifiActivity | functionName -> isInConnected | value -> RSE_Test|RSE_Test|2|2
01-01 00:09:01.867  3823  3823 W HMI2-SETTINGS - CI08.4: className -> WifiActivity | functionName -> isWapiVariantBlocked | value -> security_type:2
01-01 00:09:01.867  3823  3823 W HMI2-SETTINGS - CI08.4: className -> WifiActivity | functionName -> isInConnected | value -> RSE_Test|ACSIA_Management|2|2
01-01 00:09:01.867  3823  3823 W HMI2-SETTINGS - CI08.4: className -> WifiActivity | functionName -> isWapiVariantBlocked | value -> security_type:2
01-01 00:09:01.867  3823  3823 W HMI2-SETTINGS - CI08.4: className -> WifiActivity | functionName -> isInConnected | value -> RSE_Test|AUTOMATION_TEST|2|2
01-01 00:09:01.867  3823  3823 W HMI2-SETTINGS - CI08.4: className -> WifiActivity | functionName -> isWapiVariantBlocked | value -> security_type:2
01-01 00:09:01.867  3823  3823 W HMI2-SETTINGS - CI08.4: className -> WifiActivity | functionName -> isInConnected | value -> RSE_Test|ACSIA_DEV|2|2
01-01 00:09:01.867  3823  3823 W HMI2-SETTINGS - CI08.4: className -> WifiActivity | functionName -> isWapiVariantBlocked | value -> security_type:2
01-01 00:09:01.867  3823  3823 W HMI2-SETTINGS - CI08.4: className -> WifiActivity | functionName -> isInConnected | value -> RSE_Test|RSE_Test|2|2
01-01 00:09:01.867  3823  3823 W HMI2-SETTINGS - CI08.4: className -> WifiActivity | functionName -> isWapiVariantBlocked | value -> security_type:2
01-01 00:09:01.867  3823  3823 W HMI2-SETTINGS - CI08.4: className -> WifiActivity | functionName -> isInConnected | value -> RSE_Test| ACSIA_CORP3|2|2
01-01 00:09:01.867  3823  3823 W HMI2-SETTINGS - CI08.4: className -> WifiActivity | functionName -> isWapiVariantBlocked | value -> security_type:2
01-01 00:09:01.867  3823  3823 W HMI2-SETTINGS - CI08.4: className -> WifiActivity | functionName -> isInConnected | value -> RSE_Test|ACSIA_Management|2|2
01-01 00:09:01.867  3823  3823 W HMI2-SETTINGS - CI08.4: className -> WifiActivity | functionName -> isWapiVariantBlocked | value -> security_type:2
01-01 00:09:01.867  3823  3823 W HMI2-SETTINGS - CI08.4: className -> WifiActivity | functionName -> isInConnected | value -> RSE_Test|ACSIA_GUEST1|2|2
01-01 00:09:01.867  3823  3823 W HMI2-SETTINGS - CI08.4: className -> WifiActivity | functionName -> isWapiVariantBlocked | value -> security_type:2
01-01 00:09:01.867  3823  3823 W HMI2-SETTINGS - CI08.4: className -> WifiActivity | functionName -> isInConnected | value -> RSE_Test|ACSIA_CORP2|2|2
01-01 00:09:01.867  3823  3823 W HMI2-SETTINGS - CI08.4: className -> WifiActivity | functionName -> isWapiVariantBlocked | value -> security_type:2
01-01 00:09:01.867  3823  3823 W HMI2-SETTINGS - CI08.4: className -> WifiActivity | functionName -> isInConnected | value -> RSE_Test|ACSIA_CORP1|2|2
01-01 00:09:01.867  3823  3823 W HMI2-SETTINGS - CI08.4: className -> WifiActivity | functionName -> isWapiVariantBlocked | value -> security_type:4
01-01 00:09:01.867  3823  3823 W HMI2-SETTINGS - CI08.4: className -> WifiActivity | functionName -> isWapiVariantBlocked | value -> security_type:0
01-01 00:09:01.867  3823  3823 W HMI2-SETTINGS - CI08.4: className -> WifiActivity | functionName -> isInConnected | value -> RSE_Test|HP-Print-DB-LaserJet Pro MFP|2|0
01-01 00:09:01.867  3823  3823 W HMI2-SETTINGS - CI08.4: className -> WifiActivity | functionName -> handleAllAvailNetwork | value -> savedNetwork ->1
01-01 00:09:01.867  3823  3823 W HMI2-SETTINGS - CI08.4: className -> WifiActivity | functionName -> handleAllAvailNetwork | value -> presentVisibleNetwork ->23
01-01 00:09:01.871  1137  2366 I WifiService: getConnectionInfo uid=1000
01-01 00:09:01.872  1137  2366 I WifiService: getConnectionInfo uid=1000
01-01 00:09:01.872  3823  3823 W HMI2-SETTINGS - CI08.4: className -> WifiActivity | functionName -> setCurrentConfig | value ->  current->RSE_Test ConnectedSSID->RSE_Test
01-01 00:09:01.873  3823  3823 W HMI2-SETTINGS - CI08.4: className -> WifiActivity | functionName -> same ssid configuration | value ->  skip save
01-01 00:09:01.873  1137  2366 I WifiService: getConfiguredNetworks uid=1000
01-01 00:09:01.874  3823  3823 W HMI2-SETTINGS - CI08.4: className -> WifiActivity | functionName -> getConfig: success-> | value -> "RSE_Test"
01-01 00:09:01.874  3823  3823 W HMI2-SETTINGS - CI08.4: className -> WifiActivity | functionName -> getConnectSummary | value -> getConnectSummary* ID: 4 SSID: "RSE_Test" PROVIDER-NAME: null BSSID: null FQDN: null PRIO: 0 HIDDEN: false
01-01 00:09:01.874  3823  3823 W HMI2-SETTINGS - CI08.4:  NetworkSelectionStatus NETWORK_SELECTION_ENABLED
01-01 00:09:01.874  3823  3823 W HMI2-SETTINGS - CI08.4:  hasEverConnected: true
01-01 00:09:01.874  3823  3823 W HMI2-SETTINGS - CI08.4:  numAssociation 3
01-01 00:09:01.874  3823  3823 W HMI2-SETTINGS - CI08.4:  validatedInternetAccess
01-01 00:09:01.874  3823  3823 W HMI2-SETTINGS - CI08.4:  KeyMgmt: WPA_PSK Protocols: WPA RSN
01-01 00:09:01.874  3823  3823 W HMI2-SETTINGS - CI08.4:  AuthAlgorithms: OPEN
01-01 00:09:01.874  3823  3823 W HMI2-SETTINGS - CI08.4:  PairwiseCiphers: TKIP CCMP
01-01 00:09:01.874  3823  3823 W HMI2-SETTINGS - CI08.4:  GroupCiphers: TKIP CCMP
01-01 00:09:01.874  3823  3823 W HMI2-SETTINGS - CI08.4:  PSK: *
01-01 00:09:01.874  3823  3823 W HMI2-SETTINGS - CI08.4: 
01-01 00:09:01.874  3823  3823 W HMI2-SETTINGS - CI08.4:  sim_num 
01-01 00:09:01.874  3823  3823 W HMI2-SETTINGS - CI08.4: Enterprise config:
01-01 00:09:01.874  3823  3823 W HMI2-SETTINGS - CI08.4: IP config:
01-01 00:09:01.874  3823  3823 W HMI2-SETTINGS - CI08.4: IP assignment: DHCP
01-01 00:09:01.874  3823  3823 W HMI2-SETTINGS - CI08.4: Proxy settings: NONE
01-01 00:09:01.874  3823  3823 W HMI2-SETTINGS - CI08.4:  cuid=1000 cname=android.uid.system:1000 luid=1000 lname=android.uid.system:1000 lcuid=1000 userApproved=USER_UNSPECIFIED noInternetAccessExpected=false roamingFailureBlackListTimeMilli: 1000
01-01 00:09:01.874  3823  3823 W HMI2-SETTINGS - CI08.4: recentFailure: Association Rejection code: 0
01-01 00:09:01.874  3823  3823 W HMI2-SETTINGS - CI08.4: ShareThisAp: false
01-01 00:09:01.874  3823  3823 W HMI2-SETTINGS - CI08.4: className -> WifiActivity | functionName -> getConnectSummary : | value ->  Saved
01-01 00:09:02.498  1943  1963 D LCMANDR : SWR_OOB_HV_MF_009|FUN=LifeCycleManagerService::LifeCycle_ReportCompStatus|GOT ALIVENESS SIGNAL FROM DAIAPP : [0]; HB Counter = [ 205 ]; STATUS INFO = [ 0 ]
01-01 00:09:02.499  1534  1534 I Connectivity_AIDL|AIDL_Handler.AIDL_Helpers.LcmHelper: MBUX App Method: KeepAliveTest |Line No: 408 |Log Type: Critical |Message: MainThread:MBUX-App HB Count: 207, ResponseCode: 0
01-01 00:09:02.606   753   762 I sssv-lib: sendMsg enter
01-01 00:09:02.607   753   762 I sssv-lib: sendMsg complete.
01-01 00:09:02.628  1943  1943 I LCMANDR : SWR_OOB_HV_MF_009|FUN=ResourceMonitoringService::movingMemoryAverage|2|Moving memory average :23.207497
01-01 00:09:02.628  1943  1943 W LCMANDR : SWR_OOB_HV_MF_009|FUN=ResourceMonitoringService::getCpuUsageStatistic|Moving MEM AVG :::::::::23.207497
01-01 00:09:02.630  1943  1943 W LCMANDR : SWR_OOB_HV_MF_009|FUN=ResourceMonitoringService::getCpuUsageStatistic|2|Total cpu usage :29.787233
01-01 00:09:02.630  1943  1943 I LCMANDR : SWR_OOB_HV_MF_009|FUN=ResourceMonitoringService::getCpuUsageStatistic|Cpu usage of core  0 is20.547945
01-01 00:09:02.630  1943  1943 I LCMANDR : SWR_OOB_HV_MF_009|FUN=ResourceMonitoringService::getCpuUsageStatistic|Cpu usage of core  1 is17.056856
01-01 00:09:02.630  1943  1943 I LCMANDR : SWR_OOB_HV_MF_009|FUN=ResourceMonitoringService::getCpuUsageStatistic|Cpu usage of core  2 is51.324505
01-01 00:09:02.630  1943  1943 I LCMANDR : ResourceMonitoringService::movingCpuAverage()
01-01 00:09:02.630  1943  1943 I LCMANDR : SWR_OOB_HV_MF_009|FUN=ResourceMonitoringService::movingCpuAverage|2|Moving window average of CPU 8.748533
01-01 00:09:02.630  1943  1943 I LCMANDR : SWR_OOB_HV_MF_009|FUN=ResourceMonitoringService::movingCpuAverage|2|Cpu moving average of core  0 is8.24807
01-01 00:09:02.630  1943  1943 I LCMANDR : SWR_OOB_HV_MF_009|FUN=ResourceMonitoringService::movingCpuAverage|2|Cpu moving average of core  1 is5.9905334
01-01 00:09:02.631  1943  1943 I LCMANDR : SWR_OOB_HV_MF_009|FUN=ResourceMonitoringService::movingCpuAverage|2|Cpu moving average of core  2 is11.936062
01-01 00:09:02.631  1943  1943 D LCMANDR : SWR_OOB_HV_MF_009|FUN=ResourceMonitoringService::movingCpuAverage|2|Exiting VAL = 8.748533
01-01 00:09:03.607   753   762 I sssv-lib: sendMsg enter
01-01 00:09:03.607   753   762 I sssv-lib: sendMsg complete.
01-01 00:09:04.201  1943  1943 D LCMANDR : SWR_OOB_HV_MF_009|FUN=LifeCycleManagerService::getDAIAppAlivenessStatus|Aliveness:: DAIAPP HB DIFF = 2 [ DaimlerAppHBCounter ] = 205[ DaimlerAppHBCounterOld ] = 203
01-01 00:09:04.201  1943  1943 I LCMANDR : SWR_OOB_HV_MF_009|FUN=LifeCycleManagerService::getDAIAppAlivenessStatus|Aliveness::ANDROID HB IS VALID... setting OLD VAL, and resetting Fail Counter
01-01 00:09:04.204  1943  1943 I LCMANDR : SWR_OOB_HV_MF_009|FUN=LifeCycleManagerService::getDAIPID|DAIMLER APP(com.daimler.rse.ntg6) PID is [ 1534 ]
01-01 00:09:04.204  1943  1943 I LCMANDR : SWR_OOB_HV_MF_009|FUN=LifeCycleManagerService::getDAIAPPStatus|Aliveness::SAME PID! DAIAPP is not restarted
01-01 00:09:04.204  1943  1943 W LCMANDR : SWR_OOB_HV_MF_009|FUN=LifeCycleManagerService::getDAIAppAlivenessStatus|Aliveness::Status to send id : ALIVE
01-01 00:09:04.204  1943  1943 D LCMANDR : SWR_OOB_HV_MF_005|FUN=LifeCycleManagerService::sendPacketToLnx|data = [B@e30b330
01-01 00:09:04.204  1943  1943 D LCMANDR : SWR_OOB_HV_MF_009|FUN=LifeCycleManagerService::postAppsStatusInfo|Setting AppPacket info
01-01 00:09:04.204  1943  1943 I LCMANDR : SWR_OOB_HV_MF_009|FUN=AlivenessMonitoring::getRunningApps| packet sent
01-01 00:09:04.205  1943  1975 D LCMANDR : SWR_OOB_HV_MF_010|FUN=LifeCycleManagerService::RseNodeStateManagement|SEND_IGC_CB
01-01 00:09:04.205  1943  1975 I LCMANDR : SWR_OOB_HV_MF_005|FUN=LifeCycleManagerService::igcsendData|Call hit in RSENodeStateManagement::igcsendData
01-01 00:09:04.205  1943  1975 I LCMANDR : SWR_OOB_HV_MF_005|FUN=LifeCycleManagerService::igcsendData|SEND DATA LEN is : 15
01-01 00:09:04.205  1943  1975 I LCMANDR : SWR_OOB_HV_MF_007|FUN=LifeCycleManagerService::sendPacketFromIntentService|Package to send : [ 65, 0, 0, 0, 9, 0, 2, 0, 1, 0, 5, 65, 65, 0, 0, ]
01-01 00:09:04.205  1943  1975 I IGC     :  IGC::sendData ==> [ 65, 0, 0, 0, 9, 0, 2, 0, 1, 0, 5, 65, 65, 0, 0,  ]
01-01 00:09:04.205  1943  1975 I IGC     :  Igc::sendData data size is :: 15
01-01 00:09:04.205  1943  1975 D         : Enqueue: sem count = 1
01-01 00:09:04.205  1943  1975 I LCMANDR : SWR_OOB_HV_MF_007|FUN=LifeCycleManagerService::sendPacketFromIntentService|Sending Data to Linux is successful( [65, 0, 0, 0, 9, 0, 2, 0, 1, 0, 5, 65, 65, 0, 0] )
01-01 00:09:04.205  1943  1975 I LCMANDR : SWR_OOB_HV_MF_005|FUN=LifeCycleManagerService::igcsendData| DATA SEND SUCCESSFULLY 
01-01 00:09:04.318  4511  4530 D UIAutomatorStub: URI: /jsonrpc/0, Method: POST, Header: {content-length=78, remote-addr=127.0.0.1, http-client-ip=127.0.0.1, host=localhost:9010, content-type=application/json, connection=close, accept-encoding=identity, user-agent=Python-urllib/2.7}, params, {NanoHttpd.QUERY_STRING=null}, files: {postData={"jsonrpc": "2.0", "method": "ping", "id": "41b118d4dacffa9540b71999fdba769e"}}
01-01 00:09:04.420  4511  4531 D UIAutomatorStub: URI: /jsonrpc/0, Method: POST, Header: {content-length=78, remote-addr=127.0.0.1, http-client-ip=127.0.0.1, host=localhost:9010, content-type=application/json, connection=close, accept-encoding=identity, user-agent=Python-urllib/2.7}, params, {NanoHttpd.QUERY_STRING=null}, files: {postData={"jsonrpc": "2.0", "method": "ping", "id": "3dbeb8f237da454c0cb186b865007922"}}
01-01 00:09:04.430  4511  4532 D UIAutomatorStub: URI: /jsonrpc/0, Method: POST, Header: {content-length=102, remote-addr=127.0.0.1, http-client-ip=127.0.0.1, host=localhost:9010, content-type=application/json, connection=close, accept-encoding=identity, user-agent=Python-urllib/2.7}, params, {NanoHttpd.QUERY_STRING=null}, files: {postData={"params": ["home"], "jsonrpc": "2.0", "method": "pressKey", "id": "0720f4482407dd09c003caf75821651b"}}
01-01 00:09:01.828   817   817 I wificond: Enters wifigbk_ageOutHistory
01-01 00:09:04.443  1384  1384 W StatusBar: animate_trace: animateCollapsePanels entry: flags=0: force=false
01-01 00:09:04.444  1137  1268 I ActivityManager: START u0 {act=android.intent.action.MAIN cat=[android.intent.category.HOME] flg=0x10200000 cmp=com.daimler.rse.ntg6/.StartUpActivity (has extras)} from uid 1000
01-01 00:09:04.447  1534  1534 V Activity: onDestroy md59d95dbab71941e137ef724fbceda5f0e.MainOverlayActivity@7d94de3
01-01 00:09:04.450  1534  1534 I TelephonyRse|HMI_Common.HMIBackend.Telephony.TelephonyBackend: MBUX App Method: UnSubscribeBtEvents |Line No: 51 |Log Type: Information |Message: UnSubscribing bluetooth events.
01-01 00:09:04.450  1137  1268 D ActivityTrigger: activityResumeTrigger: The activity in ApplicationInfo{1ca3a4e com.daimler.rse.ntg6} is now in focus and seems to be in full-screen mode
01-01 00:09:04.450  1137  1268 E ActivityTrigger: activityResumeTrigger: not whiteListedcom.daimler.rse.ntg6/com.daimler.rse.ntg6.StartUpActivity/5
01-01 00:09:04.451  1137  1268 D ActivityTrigger: ActivityTrigger activityPauseTrigger 
01-01 00:09:04.452  3823  3823 W HMI2-SETTINGS - CI08.4: className -> BaseActivity | functionName -> onPause | value -> onPause
01-01 00:09:04.452  3823  3823 V Activity: onPause com.panasonic.hmi2settings.activity.WifiActivity@56a6711
01-01 00:09:04.452  3823  3823 W HMI2-SETTINGS - CI08.4: className -> WifiActivity | functionName -> onPause | value -> entry : 
01-01 00:09:04.452  1137  1595 I WifiService: getWifiEnabledState uid=1000
01-01 00:09:04.453  1137  1268 D CompatibilityInfo: mCompatibilityFlags - 4
01-01 00:09:04.453  1137  1268 D CompatibilityInfo: applicationDensity - 240
01-01 00:09:04.453  1534  1534 I Connectivity|HMI_Common.Activities.MainOverlayActivity: MBUX App Method: DeRegisterEntertainmentSharingEvents |Line No: 487 |Log Type: Critical |Message: OnDestroy:  for MainOverlayActivity...UN-registering for EntertainmentBackendEvents!!
01-01 00:09:04.453  1137  1268 D CompatibilityInfo: applicationScale - 1.0
01-01 00:09:04.453  1137  1268 D ActivityTrigger: activityResumeTrigger: The activity in ApplicationInfo{1ca3a4e com.daimler.rse.ntg6} is now in focus and seems to be in full-screen mode
01-01 00:09:04.453  1137  1268 E ActivityTrigger: activityResumeTrigger: not whiteListedcom.daimler.rse.ntg6/com.daimler.rse.ntg6.StartUpActivity/5
01-01 00:09:04.454  1534  1534 I AudioManagement|HMI_Common.Activities.MainOverlayActivity: MBUX App Method: SubscribeEntertainmentSharingEvent |Line No: 31 |Log Type: Critical |Message: SetEntertainmentLister: False RegisterEntertainmentSharingEvents for ComponentInfo{com.daimler.rse.ntg6/md59d95dbab71941e137ef724fbceda5f0e.MainOverlayActivity}
01-01 00:09:04.455  1534  1534 I HomeScreen|HMI_Common.HMIBackend.CommonControlsBackend.BaseScreenBackend: MBUX App Method: IsAppKeepAliveSuccess |Line No: 775 |Log Type: Critical |Message: App Authentication Status : Checking keep alive status for : Player & status : True
