01-01 00:06:24.062  1137  2366 D mEnabledInputMethodsStrCache: com.android.inputmethods.latin/.LatinIME
01-01 00:06:24.062  1137  2366 D systemLanguageCode: en__GB
01-01 00:06:24.062  1137  2366 D mEnabledInputMethodsStrCache: com.android.inputmethods.latin/.LatinIME
01-01 00:06:24.063  1137  2366 D mEnabledInputMethodsStrCache: com.android.inputmethods.latin/.LatinIME
01-01 00:06:24.063  1137  2366 D systemLanguageCode: en__GB
01-01 00:06:24.063  1137  2366 D mEnabledInputMethodsStrCache: com.android.inputmethods.latin/.LatinIME
01-01 00:06:24.063  1371  1371 I LatinIME: SWR_HMISERVICE_SPELLER_MF_001||FUN=onStartInputViewInternal || 1 || Starting input. Cursor position = 0,0
01-01 00:06:24.085  4089  4168 D UIAutomatorStub: URI: /jsonrpc/0, Method: POST, Header: {content-length=170, remote-addr=127.0.0.1, http-client-ip=127.0.0.1, host=localhost:9010, content-type=application/json, connection=close, accept-encoding=identity, user-agent=Python-urllib/2.7}, params, {NanoHttpd.QUERY_STRING=null}, files: {postData={"params": [{"childOrSiblingSelector": [], "text": "OK", "mask": 1, "childOrSibling": []}], "jsonrpc": "2.0", "method": "click", "id": "33beef19780ec996a33269e0d011c71e"}}
01-01 00:06:24.086  1371  1371 D KeyboardState: onResetKeyboardStateToAlphabet: [keyboard=UNSHIFTED shift=RELEASING symbol=RELEASING switch=ALPHA] autoCapsFlags=none recapitalizeMode=undefined
01-01 00:06:24.086  1371  1371 D KeyboardState: resetKeyboardStateToAlphabet: [keyboard=UNSHIFTED shift=RELEASING symbol=RELEASING switch=ALPHA] autoCapsFlags=none recapitalizeMode=undefined
01-01 00:06:24.086  1371  1371 D KeyboardSwitcher: requestUpdatingShiftState:  autoCapsFlags=none recapitalizeMode=undefined
01-01 00:06:24.086  1371  1371 D KeyboardState: onUpdateShiftState: [keyboard=UNSHIFTED shift=RELEASING symbol=RELEASING switch=ALPHA] autoCapsFlags=none recapitalizeMode=undefined
01-01 00:06:24.086  1371  1371 D KeyboardState: setShifted: shiftMode=UNSHIFT [keyboard=UNSHIFTED shift=RELEASING symbol=RELEASING switch=ALPHA]
01-01 00:06:24.087  1137  1421 D mEnabledInputMethodsStrCache: com.android.inputmethods.latin/.LatinIME
01-01 00:06:24.087  1137  1421 D systemLanguageCode: en__GB
01-01 00:06:24.087  1137  1421 D mEnabledInputMethodsStrCache: com.android.inputmethods.latin/.LatinIME
01-01 00:06:24.088  1137  2366 D mEnabledInputMethodsStrCache: com.android.inputmethods.latin/.LatinIME
01-01 00:06:24.088  1137  2366 D systemLanguageCode: en__GB
01-01 00:06:24.088  1137  2366 D mEnabledInputMethodsStrCache: com.android.inputmethods.latin/.LatinIME
01-01 00:06:24.089  1371  1371 I NuanceUtil: Language text: en_GB, Language code: 5
01-01 00:06:24.089  1371  1371 I NuanceLog: Active Language: ET9LIDEnglish_UK
01-01 00:06:24.089  1371  1371 I NuanceLog: Active LDB: /system/etc/RSESpeller/configs/LDBs/v13.1.0/englishuk/ENubUNUK_xt9_ALM3.ldb
01-01 00:06:24.089  1371  1371 I LatinIME: Nuance API Initialized successfully
01-01 00:06:24.090  1371  1371 I LatinIME: Suggestion strip view visibility gone
01-01 00:06:24.091  1137  2366 D mEnabledInputMethodsStrCache: com.android.inputmethods.latin/.LatinIME
01-01 00:06:24.091  1137  2366 D systemLanguageCode: en__GB
01-01 00:06:24.091  1137  2366 D mEnabledInputMethodsStrCache: com.android.inputmethods.latin/.LatinIME
01-01 00:06:24.092  1137  2366 D mEnabledInputMethodsStrCache: com.android.inputmethods.latin/.LatinIME
01-01 00:06:24.092  1137  2366 D systemLanguageCode: en__GB
01-01 00:06:24.092  1137  2366 D mEnabledInputMethodsStrCache: com.android.inputmethods.latin/.LatinIME
01-01 00:06:24.486   753   762 I sssv-lib: sendMsg enter
01-01 00:06:24.487   753   762 I sssv-lib: sendMsg complete.
01-01 00:06:24.651  3823  3823 W HMI2-SETTINGS - CI08.4: className -> WifiActivity | functionName -> handlePassOkClick:  | value -> handlePassOkClick with ssid :RSE_Test enter callFromdialogButton
01-01 00:06:24.654  3823  3823 W HMI2-SETTINGS - CI08.4: className -> WifiActivity | functionName -> hideSoftKeyboard | value -> hideSoftInputFromWindow id=true
01-01 00:06:24.657  1371  1371 E LatinIME: hideWindow Called
01-01 00:06:24.661  1137  1421 I WifiService: getWifiEnabledState uid=1000
01-01 00:06:24.662  3823  3823 W HMI2-SETTINGS - CI08.4: className -> WifiActivity | functionName -> removePassEnterWindow : callFrom  | value -> connectToWifi_isPasswordValid
01-01 00:06:24.663  1943  3935 D LCMANDR : SWR_OOB_HV_MF_009|FUN=LifeCycleManagerService::LifeCycle_ReportCompStatus|GOT ALIVENESS SIGNAL FROM DAIAPP : [0]; HB Counter = [ 142 ]; STATUS INFO = [ 0 ]
01-01 00:06:24.664  1534  1980 I Connectivity_AIDL|AIDL_Handler.AIDL_Helpers.LcmHelper: MBUX App Method: KeepAliveTest |Line No: 408 |Log Type: Critical |Message: ChildThread:MBUX-App HB Count: 144, ResponseCode: 0
01-01 00:06:24.669  3823  3823 W HMI2-SETTINGS: SWR_BAIDU_HMI_0015|FUN=WifiActivity::finallyConnect|0|networkSSID::RSE_Test|NotOpen|isWapiConnect:false
01-01 00:06:24.670  1137  1421 I WifiService: addOrUpdateNetwork uid=1000
01-01 00:06:24.670  1137  1421 I addOrUpdateNetwork:  uid = 1000 SSID "RSE_Test" nid=-1
01-01 00:06:24.671  1137  1300 D WifiConfiguration: configKey: false
01-01 00:06:24.671  1137  1300 D WifiConfiguration: configKey: false
01-01 00:06:24.671  1137  1300 E WifiConfigManager: Cannot find network with networkId -1 or configKey "RSE_Test"WPA_PSK
01-01 00:06:24.672  1137  1300 D WifiConfiguration: configKey: false
01-01 00:06:24.672  1137  1300 E WifiConfigManager: Cannot find network with configKey "RSE_Test"WPA_PSK
01-01 00:06:24.673  1137  1300 D WifiConfiguration: configKey: false
01-01 00:06:24.676  1137  1300 D WifiConfiguration: configKey: false
01-01 00:06:24.678  4089  4169 D UIAutomatorStub: URI: /jsonrpc/0, Method: POST, Header: {content-length=274, remote-addr=127.0.0.1, http-client-ip=127.0.0.1, host=localhost:9010, content-type=application/json, connection=close, accept-encoding=identity, user-agent=Python-urllib/2.7}, params, {NanoHttpd.QUERY_STRING=null}, files: {postData={"params": [{"childOrSiblingSelector": [], "scrollable": true, "mask": 16384, "childOrSibling": []}, {"childOrSiblingSelector": [], "text": "RSE_Test", "mask": 1, "childOrSibling": []}, true], "jsonrpc": "2.0", "method": "scrollTo", "id": "dddc6917d1f2ed9ffdce211d15270c64"}}
01-01 00:06:24.682  1137  1366 D WindowManager: relayout packageName=com.android.inputmethods.latin::session=Session{5c6fcf1 1371:1000}::window=android.view.IWindow$Stub$Proxy@80c5b61::attrs.flags=800108
01-01 00:06:24.682  1137  1366 D WindowManager: relayout >>> FLAG_FULLSCREEN not set in WindowManager.LayoutParams
01-01 00:06:24.682  1137  1366 D WindowManager: startStatusReceiverServiceOnFlagSet: creating intent for action ACTION_ACTIVITY_FULLSCREEN
01-01 00:06:24.682  1137  1366 W ContextImpl: Calling a method in the system process without a qualified user: android.app.ContextImpl.startService:1476 com.android.server.wm.Session.startStatusReceiverServiceOnFlagSet:762 com.android.server.wm.Session.relayout:276 android.view.IWindowSession$Stub.onTransact:286 com.android.server.wm.Session.onTransact:166 
01-01 00:06:24.683  1137  1366 D CompatibilityInfo: mCompatibilityFlags - 4
01-01 00:06:24.684  1137  1366 D CompatibilityInfo: applicationDensity - 240
01-01 00:06:24.684  1137  1366 D CompatibilityInfo: applicationScale - 1.0
01-01 00:06:24.686  1137  1366 D WindowManager: startStatusReceiverServiceOnFlagSet: startService done
01-01 00:06:24.687  1384  1384 W SYSTEM_UI: SWR_SYSTEM_UI_007|FUN=CollapsedStatusBarFragment::getAction |1|Broadcast action --> STATUS_UPDATE_ACTION
01-01 00:06:24.688  1384  1384 W SYSTEM_UI: SWR_SYSTEM_UI_007|FUN=CollapsedStatusBarFragment::getIntExtra |1|NotifySystemUpdates dataType --> 101
01-01 00:06:24.688  1384  1384 W SYSTEM_UI - CI07.3: className -> CollapsedStatusBarFragment | functionName -> NotifySystemUpdates | onReceive -->  | value -> FULLSCREEN MODE CHANGED | isFullScreenStatus --> false | fullScreenPackage -->com.android.inputmethods.latin | fullscreenLastShownPackage -->null | topActivityPackage --> com.panasonic.hmi2settings
01-01 00:06:24.688  1384  1384 W SYSTEM_UI - CI07.3: className -> CollapsedStatusBarFragment | functionName -> NotifySystemUpdates | onReceive -->  | value -> Fullscreen mode changed --> path 0
01-01 00:06:24.708  1137  1300 D WifiConfigStore: Writing to stores completed in 32 ms.
01-01 00:06:24.709  1137  1300 D WifiConfiguration: configKey: false
01-01 00:06:24.709  3823  3823 W HMI2-SETTINGS: SWR_BAIDU_HMI_0015|FUN=WifiActivity::addNetwork|0|Getting network id with addNetwork method.
01-01 00:06:24.709  3823  3823 W HMI2-SETTINGS - CI08.4: className -> WifiActivity | functionName -> connectNewNetwork : | value ->  addNetwork success netId->2
01-01 00:06:24.710  1137  1593 I WifiService: enableNetwork uid=1000 disableOthers=true
01-01 00:06:24.710  1137  1300 D WifiStateMachine: connectToUserSelectNetwork netId 2, uid 1000, forceReconnect = false
01-01 00:06:24.712  1137  1300 D WifiConfiguration: configKey: false
01-01 00:06:24.713  1137  1300 I chatty  : uid=1000(system) WifiStateMachin identical 1 line
01-01 00:06:24.714  1137  1300 D WifiConfiguration: configKey: false
01-01 00:06:24.733  1137  1300 D WifiConfigStore: Writing to stores completed in 18 ms.
01-01 00:06:24.734  1137  1300 D WifiConfiguration: configKey: false
01-01 00:06:24.734  1137  1300 I chatty  : uid=1000(system) WifiStateMachin identical 1 line
01-01 00:06:24.734  1137  1300 D WifiConfiguration: configKey: false
01-01 00:06:24.735  1137  1300 D WifiStateMachine: CMD_START_CONNECT sup state DisconnectedState my state DisconnectedState nid=2 roam=false
01-01 00:06:24.735  3823  3823 W HMI2-SETTINGS - CI08.4: className -> WifiActivity | functionName -> connectNewNetwork :  | value -> enable success netId->2
01-01 00:06:24.735  1137  1421 I WifiService: getWifiServiceMessenger uid=1000
01-01 00:06:24.736  1137  1299 D WifiService: New client listening to asynchronous messages
01-01 00:06:24.737  3823  3823 W HMI2-SETTINGS: SWR_BAIDU_HMI_0015|SWR_BAIDU_HMI_0027|FUN=WifiActivity::connect|0|Connected to new network
01-01 00:06:24.737  3823  3823 W HMI2-SETTINGS - CI08.4: className -> WifiActivity | functionName -> finallyConnect : ssid-> | value -> "RSE_Test"|isClickedForConnection:false
01-01 00:06:24.737   817   817 W wificond: Scan is not started. Ignore abort request
01-01 00:06:24.740  1384  4171 W RingtonePlayer: STOP command without a player
01-01 00:06:24.743  1137  1299 D WifiService: CONNECT  nid=2 uid=1000 name=android.uid.system:1000
01-01 00:06:24.743  1137  1299 D WifiService: Connect with networkId 2
01-01 00:06:24.753  1384  1384 W SYSTEM_UI: SWR_BAIDU_HMI_0023|SWR_SYSTEM_UI_003|FUN=StatusBar::getActiveNotifications|1|Get active notifications from Android framework.
01-01 00:06:24.753  1384  1384 W SYSTEM_UI: SWR_SYSTEM_UI_004|FUN=StatusBar::getActiveNotifications|1|Get active notifications from Android framework.
01-01 00:06:24.753  1384  1384 D StatusBar: notification received at statusbar 2
01-01 00:06:24.769  1384  1384 D ScrimController: animate_trace: updateScrims entry
01-01 00:06:24.769  1384  1384 D ScrimController: animate_trace: setScrimBehindAlpha :hardcoding alpha=0.0 to 0
01-01 00:06:24.769  1384  1384 D ScrimController: animate_trace: setScrimInFrontAlpha :hardcoding alpha=0.0 to 0
01-01 00:06:24.772  1137  1300 D WifiConfiguration: configKey: false
01-01 00:06:24.772  1137  1300 D SupplicantStaIfaceHal: connectToNetwork "RSE_Test"WPA_PSK
01-01 00:06:24.773  1384  1384 W SYSTEM_UI - CI07.3: className -> NotificationUIService | functionName -> onStartCommand | value -> onStartCommand NotificationServiceListener
01-01 00:06:24.774  1384  1384 W SYSTEM_UI - CI07.3: className -> NotificationUIService | functionName -> onStartCommand | value -> onStartCommand NotificationServiceListenerACTION_NOTIFICATION_UPDATE
01-01 00:06:24.774  1384  1384 W SYSTEM_UI - CI07.3: className -> NotificationUIService | functionName -> onStartCommand | value -> ActionName --> ACTION_NOTIFICATION_UPDATE
01-01 00:06:24.774  1137  1300 I SupplicantStaIfaceHal: addSupplicantStaNetwork via HIDL
01-01 00:06:24.774  3107  3107 E wpa_supplicant: Registering network to hidl control: 0
01-01 00:06:24.802  1137  1300 D WifiConfiguration: configKey: false
01-01 00:06:24.807  3107  3107 E wpa_supplicant: Notifying state change event to hidl control: 3
01-01 00:06:24.811  1137  1300 D WifiStateMachine: processMessage:  connect success 
01-01 00:06:24.811  1137  1300 D WifiStateMachine: processMessage: connect over
01-01 00:06:24.811  1137  1300 D WifiConfiguration: configKey: false
01-01 00:06:24.811  1137  1300 D WifiStateMachine: connectToUserSelectNetwork netId 2, uid 1000, forceReconnect = false
01-01 00:06:24.813  1137  1300 D WifiConfiguration: configKey: false
01-01 00:06:24.813  1137  1300 I chatty  : uid=1000(system) WifiStateMachin identical 1 line
01-01 00:06:24.815  1137  1300 D WifiConfiguration: configKey: false
01-01 00:06:24.821  3823  3823 E HMI2-SETTINGS - CI08.4: className -> WifiActivity | functionName -> mWifiScanReceiver -> onReceive | error ->intent_action:android.net.wifi.CONFIGURED_NETWORKS_CHANGE
01-01 00:06:24.822  1137  1593 I WifiService: getWifiEnabledState uid=1000
01-01 00:06:24.827  1384  4172 W SYSTEM_UI - CI07.3: className -> NotificationUIService | functionName -> FilterTask | doInBackground | value -> doInBackground
01-01 00:06:24.827  1384  4172 W SYSTEM_UI - CI07.3: className -> NotificationUIService | functionName -> populateValidNotifications | value -> NOTIFICATION_INFO || packageName --> android | notificationTitle --> USB debugging connected | notificationText --> Tap to disable USB debugging. | postedTime --> 19984 | notificationId --> 26 | notificationFlag --> 2 | isClearable --> false | isOngoing --> true | notificationPriority --> 0 | notificationChannelImportance --> 2
01-01 00:06:24.828  3823  3823 W HMI2-SETTINGS: SWR_BAIDU_HMI_0020|FUN=WifiActivity::handleConnectedNetworkVisibility|0|getWifiStat::true
01-01 00:06:24.830  1137  1593 I WifiService: getConfiguredNetworks uid=1000
01-01 00:06:24.831  1384  4172 W SYSTEM_UI - CI07.3: className -> NotificationUIService | functionName -> populateValidNotifications | value -> Notification entry not valid. System notification.
01-01 00:06:24.831  1384  4172 W SYSTEM_UI - CI07.3: className -> NotificationUIService | functionName -> populateValidNotifications | value -> NOTIFICATION_INFO || packageName --> android | notificationTitle --> USB charging this device | notificationText --> Tap for more options. | postedTime --> 19982 | notificationId --> 32 | notificationFlag --> 2 | isClearable --> false | isOngoing --> true | notificationPriority --> 0 | notificationChannelImportance --> 1
01-01 00:06:24.833  1384  4172 W SYSTEM_UI - CI07.3: className -> NotificationUIService | functionName -> populateValidNotifications | value -> Notification entry not valid. System notification.
01-01 00:06:24.834  1384  4172 W SYSTEM_UI: SWR_SYSTEM_UI_003|FUN=NotificationUIService::notifyStatusLineNotifications|1|statusLineNotificationPackages size --> 0
01-01 00:06:24.834  1384  4172 W SYSTEM_UI - CI07.3: className -> NotificationUIService | functionName -> updateData | value -> passed
01-01 00:06:24.834  1384  4172 W SYSTEM_UI: SWR_BAIDU_HMI_0023 SWR_SYSTEM_UI_003 SWR_SYSTEM_UI_004|FUN=NotificationUIService::updateData|1|Received notifications from Android framework
01-01 00:06:24.834  1384  4172 W SYSTEM_UI - CI07.3: className -> NotificationUIService | functionName -> FilterTask | doInBackground | value -> updateData value --> []
01-01 00:06:24.835  1384  1384 W SYSTEM_UI: SWR_SYSTEM_UI_007|FUN=CollapsedStatusBarFragment::getAction |1|Broadcast action --> STATUS_UPDATE_ACTION
01-01 00:06:24.835  1384  1384 W SYSTEM_UI: SWR_SYSTEM_UI_007|FUN=CollapsedStatusBarFragment::getIntExtra |1|NotifySystemUpdates dataType --> 102
01-01 00:06:24.835  1384  1384 W SYSTEM_UI - CI07.3: className -> CollapsedStatusBarFragment | functionName -> NotifySystemUpdates | onReceive -->  | value -> DATATYPE_NOTIFICATION: 0
01-01 00:06:24.835  1384  1384 W SYSTEM_UI: SWR_SYSTEM_UI_003|FUN=CollapsedStatusBarFragment::NotifySystemUpdates | onREeceive|1|DATATYPE_NOTIFICATION: 0
01-01 00:06:24.836  1384  1384 W SYSTEM_UI - CI07.3: className -> NotificationUIService | functionName -> FilterTask | onPostExecute | value -> stateWindow --> -1
01-01 00:06:24.836  1384  1384 W SYSTEM_UI - CI07.3: className -> NotificationUIService | functionName -> showHeadsUpNotification | value -> headsup disabled
01-01 00:06:24.844  1137  1300 D WifiConfigStore: Writing to stores completed in 27 ms.
01-01 00:06:24.844  1137  1300 D WifiConfiguration: configKey: false
01-01 00:06:24.845  1137  1300 D WifiConfiguration: configKey: false
01-01 00:06:24.845  3823  3841 E HMI2-SETTINGS - CI08.4: className -> WifiActivity | functionName -> mConnectListener | error ->onSuccess
01-01 00:06:24.846  1137  1300 D WifiStateMachine: CMD_START_CONNECT sup state DisconnectedState my state DisconnectedState nid=2 roam=false
01-01 00:06:24.847   817   817 W wificond: Scan is not started. Ignore abort request
01-01 00:06:24.847  2158  2158 D HMI_SERVICE: USE_CASE_NA|FUN=HmiApplication| [action] android.net.wifi.STATE_CHANGE
01-01 00:06:24.848  1384  1384 W SYSTEM_UI: SWR_SYSTEM_UI_008|FUN=CollapsedStatusBarFragment::AndroidEventReceiver | getAction |1|Broadcast action:android.net.wifi.STATE_CHANGE received
01-01 00:06:24.848  1384  1384 W SYSTEM_UI - CI07.3: className -> CollapsedStatusBarFragment | functionName -> AndroidEventReceiver | onReceive -->  | value -> Wifi connection status--> false
01-01 00:06:24.848  1384  1384 W SYSTEM_UI: SWR_SYSTEM_UI_008|FUN=CollapsedStatusBarFragment::isConnected |1|Wifi connection status--> false
01-01 00:06:24.848  1384  1384 W SYSTEM_UI - CI07.3: className -> CollapsedStatusBarFragment | functionName -> updateHermsDataType | value -> Update Herms Data Type :: networkType --> 0
01-01 00:06:24.848  1384  1384 W SYSTEM_UI - CI07.3: className -> CollapsedStatusBarFragment | functionName -> updateHermsDataType | value -> Update Herms Data Type :: isWebsiteSecure --> false
01-01 00:06:24.848  1384  1384 W SYSTEM_UI - CI07.3: className -> CollapsedStatusBarFragment | functionName -> updateHermsDataType | value -> Update Herms Data Type :: connection status --> 1
01-01 00:06:24.848  1384  1384 W SYSTEM_UI - CI07.3: className -> CollapsedStatusBarFragment | functionName -> updateHermsDataType | value -> Update Herms Data Type :: data Transfer --> false
01-01 00:06:24.848  1384  1384 W SYSTEM_UI - CI07.3: className -> CollapsedStatusBarFragment | functionName -> updateHermsDataType | value -> Update Herms Data Type :: wifiConnectionStatus --> false
01-01 00:06:24.848  3823  3823 W HMI2-SETTINGS - CI08.4: className -> WifiActivity | functionName -> getSavedNetworkList | value -> config.netID ->2
01-01 00:06:24.848  1384  1384 W SYSTEM_UI - CI07.3: className -> CollapsedStatusBarFragment | functionName -> updateHermsDataType | value -> path 2
01-01 00:06:24.848  1384  1384 W SYSTEM_UI - CI07.3: className -> CollapsedStatusBarFragment | functionName -> updateHermsDataType | value -> path 3
01-01 00:06:24.848  3823  3823 W HMI2-SETTINGS - CI08.4: className -> WifiActivity | functionName -> getSavedNetworkList | value -> config.SSID ->"RSE_Test"
01-01 00:06:24.849  3823  3823 W HMI2-SETTINGS - CI08.4: className -> WifiActivity | functionName -> getSavedNetworkList | value -> config.BSSID ->null
01-01 00:06:24.849  1137  1300 D WifiConfiguration: configKey: false
01-01 00:06:24.849  3823  3823 W HMI2-SETTINGS: SWR_BAIDU_HMI_0027|SWR_BAIDU_HMI_0015|FUN=WifiActivity::getScanResults|1|Get list of available wifi hotspots.
01-01 00:06:24.849  1137  1300 D SupplicantStaIfaceHal: connectToNetwork "RSE_Test"WPA_PSK
01-01 00:06:24.849  1137  1300 D SupplicantStaIfaceHal: Network is already saved, will not trigger remove and add operation.
01-01 00:06:24.849  1521  1586 W QCNEJ   : |CORE| notifyWifiStatusChanged failed
01-01 00:06:24.849  1521  1586 W QCNEJ   : |CORE| notifyRatConnectionStatusChanged failed
01-01 00:06:24.851  1137  1300 D WifiStateMachine: processMessage:  connect success 
01-01 00:06:24.851  1137  1300 D WifiStateMachine: processMessage: connect over
01-01 00:06:24.851  1137  1300 D WifiConfiguration: configKey: false
01-01 00:06:24.856  3823  3823 W HMI2-SETTINGS - CI08.4: className -> WifiActivity | functionName -> isWapiVariantBlocked | value -> security_type:2
01-01 00:06:24.856  3823  3823 W HMI2-SETTINGS - CI08.4: className -> WifiActivity | functionName -> isInConnected | value -> |ACSIA_CORP2|0|2
01-01 00:06:24.856  3823  3823 W HMI2-SETTINGS - CI08.4: className -> WifiActivity | functionName -> isWapiVariantBlocked | value -> security_type:2
01-01 00:06:24.856  3823  3823 W HMI2-SETTINGS - CI08.4: className -> WifiActivity | functionName -> isInConnected | value -> | ACSIA_CORP3|0|2
01-01 00:06:24.856  3823  3823 W HMI2-SETTINGS - CI08.4: className -> WifiActivity | functionName -> isWapiVariantBlocked | value -> security_type:2
01-01 00:06:24.856  3823  3823 W HMI2-SETTINGS - CI08.4: className -> WifiActivity | functionName -> isInConnected | value -> |ACSIA_Management|0|2
01-01 00:06:24.856  3823  3823 W HMI2-SETTINGS - CI08.4: className -> WifiActivity | functionName -> isWapiVariantBlocked | value -> security_type:2
01-01 00:06:24.856  3823  3823 W HMI2-SETTINGS - CI08.4: className -> WifiActivity | functionName -> isInConnected | value -> |ACSIA_CORP1|0|2
01-01 00:06:24.856  3823  3823 W HMI2-SETTINGS - CI08.4: className -> WifiActivity | functionName -> isWapiVariantBlocked | value -> security_type:2
01-01 00:06:24.856  3823  3823 W HMI2-SETTINGS - CI08.4: className -> WifiActivity | functionName -> isInConnected | value -> |ACSIA_DEV|0|2
01-01 00:06:24.856  3823  3823 W HMI2-SETTINGS - CI08.4: className -> WifiActivity | functionName -> isWapiVariantBlocked | value -> security_type:2
01-01 00:06:24.856  3823  3823 W HMI2-SETTINGS - CI08.4: className -> WifiActivity | functionName -> isInConnected | value -> |ACSIA_GUEST1|0|2
01-01 00:06:24.856  3823  3823 W HMI2-SETTINGS - CI08.4: className -> WifiActivity | functionName -> isWapiVariantBlocked | value -> security_type:2
01-01 00:06:24.856  3823  3823 W HMI2-SETTINGS - CI08.4: className -> WifiActivity | functionName -> isInConnected | value -> |RSE_Test|0|2
01-01 00:06:24.856  3823  3823 W HMI2-SETTINGS - CI08.4: className -> WifiActivity | functionName -> isWapiVariantBlocked | value -> security_type:2
01-01 00:06:24.856  3823  3823 W HMI2-SETTINGS - CI08.4: className -> WifiActivity | functionName -> isInConnected | value -> |NETGEAR66-5G|0|2
01-01 00:06:24.856  3823  3823 W HMI2-SETTINGS - CI08.4: className -> WifiActivity | functionName -> isWapiVariantBlocked | value -> security_type:2
01-01 00:06:24.856  3823  3823 W HMI2-SETTINGS - CI08.4: className -> WifiActivity | functionName -> isInConnected | value -> |Secure|0|2
01-01 00:06:24.856  3823  3823 W HMI2-SETTINGS - CI08.4: className -> WifiActivity | functionName -> isWapiVariantBlocked | value -> security_type:2
01-01 00:06:24.856  3823  3823 W HMI2-SETTINGS - CI08.4: className -> WifiActivity | functionName -> isInConnected | value -> |ACSIA_DEV|0|2
01-01 00:06:24.856  3823  3823 W HMI2-SETTINGS - CI08.4: className -> WifiActivity | functionName -> isWapiVariantBlocked | value -> security_type:2
01-01 00:06:24.856  3823  3823 W HMI2-SETTINGS - CI08.4: className -> WifiActivity | functionName -> isInConnected | value -> |RSE_Test|0|2
01-01 00:06:24.856  3823  3823 W HMI2-SETTINGS - CI08.4: className -> WifiActivity | functionName -> isWapiVariantBlocked | value -> security_type:2
01-01 00:06:24.857  3823  3823 W HMI2-SETTINGS - CI08.4: className -> WifiActivity | functionName -> isInConnected | value -> |ACSIA_CORP2|0|2
01-01 00:06:24.857  3823  3823 W HMI2-SETTINGS - CI08.4: className -> WifiActivity | functionName -> isWapiVariantBlocked | value -> security_type:2
01-01 00:06:24.857  3823  3823 W HMI2-SETTINGS - CI08.4: className -> WifiActivity | functionName -> isInConnected | value -> |HUWIFI|0|2
01-01 00:06:24.857  3823  3823 W HMI2-SETTINGS - CI08.4: className -> WifiActivity | functionName -> isWapiVariantBlocked | value -> security_type:2
01-01 00:06:24.857  3823  3823 W HMI2-SETTINGS - CI08.4: className -> WifiActivity | functionName -> isInConnected | value -> |AUTOMATION_TEST|0|2
01-01 00:06:24.857  3823  3823 W HMI2-SETTINGS - CI08.4: className -> WifiActivity | functionName -> isWapiVariantBlocked | value -> security_type:2
01-01 00:06:24.857  3823  3823 W HMI2-SETTINGS - CI08.4: className -> WifiActivity | functionName -> isInConnected | value -> |ACSIA_CORP1|0|2
01-01 00:06:24.857  3823  3823 W HMI2-SETTINGS - CI08.4: className -> WifiActivity | functionName -> isWapiVariantBlocked | value -> security_type:2
01-01 00:06:24.857  3823  3823 W HMI2-SETTINGS - CI08.4: className -> WifiActivity | functionName -> isInConnected | value -> |ACSIA_GUEST1|0|2
01-01 00:06:24.857  3823  3823 W HMI2-SETTINGS - CI08.4: className -> WifiActivity | functionName -> isWapiVariantBlocked | value -> security_type:2
01-01 00:06:24.857  3823  3823 W HMI2-SETTINGS - CI08.4: className -> WifiActivity | functionName -> isInConnected | value -> |ACSIA_DEV|0|2
01-01 00:06:24.857  3823  3823 W HMI2-SETTINGS - CI08.4: className -> WifiActivity | functionName -> isWapiVariantBlocked | value -> security_type:2
01-01 00:06:24.857  3823  3823 W HMI2-SETTINGS - CI08.4: className -> WifiActivity | functionName -> isInConnected | value -> |RSE_Test|0|2
01-01 00:06:24.857  3823  3823 W HMI2-SETTINGS - CI08.4: className -> WifiActivity | functionName -> isWapiVariantBlocked | value -> security_type:2
01-01 00:06:24.857  3823  3823 W HMI2-SETTINGS - CI08.4: className -> WifiActivity | functionName -> isInConnected | value -> |ACSIA_CORP2|0|2
01-01 00:06:24.857  3823  3823 W HMI2-SETTINGS - CI08.4: className -> WifiActivity | functionName -> isWapiVariantBlocked | value -> security_type:2
01-01 00:06:24.857  3823  3823 W HMI2-SETTINGS - CI08.4: className -> WifiActivity | functionName -> isInConnected | value -> | ACSIA_CORP3|0|2
01-01 00:06:24.857  3823  3823 W HMI2-SETTINGS - CI08.4: className -> WifiActivity | functionName -> isWapiVariantBlocked | value -> security_type:2
01-01 00:06:24.857  3823  3823 W HMI2-SETTINGS - CI08.4: className -> WifiActivity | functionName -> isInConnected | value -> |ACSIA_Management|0|2
01-01 00:06:24.857  3823  3823 W HMI2-SETTINGS - CI08.4: className -> WifiActivity | functionName -> isWapiVariantBlocked | value -> security_type:4
01-01 00:06:24.857  3823  3823 W HMI2-SETTINGS - CI08.4: className -> WifiActivity | functionName -> isWapiVariantBlocked | value -> security_type:0
01-01 00:06:24.857  3823  3823 W HMI2-SETTINGS - CI08.4: className -> WifiActivity | functionName -> isInConnected | value -> |HP-Print-DB-LaserJet Pro MFP|0|0
01-01 00:06:24.857  3823  3823 W HMI2-SETTINGS - CI08.4: className -> WifiActivity | functionName -> handleAllAvailNetwork | value -> savedNetwork ->1
01-01 00:06:24.857  3823  3823 W HMI2-SETTINGS - CI08.4: className -> WifiActivity | functionName -> handleAllAvailNetwork | value -> presentVisibleNetwork ->22
01-01 00:06:24.860  2158  2158 D HMI_SERVICE: USE_CASE_NA|FUN=HmiApplication| [action] android.net.wifi.supplicant.STATE_CHANGE
01-01 00:06:24.861  1137  1593 I WifiService: getConfiguredNetworks uid=1000
01-01 00:06:24.863  3823  3823 W HMI2-SETTINGS - CI08.4: className -> WifiActivity | functionName -> getConfig: success-> | value -> "RSE_Test"
01-01 00:06:24.863  3823  3823 W HMI2-SETTINGS - CI08.4: className -> WifiActivity | functionName -> getConnectSummary | value -> getConnectSummaryID: 2 SSID: "RSE_Test" PROVIDER-NAME: null BSSID: null FQDN: null PRIO: 0 HIDDEN: false
01-01 00:06:24.863  3823  3823 W HMI2-SETTINGS - CI08.4:  NetworkSelectionStatus NETWORK_SELECTION_ENABLED
01-01 00:06:24.863  3823  3823 W HMI2-SETTINGS - CI08.4:  hasEverConnected: false
01-01 00:06:24.863  3823  3823 W HMI2-SETTINGS - CI08.4:  KeyMgmt: WPA_PSK Protocols: WPA RSN
01-01 00:06:24.863  3823  3823 W HMI2-SETTINGS - CI08.4:  AuthAlgorithms: OPEN
01-01 00:06:24.863  3823  3823 W HMI2-SETTINGS - CI08.4:  PairwiseCiphers: TKIP CCMP
01-01 00:06:24.863  3823  3823 W HMI2-SETTINGS - CI08.4:  GroupCiphers: TKIP CCMP
01-01 00:06:24.863  3823  3823 W HMI2-SETTINGS - CI08.4:  PSK: *
01-01 00:06:24.863  3823  3823 W HMI2-SETTINGS - CI08.4: 
01-01 00:06:24.863  3823  3823 W HMI2-SETTINGS - CI08.4:  sim_num 
01-01 00:06:24.863  3823  3823 W HMI2-SETTINGS - CI08.4: Enterprise config:
01-01 00:06:24.863  3823  3823 W HMI2-SETTINGS - CI08.4: IP config:
01-01 00:06:24.863  3823  3823 W HMI2-SETTINGS - CI08.4: IP assignment: DHCP
01-01 00:06:24.863  3823  3823 W HMI2-SETTINGS - CI08.4: Proxy settings: NONE
01-01 00:06:24.863  3823  3823 W HMI2-SETTINGS - CI08.4:  cuid=1000 cname=android.uid.system:1000 luid=1000 lname=android.uid.system:1000 lcuid=1000 userApproved=USER_UNSPECIFIED noInternetAccessExpected=false roamingFailureBlackListTimeMilli: 1000
01-01 00:06:24.863  3823  3823 W HMI2-SETTINGS - CI08.4: recentFailure: Association Rejection code: 0
01-01 00:06:24.863  3823  3823 W HMI2-SETTINGS - CI08.4: ShareThisAp: false
01-01 00:06:24.863  3823  3823 W HMI2-SETTINGS - CI08.4: className -> WifiActivity | functionName -> getConnectSummary : | value ->  Saved
01-01 00:06:24.863  3823  3823 E HMI2-SETTINGS - CI08.4: className -> WifiActivity | functionName -> mWifiScanReceiver -> onReceive | error ->intent_action:android.net.wifi.CONFIGURED_NETWORKS_CHANGE
01-01 00:06:24.863  1137  1593 I WifiService: getWifiEnabledState uid=1000
01-01 00:06:24.869  3823  3823 W HMI2-SETTINGS: SWR_BAIDU_HMI_0020|FUN=WifiActivity::handleConnectedNetworkVisibility|0|getWifiStat::true
01-01 00:06:24.870  1137  1593 I WifiService: getConfiguredNetworks uid=1000
01-01 00:06:24.871  3823  3823 W HMI2-SETTINGS - CI08.4: className -> WifiActivity | functionName -> getSavedNetworkList | value -> config.netID ->2
01-01 00:06:24.872  3823  3823 W HMI2-SETTINGS - CI08.4: className -> WifiActivity | functionName -> getSavedNetworkList | value -> config.SSID ->"RSE_Test"
01-01 00:06:24.872  3823  3823 W HMI2-SETTINGS - CI08.4: className -> WifiActivity | functionName -> getSavedNetworkList | value -> config.BSSID ->null
01-01 00:06:24.872  3823  3823 W HMI2-SETTINGS: SWR_BAIDU_HMI_0027|SWR_BAIDU_HMI_0015|FUN=WifiActivity::getScanResults|1|Get list of available wifi hotspots.
01-01 00:06:24.877  3823  3823 W HMI2-SETTINGS - CI08.4: className -> WifiActivity | functionName -> isWapiVariantBlocked | value -> security_type:2
01-01 00:06:24.877  3823  3823 W HMI2-SETTINGS - CI08.4: className -> WifiActivity | functionName -> isInConnected | value -> |ACSIA_CORP2|0|2
01-01 00:06:24.877  3823  3823 W HMI2-SETTINGS - CI08.4: className -> WifiActivity | functionName -> isWapiVariantBlocked | value -> security_type:2
01-01 00:06:24.877  3823  3823 W HMI2-SETTINGS - CI08.4: className -> WifiActivity | functionName -> isInConnected | value -> | ACSIA_CORP3|0|2
01-01 00:06:24.877  3823  3823 W HMI2-SETTINGS - CI08.4: className -> WifiActivity | functionName -> isWapiVariantBlocked | value -> security_type:2
01-01 00:06:24.877  3823  3823 W HMI2-SETTINGS - CI08.4: className -> WifiActivity | functionName -> isInConnected | value -> |ACSIA_Management|0|2
01-01 00:06:24.877  3823  3823 W HMI2-SETTINGS - CI08.4: className -> WifiActivity | functionName -> isWapiVariantBlocked | value -> security_type:2
01-01 00:06:24.877  3823  3823 W HMI2-SETTINGS - CI08.4: className -> WifiActivity | functionName -> isInConnected | value -> |ACSIA_CORP1|0|2
01-01 00:06:24.877  3823  3823 W HMI2-SETTINGS - CI08.4: className -> WifiActivity | functionName -> isWapiVariantBlocked | value -> security_type:2
01-01 00:06:24.877  3823  3823 W HMI2-SETTINGS - CI08.4: className -> WifiActivity | functionName -> isInConnected | value -> |ACSIA_DEV|0|2
01-01 00:06:24.877  3823  3823 W HMI2-SETTINGS - CI08.4: className -> WifiActivity | functionName -> isWapiVariantBlocked | value -> security_type:2
01-01 00:06:24.877  3823  3823 W HMI2-SETTINGS - CI08.4: className -> WifiActivity | functionName -> isInConnected | value -> |ACSIA_GUEST1|0|2
01-01 00:06:24.877  3823  3823 W HMI2-SETTINGS - CI08.4: className -> WifiActivity | functionName -> isWapiVariantBlocked | value -> security_type:2
01-01 00:06:24.877  3823  3823 W HMI2-SETTINGS - CI08.4: className -> WifiActivity | functionName -> isInConnected | value -> |RSE_Test|0|2
01-01 00:06:24.877  3823  3823 W HMI2-SETTINGS - CI08.4: className -> WifiActivity | functionName -> isWapiVariantBlocked | value -> security_type:2
01-01 00:06:24.877  3823  3823 W HMI2-SETTINGS - CI08.4: className -> WifiActivity | functionName -> isInConnected | value -> |NETGEAR66-5G|0|2
01-01 00:06:24.877  3823  3823 W HMI2-SETTINGS - CI08.4: className -> WifiActivity | functionName -> isWapiVariantBlocked | value -> security_type:2
01-01 00:06:24.877  3823  3823 W HMI2-SETTINGS - CI08.4: className -> WifiActivity | functionName -> isInConnected | value -> |Secure|0|2
01-01 00:06:24.877  3823  3823 W HMI2-SETTINGS - CI08.4: className -> WifiActivity | functionName -> isWapiVariantBlocked | value -> security_type:2
01-01 00:06:24.877  3823  3823 W HMI2-SETTINGS - CI08.4: className -> WifiActivity | functionName -> isInConnected | value -> |ACSIA_DEV|0|2
01-01 00:06:24.877  3823  3823 W HMI2-SETTINGS - CI08.4: className -> WifiActivity | functionName -> isWapiVariantBlocked | value -> security_type:2
01-01 00:06:24.877  3823  3823 W HMI2-SETTINGS - CI08.4: className -> WifiActivity | functionName -> isInConnected | value -> |RSE_Test|0|2
01-01 00:06:24.877  3823  3823 W HMI2-SETTINGS - CI08.4: className -> WifiActivity | functionName -> isWapiVariantBlocked | value -> security_type:2
01-01 00:06:24.877  3823  3823 W HMI2-SETTINGS - CI08.4: className -> WifiActivity | functionName -> isInConnected | value -> |ACSIA_CORP2|0|2
01-01 00:06:24.877  3823  3823 W HMI2-SETTINGS - CI08.4: className -> WifiActivity | functionName -> isWapiVariantBlocked | value -> security_type:2
01-01 00:06:24.877  3823  3823 W HMI2-SETTINGS - CI08.4: className -> WifiActivity | functionName -> isInConnected | value -> |HUWIFI|0|2
01-01 00:06:24.878  3823  3823 W HMI2-SETTINGS - CI08.4: className -> WifiActivity | functionName -> isWapiVariantBlocked | value -> security_type:2
01-01 00:06:24.878  3823  3823 W HMI2-SETTINGS - CI08.4: className -> WifiActivity | functionName -> isInConnected | value -> |AUTOMATION_TEST|0|2
01-01 00:06:24.878  3823  3823 W HMI2-SETTINGS - CI08.4: className -> WifiActivity | functionName -> isWapiVariantBlocked | value -> security_type:2
01-01 00:06:24.878  3823  3823 W HMI2-SETTINGS - CI08.4: className -> WifiActivity | functionName -> isInConnected | value -> |ACSIA_CORP1|0|2
01-01 00:06:24.878  3823  3823 W HMI2-SETTINGS - CI08.4: className -> WifiActivity | functionName -> isWapiVariantBlocked | value -> security_type:2
01-01 00:06:24.878  3823  3823 W HMI2-SETTINGS - CI08.4: className -> WifiActivity | functionName -> isInConnected | value -> |ACSIA_GUEST1|0|2
01-01 00:06:24.878  3823  3823 W HMI2-SETTINGS - CI08.4: className -> WifiActivity | functionName -> isWapiVariantBlocked | value -> security_type:2
01-01 00:06:24.878  3823  3823 W HMI2-SETTINGS - CI08.4: className -> WifiActivity | functionName -> isInConnected | value -> |ACSIA_DEV|0|2
01-01 00:06:24.878  3823  3823 W HMI2-SETTINGS - CI08.4: className -> WifiActivity | functionName -> isWapiVariantBlocked | value -> security_type:2
01-01 00:06:24.878  3823  3823 W HMI2-SETTINGS - CI08.4: className -> WifiActivity | functionName -> isInConnected | value -> |RSE_Test|0|2
01-01 00:06:24.878  3823  3823 W HMI2-SETTINGS - CI08.4: className -> WifiActivity | functionName -> isWapiVariantBlocked | value -> security_type:2
01-01 00:06:24.878  3823  3823 W HMI2-SETTINGS - CI08.4: className -> WifiActivity | functionName -> isInConnected | value -> |ACSIA_CORP2|0|2
01-01 00:06:24.878  3823  3823 W HMI2-SETTINGS - CI08.4: className -> WifiActivity | functionName -> isWapiVariantBlocked | value -> security_type:2
01-01 00:06:24.878  3823  3823 W HMI2-SETTINGS - CI08.4: className -> WifiActivity | functionName -> isInConnected | value -> | ACSIA_CORP3|0|2
01-01 00:06:24.878  3823  3823 W HMI2-SETTINGS - CI08.4: className -> WifiActivity | functionName -> isWapiVariantBlocked | value -> security_type:2
01-01 00:06:24.878  3823  3823 W HMI2-SETTINGS - CI08.4: className -> WifiActivity | functionName -> isInConnected | value -> |ACSIA_Management|0|2
01-01 00:06:24.878  3823  3823 W HMI2-SETTINGS - CI08.4: className -> WifiActivity | functionName -> isWapiVariantBlocked | value -> security_type:4
01-01 00:06:24.878  3823  3823 W HMI2-SETTINGS - CI08.4: className -> WifiActivity | functionName -> isWapiVariantBlocked | value -> security_type:0
01-01 00:06:24.878  3823  3823 W HMI2-SETTINGS - CI08.4: className -> WifiActivity | functionName -> isInConnected | value -> |HP-Print-DB-LaserJet Pro MFP|0|0
01-01 00:06:24.878  3823  3823 W HMI2-SETTINGS - CI08.4: className -> WifiActivity | functionName -> handleAllAvailNetwork | value -> savedNetwork ->1
01-01 00:06:24.878  3823  3823 W HMI2-SETTINGS - CI08.4: className -> WifiActivity | functionName -> handleAllAvailNetwork | value -> presentVisibleNetwork ->22
01-01 00:06:24.879  3823  3828 I zygote64: Do partial code cache collection, code=251KB, data=152KB
01-01 00:06:24.879  3823  3828 I zygote64: After code cache collection, code=250KB, data=152KB
01-01 00:06:24.879  3823  3828 I zygote64: Increasing code cache capacity to 1024KB
01-01 00:06:24.880  1137  1593 I WifiService: getConfiguredNetworks uid=1000
01-01 00:06:24.882  3823  3823 W HMI2-SETTINGS - CI08.4: className -> WifiActivity | functionName -> getConfig: success-> | value -> "RSE_Test"
01-01 00:06:24.883  3823  3823 W HMI2-SETTINGS - CI08.4: className -> WifiActivity | functionName -> getConnectSummary | value -> getConnectSummaryID: 2 SSID: "RSE_Test" PROVIDER-NAME: null BSSID: null FQDN: null PRIO: 0 HIDDEN: false
01-01 00:06:24.883  3823  3823 W HMI2-SETTINGS - CI08.4:  NetworkSelectionStatus NETWORK_SELECTION_ENABLED
01-01 00:06:24.883  3823  3823 W HMI2-SETTINGS - CI08.4:  hasEverConnected: false
01-01 00:06:24.883  3823  3823 W HMI2-SETTINGS - CI08.4:  KeyMgmt: WPA_PSK Protocols: WPA RSN
01-01 00:06:24.883  3823  3823 W HMI2-SETTINGS - CI08.4:  AuthAlgorithms: OPEN
01-01 00:06:24.883  3823  3823 W HMI2-SETTINGS - CI08.4:  PairwiseCiphers: TKIP CCMP
01-01 00:06:24.883  3823  3823 W HMI2-SETTINGS - CI08.4:  GroupCiphers: TKIP CCMP
01-01 00:06:24.883  3823  3823 W HMI2-SETTINGS - CI08.4:  PSK: *
01-01 00:06:24.883  3823  3823 W HMI2-SETTINGS - CI08.4: 
01-01 00:06:24.883  3823  3823 W HMI2-SETTINGS - CI08.4:  sim_num 
01-01 00:06:24.883  3823  3823 W HMI2-SETTINGS - CI08.4: Enterprise config:
01-01 00:06:24.883  3823  3823 W HMI2-SETTINGS - CI08.4: IP config:
01-01 00:06:24.883  3823  3823 W HMI2-SETTINGS - CI08.4: IP assignment: DHCP
01-01 00:06:24.883  3823  3823 W HMI2-SETTINGS - CI08.4: Proxy settings: NONE
01-01 00:06:24.883  3823  3823 W HMI2-SETTINGS - CI08.4:  cuid=1000 cname=android.uid.system:1000 luid=1000 lname=android.uid.system:1000 lcuid=1000 userApproved=USER_UNSPECIFIED noInternetAccessExpected=false roamingFailureBlackListTimeMilli: 1000
01-01 00:06:24.883  3823  3823 W HMI2-SETTINGS - CI08.4: recentFailure: Association Rejection code: 0
01-01 00:06:24.883  3823  3823 W HMI2-SETTINGS - CI08.4: ShareThisAp: false
01-01 00:06:24.883  3823  3823 W HMI2-SETTINGS - CI08.4: className -> WifiActivity | functionName -> getConnectSummary : | value ->  Saved
01-01 00:06:24.883  3823  3823 E HMI2-SETTINGS - CI08.4: className -> WifiActivity | functionName -> mWifiScanReceiver -> onReceive | error ->intent_action:android.net.wifi.CONFIGURED_NETWORKS_CHANGE
01-01 00:06:24.884  1137  1421 I WifiService: getWifiEnabledState uid=1000
01-01 00:06:24.886  3823  3823 W HMI2-SETTINGS: SWR_BAIDU_HMI_0020|FUN=WifiActivity::handleConnectedNetworkVisibility|0|getWifiStat::true
01-01 00:06:24.887  1137  1593 I WifiService: getConfiguredNetworks uid=1000
01-01 00:06:24.888  3823  3823 W HMI2-SETTINGS - CI08.4: className -> WifiActivity | functionName -> getSavedNetworkList | value -> config.netID ->2
01-01 00:06:24.888  3823  3823 W HMI2-SETTINGS - CI08.4: className -> WifiActivity | functionName -> getSavedNetworkList | value -> config.SSID ->"RSE_Test"
01-01 00:06:24.888  3823  3823 W HMI2-SETTINGS - CI08.4: className -> WifiActivity | functionName -> getSavedNetworkList | value -> config.BSSID ->null
01-01 00:06:24.889  3823  3823 W HMI2-SETTINGS: SWR_BAIDU_HMI_0027|SWR_BAIDU_HMI_0015|FUN=WifiActivity::getScanResults|1|Get list of available wifi hotspots.
01-01 00:06:24.901  3823  3823 W HMI2-SETTINGS - CI08.4: className -> WifiActivity | functionName -> isWapiVariantBlocked | value -> security_type:2
01-01 00:06:24.901  3823  3823 W HMI2-SETTINGS - CI08.4: className -> WifiActivity | functionName -> isInConnected | value -> |ACSIA_CORP2|0|2
01-01 00:06:24.901  3823  3823 W HMI2-SETTINGS - CI08.4: className -> WifiActivity | functionName -> isWapiVariantBlocked | value -> security_type:2
01-01 00:06:24.901  3823  3823 W HMI2-SETTINGS - CI08.4: className -> WifiActivity | functionName -> isInConnected | value -> | ACSIA_CORP3|0|2
01-01 00:06:24.901  3823  3823 W HMI2-SETTINGS - CI08.4: className -> WifiActivity | functionName -> isWapiVariantBlocked | value -> security_type:2
01-01 00:06:24.901  3823  3823 W HMI2-SETTINGS - CI08.4: className -> WifiActivity | functionName -> isInConnected | value -> |ACSIA_Management|0|2
01-01 00:06:24.901  3823  3823 W HMI2-SETTINGS - CI08.4: className -> WifiActivity | functionName -> isWapiVariantBlocked | value -> security_type:2
01-01 00:06:24.901  3823  3823 W HMI2-SETTINGS - CI08.4: className -> WifiActivity | functionName -> isInConnected | value -> |ACSIA_CORP1|0|2
01-01 00:06:24.901  3823  3823 W HMI2-SETTINGS - CI08.4: className -> WifiActivity | functionName -> isWapiVariantBlocked | value -> security_type:2
01-01 00:06:24.901  3823  3823 W HMI2-SETTINGS - CI08.4: className -> WifiActivity | functionName -> isInConnected | value -> |ACSIA_DEV|0|2
01-01 00:06:24.901  3823  3823 W HMI2-SETTINGS - CI08.4: className -> WifiActivity | functionName -> isWapiVariantBlocked | value -> security_type:2
01-01 00:06:24.901  3823  3823 W HMI2-SETTINGS - CI08.4: className -> WifiActivity | functionName -> isInConnected | value -> |ACSIA_GUEST1|0|2
01-01 00:06:24.901  3823  3823 W HMI2-SETTINGS - CI08.4: className -> WifiActivity | functionName -> isWapiVariantBlocked | value -> security_type:2
01-01 00:06:24.901  3823  3823 W HMI2-SETTINGS - CI08.4: className -> WifiActivity | functionName -> isInConnected | value -> |RSE_Test|0|2
01-01 00:06:24.901  3823  3823 W HMI2-SETTINGS - CI08.4: className -> WifiActivity | functionName -> isWapiVariantBlocked | value -> security_type:2
01-01 00:06:24.901  3823  3823 W HMI2-SETTINGS - CI08.4: className -> WifiActivity | functionName -> isInConnected | value -> |NETGEAR66-5G|0|2
01-01 00:06:24.901  3823  3823 W HMI2-SETTINGS - CI08.4: className -> WifiActivity | functionName -> isWapiVariantBlocked | value -> security_type:2
01-01 00:06:24.901  3823  3823 W HMI2-SETTINGS - CI08.4: className -> WifiActivity | functionName -> isInConnected | value -> |Secure|0|2
01-01 00:06:24.901  3823  3823 W HMI2-SETTINGS - CI08.4: className -> WifiActivity | functionName -> isWapiVariantBlocked | value -> security_type:2
01-01 00:06:24.901  3823  3823 W HMI2-SETTINGS - CI08.4: className -> WifiActivity | functionName -> isInConnected | value -> |ACSIA_DEV|0|2
01-01 00:06:24.901  3823  3823 W HMI2-SETTINGS - CI08.4: className -> WifiActivity | functionName -> isWapiVariantBlocked | value -> security_type:2
01-01 00:06:24.901  3823  3823 W HMI2-SETTINGS - CI08.4: className -> WifiActivity | functionName -> isInConnected | value -> |RSE_Test|0|2
01-01 00:06:24.901  3823  3823 W HMI2-SETTINGS - CI08.4: className -> WifiActivity | functionName -> isWapiVariantBlocked | value -> security_type:2
01-01 00:06:24.901  3823  3823 W HMI2-SETTINGS - CI08.4: className -> WifiActivity | functionName -> isInConnected | value -> |ACSIA_CORP2|0|2
01-01 00:06:24.901  3823  3823 W HMI2-SETTINGS - CI08.4: className -> WifiActivity | functionName -> isWapiVariantBlocked | value -> security_type:2
01-01 00:06:24.901  3823  3823 W HMI2-SETTINGS - CI08.4: className -> WifiActivity | functionName -> isInConnected | value -> |HUWIFI|0|2
01-01 00:06:24.901  3823  3823 W HMI2-SETTINGS - CI08.4: className -> WifiActivity | functionName -> isWapiVariantBlocked | value -> security_type:2
01-01 00:06:24.901  3823  3823 W HMI2-SETTINGS - CI08.4: className -> WifiActivity | functionName -> isInConnected | value -> |AUTOMATION_TEST|0|2
01-01 00:06:24.901  3823  3823 W HMI2-SETTINGS - CI08.4: className -> WifiActivity | functionName -> isWapiVariantBlocked | value -> security_type:2
01-01 00:06:24.901  3823  3823 W HMI2-SETTINGS - CI08.4: className -> WifiActivity | functionName -> isInConnected | value -> |ACSIA_CORP1|0|2
01-01 00:06:24.901  3823  3823 W HMI2-SETTINGS - CI08.4: className -> WifiActivity | functionName -> isWapiVariantBlocked | value -> security_type:2
01-01 00:06:24.901  3823  3823 W HMI2-SETTINGS - CI08.4: className -> WifiActivity | functionName -> isInConnected | value -> |ACSIA_GUEST1|0|2
01-01 00:06:24.902  3823  3823 W HMI2-SETTINGS - CI08.4: className -> WifiActivity | functionName -> isWapiVariantBlocked | value -> security_type:2
01-01 00:06:24.902  3823  3823 W HMI2-SETTINGS - CI08.4: className -> WifiActivity | functionName -> isInConnected | value -> |ACSIA_DEV|0|2
01-01 00:06:24.902  3823  3823 W HMI2-SETTINGS - CI08.4: className -> WifiActivity | functionName -> isWapiVariantBlocked | value -> security_type:2
01-01 00:06:24.902  3823  3823 W HMI2-SETTINGS - CI08.4: className -> WifiActivity | functionName -> isInConnected | value -> |RSE_Test|0|2
01-01 00:06:24.902  3823  3823 W HMI2-SETTINGS - CI08.4: className -> WifiActivity | functionName -> isWapiVariantBlocked | value -> security_type:2
01-01 00:06:24.902  3823  3823 W HMI2-SETTINGS - CI08.4: className -> WifiActivity | functionName -> isInConnected | value -> |ACSIA_CORP2|0|2
01-01 00:06:24.902  3823  3823 W HMI2-SETTINGS - CI08.4: className -> WifiActivity | functionName -> isWapiVariantBlocked | value -> security_type:2
01-01 00:06:24.902  3823  3823 W HMI2-SETTINGS - CI08.4: className -> WifiActivity | functionName -> isInConnected | value -> | ACSIA_CORP3|0|2
01-01 00:06:24.902  3823  3823 W HMI2-SETTINGS - CI08.4: className -> WifiActivity | functionName -> isWapiVariantBlocked | value -> security_type:2
01-01 00:06:24.902  3823  3823 W HMI2-SETTINGS - CI08.4: className -> WifiActivity | functionName -> isInConnected | value -> |ACSIA_Management|0|2
01-01 00:06:24.902  3823  3823 W HMI2-SETTINGS - CI08.4: className -> WifiActivity | functionName -> isWapiVariantBlocked | value -> security_type:4
01-01 00:06:24.902  3823  3823 W HMI2-SETTINGS - CI08.4: className -> WifiActivity | functionName -> isWapiVariantBlocked | value -> security_type:0
01-01 00:06:24.902  3823  3823 W HMI2-SETTINGS - CI08.4: className -> WifiActivity | functionName -> isInConnected | value -> |HP-Print-DB-LaserJet Pro MFP|0|0
01-01 00:06:24.902  3823  3823 W HMI2-SETTINGS - CI08.4: className -> WifiActivity | functionName -> handleAllAvailNetwork | value -> savedNetwork ->1
01-01 00:06:24.902  3823  3823 W HMI2-SETTINGS - CI08.4: className -> WifiActivity | functionName -> handleAllAvailNetwork | value -> presentVisibleNetwork ->22
01-01 00:06:24.903  1137  1593 I WifiService: getConfiguredNetworks uid=1000
01-01 00:06:24.904  3823  3823 W HMI2-SETTINGS - CI08.4: className -> WifiActivity | functionName -> getConfig: success-> | value -> "RSE_Test"
01-01 00:06:24.905  3823  3823 W HMI2-SETTINGS - CI08.4: className -> WifiActivity | functionName -> getConnectSummary | value -> getConnectSummaryID: 2 SSID: "RSE_Test" PROVIDER-NAME: null BSSID: null FQDN: null PRIO: 0 HIDDEN: false
01-01 00:06:24.905  3823  3823 W HMI2-SETTINGS - CI08.4:  NetworkSelectionStatus NETWORK_SELECTION_ENABLED
01-01 00:06:24.905  3823  3823 W HMI2-SETTINGS - CI08.4:  hasEverConnected: false
01-01 00:06:24.905  3823  3823 W HMI2-SETTINGS - CI08.4:  KeyMgmt: WPA_PSK Protocols: WPA RSN
01-01 00:06:24.905  3823  3823 W HMI2-SETTINGS - CI08.4:  AuthAlgorithms: OPEN
01-01 00:06:24.905  3823  3823 W HMI2-SETTINGS - CI08.4:  PairwiseCiphers: TKIP CCMP
01-01 00:06:24.905  3823  3823 W HMI2-SETTINGS - CI08.4:  GroupCiphers: TKIP CCMP
01-01 00:06:24.905  3823  3823 W HMI2-SETTINGS - CI08.4:  PSK: *
01-01 00:06:24.905  3823  3823 W HMI2-SETTINGS - CI08.4: 
01-01 00:06:24.905  3823  3823 W HMI2-SETTINGS - CI08.4:  sim_num 
01-01 00:06:24.905  3823  3823 W HMI2-SETTINGS - CI08.4: Enterprise config:
01-01 00:06:24.905  3823  3823 W HMI2-SETTINGS - CI08.4: IP config:
01-01 00:06:24.905  3823  3823 W HMI2-SETTINGS - CI08.4: IP assignment: DHCP
01-01 00:06:24.905  3823  3823 W HMI2-SETTINGS - CI08.4: Proxy settings: NONE
01-01 00:06:24.905  3823  3823 W HMI2-SETTINGS - CI08.4:  cuid=1000 cname=android.uid.system:1000 luid=1000 lname=android.uid.system:1000 lcuid=1000 userApproved=USER_UNSPECIFIED noInternetAccessExpected=false roamingFailureBlackListTimeMilli: 1000
01-01 00:06:24.905  3823  3823 W HMI2-SETTINGS - CI08.4: recentFailure: Association Rejection code: 0
01-01 00:06:24.905  3823  3823 W HMI2-SETTINGS - CI08.4: ShareThisAp: false
01-01 00:06:24.905  3823  3823 W HMI2-SETTINGS - CI08.4: className -> WifiActivity | functionName -> getConnectSummary : | value ->  Saved
01-01 00:06:24.908  3823  3823 E HMI2-SETTINGS - CI08.4: className -> WifiActivity | functionName -> mWifiScanReceiver -> onReceive | error ->intent_action:android.net.wifi.STATE_CHANGE
